HEAP DUMP BEGIN (4494 objects, 616328 bytes) Tue Jul 24 12:22:59 2018
ROOT 0 (kind=<thread>, id=200000, trace=300000)
ROOT 500003a5 (kind=<thread>, id=200003, trace=300000)
ROOT 500003a5 (kind=<thread block>, thread=200003)
ROOT 500003a5 (kind=<JNI local ref>, thread=200000, frame=0)
ROOT 500003a6 (kind=<thread>, id=200004, trace=300000)
ROOT 500003a6 (kind=<thread block>, thread=200004)
ROOT 500003a8 (kind=<thread>, id=200005, trace=300000)
ROOT 500003a8 (kind=<thread block>, thread=200005)
ROOT 500003a9 (kind=<thread>, id=200006, trace=300000)
ROOT 500003a9 (kind=<thread block>, thread=200006)
ROOT 500003aa (kind=<Java stack>, thread=200000, frame=1)
ROOT 500003ad (kind=<Java stack>, thread=200000, frame=1)
ROOT 500003aa (kind=<Java stack>, thread=200000, frame=2)
ROOT 500003a9 (kind=<Java stack>, thread=200000, frame=3)
ROOT 500003ae (kind=<Java stack>, thread=200000, frame=3)
ROOT 500003af (kind=<thread>, id=200007, trace=300000)
ROOT 500003af (kind=<thread block>, thread=200007)
ROOT 500003b0 (kind=<Java stack>, thread=200000, frame=1)
ROOT 500003b0 (kind=<Java stack>, thread=200000, frame=2)
ROOT 500003af (kind=<Java stack>, thread=200000, frame=3)
ROOT 500003b1 (kind=<thread>, id=200008, trace=300000)
ROOT 500003b1 (kind=<thread block>, thread=200008)
ROOT 500003a2 (kind=<Java stack>, thread=200000, frame=1)
ROOT 5000039e (kind=<Java stack>, thread=200000, frame=2)
ROOT 500003b2 (kind=<Java stack>, thread=200000, frame=3)
ROOT 500003b3 (kind=<Java stack>, thread=200000, frame=5)
ROOT 5000016e (kind=<JNI global ref>, id=1, trace=300000)
ROOT 50000001 (kind=<JNI global ref>, id=2, trace=300000)
ROOT 50000172 (kind=<JNI global ref>, id=3, trace=300000)
ROOT 50000002 (kind=<JNI global ref>, id=4, trace=300000)
ROOT 50000003 (kind=<JNI global ref>, id=5, trace=300000)
ROOT 5000000f (kind=<JNI global ref>, id=6, trace=300000)
ROOT 50000004 (kind=<JNI global ref>, id=7, trace=300000)
ROOT 50000005 (kind=<JNI global ref>, id=8, trace=300000)
ROOT 500000da (kind=<JNI global ref>, id=9, trace=300000)
ROOT 50000006 (kind=<JNI global ref>, id=a, trace=300000)
ROOT 50000007 (kind=<JNI global ref>, id=b, trace=300000)
ROOT 50000008 (kind=<JNI global ref>, id=c, trace=300000)
ROOT 50000009 (kind=<JNI global ref>, id=d, trace=300000)
ROOT 5000000a (kind=<JNI global ref>, id=e, trace=300000)
ROOT 5000000b (kind=<JNI global ref>, id=f, trace=300000)
ROOT 5000000c (kind=<JNI global ref>, id=10, trace=300000)
ROOT 5000000d (kind=<JNI global ref>, id=11, trace=300000)
ROOT 5000000e (kind=<JNI global ref>, id=12, trace=300000)
ROOT 50000010 (kind=<JNI global ref>, id=13, trace=300000)
ROOT 50000011 (kind=<JNI global ref>, id=14, trace=300000)
ROOT 50000012 (kind=<JNI global ref>, id=15, trace=300000)
ROOT 50000013 (kind=<JNI global ref>, id=16, trace=300000)
ROOT 50000014 (kind=<JNI global ref>, id=17, trace=300000)
ROOT 50000060 (kind=<JNI global ref>, id=18, trace=300000)
ROOT 50000015 (kind=<JNI global ref>, id=19, trace=300000)
ROOT 50000016 (kind=<JNI global ref>, id=1a, trace=300000)
ROOT 50000017 (kind=<JNI global ref>, id=1b, trace=300000)
ROOT 50000018 (kind=<JNI global ref>, id=1c, trace=300000)
ROOT 50000019 (kind=<JNI global ref>, id=1d, trace=300000)
ROOT 50000152 (kind=<JNI global ref>, id=1e, trace=300000)
ROOT 5000001a (kind=<JNI global ref>, id=1f, trace=300000)
ROOT 5000001b (kind=<JNI global ref>, id=20, trace=300000)
ROOT 5000002e (kind=<JNI global ref>, id=21, trace=300000)
ROOT 5000001c (kind=<JNI global ref>, id=22, trace=300000)
ROOT 5000001d (kind=<JNI global ref>, id=23, trace=300000)
ROOT 50000020 (kind=<JNI global ref>, id=24, trace=300000)
ROOT 5000001e (kind=<JNI global ref>, id=25, trace=300000)
ROOT 5000001f (kind=<JNI global ref>, id=26, trace=300000)
ROOT 50000021 (kind=<JNI global ref>, id=27, trace=300000)
ROOT 50000022 (kind=<JNI global ref>, id=28, trace=300000)
ROOT 50000023 (kind=<JNI global ref>, id=29, trace=300000)
ROOT 50000024 (kind=<JNI global ref>, id=2a, trace=300000)
ROOT 50000025 (kind=<JNI global ref>, id=2b, trace=300000)
ROOT 50000026 (kind=<JNI global ref>, id=2c, trace=300000)
ROOT 50000027 (kind=<JNI global ref>, id=2d, trace=300000)
ROOT 50000028 (kind=<JNI global ref>, id=2e, trace=300000)
ROOT 50000029 (kind=<JNI global ref>, id=2f, trace=300000)
ROOT 5000002a (kind=<JNI global ref>, id=30, trace=300000)
ROOT 5000002b (kind=<JNI global ref>, id=31, trace=300000)
ROOT 500000d7 (kind=<JNI global ref>, id=32, trace=300000)
ROOT 5000002c (kind=<JNI global ref>, id=33, trace=300000)
ROOT 5000002d (kind=<JNI global ref>, id=34, trace=300000)
ROOT 5000002f (kind=<JNI global ref>, id=35, trace=300000)
ROOT 50000030 (kind=<JNI global ref>, id=36, trace=300000)
ROOT 50000031 (kind=<JNI global ref>, id=37, trace=300000)
ROOT 50000033 (kind=<JNI global ref>, id=38, trace=300000)
ROOT 50000032 (kind=<JNI global ref>, id=39, trace=300000)
ROOT 50000034 (kind=<JNI global ref>, id=3a, trace=300000)
ROOT 50000035 (kind=<JNI global ref>, id=3b, trace=300000)
ROOT 50000036 (kind=<JNI global ref>, id=3c, trace=300000)
ROOT 50000112 (kind=<JNI global ref>, id=3d, trace=300000)
ROOT 50000037 (kind=<JNI global ref>, id=3e, trace=300000)
ROOT 50000038 (kind=<JNI global ref>, id=3f, trace=300000)
ROOT 50000039 (kind=<JNI global ref>, id=40, trace=300000)
ROOT 5000003a (kind=<JNI global ref>, id=41, trace=300000)
ROOT 5000003e (kind=<JNI global ref>, id=42, trace=300000)
ROOT 5000003b (kind=<JNI global ref>, id=43, trace=300000)
ROOT 5000003c (kind=<JNI global ref>, id=44, trace=300000)
ROOT 5000003d (kind=<JNI global ref>, id=45, trace=300000)
ROOT 5000003f (kind=<JNI global ref>, id=46, trace=300000)
ROOT 50000040 (kind=<JNI global ref>, id=47, trace=300000)
ROOT 50000041 (kind=<JNI global ref>, id=48, trace=300000)
ROOT 50000042 (kind=<JNI global ref>, id=49, trace=300000)
ROOT 50000043 (kind=<JNI global ref>, id=4a, trace=300000)
ROOT 50000044 (kind=<JNI global ref>, id=4b, trace=300000)
ROOT 50000045 (kind=<JNI global ref>, id=4c, trace=300000)
ROOT 50000046 (kind=<JNI global ref>, id=4d, trace=300000)
ROOT 50000047 (kind=<JNI global ref>, id=4e, trace=300000)
ROOT 50000048 (kind=<JNI global ref>, id=4f, trace=300000)
ROOT 50000049 (kind=<JNI global ref>, id=50, trace=300000)
ROOT 5000004a (kind=<JNI global ref>, id=51, trace=300000)
ROOT 5000004b (kind=<JNI global ref>, id=52, trace=300000)
ROOT 50000151 (kind=<JNI global ref>, id=53, trace=300000)
ROOT 5000004c (kind=<JNI global ref>, id=54, trace=300000)
ROOT 5000004d (kind=<JNI global ref>, id=55, trace=300000)
ROOT 5000004e (kind=<JNI global ref>, id=56, trace=300000)
ROOT 5000004f (kind=<JNI global ref>, id=57, trace=300000)
ROOT 50000050 (kind=<JNI global ref>, id=58, trace=300000)
ROOT 50000051 (kind=<JNI global ref>, id=59, trace=300000)
ROOT 50000052 (kind=<JNI global ref>, id=5a, trace=300000)
ROOT 50000162 (kind=<JNI global ref>, id=5b, trace=300000)
ROOT 50000053 (kind=<JNI global ref>, id=5c, trace=300000)
ROOT 50000054 (kind=<JNI global ref>, id=5d, trace=300000)
ROOT 50000055 (kind=<JNI global ref>, id=5e, trace=300000)
ROOT 50000056 (kind=<JNI global ref>, id=5f, trace=300000)
ROOT 50000057 (kind=<JNI global ref>, id=60, trace=300000)
ROOT 50000058 (kind=<JNI global ref>, id=61, trace=300000)
ROOT 50000059 (kind=<JNI global ref>, id=62, trace=300000)
ROOT 5000005a (kind=<JNI global ref>, id=63, trace=300000)
ROOT 5000005b (kind=<JNI global ref>, id=64, trace=300000)
ROOT 5000005c (kind=<JNI global ref>, id=65, trace=300000)
ROOT 5000005d (kind=<JNI global ref>, id=66, trace=300000)
ROOT 5000005e (kind=<JNI global ref>, id=67, trace=300000)
ROOT 5000005f (kind=<JNI global ref>, id=68, trace=300000)
ROOT 500000c4 (kind=<JNI global ref>, id=69, trace=300000)
ROOT 50000061 (kind=<JNI global ref>, id=6a, trace=300000)
ROOT 50000062 (kind=<JNI global ref>, id=6b, trace=300000)
ROOT 50000063 (kind=<JNI global ref>, id=6c, trace=300000)
ROOT 50000064 (kind=<JNI global ref>, id=6d, trace=300000)
ROOT 50000065 (kind=<JNI global ref>, id=6e, trace=300000)
ROOT 50000066 (kind=<JNI global ref>, id=6f, trace=300000)
ROOT 50000067 (kind=<JNI global ref>, id=70, trace=300000)
ROOT 50000068 (kind=<JNI global ref>, id=71, trace=300000)
ROOT 50000069 (kind=<JNI global ref>, id=72, trace=300000)
ROOT 5000006a (kind=<JNI global ref>, id=73, trace=300000)
ROOT 500000c6 (kind=<JNI global ref>, id=74, trace=300000)
ROOT 5000006b (kind=<JNI global ref>, id=75, trace=300000)
ROOT 5000006c (kind=<JNI global ref>, id=76, trace=300000)
ROOT 5000006d (kind=<JNI global ref>, id=77, trace=300000)
ROOT 5000006e (kind=<JNI global ref>, id=78, trace=300000)
ROOT 5000006f (kind=<JNI global ref>, id=79, trace=300000)
ROOT 50000091 (kind=<JNI global ref>, id=7a, trace=300000)
ROOT 50000070 (kind=<JNI global ref>, id=7b, trace=300000)
ROOT 50000071 (kind=<JNI global ref>, id=7c, trace=300000)
ROOT 50000072 (kind=<JNI global ref>, id=7d, trace=300000)
ROOT 5000010f (kind=<JNI global ref>, id=7e, trace=300000)
ROOT 50000073 (kind=<JNI global ref>, id=7f, trace=300000)
ROOT 50000074 (kind=<JNI global ref>, id=80, trace=300000)
ROOT 50000075 (kind=<JNI global ref>, id=81, trace=300000)
ROOT 50000076 (kind=<JNI global ref>, id=82, trace=300000)
ROOT 50000077 (kind=<JNI global ref>, id=83, trace=300000)
ROOT 50000078 (kind=<JNI global ref>, id=84, trace=300000)
ROOT 50000079 (kind=<JNI global ref>, id=85, trace=300000)
ROOT 5000007a (kind=<JNI global ref>, id=86, trace=300000)
ROOT 5000007b (kind=<JNI global ref>, id=87, trace=300000)
ROOT 50000138 (kind=<JNI global ref>, id=88, trace=300000)
ROOT 5000007c (kind=<JNI global ref>, id=89, trace=300000)
ROOT 5000007d (kind=<JNI global ref>, id=8a, trace=300000)
ROOT 5000007e (kind=<JNI global ref>, id=8b, trace=300000)
ROOT 5000007f (kind=<JNI global ref>, id=8c, trace=300000)
ROOT 50000080 (kind=<JNI global ref>, id=8d, trace=300000)
ROOT 50000081 (kind=<JNI global ref>, id=8e, trace=300000)
ROOT 50000082 (kind=<JNI global ref>, id=8f, trace=300000)
ROOT 5000008e (kind=<JNI global ref>, id=90, trace=300000)
ROOT 50000083 (kind=<JNI global ref>, id=91, trace=300000)
ROOT 50000084 (kind=<JNI global ref>, id=92, trace=300000)
ROOT 50000085 (kind=<JNI global ref>, id=93, trace=300000)
ROOT 50000086 (kind=<JNI global ref>, id=94, trace=300000)
ROOT 50000087 (kind=<JNI global ref>, id=95, trace=300000)
ROOT 5000008a (kind=<JNI global ref>, id=96, trace=300000)
ROOT 50000088 (kind=<JNI global ref>, id=97, trace=300000)
ROOT 50000089 (kind=<JNI global ref>, id=98, trace=300000)
ROOT 5000008b (kind=<JNI global ref>, id=99, trace=300000)
ROOT 5000008c (kind=<JNI global ref>, id=9a, trace=300000)
ROOT 5000008d (kind=<JNI global ref>, id=9b, trace=300000)
ROOT 5000008f (kind=<JNI global ref>, id=9c, trace=300000)
ROOT 50000090 (kind=<JNI global ref>, id=9d, trace=300000)
ROOT 50000092 (kind=<JNI global ref>, id=9e, trace=300000)
ROOT 50000094 (kind=<JNI global ref>, id=9f, trace=300000)
ROOT 50000093 (kind=<JNI global ref>, id=a0, trace=300000)
ROOT 500000ae (kind=<JNI global ref>, id=a1, trace=300000)
ROOT 50000095 (kind=<JNI global ref>, id=a2, trace=300000)
ROOT 50000096 (kind=<JNI global ref>, id=a3, trace=300000)
ROOT 50000097 (kind=<JNI global ref>, id=a4, trace=300000)
ROOT 50000098 (kind=<JNI global ref>, id=a5, trace=300000)
ROOT 50000099 (kind=<JNI global ref>, id=a6, trace=300000)
ROOT 5000009a (kind=<JNI global ref>, id=a7, trace=300000)
ROOT 5000009b (kind=<JNI global ref>, id=a8, trace=300000)
ROOT 5000009c (kind=<JNI global ref>, id=a9, trace=300000)
ROOT 5000009d (kind=<JNI global ref>, id=aa, trace=300000)
ROOT 5000009e (kind=<JNI global ref>, id=ab, trace=300000)
ROOT 5000009f (kind=<JNI global ref>, id=ac, trace=300000)
ROOT 500000a0 (kind=<JNI global ref>, id=ad, trace=300000)
ROOT 500000a1 (kind=<JNI global ref>, id=ae, trace=300000)
ROOT 500000a2 (kind=<JNI global ref>, id=af, trace=300000)
ROOT 500000a3 (kind=<JNI global ref>, id=b0, trace=300000)
ROOT 500000a4 (kind=<JNI global ref>, id=b1, trace=300000)
ROOT 500000a5 (kind=<JNI global ref>, id=b2, trace=300000)
ROOT 500000a6 (kind=<JNI global ref>, id=b3, trace=300000)
ROOT 500000a7 (kind=<JNI global ref>, id=b4, trace=300000)
ROOT 500000a8 (kind=<JNI global ref>, id=b5, trace=300000)
ROOT 500000a9 (kind=<JNI global ref>, id=b6, trace=300000)
ROOT 500000aa (kind=<JNI global ref>, id=b7, trace=300000)
ROOT 500000ab (kind=<JNI global ref>, id=b8, trace=300000)
ROOT 500000ac (kind=<JNI global ref>, id=b9, trace=300000)
ROOT 5000011d (kind=<JNI global ref>, id=ba, trace=300000)
ROOT 500000ad (kind=<JNI global ref>, id=bb, trace=300000)
ROOT 500000af (kind=<JNI global ref>, id=bc, trace=300000)
ROOT 500000b0 (kind=<JNI global ref>, id=bd, trace=300000)
ROOT 500000b1 (kind=<JNI global ref>, id=be, trace=300000)
ROOT 500000b2 (kind=<JNI global ref>, id=bf, trace=300000)
ROOT 500000b3 (kind=<JNI global ref>, id=c0, trace=300000)
ROOT 500000b4 (kind=<JNI global ref>, id=c1, trace=300000)
ROOT 500000b5 (kind=<JNI global ref>, id=c2, trace=300000)
ROOT 500000b6 (kind=<JNI global ref>, id=c3, trace=300000)
ROOT 500000b7 (kind=<JNI global ref>, id=c4, trace=300000)
ROOT 500000b8 (kind=<JNI global ref>, id=c5, trace=300000)
ROOT 500000b9 (kind=<JNI global ref>, id=c6, trace=300000)
ROOT 500000ba (kind=<JNI global ref>, id=c7, trace=300000)
ROOT 500000bb (kind=<JNI global ref>, id=c8, trace=300000)
ROOT 500000bc (kind=<JNI global ref>, id=c9, trace=300000)
ROOT 500000bd (kind=<JNI global ref>, id=ca, trace=300000)
ROOT 5000014a (kind=<JNI global ref>, id=cb, trace=300000)
ROOT 500000be (kind=<JNI global ref>, id=cc, trace=300000)
ROOT 500000bf (kind=<JNI global ref>, id=cd, trace=300000)
ROOT 500000c0 (kind=<JNI global ref>, id=ce, trace=300000)
ROOT 500000c1 (kind=<JNI global ref>, id=cf, trace=300000)
ROOT 500000c2 (kind=<JNI global ref>, id=d0, trace=300000)
ROOT 500000c3 (kind=<JNI global ref>, id=d1, trace=300000)
ROOT 500000c5 (kind=<JNI global ref>, id=d2, trace=300000)
ROOT 500000c7 (kind=<JNI global ref>, id=d3, trace=300000)
ROOT 500000c8 (kind=<JNI global ref>, id=d4, trace=300000)
ROOT 500000c9 (kind=<JNI global ref>, id=d5, trace=300000)
ROOT 500000ca (kind=<JNI global ref>, id=d6, trace=300000)
ROOT 500000cb (kind=<JNI global ref>, id=d7, trace=300000)
ROOT 5000015b (kind=<JNI global ref>, id=d8, trace=300000)
ROOT 500000cc (kind=<JNI global ref>, id=d9, trace=300000)
ROOT 500000cd (kind=<JNI global ref>, id=da, trace=300000)
ROOT 500000ce (kind=<JNI global ref>, id=db, trace=300000)
ROOT 500000cf (kind=<JNI global ref>, id=dc, trace=300000)
ROOT 500000d0 (kind=<JNI global ref>, id=dd, trace=300000)
ROOT 500000d1 (kind=<JNI global ref>, id=de, trace=300000)
ROOT 500000d2 (kind=<JNI global ref>, id=df, trace=300000)
ROOT 5000014c (kind=<JNI global ref>, id=e0, trace=300000)
ROOT 500000d3 (kind=<JNI global ref>, id=e1, trace=300000)
ROOT 500000d4 (kind=<JNI global ref>, id=e2, trace=300000)
ROOT 500000d5 (kind=<JNI global ref>, id=e3, trace=300000)
ROOT 500000d6 (kind=<JNI global ref>, id=e4, trace=300000)
ROOT 500000d8 (kind=<JNI global ref>, id=e5, trace=300000)
ROOT 500000e4 (kind=<JNI global ref>, id=e6, trace=300000)
ROOT 500000d9 (kind=<JNI global ref>, id=e7, trace=300000)
ROOT 500000e5 (kind=<JNI global ref>, id=e8, trace=300000)
ROOT 500000db (kind=<JNI global ref>, id=e9, trace=300000)
ROOT 500000dc (kind=<JNI global ref>, id=ea, trace=300000)
ROOT 500000dd (kind=<JNI global ref>, id=eb, trace=300000)
ROOT 500000de (kind=<JNI global ref>, id=ec, trace=300000)
ROOT 50000163 (kind=<JNI global ref>, id=ed, trace=300000)
ROOT 500000df (kind=<JNI global ref>, id=ee, trace=300000)
ROOT 500000e0 (kind=<JNI global ref>, id=ef, trace=300000)
ROOT 500000e1 (kind=<JNI global ref>, id=f0, trace=300000)
ROOT 500000e2 (kind=<JNI global ref>, id=f1, trace=300000)
ROOT 500000e3 (kind=<JNI global ref>, id=f2, trace=300000)
ROOT 500000e6 (kind=<JNI global ref>, id=f3, trace=300000)
ROOT 500000e7 (kind=<JNI global ref>, id=f4, trace=300000)
ROOT 500000e8 (kind=<JNI global ref>, id=f5, trace=300000)
ROOT 500000e9 (kind=<JNI global ref>, id=f6, trace=300000)
ROOT 500000ea (kind=<JNI global ref>, id=f7, trace=300000)
ROOT 500000eb (kind=<JNI global ref>, id=f8, trace=300000)
ROOT 500000ec (kind=<JNI global ref>, id=f9, trace=300000)
ROOT 500000ed (kind=<JNI global ref>, id=fa, trace=300000)
ROOT 500000ee (kind=<JNI global ref>, id=fb, trace=300000)
ROOT 500000f1 (kind=<JNI global ref>, id=fc, trace=300000)
ROOT 500000ef (kind=<JNI global ref>, id=fd, trace=300000)
ROOT 500000f0 (kind=<JNI global ref>, id=fe, trace=300000)
ROOT 500000f2 (kind=<JNI global ref>, id=ff, trace=300000)
ROOT 500000f3 (kind=<JNI global ref>, id=100, trace=300000)
ROOT 500000f4 (kind=<JNI global ref>, id=101, trace=300000)
ROOT 500000f5 (kind=<JNI global ref>, id=102, trace=300000)
ROOT 500000f6 (kind=<JNI global ref>, id=103, trace=300000)
ROOT 500000f7 (kind=<JNI global ref>, id=104, trace=300000)
ROOT 500000f8 (kind=<JNI global ref>, id=105, trace=300000)
ROOT 500000f9 (kind=<JNI global ref>, id=106, trace=300000)
ROOT 500000fa (kind=<JNI global ref>, id=107, trace=300000)
ROOT 500000fb (kind=<JNI global ref>, id=108, trace=300000)
ROOT 500000fc (kind=<JNI global ref>, id=109, trace=300000)
ROOT 500000fd (kind=<JNI global ref>, id=10a, trace=300000)
ROOT 500000fe (kind=<JNI global ref>, id=10b, trace=300000)
ROOT 500000ff (kind=<JNI global ref>, id=10c, trace=300000)
ROOT 50000100 (kind=<JNI global ref>, id=10d, trace=300000)
ROOT 50000101 (kind=<JNI global ref>, id=10e, trace=300000)
ROOT 50000102 (kind=<JNI global ref>, id=10f, trace=300000)
ROOT 50000103 (kind=<JNI global ref>, id=110, trace=300000)
ROOT 50000104 (kind=<JNI global ref>, id=111, trace=300000)
ROOT 50000105 (kind=<JNI global ref>, id=112, trace=300000)
ROOT 50000106 (kind=<JNI global ref>, id=113, trace=300000)
ROOT 50000107 (kind=<JNI global ref>, id=114, trace=300000)
ROOT 50000108 (kind=<JNI global ref>, id=115, trace=300000)
ROOT 50000109 (kind=<JNI global ref>, id=116, trace=300000)
ROOT 5000010a (kind=<JNI global ref>, id=117, trace=300000)
ROOT 5000010b (kind=<JNI global ref>, id=118, trace=300000)
ROOT 5000010c (kind=<JNI global ref>, id=119, trace=300000)
ROOT 5000010d (kind=<JNI global ref>, id=11a, trace=300000)
ROOT 5000010e (kind=<JNI global ref>, id=11b, trace=300000)
ROOT 50000110 (kind=<JNI global ref>, id=11c, trace=300000)
ROOT 50000111 (kind=<JNI global ref>, id=11d, trace=300000)
ROOT 50000113 (kind=<JNI global ref>, id=11e, trace=300000)
ROOT 50000114 (kind=<JNI global ref>, id=11f, trace=300000)
ROOT 50000115 (kind=<JNI global ref>, id=120, trace=300000)
ROOT 5000011a (kind=<JNI global ref>, id=121, trace=300000)
ROOT 50000116 (kind=<JNI global ref>, id=122, trace=300000)
ROOT 50000117 (kind=<JNI global ref>, id=123, trace=300000)
ROOT 50000118 (kind=<JNI global ref>, id=124, trace=300000)
ROOT 50000119 (kind=<JNI global ref>, id=125, trace=300000)
ROOT 5000015e (kind=<JNI global ref>, id=126, trace=300000)
ROOT 5000011b (kind=<JNI global ref>, id=127, trace=300000)
ROOT 5000011c (kind=<JNI global ref>, id=128, trace=300000)
ROOT 5000011e (kind=<JNI global ref>, id=129, trace=300000)
ROOT 5000011f (kind=<JNI global ref>, id=12a, trace=300000)
ROOT 50000120 (kind=<JNI global ref>, id=12b, trace=300000)
ROOT 50000121 (kind=<JNI global ref>, id=12c, trace=300000)
ROOT 50000123 (kind=<JNI global ref>, id=12d, trace=300000)
ROOT 50000122 (kind=<JNI global ref>, id=12e, trace=300000)
ROOT 50000124 (kind=<JNI global ref>, id=12f, trace=300000)
ROOT 50000125 (kind=<JNI global ref>, id=130, trace=300000)
ROOT 50000128 (kind=<JNI global ref>, id=131, trace=300000)
ROOT 50000126 (kind=<JNI global ref>, id=132, trace=300000)
ROOT 50000127 (kind=<JNI global ref>, id=133, trace=300000)
ROOT 50000129 (kind=<JNI global ref>, id=134, trace=300000)
ROOT 5000012a (kind=<JNI global ref>, id=135, trace=300000)
ROOT 5000012b (kind=<JNI global ref>, id=136, trace=300000)
ROOT 5000012c (kind=<JNI global ref>, id=137, trace=300000)
ROOT 5000012d (kind=<JNI global ref>, id=138, trace=300000)
ROOT 5000012e (kind=<JNI global ref>, id=139, trace=300000)
ROOT 5000012f (kind=<JNI global ref>, id=13a, trace=300000)
ROOT 50000130 (kind=<JNI global ref>, id=13b, trace=300000)
ROOT 50000131 (kind=<JNI global ref>, id=13c, trace=300000)
ROOT 50000132 (kind=<JNI global ref>, id=13d, trace=300000)
ROOT 50000133 (kind=<JNI global ref>, id=13e, trace=300000)
ROOT 50000134 (kind=<JNI global ref>, id=13f, trace=300000)
ROOT 5000013c (kind=<JNI global ref>, id=140, trace=300000)
ROOT 50000135 (kind=<JNI global ref>, id=141, trace=300000)
ROOT 50000136 (kind=<JNI global ref>, id=142, trace=300000)
ROOT 50000137 (kind=<JNI global ref>, id=143, trace=300000)
ROOT 50000168 (kind=<JNI global ref>, id=144, trace=300000)
ROOT 50000139 (kind=<JNI global ref>, id=145, trace=300000)
ROOT 5000013a (kind=<JNI global ref>, id=146, trace=300000)
ROOT 5000013b (kind=<JNI global ref>, id=147, trace=300000)
ROOT 5000013d (kind=<JNI global ref>, id=148, trace=300000)
ROOT 5000013f (kind=<JNI global ref>, id=149, trace=300000)
ROOT 5000013e (kind=<JNI global ref>, id=14a, trace=300000)
ROOT 50000143 (kind=<JNI global ref>, id=14b, trace=300000)
ROOT 50000140 (kind=<JNI global ref>, id=14c, trace=300000)
ROOT 50000141 (kind=<JNI global ref>, id=14d, trace=300000)
ROOT 50000142 (kind=<JNI global ref>, id=14e, trace=300000)
ROOT 50000144 (kind=<JNI global ref>, id=14f, trace=300000)
ROOT 50000145 (kind=<JNI global ref>, id=150, trace=300000)
ROOT 50000146 (kind=<JNI global ref>, id=151, trace=300000)
ROOT 50000147 (kind=<JNI global ref>, id=152, trace=300000)
ROOT 50000148 (kind=<JNI global ref>, id=153, trace=300000)
ROOT 50000149 (kind=<JNI global ref>, id=154, trace=300000)
ROOT 5000014b (kind=<JNI global ref>, id=155, trace=300000)
ROOT 5000014d (kind=<JNI global ref>, id=156, trace=300000)
ROOT 50000150 (kind=<JNI global ref>, id=157, trace=300000)
ROOT 5000014e (kind=<JNI global ref>, id=158, trace=300000)
ROOT 5000014f (kind=<JNI global ref>, id=159, trace=300000)
ROOT 50000153 (kind=<JNI global ref>, id=15a, trace=300000)
ROOT 50000154 (kind=<JNI global ref>, id=15b, trace=300000)
ROOT 50000155 (kind=<JNI global ref>, id=15c, trace=300000)
ROOT 50000157 (kind=<JNI global ref>, id=15d, trace=300000)
ROOT 50000156 (kind=<JNI global ref>, id=15e, trace=300000)
ROOT 50000165 (kind=<JNI global ref>, id=15f, trace=300000)
ROOT 50000158 (kind=<JNI global ref>, id=160, trace=300000)
ROOT 50000159 (kind=<JNI global ref>, id=161, trace=300000)
ROOT 5000015a (kind=<JNI global ref>, id=162, trace=300000)
ROOT 5000015c (kind=<JNI global ref>, id=163, trace=300000)
ROOT 5000015d (kind=<JNI global ref>, id=164, trace=300000)
ROOT 5000015f (kind=<JNI global ref>, id=165, trace=300000)
ROOT 50000160 (kind=<JNI global ref>, id=166, trace=300000)
ROOT 50000161 (kind=<JNI global ref>, id=167, trace=300000)
ROOT 50000166 (kind=<JNI global ref>, id=168, trace=300000)
ROOT 50000164 (kind=<JNI global ref>, id=169, trace=300000)
ROOT 50000167 (kind=<JNI global ref>, id=16a, trace=300000)
ROOT 50000169 (kind=<JNI global ref>, id=16b, trace=300000)
ROOT 5000016a (kind=<JNI global ref>, id=16c, trace=300000)
ROOT 5000016b (kind=<JNI global ref>, id=16d, trace=300000)
ROOT 5000016c (kind=<JNI global ref>, id=16e, trace=300000)
ROOT 5000016d (kind=<JNI global ref>, id=16f, trace=300000)
ROOT 5000016e (kind=<JNI global ref>, id=170, trace=300000)
ROOT 5000016f (kind=<JNI global ref>, id=171, trace=300000)
ROOT 50000170 (kind=<JNI global ref>, id=172, trace=300000)
ROOT 50000171 (kind=<JNI global ref>, id=173, trace=300000)
ROOT 50000173 (kind=<JNI global ref>, id=174, trace=300000)
ROOT 50000174 (kind=<JNI global ref>, id=175, trace=300000)
ROOT 50000175 (kind=<JNI global ref>, id=176, trace=300000)
ROOT 50000176 (kind=<JNI global ref>, id=177, trace=300000)
ROOT 50000177 (kind=<JNI global ref>, id=178, trace=300000)
ROOT 50000178 (kind=<JNI global ref>, id=179, trace=300000)
ROOT 50000179 (kind=<JNI global ref>, id=17a, trace=300000)
ROOT 5000017a (kind=<JNI global ref>, id=17b, trace=300000)
ROOT 50000182 (kind=<JNI global ref>, id=17c, trace=300003)
ROOT 50000185 (kind=<JNI global ref>, id=17d, trace=300006)
ROOT 5000018e (kind=<JNI global ref>, id=17e, trace=300014)
ROOT 5000018f (kind=<JNI global ref>, id=17f, trace=300014)
ROOT 50000191 (kind=<JNI global ref>, id=180, trace=300016)
ROOT 50000193 (kind=<JNI global ref>, id=181, trace=300018)
ROOT 50000197 (kind=<JNI global ref>, id=182, trace=300021)
ROOT 50000198 (kind=<JNI global ref>, id=183, trace=300021)
ROOT 50000199 (kind=<JNI global ref>, id=184, trace=300022)
ROOT 5000019a (kind=<JNI global ref>, id=185, trace=300023)
ROOT 5000019f (kind=<JNI global ref>, id=186, trace=300027)
ROOT 500001a1 (kind=<JNI global ref>, id=187, trace=300029)
ROOT 500001a5 (kind=<JNI global ref>, id=188, trace=300033)
ROOT 500001a7 (kind=<JNI global ref>, id=189, trace=300035)
ROOT 500001a9 (kind=<JNI global ref>, id=18a, trace=300037)
ROOT 500001b0 (kind=<JNI global ref>, id=18b, trace=300000)
ROOT 500001b1 (kind=<JNI global ref>, id=18c, trace=300042)
ROOT 500001b3 (kind=<JNI global ref>, id=18d, trace=300044)
ROOT 500001b8 (kind=<JNI global ref>, id=18e, trace=300046)
ROOT 500001c3 (kind=<JNI global ref>, id=18f, trace=300054)
ROOT 500001d1 (kind=<JNI global ref>, id=190, trace=300066)
ROOT 500001d3 (kind=<JNI global ref>, id=191, trace=300068)
ROOT 500001e0 (kind=<JNI global ref>, id=192, trace=300077)
ROOT 5000020d (kind=<JNI global ref>, id=193, trace=300113)
ROOT 50000210 (kind=<JNI global ref>, id=194, trace=300116)
ROOT 50000212 (kind=<JNI global ref>, id=195, trace=300118)
ROOT 50000213 (kind=<JNI global ref>, id=196, trace=300119)
ROOT 5000021d (kind=<JNI global ref>, id=197, trace=300128)
ROOT 5000021e (kind=<JNI global ref>, id=198, trace=300128)
ROOT 50000228 (kind=<JNI global ref>, id=199, trace=300137)
ROOT 5000022a (kind=<JNI global ref>, id=19a, trace=300139)
ROOT 50000231 (kind=<JNI global ref>, id=19b, trace=300146)
ROOT 50000234 (kind=<JNI global ref>, id=19c, trace=300000)
ROOT 50000236 (kind=<JNI global ref>, id=19d, trace=300149)
ROOT 50000240 (kind=<JNI global ref>, id=19e, trace=300153)
ROOT 5000024b (kind=<JNI global ref>, id=19f, trace=300161)
ROOT 50000251 (kind=<JNI global ref>, id=1a0, trace=300167)
ROOT 50000257 (kind=<JNI global ref>, id=1a1, trace=300172)
ROOT 50000259 (kind=<JNI global ref>, id=1a2, trace=300174)
ROOT 5000025a (kind=<JNI global ref>, id=1a3, trace=300174)
ROOT 5000025b (kind=<JNI global ref>, id=1a4, trace=300175)
ROOT 5000025c (kind=<JNI global ref>, id=1a5, trace=300175)
ROOT 5000025d (kind=<JNI global ref>, id=1a6, trace=300176)
ROOT 5000025e (kind=<JNI global ref>, id=1a7, trace=300176)
ROOT 50000273 (kind=<JNI global ref>, id=1a8, trace=300195)
ROOT 50000274 (kind=<JNI global ref>, id=1a9, trace=300196)
ROOT 50000275 (kind=<JNI global ref>, id=1aa, trace=300196)
ROOT 50000278 (kind=<JNI global ref>, id=1ab, trace=300199)
ROOT 5000027d (kind=<JNI global ref>, id=1ac, trace=300203)
ROOT 50000476 (kind=<JNI global ref>, id=1ad, trace=300225)
ROOT 50000478 (kind=<JNI global ref>, id=1ae, trace=300227)
ROOT 5000048d (kind=<JNI global ref>, id=1af, trace=300241)
ROOT 5000048e (kind=<JNI global ref>, id=1b0, trace=300242)
ROOT 5000048f (kind=<JNI global ref>, id=1b1, trace=300242)
ROOT 50000499 (kind=<JNI global ref>, id=1b2, trace=300248)
ROOT 5000049d (kind=<JNI global ref>, id=1b3, trace=300249)
ROOT 500004a8 (kind=<JNI global ref>, id=1b4, trace=300128)
ROOT 500004be (kind=<JNI global ref>, id=1b5, trace=300128)
ROOT 500004d0 (kind=<JNI global ref>, id=1b6, trace=300128)
ROOT 500004e2 (kind=<JNI global ref>, id=1b7, trace=300128)
ROOT 500004f2 (kind=<JNI global ref>, id=1b8, trace=300261)
ROOT 500004f3 (kind=<JNI global ref>, id=1b9, trace=300261)
ROOT 500004f4 (kind=<JNI global ref>, id=1ba, trace=300261)
ROOT 500004f7 (kind=<JNI global ref>, id=1bb, trace=300264)
ROOT 500004f9 (kind=<JNI global ref>, id=1bc, trace=300266)
ROOT 500004fa (kind=<JNI global ref>, id=1bd, trace=300267)
ROOT 500004fc (kind=<JNI global ref>, id=1be, trace=300269)
ROOT 500004fe (kind=<JNI global ref>, id=1bf, trace=300271)
ROOT 50000500 (kind=<JNI global ref>, id=1c0, trace=300273)
ROOT 50000501 (kind=<JNI global ref>, id=1c1, trace=300273)
ROOT 50000502 (kind=<JNI global ref>, id=1c2, trace=300273)
ROOT 50000112 (kind=<JNI global ref>, id=1c3, trace=300000)
ROOT 50000500 (kind=<JNI global ref>, id=1c4, trace=300273)
ROOT 50000502 (kind=<JNI global ref>, id=1c5, trace=300273)
ROOT 50000505 (kind=<JNI global ref>, id=1c6, trace=300276)
ROOT 50000506 (kind=<JNI global ref>, id=1c7, trace=300276)
ROOT 50000517 (kind=<JNI global ref>, id=1c8, trace=300283)
ROOT 5000051f (kind=<JNI global ref>, id=1c9, trace=300288)
ROOT 50000550 (kind=<JNI global ref>, id=1ca, trace=300331)
ROOT 50000556 (kind=<JNI global ref>, id=1cb, trace=300336)
ROOT 50000557 (kind=<JNI global ref>, id=1cc, trace=300336)
ROOT 5000055c (kind=<JNI global ref>, id=1cd, trace=300341)
ROOT 50000560 (kind=<JNI global ref>, id=1ce, trace=300344)
ROOT 50000586 (kind=<JNI global ref>, id=1cf, trace=300367)
ROOT 50000587 (kind=<JNI global ref>, id=1d0, trace=300367)
ROOT 50000595 (kind=<JNI global ref>, id=1d1, trace=300376)
ROOT 50000599 (kind=<JNI global ref>, id=1d2, trace=300380)
ROOT 500005a8 (kind=<JNI global ref>, id=1d3, trace=300388)
ROOT 500005bb (kind=<JNI global ref>, id=1d4, trace=300407)
ROOT 500005c5 (kind=<JNI global ref>, id=1d5, trace=300410)
ROOT 500005ca (kind=<JNI global ref>, id=1d6, trace=300415)
ROOT 500005cb (kind=<JNI global ref>, id=1d7, trace=300416)
ROOT 500005cd (kind=<JNI global ref>, id=1d8, trace=300417)
ROOT 500005d6 (kind=<JNI global ref>, id=1d9, trace=300426)
ROOT 500005db (kind=<JNI global ref>, id=1da, trace=300431)
ROOT 500005ee (kind=<JNI global ref>, id=1db, trace=300445)
ROOT 500005ef (kind=<JNI global ref>, id=1dc, trace=300446)
ROOT 500005f0 (kind=<JNI global ref>, id=1dd, trace=300446)
ROOT 500005f1 (kind=<JNI global ref>, id=1de, trace=300446)
ROOT 500005f2 (kind=<JNI global ref>, id=1df, trace=300447)
ROOT 500005f3 (kind=<JNI global ref>, id=1e0, trace=300448)
ROOT 500005f4 (kind=<JNI global ref>, id=1e1, trace=300449)
ROOT 500005f5 (kind=<JNI global ref>, id=1e2, trace=300449)
ROOT 500005f8 (kind=<JNI global ref>, id=1e3, trace=300452)
ROOT 500005fd (kind=<JNI global ref>, id=1e4, trace=300457)
ROOT 500005fe (kind=<JNI global ref>, id=1e5, trace=300458)
ROOT 50000600 (kind=<JNI global ref>, id=1e6, trace=300459)
ROOT 50000601 (kind=<JNI global ref>, id=1e7, trace=300459)
ROOT 50000602 (kind=<JNI global ref>, id=1e8, trace=300459)
ROOT 50000604 (kind=<JNI global ref>, id=1e9, trace=300461)
ROOT 50000605 (kind=<JNI global ref>, id=1ea, trace=300461)
ROOT 50000606 (kind=<JNI global ref>, id=1eb, trace=300462)
ROOT 50000607 (kind=<JNI global ref>, id=1ec, trace=300463)
ROOT 50000608 (kind=<JNI global ref>, id=1ed, trace=300464)
ROOT 5000060a (kind=<JNI global ref>, id=1ee, trace=300466)
ROOT 50000611 (kind=<JNI global ref>, id=1ef, trace=300473)
ROOT 50000613 (kind=<JNI global ref>, id=1f0, trace=300475)
ROOT 50000617 (kind=<JNI global ref>, id=1f1, trace=300477)
ROOT 50000619 (kind=<JNI global ref>, id=1f2, trace=300479)
ROOT 5000061b (kind=<JNI global ref>, id=1f3, trace=300481)
ROOT 50000621 (kind=<JNI global ref>, id=1f4, trace=300484)
ROOT 50000623 (kind=<JNI global ref>, id=1f5, trace=300486)
ROOT 50000624 (kind=<JNI global ref>, id=1f6, trace=300487)
ROOT 50000635 (kind=<JNI global ref>, id=1f7, trace=300501)
ROOT 500006f6 (kind=<JNI global ref>, id=1f8, trace=300522)
ROOT 500006f8 (kind=<JNI global ref>, id=1f9, trace=300524)
ROOT 500006f9 (kind=<JNI global ref>, id=1fa, trace=300524)
ROOT 50000701 (kind=<JNI global ref>, id=1fb, trace=300528)
ROOT 5000070a (kind=<JNI global ref>, id=1fc, trace=300537)
ROOT 5000070d (kind=<JNI global ref>, id=1fd, trace=300540)
ROOT 5000070e (kind=<JNI global ref>, id=1fe, trace=300540)
ROOT 50000715 (kind=<JNI global ref>, id=1ff, trace=300547)
ROOT 50000717 (kind=<JNI global ref>, id=200, trace=300549)
ROOT 5000071b (kind=<JNI global ref>, id=201, trace=300553)
ROOT 5000071c (kind=<JNI global ref>, id=202, trace=300553)
ROOT 5000074a (kind=<JNI global ref>, id=203, trace=300563)
ROOT 5000074d (kind=<JNI global ref>, id=204, trace=300565)
ROOT 50000754 (kind=<JNI global ref>, id=205, trace=300572)
ROOT 50000759 (kind=<JNI global ref>, id=206, trace=300575)
ROOT 50000786 (kind=<JNI global ref>, id=207, trace=300581)
ROOT 500007a9 (kind=<JNI global ref>, id=208, trace=300597)
ROOT 500007ad (kind=<JNI global ref>, id=209, trace=300601)
ROOT 500007ae (kind=<JNI global ref>, id=20a, trace=300601)
ROOT 500007e0 (kind=<JNI global ref>, id=20b, trace=300626)
ROOT 500007e1 (kind=<JNI global ref>, id=20c, trace=300626)
ROOT 500007e2 (kind=<JNI global ref>, id=20d, trace=300626)
ROOT 500007e7 (kind=<JNI global ref>, id=20e, trace=300631)
ROOT 500007f7 (kind=<JNI global ref>, id=20f, trace=300640)
ROOT 500007fb (kind=<JNI global ref>, id=210, trace=300644)
ROOT 50000802 (kind=<JNI global ref>, id=211, trace=300647)
ROOT 50000816 (kind=<JNI global ref>, id=212, trace=300653)
ROOT 50000817 (kind=<JNI global ref>, id=213, trace=300654)
ROOT 50000819 (kind=<JNI global ref>, id=214, trace=300656)
ROOT 50000852 (kind=<JNI global ref>, id=215, trace=300673)
ROOT 50000853 (kind=<JNI global ref>, id=216, trace=300674)
ROOT 50000855 (kind=<JNI global ref>, id=217, trace=300676)
ROOT 50000857 (kind=<JNI global ref>, id=218, trace=300678)
ROOT 50000867 (kind=<JNI global ref>, id=219, trace=300680)
ROOT 50000869 (kind=<JNI global ref>, id=21a, trace=300682)
ROOT 500008c7 (kind=<JNI global ref>, id=21b, trace=300673)
ROOT 50000915 (kind=<JNI global ref>, id=21c, trace=300673)
ROOT 5000095c (kind=<JNI global ref>, id=21d, trace=300673)
ROOT 50000964 (kind=<JNI global ref>, id=21e, trace=300693)
ROOT 500009ba (kind=<JNI global ref>, id=21f, trace=300673)
ROOT 500009bf (kind=<JNI global ref>, id=220, trace=300680)
ROOT 500009c0 (kind=<JNI global ref>, id=221, trace=300680)
ROOT 50000a16 (kind=<JNI global ref>, id=222, trace=300673)
ROOT 50000a67 (kind=<JNI global ref>, id=223, trace=300673)
ROOT 50000aad (kind=<JNI global ref>, id=224, trace=300673)
ROOT 50000ab6 (kind=<JNI global ref>, id=225, trace=300680)
ROOT 50000ad5 (kind=<JNI global ref>, id=226, trace=300680)
ROOT 50000b34 (kind=<JNI global ref>, id=227, trace=300673)
ROOT 50000b90 (kind=<JNI global ref>, id=228, trace=300673)
ROOT 50000bd7 (kind=<JNI global ref>, id=229, trace=300673)
ROOT 50000c1e (kind=<JNI global ref>, id=22a, trace=300673)
ROOT 50000c65 (kind=<JNI global ref>, id=22b, trace=300673)
ROOT 50000cac (kind=<JNI global ref>, id=22c, trace=300673)
ROOT 50000cf2 (kind=<JNI global ref>, id=22d, trace=300673)
ROOT 50000d39 (kind=<JNI global ref>, id=22e, trace=300673)
ROOT 50000d80 (kind=<JNI global ref>, id=22f, trace=300673)
ROOT 50000dc6 (kind=<JNI global ref>, id=230, trace=300673)
ROOT 50000e0c (kind=<JNI global ref>, id=231, trace=300673)
ROOT 50000e52 (kind=<JNI global ref>, id=232, trace=300673)
ROOT 50000e9a (kind=<JNI global ref>, id=233, trace=300673)
ROOT 50000ee1 (kind=<JNI global ref>, id=234, trace=300673)
ROOT 50000f28 (kind=<JNI global ref>, id=235, trace=300673)
ROOT 50000f6f (kind=<JNI global ref>, id=236, trace=300673)
ROOT 50000fb6 (kind=<JNI global ref>, id=237, trace=300673)
ROOT 50001015 (kind=<JNI global ref>, id=238, trace=300673)
ROOT 5000105c (kind=<JNI global ref>, id=239, trace=300673)
ROOT 500010a3 (kind=<JNI global ref>, id=23a, trace=300673)
ROOT 500010ea (kind=<JNI global ref>, id=23b, trace=300673)
ROOT 50001131 (kind=<JNI global ref>, id=23c, trace=300673)
ROOT 50001177 (kind=<JNI global ref>, id=23d, trace=300673)
ROOT 500011be (kind=<JNI global ref>, id=23e, trace=300673)
ROOT 50001205 (kind=<JNI global ref>, id=23f, trace=300673)
ROOT 5000124c (kind=<JNI global ref>, id=240, trace=300673)
ROOT 50001293 (kind=<JNI global ref>, id=241, trace=300673)
ROOT 500012da (kind=<JNI global ref>, id=242, trace=300673)
ROOT 50001321 (kind=<JNI global ref>, id=243, trace=300673)
ROOT 50001368 (kind=<JNI global ref>, id=244, trace=300673)
ROOT 500013b3 (kind=<JNI global ref>, id=245, trace=300673)
ROOT 500013bb (kind=<JNI global ref>, id=246, trace=300712)
ROOT 500013c1 (kind=<JNI global ref>, id=247, trace=300717)
ROOT 5000140b (kind=<JNI global ref>, id=248, trace=300673)
ROOT 5000140e (kind=<JNI global ref>, id=249, trace=300722)
ROOT 50001475 (kind=<JNI global ref>, id=24a, trace=300673)
ROOT 500014be (kind=<JNI global ref>, id=24b, trace=300673)
ROOT 50001504 (kind=<JNI global ref>, id=24c, trace=300673)
ROOT 50001535 (kind=<JNI global ref>, id=24d, trace=300757)
ROOT 500015ed (kind=<JNI global ref>, id=24e, trace=300680)
ROOT 500015ff (kind=<JNI global ref>, id=24f, trace=300680)
ROOT 5000161d (kind=<JNI global ref>, id=250, trace=300802)
ROOT 50001623 (kind=<JNI global ref>, id=251, trace=300680)
ROOT 5000162b (kind=<JNI global ref>, id=252, trace=300807)
ROOT 5000162e (kind=<JNI global ref>, id=253, trace=300810)
ROOT 50001630 (kind=<JNI global ref>, id=254, trace=300812)
ROOT 50001632 (kind=<JNI global ref>, id=255, trace=300814)
ROOT 50001635 (kind=<JNI global ref>, id=256, trace=300817)
ROOT 5000167f (kind=<JNI global ref>, id=257, trace=300673)
ROOT 500016e0 (kind=<JNI global ref>, id=258, trace=300680)
ROOT 500016e1 (kind=<JNI global ref>, id=259, trace=300680)
ROOT 500016e2 (kind=<JNI global ref>, id=25a, trace=300680)
ROOT 5000172b (kind=<JNI global ref>, id=25b, trace=300673)
ROOT 5000172c (kind=<JNI global ref>, id=25c, trace=300673)
ROOT 50001735 (kind=<JNI global ref>, id=25d, trace=300680)
ROOT 5000173a (kind=<JNI global ref>, id=25e, trace=300680)
ROOT 50001780 (kind=<JNI global ref>, id=25f, trace=300673)
ROOT 50001815 (kind=<JNI global ref>, id=260, trace=300673)
ROOT 50001816 (kind=<JNI global ref>, id=261, trace=300673)
ROOT 5000181f (kind=<JNI global ref>, id=262, trace=300680)
ROOT 50001824 (kind=<JNI global ref>, id=263, trace=300680)
ROOT 5000186a (kind=<JNI global ref>, id=264, trace=300673)
ROOT 5000186f (kind=<JNI global ref>, id=265, trace=300680)
ROOT 50001874 (kind=<JNI global ref>, id=266, trace=300680)
ROOT 500018ba (kind=<JNI global ref>, id=267, trace=300673)
ROOT 5000191a (kind=<JNI global ref>, id=268, trace=300673)
ROOT 50001965 (kind=<JNI global ref>, id=269, trace=300673)
ROOT 500019ac (kind=<JNI global ref>, id=26a, trace=300673)
ROOT 500019b1 (kind=<JNI global ref>, id=26b, trace=300680)
ROOT 500019b2 (kind=<JNI global ref>, id=26c, trace=300680)
ROOT 500019bb (kind=<JNI global ref>, id=26d, trace=300680)
ROOT 50001a02 (kind=<JNI global ref>, id=26e, trace=300673)
ROOT 50001a17 (kind=<JNI global ref>, id=26f, trace=300824)
ROOT 50001a68 (kind=<JNI global ref>, id=270, trace=300673)
ROOT 50001ac1 (kind=<JNI global ref>, id=271, trace=300673)
ROOT 50001b07 (kind=<JNI global ref>, id=272, trace=300673)
ROOT 50001b10 (kind=<JNI global ref>, id=273, trace=300680)
ROOT 50001b15 (kind=<JNI global ref>, id=274, trace=300680)
ROOT 50001b5c (kind=<JNI global ref>, id=275, trace=300673)
ROOT 50001b61 (kind=<JNI global ref>, id=276, trace=300680)
ROOT 50001bf2 (kind=<JNI global ref>, id=277, trace=300673)
ROOT 50001bf3 (kind=<JNI global ref>, id=278, trace=300673)
ROOT 50001c39 (kind=<JNI global ref>, id=279, trace=300673)
ROOT 50001c80 (kind=<JNI global ref>, id=27a, trace=300673)
ROOT 50001c89 (kind=<JNI global ref>, id=27b, trace=300680)
ROOT 50001cdb (kind=<JNI global ref>, id=27c, trace=300673)
ROOT 50001ce0 (kind=<JNI global ref>, id=27d, trace=300680)
ROOT 50001d2b (kind=<JNI global ref>, id=27e, trace=300673)
ROOT 50001d72 (kind=<JNI global ref>, id=27f, trace=300673)
ROOT 50001e00 (kind=<JNI global ref>, id=280, trace=300673)
ROOT 50001e01 (kind=<JNI global ref>, id=281, trace=300673)
ROOT 50001e06 (kind=<JNI global ref>, id=282, trace=300680)
ROOT 50001e0b (kind=<JNI global ref>, id=283, trace=300680)
ROOT 50001e5c (kind=<JNI global ref>, id=284, trace=300673)
ROOT 50001e62 (kind=<JNI global ref>, id=285, trace=300680)
ROOT 50001e63 (kind=<JNI global ref>, id=286, trace=300844)
ROOT 50001e68 (kind=<JNI global ref>, id=287, trace=300849)
ROOT 50001e69 (kind=<JNI global ref>, id=288, trace=300850)
ROOT 50001e6c (kind=<JNI global ref>, id=289, trace=300853)
ROOT 50001e6e (kind=<JNI global ref>, id=28a, trace=300855)
ROOT 50001e70 (kind=<JNI global ref>, id=28b, trace=300857)
ROOT 50001e72 (kind=<JNI global ref>, id=28c, trace=300859)
ROOT 50001e73 (kind=<JNI global ref>, id=28d, trace=300859)
ROOT 50001e7b (kind=<JNI global ref>, id=28e, trace=300865)
ROOT 50001e7d (kind=<JNI global ref>, id=28f, trace=300866)
ROOT 50001e7e (kind=<JNI global ref>, id=290, trace=300867)
ROOT 500020e2 (kind=<JNI global ref>, id=291, trace=300952)
ROOT 500020e4 (kind=<JNI global ref>, id=292, trace=300954)
ROOT 500020e6 (kind=<JNI global ref>, id=293, trace=300956)
ROOT 500020e8 (kind=<JNI global ref>, id=294, trace=300958)
ROOT 500020ea (kind=<JNI global ref>, id=295, trace=300960)
ROOT 5000217b (kind=<JNI global ref>, id=296, trace=300963)
ROOT 5000225d (kind=<JNI global ref>, id=297, trace=300965)
ROOT 5000225f (kind=<JNI global ref>, id=298, trace=300967)
ROOT 5000226a (kind=<JNI global ref>, id=299, trace=300973)
ROOT 5000226f (kind=<JNI global ref>, id=29a, trace=300978)
ROOT 50002271 (kind=<JNI global ref>, id=29b, trace=300980)
ROOT 50002272 (kind=<JNI global ref>, id=29c, trace=300980)
ROOT 50002274 (kind=<JNI global ref>, id=29d, trace=300982)
ROOT 50002275 (kind=<JNI global ref>, id=29e, trace=300982)
ROOT 5000227d (kind=<JNI global ref>, id=29f, trace=300990)
ROOT 500001ad (kind=<JNI global ref>, id=2a0, trace=300680)
ROOT 500001b6 (kind=<JNI global ref>, id=2a1, trace=300673)
ROOT 500001c2 (kind=<JNI global ref>, id=2a2, trace=301004)
ROOT 50000264 (kind=<JNI global ref>, id=2a3, trace=301018)
ROOT 50000266 (kind=<JNI global ref>, id=2a4, trace=301020)
ROOT 50000373 (kind=<JNI global ref>, id=2a5, trace=300673)
ROOT 50000374 (kind=<JNI global ref>, id=2a6, trace=300673)
ROOT 50000421 (kind=<JNI global ref>, id=2a7, trace=300673)
ROOT 50000475 (kind=<JNI global ref>, id=2a8, trace=300673)
ROOT 50000477 (kind=<JNI global ref>, id=2a9, trace=300673)
ROOT 500004e0 (kind=<JNI global ref>, id=2aa, trace=300673)
ROOT 5000057d (kind=<JNI global ref>, id=2ab, trace=300673)
ROOT 50000770 (kind=<JNI global ref>, id=2ac, trace=300673)
ROOT 50000775 (kind=<JNI global ref>, id=2ad, trace=300673)
ROOT 50000835 (kind=<JNI global ref>, id=2ae, trace=300673)
ROOT 50000837 (kind=<JNI global ref>, id=2af, trace=300673)
ROOT 500008ad (kind=<JNI global ref>, id=2b0, trace=300673)
ROOT 50000903 (kind=<JNI global ref>, id=2b1, trace=300673)
ROOT 50000951 (kind=<JNI global ref>, id=2b2, trace=300673)
ROOT 50000957 (kind=<JNI global ref>, id=2b3, trace=301032)
ROOT 500009d4 (kind=<JNI global ref>, id=2b4, trace=300673)
ROOT 500009d7 (kind=<JNI global ref>, id=2b5, trace=301037)
ROOT 500009e4 (kind=<JNI global ref>, id=2b6, trace=300680)
ROOT 500009e5 (kind=<JNI global ref>, id=2b7, trace=301039)
ROOT 50000a37 (kind=<JNI global ref>, id=2b8, trace=300673)
ROOT 50000a46 (kind=<JNI global ref>, id=2b9, trace=301049)
ROOT 50000aaa (kind=<JNI global ref>, id=2ba, trace=300680)
ROOT 50000aab (kind=<JNI global ref>, id=2bb, trace=300680)
ROOT 50000b1e (kind=<JNI global ref>, id=2bc, trace=300673)
ROOT 50000b1f (kind=<JNI global ref>, id=2bd, trace=300673)
ROOT 50000b84 (kind=<JNI global ref>, id=2be, trace=300673)
ROOT 50000bdd (kind=<JNI global ref>, id=2bf, trace=300680)
ROOT 50000bde (kind=<JNI global ref>, id=2c0, trace=300680)
ROOT 50000bdf (kind=<JNI global ref>, id=2c1, trace=300673)
ROOT 50000c2d (kind=<JNI global ref>, id=2c2, trace=300673)
ROOT 50000c81 (kind=<JNI global ref>, id=2c3, trace=300680)
ROOT 50000c82 (kind=<JNI global ref>, id=2c4, trace=300673)
ROOT 50000cd5 (kind=<JNI global ref>, id=2c5, trace=300680)
ROOT 50000cd6 (kind=<JNI global ref>, id=2c6, trace=300673)
ROOT 50000d29 (kind=<JNI global ref>, id=2c7, trace=300680)
ROOT 50000d2a (kind=<JNI global ref>, id=2c8, trace=300680)
ROOT 50000d31 (kind=<JNI global ref>, id=2c9, trace=300680)
ROOT 50000d36 (kind=<JNI global ref>, id=2ca, trace=300680)
ROOT 50000d3e (kind=<JNI global ref>, id=2cb, trace=300680)
ROOT 50000d3f (kind=<JNI global ref>, id=2cc, trace=300673)
ROOT 50000d8e (kind=<JNI global ref>, id=2cd, trace=300673)
ROOT 50000ddd (kind=<JNI global ref>, id=2ce, trace=300673)
ROOT 50000e2e (kind=<JNI global ref>, id=2cf, trace=300680)
ROOT 50000e7e (kind=<JNI global ref>, id=2d0, trace=300673)
ROOT 50000e7f (kind=<JNI global ref>, id=2d1, trace=300673)
ROOT 50000ece (kind=<JNI global ref>, id=2d2, trace=300673)
ROOT 50000f23 (kind=<JNI global ref>, id=2d3, trace=300680)
ROOT 50000f24 (kind=<JNI global ref>, id=2d4, trace=300673)
ROOT 50000f31 (kind=<JNI global ref>, id=2d5, trace=301061)
ROOT 50000f8d (kind=<JNI global ref>, id=2d6, trace=300673)
ROOT 50000ff2 (kind=<JNI global ref>, id=2d7, trace=300673)
ROOT 50001002 (kind=<JNI global ref>, id=2d8, trace=300680)
ROOT 5000106d (kind=<JNI global ref>, id=2d9, trace=300673)
ROOT 50001070 (kind=<JNI global ref>, id=2da, trace=301083)
ROOT 500010c0 (kind=<JNI global ref>, id=2db, trace=300673)
ROOT 500010c7 (kind=<JNI global ref>, id=2dc, trace=300680)
ROOT 50001163 (kind=<JNI global ref>, id=2dd, trace=300680)
ROOT 50001164 (kind=<JNI global ref>, id=2de, trace=300673)
ROOT 500011b3 (kind=<JNI global ref>, id=2df, trace=300673)
ROOT 500011d0 (kind=<JNI global ref>, id=2e0, trace=301096)
ROOT 5000128b (kind=<JNI global ref>, id=2e1, trace=300673)
ROOT 5000128c (kind=<JNI global ref>, id=2e2, trace=300673)
ROOT 500012d9 (kind=<JNI global ref>, id=2e3, trace=300673)
ROOT 50001442 (kind=<JNI global ref>, id=2e4, trace=300673)
ROOT 50001443 (kind=<JNI global ref>, id=2e5, trace=300673)
ROOT 50001444 (kind=<JNI global ref>, id=2e6, trace=300673)
ROOT 50001445 (kind=<JNI global ref>, id=2e7, trace=300673)
ROOT 5000149c (kind=<JNI global ref>, id=2e8, trace=300673)
ROOT 500014ea (kind=<JNI global ref>, id=2e9, trace=300673)
ROOT 500015fe (kind=<JNI global ref>, id=2ea, trace=300673)
ROOT 50001679 (kind=<JNI global ref>, id=2eb, trace=300673)
ROOT 5000167c (kind=<JNI global ref>, id=2ec, trace=301104)
ROOT 500016ea (kind=<JNI global ref>, id=2ed, trace=300673)
ROOT 50001745 (kind=<JNI global ref>, id=2ee, trace=300673)
ROOT 5000179a (kind=<JNI global ref>, id=2ef, trace=300673)
ROOT 500017e4 (kind=<JNI global ref>, id=2f0, trace=300673)
ROOT 50001843 (kind=<JNI global ref>, id=2f1, trace=300673)
ROOT 500018a5 (kind=<JNI global ref>, id=2f2, trace=300673)
ROOT 5000190a (kind=<JNI global ref>, id=2f3, trace=300673)
ROOT 50001a0e (kind=<JNI global ref>, id=2f4, trace=300673)
ROOT 50001a11 (kind=<JNI global ref>, id=2f5, trace=300673)
ROOT 50001a7b (kind=<JNI global ref>, id=2f6, trace=300673)
ROOT 50001a7c (kind=<JNI global ref>, id=2f7, trace=300673)
ROOT 50001ad8 (kind=<JNI global ref>, id=2f8, trace=300680)
ROOT 50001ad9 (kind=<JNI global ref>, id=2f9, trace=300680)
ROOT 50001ada (kind=<JNI global ref>, id=2fa, trace=300673)
ROOT 50001b37 (kind=<JNI global ref>, id=2fb, trace=300673)
ROOT 50001b94 (kind=<JNI global ref>, id=2fc, trace=300680)
ROOT 50001b95 (kind=<JNI global ref>, id=2fd, trace=300673)
ROOT 50001be2 (kind=<JNI global ref>, id=2fe, trace=300673)
ROOT 50001c36 (kind=<JNI global ref>, id=2ff, trace=300673)
ROOT 50001c91 (kind=<JNI global ref>, id=300, trace=300673)
ROOT 50001d3a (kind=<JNI global ref>, id=301, trace=300673)
ROOT 50001d3b (kind=<JNI global ref>, id=302, trace=300673)
ROOT 50001dd5 (kind=<JNI global ref>, id=303, trace=300673)
ROOT 50001dd6 (kind=<JNI global ref>, id=304, trace=300673)
ROOT 50001e3a (kind=<JNI global ref>, id=305, trace=300673)
ROOT 50001e40 (kind=<JNI global ref>, id=306, trace=301112)
ROOT 50001eb0 (kind=<JNI global ref>, id=307, trace=300673)
ROOT 50001fd5 (kind=<JNI global ref>, id=308, trace=301115)
ROOT 5000204a (kind=<JNI global ref>, id=309, trace=300673)
ROOT 500002d2 (kind=<JNI global ref>, id=30a, trace=300680)
ROOT 500002d3 (kind=<JNI global ref>, id=30b, trace=300680)
ROOT 500001b9 (kind=<JNI global ref>, id=30c, trace=301855)
ROOT 500002d6 (kind=<JNI global ref>, id=30d, trace=301858)
ROOT 500002d8 (kind=<JNI global ref>, id=30e, trace=301861)
ROOT 500001c7 (kind=<JNI global ref>, id=30f, trace=301862)
ROOT 500001f5 (kind=<JNI global ref>, id=310, trace=300000)
ROOT 500001ff (kind=<JNI global ref>, id=311, trace=301883)
ROOT 50000208 (kind=<JNI global ref>, id=312, trace=301886)
ROOT 50000209 (kind=<JNI global ref>, id=313, trace=301887)
ROOT 5000020a (kind=<JNI global ref>, id=314, trace=301887)
ROOT 5000020b (kind=<JNI global ref>, id=315, trace=301887)
ROOT 50000246 (kind=<JNI global ref>, id=316, trace=301905)
ROOT 500002f8 (kind=<JNI global ref>, id=317, trace=301917)
ROOT 50000396 (kind=<JNI global ref>, id=318, trace=300673)
ROOT 5000039c (kind=<JNI global ref>, id=319, trace=301928)
ROOT 5000039e (kind=<JNI global ref>, id=31a, trace=301929)
ROOT 500003a0 (kind=<JNI global ref>, id=31b, trace=301931)
ROOT 500001e7 (kind=<JNI global ref>, id=31c, trace=301871)
ROOT 500003a3 (kind=<JNI global ref>, id=31d, trace=300000)
ROOT 500003a4 (kind=<JNI global ref>, id=31e, trace=300000)
ROOT 500003b4 (kind=<unknown>)
ROOT 500003b5 (kind=<unknown>)
ROOT 500003b9 (kind=<unknown>)
ROOT 500003bb (kind=<unknown>)
ROOT 500003be (kind=<unknown>)
ROOT 500003bf (kind=<unknown>)
ROOT 500003c0 (kind=<unknown>)
ROOT 500003c1 (kind=<unknown>)
ROOT 500003c2 (kind=<unknown>)
ROOT 500003c3 (kind=<unknown>)
ROOT 500003c4 (kind=<unknown>)
ROOT 500003c5 (kind=<unknown>)
ROOT 500003c6 (kind=<unknown>)
ROOT 500003c7 (kind=<unknown>)
ROOT 500003c8 (kind=<unknown>)
ROOT 500003c9 (kind=<unknown>)
ROOT 500003ca (kind=<unknown>)
ROOT 500003d0 (kind=<unknown>)
ROOT 500003d1 (kind=<unknown>)
ROOT 500003d2 (kind=<unknown>)
ROOT 500003d5 (kind=<unknown>)
ROOT 500003d6 (kind=<unknown>)
ROOT 500003d7 (kind=<unknown>)
ROOT 500003d8 (kind=<unknown>)
ROOT 500003d9 (kind=<unknown>)
ROOT 500003da (kind=<unknown>)
ROOT 500003db (kind=<unknown>)
ROOT 500003dc (kind=<unknown>)
ROOT 500003dd (kind=<unknown>)
ROOT 500003e1 (kind=<unknown>)
ROOT 500003e3 (kind=<unknown>)
ROOT 500003e4 (kind=<unknown>)
ROOT 500003e5 (kind=<unknown>)
ROOT 500003e6 (kind=<unknown>)
ROOT 500003e7 (kind=<unknown>)
ROOT 500003e8 (kind=<unknown>)
ROOT 500003e9 (kind=<unknown>)
ROOT 500003ea (kind=<unknown>)
ROOT 500003eb (kind=<unknown>)
ROOT 500003ec (kind=<unknown>)
ROOT 500003ed (kind=<unknown>)
ROOT 500003ee (kind=<unknown>)
ROOT 500003ef (kind=<unknown>)
ROOT 500003f0 (kind=<unknown>)
ROOT 500003f1 (kind=<unknown>)
ROOT 5000040b (kind=<unknown>)
ROOT 5000040c (kind=<unknown>)
ROOT 5000040d (kind=<unknown>)
ROOT 5000040e (kind=<unknown>)
ROOT 5000040f (kind=<unknown>)
ROOT 50000410 (kind=<unknown>)
ROOT 50000411 (kind=<unknown>)
ROOT 50000414 (kind=<unknown>)
ROOT 50000415 (kind=<unknown>)
ROOT 50000416 (kind=<unknown>)
ROOT 50000417 (kind=<unknown>)
ROOT 50000418 (kind=<unknown>)
ROOT 50000419 (kind=<unknown>)
ROOT 5000041a (kind=<unknown>)
ROOT 5000041b (kind=<unknown>)
ROOT 5000041c (kind=<unknown>)
ROOT 5000041d (kind=<unknown>)
ROOT 5000041e (kind=<unknown>)
ROOT 50000428 (kind=<unknown>)
ROOT 50000429 (kind=<unknown>)
ROOT 5000042a (kind=<unknown>)
ROOT 5000042b (kind=<unknown>)
ROOT 5000042c (kind=<unknown>)
ROOT 5000042d (kind=<unknown>)
ROOT 5000042e (kind=<unknown>)
ROOT 50000432 (kind=<unknown>)
ROOT 50000434 (kind=<unknown>)
ROOT 50000435 (kind=<unknown>)
ROOT 50000436 (kind=<unknown>)
ROOT 50000437 (kind=<unknown>)
ROOT 50000438 (kind=<unknown>)
ROOT 50000439 (kind=<unknown>)
ROOT 5000043a (kind=<unknown>)
ROOT 5000043b (kind=<unknown>)
ROOT 5000043c (kind=<unknown>)
ROOT 5000043d (kind=<unknown>)
ROOT 5000043e (kind=<unknown>)
ROOT 5000043f (kind=<unknown>)
ROOT 50000440 (kind=<unknown>)
ROOT 50000441 (kind=<unknown>)
ROOT 50000442 (kind=<unknown>)
ROOT 50000443 (kind=<unknown>)
ROOT 50000444 (kind=<unknown>)
ROOT 50000445 (kind=<unknown>)
ROOT 50000446 (kind=<unknown>)
ROOT 50000447 (kind=<unknown>)
ROOT 50000449 (kind=<unknown>)
ROOT 5000044a (kind=<unknown>)
ROOT 5000044b (kind=<unknown>)
ROOT 5000044c (kind=<unknown>)
ROOT 5000044d (kind=<unknown>)
ROOT 5000044e (kind=<unknown>)
ROOT 5000044f (kind=<unknown>)
ROOT 50000450 (kind=<unknown>)
ROOT 50000451 (kind=<unknown>)
ROOT 50000454 (kind=<unknown>)
ROOT 50000455 (kind=<unknown>)
ROOT 50000456 (kind=<unknown>)
ROOT 50000457 (kind=<unknown>)
ROOT 50000458 (kind=<unknown>)
ROOT 50000459 (kind=<unknown>)
ROOT 5000045a (kind=<unknown>)
ROOT 5000045b (kind=<unknown>)
ROOT 5000045c (kind=<unknown>)
ROOT 50000460 (kind=<unknown>)
ROOT 50000462 (kind=<unknown>)
ROOT 50000463 (kind=<unknown>)
ROOT 50000464 (kind=<unknown>)
ROOT 50000465 (kind=<unknown>)
ROOT 50000466 (kind=<unknown>)
ROOT 50000467 (kind=<unknown>)
ROOT 5000046a (kind=<unknown>)
ROOT 5000046b (kind=<unknown>)
ROOT 5000046c (kind=<unknown>)
ROOT 5000046d (kind=<unknown>)
ROOT 5000046e (kind=<unknown>)
ROOT 5000046f (kind=<unknown>)
ROOT 50000470 (kind=<unknown>)
ROOT 50000471 (kind=<unknown>)
ROOT 50000472 (kind=<unknown>)
ROOT 50000473 (kind=<unknown>)
ROOT 50000474 (kind=<unknown>)
ROOT 5000047d (kind=<unknown>)
ROOT 5000047e (kind=<unknown>)
ROOT 5000047f (kind=<unknown>)
ROOT 50000480 (kind=<unknown>)
ROOT 50000481 (kind=<unknown>)
ROOT 50000482 (kind=<unknown>)
ROOT 50000483 (kind=<unknown>)
ROOT 50000484 (kind=<unknown>)
ROOT 50000485 (kind=<unknown>)
ROOT 50000486 (kind=<unknown>)
ROOT 50000487 (kind=<unknown>)
ROOT 50000488 (kind=<unknown>)
ROOT 50000489 (kind=<unknown>)
ROOT 5000048a (kind=<unknown>)
ROOT 5000048b (kind=<unknown>)
ROOT 5000048c (kind=<unknown>)
ROOT 50000494 (kind=<unknown>)
ROOT 50000495 (kind=<unknown>)
ROOT 50000496 (kind=<unknown>)
ROOT 5000049a (kind=<unknown>)
ROOT 5000049b (kind=<unknown>)
ROOT 5000049c (kind=<unknown>)
ROOT 5000049f (kind=<unknown>)
ROOT 500004a0 (kind=<unknown>)
ROOT 500004a1 (kind=<unknown>)
ROOT 500004a2 (kind=<unknown>)
ROOT 500004a3 (kind=<unknown>)
ROOT 500004a4 (kind=<unknown>)
ROOT 500004a5 (kind=<unknown>)
ROOT 500004a6 (kind=<unknown>)
ROOT 500004a7 (kind=<unknown>)
ROOT 500004a9 (kind=<unknown>)
ROOT 500004ad (kind=<unknown>)
ROOT 500004b1 (kind=<unknown>)
ROOT 500004b2 (kind=<unknown>)
ROOT 500004b3 (kind=<unknown>)
ROOT 500004b4 (kind=<unknown>)
ROOT 500004b5 (kind=<unknown>)
ROOT 500004b6 (kind=<unknown>)
ROOT 500004b7 (kind=<unknown>)
ROOT 500004b8 (kind=<unknown>)
ROOT 500004b9 (kind=<unknown>)
ROOT 500004ba (kind=<unknown>)
ROOT 500004bb (kind=<unknown>)
ROOT 500004bc (kind=<unknown>)
ROOT 500004bd (kind=<unknown>)
ROOT 500004bf (kind=<unknown>)
ROOT 500004c3 (kind=<unknown>)
ROOT 500004c7 (kind=<unknown>)
ROOT 500004c8 (kind=<unknown>)
ROOT 500004c9 (kind=<unknown>)
ROOT 500004ca (kind=<unknown>)
ROOT 500004cb (kind=<unknown>)
ROOT 500004ce (kind=<unknown>)
ROOT 500004cf (kind=<unknown>)
ROOT 500004d1 (kind=<unknown>)
ROOT 500004d5 (kind=<unknown>)
ROOT 500004d9 (kind=<unknown>)
ROOT 500004da (kind=<unknown>)
ROOT 500004db (kind=<unknown>)
ROOT 500004dc (kind=<unknown>)
ROOT 500004dd (kind=<unknown>)
ROOT 500004de (kind=<unknown>)
ROOT 500004df (kind=<unknown>)
ROOT 500004fb (kind=<unknown>)
ROOT 50000503 (kind=<unknown>)
ROOT 50000518 (kind=<unknown>)
ROOT 50000519 (kind=<unknown>)
ROOT 5000051c (kind=<unknown>)
ROOT 5000051d (kind=<unknown>)
ROOT 5000051e (kind=<unknown>)
ROOT 50000520 (kind=<unknown>)
ROOT 50000522 (kind=<unknown>)
ROOT 50000523 (kind=<unknown>)
ROOT 50000526 (kind=<unknown>)
ROOT 50000527 (kind=<unknown>)
ROOT 5000052a (kind=<unknown>)
ROOT 5000052b (kind=<unknown>)
ROOT 5000052e (kind=<unknown>)
ROOT 5000052f (kind=<unknown>)
ROOT 50000532 (kind=<unknown>)
ROOT 50000533 (kind=<unknown>)
ROOT 50000536 (kind=<unknown>)
ROOT 50000537 (kind=<unknown>)
ROOT 5000053a (kind=<unknown>)
ROOT 5000053b (kind=<unknown>)
ROOT 5000053e (kind=<unknown>)
ROOT 5000053f (kind=<unknown>)
ROOT 50000540 (kind=<unknown>)
ROOT 50000543 (kind=<unknown>)
ROOT 50000544 (kind=<unknown>)
ROOT 50000545 (kind=<unknown>)
ROOT 50000548 (kind=<unknown>)
ROOT 50000549 (kind=<unknown>)
ROOT 5000054a (kind=<unknown>)
ROOT 5000054d (kind=<unknown>)
ROOT 5000054e (kind=<unknown>)
ROOT 5000054f (kind=<unknown>)
ROOT 50000551 (kind=<unknown>)
ROOT 50000553 (kind=<unknown>)
ROOT 50000559 (kind=<unknown>)
ROOT 5000055a (kind=<unknown>)
ROOT 5000055b (kind=<unknown>)
ROOT 5000055e (kind=<unknown>)
ROOT 5000055f (kind=<unknown>)
ROOT 50000561 (kind=<unknown>)
ROOT 50000562 (kind=<unknown>)
ROOT 50000566 (kind=<unknown>)
ROOT 50000567 (kind=<unknown>)
ROOT 50000568 (kind=<unknown>)
ROOT 50000569 (kind=<unknown>)
ROOT 5000056a (kind=<unknown>)
ROOT 5000056b (kind=<unknown>)
ROOT 5000056c (kind=<unknown>)
ROOT 5000056d (kind=<unknown>)
ROOT 5000056e (kind=<unknown>)
ROOT 5000056f (kind=<unknown>)
ROOT 50000570 (kind=<unknown>)
ROOT 50000573 (kind=<unknown>)
ROOT 50000574 (kind=<unknown>)
ROOT 500003a0 (kind=<system class>, name=java.lang.Shutdown$Lock)
ROOT 5000039e (kind=<system class>, name=java.lang.Shutdown)
ROOT 5000020b (kind=<system class>, name=java.text.MessageFormat$Field)
ROOT 5000020a (kind=<system class>, name=java.text.Format$Field)
ROOT 50000209 (kind=<system class>, name=java.text.AttributedCharacterIterator$Attribute)
ROOT 50000208 (kind=<system class>, name=java.util.Date)
ROOT 500001ff (kind=<system class>, name=java.text.FieldPosition)
ROOT 500001e7 (kind=<system class>, name=java.lang.StringBuilder[])
ROOT 50000121 (kind=<system class>, name=java.lang.StringBuilder)
ROOT 500003a3 (kind=<system class>, name=java.lang.AbstractStringBuilder[])
ROOT 50000123 (kind=<system class>, name=java.lang.AbstractStringBuilder)
ROOT 500003a4 (kind=<system class>, name=java.lang.Appendable[])
ROOT 50000124 (kind=<system class>, name=java.lang.Appendable)
ROOT 500001c7 (kind=<system class>, name=java.util.Locale$1)
ROOT 500002d8 (kind=<system class>, name=java.util.Locale$Category[])
ROOT 500002d6 (kind=<system class>, name=java.util.Locale$Category)
ROOT 500002d6 (kind=<system class>, name=java.util.Locale$Category)
ROOT 500001b9 (kind=<system class>, name=java.text.Format[])
ROOT 500002d2 (kind=<system class>, name=java.text.Format)
ROOT 500002d3 (kind=<system class>, name=java.text.MessageFormat)
ROOT 500002d2 (kind=<system class>, name=java.text.Format)
ROOT 50001fd5 (kind=<system class>, name=java.lang.Object[][])
ROOT 50000108 (kind=<system class>, name=java.lang.Object[])
ROOT 500001f5 (kind=<system class>, name=java.lang.Cloneable[])
ROOT 50000169 (kind=<system class>, name=java.lang.Cloneable)
ROOT 50001b94 (kind=<system class>, name=javax.lang.model.element.PackageElement)
ROOT 50001ad9 (kind=<system class>, name=javax.lang.model.element.TypeElement)
ROOT 50001ad8 (kind=<system class>, name=javax.lang.model.element.QualifiedNameable)
ROOT 500011d0 (kind=<system class>, name=java.util.regex.Pattern$SliceS)
ROOT 50001163 (kind=<system class>, name=java.util.AbstractQueue)
ROOT 500010c7 (kind=<system class>, name=java.util.LinkedHashSet)
ROOT 50001002 (kind=<system class>, name=javax.tools.DiagnosticListener)
ROOT 50000f23 (kind=<system class>, name=javax.lang.model.element.VariableElement)
ROOT 50000e2e (kind=<system class>, name=javax.lang.model.type.ErrorType)
ROOT 50000d3e (kind=<system class>, name=javax.lang.model.type.TypeVariable)
ROOT 50000d36 (kind=<system class>, name=javax.lang.model.type.PrimitiveType)
ROOT 50000d31 (kind=<system class>, name=javax.lang.model.type.DeclaredType)
ROOT 50000d2a (kind=<system class>, name=javax.lang.model.type.ArrayType)
ROOT 50000d29 (kind=<system class>, name=javax.lang.model.type.ReferenceType)
ROOT 50000cd5 (kind=<system class>, name=javax.lang.model.type.WildcardType)
ROOT 50000c81 (kind=<system class>, name=javax.lang.model.type.TypeMirror)
ROOT 50000bde (kind=<system class>, name=javax.lang.model.element.ExecutableElement)
ROOT 50000bdd (kind=<system class>, name=javax.lang.model.element.Parameterizable)
ROOT 50000aab (kind=<system class>, name=javax.lang.model.element.Element)
ROOT 50000aaa (kind=<system class>, name=javax.lang.model.AnnotatedConstruct)
ROOT 500009e5 (kind=<system class>, name=java.util.EnumMap$1)
ROOT 500009e4 (kind=<system class>, name=java.util.EnumMap)
ROOT 50000266 (kind=<system class>, name=java.net.URLClassLoader$2)
ROOT 50000264 (kind=<system class>, name=java.util.ResourceBundle$Control$1)
ROOT 500001c2 (kind=<system class>, name=java.util.ResourceBundle$BundleReference)
ROOT 500001ad (kind=<system class>, name=java.util.ListResourceBundle)
ROOT 5000227d (kind=<system class>, name=java.util.LinkedList$Node)
ROOT 50002275 (kind=<system class>, name=java.util.LinkedList)
ROOT 50002274 (kind=<system class>, name=java.util.AbstractSequentialList)
ROOT 50002272 (kind=<system class>, name=java.util.ResourceBundle$LoaderReference)
ROOT 50002271 (kind=<system class>, name=java.util.ResourceBundle$CacheKeyReference)
ROOT 5000226f (kind=<system class>, name=java.util.ResourceBundle$CacheKey)
ROOT 5000226a (kind=<system class>, name=java.util.ResourceBundle$Control$CandidateListCache)
ROOT 5000225f (kind=<system class>, name=java.util.ResourceBundle$Control)
ROOT 5000225d (kind=<system class>, name=java.net.URLClassLoader$3$1)
ROOT 5000217b (kind=<system class>, name=java.security.PrivilegedActionException)
ROOT 500020ea (kind=<system class>, name=sun.misc.CompoundEnumeration)
ROOT 500020e8 (kind=<system class>, name=java.net.URLClassLoader$3)
ROOT 500020e6 (kind=<system class>, name=sun.misc.URLClassPath$1)
ROOT 500020e4 (kind=<system class>, name=java.lang.ClassLoader$2)
ROOT 500020e2 (kind=<system class>, name=sun.misc.URLClassPath$2)
ROOT 50001e7e (kind=<system class>, name=sun.misc.Launcher$BootClassPathHolder$1)
ROOT 50001e7d (kind=<system class>, name=sun.misc.Launcher$BootClassPathHolder)
ROOT 50001e7b (kind=<system class>, name=java.util.Enumeration[])
ROOT 500000b8 (kind=<system class>, name=java.util.Enumeration)
ROOT 50001e73 (kind=<system class>, name=java.util.LinkedHashMap$LinkedEntryIterator)
ROOT 50001e72 (kind=<system class>, name=java.util.LinkedHashMap$LinkedHashIterator)
ROOT 50001e70 (kind=<system class>, name=java.util.LinkedHashMap$LinkedEntrySet)
ROOT 50001e6e (kind=<system class>, name=java.util.ServiceLoader$1)
ROOT 50001e6c (kind=<system class>, name=java.util.ServiceLoader$LazyIterator)
ROOT 50001e69 (kind=<system class>, name=java.util.ServiceLoader)
ROOT 50001e68 (kind=<system class>, name=java.util.spi.ResourceBundleControlProvider)
ROOT 50001e63 (kind=<system class>, name=java.util.ResourceBundle$1)
ROOT 50001e62 (kind=<system class>, name=java.util.ResourceBundle)
ROOT 50001e0b (kind=<system class>, name=java.lang.InternalError)
ROOT 50001e06 (kind=<system class>, name=java.util.MissingResourceException)
ROOT 50001ce0 (kind=<system class>, name=java.lang.NumberFormatException)
ROOT 50001c89 (kind=<system class>, name=javax.tools.Diagnostic)
ROOT 50001b61 (kind=<system class>, name=java.util.NoSuchElementException)
ROOT 50001b15 (kind=<system class>, name=java.lang.IndexOutOfBoundsException)
ROOT 50001b10 (kind=<system class>, name=java.lang.UnsupportedOperationException)
ROOT 50001a17 (kind=<system class>, name=java.util.Collections$UnmodifiableSet)
ROOT 500019bb (kind=<system class>, name=java.net.URISyntaxException)
ROOT 500019b2 (kind=<system class>, name=javax.tools.JavaFileObject)
ROOT 500019b1 (kind=<system class>, name=javax.tools.FileObject)
ROOT 50001874 (kind=<system class>, name=javax.tools.JavaFileManager$Location)
ROOT 5000186f (kind=<system class>, name=java.io.UnsupportedEncodingException)
ROOT 50001824 (kind=<system class>, name=java.net.MalformedURLException)
ROOT 5000181f (kind=<system class>, name=javax.tools.JavaFileObject$Kind)
ROOT 5000173a (kind=<system class>, name=java.nio.charset.UnsupportedCharsetException)
ROOT 50001735 (kind=<system class>, name=java.nio.charset.IllegalCharsetNameException)
ROOT 500016e2 (kind=<system class>, name=javax.tools.StandardJavaFileManager)
ROOT 500016e1 (kind=<system class>, name=javax.tools.JavaFileManager)
ROOT 500016e0 (kind=<system class>, name=javax.tools.OptionChecker)
ROOT 50001635 (kind=<system class>, name=java.util.RegularEnumSet$EnumSetIterator)
ROOT 50001632 (kind=<system class>, name=java.util.RegularEnumSet)
ROOT 50001630 (kind=<system class>, name=sun.reflect.DelegatingMethodAccessorImpl)
ROOT 5000162e (kind=<system class>, name=sun.reflect.NativeMethodAccessorImpl)
ROOT 5000162b (kind=<system class>, name=java.lang.Class$4)
ROOT 50001623 (kind=<system class>, name=java.util.EnumSet)
ROOT 500015ff (kind=<system class>, name=java.io.FileWriter)
ROOT 500015ed (kind=<system class>, name=java.lang.AssertionError)
ROOT 50000ad5 (kind=<system class>, name=java.lang.IllegalStateException)
ROOT 50000ab6 (kind=<system class>, name=javax.annotation.processing.ProcessingEnvironment)
ROOT 500009c0 (kind=<system class>, name=java.io.FileNotFoundException)
ROOT 500009bf (kind=<system class>, name=java.io.IOException)
ROOT 50000964 (kind=<system class>, name=java.util.concurrent.ConcurrentHashMap$ForwardingNode)
ROOT 50000869 (kind=<system class>, name=java.lang.Void)
ROOT 50000867 (kind=<system class>, name=java.io.PrintWriter)
ROOT 50000857 (kind=<system class>, name=java.lang.reflect.Method[])
ROOT 5000013e (kind=<system class>, name=java.lang.reflect.Method)
ROOT 50000855 (kind=<system class>, name=java.lang.Class$MethodArray)
ROOT 50000853 (kind=<system class>, name=sun.launcher.LauncherHelper$FXHelper)
ROOT 50000819 (kind=<system class>, name=java.security.BasicPermissionCollection)
ROOT 50000817 (kind=<system class>, name=java.security.UnresolvedPermission)
ROOT 50000816 (kind=<system class>, name=java.security.AllPermission)
ROOT 50000802 (kind=<system class>, name=java.io.FilePermissionCollection)
ROOT 500007fb (kind=<system class>, name=java.io.FilePermission$1)
ROOT 500007f7 (kind=<system class>, name=java.io.FilePermission)
ROOT 500007e7 (kind=<system class>, name=sun.net.www.MessageHeader)
ROOT 500007e2 (kind=<system class>, name=sun.net.www.protocol.file.FileURLConnection)
ROOT 500007e1 (kind=<system class>, name=sun.net.www.URLConnection)
ROOT 500007e0 (kind=<system class>, name=java.net.URLConnection)
ROOT 500007ae (kind=<system class>, name=java.security.Permissions)
ROOT 500007ad (kind=<system class>, name=java.security.PermissionCollection)
ROOT 500007a9 (kind=<system class>, name=sun.nio.ByteBuffered)
ROOT 50000786 (kind=<system class>, name=sun.security.util.ManifestEntryVerifier)
ROOT 50000759 (kind=<system class>, name=sun.security.util.DisabledAlgorithmConstraints$1)
ROOT 50000754 (kind=<system class>, name=sun.security.util.DisabledAlgorithmConstraints$Constraint$Operator[])
ROOT 5000074d (kind=<system class>, name=sun.security.util.DisabledAlgorithmConstraints$Constraint$Operator)
ROOT 5000074d (kind=<system class>, name=sun.security.util.DisabledAlgorithmConstraints$Constraint$Operator)
ROOT 5000074a (kind=<system class>, name=sun.security.util.DisabledAlgorithmConstraints$KeySizeConstraint)
ROOT 5000071c (kind=<system class>, name=sun.security.util.DisabledAlgorithmConstraints$DisabledConstraint)
ROOT 5000071b (kind=<system class>, name=sun.security.util.DisabledAlgorithmConstraints$Constraint)
ROOT 50000717 (kind=<system class>, name=java.util.AbstractList$Itr)
ROOT 50000715 (kind=<system class>, name=java.util.Arrays$ArrayList)
ROOT 5000070e (kind=<system class>, name=java.util.regex.Matcher)
ROOT 5000070d (kind=<system class>, name=java.util.regex.MatchResult)
ROOT 5000070a (kind=<system class>, name=java.util.regex.Pattern$BnM)
ROOT 50000701 (kind=<system class>, name=sun.security.util.DisabledAlgorithmConstraints$Constraints)
ROOT 500006f9 (kind=<system class>, name=java.util.ArrayList$SubList$1)
ROOT 500006f8 (kind=<system class>, name=java.util.ListIterator)
ROOT 500006f6 (kind=<system class>, name=java.util.ArrayList$SubList)
ROOT 50000635 (kind=<system class>, name=java.util.Properties$LineReader)
ROOT 50000624 (kind=<system class>, name=java.security.Security$1)
ROOT 50000623 (kind=<system class>, name=java.security.Security)
ROOT 50000621 (kind=<system class>, name=sun.security.util.AbstractAlgorithmConstraints$1)
ROOT 50000619 (kind=<system class>, name=java.util.regex.Pattern$Branch)
ROOT 50000617 (kind=<system class>, name=java.util.regex.Pattern$BranchConn)
ROOT 50000613 (kind=<system class>, name=java.util.regex.Pattern$SliceI)
ROOT 50000611 (kind=<system class>, name=java.util.regex.ASCII)
ROOT 5000060a (kind=<system class>, name=java.util.regex.Pattern$TreeInfo)
ROOT 50000608 (kind=<system class>, name=java.util.regex.Pattern$Start)
ROOT 50000607 (kind=<system class>, name=java.util.regex.Pattern$First)
ROOT 50000606 (kind=<system class>, name=java.util.regex.Pattern$Begin)
ROOT 50000605 (kind=<system class>, name=java.util.regex.Pattern$Slice)
ROOT 50000604 (kind=<system class>, name=java.util.regex.Pattern$SliceNode)
ROOT 50000602 (kind=<system class>, name=java.util.regex.Pattern$Single)
ROOT 50000601 (kind=<system class>, name=java.util.regex.Pattern$BmpCharProperty)
ROOT 50000600 (kind=<system class>, name=java.util.regex.Pattern$CharProperty)
ROOT 500005fe (kind=<system class>, name=java.util.regex.Pattern$GroupHead[])
ROOT 500005fd (kind=<system class>, name=java.util.regex.Pattern$GroupHead)
ROOT 5000061b (kind=<system class>, name=java.util.regex.Pattern$Node[])
ROOT 500005f4 (kind=<system class>, name=java.util.regex.Pattern$Node)
ROOT 500005fd (kind=<system class>, name=java.util.regex.Pattern$GroupHead)
ROOT 500005f8 (kind=<system class>, name=java.util.regex.Pattern$LastNode)
ROOT 500005f5 (kind=<system class>, name=java.util.regex.Pattern$4)
ROOT 500005f4 (kind=<system class>, name=java.util.regex.Pattern$Node)
ROOT 500005f3 (kind=<system class>, name=java.util.regex.Pattern)
ROOT 500005f2 (kind=<system class>, name=sun.security.util.AlgorithmDecomposer)
ROOT 500005f1 (kind=<system class>, name=sun.security.util.DisabledAlgorithmConstraints)
ROOT 500005f0 (kind=<system class>, name=sun.security.util.AbstractAlgorithmConstraints)
ROOT 500005ef (kind=<system class>, name=java.security.AlgorithmConstraints)
ROOT 500005ee (kind=<system class>, name=sun.security.util.SignatureFileVerifier)
ROOT 500005db (kind=<system class>, name=java.lang.Package)
ROOT 500005d6 (kind=<system class>, name=java.io.ByteArrayOutputStream)
ROOT 500005cd (kind=<system class>, name=java.util.jar.JarVerifier$3)
ROOT 500005cb (kind=<system class>, name=java.security.CodeSigner[])
ROOT 500005ca (kind=<system class>, name=java.security.CodeSigner)
ROOT 500005ca (kind=<system class>, name=java.security.CodeSigner)
ROOT 500005c5 (kind=<system class>, name=java.util.jar.JarVerifier)
ROOT 500005bb (kind=<system class>, name=sun.misc.ASCIICaseInsensitiveComparator)
ROOT 500005a8 (kind=<system class>, name=java.util.jar.Attributes$Name)
ROOT 50000599 (kind=<system class>, name=java.util.jar.Manifest$FastInputStream)
ROOT 50000595 (kind=<system class>, name=java.util.jar.Attributes)
ROOT 50000587 (kind=<system class>, name=sun.misc.URLClassPath$JarLoader$2)
ROOT 50000586 (kind=<system class>, name=sun.misc.Resource)
ROOT 50000560 (kind=<system class>, name=sun.misc.IOUtils)
ROOT 5000055c (kind=<system class>, name=java.util.zip.ZipFile$ZipFileInputStream)
ROOT 50000557 (kind=<system class>, name=java.util.jar.JarFile$JarFileEntry)
ROOT 50000556 (kind=<system class>, name=java.util.jar.JarEntry)
ROOT 50000550 (kind=<system class>, name=java.util.zip.ZipEntry)
ROOT 5000051f (kind=<system class>, name=sun.misc.ExtensionDependency)
ROOT 50000517 (kind=<system class>, name=sun.misc.JarIndex)
ROOT 50000506 (kind=<system class>, name=java.nio.DirectLongBufferU)
ROOT 50000505 (kind=<system class>, name=java.nio.LongBuffer)
ROOT 50000502 (kind=<system class>, name=java.nio.DirectByteBuffer)
ROOT 50000501 (kind=<system class>, name=java.nio.MappedByteBuffer)
ROOT 50000500 (kind=<system class>, name=sun.nio.ch.DirectBuffer)
ROOT 500004fe (kind=<system class>, name=sun.misc.PerfCounter$CoreCounters)
ROOT 500004fc (kind=<system class>, name=sun.misc.Perf)
ROOT 500004fa (kind=<system class>, name=sun.misc.Perf$GetPerfAction)
ROOT 500004f9 (kind=<system class>, name=sun.misc.PerfCounter)
ROOT 500004f7 (kind=<system class>, name=java.util.zip.ZipCoder)
ROOT 500004f4 (kind=<system class>, name=java.util.ArrayDeque)
ROOT 500004f3 (kind=<system class>, name=java.util.Deque)
ROOT 500004f2 (kind=<system class>, name=java.util.Queue)
ROOT 500004e2 (kind=<system class>, name=sun.nio.cs.UTF_16)
ROOT 500004d0 (kind=<system class>, name=sun.nio.cs.UTF_16LE)
ROOT 500004be (kind=<system class>, name=sun.nio.cs.UTF_16BE)
ROOT 500004a8 (kind=<system class>, name=sun.nio.cs.ISO_8859_1)
ROOT 5000049d (kind=<system class>, name=sun.nio.cs.US_ASCII)
ROOT 50000499 (kind=<system class>, name=java.nio.charset.StandardCharsets)
ROOT 5000048f (kind=<system class>, name=java.util.jar.JavaUtilJarAccessImpl)
ROOT 5000048e (kind=<system class>, name=sun.misc.JavaUtilJarAccess)
ROOT 5000048d (kind=<system class>, name=java.util.jar.JarFile)
ROOT 50000478 (kind=<system class>, name=sun.misc.FileURLMapper)
ROOT 50000476 (kind=<system class>, name=sun.misc.URLClassPath$JarLoader$1)
ROOT 5000027d (kind=<system class>, name=sun.nio.cs.UTF_8$Decoder)
ROOT 50000278 (kind=<system class>, name=sun.nio.cs.ThreadLocalCoders$2)
ROOT 50000275 (kind=<system class>, name=sun.nio.cs.ThreadLocalCoders$1)
ROOT 50000274 (kind=<system class>, name=sun.nio.cs.ThreadLocalCoders$Cache)
ROOT 50000273 (kind=<system class>, name=sun.nio.cs.ThreadLocalCoders)
ROOT 5000025e (kind=<system class>, name=java.util.zip.ZipFile$1)
ROOT 5000025d (kind=<system class>, name=sun.misc.JavaUtilZipFileAccess)
ROOT 5000025c (kind=<system class>, name=java.util.zip.ZipFile)
ROOT 5000025b (kind=<system class>, name=java.util.zip.ZipConstants)
ROOT 5000025a (kind=<system class>, name=sun.misc.URLClassPath$JarLoader)
ROOT 50000259 (kind=<system class>, name=sun.misc.URLClassPath$Loader)
ROOT 50000257 (kind=<system class>, name=sun.misc.URLClassPath$3)
ROOT 50000251 (kind=<system class>, name=sun.net.util.URLUtil)
ROOT 5000024b (kind=<system class>, name=java.net.URLClassLoader$1)
ROOT 50000240 (kind=<system class>, name=java.lang.StringCoding$StringDecoder)
ROOT 50000236 (kind=<system class>, name=sun.launcher.LauncherHelper[])
ROOT 50000234 (kind=<system class>, name=sun.launcher.LauncherHelper)
ROOT 50000234 (kind=<system class>, name=sun.launcher.LauncherHelper)
ROOT 50000231 (kind=<system class>, name=java.io.FileOutputStream$1)
ROOT 5000022a (kind=<system class>, name=sun.nio.cs.UTF_8$Encoder)
ROOT 50000228 (kind=<system class>, name=java.lang.StringCoding$StringEncoder)
ROOT 5000021e (kind=<system class>, name=sun.nio.cs.UTF_8)
ROOT 5000021d (kind=<system class>, name=sun.nio.cs.Unicode)
ROOT 50000213 (kind=<system class>, name=java.lang.ThreadLocal$ThreadLocalMap$Entry[])
ROOT 50000212 (kind=<system class>, name=java.lang.ThreadLocal$ThreadLocalMap$Entry)
ROOT 50000212 (kind=<system class>, name=java.lang.ThreadLocal$ThreadLocalMap$Entry)
ROOT 50000210 (kind=<system class>, name=java.lang.ThreadLocal$ThreadLocalMap)
ROOT 5000020d (kind=<system class>, name=java.lang.StringCoding)
ROOT 500001e0 (kind=<system class>, name=sun.usagetracker.UsageTrackerClient$3)
ROOT 500001d3 (kind=<system class>, name=jdk.internal.util.EnvUtils)
ROOT 500001d1 (kind=<system class>, name=sun.usagetracker.UsageTrackerClient$2)
ROOT 500001c3 (kind=<system class>, name=sun.usagetracker.UsageTrackerClient$4)
ROOT 500001b8 (kind=<system class>, name=sun.usagetracker.UsageTrackerClient$1)
ROOT 500001b3 (kind=<system class>, name=java.util.concurrent.atomic.AtomicBoolean)
ROOT 500001b1 (kind=<system class>, name=sun.usagetracker.UsageTrackerClient)
ROOT 500001b0 (kind=<system class>, name=sun.misc.PostVMInitHook)
ROOT 500001a9 (kind=<system class>, name=java.lang.invoke.MethodHandleStatics$1)
ROOT 500001a7 (kind=<system class>, name=java.lang.invoke.MethodHandleStatics)
ROOT 500001a5 (kind=<system class>, name=java.lang.invoke.MemberName$Factory)
ROOT 500001a1 (kind=<system class>, name=java.lang.ClassValue$Version)
ROOT 5000019f (kind=<system class>, name=java.lang.ClassValue$Identity)
ROOT 5000019a (kind=<system class>, name=java.lang.ClassValue$Entry[])
ROOT 50000199 (kind=<system class>, name=java.lang.ClassValue$Entry)
ROOT 50000199 (kind=<system class>, name=java.lang.ClassValue$Entry)
ROOT 50000198 (kind=<system class>, name=java.lang.invoke.MethodHandleImpl$4)
ROOT 50000197 (kind=<system class>, name=java.lang.ClassValue)
ROOT 50000193 (kind=<system class>, name=java.lang.invoke.MethodHandle[])
ROOT 5000012f (kind=<system class>, name=java.lang.invoke.MethodHandle)
ROOT 50000191 (kind=<system class>, name=java.lang.invoke.MethodHandleImpl$3)
ROOT 5000018f (kind=<system class>, name=java.lang.invoke.MethodHandleImpl$2)
ROOT 5000018e (kind=<system class>, name=java.util.function.Function)
ROOT 50000185 (kind=<system class>, name=java.lang.invoke.MethodHandleImpl$1)
ROOT 50000182 (kind=<system class>, name=java.lang.invoke.MethodHandleImpl)
ROOT 50000001 (kind=<system class>, name=java.lang.SystemClassLoaderAction)
ROOT 50000002 (kind=<system class>, name=sun.misc.Launcher$AppClassLoader$1)
ROOT 50000003 (kind=<system class>, name=sun.net.www.protocol.jar.Handler)
ROOT 50000004 (kind=<system class>, name=sun.misc.URLClassPath)
ROOT 50000005 (kind=<system class>, name=java.util.HashSet)
ROOT 50000006 (kind=<system class>, name=java.security.Principal[])
ROOT 50000007 (kind=<system class>, name=java.security.Principal)
ROOT 50000007 (kind=<system class>, name=java.security.Principal)
ROOT 50000008 (kind=<system class>, name=java.security.ProtectionDomain$Key)
ROOT 50000009 (kind=<system class>, name=java.security.ProtectionDomain$2)
ROOT 5000000a (kind=<system class>, name=sun.misc.JavaSecurityProtectionDomainAccess)
ROOT 5000000b (kind=<system class>, name=java.security.ProtectionDomain$JavaSecurityAccessImpl)
ROOT 5000000c (kind=<system class>, name=sun.misc.JavaSecurityAccess)
ROOT 5000000d (kind=<system class>, name=java.net.URL[])
ROOT 50000119 (kind=<system class>, name=java.net.URL)
ROOT 5000000e (kind=<system class>, name=sun.net.www.protocol.file.Handler)
ROOT 5000000f (kind=<system class>, name=java.net.URLStreamHandler)
ROOT 50000010 (kind=<system class>, name=java.net.Parts)
ROOT 50000011 (kind=<system class>, name=java.util.BitSet)
ROOT 50000012 (kind=<system class>, name=sun.net.www.ParseUtil)
ROOT 50000013 (kind=<system class>, name=java.io.FileInputStream$1)
ROOT 50000014 (kind=<system class>, name=java.util.HashMap$TreeNode)
ROOT 50000015 (kind=<system class>, name=java.lang.CharacterDataLatin1)
ROOT 50000016 (kind=<system class>, name=java.lang.CharacterData)
ROOT 50000017 (kind=<system class>, name=sun.util.locale.LocaleUtils)
ROOT 50000018 (kind=<system class>, name=java.util.Locale$LocaleKey)
ROOT 50000019 (kind=<system class>, name=sun.util.locale.LocaleObjectCache$CacheEntry)
ROOT 5000001a (kind=<system class>, name=sun.util.locale.BaseLocale$Key)
ROOT 5000001b (kind=<system class>, name=sun.util.locale.BaseLocale$Cache)
ROOT 5000001c (kind=<system class>, name=sun.util.locale.BaseLocale)
ROOT 5000001d (kind=<system class>, name=java.util.concurrent.ConcurrentHashMap$EntrySetView)
ROOT 5000001e (kind=<system class>, name=java.util.concurrent.ConcurrentHashMap$ValuesView)
ROOT 5000001f (kind=<system class>, name=java.util.concurrent.ConcurrentHashMap$KeySetView)
ROOT 50000020 (kind=<system class>, name=java.util.concurrent.ConcurrentHashMap$CollectionView)
ROOT 50000021 (kind=<system class>, name=java.util.concurrent.ConcurrentHashMap$CounterCell[])
ROOT 50000022 (kind=<system class>, name=java.util.concurrent.ConcurrentHashMap$CounterCell)
ROOT 50000022 (kind=<system class>, name=java.util.concurrent.ConcurrentHashMap$CounterCell)
ROOT 50000023 (kind=<system class>, name=java.util.concurrent.ConcurrentHashMap$Node[])
ROOT 50000024 (kind=<system class>, name=java.util.concurrent.ConcurrentHashMap$Node)
ROOT 50000024 (kind=<system class>, name=java.util.concurrent.ConcurrentHashMap$Node)
ROOT 50000025 (kind=<system class>, name=java.util.concurrent.ConcurrentHashMap$Segment[])
ROOT 50000028 (kind=<system class>, name=java.util.concurrent.ConcurrentHashMap$Segment)
ROOT 50000026 (kind=<system class>, name=java.util.concurrent.locks.ReentrantLock[])
ROOT 50000029 (kind=<system class>, name=java.util.concurrent.locks.ReentrantLock)
ROOT 50000027 (kind=<system class>, name=java.util.concurrent.locks.Lock[])
ROOT 5000002a (kind=<system class>, name=java.util.concurrent.locks.Lock)
ROOT 50000028 (kind=<system class>, name=java.util.concurrent.ConcurrentHashMap$Segment)
ROOT 50000029 (kind=<system class>, name=java.util.concurrent.locks.ReentrantLock)
ROOT 5000002a (kind=<system class>, name=java.util.concurrent.locks.Lock)
ROOT 5000002b (kind=<system class>, name=java.util.concurrent.ConcurrentHashMap)
ROOT 5000002c (kind=<system class>, name=java.util.concurrent.ConcurrentMap)
ROOT 5000002d (kind=<system class>, name=java.util.Locale$Cache)
ROOT 5000002e (kind=<system class>, name=sun.util.locale.LocaleObjectCache)
ROOT 5000002f (kind=<system class>, name=java.util.Locale)
ROOT 50000030 (kind=<system class>, name=java.lang.reflect.Array)
ROOT 50000031 (kind=<system class>, name=java.nio.charset.CoderResult$2)
ROOT 50000032 (kind=<system class>, name=java.nio.charset.CoderResult$1)
ROOT 50000033 (kind=<system class>, name=java.nio.charset.CoderResult$Cache)
ROOT 50000034 (kind=<system class>, name=java.nio.charset.CoderResult)
ROOT 50000035 (kind=<system class>, name=java.nio.HeapCharBuffer)
ROOT 50000036 (kind=<system class>, name=java.nio.CharBuffer)
ROOT 50000037 (kind=<system class>, name=sun.nio.cs.SingleByte$Decoder)
ROOT 50000038 (kind=<system class>, name=java.nio.charset.CharsetDecoder)
ROOT 50000039 (kind=<system class>, name=sun.nio.cs.ArrayDecoder)
ROOT 5000003a (kind=<system class>, name=sun.nio.cs.StreamDecoder)
ROOT 5000003b (kind=<system class>, name=java.io.FileReader)
ROOT 5000003c (kind=<system class>, name=java.io.InputStreamReader)
ROOT 5000003d (kind=<system class>, name=java.io.BufferedReader)
ROOT 5000003e (kind=<system class>, name=java.io.Reader)
ROOT 5000003f (kind=<system class>, name=java.lang.Readable)
ROOT 50000040 (kind=<system class>, name=sun.misc.MetaIndex)
ROOT 50000041 (kind=<system class>, name=java.io.File[])
ROOT 5000011b (kind=<system class>, name=java.io.File)
ROOT 50000042 (kind=<system class>, name=java.util.StringTokenizer)
ROOT 50000043 (kind=<system class>, name=sun.misc.Launcher$ExtClassLoader$1)
ROOT 50000044 (kind=<system class>, name=java.net.URLClassLoader$7)
ROOT 50000045 (kind=<system class>, name=sun.misc.JavaNetAccess)
ROOT 50000046 (kind=<system class>, name=java.util.WeakHashMap$KeySet)
ROOT 50000047 (kind=<system class>, name=java.util.Collections$SetFromMap)
ROOT 50000048 (kind=<system class>, name=java.util.WeakHashMap$Entry[])
ROOT 5000004b (kind=<system class>, name=java.util.WeakHashMap$Entry)
ROOT 50000049 (kind=<system class>, name=java.lang.ref.WeakReference[])
ROOT 50000151 (kind=<system class>, name=java.lang.ref.WeakReference)
ROOT 5000004a (kind=<system class>, name=java.lang.ref.Reference[])
ROOT 50000153 (kind=<system class>, name=java.lang.ref.Reference)
ROOT 5000004b (kind=<system class>, name=java.util.WeakHashMap$Entry)
ROOT 5000004c (kind=<system class>, name=java.lang.ClassLoader$ParallelLoaders)
ROOT 5000004d (kind=<system class>, name=sun.security.util.Debug)
ROOT 5000004e (kind=<system class>, name=sun.misc.Launcher$Factory)
ROOT 5000004f (kind=<system class>, name=java.net.URLStreamHandlerFactory)
ROOT 50000050 (kind=<system class>, name=java.lang.Compiler$1)
ROOT 50000051 (kind=<system class>, name=java.lang.Compiler)
ROOT 50000052 (kind=<system class>, name=java.lang.IllegalArgumentException)
ROOT 50000053 (kind=<system class>, name=java.lang.System$2)
ROOT 50000054 (kind=<system class>, name=sun.misc.JavaLangAccess)
ROOT 50000055 (kind=<system class>, name=sun.io.Win32ErrorMode)
ROOT 50000056 (kind=<system class>, name=sun.misc.OSEnvironment)
ROOT 50000057 (kind=<system class>, name=java.lang.Integer[])
ROOT 5000010a (kind=<system class>, name=java.lang.Integer)
ROOT 50000058 (kind=<system class>, name=java.lang.Number[])
ROOT 5000010f (kind=<system class>, name=java.lang.Number)
ROOT 50000059 (kind=<system class>, name=java.lang.Integer$IntegerCache)
ROOT 5000005a (kind=<system class>, name=sun.misc.NativeSignalHandler)
ROOT 5000005b (kind=<system class>, name=sun.misc.Signal)
ROOT 5000005c (kind=<system class>, name=java.lang.Terminator$1)
ROOT 5000005d (kind=<system class>, name=sun.misc.SignalHandler)
ROOT 5000005e (kind=<system class>, name=java.lang.Terminator)
ROOT 5000005f (kind=<system class>, name=java.lang.ClassLoader$NativeLibrary)
ROOT 50000060 (kind=<system class>, name=java.util.LinkedHashMap$Entry)
ROOT 50000061 (kind=<system class>, name=java.io.ExpiringCache$Entry)
ROOT 50000062 (kind=<system class>, name=java.io.File$PathStatus[])
ROOT 50000067 (kind=<system class>, name=java.io.File$PathStatus)
ROOT 50000063 (kind=<system class>, name=java.lang.Enum[])
ROOT 50000068 (kind=<system class>, name=java.lang.Enum)
ROOT 50000064 (kind=<system class>, name=java.lang.ClassLoader$3)
ROOT 50000065 (kind=<system class>, name=java.nio.file.Path)
ROOT 50000066 (kind=<system class>, name=java.nio.file.Watchable)
ROOT 50000067 (kind=<system class>, name=java.io.File$PathStatus)
ROOT 50000068 (kind=<system class>, name=java.lang.Enum)
ROOT 50000069 (kind=<system class>, name=java.io.ExpiringCache$1)
ROOT 5000006a (kind=<system class>, name=java.util.LinkedHashMap)
ROOT 5000006b (kind=<system class>, name=java.io.ExpiringCache)
ROOT 5000006c (kind=<system class>, name=java.io.WinNTFileSystem)
ROOT 5000006d (kind=<system class>, name=java.io.FileSystem)
ROOT 5000006e (kind=<system class>, name=java.io.DefaultFileSystem)
ROOT 5000006f (kind=<system class>, name=java.io.BufferedWriter)
ROOT 50000070 (kind=<system class>, name=java.nio.Bits$1)
ROOT 50000071 (kind=<system class>, name=sun.misc.JavaNioAccess)
ROOT 50000072 (kind=<system class>, name=java.util.concurrent.atomic.AtomicLong)
ROOT 50000073 (kind=<system class>, name=java.nio.ByteOrder)
ROOT 50000074 (kind=<system class>, name=java.nio.Bits)
ROOT 50000075 (kind=<system class>, name=java.nio.HeapByteBuffer)
ROOT 50000076 (kind=<system class>, name=java.nio.ByteBuffer)
ROOT 50000077 (kind=<system class>, name=java.nio.charset.CodingErrorAction)
ROOT 50000078 (kind=<system class>, name=sun.nio.cs.SingleByte$Encoder)
ROOT 50000079 (kind=<system class>, name=java.nio.charset.CharsetEncoder)
ROOT 5000007a (kind=<system class>, name=sun.nio.cs.ArrayEncoder)
ROOT 5000007b (kind=<system class>, name=sun.reflect.DelegatingConstructorAccessorImpl)
ROOT 5000007c (kind=<system class>, name=sun.reflect.NativeConstructorAccessorImpl)
ROOT 5000007d (kind=<system class>, name=sun.reflect.ReflectionFactory$1)
ROOT 5000007e (kind=<system class>, name=java.lang.Class$1)
ROOT 5000007f (kind=<system class>, name=java.lang.reflect.Constructor[])
ROOT 5000013d (kind=<system class>, name=java.lang.reflect.Constructor)
ROOT 50000080 (kind=<system class>, name=java.lang.reflect.Executable[])
ROOT 5000013f (kind=<system class>, name=java.lang.reflect.Executable)
ROOT 50000081 (kind=<system class>, name=sun.nio.cs.SingleByte)
ROOT 50000082 (kind=<system class>, name=sun.nio.cs.MS1252)
ROOT 50000083 (kind=<system class>, name=sun.nio.cs.HistoricallyNamedCharset)
ROOT 50000084 (kind=<system class>, name=sun.security.action.GetPropertyAction)
ROOT 50000085 (kind=<system class>, name=java.util.concurrent.atomic.AtomicInteger)
ROOT 50000086 (kind=<system class>, name=java.lang.ThreadLocal)
ROOT 50000087 (kind=<system class>, name=sun.nio.cs.StandardCharsets$Cache)
ROOT 50000088 (kind=<system class>, name=sun.nio.cs.StandardCharsets$Classes)
ROOT 50000089 (kind=<system class>, name=sun.nio.cs.StandardCharsets$Aliases)
ROOT 5000008a (kind=<system class>, name=sun.util.PreHashedMap)
ROOT 5000008b (kind=<system class>, name=sun.nio.cs.StandardCharsets)
ROOT 5000008c (kind=<system class>, name=sun.nio.cs.FastCharsetProvider)
ROOT 5000008d (kind=<system class>, name=java.nio.charset.spi.CharsetProvider)
ROOT 5000008e (kind=<system class>, name=java.nio.charset.Charset)
ROOT 5000008f (kind=<system class>, name=sun.nio.cs.StreamEncoder)
ROOT 50000090 (kind=<system class>, name=java.io.OutputStreamWriter)
ROOT 50000091 (kind=<system class>, name=java.io.Writer)
ROOT 50000092 (kind=<system class>, name=java.io.BufferedOutputStream)
ROOT 50000093 (kind=<system class>, name=java.io.PrintStream)
ROOT 50000094 (kind=<system class>, name=java.io.FilterOutputStream)
ROOT 50000095 (kind=<system class>, name=java.util.Arrays)
ROOT 50000096 (kind=<system class>, name=sun.reflect.misc.ReflectUtil)
ROOT 50000097 (kind=<system class>, name=java.lang.reflect.ReflectAccess)
ROOT 50000098 (kind=<system class>, name=sun.reflect.LangReflectAccess)
ROOT 50000099 (kind=<system class>, name=java.lang.reflect.Modifier)
ROOT 5000009a (kind=<system class>, name=java.lang.ClassValue$ClassValueMap)
ROOT 5000009b (kind=<system class>, name=java.util.WeakHashMap)
ROOT 5000009c (kind=<system class>, name=sun.reflect.annotation.AnnotationType)
ROOT 5000009d (kind=<system class>, name=java.lang.Class$AnnotationData)
ROOT 5000009e (kind=<system class>, name=sun.reflect.generics.repository.ClassRepository)
ROOT 5000009f (kind=<system class>, name=sun.reflect.generics.repository.GenericDeclRepository)
ROOT 500000a0 (kind=<system class>, name=sun.reflect.generics.repository.AbstractRepository)
ROOT 500000a1 (kind=<system class>, name=java.lang.reflect.Field[])
ROOT 50000141 (kind=<system class>, name=java.lang.reflect.Field)
ROOT 500000a2 (kind=<system class>, name=java.lang.reflect.Member[])
ROOT 50000142 (kind=<system class>, name=java.lang.reflect.Member)
ROOT 500000a3 (kind=<system class>, name=java.lang.reflect.AccessibleObject[])
ROOT 50000143 (kind=<system class>, name=java.lang.reflect.AccessibleObject)
ROOT 500000a4 (kind=<system class>, name=java.lang.Class$Atomic)
ROOT 500000a5 (kind=<system class>, name=java.lang.Class$ReflectionData)
ROOT 500000a6 (kind=<system class>, name=java.lang.Class$3)
ROOT 500000a7 (kind=<system class>, name=java.util.concurrent.atomic.AtomicReferenceFieldUpdater$AtomicReferenceFieldUpdaterImpl$1)
ROOT 500000a8 (kind=<system class>, name=java.security.PrivilegedExceptionAction)
ROOT 500000a9 (kind=<system class>, name=java.util.concurrent.atomic.AtomicReferenceFieldUpdater$AtomicReferenceFieldUpdaterImpl)
ROOT 500000aa (kind=<system class>, name=java.util.concurrent.atomic.AtomicReferenceFieldUpdater)
ROOT 500000ab (kind=<system class>, name=java.io.BufferedInputStream)
ROOT 500000ac (kind=<system class>, name=java.io.FilterInputStream)
ROOT 500000ad (kind=<system class>, name=java.io.FileOutputStream)
ROOT 500000ae (kind=<system class>, name=java.io.OutputStream)
ROOT 500000af (kind=<system class>, name=java.io.Flushable)
ROOT 500000b0 (kind=<system class>, name=java.io.FileDescriptor$1)
ROOT 500000b1 (kind=<system class>, name=sun.misc.JavaIOFileDescriptorAccess)
ROOT 500000b2 (kind=<system class>, name=java.io.FileDescriptor)
ROOT 500000b3 (kind=<system class>, name=java.io.FileInputStream)
ROOT 500000b4 (kind=<system class>, name=sun.misc.Version)
ROOT 500000b5 (kind=<system class>, name=java.lang.Runtime)
ROOT 500000b6 (kind=<system class>, name=java.util.Hashtable$Enumerator)
ROOT 500000b7 (kind=<system class>, name=java.util.Iterator)
ROOT 500000b8 (kind=<system class>, name=java.util.Enumeration)
ROOT 500000b9 (kind=<system class>, name=java.util.Objects)
ROOT 500000ba (kind=<system class>, name=java.util.Collections$SynchronizedSet)
ROOT 500000bb (kind=<system class>, name=java.util.Collections$SynchronizedCollection)
ROOT 500000bc (kind=<system class>, name=java.util.Hashtable$EntrySet)
ROOT 500000bd (kind=<system class>, name=java.lang.ref.Finalizer$FinalizerThread)
ROOT 500000be (kind=<system class>, name=java.lang.Math)
ROOT 500000bf (kind=<system class>, name=java.util.Hashtable$Entry[])
ROOT 500000c0 (kind=<system class>, name=java.util.Hashtable$Entry)
ROOT 500000c0 (kind=<system class>, name=java.util.Hashtable$Entry)
ROOT 500000c1 (kind=<system class>, name=sun.misc.VM)
ROOT 500000c2 (kind=<system class>, name=java.util.HashMap$Node[])
ROOT 500000c4 (kind=<system class>, name=java.util.HashMap$Node)
ROOT 500000c3 (kind=<system class>, name=java.util.Map$Entry[])
ROOT 500000c5 (kind=<system class>, name=java.util.Map$Entry)
ROOT 500000c4 (kind=<system class>, name=java.util.HashMap$Node)
ROOT 500000c5 (kind=<system class>, name=java.util.Map$Entry)
ROOT 500000c6 (kind=<system class>, name=java.util.HashMap)
ROOT 500000c7 (kind=<system class>, name=sun.reflect.Reflection)
ROOT 500000c8 (kind=<system class>, name=java.lang.String[])
ROOT 5000016e (kind=<system class>, name=java.lang.String)
ROOT 500000c9 (kind=<system class>, name=java.lang.CharSequence[])
ROOT 5000016f (kind=<system class>, name=java.lang.CharSequence)
ROOT 500000ca (kind=<system class>, name=java.lang.NoSuchMethodError)
ROOT 500000cb (kind=<system class>, name=java.lang.IncompatibleClassChangeError)
ROOT 500000cc (kind=<system class>, name=sun.misc.SharedSecrets)
ROOT 500000cd (kind=<system class>, name=java.lang.ref.Reference$1)
ROOT 500000ce (kind=<system class>, name=sun.misc.JavaLangRefAccess)
ROOT 500000cf (kind=<system class>, name=java.lang.Thread[])
ROOT 5000014a (kind=<system class>, name=java.lang.Thread)
ROOT 500000d0 (kind=<system class>, name=java.lang.Runnable[])
ROOT 5000014b (kind=<system class>, name=java.lang.Runnable)
ROOT 500000d1 (kind=<system class>, name=java.lang.ref.ReferenceQueue$Lock)
ROOT 500000d2 (kind=<system class>, name=java.lang.ref.ReferenceQueue$Null)
ROOT 500000d3 (kind=<system class>, name=java.util.Collections$UnmodifiableRandomAccessList)
ROOT 500000d4 (kind=<system class>, name=java.util.Collections$UnmodifiableList)
ROOT 500000d5 (kind=<system class>, name=java.util.Collections$UnmodifiableCollection)
ROOT 500000d6 (kind=<system class>, name=java.util.Collections$EmptyMap)
ROOT 500000d7 (kind=<system class>, name=java.util.AbstractMap)
ROOT 500000d8 (kind=<system class>, name=java.util.Collections$EmptyList)
ROOT 500000d9 (kind=<system class>, name=java.util.Collections$EmptySet)
ROOT 500000da (kind=<system class>, name=java.util.AbstractSet)
ROOT 500000db (kind=<system class>, name=java.util.Set)
ROOT 500000dc (kind=<system class>, name=java.util.Collections)
ROOT 500000dd (kind=<system class>, name=java.util.ArrayList)
ROOT 500000de (kind=<system class>, name=java.lang.InterruptedException)
ROOT 500000df (kind=<system class>, name=java.lang.ref.Reference$ReferenceHandler)
ROOT 500000e0 (kind=<system class>, name=java.lang.ref.Reference$Lock)
ROOT 500000e1 (kind=<system class>, name=sun.reflect.ReflectionFactory)
ROOT 500000e2 (kind=<system class>, name=java.util.Stack)
ROOT 500000e3 (kind=<system class>, name=java.util.Vector)
ROOT 500000e4 (kind=<system class>, name=java.util.AbstractList)
ROOT 500000e5 (kind=<system class>, name=java.util.AbstractCollection)
ROOT 500000e6 (kind=<system class>, name=java.util.RandomAccess)
ROOT 500000e7 (kind=<system class>, name=java.util.List)
ROOT 500000e8 (kind=<system class>, name=java.util.Collection)
ROOT 500000e9 (kind=<system class>, name=java.lang.Iterable)
ROOT 500000ea (kind=<system class>, name=java.security.cert.Certificate[])
ROOT 500000eb (kind=<system class>, name=java.security.cert.Certificate)
ROOT 500000eb (kind=<system class>, name=java.security.cert.Certificate)
ROOT 500000ec (kind=<system class>, name=sun.reflect.ReflectionFactory$GetReflectionFactoryAction)
ROOT 500000ed (kind=<system class>, name=java.security.PrivilegedAction)
ROOT 500000ee (kind=<system class>, name=java.lang.reflect.ReflectPermission)
ROOT 500000ef (kind=<system class>, name=java.security.AccessController)
ROOT 500000f0 (kind=<system class>, name=java.lang.RuntimePermission)
ROOT 500000f1 (kind=<system class>, name=java.security.BasicPermission)
ROOT 500000f2 (kind=<system class>, name=java.security.Permission)
ROOT 500000f3 (kind=<system class>, name=java.security.Guard)
ROOT 500000f4 (kind=<system class>, name=java.lang.StackTraceElement[])
ROOT 50000113 (kind=<system class>, name=java.lang.StackTraceElement)
ROOT 500000f5 (kind=<system class>, name=java.lang.ThreadGroup[])
ROOT 50000148 (kind=<system class>, name=java.lang.ThreadGroup)
ROOT 500000f6 (kind=<system class>, name=java.lang.Thread$UncaughtExceptionHandler[])
ROOT 50000149 (kind=<system class>, name=java.lang.Thread$UncaughtExceptionHandler)
ROOT 500000f7 (kind=<system class>, name=com.sun.demo.jvmti.hprof.Tracker)
ROOT 500000f8 (kind=<system class>, name=java.lang.String$CaseInsensitiveComparator)
ROOT 500000f9 (kind=<system class>, name=java.util.Comparator)
ROOT 500000fa (kind=<system class>, name=java.io.ObjectStreamField[])
ROOT 500000fc (kind=<system class>, name=java.io.ObjectStreamField)
ROOT 500000fb (kind=<system class>, name=java.lang.Comparable[])
ROOT 50000170 (kind=<system class>, name=java.lang.Comparable)
ROOT 500000fc (kind=<system class>, name=java.io.ObjectStreamField)
ROOT 500000fd (kind=<system class>, name=java.lang.OutOfMemoryError[])
ROOT 50000156 (kind=<system class>, name=java.lang.OutOfMemoryError)
ROOT 500000fe (kind=<system class>, name=java.lang.VirtualMachineError[])
ROOT 50000157 (kind=<system class>, name=java.lang.VirtualMachineError)
ROOT 500000ff (kind=<system class>, name=java.lang.Error[])
ROOT 50000165 (kind=<system class>, name=java.lang.Error)
ROOT 50000100 (kind=<system class>, name=java.lang.Throwable[])
ROOT 50000166 (kind=<system class>, name=java.lang.Throwable)
ROOT 50000101 (kind=<system class>, name=java.lang.ArithmeticException)
ROOT 50000102 (kind=<system class>, name=java.lang.NullPointerException)
ROOT 50000103 (kind=<system class>, name=java.lang.Class[])
ROOT 5000016a (kind=<system class>, name=java.lang.Class)
ROOT 50000104 (kind=<system class>, name=java.io.Serializable[])
ROOT 50000171 (kind=<system class>, name=java.io.Serializable)
ROOT 50000105 (kind=<system class>, name=java.lang.reflect.GenericDeclaration[])
ROOT 5000016c (kind=<system class>, name=java.lang.reflect.GenericDeclaration)
ROOT 50000106 (kind=<system class>, name=java.lang.reflect.AnnotatedElement[])
ROOT 5000016d (kind=<system class>, name=java.lang.reflect.AnnotatedElement)
ROOT 50000107 (kind=<system class>, name=java.lang.reflect.Type[])
ROOT 5000016b (kind=<system class>, name=java.lang.reflect.Type)
ROOT 50000108 (kind=<system class>, name=java.lang.Object[])
ROOT 50000172 (kind=<system class>, name=java.lang.Object)
ROOT 50000109 (kind=<system class>, name=java.lang.Long)
ROOT 5000010a (kind=<system class>, name=java.lang.Integer)
ROOT 5000010b (kind=<system class>, name=java.lang.Short)
ROOT 5000010c (kind=<system class>, name=java.lang.Byte)
ROOT 5000010d (kind=<system class>, name=java.lang.Double)
ROOT 5000010e (kind=<system class>, name=java.lang.Float)
ROOT 5000010f (kind=<system class>, name=java.lang.Number)
ROOT 50000110 (kind=<system class>, name=java.lang.Character)
ROOT 50000111 (kind=<system class>, name=java.lang.Boolean)
ROOT 50000112 (kind=<system class>, name=java.nio.Buffer)
ROOT 50000113 (kind=<system class>, name=java.lang.StackTraceElement)
ROOT 50000114 (kind=<system class>, name=java.security.CodeSource)
ROOT 50000115 (kind=<system class>, name=sun.misc.Launcher$ExtClassLoader)
ROOT 50000116 (kind=<system class>, name=sun.misc.Launcher$AppClassLoader)
ROOT 50000117 (kind=<system class>, name=sun.misc.Launcher)
ROOT 50000118 (kind=<system class>, name=java.util.jar.Manifest)
ROOT 50000119 (kind=<system class>, name=java.net.URL)
ROOT 5000011a (kind=<system class>, name=java.net.URLClassLoader)
ROOT 5000011b (kind=<system class>, name=java.io.File)
ROOT 5000011c (kind=<system class>, name=java.io.ByteArrayInputStream)
ROOT 5000011d (kind=<system class>, name=java.io.InputStream)
ROOT 5000011e (kind=<system class>, name=java.io.Closeable)
ROOT 5000011f (kind=<system class>, name=java.lang.AutoCloseable)
ROOT 50000120 (kind=<system class>, name=sun.misc.Unsafe)
ROOT 50000121 (kind=<system class>, name=java.lang.StringBuilder)
ROOT 50000122 (kind=<system class>, name=java.lang.StringBuffer)
ROOT 50000123 (kind=<system class>, name=java.lang.AbstractStringBuilder)
ROOT 50000124 (kind=<system class>, name=java.lang.Appendable)
ROOT 50000125 (kind=<system class>, name=java.lang.invoke.VolatileCallSite)
ROOT 50000126 (kind=<system class>, name=java.lang.invoke.MutableCallSite)
ROOT 50000127 (kind=<system class>, name=java.lang.invoke.ConstantCallSite)
ROOT 50000128 (kind=<system class>, name=java.lang.invoke.CallSite)
ROOT 50000129 (kind=<system class>, name=java.lang.BootstrapMethodError)
ROOT 5000012a (kind=<system class>, name=java.lang.invoke.MethodType)
ROOT 5000012b (kind=<system class>, name=java.lang.invoke.LambdaForm)
ROOT 5000012c (kind=<system class>, name=java.lang.invoke.MethodHandleNatives)
ROOT 5000012d (kind=<system class>, name=java.lang.invoke.MemberName)
ROOT 5000012e (kind=<system class>, name=java.lang.invoke.DirectMethodHandle)
ROOT 5000012f (kind=<system class>, name=java.lang.invoke.MethodHandle)
ROOT 50000130 (kind=<system class>, name=sun.reflect.CallerSensitive)
ROOT 50000131 (kind=<system class>, name=java.lang.annotation.Annotation)
ROOT 50000132 (kind=<system class>, name=sun.reflect.UnsafeStaticFieldAccessorImpl)
ROOT 50000133 (kind=<system class>, name=sun.reflect.UnsafeFieldAccessorImpl)
ROOT 50000134 (kind=<system class>, name=sun.reflect.FieldAccessorImpl)
ROOT 50000135 (kind=<system class>, name=sun.reflect.FieldAccessor)
ROOT 50000136 (kind=<system class>, name=sun.reflect.ConstantPool)
ROOT 50000137 (kind=<system class>, name=sun.reflect.DelegatingClassLoader)
ROOT 50000138 (kind=<system class>, name=sun.reflect.ConstructorAccessorImpl)
ROOT 50000139 (kind=<system class>, name=sun.reflect.ConstructorAccessor)
ROOT 5000013a (kind=<system class>, name=sun.reflect.MethodAccessorImpl)
ROOT 5000013b (kind=<system class>, name=sun.reflect.MethodAccessor)
ROOT 5000013c (kind=<system class>, name=sun.reflect.MagicAccessorImpl)
ROOT 5000013d (kind=<system class>, name=java.lang.reflect.Constructor)
ROOT 5000013e (kind=<system class>, name=java.lang.reflect.Method)
ROOT 5000013f (kind=<system class>, name=java.lang.reflect.Executable)
ROOT 50000140 (kind=<system class>, name=java.lang.reflect.Parameter)
ROOT 50000141 (kind=<system class>, name=java.lang.reflect.Field)
ROOT 50000142 (kind=<system class>, name=java.lang.reflect.Member)
ROOT 50000143 (kind=<system class>, name=java.lang.reflect.AccessibleObject)
ROOT 50000144 (kind=<system class>, name=java.util.Properties)
ROOT 50000145 (kind=<system class>, name=java.util.Hashtable)
ROOT 50000146 (kind=<system class>, name=java.util.Dictionary)
ROOT 50000147 (kind=<system class>, name=java.util.Map)
ROOT 50000148 (kind=<system class>, name=java.lang.ThreadGroup)
ROOT 50000149 (kind=<system class>, name=java.lang.Thread$UncaughtExceptionHandler)
ROOT 5000014a (kind=<system class>, name=java.lang.Thread)
ROOT 5000014b (kind=<system class>, name=java.lang.Runnable)
ROOT 5000014c (kind=<system class>, name=java.lang.ref.ReferenceQueue)
ROOT 5000014d (kind=<system class>, name=java.lang.ref.Finalizer)
ROOT 5000014e (kind=<system class>, name=sun.misc.Cleaner)
ROOT 5000014f (kind=<system class>, name=java.lang.ref.PhantomReference)
ROOT 50000150 (kind=<system class>, name=java.lang.ref.FinalReference)
ROOT 50000151 (kind=<system class>, name=java.lang.ref.WeakReference)
ROOT 50000152 (kind=<system class>, name=java.lang.ref.SoftReference)
ROOT 50000153 (kind=<system class>, name=java.lang.ref.Reference)
ROOT 50000154 (kind=<system class>, name=java.lang.IllegalMonitorStateException)
ROOT 50000155 (kind=<system class>, name=java.lang.StackOverflowError)
ROOT 50000156 (kind=<system class>, name=java.lang.OutOfMemoryError)
ROOT 50000157 (kind=<system class>, name=java.lang.VirtualMachineError)
ROOT 50000158 (kind=<system class>, name=java.lang.ArrayStoreException)
ROOT 50000159 (kind=<system class>, name=java.lang.ClassCastException)
ROOT 5000015a (kind=<system class>, name=java.lang.NoClassDefFoundError)
ROOT 5000015b (kind=<system class>, name=java.lang.LinkageError)
ROOT 5000015c (kind=<system class>, name=java.lang.ClassNotFoundException)
ROOT 5000015d (kind=<system class>, name=java.lang.ReflectiveOperationException)
ROOT 5000015e (kind=<system class>, name=java.security.SecureClassLoader)
ROOT 5000015f (kind=<system class>, name=java.security.AccessControlContext)
ROOT 50000160 (kind=<system class>, name=java.security.ProtectionDomain)
ROOT 50000161 (kind=<system class>, name=java.lang.SecurityManager)
ROOT 50000162 (kind=<system class>, name=java.lang.RuntimeException)
ROOT 50000163 (kind=<system class>, name=java.lang.Exception)
ROOT 50000164 (kind=<system class>, name=java.lang.ThreadDeath)
ROOT 50000165 (kind=<system class>, name=java.lang.Error)
ROOT 50000166 (kind=<system class>, name=java.lang.Throwable)
ROOT 50000167 (kind=<system class>, name=java.lang.System)
ROOT 50000168 (kind=<system class>, name=java.lang.ClassLoader)
ROOT 50000169 (kind=<system class>, name=java.lang.Cloneable)
ROOT 5000016a (kind=<system class>, name=java.lang.Class)
ROOT 5000016b (kind=<system class>, name=java.lang.reflect.Type)
ROOT 5000016c (kind=<system class>, name=java.lang.reflect.GenericDeclaration)
ROOT 5000016d (kind=<system class>, name=java.lang.reflect.AnnotatedElement)
ROOT 5000016e (kind=<system class>, name=java.lang.String)
ROOT 5000016f (kind=<system class>, name=java.lang.CharSequence)
ROOT 50000170 (kind=<system class>, name=java.lang.Comparable)
ROOT 50000171 (kind=<system class>, name=java.io.Serializable)
ROOT 50000172 (kind=<system class>, name=java.lang.Object)
ROOT 50000173 (kind=<system class>, name=long[])
ROOT 50000575 (kind=<system class>, name=java.lang.Class)
ROOT 50000174 (kind=<system class>, name=int[])
ROOT 50000576 (kind=<system class>, name=java.lang.Class)
ROOT 50000175 (kind=<system class>, name=short[])
ROOT 50000577 (kind=<system class>, name=java.lang.Class)
ROOT 50000176 (kind=<system class>, name=byte[])
ROOT 50000578 (kind=<system class>, name=java.lang.Class)
ROOT 50000177 (kind=<system class>, name=double[])
ROOT 50000579 (kind=<system class>, name=java.lang.Class)
ROOT 50000178 (kind=<system class>, name=float[])
ROOT 5000057a (kind=<system class>, name=java.lang.Class)
ROOT 50000179 (kind=<system class>, name=char[])
ROOT 5000057b (kind=<system class>, name=java.lang.Class)
ROOT 5000017a (kind=<system class>, name=boolean[])
ROOT 5000057c (kind=<system class>, name=java.lang.Class)
ROOT 500003b0 (kind=<busy monitor>)
ROOT 500003ad (kind=<busy monitor>)
ROOT 50000576 (kind=<unknown>)
ROOT 5000057a (kind=<unknown>)
ROOT 50000579 (kind=<unknown>)
ROOT 50000578 (kind=<unknown>)
ROOT 5000057c (kind=<unknown>)
ROOT 5000057b (kind=<unknown>)
ROOT 50000575 (kind=<unknown>)
ROOT 50000577 (kind=<unknown>)
ROOT 50000582 (kind=<unknown>)
ROOT 5000057c (kind=<unknown>)
ROOT 5000057b (kind=<unknown>)
ROOT 5000057a (kind=<unknown>)
ROOT 50000579 (kind=<unknown>)
ROOT 50000578 (kind=<unknown>)
ROOT 50000577 (kind=<unknown>)
ROOT 50000576 (kind=<unknown>)
ROOT 50000575 (kind=<unknown>)
ROOT 50000582 (kind=<unknown>)
ROOT 50000583 (kind=<unknown>)
ROOT 50000584 (kind=<unknown>)
ROOT 50000585 (kind=<unknown>)
ROOT 50000588 (kind=<unknown>)
ROOT 5000058b (kind=<unknown>)
ROOT 5000058c (kind=<unknown>)
ROOT 5000058d (kind=<unknown>)
ROOT 5000058f (kind=<unknown>)
ROOT 50000590 (kind=<unknown>)
ROOT 50000591 (kind=<unknown>)
ROOT 50000592 (kind=<unknown>)
ROOT 50000593 (kind=<unknown>)
ROOT 5000059a (kind=<unknown>)
ROOT 5000059b (kind=<unknown>)
ROOT 5000059c (kind=<unknown>)
ROOT 5000059d (kind=<unknown>)
ROOT 500000f7 (kind=<unknown>)
ROOT 5000059e (kind=<unknown>)
ROOT 500000f7 (kind=<unknown>)
ROOT 500005a0 (kind=<unknown>)
ROOT 500005a1 (kind=<unknown>)
ROOT 500000f7 (kind=<unknown>)
ROOT 500005a2 (kind=<unknown>)
ROOT 500005a3 (kind=<unknown>)
ROOT 500005a4 (kind=<unknown>)
ROOT 500005a5 (kind=<unknown>)
ROOT 500005a6 (kind=<unknown>)
ROOT 500005a3 (kind=<unknown>)
ROOT 500005a4 (kind=<unknown>)
ROOT 500005a5 (kind=<unknown>)
ROOT 500005a6 (kind=<unknown>)
ROOT 5000025c (kind=<unknown>)
ROOT 5000025c (kind=<unknown>)
ROOT 5000025c (kind=<unknown>)
ROOT 5000025c (kind=<unknown>)
ROOT 500000f7 (kind=<unknown>)
ROOT 5000059e (kind=<unknown>)
ROOT 500005c6 (kind=<unknown>)
ROOT 500005c6 (kind=<unknown>)
ROOT 500005c6 (kind=<unknown>)
ROOT 500005c6 (kind=<unknown>)
ROOT 500000f7 (kind=<unknown>)
ROOT 500000f7 (kind=<unknown>)
ROOT 500000f7 (kind=<unknown>)
ROOT 500000f7 (kind=<unknown>)
ROOT 500005c7 (kind=<unknown>)
ROOT 500005c6 (kind=<unknown>)
ROOT 5000025c (kind=<unknown>)
ROOT 50000004 (kind=<unknown>)
ROOT 500000f7 (kind=<unknown>)
ROOT 500000f7 (kind=<unknown>)
ROOT 50000012 (kind=<unknown>)
ROOT 500000f7 (kind=<unknown>)
ROOT 500000f7 (kind=<unknown>)
ROOT 5000025c (kind=<unknown>)
ROOT 500000f7 (kind=<unknown>)
ROOT 500000f7 (kind=<unknown>)
ROOT 5000002b (kind=<unknown>)
ROOT 500000f7 (kind=<unknown>)
ROOT 500005c8 (kind=<unknown>)
ROOT 500005c9 (kind=<unknown>)
ROOT 500005cc (kind=<unknown>)
ROOT 500000f7 (kind=<unknown>)
ROOT 5000014a (kind=<unknown>)
ROOT 5000003d (kind=<unknown>)
ROOT 500005ce (kind=<unknown>)
ROOT 500000f7 (kind=<unknown>)
ROOT 500000f7 (kind=<unknown>)
ROOT 500000f7 (kind=<unknown>)
ROOT 5000014c (kind=<unknown>)
ROOT 5000059e (kind=<unknown>)
ROOT 500000f7 (kind=<unknown>)
ROOT 5000059e (kind=<unknown>)
ROOT 500000c1 (kind=<unknown>)
ROOT 500000c1 (kind=<unknown>)
ROOT 500000f7 (kind=<unknown>)
ROOT 500000f7 (kind=<unknown>)
ROOT 50000167 (kind=<unknown>)
ROOT 500000f7 (kind=<unknown>)
ROOT 5000059e (kind=<unknown>)
ROOT 500000f7 (kind=<unknown>)
ROOT 500000f7 (kind=<unknown>)
ROOT 500000f7 (kind=<unknown>)
ROOT 5000059e (kind=<unknown>)
ROOT 50000167 (kind=<unknown>)
ROOT 500000f7 (kind=<unknown>)
ROOT 500005a0 (kind=<unknown>)
ROOT 5000059e (kind=<unknown>)
ROOT 500000f7 (kind=<unknown>)
ROOT 500000f7 (kind=<unknown>)
ROOT 500000f7 (kind=<unknown>)
ROOT 500000f7 (kind=<unknown>)
ROOT 5000059e (kind=<unknown>)
ROOT 500000f7 (kind=<unknown>)
ROOT 5000059e (kind=<unknown>)
ROOT 500000f7 (kind=<unknown>)
ROOT 5000059e (kind=<unknown>)
ROOT 50000167 (kind=<unknown>)
ROOT 500000f7 (kind=<unknown>)
ROOT 500005cf (kind=<unknown>)
ROOT 500005cf (kind=<unknown>)
OBJ 5000017b (sz=376, trace=300001, class=java.lang.Thread@5000014a)
OBJ 5000017c (sz=16, trace=300002, class=java.lang.Object@50000172)
OBJ 5000017d (sz=376, trace=300001, class=java.lang.Thread@5000014a)
OBJ 5000017e (sz=16, trace=300002, class=java.lang.Object@50000172)
OBJ 5000017f (sz=376, trace=300000, class=java.lang.Thread@5000014a)
OBJ 50000180 (sz=376, trace=300001, class=java.lang.Thread@5000014a)
OBJ 50000181 (sz=16, trace=300002, class=java.lang.Object@50000172)
ARR 50000183 (sz=40, trace=301850, nelems=5, elem type=java.lang.String[]@500000c8)
	[0]		500005a0
	[1]		50002c58
	[2]		50002c55
	[3]		50002c5a
	[4]		50002c53
OBJ 50000184 (sz=24, trace=300668, class=java.lang.String@5000016e)
	value		50000186
ARR 50000186 (sz=58, trace=300669, nelems=29, elem type=char[])
OBJ 50000187 (sz=32, trace=301000, class=java.util.concurrent.ConcurrentHashMap$Node@50000024)
	key		50000184
	val		50000a87
ARR 50000188 (sz=32, trace=301851, nelems=4, elem type=java.lang.String[]@500000c8)
	[0]		500005a0
	[1]		50002c54
	[2]		50002c59
	[3]		50002c56
ARR 50000189 (sz=40, trace=301852, nelems=5, elem type=java.lang.String[]@500000c8)
	[0]		500005a0
	[1]		50000ea5
	[2]		50002c57
	[3]		50000d54
	[4]		50002946
ARR 5000018a (sz=20, trace=301853, nelems=5, elem type=int[])
OBJ 5000018b (sz=40, trace=301854, class=java.text.MessageFormat@500002d3)
OBJ 5000018c (sz=16, trace=300157, class=java.lang.Object@50000172)
OBJ 5000018d (sz=32, trace=300683, class=java.util.concurrent.ConcurrentHashMap$Node@50000024)
	key		50000aea
	val		5000018c
	next		5000057f
OBJ 50000190 (sz=16, trace=300015, class=java.lang.invoke.MethodHandleImpl$2@5000018f)
OBJ 50000192 (sz=16, trace=300017, class=java.lang.invoke.MethodHandleImpl$3@50000191)
ARR 50000194 (sz=24, trace=300018, nelems=0, elem type=java.lang.invoke.MethodHandle[]@50000193)
ARR 50000195 (sz=16, trace=300019, nelems=0, elem type=java.lang.Object[]@50000108)
ARR 50000196 (sz=1040, trace=300020, nelems=0, elem type=java.lang.invoke.MethodHandle[]@50000193)
ARR 5000019b (sz=24, trace=300023, nelems=0, elem type=java.lang.ClassValue$Entry[]@5000019a)
OBJ 5000019c (sz=16, trace=300024, class=java.util.concurrent.atomic.AtomicInteger@50000085)
OBJ 5000019d (sz=16, trace=300025, class=java.lang.Object@50000172)
OBJ 5000019e (sz=24, trace=300026, class=java.lang.invoke.MethodHandleImpl$4@50000198)
	identity	500001a0
	version		500001a2
OBJ 500001a0 (sz=16, trace=300028, class=java.lang.ClassValue$Identity@5000019f)
OBJ 500001a2 (sz=24, trace=300030, class=java.lang.ClassValue$Version@500001a1)
	classValue	5000019e
	promise		500001a4
OBJ 500001a3 (sz=32, trace=300031, class=java.lang.ClassValue$Entry@50000199)
	queue		500008aa
OBJ 500001a4 (sz=32, trace=300032, class=java.lang.ClassValue$Entry@50000199)
	referent	500001a2
	queue		500008aa
	value		500001a4
OBJ 500001a6 (sz=16, trace=300034, class=java.lang.invoke.MemberName$Factory@500001a5)
OBJ 500001a8 (sz=16, trace=300160, class=java.lang.Object@50000172)
OBJ 500001aa (sz=32, trace=300683, class=java.util.concurrent.ConcurrentHashMap$Node@50000024)
	key		50000aea
	val		500001a8
	next		50000581
OBJ 500001ab (sz=56, trace=300039, class=java.lang.Class$ReflectionData@500000a5)
OBJ 500001ac (sz=40, trace=300040, class=java.lang.ref.SoftReference@50000152)
OBJ 500001ae (sz=376, trace=300001, class=java.lang.Thread@5000014a)
OBJ 500001af (sz=16, trace=300002, class=java.lang.Object@50000172)
OBJ 500001b2 (sz=16, trace=300043, class=java.lang.Object@50000172)
OBJ 500001b4 (sz=56, trace=300039, class=java.lang.Class$ReflectionData@500000a5)
OBJ 500001b5 (sz=40, trace=300040, class=java.lang.ref.SoftReference@50000152)
OBJ 500001b7 (sz=16, trace=300045, class=java.util.concurrent.atomic.AtomicBoolean@500001b3)
OBJ 500001ba (sz=56, trace=300130, class=java.lang.Class$ReflectionData@500000a5)
OBJ 500001bb (sz=40, trace=300040, class=java.lang.ref.SoftReference@50000152)
OBJ 500001bc (sz=80, trace=300131, class=java.lang.reflect.Constructor@5000013d)
OBJ 500001bd (sz=40, trace=301860, class=java.util.Locale$Category@500002d6)
	name		50002c64
	languageKey	50002c68
	scriptKey	50002c6a
	countryKey	50002c66
	variantKey	50002c6c
OBJ 500001be (sz=24, trace=300133, class=sun.reflect.NativeConstructorAccessorImpl@5000007c)
OBJ 500001bf (sz=16, trace=300134, class=sun.reflect.DelegatingConstructorAccessorImpl@5000007b)
OBJ 500001c0 (sz=40, trace=301003, class=com.sun.tools.javac.resources.compiler@500001b6)
	locale		50000830
	name		50000c3f
	cacheKey	50001a07
	lookup		500023b1
OBJ 500001c1 (sz=32, trace=300999, class=java.util.ResourceBundle$LoaderReference@50002272)
	referent	500003b4
	queue		50001e66
	cacheKey	50001a07
OBJ 500001c4 (sz=48, trace=301005, class=java.util.ResourceBundle$BundleReference@500001c2)
	referent	500001c0
	queue		50001e66
	cacheKey	50001a07
ARR 500001c5 (sz=272, trace=301006, nelems=60, elem type=java.util.concurrent.ConcurrentHashMap$Node[]@50000023)
	[6]		50001fd4
	[7]		50000272
	[13]		50002055
	[22]		500020ca
	[29]		50001ebd
	[42]		500002b1
	[43]		50001f12
	[49]		500001c6
	[59]		5000208e
OBJ 500001c6 (sz=32, trace=301007, class=java.util.concurrent.ConcurrentHashMap$Node@50000024)
	key		50001a07
	val		500001c4
ARR 500001c8 (sz=8, trace=301863, nelems=2, elem type=int[])
OBJ 500001c9 (sz=24, trace=301864, class=sun.security.action.GetPropertyAction@50000084)
OBJ 500001ca (sz=24, trace=301010, class=java.lang.String@5000016e)
	value		500001cb
ARR 500001cb (sz=82, trace=301011, nelems=41, elem type=char[])
OBJ 500001cc (sz=16, trace=300157, class=java.lang.Object@50000172)
OBJ 500001cd (sz=32, trace=300159, class=java.util.concurrent.ConcurrentHashMap$Node@50000024)
	key		500001ca
	val		500001cc
OBJ 500001ce (sz=16, trace=300160, class=java.lang.Object@50000172)
OBJ 500001cf (sz=32, trace=300159, class=java.util.concurrent.ConcurrentHashMap$Node@50000024)
	key		500001ca
	val		500001ce
OBJ 500001d0 (sz=24, trace=301865, class=sun.security.action.GetPropertyAction@50000084)
OBJ 500001d2 (sz=24, trace=301866, class=sun.security.action.GetPropertyAction@50000084)
OBJ 500001d4 (sz=24, trace=301867, class=sun.security.action.GetPropertyAction@50000084)
OBJ 500001d5 (sz=40, trace=300984, class=sun.util.locale.BaseLocale$Key@5000001a)
OBJ 500001d6 (sz=40, trace=300985, class=java.lang.ref.SoftReference@50000152)
OBJ 500001d7 (sz=40, trace=300986, class=java.lang.ref.SoftReference@50000152)
OBJ 500001d8 (sz=40, trace=300987, class=java.lang.ref.SoftReference@50000152)
OBJ 500001d9 (sz=40, trace=300988, class=java.lang.ref.SoftReference@50000152)
OBJ 500001da (sz=32, trace=301868, class=sun.util.locale.BaseLocale@5000001c)
	language	50000808
	script		500005a0
	region		500008ff
	variant		500005a0
OBJ 500001db (sz=40, trace=301869, class=sun.util.locale.BaseLocale$Key@5000001a)
	lang		500001dc
	scrt		500001dd
	regn		500001de
	vart		500001df
OBJ 500001dc (sz=40, trace=300985, class=java.lang.ref.SoftReference@50000152)
	referent	50000808
	queue		500008aa
OBJ 500001dd (sz=40, trace=300986, class=java.lang.ref.SoftReference@50000152)
	referent	500005a0
	queue		500008aa
OBJ 500001de (sz=40, trace=300987, class=java.lang.ref.SoftReference@50000152)
	referent	500008ff
	queue		500008aa
OBJ 500001df (sz=40, trace=300988, class=java.lang.ref.SoftReference@50000152)
	referent	500005a0
	queue		500008aa
OBJ 500001e1 (sz=48, trace=300994, class=sun.util.locale.LocaleObjectCache$CacheEntry@50000019)
	referent	500001da
	queue		50000891
	key		500001db
OBJ 500001e2 (sz=32, trace=300996, class=java.util.concurrent.ConcurrentHashMap$Node@50000024)
	key		500001db
	val		500001e1
OBJ 500001e3 (sz=24, trace=300989, class=java.util.Locale$LocaleKey@50000018)
	base		500001da
OBJ 500001e4 (sz=32, trace=301870, class=java.util.Locale@5000002f)
	baseLocale	500001da
OBJ 500001e5 (sz=48, trace=300994, class=sun.util.locale.LocaleObjectCache$CacheEntry@50000019)
	referent	500001e4
	queue		5000086b
	key		500001e3
OBJ 500001e6 (sz=32, trace=300996, class=java.util.concurrent.ConcurrentHashMap$Node@50000024)
	key		500001e3
	val		500001e5
OBJ 500001e8 (sz=24, trace=300083, class=java.io.ExpiringCache$Entry@50000061)
	val		50000791
OBJ 500001e9 (sz=40, trace=300084, class=java.util.LinkedHashMap$Entry@50000060)
	key		5000078e
	value		500001e8
	before		50000723
	after		50001eb6
ARR 500001ea (sz=32, trace=301871, nelems=0, elem type=java.lang.StringBuilder[]@500001e7)
OBJ 500001eb (sz=24, trace=301872, class=java.lang.StringBuilder@50000121)
ARR 500001ec (sz=48, trace=301873, nelems=0, elem type=char[])
OBJ 500001ed (sz=24, trace=301874, class=java.lang.StringBuilder@50000121)
ARR 500001ee (sz=48, trace=301875, nelems=0, elem type=char[])
ARR 500001ef (sz=32, trace=301876, nelems=0, elem type=java.lang.String[]@500000c8)
OBJ 500001f0 (sz=24, trace=301877, class=java.lang.String@5000016e)
OBJ 500001f1 (sz=24, trace=301877, class=java.lang.String@5000016e)
ARR 500001f2 (sz=24, trace=301878, nelems=0, elem type=char[])
OBJ 500001f3 (sz=24, trace=301874, class=java.lang.StringBuilder@50000121)
ARR 500001f4 (sz=48, trace=301875, nelems=0, elem type=char[])
ARR 500001f6 (sz=32, trace=301876, nelems=0, elem type=java.lang.String[]@500000c8)
OBJ 500001f7 (sz=24, trace=301877, class=java.lang.String@5000016e)
ARR 500001f8 (sz=24, trace=301878, nelems=0, elem type=char[])
OBJ 500001f9 (sz=24, trace=301877, class=java.lang.String@5000016e)
ARR 500001fa (sz=24, trace=301878, nelems=0, elem type=char[])
OBJ 500001fb (sz=24, trace=301879, class=java.lang.String@5000016e)
ARR 500001fc (sz=24, trace=301880, nelems=0, elem type=char[])
OBJ 500001fd (sz=24, trace=301881, class=java.lang.StringBuffer@50000122)
ARR 500001fe (sz=48, trace=301882, nelems=0, elem type=char[])
OBJ 50000200 (sz=32, trace=301884, class=java.text.FieldPosition@500001ff)
OBJ 50000201 (sz=24, trace=300103, class=java.lang.String@5000016e)
ARR 50000202 (sz=160, trace=300104, nelems=0, elem type=char[])
OBJ 50000203 (sz=32, trace=300105, class=java.io.FileOutputStream@500000ad)
ARR 50000204 (sz=56, trace=301855, nelems=0, elem type=java.text.Format[]@500001b9)
OBJ 50000205 (sz=16, trace=300107, class=java.lang.Object@50000172)
OBJ 50000206 (sz=40, trace=300108, class=java.io.FileDescriptor@500000b2)
OBJ 50000207 (sz=24, trace=301885, class=java.lang.String@5000016e)
OBJ 5000020c (sz=48, trace=301888, class=java.util.HashMap@500000c6)
	table		50000217
OBJ 5000020e (sz=16, trace=300114, class=java.lang.ThreadLocal@50000086)
OBJ 5000020f (sz=16, trace=300115, class=java.lang.ThreadLocal@50000086)
OBJ 50000211 (sz=24, trace=300117, class=java.lang.ThreadLocal$ThreadLocalMap@50000210)
	table		50000214
ARR 50000214 (sz=80, trace=300119, nelems=15, elem type=java.lang.ThreadLocal$ThreadLocalMap$Entry[]@50000213)
	[5]		5000027b
	[7]		5000023f
	[14]		50000215
OBJ 50000215 (sz=32, trace=300120, class=java.lang.ThreadLocal$ThreadLocalMap$Entry@50000212)
	referent	5000020f
	queue		500008aa
	value		5000022e
OBJ 50000216 (sz=16, trace=301889, class=java.text.AttributedCharacterIterator$Attribute@50000209)
	name		5000081c
ARR 50000217 (sz=48, trace=301890, nelems=3, elem type=java.util.HashMap$Node[]@500000c2)
	[1]		5000021a
	[2]		50000218
OBJ 50000218 (sz=32, trace=300221, class=java.util.HashMap$Node@500000c4)
	key		5000081c
	value		50000216
	next		5000021c
OBJ 50000219 (sz=16, trace=301891, class=java.text.AttributedCharacterIterator$Attribute@50000209)
	name		50002c7a
OBJ 5000021a (sz=32, trace=300221, class=java.util.HashMap$Node@500000c4)
	key		50002c7a
	value		50000219
OBJ 5000021b (sz=16, trace=301892, class=java.text.AttributedCharacterIterator$Attribute@50000209)
	name		50002c79
OBJ 5000021c (sz=32, trace=300222, class=java.util.HashMap$Node@500000c4)
	key		50002c79
	value		5000021b
OBJ 5000021f (sz=16, trace=301893, class=java.text.MessageFormat$Field@5000020b)
	name		50002c77
OBJ 50000220 (sz=56, trace=300130, class=java.lang.Class$ReflectionData@500000a5)
OBJ 50000221 (sz=40, trace=300040, class=java.lang.ref.SoftReference@50000152)
OBJ 50000222 (sz=80, trace=300131, class=java.lang.reflect.Constructor@5000013d)
OBJ 50000223 (sz=24, trace=301894, class=java.lang.String@5000016e)
OBJ 50000224 (sz=24, trace=300133, class=sun.reflect.NativeConstructorAccessorImpl@5000007c)
OBJ 50000225 (sz=16, trace=300134, class=sun.reflect.DelegatingConstructorAccessorImpl@5000007b)
OBJ 50000226 (sz=24, trace=300135, class=sun.nio.cs.UTF_8@5000021e)
	name		50000f09
	aliases		50001198
ARR 50000227 (sz=48, trace=301895, nelems=0, elem type=char[])
OBJ 50000229 (sz=32, trace=300138, class=java.lang.StringCoding$StringEncoder@50000228)
	cs		50000226
	ce		5000022c
	requestedCharsetName	50000f09
OBJ 5000022b (sz=24, trace=301896, class=java.lang.String@5000016e)
OBJ 5000022c (sz=56, trace=300141, class=sun.nio.cs.UTF_8$Encoder@5000022a)
	charset		50000226
	replacement	5000022d
	malformedInputAction	50001693
	unmappableCharacterAction	50001693
ARR 5000022d (sz=1, trace=300142, nelems=1, elem type=byte[])
OBJ 5000022e (sz=40, trace=300143, class=java.lang.ref.SoftReference@50000152)
	referent	50000229
	queue		500008aa
OBJ 5000022f (sz=48, trace=300896, class=java.nio.HeapCharBuffer@50000035)
ARR 50000230 (sz=80, trace=301897, nelems=0, elem type=java.util.HashMap$Node[]@500000c2)
OBJ 50000232 (sz=40, trace=300084, class=java.util.LinkedHashMap$Entry@50000060)
OBJ 50000233 (sz=376, trace=300000, class=java.lang.Thread@5000014a)
OBJ 50000235 (sz=24, trace=300148, class=sun.launcher.LauncherHelper@50000234)
	name		50002f27
ARR 50000237 (sz=24, trace=300149, nelems=1, elem type=sun.launcher.LauncherHelper[]@50000236)
	[0]		50000235
OBJ 50000238 (sz=24, trace=300150, class=java.lang.StringBuilder@50000121)
	value		50000239
ARR 50000239 (sz=32, trace=300151, nelems=16, elem type=char[])
OBJ 5000023a (sz=24, trace=301898, class=com.sun.tools.javac.code.Source@50001843)
	name		50002a3a
	name		50002a30
OBJ 5000023b (sz=24, trace=301899, class=com.sun.tools.javac.code.Source@50001843)
	name		50002a3b
	name		50002a31
OBJ 5000023c (sz=24, trace=301900, class=com.sun.tools.javac.code.Source@50001843)
	name		50002a3c
	name		500013fb
OBJ 5000023d (sz=24, trace=301901, class=com.sun.tools.javac.code.Source@50001843)
	name		50002a3d
	name		50002a32
OBJ 5000023e (sz=24, trace=300152, class=java.lang.String@5000016e)
	value		50000244
OBJ 5000023f (sz=32, trace=300120, class=java.lang.ThreadLocal$ThreadLocalMap$Entry@50000212)
	referent	5000020e
	queue		500008aa
	value		50000871
OBJ 50000241 (sz=24, trace=301902, class=com.sun.tools.javac.code.Source@50001843)
	name		50002a3e
	name		50002a33
OBJ 50000242 (sz=24, trace=301903, class=com.sun.tools.javac.code.Source@50001843)
	name		50002a3f
	name		50002a34
OBJ 50000243 (sz=24, trace=301904, class=com.sun.tools.javac.code.Source@50001843)
	name		50002a40
	name		50002a35
ARR 50000244 (sz=48, trace=300156, nelems=24, elem type=char[])
OBJ 50000245 (sz=16, trace=300157, class=java.lang.Object@50000172)
OBJ 50000247 (sz=32, trace=300221, class=java.util.HashMap$Node@500000c4)
	key		50001976
	value		5000196a
	next		500002a3
OBJ 50000248 (sz=16, trace=300160, class=java.lang.Object@50000172)
OBJ 50000249 (sz=32, trace=300221, class=java.util.HashMap$Node@500000c4)
	key		50001977
	value		500019ea
OBJ 5000024a (sz=32, trace=300221, class=java.util.HashMap$Node@500000c4)
	key		50001978
	value		500019eb
OBJ 5000024c (sz=32, trace=300221, class=java.util.HashMap$Node@500000c4)
	key		5000197c
	value		5000191c
OBJ 5000024d (sz=32, trace=300221, class=java.util.HashMap$Node@500000c4)
	key		50001984
	value		50001956
OBJ 5000024e (sz=32, trace=300221, class=java.util.HashMap$Node@500000c4)
	key		5000198d
	value		50001904
OBJ 5000024f (sz=32, trace=300221, class=java.util.HashMap$Node@500000c4)
	key		50001992
	value		50001909
	next		5000028d
OBJ 50000250 (sz=32, trace=300221, class=java.util.HashMap$Node@500000c4)
	key		50001993
	value		50001908
	next		50000267
OBJ 50000252 (sz=32, trace=300222, class=java.util.HashMap$Node@500000c4)
	key		50001994
	value		5000190f
OBJ 50000253 (sz=32, trace=300221, class=java.util.HashMap$Node@500000c4)
	key		50001995
	value		50001911
OBJ 50000254 (sz=32, trace=300221, class=java.util.HashMap$Node@500000c4)
	key		50001996
	value		50001912
OBJ 50000255 (sz=24, trace=300170, class=java.lang.String@5000016e)
	value		50000256
ARR 50000256 (sz=154, trace=300171, nelems=77, elem type=char[])
OBJ 50000258 (sz=32, trace=300221, class=java.util.HashMap$Node@500000c4)
	key		50001997
	value		50001913
OBJ 5000025f (sz=16, trace=300177, class=java.util.zip.ZipFile$1@5000025e)
OBJ 50000260 (sz=32, trace=300221, class=java.util.HashMap$Node@500000c4)
	key		50001998
	value		50001914
OBJ 50000261 (sz=32, trace=300221, class=java.util.HashMap$Node@500000c4)
	key		50001999
	value		500019e9
OBJ 50000262 (sz=32, trace=300221, class=java.util.HashMap$Node@500000c4)
	key		5000199a
	value		50001915
OBJ 50000263 (sz=32, trace=300222, class=java.util.HashMap$Node@500000c4)
	key		5000199b
	value		50001916
OBJ 50000265 (sz=32, trace=300221, class=java.util.HashMap$Node@500000c4)
	key		5000199c
	value		50001917
OBJ 50000267 (sz=32, trace=300222, class=java.util.HashMap$Node@500000c4)
	key		500019a0
	value		50001905
OBJ 50000268 (sz=24, trace=300184, class=java.lang.String@5000016e)
	value		50000269
ARR 50000269 (sz=154, trace=300185, nelems=77, elem type=char[])
OBJ 5000026a (sz=64, trace=300186, class=java.net.URL@50000119)
	protocol	50000f4f
	host		500005a0
	file		50000268
	authority	500005a0
	path		50000268
	handler		5000189a
OBJ 5000026b (sz=32, trace=300222, class=java.util.HashMap$Node@500000c4)
	key		500019a1
	value		50001918
OBJ 5000026c (sz=56, trace=300188, class=sun.misc.URLClassPath$JarLoader@5000025a)
	base		5000026a
	csu		500018a3
	metaIndex	5000174b
	handler		5000189a
	lmap		5000189b
	acc		50000a97
OBJ 5000026d (sz=32, trace=300221, class=java.util.HashMap$Node@500000c4)
	key		500019a2
	value		50001919
OBJ 5000026e (sz=32, trace=300222, class=java.util.HashMap$Node@500000c4)
	key		500019a3
	value		50001931
OBJ 5000026f (sz=32, trace=300222, class=java.util.HashMap$Node@500000c4)
	key		500019a4
	value		5000194d
OBJ 50000270 (sz=32, trace=300999, class=java.util.ResourceBundle$LoaderReference@50002272)
	referent	500003b4
	queue		50001e66
	cacheKey	50002a15
OBJ 50000271 (sz=48, trace=301005, class=java.util.ResourceBundle$BundleReference@500001c2)
	referent	50001e64
	queue		50001e66
	cacheKey	50002a15
OBJ 50000272 (sz=32, trace=301007, class=java.util.concurrent.ConcurrentHashMap$Node@50000024)
	key		50002a15
	val		50000271
OBJ 50000276 (sz=24, trace=300197, class=sun.nio.cs.ThreadLocalCoders$1@50000275)
	cache		50000277
OBJ 50000277 (sz=16, trace=300198, class=java.lang.ThreadLocal@50000086)
OBJ 50000279 (sz=24, trace=300200, class=sun.nio.cs.ThreadLocalCoders$2@50000278)
	cache		5000027a
OBJ 5000027a (sz=16, trace=300201, class=java.lang.ThreadLocal@50000086)
OBJ 5000027b (sz=32, trace=300120, class=java.lang.ThreadLocal$ThreadLocalMap$Entry@50000212)
	referent	50000277
	queue		500008aa
	value		5000027c
ARR 5000027c (sz=32, trace=300202, nelems=1, elem type=java.lang.Object[]@50000108)
	[0]		5000027e
OBJ 5000027e (sz=40, trace=300204, class=sun.nio.cs.UTF_8$Decoder@5000027d)
	charset		50000226
	replacement	500016a5
	malformedInputAction	500005c6
	unmappableCharacterAction	500005c6
OBJ 5000027f (sz=32, trace=300222, class=java.util.HashMap$Node@500000c4)
	key		500019a5
	value		5000194e
OBJ 50000280 (sz=32, trace=300222, class=java.util.HashMap$Node@500000c4)
	key		500019a6
	value		50001930
OBJ 50000281 (sz=32, trace=300221, class=java.util.HashMap$Node@500000c4)
	key		500019a7
	value		50001944
OBJ 50000282 (sz=24, trace=301010, class=java.lang.String@5000016e)
	value		50000283
ARR 50000283 (sz=88, trace=301011, nelems=44, elem type=char[])
OBJ 50000284 (sz=16, trace=300157, class=java.lang.Object@50000172)
OBJ 50000285 (sz=32, trace=300222, class=java.util.HashMap$Node@500000c4)
	key		500019a8
	value		50001947
OBJ 50000286 (sz=16, trace=300160, class=java.lang.Object@50000172)
OBJ 50000287 (sz=32, trace=300221, class=java.util.HashMap$Node@500000c4)
	key		500019a9
	value		50001932
OBJ 50000288 (sz=32, trace=300221, class=java.util.HashMap$Node@500000c4)
	key		500019aa
	value		50001933
OBJ 50000289 (sz=32, trace=300222, class=java.util.HashMap$Node@500000c4)
	key		500019b4
	value		50001926
OBJ 5000028a (sz=32, trace=300222, class=java.util.HashMap$Node@500000c4)
	key		500019b6
	value		5000192b
OBJ 5000028b (sz=32, trace=300221, class=java.util.HashMap$Node@500000c4)
	key		500019c3
	value		50001929
OBJ 5000028c (sz=32, trace=300222, class=java.util.HashMap$Node@500000c4)
	key		500019c4
	value		5000194f
	next		5000029c
OBJ 5000028d (sz=32, trace=300222, class=java.util.HashMap$Node@500000c4)
	key		500019c5
	value		50001937
ARR 5000028e (sz=80, trace=300220, nelems=15, elem type=java.util.HashMap$Node[]@500000c2)
	[0]		5000028f
	[2]		500003f7
	[3]		500002df
	[5]		5000032f
	[10]		50000357
	[12]		500002b7
	[13]		500003a7
	[14]		50000307
OBJ 5000028f (sz=32, trace=300221, class=java.util.HashMap$Node@500000c4)
	key		50000255
	value		5000026c
OBJ 50000290 (sz=32, trace=300222, class=java.util.HashMap$Node@500000c4)
	key		500019c6
	value		50001951
OBJ 50000291 (sz=32, trace=300221, class=java.util.HashMap$Node@500000c4)
	key		500019c7
	value		50001945
OBJ 50000292 (sz=32, trace=300221, class=java.util.HashMap$Node@500000c4)
	key		500019c8
	value		50001946
OBJ 50000293 (sz=24, trace=300170, class=java.lang.String@5000016e)
	value		50000294
ARR 50000294 (sz=138, trace=300171, nelems=69, elem type=char[])
OBJ 50000295 (sz=32, trace=300221, class=java.util.HashMap$Node@500000c4)
	key		500019c9
	value		50001939
OBJ 50000296 (sz=32, trace=300222, class=java.util.HashMap$Node@500000c4)
	key		500019ca
	value		50001921
OBJ 50000297 (sz=32, trace=300222, class=java.util.HashMap$Node@500000c4)
	key		500019cb
	value		5000192a
OBJ 50000298 (sz=32, trace=300221, class=java.util.HashMap$Node@500000c4)
	key		500019cc
	value		50001928
OBJ 50000299 (sz=32, trace=300221, class=java.util.HashMap$Node@500000c4)
	key		500019cd
	value		50001948
OBJ 5000029a (sz=32, trace=300222, class=java.util.HashMap$Node@500000c4)
	key		500019ce
	value		5000192c
OBJ 5000029b (sz=32, trace=300221, class=java.util.HashMap$Node@500000c4)
	key		500019cf
	value		50001952
OBJ 5000029c (sz=32, trace=300222, class=java.util.HashMap$Node@500000c4)
	key		500019d0
	value		5000193d
OBJ 5000029d (sz=32, trace=300221, class=java.util.HashMap$Node@500000c4)
	key		500019d1
	value		5000193b
OBJ 5000029e (sz=24, trace=300184, class=java.lang.String@5000016e)
	value		5000029f
ARR 5000029f (sz=138, trace=300185, nelems=69, elem type=char[])
OBJ 500002a0 (sz=64, trace=300186, class=java.net.URL@50000119)
	protocol	50000f4f
	host		500005a0
	file		5000029e
	authority	500005a0
	path		5000029e
	handler		5000189a
OBJ 500002a1 (sz=32, trace=300221, class=java.util.HashMap$Node@500000c4)
	key		500019d2
	value		5000193a
OBJ 500002a2 (sz=56, trace=300188, class=sun.misc.URLClassPath$JarLoader@5000025a)
	base		500002a0
	csu		500018a4
	metaIndex	50001737
	handler		5000189a
	lmap		5000189b
	acc		50000a97
OBJ 500002a3 (sz=32, trace=300222, class=java.util.HashMap$Node@500000c4)
	key		500019d3
	value		50001938
OBJ 500002a4 (sz=32, trace=300221, class=java.util.HashMap$Node@500000c4)
	key		500019d4
	value		5000193c
	next		500002c5
OBJ 500002a5 (sz=32, trace=300221, class=java.util.HashMap$Node@500000c4)
	key		500019d5
	value		50001920
OBJ 500002a6 (sz=32, trace=300221, class=java.util.HashMap$Node@500000c4)
	key		500019d6
	value		5000192d
OBJ 500002a7 (sz=32, trace=300221, class=java.util.HashMap$Node@500000c4)
	key		500019d7
	value		50001949
OBJ 500002a8 (sz=32, trace=300222, class=java.util.HashMap$Node@500000c4)
	key		500019d8
	value		5000191f
OBJ 500002a9 (sz=32, trace=300221, class=java.util.HashMap$Node@500000c4)
	key		500019d9
	value		50001953
OBJ 500002aa (sz=32, trace=300222, class=java.util.HashMap$Node@500000c4)
	key		500019da
	value		50001941
OBJ 500002ab (sz=32, trace=300222, class=java.util.HashMap$Node@500000c4)
	key		500019db
	value		50001922
OBJ 500002ac (sz=32, trace=300221, class=java.util.HashMap$Node@500000c4)
	key		500019dc
	value		50001943
	next		500002ad
OBJ 500002ad (sz=32, trace=300222, class=java.util.HashMap$Node@500000c4)
	key		500019dd
	value		50001942
OBJ 500002ae (sz=32, trace=300221, class=java.util.HashMap$Node@500000c4)
	key		500019de
	value		5000193e
OBJ 500002af (sz=32, trace=300999, class=java.util.ResourceBundle$LoaderReference@50002272)
	referent	500003b4
	queue		50001e66
	cacheKey	50002943
OBJ 500002b0 (sz=48, trace=301005, class=java.util.ResourceBundle$BundleReference@500001c2)
	referent	50001e64
	queue		50001e66
	cacheKey	50002943
OBJ 500002b1 (sz=32, trace=301007, class=java.util.concurrent.ConcurrentHashMap$Node@50000024)
	key		50002943
	val		500002b0
OBJ 500002b2 (sz=32, trace=300221, class=java.util.HashMap$Node@500000c4)
	key		500019df
	value		50001950
	next		500002c3
OBJ 500002b3 (sz=16, trace=300157, class=java.lang.Object@50000172)
OBJ 500002b4 (sz=32, trace=300683, class=java.util.concurrent.ConcurrentHashMap$Node@50000024)
	key		50000ccb
	val		500002b3
	next		50001adc
OBJ 500002b5 (sz=16, trace=300160, class=java.lang.Object@50000172)
OBJ 500002b6 (sz=32, trace=300683, class=java.util.concurrent.ConcurrentHashMap$Node@50000024)
	key		50000ccb
	val		500002b5
	next		50001ade
OBJ 500002b7 (sz=32, trace=300221, class=java.util.HashMap$Node@500000c4)
	key		50000293
	value		500002a2
OBJ 500002b8 (sz=32, trace=300221, class=java.util.HashMap$Node@500000c4)
	key		500019e0
	value		5000194a
ARR 500002b9 (sz=80, trace=301025, nelems=0, elem type=java.util.HashMap$Node[]@500000c2)
OBJ 500002ba (sz=32, trace=300222, class=java.util.HashMap$Node@500000c4)
	key		500019e1
	value		50001927
OBJ 500002bb (sz=24, trace=300170, class=java.lang.String@5000016e)
	value		500002bc
ARR 500002bc (sz=132, trace=300171, nelems=66, elem type=char[])
OBJ 500002bd (sz=32, trace=300222, class=java.util.HashMap$Node@500000c4)
OBJ 500002be (sz=24, trace=301026, class=com.sun.tools.javac.util.JCDiagnostic$Factory@50001d2b)
OBJ 500002bf (sz=16, trace=300157, class=java.lang.Object@50000172)
OBJ 500002c0 (sz=32, trace=300683, class=java.util.concurrent.ConcurrentHashMap$Node@50000024)
	key		50000d0f
	val		500002bf
OBJ 500002c1 (sz=16, trace=300160, class=java.lang.Object@50000172)
OBJ 500002c2 (sz=32, trace=300683, class=java.util.concurrent.ConcurrentHashMap$Node@50000024)
	key		50000d0f
	val		500002c1
OBJ 500002c3 (sz=32, trace=300222, class=java.util.HashMap$Node@500000c4)
	key		500019e2
	value		5000192f
OBJ 500002c4 (sz=32, trace=300222, class=java.util.HashMap$Node@500000c4)
	key		500019e3
	value		50001959
OBJ 500002c5 (sz=32, trace=300222, class=java.util.HashMap$Node@500000c4)
	key		500019e4
	value		500019f6
OBJ 500002c6 (sz=24, trace=300184, class=java.lang.String@5000016e)
	value		500002c7
ARR 500002c7 (sz=132, trace=300185, nelems=66, elem type=char[])
OBJ 500002c8 (sz=64, trace=300186, class=java.net.URL@50000119)
	protocol	50000f4f
	host		500005a0
	file		500002c6
	authority	500005a0
	path		500002c6
	handler		5000189a
ARR 500002c9 (sz=1040, trace=301849, nelems=255, elem type=java.util.HashMap$Node[]@500000c2)
	[2]		50000261
	[4]		5000036c
	[7]		500003fe
	[8]		50002691
	[11]		50000403
	[12]		500002b8
	[14]		5000268c
	[17]		5000268b
	[18]		5000268e
	[20]		5000268a
	[23]		5000024d
	[25]		50000401
	[29]		50000299
	[30]		50000247
	[34]		500003ff
	[41]		50000253
	[49]		500002a8
	[53]		500003f5
	[57]		5000026e
	[69]		500003f4
	[72]		50000292
	[76]		50000258
	[77]		500002cb
	[78]		5000268d
	[80]		50000250
	[84]		500003f8
	[85]		500002b2
	[89]		500002a6
	[91]		500002ba
	[92]		50000260
	[95]		500002a5
	[96]		50000400
	[99]		50000404
	[100]		5000028b
	[106]		50000287
	[110]		5000036f
	[112]		500003fa
	[113]		500002a9
	[116]		5000036d
	[118]		500002a1
	[119]		5000026d
	[122]		5000024e
	[123]		500002cc
	[125]		50000298
	[127]		50002690
	[130]		50000297
	[131]		50002692
	[136]		500003f2
	[137]		50000409
	[138]		500003fd
	[145]		50000263
	[147]		50000291
	[153]		5000026f
	[160]		50000254
	[163]		50000265
	[164]		500002cd
	[167]		50000402
	[170]		500002ac
	[175]		50000281
	[177]		50000288
	[178]		50000295
	[183]		500002ae
	[184]		500003f9
	[185]		50002693
	[188]		50000262
	[192]		5000029b
	[193]		5000024a
	[202]		5000268f
	[203]		5000036e
	[204]		50000290
	[212]		50000252
	[214]		5000024f
	[215]		500002a7
	[216]		5000024c
	[219]		500002a4
	[224]		50000280
	[225]		50000249
	[231]		500003f6
	[232]		5000029d
	[240]		5000029a
	[251]		500003f3
	[254]		50002689
OBJ 500002ca (sz=56, trace=300188, class=sun.misc.URLClassPath$JarLoader@5000025a)
	base		500002c8
	csu		500018aa
	metaIndex	500017b4
	handler		5000189a
	lmap		5000189b
	acc		50000a97
OBJ 500002cb (sz=32, trace=300221, class=java.util.HashMap$Node@500000c4)
	key		500019e5
	value		500019f0
OBJ 500002cc (sz=32, trace=300221, class=java.util.HashMap$Node@500000c4)
	key		500019e6
	value		500019f1
OBJ 500002cd (sz=32, trace=300221, class=java.util.HashMap$Node@500000c4)
	key		500019e7
	value		500019f2
OBJ 500002ce (sz=16, trace=300157, class=java.lang.Object@50000172)
OBJ 500002cf (sz=32, trace=300159, class=java.util.concurrent.ConcurrentHashMap$Node@50000024)
	key		50000c60
	val		500002ce
OBJ 500002d0 (sz=16, trace=300160, class=java.lang.Object@50000172)
OBJ 500002d1 (sz=32, trace=300159, class=java.util.concurrent.ConcurrentHashMap$Node@50000024)
	key		50000c60
	val		500002d0
ARR 500002d4 (sz=56, trace=301856, nelems=0, elem type=int[])
ARR 500002d5 (sz=56, trace=301857, nelems=0, elem type=int[])
OBJ 500002d7 (sz=40, trace=301859, class=java.util.Locale$Category@500002d6)
	name		50002c63
	languageKey	50002c67
	scriptKey	50002c69
	countryKey	50002c65
	variantKey	50002c6b
ARR 500002d9 (sz=24, trace=301861, nelems=2, elem type=java.util.Locale$Category[]@500002d8)
	[0]		500002d7
	[1]		500001bd
ARR 500002da (sz=48, trace=301905, nelems=7, elem type=com.sun.tools.javac.code.Source[]@50000246)
	[0]		5000023a
	[1]		5000023b
	[2]		5000023c
	[3]		5000023d
	[4]		50000241
	[5]		50000242
	[6]		50000243
OBJ 500002db (sz=16, trace=301906, class=com.sun.tools.javac.util.Context$Key@50001504)
OBJ 500002dc (sz=48, trace=301907, class=java.util.HashMap@500000c6)
	table		500002dd
ARR 500002dd (sz=80, trace=301908, nelems=12, elem type=java.util.HashMap$Node[]@500000c2)
	[5]		500002de
	[6]		500002e0
	[7]		500002e1
	[8]		500002e2
	[9]		500002e5
	[10]		500002e6
	[11]		500002e7
OBJ 500002de (sz=32, trace=300221, class=java.util.HashMap$Node@500000c4)
	key		50002a30
	value		5000023a
	next		500002e8
OBJ 500002df (sz=32, trace=300221, class=java.util.HashMap$Node@500000c4)
	key		500002bb
	value		500002ca
	next		500003cf
OBJ 500002e0 (sz=32, trace=300221, class=java.util.HashMap$Node@500000c4)
	key		50002a31
	value		5000023b
	next		500002e9
OBJ 500002e1 (sz=32, trace=300221, class=java.util.HashMap$Node@500000c4)
	key		500013fb
	value		5000023c
	next		500002ea
OBJ 500002e2 (sz=32, trace=300221, class=java.util.HashMap$Node@500000c4)
	key		50002a32
	value		5000023d
	next		500002eb
OBJ 500002e3 (sz=24, trace=300170, class=java.lang.String@5000016e)
	value		500002e4
ARR 500002e4 (sz=136, trace=300171, nelems=68, elem type=char[])
OBJ 500002e5 (sz=32, trace=300221, class=java.util.HashMap$Node@500000c4)
	key		50002a33
	value		50000241
OBJ 500002e6 (sz=32, trace=300221, class=java.util.HashMap$Node@500000c4)
	key		50002a34
	value		50000242
OBJ 500002e7 (sz=32, trace=300221, class=java.util.HashMap$Node@500000c4)
	key		50002a35
	value		50000243
OBJ 500002e8 (sz=32, trace=300222, class=java.util.HashMap$Node@500000c4)
	key		50002a36
	value		5000023d
OBJ 500002e9 (sz=32, trace=300222, class=java.util.HashMap$Node@500000c4)
	key		50002a37
	value		50000241
OBJ 500002ea (sz=32, trace=300222, class=java.util.HashMap$Node@500000c4)
	key		50002a38
	value		50000242
OBJ 500002eb (sz=32, trace=300222, class=java.util.HashMap$Node@500000c4)
	key		50002a39
	value		50000243
OBJ 500002ec (sz=32, trace=301909, class=com.sun.tools.javac.jvm.Target@50000b34)
	name		50002a53
	name		50002a52
OBJ 500002ed (sz=32, trace=301910, class=com.sun.tools.javac.jvm.Target@50000b34)
	name		50002a3a
	name		50002a30
OBJ 500002ee (sz=24, trace=300184, class=java.lang.String@5000016e)
	value		500002ef
ARR 500002ef (sz=136, trace=300185, nelems=68, elem type=char[])
OBJ 500002f0 (sz=64, trace=300186, class=java.net.URL@50000119)
	protocol	50000f4f
	host		500005a0
	file		500002ee
	authority	500005a0
	path		500002ee
	handler		5000189a
OBJ 500002f1 (sz=32, trace=301911, class=com.sun.tools.javac.jvm.Target@50000b34)
	name		50002a3b
	name		50002a31
OBJ 500002f2 (sz=56, trace=300188, class=sun.misc.URLClassPath$JarLoader@5000025a)
	base		500002f0
	csu		500018ab
	metaIndex	5000176b
	handler		5000189a
	lmap		5000189b
	acc		50000a97
OBJ 500002f3 (sz=32, trace=301912, class=com.sun.tools.javac.jvm.Target@50000b34)
	name		50002a3c
	name		500013fb
OBJ 500002f4 (sz=32, trace=301913, class=com.sun.tools.javac.jvm.Target@50000b34)
	name		50002a3d
	name		50002a32
OBJ 500002f5 (sz=32, trace=301914, class=com.sun.tools.javac.jvm.Target@50000b34)
	name		50002a3e
	name		50002a33
OBJ 500002f6 (sz=32, trace=301915, class=com.sun.tools.javac.jvm.Target@50000b34)
	name		50002a3f
	name		50002a34
OBJ 500002f7 (sz=32, trace=301916, class=com.sun.tools.javac.jvm.Target@50000b34)
	name		50002a40
	name		50002a35
ARR 500002f9 (sz=48, trace=301917, nelems=8, elem type=com.sun.tools.javac.jvm.Target[]@500002f8)
	[0]		500002ec
	[1]		500002ed
	[2]		500002f1
	[3]		500002f3
	[4]		500002f4
	[5]		500002f5
	[6]		500002f6
	[7]		500002f7
OBJ 500002fa (sz=16, trace=301918, class=com.sun.tools.javac.util.Context$Key@50001504)
OBJ 500002fb (sz=48, trace=301919, class=java.util.HashMap@500000c6)
	table		500002fc
ARR 500002fc (sz=80, trace=301920, nelems=12, elem type=java.util.HashMap$Node[]@500000c2)
	[4]		500002fd
	[5]		500002fe
	[6]		500002ff
	[7]		50000300
	[8]		50000301
	[9]		50000302
	[10]		50000305
	[11]		50000306
OBJ 500002fd (sz=32, trace=300221, class=java.util.HashMap$Node@500000c4)
	key		50002a52
	value		500002ec
OBJ 500002fe (sz=32, trace=300221, class=java.util.HashMap$Node@500000c4)
	key		50002a30
	value		500002ed
	next		50000308
OBJ 500002ff (sz=32, trace=300221, class=java.util.HashMap$Node@500000c4)
	key		50002a31
	value		500002f1
	next		50000309
OBJ 50000300 (sz=32, trace=300221, class=java.util.HashMap$Node@500000c4)
	key		500013fb
	value		500002f3
	next		5000030a
OBJ 50000301 (sz=32, trace=300221, class=java.util.HashMap$Node@500000c4)
	key		50002a32
	value		500002f4
	next		5000030d
OBJ 50000302 (sz=32, trace=300221, class=java.util.HashMap$Node@500000c4)
	key		50002a33
	value		500002f5
OBJ 50000303 (sz=56, trace=300687, class=java.util.zip.ZipFile$ZipFileInputStream@5000055c)
	this$0		500004ec
OBJ 50000304 (sz=40, trace=300106, class=java.lang.ref.Finalizer@5000014d)
	referent	50000303
	queue		500003aa
	next		500022d1
	prev		50000361
OBJ 50000305 (sz=32, trace=300221, class=java.util.HashMap$Node@500000c4)
	key		50002a34
	value		500002f6
OBJ 50000306 (sz=32, trace=300221, class=java.util.HashMap$Node@500000c4)
	key		50002a35
	value		500002f7
OBJ 50000307 (sz=32, trace=300221, class=java.util.HashMap$Node@500000c4)
	key		500002e3
	value		500002f2
OBJ 50000308 (sz=32, trace=300222, class=java.util.HashMap$Node@500000c4)
	key		50002a36
	value		500002f4
OBJ 50000309 (sz=32, trace=300222, class=java.util.HashMap$Node@500000c4)
	key		50002a37
	value		500002f5
OBJ 5000030a (sz=32, trace=300222, class=java.util.HashMap$Node@500000c4)
	key		50002a38
	value		500002f6
OBJ 5000030b (sz=24, trace=300170, class=java.lang.String@5000016e)
	value		5000030c
ARR 5000030c (sz=132, trace=300171, nelems=66, elem type=char[])
OBJ 5000030d (sz=32, trace=300222, class=java.util.HashMap$Node@500000c4)
	key		50002a39
	value		500002f7
OBJ 5000030e (sz=16, trace=300157, class=java.lang.Object@50000172)
OBJ 5000030f (sz=32, trace=300159, class=java.util.concurrent.ConcurrentHashMap$Node@50000024)
	key		50000c15
	val		5000030e
OBJ 50000310 (sz=16, trace=300160, class=java.lang.Object@50000172)
OBJ 50000311 (sz=32, trace=300159, class=java.util.concurrent.ConcurrentHashMap$Node@50000024)
	key		50000c15
	val		50000310
OBJ 50000312 (sz=24, trace=301921, class=com.sun.tools.javac.util.List$3@50001e5c)
OBJ 50000313 (sz=24, trace=301073, class=java.lang.StringBuilder@50000121)
ARR 50000314 (sz=48, trace=301074, nelems=0, elem type=char[])
OBJ 50000315 (sz=16, trace=300157, class=java.lang.Object@50000172)
OBJ 50000316 (sz=24, trace=300184, class=java.lang.String@5000016e)
	value		50000317
ARR 50000317 (sz=132, trace=300185, nelems=66, elem type=char[])
OBJ 50000318 (sz=64, trace=300186, class=java.net.URL@50000119)
	protocol	50000f4f
	host		500005a0
	file		50000316
	authority	500005a0
	path		50000316
	handler		5000189a
OBJ 50000319 (sz=32, trace=300159, class=java.util.concurrent.ConcurrentHashMap$Node@50000024)
	key		50000b5c
	val		50000315
OBJ 5000031a (sz=56, trace=300188, class=sun.misc.URLClassPath$JarLoader@5000025a)
	base		50000318
	csu		500018ac
	metaIndex	500017c9
	handler		5000189a
	lmap		5000189b
	acc		50000a97
OBJ 5000031b (sz=16, trace=300160, class=java.lang.Object@50000172)
OBJ 5000031c (sz=32, trace=300159, class=java.util.concurrent.ConcurrentHashMap$Node@50000024)
	key		50000b5c
	val		5000031b
OBJ 5000031d (sz=24, trace=301075, class=java.lang.String@5000016e)
ARR 5000031e (sz=40, trace=301076, nelems=0, elem type=char[])
OBJ 5000031f (sz=32, trace=300815, class=java.util.RegularEnumSet@50001632)
OBJ 50000320 (sz=40, trace=301077, class=com.sun.tools.javac.util.BasicDiagnosticFormatter$BasicConfiguration@50000903)
OBJ 50000321 (sz=48, trace=301078, class=java.util.HashMap@500000c6)
ARR 50000322 (sz=80, trace=301038, nelems=0, elem type=java.util.HashMap$Node[]@500000c2)
OBJ 50000323 (sz=32, trace=300221, class=java.util.HashMap$Node@500000c4)
OBJ 50000324 (sz=32, trace=300221, class=java.util.HashMap$Node@500000c4)
OBJ 50000325 (sz=40, trace=301042, class=java.util.EnumMap@500009e4)
ARR 50000326 (sz=32, trace=301079, nelems=0, elem type=java.lang.Object[]@50000108)
OBJ 50000327 (sz=48, trace=301080, class=java.util.HashMap@500000c6)
ARR 50000328 (sz=80, trace=301052, nelems=0, elem type=java.util.HashMap$Node[]@500000c2)
OBJ 50000329 (sz=32, trace=300221, class=java.util.HashMap$Node@500000c4)
OBJ 5000032a (sz=32, trace=300222, class=java.util.HashMap$Node@500000c4)
OBJ 5000032b (sz=32, trace=300221, class=java.util.HashMap$Node@500000c4)
OBJ 5000032c (sz=32, trace=300221, class=java.util.HashMap$Node@500000c4)
OBJ 5000032d (sz=32, trace=301922, class=com.sun.tools.javac.util.BasicDiagnosticFormatter@50000374)
OBJ 5000032e (sz=24, trace=301085, class=com.sun.tools.javac.util.AbstractDiagnosticFormatter$1@500004e0)
OBJ 5000032f (sz=32, trace=300221, class=java.util.HashMap$Node@500000c4)
	key		5000030b
	value		5000031a
	next		5000037f
OBJ 50000330 (sz=16, trace=300157, class=java.lang.Object@50000172)
OBJ 50000331 (sz=32, trace=300159, class=java.util.concurrent.ConcurrentHashMap$Node@50000024)
	key		50000c41
	val		50000330
OBJ 50000332 (sz=16, trace=300160, class=java.lang.Object@50000172)
OBJ 50000333 (sz=24, trace=300170, class=java.lang.String@5000016e)
	value		50000334
ARR 50000334 (sz=142, trace=300171, nelems=71, elem type=char[])
OBJ 50000335 (sz=32, trace=300159, class=java.util.concurrent.ConcurrentHashMap$Node@50000024)
	key		50000c41
	val		50000332
OBJ 50000336 (sz=24, trace=300162, class=java.net.URLClassLoader$1@5000024b)
ARR 50000337 (sz=88, trace=300163, nelems=0, elem type=char[])
OBJ 50000338 (sz=24, trace=300164, class=java.lang.String@5000016e)
ARR 50000339 (sz=104, trace=300165, nelems=0, elem type=char[])
OBJ 5000033a (sz=24, trace=300166, class=java.lang.String@5000016e)
OBJ 5000033b (sz=40, trace=300223, class=java.lang.ClassNotFoundException@5000015c)
OBJ 5000033c (sz=24, trace=300224, class=java.net.URLClassLoader$1@5000024b)
ARR 5000033d (sz=88, trace=300163, nelems=0, elem type=char[])
OBJ 5000033e (sz=24, trace=300184, class=java.lang.String@5000016e)
	value		5000033f
ARR 5000033f (sz=142, trace=300185, nelems=71, elem type=char[])
OBJ 50000340 (sz=64, trace=300186, class=java.net.URL@50000119)
	protocol	50000f4f
	host		500005a0
	file		5000033e
	authority	500005a0
	path		5000033e
	handler		5000189a
OBJ 50000341 (sz=24, trace=300164, class=java.lang.String@5000016e)
OBJ 50000342 (sz=56, trace=300188, class=sun.misc.URLClassPath$JarLoader@5000025a)
	base		50000340
	csu		500018ad
	metaIndex	5000177e
	handler		5000189a
	lmap		5000189b
	acc		50000a97
ARR 50000343 (sz=104, trace=300165, nelems=0, elem type=char[])
OBJ 50000344 (sz=24, trace=300166, class=java.lang.String@5000016e)
ARR 50000345 (sz=104, trace=300285, nelems=0, elem type=char[])
ARR 50000346 (sz=144, trace=300286, nelems=0, elem type=byte[])
ARR 50000347 (sz=64, trace=300287, nelems=0, elem type=byte[])
OBJ 50000348 (sz=80, trace=300332, class=java.util.zip.ZipEntry@50000550)
ARR 50000349 (sz=104, trace=300333, nelems=0, elem type=char[])
OBJ 5000034a (sz=24, trace=300334, class=java.lang.String@5000016e)
ARR 5000034b (sz=104, trace=300335, nelems=0, elem type=char[])
OBJ 5000034c (sz=96, trace=300337, class=java.util.jar.JarFile$JarFileEntry@50000557)
ARR 5000034d (sz=216, trace=300347, nelems=0, elem type=char[])
ARR 5000034e (sz=104, trace=300348, nelems=0, elem type=char[])
OBJ 5000034f (sz=24, trace=300349, class=java.lang.String@5000016e)
ARR 50000350 (sz=104, trace=300350, nelems=0, elem type=char[])
OBJ 50000351 (sz=64, trace=300351, class=java.net.URL@50000119)
OBJ 50000352 (sz=24, trace=300352, class=java.lang.String@5000016e)
ARR 50000353 (sz=24, trace=300353, nelems=0, elem type=char[])
OBJ 50000354 (sz=24, trace=300354, class=java.lang.StringBuilder@50000121)
ARR 50000355 (sz=48, trace=300355, nelems=0, elem type=char[])
ARR 50000356 (sz=136, trace=300010, nelems=0, elem type=char[])
OBJ 50000357 (sz=32, trace=300221, class=java.util.HashMap$Node@500000c4)
	key		50000333
	value		50000342
ARR 50000358 (sz=256, trace=300010, nelems=0, elem type=char[])
OBJ 50000359 (sz=24, trace=300356, class=java.lang.String@5000016e)
ARR 5000035a (sz=216, trace=300357, nelems=0, elem type=char[])
OBJ 5000035b (sz=24, trace=300170, class=java.lang.String@5000016e)
	value		5000035c
ARR 5000035c (sz=136, trace=300171, nelems=68, elem type=char[])
OBJ 5000035d (sz=24, trace=300358, class=java.lang.String@5000016e)
ARR 5000035e (sz=136, trace=300359, nelems=0, elem type=char[])
OBJ 5000035f (sz=24, trace=300360, class=java.lang.String@5000016e)
OBJ 50000360 (sz=56, trace=300687, class=java.util.zip.ZipFile$ZipFileInputStream@5000055c)
	this$0		500004ec
OBJ 50000361 (sz=40, trace=300106, class=java.lang.ref.Finalizer@5000014d)
	referent	50000360
	queue		500003aa
	next		50000304
	prev		500003bd
ARR 50000362 (sz=104, trace=300361, nelems=0, elem type=char[])
OBJ 50000363 (sz=16, trace=300362, class=sun.net.www.ParseUtil@50000012)
OBJ 50000364 (sz=24, trace=300363, class=java.lang.StringBuilder@50000121)
ARR 50000365 (sz=48, trace=300364, nelems=0, elem type=char[])
OBJ 50000366 (sz=24, trace=300184, class=java.lang.String@5000016e)
	value		50000367
ARR 50000367 (sz=136, trace=300185, nelems=68, elem type=char[])
OBJ 50000368 (sz=64, trace=300186, class=java.net.URL@50000119)
	protocol	50000f4f
	host		500005a0
	file		50000366
	authority	500005a0
	path		50000366
	handler		5000189a
ARR 50000369 (sz=136, trace=300010, nelems=0, elem type=char[])
OBJ 5000036a (sz=56, trace=300188, class=sun.misc.URLClassPath$JarLoader@5000025a)
	base		50000368
	csu		500018af
	metaIndex	500017a9
	handler		5000189a
	lmap		5000189b
	acc		50000a97
ARR 5000036b (sz=248, trace=300010, nelems=0, elem type=char[])
OBJ 5000036c (sz=32, trace=300221, class=java.util.HashMap$Node@500000c4)
	key		5000198e
	value		50001906
	next		50000289
OBJ 5000036d (sz=32, trace=300221, class=java.util.HashMap$Node@500000c4)
	key		5000198f
	value		50001925
OBJ 5000036e (sz=32, trace=300221, class=java.util.HashMap$Node@500000c4)
	key		50001990
	value		50001923
OBJ 5000036f (sz=32, trace=300221, class=java.util.HashMap$Node@500000c4)
	key		50001991
	value		50001940
OBJ 50000370 (sz=24, trace=300365, class=java.lang.String@5000016e)
ARR 50000371 (sz=216, trace=300366, nelems=0, elem type=char[])
OBJ 50000372 (sz=32, trace=300368, class=sun.misc.URLClassPath$JarLoader$2@50000587)
OBJ 50000375 (sz=16, trace=300157, class=java.lang.Object@50000172)
OBJ 50000376 (sz=32, trace=300683, class=java.util.concurrent.ConcurrentHashMap$Node@50000024)
	key		50000c8d
	val		50000375
OBJ 50000377 (sz=16, trace=300160, class=java.lang.Object@50000172)
OBJ 50000378 (sz=32, trace=300683, class=java.util.concurrent.ConcurrentHashMap$Node@50000024)
	key		50000c8d
	val		50000377
OBJ 50000379 (sz=24, trace=300369, class=java.lang.String@5000016e)
ARR 5000037a (sz=64, trace=300370, nelems=0, elem type=char[])
ARR 5000037b (sz=64, trace=300688, nelems=0, elem type=char[])
OBJ 5000037c (sz=24, trace=300689, class=java.lang.String@5000016e)
ARR 5000037d (sz=72, trace=300690, nelems=0, elem type=char[])
OBJ 5000037e (sz=24, trace=300691, class=java.lang.String@5000016e)
OBJ 5000037f (sz=32, trace=300222, class=java.util.HashMap$Node@500000c4)
	key		5000035b
	value		5000036a
	next		50000420
ARR 50000380 (sz=104, trace=300684, nelems=0, elem type=char[])
ARR 50000381 (sz=144, trace=300685, nelems=0, elem type=byte[])
ARR 50000382 (sz=64, trace=300686, nelems=0, elem type=byte[])
OBJ 50000383 (sz=24, trace=300170, class=java.lang.String@5000016e)
	value		50000384
ARR 50000384 (sz=132, trace=300171, nelems=66, elem type=char[])
OBJ 50000385 (sz=56, trace=300687, class=java.util.zip.ZipFile$ZipFileInputStream@5000055c)
	this$0		500004ec
OBJ 50000386 (sz=40, trace=300106, class=java.lang.ref.Finalizer@5000014d)
	referent	50000385
	queue		500003aa
	next		50002035
OBJ 50000387 (sz=40, trace=300343, class=java.util.WeakHashMap$Entry@5000004b)
ARR 50000388 (sz=16, trace=300598, nelems=0, elem type=byte[])
ARR 50000389 (sz=1040, trace=300599, nelems=0, elem type=byte[])
ARR 5000038a (sz=1368, trace=300599, nelems=0, elem type=byte[])
OBJ 5000038b (sz=32, trace=300600, class=java.security.CodeSource@50000114)
OBJ 5000038c (sz=24, trace=300668, class=java.lang.String@5000016e)
ARR 5000038d (sz=64, trace=300669, nelems=0, elem type=char[])
OBJ 5000038e (sz=24, trace=300184, class=java.lang.String@5000016e)
	value		5000038f
ARR 5000038f (sz=132, trace=300185, nelems=66, elem type=char[])
OBJ 50000390 (sz=64, trace=300186, class=java.net.URL@50000119)
	protocol	50000f4f
	host		500005a0
	file		5000038e
	authority	500005a0
	path		5000038e
	handler		5000189a
OBJ 50000391 (sz=24, trace=300180, class=java.lang.StringBuffer@50000122)
OBJ 50000392 (sz=56, trace=300188, class=sun.misc.URLClassPath$JarLoader@5000025a)
	base		50000390
	csu		500018b0
	metaIndex	50001772
	handler		5000189a
	lmap		5000189b
	acc		50000a97
ARR 50000393 (sz=128, trace=300181, nelems=0, elem type=char[])
ARR 50000394 (sz=128, trace=300182, nelems=0, elem type=char[])
OBJ 50000395 (sz=24, trace=300183, class=java.lang.String@5000016e)
OBJ 50000397 (sz=24, trace=301923, class=com.sun.tools.javac.main.Main$Result@50000396)
	name		500018f2
OBJ 50000398 (sz=24, trace=301924, class=com.sun.tools.javac.main.Main$Result@50000396)
	name		500018f1
OBJ 50000399 (sz=24, trace=301925, class=com.sun.tools.javac.main.Main$Result@50000396)
	name		500018f0
OBJ 5000039a (sz=24, trace=301926, class=com.sun.tools.javac.main.Main$Result@50000396)
	name		500018f3
OBJ 5000039b (sz=24, trace=301927, class=com.sun.tools.javac.main.Main$Result@50000396)
	name		500018ef
ARR 5000039d (sz=40, trace=301928, nelems=5, elem type=com.sun.tools.javac.main.Main$Result[]@5000039c)
	[0]		50000397
	[1]		50000398
	[2]		50000399
	[3]		5000039a
	[4]		5000039b
ARR 5000039f (sz=56, trace=301930, nelems=0, elem type=java.lang.Runnable[]@500000d0)
OBJ 500003a1 (sz=16, trace=301932, class=java.lang.Shutdown$Lock@500003a0)
OBJ 500003a2 (sz=16, trace=301933, class=java.lang.Shutdown$Lock@500003a0)
OBJ 500003a5 (sz=376, trace=300000, class=java.lang.Thread@5000014a)
	name		50002f44
	contextClassLoader	500003b4
	blockerLock	50002f43
OBJ 500003a6 (sz=376, trace=300000, class=java.lang.Thread@5000014a)
	name		50002e94
	group		5000059c
	contextClassLoader	500003b4
	inheritedAccessControlContext	50002e93
	blockerLock	50002e92
OBJ 500003a7 (sz=32, trace=300221, class=java.util.HashMap$Node@500000c4)
	key		50000383
	value		50000392
OBJ 500003a8 (sz=376, trace=300000, class=java.lang.Thread@5000014a)
	name		50002e98
	group		5000059c
	contextClassLoader	500003b4
	inheritedAccessControlContext	50002e97
	blockerLock	50002e96
OBJ 500003a9 (sz=384, trace=300000, class=java.lang.ref.Finalizer$FinalizerThread@500000bd)
	name		50002e9c
	group		5000059c
	inheritedAccessControlContext	50002e9b
	blockerLock	50002e9a
OBJ 500003aa (sz=32, trace=300000, class=java.lang.ref.ReferenceQueue@5000014c)
	lock		500003ad
OBJ 500003ab (sz=24, trace=300170, class=java.lang.String@5000016e)
	value		500003ac
ARR 500003ac (sz=152, trace=300171, nelems=76, elem type=char[])
OBJ 500003ad (sz=16, trace=300000, class=java.lang.ref.ReferenceQueue$Lock@500000d1)
OBJ 500003ae (sz=16, trace=300000, class=java.lang.System$2@50000053)
OBJ 500003af (sz=376, trace=300000, class=java.lang.ref.Reference$ReferenceHandler@500000df)
	name		50000f18
	group		5000059c
	inheritedAccessControlContext	50002ea4
	blockerLock	50002ea3
OBJ 500003b0 (sz=16, trace=300000, class=java.lang.ref.Reference$Lock@500000e0)
OBJ 500003b1 (sz=376, trace=300000, class=java.lang.Thread@5000014a)
	name		50002eaa
	group		5000059b
	contextClassLoader	500003b4
	inheritedAccessControlContext	50002ea9
	threadLocals	50000211
	blockerLock	50002ea8
OBJ 500003b2 (sz=16, trace=300000, class=java.lang.Runtime@500000b5)
ARR 500003b3 (sz=24, trace=300000, nelems=1, elem type=java.lang.String[]@500000c8)
	[0]		5000086a
OBJ 500003b4 (sz=96, trace=300000, class=sun.misc.Launcher$AppClassLoader@50000116)
	parent		500003b9
	parallelLockMap	50000a93
	package2certs	50000a92
	classes		50000a91
	defaultDomain	50000a90
	domains		50000a8f
	packages	50000a8e
	nativeLibraries	50000a8d
	assertionLock	50000a8c
	pdcache		50000a8b
	ucp		50000a88
	acc		50000a8a
	closeables	50000a89
	ucp		50000a88
ARR 500003b5 (sz=0, trace=300000, nelems=0, elem type=int[])
OBJ 500003b6 (sz=24, trace=300184, class=java.lang.String@5000016e)
	value		500003b7
ARR 500003b7 (sz=152, trace=300185, nelems=76, elem type=char[])
OBJ 500003b8 (sz=64, trace=300186, class=java.net.URL@50000119)
	protocol	50000f4f
	host		500005a0
	file		500003b6
	authority	500005a0
	path		500003b6
	handler		5000189a
OBJ 500003b9 (sz=88, trace=300000, class=sun.misc.Launcher$ExtClassLoader@50000115)
	parallelLockMap	50000aa2
	package2certs	50000aa0
	classes		50000a9f
	defaultDomain	50000a9e
	domains		50000a9d
	packages	50000a9c
	nativeLibraries	50000a9b
	assertionLock	50000a9a
	pdcache		50000a99
	ucp		50000a98
	acc		50000a97
	closeables	50000a94
OBJ 500003ba (sz=56, trace=300188, class=sun.misc.URLClassPath$JarLoader@5000025a)
	base		500003b8
	csu		500018b1
	metaIndex	50001798
	handler		5000189a
	lmap		5000189b
	acc		50000a97
ARR 500003bb (sz=24, trace=300000, nelems=0, elem type=java.lang.Object[]@50000108)
OBJ 500003bc (sz=56, trace=300687, class=java.util.zip.ZipFile$ZipFileInputStream@5000055c)
	this$0		500004ec
OBJ 500003bd (sz=40, trace=300106, class=java.lang.ref.Finalizer@5000014d)
	referent	500003bc
	queue		500003aa
	next		50000361
	prev		50000413
ARR 500003be (sz=64, trace=300000, nelems=7, elem type=java.lang.Object[]@50000108)
	[6]		50002a17
ARR 500003bf (sz=40, trace=300000, nelems=5, elem type=java.lang.Object[]@50000108)
	[4]		50002a18
ARR 500003c0 (sz=32, trace=300000, nelems=0, elem type=java.lang.Object[]@50000108)
ARR 500003c1 (sz=24, trace=300000, nelems=0, elem type=java.lang.Object[]@50000108)
ARR 500003c2 (sz=48, trace=300000, nelems=6, elem type=java.lang.Object[]@50000108)
	[0]		500005a0
	[2]		50001715
	[3]		500019fc
	[4]		50002a1b
	[5]		50000f83
ARR 500003c3 (sz=72, trace=300000, nelems=14, elem type=java.lang.Object[]@50000108)
	[0]		500005a0
	[10]		50002a1d
	[11]		50002a1e
	[12]		50002a1f
	[13]		50000825
ARR 500003c4 (sz=48, trace=300000, nelems=0, elem type=java.lang.Object[]@50000108)
ARR 500003c5 (sz=24, trace=300000, nelems=0, elem type=java.lang.Object[]@50000108)
ARR 500003c6 (sz=24, trace=300000, nelems=0, elem type=java.lang.Object[]@50000108)
ARR 500003c7 (sz=24, trace=300000, nelems=0, elem type=java.lang.Object[]@50000108)
ARR 500003c8 (sz=24, trace=300000, nelems=0, elem type=java.lang.Object[]@50000108)
ARR 500003c9 (sz=32, trace=300000, nelems=0, elem type=java.lang.Object[]@50000108)
ARR 500003ca (sz=24, trace=300000, nelems=0, elem type=java.lang.Object[]@50000108)
OBJ 500003cb (sz=16, trace=300157, class=java.lang.Object@50000172)
OBJ 500003cc (sz=32, trace=300683, class=java.util.concurrent.ConcurrentHashMap$Node@50000024)
	key		50000c5c
	val		500003cb
OBJ 500003cd (sz=16, trace=300160, class=java.lang.Object@50000172)
OBJ 500003ce (sz=32, trace=300683, class=java.util.concurrent.ConcurrentHashMap$Node@50000024)
	key		50000c5c
	val		500003cd
OBJ 500003cf (sz=32, trace=300222, class=java.util.HashMap$Node@500000c4)
	key		500003ab
	value		500003ba
ARR 500003d0 (sz=152, trace=300000, nelems=30, elem type=java.lang.Object[]@50000108)
	[0]		500005a0
	[16]		50002c53
	[17]		50002c54
	[18]		50002c55
	[20]		50002946
	[21]		50002c56
	[22]		50000d54
	[23]		50002c57
	[26]		50002c58
	[27]		50002c59
	[28]		50000ea5
	[29]		50002c5a
ARR 500003d1 (sz=56, trace=300000, nelems=10, elem type=java.lang.Object[]@50000108)
	[0]		50002c63
	[1]		50002c64
	[2]		50002c65
	[3]		50002c66
	[4]		50002c67
	[5]		50002c68
	[6]		50002c69
	[7]		50002c6a
	[8]		50002c6b
	[9]		50002c6c
ARR 500003d2 (sz=32, trace=300000, nelems=0, elem type=java.lang.Object[]@50000108)
OBJ 500003d3 (sz=24, trace=300170, class=java.lang.String@5000016e)
	value		500003d4
ARR 500003d4 (sz=140, trace=300171, nelems=70, elem type=char[])
ARR 500003d5 (sz=48, trace=300000, nelems=5, elem type=java.lang.Object[]@50000108)
	[2]		50002c79
	[3]		5000081c
	[4]		50002c7a
ARR 500003d6 (sz=24, trace=300000, nelems=1, elem type=java.lang.Object[]@50000108)
	[0]		50002c77
ARR 500003d7 (sz=32, trace=300000, nelems=0, elem type=java.lang.Object[]@50000108)
ARR 500003d8 (sz=216, trace=300000, nelems=47, elem type=java.lang.Object[]@50000108)
	[13]		50000f4e
	[16]		500005a3
	[17]		500005a5
	[18]		500005a4
	[19]		500005a6
	[45]		50000f4f
	[46]		50000f50
ARR 500003d9 (sz=24, trace=300000, nelems=1, elem type=java.lang.Object[]@50000108)
	[0]		50000f7d
ARR 500003da (sz=48, trace=300000, nelems=4, elem type=java.lang.Object[]@50000108)
	[3]		50000f6b
ARR 500003db (sz=80, trace=300000, nelems=16, elem type=java.lang.Object[]@50000108)
	[0]		500005a0
	[1]		50000efe
	[2]		50000ed7
	[3]		50000f51
	[4]		50000f52
	[15]		50000f53
ARR 500003dc (sz=296, trace=300000, nelems=0, elem type=java.lang.Object[]@50000108)
ARR 500003dd (sz=200, trace=300000, nelems=42, elem type=java.lang.Object[]@50000108)
	[18]		50000f43
	[19]		50000f7e
	[21]		50000f81
	[22]		50000f82
	[26]		50000f83
	[29]		50000eb1
	[30]		50000f84
	[41]		500005d5
OBJ 500003de (sz=24, trace=300184, class=java.lang.String@5000016e)
	value		500003df
ARR 500003df (sz=140, trace=300185, nelems=70, elem type=char[])
OBJ 500003e0 (sz=64, trace=300186, class=java.net.URL@50000119)
	protocol	50000f4f
	host		500005a0
	file		500003de
	authority	500005a0
	path		500003de
	handler		5000189a
ARR 500003e1 (sz=24, trace=300000, nelems=0, elem type=java.lang.Object[]@50000108)
OBJ 500003e2 (sz=56, trace=300188, class=sun.misc.URLClassPath$JarLoader@5000025a)
	base		500003e0
	csu		500018b2
	metaIndex	50001754
	handler		5000189a
	lmap		5000189b
	acc		50000a97
ARR 500003e3 (sz=88, trace=300000, nelems=15, elem type=java.lang.Object[]@50000108)
	[2]		50000f69
	[14]		50000f6a
ARR 500003e4 (sz=128, trace=300000, nelems=0, elem type=java.lang.Object[]@50000108)
ARR 500003e5 (sz=32, trace=300000, nelems=0, elem type=java.lang.Object[]@50000108)
ARR 500003e6 (sz=24, trace=300000, nelems=0, elem type=java.lang.Object[]@50000108)
ARR 500003e7 (sz=32, trace=300000, nelems=0, elem type=java.lang.Object[]@50000108)
ARR 500003e8 (sz=72, trace=300000, nelems=14, elem type=java.lang.Object[]@50000108)
	[2]		50000f5a
	[7]		50000f5b
	[9]		50000f5c
	[10]		50000f5d
	[11]		50000f5e
	[12]		50000f5f
	[13]		50000f60
ARR 500003e9 (sz=56, trace=300000, nelems=10, elem type=java.lang.Object[]@50000108)
	[9]		50000f4f
ARR 500003ea (sz=32, trace=300000, nelems=0, elem type=java.lang.Object[]@50000108)
ARR 500003eb (sz=32, trace=300000, nelems=3, elem type=java.lang.Object[]@50000108)
	[0]		50001850
	[2]		50001851
ARR 500003ec (sz=144, trace=300000, nelems=0, elem type=java.lang.Object[]@50000108)
ARR 500003ed (sz=64, trace=300000, nelems=0, elem type=java.lang.Object[]@50000108)
ARR 500003ee (sz=56, trace=300000, nelems=10, elem type=java.lang.Object[]@50000108)
	[5]		50000ef0
	[6]		50000ef1
	[7]		50000ef2
	[8]		50000ef3
	[9]		50000ef4
ARR 500003ef (sz=56, trace=300000, nelems=0, elem type=java.lang.Object[]@50000108)
ARR 500003f0 (sz=56, trace=300000, nelems=8, elem type=java.lang.Object[]@50000108)
	[1]		50001856
	[7]		50000ef3
ARR 500003f1 (sz=24, trace=300000, nelems=1, elem type=java.lang.Object[]@50000108)
	[0]		500005e9
OBJ 500003f2 (sz=32, trace=300222, class=java.util.HashMap$Node@500000c4)
	key		50001979
	value		500019ef
OBJ 500003f3 (sz=32, trace=300221, class=java.util.HashMap$Node@500000c4)
	key		5000197a
	value		500019f4
OBJ 500003f4 (sz=32, trace=300221, class=java.util.HashMap$Node@500000c4)
	key		5000197b
	value		500019f3
	next		5000028a
OBJ 500003f5 (sz=32, trace=300221, class=java.util.HashMap$Node@500000c4)
	key		5000197d
	value		50001902
OBJ 500003f6 (sz=32, trace=300221, class=java.util.HashMap$Node@500000c4)
	key		5000197e
	value		500019ee
OBJ 500003f7 (sz=32, trace=300221, class=java.util.HashMap$Node@500000c4)
	key		500003d3
	value		500003e2
OBJ 500003f8 (sz=32, trace=300221, class=java.util.HashMap$Node@500000c4)
	key		5000197f
	value		50001900
	next		5000026b
OBJ 500003f9 (sz=32, trace=300221, class=java.util.HashMap$Node@500000c4)
	key		50001980
	value		50001901
OBJ 500003fa (sz=32, trace=300221, class=java.util.HashMap$Node@500000c4)
	key		50001981
	value		50001903
	next		50000405
OBJ 500003fb (sz=24, trace=300170, class=java.lang.String@5000016e)
	value		500003fc
ARR 500003fc (sz=140, trace=300171, nelems=70, elem type=char[])
OBJ 500003fd (sz=32, trace=300221, class=java.util.HashMap$Node@500000c4)
	key		50001982
	value		50001957
OBJ 500003fe (sz=32, trace=300221, class=java.util.HashMap$Node@500000c4)
	key		50001983
	value		50001958
	next		5000027f
OBJ 500003ff (sz=32, trace=300221, class=java.util.HashMap$Node@500000c4)
	key		50001985
	value		5000192e
OBJ 50000400 (sz=32, trace=300221, class=java.util.HashMap$Node@500000c4)
	key		50001986
	value		5000193f
	next		50000285
OBJ 50000401 (sz=32, trace=300221, class=java.util.HashMap$Node@500000c4)
	key		50001987
	value		50001934
	next		5000028c
OBJ 50000402 (sz=32, trace=300221, class=java.util.HashMap$Node@500000c4)
	key		50001988
	value		50001955
	next		500002c4
OBJ 50000403 (sz=32, trace=300221, class=java.util.HashMap$Node@500000c4)
	key		50001989
	value		50001936
OBJ 50000404 (sz=32, trace=300221, class=java.util.HashMap$Node@500000c4)
	key		5000198a
	value		5000191e
OBJ 50000405 (sz=32, trace=300222, class=java.util.HashMap$Node@500000c4)
	key		5000198b
	value		50001935
	next		500002ab
OBJ 50000406 (sz=24, trace=300184, class=java.lang.String@5000016e)
	value		50000407
ARR 50000407 (sz=140, trace=300185, nelems=70, elem type=char[])
OBJ 50000408 (sz=64, trace=300186, class=java.net.URL@50000119)
	protocol	50000f4f
	host		500005a0
	file		50000406
	authority	500005a0
	path		50000406
	handler		5000189a
OBJ 50000409 (sz=32, trace=300221, class=java.util.HashMap$Node@500000c4)
	key		5000198c
	value		50001924
OBJ 5000040a (sz=56, trace=300188, class=sun.misc.URLClassPath$JarLoader@5000025a)
	base		50000408
	csu		500018b3
	metaIndex	5000175f
	handler		5000189a
	lmap		5000189b
	acc		50000a97
ARR 5000040b (sz=32, trace=300000, nelems=3, elem type=java.lang.Object[]@50000108)
	[2]		500005fb
ARR 5000040c (sz=48, trace=300000, nelems=7, elem type=java.lang.Object[]@50000108)
	[0]		500005e9
	[2]		500005ea
	[5]		500005ec
	[6]		500005fb
ARR 5000040d (sz=56, trace=300000, nelems=8, elem type=java.lang.Object[]@50000108)
	[7]		50002f38
ARR 5000040e (sz=24, trace=300000, nelems=0, elem type=java.lang.Object[]@50000108)
ARR 5000040f (sz=24, trace=300000, nelems=1, elem type=java.lang.Object[]@50000108)
	[0]		50002f36
ARR 50000410 (sz=40, trace=300000, nelems=4, elem type=java.lang.Object[]@50000108)
	[3]		50000630
ARR 50000411 (sz=40, trace=300000, nelems=0, elem type=java.lang.Object[]@50000108)
OBJ 50000412 (sz=56, trace=300687, class=java.util.zip.ZipFile$ZipFileInputStream@5000055c)
	this$0		500004ec
OBJ 50000413 (sz=40, trace=300106, class=java.lang.ref.Finalizer@5000014d)
	referent	50000412
	queue		500003aa
	next		500003bd
	prev		50000469
ARR 50000414 (sz=24, trace=300000, nelems=0, elem type=java.lang.Object[]@50000108)
ARR 50000415 (sz=56, trace=300000, nelems=5, elem type=java.lang.Object[]@50000108)
	[1]		500019f7
	[4]		500019f8
ARR 50000416 (sz=24, trace=300000, nelems=0, elem type=java.lang.Object[]@50000108)
ARR 50000417 (sz=48, trace=300000, nelems=3, elem type=java.lang.Object[]@50000108)
	[2]		50001715
ARR 50000418 (sz=24, trace=300000, nelems=1, elem type=java.lang.Object[]@50000108)
	[0]		50000ed7
ARR 50000419 (sz=24, trace=300000, nelems=0, elem type=java.lang.Object[]@50000108)
ARR 5000041a (sz=48, trace=300000, nelems=8, elem type=java.lang.Object[]@50000108)
	[0]		500005a0
	[1]		50001717
	[6]		50000ed9
	[7]		50000f4f
ARR 5000041b (sz=72, trace=300000, nelems=13, elem type=java.lang.Object[]@50000108)
	[2]		50000fa5
	[3]		50000fa6
	[8]		50000fa7
	[10]		500008be
	[12]		50000fa8
ARR 5000041c (sz=24, trace=300000, nelems=0, elem type=java.lang.Object[]@50000108)
ARR 5000041d (sz=32, trace=300000, nelems=1, elem type=java.lang.Object[]@50000108)
	[0]		500005a0
ARR 5000041e (sz=104, trace=300000, nelems=21, elem type=java.lang.Object[]@50000108)
	[0]		500005a3
	[1]		500005a5
	[2]		500005a4
	[3]		500005a6
	[4]		50000f34
	[5]		50000f35
	[6]		50000f39
	[8]		50000f3a
	[11]		50000f43
	[12]		50000f44
	[13]		50000f45
	[14]		50000f46
	[16]		50000f47
	[17]		50000f48
	[18]		50000f49
	[19]		50000f4a
	[20]		50000f4b
ARR 5000041f (sz=80, trace=300219, nelems=12, elem type=java.lang.Object[]@50000108)
	[0]		5000026c
	[1]		500002a2
	[2]		500002ca
	[3]		500002f2
	[4]		5000031a
	[5]		50000342
	[6]		5000036a
	[7]		50000392
	[8]		500003ba
	[9]		500003e2
	[10]		5000040a
	[11]		50000433
OBJ 50000420 (sz=32, trace=300222, class=java.util.HashMap$Node@500000c4)
	key		500003fb
	value		5000040a
	next		50000448
OBJ 50000422 (sz=16, trace=300157, class=java.lang.Object@50000172)
OBJ 50000423 (sz=32, trace=300159, class=java.util.concurrent.ConcurrentHashMap$Node@50000024)
	key		50000c8f
	val		50000422
OBJ 50000424 (sz=24, trace=300170, class=java.lang.String@5000016e)
	value		50000425
ARR 50000425 (sz=132, trace=300171, nelems=66, elem type=char[])
OBJ 50000426 (sz=16, trace=300160, class=java.lang.Object@50000172)
OBJ 50000427 (sz=32, trace=300159, class=java.util.concurrent.ConcurrentHashMap$Node@50000024)
	key		50000c8f
	val		50000426
ARR 50000428 (sz=48, trace=300000, nelems=7, elem type=java.lang.Object[]@50000108)
	[0]		50000fda
	[2]		50000fdb
	[3]		50000fdc
	[4]		50000fdd
	[5]		50000fde
	[6]		50000f09
ARR 50000429 (sz=24, trace=300000, nelems=2, elem type=java.lang.Object[]@50000108)
	[1]		50000fdb
ARR 5000042a (sz=24, trace=300000, nelems=1, elem type=java.lang.Object[]@50000108)
	[0]		50000fda
ARR 5000042b (sz=24, trace=300000, nelems=1, elem type=java.lang.Object[]@50000108)
	[0]		50000fdd
ARR 5000042c (sz=24, trace=300000, nelems=1, elem type=java.lang.Object[]@50000108)
	[0]		50000fde
ARR 5000042d (sz=24, trace=300000, nelems=1, elem type=java.lang.Object[]@50000108)
	[0]		50000fdc
ARR 5000042e (sz=64, trace=300000, nelems=0, elem type=java.lang.Object[]@50000108)
OBJ 5000042f (sz=24, trace=300184, class=java.lang.String@5000016e)
	value		50000430
ARR 50000430 (sz=132, trace=300185, nelems=66, elem type=char[])
OBJ 50000431 (sz=64, trace=300186, class=java.net.URL@50000119)
	protocol	50000f4f
	host		500005a0
	file		5000042f
	authority	500005a0
	path		5000042f
	handler		5000189a
ARR 50000432 (sz=48, trace=300000, nelems=0, elem type=java.lang.Object[]@50000108)
OBJ 50000433 (sz=56, trace=300188, class=sun.misc.URLClassPath$JarLoader@5000025a)
	base		50000431
	csu		500018b4
	metaIndex	500017bf
	handler		5000189a
	lmap		5000189b
	acc		50000a97
ARR 50000434 (sz=24, trace=300000, nelems=0, elem type=java.lang.Object[]@50000108)
ARR 50000435 (sz=24, trace=300000, nelems=1, elem type=java.lang.Object[]@50000108)
	[0]		500005c7
ARR 50000436 (sz=24, trace=300000, nelems=0, elem type=java.lang.Object[]@50000108)
ARR 50000437 (sz=40, trace=300000, nelems=0, elem type=java.lang.Object[]@50000108)
ARR 50000438 (sz=40, trace=300000, nelems=6, elem type=java.lang.Object[]@50000108)
	[0]		50000faa
	[1]		50000fab
	[2]		50000fac
	[3]		50000fad
	[4]		50000fae
	[5]		50000faf
ARR 50000439 (sz=32, trace=300000, nelems=0, elem type=java.lang.Object[]@50000108)
ARR 5000043a (sz=56, trace=300000, nelems=10, elem type=java.lang.Object[]@50000108)
	[5]		50001718
	[8]		50001719
	[9]		500005d5
ARR 5000043b (sz=160, trace=300000, nelems=0, elem type=java.lang.Object[]@50000108)
ARR 5000043c (sz=64, trace=300000, nelems=3, elem type=java.lang.Object[]@50000108)
	[0]		50000ed7
	[2]		50000fd8
ARR 5000043d (sz=24, trace=300000, nelems=0, elem type=java.lang.Object[]@50000108)
ARR 5000043e (sz=24, trace=300000, nelems=0, elem type=java.lang.Object[]@50000108)
ARR 5000043f (sz=56, trace=300000, nelems=5, elem type=java.lang.Object[]@50000108)
	[4]		5000107c
ARR 50000440 (sz=88, trace=300000, nelems=17, elem type=java.lang.Object[]@50000108)
	[0]		500016c8
	[1]		500016cc
	[2]		500016cd
	[3]		500016ce
	[4]		500016cf
	[5]		500016d0
	[6]		500016d1
	[7]		500016d2
	[8]		500016d3
	[9]		500016d4
	[10]		500016d8
	[11]		500016d9
	[12]		500016da
	[13]		500016db
	[14]		500016e7
	[15]		500016e8
	[16]		500016e9
ARR 50000441 (sz=72, trace=300000, nelems=11, elem type=java.lang.Object[]@50000108)
	[5]		50001700
	[7]		50000f34
	[10]		50000f4f
ARR 50000442 (sz=24, trace=300000, nelems=0, elem type=java.lang.Object[]@50000108)
ARR 50000443 (sz=56, trace=300000, nelems=5, elem type=java.lang.Object[]@50000108)
	[4]		50000ed7
ARR 50000444 (sz=40, trace=300000, nelems=5, elem type=java.lang.Object[]@50000108)
	[4]		50000ea5
ARR 50000445 (sz=112, trace=300000, nelems=24, elem type=java.lang.Object[]@50000108)
	[0]		500005a0
	[1]		50000efd
	[2]		50000efe
	[3]		50000eff
	[4]		50000f00
	[5]		50000ed7
	[6]		50000f01
	[7]		50000f02
	[8]		50000f03
	[9]		50000f04
	[14]		50000f05
	[15]		50000f06
	[16]		50000f07
	[17]		50000f08
	[20]		50000f09
	[23]		50000ed9
ARR 50000446 (sz=80, trace=300000, nelems=4, elem type=java.lang.Object[]@50000108)
	[2]		50000f0d
	[3]		50000f0e
ARR 50000447 (sz=120, trace=300000, nelems=25, elem type=java.lang.Object[]@50000108)
	[0]		500005a0
	[1]		50000a7e
	[2]		50000ed6
	[3]		50000ed7
	[10]		50000ed8
	[12]		50000ed9
	[13]		50000eda
	[14]		50000edb
	[15]		50000edc
	[17]		50000edd
	[18]		50000ede
	[20]		50000edf
	[21]		50000ee0
	[23]		50000ee3
	[24]		50000ee5
OBJ 50000448 (sz=32, trace=300222, class=java.util.HashMap$Node@500000c4)
	key		50000424
	value		50000433
ARR 50000449 (sz=80, trace=300000, nelems=10, elem type=java.lang.Object[]@50000108)
	[0]		500005a0
	[9]		5000187b
ARR 5000044a (sz=48, trace=300000, nelems=6, elem type=java.lang.Object[]@50000108)
	[0]		500005a0
	[5]		50000eef
ARR 5000044b (sz=72, trace=300000, nelems=0, elem type=java.lang.Object[]@50000108)
ARR 5000044c (sz=32, trace=300000, nelems=0, elem type=java.lang.Object[]@50000108)
ARR 5000044d (sz=112, trace=300000, nelems=23, elem type=java.lang.Object[]@50000108)
	[14]		50000f4f
	[15]		5000170c
	[16]		5000170d
	[18]		500008b9
	[19]		5000170e
	[20]		5000170f
	[21]		50001710
	[22]		500005d5
ARR 5000044e (sz=64, trace=300000, nelems=9, elem type=java.lang.Object[]@50000108)
	[0]		500005a0
	[4]		50000ed7
	[7]		50000f4f
	[8]		500018df
ARR 5000044f (sz=24, trace=300000, nelems=2, elem type=java.lang.Object[]@50000108)
	[0]		500005e6
	[1]		500018e9
ARR 50000450 (sz=24, trace=300000, nelems=1, elem type=java.lang.Object[]@50000108)
	[0]		50002d17
ARR 50000451 (sz=40, trace=300000, nelems=0, elem type=java.lang.Object[]@50000108)
OBJ 50000452 (sz=24, trace=300170, class=java.lang.String@5000016e)
	value		50000453
ARR 50000453 (sz=116, trace=300171, nelems=58, elem type=char[])
ARR 50000454 (sz=80, trace=300000, nelems=11, elem type=java.lang.Object[]@50000108)
	[10]		50002ebf
ARR 50000455 (sz=120, trace=300000, nelems=0, elem type=java.lang.Object[]@50000108)
ARR 50000456 (sz=24, trace=300000, nelems=1, elem type=java.lang.Object[]@50000108)
	[0]		50002ed2
ARR 50000457 (sz=64, trace=300000, nelems=0, elem type=java.lang.Object[]@50000108)
ARR 50000458 (sz=24, trace=300000, nelems=0, elem type=java.lang.Object[]@50000108)
ARR 50000459 (sz=24, trace=300000, nelems=0, elem type=java.lang.Object[]@50000108)
ARR 5000045a (sz=40, trace=300000, nelems=0, elem type=java.lang.Object[]@50000108)
ARR 5000045b (sz=56, trace=300000, nelems=10, elem type=java.lang.Object[]@50000108)
	[0]		50002ec0
	[1]		50002ec1
	[2]		50002ec2
	[3]		50002ec3
	[4]		50002ec4
	[5]		50002ec5
	[6]		50002ec6
	[7]		50002ec7
	[8]		50002ec8
	[9]		500005d5
ARR 5000045c (sz=144, trace=300000, nelems=0, elem type=java.lang.Object[]@50000108)
OBJ 5000045d (sz=24, trace=300184, class=java.lang.String@5000016e)
	value		5000045e
ARR 5000045e (sz=116, trace=300185, nelems=58, elem type=char[])
OBJ 5000045f (sz=64, trace=300186, class=java.net.URL@50000119)
	protocol	50000f4f
	host		500005a0
	file		5000045d
	authority	500005a0
	path		5000045d
	handler		50002ccc
ARR 50000460 (sz=128, trace=300000, nelems=0, elem type=java.lang.Object[]@50000108)
OBJ 50000461 (sz=56, trace=300188, class=sun.misc.URLClassPath$JarLoader@5000025a)
	base		5000045f
	jar		500004ec
	csu		500018f9
	handler		50002ccc
	lmap		50002ccd
	acc		50000a8a
ARR 50000462 (sz=24, trace=300000, nelems=2, elem type=java.lang.Object[]@50000108)
	[0]		50002edd
	[1]		50002ede
ARR 50000463 (sz=240, trace=300000, nelems=53, elem type=java.lang.Object[]@50000108)
	[7]		50002edf
	[8]		50002ee0
	[9]		50002ee1
	[12]		50002ee2
	[13]		50002ee3
	[14]		50002ee4
	[16]		50000f09
	[17]		50002ee5
	[24]		50002ee6
	[26]		50002ee7
	[40]		50000f43
	[41]		50002ee8
	[42]		50000f82
	[44]		50002ee9
	[45]		50002eea
	[46]		50002eeb
	[47]		50002eec
	[50]		50002eed
	[52]		50002eee
ARR 50000464 (sz=24, trace=300000, nelems=1, elem type=java.lang.Object[]@50000108)
	[0]		50000d4c
ARR 50000465 (sz=32, trace=300000, nelems=4, elem type=java.lang.Object[]@50000108)
	[1]		50002f17
	[2]		50002eff
	[3]		500005d5
ARR 50000466 (sz=32, trace=300000, nelems=0, elem type=java.lang.Object[]@50000108)
ARR 50000467 (sz=192, trace=300000, nelems=0, elem type=java.lang.Object[]@50000108)
OBJ 50000468 (sz=56, trace=300687, class=java.util.zip.ZipFile$ZipFileInputStream@5000055c)
	this$0		500004ec
OBJ 50000469 (sz=40, trace=300106, class=java.lang.ref.Finalizer@5000014d)
	referent	50000468
	queue		500003aa
	next		50000413
	prev		500004cd
ARR 5000046a (sz=24, trace=300000, nelems=2, elem type=java.lang.Object[]@50000108)
	[0]		50000f09
	[1]		5000107c
ARR 5000046b (sz=296, trace=300000, nelems=67, elem type=java.lang.Object[]@50000108)
	[25]		50002f27
	[59]		50002f28
	[65]		500008ba
	[66]		50002f29
ARR 5000046c (sz=24, trace=300000, nelems=1, elem type=java.lang.Object[]@50000108)
	[0]		5000171e
ARR 5000046d (sz=48, trace=300000, nelems=8, elem type=java.lang.Object[]@50000108)
	[3]		50002ed7
	[6]		50002ed8
	[7]		50002ed9
ARR 5000046e (sz=48, trace=300000, nelems=8, elem type=java.lang.Object[]@50000108)
	[6]		500018e5
	[7]		500018e6
ARR 5000046f (sz=40, trace=300000, nelems=4, elem type=java.lang.Object[]@50000108)
	[0]		50000a7e
	[1]		50000ed6
	[3]		50000ee0
ARR 50000470 (sz=32, trace=300000, nelems=4, elem type=java.lang.Object[]@50000108)
	[3]		5000184e
ARR 50000471 (sz=64, trace=300000, nelems=12, elem type=java.lang.Object[]@50000108)
	[2]		50000ed7
	[11]		500005d5
ARR 50000472 (sz=32, trace=300000, nelems=2, elem type=java.lang.Object[]@50000108)
	[0]		500018e4
	[1]		5000171f
ARR 50000473 (sz=264, trace=300000, nelems=50, elem type=java.lang.Object[]@50000108)
	[22]		50000f76
	[48]		50000f77
	[49]		50000f78
ARR 50000474 (sz=24, trace=300000, nelems=0, elem type=java.lang.Object[]@50000108)
OBJ 50000479 (sz=16, trace=300157, class=java.lang.Object@50000172)
OBJ 5000047a (sz=32, trace=300159, class=java.util.concurrent.ConcurrentHashMap$Node@50000024)
	key		50000c28
	val		50000479
OBJ 5000047b (sz=16, trace=300160, class=java.lang.Object@50000172)
OBJ 5000047c (sz=32, trace=300159, class=java.util.concurrent.ConcurrentHashMap$Node@50000024)
	key		50000c28
	val		5000047b
ARR 5000047d (sz=24, trace=300000, nelems=0, elem type=java.lang.Object[]@50000108)
ARR 5000047e (sz=24, trace=300000, nelems=0, elem type=java.lang.Object[]@50000108)
ARR 5000047f (sz=24, trace=300000, nelems=1, elem type=java.lang.Object[]@50000108)
	[0]		50000f9b
ARR 50000480 (sz=24, trace=300000, nelems=2, elem type=java.lang.Object[]@50000108)
	[1]		50000e94
ARR 50000481 (sz=32, trace=300000, nelems=3, elem type=java.lang.Object[]@50000108)
	[0]		5000171d
	[1]		5000171e
	[2]		5000171f
ARR 50000482 (sz=32, trace=300000, nelems=0, elem type=java.lang.Object[]@50000108)
ARR 50000483 (sz=40, trace=300000, nelems=4, elem type=java.lang.Object[]@50000108)
	[3]		500005ce
ARR 50000484 (sz=32, trace=300000, nelems=0, elem type=java.lang.Object[]@50000108)
ARR 50000485 (sz=32, trace=300000, nelems=0, elem type=java.lang.Object[]@50000108)
ARR 50000486 (sz=80, trace=300000, nelems=15, elem type=java.lang.Object[]@50000108)
	[1]		500013fb
	[2]		5000166f
	[3]		50001670
	[6]		50001672
	[11]		50001673
	[14]		500016a5
ARR 50000487 (sz=48, trace=300000, nelems=0, elem type=java.lang.Object[]@50000108)
ARR 50000488 (sz=40, trace=300000, nelems=4, elem type=java.lang.Object[]@50000108)
	[0]		500005c7
	[1]		50001698
	[2]		50001699
	[3]		5000169a
ARR 50000489 (sz=24, trace=300000, nelems=0, elem type=java.lang.Object[]@50000108)
ARR 5000048a (sz=256, trace=300000, nelems=60, elem type=java.lang.Object[]@50000108)
	[0]		500005a0
	[5]		500007fd
	[10]		500007fe
	[12]		500007ff
	[14]		50000800
	[17]		50000801
	[23]		50000805
	[28]		50000806
	[29]		50000807
	[30]		50000808
	[31]		50000809
	[32]		5000080a
	[33]		5000080b
	[37]		5000080c
	[39]		5000080d
	[42]		5000080e
	[43]		5000081c
	[44]		5000081d
	[45]		5000081e
	[46]		5000081f
	[47]		50000820
	[48]		50000821
	[49]		50000822
	[50]		50000823
	[51]		50000824
	[55]		50000825
	[56]		50000826
	[57]		5000082a
	[58]		5000082b
	[59]		5000082c
ARR 5000048b (sz=88, trace=300000, nelems=0, elem type=java.lang.Object[]@50000108)
ARR 5000048c (sz=56, trace=300000, nelems=10, elem type=java.lang.Object[]@50000108)
	[0]		50000d2d
	[1]		50000d44
	[2]		50000d45
	[3]		50000d46
	[4]		50000d47
	[5]		50000d48
	[6]		50000d49
	[7]		50000d4a
	[8]		50000d4b
	[9]		50000d4c
OBJ 50000490 (sz=16, trace=300243, class=java.util.jar.JavaUtilJarAccessImpl@5000048f)
ARR 50000491 (sz=20, trace=300244, nelems=10, elem type=char[])
ARR 50000492 (sz=512, trace=300245, nelems=128, elem type=int[])
ARR 50000493 (sz=40, trace=300246, nelems=10, elem type=int[])
ARR 50000494 (sz=24, trace=300000, nelems=0, elem type=java.lang.Object[]@50000108)
ARR 50000495 (sz=72, trace=300000, nelems=12, elem type=java.lang.Object[]@50000108)
	[0]		500005a0
	[2]		5000088b
	[3]		5000088c
	[11]		5000088d
ARR 50000496 (sz=24, trace=300000, nelems=1, elem type=java.lang.Object[]@50000108)
	[0]		500005a0
ARR 50000497 (sz=96, trace=300239, nelems=48, elem type=char[])
OBJ 50000498 (sz=24, trace=300240, class=java.lang.String@5000016e)
	value		50000497
ARR 5000049a (sz=24, trace=300000, nelems=0, elem type=java.lang.Object[]@50000108)
ARR 5000049b (sz=24, trace=300000, nelems=2, elem type=java.lang.Object[]@50000108)
	[0]		50000e95
	[1]		50000e96
ARR 5000049c (sz=32, trace=300000, nelems=3, elem type=java.lang.Object[]@50000108)
	[0]		50001810
	[1]		50001811
	[2]		50000d4c
OBJ 5000049e (sz=24, trace=300250, class=sun.nio.cs.US_ASCII@5000049d)
	name		50000fdb
	aliases		50000fdf
ARR 5000049f (sz=40, trace=300000, nelems=5, elem type=java.lang.Object[]@50000108)
	[4]		50000ea7
ARR 500004a0 (sz=88, trace=300000, nelems=15, elem type=java.lang.Object[]@50000108)
	[14]		50000d54
ARR 500004a1 (sz=24, trace=300000, nelems=0, elem type=java.lang.Object[]@50000108)
ARR 500004a2 (sz=48, trace=300000, nelems=7, elem type=java.lang.Object[]@50000108)
	[0]		500005a0
	[1]		500013fb
	[5]		500013fc
	[6]		500013fd
ARR 500004a3 (sz=24, trace=300000, nelems=0, elem type=java.lang.Object[]@50000108)
ARR 500004a4 (sz=24, trace=300000, nelems=2, elem type=java.lang.Object[]@50000108)
	[0]		50000a7e
	[1]		500012c2
ARR 500004a5 (sz=864, trace=300000, nelems=212, elem type=java.lang.Object[]@50000108)
	[0]		50001029
	[1]		50000fed
	[2]		5000102a
	[3]		5000102b
	[4]		5000102c
	[5]		5000102d
	[6]		5000102e
	[7]		5000102f
	[8]		50001030
	[9]		50001031
	[10]		50001032
	[11]		50001033
	[12]		50001034
	[13]		50001035
	[14]		50001036
	[15]		50001037
	[16]		50001038
	[17]		50001039
	[18]		5000103a
	[19]		5000103b
	[20]		5000103c
	[21]		5000103d
	[22]		5000103e
	[23]		5000103f
	[24]		50001040
	[25]		50001041
	[26]		50000fef
	[27]		50000fe2
	[28]		50000fe4
	[29]		50001042
	[30]		50001043
	[31]		50001044
	[32]		50001045
	[33]		50001046
	[34]		50000fe9
	[35]		50001047
	[36]		50001048
	[37]		50001049
	[38]		5000104a
	[39]		50000fe5
	[40]		5000104b
	[41]		5000104c
	[42]		5000104d
	[43]		5000104e
	[44]		50001050
	[45]		50001051
	[46]		50001052
	[47]		50001053
	[48]		50001054
	[49]		50000fe3
	[50]		50001055
	[51]		50001056
	[52]		50001057
	[53]		50001058
	[54]		50001059
	[55]		5000105a
	[56]		50001062
	[57]		50001063
	[58]		50001064
	[59]		50001065
	[60]		50001066
	[61]		50001067
	[62]		50001068
	[63]		50001069
	[64]		5000106a
	[65]		5000106b
	[66]		5000106c
	[67]		50001078
	[68]		50001079
	[69]		5000107a
	[70]		5000107b
	[71]		5000107c
	[72]		5000107d
	[73]		5000107e
	[74]		5000107f
	[75]		50001080
	[76]		50001081
	[77]		50001082
	[78]		50001083
	[79]		50001084
	[80]		50001085
	[81]		50001086
	[82]		50001087
	[83]		50001088
	[84]		50001089
	[85]		5000108a
	[86]		5000108b
	[87]		5000108c
	[88]		5000108d
	[89]		50000ff0
	[90]		5000108e
	[91]		5000108f
	[92]		50001090
	[93]		50001091
	[94]		50001092
	[95]		50001093
	[96]		50001094
	[97]		50001095
	[98]		50000fea
	[99]		50001097
	[100]		50001098
	[101]		50001099
	[102]		5000109a
	[103]		5000109b
	[104]		5000109c
	[105]		5000109d
	[106]		5000109e
	[107]		5000109f
	[108]		500010a0
	[109]		500010a1
	[110]		500010a2
	[111]		500010a8
	[112]		500010a9
	[113]		500010aa
	[114]		500010ab
	[115]		500010ac
	[116]		500010ad
	[117]		500010ae
	[118]		500010af
	[119]		500010b0
	[120]		500010b1
	[121]		500010b2
	[122]		500010b3
	[123]		50000feb
	[124]		500010b6
	[125]		500010b7
	[126]		500010b8
	[127]		500010b9
	[128]		500010ba
	[129]		500010bb
	[130]		500010bc
	[131]		500010bd
	[132]		500010be
	[133]		500010bf
	[134]		500010ce
	[135]		500010cf
	[136]		500010d0
	[137]		500010d1
	[138]		500010d2
	[139]		500010d3
	[140]		500010d4
	[141]		500010d5
	[142]		500010d6
	[143]		50000fec
	[144]		500010d7
	[145]		500010d8
	[146]		500010d9
	[147]		500010da
	[148]		500010db
	[149]		500010dc
	[150]		500010de
	[151]		500010df
	[152]		500010e0
	[153]		500010e1
	[154]		500010e2
	[155]		500010e3
	[156]		500010e4
	[157]		500010e5
	[158]		500010e6
	[159]		500010e7
	[160]		500010e8
	[161]		500010e9
	[162]		500010ef
	[163]		500010f0
	[164]		500010f1
	[165]		500010f2
	[166]		500010f3
	[167]		500010f4
	[168]		500010f5
	[169]		500010f6
	[170]		500010f7
	[171]		500010f8
	[172]		500010f9
	[173]		500010fa
	[174]		500010fb
	[175]		500010fc
	[176]		500010fd
	[177]		500010fe
	[178]		500010ff
	[179]		50001100
	[180]		50000fe1
	[181]		50001101
	[182]		50001102
	[183]		50001103
	[184]		50001104
	[185]		50001105
	[186]		50001106
	[187]		50001107
	[188]		50001108
	[189]		50000fee
	[190]		50001109
	[191]		5000110c
	[192]		5000110d
	[193]		5000110e
	[194]		5000110f
	[195]		50001110
	[196]		50001111
	[197]		50001112
	[198]		50001113
	[199]		50001114
	[200]		50001115
	[201]		50001116
	[202]		50001117
	[203]		5000111b
	[204]		50001125
	[205]		50001144
	[206]		50000fe8
	[207]		5000116a
	[208]		5000116c
	[209]		5000116d
	[210]		5000116e
	[211]		5000116f
ARR 500004a6 (sz=984, trace=300000, nelems=241, elem type=java.lang.Object[]@50000108)
	[0]		50001029
	[1]		50000fed
	[2]		5000102a
	[3]		5000102b
	[4]		5000102c
	[5]		5000102d
	[6]		5000102e
	[7]		5000102f
	[8]		50001030
	[9]		50001031
	[10]		50001032
	[11]		50001033
	[12]		50001034
	[13]		5000116d
	[14]		50001035
	[15]		50001036
	[16]		50001037
	[17]		50001038
	[18]		50001039
	[19]		5000103a
	[20]		5000103b
	[21]		5000103c
	[22]		5000103d
	[23]		5000103e
	[24]		5000103f
	[25]		50001040
	[26]		50001041
	[27]		5000108d
	[28]		5000133a
	[29]		5000133b
	[30]		5000133c
	[31]		50000ff0
	[32]		5000108e
	[33]		500012c5
	[34]		5000133d
	[35]		5000108f
	[36]		50001090
	[37]		50001091
	[38]		50001092
	[39]		50001093
	[40]		50001094
	[41]		50001095
	[42]		50000fea
	[43]		50001097
	[44]		50001098
	[45]		50001099
	[46]		5000109a
	[47]		5000109b
	[48]		5000109c
	[49]		5000109d
	[50]		5000109e
	[51]		5000109f
	[52]		500010a0
	[53]		500010a1
	[54]		500010a2
	[55]		500010a8
	[56]		500010a9
	[57]		500010aa
	[58]		500010ab
	[59]		500010ac
	[60]		500010ad
	[61]		500010ae
	[62]		500010af
	[63]		500010b0
	[64]		500010b1
	[65]		500010b2
	[66]		500010b3
	[67]		5000133e
	[68]		5000133f
	[69]		50001340
	[70]		50001341
	[71]		50001342
	[72]		50001343
	[73]		50001344
	[74]		50001345
	[75]		50001346
	[76]		50001347
	[77]		50001348
	[78]		50001349
	[79]		5000134a
	[80]		500010d1
	[81]		500010d2
	[82]		500010d3
	[83]		500010d4
	[84]		5000134b
	[85]		500010d5
	[86]		500010d6
	[87]		50000fec
	[88]		5000134c
	[89]		5000134d
	[90]		500010d7
	[91]		500010d8
	[92]		500010d9
	[93]		500010da
	[94]		500010db
	[95]		500010dc
	[96]		5000134e
	[97]		500010de
	[98]		500010df
	[99]		500010e0
	[100]		500010e1
	[101]		500010e2
	[102]		500010e3
	[103]		5000116e
	[104]		500010e4
	[105]		500010e5
	[106]		500010e6
	[107]		500010e7
	[108]		5000134f
	[109]		500012c6
	[110]		50001350
	[111]		500010e8
	[112]		500010e9
	[113]		500010ef
	[114]		500010f0
	[115]		50001351
	[116]		500010f1
	[117]		500010f2
	[118]		500010f3
	[119]		500010f4
	[120]		500010f5
	[121]		500010f6
	[122]		5000116f
	[123]		500010f7
	[124]		500010f8
	[125]		500010f9
	[126]		500010fa
	[127]		50001352
	[128]		50001353
	[129]		500012c7
	[130]		500012c8
	[131]		500012c9
	[132]		500012ca
	[133]		500012ce
	[134]		500012cf
	[135]		500012d0
	[136]		500012d1
	[137]		500010fb
	[138]		500010fc
	[139]		500010fd
	[140]		500010fe
	[141]		500010ff
	[142]		50001100
	[143]		50000fe1
	[144]		50001354
	[145]		50001355
	[146]		50001356
	[147]		50001357
	[148]		50001358
	[149]		50001101
	[150]		50001359
	[151]		50001102
	[152]		5000135a
	[153]		5000135c
	[154]		50001103
	[155]		5000135d
	[156]		5000135e
	[157]		50001104
	[158]		50001105
	[159]		50001106
	[160]		50001107
	[161]		50001108
	[162]		50000fee
	[163]		5000135f
	[164]		50001360
	[165]		50001109
	[166]		50001361
	[167]		50001362
	[168]		50001363
	[169]		50001364
	[170]		50001365
	[171]		50001366
	[172]		50001372
	[173]		50001373
	[174]		50001374
	[175]		50001375
	[176]		50001376
	[177]		50001377
	[178]		50001378
	[179]		5000110c
	[180]		500012d2
	[181]		500012d3
	[182]		5000110d
	[183]		5000110e
	[184]		5000110f
	[185]		50001110
	[186]		50001111
	[187]		50001112
	[188]		50001379
	[189]		5000137a
	[190]		50001113
	[191]		50001114
	[192]		50001115
	[193]		50001116
	[194]		5000137b
	[195]		5000137c
	[196]		5000111b
	[197]		50001125
	[198]		50001144
	[199]		50001381
	[200]		50001382
	[201]		50001383
	[202]		50001384
	[203]		50000fe8
	[204]		500012d4
	[205]		500012d5
	[206]		500012d6
	[207]		500012d7
	[208]		500012d8
	[209]		500012e3
	[210]		50001385
	[211]		500012e4
	[212]		50001386
	[213]		500012e5
	[214]		5000116a
	[215]		50001387
	[216]		50001388
	[217]		50001389
	[218]		5000138a
	[219]		5000138b
	[220]		5000138c
	[221]		5000138d
	[222]		5000138e
	[223]		5000138f
	[224]		50001390
	[225]		500012e6
	[226]		500012e7
	[227]		500012e8
	[228]		500012e9
	[229]		500012ea
	[230]		500012eb
	[231]		5000116c
	[232]		500012ec
	[233]		500012ed
	[234]		50001391
	[235]		50001392
	[236]		500012ee
	[237]		50001393
	[238]		500012ef
	[239]		50001394
	[240]		500012f0
ARR 500004a7 (sz=328, trace=300000, nelems=78, elem type=java.lang.Object[]@50000108)
	[0]		500012a7
	[1]		500012a8
	[2]		500012a9
	[3]		500012aa
	[4]		500012ab
	[5]		500012ac
	[6]		500012ad
	[7]		500012ae
	[8]		500012af
	[9]		500012b0
	[10]		500012b1
	[11]		500012b2
	[12]		50001069
	[13]		500012b3
	[14]		500012b4
	[15]		500012b5
	[16]		500012b6
	[17]		500012b7
	[18]		500012b8
	[19]		500012b9
	[20]		500012ba
	[21]		500012bb
	[22]		500012bc
	[23]		500012bd
	[24]		500012be
	[25]		500012bf
	[26]		500012c0
	[27]		500012c1
	[28]		500012c2
	[29]		5000107d
	[30]		5000107e
	[31]		5000107f
	[32]		500012c3
	[33]		50001080
	[34]		50001081
	[35]		50001082
	[36]		50001083
	[37]		50001084
	[38]		500012c4
	[39]		500012c5
	[40]		500012c6
	[41]		500010e8
	[42]		500010ef
	[43]		500010f1
	[44]		500010f2
	[45]		500010f3
	[46]		500010f4
	[47]		500010f5
	[48]		500010f6
	[49]		500012c7
	[50]		500012c8
	[51]		500012c9
	[52]		500012ca
	[53]		500012ce
	[54]		500012cf
	[55]		500012d0
	[56]		500012d1
	[57]		500012d2
	[58]		500012d3
	[59]		500012d4
	[60]		500012d5
	[61]		500012d6
	[62]		500012d7
	[63]		500012d8
	[64]		500012e3
	[65]		500012e4
	[66]		500012e5
	[67]		500012e6
	[68]		500012e7
	[69]		500012e8
	[70]		500012e9
	[71]		500012ea
	[72]		500012eb
	[73]		500012ec
	[74]		500012ed
	[75]		500012ee
	[76]		500012ef
	[77]		500012f0
ARR 500004a9 (sz=176, trace=300000, nelems=39, elem type=java.lang.Object[]@50000108)
	[0]		500012c5
	[1]		500012c6
	[2]		500010e8
	[3]		500010ef
	[4]		500010f1
	[5]		500010f2
	[6]		500010f3
	[7]		500010f4
	[8]		500010f5
	[9]		500010f6
	[10]		500012c7
	[11]		500012c8
	[12]		500012c9
	[13]		500012ca
	[14]		500012ce
	[15]		500012cf
	[16]		500012d0
	[17]		500012d1
	[18]		500012d2
	[19]		500012d3
	[20]		500012d4
	[21]		500012d5
	[22]		500012d6
	[23]		500012d7
	[24]		500012d8
	[25]		500012e3
	[26]		500012e4
	[27]		500012e5
	[28]		500012e6
	[29]		500012e7
	[30]		500012e8
	[31]		500012e9
	[32]		500012ea
	[33]		500012eb
	[34]		500012ec
	[35]		500012ed
	[36]		500012ee
	[37]		500012ef
	[38]		500012f0
OBJ 500004aa (sz=56, trace=300130, class=java.lang.Class$ReflectionData@500000a5)
OBJ 500004ab (sz=40, trace=300040, class=java.lang.ref.SoftReference@50000152)
OBJ 500004ac (sz=80, trace=300131, class=java.lang.reflect.Constructor@5000013d)
ARR 500004ad (sz=24, trace=300000, nelems=1, elem type=java.lang.Object[]@50000108)
	[0]		50000d4c
OBJ 500004ae (sz=24, trace=300133, class=sun.reflect.NativeConstructorAccessorImpl@5000007c)
OBJ 500004af (sz=16, trace=300134, class=sun.reflect.DelegatingConstructorAccessorImpl@5000007b)
OBJ 500004b0 (sz=24, trace=300252, class=sun.nio.cs.ISO_8859_1@500004a8)
	name		50000fda
	aliases		5000118d
ARR 500004b1 (sz=72, trace=300000, nelems=0, elem type=java.lang.Object[]@50000108)
ARR 500004b2 (sz=32, trace=300000, nelems=4, elem type=java.lang.Object[]@50000108)
	[0]		500016af
	[2]		500012e8
	[3]		500016b0
ARR 500004b3 (sz=32, trace=300000, nelems=0, elem type=java.lang.Object[]@50000108)
ARR 500004b4 (sz=32, trace=300000, nelems=3, elem type=java.lang.Object[]@50000108)
	[1]		50002e77
	[2]		50002e78
ARR 500004b5 (sz=80, trace=300000, nelems=13, elem type=java.lang.Object[]@50000108)
	[1]		500013fb
	[2]		5000166f
	[3]		50001670
	[6]		50001672
	[12]		50001673
ARR 500004b6 (sz=32, trace=300000, nelems=3, elem type=java.lang.Object[]@50000108)
	[0]		50001690
	[1]		50001691
	[2]		50001692
ARR 500004b7 (sz=32, trace=300000, nelems=0, elem type=java.lang.Object[]@50000108)
ARR 500004b8 (sz=32, trace=300000, nelems=0, elem type=java.lang.Object[]@50000108)
ARR 500004b9 (sz=56, trace=300000, nelems=8, elem type=java.lang.Object[]@50000108)
	[2]		50000fba
	[3]		50000fbb
	[4]		50000fbc
	[7]		50000fbe
ARR 500004ba (sz=24, trace=300000, nelems=2, elem type=java.lang.Object[]@50000108)
	[0]		50000fb1
	[1]		50000fb2
ARR 500004bb (sz=24, trace=300000, nelems=1, elem type=java.lang.Object[]@50000108)
	[0]		50000d4c
ARR 500004bc (sz=32, trace=300000, nelems=3, elem type=java.lang.Object[]@50000108)
	[2]		50000630
ARR 500004bd (sz=96, trace=300000, nelems=19, elem type=java.lang.Object[]@50000108)
	[0]		500005a0
	[17]		50000706
	[18]		50000707
ARR 500004bf (sz=32, trace=300000, nelems=2, elem type=java.lang.Object[]@50000108)
	[0]		50002df7
	[1]		50002df8
OBJ 500004c0 (sz=56, trace=300130, class=java.lang.Class$ReflectionData@500000a5)
OBJ 500004c1 (sz=40, trace=300040, class=java.lang.ref.SoftReference@50000152)
OBJ 500004c2 (sz=80, trace=300131, class=java.lang.reflect.Constructor@5000013d)
ARR 500004c3 (sz=48, trace=300000, nelems=7, elem type=java.lang.Object[]@50000108)
	[5]		500007f5
	[6]		500007f6
OBJ 500004c4 (sz=24, trace=300133, class=sun.reflect.NativeConstructorAccessorImpl@5000007c)
OBJ 500004c5 (sz=16, trace=300134, class=sun.reflect.DelegatingConstructorAccessorImpl@5000007b)
OBJ 500004c6 (sz=24, trace=300253, class=sun.nio.cs.UTF_16BE@500004be)
	name		50000fdd
	aliases		50001195
ARR 500004c7 (sz=32, trace=300000, nelems=0, elem type=java.lang.Object[]@50000108)
ARR 500004c8 (sz=24, trace=300000, nelems=2, elem type=java.lang.Object[]@50000108)
	[0]		50002dff
	[1]		50002e00
ARR 500004c9 (sz=32, trace=300000, nelems=3, elem type=java.lang.Object[]@50000108)
	[0]		50000a75
	[2]		500005d5
ARR 500004ca (sz=24, trace=300000, nelems=2, elem type=java.lang.Object[]@50000108)
	[0]		50002e63
	[1]		50002e64
ARR 500004cb (sz=40, trace=300000, nelems=0, elem type=java.lang.Object[]@50000108)
OBJ 500004cc (sz=56, trace=300687, class=java.util.zip.ZipFile$ZipFileInputStream@5000055c)
	this$0		500004ec
OBJ 500004cd (sz=40, trace=300106, class=java.lang.ref.Finalizer@5000014d)
	referent	500004cc
	queue		500003aa
	next		50000469
	prev		50000572
ARR 500004ce (sz=80, trace=300000, nelems=14, elem type=java.lang.Object[]@50000108)
	[13]		50000d55
ARR 500004cf (sz=24, trace=300000, nelems=1, elem type=java.lang.Object[]@50000108)
	[0]		500008b8
ARR 500004d1 (sz=24, trace=300000, nelems=1, elem type=java.lang.Object[]@50000108)
	[0]		50000a7c
OBJ 500004d2 (sz=56, trace=300130, class=java.lang.Class$ReflectionData@500000a5)
OBJ 500004d3 (sz=40, trace=300040, class=java.lang.ref.SoftReference@50000152)
OBJ 500004d4 (sz=80, trace=300131, class=java.lang.reflect.Constructor@5000013d)
ARR 500004d5 (sz=56, trace=300000, nelems=10, elem type=java.lang.Object[]@50000108)
	[6]		50000eae
	[7]		50000eaf
	[8]		50000eb0
	[9]		50000eb1
OBJ 500004d6 (sz=24, trace=300133, class=sun.reflect.NativeConstructorAccessorImpl@5000007c)
OBJ 500004d7 (sz=16, trace=300134, class=sun.reflect.DelegatingConstructorAccessorImpl@5000007b)
OBJ 500004d8 (sz=24, trace=300254, class=sun.nio.cs.UTF_16LE@500004d0)
	name		50000fde
	aliases		50001194
ARR 500004d9 (sz=32, trace=300000, nelems=0, elem type=java.lang.Object[]@50000108)
ARR 500004da (sz=152, trace=300000, nelems=0, elem type=java.lang.Object[]@50000108)
ARR 500004db (sz=24, trace=300000, nelems=0, elem type=java.lang.Object[]@50000108)
ARR 500004dc (sz=64, trace=300000, nelems=11, elem type=java.lang.Object[]@50000108)
	[0]		500008b7
	[3]		500008b8
	[4]		500008b9
	[5]		500008ba
	[6]		500008bb
	[7]		500008bc
	[8]		500008bd
	[9]		500008be
	[10]		500005d5
ARR 500004dd (sz=40, trace=300000, nelems=0, elem type=java.lang.Object[]@50000108)
ARR 500004de (sz=48, trace=300000, nelems=0, elem type=java.lang.Object[]@50000108)
ARR 500004df (sz=32, trace=300000, nelems=1, elem type=java.lang.Object[]@50000108)
	[0]		500007d8
OBJ 500004e1 (sz=16, trace=300157, class=java.lang.Object@50000172)
OBJ 500004e3 (sz=32, trace=300159, class=java.util.concurrent.ConcurrentHashMap$Node@50000024)
	key		50000d11
	val		500004e1
OBJ 500004e4 (sz=56, trace=300130, class=java.lang.Class$ReflectionData@500000a5)
OBJ 500004e5 (sz=40, trace=300040, class=java.lang.ref.SoftReference@50000152)
OBJ 500004e6 (sz=80, trace=300131, class=java.lang.reflect.Constructor@5000013d)
OBJ 500004e7 (sz=16, trace=300160, class=java.lang.Object@50000172)
OBJ 500004e8 (sz=24, trace=300133, class=sun.reflect.NativeConstructorAccessorImpl@5000007c)
OBJ 500004e9 (sz=16, trace=300134, class=sun.reflect.DelegatingConstructorAccessorImpl@5000007b)
OBJ 500004ea (sz=24, trace=300255, class=sun.nio.cs.UTF_16@500004e2)
	name		50000fdc
	aliases		50001196
OBJ 500004eb (sz=32, trace=300159, class=java.util.concurrent.ConcurrentHashMap$Node@50000024)
	key		50000d11
	val		500004e7
OBJ 500004ec (sz=64, trace=300256, class=java.util.jar.JarFile@5000048d)
	name		50000498
	zc		500004f8
	streams		500004ee
	inflaterCache	500004f5
	manRef		500005da
	manEntry	50000558
OBJ 500004ed (sz=40, trace=300106, class=java.lang.ref.Finalizer@5000014d)
	referent	500004ec
	queue		500003aa
	next		50002e9f
	prev		500022d1
OBJ 500004ee (sz=48, trace=300257, class=java.util.WeakHashMap@5000009b)
	table		500004f1
	queue		500004ef
OBJ 500004ef (sz=32, trace=300258, class=java.lang.ref.ReferenceQueue@5000014c)
	lock		500004f0
OBJ 500004f0 (sz=16, trace=300259, class=java.lang.ref.ReferenceQueue$Lock@500000d1)
ARR 500004f1 (sz=80, trace=300260, nelems=0, elem type=java.util.WeakHashMap$Entry[]@50000048)
OBJ 500004f5 (sz=24, trace=300262, class=java.util.ArrayDeque@500004f4)
	elements	500004f6
ARR 500004f6 (sz=80, trace=300263, nelems=0, elem type=java.lang.Object[]@50000108)
OBJ 500004f8 (sz=32, trace=300265, class=java.util.zip.ZipCoder@500004f7)
	cs		50000226
	dec		50000552
	enc		5000051a
ARR 500004fb (sz=24, trace=300000, nelems=0, elem type=java.lang.Object[]@50000108)
OBJ 500004fd (sz=16, trace=300270, class=sun.misc.Perf@500004fc)
OBJ 500004ff (sz=24, trace=300272, class=sun.misc.PerfCounter@500004f9)
	name		50000fac
	lb		50000507
ARR 50000503 (sz=56, trace=300000, nelems=10, elem type=java.lang.Object[]@50000108)
	[9]		50000a7a
OBJ 50000504 (sz=64, trace=300275, class=java.nio.DirectByteBuffer@50000502)
OBJ 50000507 (sz=56, trace=300277, class=java.nio.DirectLongBufferU@50000506)
	att		50000504
OBJ 50000508 (sz=24, trace=300278, class=sun.misc.PerfCounter@500004f9)
	name		50000fab
	lb		5000050a
OBJ 50000509 (sz=64, trace=300275, class=java.nio.DirectByteBuffer@50000502)
OBJ 5000050a (sz=56, trace=300277, class=java.nio.DirectLongBufferU@50000506)
	att		50000509
OBJ 5000050b (sz=24, trace=300279, class=sun.misc.PerfCounter@500004f9)
	name		50000faa
	lb		5000050d
OBJ 5000050c (sz=64, trace=300275, class=java.nio.DirectByteBuffer@50000502)
OBJ 5000050d (sz=56, trace=300277, class=java.nio.DirectLongBufferU@50000506)
	att		5000050c
OBJ 5000050e (sz=24, trace=300280, class=sun.misc.PerfCounter@500004f9)
	name		50000fad
	lb		50000510
OBJ 5000050f (sz=64, trace=300275, class=java.nio.DirectByteBuffer@50000502)
OBJ 50000510 (sz=56, trace=300277, class=java.nio.DirectLongBufferU@50000506)
	att		5000050f
OBJ 50000511 (sz=24, trace=300281, class=sun.misc.PerfCounter@500004f9)
	name		50000faf
	lb		50000513
OBJ 50000512 (sz=64, trace=300275, class=java.nio.DirectByteBuffer@50000502)
OBJ 50000513 (sz=56, trace=300277, class=java.nio.DirectLongBufferU@50000506)
	att		50000512
OBJ 50000514 (sz=24, trace=300282, class=sun.misc.PerfCounter@500004f9)
	name		50000fae
	lb		50000516
OBJ 50000515 (sz=64, trace=300275, class=java.nio.DirectByteBuffer@50000502)
OBJ 50000516 (sz=56, trace=300277, class=java.nio.DirectLongBufferU@50000506)
	att		50000515
ARR 50000518 (sz=24, trace=300000, nelems=1, elem type=java.lang.Object[]@50000108)
	[0]		50002e9c
ARR 50000519 (sz=24, trace=300000, nelems=0, elem type=java.lang.Object[]@50000108)
OBJ 5000051a (sz=56, trace=300141, class=sun.nio.cs.UTF_8$Encoder@5000022a)
	charset		50000226
	replacement	5000051b
	malformedInputAction	500005c6
	unmappableCharacterAction	500005c6
ARR 5000051b (sz=1, trace=300142, nelems=1, elem type=byte[])
ARR 5000051c (sz=24, trace=300000, nelems=0, elem type=java.lang.Object[]@50000108)
ARR 5000051d (sz=24, trace=300000, nelems=0, elem type=java.lang.Object[]@50000108)
ARR 5000051e (sz=24, trace=300000, nelems=0, elem type=java.lang.Object[]@50000108)
ARR 50000520 (sz=40, trace=300000, nelems=0, elem type=java.lang.Object[]@50000108)
ARR 50000521 (sz=64, trace=300290, nelems=11, elem type=java.lang.String[]@500000c8)
	[0]		50000524
	[1]		50000528
	[2]		5000052c
	[3]		50000530
	[4]		50000534
	[5]		50000538
	[6]		5000053c
	[7]		50000f39
	[8]		50000541
	[9]		50000546
	[10]		5000054b
ARR 50000522 (sz=104, trace=300000, nelems=17, elem type=java.lang.Object[]@50000108)
	[7]		50001711
	[8]		50002945
	[10]		50002e48
	[14]		50002e49
	[15]		50002e53
	[16]		5000170c
ARR 50000523 (sz=24, trace=300000, nelems=0, elem type=java.lang.Object[]@50000108)
OBJ 50000524 (sz=24, trace=300293, class=java.lang.String@5000016e)
	value		50000525
ARR 50000525 (sz=14, trace=300294, nelems=7, elem type=char[])
ARR 50000526 (sz=24, trace=300000, nelems=0, elem type=java.lang.Object[]@50000108)
ARR 50000527 (sz=24, trace=300000, nelems=0, elem type=java.lang.Object[]@50000108)
OBJ 50000528 (sz=24, trace=300297, class=java.lang.String@5000016e)
	value		50000529
ARR 50000529 (sz=18, trace=300298, nelems=9, elem type=char[])
ARR 5000052a (sz=40, trace=300000, nelems=5, elem type=java.lang.Object[]@50000108)
	[4]		50000f85
ARR 5000052b (sz=40, trace=300000, nelems=0, elem type=java.lang.Object[]@50000108)
OBJ 5000052c (sz=24, trace=300301, class=java.lang.String@5000016e)
	value		5000052d
ARR 5000052d (sz=16, trace=300302, nelems=8, elem type=char[])
ARR 5000052e (sz=24, trace=300000, nelems=1, elem type=java.lang.Object[]@50000108)
	[0]		50002e81
ARR 5000052f (sz=40, trace=300000, nelems=5, elem type=java.lang.Object[]@50000108)
	[2]		50002e7b
	[3]		50002e7c
	[4]		50002e7d
OBJ 50000530 (sz=24, trace=300305, class=java.lang.String@5000016e)
	value		50000531
ARR 50000531 (sz=26, trace=300306, nelems=13, elem type=char[])
ARR 50000532 (sz=32, trace=300000, nelems=0, elem type=java.lang.Object[]@50000108)
ARR 50000533 (sz=72, trace=300000, nelems=0, elem type=java.lang.Object[]@50000108)
OBJ 50000534 (sz=24, trace=300309, class=java.lang.String@5000016e)
	value		50000535
ARR 50000535 (sz=20, trace=300310, nelems=10, elem type=char[])
ARR 50000536 (sz=56, trace=300000, nelems=0, elem type=java.lang.Object[]@50000108)
ARR 50000537 (sz=104, trace=300000, nelems=1, elem type=java.lang.Object[]@50000108)
	[0]		500005cf
OBJ 50000538 (sz=24, trace=300313, class=java.lang.String@5000016e)
	value		50000539
ARR 50000539 (sz=20, trace=300314, nelems=10, elem type=char[])
ARR 5000053a (sz=40, trace=300000, nelems=1, elem type=java.lang.Object[]@50000108)
	[0]		50002a6c
ARR 5000053b (sz=24, trace=300000, nelems=0, elem type=java.lang.Object[]@50000108)
OBJ 5000053c (sz=24, trace=300317, class=java.lang.String@5000016e)
	value		5000053d
ARR 5000053d (sz=30, trace=300318, nelems=15, elem type=char[])
ARR 5000053e (sz=24, trace=300000, nelems=0, elem type=java.lang.Object[]@50000108)
ARR 5000053f (sz=32, trace=300000, nelems=0, elem type=java.lang.Object[]@50000108)
ARR 50000540 (sz=32, trace=300000, nelems=0, elem type=java.lang.Object[]@50000108)
OBJ 50000541 (sz=24, trace=300321, class=java.lang.String@5000016e)
	value		50000542
ARR 50000542 (sz=62, trace=300322, nelems=31, elem type=char[])
ARR 50000543 (sz=88, trace=300000, nelems=0, elem type=java.lang.Object[]@50000108)
ARR 50000544 (sz=24, trace=300000, nelems=1, elem type=java.lang.Object[]@50000108)
	[0]		50000f18
ARR 50000545 (sz=24, trace=300000, nelems=2, elem type=java.lang.Object[]@50000108)
	[1]		50000ead
OBJ 50000546 (sz=24, trace=300325, class=java.lang.String@5000016e)
	value		50000547
ARR 50000547 (sz=50, trace=300326, nelems=25, elem type=char[])
ARR 50000548 (sz=88, trace=300000, nelems=18, elem type=java.lang.Object[]@50000108)
	[0]		500005a0
	[5]		50000a7e
	[13]		50000a7f
	[14]		50000a80
	[17]		50000a81
ARR 50000549 (sz=56, trace=300000, nelems=10, elem type=java.lang.Object[]@50000108)
	[9]		5000184f
ARR 5000054a (sz=56, trace=300000, nelems=0, elem type=java.lang.Object[]@50000108)
OBJ 5000054b (sz=24, trace=300329, class=java.lang.String@5000016e)
	value		5000054c
ARR 5000054c (sz=42, trace=300330, nelems=21, elem type=char[])
ARR 5000054d (sz=56, trace=300000, nelems=10, elem type=java.lang.Object[]@50000108)
	[0]		500005a0
	[1]		500005d1
	[2]		500005c9
	[3]		500005d2
	[4]		500005d3
	[5]		500005d4
	[6]		500005cc
	[7]		50000584
	[8]		500005c8
	[9]		500005d5
ARR 5000054e (sz=208, trace=300000, nelems=0, elem type=java.lang.Object[]@50000108)
ARR 5000054f (sz=32, trace=300000, nelems=3, elem type=java.lang.Object[]@50000108)
	[0]		500005d9
	[1]		500005df
	[2]		5000059e
ARR 50000551 (sz=72, trace=300000, nelems=13, elem type=java.lang.Object[]@50000108)
	[0]		500005a0
	[6]		50000630
	[9]		50000633
	[10]		50000634
	[12]		50000636
OBJ 50000552 (sz=40, trace=300204, class=sun.nio.cs.UTF_8$Decoder@5000027d)
	charset		50000226
	replacement	500016a5
	malformedInputAction	500005c6
	unmappableCharacterAction	500005c6
ARR 50000553 (sz=48, trace=300000, nelems=7, elem type=java.lang.Object[]@50000108)
	[6]		5000185d
OBJ 50000554 (sz=24, trace=300334, class=java.lang.String@5000016e)
	value		50000555
ARR 50000555 (sz=40, trace=300335, nelems=20, elem type=char[])
OBJ 50000558 (sz=96, trace=300337, class=java.util.jar.JarFile$JarFileEntry@50000557)
	name		50000554
	this$0		500004ec
ARR 50000559 (sz=64, trace=300000, nelems=7, elem type=java.lang.Object[]@50000108)
	[6]		500005e0
ARR 5000055a (sz=32, trace=300000, nelems=0, elem type=java.lang.Object[]@50000108)
ARR 5000055b (sz=40, trace=300000, nelems=4, elem type=java.lang.Object[]@50000108)
	[1]		500005e6
	[2]		500005e7
	[3]		500005e8
OBJ 5000055d (sz=56, trace=300342, class=java.util.zip.ZipFile$ZipFileInputStream@5000055c)
ARR 5000055e (sz=48, trace=300000, nelems=0, elem type=java.lang.Object[]@50000108)
ARR 5000055f (sz=72, trace=300000, nelems=0, elem type=java.lang.Object[]@50000108)
ARR 50000561 (sz=80, trace=300000, nelems=0, elem type=java.lang.Object[]@50000108)
ARR 50000562 (sz=32, trace=300000, nelems=0, elem type=java.lang.Object[]@50000108)
ARR 50000563 (sz=56, trace=300219, nelems=1, elem type=java.lang.Object[]@50000108)
	[0]		50000461
ARR 50000564 (sz=80, trace=300220, nelems=3, elem type=java.util.HashMap$Node[]@500000c2)
	[2]		50000565
OBJ 50000565 (sz=32, trace=300221, class=java.util.HashMap$Node@500000c4)
	key		50000452
	value		50000461
ARR 50000566 (sz=112, trace=300000, nelems=23, elem type=java.lang.Object[]@50000108)
	[22]		500005ff
ARR 50000567 (sz=32, trace=300000, nelems=3, elem type=java.lang.Object[]@50000108)
	[2]		5000062a
ARR 50000568 (sz=72, trace=300000, nelems=0, elem type=java.lang.Object[]@50000108)
ARR 50000569 (sz=32, trace=300000, nelems=0, elem type=java.lang.Object[]@50000108)
ARR 5000056a (sz=32, trace=300000, nelems=0, elem type=java.lang.Object[]@50000108)
ARR 5000056b (sz=24, trace=300000, nelems=0, elem type=java.lang.Object[]@50000108)
ARR 5000056c (sz=48, trace=300000, nelems=0, elem type=java.lang.Object[]@50000108)
ARR 5000056d (sz=64, trace=300000, nelems=9, elem type=java.lang.Object[]@50000108)
	[8]		5000060e
ARR 5000056e (sz=48, trace=300000, nelems=0, elem type=java.lang.Object[]@50000108)
ARR 5000056f (sz=24, trace=300000, nelems=0, elem type=java.lang.Object[]@50000108)
ARR 50000570 (sz=24, trace=300000, nelems=0, elem type=java.lang.Object[]@50000108)
OBJ 50000571 (sz=56, trace=300687, class=java.util.zip.ZipFile$ZipFileInputStream@5000055c)
	this$0		500004ec
OBJ 50000572 (sz=40, trace=300106, class=java.lang.ref.Finalizer@5000014d)
	referent	50000571
	queue		500003aa
	next		500004cd
	prev		50000629
ARR 50000573 (sz=24, trace=300000, nelems=0, elem type=java.lang.Object[]@50000108)
ARR 50000574 (sz=24, trace=300000, nelems=0, elem type=java.lang.Object[]@50000108)
OBJ 50000575 (sz=104, trace=300000, class=java.lang.Class@5000016a)
OBJ 50000576 (sz=104, trace=300000, class=java.lang.Class@5000016a)
OBJ 50000577 (sz=104, trace=300000, class=java.lang.Class@5000016a)
OBJ 50000578 (sz=104, trace=300000, class=java.lang.Class@5000016a)
OBJ 50000579 (sz=104, trace=300000, class=java.lang.Class@5000016a)
OBJ 5000057a (sz=104, trace=300000, class=java.lang.Class@5000016a)
OBJ 5000057b (sz=104, trace=300000, class=java.lang.Class@5000016a)
OBJ 5000057c (sz=104, trace=300000, class=java.lang.Class@5000016a)
OBJ 5000057e (sz=16, trace=300157, class=java.lang.Object@50000172)
OBJ 5000057f (sz=32, trace=300683, class=java.util.concurrent.ConcurrentHashMap$Node@50000024)
	key		50000aec
	val		5000057e
	next		500008af
OBJ 50000580 (sz=16, trace=300160, class=java.lang.Object@50000172)
OBJ 50000581 (sz=32, trace=300683, class=java.util.concurrent.ConcurrentHashMap$Node@50000024)
	key		50000aec
	val		50000580
	next		500008b3
OBJ 50000582 (sz=104, trace=300000, class=java.lang.Class@5000016a)
ARR 50000583 (sz=16, trace=300000, nelems=0, elem type=java.lang.Class[]@50000103)
OBJ 50000584 (sz=24, trace=300000, class=java.lang.String@5000016e)
	value		50002e89
OBJ 50000585 (sz=24, trace=300000, class=java.lang.String@5000016e)
	value		50002ebe
OBJ 50000588 (sz=32, trace=300000, class=java.lang.OutOfMemoryError@50000156)
	detailMessage	50002ebc
OBJ 50000589 (sz=24, trace=300369, class=java.lang.String@5000016e)
	value		5000058a
ARR 5000058a (sz=38, trace=300370, nelems=19, elem type=char[])
OBJ 5000058b (sz=32, trace=300000, class=java.lang.OutOfMemoryError@50000156)
	detailMessage	50002eba
OBJ 5000058c (sz=32, trace=300000, class=java.lang.OutOfMemoryError@50000156)
	detailMessage	50002eb8
OBJ 5000058d (sz=32, trace=300000, class=java.lang.OutOfMemoryError@50000156)
	detailMessage	50002eb6
OBJ 5000058e (sz=56, trace=300342, class=java.util.zip.ZipFile$ZipFileInputStream@5000055c)
OBJ 5000058f (sz=32, trace=300000, class=java.lang.OutOfMemoryError@50000156)
	detailMessage	50002eb4
OBJ 50000590 (sz=32, trace=300000, class=java.lang.OutOfMemoryError@50000156)
	detailMessage	50002eb2
ARR 50000591 (sz=32, trace=300000, nelems=4, elem type=java.lang.OutOfMemoryError[]@500000fd)
	[0]		50002eae
	[1]		50002eaf
	[2]		50002eb0
	[3]		50002eb1
OBJ 50000592 (sz=32, trace=300000, class=java.lang.NullPointerException@50000102)
OBJ 50000593 (sz=32, trace=300000, class=java.lang.ArithmeticException@50000101)
	detailMessage	50002eac
OBJ 50000594 (sz=24, trace=300375, class=java.util.jar.Manifest@50000118)
	attr		50000596
	entries		50000598
OBJ 50000596 (sz=16, trace=300377, class=java.util.jar.Attributes@50000595)
	map		50000597
OBJ 50000597 (sz=48, trace=300378, class=java.util.HashMap@500000c6)
	table		500005bd
OBJ 50000598 (sz=48, trace=300379, class=java.util.HashMap@500000c6)
OBJ 5000059a (sz=32, trace=300000, class=java.lang.VirtualMachineError@50000157)
OBJ 5000059b (sz=48, trace=300000, class=java.lang.ThreadGroup@50000148)
	parent		5000059c
	name		50002ea6
	threads		50002ea5
OBJ 5000059c (sz=48, trace=300000, class=java.lang.ThreadGroup@50000148)
	name		5000185d
	threads		50002e91
	groups		50002e90
OBJ 5000059d (sz=32, trace=300000, class=java.lang.VirtualMachineError@50000157)
OBJ 5000059e (sz=24, trace=300000, class=java.lang.String@5000016e)
	value		50002e85
OBJ 5000059f (sz=24, trace=300386, class=java.lang.String@5000016e)
	value		500005a7
OBJ 500005a0 (sz=24, trace=300000, class=java.lang.String@5000016e)
	value		50000889
ARR 500005a1 (sz=16, trace=300000, nelems=0, elem type=java.lang.Object[]@50000108)
OBJ 500005a2 (sz=32, trace=300000, class=java.util.Locale@5000002f)
	baseLocale	50001a01
OBJ 500005a3 (sz=24, trace=300000, class=java.lang.String@5000016e)
	value		50000fa3
OBJ 500005a4 (sz=24, trace=300000, class=java.lang.String@5000016e)
	value		50000fa1
OBJ 500005a5 (sz=24, trace=300000, class=java.lang.String@5000016e)
	value		50000fa2
OBJ 500005a6 (sz=24, trace=300000, class=java.lang.String@5000016e)
	value		50000fa0
ARR 500005a7 (sz=6, trace=300387, nelems=3, elem type=char[])
OBJ 500005a9 (sz=24, trace=300389, class=java.util.jar.Attributes$Name@500005a8)
	name		500016d9
OBJ 500005aa (sz=24, trace=300390, class=java.util.jar.Attributes$Name@500005a8)
	name		500016db
OBJ 500005ab (sz=24, trace=300391, class=java.util.jar.Attributes$Name@500005a8)
	name		500016cc
OBJ 500005ac (sz=24, trace=300392, class=java.util.jar.Attributes$Name@500005a8)
	name		500016c8
OBJ 500005ad (sz=24, trace=300393, class=java.util.jar.Attributes$Name@500005a8)
	name		500016d8
OBJ 500005ae (sz=24, trace=300394, class=java.util.jar.Attributes$Name@500005a8)
	name		500016da
OBJ 500005af (sz=24, trace=300395, class=java.util.jar.Attributes$Name@500005a8)
	name		500016ce
OBJ 500005b0 (sz=24, trace=300396, class=java.util.jar.Attributes$Name@500005a8)
	name		500016cf
OBJ 500005b1 (sz=24, trace=300397, class=java.util.jar.Attributes$Name@500005a8)
	name		500016cd
OBJ 500005b2 (sz=24, trace=300398, class=java.util.jar.Attributes$Name@500005a8)
	name		500016d0
OBJ 500005b3 (sz=24, trace=300399, class=java.util.jar.Attributes$Name@500005a8)
	name		500016d4
OBJ 500005b4 (sz=24, trace=300400, class=java.util.jar.Attributes$Name@500005a8)
	name		500016d2
OBJ 500005b5 (sz=24, trace=300401, class=java.util.jar.Attributes$Name@500005a8)
	name		500016d3
OBJ 500005b6 (sz=24, trace=300402, class=java.util.jar.Attributes$Name@500005a8)
	name		500016d1
OBJ 500005b7 (sz=24, trace=300403, class=java.util.jar.Attributes$Name@500005a8)
	name		500016e7
OBJ 500005b8 (sz=24, trace=300404, class=java.util.jar.Attributes$Name@500005a8)
	name		500016e9
OBJ 500005b9 (sz=24, trace=300405, class=java.util.jar.Attributes$Name@500005a8)
	name		500016e8
OBJ 500005ba (sz=24, trace=300406, class=java.util.jar.Attributes$Name@500005a8)
	name		500016d9
OBJ 500005bc (sz=16, trace=300408, class=sun.misc.ASCIICaseInsensitiveComparator@500005bb)
ARR 500005bd (sz=80, trace=300409, nelems=16, elem type=java.util.HashMap$Node[]@500000c2)
	[14]		500005c4
	[15]		500005be
OBJ 500005be (sz=32, trace=300221, class=java.util.HashMap$Node@500000c4)
	key		500005ba
	value		5000059f
OBJ 500005bf (sz=24, trace=300384, class=java.lang.String@5000016e)
	value		500005c0
ARR 500005c0 (sz=20, trace=300385, nelems=10, elem type=char[])
OBJ 500005c1 (sz=24, trace=300386, class=java.lang.String@5000016e)
	value		500005c2
ARR 500005c2 (sz=58, trace=300387, nelems=29, elem type=char[])
OBJ 500005c3 (sz=24, trace=300406, class=java.util.jar.Attributes$Name@500005a8)
	name		500005bf
OBJ 500005c4 (sz=32, trace=300221, class=java.util.HashMap$Node@500000c4)
	key		500005c3
	value		500005c1
OBJ 500005c6 (sz=16, trace=300000, class=java.nio.charset.CodingErrorAction@50000077)
	name		50001692
OBJ 500005c7 (sz=24, trace=300000, class=java.lang.String@5000016e)
	value		500016a1
OBJ 500005c8 (sz=24, trace=300000, class=java.lang.String@5000016e)
	value		50002e88
OBJ 500005c9 (sz=24, trace=300000, class=java.lang.String@5000016e)
	value		50002e8e
OBJ 500005cc (sz=24, trace=300000, class=java.lang.String@5000016e)
	value		50002e8a
OBJ 500005ce (sz=24, trace=300000, class=java.lang.String@5000016e)
	value		50001830
OBJ 500005cf (sz=24, trace=300000, class=java.lang.String@5000016e)
	value		500005d0
ARR 500005d0 (sz=6, trace=300000, nelems=3, elem type=char[])
OBJ 500005d1 (sz=24, trace=300000, class=java.lang.String@5000016e)
	value		50002e8f
OBJ 500005d2 (sz=24, trace=300000, class=java.lang.String@5000016e)
	value		50002e8d
OBJ 500005d3 (sz=24, trace=300000, class=java.lang.String@5000016e)
	value		50002e8c
OBJ 500005d4 (sz=24, trace=300000, class=java.lang.String@5000016e)
	value		50002e8b
OBJ 500005d5 (sz=24, trace=300000, class=java.lang.String@5000016e)
	value		50000a78
OBJ 500005d7 (sz=16, trace=300000, class=java.lang.String$CaseInsensitiveComparator@500000f8)
ARR 500005d8 (sz=16, trace=300000, nelems=0, elem type=java.io.ObjectStreamField[]@500000fa)
OBJ 500005d9 (sz=24, trace=300000, class=java.lang.String@5000016e)
	value		50002e87
OBJ 500005da (sz=40, trace=300430, class=java.lang.ref.SoftReference@50000152)
	referent	50000594
	queue		500008aa
OBJ 500005dc (sz=48, trace=300432, class=java.util.HashMap@500000c6)
OBJ 500005dd (sz=48, trace=300433, class=java.util.HashMap@500000c6)
OBJ 500005de (sz=48, trace=300434, class=java.util.HashMap@500000c6)
OBJ 500005df (sz=24, trace=300000, class=java.lang.String@5000016e)
	value		50002e86
OBJ 500005e0 (sz=24, trace=300000, class=java.lang.String@5000016e)
	value		500005e5
OBJ 500005e1 (sz=24, trace=300000, class=java.lang.RuntimePermission@500000f0)
	name		500005e0
	path		500005e0
ARR 500005e2 (sz=16, trace=300000, nelems=0, elem type=java.lang.StackTraceElement[]@500000f4)
OBJ 500005e3 (sz=24, trace=300369, class=java.lang.String@5000016e)
	value		500005e4
ARR 500005e4 (sz=48, trace=300370, nelems=24, elem type=char[])
ARR 500005e5 (sz=64, trace=300000, nelems=32, elem type=char[])
OBJ 500005e6 (sz=24, trace=300000, class=java.lang.String@5000016e)
	value		500018eb
OBJ 500005e7 (sz=24, trace=300000, class=java.lang.String@5000016e)
	value		500018fd
OBJ 500005e8 (sz=24, trace=300000, class=java.lang.String@5000016e)
	value		500018fc
OBJ 500005e9 (sz=24, trace=300000, class=java.lang.String@5000016e)
	value		50001858
OBJ 500005ea (sz=24, trace=300000, class=java.lang.String@5000016e)
	value		50002e84
OBJ 500005eb (sz=56, trace=300443, class=java.lang.Package@500005db)
	pkgName		50000589
	loader		500003b4
OBJ 500005ec (sz=24, trace=300000, class=java.lang.String@5000016e)
	value		500005fc
OBJ 500005ed (sz=32, trace=300221, class=java.util.HashMap$Node@500000c4)
	key		50000589
	value		500005eb
OBJ 500005f6 (sz=16, trace=300450, class=java.util.regex.Pattern$4@500005f5)
OBJ 500005f7 (sz=16, trace=300451, class=java.util.regex.Pattern$Node@500005f4)
OBJ 500005f9 (sz=16, trace=300453, class=java.util.regex.Pattern$LastNode@500005f8)
	next		500005f7
OBJ 500005fa (sz=72, trace=300454, class=java.util.regex.Pattern@500005f3)
	pattern		50000ed7
	normalizedPattern	50000ed7
	root		50000609
	matchRoot	50000603
OBJ 500005fb (sz=24, trace=300000, class=java.lang.String@5000016e)
	value		50001857
ARR 500005fc (sz=18, trace=300000, nelems=9, elem type=char[])
OBJ 500005ff (sz=24, trace=300000, class=java.lang.String@5000016e)
	value		50002e83
OBJ 50000603 (sz=24, trace=300460, class=java.util.regex.Pattern$Single@50000602)
	next		500005f9
OBJ 50000609 (sz=24, trace=300465, class=java.util.regex.Pattern$Start@50000608)
	next		50000603
OBJ 5000060b (sz=16, trace=300000, class=sun.reflect.ReflectionFactory@500000e1)
OBJ 5000060c (sz=72, trace=300468, class=java.util.regex.Pattern@500005f3)
	pattern		50000f53
	normalizedPattern	50000f53
	root		5000061d
	matchRoot	5000061a
ARR 5000060d (sz=16, trace=300000, nelems=0, elem type=java.io.ObjectStreamField[]@500000fa)
OBJ 5000060e (sz=24, trace=300000, class=java.lang.String@5000016e)
	value		50000627
OBJ 5000060f (sz=56, trace=300443, class=java.lang.Package@500005db)
	pkgName		500005e3
	loader		500003b4
ARR 50000610 (sz=16, trace=300472, nelems=4, elem type=int[])
ARR 50000612 (sz=512, trace=300474, nelems=128, elem type=int[])
OBJ 50000614 (sz=24, trace=300476, class=java.util.regex.Pattern$SliceI@50000613)
	next		50000618
	buffer		50000610
ARR 50000615 (sz=12, trace=300472, nelems=3, elem type=int[])
OBJ 50000616 (sz=24, trace=300476, class=java.util.regex.Pattern$SliceI@50000613)
	next		50000618
	buffer		50000615
OBJ 50000618 (sz=16, trace=300478, class=java.util.regex.Pattern$BranchConn@50000617)
	next		500005f9
OBJ 5000061a (sz=32, trace=300480, class=java.util.regex.Pattern$Branch@50000619)
	next		500005f7
	atoms		5000061c
	conn		50000618
ARR 5000061c (sz=24, trace=300481, nelems=2, elem type=java.util.regex.Pattern$Node[]@5000061b)
	[0]		50000614
	[1]		50000616
OBJ 5000061d (sz=24, trace=300465, class=java.util.regex.Pattern$Start@50000608)
	next		5000061a
OBJ 5000061e (sz=32, trace=300221, class=java.util.HashMap$Node@500000c4)
	key		500005e3
	value		5000060f
OBJ 5000061f (sz=16, trace=300482, class=sun.security.util.AlgorithmDecomposer@500005f2)
OBJ 50000620 (sz=24, trace=300483, class=sun.security.util.DisabledAlgorithmConstraints@500005f1)
	decomposer	5000061f
	disabledAlgorithms	500006f5
	algorithmConstraints	50000702
OBJ 50000622 (sz=16, trace=300000, class=java.lang.reflect.ReflectAccess@50000097)
OBJ 50000625 (sz=24, trace=300000, class=java.lang.RuntimePermission@500000f0)
	name		5000060e
	path		5000060e
OBJ 50000626 (sz=48, trace=300489, class=java.util.Properties@50000144)
	table		50000694
ARR 50000627 (sz=46, trace=300000, nelems=23, elem type=char[])
OBJ 50000628 (sz=56, trace=300687, class=java.util.zip.ZipFile$ZipFileInputStream@5000055c)
	this$0		500004ec
OBJ 50000629 (sz=40, trace=300106, class=java.lang.ref.Finalizer@5000014d)
	referent	50000628
	queue		500003aa
	next		50000572
	prev		50000761
OBJ 5000062a (sz=24, trace=300000, class=java.lang.String@5000016e)
	value		5000062e
OBJ 5000062b (sz=24, trace=300000, class=java.lang.reflect.ReflectPermission@500000ee)
	name		5000062a
	path		5000062a
OBJ 5000062c (sz=24, trace=300493, class=java.lang.String@5000016e)
ARR 5000062d (sz=152, trace=300494, nelems=0, elem type=char[])
ARR 5000062e (sz=40, trace=300000, nelems=20, elem type=char[])
OBJ 5000062f (sz=32, trace=300496, class=java.io.FileInputStream@500000b3)
OBJ 50000630 (sz=24, trace=300000, class=java.lang.String@5000016e)
	value		50002a6d
OBJ 50000631 (sz=16, trace=300497, class=java.lang.Object@50000172)
OBJ 50000632 (sz=40, trace=300498, class=java.io.FileDescriptor@500000b2)
OBJ 50000633 (sz=24, trace=300000, class=java.lang.String@5000016e)
	value		50002e76
OBJ 50000634 (sz=24, trace=300000, class=java.lang.String@5000016e)
	value		50002e75
OBJ 50000636 (sz=24, trace=300000, class=java.lang.String@5000016e)
	value		50002e74
OBJ 50000637 (sz=24, trace=300668, class=java.lang.String@5000016e)
	value		50000638
ARR 50000638 (sz=48, trace=300669, nelems=24, elem type=char[])
OBJ 50000639 (sz=32, trace=300671, class=java.util.concurrent.ConcurrentHashMap$Node@50000024)
	key		50000637
	val		50000a87
OBJ 5000063a (sz=24, trace=300506, class=java.lang.String@5000016e)
	value		5000063b
ARR 5000063b (sz=38, trace=300507, nelems=19, elem type=char[])
OBJ 5000063c (sz=24, trace=300508, class=java.lang.String@5000016e)
	value		5000063d
ARR 5000063d (sz=50, trace=300509, nelems=25, elem type=char[])
OBJ 5000063e (sz=32, trace=300510, class=java.util.Hashtable$Entry@500000c0)
	key		5000063a
	value		5000063c
OBJ 5000063f (sz=24, trace=300506, class=java.lang.String@5000016e)
	value		50000640
ARR 50000640 (sz=38, trace=300507, nelems=19, elem type=char[])
OBJ 50000641 (sz=24, trace=300508, class=java.lang.String@5000016e)
	value		50000642
ARR 50000642 (sz=54, trace=300509, nelems=27, elem type=char[])
OBJ 50000643 (sz=32, trace=300510, class=java.util.Hashtable$Entry@500000c0)
	key		5000063f
	value		50000641
	next		50000671
OBJ 50000644 (sz=24, trace=300506, class=java.lang.String@5000016e)
	value		50000645
ARR 50000645 (sz=38, trace=300507, nelems=19, elem type=char[])
OBJ 50000646 (sz=24, trace=300508, class=java.lang.String@5000016e)
	value		50000647
ARR 50000647 (sz=42, trace=300509, nelems=21, elem type=char[])
OBJ 50000648 (sz=32, trace=300510, class=java.util.Hashtable$Entry@500000c0)
	key		50000644
	value		50000646
OBJ 50000649 (sz=24, trace=300506, class=java.lang.String@5000016e)
	value		5000064a
ARR 5000064a (sz=38, trace=300507, nelems=19, elem type=char[])
OBJ 5000064b (sz=24, trace=300508, class=java.lang.String@5000016e)
	value		5000064c
ARR 5000064c (sz=74, trace=300509, nelems=37, elem type=char[])
OBJ 5000064d (sz=32, trace=300510, class=java.util.Hashtable$Entry@500000c0)
	key		50000649
	value		5000064b
OBJ 5000064e (sz=24, trace=300506, class=java.lang.String@5000016e)
	value		5000064f
ARR 5000064f (sz=38, trace=300507, nelems=19, elem type=char[])
OBJ 50000650 (sz=24, trace=300508, class=java.lang.String@5000016e)
	value		50000651
ARR 50000651 (sz=60, trace=300509, nelems=30, elem type=char[])
OBJ 50000652 (sz=32, trace=300510, class=java.util.Hashtable$Entry@500000c0)
	key		5000064e
	value		50000650
OBJ 50000653 (sz=24, trace=300506, class=java.lang.String@5000016e)
	value		50000654
ARR 50000654 (sz=38, trace=300507, nelems=19, elem type=char[])
OBJ 50000655 (sz=24, trace=300508, class=java.lang.String@5000016e)
	value		50000656
ARR 50000656 (sz=58, trace=300509, nelems=29, elem type=char[])
OBJ 50000657 (sz=32, trace=300510, class=java.util.Hashtable$Entry@500000c0)
	key		50000653
	value		50000655
OBJ 50000658 (sz=24, trace=300506, class=java.lang.String@5000016e)
	value		50000659
ARR 50000659 (sz=38, trace=300507, nelems=19, elem type=char[])
OBJ 5000065a (sz=24, trace=300508, class=java.lang.String@5000016e)
	value		5000065b
ARR 5000065b (sz=60, trace=300509, nelems=30, elem type=char[])
OBJ 5000065c (sz=32, trace=300510, class=java.util.Hashtable$Entry@500000c0)
	key		50000658
	value		5000065a
	next		5000067b
OBJ 5000065d (sz=24, trace=300506, class=java.lang.String@5000016e)
	value		5000065e
ARR 5000065e (sz=38, trace=300507, nelems=19, elem type=char[])
OBJ 5000065f (sz=24, trace=300508, class=java.lang.String@5000016e)
	value		50000660
ARR 50000660 (sz=78, trace=300509, nelems=39, elem type=char[])
OBJ 50000661 (sz=32, trace=300510, class=java.util.Hashtable$Entry@500000c0)
	key		5000065d
	value		5000065f
OBJ 50000662 (sz=24, trace=300506, class=java.lang.String@5000016e)
	value		50000663
ARR 50000663 (sz=38, trace=300507, nelems=19, elem type=char[])
OBJ 50000664 (sz=24, trace=300508, class=java.lang.String@5000016e)
	value		50000665
ARR 50000665 (sz=64, trace=300509, nelems=32, elem type=char[])
OBJ 50000666 (sz=24, trace=300000, class=java.lang.String@5000016e)
	value		50000968
OBJ 50000667 (sz=32, trace=300510, class=java.util.Hashtable$Entry@500000c0)
	key		50000662
	value		50000664
OBJ 50000668 (sz=24, trace=300506, class=java.lang.String@5000016e)
	value		50000669
ARR 50000669 (sz=40, trace=300507, nelems=20, elem type=char[])
OBJ 5000066a (sz=24, trace=300508, class=java.lang.String@5000016e)
	value		5000066b
ARR 5000066b (sz=58, trace=300509, nelems=29, elem type=char[])
OBJ 5000066c (sz=32, trace=300510, class=java.util.Hashtable$Entry@500000c0)
	key		50000668
	value		5000066a
OBJ 5000066d (sz=24, trace=300506, class=java.lang.String@5000016e)
	value		5000066e
ARR 5000066e (sz=38, trace=300507, nelems=19, elem type=char[])
OBJ 5000066f (sz=24, trace=300508, class=java.lang.String@5000016e)
	value		50000670
ARR 50000670 (sz=32, trace=300509, nelems=16, elem type=char[])
OBJ 50000671 (sz=32, trace=300510, class=java.util.Hashtable$Entry@500000c0)
	key		5000066d
	value		5000066f
OBJ 50000672 (sz=24, trace=300506, class=java.lang.String@5000016e)
	value		50000673
ARR 50000673 (sz=58, trace=300507, nelems=29, elem type=char[])
OBJ 50000674 (sz=24, trace=300508, class=java.lang.String@5000016e)
	value		50000675
ARR 50000675 (sz=70, trace=300509, nelems=35, elem type=char[])
OBJ 50000676 (sz=32, trace=300510, class=java.util.Hashtable$Entry@500000c0)
	key		50000672
	value		50000674
OBJ 50000677 (sz=24, trace=300506, class=java.lang.String@5000016e)
	value		50000678
ARR 50000678 (sz=56, trace=300507, nelems=28, elem type=char[])
OBJ 50000679 (sz=24, trace=300508, class=java.lang.String@5000016e)
	value		5000067a
ARR 5000067a (sz=64, trace=300509, nelems=32, elem type=char[])
OBJ 5000067b (sz=32, trace=300510, class=java.util.Hashtable$Entry@500000c0)
	key		50000677
	value		50000679
OBJ 5000067c (sz=24, trace=300506, class=java.lang.String@5000016e)
	value		5000067d
ARR 5000067d (sz=30, trace=300507, nelems=15, elem type=char[])
OBJ 5000067e (sz=24, trace=300508, class=java.lang.String@5000016e)
	value		5000067f
ARR 5000067f (sz=64, trace=300509, nelems=32, elem type=char[])
OBJ 50000680 (sz=32, trace=300510, class=java.util.Hashtable$Entry@500000c0)
	key		5000067c
	value		5000067e
OBJ 50000681 (sz=24, trace=300506, class=java.lang.String@5000016e)
	value		50000682
ARR 50000682 (sz=24, trace=300507, nelems=12, elem type=char[])
OBJ 50000683 (sz=24, trace=300508, class=java.lang.String@5000016e)
	value		50000684
ARR 50000684 (sz=84, trace=300509, nelems=42, elem type=char[])
OBJ 50000685 (sz=32, trace=300510, class=java.util.Hashtable$Entry@500000c0)
	key		50000681
	value		50000683
OBJ 50000686 (sz=24, trace=300506, class=java.lang.String@5000016e)
	value		50000687
ARR 50000687 (sz=24, trace=300507, nelems=12, elem type=char[])
OBJ 50000688 (sz=24, trace=300508, class=java.lang.String@5000016e)
	value		50000689
ARR 50000689 (sz=60, trace=300509, nelems=30, elem type=char[])
OBJ 5000068a (sz=32, trace=300510, class=java.util.Hashtable$Entry@500000c0)
	key		50000686
	value		50000688
OBJ 5000068b (sz=24, trace=300506, class=java.lang.String@5000016e)
	value		5000068c
ARR 5000068c (sz=46, trace=300507, nelems=23, elem type=char[])
OBJ 5000068d (sz=24, trace=300508, class=java.lang.String@5000016e)
	value		5000068e
ARR 5000068e (sz=8, trace=300509, nelems=4, elem type=char[])
OBJ 5000068f (sz=32, trace=300510, class=java.util.Hashtable$Entry@500000c0)
	key		5000068b
	value		5000068d
OBJ 50000690 (sz=24, trace=300506, class=java.lang.String@5000016e)
	value		50000691
ARR 50000691 (sz=52, trace=300507, nelems=26, elem type=char[])
OBJ 50000692 (sz=24, trace=300508, class=java.lang.String@5000016e)
	value		50000693
ARR 50000693 (sz=8, trace=300509, nelems=4, elem type=char[])
ARR 50000694 (sz=208, trace=300511, nelems=47, elem type=java.util.Hashtable$Entry[]@500000bf)
	[0]		500006a4
	[1]		5000066c
	[2]		500006ab
	[5]		5000069a
	[6]		500006b1
	[7]		500006e8
	[12]		500006b6
	[16]		500006cf
	[18]		50000680
	[20]		5000068f
	[24]		500006de
	[28]		500006d9
	[29]		500006bb
	[32]		5000069f
	[33]		500006d4
	[35]		500006c0
	[37]		50000685
	[38]		50000695
	[39]		5000063e
	[40]		50000643
	[41]		50000648
	[42]		5000064d
	[43]		50000652
	[44]		500006e3
	[45]		5000065c
	[46]		50000661
OBJ 50000695 (sz=32, trace=300510, class=java.util.Hashtable$Entry@500000c0)
	key		50000690
	value		50000692
	next		5000068a
OBJ 50000696 (sz=24, trace=300506, class=java.lang.String@5000016e)
	value		50000697
ARR 50000697 (sz=52, trace=300507, nelems=26, elem type=char[])
OBJ 50000698 (sz=24, trace=300508, class=java.lang.String@5000016e)
	value		50000699
ARR 50000699 (sz=10, trace=300509, nelems=5, elem type=char[])
OBJ 5000069a (sz=32, trace=300510, class=java.util.Hashtable$Entry@500000c0)
	key		50000696
	value		50000698
OBJ 5000069b (sz=24, trace=300506, class=java.lang.String@5000016e)
	value		5000069c
ARR 5000069c (sz=26, trace=300507, nelems=13, elem type=char[])
OBJ 5000069d (sz=24, trace=300508, class=java.lang.String@5000016e)
	value		5000069e
ARR 5000069e (sz=6, trace=300509, nelems=3, elem type=char[])
OBJ 5000069f (sz=32, trace=300510, class=java.util.Hashtable$Entry@500000c0)
	key		5000069b
	value		5000069d
OBJ 500006a0 (sz=24, trace=300506, class=java.lang.String@5000016e)
	value		500006a1
ARR 500006a1 (sz=40, trace=300507, nelems=20, elem type=char[])
OBJ 500006a2 (sz=24, trace=300508, class=java.lang.String@5000016e)
	value		500006a3
ARR 500006a3 (sz=8, trace=300509, nelems=4, elem type=char[])
OBJ 500006a4 (sz=32, trace=300510, class=java.util.Hashtable$Entry@500000c0)
	key		500006a0
	value		500006a2
	next		50000667
OBJ 500006a5 (sz=48, trace=300000, class=java.util.Properties@50000144)
	table		50002e1e
	entrySet	50002e1d
OBJ 500006a6 (sz=24, trace=300506, class=java.lang.String@5000016e)
	value		500006a7
ARR 500006a7 (sz=28, trace=300507, nelems=14, elem type=char[])
OBJ 500006a8 (sz=32, trace=300000, class=java.io.PrintStream@50000093)
	out		50002e15
	textOut		50002e14
	charOut		50002e13
OBJ 500006a9 (sz=24, trace=300508, class=java.lang.String@5000016e)
	value		500006aa
ARR 500006aa (sz=2934, trace=300509, nelems=1467, elem type=char[])
OBJ 500006ab (sz=32, trace=300510, class=java.util.Hashtable$Entry@500000c0)
	key		500006a6
	value		500006a9
	next		50000676
OBJ 500006ac (sz=24, trace=300506, class=java.lang.String@5000016e)
	value		500006ad
ARR 500006ad (sz=36, trace=300507, nelems=18, elem type=char[])
OBJ 500006ae (sz=32, trace=300000, class=java.io.PrintStream@50000093)
	out		50002e0b
	textOut		50002e0a
	charOut		50002e09
OBJ 500006af (sz=24, trace=300508, class=java.lang.String@5000016e)
	value		500006b0
ARR 500006b0 (sz=2934, trace=300509, nelems=1467, elem type=char[])
OBJ 500006b1 (sz=32, trace=300510, class=java.util.Hashtable$Entry@500000c0)
	key		500006ac
	value		500006af
OBJ 500006b2 (sz=24, trace=300506, class=java.lang.String@5000016e)
	value		500006b3
ARR 500006b3 (sz=62, trace=300507, nelems=31, elem type=char[])
OBJ 500006b4 (sz=24, trace=300508, class=java.lang.String@5000016e)
	value		500006b5
ARR 500006b5 (sz=8, trace=300509, nelems=4, elem type=char[])
OBJ 500006b6 (sz=32, trace=300510, class=java.util.Hashtable$Entry@500000c0)
	key		500006b2
	value		500006b4
OBJ 500006b7 (sz=24, trace=300506, class=java.lang.String@5000016e)
	value		500006b8
ARR 500006b8 (sz=62, trace=300507, nelems=31, elem type=char[])
OBJ 500006b9 (sz=24, trace=300508, class=java.lang.String@5000016e)
	value		500006ba
ARR 500006ba (sz=14, trace=300509, nelems=7, elem type=char[])
OBJ 500006bb (sz=32, trace=300510, class=java.util.Hashtable$Entry@500000c0)
	key		500006b7
	value		500006b9
OBJ 500006bc (sz=24, trace=300506, class=java.lang.String@5000016e)
	value		500006bd
ARR 500006bd (sz=66, trace=300507, nelems=33, elem type=char[])
OBJ 500006be (sz=24, trace=300508, class=java.lang.String@5000016e)
	value		500006bf
ARR 500006bf (sz=8, trace=300509, nelems=4, elem type=char[])
OBJ 500006c0 (sz=32, trace=300510, class=java.util.Hashtable$Entry@500000c0)
	key		500006bc
	value		500006be
OBJ 500006c1 (sz=24, trace=300506, class=java.lang.String@5000016e)
	value		500006c2
ARR 500006c2 (sz=66, trace=300507, nelems=33, elem type=char[])
OBJ 500006c3 (sz=24, trace=300508, class=java.lang.String@5000016e)
	value		500006c4
ARR 500006c4 (sz=4, trace=300509, nelems=2, elem type=char[])
OBJ 500006c5 (sz=32, trace=300510, class=java.util.Hashtable$Entry@500000c0)
	key		500006c1
	value		500006c3
OBJ 500006c6 (sz=24, trace=300506, class=java.lang.String@5000016e)
	value		500006c7
ARR 500006c7 (sz=38, trace=300507, nelems=19, elem type=char[])
OBJ 500006c8 (sz=24, trace=300508, class=java.lang.String@5000016e)
	value		500006c9
ARR 500006c9 (sz=14, trace=300509, nelems=7, elem type=char[])
OBJ 500006ca (sz=32, trace=300510, class=java.util.Hashtable$Entry@500000c0)
	key		500006c6
	value		500006c8
	next		500006c5
OBJ 500006cb (sz=24, trace=300506, class=java.lang.String@5000016e)
	value		500006cc
ARR 500006cc (sz=62, trace=300507, nelems=31, elem type=char[])
OBJ 500006cd (sz=24, trace=300508, class=java.lang.String@5000016e)
	value		500006ce
ARR 500006ce (sz=192, trace=300509, nelems=96, elem type=char[])
OBJ 500006cf (sz=32, trace=300510, class=java.util.Hashtable$Entry@500000c0)
	key		500006cb
	value		500006cd
OBJ 500006d0 (sz=24, trace=300506, class=java.lang.String@5000016e)
	value		500006d1
ARR 500006d1 (sz=52, trace=300507, nelems=26, elem type=char[])
OBJ 500006d2 (sz=24, trace=300508, class=java.lang.String@5000016e)
	value		500006d3
ARR 500006d3 (sz=96, trace=300509, nelems=48, elem type=char[])
OBJ 500006d4 (sz=32, trace=300510, class=java.util.Hashtable$Entry@500000c0)
	key		500006d0
	value		500006d2
OBJ 500006d5 (sz=24, trace=300506, class=java.lang.String@5000016e)
	value		500006d6
ARR 500006d6 (sz=52, trace=300507, nelems=26, elem type=char[])
OBJ 500006d7 (sz=24, trace=300508, class=java.lang.String@5000016e)
	value		500006d8
ARR 500006d8 (sz=184, trace=300509, nelems=92, elem type=char[])
OBJ 500006d9 (sz=32, trace=300510, class=java.util.Hashtable$Entry@500000c0)
	key		500006d5
	value		500006d7
OBJ 500006da (sz=24, trace=300506, class=java.lang.String@5000016e)
	value		500006db
ARR 500006db (sz=48, trace=300507, nelems=24, elem type=char[])
OBJ 500006dc (sz=24, trace=300508, class=java.lang.String@5000016e)
	value		500006dd
ARR 500006dd (sz=186, trace=300509, nelems=93, elem type=char[])
OBJ 500006de (sz=32, trace=300510, class=java.util.Hashtable$Entry@500000c0)
	key		500006da
	value		500006dc
OBJ 500006df (sz=24, trace=300506, class=java.lang.String@5000016e)
	value		500006e0
ARR 500006e0 (sz=70, trace=300507, nelems=35, elem type=char[])
OBJ 500006e1 (sz=24, trace=300508, class=java.lang.String@5000016e)
	value		500006e2
ARR 500006e2 (sz=804, trace=300509, nelems=402, elem type=char[])
OBJ 500006e3 (sz=32, trace=300510, class=java.util.Hashtable$Entry@500000c0)
	key		500006df
	value		500006e1
	next		50000657
OBJ 500006e4 (sz=24, trace=300506, class=java.lang.String@5000016e)
	value		500006e5
ARR 500006e5 (sz=44, trace=300507, nelems=22, elem type=char[])
OBJ 500006e6 (sz=24, trace=300508, class=java.lang.String@5000016e)
	value		500006e7
ARR 500006e7 (sz=192, trace=300509, nelems=96, elem type=char[])
OBJ 500006e8 (sz=32, trace=300510, class=java.util.Hashtable$Entry@500000c0)
	key		500006e4
	value		500006e6
	next		500006ca
OBJ 500006e9 (sz=16, trace=300157, class=java.lang.Object@50000172)
OBJ 500006ea (sz=64, trace=300515, class=java.util.concurrent.ConcurrentHashMap@5000002b)
OBJ 500006eb (sz=32, trace=300159, class=java.util.concurrent.ConcurrentHashMap$Node@50000024)
	key		50000cc9
	val		500006e9
OBJ 500006ec (sz=24, trace=300517, class=java.lang.String@5000016e)
	value		500006ed
ARR 500006ed (sz=6, trace=300518, nelems=3, elem type=char[])
OBJ 500006ee (sz=16, trace=300160, class=java.lang.Object@50000172)
OBJ 500006ef (sz=32, trace=300159, class=java.util.concurrent.ConcurrentHashMap$Node@50000024)
	key		50000cc9
	val		500006ee
OBJ 500006f0 (sz=40, trace=300000, class=java.io.BufferedInputStream@500000ab)
	in		500006f2
	buf		500006f1
ARR 500006f1 (sz=8192, trace=300000, nelems=8192, elem type=byte[])
OBJ 500006f2 (sz=32, trace=300000, class=java.io.FileInputStream@500000b3)
	fd		500006f4
	closeLock	500006f3
OBJ 500006f3 (sz=16, trace=300000, class=java.lang.Object@50000172)
OBJ 500006f4 (sz=40, trace=300000, class=java.io.FileDescriptor@500000b2)
	parent		500006f2
ARR 500006f5 (sz=32, trace=300521, nelems=4, elem type=java.lang.String[]@500000c8)
	[0]		500006ec
	[1]		500006fb
	[2]		500006fd
	[3]		500006ff
OBJ 500006f7 (sz=40, trace=300000, class=java.io.FileDescriptor@500000b2)
	parent		50002e07
OBJ 500006fa (sz=40, trace=300000, class=java.io.FileDescriptor@500000b2)
	parent		50000704
OBJ 500006fb (sz=24, trace=300526, class=java.lang.String@5000016e)
	value		500006fc
ARR 500006fc (sz=6, trace=300527, nelems=3, elem type=char[])
OBJ 500006fd (sz=24, trace=300526, class=java.lang.String@5000016e)
	value		500006fe
ARR 500006fe (sz=36, trace=300527, nelems=18, elem type=char[])
OBJ 500006ff (sz=24, trace=300526, class=java.lang.String@5000016e)
	value		50000700
ARR 50000700 (sz=36, trace=300527, nelems=18, elem type=char[])
OBJ 50000702 (sz=16, trace=300529, class=sun.security.util.DisabledAlgorithmConstraints$Constraints@50000701)
	constraintsMap	50000703
OBJ 50000703 (sz=48, trace=300530, class=java.util.HashMap@500000c6)
	table		50000719
OBJ 50000704 (sz=32, trace=300000, class=java.io.FileOutputStream@500000ad)
	fd		500006fa
	closeLock	50000705
OBJ 50000705 (sz=16, trace=300000, class=java.lang.Object@50000172)
OBJ 50000706 (sz=24, trace=300000, class=java.lang.String@5000016e)
	value		50002b57
OBJ 50000707 (sz=24, trace=300000, class=java.lang.String@5000016e)
	value		50002e06
OBJ 50000708 (sz=16, trace=300000, class=sun.misc.Unsafe@50000120)
OBJ 50000709 (sz=24, trace=300000, class=java.lang.String@5000016e)
	value		50002dfe
OBJ 5000070b (sz=24, trace=300000, class=java.lang.String@5000016e)
	value		50002dfd
OBJ 5000070c (sz=32, trace=300000, class=java.io.WinNTFileSystem@5000006c)
	cache		50000710
	prefixCache	5000070f
OBJ 5000070f (sz=40, trace=300000, class=java.io.ExpiringCache@5000006b)
	map		500007da
OBJ 50000710 (sz=40, trace=300000, class=java.io.ExpiringCache@5000006b)
	map		50000711
OBJ 50000711 (sz=64, trace=300000, class=java.io.ExpiringCache$1@50000069)
	table		500020b5
	head		50000714
	tail		500020c5
	this$0		50000710
OBJ 50000712 (sz=24, trace=300544, class=java.util.ArrayList@500000dd)
	elementData	50000713
ARR 50000713 (sz=24, trace=300545, nelems=1, elem type=java.lang.Object[]@50000108)
	[0]		5000071d
OBJ 50000714 (sz=40, trace=300000, class=java.util.LinkedHashMap$Entry@50000060)
	key		50000745
	value		50000744
	after		50000722
OBJ 50000716 (sz=40, trace=300000, class=java.util.LinkedHashMap$Entry@50000060)
	key		50000762
	value		5000075f
	next		500020c5
	before		50000720
	after		50000721
OBJ 50000718 (sz=40, trace=300000, class=java.util.LinkedHashMap$Entry@50000060)
	key		50000736
	value		50000735
	before		50000722
	after		5000072b
ARR 50000719 (sz=80, trace=300551, nelems=16, elem type=java.util.HashMap$Node[]@500000c2)
	[1]		50000742
	[3]		5000076d
	[10]		5000071a
	[15]		5000072e
OBJ 5000071a (sz=32, trace=300552, class=java.util.HashMap$Node@500000c4)
	key		500006ec
	value		50000712
OBJ 5000071d (sz=24, trace=300554, class=sun.security.util.DisabledAlgorithmConstraints$DisabledConstraint@5000071c)
	algorithm	500006ec
OBJ 5000071e (sz=40, trace=300000, class=java.util.LinkedHashMap$Entry@50000060)
	key		500007ab
	value		500007aa
	before		50000725
	after		50000726
OBJ 5000071f (sz=40, trace=300000, class=java.util.LinkedHashMap$Entry@50000060)
	key		500007cd
	value		500007c8
	before		50000721
	after		50000727
OBJ 50000720 (sz=40, trace=300000, class=java.util.LinkedHashMap$Entry@50000060)
	key		5000074b
	value		50000749
	before		5000072b
	after		50000716
OBJ 50000721 (sz=40, trace=300000, class=java.util.LinkedHashMap$Entry@50000060)
	key		500007d3
	value		500007d1
	before		50000716
	after		5000071f
OBJ 50000722 (sz=40, trace=300000, class=java.util.LinkedHashMap$Entry@50000060)
	key		5000073f
	value		5000073a
	before		50000714
	after		50000718
OBJ 50000723 (sz=40, trace=300000, class=java.util.LinkedHashMap$Entry@50000060)
	key		50000794
	value		50000793
	before		50000724
	after		500001e9
OBJ 50000724 (sz=40, trace=300000, class=java.util.LinkedHashMap$Entry@50000060)
	key		5000079a
	value		50000799
	before		50000798
	after		50000723
OBJ 50000725 (sz=40, trace=300000, class=java.util.LinkedHashMap$Entry@50000060)
	key		500007b5
	value		500007b4
	before		50000728
	after		5000071e
OBJ 50000726 (sz=40, trace=300000, class=java.util.LinkedHashMap$Entry@50000060)
	key		500007a4
	value		500007a3
	before		5000071e
	after		50000798
OBJ 50000727 (sz=40, trace=300000, class=java.util.LinkedHashMap$Entry@50000060)
	key		500007c4
	value		500007c1
	before		5000071f
	after		50000728
OBJ 50000728 (sz=40, trace=300000, class=java.util.LinkedHashMap$Entry@50000060)
	key		500007ba
	value		500007b9
	next		50000798
	before		50000727
	after		50000725
OBJ 50000729 (sz=24, trace=300544, class=java.util.ArrayList@500000dd)
	elementData	5000072a
ARR 5000072a (sz=24, trace=300545, nelems=1, elem type=java.lang.Object[]@50000108)
	[0]		5000072f
OBJ 5000072b (sz=40, trace=300000, class=java.util.LinkedHashMap$Entry@50000060)
	key		5000072d
	value		5000072c
	before		50000718
	after		50000720
OBJ 5000072c (sz=24, trace=300000, class=java.io.ExpiringCache$Entry@50000061)
	val		50000733
OBJ 5000072d (sz=24, trace=300000, class=java.lang.String@5000016e)
	value		50000732
OBJ 5000072e (sz=32, trace=300552, class=java.util.HashMap$Node@500000c4)
	key		500006fb
	value		50000729
OBJ 5000072f (sz=24, trace=300554, class=sun.security.util.DisabledAlgorithmConstraints$DisabledConstraint@5000071c)
	algorithm	500006fb
OBJ 50000730 (sz=24, trace=300555, class=java.lang.String@5000016e)
	value		50000731
ARR 50000731 (sz=6, trace=300556, nelems=3, elem type=char[])
ARR 50000732 (sz=118, trace=300000, nelems=59, elem type=char[])
OBJ 50000733 (sz=24, trace=300000, class=java.lang.String@5000016e)
	value		50000734
ARR 50000734 (sz=118, trace=300000, nelems=59, elem type=char[])
OBJ 50000735 (sz=24, trace=300000, class=java.io.ExpiringCache$Entry@50000061)
	val		50000738
OBJ 50000736 (sz=24, trace=300000, class=java.lang.String@5000016e)
	value		50000737
ARR 50000737 (sz=134, trace=300000, nelems=67, elem type=char[])
OBJ 50000738 (sz=24, trace=300000, class=java.lang.String@5000016e)
	value		50000739
ARR 50000739 (sz=134, trace=300000, nelems=67, elem type=char[])
OBJ 5000073a (sz=24, trace=300000, class=java.io.ExpiringCache$Entry@50000061)
	val		50000741
OBJ 5000073b (sz=24, trace=300369, class=java.lang.String@5000016e)
	value		5000073c
ARR 5000073c (sz=38, trace=300370, nelems=19, elem type=char[])
OBJ 5000073d (sz=24, trace=300544, class=java.util.ArrayList@500000dd)
	elementData	5000073e
ARR 5000073e (sz=24, trace=300545, nelems=1, elem type=java.lang.Object[]@50000108)
	[0]		50000758
OBJ 5000073f (sz=24, trace=300000, class=java.lang.String@5000016e)
	value		50000740
ARR 50000740 (sz=92, trace=300000, nelems=46, elem type=char[])
OBJ 50000741 (sz=24, trace=300000, class=java.lang.String@5000016e)
	value		50000743
OBJ 50000742 (sz=32, trace=300552, class=java.util.HashMap$Node@500000c4)
	key		50000730
	value		5000073d
ARR 50000743 (sz=92, trace=300000, nelems=46, elem type=char[])
OBJ 50000744 (sz=24, trace=300000, class=java.io.ExpiringCache$Entry@50000061)
	val		50000747
OBJ 50000745 (sz=24, trace=300000, class=java.lang.String@5000016e)
	value		50000746
ARR 50000746 (sz=100, trace=300000, nelems=50, elem type=char[])
OBJ 50000747 (sz=24, trace=300000, class=java.lang.String@5000016e)
	value		50000748
ARR 50000748 (sz=100, trace=300000, nelems=50, elem type=char[])
OBJ 50000749 (sz=24, trace=300000, class=java.io.ExpiringCache$Entry@50000061)
	val		5000075d
OBJ 5000074b (sz=24, trace=300000, class=java.lang.String@5000016e)
	value		5000074c
ARR 5000074c (sz=112, trace=300000, nelems=56, elem type=char[])
OBJ 5000074e (sz=24, trace=300566, class=sun.security.util.DisabledAlgorithmConstraints$Constraint$Operator@5000074d)
	name		50000f5b
OBJ 5000074f (sz=24, trace=300567, class=sun.security.util.DisabledAlgorithmConstraints$Constraint$Operator@5000074d)
	name		50000f60
OBJ 50000750 (sz=24, trace=300568, class=sun.security.util.DisabledAlgorithmConstraints$Constraint$Operator@5000074d)
	name		50000f5f
OBJ 50000751 (sz=24, trace=300569, class=sun.security.util.DisabledAlgorithmConstraints$Constraint$Operator@5000074d)
	name		50000f5e
OBJ 50000752 (sz=24, trace=300570, class=sun.security.util.DisabledAlgorithmConstraints$Constraint$Operator@5000074d)
	name		50000f5d
OBJ 50000753 (sz=24, trace=300571, class=sun.security.util.DisabledAlgorithmConstraints$Constraint$Operator@5000074d)
	name		50000f5c
ARR 50000755 (sz=40, trace=300572, nelems=6, elem type=sun.security.util.DisabledAlgorithmConstraints$Constraint$Operator[]@50000754)
	[0]		5000074e
	[1]		5000074f
	[2]		50000750
	[3]		50000751
	[4]		50000752
	[5]		50000753
OBJ 50000756 (sz=56, trace=300443, class=java.lang.Package@500005db)
	pkgName		5000073b
	loader		500003b4
OBJ 50000757 (sz=32, trace=300222, class=java.util.HashMap$Node@500000c4)
	key		5000073b
	value		50000756
	next		5000121b
OBJ 50000758 (sz=40, trace=300574, class=sun.security.util.DisabledAlgorithmConstraints$KeySizeConstraint@5000074a)
	algorithm	50000730
ARR 5000075a (sz=24, trace=300576, nelems=6, elem type=int[])
OBJ 5000075b (sz=24, trace=300555, class=java.lang.String@5000016e)
	value		5000075c
ARR 5000075c (sz=6, trace=300556, nelems=3, elem type=char[])
OBJ 5000075d (sz=24, trace=300000, class=java.lang.String@5000016e)
	value		5000075e
ARR 5000075e (sz=112, trace=300000, nelems=56, elem type=char[])
OBJ 5000075f (sz=24, trace=300000, class=java.io.ExpiringCache$Entry@50000061)
	val		50000764
OBJ 50000760 (sz=56, trace=300687, class=java.util.zip.ZipFile$ZipFileInputStream@5000055c)
	this$0		500004ec
OBJ 50000761 (sz=40, trace=300106, class=java.lang.ref.Finalizer@5000014d)
	referent	50000760
	queue		500003aa
	next		50000629
	prev		500007c3
OBJ 50000762 (sz=24, trace=300000, class=java.lang.String@5000016e)
	value		50000763
ARR 50000763 (sz=116, trace=300000, nelems=58, elem type=char[])
OBJ 50000764 (sz=24, trace=300000, class=java.lang.String@5000016e)
	value		50000765
ARR 50000765 (sz=116, trace=300000, nelems=58, elem type=char[])
OBJ 50000766 (sz=24, trace=300668, class=java.lang.String@5000016e)
	value		50000767
ARR 50000767 (sz=38, trace=300669, nelems=19, elem type=char[])
OBJ 50000768 (sz=24, trace=300544, class=java.util.ArrayList@500000dd)
	elementData	50000769
ARR 50000769 (sz=24, trace=300545, nelems=1, elem type=java.lang.Object[]@50000108)
	[0]		50000779
OBJ 5000076a (sz=32, trace=301000, class=java.util.concurrent.ConcurrentHashMap$Node@50000024)
	key		50000766
	val		50000a87
	next		5000122a
OBJ 5000076b (sz=24, trace=300000, class=java.lang.String@5000016e)
	value		5000076c
ARR 5000076c (sz=92, trace=300000, nelems=46, elem type=char[])
OBJ 5000076d (sz=32, trace=300552, class=java.util.HashMap$Node@500000c4)
	key		5000075b
	value		50000768
OBJ 5000076e (sz=24, trace=300000, class=java.lang.String@5000016e)
	value		5000076f
ARR 5000076f (sz=100, trace=300000, nelems=50, elem type=char[])
OBJ 50000771 (sz=16, trace=300157, class=java.lang.Object@50000172)
OBJ 50000772 (sz=32, trace=300159, class=java.util.concurrent.ConcurrentHashMap$Node@50000024)
	key		50000b62
	val		50000771
OBJ 50000773 (sz=16, trace=300160, class=java.lang.Object@50000172)
OBJ 50000774 (sz=32, trace=300159, class=java.util.concurrent.ConcurrentHashMap$Node@50000024)
	key		50000b62
	val		50000773
OBJ 50000776 (sz=16, trace=300157, class=java.lang.Object@50000172)
OBJ 50000777 (sz=32, trace=300683, class=java.util.concurrent.ConcurrentHashMap$Node@50000024)
	key		50000c99
	val		50000776
OBJ 50000778 (sz=16, trace=300160, class=java.lang.Object@50000172)
OBJ 50000779 (sz=40, trace=300574, class=sun.security.util.DisabledAlgorithmConstraints$KeySizeConstraint@5000074a)
	algorithm	5000075b
OBJ 5000077a (sz=32, trace=300683, class=java.util.concurrent.ConcurrentHashMap$Node@50000024)
	key		50000c99
	val		50000778
OBJ 5000077b (sz=24, trace=300578, class=java.lang.String@5000016e)
	value		5000077c
ARR 5000077c (sz=64, trace=300579, nelems=32, elem type=char[])
ARR 5000077d (sz=32, trace=300580, nelems=16, elem type=char[])
OBJ 5000077e (sz=24, trace=300000, class=java.lang.String@5000016e)
	value		5000077f
ARR 5000077f (sz=110, trace=300000, nelems=55, elem type=char[])
OBJ 50000780 (sz=24, trace=300000, class=java.lang.String@5000016e)
	value		50000781
ARR 50000781 (sz=100, trace=300000, nelems=50, elem type=char[])
OBJ 50000782 (sz=24, trace=300000, class=java.lang.String@5000016e)
	value		50000783
ARR 50000783 (sz=102, trace=300000, nelems=51, elem type=char[])
OBJ 50000784 (sz=24, trace=300000, class=java.lang.String@5000016e)
	value		50000785
ARR 50000785 (sz=114, trace=300000, nelems=57, elem type=char[])
ARR 50000787 (sz=32, trace=300582, nelems=16, elem type=char[])
OBJ 50000788 (sz=24, trace=300000, class=java.lang.String@5000016e)
	value		50000789
ARR 50000789 (sz=98, trace=300000, nelems=49, elem type=char[])
OBJ 5000078a (sz=24, trace=300000, class=java.lang.String@5000016e)
	value		5000078b
ARR 5000078b (sz=112, trace=300000, nelems=56, elem type=char[])
OBJ 5000078c (sz=24, trace=300000, class=java.lang.String@5000016e)
	value		5000078d
ARR 5000078d (sz=84, trace=300000, nelems=42, elem type=char[])
OBJ 5000078e (sz=24, trace=300000, class=java.lang.String@5000016e)
	value		50000790
OBJ 5000078f (sz=56, trace=300342, class=java.util.zip.ZipFile$ZipFileInputStream@5000055c)
ARR 50000790 (sz=76, trace=300000, nelems=38, elem type=char[])
OBJ 50000791 (sz=24, trace=300000, class=java.lang.String@5000016e)
	value		50000792
ARR 50000792 (sz=76, trace=300000, nelems=38, elem type=char[])
OBJ 50000793 (sz=24, trace=300000, class=java.io.ExpiringCache$Entry@50000061)
	val		50000796
OBJ 50000794 (sz=24, trace=300000, class=java.lang.String@5000016e)
	value		50000795
ARR 50000795 (sz=84, trace=300000, nelems=42, elem type=char[])
OBJ 50000796 (sz=24, trace=300000, class=java.lang.String@5000016e)
	value		50000797
ARR 50000797 (sz=84, trace=300000, nelems=42, elem type=char[])
OBJ 50000798 (sz=40, trace=300000, class=java.util.LinkedHashMap$Entry@50000060)
	key		5000079f
	value		5000079e
	before		50000726
	after		50000724
OBJ 50000799 (sz=24, trace=300000, class=java.io.ExpiringCache$Entry@50000061)
	val		5000079c
OBJ 5000079a (sz=24, trace=300000, class=java.lang.String@5000016e)
	value		5000079b
ARR 5000079b (sz=96, trace=300000, nelems=48, elem type=char[])
OBJ 5000079c (sz=24, trace=300000, class=java.lang.String@5000016e)
	value		5000079d
ARR 5000079d (sz=96, trace=300000, nelems=48, elem type=char[])
OBJ 5000079e (sz=24, trace=300000, class=java.io.ExpiringCache$Entry@50000061)
	val		500007a1
OBJ 5000079f (sz=24, trace=300000, class=java.lang.String@5000016e)
	value		500007a0
ARR 500007a0 (sz=112, trace=300000, nelems=56, elem type=char[])
OBJ 500007a1 (sz=24, trace=300000, class=java.lang.String@5000016e)
	value		500007a2
ARR 500007a2 (sz=112, trace=300000, nelems=56, elem type=char[])
OBJ 500007a3 (sz=24, trace=300000, class=java.io.ExpiringCache$Entry@50000061)
	val		500007a7
OBJ 500007a4 (sz=24, trace=300000, class=java.lang.String@5000016e)
	value		500007a5
ARR 500007a5 (sz=120, trace=300000, nelems=60, elem type=char[])
OBJ 500007a6 (sz=56, trace=300596, class=java.util.zip.ZipFile$ZipFileInputStream@5000055c)
OBJ 500007a7 (sz=24, trace=300000, class=java.lang.String@5000016e)
	value		500007a8
ARR 500007a8 (sz=120, trace=300000, nelems=60, elem type=char[])
OBJ 500007aa (sz=24, trace=300000, class=java.io.ExpiringCache$Entry@50000061)
	val		500007b2
OBJ 500007ab (sz=24, trace=300000, class=java.lang.String@5000016e)
	value		500007b1
OBJ 500007ac (sz=32, trace=300600, class=java.security.CodeSource@50000114)
	location	500018f9
ARR 500007af (sz=24, trace=300602, nelems=2, elem type=java.io.ObjectStreamField[]@500000fa)
	[0]		500007b0
	[1]		500007bd
OBJ 500007b0 (sz=40, trace=300603, class=java.io.ObjectStreamField@500000fc)
	name		50001851
	signature	500007bb
	type		50000145
ARR 500007b1 (sz=120, trace=300000, nelems=60, elem type=char[])
OBJ 500007b2 (sz=24, trace=300000, class=java.lang.String@5000016e)
	value		500007b3
ARR 500007b3 (sz=120, trace=300000, nelems=60, elem type=char[])
OBJ 500007b4 (sz=24, trace=300000, class=java.io.ExpiringCache$Entry@50000061)
	val		500007b7
OBJ 500007b5 (sz=24, trace=300000, class=java.lang.String@5000016e)
	value		500007b6
ARR 500007b6 (sz=132, trace=300000, nelems=66, elem type=char[])
OBJ 500007b7 (sz=24, trace=300000, class=java.lang.String@5000016e)
	value		500007b8
ARR 500007b8 (sz=132, trace=300000, nelems=66, elem type=char[])
OBJ 500007b9 (sz=24, trace=300000, class=java.io.ExpiringCache$Entry@50000061)
	val		500007bf
OBJ 500007ba (sz=24, trace=300000, class=java.lang.String@5000016e)
	value		500007be
OBJ 500007bb (sz=24, trace=300612, class=java.lang.String@5000016e)
	value		500007bc
ARR 500007bc (sz=42, trace=300613, nelems=21, elem type=char[])
OBJ 500007bd (sz=40, trace=300614, class=java.io.ObjectStreamField@500000fc)
	name		50001850
	signature	500007c9
	type		500007ad
ARR 500007be (sz=112, trace=300000, nelems=56, elem type=char[])
OBJ 500007bf (sz=24, trace=300000, class=java.lang.String@5000016e)
	value		500007c0
ARR 500007c0 (sz=112, trace=300000, nelems=56, elem type=char[])
OBJ 500007c1 (sz=24, trace=300000, class=java.io.ExpiringCache$Entry@50000061)
	val		500007c6
OBJ 500007c2 (sz=56, trace=300687, class=java.util.zip.ZipFile$ZipFileInputStream@5000055c)
	this$0		500004ec
OBJ 500007c3 (sz=40, trace=300106, class=java.lang.ref.Finalizer@5000014d)
	referent	500007c2
	queue		500003aa
	next		50000761
	prev		50000829
OBJ 500007c4 (sz=24, trace=300000, class=java.lang.String@5000016e)
	value		500007c5
ARR 500007c5 (sz=116, trace=300000, nelems=58, elem type=char[])
OBJ 500007c6 (sz=24, trace=300000, class=java.lang.String@5000016e)
	value		500007c7
ARR 500007c7 (sz=116, trace=300000, nelems=58, elem type=char[])
OBJ 500007c8 (sz=24, trace=300000, class=java.io.ExpiringCache$Entry@50000061)
	val		500007cf
OBJ 500007c9 (sz=24, trace=300612, class=java.lang.String@5000016e)
	value		500007ca
ARR 500007ca (sz=72, trace=300613, nelems=36, elem type=char[])
OBJ 500007cb (sz=32, trace=300616, class=java.security.Permissions@500007ae)
	permsMap	500007cc
OBJ 500007cc (sz=48, trace=300617, class=java.util.HashMap@500000c6)
	table		50000813
OBJ 500007cd (sz=24, trace=300000, class=java.lang.String@5000016e)
	value		500007ce
ARR 500007ce (sz=122, trace=300000, nelems=61, elem type=char[])
OBJ 500007cf (sz=24, trace=300000, class=java.lang.String@5000016e)
	value		500007d0
ARR 500007d0 (sz=122, trace=300000, nelems=61, elem type=char[])
OBJ 500007d1 (sz=24, trace=300000, class=java.io.ExpiringCache$Entry@50000061)
	val		500007d6
OBJ 500007d2 (sz=16, trace=300157, class=java.lang.Object@50000172)
OBJ 500007d3 (sz=24, trace=300000, class=java.lang.String@5000016e)
	value		500007d5
OBJ 500007d4 (sz=16, trace=300160, class=java.lang.Object@50000172)
ARR 500007d5 (sz=112, trace=300000, nelems=56, elem type=char[])
OBJ 500007d6 (sz=24, trace=300000, class=java.lang.String@5000016e)
	value		500007d7
ARR 500007d7 (sz=112, trace=300000, nelems=56, elem type=char[])
OBJ 500007d8 (sz=24, trace=300000, class=java.lang.String@5000016e)
	value		500007d9
ARR 500007d9 (sz=10, trace=300000, nelems=5, elem type=char[])
OBJ 500007da (sz=64, trace=300000, class=java.io.ExpiringCache$1@50000069)
	table		500007dc
	head		500007db
	tail		50002000
	this$0		5000070f
OBJ 500007db (sz=40, trace=300000, class=java.util.LinkedHashMap$Entry@50000060)
	key		500007e6
	value		500007df
	after		500007dd
ARR 500007dc (sz=80, trace=300000, nelems=12, elem type=java.util.HashMap$Node[]@500000c2)
	[2]		500007dd
	[4]		500007de
	[8]		50002000
	[11]		500007db
OBJ 500007dd (sz=40, trace=300000, class=java.util.LinkedHashMap$Entry@50000060)
	key		500007ec
	value		500007eb
	before		500007db
	after		500007de
OBJ 500007de (sz=40, trace=300000, class=java.util.LinkedHashMap$Entry@50000060)
	key		500007f1
	value		500007f0
	before		500007dd
	after		50002000
OBJ 500007df (sz=24, trace=300000, class=java.io.ExpiringCache$Entry@50000061)
	val		500007e9
OBJ 500007e3 (sz=48, trace=300627, class=java.util.Hashtable@50000145)
	table		500007e4
ARR 500007e4 (sz=64, trace=300628, nelems=0, elem type=java.util.Hashtable$Entry[]@500000bf)
OBJ 500007e5 (sz=48, trace=300629, class=java.util.HashMap@500000c6)
OBJ 500007e6 (sz=24, trace=300000, class=java.lang.String@5000016e)
	value		500007e8
ARR 500007e8 (sz=84, trace=300000, nelems=42, elem type=char[])
OBJ 500007e9 (sz=24, trace=300000, class=java.lang.String@5000016e)
	value		500007ea
ARR 500007ea (sz=84, trace=300000, nelems=42, elem type=char[])
OBJ 500007eb (sz=24, trace=300000, class=java.io.ExpiringCache$Entry@50000061)
	val		500007ee
OBJ 500007ec (sz=24, trace=300000, class=java.lang.String@5000016e)
	value		500007ed
ARR 500007ed (sz=92, trace=300000, nelems=46, elem type=char[])
OBJ 500007ee (sz=24, trace=300000, class=java.lang.String@5000016e)
	value		500007ef
ARR 500007ef (sz=92, trace=300000, nelems=46, elem type=char[])
OBJ 500007f0 (sz=24, trace=300000, class=java.io.ExpiringCache$Entry@50000061)
	val		500007f3
OBJ 500007f1 (sz=24, trace=300000, class=java.lang.String@5000016e)
	value		500007f2
ARR 500007f2 (sz=76, trace=300000, nelems=38, elem type=char[])
OBJ 500007f3 (sz=24, trace=300000, class=java.lang.String@5000016e)
	value		500007f4
ARR 500007f4 (sz=76, trace=300000, nelems=38, elem type=char[])
OBJ 500007f5 (sz=24, trace=300000, class=java.lang.String@5000016e)
	value		50002dfc
OBJ 500007f6 (sz=24, trace=300000, class=java.lang.String@5000016e)
	value		50002dfb
ARR 500007f8 (sz=98, trace=300641, nelems=49, elem type=char[])
OBJ 500007f9 (sz=24, trace=300642, class=java.lang.String@5000016e)
	value		500007f8
OBJ 500007fa (sz=32, trace=300643, class=java.io.FilePermission@500007f7)
	name		500007f9
	cpath		5000079c
ARR 500007fc (sz=120, trace=300000, nelems=0, elem type=java.lang.String[]@500000c8)
OBJ 500007fd (sz=24, trace=300000, class=java.lang.String@5000016e)
	value		50002db3
OBJ 500007fe (sz=24, trace=300000, class=java.lang.String@5000016e)
	value		50002d57
OBJ 500007ff (sz=24, trace=300000, class=java.lang.String@5000016e)
	value		50002d86
OBJ 50000800 (sz=24, trace=300000, class=java.lang.String@5000016e)
	value		50002d9c
OBJ 50000801 (sz=24, trace=300000, class=java.lang.String@5000016e)
	value		50002d5f
ARR 50000803 (sz=24, trace=300648, nelems=1, elem type=java.io.ObjectStreamField[]@500000fa)
	[0]		50000804
OBJ 50000804 (sz=40, trace=300649, class=java.io.ObjectStreamField@500000fc)
	name		500005fb
	signature	5000080f
	type		500000e3
OBJ 50000805 (sz=24, trace=300000, class=java.lang.String@5000016e)
	value		50002d7d
OBJ 50000806 (sz=24, trace=300000, class=java.lang.String@5000016e)
	value		50002df0
OBJ 50000807 (sz=24, trace=300000, class=java.lang.String@5000016e)
	value		50002d56
OBJ 50000808 (sz=24, trace=300000, class=java.lang.String@5000016e)
	value		50000888
OBJ 50000809 (sz=24, trace=300000, class=java.lang.String@5000016e)
	value		50002dec
OBJ 5000080a (sz=24, trace=300000, class=java.lang.String@5000016e)
	value		500008ab
OBJ 5000080b (sz=24, trace=300000, class=java.lang.String@5000016e)
	value		50002dee
OBJ 5000080c (sz=24, trace=300000, class=java.lang.String@5000016e)
	value		50002d68
OBJ 5000080d (sz=24, trace=300000, class=java.lang.String@5000016e)
	value		50002d3e
OBJ 5000080e (sz=24, trace=300000, class=java.lang.String@5000016e)
	value		50002d35
OBJ 5000080f (sz=24, trace=300612, class=java.lang.String@5000016e)
	value		50000810
ARR 50000810 (sz=36, trace=300613, nelems=18, elem type=char[])
OBJ 50000811 (sz=24, trace=300650, class=java.io.FilePermissionCollection@50000802)
	perms		50000812
OBJ 50000812 (sz=24, trace=300651, class=java.util.ArrayList@500000dd)
	elementData	50000815
ARR 50000813 (sz=80, trace=300652, nelems=10, elem type=java.util.HashMap$Node[]@500000c2)
	[6]		50000814
	[9]		5000083c
OBJ 50000814 (sz=32, trace=300221, class=java.util.HashMap$Node@500000c4)
	key		500007f7
	value		50000811
ARR 50000815 (sz=56, trace=300219, nelems=1, elem type=java.lang.Object[]@50000108)
	[0]		500007fa
OBJ 50000818 (sz=24, trace=300655, class=java.lang.RuntimePermission@500000f0)
	name		500005e6
	path		500005e7
ARR 5000081a (sz=32, trace=300657, nelems=3, elem type=java.io.ObjectStreamField[]@500000fa)
	[0]		5000081b
	[1]		50000828
	[2]		5000082d
OBJ 5000081b (sz=40, trace=300658, class=java.io.ObjectStreamField@500000fc)
	name		500005fb
	signature	500007bb
	type		50000145
OBJ 5000081c (sz=24, trace=300000, class=java.lang.String@5000016e)
	value		50002c7b
OBJ 5000081d (sz=24, trace=300000, class=java.lang.String@5000016e)
	value		50002ded
OBJ 5000081e (sz=24, trace=300000, class=java.lang.String@5000016e)
	value		50002df6
OBJ 5000081f (sz=24, trace=300000, class=java.lang.String@5000016e)
	value		50002df5
OBJ 50000820 (sz=24, trace=300000, class=java.lang.String@5000016e)
	value		50002df4
OBJ 50000821 (sz=24, trace=300000, class=java.lang.String@5000016e)
	value		50002df3
OBJ 50000822 (sz=24, trace=300000, class=java.lang.String@5000016e)
	value		50002df2
OBJ 50000823 (sz=24, trace=300000, class=java.lang.String@5000016e)
	value		50002df1
OBJ 50000824 (sz=24, trace=300000, class=java.lang.String@5000016e)
	value		50002def
OBJ 50000825 (sz=24, trace=300000, class=java.lang.String@5000016e)
	value		50002a20
OBJ 50000826 (sz=24, trace=300000, class=java.lang.String@5000016e)
	value		50002d2c
OBJ 50000827 (sz=56, trace=300687, class=java.util.zip.ZipFile$ZipFileInputStream@5000055c)
	this$0		500004ec
OBJ 50000828 (sz=40, trace=300659, class=java.io.ObjectStreamField@500000fc)
	name		500005ea
	signature	5000182a
	type		5000057c
OBJ 50000829 (sz=40, trace=300106, class=java.lang.ref.Finalizer@5000014d)
	referent	50000827
	queue		500003aa
	next		500007c3
	prev		5000089e
OBJ 5000082a (sz=24, trace=300000, class=java.lang.String@5000016e)
	value		5000088a
OBJ 5000082b (sz=24, trace=300000, class=java.lang.String@5000016e)
	value		50002d36
OBJ 5000082c (sz=24, trace=300000, class=java.lang.String@5000016e)
	value		500019fe
OBJ 5000082d (sz=40, trace=300660, class=java.io.ObjectStreamField@500000fc)
	name		500005ec
	signature	50000838
	type		5000016a
ARR 5000082e (sz=40, trace=300000, nelems=6, elem type=java.io.ObjectStreamField[]@500000fa)
	[0]		50002de6
	[1]		50002de7
	[2]		50002de8
	[3]		50002de9
	[4]		50002dea
	[5]		50002deb
OBJ 5000082f (sz=32, trace=300000, class=java.util.Locale@5000002f)
	baseLocale	500019fd
OBJ 50000830 (sz=32, trace=300000, class=java.util.Locale@5000002f)
	baseLocale	50001a08
OBJ 50000831 (sz=32, trace=300000, class=java.util.Locale@5000002f)
	baseLocale	50002d2d
OBJ 50000832 (sz=32, trace=300000, class=java.util.Locale@5000002f)
	baseLocale	50002d95
OBJ 50000833 (sz=32, trace=300000, class=java.util.Locale@5000002f)
	baseLocale	50000887
OBJ 50000834 (sz=32, trace=300000, class=java.util.Locale@5000002f)
	baseLocale	50002d7e
ARR 50000836 (sz=656, trace=300708, nelems=142, elem type=java.lang.Object[]@50000108)
	[0]		50000852
	[1]		500008c7
	[2]		50000915
	[3]		5000095c
	[4]		500009ba
	[5]		50000a16
	[6]		50000a67
	[7]		50000aad
	[8]		50000b34
	[9]		50000b90
	[10]		50000bd7
	[11]		50000c1e
	[12]		50000c65
	[13]		50000cac
	[14]		50000cf2
	[15]		50000d39
	[16]		50000d80
	[17]		50000dc6
	[18]		50000e0c
	[19]		50000e52
	[20]		50000e9a
	[21]		50000ee1
	[22]		50000f28
	[23]		50000f6f
	[24]		50000fb6
	[25]		50001015
	[26]		5000105c
	[27]		500010a3
	[28]		500010ea
	[29]		50001131
	[30]		50001177
	[31]		500011be
	[32]		50001205
	[33]		5000124c
	[34]		50001293
	[35]		500012da
	[36]		50001321
	[37]		50001368
	[38]		500013b3
	[39]		5000140b
	[40]		50001475
	[41]		500014be
	[42]		50001504
	[43]		5000167f
	[44]		5000172b
	[45]		5000172c
	[46]		50001780
	[47]		50001815
	[48]		50001816
	[49]		5000186a
	[50]		500018ba
	[51]		5000191a
	[52]		50001965
	[53]		500019ac
	[54]		50001a02
	[55]		50001a68
	[56]		50001ac1
	[57]		50001b07
	[58]		50001b5c
	[59]		50001bf2
	[60]		50001bf3
	[61]		50001c39
	[62]		50001c80
	[63]		50001cdb
	[64]		50001d2b
	[65]		50001d72
	[66]		50001e00
	[67]		50001e01
	[68]		50001e5c
	[69]		500001b6
	[70]		50000373
	[71]		50000374
	[72]		50000421
	[73]		50000475
	[74]		50000477
	[75]		500004e0
	[76]		5000057d
	[77]		50000770
	[78]		50000775
	[79]		50000835
	[80]		50000837
	[81]		500008ad
	[82]		50000903
	[83]		50000951
	[84]		500009d4
	[85]		50000a37
	[86]		50000b1e
	[87]		50000b1f
	[88]		50000b84
	[89]		50000bdf
	[90]		50000c2d
	[91]		50000c82
	[92]		50000cd6
	[93]		50000d3f
	[94]		50000d8e
	[95]		50000ddd
	[96]		50000e7e
	[97]		50000e7f
	[98]		50000ece
	[99]		50000f24
	[100]		50000f8d
	[101]		50000ff2
	[102]		5000106d
	[103]		500010c0
	[104]		50001164
	[105]		500011b3
	[106]		5000128b
	[107]		5000128c
	[108]		500012d9
	[109]		50001442
	[110]		50001443
	[111]		50001444
	[112]		50001445
	[113]		5000149c
	[114]		500014ea
	[115]		500015fe
	[116]		50001679
	[117]		500016ea
	[118]		50001745
	[119]		5000179a
	[120]		500017e4
	[121]		50001843
	[122]		500018a5
	[123]		5000190a
	[124]		50001a0e
	[125]		50001a11
	[126]		50001a7b
	[127]		50001a7c
	[128]		50001ada
	[129]		50001b37
	[130]		50001b95
	[131]		50001be2
	[132]		50001c36
	[133]		50001c91
	[134]		50001d3a
	[135]		50001d3b
	[136]		50001dd5
	[137]		50001dd6
	[138]		50001e3a
	[139]		50001eb0
	[140]		5000204a
	[141]		50000396
OBJ 50000838 (sz=24, trace=300612, class=java.lang.String@5000016e)
	value		50000839
ARR 50000839 (sz=34, trace=300613, nelems=17, elem type=char[])
OBJ 5000083a (sz=32, trace=300661, class=java.security.BasicPermissionCollection@50000819)
	perms		5000083b
	permClass	500000f0
OBJ 5000083b (sz=48, trace=300662, class=java.util.HashMap@500000c6)
	table		5000083d
OBJ 5000083c (sz=32, trace=300221, class=java.util.HashMap$Node@500000c4)
	key		500000f0
	value		5000083a
ARR 5000083d (sz=80, trace=300663, nelems=12, elem type=java.util.HashMap$Node[]@500000c2)
	[11]		5000083e
OBJ 5000083e (sz=32, trace=300221, class=java.util.HashMap$Node@500000c4)
	key		500005e8
	value		50000818
OBJ 5000083f (sz=40, trace=300664, class=java.security.ProtectionDomain@50000160)
	codesource	500007ac
	classloader	500003b4
	principals	50000841
	permissions	500007cb
	key		50000840
OBJ 50000840 (sz=16, trace=300665, class=java.security.ProtectionDomain$Key@50000008)
	this$0		5000083f
ARR 50000841 (sz=16, trace=300666, nelems=0, elem type=java.security.Principal[]@50000006)
ARR 50000842 (sz=80, trace=300667, nelems=13, elem type=java.util.HashMap$Node[]@500000c2)
	[12]		50000843
OBJ 50000843 (sz=32, trace=300221, class=java.util.HashMap$Node@500000c4)
	key		500007ac
	value		5000083f
OBJ 50000844 (sz=24, trace=300668, class=java.lang.String@5000016e)
	value		50000845
ARR 50000845 (sz=38, trace=300669, nelems=19, elem type=char[])
OBJ 50000846 (sz=32, trace=300000, class=java.util.Locale@5000002f)
	baseLocale	50002db4
OBJ 50000847 (sz=32, trace=300671, class=java.util.concurrent.ConcurrentHashMap$Node@50000024)
	key		50000844
	val		50000a87
OBJ 50000848 (sz=16, trace=300157, class=java.lang.Object@50000172)
OBJ 50000849 (sz=32, trace=300683, class=java.util.concurrent.ConcurrentHashMap$Node@50000024)
	key		50000cbf
	val		50000848
OBJ 5000084a (sz=16, trace=300160, class=java.lang.Object@50000172)
OBJ 5000084b (sz=32, trace=300683, class=java.util.concurrent.ConcurrentHashMap$Node@50000024)
	key		50000cbf
	val		5000084a
OBJ 5000084c (sz=16, trace=300157, class=java.lang.Object@50000172)
OBJ 5000084d (sz=32, trace=300000, class=java.util.Locale@5000002f)
	baseLocale	50002d37
OBJ 5000084e (sz=16, trace=300160, class=java.lang.Object@50000172)
OBJ 5000084f (sz=32, trace=300000, class=java.util.Locale@5000002f)
	baseLocale	50002d60
ARR 50000850 (sz=80, trace=300672, nelems=1, elem type=java.util.HashMap$Node[]@500000c2)
	[0]		50000851
OBJ 50000851 (sz=32, trace=300221, class=java.util.HashMap$Node@500000c4)
	key		5000083f
	value		50001896
OBJ 50000854 (sz=32, trace=300000, class=java.util.Locale@5000002f)
	baseLocale	50002d9d
OBJ 50000856 (sz=32, trace=300000, class=java.util.Locale@5000002f)
	baseLocale	50002d58
OBJ 50000858 (sz=32, trace=300000, class=java.util.Locale@5000002f)
	baseLocale	50002d87
OBJ 50000859 (sz=56, trace=300679, class=java.lang.Class$ReflectionData@500000a5)
OBJ 5000085a (sz=40, trace=300040, class=java.lang.ref.SoftReference@50000152)
OBJ 5000085b (sz=16, trace=300157, class=java.lang.Object@50000172)
OBJ 5000085c (sz=32, trace=300000, class=java.util.Locale@5000002f)
	baseLocale	50002d46
OBJ 5000085d (sz=16, trace=300160, class=java.lang.Object@50000172)
OBJ 5000085e (sz=32, trace=300000, class=java.util.Locale@5000002f)
	baseLocale	50002da4
OBJ 5000085f (sz=16, trace=300157, class=java.lang.Object@50000172)
OBJ 50000860 (sz=32, trace=300000, class=java.util.Locale@5000002f)
	baseLocale	50002d3f
OBJ 50000861 (sz=16, trace=300160, class=java.lang.Object@50000172)
OBJ 50000862 (sz=32, trace=300000, class=java.util.Locale@5000002f)
	baseLocale	50002d69
OBJ 50000863 (sz=16, trace=300157, class=java.lang.Object@50000172)
OBJ 50000864 (sz=32, trace=300000, class=java.util.Locale@5000002f)
	baseLocale	50002dab
OBJ 50000865 (sz=16, trace=300160, class=java.lang.Object@50000172)
OBJ 50000866 (sz=32, trace=300000, class=java.util.Locale@5000002f)
	baseLocale	50002d4e
OBJ 50000868 (sz=24, trace=300000, class=java.util.Locale$Cache@5000002d)
	map		5000086c
	queue		5000086b
OBJ 5000086a (sz=24, trace=300152, class=java.lang.String@5000016e)
	value		50000872
OBJ 5000086b (sz=32, trace=300000, class=java.lang.ref.ReferenceQueue@5000014c)
	lock		50002dbe
OBJ 5000086c (sz=64, trace=300000, class=java.util.concurrent.ConcurrentHashMap@5000002b)
	table		5000086d
ARR 5000086d (sz=144, trace=300000, nelems=31, elem type=java.util.concurrent.ConcurrentHashMap$Node[]@50000023)
	[0]		50000874
	[1]		50000876
	[2]		50000877
	[4]		50000878
	[5]		50000879
	[8]		5000087a
	[9]		5000087b
	[10]		5000087c
	[14]		5000087d
	[16]		5000087e
	[20]		5000087f
	[22]		50000880
	[23]		50000881
	[26]		50000882
	[27]		50000883
	[28]		500001e6
	[30]		50000884
ARR 5000086e (sz=24, trace=300136, nelems=2, elem type=java.lang.Object[]@50000108)
	[0]		50000981
	[1]		500013ff
OBJ 5000086f (sz=32, trace=300154, class=java.lang.StringCoding$StringDecoder@50000240)
	requestedCharsetName	50000981
	cs		500013ff
	cd		50000870
OBJ 50000870 (sz=48, trace=300155, class=sun.nio.cs.SingleByte$Decoder@50000037)
	charset		500013ff
	replacement	500016a5
	malformedInputAction	50001693
	unmappableCharacterAction	50001693
	b2c		500016b3
OBJ 50000871 (sz=40, trace=300143, class=java.lang.ref.SoftReference@50000152)
	referent	5000086f
	queue		500008aa
ARR 50000872 (sz=16, trace=300156, nelems=8, elem type=char[])
OBJ 50000873 (sz=16, trace=300157, class=java.lang.Object@50000172)
OBJ 50000874 (sz=32, trace=300000, class=java.util.concurrent.ConcurrentHashMap$Node@50000024)
	key		50002de3
	val		50002de2
	next		50002de1
OBJ 50000875 (sz=16, trace=300160, class=java.lang.Object@50000172)
OBJ 50000876 (sz=32, trace=300000, class=java.util.concurrent.ConcurrentHashMap$Node@50000024)
	key		50002de0
	val		50002ddf
OBJ 50000877 (sz=32, trace=300000, class=java.util.concurrent.ConcurrentHashMap$Node@50000024)
	key		50002dde
	val		50002ddd
OBJ 50000878 (sz=32, trace=300000, class=java.util.concurrent.ConcurrentHashMap$Node@50000024)
	key		50002ddc
	val		50002ddb
OBJ 50000879 (sz=32, trace=300000, class=java.util.concurrent.ConcurrentHashMap$Node@50000024)
	key		50002dda
	val		50002dd9
OBJ 5000087a (sz=32, trace=300000, class=java.util.concurrent.ConcurrentHashMap$Node@50000024)
	key		50002dd6
	val		50002dd5
	next		50002dd4
OBJ 5000087b (sz=32, trace=300000, class=java.util.concurrent.ConcurrentHashMap$Node@50000024)
	key		50002dd3
	val		50002dd2
OBJ 5000087c (sz=32, trace=300000, class=java.util.concurrent.ConcurrentHashMap$Node@50000024)
	key		50002dd1
	val		50002dd0
OBJ 5000087d (sz=32, trace=300000, class=java.util.concurrent.ConcurrentHashMap$Node@50000024)
	key		50002dcf
	val		50002dce
OBJ 5000087e (sz=32, trace=300000, class=java.util.concurrent.ConcurrentHashMap$Node@50000024)
	key		50002dcd
	val		50002dcc
OBJ 5000087f (sz=32, trace=300000, class=java.util.concurrent.ConcurrentHashMap$Node@50000024)
	key		50002dcb
	val		50002dca
OBJ 50000880 (sz=32, trace=300000, class=java.util.concurrent.ConcurrentHashMap$Node@50000024)
	key		50002dc9
	val		50002dc8
OBJ 50000881 (sz=32, trace=300000, class=java.util.concurrent.ConcurrentHashMap$Node@50000024)
	key		50002dc7
	val		50002dc6
OBJ 50000882 (sz=32, trace=300000, class=java.util.concurrent.ConcurrentHashMap$Node@50000024)
	key		50002dc5
	val		50002dc4
OBJ 50000883 (sz=32, trace=300000, class=java.util.concurrent.ConcurrentHashMap$Node@50000024)
	key		50002dc1
	val		50002dc0
	next		50002dbf
OBJ 50000884 (sz=32, trace=300000, class=java.util.concurrent.ConcurrentHashMap$Node@50000024)
	key		50000886
	val		50000885
OBJ 50000885 (sz=48, trace=300000, class=sun.util.locale.LocaleObjectCache$CacheEntry@50000019)
	referent	50000833
	queue		5000086b
	key		50000886
OBJ 50000886 (sz=24, trace=300000, class=java.util.Locale$LocaleKey@50000018)
	base		50000887
OBJ 50000887 (sz=32, trace=300000, class=sun.util.locale.BaseLocale@5000001c)
	language	50000808
	script		500005a0
	region		5000082a
	variant		500005a0
ARR 50000888 (sz=4, trace=300000, nelems=2, elem type=char[])
ARR 50000889 (sz=0, trace=300000, nelems=0, elem type=char[])
ARR 5000088a (sz=4, trace=300000, nelems=2, elem type=char[])
OBJ 5000088b (sz=24, trace=300000, class=java.lang.String@5000016e)
	value		50002dbd
OBJ 5000088c (sz=24, trace=300000, class=java.lang.String@5000016e)
	value		50002dbc
OBJ 5000088d (sz=24, trace=300000, class=java.lang.String@5000016e)
	value		50002dbb
OBJ 5000088e (sz=24, trace=300000, class=sun.util.locale.BaseLocale$Cache@5000001b)
	map		50000892
	queue		50000891
OBJ 5000088f (sz=24, trace=300000, class=java.lang.String@5000016e)
	value		50000890
ARR 50000890 (sz=2, trace=300000, nelems=1, elem type=char[])
OBJ 50000891 (sz=32, trace=300000, class=java.lang.ref.ReferenceQueue@5000014c)
	lock		50002d2e
OBJ 50000892 (sz=64, trace=300000, class=java.util.concurrent.ConcurrentHashMap@5000002b)
	table		50000893
ARR 50000893 (sz=144, trace=300000, nelems=27, elem type=java.util.concurrent.ConcurrentHashMap$Node[]@50000023)
	[0]		50000894
	[1]		50000895
	[4]		50000896
	[7]		50000897
	[8]		50000898
	[9]		50000899
	[11]		5000089a
	[12]		5000089b
	[13]		500001e2
	[14]		5000089c
	[23]		5000089f
	[25]		500008a0
	[26]		500008a1
OBJ 50000894 (sz=32, trace=300000, class=java.util.concurrent.ConcurrentHashMap$Node@50000024)
	key		50002dae
	val		50002dad
	next		50002dac
OBJ 50000895 (sz=32, trace=300000, class=java.util.concurrent.ConcurrentHashMap$Node@50000024)
	key		50002da6
	val		50002da5
OBJ 50000896 (sz=32, trace=300000, class=java.util.concurrent.ConcurrentHashMap$Node@50000024)
	key		50002d9f
	val		50002d9e
OBJ 50000897 (sz=32, trace=300000, class=java.util.concurrent.ConcurrentHashMap$Node@50000024)
	key		50002d97
	val		50002d96
OBJ 50000898 (sz=32, trace=300000, class=java.util.concurrent.ConcurrentHashMap$Node@50000024)
	key		50002d78
	val		50002d77
	next		50002d76
OBJ 50000899 (sz=32, trace=300000, class=java.util.concurrent.ConcurrentHashMap$Node@50000024)
	key		50002d71
	val		50002d70
OBJ 5000089a (sz=32, trace=300000, class=java.util.concurrent.ConcurrentHashMap$Node@50000024)
	key		50002d63
	val		50002d62
	next		50002d61
OBJ 5000089b (sz=32, trace=300000, class=java.util.concurrent.ConcurrentHashMap$Node@50000024)
	key		50002d49
	val		50002d48
	next		50002d47
OBJ 5000089c (sz=32, trace=300000, class=java.util.concurrent.ConcurrentHashMap$Node@50000024)
	key		50002d41
	val		50002d40
OBJ 5000089d (sz=56, trace=300687, class=java.util.zip.ZipFile$ZipFileInputStream@5000055c)
	this$0		500004ec
OBJ 5000089e (sz=40, trace=300106, class=java.lang.ref.Finalizer@5000014d)
	referent	5000089d
	queue		500003aa
	next		50000829
	prev		500008f6
OBJ 5000089f (sz=32, trace=300000, class=java.util.concurrent.ConcurrentHashMap$Node@50000024)
	key		50002d39
	val		50002d38
OBJ 500008a0 (sz=32, trace=300000, class=java.util.concurrent.ConcurrentHashMap$Node@50000024)
	key		50002d30
	val		50002d2f
OBJ 500008a1 (sz=32, trace=300000, class=java.util.concurrent.ConcurrentHashMap$Node@50000024)
	key		500008a5
	val		500008a2
OBJ 500008a2 (sz=48, trace=300000, class=sun.util.locale.LocaleObjectCache$CacheEntry@50000019)
	referent	50002d2d
	queue		50000891
	key		500008a5
OBJ 500008a3 (sz=24, trace=300369, class=java.lang.String@5000016e)
	value		500008a4
ARR 500008a4 (sz=48, trace=300370, nelems=24, elem type=char[])
OBJ 500008a5 (sz=40, trace=300000, class=sun.util.locale.BaseLocale$Key@5000001a)
	lang		500008a9
	scrt		500008a8
	regn		500008a7
	vart		500008a6
OBJ 500008a6 (sz=40, trace=300000, class=java.lang.ref.SoftReference@50000152)
	referent	500005a0
	queue		500008aa
OBJ 500008a7 (sz=40, trace=300000, class=java.lang.ref.SoftReference@50000152)
	referent	50000826
	queue		500008aa
OBJ 500008a8 (sz=40, trace=300000, class=java.lang.ref.SoftReference@50000152)
	referent	500005a0
	queue		500008aa
OBJ 500008a9 (sz=40, trace=300000, class=java.lang.ref.SoftReference@50000152)
	referent	5000080a
	queue		500008aa
OBJ 500008aa (sz=32, trace=300000, class=java.lang.ref.ReferenceQueue$Null@500000d2)
	lock		500008ac
ARR 500008ab (sz=4, trace=300000, nelems=2, elem type=char[])
OBJ 500008ac (sz=16, trace=300000, class=java.lang.ref.ReferenceQueue$Lock@500000d1)
OBJ 500008ae (sz=16, trace=300157, class=java.lang.Object@50000172)
OBJ 500008af (sz=32, trace=300683, class=java.util.concurrent.ConcurrentHashMap$Node@50000024)
	key		50000aee
	val		500008ae
OBJ 500008b0 (sz=16, trace=300160, class=java.lang.Object@50000172)
OBJ 500008b1 (sz=56, trace=300443, class=java.lang.Package@500005db)
	pkgName		500008a3
	loader		500003b4
OBJ 500008b2 (sz=32, trace=300221, class=java.util.HashMap$Node@500000c4)
	key		500008a3
	value		500008b1
OBJ 500008b3 (sz=32, trace=300683, class=java.util.concurrent.ConcurrentHashMap$Node@50000024)
	key		50000aee
	val		500008b0
OBJ 500008b4 (sz=32, trace=300000, class=java.lang.ref.ReferenceQueue$Null@500000d2)
	lock		500008b5
OBJ 500008b5 (sz=16, trace=300000, class=java.lang.ref.ReferenceQueue$Lock@500000d1)
OBJ 500008b6 (sz=56, trace=300687, class=java.util.zip.ZipFile$ZipFileInputStream@5000055c)
OBJ 500008b7 (sz=24, trace=300000, class=java.lang.String@5000016e)
	value		50002d2b
OBJ 500008b8 (sz=24, trace=300000, class=java.lang.String@5000016e)
	value		50000e93
OBJ 500008b9 (sz=24, trace=300000, class=java.lang.String@5000016e)
	value		5000184b
OBJ 500008ba (sz=24, trace=300000, class=java.lang.String@5000016e)
	value		50002d2a
OBJ 500008bb (sz=24, trace=300000, class=java.lang.String@5000016e)
	value		50002d29
OBJ 500008bc (sz=24, trace=300000, class=java.lang.String@5000016e)
	value		50002d28
OBJ 500008bd (sz=24, trace=300000, class=java.lang.String@5000016e)
	value		50002d27
OBJ 500008be (sz=24, trace=300000, class=java.lang.String@5000016e)
	value		500016c2
OBJ 500008bf (sz=48, trace=300000, class=java.util.Properties@50000144)
	table		500008c4
OBJ 500008c0 (sz=24, trace=300668, class=java.lang.String@5000016e)
	value		500008c1
ARR 500008c1 (sz=48, trace=300669, nelems=24, elem type=char[])
OBJ 500008c2 (sz=32, trace=300671, class=java.util.concurrent.ConcurrentHashMap$Node@50000024)
	key		500008c0
	val		50000a87
OBJ 500008c3 (sz=16, trace=300000, class=java.lang.Object@50000172)
ARR 500008c4 (sz=400, trace=300000, nelems=89, elem type=java.util.Hashtable$Entry[]@500000bf)
	[0]		500008c5
	[2]		500008c6
	[9]		500008c9
	[10]		500008cb
	[11]		500008cd
	[13]		500008cf
	[16]		500008d1
	[17]		500008d3
	[18]		500008d4
	[19]		500008d5
	[21]		500008d6
	[22]		500008d7
	[24]		500008d8
	[26]		500008d9
	[27]		500008da
	[33]		500008db
	[38]		500008dc
	[39]		500008dd
	[40]		500008de
	[41]		500008df
	[44]		500008e0
	[47]		500008e1
	[49]		500008e2
	[53]		500008e3
	[54]		500008e4
	[57]		500008e5
	[62]		500008e6
	[63]		500008e7
	[64]		500008e8
	[65]		500008e9
	[67]		500008ea
	[70]		500008eb
	[72]		500008ec
	[76]		500008ed
	[79]		500008ee
	[80]		500008ef
	[81]		500008f0
	[82]		500008f1
	[86]		500008f2
	[88]		500008f3
OBJ 500008c5 (sz=32, trace=300000, class=java.util.Hashtable$Entry@500000c0)
	key		50000a6e
	value		50000a6d
OBJ 500008c6 (sz=32, trace=300000, class=java.util.Hashtable$Entry@500000c0)
	key		50000a69
	value		50000a66
OBJ 500008c8 (sz=16, trace=300157, class=java.lang.Object@50000172)
OBJ 500008c9 (sz=32, trace=300000, class=java.util.Hashtable$Entry@500000c0)
	key		50000a5c
	value		50000a5b
	next		50000a59
OBJ 500008ca (sz=16, trace=300160, class=java.lang.Object@50000172)
OBJ 500008cb (sz=32, trace=300000, class=java.util.Hashtable$Entry@500000c0)
	key		50000a3f
	value		50000a3b
OBJ 500008cc (sz=16, trace=300157, class=java.lang.Object@50000172)
OBJ 500008cd (sz=32, trace=300000, class=java.util.Hashtable$Entry@500000c0)
	key		50000a36
	value		50000a35
OBJ 500008ce (sz=16, trace=300160, class=java.lang.Object@50000172)
OBJ 500008cf (sz=32, trace=300000, class=java.util.Hashtable$Entry@500000c0)
	key		50000a32
	value		50000a31
OBJ 500008d0 (sz=16, trace=300157, class=java.lang.Object@50000172)
OBJ 500008d1 (sz=32, trace=300000, class=java.util.Hashtable$Entry@500000c0)
	key		50000a2e
	value		50000a2d
OBJ 500008d2 (sz=16, trace=300160, class=java.lang.Object@50000172)
OBJ 500008d3 (sz=32, trace=300000, class=java.util.Hashtable$Entry@500000c0)
	key		50000a28
	value		50000a27
OBJ 500008d4 (sz=32, trace=300000, class=java.util.Hashtable$Entry@500000c0)
	key		50000a24
	value		50000a23
OBJ 500008d5 (sz=32, trace=300000, class=java.util.Hashtable$Entry@500000c0)
	key		50000a20
	value		50000a1f
OBJ 500008d6 (sz=32, trace=300000, class=java.util.Hashtable$Entry@500000c0)
	key		50000a11
	value		50000a10
	next		50000a0f
OBJ 500008d7 (sz=32, trace=300000, class=java.util.Hashtable$Entry@500000c0)
	key		50000a0c
	value		50000a0b
OBJ 500008d8 (sz=32, trace=300000, class=java.util.Hashtable$Entry@500000c0)
	key		50000a03
	value		50000a02
	next		50000a01
OBJ 500008d9 (sz=32, trace=300000, class=java.util.Hashtable$Entry@500000c0)
	key		500009f7
	value		500009f6
	next		500009f5
OBJ 500008da (sz=32, trace=300000, class=java.util.Hashtable$Entry@500000c0)
	key		500009f2
	value		500009f1
OBJ 500008db (sz=32, trace=300000, class=java.util.Hashtable$Entry@500000c0)
	key		500009d2
	value		500009d1
	next		500009d0
OBJ 500008dc (sz=32, trace=300000, class=java.util.Hashtable$Entry@500000c0)
	key		500009bc
	value		500009b5
	next		500009b4
OBJ 500008dd (sz=32, trace=300000, class=java.util.Hashtable$Entry@500000c0)
	key		500009ac
	value		500009ab
OBJ 500008de (sz=32, trace=300000, class=java.util.Hashtable$Entry@500000c0)
	key		500009a7
	value		500009a6
OBJ 500008df (sz=32, trace=300000, class=java.util.Hashtable$Entry@500000c0)
	key		500009a1
	value		500009a0
OBJ 500008e0 (sz=32, trace=300000, class=java.util.Hashtable$Entry@500000c0)
	key		5000099d
	value		5000099c
OBJ 500008e1 (sz=32, trace=300000, class=java.util.Hashtable$Entry@500000c0)
	key		50000999
	value		50000998
OBJ 500008e2 (sz=32, trace=300000, class=java.util.Hashtable$Entry@500000c0)
	key		5000098f
	value		5000098e
	next		5000098d
OBJ 500008e3 (sz=32, trace=300000, class=java.util.Hashtable$Entry@500000c0)
	key		5000098a
	value		50000989
OBJ 500008e4 (sz=32, trace=300000, class=java.util.Hashtable$Entry@500000c0)
	key		50000986
	value		50000985
OBJ 500008e5 (sz=32, trace=300000, class=java.util.Hashtable$Entry@500000c0)
	key		50000982
	value		50000981
OBJ 500008e6 (sz=32, trace=300000, class=java.util.Hashtable$Entry@500000c0)
	key		5000097e
	value		5000097d
OBJ 500008e7 (sz=32, trace=300000, class=java.util.Hashtable$Entry@500000c0)
	key		5000097a
	value		50000979
OBJ 500008e8 (sz=32, trace=300000, class=java.util.Hashtable$Entry@500000c0)
	key		50000976
	value		50000975
OBJ 500008e9 (sz=32, trace=300000, class=java.util.Hashtable$Entry@500000c0)
	key		50000972
	value		5000096b
OBJ 500008ea (sz=32, trace=300000, class=java.util.Hashtable$Entry@500000c0)
	key		50000950
	value		5000094e
	next		5000094d
OBJ 500008eb (sz=32, trace=300000, class=java.util.Hashtable$Entry@500000c0)
	key		50000946
	value		50000945
	next		50000944
OBJ 500008ec (sz=32, trace=300000, class=java.util.Hashtable$Entry@500000c0)
	key		5000093f
	value		5000093e
OBJ 500008ed (sz=32, trace=300000, class=java.util.Hashtable$Entry@500000c0)
	key		50000937
	value		50000936
	next		50000935
OBJ 500008ee (sz=32, trace=300000, class=java.util.Hashtable$Entry@500000c0)
	key		50000924
	value		50000923
	next		50000922
OBJ 500008ef (sz=32, trace=300000, class=java.util.Hashtable$Entry@500000c0)
	key		5000091b
	value		5000091a
	next		50000919
OBJ 500008f0 (sz=32, trace=300000, class=java.util.Hashtable$Entry@500000c0)
	key		50000913
	value		50000912
OBJ 500008f1 (sz=32, trace=300000, class=java.util.Hashtable$Entry@500000c0)
	key		5000090b
	value		5000090a
	next		50000908
OBJ 500008f2 (sz=32, trace=300000, class=java.util.Hashtable$Entry@500000c0)
	key		50000900
	value		500008ff
OBJ 500008f3 (sz=32, trace=300000, class=java.util.Hashtable$Entry@500000c0)
	key		500008f8
	value		500008f7
	next		500008f4
OBJ 500008f4 (sz=32, trace=300000, class=java.util.Hashtable$Entry@500000c0)
	key		500008fc
	value		500008fb
OBJ 500008f5 (sz=56, trace=300687, class=java.util.zip.ZipFile$ZipFileInputStream@5000055c)
	this$0		500004ec
OBJ 500008f6 (sz=40, trace=300106, class=java.lang.ref.Finalizer@5000014d)
	referent	500008f5
	queue		500003aa
	next		5000089e
	prev		50000943
OBJ 500008f7 (sz=24, trace=300000, class=java.lang.String@5000016e)
	value		500008fa
OBJ 500008f8 (sz=24, trace=300000, class=java.lang.String@5000016e)
	value		500008f9
ARR 500008f9 (sz=42, trace=300000, nelems=21, elem type=char[])
ARR 500008fa (sz=84, trace=300000, nelems=42, elem type=char[])
OBJ 500008fb (sz=24, trace=300000, class=java.lang.String@5000016e)
	value		500008fe
OBJ 500008fc (sz=24, trace=300000, class=java.lang.String@5000016e)
	value		500008fd
ARR 500008fd (sz=30, trace=300000, nelems=15, elem type=char[])
ARR 500008fe (sz=20, trace=300000, nelems=10, elem type=char[])
OBJ 500008ff (sz=24, trace=300000, class=java.lang.String@5000016e)
	value		50000902
OBJ 50000900 (sz=24, trace=300000, class=java.lang.String@5000016e)
	value		50000901
ARR 50000901 (sz=38, trace=300000, nelems=19, elem type=char[])
ARR 50000902 (sz=4, trace=300000, nelems=2, elem type=char[])
OBJ 50000904 (sz=16, trace=300157, class=java.lang.Object@50000172)
OBJ 50000905 (sz=32, trace=300159, class=java.util.concurrent.ConcurrentHashMap$Node@50000024)
	key		50000b7a
	val		50000904
OBJ 50000906 (sz=16, trace=300160, class=java.lang.Object@50000172)
OBJ 50000907 (sz=32, trace=300159, class=java.util.concurrent.ConcurrentHashMap$Node@50000024)
	key		50000b7a
	val		50000906
OBJ 50000908 (sz=32, trace=300000, class=java.util.Hashtable$Entry@500000c0)
	key		5000090f
	value		5000090e
OBJ 50000909 (sz=56, trace=300687, class=java.util.zip.ZipFile$ZipFileInputStream@5000055c)
OBJ 5000090a (sz=24, trace=300000, class=java.lang.String@5000016e)
	value		5000090d
OBJ 5000090b (sz=24, trace=300000, class=java.lang.String@5000016e)
	value		5000090c
ARR 5000090c (sz=28, trace=300000, nelems=14, elem type=char[])
ARR 5000090d (sz=36, trace=300000, nelems=18, elem type=char[])
OBJ 5000090e (sz=24, trace=300000, class=java.lang.String@5000016e)
	value		50000911
OBJ 5000090f (sz=24, trace=300000, class=java.lang.String@5000016e)
	value		50000910
ARR 50000910 (sz=30, trace=300000, nelems=15, elem type=char[])
ARR 50000911 (sz=46, trace=300000, nelems=23, elem type=char[])
OBJ 50000912 (sz=24, trace=300000, class=java.lang.String@5000016e)
	value		50000917
OBJ 50000913 (sz=24, trace=300000, class=java.lang.String@5000016e)
	value		50000914
ARR 50000914 (sz=28, trace=300000, nelems=14, elem type=char[])
OBJ 50000916 (sz=16, trace=300157, class=java.lang.Object@50000172)
ARR 50000917 (sz=2, trace=300000, nelems=1, elem type=char[])
OBJ 50000918 (sz=16, trace=300160, class=java.lang.Object@50000172)
OBJ 50000919 (sz=32, trace=300000, class=java.util.Hashtable$Entry@500000c0)
	key		5000091f
	value		5000091e
OBJ 5000091a (sz=24, trace=300000, class=java.lang.String@5000016e)
	value		5000091d
OBJ 5000091b (sz=24, trace=300000, class=java.lang.String@5000016e)
	value		5000091c
ARR 5000091c (sz=24, trace=300000, nelems=12, elem type=char[])
ARR 5000091d (sz=66, trace=300000, nelems=33, elem type=char[])
OBJ 5000091e (sz=24, trace=300000, class=java.lang.String@5000016e)
	value		50000921
OBJ 5000091f (sz=24, trace=300000, class=java.lang.String@5000016e)
	value		50000920
ARR 50000920 (sz=34, trace=300000, nelems=17, elem type=char[])
ARR 50000921 (sz=12, trace=300000, nelems=6, elem type=char[])
OBJ 50000922 (sz=32, trace=300000, class=java.util.Hashtable$Entry@500000c0)
	key		50000929
	value		50000928
	next		50000927
OBJ 50000923 (sz=24, trace=300000, class=java.lang.String@5000016e)
	value		50000926
OBJ 50000924 (sz=24, trace=300000, class=java.lang.String@5000016e)
	value		50000925
ARR 50000925 (sz=22, trace=300000, nelems=11, elem type=char[])
ARR 50000926 (sz=0, trace=300000, nelems=0, elem type=char[])
OBJ 50000927 (sz=32, trace=300000, class=java.util.Hashtable$Entry@500000c0)
	key		5000092e
	value		5000092d
	next		5000092c
OBJ 50000928 (sz=24, trace=300000, class=java.lang.String@5000016e)
	value		5000092b
OBJ 50000929 (sz=24, trace=300000, class=java.lang.String@5000016e)
	value		5000092a
ARR 5000092a (sz=24, trace=300000, nelems=12, elem type=char[])
ARR 5000092b (sz=4, trace=300000, nelems=2, elem type=char[])
OBJ 5000092c (sz=32, trace=300000, class=java.util.Hashtable$Entry@500000c0)
	key		50000932
	value		50000931
OBJ 5000092d (sz=24, trace=300000, class=java.lang.String@5000016e)
	value		50000930
OBJ 5000092e (sz=24, trace=300000, class=java.lang.String@5000016e)
	value		5000092f
ARR 5000092f (sz=34, trace=300000, nelems=17, elem type=char[])
ARR 50000930 (sz=24, trace=300000, nelems=12, elem type=char[])
OBJ 50000931 (sz=24, trace=300000, class=java.lang.String@5000016e)
	value		50000934
OBJ 50000932 (sz=24, trace=300000, class=java.lang.String@5000016e)
	value		50000933
ARR 50000933 (sz=36, trace=300000, nelems=18, elem type=char[])
ARR 50000934 (sz=0, trace=300000, nelems=0, elem type=char[])
OBJ 50000935 (sz=32, trace=300000, class=java.util.Hashtable$Entry@500000c0)
	key		5000093b
	value		5000093a
OBJ 50000936 (sz=24, trace=300000, class=java.lang.String@5000016e)
	value		50000939
OBJ 50000937 (sz=24, trace=300000, class=java.lang.String@5000016e)
	value		50000938
ARR 50000938 (sz=52, trace=300000, nelems=26, elem type=char[])
ARR 50000939 (sz=68, trace=300000, nelems=34, elem type=char[])
OBJ 5000093a (sz=24, trace=300000, class=java.lang.String@5000016e)
	value		5000093d
OBJ 5000093b (sz=24, trace=300000, class=java.lang.String@5000016e)
	value		5000093c
ARR 5000093c (sz=16, trace=300000, nelems=8, elem type=char[])
ARR 5000093d (sz=70, trace=300000, nelems=35, elem type=char[])
OBJ 5000093e (sz=24, trace=300000, class=java.lang.String@5000016e)
	value		50000941
OBJ 5000093f (sz=24, trace=300000, class=java.lang.String@5000016e)
	value		50000940
ARR 50000940 (sz=40, trace=300000, nelems=20, elem type=char[])
ARR 50000941 (sz=64, trace=300000, nelems=32, elem type=char[])
OBJ 50000942 (sz=56, trace=300687, class=java.util.zip.ZipFile$ZipFileInputStream@5000055c)
	this$0		500004ec
OBJ 50000943 (sz=40, trace=300106, class=java.lang.ref.Finalizer@5000014d)
	referent	50000942
	queue		500003aa
	next		500008f6
	prev		500009ae
OBJ 50000944 (sz=32, trace=300000, class=java.util.Hashtable$Entry@500000c0)
	key		5000094a
	value		50000949
OBJ 50000945 (sz=24, trace=300000, class=java.lang.String@5000016e)
	value		50000948
OBJ 50000946 (sz=24, trace=300000, class=java.lang.String@5000016e)
	value		50000947
ARR 50000947 (sz=36, trace=300000, nelems=18, elem type=char[])
ARR 50000948 (sz=102, trace=300000, nelems=51, elem type=char[])
OBJ 50000949 (sz=24, trace=300000, class=java.lang.String@5000016e)
	value		5000094c
OBJ 5000094a (sz=24, trace=300000, class=java.lang.String@5000016e)
	value		5000094b
ARR 5000094b (sz=14, trace=300000, nelems=7, elem type=char[])
ARR 5000094c (sz=10, trace=300000, nelems=5, elem type=char[])
OBJ 5000094d (sz=32, trace=300000, class=java.util.Hashtable$Entry@500000c0)
	key		5000095b
	value		50000666
OBJ 5000094e (sz=24, trace=300000, class=java.lang.String@5000016e)
	value		5000095a
OBJ 5000094f (sz=56, trace=300687, class=java.util.zip.ZipFile$ZipFileInputStream@5000055c)
OBJ 50000950 (sz=24, trace=300000, class=java.lang.String@5000016e)
	value		50000959
OBJ 50000952 (sz=24, trace=301027, class=com.sun.tools.javac.api.DiagnosticFormatter$Configuration$DiagnosticPart@50000951)
	name		50002c9a
OBJ 50000953 (sz=24, trace=301028, class=com.sun.tools.javac.api.DiagnosticFormatter$Configuration$DiagnosticPart@50000951)
	name		50002c97
OBJ 50000954 (sz=24, trace=301029, class=com.sun.tools.javac.api.DiagnosticFormatter$Configuration$DiagnosticPart@50000951)
	name		50002aa7
OBJ 50000955 (sz=24, trace=301030, class=com.sun.tools.javac.api.DiagnosticFormatter$Configuration$DiagnosticPart@50000951)
	name		50002c99
OBJ 50000956 (sz=24, trace=301031, class=com.sun.tools.javac.api.DiagnosticFormatter$Configuration$DiagnosticPart@50000951)
	name		50002c98
ARR 50000958 (sz=40, trace=301032, nelems=5, elem type=com.sun.tools.javac.api.DiagnosticFormatter$Configuration$DiagnosticPart[]@50000957)
	[0]		50000952
	[1]		50000953
	[2]		50000954
	[3]		50000955
	[4]		50000956
ARR 50000959 (sz=28, trace=300000, nelems=14, elem type=char[])
ARR 5000095a (sz=74, trace=300000, nelems=37, elem type=char[])
OBJ 5000095b (sz=24, trace=300000, class=java.lang.String@5000016e)
	value		50000965
OBJ 5000095d (sz=16, trace=300157, class=java.lang.Object@50000172)
OBJ 5000095e (sz=56, trace=300679, class=java.lang.Class$ReflectionData@500000a5)
OBJ 5000095f (sz=16, trace=300160, class=java.lang.Object@50000172)
OBJ 50000960 (sz=40, trace=300040, class=java.lang.ref.SoftReference@50000152)
OBJ 50000961 (sz=16, trace=300157, class=java.lang.Object@50000172)
OBJ 50000962 (sz=32, trace=300683, class=java.util.concurrent.ConcurrentHashMap$Node@50000024)
	key		50000afe
	val		50000961
	next		50001a24
OBJ 50000963 (sz=88, trace=300681, class=java.lang.reflect.Method@5000013e)
ARR 50000965 (sz=28, trace=300000, nelems=14, elem type=char[])
OBJ 50000966 (sz=16, trace=300160, class=java.lang.Object@50000172)
OBJ 50000967 (sz=32, trace=300683, class=java.util.concurrent.ConcurrentHashMap$Node@50000024)
	key		50000afe
	val		50000966
	next		50001a26
ARR 50000968 (sz=4, trace=300000, nelems=2, elem type=char[])
OBJ 50000969 (sz=24, trace=300811, class=sun.reflect.NativeMethodAccessorImpl@5000162e)
OBJ 5000096a (sz=16, trace=300813, class=sun.reflect.DelegatingMethodAccessorImpl@50001630)
OBJ 5000096b (sz=24, trace=300000, class=java.lang.String@5000016e)
	value		50000974
OBJ 5000096c (sz=40, trace=301033, class=com.sun.tools.javac.util.BasicDiagnosticFormatter$BasicConfiguration@50000903)
OBJ 5000096d (sz=48, trace=301034, class=java.util.HashMap@500000c6)
OBJ 5000096e (sz=16, trace=300157, class=java.lang.Object@50000172)
OBJ 5000096f (sz=32, trace=300683, class=java.util.concurrent.ConcurrentHashMap$Node@50000024)
	key		50000b02
	val		5000096e
OBJ 50000970 (sz=16, trace=300160, class=java.lang.Object@50000172)
OBJ 50000971 (sz=32, trace=300683, class=java.util.concurrent.ConcurrentHashMap$Node@50000024)
	key		50000b02
	val		50000970
OBJ 50000972 (sz=24, trace=300000, class=java.lang.String@5000016e)
	value		50000973
ARR 50000973 (sz=56, trace=300000, nelems=28, elem type=char[])
ARR 50000974 (sz=36, trace=300000, nelems=18, elem type=char[])
OBJ 50000975 (sz=24, trace=300000, class=java.lang.String@5000016e)
	value		50000978
OBJ 50000976 (sz=24, trace=300000, class=java.lang.String@5000016e)
	value		50000977
ARR 50000977 (sz=24, trace=300000, nelems=12, elem type=char[])
ARR 50000978 (sz=0, trace=300000, nelems=0, elem type=char[])
OBJ 50000979 (sz=24, trace=300000, class=java.lang.String@5000016e)
	value		5000097c
OBJ 5000097a (sz=24, trace=300000, class=java.lang.String@5000016e)
	value		5000097b
ARR 5000097b (sz=14, trace=300000, nelems=7, elem type=char[])
ARR 5000097c (sz=20, trace=300000, nelems=10, elem type=char[])
OBJ 5000097d (sz=24, trace=300000, class=java.lang.String@5000016e)
	value		50000980
OBJ 5000097e (sz=24, trace=300000, class=java.lang.String@5000016e)
	value		5000097f
ARR 5000097f (sz=32, trace=300000, nelems=16, elem type=char[])
ARR 50000980 (sz=68, trace=300000, nelems=34, elem type=char[])
OBJ 50000981 (sz=24, trace=300000, class=java.lang.String@5000016e)
	value		50000984
OBJ 50000982 (sz=24, trace=300000, class=java.lang.String@5000016e)
	value		50000983
ARR 50000983 (sz=32, trace=300000, nelems=16, elem type=char[])
ARR 50000984 (sz=12, trace=300000, nelems=6, elem type=char[])
OBJ 50000985 (sz=24, trace=300000, class=java.lang.String@5000016e)
	value		50000988
OBJ 50000986 (sz=24, trace=300000, class=java.lang.String@5000016e)
	value		50000987
ARR 50000987 (sz=34, trace=300000, nelems=17, elem type=char[])
ARR 50000988 (sz=2052, trace=300000, nelems=1026, elem type=char[])
OBJ 50000989 (sz=24, trace=300000, class=java.lang.String@5000016e)
	value		5000098c
OBJ 5000098a (sz=24, trace=300000, class=java.lang.String@5000016e)
	value		5000098b
ARR 5000098b (sz=28, trace=300000, nelems=14, elem type=char[])
ARR 5000098c (sz=76, trace=300000, nelems=38, elem type=char[])
OBJ 5000098d (sz=32, trace=300000, class=java.util.Hashtable$Entry@500000c0)
	key		50000993
	value		50000992
OBJ 5000098e (sz=24, trace=300000, class=java.lang.String@5000016e)
	value		50000991
OBJ 5000098f (sz=24, trace=300000, class=java.lang.String@5000016e)
	value		50000990
ARR 50000990 (sz=46, trace=300000, nelems=23, elem type=char[])
ARR 50000991 (sz=62, trace=300000, nelems=31, elem type=char[])
OBJ 50000992 (sz=24, trace=300000, class=java.lang.String@5000016e)
	value		50000995
OBJ 50000993 (sz=24, trace=300000, class=java.lang.String@5000016e)
	value		50000994
ARR 50000994 (sz=36, trace=300000, nelems=18, elem type=char[])
ARR 50000995 (sz=8, trace=300000, nelems=4, elem type=char[])
OBJ 50000996 (sz=24, trace=300369, class=java.lang.String@5000016e)
	value		50000997
ARR 50000997 (sz=48, trace=300370, nelems=24, elem type=char[])
OBJ 50000998 (sz=24, trace=300000, class=java.lang.String@5000016e)
	value		5000099b
OBJ 50000999 (sz=24, trace=300000, class=java.lang.String@5000016e)
	value		5000099a
ARR 5000099a (sz=46, trace=300000, nelems=23, elem type=char[])
ARR 5000099b (sz=62, trace=300000, nelems=31, elem type=char[])
OBJ 5000099c (sz=24, trace=300000, class=java.lang.String@5000016e)
	value		5000099f
OBJ 5000099d (sz=24, trace=300000, class=java.lang.String@5000016e)
	value		5000099e
ARR 5000099e (sz=20, trace=300000, nelems=10, elem type=char[])
ARR 5000099f (sz=8, trace=300000, nelems=4, elem type=char[])
OBJ 500009a0 (sz=24, trace=300000, class=java.lang.String@5000016e)
	value		500009a3
OBJ 500009a1 (sz=24, trace=300000, class=java.lang.String@5000016e)
	value		500009a2
ARR 500009a2 (sz=18, trace=300000, nelems=9, elem type=char[])
ARR 500009a3 (sz=34, trace=300000, nelems=17, elem type=char[])
OBJ 500009a4 (sz=56, trace=300443, class=java.lang.Package@500005db)
	pkgName		50000996
	loader		500003b4
OBJ 500009a5 (sz=32, trace=300221, class=java.util.HashMap$Node@500000c4)
	key		50000996
	value		500009a4
OBJ 500009a6 (sz=24, trace=300000, class=java.lang.String@5000016e)
	value		500009aa
OBJ 500009a7 (sz=24, trace=300000, class=java.lang.String@5000016e)
	value		500009a8
ARR 500009a8 (sz=26, trace=300000, nelems=13, elem type=char[])
OBJ 500009a9 (sz=56, trace=300687, class=java.util.zip.ZipFile$ZipFileInputStream@5000055c)
ARR 500009aa (sz=0, trace=300000, nelems=0, elem type=char[])
OBJ 500009ab (sz=24, trace=300000, class=java.lang.String@5000016e)
	value		500009b3
OBJ 500009ac (sz=24, trace=300000, class=java.lang.String@5000016e)
	value		500009b2
OBJ 500009ad (sz=56, trace=300687, class=java.util.zip.ZipFile$ZipFileInputStream@5000055c)
	this$0		500004ec
OBJ 500009ae (sz=40, trace=300106, class=java.lang.ref.Finalizer@5000014d)
	referent	500009ad
	queue		500003aa
	next		50000943
	prev		50000a2b
OBJ 500009af (sz=24, trace=300668, class=java.lang.String@5000016e)
	value		500009b0
ARR 500009b0 (sz=48, trace=300669, nelems=24, elem type=char[])
OBJ 500009b1 (sz=32, trace=300671, class=java.util.concurrent.ConcurrentHashMap$Node@50000024)
	key		500009af
	val		50000a87
ARR 500009b2 (sz=38, trace=300000, nelems=19, elem type=char[])
ARR 500009b3 (sz=54, trace=300000, nelems=27, elem type=char[])
OBJ 500009b4 (sz=32, trace=300000, class=java.util.Hashtable$Entry@500000c0)
	key		500009ca
	value		500009c4
OBJ 500009b5 (sz=24, trace=300000, class=java.lang.String@5000016e)
	value		500009c2
OBJ 500009b6 (sz=16, trace=300157, class=java.lang.Object@50000172)
OBJ 500009b7 (sz=32, trace=300159, class=java.util.concurrent.ConcurrentHashMap$Node@50000024)
	key		50000bad
	val		500009b6
OBJ 500009b8 (sz=16, trace=300160, class=java.lang.Object@50000172)
OBJ 500009b9 (sz=32, trace=300159, class=java.util.concurrent.ConcurrentHashMap$Node@50000024)
	key		50000bad
	val		500009b8
OBJ 500009bb (sz=16, trace=300157, class=java.lang.Object@50000172)
OBJ 500009bc (sz=24, trace=300000, class=java.lang.String@5000016e)
	value		500009be
OBJ 500009bd (sz=16, trace=300160, class=java.lang.Object@50000172)
ARR 500009be (sz=26, trace=300000, nelems=13, elem type=char[])
OBJ 500009c1 (sz=16, trace=300157, class=java.lang.Object@50000172)
ARR 500009c2 (sz=12, trace=300000, nelems=6, elem type=char[])
OBJ 500009c3 (sz=16, trace=300160, class=java.lang.Object@50000172)
OBJ 500009c4 (sz=24, trace=300000, class=java.lang.String@5000016e)
	value		500009ce
OBJ 500009c5 (sz=16, trace=300157, class=java.lang.Object@50000172)
OBJ 500009c6 (sz=32, trace=300159, class=java.util.concurrent.ConcurrentHashMap$Node@50000024)
	key		50000b83
	val		500009c5
	next		50000d82
OBJ 500009c7 (sz=16, trace=300160, class=java.lang.Object@50000172)
OBJ 500009c8 (sz=32, trace=300159, class=java.util.concurrent.ConcurrentHashMap$Node@50000024)
	key		50000b83
	val		500009c7
	next		50000d84
OBJ 500009c9 (sz=16, trace=300157, class=java.lang.Object@50000172)
OBJ 500009ca (sz=24, trace=300000, class=java.lang.String@5000016e)
	value		500009cc
OBJ 500009cb (sz=16, trace=300160, class=java.lang.Object@50000172)
ARR 500009cc (sz=52, trace=300000, nelems=26, elem type=char[])
OBJ 500009cd (sz=16, trace=300157, class=java.lang.Object@50000172)
ARR 500009ce (sz=6, trace=300000, nelems=3, elem type=char[])
OBJ 500009cf (sz=16, trace=300160, class=java.lang.Object@50000172)
OBJ 500009d0 (sz=32, trace=300000, class=java.util.Hashtable$Entry@500000c0)
	key		500009ee
	value		500009ed
OBJ 500009d1 (sz=24, trace=300000, class=java.lang.String@5000016e)
	value		500009ec
OBJ 500009d2 (sz=24, trace=300000, class=java.lang.String@5000016e)
	value		500009d3
ARR 500009d3 (sz=18, trace=300000, nelems=9, elem type=char[])
OBJ 500009d5 (sz=24, trace=301035, class=com.sun.tools.javac.api.DiagnosticFormatter$Configuration$MultilineLimit@500009d4)
	name		50002c8f
OBJ 500009d6 (sz=24, trace=301036, class=com.sun.tools.javac.api.DiagnosticFormatter$Configuration$MultilineLimit@500009d4)
	name		50002c90
ARR 500009d8 (sz=24, trace=301037, nelems=2, elem type=com.sun.tools.javac.api.DiagnosticFormatter$Configuration$MultilineLimit[]@500009d7)
	[0]		500009d5
	[1]		500009d6
OBJ 500009d9 (sz=16, trace=300157, class=java.lang.Object@50000172)
OBJ 500009da (sz=32, trace=300159, class=java.util.concurrent.ConcurrentHashMap$Node@50000024)
	key		50000d15
	val		500009d9
OBJ 500009db (sz=16, trace=300160, class=java.lang.Object@50000172)
OBJ 500009dc (sz=32, trace=300159, class=java.util.concurrent.ConcurrentHashMap$Node@50000024)
	key		50000d15
	val		500009db
ARR 500009dd (sz=80, trace=301038, nelems=0, elem type=java.util.HashMap$Node[]@500000c2)
OBJ 500009de (sz=32, trace=300221, class=java.util.HashMap$Node@500000c4)
OBJ 500009df (sz=32, trace=300221, class=java.util.HashMap$Node@500000c4)
OBJ 500009e0 (sz=16, trace=300157, class=java.lang.Object@50000172)
OBJ 500009e1 (sz=32, trace=300159, class=java.util.concurrent.ConcurrentHashMap$Node@50000024)
	key		50000c00
	val		500009e0
OBJ 500009e2 (sz=16, trace=300160, class=java.lang.Object@50000172)
OBJ 500009e3 (sz=32, trace=300159, class=java.util.concurrent.ConcurrentHashMap$Node@50000024)
	key		50000c00
	val		500009e2
OBJ 500009e6 (sz=16, trace=301040, class=java.util.EnumMap$1@500009e5)
ARR 500009e7 (sz=16, trace=301041, nelems=0, elem type=java.lang.Enum[]@50000063)
OBJ 500009e8 (sz=16, trace=300157, class=java.lang.Object@50000172)
OBJ 500009e9 (sz=32, trace=300683, class=java.util.concurrent.ConcurrentHashMap$Node@50000024)
	key		50000ccf
	val		500009e8
OBJ 500009ea (sz=16, trace=300160, class=java.lang.Object@50000172)
OBJ 500009eb (sz=32, trace=300683, class=java.util.concurrent.ConcurrentHashMap$Node@50000024)
	key		50000ccf
	val		500009ea
ARR 500009ec (sz=16, trace=300000, nelems=8, elem type=char[])
OBJ 500009ed (sz=24, trace=300000, class=java.lang.String@5000016e)
	value		500009f0
OBJ 500009ee (sz=24, trace=300000, class=java.lang.String@5000016e)
	value		500009ef
ARR 500009ef (sz=30, trace=300000, nelems=15, elem type=char[])
ARR 500009f0 (sz=182, trace=300000, nelems=91, elem type=char[])
OBJ 500009f1 (sz=24, trace=300000, class=java.lang.String@5000016e)
	value		500009f4
OBJ 500009f2 (sz=24, trace=300000, class=java.lang.String@5000016e)
	value		500009f3
ARR 500009f3 (sz=58, trace=300000, nelems=29, elem type=char[])
ARR 500009f4 (sz=6, trace=300000, nelems=3, elem type=char[])
OBJ 500009f5 (sz=32, trace=300000, class=java.util.Hashtable$Entry@500000c0)
	key		500009fb
	value		5000078e
	next		500009fa
OBJ 500009f6 (sz=24, trace=300000, class=java.lang.String@5000016e)
	value		500009f9
OBJ 500009f7 (sz=24, trace=300000, class=java.lang.String@5000016e)
	value		500009f8
ARR 500009f8 (sz=38, trace=300000, nelems=19, elem type=char[])
ARR 500009f9 (sz=4, trace=300000, nelems=2, elem type=char[])
OBJ 500009fa (sz=32, trace=300000, class=java.util.Hashtable$Entry@500000c0)
	key		500009fe
	value		500009fd
OBJ 500009fb (sz=24, trace=300000, class=java.lang.String@5000016e)
	value		500009fc
ARR 500009fc (sz=18, trace=300000, nelems=9, elem type=char[])
OBJ 500009fd (sz=24, trace=300000, class=java.lang.String@5000016e)
	value		50000a00
OBJ 500009fe (sz=24, trace=300000, class=java.lang.String@5000016e)
	value		500009ff
ARR 500009ff (sz=32, trace=300000, nelems=16, elem type=char[])
ARR 50000a00 (sz=66, trace=300000, nelems=33, elem type=char[])
OBJ 50000a01 (sz=32, trace=300000, class=java.util.Hashtable$Entry@500000c0)
	key		50000a08
	value		50000a07
OBJ 50000a02 (sz=24, trace=300000, class=java.lang.String@5000016e)
	value		50000a05
OBJ 50000a03 (sz=24, trace=300000, class=java.lang.String@5000016e)
	value		50000a04
ARR 50000a04 (sz=50, trace=300000, nelems=25, elem type=char[])
ARR 50000a05 (sz=36, trace=300000, nelems=18, elem type=char[])
OBJ 50000a06 (sz=56, trace=300687, class=java.util.zip.ZipFile$ZipFileInputStream@5000055c)
OBJ 50000a07 (sz=24, trace=300000, class=java.lang.String@5000016e)
	value		50000a0a
OBJ 50000a08 (sz=24, trace=300000, class=java.lang.String@5000016e)
	value		50000a09
ARR 50000a09 (sz=26, trace=300000, nelems=13, elem type=char[])
ARR 50000a0a (sz=4, trace=300000, nelems=2, elem type=char[])
OBJ 50000a0b (sz=24, trace=300000, class=java.lang.String@5000016e)
	value		50000a0e
OBJ 50000a0c (sz=24, trace=300000, class=java.lang.String@5000016e)
	value		50000a0d
ARR 50000a0d (sz=22, trace=300000, nelems=11, elem type=char[])
ARR 50000a0e (sz=48, trace=300000, nelems=24, elem type=char[])
OBJ 50000a0f (sz=32, trace=300000, class=java.util.Hashtable$Entry@500000c0)
	key		50000a1c
	value		50000a1b
OBJ 50000a10 (sz=24, trace=300000, class=java.lang.String@5000016e)
	value		50000a15
OBJ 50000a11 (sz=24, trace=300000, class=java.lang.String@5000016e)
	value		50000a13
OBJ 50000a12 (sz=16, trace=300157, class=java.lang.Object@50000172)
ARR 50000a13 (sz=24, trace=300000, nelems=12, elem type=char[])
OBJ 50000a14 (sz=16, trace=300160, class=java.lang.Object@50000172)
ARR 50000a15 (sz=38, trace=300000, nelems=19, elem type=char[])
OBJ 50000a17 (sz=16, trace=300157, class=java.lang.Object@50000172)
OBJ 50000a18 (sz=32, trace=300159, class=java.util.concurrent.ConcurrentHashMap$Node@50000024)
	key		50000ce1
	val		50000a17
OBJ 50000a19 (sz=16, trace=300160, class=java.lang.Object@50000172)
OBJ 50000a1a (sz=32, trace=300159, class=java.util.concurrent.ConcurrentHashMap$Node@50000024)
	key		50000ce1
	val		50000a19
OBJ 50000a1b (sz=24, trace=300000, class=java.lang.String@5000016e)
	value		50000a1e
OBJ 50000a1c (sz=24, trace=300000, class=java.lang.String@5000016e)
	value		50000a1d
ARR 50000a1d (sz=54, trace=300000, nelems=27, elem type=char[])
ARR 50000a1e (sz=4, trace=300000, nelems=2, elem type=char[])
OBJ 50000a1f (sz=24, trace=300000, class=java.lang.String@5000016e)
	value		50000a22
OBJ 50000a20 (sz=24, trace=300000, class=java.lang.String@5000016e)
	value		50000a21
ARR 50000a21 (sz=24, trace=300000, nelems=12, elem type=char[])
ARR 50000a22 (sz=18, trace=300000, nelems=9, elem type=char[])
OBJ 50000a23 (sz=24, trace=300000, class=java.lang.String@5000016e)
	value		50000a26
OBJ 50000a24 (sz=24, trace=300000, class=java.lang.String@5000016e)
	value		50000a25
ARR 50000a25 (sz=26, trace=300000, nelems=13, elem type=char[])
ARR 50000a26 (sz=148, trace=300000, nelems=74, elem type=char[])
OBJ 50000a27 (sz=24, trace=300000, class=java.lang.String@5000016e)
	value		50000a2c
OBJ 50000a28 (sz=24, trace=300000, class=java.lang.String@5000016e)
	value		50000a29
ARR 50000a29 (sz=38, trace=300000, nelems=19, elem type=char[])
OBJ 50000a2a (sz=56, trace=300687, class=java.util.zip.ZipFile$ZipFileInputStream@5000055c)
	this$0		500004ec
OBJ 50000a2b (sz=40, trace=300106, class=java.lang.ref.Finalizer@5000014d)
	referent	50000a2a
	queue		500003aa
	next		500009ae
	prev		50000a96
ARR 50000a2c (sz=842, trace=300000, nelems=421, elem type=char[])
OBJ 50000a2d (sz=24, trace=300000, class=java.lang.String@5000016e)
	value		50000a30
OBJ 50000a2e (sz=24, trace=300000, class=java.lang.String@5000016e)
	value		50000a2f
ARR 50000a2f (sz=22, trace=300000, nelems=11, elem type=char[])
ARR 50000a30 (sz=36, trace=300000, nelems=18, elem type=char[])
OBJ 50000a31 (sz=24, trace=300000, class=java.lang.String@5000016e)
	value		50000a34
OBJ 50000a32 (sz=24, trace=300000, class=java.lang.String@5000016e)
	value		50000a33
ARR 50000a33 (sz=28, trace=300000, nelems=14, elem type=char[])
ARR 50000a34 (sz=2, trace=300000, nelems=1, elem type=char[])
OBJ 50000a35 (sz=24, trace=300000, class=java.lang.String@5000016e)
	value		50000a3a
OBJ 50000a36 (sz=24, trace=300000, class=java.lang.String@5000016e)
	value		50000a39
OBJ 50000a38 (sz=40, trace=301042, class=java.util.EnumMap@500009e4)
ARR 50000a39 (sz=38, trace=300000, nelems=19, elem type=char[])
ARR 50000a3a (sz=70, trace=300000, nelems=35, elem type=char[])
OBJ 50000a3b (sz=24, trace=300000, class=java.lang.String@5000016e)
	value		50000a58
OBJ 50000a3c (sz=56, trace=300679, class=java.lang.Class$ReflectionData@500000a5)
OBJ 50000a3d (sz=40, trace=300040, class=java.lang.ref.SoftReference@50000152)
OBJ 50000a3e (sz=88, trace=300681, class=java.lang.reflect.Method@5000013e)
OBJ 50000a3f (sz=24, trace=300000, class=java.lang.String@5000016e)
	value		50000a40
ARR 50000a40 (sz=62, trace=300000, nelems=31, elem type=char[])
OBJ 50000a41 (sz=24, trace=300811, class=sun.reflect.NativeMethodAccessorImpl@5000162e)
OBJ 50000a42 (sz=16, trace=300813, class=sun.reflect.DelegatingMethodAccessorImpl@50001630)
OBJ 50000a43 (sz=24, trace=301046, class=com.sun.tools.javac.util.BasicDiagnosticFormatter$BasicConfiguration$BasicFormatKind@50000a37)
	name		50002ca1
OBJ 50000a44 (sz=24, trace=301047, class=com.sun.tools.javac.util.BasicDiagnosticFormatter$BasicConfiguration$BasicFormatKind@50000a37)
	name		50002ca0
OBJ 50000a45 (sz=24, trace=301048, class=com.sun.tools.javac.util.BasicDiagnosticFormatter$BasicConfiguration$BasicFormatKind@50000a37)
	name		50002c9f
OBJ 50000a47 (sz=24, trace=300369, class=java.lang.String@5000016e)
	value		50000a48
ARR 50000a48 (sz=60, trace=300370, nelems=30, elem type=char[])
ARR 50000a49 (sz=32, trace=301049, nelems=3, elem type=com.sun.tools.javac.util.BasicDiagnosticFormatter$BasicConfiguration$BasicFormatKind[]@50000a46)
	[0]		50000a43
	[1]		50000a44
	[2]		50000a45
ARR 50000a4a (sz=32, trace=301050, nelems=0, elem type=java.lang.Object[]@50000108)
OBJ 50000a4b (sz=48, trace=301051, class=java.util.HashMap@500000c6)
ARR 50000a4c (sz=80, trace=301052, nelems=0, elem type=java.util.HashMap$Node[]@500000c2)
OBJ 50000a4d (sz=32, trace=300221, class=java.util.HashMap$Node@500000c4)
OBJ 50000a4e (sz=32, trace=300222, class=java.util.HashMap$Node@500000c4)
OBJ 50000a4f (sz=32, trace=300221, class=java.util.HashMap$Node@500000c4)
OBJ 50000a50 (sz=32, trace=300221, class=java.util.HashMap$Node@500000c4)
OBJ 50000a51 (sz=32, trace=301053, class=com.sun.tools.javac.util.BasicDiagnosticFormatter@50000374)
OBJ 50000a52 (sz=16, trace=300157, class=java.lang.Object@50000172)
OBJ 50000a53 (sz=32, trace=300683, class=java.util.concurrent.ConcurrentHashMap$Node@50000024)
	key		50000d01
	val		50000a52
OBJ 50000a54 (sz=16, trace=300160, class=java.lang.Object@50000172)
OBJ 50000a55 (sz=56, trace=300443, class=java.lang.Package@500005db)
	pkgName		50000a47
	loader		500003b4
OBJ 50000a56 (sz=32, trace=300221, class=java.util.HashMap$Node@500000c4)
	key		50000a47
	value		50000a55
OBJ 50000a57 (sz=32, trace=300683, class=java.util.concurrent.ConcurrentHashMap$Node@50000024)
	key		50000d01
	val		50000a54
ARR 50000a58 (sz=10, trace=300000, nelems=5, elem type=char[])
OBJ 50000a59 (sz=32, trace=300000, class=java.util.Hashtable$Entry@500000c0)
	key		50000a63
	value		50000a5f
OBJ 50000a5a (sz=56, trace=300687, class=java.util.zip.ZipFile$ZipFileInputStream@5000055c)
OBJ 50000a5b (sz=24, trace=300000, class=java.lang.String@5000016e)
	value		50000a5e
OBJ 50000a5c (sz=24, trace=300000, class=java.lang.String@5000016e)
	value		50000a5d
ARR 50000a5d (sz=28, trace=300000, nelems=14, elem type=char[])
ARR 50000a5e (sz=12, trace=300000, nelems=6, elem type=char[])
OBJ 50000a5f (sz=24, trace=300000, class=java.lang.String@5000016e)
	value		50000a65
OBJ 50000a60 (sz=24, trace=300668, class=java.lang.String@5000016e)
	value		50000a61
ARR 50000a61 (sz=60, trace=300669, nelems=30, elem type=char[])
OBJ 50000a62 (sz=32, trace=300671, class=java.util.concurrent.ConcurrentHashMap$Node@50000024)
	key		50000a60
	val		50000a87
OBJ 50000a63 (sz=24, trace=300000, class=java.lang.String@5000016e)
	value		50000a64
ARR 50000a64 (sz=46, trace=300000, nelems=23, elem type=char[])
ARR 50000a65 (sz=26, trace=300000, nelems=13, elem type=char[])
OBJ 50000a66 (sz=24, trace=300000, class=java.lang.String@5000016e)
	value		50000a6c
OBJ 50000a68 (sz=16, trace=300157, class=java.lang.Object@50000172)
OBJ 50000a69 (sz=24, trace=300000, class=java.lang.String@5000016e)
	value		50000a6b
OBJ 50000a6a (sz=16, trace=300160, class=java.lang.Object@50000172)
ARR 50000a6b (sz=22, trace=300000, nelems=11, elem type=char[])
ARR 50000a6c (sz=14, trace=300000, nelems=7, elem type=char[])
OBJ 50000a6d (sz=24, trace=300000, class=java.lang.String@5000016e)
	value		50000a70
OBJ 50000a6e (sz=24, trace=300000, class=java.lang.String@5000016e)
	value		50000a6f
ARR 50000a6f (sz=30, trace=300000, nelems=15, elem type=char[])
ARR 50000a70 (sz=10, trace=300000, nelems=5, elem type=char[])
ARR 50000a71 (sz=32, trace=300000, nelems=16, elem type=char[])
OBJ 50000a72 (sz=24, trace=300000, class=java.util.Collections$EmptyMap@500000d6)
OBJ 50000a73 (sz=16, trace=300000, class=java.util.Collections$EmptyList@500000d8)
OBJ 50000a74 (sz=16, trace=300000, class=java.util.Collections$EmptySet@500000d9)
OBJ 50000a75 (sz=24, trace=300000, class=java.lang.String@5000016e)
	value		50000a79
OBJ 50000a76 (sz=16, trace=300000, class=java.lang.Boolean@50000111)
OBJ 50000a77 (sz=16, trace=300000, class=java.lang.Boolean@50000111)
ARR 50000a78 (sz=8, trace=300000, nelems=4, elem type=char[])
ARR 50000a79 (sz=14, trace=300000, nelems=7, elem type=char[])
OBJ 50000a7a (sz=24, trace=300000, class=java.lang.String@5000016e)
	value		50000a7b
ARR 50000a7b (sz=12, trace=300000, nelems=6, elem type=char[])
OBJ 50000a7c (sz=24, trace=300000, class=java.lang.String@5000016e)
	value		50000a7d
ARR 50000a7d (sz=70, trace=300000, nelems=35, elem type=char[])
OBJ 50000a7e (sz=24, trace=300000, class=java.lang.String@5000016e)
	value		500016bf
OBJ 50000a7f (sz=24, trace=300000, class=java.lang.String@5000016e)
	value		50002d26
OBJ 50000a80 (sz=24, trace=300000, class=java.lang.String@5000016e)
	value		50002d25
OBJ 50000a81 (sz=24, trace=300000, class=java.lang.String@5000016e)
	value		50002d24
ARR 50000a82 (sz=24, trace=300000, nelems=1, elem type=java.lang.String[]@500000c8)
	[0]		500008f7
ARR 50000a83 (sz=136, trace=300000, nelems=30, elem type=java.lang.String[]@500000c8)
	[0]		50002cdd
	[1]		50002cde
	[2]		50002cdf
	[3]		50002ce0
	[4]		50002ce1
	[5]		50002ce2
	[6]		50002ce3
	[7]		50002ce4
	[8]		50002ce5
	[9]		50002ce6
	[10]		50002ce7
	[11]		50002ce8
	[12]		50002ce9
	[13]		50002cea
	[14]		50002ceb
	[15]		50002cec
	[16]		50002ced
	[17]		50002cee
	[18]		50002cef
	[19]		50002cf0
	[20]		50002cf1
	[21]		50002cf2
	[22]		50002cf3
	[23]		50002cf4
	[24]		50002cf5
	[25]		50002cf6
	[26]		50002cf7
	[27]		50002cf8
	[28]		50000a7e
	[29]		50002cf9
OBJ 50000a84 (sz=32, trace=300000, class=java.util.Stack@500000e2)
	elementData	50002cdc
OBJ 50000a85 (sz=32, trace=300000, class=java.util.Vector@500000e3)
	elementData	50002cda
OBJ 50000a86 (sz=32, trace=300000, class=java.util.Vector@500000e3)
	elementData	50002cd9
ARR 50000a87 (sz=16, trace=300000, nelems=0, elem type=java.security.cert.Certificate[]@500000ea)
OBJ 50000a88 (sz=48, trace=300000, class=sun.misc.URLClassPath@50000004)
	path		50002cd0
	urls		50002ccf
	loaders		50002cce
	lmap		50002ccd
	jarHandler	50002ccc
	acc		50000a8a
OBJ 50000a89 (sz=48, trace=300000, class=java.util.WeakHashMap@5000009b)
	table		50002cd7
	queue		50002cd6
OBJ 50000a8a (sz=40, trace=300000, class=java.security.AccessControlContext@5000015f)
OBJ 50000a8b (sz=48, trace=300000, class=java.util.HashMap@500000c6)
	table		50000842
OBJ 50000a8c (sz=16, trace=300000, class=java.lang.Object@50000172)
OBJ 50000a8d (sz=32, trace=300000, class=java.util.Vector@500000e3)
	elementData	50002ccb
OBJ 50000a8e (sz=48, trace=300000, class=java.util.HashMap@500000c6)
	table		50001278
OBJ 50000a8f (sz=24, trace=300000, class=java.util.Collections$SynchronizedSet@500000ba)
	c		50002cc9
	mutex		50000a8f
OBJ 50000a90 (sz=40, trace=300000, class=java.security.ProtectionDomain@50000160)
	codesource	50002cc8
	classloader	500003b4
	principals	50002cc7
	key		50002cc6
OBJ 50000a91 (sz=32, trace=300000, class=java.util.Vector@500000e3)
	elementData	50000836
OBJ 50000a92 (sz=64, trace=300000, class=java.util.concurrent.ConcurrentHashMap@5000002b)
	table		5000122b
OBJ 50000a93 (sz=64, trace=300000, class=java.util.concurrent.ConcurrentHashMap@5000002b)
	table		5000111a
OBJ 50000a94 (sz=48, trace=300000, class=java.util.WeakHashMap@5000009b)
	table		500018e2
	queue		500018e1
OBJ 50000a95 (sz=56, trace=300687, class=java.util.zip.ZipFile$ZipFileInputStream@5000055c)
	this$0		500004ec
OBJ 50000a96 (sz=40, trace=300106, class=java.lang.ref.Finalizer@5000014d)
	referent	50000a95
	queue		500003aa
	next		50000a2b
	prev		50000b0b
OBJ 50000a97 (sz=40, trace=300000, class=java.security.AccessControlContext@5000015f)
OBJ 50000a98 (sz=48, trace=300000, class=sun.misc.URLClassPath@50000004)
	path		500018a1
	urls		5000189d
	loaders		5000189c
	lmap		5000189b
	jarHandler	5000189a
	acc		50000a97
OBJ 50000a99 (sz=48, trace=300000, class=java.util.HashMap@500000c6)
OBJ 50000a9a (sz=16, trace=300000, class=java.lang.Object@50000172)
OBJ 50000a9b (sz=32, trace=300000, class=java.util.Vector@500000e3)
	elementData	50001897
OBJ 50000a9c (sz=48, trace=300000, class=java.util.HashMap@500000c6)
OBJ 50000a9d (sz=24, trace=300000, class=java.util.Collections$SynchronizedSet@500000ba)
	c		50001892
	mutex		50000a9d
OBJ 50000a9e (sz=40, trace=300000, class=java.security.ProtectionDomain@50000160)
	codesource	50000ed5
	classloader	500003b9
	principals	50000ed3
	key		50000ecd
OBJ 50000a9f (sz=32, trace=300000, class=java.util.Vector@500000e3)
	elementData	50000ecc
OBJ 50000aa0 (sz=64, trace=300000, class=java.util.concurrent.ConcurrentHashMap@5000002b)
OBJ 50000aa1 (sz=56, trace=300687, class=java.util.zip.ZipFile$ZipFileInputStream@5000055c)
OBJ 50000aa2 (sz=64, trace=300000, class=java.util.concurrent.ConcurrentHashMap@5000002b)
	table		50001143
OBJ 50000aa3 (sz=24, trace=300000, class=java.lang.String@5000016e)
	value		50000aa4
ARR 50000aa4 (sz=68, trace=300000, nelems=34, elem type=char[])
OBJ 50000aa5 (sz=24, trace=300000, class=java.lang.String@5000016e)
	value		50000aaf
OBJ 50000aa6 (sz=16, trace=300157, class=java.lang.Object@50000172)
OBJ 50000aa7 (sz=32, trace=300159, class=java.util.concurrent.ConcurrentHashMap$Node@50000024)
	key		50000cfd
	val		50000aa6
OBJ 50000aa8 (sz=16, trace=300160, class=java.lang.Object@50000172)
OBJ 50000aa9 (sz=32, trace=300159, class=java.util.concurrent.ConcurrentHashMap$Node@50000024)
	key		50000cfd
	val		50000aa8
OBJ 50000aac (sz=16, trace=300157, class=java.lang.Object@50000172)
OBJ 50000aae (sz=16, trace=300157, class=java.lang.Object@50000172)
ARR 50000aaf (sz=42, trace=300000, nelems=21, elem type=char[])
OBJ 50000ab0 (sz=16, trace=300160, class=java.lang.Object@50000172)
OBJ 50000ab1 (sz=24, trace=300000, class=java.lang.String@5000016e)
	value		50000aba
OBJ 50000ab2 (sz=16, trace=300157, class=java.lang.Object@50000172)
OBJ 50000ab3 (sz=32, trace=300683, class=java.util.concurrent.ConcurrentHashMap$Node@50000024)
	key		50000c57
	val		50000aac
	next		50001232
OBJ 50000ab4 (sz=16, trace=300160, class=java.lang.Object@50000172)
OBJ 50000ab5 (sz=16, trace=300160, class=java.lang.Object@50000172)
OBJ 50000ab7 (sz=16, trace=300157, class=java.lang.Object@50000172)
OBJ 50000ab8 (sz=32, trace=300683, class=java.util.concurrent.ConcurrentHashMap$Node@50000024)
	key		50000d03
	val		50000ab7
	next		50001689
OBJ 50000ab9 (sz=32, trace=300683, class=java.util.concurrent.ConcurrentHashMap$Node@50000024)
	key		50000c57
	val		50000ab5
	next		50001234
ARR 50000aba (sz=70, trace=300000, nelems=35, elem type=char[])
OBJ 50000abb (sz=24, trace=300000, class=java.lang.String@5000016e)
	value		50000abd
OBJ 50000abc (sz=32, trace=300696, class=java.util.concurrent.ConcurrentHashMap$Node@50000024)
	key		50000b04
	val		500008d0
	next		50000ae3
ARR 50000abd (sz=98, trace=300000, nelems=49, elem type=char[])
OBJ 50000abe (sz=24, trace=300000, class=java.lang.String@5000016e)
	value		50000abf
ARR 50000abf (sz=68, trace=300000, nelems=34, elem type=char[])
OBJ 50000ac0 (sz=24, trace=300000, class=java.lang.String@5000016e)
	value		50000ac4
OBJ 50000ac1 (sz=32, trace=300696, class=java.util.concurrent.ConcurrentHashMap$Node@50000024)
	key		50000be6
	val		5000095d
OBJ 50000ac2 (sz=16, trace=300160, class=java.lang.Object@50000172)
OBJ 50000ac3 (sz=32, trace=300683, class=java.util.concurrent.ConcurrentHashMap$Node@50000024)
	key		50000d03
	val		50000ac2
	next		5000168b
ARR 50000ac4 (sz=68, trace=300000, nelems=34, elem type=char[])
OBJ 50000ac5 (sz=24, trace=300000, class=java.lang.String@5000016e)
	value		50000ac6
ARR 50000ac6 (sz=68, trace=300000, nelems=34, elem type=char[])
OBJ 50000ac7 (sz=32, trace=300696, class=java.util.concurrent.ConcurrentHashMap$Node@50000024)
	key		50000b04
	val		500008d2
	next		50000ae5
OBJ 50000ac8 (sz=24, trace=300000, class=java.lang.String@5000016e)
	value		50000ac9
ARR 50000ac9 (sz=68, trace=300000, nelems=34, elem type=char[])
OBJ 50000aca (sz=24, trace=300000, class=java.lang.String@5000016e)
	value		50000acb
ARR 50000acb (sz=64, trace=300000, nelems=32, elem type=char[])
OBJ 50000acc (sz=32, trace=300696, class=java.util.concurrent.ConcurrentHashMap$Node@50000024)
	key		50000be6
	val		5000095f
OBJ 50000acd (sz=16, trace=300157, class=java.lang.Object@50000172)
OBJ 50000ace (sz=24, trace=300000, class=java.lang.String@5000016e)
	value		50000ad0
OBJ 50000acf (sz=16, trace=300160, class=java.lang.Object@50000172)
ARR 50000ad0 (sz=68, trace=300000, nelems=34, elem type=char[])
OBJ 50000ad1 (sz=16, trace=300157, class=java.lang.Object@50000172)
OBJ 50000ad2 (sz=32, trace=300683, class=java.util.concurrent.ConcurrentHashMap$Node@50000024)
	key		50000b7e
	val		50000ad1
OBJ 50000ad3 (sz=16, trace=300160, class=java.lang.Object@50000172)
OBJ 50000ad4 (sz=32, trace=300683, class=java.util.concurrent.ConcurrentHashMap$Node@50000024)
	key		50000b7e
	val		50000ad3
OBJ 50000ad6 (sz=16, trace=300157, class=java.lang.Object@50000172)
OBJ 50000ad7 (sz=32, trace=300683, class=java.util.concurrent.ConcurrentHashMap$Node@50000024)
	key		50000b72
	val		50000ad6
OBJ 50000ad8 (sz=16, trace=300160, class=java.lang.Object@50000172)
OBJ 50000ad9 (sz=32, trace=300683, class=java.util.concurrent.ConcurrentHashMap$Node@50000024)
	key		50000b72
	val		50000ad8
OBJ 50000ada (sz=16, trace=300157, class=java.lang.Object@50000172)
OBJ 50000adb (sz=32, trace=300159, class=java.util.concurrent.ConcurrentHashMap$Node@50000024)
	key		50000c87
	val		50000ada
OBJ 50000adc (sz=16, trace=300160, class=java.lang.Object@50000172)
OBJ 50000add (sz=32, trace=300159, class=java.util.concurrent.ConcurrentHashMap$Node@50000024)
	key		50000c87
	val		50000adc
OBJ 50000ade (sz=16, trace=300157, class=java.lang.Object@50000172)
OBJ 50000adf (sz=24, trace=300000, class=java.lang.String@5000016e)
	value		50000ae1
OBJ 50000ae0 (sz=16, trace=300160, class=java.lang.Object@50000172)
ARR 50000ae1 (sz=68, trace=300000, nelems=34, elem type=char[])
OBJ 50000ae2 (sz=16, trace=300157, class=java.lang.Object@50000172)
OBJ 50000ae3 (sz=32, trace=300683, class=java.util.concurrent.ConcurrentHashMap$Node@50000024)
	key		50000b06
	val		50000ae2
OBJ 50000ae4 (sz=16, trace=300160, class=java.lang.Object@50000172)
OBJ 50000ae5 (sz=32, trace=300683, class=java.util.concurrent.ConcurrentHashMap$Node@50000024)
	key		50000b06
	val		50000ae4
OBJ 50000ae6 (sz=24, trace=300000, class=java.lang.String@5000016e)
	value		50000ae7
ARR 50000ae7 (sz=68, trace=300000, nelems=34, elem type=char[])
OBJ 50000ae8 (sz=24, trace=300000, class=java.lang.String@5000016e)
	value		50000ae9
ARR 50000ae9 (sz=68, trace=300000, nelems=34, elem type=char[])
OBJ 50000aea (sz=24, trace=300000, class=java.lang.String@5000016e)
	value		50000aeb
ARR 50000aeb (sz=56, trace=300000, nelems=28, elem type=char[])
OBJ 50000aec (sz=24, trace=300000, class=java.lang.String@5000016e)
	value		50000aed
ARR 50000aed (sz=62, trace=300000, nelems=31, elem type=char[])
OBJ 50000aee (sz=24, trace=300000, class=java.lang.String@5000016e)
	value		50000aef
ARR 50000aef (sz=136, trace=300000, nelems=68, elem type=char[])
OBJ 50000af0 (sz=24, trace=300000, class=java.lang.String@5000016e)
	value		50000af1
ARR 50000af1 (sz=72, trace=300000, nelems=36, elem type=char[])
OBJ 50000af2 (sz=24, trace=300000, class=java.lang.String@5000016e)
	value		50000af3
ARR 50000af3 (sz=36, trace=300000, nelems=18, elem type=char[])
OBJ 50000af4 (sz=24, trace=300000, class=java.lang.String@5000016e)
	value		50000af5
ARR 50000af5 (sz=72, trace=300000, nelems=36, elem type=char[])
OBJ 50000af6 (sz=24, trace=300000, class=java.lang.String@5000016e)
	value		50000af7
ARR 50000af7 (sz=60, trace=300000, nelems=30, elem type=char[])
OBJ 50000af8 (sz=24, trace=300000, class=java.lang.String@5000016e)
	value		50000af9
ARR 50000af9 (sz=36, trace=300000, nelems=18, elem type=char[])
OBJ 50000afa (sz=24, trace=300000, class=java.lang.String@5000016e)
	value		50000afb
ARR 50000afb (sz=90, trace=300000, nelems=45, elem type=char[])
OBJ 50000afc (sz=24, trace=300000, class=java.lang.String@5000016e)
	value		50000afd
ARR 50000afd (sz=40, trace=300000, nelems=20, elem type=char[])
OBJ 50000afe (sz=24, trace=300000, class=java.lang.String@5000016e)
	value		50000aff
ARR 50000aff (sz=88, trace=300000, nelems=44, elem type=char[])
OBJ 50000b00 (sz=24, trace=300000, class=java.lang.String@5000016e)
	value		50000b01
ARR 50000b01 (sz=86, trace=300000, nelems=43, elem type=char[])
OBJ 50000b02 (sz=24, trace=300000, class=java.lang.String@5000016e)
	value		50000b03
ARR 50000b03 (sz=144, trace=300000, nelems=72, elem type=char[])
OBJ 50000b04 (sz=24, trace=300000, class=java.lang.String@5000016e)
	value		50000b05
ARR 50000b05 (sz=74, trace=300000, nelems=37, elem type=char[])
OBJ 50000b06 (sz=24, trace=300000, class=java.lang.String@5000016e)
	value		50000b07
ARR 50000b07 (sz=60, trace=300000, nelems=30, elem type=char[])
OBJ 50000b08 (sz=24, trace=300000, class=java.lang.String@5000016e)
	value		50000b09
ARR 50000b09 (sz=68, trace=300000, nelems=34, elem type=char[])
OBJ 50000b0a (sz=56, trace=300687, class=java.util.zip.ZipFile$ZipFileInputStream@5000055c)
	this$0		500004ec
OBJ 50000b0b (sz=40, trace=300106, class=java.lang.ref.Finalizer@5000014d)
	referent	50000b0a
	queue		500003aa
	next		50000a96
	prev		50000b75
OBJ 50000b0c (sz=24, trace=300000, class=java.lang.String@5000016e)
	value		50000b0d
ARR 50000b0d (sz=68, trace=300000, nelems=34, elem type=char[])
OBJ 50000b0e (sz=24, trace=300000, class=java.lang.String@5000016e)
	value		50000b0f
ARR 50000b0f (sz=68, trace=300000, nelems=34, elem type=char[])
OBJ 50000b10 (sz=24, trace=300000, class=java.lang.String@5000016e)
	value		50000b11
ARR 50000b11 (sz=68, trace=300000, nelems=34, elem type=char[])
OBJ 50000b12 (sz=24, trace=300369, class=java.lang.String@5000016e)
	value		50000b13
ARR 50000b13 (sz=46, trace=300370, nelems=23, elem type=char[])
OBJ 50000b14 (sz=24, trace=300000, class=java.lang.String@5000016e)
	value		50000b15
ARR 50000b15 (sz=68, trace=300000, nelems=34, elem type=char[])
OBJ 50000b16 (sz=24, trace=300000, class=java.lang.String@5000016e)
	value		50000b17
ARR 50000b17 (sz=68, trace=300000, nelems=34, elem type=char[])
OBJ 50000b18 (sz=24, trace=300000, class=java.lang.String@5000016e)
	value		50000b19
ARR 50000b19 (sz=68, trace=300000, nelems=34, elem type=char[])
OBJ 50000b1a (sz=16, trace=300157, class=java.lang.Object@50000172)
OBJ 50000b1b (sz=32, trace=300683, class=java.util.concurrent.ConcurrentHashMap$Node@50000024)
	key		50000d13
	val		50000b1a
OBJ 50000b1c (sz=16, trace=300160, class=java.lang.Object@50000172)
OBJ 50000b1d (sz=32, trace=300683, class=java.util.concurrent.ConcurrentHashMap$Node@50000024)
	key		50000d13
	val		50000b1c
OBJ 50000b20 (sz=56, trace=300443, class=java.lang.Package@500005db)
	pkgName		50000b12
	loader		500003b4
OBJ 50000b21 (sz=32, trace=300221, class=java.util.HashMap$Node@500000c4)
	key		50000b12
	value		50000b20
	next		50000757
OBJ 50000b22 (sz=16, trace=300157, class=java.lang.Object@50000172)
OBJ 50000b23 (sz=32, trace=300159, class=java.util.concurrent.ConcurrentHashMap$Node@50000024)
	key		50000caa
	val		50000b22
OBJ 50000b24 (sz=16, trace=300160, class=java.lang.Object@50000172)
OBJ 50000b25 (sz=56, trace=300687, class=java.util.zip.ZipFile$ZipFileInputStream@5000055c)
OBJ 50000b26 (sz=24, trace=300000, class=java.lang.String@5000016e)
	value		50000b28
OBJ 50000b27 (sz=32, trace=300159, class=java.util.concurrent.ConcurrentHashMap$Node@50000024)
	key		50000caa
	val		50000b24
ARR 50000b28 (sz=68, trace=300000, nelems=34, elem type=char[])
OBJ 50000b29 (sz=24, trace=300000, class=java.lang.String@5000016e)
	value		50000b2a
ARR 50000b2a (sz=36, trace=300000, nelems=18, elem type=char[])
OBJ 50000b2b (sz=24, trace=300000, class=java.lang.String@5000016e)
	value		50000b2c
ARR 50000b2c (sz=34, trace=300000, nelems=17, elem type=char[])
OBJ 50000b2d (sz=24, trace=300668, class=java.lang.String@5000016e)
	value		50000b2e
ARR 50000b2e (sz=46, trace=300669, nelems=23, elem type=char[])
OBJ 50000b2f (sz=32, trace=300671, class=java.util.concurrent.ConcurrentHashMap$Node@50000024)
	key		50000b2d
	val		50000a87
	next		5000076a
OBJ 50000b30 (sz=24, trace=300000, class=java.lang.String@5000016e)
	value		50000b31
ARR 50000b31 (sz=106, trace=300000, nelems=53, elem type=char[])
OBJ 50000b32 (sz=24, trace=300000, class=java.lang.String@5000016e)
	value		50000b33
ARR 50000b33 (sz=68, trace=300000, nelems=34, elem type=char[])
OBJ 50000b35 (sz=16, trace=300157, class=java.lang.Object@50000172)
OBJ 50000b36 (sz=32, trace=300159, class=java.util.concurrent.ConcurrentHashMap$Node@50000024)
	key		50000c26
	val		50000b35
OBJ 50000b37 (sz=16, trace=300160, class=java.lang.Object@50000172)
OBJ 50000b38 (sz=32, trace=300159, class=java.util.concurrent.ConcurrentHashMap$Node@50000024)
	key		50000c26
	val		50000b37
OBJ 50000b39 (sz=24, trace=300697, class=java.io.OutputStreamWriter@50000090)
ARR 50000b3a (sz=24, trace=300136, nelems=2, elem type=java.lang.Object[]@50000108)
	[0]		500012e8
	[1]		500013ff
OBJ 50000b3b (sz=24, trace=300000, class=java.lang.String@5000016e)
	value		50000b43
OBJ 50000b3c (sz=64, trace=300699, class=sun.nio.cs.SingleByte$Encoder@50000078)
ARR 50000b3d (sz=24, trace=300142, nelems=0, elem type=byte[])
OBJ 50000b3e (sz=48, trace=300700, class=sun.nio.cs.StreamEncoder@5000008f)
ARR 50000b3f (sz=8208, trace=300701, nelems=0, elem type=byte[])
OBJ 50000b40 (sz=48, trace=300192, class=java.nio.HeapByteBuffer@50000075)
OBJ 50000b41 (sz=40, trace=300702, class=java.io.BufferedWriter@5000006f)
ARR 50000b42 (sz=16400, trace=300703, nelems=0, elem type=char[])
ARR 50000b43 (sz=68, trace=300000, nelems=34, elem type=char[])
OBJ 50000b44 (sz=40, trace=300705, class=java.io.PrintWriter@50000867)
OBJ 50000b45 (sz=24, trace=300000, class=java.lang.String@5000016e)
	value		50000b4b
OBJ 50000b46 (sz=56, trace=300707, class=com.sun.tools.javac.main.Main@500008c7)
OBJ 50000b47 (sz=16, trace=300157, class=java.lang.Object@50000172)
OBJ 50000b48 (sz=32, trace=300683, class=java.util.concurrent.ConcurrentHashMap$Node@50000024)
	key		50000b64
	val		50000b47
	next		500013df
OBJ 50000b49 (sz=16, trace=300160, class=java.lang.Object@50000172)
OBJ 50000b4a (sz=32, trace=300683, class=java.util.concurrent.ConcurrentHashMap$Node@50000024)
	key		50000b64
	val		50000b49
	next		500013e1
ARR 50000b4b (sz=112, trace=300000, nelems=56, elem type=char[])
OBJ 50000b4c (sz=24, trace=300000, class=java.lang.String@5000016e)
	value		50000b4d
ARR 50000b4d (sz=84, trace=300000, nelems=42, elem type=char[])
OBJ 50000b4e (sz=24, trace=300000, class=java.lang.String@5000016e)
	value		50000b4f
ARR 50000b4f (sz=58, trace=300000, nelems=29, elem type=char[])
OBJ 50000b50 (sz=24, trace=300000, class=java.lang.String@5000016e)
	value		50000b51
ARR 50000b51 (sz=72, trace=300000, nelems=36, elem type=char[])
OBJ 50000b52 (sz=24, trace=300000, class=java.lang.String@5000016e)
	value		50000b53
ARR 50000b53 (sz=64, trace=300000, nelems=32, elem type=char[])
OBJ 50000b54 (sz=24, trace=300000, class=java.lang.String@5000016e)
	value		50000b55
ARR 50000b55 (sz=96, trace=300000, nelems=48, elem type=char[])
OBJ 50000b56 (sz=24, trace=300000, class=java.lang.String@5000016e)
	value		50000b57
ARR 50000b57 (sz=28, trace=300000, nelems=14, elem type=char[])
OBJ 50000b58 (sz=24, trace=300000, class=java.lang.String@5000016e)
	value		50000b59
ARR 50000b59 (sz=66, trace=300000, nelems=33, elem type=char[])
OBJ 50000b5a (sz=24, trace=300000, class=java.lang.String@5000016e)
	value		50000b5b
ARR 50000b5b (sz=28, trace=300000, nelems=14, elem type=char[])
OBJ 50000b5c (sz=24, trace=300000, class=java.lang.String@5000016e)
	value		50000b5d
ARR 50000b5d (sz=104, trace=300000, nelems=52, elem type=char[])
OBJ 50000b5e (sz=24, trace=300000, class=java.lang.String@5000016e)
	value		50000b5f
ARR 50000b5f (sz=58, trace=300000, nelems=29, elem type=char[])
OBJ 50000b60 (sz=24, trace=300000, class=java.lang.String@5000016e)
	value		50000b61
ARR 50000b61 (sz=88, trace=300000, nelems=44, elem type=char[])
OBJ 50000b62 (sz=24, trace=300000, class=java.lang.String@5000016e)
	value		50000b63
ARR 50000b63 (sz=38, trace=300000, nelems=19, elem type=char[])
OBJ 50000b64 (sz=24, trace=300000, class=java.lang.String@5000016e)
	value		50000b65
ARR 50000b65 (sz=62, trace=300000, nelems=31, elem type=char[])
OBJ 50000b66 (sz=24, trace=300000, class=java.lang.String@5000016e)
	value		50000b67
ARR 50000b67 (sz=62, trace=300000, nelems=31, elem type=char[])
OBJ 50000b68 (sz=24, trace=300000, class=java.lang.String@5000016e)
	value		50000b69
ARR 50000b69 (sz=58, trace=300000, nelems=29, elem type=char[])
OBJ 50000b6a (sz=24, trace=300000, class=java.lang.String@5000016e)
	value		50000b6b
ARR 50000b6b (sz=84, trace=300000, nelems=42, elem type=char[])
OBJ 50000b6c (sz=24, trace=300000, class=java.lang.String@5000016e)
	value		50000b6d
ARR 50000b6d (sz=68, trace=300000, nelems=34, elem type=char[])
OBJ 50000b6e (sz=24, trace=300000, class=java.lang.String@5000016e)
	value		50000b6f
ARR 50000b6f (sz=44, trace=300000, nelems=22, elem type=char[])
OBJ 50000b70 (sz=24, trace=300000, class=java.lang.String@5000016e)
	value		50000b71
ARR 50000b71 (sz=28, trace=300000, nelems=14, elem type=char[])
OBJ 50000b72 (sz=24, trace=300000, class=java.lang.String@5000016e)
	value		50000b73
ARR 50000b73 (sz=60, trace=300000, nelems=30, elem type=char[])
OBJ 50000b74 (sz=56, trace=300687, class=java.util.zip.ZipFile$ZipFileInputStream@5000055c)
	this$0		500004ec
OBJ 50000b75 (sz=40, trace=300106, class=java.lang.ref.Finalizer@5000014d)
	referent	50000b74
	queue		500003aa
	next		50000b0b
	prev		50000bc4
OBJ 50000b76 (sz=24, trace=300000, class=java.lang.String@5000016e)
	value		50000b77
ARR 50000b77 (sz=84, trace=300000, nelems=42, elem type=char[])
OBJ 50000b78 (sz=24, trace=300000, class=java.lang.String@5000016e)
	value		50000b79
ARR 50000b79 (sz=66, trace=300000, nelems=33, elem type=char[])
OBJ 50000b7a (sz=24, trace=300000, class=java.lang.String@5000016e)
	value		50000b7b
ARR 50000b7b (sz=144, trace=300000, nelems=72, elem type=char[])
OBJ 50000b7c (sz=24, trace=300000, class=java.lang.String@5000016e)
	value		50000b7d
ARR 50000b7d (sz=54, trace=300000, nelems=27, elem type=char[])
OBJ 50000b7e (sz=24, trace=300000, class=java.lang.String@5000016e)
	value		50000b7f
ARR 50000b7f (sz=62, trace=300000, nelems=31, elem type=char[])
OBJ 50000b80 (sz=56, trace=300687, class=java.util.zip.ZipFile$ZipFileInputStream@5000055c)
OBJ 50000b81 (sz=24, trace=300000, class=java.lang.String@5000016e)
	value		50000b82
ARR 50000b82 (sz=66, trace=300000, nelems=33, elem type=char[])
OBJ 50000b83 (sz=24, trace=300000, class=java.lang.String@5000016e)
	value		50000b89
OBJ 50000b85 (sz=16, trace=300157, class=java.lang.Object@50000172)
OBJ 50000b86 (sz=32, trace=300159, class=java.util.concurrent.ConcurrentHashMap$Node@50000024)
	key		50000c9b
	val		50000b85
OBJ 50000b87 (sz=16, trace=300160, class=java.lang.Object@50000172)
OBJ 50000b88 (sz=32, trace=300159, class=java.util.concurrent.ConcurrentHashMap$Node@50000024)
	key		50000c9b
	val		50000b87
ARR 50000b89 (sz=52, trace=300000, nelems=26, elem type=char[])
OBJ 50000b8a (sz=24, trace=300000, class=java.lang.String@5000016e)
	value		50000b8b
ARR 50000b8b (sz=66, trace=300000, nelems=33, elem type=char[])
OBJ 50000b8c (sz=24, trace=300000, class=java.lang.String@5000016e)
	value		50000b8d
ARR 50000b8d (sz=66, trace=300000, nelems=33, elem type=char[])
OBJ 50000b8e (sz=24, trace=300000, class=java.lang.String@5000016e)
	value		50000b8f
ARR 50000b8f (sz=66, trace=300000, nelems=33, elem type=char[])
OBJ 50000b91 (sz=16, trace=300157, class=java.lang.Object@50000172)
OBJ 50000b92 (sz=32, trace=300159, class=java.util.concurrent.ConcurrentHashMap$Node@50000024)
	key		50000ba3
	val		50000b91
OBJ 50000b93 (sz=16, trace=300160, class=java.lang.Object@50000172)
OBJ 50000b94 (sz=32, trace=300159, class=java.util.concurrent.ConcurrentHashMap$Node@50000024)
	key		50000ba3
	val		50000b93
OBJ 50000b95 (sz=24, trace=300000, class=java.lang.String@5000016e)
	value		50000b96
ARR 50000b96 (sz=66, trace=300000, nelems=33, elem type=char[])
OBJ 50000b97 (sz=24, trace=300000, class=java.lang.String@5000016e)
	value		50000b98
ARR 50000b98 (sz=58, trace=300000, nelems=29, elem type=char[])
OBJ 50000b99 (sz=24, trace=300000, class=java.lang.String@5000016e)
	value		50000b9a
ARR 50000b9a (sz=98, trace=300000, nelems=49, elem type=char[])
OBJ 50000b9b (sz=24, trace=300000, class=java.lang.String@5000016e)
	value		50000b9c
ARR 50000b9c (sz=60, trace=300000, nelems=30, elem type=char[])
OBJ 50000b9d (sz=24, trace=300000, class=java.lang.String@5000016e)
	value		50000b9e
ARR 50000b9e (sz=44, trace=300000, nelems=22, elem type=char[])
OBJ 50000b9f (sz=24, trace=300000, class=java.lang.String@5000016e)
	value		50000ba0
ARR 50000ba0 (sz=40, trace=300000, nelems=20, elem type=char[])
OBJ 50000ba1 (sz=24, trace=300000, class=java.lang.String@5000016e)
	value		50000ba2
ARR 50000ba2 (sz=66, trace=300000, nelems=33, elem type=char[])
OBJ 50000ba3 (sz=24, trace=300000, class=java.lang.String@5000016e)
	value		50000ba4
ARR 50000ba4 (sz=66, trace=300000, nelems=33, elem type=char[])
OBJ 50000ba5 (sz=24, trace=300000, class=java.lang.String@5000016e)
	value		50000ba6
ARR 50000ba6 (sz=66, trace=300000, nelems=33, elem type=char[])
OBJ 50000ba7 (sz=24, trace=300000, class=java.lang.String@5000016e)
	value		50000ba8
ARR 50000ba8 (sz=70, trace=300000, nelems=35, elem type=char[])
OBJ 50000ba9 (sz=24, trace=300000, class=java.lang.String@5000016e)
	value		50000baa
ARR 50000baa (sz=68, trace=300000, nelems=34, elem type=char[])
OBJ 50000bab (sz=24, trace=300000, class=java.lang.String@5000016e)
	value		50000bac
ARR 50000bac (sz=24, trace=300000, nelems=12, elem type=char[])
OBJ 50000bad (sz=24, trace=300000, class=java.lang.String@5000016e)
	value		50000bae
ARR 50000bae (sz=52, trace=300000, nelems=26, elem type=char[])
OBJ 50000baf (sz=24, trace=300000, class=java.lang.String@5000016e)
	value		50000bb0
ARR 50000bb0 (sz=62, trace=300000, nelems=31, elem type=char[])
OBJ 50000bb1 (sz=24, trace=300000, class=java.lang.String@5000016e)
	value		50000bb2
ARR 50000bb2 (sz=68, trace=300000, nelems=34, elem type=char[])
OBJ 50000bb3 (sz=24, trace=300000, class=java.lang.String@5000016e)
	value		50000bb4
ARR 50000bb4 (sz=44, trace=300000, nelems=22, elem type=char[])
OBJ 50000bb5 (sz=24, trace=300000, class=java.lang.String@5000016e)
	value		50000bb6
ARR 50000bb6 (sz=66, trace=300000, nelems=33, elem type=char[])
OBJ 50000bb7 (sz=24, trace=300000, class=java.lang.String@5000016e)
	value		50000bb8
ARR 50000bb8 (sz=78, trace=300000, nelems=39, elem type=char[])
OBJ 50000bb9 (sz=24, trace=300000, class=java.lang.String@5000016e)
	value		50000bba
ARR 50000bba (sz=46, trace=300000, nelems=23, elem type=char[])
OBJ 50000bbb (sz=24, trace=300000, class=java.lang.String@5000016e)
	value		50000bbc
ARR 50000bbc (sz=84, trace=300000, nelems=42, elem type=char[])
OBJ 50000bbd (sz=24, trace=300000, class=java.lang.String@5000016e)
	value		50000bbe
ARR 50000bbe (sz=32, trace=300000, nelems=16, elem type=char[])
OBJ 50000bbf (sz=24, trace=300000, class=java.lang.String@5000016e)
	value		50000bc0
ARR 50000bc0 (sz=68, trace=300000, nelems=34, elem type=char[])
OBJ 50000bc1 (sz=24, trace=300000, class=java.lang.String@5000016e)
	value		50000bc2
ARR 50000bc2 (sz=48, trace=300000, nelems=24, elem type=char[])
OBJ 50000bc3 (sz=56, trace=300687, class=java.util.zip.ZipFile$ZipFileInputStream@5000055c)
	this$0		500004ec
OBJ 50000bc4 (sz=40, trace=300106, class=java.lang.ref.Finalizer@5000014d)
	referent	50000bc3
	queue		500003aa
	next		50000b75
	prev		50000c1c
OBJ 50000bc5 (sz=24, trace=300000, class=java.lang.String@5000016e)
	value		50000bc6
ARR 50000bc6 (sz=62, trace=300000, nelems=31, elem type=char[])
OBJ 50000bc7 (sz=24, trace=300000, class=java.lang.String@5000016e)
	value		50000bc8
ARR 50000bc8 (sz=82, trace=300000, nelems=41, elem type=char[])
OBJ 50000bc9 (sz=24, trace=300000, class=java.lang.String@5000016e)
	value		50000bcb
OBJ 50000bca (sz=56, trace=300687, class=java.util.zip.ZipFile$ZipFileInputStream@5000055c)
ARR 50000bcb (sz=48, trace=300000, nelems=24, elem type=char[])
OBJ 50000bcc (sz=24, trace=300000, class=java.lang.String@5000016e)
	value		50000bcd
ARR 50000bcd (sz=30, trace=300000, nelems=15, elem type=char[])
OBJ 50000bce (sz=24, trace=300000, class=java.lang.String@5000016e)
	value		50000bcf
ARR 50000bcf (sz=62, trace=300000, nelems=31, elem type=char[])
OBJ 50000bd0 (sz=24, trace=300000, class=java.lang.String@5000016e)
	value		50000bd1
ARR 50000bd1 (sz=86, trace=300000, nelems=43, elem type=char[])
OBJ 50000bd2 (sz=24, trace=300000, class=java.lang.String@5000016e)
	value		50000bd3
ARR 50000bd3 (sz=62, trace=300000, nelems=31, elem type=char[])
OBJ 50000bd4 (sz=16, trace=300157, class=java.lang.Object@50000172)
OBJ 50000bd5 (sz=32, trace=300683, class=java.util.concurrent.ConcurrentHashMap$Node@50000024)
	key		50000c43
	val		50000bd4
	next		500014ec
OBJ 50000bd6 (sz=16, trace=300160, class=java.lang.Object@50000172)
OBJ 50000bd8 (sz=16, trace=300157, class=java.lang.Object@50000172)
OBJ 50000bd9 (sz=32, trace=300683, class=java.util.concurrent.ConcurrentHashMap$Node@50000024)
	key		50000ba5
	val		50000bd8
OBJ 50000bda (sz=16, trace=300160, class=java.lang.Object@50000172)
OBJ 50000bdb (sz=32, trace=300683, class=java.util.concurrent.ConcurrentHashMap$Node@50000024)
	key		50000ba5
	val		50000bda
OBJ 50000bdc (sz=32, trace=300683, class=java.util.concurrent.ConcurrentHashMap$Node@50000024)
	key		50000c43
	val		50000bd6
	next		500014ee
OBJ 50000be0 (sz=16, trace=300157, class=java.lang.Object@50000172)
OBJ 50000be1 (sz=32, trace=300159, class=java.util.concurrent.ConcurrentHashMap$Node@50000024)
	key		50000bfc
	val		50000be0
OBJ 50000be2 (sz=16, trace=300160, class=java.lang.Object@50000172)
OBJ 50000be3 (sz=32, trace=300159, class=java.util.concurrent.ConcurrentHashMap$Node@50000024)
	key		50000bfc
	val		50000be2
OBJ 50000be4 (sz=24, trace=300000, class=java.lang.String@5000016e)
	value		50000be5
ARR 50000be5 (sz=70, trace=300000, nelems=35, elem type=char[])
OBJ 50000be6 (sz=24, trace=300000, class=java.lang.String@5000016e)
	value		50000be7
ARR 50000be7 (sz=38, trace=300000, nelems=19, elem type=char[])
OBJ 50000be8 (sz=24, trace=300000, class=java.lang.String@5000016e)
	value		50000be9
ARR 50000be9 (sz=62, trace=300000, nelems=31, elem type=char[])
OBJ 50000bea (sz=24, trace=300000, class=java.lang.String@5000016e)
	value		50000beb
ARR 50000beb (sz=62, trace=300000, nelems=31, elem type=char[])
OBJ 50000bec (sz=24, trace=300000, class=java.lang.String@5000016e)
	value		50000bed
ARR 50000bed (sz=62, trace=300000, nelems=31, elem type=char[])
OBJ 50000bee (sz=24, trace=300000, class=java.lang.String@5000016e)
	value		50000bef
ARR 50000bef (sz=88, trace=300000, nelems=44, elem type=char[])
OBJ 50000bf0 (sz=24, trace=300000, class=java.lang.String@5000016e)
	value		50000bf1
ARR 50000bf1 (sz=80, trace=300000, nelems=40, elem type=char[])
OBJ 50000bf2 (sz=24, trace=300000, class=java.lang.String@5000016e)
	value		50000bf3
ARR 50000bf3 (sz=52, trace=300000, nelems=26, elem type=char[])
OBJ 50000bf4 (sz=24, trace=300000, class=java.lang.String@5000016e)
	value		50000bf5
ARR 50000bf5 (sz=38, trace=300000, nelems=19, elem type=char[])
OBJ 50000bf6 (sz=24, trace=300000, class=java.lang.String@5000016e)
	value		50000bf7
ARR 50000bf7 (sz=86, trace=300000, nelems=43, elem type=char[])
OBJ 50000bf8 (sz=24, trace=300000, class=java.lang.String@5000016e)
	value		50000bf9
ARR 50000bf9 (sz=28, trace=300000, nelems=14, elem type=char[])
OBJ 50000bfa (sz=24, trace=300000, class=java.lang.String@5000016e)
	value		50000bfb
ARR 50000bfb (sz=26, trace=300000, nelems=13, elem type=char[])
OBJ 50000bfc (sz=24, trace=300000, class=java.lang.String@5000016e)
	value		50000bfd
ARR 50000bfd (sz=92, trace=300000, nelems=46, elem type=char[])
OBJ 50000bfe (sz=24, trace=300000, class=java.lang.String@5000016e)
	value		50000bff
ARR 50000bff (sz=78, trace=300000, nelems=39, elem type=char[])
OBJ 50000c00 (sz=24, trace=300000, class=java.lang.String@5000016e)
	value		50000c01
ARR 50000c01 (sz=34, trace=300000, nelems=17, elem type=char[])
OBJ 50000c02 (sz=24, trace=300000, class=java.lang.String@5000016e)
	value		50000c03
ARR 50000c03 (sz=38, trace=300000, nelems=19, elem type=char[])
OBJ 50000c04 (sz=24, trace=300000, class=java.lang.String@5000016e)
	value		50000c05
ARR 50000c05 (sz=62, trace=300000, nelems=31, elem type=char[])
OBJ 50000c06 (sz=24, trace=300000, class=java.lang.String@5000016e)
	value		50000c07
ARR 50000c07 (sz=80, trace=300000, nelems=40, elem type=char[])
OBJ 50000c08 (sz=24, trace=300000, class=java.lang.String@5000016e)
	value		50000c09
ARR 50000c09 (sz=60, trace=300000, nelems=30, elem type=char[])
OBJ 50000c0a (sz=24, trace=300000, class=java.lang.String@5000016e)
	value		50000c0b
ARR 50000c0b (sz=100, trace=300000, nelems=50, elem type=char[])
OBJ 50000c0c (sz=24, trace=300000, class=java.lang.String@5000016e)
	value		50000c0d
ARR 50000c0d (sz=86, trace=300000, nelems=43, elem type=char[])
OBJ 50000c0e (sz=24, trace=300000, class=java.lang.String@5000016e)
	value		50000c0f
ARR 50000c0f (sz=46, trace=300000, nelems=23, elem type=char[])
OBJ 50000c10 (sz=24, trace=300000, class=java.lang.String@5000016e)
	value		50000c12
OBJ 50000c11 (sz=56, trace=300687, class=java.util.zip.ZipFile$ZipFileInputStream@5000055c)
ARR 50000c12 (sz=74, trace=300000, nelems=37, elem type=char[])
OBJ 50000c13 (sz=24, trace=300000, class=java.lang.String@5000016e)
	value		50000c14
ARR 50000c14 (sz=62, trace=300000, nelems=31, elem type=char[])
OBJ 50000c15 (sz=24, trace=300000, class=java.lang.String@5000016e)
	value		50000c16
ARR 50000c16 (sz=38, trace=300000, nelems=19, elem type=char[])
OBJ 50000c17 (sz=24, trace=300000, class=java.lang.String@5000016e)
	value		50000c18
ARR 50000c18 (sz=46, trace=300000, nelems=23, elem type=char[])
OBJ 50000c19 (sz=24, trace=300000, class=java.lang.String@5000016e)
	value		50000c1a
ARR 50000c1a (sz=44, trace=300000, nelems=22, elem type=char[])
OBJ 50000c1b (sz=56, trace=300687, class=java.util.zip.ZipFile$ZipFileInputStream@5000055c)
	this$0		500004ec
OBJ 50000c1c (sz=40, trace=300106, class=java.lang.ref.Finalizer@5000014d)
	referent	50000c1b
	queue		500003aa
	next		50000bc4
	prev		50000c6f
OBJ 50000c1d (sz=24, trace=300000, class=java.lang.String@5000016e)
	value		50000c23
OBJ 50000c1f (sz=16, trace=300157, class=java.lang.Object@50000172)
OBJ 50000c20 (sz=32, trace=300159, class=java.util.concurrent.ConcurrentHashMap$Node@50000024)
	key		50000b95
	val		50000c1f
	next		50001478
OBJ 50000c21 (sz=16, trace=300160, class=java.lang.Object@50000172)
OBJ 50000c22 (sz=32, trace=300159, class=java.util.concurrent.ConcurrentHashMap$Node@50000024)
	key		50000b95
	val		50000c21
	next		5000147a
ARR 50000c23 (sz=72, trace=300000, nelems=36, elem type=char[])
OBJ 50000c24 (sz=24, trace=300000, class=java.lang.String@5000016e)
	value		50000c25
ARR 50000c25 (sz=46, trace=300000, nelems=23, elem type=char[])
OBJ 50000c26 (sz=24, trace=300000, class=java.lang.String@5000016e)
	value		50000c27
ARR 50000c27 (sz=32, trace=300000, nelems=16, elem type=char[])
OBJ 50000c28 (sz=24, trace=300000, class=java.lang.String@5000016e)
	value		50000c29
ARR 50000c29 (sz=108, trace=300000, nelems=54, elem type=char[])
OBJ 50000c2a (sz=24, trace=300000, class=java.lang.String@5000016e)
	value		50000c2b
ARR 50000c2b (sz=90, trace=300000, nelems=45, elem type=char[])
OBJ 50000c2c (sz=24, trace=300000, class=java.lang.String@5000016e)
	value		50000c32
OBJ 50000c2e (sz=16, trace=300157, class=java.lang.Object@50000172)
OBJ 50000c2f (sz=32, trace=300683, class=java.util.concurrent.ConcurrentHashMap$Node@50000024)
	key		50000b4e
	val		50000c2e
OBJ 50000c30 (sz=16, trace=300160, class=java.lang.Object@50000172)
OBJ 50000c31 (sz=32, trace=300683, class=java.util.concurrent.ConcurrentHashMap$Node@50000024)
	key		50000b4e
	val		50000c30
ARR 50000c32 (sz=74, trace=300000, nelems=37, elem type=char[])
OBJ 50000c33 (sz=24, trace=300000, class=java.lang.String@5000016e)
	value		50000c34
ARR 50000c34 (sz=40, trace=300000, nelems=20, elem type=char[])
OBJ 50000c35 (sz=24, trace=300000, class=java.lang.String@5000016e)
	value		50000c36
ARR 50000c36 (sz=36, trace=300000, nelems=18, elem type=char[])
OBJ 50000c37 (sz=24, trace=300000, class=java.lang.String@5000016e)
	value		50000c38
ARR 50000c38 (sz=32, trace=300000, nelems=16, elem type=char[])
OBJ 50000c39 (sz=24, trace=300000, class=java.lang.String@5000016e)
	value		50000c3a
ARR 50000c3a (sz=94, trace=300000, nelems=47, elem type=char[])
OBJ 50000c3b (sz=24, trace=300000, class=java.lang.String@5000016e)
	value		50000c3c
ARR 50000c3c (sz=74, trace=300000, nelems=37, elem type=char[])
OBJ 50000c3d (sz=24, trace=300000, class=java.lang.String@5000016e)
	value		50000c3e
ARR 50000c3e (sz=64, trace=300000, nelems=32, elem type=char[])
OBJ 50000c3f (sz=24, trace=300000, class=java.lang.String@5000016e)
	value		50000c40
ARR 50000c40 (sz=76, trace=300000, nelems=38, elem type=char[])
OBJ 50000c41 (sz=24, trace=300000, class=java.lang.String@5000016e)
	value		50000c42
ARR 50000c42 (sz=72, trace=300000, nelems=36, elem type=char[])
OBJ 50000c43 (sz=24, trace=300000, class=java.lang.String@5000016e)
	value		50000c44
ARR 50000c44 (sz=84, trace=300000, nelems=42, elem type=char[])
OBJ 50000c45 (sz=24, trace=300000, class=java.lang.String@5000016e)
	value		50000c46
ARR 50000c46 (sz=64, trace=300000, nelems=32, elem type=char[])
OBJ 50000c47 (sz=24, trace=300000, class=java.lang.String@5000016e)
	value		50000c48
ARR 50000c48 (sz=38, trace=300000, nelems=19, elem type=char[])
OBJ 50000c49 (sz=24, trace=300000, class=java.lang.String@5000016e)
	value		50000c4a
ARR 50000c4a (sz=98, trace=300000, nelems=49, elem type=char[])
OBJ 50000c4b (sz=24, trace=300000, class=java.lang.String@5000016e)
	value		50000c4c
ARR 50000c4c (sz=58, trace=300000, nelems=29, elem type=char[])
OBJ 50000c4d (sz=24, trace=300000, class=java.lang.String@5000016e)
	value		50000c4e
ARR 50000c4e (sz=62, trace=300000, nelems=31, elem type=char[])
OBJ 50000c4f (sz=24, trace=300000, class=java.lang.String@5000016e)
	value		50000c50
ARR 50000c50 (sz=64, trace=300000, nelems=32, elem type=char[])
OBJ 50000c51 (sz=24, trace=300000, class=java.lang.String@5000016e)
	value		50000c52
ARR 50000c52 (sz=70, trace=300000, nelems=35, elem type=char[])
OBJ 50000c53 (sz=24, trace=300000, class=java.lang.String@5000016e)
	value		50000c54
ARR 50000c54 (sz=88, trace=300000, nelems=44, elem type=char[])
OBJ 50000c55 (sz=24, trace=300000, class=java.lang.String@5000016e)
	value		50000c56
ARR 50000c56 (sz=34, trace=300000, nelems=17, elem type=char[])
OBJ 50000c57 (sz=24, trace=300000, class=java.lang.String@5000016e)
	value		50000c59
OBJ 50000c58 (sz=56, trace=300687, class=java.util.zip.ZipFile$ZipFileInputStream@5000055c)
ARR 50000c59 (sz=76, trace=300000, nelems=38, elem type=char[])
OBJ 50000c5a (sz=24, trace=300000, class=java.lang.String@5000016e)
	value		50000c5b
ARR 50000c5b (sz=52, trace=300000, nelems=26, elem type=char[])
OBJ 50000c5c (sz=24, trace=300000, class=java.lang.String@5000016e)
	value		50000c5d
ARR 50000c5d (sz=74, trace=300000, nelems=37, elem type=char[])
OBJ 50000c5e (sz=24, trace=300000, class=java.lang.String@5000016e)
	value		50000c5f
ARR 50000c5f (sz=34, trace=300000, nelems=17, elem type=char[])
OBJ 50000c60 (sz=24, trace=300000, class=java.lang.String@5000016e)
	value		50000c61
ARR 50000c61 (sz=46, trace=300000, nelems=23, elem type=char[])
OBJ 50000c62 (sz=24, trace=300000, class=java.lang.String@5000016e)
	value		50000c63
ARR 50000c63 (sz=76, trace=300000, nelems=38, elem type=char[])
OBJ 50000c64 (sz=24, trace=300000, class=java.lang.String@5000016e)
	value		50000c67
OBJ 50000c66 (sz=16, trace=300157, class=java.lang.Object@50000172)
ARR 50000c67 (sz=96, trace=300000, nelems=48, elem type=char[])
OBJ 50000c68 (sz=16, trace=300160, class=java.lang.Object@50000172)
OBJ 50000c69 (sz=24, trace=300000, class=java.lang.String@5000016e)
	value		50000c6a
ARR 50000c6a (sz=64, trace=300000, nelems=32, elem type=char[])
OBJ 50000c6b (sz=24, trace=300000, class=java.lang.String@5000016e)
	value		50000c6c
ARR 50000c6c (sz=30, trace=300000, nelems=15, elem type=char[])
OBJ 50000c6d (sz=24, trace=300000, class=java.lang.String@5000016e)
	value		50000c70
OBJ 50000c6e (sz=56, trace=300687, class=java.util.zip.ZipFile$ZipFileInputStream@5000055c)
	this$0		500004ec
OBJ 50000c6f (sz=40, trace=300106, class=java.lang.ref.Finalizer@5000014d)
	referent	50000c6e
	queue		500003aa
	next		50000c1c
	prev		50000cc4
ARR 50000c70 (sz=68, trace=300000, nelems=34, elem type=char[])
OBJ 50000c71 (sz=24, trace=300000, class=java.lang.String@5000016e)
	value		50000c72
ARR 50000c72 (sz=58, trace=300000, nelems=29, elem type=char[])
OBJ 50000c73 (sz=24, trace=300000, class=java.lang.String@5000016e)
	value		50000c74
ARR 50000c74 (sz=78, trace=300000, nelems=39, elem type=char[])
OBJ 50000c75 (sz=24, trace=300000, class=java.lang.String@5000016e)
	value		50000c76
ARR 50000c76 (sz=78, trace=300000, nelems=39, elem type=char[])
OBJ 50000c77 (sz=24, trace=300000, class=java.lang.String@5000016e)
	value		50000c78
ARR 50000c78 (sz=74, trace=300000, nelems=37, elem type=char[])
OBJ 50000c79 (sz=24, trace=300000, class=java.lang.String@5000016e)
	value		50000c7a
ARR 50000c7a (sz=102, trace=300000, nelems=51, elem type=char[])
OBJ 50000c7b (sz=24, trace=300000, class=java.lang.String@5000016e)
	value		50000c7c
ARR 50000c7c (sz=76, trace=300000, nelems=38, elem type=char[])
OBJ 50000c7d (sz=16, trace=300157, class=java.lang.Object@50000172)
OBJ 50000c7e (sz=32, trace=300683, class=java.util.concurrent.ConcurrentHashMap$Node@50000024)
	key		50000c3d
	val		50000c7d
OBJ 50000c7f (sz=16, trace=300160, class=java.lang.Object@50000172)
OBJ 50000c80 (sz=32, trace=300683, class=java.util.concurrent.ConcurrentHashMap$Node@50000024)
	key		50000c3d
	val		50000c7f
OBJ 50000c83 (sz=16, trace=300157, class=java.lang.Object@50000172)
OBJ 50000c84 (sz=32, trace=300683, class=java.util.concurrent.ConcurrentHashMap$Node@50000024)
	key		50000ca2
	val		50000c83
OBJ 50000c85 (sz=16, trace=300160, class=java.lang.Object@50000172)
OBJ 50000c86 (sz=32, trace=300683, class=java.util.concurrent.ConcurrentHashMap$Node@50000024)
	key		50000ca2
	val		50000c85
OBJ 50000c87 (sz=24, trace=300000, class=java.lang.String@5000016e)
	value		50000c88
ARR 50000c88 (sz=40, trace=300000, nelems=20, elem type=char[])
OBJ 50000c89 (sz=24, trace=300000, class=java.lang.String@5000016e)
	value		50000c8a
ARR 50000c8a (sz=78, trace=300000, nelems=39, elem type=char[])
OBJ 50000c8b (sz=24, trace=300000, class=java.lang.String@5000016e)
	value		50000c8c
ARR 50000c8c (sz=68, trace=300000, nelems=34, elem type=char[])
OBJ 50000c8d (sz=24, trace=300000, class=java.lang.String@5000016e)
	value		50000c8e
ARR 50000c8e (sz=64, trace=300000, nelems=32, elem type=char[])
OBJ 50000c8f (sz=24, trace=300000, class=java.lang.String@5000016e)
	value		50000c90
ARR 50000c90 (sz=78, trace=300000, nelems=39, elem type=char[])
OBJ 50000c91 (sz=24, trace=300000, class=java.lang.String@5000016e)
	value		50000c92
ARR 50000c92 (sz=92, trace=300000, nelems=46, elem type=char[])
OBJ 50000c93 (sz=24, trace=300000, class=java.lang.String@5000016e)
	value		50000c94
ARR 50000c94 (sz=58, trace=300000, nelems=29, elem type=char[])
OBJ 50000c95 (sz=24, trace=300000, class=java.lang.String@5000016e)
	value		50000c96
ARR 50000c96 (sz=110, trace=300000, nelems=55, elem type=char[])
OBJ 50000c97 (sz=24, trace=300000, class=java.lang.String@5000016e)
	value		50000c98
ARR 50000c98 (sz=32, trace=300000, nelems=16, elem type=char[])
OBJ 50000c99 (sz=24, trace=300000, class=java.lang.String@5000016e)
	value		50000c9a
ARR 50000c9a (sz=88, trace=300000, nelems=44, elem type=char[])
OBJ 50000c9b (sz=24, trace=300000, class=java.lang.String@5000016e)
	value		50000c9c
ARR 50000c9c (sz=88, trace=300000, nelems=44, elem type=char[])
OBJ 50000c9d (sz=24, trace=300000, class=java.lang.String@5000016e)
	value		50000c9e
ARR 50000c9e (sz=56, trace=300000, nelems=28, elem type=char[])
OBJ 50000c9f (sz=56, trace=300687, class=java.util.zip.ZipFile$ZipFileInputStream@5000055c)
OBJ 50000ca0 (sz=24, trace=300000, class=java.lang.String@5000016e)
	value		50000ca1
ARR 50000ca1 (sz=62, trace=300000, nelems=31, elem type=char[])
OBJ 50000ca2 (sz=24, trace=300000, class=java.lang.String@5000016e)
	value		50000ca3
ARR 50000ca3 (sz=84, trace=300000, nelems=42, elem type=char[])
OBJ 50000ca4 (sz=24, trace=300000, class=java.lang.String@5000016e)
	value		50000ca5
ARR 50000ca5 (sz=78, trace=300000, nelems=39, elem type=char[])
OBJ 50000ca6 (sz=24, trace=300000, class=java.lang.String@5000016e)
	value		50000ca7
ARR 50000ca7 (sz=36, trace=300000, nelems=18, elem type=char[])
OBJ 50000ca8 (sz=24, trace=300000, class=java.lang.String@5000016e)
	value		50000ca9
ARR 50000ca9 (sz=54, trace=300000, nelems=27, elem type=char[])
OBJ 50000caa (sz=24, trace=300000, class=java.lang.String@5000016e)
	value		50000cab
ARR 50000cab (sz=84, trace=300000, nelems=42, elem type=char[])
OBJ 50000cad (sz=16, trace=300157, class=java.lang.Object@50000172)
OBJ 50000cae (sz=32, trace=300159, class=java.util.concurrent.ConcurrentHashMap$Node@50000024)
	key		50000b8c
	val		50000cad
OBJ 50000caf (sz=16, trace=300160, class=java.lang.Object@50000172)
OBJ 50000cb0 (sz=32, trace=300159, class=java.util.concurrent.ConcurrentHashMap$Node@50000024)
	key		50000b8c
	val		50000caf
OBJ 50000cb1 (sz=24, trace=300000, class=java.lang.String@5000016e)
	value		50000cb2
ARR 50000cb2 (sz=82, trace=300000, nelems=41, elem type=char[])
OBJ 50000cb3 (sz=24, trace=300000, class=java.lang.String@5000016e)
	value		50000cb4
ARR 50000cb4 (sz=64, trace=300000, nelems=32, elem type=char[])
OBJ 50000cb5 (sz=24, trace=300000, class=java.lang.String@5000016e)
	value		50000cb6
ARR 50000cb6 (sz=104, trace=300000, nelems=52, elem type=char[])
OBJ 50000cb7 (sz=24, trace=300000, class=java.lang.String@5000016e)
	value		50000cb8
ARR 50000cb8 (sz=90, trace=300000, nelems=45, elem type=char[])
OBJ 50000cb9 (sz=24, trace=300000, class=java.lang.String@5000016e)
	value		50000cba
ARR 50000cba (sz=38, trace=300000, nelems=19, elem type=char[])
OBJ 50000cbb (sz=24, trace=300000, class=java.lang.String@5000016e)
	value		50000cbc
ARR 50000cbc (sz=112, trace=300000, nelems=56, elem type=char[])
OBJ 50000cbd (sz=24, trace=300000, class=java.lang.String@5000016e)
	value		50000cbe
ARR 50000cbe (sz=72, trace=300000, nelems=36, elem type=char[])
OBJ 50000cbf (sz=24, trace=300000, class=java.lang.String@5000016e)
	value		50000cc0
ARR 50000cc0 (sz=144, trace=300000, nelems=72, elem type=char[])
OBJ 50000cc1 (sz=24, trace=300000, class=java.lang.String@5000016e)
	value		50000cc2
ARR 50000cc2 (sz=70, trace=300000, nelems=35, elem type=char[])
OBJ 50000cc3 (sz=56, trace=300687, class=java.util.zip.ZipFile$ZipFileInputStream@5000055c)
	this$0		500004ec
OBJ 50000cc4 (sz=40, trace=300106, class=java.lang.ref.Finalizer@5000014d)
	referent	50000cc3
	queue		500003aa
	next		50000c6f
	prev		50000d18
OBJ 50000cc5 (sz=24, trace=300000, class=java.lang.String@5000016e)
	value		50000cc6
ARR 50000cc6 (sz=86, trace=300000, nelems=43, elem type=char[])
OBJ 50000cc7 (sz=24, trace=300000, class=java.lang.String@5000016e)
	value		50000cc8
ARR 50000cc8 (sz=70, trace=300000, nelems=35, elem type=char[])
OBJ 50000cc9 (sz=24, trace=300000, class=java.lang.String@5000016e)
	value		50000cca
ARR 50000cca (sz=48, trace=300000, nelems=24, elem type=char[])
OBJ 50000ccb (sz=24, trace=300000, class=java.lang.String@5000016e)
	value		50000ccc
ARR 50000ccc (sz=54, trace=300000, nelems=27, elem type=char[])
OBJ 50000ccd (sz=24, trace=300000, class=java.lang.String@5000016e)
	value		50000cce
ARR 50000cce (sz=108, trace=300000, nelems=54, elem type=char[])
OBJ 50000ccf (sz=24, trace=300000, class=java.lang.String@5000016e)
	value		50000cd0
ARR 50000cd0 (sz=168, trace=300000, nelems=84, elem type=char[])
OBJ 50000cd1 (sz=16, trace=300157, class=java.lang.Object@50000172)
OBJ 50000cd2 (sz=32, trace=300159, class=java.util.concurrent.ConcurrentHashMap$Node@50000024)
	key		50000c8b
	val		50000cd1
OBJ 50000cd3 (sz=16, trace=300160, class=java.lang.Object@50000172)
OBJ 50000cd4 (sz=32, trace=300159, class=java.util.concurrent.ConcurrentHashMap$Node@50000024)
	key		50000c8b
	val		50000cd3
OBJ 50000cd7 (sz=16, trace=300157, class=java.lang.Object@50000172)
OBJ 50000cd8 (sz=32, trace=300159, class=java.util.concurrent.ConcurrentHashMap$Node@50000024)
	key		50000d1f
	val		50000cd7
OBJ 50000cd9 (sz=16, trace=300160, class=java.lang.Object@50000172)
OBJ 50000cda (sz=32, trace=300159, class=java.util.concurrent.ConcurrentHashMap$Node@50000024)
	key		50000d1f
	val		50000cd9
OBJ 50000cdb (sz=24, trace=300000, class=java.lang.String@5000016e)
	value		50000cdc
ARR 50000cdc (sz=46, trace=300000, nelems=23, elem type=char[])
OBJ 50000cdd (sz=24, trace=300000, class=java.lang.String@5000016e)
	value		50000cde
ARR 50000cde (sz=166, trace=300000, nelems=83, elem type=char[])
OBJ 50000cdf (sz=24, trace=300000, class=java.lang.String@5000016e)
	value		50000ce0
ARR 50000ce0 (sz=80, trace=300000, nelems=40, elem type=char[])
OBJ 50000ce1 (sz=24, trace=300000, class=java.lang.String@5000016e)
	value		50000ce2
ARR 50000ce2 (sz=112, trace=300000, nelems=56, elem type=char[])
OBJ 50000ce3 (sz=24, trace=300000, class=java.lang.String@5000016e)
	value		50000ce4
ARR 50000ce4 (sz=58, trace=300000, nelems=29, elem type=char[])
OBJ 50000ce5 (sz=24, trace=300000, class=java.lang.String@5000016e)
	value		50000ce7
OBJ 50000ce6 (sz=56, trace=300687, class=java.util.zip.ZipFile$ZipFileInputStream@5000055c)
ARR 50000ce7 (sz=100, trace=300000, nelems=50, elem type=char[])
OBJ 50000ce8 (sz=24, trace=300000, class=java.lang.String@5000016e)
	value		50000ce9
ARR 50000ce9 (sz=78, trace=300000, nelems=39, elem type=char[])
OBJ 50000cea (sz=24, trace=300000, class=java.lang.String@5000016e)
	value		50000ceb
ARR 50000ceb (sz=86, trace=300000, nelems=43, elem type=char[])
OBJ 50000cec (sz=24, trace=300000, class=java.lang.String@5000016e)
	value		50000ced
ARR 50000ced (sz=56, trace=300000, nelems=28, elem type=char[])
OBJ 50000cee (sz=24, trace=300000, class=java.lang.String@5000016e)
	value		50000cef
ARR 50000cef (sz=42, trace=300000, nelems=21, elem type=char[])
OBJ 50000cf0 (sz=24, trace=300000, class=java.lang.String@5000016e)
	value		50000cf1
ARR 50000cf1 (sz=46, trace=300000, nelems=23, elem type=char[])
OBJ 50000cf3 (sz=16, trace=300157, class=java.lang.Object@50000172)
OBJ 50000cf4 (sz=32, trace=300159, class=java.util.concurrent.ConcurrentHashMap$Node@50000024)
	key		50000b8e
	val		50000cf3
OBJ 50000cf5 (sz=16, trace=300160, class=java.lang.Object@50000172)
OBJ 50000cf6 (sz=32, trace=300159, class=java.util.concurrent.ConcurrentHashMap$Node@50000024)
	key		50000b8e
	val		50000cf5
OBJ 50000cf7 (sz=24, trace=300000, class=java.lang.String@5000016e)
	value		50000cf8
ARR 50000cf8 (sz=62, trace=300000, nelems=31, elem type=char[])
OBJ 50000cf9 (sz=24, trace=300000, class=java.lang.String@5000016e)
	value		50000cfa
ARR 50000cfa (sz=72, trace=300000, nelems=36, elem type=char[])
OBJ 50000cfb (sz=24, trace=300000, class=java.lang.String@5000016e)
	value		50000cfc
ARR 50000cfc (sz=72, trace=300000, nelems=36, elem type=char[])
OBJ 50000cfd (sz=24, trace=300000, class=java.lang.String@5000016e)
	value		50000cfe
ARR 50000cfe (sz=64, trace=300000, nelems=32, elem type=char[])
OBJ 50000cff (sz=24, trace=300000, class=java.lang.String@5000016e)
	value		50000d00
ARR 50000d00 (sz=68, trace=300000, nelems=34, elem type=char[])
OBJ 50000d01 (sz=24, trace=300000, class=java.lang.String@5000016e)
	value		50000d02
ARR 50000d02 (sz=62, trace=300000, nelems=31, elem type=char[])
OBJ 50000d03 (sz=24, trace=300000, class=java.lang.String@5000016e)
	value		50000d04
ARR 50000d04 (sz=44, trace=300000, nelems=22, elem type=char[])
OBJ 50000d05 (sz=24, trace=300000, class=java.lang.String@5000016e)
	value		50000d06
ARR 50000d06 (sz=82, trace=300000, nelems=41, elem type=char[])
OBJ 50000d07 (sz=24, trace=300000, class=java.lang.String@5000016e)
	value		50000d08
ARR 50000d08 (sz=34, trace=300000, nelems=17, elem type=char[])
OBJ 50000d09 (sz=24, trace=300000, class=java.lang.String@5000016e)
	value		50000d0a
ARR 50000d0a (sz=56, trace=300000, nelems=28, elem type=char[])
OBJ 50000d0b (sz=24, trace=300000, class=java.lang.String@5000016e)
	value		50000d0c
ARR 50000d0c (sz=74, trace=300000, nelems=37, elem type=char[])
OBJ 50000d0d (sz=24, trace=300000, class=java.lang.String@5000016e)
	value		50000d0e
ARR 50000d0e (sz=26, trace=300000, nelems=13, elem type=char[])
OBJ 50000d0f (sz=24, trace=300000, class=java.lang.String@5000016e)
	value		50000d10
ARR 50000d10 (sz=98, trace=300000, nelems=49, elem type=char[])
OBJ 50000d11 (sz=24, trace=300000, class=java.lang.String@5000016e)
	value		50000d12
ARR 50000d12 (sz=114, trace=300000, nelems=57, elem type=char[])
OBJ 50000d13 (sz=24, trace=300000, class=java.lang.String@5000016e)
	value		50000d14
ARR 50000d14 (sz=70, trace=300000, nelems=35, elem type=char[])
OBJ 50000d15 (sz=24, trace=300000, class=java.lang.String@5000016e)
	value		50000d16
ARR 50000d16 (sz=34, trace=300000, nelems=17, elem type=char[])
OBJ 50000d17 (sz=56, trace=300687, class=java.util.zip.ZipFile$ZipFileInputStream@5000055c)
	this$0		500004ec
OBJ 50000d18 (sz=40, trace=300106, class=java.lang.ref.Finalizer@5000014d)
	referent	50000d17
	queue		500003aa
	next		50000cc4
	prev		50000d7c
OBJ 50000d19 (sz=24, trace=300000, class=java.lang.String@5000016e)
	value		50000d1a
ARR 50000d1a (sz=78, trace=300000, nelems=39, elem type=char[])
OBJ 50000d1b (sz=24, trace=300000, class=java.lang.String@5000016e)
	value		50000d1c
ARR 50000d1c (sz=100, trace=300000, nelems=50, elem type=char[])
OBJ 50000d1d (sz=24, trace=300000, class=java.lang.String@5000016e)
	value		50000d1e
ARR 50000d1e (sz=60, trace=300000, nelems=30, elem type=char[])
OBJ 50000d1f (sz=24, trace=300000, class=java.lang.String@5000016e)
	value		50000d20
ARR 50000d20 (sz=86, trace=300000, nelems=43, elem type=char[])
OBJ 50000d21 (sz=24, trace=300000, class=java.lang.String@5000016e)
	value		50000d22
ARR 50000d22 (sz=70, trace=300000, nelems=35, elem type=char[])
OBJ 50000d23 (sz=24, trace=300000, class=java.lang.String@5000016e)
	value		50000d24
ARR 50000d24 (sz=102, trace=300000, nelems=51, elem type=char[])
OBJ 50000d25 (sz=16, trace=300157, class=java.lang.Object@50000172)
OBJ 50000d26 (sz=32, trace=300683, class=java.util.concurrent.ConcurrentHashMap$Node@50000024)
	key		50000c04
	val		50000d25
OBJ 50000d27 (sz=16, trace=300160, class=java.lang.Object@50000172)
OBJ 50000d28 (sz=32, trace=300683, class=java.util.concurrent.ConcurrentHashMap$Node@50000024)
	key		50000c04
	val		50000d27
OBJ 50000d2b (sz=16, trace=300157, class=java.lang.Object@50000172)
OBJ 50000d2c (sz=56, trace=300687, class=java.util.zip.ZipFile$ZipFileInputStream@5000055c)
OBJ 50000d2d (sz=24, trace=300000, class=java.lang.String@5000016e)
	value		50000ecb
OBJ 50000d2e (sz=32, trace=300159, class=java.util.concurrent.ConcurrentHashMap$Node@50000024)
	key		50000bbf
	val		50000d2b
OBJ 50000d2f (sz=16, trace=300160, class=java.lang.Object@50000172)
OBJ 50000d30 (sz=32, trace=300159, class=java.util.concurrent.ConcurrentHashMap$Node@50000024)
	key		50000bbf
	val		50000d2f
OBJ 50000d32 (sz=16, trace=300157, class=java.lang.Object@50000172)
OBJ 50000d33 (sz=32, trace=300159, class=java.util.concurrent.ConcurrentHashMap$Node@50000024)
	key		50000ab1
	val		50000d32
OBJ 50000d34 (sz=16, trace=300160, class=java.lang.Object@50000172)
OBJ 50000d35 (sz=32, trace=300159, class=java.util.concurrent.ConcurrentHashMap$Node@50000024)
	key		50000ab1
	val		50000d34
OBJ 50000d37 (sz=16, trace=300157, class=java.lang.Object@50000172)
OBJ 50000d38 (sz=32, trace=300159, class=java.util.concurrent.ConcurrentHashMap$Node@50000024)
	key		50000c6d
	val		50000d37
OBJ 50000d3a (sz=16, trace=300157, class=java.lang.Object@50000172)
OBJ 50000d3b (sz=16, trace=300160, class=java.lang.Object@50000172)
OBJ 50000d3c (sz=16, trace=300160, class=java.lang.Object@50000172)
OBJ 50000d3d (sz=32, trace=300159, class=java.util.concurrent.ConcurrentHashMap$Node@50000024)
	key		50000c6d
	val		50000d3b
OBJ 50000d40 (sz=16, trace=300157, class=java.lang.Object@50000172)
OBJ 50000d41 (sz=32, trace=300683, class=java.util.concurrent.ConcurrentHashMap$Node@50000024)
	key		50000ba9
	val		50000d40
OBJ 50000d42 (sz=16, trace=300160, class=java.lang.Object@50000172)
OBJ 50000d43 (sz=32, trace=300683, class=java.util.concurrent.ConcurrentHashMap$Node@50000024)
	key		50000ba9
	val		50000d42
OBJ 50000d44 (sz=24, trace=300000, class=java.lang.String@5000016e)
	value		50000ea9
OBJ 50000d45 (sz=24, trace=300000, class=java.lang.String@5000016e)
	value		50000d52
OBJ 50000d46 (sz=24, trace=300000, class=java.lang.String@5000016e)
	value		50000eab
OBJ 50000d47 (sz=24, trace=300000, class=java.lang.String@5000016e)
	value		50000eca
OBJ 50000d48 (sz=24, trace=300000, class=java.lang.String@5000016e)
	value		50000ec9
OBJ 50000d49 (sz=24, trace=300000, class=java.lang.String@5000016e)
	value		50000ec8
OBJ 50000d4a (sz=24, trace=300000, class=java.lang.String@5000016e)
	value		50000ec7
OBJ 50000d4b (sz=24, trace=300000, class=java.lang.String@5000016e)
	value		50000ec6
OBJ 50000d4c (sz=24, trace=300000, class=java.lang.String@5000016e)
	value		50000ec5
ARR 50000d4d (sz=32, trace=300000, nelems=3, elem type=java.io.ObjectStreamField[]@500000fa)
	[0]		50000d4e
	[1]		50000d4f
	[2]		50000d50
OBJ 50000d4e (sz=40, trace=300000, class=java.io.ObjectStreamField@500000fc)
	name		50000d46
	signature	50000eaa
	type		50000025
OBJ 50000d4f (sz=40, trace=300000, class=java.io.ObjectStreamField@500000fc)
	name		50000d44
	signature	50000d51
	type		50000576
OBJ 50000d50 (sz=40, trace=300000, class=java.io.ObjectStreamField@500000fc)
	name		50000d45
	signature	50000d51
	type		50000576
OBJ 50000d51 (sz=24, trace=300000, class=java.lang.String@5000016e)
	value		50000d53
ARR 50000d52 (sz=24, trace=300000, nelems=12, elem type=char[])
ARR 50000d53 (sz=2, trace=300000, nelems=1, elem type=char[])
OBJ 50000d54 (sz=24, trace=300000, class=java.lang.String@5000016e)
	value		50000ea4
OBJ 50000d55 (sz=24, trace=300000, class=java.lang.String@5000016e)
	value		50000ea3
ARR 50000d56 (sz=40, trace=300000, nelems=10, elem type=int[])
ARR 50000d57 (sz=200, trace=300000, nelems=100, elem type=char[])
ARR 50000d58 (sz=200, trace=300000, nelems=100, elem type=char[])
ARR 50000d59 (sz=72, trace=300000, nelems=36, elem type=char[])
ARR 50000d5a (sz=1040, trace=300000, nelems=256, elem type=java.lang.Integer[]@50000057)
	[0]		50000d5b
	[1]		50000d5c
	[2]		50000d5d
	[3]		50000d5e
	[4]		50000d5f
	[5]		50000d60
	[6]		50000d61
	[7]		50000d62
	[8]		50000d63
	[9]		50000d64
	[10]		50000d65
	[11]		50000d66
	[12]		50000d67
	[13]		50000d68
	[14]		50000d69
	[15]		50000d6a
	[16]		50000d6b
	[17]		50000d6c
	[18]		50000d6d
	[19]		50000d6e
	[20]		50000d6f
	[21]		50000d70
	[22]		50000d71
	[23]		50000d72
	[24]		50000d74
	[25]		50000d75
	[26]		50000d76
	[27]		50000d77
	[28]		50000d78
	[29]		50000d79
	[30]		50000d7a
	[31]		50000d7d
	[32]		50000d7e
	[33]		50000d7f
	[34]		50000d85
	[35]		50000d86
	[36]		50000d87
	[37]		50000d88
	[38]		50000d89
	[39]		50000d8a
	[40]		50000d8b
	[41]		50000d8c
	[42]		50000d8d
	[43]		50000d93
	[44]		50000d94
	[45]		50000d95
	[46]		50000d96
	[47]		50000d97
	[48]		50000d98
	[49]		50000d99
	[50]		50000d9a
	[51]		50000d9b
	[52]		50000d9c
	[53]		50000d9d
	[54]		50000d9e
	[55]		50000d9f
	[56]		50000da0
	[57]		50000da1
	[58]		50000da2
	[59]		50000da3
	[60]		50000da4
	[61]		50000da5
	[62]		50000da6
	[63]		50000da7
	[64]		50000da8
	[65]		50000da9
	[66]		50000daa
	[67]		50000dab
	[68]		50000dac
	[69]		50000dad
	[70]		50000dae
	[71]		50000daf
	[72]		50000db0
	[73]		50000db1
	[74]		50000db2
	[75]		50000db3
	[76]		50000db4
	[77]		50000db5
	[78]		50000db6
	[79]		50000db7
	[80]		50000db8
	[81]		50000db9
	[82]		50000dbb
	[83]		50000dbc
	[84]		50000dbd
	[85]		50000dbe
	[86]		50000dbf
	[87]		50000dc0
	[88]		50000dc1
	[89]		50000dc2
	[90]		50000dc3
	[91]		50000dc4
	[92]		50000dc5
	[93]		50000dcb
	[94]		50000dcc
	[95]		50000dcd
	[96]		50000dce
	[97]		50000dd1
	[98]		50000dd2
	[99]		50000dd3
	[100]		50000dd4
	[101]		50000dd5
	[102]		50000dd6
	[103]		50000dd7
	[104]		50000dd8
	[105]		50000dd9
	[106]		50000dda
	[107]		50000ddb
	[108]		50000ddc
	[109]		50000de2
	[110]		50000de3
	[111]		50000de4
	[112]		50000de5
	[113]		50000de6
	[114]		50000de7
	[115]		50000de8
	[116]		50000de9
	[117]		50000dea
	[118]		50000deb
	[119]		50000dec
	[120]		50000ded
	[121]		50000dee
	[122]		50000def
	[123]		50000df0
	[124]		50000df1
	[125]		50000df2
	[126]		50000df3
	[127]		50000df4
	[128]		50000df5
	[129]		50000df6
	[130]		50000df7
	[131]		50000df8
	[132]		50000df9
	[133]		50000dfa
	[134]		50000dfb
	[135]		50000dfc
	[136]		50000dfd
	[137]		50000dfe
	[138]		50000dff
	[139]		50000e01
	[140]		50000e02
	[141]		50000e03
	[142]		50000e04
	[143]		50000e05
	[144]		50000e06
	[145]		50000e07
	[146]		50000e08
	[147]		50000e09
	[148]		50000e0a
	[149]		50000e0b
	[150]		50000e0e
	[151]		50000e10
	[152]		50000e11
	[153]		50000e12
	[154]		50000e13
	[155]		50000e14
	[156]		50000e15
	[157]		50000e16
	[158]		50000e17
	[159]		50000e18
	[160]		50000e19
	[161]		50000e1a
	[162]		50000e1b
	[163]		50000e1e
	[164]		50000e1f
	[165]		50000e20
	[166]		50000e21
	[167]		50000e22
	[168]		50000e23
	[169]		50000e24
	[170]		50000e25
	[171]		50000e26
	[172]		50000e27
	[173]		50000e28
	[174]		50000e29
	[175]		50000e33
	[176]		50000e34
	[177]		50000e35
	[178]		50000e36
	[179]		50000e37
	[180]		50000e38
	[181]		50000e39
	[182]		50000e3a
	[183]		50000e3b
	[184]		50000e3c
	[185]		50000e3d
	[186]		50000e3e
	[187]		50000e3f
	[188]		50000e40
	[189]		50000e41
	[190]		50000e42
	[191]		50000e43
	[192]		50000e44
	[193]		50000e45
	[194]		50000e47
	[195]		50000e48
	[196]		50000e49
	[197]		50000e4a
	[198]		50000e4b
	[199]		50000e4c
	[200]		50000e4d
	[201]		50000e4e
	[202]		50000e4f
	[203]		50000e50
	[204]		50000e51
	[205]		50000e57
	[206]		50000e58
	[207]		50000e59
	[208]		50000e5a
	[209]		50000e5b
	[210]		50000e5c
	[211]		50000e5d
	[212]		50000e5e
	[213]		50000e5f
	[214]		50000e60
	[215]		50000e61
	[216]		50000e62
	[217]		50000e63
	[218]		50000e64
	[219]		50000e65
	[220]		50000e66
	[221]		50000e67
	[222]		50000e68
	[223]		50000e69
	[224]		50000e6a
	[225]		50000e6b
	[226]		50000e6c
	[227]		50000e6d
	[228]		50000e6e
	[229]		50000e71
	[230]		50000e72
	[231]		50000e73
	[232]		50000e74
	[233]		50000e75
	[234]		50000e76
	[235]		50000e77
	[236]		50000e78
	[237]		50000e79
	[238]		50000e7a
	[239]		50000e7b
	[240]		50000e7c
	[241]		50000e7d
	[242]		50000e84
	[243]		50000e85
	[244]		50000e86
	[245]		50000e87
	[246]		50000e88
	[247]		50000e89
	[248]		50000e8a
	[249]		50000e8b
	[250]		50000e8d
	[251]		50000e8e
	[252]		50000e8f
	[253]		50000e90
	[254]		50000e91
	[255]		50000e92
OBJ 50000d5b (sz=16, trace=300000, class=java.lang.Integer@5000010a)
OBJ 50000d5c (sz=16, trace=300000, class=java.lang.Integer@5000010a)
OBJ 50000d5d (sz=16, trace=300000, class=java.lang.Integer@5000010a)
OBJ 50000d5e (sz=16, trace=300000, class=java.lang.Integer@5000010a)
OBJ 50000d5f (sz=16, trace=300000, class=java.lang.Integer@5000010a)
OBJ 50000d60 (sz=16, trace=300000, class=java.lang.Integer@5000010a)
OBJ 50000d61 (sz=16, trace=300000, class=java.lang.Integer@5000010a)
OBJ 50000d62 (sz=16, trace=300000, class=java.lang.Integer@5000010a)
OBJ 50000d63 (sz=16, trace=300000, class=java.lang.Integer@5000010a)
OBJ 50000d64 (sz=16, trace=300000, class=java.lang.Integer@5000010a)
OBJ 50000d65 (sz=16, trace=300000, class=java.lang.Integer@5000010a)
OBJ 50000d66 (sz=16, trace=300000, class=java.lang.Integer@5000010a)
OBJ 50000d67 (sz=16, trace=300000, class=java.lang.Integer@5000010a)
OBJ 50000d68 (sz=16, trace=300000, class=java.lang.Integer@5000010a)
OBJ 50000d69 (sz=16, trace=300000, class=java.lang.Integer@5000010a)
OBJ 50000d6a (sz=16, trace=300000, class=java.lang.Integer@5000010a)
OBJ 50000d6b (sz=16, trace=300000, class=java.lang.Integer@5000010a)
OBJ 50000d6c (sz=16, trace=300000, class=java.lang.Integer@5000010a)
OBJ 50000d6d (sz=16, trace=300000, class=java.lang.Integer@5000010a)
OBJ 50000d6e (sz=16, trace=300000, class=java.lang.Integer@5000010a)
OBJ 50000d6f (sz=16, trace=300000, class=java.lang.Integer@5000010a)
OBJ 50000d70 (sz=16, trace=300000, class=java.lang.Integer@5000010a)
OBJ 50000d71 (sz=16, trace=300000, class=java.lang.Integer@5000010a)
OBJ 50000d72 (sz=16, trace=300000, class=java.lang.Integer@5000010a)
OBJ 50000d73 (sz=56, trace=300687, class=java.util.zip.ZipFile$ZipFileInputStream@5000055c)
OBJ 50000d74 (sz=16, trace=300000, class=java.lang.Integer@5000010a)
OBJ 50000d75 (sz=16, trace=300000, class=java.lang.Integer@5000010a)
OBJ 50000d76 (sz=16, trace=300000, class=java.lang.Integer@5000010a)
OBJ 50000d77 (sz=16, trace=300000, class=java.lang.Integer@5000010a)
OBJ 50000d78 (sz=16, trace=300000, class=java.lang.Integer@5000010a)
OBJ 50000d79 (sz=16, trace=300000, class=java.lang.Integer@5000010a)
OBJ 50000d7a (sz=16, trace=300000, class=java.lang.Integer@5000010a)
OBJ 50000d7b (sz=56, trace=300687, class=java.util.zip.ZipFile$ZipFileInputStream@5000055c)
	this$0		500004ec
OBJ 50000d7c (sz=40, trace=300106, class=java.lang.ref.Finalizer@5000014d)
	referent	50000d7b
	queue		500003aa
	next		50000d18
	prev		50000dd0
OBJ 50000d7d (sz=16, trace=300000, class=java.lang.Integer@5000010a)
OBJ 50000d7e (sz=16, trace=300000, class=java.lang.Integer@5000010a)
OBJ 50000d7f (sz=16, trace=300000, class=java.lang.Integer@5000010a)
OBJ 50000d81 (sz=16, trace=300157, class=java.lang.Object@50000172)
OBJ 50000d82 (sz=32, trace=300683, class=java.util.concurrent.ConcurrentHashMap$Node@50000024)
	key		50000b8a
	val		50000d81
OBJ 50000d83 (sz=16, trace=300160, class=java.lang.Object@50000172)
OBJ 50000d84 (sz=32, trace=300683, class=java.util.concurrent.ConcurrentHashMap$Node@50000024)
	key		50000b8a
	val		50000d83
OBJ 50000d85 (sz=16, trace=300000, class=java.lang.Integer@5000010a)
OBJ 50000d86 (sz=16, trace=300000, class=java.lang.Integer@5000010a)
OBJ 50000d87 (sz=16, trace=300000, class=java.lang.Integer@5000010a)
OBJ 50000d88 (sz=16, trace=300000, class=java.lang.Integer@5000010a)
OBJ 50000d89 (sz=16, trace=300000, class=java.lang.Integer@5000010a)
OBJ 50000d8a (sz=16, trace=300000, class=java.lang.Integer@5000010a)
OBJ 50000d8b (sz=16, trace=300000, class=java.lang.Integer@5000010a)
OBJ 50000d8c (sz=16, trace=300000, class=java.lang.Integer@5000010a)
OBJ 50000d8d (sz=16, trace=300000, class=java.lang.Integer@5000010a)
OBJ 50000d8f (sz=16, trace=300157, class=java.lang.Object@50000172)
OBJ 50000d90 (sz=32, trace=300159, class=java.util.concurrent.ConcurrentHashMap$Node@50000024)
	key		50000c89
	val		50000d8f
OBJ 50000d91 (sz=16, trace=300160, class=java.lang.Object@50000172)
OBJ 50000d92 (sz=32, trace=300159, class=java.util.concurrent.ConcurrentHashMap$Node@50000024)
	key		50000c89
	val		50000d91
OBJ 50000d93 (sz=16, trace=300000, class=java.lang.Integer@5000010a)
OBJ 50000d94 (sz=16, trace=300000, class=java.lang.Integer@5000010a)
OBJ 50000d95 (sz=16, trace=300000, class=java.lang.Integer@5000010a)
OBJ 50000d96 (sz=16, trace=300000, class=java.lang.Integer@5000010a)
OBJ 50000d97 (sz=16, trace=300000, class=java.lang.Integer@5000010a)
OBJ 50000d98 (sz=16, trace=300000, class=java.lang.Integer@5000010a)
OBJ 50000d99 (sz=16, trace=300000, class=java.lang.Integer@5000010a)
OBJ 50000d9a (sz=16, trace=300000, class=java.lang.Integer@5000010a)
OBJ 50000d9b (sz=16, trace=300000, class=java.lang.Integer@5000010a)
OBJ 50000d9c (sz=16, trace=300000, class=java.lang.Integer@5000010a)
OBJ 50000d9d (sz=16, trace=300000, class=java.lang.Integer@5000010a)
OBJ 50000d9e (sz=16, trace=300000, class=java.lang.Integer@5000010a)
OBJ 50000d9f (sz=16, trace=300000, class=java.lang.Integer@5000010a)
OBJ 50000da0 (sz=16, trace=300000, class=java.lang.Integer@5000010a)
OBJ 50000da1 (sz=16, trace=300000, class=java.lang.Integer@5000010a)
OBJ 50000da2 (sz=16, trace=300000, class=java.lang.Integer@5000010a)
OBJ 50000da3 (sz=16, trace=300000, class=java.lang.Integer@5000010a)
OBJ 50000da4 (sz=16, trace=300000, class=java.lang.Integer@5000010a)
OBJ 50000da5 (sz=16, trace=300000, class=java.lang.Integer@5000010a)
OBJ 50000da6 (sz=16, trace=300000, class=java.lang.Integer@5000010a)
OBJ 50000da7 (sz=16, trace=300000, class=java.lang.Integer@5000010a)
OBJ 50000da8 (sz=16, trace=300000, class=java.lang.Integer@5000010a)
OBJ 50000da9 (sz=16, trace=300000, class=java.lang.Integer@5000010a)
OBJ 50000daa (sz=16, trace=300000, class=java.lang.Integer@5000010a)
OBJ 50000dab (sz=16, trace=300000, class=java.lang.Integer@5000010a)
OBJ 50000dac (sz=16, trace=300000, class=java.lang.Integer@5000010a)
OBJ 50000dad (sz=16, trace=300000, class=java.lang.Integer@5000010a)
OBJ 50000dae (sz=16, trace=300000, class=java.lang.Integer@5000010a)
OBJ 50000daf (sz=16, trace=300000, class=java.lang.Integer@5000010a)
OBJ 50000db0 (sz=16, trace=300000, class=java.lang.Integer@5000010a)
OBJ 50000db1 (sz=16, trace=300000, class=java.lang.Integer@5000010a)
OBJ 50000db2 (sz=16, trace=300000, class=java.lang.Integer@5000010a)
OBJ 50000db3 (sz=16, trace=300000, class=java.lang.Integer@5000010a)
OBJ 50000db4 (sz=16, trace=300000, class=java.lang.Integer@5000010a)
OBJ 50000db5 (sz=16, trace=300000, class=java.lang.Integer@5000010a)
OBJ 50000db6 (sz=16, trace=300000, class=java.lang.Integer@5000010a)
OBJ 50000db7 (sz=16, trace=300000, class=java.lang.Integer@5000010a)
OBJ 50000db8 (sz=16, trace=300000, class=java.lang.Integer@5000010a)
OBJ 50000db9 (sz=16, trace=300000, class=java.lang.Integer@5000010a)
OBJ 50000dba (sz=56, trace=300687, class=java.util.zip.ZipFile$ZipFileInputStream@5000055c)
OBJ 50000dbb (sz=16, trace=300000, class=java.lang.Integer@5000010a)
OBJ 50000dbc (sz=16, trace=300000, class=java.lang.Integer@5000010a)
OBJ 50000dbd (sz=16, trace=300000, class=java.lang.Integer@5000010a)
OBJ 50000dbe (sz=16, trace=300000, class=java.lang.Integer@5000010a)
OBJ 50000dbf (sz=16, trace=300000, class=java.lang.Integer@5000010a)
OBJ 50000dc0 (sz=16, trace=300000, class=java.lang.Integer@5000010a)
OBJ 50000dc1 (sz=16, trace=300000, class=java.lang.Integer@5000010a)
OBJ 50000dc2 (sz=16, trace=300000, class=java.lang.Integer@5000010a)
OBJ 50000dc3 (sz=16, trace=300000, class=java.lang.Integer@5000010a)
OBJ 50000dc4 (sz=16, trace=300000, class=java.lang.Integer@5000010a)
OBJ 50000dc5 (sz=16, trace=300000, class=java.lang.Integer@5000010a)
OBJ 50000dc7 (sz=16, trace=300157, class=java.lang.Object@50000172)
OBJ 50000dc8 (sz=32, trace=300159, class=java.util.concurrent.ConcurrentHashMap$Node@50000024)
	key		50000bb5
	val		50000dc7
	next		50001b0d
OBJ 50000dc9 (sz=16, trace=300160, class=java.lang.Object@50000172)
OBJ 50000dca (sz=32, trace=300159, class=java.util.concurrent.ConcurrentHashMap$Node@50000024)
	key		50000bb5
	val		50000dc9
	next		50001b0f
OBJ 50000dcb (sz=16, trace=300000, class=java.lang.Integer@5000010a)
OBJ 50000dcc (sz=16, trace=300000, class=java.lang.Integer@5000010a)
OBJ 50000dcd (sz=16, trace=300000, class=java.lang.Integer@5000010a)
OBJ 50000dce (sz=16, trace=300000, class=java.lang.Integer@5000010a)
OBJ 50000dcf (sz=56, trace=300687, class=java.util.zip.ZipFile$ZipFileInputStream@5000055c)
	this$0		500004ec
OBJ 50000dd0 (sz=40, trace=300106, class=java.lang.ref.Finalizer@5000014d)
	referent	50000dcf
	queue		500003aa
	next		50000d7c
	prev		50000e1d
OBJ 50000dd1 (sz=16, trace=300000, class=java.lang.Integer@5000010a)
OBJ 50000dd2 (sz=16, trace=300000, class=java.lang.Integer@5000010a)
OBJ 50000dd3 (sz=16, trace=300000, class=java.lang.Integer@5000010a)
OBJ 50000dd4 (sz=16, trace=300000, class=java.lang.Integer@5000010a)
OBJ 50000dd5 (sz=16, trace=300000, class=java.lang.Integer@5000010a)
OBJ 50000dd6 (sz=16, trace=300000, class=java.lang.Integer@5000010a)
OBJ 50000dd7 (sz=16, trace=300000, class=java.lang.Integer@5000010a)
OBJ 50000dd8 (sz=16, trace=300000, class=java.lang.Integer@5000010a)
OBJ 50000dd9 (sz=16, trace=300000, class=java.lang.Integer@5000010a)
OBJ 50000dda (sz=16, trace=300000, class=java.lang.Integer@5000010a)
OBJ 50000ddb (sz=16, trace=300000, class=java.lang.Integer@5000010a)
OBJ 50000ddc (sz=16, trace=300000, class=java.lang.Integer@5000010a)
OBJ 50000dde (sz=16, trace=300157, class=java.lang.Object@50000172)
OBJ 50000ddf (sz=32, trace=300159, class=java.util.concurrent.ConcurrentHashMap$Node@50000024)
	key		50000d19
	val		50000dde
	next		50001c38
OBJ 50000de0 (sz=16, trace=300160, class=java.lang.Object@50000172)
OBJ 50000de1 (sz=32, trace=300159, class=java.util.concurrent.ConcurrentHashMap$Node@50000024)
	key		50000d19
	val		50000de0
	next		50001c3f
OBJ 50000de2 (sz=16, trace=300000, class=java.lang.Integer@5000010a)
OBJ 50000de3 (sz=16, trace=300000, class=java.lang.Integer@5000010a)
OBJ 50000de4 (sz=16, trace=300000, class=java.lang.Integer@5000010a)
OBJ 50000de5 (sz=16, trace=300000, class=java.lang.Integer@5000010a)
OBJ 50000de6 (sz=16, trace=300000, class=java.lang.Integer@5000010a)
OBJ 50000de7 (sz=16, trace=300000, class=java.lang.Integer@5000010a)
OBJ 50000de8 (sz=16, trace=300000, class=java.lang.Integer@5000010a)
OBJ 50000de9 (sz=16, trace=300000, class=java.lang.Integer@5000010a)
OBJ 50000dea (sz=16, trace=300000, class=java.lang.Integer@5000010a)
OBJ 50000deb (sz=16, trace=300000, class=java.lang.Integer@5000010a)
OBJ 50000dec (sz=16, trace=300000, class=java.lang.Integer@5000010a)
OBJ 50000ded (sz=16, trace=300000, class=java.lang.Integer@5000010a)
OBJ 50000dee (sz=16, trace=300000, class=java.lang.Integer@5000010a)
OBJ 50000def (sz=16, trace=300000, class=java.lang.Integer@5000010a)
OBJ 50000df0 (sz=16, trace=300000, class=java.lang.Integer@5000010a)
OBJ 50000df1 (sz=16, trace=300000, class=java.lang.Integer@5000010a)
OBJ 50000df2 (sz=16, trace=300000, class=java.lang.Integer@5000010a)
OBJ 50000df3 (sz=16, trace=300000, class=java.lang.Integer@5000010a)
OBJ 50000df4 (sz=16, trace=300000, class=java.lang.Integer@5000010a)
OBJ 50000df5 (sz=16, trace=300000, class=java.lang.Integer@5000010a)
OBJ 50000df6 (sz=16, trace=300000, class=java.lang.Integer@5000010a)
OBJ 50000df7 (sz=16, trace=300000, class=java.lang.Integer@5000010a)
OBJ 50000df8 (sz=16, trace=300000, class=java.lang.Integer@5000010a)
OBJ 50000df9 (sz=16, trace=300000, class=java.lang.Integer@5000010a)
OBJ 50000dfa (sz=16, trace=300000, class=java.lang.Integer@5000010a)
OBJ 50000dfb (sz=16, trace=300000, class=java.lang.Integer@5000010a)
OBJ 50000dfc (sz=16, trace=300000, class=java.lang.Integer@5000010a)
OBJ 50000dfd (sz=16, trace=300000, class=java.lang.Integer@5000010a)
OBJ 50000dfe (sz=16, trace=300000, class=java.lang.Integer@5000010a)
OBJ 50000dff (sz=16, trace=300000, class=java.lang.Integer@5000010a)
OBJ 50000e00 (sz=56, trace=300687, class=java.util.zip.ZipFile$ZipFileInputStream@5000055c)
OBJ 50000e01 (sz=16, trace=300000, class=java.lang.Integer@5000010a)
OBJ 50000e02 (sz=16, trace=300000, class=java.lang.Integer@5000010a)
OBJ 50000e03 (sz=16, trace=300000, class=java.lang.Integer@5000010a)
OBJ 50000e04 (sz=16, trace=300000, class=java.lang.Integer@5000010a)
OBJ 50000e05 (sz=16, trace=300000, class=java.lang.Integer@5000010a)
OBJ 50000e06 (sz=16, trace=300000, class=java.lang.Integer@5000010a)
OBJ 50000e07 (sz=16, trace=300000, class=java.lang.Integer@5000010a)
OBJ 50000e08 (sz=16, trace=300000, class=java.lang.Integer@5000010a)
OBJ 50000e09 (sz=16, trace=300000, class=java.lang.Integer@5000010a)
OBJ 50000e0a (sz=16, trace=300000, class=java.lang.Integer@5000010a)
OBJ 50000e0b (sz=16, trace=300000, class=java.lang.Integer@5000010a)
OBJ 50000e0d (sz=16, trace=300157, class=java.lang.Object@50000172)
OBJ 50000e0e (sz=16, trace=300000, class=java.lang.Integer@5000010a)
OBJ 50000e0f (sz=16, trace=300160, class=java.lang.Object@50000172)
OBJ 50000e10 (sz=16, trace=300000, class=java.lang.Integer@5000010a)
OBJ 50000e11 (sz=16, trace=300000, class=java.lang.Integer@5000010a)
OBJ 50000e12 (sz=16, trace=300000, class=java.lang.Integer@5000010a)
OBJ 50000e13 (sz=16, trace=300000, class=java.lang.Integer@5000010a)
OBJ 50000e14 (sz=16, trace=300000, class=java.lang.Integer@5000010a)
OBJ 50000e15 (sz=16, trace=300000, class=java.lang.Integer@5000010a)
OBJ 50000e16 (sz=16, trace=300000, class=java.lang.Integer@5000010a)
OBJ 50000e17 (sz=16, trace=300000, class=java.lang.Integer@5000010a)
OBJ 50000e18 (sz=16, trace=300000, class=java.lang.Integer@5000010a)
OBJ 50000e19 (sz=16, trace=300000, class=java.lang.Integer@5000010a)
OBJ 50000e1a (sz=16, trace=300000, class=java.lang.Integer@5000010a)
OBJ 50000e1b (sz=16, trace=300000, class=java.lang.Integer@5000010a)
OBJ 50000e1c (sz=56, trace=300687, class=java.util.zip.ZipFile$ZipFileInputStream@5000055c)
	this$0		500004ec
OBJ 50000e1d (sz=40, trace=300106, class=java.lang.ref.Finalizer@5000014d)
	referent	50000e1c
	queue		500003aa
	next		50000dd0
	prev		50000e70
OBJ 50000e1e (sz=16, trace=300000, class=java.lang.Integer@5000010a)
OBJ 50000e1f (sz=16, trace=300000, class=java.lang.Integer@5000010a)
OBJ 50000e20 (sz=16, trace=300000, class=java.lang.Integer@5000010a)
OBJ 50000e21 (sz=16, trace=300000, class=java.lang.Integer@5000010a)
OBJ 50000e22 (sz=16, trace=300000, class=java.lang.Integer@5000010a)
OBJ 50000e23 (sz=16, trace=300000, class=java.lang.Integer@5000010a)
OBJ 50000e24 (sz=16, trace=300000, class=java.lang.Integer@5000010a)
OBJ 50000e25 (sz=16, trace=300000, class=java.lang.Integer@5000010a)
OBJ 50000e26 (sz=16, trace=300000, class=java.lang.Integer@5000010a)
OBJ 50000e27 (sz=16, trace=300000, class=java.lang.Integer@5000010a)
OBJ 50000e28 (sz=16, trace=300000, class=java.lang.Integer@5000010a)
OBJ 50000e29 (sz=16, trace=300000, class=java.lang.Integer@5000010a)
OBJ 50000e2a (sz=16, trace=300157, class=java.lang.Object@50000172)
OBJ 50000e2b (sz=32, trace=300683, class=java.util.concurrent.ConcurrentHashMap$Node@50000024)
	key		50000bd2
	val		50000e2a
OBJ 50000e2c (sz=16, trace=300160, class=java.lang.Object@50000172)
OBJ 50000e2d (sz=32, trace=300683, class=java.util.concurrent.ConcurrentHashMap$Node@50000024)
	key		50000bd2
	val		50000e2c
OBJ 50000e2f (sz=16, trace=300157, class=java.lang.Object@50000172)
OBJ 50000e30 (sz=32, trace=300683, class=java.util.concurrent.ConcurrentHashMap$Node@50000024)
	key		50000c73
	val		50000e2f
OBJ 50000e31 (sz=16, trace=300160, class=java.lang.Object@50000172)
OBJ 50000e32 (sz=32, trace=300683, class=java.util.concurrent.ConcurrentHashMap$Node@50000024)
	key		50000c73
	val		50000e31
OBJ 50000e33 (sz=16, trace=300000, class=java.lang.Integer@5000010a)
OBJ 50000e34 (sz=16, trace=300000, class=java.lang.Integer@5000010a)
OBJ 50000e35 (sz=16, trace=300000, class=java.lang.Integer@5000010a)
OBJ 50000e36 (sz=16, trace=300000, class=java.lang.Integer@5000010a)
OBJ 50000e37 (sz=16, trace=300000, class=java.lang.Integer@5000010a)
OBJ 50000e38 (sz=16, trace=300000, class=java.lang.Integer@5000010a)
OBJ 50000e39 (sz=16, trace=300000, class=java.lang.Integer@5000010a)
OBJ 50000e3a (sz=16, trace=300000, class=java.lang.Integer@5000010a)
OBJ 50000e3b (sz=16, trace=300000, class=java.lang.Integer@5000010a)
OBJ 50000e3c (sz=16, trace=300000, class=java.lang.Integer@5000010a)
OBJ 50000e3d (sz=16, trace=300000, class=java.lang.Integer@5000010a)
OBJ 50000e3e (sz=16, trace=300000, class=java.lang.Integer@5000010a)
OBJ 50000e3f (sz=16, trace=300000, class=java.lang.Integer@5000010a)
OBJ 50000e40 (sz=16, trace=300000, class=java.lang.Integer@5000010a)
OBJ 50000e41 (sz=16, trace=300000, class=java.lang.Integer@5000010a)
OBJ 50000e42 (sz=16, trace=300000, class=java.lang.Integer@5000010a)
OBJ 50000e43 (sz=16, trace=300000, class=java.lang.Integer@5000010a)
OBJ 50000e44 (sz=16, trace=300000, class=java.lang.Integer@5000010a)
OBJ 50000e45 (sz=16, trace=300000, class=java.lang.Integer@5000010a)
OBJ 50000e46 (sz=56, trace=300687, class=java.util.zip.ZipFile$ZipFileInputStream@5000055c)
OBJ 50000e47 (sz=16, trace=300000, class=java.lang.Integer@5000010a)
OBJ 50000e48 (sz=16, trace=300000, class=java.lang.Integer@5000010a)
OBJ 50000e49 (sz=16, trace=300000, class=java.lang.Integer@5000010a)
OBJ 50000e4a (sz=16, trace=300000, class=java.lang.Integer@5000010a)
OBJ 50000e4b (sz=16, trace=300000, class=java.lang.Integer@5000010a)
OBJ 50000e4c (sz=16, trace=300000, class=java.lang.Integer@5000010a)
OBJ 50000e4d (sz=16, trace=300000, class=java.lang.Integer@5000010a)
OBJ 50000e4e (sz=16, trace=300000, class=java.lang.Integer@5000010a)
OBJ 50000e4f (sz=16, trace=300000, class=java.lang.Integer@5000010a)
OBJ 50000e50 (sz=16, trace=300000, class=java.lang.Integer@5000010a)
OBJ 50000e51 (sz=16, trace=300000, class=java.lang.Integer@5000010a)
OBJ 50000e53 (sz=16, trace=300157, class=java.lang.Object@50000172)
OBJ 50000e54 (sz=32, trace=300683, class=java.util.concurrent.ConcurrentHashMap$Node@50000024)
	key		50000b18
	val		50000e53
OBJ 50000e55 (sz=16, trace=300160, class=java.lang.Object@50000172)
OBJ 50000e56 (sz=32, trace=300683, class=java.util.concurrent.ConcurrentHashMap$Node@50000024)
	key		50000b18
	val		50000e55
OBJ 50000e57 (sz=16, trace=300000, class=java.lang.Integer@5000010a)
OBJ 50000e58 (sz=16, trace=300000, class=java.lang.Integer@5000010a)
OBJ 50000e59 (sz=16, trace=300000, class=java.lang.Integer@5000010a)
OBJ 50000e5a (sz=16, trace=300000, class=java.lang.Integer@5000010a)
OBJ 50000e5b (sz=16, trace=300000, class=java.lang.Integer@5000010a)
OBJ 50000e5c (sz=16, trace=300000, class=java.lang.Integer@5000010a)
OBJ 50000e5d (sz=16, trace=300000, class=java.lang.Integer@5000010a)
OBJ 50000e5e (sz=16, trace=300000, class=java.lang.Integer@5000010a)
OBJ 50000e5f (sz=16, trace=300000, class=java.lang.Integer@5000010a)
OBJ 50000e60 (sz=16, trace=300000, class=java.lang.Integer@5000010a)
OBJ 50000e61 (sz=16, trace=300000, class=java.lang.Integer@5000010a)
OBJ 50000e62 (sz=16, trace=300000, class=java.lang.Integer@5000010a)
OBJ 50000e63 (sz=16, trace=300000, class=java.lang.Integer@5000010a)
OBJ 50000e64 (sz=16, trace=300000, class=java.lang.Integer@5000010a)
OBJ 50000e65 (sz=16, trace=300000, class=java.lang.Integer@5000010a)
OBJ 50000e66 (sz=16, trace=300000, class=java.lang.Integer@5000010a)
OBJ 50000e67 (sz=16, trace=300000, class=java.lang.Integer@5000010a)
OBJ 50000e68 (sz=16, trace=300000, class=java.lang.Integer@5000010a)
OBJ 50000e69 (sz=16, trace=300000, class=java.lang.Integer@5000010a)
OBJ 50000e6a (sz=16, trace=300000, class=java.lang.Integer@5000010a)
OBJ 50000e6b (sz=16, trace=300000, class=java.lang.Integer@5000010a)
OBJ 50000e6c (sz=16, trace=300000, class=java.lang.Integer@5000010a)
OBJ 50000e6d (sz=16, trace=300000, class=java.lang.Integer@5000010a)
OBJ 50000e6e (sz=16, trace=300000, class=java.lang.Integer@5000010a)
OBJ 50000e6f (sz=56, trace=300687, class=java.util.zip.ZipFile$ZipFileInputStream@5000055c)
	this$0		500004ec
OBJ 50000e70 (sz=40, trace=300106, class=java.lang.ref.Finalizer@5000014d)
	referent	50000e6f
	queue		500003aa
	next		50000e1d
	prev		50000ec1
OBJ 50000e71 (sz=16, trace=300000, class=java.lang.Integer@5000010a)
OBJ 50000e72 (sz=16, trace=300000, class=java.lang.Integer@5000010a)
OBJ 50000e73 (sz=16, trace=300000, class=java.lang.Integer@5000010a)
OBJ 50000e74 (sz=16, trace=300000, class=java.lang.Integer@5000010a)
OBJ 50000e75 (sz=16, trace=300000, class=java.lang.Integer@5000010a)
OBJ 50000e76 (sz=16, trace=300000, class=java.lang.Integer@5000010a)
OBJ 50000e77 (sz=16, trace=300000, class=java.lang.Integer@5000010a)
OBJ 50000e78 (sz=16, trace=300000, class=java.lang.Integer@5000010a)
OBJ 50000e79 (sz=16, trace=300000, class=java.lang.Integer@5000010a)
OBJ 50000e7a (sz=16, trace=300000, class=java.lang.Integer@5000010a)
OBJ 50000e7b (sz=16, trace=300000, class=java.lang.Integer@5000010a)
OBJ 50000e7c (sz=16, trace=300000, class=java.lang.Integer@5000010a)
OBJ 50000e7d (sz=16, trace=300000, class=java.lang.Integer@5000010a)
OBJ 50000e80 (sz=16, trace=300157, class=java.lang.Object@50000172)
OBJ 50000e81 (sz=32, trace=300159, class=java.util.concurrent.ConcurrentHashMap$Node@50000024)
	key		50000c77
	val		50000e80
OBJ 50000e82 (sz=16, trace=300160, class=java.lang.Object@50000172)
OBJ 50000e83 (sz=32, trace=300159, class=java.util.concurrent.ConcurrentHashMap$Node@50000024)
	key		50000c77
	val		50000e82
OBJ 50000e84 (sz=16, trace=300000, class=java.lang.Integer@5000010a)
OBJ 50000e85 (sz=16, trace=300000, class=java.lang.Integer@5000010a)
OBJ 50000e86 (sz=16, trace=300000, class=java.lang.Integer@5000010a)
OBJ 50000e87 (sz=16, trace=300000, class=java.lang.Integer@5000010a)
OBJ 50000e88 (sz=16, trace=300000, class=java.lang.Integer@5000010a)
OBJ 50000e89 (sz=16, trace=300000, class=java.lang.Integer@5000010a)
OBJ 50000e8a (sz=16, trace=300000, class=java.lang.Integer@5000010a)
OBJ 50000e8b (sz=16, trace=300000, class=java.lang.Integer@5000010a)
OBJ 50000e8c (sz=56, trace=300687, class=java.util.zip.ZipFile$ZipFileInputStream@5000055c)
OBJ 50000e8d (sz=16, trace=300000, class=java.lang.Integer@5000010a)
OBJ 50000e8e (sz=16, trace=300000, class=java.lang.Integer@5000010a)
OBJ 50000e8f (sz=16, trace=300000, class=java.lang.Integer@5000010a)
OBJ 50000e90 (sz=16, trace=300000, class=java.lang.Integer@5000010a)
OBJ 50000e91 (sz=16, trace=300000, class=java.lang.Integer@5000010a)
OBJ 50000e92 (sz=16, trace=300000, class=java.lang.Integer@5000010a)
ARR 50000e93 (sz=70, trace=300000, nelems=35, elem type=char[])
OBJ 50000e94 (sz=24, trace=300000, class=java.lang.String@5000016e)
	value		50000ea2
OBJ 50000e95 (sz=24, trace=300000, class=java.lang.String@5000016e)
	value		50000ea1
OBJ 50000e96 (sz=24, trace=300000, class=java.lang.String@5000016e)
	value		50000ea0
ARR 50000e97 (sz=512, trace=300000, nelems=256, elem type=char[])
ARR 50000e98 (sz=1024, trace=300000, nelems=256, elem type=int[])
OBJ 50000e99 (sz=16, trace=300000, class=java.lang.CharacterDataLatin1@50000015)
OBJ 50000e9b (sz=16, trace=300157, class=java.lang.Object@50000172)
OBJ 50000e9c (sz=32, trace=300159, class=java.util.concurrent.ConcurrentHashMap$Node@50000024)
	key		50000b16
	val		50000e9b
OBJ 50000e9d (sz=16, trace=300160, class=java.lang.Object@50000172)
OBJ 50000e9e (sz=32, trace=300159, class=java.util.concurrent.ConcurrentHashMap$Node@50000024)
	key		50000b16
	val		50000e9d
ARR 50000e9f (sz=4, trace=300000, nelems=2, elem type=char[])
ARR 50000ea0 (sz=1024, trace=300000, nelems=512, elem type=char[])
ARR 50000ea1 (sz=512, trace=300000, nelems=256, elem type=char[])
ARR 50000ea2 (sz=8, trace=300000, nelems=4, elem type=char[])
ARR 50000ea3 (sz=6, trace=300000, nelems=3, elem type=char[])
ARR 50000ea4 (sz=8, trace=300000, nelems=4, elem type=char[])
OBJ 50000ea5 (sz=24, trace=300000, class=java.lang.String@5000016e)
	value		50000ea6
ARR 50000ea6 (sz=10, trace=300000, nelems=5, elem type=char[])
OBJ 50000ea7 (sz=24, trace=300000, class=java.lang.String@5000016e)
	value		50000ea8
ARR 50000ea8 (sz=8, trace=300000, nelems=4, elem type=char[])
ARR 50000ea9 (sz=22, trace=300000, nelems=11, elem type=char[])
OBJ 50000eaa (sz=24, trace=300000, class=java.lang.String@5000016e)
	value		50000eac
ARR 50000eab (sz=16, trace=300000, nelems=8, elem type=char[])
ARR 50000eac (sz=98, trace=300000, nelems=49, elem type=char[])
OBJ 50000ead (sz=24, trace=300000, class=java.lang.String@5000016e)
	value		50000ec4
OBJ 50000eae (sz=24, trace=300000, class=java.lang.String@5000016e)
	value		50000eb9
OBJ 50000eaf (sz=24, trace=300000, class=java.lang.String@5000016e)
	value		50000ebe
OBJ 50000eb0 (sz=24, trace=300000, class=java.lang.String@5000016e)
	value		50000ebd
OBJ 50000eb1 (sz=24, trace=300000, class=java.lang.String@5000016e)
	value		50000ebb
OBJ 50000eb2 (sz=48, trace=300000, class=java.util.HashMap@500000c6)
	table		50000ebf
OBJ 50000eb3 (sz=48, trace=300000, class=java.util.HashMap@500000c6)
	table		50000eb4
ARR 50000eb4 (sz=80, trace=300000, nelems=11, elem type=java.util.HashMap$Node[]@500000c2)
	[2]		50000eb5
	[5]		50000eb6
	[10]		50000eb7
OBJ 50000eb5 (sz=32, trace=300000, class=java.util.HashMap$Node@500000c4)
	key		500000c7
	value		50000ebc
OBJ 50000eb6 (sz=32, trace=300000, class=java.util.HashMap$Node@500000c4)
	key		50000167
	value		50000eba
OBJ 50000eb7 (sz=32, trace=300000, class=java.util.HashMap$Node@500000c4)
	key		5000016a
	value		50000eb8
ARR 50000eb8 (sz=24, trace=300000, nelems=1, elem type=java.lang.String[]@500000c8)
	[0]		50000eae
ARR 50000eb9 (sz=22, trace=300000, nelems=11, elem type=char[])
ARR 50000eba (sz=24, trace=300000, nelems=1, elem type=java.lang.String[]@500000c8)
	[0]		50000eb1
ARR 50000ebb (sz=16, trace=300000, nelems=8, elem type=char[])
ARR 50000ebc (sz=24, trace=300000, nelems=2, elem type=java.lang.String[]@500000c8)
	[0]		50000eaf
	[1]		50000eb0
ARR 50000ebd (sz=30, trace=300000, nelems=15, elem type=char[])
ARR 50000ebe (sz=28, trace=300000, nelems=14, elem type=char[])
ARR 50000ebf (sz=80, trace=300000, nelems=4, elem type=java.util.HashMap$Node[]@500000c2)
	[3]		50000ec2
OBJ 50000ec0 (sz=56, trace=300687, class=java.util.zip.ZipFile$ZipFileInputStream@5000055c)
	this$0		500004ec
OBJ 50000ec1 (sz=40, trace=300106, class=java.lang.ref.Finalizer@5000014d)
	referent	50000ec0
	queue		500003aa
	next		50000e70
	prev		50000f10
OBJ 50000ec2 (sz=32, trace=300000, class=java.util.HashMap$Node@500000c4)
	key		50000120
	value		50000ec3
ARR 50000ec3 (sz=24, trace=300000, nelems=1, elem type=java.lang.String[]@500000c8)
	[0]		50000ead
ARR 50000ec4 (sz=18, trace=300000, nelems=9, elem type=char[])
ARR 50000ec5 (sz=10, trace=300000, nelems=5, elem type=char[])
ARR 50000ec6 (sz=26, trace=300000, nelems=13, elem type=char[])
ARR 50000ec7 (sz=14, trace=300000, nelems=7, elem type=char[])
ARR 50000ec8 (sz=68, trace=300000, nelems=34, elem type=char[])
ARR 50000ec9 (sz=18, trace=300000, nelems=9, elem type=char[])
ARR 50000eca (sz=18, trace=300000, nelems=9, elem type=char[])
ARR 50000ecb (sz=20, trace=300000, nelems=10, elem type=char[])
ARR 50000ecc (sz=56, trace=300000, nelems=0, elem type=java.lang.Object[]@50000108)
OBJ 50000ecd (sz=16, trace=300000, class=java.security.ProtectionDomain$Key@50000008)
	this$0		50000a9e
OBJ 50000ecf (sz=16, trace=300157, class=java.lang.Object@50000172)
OBJ 50000ed0 (sz=32, trace=300159, class=java.util.concurrent.ConcurrentHashMap$Node@50000024)
	key		50000cb1
	val		50000ecf
OBJ 50000ed1 (sz=16, trace=300160, class=java.lang.Object@50000172)
OBJ 50000ed2 (sz=32, trace=300159, class=java.util.concurrent.ConcurrentHashMap$Node@50000024)
	key		50000cb1
	val		50000ed1
ARR 50000ed3 (sz=16, trace=300000, nelems=0, elem type=java.security.Principal[]@50000006)
OBJ 50000ed4 (sz=56, trace=300687, class=java.util.zip.ZipFile$ZipFileInputStream@5000055c)
OBJ 50000ed5 (sz=32, trace=300000, class=java.security.CodeSource@50000114)
OBJ 50000ed6 (sz=24, trace=300000, class=java.lang.String@5000016e)
	value		50001891
OBJ 50000ed7 (sz=24, trace=300000, class=java.lang.String@5000016e)
	value		50000f54
OBJ 50000ed8 (sz=24, trace=300000, class=java.lang.String@5000016e)
	value		5000188b
OBJ 50000ed9 (sz=24, trace=300000, class=java.lang.String@5000016e)
	value		50000eee
OBJ 50000eda (sz=24, trace=300000, class=java.lang.String@5000016e)
	value		50001887
OBJ 50000edb (sz=24, trace=300000, class=java.lang.String@5000016e)
	value		5000188d
OBJ 50000edc (sz=24, trace=300000, class=java.lang.String@5000016e)
	value		50000eea
OBJ 50000edd (sz=24, trace=300000, class=java.lang.String@5000016e)
	value		5000188c
OBJ 50000ede (sz=24, trace=300000, class=java.lang.String@5000016e)
	value		5000188e
OBJ 50000edf (sz=24, trace=300000, class=java.lang.String@5000016e)
	value		50001889
OBJ 50000ee0 (sz=24, trace=300000, class=java.lang.String@5000016e)
	value		50000ee9
OBJ 50000ee2 (sz=16, trace=300157, class=java.lang.Object@50000172)
OBJ 50000ee3 (sz=24, trace=300000, class=java.lang.String@5000016e)
	value		50001890
OBJ 50000ee4 (sz=16, trace=300160, class=java.lang.Object@50000172)
OBJ 50000ee5 (sz=24, trace=300000, class=java.lang.String@5000016e)
	value		5000188f
ARR 50000ee6 (sz=48, trace=300000, nelems=7, elem type=java.io.ObjectStreamField[]@500000fa)
	[0]		5000187e
	[1]		5000187f
	[2]		50001880
	[3]		50001881
	[4]		50001882
	[5]		50001883
	[6]		50001884
OBJ 50000ee7 (sz=16, trace=300000, class=java.lang.Object@50000172)
OBJ 50000ee8 (sz=48, trace=300000, class=java.util.Hashtable@50000145)
	table		50000eeb
ARR 50000ee9 (sz=40, trace=300000, nelems=20, elem type=char[])
ARR 50000eea (sz=52, trace=300000, nelems=26, elem type=char[])
ARR 50000eeb (sz=64, trace=300000, nelems=7, elem type=java.util.Hashtable$Entry[]@500000bf)
	[6]		50000eec
OBJ 50000eec (sz=32, trace=300000, class=java.util.Hashtable$Entry@500000c0)
	key		50000ed9
	value		50000eed
OBJ 50000eed (sz=16, trace=300000, class=sun.net.www.protocol.file.Handler@5000000e)
ARR 50000eee (sz=8, trace=300000, nelems=4, elem type=char[])
OBJ 50000eef (sz=24, trace=300000, class=java.lang.String@5000016e)
	value		5000187d
OBJ 50000ef0 (sz=24, trace=300000, class=java.lang.String@5000016e)
	value		50000ef5
OBJ 50000ef1 (sz=24, trace=300000, class=java.lang.String@5000016e)
	value		50000ef6
OBJ 50000ef2 (sz=24, trace=300000, class=java.lang.String@5000016e)
	value		50000ef8
OBJ 50000ef3 (sz=24, trace=300000, class=java.lang.String@5000016e)
	value		50001859
OBJ 50000ef4 (sz=24, trace=300000, class=java.lang.String@5000016e)
	value		50000ef7
ARR 50000ef5 (sz=28, trace=300000, nelems=14, elem type=char[])
ARR 50000ef6 (sz=24, trace=300000, nelems=12, elem type=char[])
ARR 50000ef7 (sz=20, trace=300000, nelems=10, elem type=char[])
ARR 50000ef8 (sz=26, trace=300000, nelems=13, elem type=char[])
OBJ 50000ef9 (sz=24, trace=300000, class=java.lang.String@5000016e)
	value		50000efc
OBJ 50000efa (sz=24, trace=300000, class=java.lang.String@5000016e)
	value		50000efb
ARR 50000efb (sz=38, trace=300000, nelems=19, elem type=char[])
ARR 50000efc (sz=50, trace=300000, nelems=25, elem type=char[])
OBJ 50000efd (sz=24, trace=300000, class=java.lang.String@5000016e)
	value		5000187a
OBJ 50000efe (sz=24, trace=300000, class=java.lang.String@5000016e)
	value		50000f58
OBJ 50000eff (sz=24, trace=300000, class=java.lang.String@5000016e)
	value		50001879
OBJ 50000f00 (sz=24, trace=300000, class=java.lang.String@5000016e)
	value		50001869
OBJ 50000f01 (sz=24, trace=300000, class=java.lang.String@5000016e)
	value		50001868
OBJ 50000f02 (sz=24, trace=300000, class=java.lang.String@5000016e)
	value		50001867
OBJ 50000f03 (sz=24, trace=300000, class=java.lang.String@5000016e)
	value		50001866
OBJ 50000f04 (sz=24, trace=300000, class=java.lang.String@5000016e)
	value		50001865
OBJ 50000f05 (sz=24, trace=300000, class=java.lang.String@5000016e)
	value		50001864
OBJ 50000f06 (sz=24, trace=300000, class=java.lang.String@5000016e)
	value		50001863
OBJ 50000f07 (sz=24, trace=300000, class=java.lang.String@5000016e)
	value		50001862
OBJ 50000f08 (sz=24, trace=300000, class=java.lang.String@5000016e)
	value		50001861
OBJ 50000f09 (sz=24, trace=300000, class=java.lang.String@5000016e)
	value		5000166e
ARR 50000f0a (sz=32, trace=300000, nelems=16, elem type=char[])
OBJ 50000f0b (sz=24, trace=300000, class=java.util.BitSet@50000011)
	words		50000f0c
ARR 50000f0c (sz=32, trace=300000, nelems=4, elem type=long[])
OBJ 50000f0d (sz=24, trace=300000, class=java.lang.String@5000016e)
	value		50000f16
OBJ 50000f0e (sz=24, trace=300000, class=java.lang.String@5000016e)
	value		50000f14
OBJ 50000f0f (sz=56, trace=300687, class=java.util.zip.ZipFile$ZipFileInputStream@5000055c)
	this$0		500004ec
OBJ 50000f10 (sz=40, trace=300106, class=java.lang.ref.Finalizer@5000014d)
	referent	50000f0f
	queue		500003aa
	next		50000ec1
	prev		50000f80
ARR 50000f11 (sz=24, trace=300000, nelems=1, elem type=java.io.ObjectStreamField[]@500000fa)
	[0]		50000f12
OBJ 50000f12 (sz=40, trace=300000, class=java.io.ObjectStreamField@500000fc)
	name		50000f0e
	signature	50000f13
	type		50000173
OBJ 50000f13 (sz=24, trace=300000, class=java.lang.String@5000016e)
	value		50000f15
ARR 50000f14 (sz=8, trace=300000, nelems=4, elem type=char[])
ARR 50000f15 (sz=4, trace=300000, nelems=2, elem type=char[])
ARR 50000f16 (sz=28, trace=300000, nelems=14, elem type=char[])
OBJ 50000f17 (sz=16, trace=300000, class=java.util.concurrent.atomic.AtomicInteger@50000085)
OBJ 50000f18 (sz=24, trace=300000, class=java.lang.String@5000016e)
	value		50001860
OBJ 50000f19 (sz=16, trace=300000, class=java.security.ProtectionDomain$JavaSecurityAccessImpl@5000000b)
OBJ 50000f1a (sz=16, trace=300000, class=java.security.ProtectionDomain$2@50000009)
OBJ 50000f1b (sz=56, trace=300687, class=java.util.zip.ZipFile$ZipFileInputStream@5000055c)
OBJ 50000f1c (sz=16, trace=300000, class=java.io.FileDescriptor$1@500000b0)
OBJ 50000f1d (sz=16, trace=300000, class=java.nio.Bits$1@50000070)
OBJ 50000f1e (sz=16, trace=300000, class=java.net.URLClassLoader$7@50000044)
OBJ 50000f1f (sz=16, trace=300157, class=java.lang.Object@50000172)
OBJ 50000f20 (sz=32, trace=300159, class=java.util.concurrent.ConcurrentHashMap$Node@50000024)
	key		50000cdf
	val		50000f1f
OBJ 50000f21 (sz=16, trace=300160, class=java.lang.Object@50000172)
OBJ 50000f22 (sz=32, trace=300159, class=java.util.concurrent.ConcurrentHashMap$Node@50000024)
	key		50000cdf
	val		50000f21
OBJ 50000f25 (sz=24, trace=301054, class=com.sun.tools.javac.util.AbstractDiagnosticFormatter$1@500004e0)
OBJ 50000f26 (sz=24, trace=301055, class=com.sun.tools.javac.util.JCDiagnostic$DiagnosticFlag@50001d72)
	name		50002cad
OBJ 50000f27 (sz=24, trace=301056, class=com.sun.tools.javac.util.JCDiagnostic$DiagnosticFlag@50001d72)
	name		50002cb0
OBJ 50000f29 (sz=16, trace=300157, class=java.lang.Object@50000172)
OBJ 50000f2a (sz=32, trace=300683, class=java.util.concurrent.ConcurrentHashMap$Node@50000024)
	key		50000b10
	val		50000f29
OBJ 50000f2b (sz=16, trace=300160, class=java.lang.Object@50000172)
OBJ 50000f2c (sz=32, trace=300683, class=java.util.concurrent.ConcurrentHashMap$Node@50000024)
	key		50000b10
	val		50000f2b
OBJ 50000f2d (sz=24, trace=301057, class=com.sun.tools.javac.util.JCDiagnostic$DiagnosticFlag@50001d72)
	name		50002cb1
OBJ 50000f2e (sz=24, trace=301058, class=com.sun.tools.javac.util.JCDiagnostic$DiagnosticFlag@50001d72)
	name		50002caf
OBJ 50000f2f (sz=24, trace=301059, class=com.sun.tools.javac.util.JCDiagnostic$DiagnosticFlag@50001d72)
	name		50002cae
OBJ 50000f30 (sz=24, trace=301060, class=com.sun.tools.javac.util.JCDiagnostic$DiagnosticFlag@50001d72)
	name		50002cac
ARR 50000f32 (sz=40, trace=301061, nelems=6, elem type=com.sun.tools.javac.util.JCDiagnostic$DiagnosticFlag[]@50000f31)
	[0]		50000f26
	[1]		50000f27
	[2]		50000f2d
	[3]		50000f2e
	[4]		50000f2f
	[5]		50000f30
OBJ 50000f33 (sz=16, trace=300000, class=java.lang.ref.Reference$1@500000cd)
OBJ 50000f34 (sz=24, trace=300000, class=java.lang.String@5000016e)
	value		50000f4c
OBJ 50000f35 (sz=24, trace=300000, class=java.lang.String@5000016e)
	value		5000170b
OBJ 50000f36 (sz=56, trace=300679, class=java.lang.Class$ReflectionData@500000a5)
OBJ 50000f37 (sz=40, trace=300040, class=java.lang.ref.SoftReference@50000152)
OBJ 50000f38 (sz=88, trace=300681, class=java.lang.reflect.Method@5000013e)
OBJ 50000f39 (sz=24, trace=300000, class=java.lang.String@5000016e)
	value		50000f4d
OBJ 50000f3a (sz=24, trace=300000, class=java.lang.String@5000016e)
	value		5000170a
OBJ 50000f3b (sz=24, trace=300811, class=sun.reflect.NativeMethodAccessorImpl@5000162e)
OBJ 50000f3c (sz=16, trace=300813, class=sun.reflect.DelegatingMethodAccessorImpl@50001630)
OBJ 50000f3d (sz=32, trace=300815, class=java.util.RegularEnumSet@50001632)
OBJ 50000f3e (sz=32, trace=300221, class=java.util.HashMap$Node@500000c4)
OBJ 50000f3f (sz=16, trace=300157, class=java.lang.Object@50000172)
OBJ 50000f40 (sz=32, trace=300683, class=java.util.concurrent.ConcurrentHashMap$Node@50000024)
	key		50000cb3
	val		50000f3f
OBJ 50000f41 (sz=16, trace=300160, class=java.lang.Object@50000172)
OBJ 50000f42 (sz=32, trace=300683, class=java.util.concurrent.ConcurrentHashMap$Node@50000024)
	key		50000cb3
	val		50000f41
OBJ 50000f43 (sz=24, trace=300000, class=java.lang.String@5000016e)
	value		50000f98
OBJ 50000f44 (sz=24, trace=300000, class=java.lang.String@5000016e)
	value		50001709
OBJ 50000f45 (sz=24, trace=300000, class=java.lang.String@5000016e)
	value		50001708
OBJ 50000f46 (sz=24, trace=300000, class=java.lang.String@5000016e)
	value		50001707
OBJ 50000f47 (sz=24, trace=300000, class=java.lang.String@5000016e)
	value		50001706
OBJ 50000f48 (sz=24, trace=300000, class=java.lang.String@5000016e)
	value		50001705
OBJ 50000f49 (sz=24, trace=300000, class=java.lang.String@5000016e)
	value		50001704
OBJ 50000f4a (sz=24, trace=300000, class=java.lang.String@5000016e)
	value		50001703
OBJ 50000f4b (sz=24, trace=300000, class=java.lang.String@5000016e)
	value		50001702
ARR 50000f4c (sz=40, trace=300000, nelems=20, elem type=char[])
ARR 50000f4d (sz=24, trace=300000, nelems=12, elem type=char[])
OBJ 50000f4e (sz=24, trace=300000, class=java.lang.String@5000016e)
	value		50000fa4
OBJ 50000f4f (sz=24, trace=300000, class=java.lang.String@5000016e)
	value		50000f9f
OBJ 50000f50 (sz=24, trace=300000, class=java.lang.String@5000016e)
	value		50000f75
OBJ 50000f51 (sz=24, trace=300000, class=java.lang.String@5000016e)
	value		50000f57
OBJ 50000f52 (sz=24, trace=300000, class=java.lang.String@5000016e)
	value		50000f56
OBJ 50000f53 (sz=24, trace=300000, class=java.lang.String@5000016e)
	value		50000f55
ARR 50000f54 (sz=2, trace=300000, nelems=1, elem type=char[])
ARR 50000f55 (sz=16, trace=300000, nelems=8, elem type=char[])
ARR 50000f56 (sz=26, trace=300000, nelems=13, elem type=char[])
ARR 50000f57 (sz=4, trace=300000, nelems=2, elem type=char[])
ARR 50000f58 (sz=2, trace=300000, nelems=1, elem type=char[])
ARR 50000f59 (sz=16, trace=300000, nelems=0, elem type=java.lang.Object[]@50000108)
OBJ 50000f5a (sz=24, trace=300000, class=java.lang.String@5000016e)
	value		50000f68
OBJ 50000f5b (sz=24, trace=300000, class=java.lang.String@5000016e)
	value		50000f61
OBJ 50000f5c (sz=24, trace=300000, class=java.lang.String@5000016e)
	value		50000f67
OBJ 50000f5d (sz=24, trace=300000, class=java.lang.String@5000016e)
	value		50000f66
OBJ 50000f5e (sz=24, trace=300000, class=java.lang.String@5000016e)
	value		50000f65
OBJ 50000f5f (sz=24, trace=300000, class=java.lang.String@5000016e)
	value		50000f64
OBJ 50000f60 (sz=24, trace=300000, class=java.lang.String@5000016e)
	value		50000f63
ARR 50000f61 (sz=4, trace=300000, nelems=2, elem type=char[])
OBJ 50000f62 (sz=56, trace=300687, class=java.util.zip.ZipFile$ZipFileInputStream@5000055c)
ARR 50000f63 (sz=4, trace=300000, nelems=2, elem type=char[])
ARR 50000f64 (sz=4, trace=300000, nelems=2, elem type=char[])
ARR 50000f65 (sz=4, trace=300000, nelems=2, elem type=char[])
ARR 50000f66 (sz=4, trace=300000, nelems=2, elem type=char[])
ARR 50000f67 (sz=4, trace=300000, nelems=2, elem type=char[])
ARR 50000f68 (sz=2, trace=300000, nelems=1, elem type=char[])
OBJ 50000f69 (sz=24, trace=300000, class=java.lang.String@5000016e)
	value		50000f9e
OBJ 50000f6a (sz=24, trace=300000, class=java.lang.String@5000016e)
	value		50000f9d
OBJ 50000f6b (sz=24, trace=300000, class=java.lang.String@5000016e)
	value		50000f9a
OBJ 50000f6c (sz=24, trace=300000, class=java.lang.String@5000016e)
	value		50000f74
OBJ 50000f6d (sz=24, trace=300000, class=java.lang.String@5000016e)
	value		50000f6e
ARR 50000f6e (sz=62, trace=300000, nelems=31, elem type=char[])
OBJ 50000f70 (sz=16, trace=300157, class=java.lang.Object@50000172)
OBJ 50000f71 (sz=32, trace=300159, class=java.util.concurrent.ConcurrentHashMap$Node@50000024)
	key		50000b0e
	val		50000f70
OBJ 50000f72 (sz=16, trace=300160, class=java.lang.Object@50000172)
OBJ 50000f73 (sz=32, trace=300159, class=java.util.concurrent.ConcurrentHashMap$Node@50000024)
	key		50000b0e
	val		50000f72
ARR 50000f74 (sz=52, trace=300000, nelems=26, elem type=char[])
ARR 50000f75 (sz=52, trace=300000, nelems=26, elem type=char[])
OBJ 50000f76 (sz=24, trace=300000, class=java.lang.String@5000016e)
	value		50000f7c
OBJ 50000f77 (sz=24, trace=300000, class=java.lang.String@5000016e)
	value		50000f7b
OBJ 50000f78 (sz=24, trace=300000, class=java.lang.String@5000016e)
	value		50000f7a
ARR 50000f79 (sz=32, trace=300000, nelems=16, elem type=char[])
ARR 50000f7a (sz=38, trace=300000, nelems=19, elem type=char[])
ARR 50000f7b (sz=48, trace=300000, nelems=24, elem type=char[])
ARR 50000f7c (sz=32, trace=300000, nelems=16, elem type=char[])
OBJ 50000f7d (sz=24, trace=300000, class=java.lang.String@5000016e)
	value		50000f99
OBJ 50000f7e (sz=24, trace=300000, class=java.lang.String@5000016e)
	value		50000f97
OBJ 50000f7f (sz=56, trace=300687, class=java.util.zip.ZipFile$ZipFileInputStream@5000055c)
	this$0		500004ec
OBJ 50000f80 (sz=40, trace=300106, class=java.lang.ref.Finalizer@5000014d)
	referent	50000f7f
	queue		500003aa
	next		50000f10
	prev		50000fe7
OBJ 50000f81 (sz=24, trace=300000, class=java.lang.String@5000016e)
	value		50000f96
OBJ 50000f82 (sz=24, trace=300000, class=java.lang.String@5000016e)
	value		50000f8c
OBJ 50000f83 (sz=24, trace=300000, class=java.lang.String@5000016e)
	value		50000f8b
OBJ 50000f84 (sz=24, trace=300000, class=java.lang.String@5000016e)
	value		50000f8a
OBJ 50000f85 (sz=24, trace=300000, class=java.lang.String@5000016e)
	value		50000f89
OBJ 50000f86 (sz=32, trace=300000, class=java.util.concurrent.atomic.AtomicReferenceFieldUpdater$AtomicReferenceFieldUpdaterImpl@500000a9)
	cclass		500000ab
	tclass		500000ab
	vclass		50000176
OBJ 50000f87 (sz=24, trace=300000, class=java.lang.String@5000016e)
	value		50000f88
ARR 50000f88 (sz=26, trace=300000, nelems=13, elem type=char[])
ARR 50000f89 (sz=6, trace=300000, nelems=3, elem type=char[])
ARR 50000f8a (sz=62, trace=300000, nelems=31, elem type=char[])
ARR 50000f8b (sz=20, trace=300000, nelems=10, elem type=char[])
ARR 50000f8c (sz=6, trace=300000, nelems=3, elem type=char[])
OBJ 50000f8e (sz=16, trace=301062, class=com.sun.tools.javac.util.Context$Key@50001504)
OBJ 50000f8f (sz=24, trace=301063, class=com.sun.tools.javac.util.Options@50000f8d)
OBJ 50000f90 (sz=56, trace=301064, class=java.util.LinkedHashMap@5000006a)
OBJ 50000f91 (sz=32, trace=300221, class=java.util.HashMap$Node@500000c4)
OBJ 50000f92 (sz=16, trace=300157, class=java.lang.Object@50000172)
OBJ 50000f93 (sz=32, trace=300683, class=java.util.concurrent.ConcurrentHashMap$Node@50000024)
	key		50000c39
	val		50000f92
OBJ 50000f94 (sz=16, trace=300160, class=java.lang.Object@50000172)
OBJ 50000f95 (sz=32, trace=300683, class=java.util.concurrent.ConcurrentHashMap$Node@50000024)
	key		50000c39
	val		50000f94
ARR 50000f96 (sz=48, trace=300000, nelems=24, elem type=char[])
ARR 50000f97 (sz=26, trace=300000, nelems=13, elem type=char[])
ARR 50000f98 (sz=18, trace=300000, nelems=9, elem type=char[])
ARR 50000f99 (sz=2, trace=300000, nelems=1, elem type=char[])
ARR 50000f9a (sz=16, trace=300000, nelems=8, elem type=char[])
OBJ 50000f9b (sz=24, trace=300000, class=java.lang.String@5000016e)
	value		50000f9c
ARR 50000f9c (sz=10, trace=300000, nelems=5, elem type=char[])
ARR 50000f9d (sz=14, trace=300000, nelems=7, elem type=char[])
ARR 50000f9e (sz=2, trace=300000, nelems=1, elem type=char[])
ARR 50000f9f (sz=6, trace=300000, nelems=3, elem type=char[])
ARR 50000fa0 (sz=6, trace=300000, nelems=3, elem type=char[])
ARR 50000fa1 (sz=8, trace=300000, nelems=4, elem type=char[])
ARR 50000fa2 (sz=6, trace=300000, nelems=3, elem type=char[])
ARR 50000fa3 (sz=8, trace=300000, nelems=4, elem type=char[])
ARR 50000fa4 (sz=64, trace=300000, nelems=32, elem type=char[])
OBJ 50000fa5 (sz=24, trace=300000, class=java.lang.String@5000016e)
	value		500016c5
OBJ 50000fa6 (sz=24, trace=300000, class=java.lang.String@5000016e)
	value		500016c4
OBJ 50000fa7 (sz=24, trace=300000, class=java.lang.String@5000016e)
	value		500016c3
OBJ 50000fa8 (sz=24, trace=300000, class=java.lang.String@5000016e)
	value		500016c1
OBJ 50000fa9 (sz=56, trace=300687, class=java.util.zip.ZipFile$ZipFileInputStream@5000055c)
OBJ 50000faa (sz=24, trace=300000, class=java.lang.String@5000016e)
	value		50000fd4
OBJ 50000fab (sz=24, trace=300000, class=java.lang.String@5000016e)
	value		50000fd3
OBJ 50000fac (sz=24, trace=300000, class=java.lang.String@5000016e)
	value		50000fb0
OBJ 50000fad (sz=24, trace=300000, class=java.lang.String@5000016e)
	value		50000fd5
OBJ 50000fae (sz=24, trace=300000, class=java.lang.String@5000016e)
	value		50000fd7
OBJ 50000faf (sz=24, trace=300000, class=java.lang.String@5000016e)
	value		50000fd6
ARR 50000fb0 (sz=72, trace=300000, nelems=36, elem type=char[])
OBJ 50000fb1 (sz=24, trace=300000, class=java.lang.String@5000016e)
	value		50000fb5
OBJ 50000fb2 (sz=24, trace=300000, class=java.lang.String@5000016e)
	value		50000fb9
OBJ 50000fb3 (sz=16, trace=300000, class=java.nio.ByteOrder@50000073)
	name		50000fb2
OBJ 50000fb4 (sz=16, trace=300000, class=java.nio.ByteOrder@50000073)
	name		50000fb1
ARR 50000fb5 (sz=20, trace=300000, nelems=10, elem type=char[])
OBJ 50000fb7 (sz=16, trace=300157, class=java.lang.Object@50000172)
OBJ 50000fb8 (sz=32, trace=300159, class=java.util.concurrent.ConcurrentHashMap$Node@50000024)
	key		50000b0c
	val		50000fb7
ARR 50000fb9 (sz=26, trace=300000, nelems=13, elem type=char[])
OBJ 50000fba (sz=24, trace=300000, class=java.lang.String@5000016e)
	value		50000fd2
OBJ 50000fbb (sz=24, trace=300000, class=java.lang.String@5000016e)
	value		50000fcc
OBJ 50000fbc (sz=24, trace=300000, class=java.lang.String@5000016e)
	value		50000fca
OBJ 50000fbd (sz=32, trace=300696, class=java.util.concurrent.ConcurrentHashMap$Node@50000024)
	key		50000c02
	val		50000863
	next		50000d26
OBJ 50000fbe (sz=24, trace=300000, class=java.lang.String@5000016e)
	value		50000fc9
OBJ 50000fbf (sz=32, trace=300696, class=java.util.concurrent.ConcurrentHashMap$Node@50000024)
	key		50000b70
	val		50000ade
OBJ 50000fc0 (sz=32, trace=300696, class=java.util.concurrent.ConcurrentHashMap$Node@50000024)
	key		5000023e
	val		50000245
OBJ 50000fc1 (sz=32, trace=300696, class=java.util.concurrent.ConcurrentHashMap$Node@50000024)
	key		50000ca0
	val		50000916
	next		50000c84
OBJ 50000fc2 (sz=32, trace=300695, class=java.util.concurrent.ConcurrentHashMap$Node@50000024)
	key		50000b29
	val		50000acd
OBJ 50000fc3 (sz=32, trace=300695, class=java.util.concurrent.ConcurrentHashMap$Node@50000024)
	key		50000cec
	val		500009c9
OBJ 50000fc4 (sz=24, trace=300000, class=java.util.concurrent.atomic.AtomicLong@50000072)
OBJ 50000fc5 (sz=16, trace=300160, class=java.lang.Object@50000172)
OBJ 50000fc6 (sz=32, trace=300159, class=java.util.concurrent.ConcurrentHashMap$Node@50000024)
	key		50000b0c
	val		50000fc5
OBJ 50000fc7 (sz=24, trace=300000, class=java.util.concurrent.atomic.AtomicLong@50000072)
OBJ 50000fc8 (sz=24, trace=300000, class=java.util.concurrent.atomic.AtomicLong@50000072)
ARR 50000fc9 (sz=6, trace=300000, nelems=3, elem type=char[])
ARR 50000fca (sz=14, trace=300000, nelems=7, elem type=char[])
OBJ 50000fcb (sz=32, trace=300696, class=java.util.concurrent.ConcurrentHashMap$Node@50000024)
	key		50000c02
	val		50000865
	next		50000d28
ARR 50000fcc (sz=8, trace=300000, nelems=4, elem type=char[])
OBJ 50000fcd (sz=32, trace=300696, class=java.util.concurrent.ConcurrentHashMap$Node@50000024)
	key		50000b70
	val		50000ae0
OBJ 50000fce (sz=32, trace=300696, class=java.util.concurrent.ConcurrentHashMap$Node@50000024)
	key		5000023e
	val		50000248
OBJ 50000fcf (sz=32, trace=300696, class=java.util.concurrent.ConcurrentHashMap$Node@50000024)
	key		50000ca0
	val		50000918
	next		50000c86
OBJ 50000fd0 (sz=32, trace=300695, class=java.util.concurrent.ConcurrentHashMap$Node@50000024)
	key		50000b29
	val		50000acf
OBJ 50000fd1 (sz=32, trace=300695, class=java.util.concurrent.ConcurrentHashMap$Node@50000024)
	key		50000cec
	val		500009cb
ARR 50000fd2 (sz=10, trace=300000, nelems=5, elem type=char[])
ARR 50000fd3 (sz=54, trace=300000, nelems=27, elem type=char[])
ARR 50000fd4 (sz=58, trace=300000, nelems=29, elem type=char[])
ARR 50000fd5 (sz=74, trace=300000, nelems=37, elem type=char[])
ARR 50000fd6 (sz=32, trace=300000, nelems=16, elem type=char[])
ARR 50000fd7 (sz=48, trace=300000, nelems=24, elem type=char[])
OBJ 50000fd8 (sz=24, trace=300000, class=java.lang.String@5000016e)
	value		50000fd9
ARR 50000fd9 (sz=10, trace=300000, nelems=5, elem type=char[])
OBJ 50000fda (sz=24, trace=300000, class=java.lang.String@5000016e)
	value		500016a9
OBJ 50000fdb (sz=24, trace=300000, class=java.lang.String@5000016e)
	value		50000fe0
OBJ 50000fdc (sz=24, trace=300000, class=java.lang.String@5000016e)
	value		500016ac
OBJ 50000fdd (sz=24, trace=300000, class=java.lang.String@5000016e)
	value		500016aa
OBJ 50000fde (sz=24, trace=300000, class=java.lang.String@5000016e)
	value		500016bb
ARR 50000fdf (sz=72, trace=300000, nelems=14, elem type=java.lang.String[]@500000c8)
	[0]		50000fe1
	[1]		50000fe2
	[2]		50000fe3
	[3]		50000fe4
	[4]		50000fe5
	[5]		50000fe8
	[6]		50000fe9
	[7]		50000fea
	[8]		50000feb
	[9]		50000fec
	[10]		50000fed
	[11]		50000fee
	[12]		50000fef
	[13]		50000ff0
ARR 50000fe0 (sz=16, trace=300000, nelems=8, elem type=char[])
OBJ 50000fe1 (sz=24, trace=300000, class=java.lang.String@5000016e)
	value		50001028
OBJ 50000fe2 (sz=24, trace=300000, class=java.lang.String@5000016e)
	value		50001027
OBJ 50000fe3 (sz=24, trace=300000, class=java.lang.String@5000016e)
	value		50001026
OBJ 50000fe4 (sz=24, trace=300000, class=java.lang.String@5000016e)
	value		50001025
OBJ 50000fe5 (sz=24, trace=300000, class=java.lang.String@5000016e)
	value		50001024
OBJ 50000fe6 (sz=56, trace=300687, class=java.util.zip.ZipFile$ZipFileInputStream@5000055c)
	this$0		500004ec
OBJ 50000fe7 (sz=40, trace=300106, class=java.lang.ref.Finalizer@5000014d)
	referent	50000fe6
	queue		500003aa
	next		50000f80
	prev		50001061
OBJ 50000fe8 (sz=24, trace=300000, class=java.lang.String@5000016e)
	value		50001019
OBJ 50000fe9 (sz=24, trace=300000, class=java.lang.String@5000016e)
	value		50001017
OBJ 50000fea (sz=24, trace=300000, class=java.lang.String@5000016e)
	value		5000100d
OBJ 50000feb (sz=24, trace=300000, class=java.lang.String@5000016e)
	value		5000100c
OBJ 50000fec (sz=24, trace=300000, class=java.lang.String@5000016e)
	value		5000100b
OBJ 50000fed (sz=24, trace=300000, class=java.lang.String@5000016e)
	value		5000100a
OBJ 50000fee (sz=24, trace=300000, class=java.lang.String@5000016e)
	value		50001009
OBJ 50000fef (sz=24, trace=300000, class=java.lang.String@5000016e)
	value		50001007
OBJ 50000ff0 (sz=24, trace=300000, class=java.lang.String@5000016e)
	value		50000ff1
ARR 50000ff1 (sz=12, trace=300000, nelems=6, elem type=char[])
OBJ 50000ff3 (sz=24, trace=301065, class=com.sun.tools.javac.util.JCDiagnostic$Factory$1@50000ff2)
OBJ 50000ff4 (sz=24, trace=301066, class=com.sun.tools.javac.util.List@50001ac1)
OBJ 50000ff5 (sz=88, trace=301067, class=com.sun.tools.javac.util.Log@50001bf3)
OBJ 50000ff6 (sz=48, trace=301068, class=java.util.HashMap@500000c6)
OBJ 50000ff7 (sz=16, trace=300157, class=java.lang.Object@50000172)
OBJ 50000ff8 (sz=32, trace=300683, class=java.util.concurrent.ConcurrentHashMap$Node@50000024)
	key		50000c5e
	val		50000ff7
OBJ 50000ff9 (sz=16, trace=300160, class=java.lang.Object@50000172)
OBJ 50000ffa (sz=32, trace=300683, class=java.util.concurrent.ConcurrentHashMap$Node@50000024)
	key		50000c5e
	val		50000ff9
OBJ 50000ffb (sz=16, trace=301069, class=java.util.HashSet@50000005)
OBJ 50000ffc (sz=48, trace=301070, class=java.util.HashMap@500000c6)
OBJ 50000ffd (sz=32, trace=300221, class=java.util.HashMap$Node@500000c4)
OBJ 50000ffe (sz=16, trace=300157, class=java.lang.Object@50000172)
OBJ 50000fff (sz=32, trace=300683, class=java.util.concurrent.ConcurrentHashMap$Node@50000024)
	key		50000b9b
	val		50000ffe
	next		500011bd
OBJ 50001000 (sz=16, trace=300160, class=java.lang.Object@50000172)
OBJ 50001001 (sz=32, trace=300683, class=java.util.concurrent.ConcurrentHashMap$Node@50000024)
	key		50000b9b
	val		50001000
	next		500011c4
OBJ 50001003 (sz=16, trace=301071, class=com.sun.tools.javac.util.Context$Key@50001504)
OBJ 50001004 (sz=32, trace=300221, class=java.util.HashMap$Node@500000c4)
OBJ 50001005 (sz=24, trace=301072, class=com.sun.tools.javac.util.Log$DefaultDiagnosticHandler@50001c80)
OBJ 50001006 (sz=24, trace=300842, class=com.sun.tools.javac.util.List@50001ac1)
ARR 50001007 (sz=28, trace=300000, nelems=14, elem type=char[])
OBJ 50001008 (sz=56, trace=300687, class=java.util.zip.ZipFile$ZipFileInputStream@5000055c)
ARR 50001009 (sz=32, trace=300000, nelems=16, elem type=char[])
ARR 5000100a (sz=6, trace=300000, nelems=3, elem type=char[])
ARR 5000100b (sz=14, trace=300000, nelems=7, elem type=char[])
ARR 5000100c (sz=14, trace=300000, nelems=7, elem type=char[])
ARR 5000100d (sz=10, trace=300000, nelems=5, elem type=char[])
OBJ 5000100e (sz=40, trace=301077, class=com.sun.tools.javac.util.BasicDiagnosticFormatter$BasicConfiguration@50000903)
OBJ 5000100f (sz=48, trace=301078, class=java.util.HashMap@500000c6)
ARR 50001010 (sz=80, trace=301038, nelems=0, elem type=java.util.HashMap$Node[]@500000c2)
OBJ 50001011 (sz=32, trace=300221, class=java.util.HashMap$Node@500000c4)
OBJ 50001012 (sz=32, trace=300221, class=java.util.HashMap$Node@500000c4)
OBJ 50001013 (sz=40, trace=301042, class=java.util.EnumMap@500009e4)
ARR 50001014 (sz=32, trace=301079, nelems=0, elem type=java.lang.Object[]@50000108)
OBJ 50001016 (sz=16, trace=300157, class=java.lang.Object@50000172)
ARR 50001017 (sz=12, trace=300000, nelems=6, elem type=char[])
OBJ 50001018 (sz=16, trace=300160, class=java.lang.Object@50000172)
ARR 50001019 (sz=4, trace=300000, nelems=2, elem type=char[])
OBJ 5000101a (sz=48, trace=301080, class=java.util.HashMap@500000c6)
ARR 5000101b (sz=80, trace=301052, nelems=0, elem type=java.util.HashMap$Node[]@500000c2)
OBJ 5000101c (sz=32, trace=300221, class=java.util.HashMap$Node@500000c4)
OBJ 5000101d (sz=32, trace=300222, class=java.util.HashMap$Node@500000c4)
OBJ 5000101e (sz=32, trace=300221, class=java.util.HashMap$Node@500000c4)
OBJ 5000101f (sz=32, trace=300221, class=java.util.HashMap$Node@500000c4)
OBJ 50001020 (sz=16, trace=300157, class=java.lang.Object@50000172)
OBJ 50001021 (sz=32, trace=300159, class=java.util.concurrent.ConcurrentHashMap$Node@50000024)
	key		50000cdd
	val		50001020
	next		50002060
OBJ 50001022 (sz=16, trace=300160, class=java.lang.Object@50000172)
OBJ 50001023 (sz=32, trace=300159, class=java.util.concurrent.ConcurrentHashMap$Node@50000024)
	key		50000cdd
	val		50001022
	next		50002062
ARR 50001024 (sz=18, trace=300000, nelems=9, elem type=char[])
ARR 50001025 (sz=10, trace=300000, nelems=5, elem type=char[])
ARR 50001026 (sz=32, trace=300000, nelems=16, elem type=char[])
ARR 50001027 (sz=28, trace=300000, nelems=14, elem type=char[])
ARR 50001028 (sz=16, trace=300000, nelems=8, elem type=char[])
OBJ 50001029 (sz=24, trace=300000, class=java.lang.String@5000016e)
	value		5000125d
OBJ 5000102a (sz=24, trace=300000, class=java.lang.String@5000016e)
	value		50001261
OBJ 5000102b (sz=24, trace=300000, class=java.lang.String@5000016e)
	value		50001265
OBJ 5000102c (sz=24, trace=300000, class=java.lang.String@5000016e)
	value		50001203
OBJ 5000102d (sz=24, trace=300000, class=java.lang.String@5000016e)
	value		500011cd
OBJ 5000102e (sz=24, trace=300000, class=java.lang.String@5000016e)
	value		5000126c
OBJ 5000102f (sz=24, trace=300000, class=java.lang.String@5000016e)
	value		50001271
OBJ 50001030 (sz=24, trace=300000, class=java.lang.String@5000016e)
	value		50001279
OBJ 50001031 (sz=24, trace=300000, class=java.lang.String@5000016e)
	value		50001280
OBJ 50001032 (sz=24, trace=300000, class=java.lang.String@5000016e)
	value		50001289
OBJ 50001033 (sz=24, trace=300000, class=java.lang.String@5000016e)
	value		5000129a
OBJ 50001034 (sz=24, trace=300000, class=java.lang.String@5000016e)
	value		5000129f
OBJ 50001035 (sz=24, trace=300000, class=java.lang.String@5000016e)
	value		500011c8
OBJ 50001036 (sz=24, trace=300000, class=java.lang.String@5000016e)
	value		5000122f
OBJ 50001037 (sz=24, trace=300000, class=java.lang.String@5000016e)
	value		50001243
OBJ 50001038 (sz=24, trace=300000, class=java.lang.String@5000016e)
	value		500011e5
OBJ 50001039 (sz=24, trace=300000, class=java.lang.String@5000016e)
	value		500011f1
OBJ 5000103a (sz=24, trace=300000, class=java.lang.String@5000016e)
	value		500011ff
OBJ 5000103b (sz=24, trace=300000, class=java.lang.String@5000016e)
	value		50001216
OBJ 5000103c (sz=24, trace=300000, class=java.lang.String@5000016e)
	value		50001227
OBJ 5000103d (sz=24, trace=300000, class=java.lang.String@5000016e)
	value		500011db
OBJ 5000103e (sz=24, trace=300000, class=java.lang.String@5000016e)
	value		500011e8
OBJ 5000103f (sz=24, trace=300000, class=java.lang.String@5000016e)
	value		500011f5
OBJ 50001040 (sz=24, trace=300000, class=java.lang.String@5000016e)
	value		5000121c
OBJ 50001041 (sz=24, trace=300000, class=java.lang.String@5000016e)
	value		5000123b
OBJ 50001042 (sz=24, trace=300000, class=java.lang.String@5000016e)
	value		5000119c
OBJ 50001043 (sz=24, trace=300000, class=java.lang.String@5000016e)
	value		50001211
OBJ 50001044 (sz=24, trace=300000, class=java.lang.String@5000016e)
	value		50001212
OBJ 50001045 (sz=24, trace=300000, class=java.lang.String@5000016e)
	value		500011cc
OBJ 50001046 (sz=24, trace=300000, class=java.lang.String@5000016e)
	value		5000123d
OBJ 50001047 (sz=24, trace=300000, class=java.lang.String@5000016e)
	value		500011d1
OBJ 50001048 (sz=24, trace=300000, class=java.lang.String@5000016e)
	value		5000123e
OBJ 50001049 (sz=24, trace=300000, class=java.lang.String@5000016e)
	value		500011a3
OBJ 5000104a (sz=24, trace=300000, class=java.lang.String@5000016e)
	value		50001242
OBJ 5000104b (sz=24, trace=300000, class=java.lang.String@5000016e)
	value		500011c6
OBJ 5000104c (sz=24, trace=300000, class=java.lang.String@5000016e)
	value		5000122d
OBJ 5000104d (sz=24, trace=300000, class=java.lang.String@5000016e)
	value		50001240
OBJ 5000104e (sz=24, trace=300000, class=java.lang.String@5000016e)
	value		500011e1
OBJ 5000104f (sz=56, trace=300687, class=java.util.zip.ZipFile$ZipFileInputStream@5000055c)
OBJ 50001050 (sz=24, trace=300000, class=java.lang.String@5000016e)
	value		500011fb
OBJ 50001051 (sz=24, trace=300000, class=java.lang.String@5000016e)
	value		50001223
OBJ 50001052 (sz=24, trace=300000, class=java.lang.String@5000016e)
	value		500011cb
OBJ 50001053 (sz=24, trace=300000, class=java.lang.String@5000016e)
	value		50001241
OBJ 50001054 (sz=24, trace=300000, class=java.lang.String@5000016e)
	value		50001235
OBJ 50001055 (sz=24, trace=300000, class=java.lang.String@5000016e)
	value		500011d4
OBJ 50001056 (sz=24, trace=300000, class=java.lang.String@5000016e)
	value		50001244
OBJ 50001057 (sz=24, trace=300000, class=java.lang.String@5000016e)
	value		500011ca
OBJ 50001058 (sz=24, trace=300000, class=java.lang.String@5000016e)
	value		500011e3
OBJ 50001059 (sz=24, trace=300000, class=java.lang.String@5000016e)
	value		500011e2
OBJ 5000105a (sz=24, trace=300000, class=java.lang.String@5000016e)
	value		500011ef
OBJ 5000105b (sz=56, trace=300687, class=java.util.zip.ZipFile$ZipFileInputStream@5000055c)
	this$0		500004ec
OBJ 5000105d (sz=16, trace=300157, class=java.lang.Object@50000172)
OBJ 5000105e (sz=32, trace=300159, class=java.util.concurrent.ConcurrentHashMap$Node@50000024)
	key		50000b3b
	val		5000105d
OBJ 5000105f (sz=16, trace=300160, class=java.lang.Object@50000172)
OBJ 50001060 (sz=32, trace=300159, class=java.util.concurrent.ConcurrentHashMap$Node@50000024)
	key		50000b3b
	val		5000105f
OBJ 50001061 (sz=40, trace=300106, class=java.lang.ref.Finalizer@5000014d)
	referent	5000105b
	queue		500003aa
	next		50000fe7
	prev		500010b5
OBJ 50001062 (sz=24, trace=300000, class=java.lang.String@5000016e)
	value		500011ee
OBJ 50001063 (sz=24, trace=300000, class=java.lang.String@5000016e)
	value		500011fd
OBJ 50001064 (sz=24, trace=300000, class=java.lang.String@5000016e)
	value		500011fc
OBJ 50001065 (sz=24, trace=300000, class=java.lang.String@5000016e)
	value		50001214
OBJ 50001066 (sz=24, trace=300000, class=java.lang.String@5000016e)
	value		50001213
OBJ 50001067 (sz=24, trace=300000, class=java.lang.String@5000016e)
	value		50001225
OBJ 50001068 (sz=24, trace=300000, class=java.lang.String@5000016e)
	value		50001224
OBJ 50001069 (sz=24, trace=300000, class=java.lang.String@5000016e)
	value		500011c9
OBJ 5000106a (sz=24, trace=300000, class=java.lang.String@5000016e)
	value		50001238
OBJ 5000106b (sz=24, trace=300000, class=java.lang.String@5000016e)
	value		5000123a
OBJ 5000106c (sz=24, trace=300000, class=java.lang.String@5000016e)
	value		50001239
OBJ 5000106e (sz=24, trace=301081, class=com.sun.tools.javac.util.BasicDiagnosticFormatter$BasicConfiguration$SourcePosition@5000106d)
	name		50002c88
OBJ 5000106f (sz=24, trace=301082, class=com.sun.tools.javac.util.BasicDiagnosticFormatter$BasicConfiguration$SourcePosition@5000106d)
	name		50002c87
ARR 50001071 (sz=24, trace=301083, nelems=2, elem type=com.sun.tools.javac.util.BasicDiagnosticFormatter$BasicConfiguration$SourcePosition[]@50001070)
	[0]		5000106e
	[1]		5000106f
OBJ 50001072 (sz=32, trace=301084, class=com.sun.tools.javac.util.BasicDiagnosticFormatter@50000374)
OBJ 50001073 (sz=24, trace=301085, class=com.sun.tools.javac.util.AbstractDiagnosticFormatter$1@500004e0)
OBJ 50001074 (sz=16, trace=300157, class=java.lang.Object@50000172)
OBJ 50001075 (sz=32, trace=300159, class=java.util.concurrent.ConcurrentHashMap$Node@50000024)
	key		50000d1d
	val		50001074
OBJ 50001076 (sz=16, trace=300160, class=java.lang.Object@50000172)
OBJ 50001077 (sz=32, trace=300159, class=java.util.concurrent.ConcurrentHashMap$Node@50000024)
	key		50000d1d
	val		50001076
OBJ 50001078 (sz=24, trace=300000, class=java.lang.String@5000016e)
	value		50001288
OBJ 50001079 (sz=24, trace=300000, class=java.lang.String@5000016e)
	value		500011c2
OBJ 5000107a (sz=24, trace=300000, class=java.lang.String@5000016e)
	value		500011b2
OBJ 5000107b (sz=24, trace=300000, class=java.lang.String@5000016e)
	value		500011ab
OBJ 5000107c (sz=24, trace=300000, class=java.lang.String@5000016e)
	value		5000119a
OBJ 5000107d (sz=24, trace=300000, class=java.lang.String@5000016e)
	value		500011a0
OBJ 5000107e (sz=24, trace=300000, class=java.lang.String@5000016e)
	value		500011a6
OBJ 5000107f (sz=24, trace=300000, class=java.lang.String@5000016e)
	value		500011a9
OBJ 50001080 (sz=24, trace=300000, class=java.lang.String@5000016e)
	value		500011ac
OBJ 50001081 (sz=24, trace=300000, class=java.lang.String@5000016e)
	value		500011b0
OBJ 50001082 (sz=24, trace=300000, class=java.lang.String@5000016e)
	value		500011c5
OBJ 50001083 (sz=24, trace=300000, class=java.lang.String@5000016e)
	value		500011ae
OBJ 50001084 (sz=24, trace=300000, class=java.lang.String@5000016e)
	value		500011c0
OBJ 50001085 (sz=24, trace=300000, class=java.lang.String@5000016e)
	value		5000119d
OBJ 50001086 (sz=24, trace=300000, class=java.lang.String@5000016e)
	value		500011a1
OBJ 50001087 (sz=24, trace=300000, class=java.lang.String@5000016e)
	value		500011aa
OBJ 50001088 (sz=24, trace=300000, class=java.lang.String@5000016e)
	value		500011a7
OBJ 50001089 (sz=24, trace=300000, class=java.lang.String@5000016e)
	value		500011a2
OBJ 5000108a (sz=24, trace=300000, class=java.lang.String@5000016e)
	value		500011a8
OBJ 5000108b (sz=24, trace=300000, class=java.lang.String@5000016e)
	value		500011af
OBJ 5000108c (sz=24, trace=300000, class=java.lang.String@5000016e)
	value		500011ad
OBJ 5000108d (sz=24, trace=300000, class=java.lang.String@5000016e)
	value		5000124b
OBJ 5000108e (sz=24, trace=300000, class=java.lang.String@5000016e)
	value		50001291
OBJ 5000108f (sz=24, trace=300000, class=java.lang.String@5000016e)
	value		5000128a
OBJ 50001090 (sz=24, trace=300000, class=java.lang.String@5000016e)
	value		5000124a
OBJ 50001091 (sz=24, trace=300000, class=java.lang.String@5000016e)
	value		50001252
OBJ 50001092 (sz=24, trace=300000, class=java.lang.String@5000016e)
	value		50001254
OBJ 50001093 (sz=24, trace=300000, class=java.lang.String@5000016e)
	value		50001256
OBJ 50001094 (sz=24, trace=300000, class=java.lang.String@5000016e)
	value		50001258
OBJ 50001095 (sz=24, trace=300000, class=java.lang.String@5000016e)
	value		5000125a
OBJ 50001096 (sz=56, trace=300687, class=java.util.zip.ZipFile$ZipFileInputStream@5000055c)
OBJ 50001097 (sz=24, trace=300000, class=java.lang.String@5000016e)
	value		50001260
OBJ 50001098 (sz=24, trace=300000, class=java.lang.String@5000016e)
	value		50001249
OBJ 50001099 (sz=24, trace=300000, class=java.lang.String@5000016e)
	value		50001251
OBJ 5000109a (sz=24, trace=300000, class=java.lang.String@5000016e)
	value		50001253
OBJ 5000109b (sz=24, trace=300000, class=java.lang.String@5000016e)
	value		50001255
OBJ 5000109c (sz=24, trace=300000, class=java.lang.String@5000016e)
	value		50001257
OBJ 5000109d (sz=24, trace=300000, class=java.lang.String@5000016e)
	value		50001259
OBJ 5000109e (sz=24, trace=300000, class=java.lang.String@5000016e)
	value		50001264
OBJ 5000109f (sz=24, trace=300000, class=java.lang.String@5000016e)
	value		5000126a
OBJ 500010a0 (sz=24, trace=300000, class=java.lang.String@5000016e)
	value		50001202
OBJ 500010a1 (sz=24, trace=300000, class=java.lang.String@5000016e)
	value		500011cf
OBJ 500010a2 (sz=24, trace=300000, class=java.lang.String@5000016e)
	value		5000126f
OBJ 500010a4 (sz=16, trace=300157, class=java.lang.Object@50000172)
OBJ 500010a5 (sz=32, trace=300683, class=java.util.concurrent.ConcurrentHashMap$Node@50000024)
	key		50000b32
	val		500010a4
OBJ 500010a6 (sz=16, trace=300160, class=java.lang.Object@50000172)
OBJ 500010a7 (sz=32, trace=300683, class=java.util.concurrent.ConcurrentHashMap$Node@50000024)
	key		50000b32
	val		500010a6
OBJ 500010a8 (sz=24, trace=300000, class=java.lang.String@5000016e)
	value		50001274
OBJ 500010a9 (sz=24, trace=300000, class=java.lang.String@5000016e)
	value		5000127e
OBJ 500010aa (sz=24, trace=300000, class=java.lang.String@5000016e)
	value		50001287
OBJ 500010ab (sz=24, trace=300000, class=java.lang.String@5000016e)
	value		50001292
OBJ 500010ac (sz=24, trace=300000, class=java.lang.String@5000016e)
	value		5000129d
OBJ 500010ad (sz=24, trace=300000, class=java.lang.String@5000016e)
	value		500012a2
OBJ 500010ae (sz=24, trace=300000, class=java.lang.String@5000016e)
	value		500012a6
OBJ 500010af (sz=24, trace=300000, class=java.lang.String@5000016e)
	value		500011dc
OBJ 500010b0 (sz=24, trace=300000, class=java.lang.String@5000016e)
	value		500011e9
OBJ 500010b1 (sz=24, trace=300000, class=java.lang.String@5000016e)
	value		500011f6
OBJ 500010b2 (sz=24, trace=300000, class=java.lang.String@5000016e)
	value		50001219
OBJ 500010b3 (sz=24, trace=300000, class=java.lang.String@5000016e)
	value		5000123c
OBJ 500010b4 (sz=56, trace=300687, class=java.util.zip.ZipFile$ZipFileInputStream@5000055c)
	this$0		500004ec
OBJ 500010b5 (sz=40, trace=300106, class=java.lang.ref.Finalizer@5000014d)
	referent	500010b4
	queue		500003aa
	next		50001061
	prev		5000110b
OBJ 500010b6 (sz=24, trace=300000, class=java.lang.String@5000016e)
	value		5000119b
OBJ 500010b7 (sz=24, trace=300000, class=java.lang.String@5000016e)
	value		5000127f
OBJ 500010b8 (sz=24, trace=300000, class=java.lang.String@5000016e)
	value		50001299
OBJ 500010b9 (sz=24, trace=300000, class=java.lang.String@5000016e)
	value		5000129e
OBJ 500010ba (sz=24, trace=300000, class=java.lang.String@5000016e)
	value		500011ce
OBJ 500010bb (sz=24, trace=300000, class=java.lang.String@5000016e)
	value		500011da
OBJ 500010bc (sz=24, trace=300000, class=java.lang.String@5000016e)
	value		500011e7
OBJ 500010bd (sz=24, trace=300000, class=java.lang.String@5000016e)
	value		50001218
OBJ 500010be (sz=24, trace=300000, class=java.lang.String@5000016e)
	value		500011f4
OBJ 500010bf (sz=24, trace=300000, class=java.lang.String@5000016e)
	value		5000120e
OBJ 500010c1 (sz=24, trace=301086, class=com.sun.tools.javac.util.Log$1@500010c0)
OBJ 500010c2 (sz=24, trace=301066, class=com.sun.tools.javac.util.List@50001ac1)
OBJ 500010c3 (sz=16, trace=300157, class=java.lang.Object@50000172)
OBJ 500010c4 (sz=32, trace=300159, class=java.util.concurrent.ConcurrentHashMap$Node@50000024)
	key		50000bb9
	val		500010c3
OBJ 500010c5 (sz=16, trace=300160, class=java.lang.Object@50000172)
OBJ 500010c6 (sz=32, trace=300159, class=java.util.concurrent.ConcurrentHashMap$Node@50000024)
	key		50000bb9
	val		500010c5
OBJ 500010c8 (sz=16, trace=301087, class=java.util.LinkedHashSet@500010c7)
OBJ 500010c9 (sz=56, trace=301088, class=java.util.LinkedHashMap@5000006a)
OBJ 500010ca (sz=16, trace=300157, class=java.lang.Object@50000172)
OBJ 500010cb (sz=32, trace=300159, class=java.util.concurrent.ConcurrentHashMap$Node@50000024)
	key		50000cc7
	val		500010ca
OBJ 500010cc (sz=16, trace=300160, class=java.lang.Object@50000172)
OBJ 500010cd (sz=32, trace=300159, class=java.util.concurrent.ConcurrentHashMap$Node@50000024)
	key		50000cc7
	val		500010cc
OBJ 500010ce (sz=24, trace=300000, class=java.lang.String@5000016e)
	value		50001237
OBJ 500010cf (sz=24, trace=300000, class=java.lang.String@5000016e)
	value		50001236
OBJ 500010d0 (sz=24, trace=300000, class=java.lang.String@5000016e)
	value		50001270
OBJ 500010d1 (sz=24, trace=300000, class=java.lang.String@5000016e)
	value		50001245
OBJ 500010d2 (sz=24, trace=300000, class=java.lang.String@5000016e)
	value		5000126b
OBJ 500010d3 (sz=24, trace=300000, class=java.lang.String@5000016e)
	value		50001298
OBJ 500010d4 (sz=24, trace=300000, class=java.lang.String@5000016e)
	value		5000125c
OBJ 500010d5 (sz=24, trace=300000, class=java.lang.String@5000016e)
	value		50001275
OBJ 500010d6 (sz=24, trace=300000, class=java.lang.String@5000016e)
	value		500011fa
OBJ 500010d7 (sz=24, trace=300000, class=java.lang.String@5000016e)
	value		50001210
OBJ 500010d8 (sz=24, trace=300000, class=java.lang.String@5000016e)
	value		5000120f
OBJ 500010d9 (sz=24, trace=300000, class=java.lang.String@5000016e)
	value		5000125e
OBJ 500010da (sz=24, trace=300000, class=java.lang.String@5000016e)
	value		50001262
OBJ 500010db (sz=24, trace=300000, class=java.lang.String@5000016e)
	value		50001266
OBJ 500010dc (sz=24, trace=300000, class=java.lang.String@5000016e)
	value		50001204
OBJ 500010dd (sz=56, trace=300687, class=java.util.zip.ZipFile$ZipFileInputStream@5000055c)
OBJ 500010de (sz=24, trace=300000, class=java.lang.String@5000016e)
	value		5000126e
OBJ 500010df (sz=24, trace=300000, class=java.lang.String@5000016e)
	value		50001272
OBJ 500010e0 (sz=24, trace=300000, class=java.lang.String@5000016e)
	value		5000127b
OBJ 500010e1 (sz=24, trace=300000, class=java.lang.String@5000016e)
	value		50001281
OBJ 500010e2 (sz=24, trace=300000, class=java.lang.String@5000016e)
	value		5000129b
OBJ 500010e3 (sz=24, trace=300000, class=java.lang.String@5000016e)
	value		500012a0
OBJ 500010e4 (sz=24, trace=300000, class=java.lang.String@5000016e)
	value		500011dd
OBJ 500010e5 (sz=24, trace=300000, class=java.lang.String@5000016e)
	value		500011ea
OBJ 500010e6 (sz=24, trace=300000, class=java.lang.String@5000016e)
	value		500011f7
OBJ 500010e7 (sz=24, trace=300000, class=java.lang.String@5000016e)
	value		5000121d
OBJ 500010e8 (sz=24, trace=300000, class=java.lang.String@5000016e)
	value		5000125f
OBJ 500010e9 (sz=24, trace=300000, class=java.lang.String@5000016e)
	value		50001263
OBJ 500010eb (sz=16, trace=300157, class=java.lang.Object@50000172)
OBJ 500010ec (sz=32, trace=300683, class=java.util.concurrent.ConcurrentHashMap$Node@50000024)
	key		50000aa3
	val		500010eb
OBJ 500010ed (sz=16, trace=300160, class=java.lang.Object@50000172)
OBJ 500010ee (sz=32, trace=300683, class=java.util.concurrent.ConcurrentHashMap$Node@50000024)
	key		50000aa3
	val		500010ed
OBJ 500010ef (sz=24, trace=300000, class=java.lang.String@5000016e)
	value		50001267
OBJ 500010f0 (sz=24, trace=300000, class=java.lang.String@5000016e)
	value		5000120a
OBJ 500010f1 (sz=24, trace=300000, class=java.lang.String@5000016e)
	value		5000126d
OBJ 500010f2 (sz=24, trace=300000, class=java.lang.String@5000016e)
	value		50001273
OBJ 500010f3 (sz=24, trace=300000, class=java.lang.String@5000016e)
	value		5000127a
OBJ 500010f4 (sz=24, trace=300000, class=java.lang.String@5000016e)
	value		50001285
OBJ 500010f5 (sz=24, trace=300000, class=java.lang.String@5000016e)
	value		5000129c
OBJ 500010f6 (sz=24, trace=300000, class=java.lang.String@5000016e)
	value		500012a1
OBJ 500010f7 (sz=24, trace=300000, class=java.lang.String@5000016e)
	value		500011de
OBJ 500010f8 (sz=24, trace=300000, class=java.lang.String@5000016e)
	value		500011eb
OBJ 500010f9 (sz=24, trace=300000, class=java.lang.String@5000016e)
	value		500011f9
OBJ 500010fa (sz=24, trace=300000, class=java.lang.String@5000016e)
	value		5000121e
OBJ 500010fb (sz=24, trace=300000, class=java.lang.String@5000016e)
	value		500011d9
OBJ 500010fc (sz=24, trace=300000, class=java.lang.String@5000016e)
	value		500011e4
OBJ 500010fd (sz=24, trace=300000, class=java.lang.String@5000016e)
	value		500011f0
OBJ 500010fe (sz=24, trace=300000, class=java.lang.String@5000016e)
	value		50001215
OBJ 500010ff (sz=24, trace=300000, class=java.lang.String@5000016e)
	value		500011fe
OBJ 50001100 (sz=24, trace=300000, class=java.lang.String@5000016e)
	value		50001226
OBJ 50001101 (sz=24, trace=300000, class=java.lang.String@5000016e)
	value		500011f2
OBJ 50001102 (sz=24, trace=300000, class=java.lang.String@5000016e)
	value		50001201
OBJ 50001103 (sz=24, trace=300000, class=java.lang.String@5000016e)
	value		50001230
OBJ 50001104 (sz=24, trace=300000, class=java.lang.String@5000016e)
	value		500011e6
OBJ 50001105 (sz=24, trace=300000, class=java.lang.String@5000016e)
	value		500011f3
OBJ 50001106 (sz=24, trace=300000, class=java.lang.String@5000016e)
	value		50001200
OBJ 50001107 (sz=24, trace=300000, class=java.lang.String@5000016e)
	value		50001217
OBJ 50001108 (sz=24, trace=300000, class=java.lang.String@5000016e)
	value		5000122c
OBJ 50001109 (sz=24, trace=300000, class=java.lang.String@5000016e)
	value		5000122e
OBJ 5000110a (sz=56, trace=300687, class=java.util.zip.ZipFile$ZipFileInputStream@5000055c)
	this$0		500004ec
OBJ 5000110b (sz=40, trace=300106, class=java.lang.ref.Finalizer@5000014d)
	referent	5000110a
	queue		500003aa
	next		500010b5
	prev		500011a5
OBJ 5000110c (sz=24, trace=300000, class=java.lang.String@5000016e)
	value		50001246
OBJ 5000110d (sz=24, trace=300000, class=java.lang.String@5000016e)
	value		50001247
OBJ 5000110e (sz=24, trace=300000, class=java.lang.String@5000016e)
	value		50001248
OBJ 5000110f (sz=24, trace=300000, class=java.lang.String@5000016e)
	value		500011d2
OBJ 50001110 (sz=24, trace=300000, class=java.lang.String@5000016e)
	value		500011df
OBJ 50001111 (sz=24, trace=300000, class=java.lang.String@5000016e)
	value		500011ec
OBJ 50001112 (sz=24, trace=300000, class=java.lang.String@5000016e)
	value		50001221
OBJ 50001113 (sz=24, trace=300000, class=java.lang.String@5000016e)
	value		500011d3
OBJ 50001114 (sz=24, trace=300000, class=java.lang.String@5000016e)
	value		500011e0
OBJ 50001115 (sz=24, trace=300000, class=java.lang.String@5000016e)
	value		500011ed
OBJ 50001116 (sz=24, trace=300000, class=java.lang.String@5000016e)
	value		50001222
OBJ 50001117 (sz=24, trace=300000, class=java.lang.String@5000016e)
	value		500016bc
OBJ 50001118 (sz=16, trace=300157, class=java.lang.Object@50000172)
OBJ 50001119 (sz=32, trace=300159, class=java.util.concurrent.ConcurrentHashMap$Node@50000024)
	key		50000c24
	val		50001118
ARR 5000111a (sz=2064, trace=300692, nelems=512, elem type=java.util.concurrent.ConcurrentHashMap$Node[]@50000023)
	[1]		50001b12
	[2]		50000cd8
	[4]		50001075
	[7]		50000ddf
	[13]		500009da
	[16]		50000b1b
	[20]		500004e3
	[23]		5000136a
	[24]		50001b64
	[30]		50001620
	[36]		50000ab8
	[41]		50001e03
	[42]		50000aa7
	[43]		50001d8b
	[44]		50001871
	[48]		5000137e
	[58]		5000154e
	[59]		50001782
	[65]		50000fc3
	[66]		50001323
	[68]		5000113b
	[71]		50000a18
	[72]		50000f20
	[79]		50001021
	[80]		50001412
	[84]		500009e9
	[91]		500002b4
	[92]		500006eb
	[95]		500010cb
	[96]		5000190c
	[98]		50001fea
	[102]		50000849
	[103]		500014c0
	[104]		5000173c
	[106]		50001130
	[118]		50001ce5
	[122]		50001d2d
	[127]		50000f40
	[128]		50000ed0
	[132]		50000b23
	[135]		500019b8
	[141]		50001c82
	[144]		5000160a
	[145]		50000fc1
	[146]		50001abe
	[147]		50000b86
	[150]		5000112b
	[152]		50001bf5
	[153]		50000423
	[154]		50000376
	[156]		50000cd2
	[161]		50000d90
	[167]		50000adb
	[168]		50001507
	[170]		50001dd9
	[172]		50000e81
	[173]		500018a7
	[174]		50001a72
	[185]		50000d38
	[187]		50001b39
	[190]		50001127
	[191]		50001b97
	[204]		50001d75
	[207]		500002cf
	[208]		50000ff8
	[211]		500003cc
	[215]		50000ab3
	[217]		50001417
	[218]		50001732
	[219]		5000132d
	[220]		50001b5e
	[221]		5000181c
	[222]		5000195c
	[223]		500016ec
	[224]		50001120
	[231]		50000bd5
	[233]		500001cd
	[235]		50000331
	[237]		5000228e
	[242]		50000c7e
	[245]		5000168d
	[248]		50000f93
	[250]		500018c0
	[251]		500011b9
	[252]		50001a04
	[258]		5000128e
	[260]		50001d3d
	[261]		5000047a
	[262]		50000b36
	[265]		50001119
	[266]		50001ad5
	[272]		50001140
	[274]		50001786
	[275]		50000fc0
	[276]		5000030f
	[279]		500017e6
	[280]		5000113f
	[281]		50001e08
	[282]		500019bd
	[284]		5000179c
	[285]		50001826
	[288]		50000fbd
	[293]		500009e1
	[294]		50001c93
	[296]		50000be1
	[297]		5000113e
	[299]		500011b5
	[301]		50001c8b
	[302]		500018c8
	[304]		500019ae
	[309]		500016e4
	[315]		5000113d
	[316]		50001b18
	[317]		50001ac3
	[319]		50001e17
	[320]		50000ac1
	[321]		5000113c
	[324]		50000e2b
	[327]		50001a7e
	[328]		5000149e
	[329]		500018c5
	[331]		500015ea
	[334]		500012e0
	[335]		50001447
	[340]		50001139
	[343]		50000d2e
	[347]		50001138
	[350]		500010c4
	[353]		50000dc8
	[358]		50001136
	[362]		50001cdd
	[363]		500009b7
	[366]		50001a1a
	[369]		500016dd
	[376]		50000bd9
	[377]		50000b92
	[378]		5000112f
	[379]		50000c20
	[380]		50000cf4
	[381]		50000cae
	[382]		500009c6
	[383]		5000112d
	[384]		50001ec4
	[385]		50000ad2
	[389]		50001a20
	[390]		50000905
	[392]		5000136e
	[398]		50000ad7
	[403]		50001f1a
	[404]		50000fbf
	[406]		5000112c
	[407]		50001cef
	[408]		5000112a
	[410]		50001129
	[411]		50000b48
	[418]		50000772
	[420]		500018c9
	[427]		50002099
	[430]		50001128
	[432]		50000319
	[434]		50001aba
	[439]		500019c0
	[440]		500015f8
	[442]		50001bea
	[444]		50001639
	[445]		5000186c
	[446]		50000c2f
	[447]		5000178a
	[452]		50001876
	[456]		5000105e
	[457]		500010a5
	[458]		50001682
	[462]		50000fc2
	[464]		50001123
	[465]		50000e54
	[466]		50000e9c
	[467]		50001122
	[468]		50000f2a
	[469]		50000f71
	[470]		50000fb8
	[471]		50001121
	[472]		50000abc
	[480]		5000111f
	[481]		50001b3d
	[484]		50001b09
	[485]		50001821
	[487]		5000111e
	[488]		500018c3
	[490]		50001167
	[492]		50001818
	[496]		50001133
	[497]		500018c2
	[498]		5000111d
	[499]		50001207
	[500]		5000124e
	[501]		50001295
	[502]		500012dc
	[504]		5000111c
	[505]		50000d33
	[509]		50001a14
	[511]		500010ec
OBJ 5000111b (sz=24, trace=300000, class=java.lang.String@5000016e)
	value		5000120b
OBJ 5000111c (sz=32, trace=300695, class=java.util.concurrent.ConcurrentHashMap$Node@50000024)
	key		50000abb
	val		50000ab2
OBJ 5000111d (sz=32, trace=300695, class=java.util.concurrent.ConcurrentHashMap$Node@50000024)
	key		50000ace
	val		500011bf
OBJ 5000111e (sz=32, trace=300695, class=java.util.concurrent.ConcurrentHashMap$Node@50000024)
	key		50000af4
	val		50001bab
OBJ 5000111f (sz=32, trace=300695, class=java.util.concurrent.ConcurrentHashMap$Node@50000024)
	key		50000afc
	val		500008c8
	next		50000962
OBJ 50001120 (sz=32, trace=300696, class=java.util.concurrent.ConcurrentHashMap$Node@50000024)
	key		50000c47
	val		500008cc
OBJ 50001121 (sz=32, trace=300695, class=java.util.concurrent.ConcurrentHashMap$Node@50000024)
	key		50000b08
	val		50001016
OBJ 50001122 (sz=32, trace=300695, class=java.util.concurrent.ConcurrentHashMap$Node@50000024)
	key		50000b14
	val		50000ee2
OBJ 50001123 (sz=32, trace=300695, class=java.util.concurrent.ConcurrentHashMap$Node@50000024)
	key		50000b26
	val		50000e0d
OBJ 50001124 (sz=56, trace=300687, class=java.util.zip.ZipFile$ZipFileInputStream@5000055c)
OBJ 50001125 (sz=24, trace=300000, class=java.lang.String@5000016e)
	value		5000119e
OBJ 50001126 (sz=32, trace=300696, class=java.util.concurrent.ConcurrentHashMap$Node@50000024)
	key		50000c69
	val		50001dbb
OBJ 50001127 (sz=32, trace=300696, class=java.util.concurrent.ConcurrentHashMap$Node@50000024)
	key		50000282
	val		50000284
	next		50001126
OBJ 50001128 (sz=32, trace=300695, class=java.util.concurrent.ConcurrentHashMap$Node@50000024)
	key		50000b5e
	val		500009bb
OBJ 50001129 (sz=32, trace=300695, class=java.util.concurrent.ConcurrentHashMap$Node@50000024)
	key		50000b68
	val		50000873
OBJ 5000112a (sz=32, trace=300695, class=java.util.concurrent.ConcurrentHashMap$Node@50000024)
	key		50000b6a
	val		500013c5
OBJ 5000112b (sz=32, trace=300696, class=java.util.concurrent.ConcurrentHashMap$Node@50000024)
	key		50000c95
	val		50001966
	next		50001e0e
OBJ 5000112c (sz=32, trace=300695, class=java.util.concurrent.ConcurrentHashMap$Node@50000024)
	key		50000b6e
	val		50001c85
OBJ 5000112d (sz=32, trace=300695, class=java.util.concurrent.ConcurrentHashMap$Node@50000024)
	key		50000b81
	val		50000d3a
OBJ 5000112e (sz=32, trace=300695, class=java.util.concurrent.ConcurrentHashMap$Node@50000024)
	key		50000ba1
	val		50000c66
OBJ 5000112f (sz=32, trace=300695, class=java.util.concurrent.ConcurrentHashMap$Node@50000024)
	key		50000b9f
	val		50001961
	next		5000112e
OBJ 50001130 (sz=32, trace=300696, class=java.util.concurrent.ConcurrentHashMap$Node@50000024)
	key		50000cb9
	val		500009c1
OBJ 50001132 (sz=16, trace=300157, class=java.lang.Object@50000172)
OBJ 50001133 (sz=32, trace=300159, class=java.util.concurrent.ConcurrentHashMap$Node@50000024)
	key		50000ae6
	val		50001132
OBJ 50001134 (sz=16, trace=300160, class=java.lang.Object@50000172)
OBJ 50001135 (sz=32, trace=300159, class=java.util.concurrent.ConcurrentHashMap$Node@50000024)
	key		50000ae6
	val		50001134
OBJ 50001136 (sz=32, trace=300695, class=java.util.concurrent.ConcurrentHashMap$Node@50000024)
	key		50000bb1
	val		500007d2
	next		50001be6
OBJ 50001137 (sz=32, trace=300695, class=java.util.concurrent.ConcurrentHashMap$Node@50000024)
	key		50000bbd
	val		5000085b
OBJ 50001138 (sz=32, trace=300695, class=java.util.concurrent.ConcurrentHashMap$Node@50000024)
	key		50000bbb
	val		50001423
	next		50001137
OBJ 50001139 (sz=32, trace=300695, class=java.util.concurrent.ConcurrentHashMap$Node@50000024)
	key		50000bc1
	val		50001e5e
OBJ 5000113a (sz=32, trace=300696, class=java.util.concurrent.ConcurrentHashMap$Node@50000024)
	key		50000ce5
	val		500017cf
	next		50001b91
OBJ 5000113b (sz=32, trace=300696, class=java.util.concurrent.ConcurrentHashMap$Node@50000024)
	key		50000ce3
	val		5000172d
	next		5000113a
OBJ 5000113c (sz=32, trace=300695, class=java.util.concurrent.ConcurrentHashMap$Node@50000024)
	key		50000be4
	val		500009cd
OBJ 5000113d (sz=32, trace=300695, class=java.util.concurrent.ConcurrentHashMap$Node@50000024)
	key		50000bee
	val		50001736
OBJ 5000113e (sz=32, trace=300695, class=java.util.concurrent.ConcurrentHashMap$Node@50000024)
	key		50000bfa
	val		50000aae
OBJ 5000113f (sz=32, trace=300695, class=java.util.concurrent.ConcurrentHashMap$Node@50000024)
	key		50000c10
	val		5000191b
OBJ 50001140 (sz=32, trace=300695, class=java.util.concurrent.ConcurrentHashMap$Node@50000024)
	key		50000c19
	val		500019b3
OBJ 50001141 (sz=16, trace=300160, class=java.lang.Object@50000172)
OBJ 50001142 (sz=32, trace=300159, class=java.util.concurrent.ConcurrentHashMap$Node@50000024)
	key		50000c24
	val		50001141
ARR 50001143 (sz=2064, trace=300692, nelems=512, elem type=java.util.concurrent.ConcurrentHashMap$Node[]@50000023)
	[1]		50001b14
	[2]		50000cda
	[4]		50001077
	[7]		50000de1
	[13]		500009dc
	[16]		50000b1d
	[20]		500004eb
	[23]		5000136c
	[24]		50001b66
	[30]		50001622
	[36]		50000ac3
	[41]		50001e05
	[42]		50000aa9
	[43]		50001d8d
	[44]		50001873
	[48]		50001380
	[58]		50001550
	[59]		50001784
	[65]		50000fd1
	[66]		50001325
	[68]		5000115d
	[71]		50000a1a
	[72]		50000f22
	[79]		50001023
	[80]		50001414
	[84]		500009eb
	[91]		500002b6
	[92]		500006ef
	[95]		500010cd
	[96]		50001910
	[98]		50001fec
	[102]		5000084b
	[103]		500014c2
	[104]		5000173e
	[106]		50001157
	[118]		50001ce7
	[122]		50001d2f
	[127]		50000f42
	[128]		50000ed2
	[132]		50000b27
	[135]		500019ba
	[141]		50001c84
	[144]		50001625
	[145]		50000fcf
	[146]		50001ac0
	[147]		50000b88
	[150]		50001152
	[152]		50001bf7
	[153]		50000427
	[154]		50000378
	[156]		50000cd4
	[161]		50000d92
	[167]		50000add
	[168]		50001509
	[170]		50001ddb
	[172]		50000e83
	[173]		500018a9
	[174]		50001a74
	[185]		50000d3d
	[187]		50001b3b
	[190]		5000114e
	[191]		50001b99
	[204]		50001d77
	[207]		500002d1
	[208]		50000ffa
	[211]		500003ce
	[215]		50000ab9
	[217]		50001419
	[218]		50001734
	[219]		5000132f
	[220]		50001b60
	[221]		5000181e
	[222]		5000195e
	[223]		500016ee
	[224]		50001149
	[231]		50000bdc
	[233]		500001cf
	[235]		50000335
	[237]		50002290
	[242]		50000c80
	[245]		5000168f
	[248]		50000f95
	[250]		500018cf
	[251]		500011bb
	[252]		50001a06
	[258]		50001290
	[260]		50001d3f
	[261]		5000047c
	[262]		50000b38
	[265]		50001142
	[266]		50001ad7
	[272]		50001162
	[274]		50001788
	[275]		50000fce
	[276]		50000311
	[279]		500017e8
	[280]		50001161
	[281]		50001e0a
	[282]		500019bf
	[284]		5000179e
	[285]		50001828
	[288]		50000fcb
	[293]		500009e3
	[294]		50001c95
	[296]		50000be3
	[297]		50001160
	[299]		500011b7
	[301]		50001c8d
	[302]		500018d7
	[304]		500019b0
	[309]		500016e6
	[315]		5000115f
	[316]		50001b1a
	[317]		50001ac5
	[319]		50001e19
	[320]		50000acc
	[321]		5000115e
	[324]		50000e2d
	[327]		50001a80
	[328]		500014a0
	[329]		500018d4
	[331]		500015ec
	[334]		500012e2
	[335]		50001449
	[340]		5000115b
	[343]		50000d30
	[347]		5000115a
	[350]		500010c6
	[353]		50000dca
	[358]		50001158
	[362]		50001cdf
	[363]		500009b9
	[366]		50001a1c
	[369]		500016df
	[376]		50000bdb
	[377]		50000b94
	[378]		50001156
	[379]		50000c22
	[380]		50000cf6
	[381]		50000cb0
	[382]		500009c8
	[383]		50001154
	[384]		50001ec6
	[385]		50000ad4
	[389]		50001a22
	[390]		50000907
	[392]		50001370
	[398]		50000ad9
	[403]		50001f32
	[404]		50000fcd
	[406]		50001153
	[407]		50001cf1
	[408]		50001151
	[410]		50001150
	[411]		50000b4a
	[418]		50000774
	[420]		500018d8
	[427]		5000209b
	[430]		5000114f
	[432]		5000031c
	[434]		50001abc
	[439]		500019c2
	[440]		500015fa
	[442]		50001bec
	[444]		5000163b
	[445]		5000186e
	[446]		50000c31
	[447]		5000178c
	[452]		50001878
	[456]		50001060
	[457]		500010a7
	[458]		50001684
	[462]		50000fd0
	[464]		5000114c
	[465]		50000e56
	[466]		50000e9e
	[467]		5000114b
	[468]		50000f2c
	[469]		50000f73
	[470]		50000fc6
	[471]		5000114a
	[472]		50000ac7
	[480]		50001148
	[481]		50001b3f
	[484]		50001b0b
	[485]		50001823
	[487]		50001147
	[488]		500018d2
	[490]		50001169
	[492]		5000181a
	[496]		50001135
	[497]		500018d1
	[498]		50001146
	[499]		50001209
	[500]		50001250
	[501]		50001297
	[502]		500012de
	[504]		50001145
	[505]		50000d35
	[509]		50001a16
	[511]		500010ee
OBJ 50001144 (sz=24, trace=300000, class=java.lang.String@5000016e)
	value		50001199
OBJ 50001145 (sz=32, trace=300695, class=java.util.concurrent.ConcurrentHashMap$Node@50000024)
	key		50000abb
	val		50000ab4
OBJ 50001146 (sz=32, trace=300695, class=java.util.concurrent.ConcurrentHashMap$Node@50000024)
	key		50000ace
	val		500011c1
OBJ 50001147 (sz=32, trace=300695, class=java.util.concurrent.ConcurrentHashMap$Node@50000024)
	key		50000af4
	val		50001bad
OBJ 50001148 (sz=32, trace=300695, class=java.util.concurrent.ConcurrentHashMap$Node@50000024)
	key		50000afc
	val		500008ca
	next		50000967
OBJ 50001149 (sz=32, trace=300696, class=java.util.concurrent.ConcurrentHashMap$Node@50000024)
	key		50000c47
	val		500008ce
OBJ 5000114a (sz=32, trace=300695, class=java.util.concurrent.ConcurrentHashMap$Node@50000024)
	key		50000b08
	val		50001018
OBJ 5000114b (sz=32, trace=300695, class=java.util.concurrent.ConcurrentHashMap$Node@50000024)
	key		50000b14
	val		50000ee4
OBJ 5000114c (sz=32, trace=300695, class=java.util.concurrent.ConcurrentHashMap$Node@50000024)
	key		50000b26
	val		50000e0f
OBJ 5000114d (sz=32, trace=300696, class=java.util.concurrent.ConcurrentHashMap$Node@50000024)
	key		50000c69
	val		50001dbd
OBJ 5000114e (sz=32, trace=300696, class=java.util.concurrent.ConcurrentHashMap$Node@50000024)
	key		50000282
	val		50000286
	next		5000114d
OBJ 5000114f (sz=32, trace=300695, class=java.util.concurrent.ConcurrentHashMap$Node@50000024)
	key		50000b5e
	val		500009bd
OBJ 50001150 (sz=32, trace=300695, class=java.util.concurrent.ConcurrentHashMap$Node@50000024)
	key		50000b68
	val		50000875
OBJ 50001151 (sz=32, trace=300695, class=java.util.concurrent.ConcurrentHashMap$Node@50000024)
	key		50000b6a
	val		500013c7
OBJ 50001152 (sz=32, trace=300696, class=java.util.concurrent.ConcurrentHashMap$Node@50000024)
	key		50000c95
	val		50001968
	next		50001e10
OBJ 50001153 (sz=32, trace=300695, class=java.util.concurrent.ConcurrentHashMap$Node@50000024)
	key		50000b6e
	val		50001c87
OBJ 50001154 (sz=32, trace=300695, class=java.util.concurrent.ConcurrentHashMap$Node@50000024)
	key		50000b81
	val		50000d3c
OBJ 50001155 (sz=32, trace=300695, class=java.util.concurrent.ConcurrentHashMap$Node@50000024)
	key		50000ba1
	val		50000c68
OBJ 50001156 (sz=32, trace=300695, class=java.util.concurrent.ConcurrentHashMap$Node@50000024)
	key		50000b9f
	val		50001963
	next		50001155
OBJ 50001157 (sz=32, trace=300696, class=java.util.concurrent.ConcurrentHashMap$Node@50000024)
	key		50000cb9
	val		500009c3
OBJ 50001158 (sz=32, trace=300695, class=java.util.concurrent.ConcurrentHashMap$Node@50000024)
	key		50000bb1
	val		500007d4
	next		50001be8
OBJ 50001159 (sz=32, trace=300695, class=java.util.concurrent.ConcurrentHashMap$Node@50000024)
	key		50000bbd
	val		5000085d
OBJ 5000115a (sz=32, trace=300695, class=java.util.concurrent.ConcurrentHashMap$Node@50000024)
	key		50000bbb
	val		50001425
	next		50001159
OBJ 5000115b (sz=32, trace=300695, class=java.util.concurrent.ConcurrentHashMap$Node@50000024)
	key		50000bc1
	val		50001e60
OBJ 5000115c (sz=32, trace=300696, class=java.util.concurrent.ConcurrentHashMap$Node@50000024)
	key		50000ce5
	val		500017d1
	next		50001b93
OBJ 5000115d (sz=32, trace=300696, class=java.util.concurrent.ConcurrentHashMap$Node@50000024)
	key		50000ce3
	val		5000172f
	next		5000115c
OBJ 5000115e (sz=32, trace=300695, class=java.util.concurrent.ConcurrentHashMap$Node@50000024)
	key		50000be4
	val		500009cf
OBJ 5000115f (sz=32, trace=300695, class=java.util.concurrent.ConcurrentHashMap$Node@50000024)
	key		50000bee
	val		50001738
OBJ 50001160 (sz=32, trace=300695, class=java.util.concurrent.ConcurrentHashMap$Node@50000024)
	key		50000bfa
	val		50000ab0
OBJ 50001161 (sz=32, trace=300695, class=java.util.concurrent.ConcurrentHashMap$Node@50000024)
	key		50000c10
	val		5000191d
OBJ 50001162 (sz=32, trace=300695, class=java.util.concurrent.ConcurrentHashMap$Node@50000024)
	key		50000c19
	val		500019b5
OBJ 50001165 (sz=32, trace=301089, class=com.sun.tools.javac.util.ListBuffer@50001164)
OBJ 50001166 (sz=16, trace=300157, class=java.lang.Object@50000172)
OBJ 50001167 (sz=32, trace=300159, class=java.util.concurrent.ConcurrentHashMap$Node@50000024)
	key		50000af0
	val		50001166
OBJ 50001168 (sz=16, trace=300160, class=java.lang.Object@50000172)
OBJ 50001169 (sz=32, trace=300159, class=java.util.concurrent.ConcurrentHashMap$Node@50000024)
	key		50000af0
	val		50001168
OBJ 5000116a (sz=24, trace=300000, class=java.lang.String@5000016e)
	value		5000119f
OBJ 5000116b (sz=56, trace=300687, class=java.util.zip.ZipFile$ZipFileInputStream@5000055c)
OBJ 5000116c (sz=24, trace=300000, class=java.lang.String@5000016e)
	value		5000125b
OBJ 5000116d (sz=24, trace=300000, class=java.lang.String@5000016e)
	value		500012a3
OBJ 5000116e (sz=24, trace=300000, class=java.lang.String@5000016e)
	value		500012a4
OBJ 5000116f (sz=24, trace=300000, class=java.lang.String@5000016e)
	value		500012a5
ARR 50001170 (sz=32, trace=300000, nelems=4, elem type=java.lang.String[]@500000c8)
	[0]		500010ae
	[1]		5000116f
	[2]		5000116e
	[3]		5000116d
ARR 50001171 (sz=40, trace=300000, nelems=5, elem type=java.lang.String[]@500000c8)
	[0]		500010ad
	[1]		500010f6
	[2]		500010e3
	[3]		50001034
	[4]		500010b9
ARR 50001172 (sz=40, trace=300000, nelems=6, elem type=java.lang.String[]@500000c8)
	[0]		500010ac
	[1]		500010f5
	[2]		500010e2
	[3]		50001033
	[4]		500010b8
	[5]		500010d3
ARR 50001173 (sz=40, trace=300000, nelems=5, elem type=java.lang.String[]@500000c8)
	[0]		500010ab
	[1]		5000108e
	[2]		5000108f
	[3]		50001032
	[4]		50001078
ARR 50001174 (sz=40, trace=300000, nelems=5, elem type=java.lang.String[]@500000c8)
	[0]		500010aa
	[1]		500010f4
	[2]		500010e1
	[3]		50001031
	[4]		500010b7
ARR 50001175 (sz=40, trace=300000, nelems=5, elem type=java.lang.String[]@500000c8)
	[0]		500010a9
	[1]		500010e0
	[2]		500010f3
	[3]		50001030
	[4]		500010d5
ARR 50001176 (sz=40, trace=300000, nelems=5, elem type=java.lang.String[]@500000c8)
	[0]		500010a8
	[1]		500010f2
	[2]		500010df
	[3]		5000102f
	[4]		500010d0
OBJ 50001178 (sz=16, trace=300157, class=java.lang.Object@50000172)
ARR 50001179 (sz=40, trace=300000, nelems=5, elem type=java.lang.String[]@500000c8)
	[0]		500010a2
	[1]		500010de
	[2]		500010f1
	[3]		5000102e
	[4]		500010d2
OBJ 5000117a (sz=16, trace=300160, class=java.lang.Object@50000172)
ARR 5000117b (sz=32, trace=300000, nelems=4, elem type=java.lang.String[]@500000c8)
	[0]		5000109f
	[1]		500010ef
	[2]		500010db
	[3]		5000102b
ARR 5000117c (sz=32, trace=300000, nelems=4, elem type=java.lang.String[]@500000c8)
	[0]		5000109e
	[1]		500010e9
	[2]		500010da
	[3]		5000102a
ARR 5000117d (sz=40, trace=300000, nelems=6, elem type=java.lang.String[]@500000c8)
	[0]		50001097
	[1]		500010e8
	[2]		500010d9
	[3]		50001029
	[4]		500010d4
	[5]		5000116c
ARR 5000117e (sz=24, trace=300000, nelems=2, elem type=java.lang.String[]@500000c8)
	[0]		50001095
	[1]		5000109d
ARR 5000117f (sz=24, trace=300000, nelems=2, elem type=java.lang.String[]@500000c8)
	[0]		50001094
	[1]		5000109c
ARR 50001180 (sz=24, trace=300000, nelems=2, elem type=java.lang.String[]@500000c8)
	[0]		50001093
	[1]		5000109b
ARR 50001181 (sz=24, trace=300000, nelems=2, elem type=java.lang.String[]@500000c8)
	[0]		50001092
	[1]		5000109a
ARR 50001182 (sz=32, trace=300000, nelems=3, elem type=java.lang.String[]@500000c8)
	[0]		50001091
	[1]		50001099
	[2]		5000108d
ARR 50001183 (sz=24, trace=300000, nelems=2, elem type=java.lang.String[]@500000c8)
	[0]		50001090
	[1]		50001098
ARR 50001184 (sz=24, trace=300000, nelems=1, elem type=java.lang.String[]@500000c8)
	[0]		5000110e
ARR 50001185 (sz=32, trace=300000, nelems=3, elem type=java.lang.String[]@500000c8)
	[0]		5000110d
	[1]		5000110c
	[2]		500010d1
ARR 50001186 (sz=80, trace=300000, nelems=15, elem type=java.lang.String[]@500000c8)
	[0]		50001056
	[1]		50001037
	[2]		5000104a
	[3]		50001053
	[4]		5000104d
	[5]		50001048
	[6]		50001046
	[7]		500010b3
	[8]		50001041
	[9]		5000106b
	[10]		5000106c
	[11]		5000106a
	[12]		500010ce
	[13]		500010cf
	[14]		50001054
ARR 50001187 (sz=32, trace=300000, nelems=4, elem type=java.lang.String[]@500000c8)
	[0]		50001103
	[1]		50001036
	[2]		50001109
	[3]		5000104c
ARR 50001188 (sz=72, trace=300000, nelems=13, elem type=java.lang.String[]@500000c8)
	[0]		50001108
	[1]		5000103c
	[2]		50001100
	[3]		50001067
	[4]		50001068
	[5]		50001051
	[6]		50001116
	[7]		50001112
	[8]		500010fa
	[9]		500010e7
	[10]		50001040
	[11]		500010b2
	[12]		500010bd
ARR 50001189 (sz=80, trace=300000, nelems=16, elem type=java.lang.String[]@500000c8)
	[0]		50001107
	[1]		5000103b
	[2]		500010fe
	[3]		50001065
	[4]		50001066
	[5]		50001044
	[6]		50001043
	[7]		500010d7
	[8]		500010d8
	[9]		500010bf
	[10]		5000111b
	[11]		500010f0
	[12]		500010dc
	[13]		5000102c
	[14]		500010a0
	[15]		50001102
ARR 5000118a (sz=64, trace=300000, nelems=12, elem type=java.lang.String[]@500000c8)
	[0]		50001106
	[1]		5000103a
	[2]		500010ff
	[3]		50001063
	[4]		50001064
	[5]		50001050
	[6]		500010d6
	[7]		500010f9
	[8]		500010e6
	[9]		500010b1
	[10]		5000103f
	[11]		500010be
ARR 5000118b (sz=72, trace=300000, nelems=13, elem type=java.lang.String[]@500000c8)
	[0]		50001105
	[1]		50001101
	[2]		50001039
	[3]		500010fd
	[4]		5000105a
	[5]		50001062
	[6]		50001115
	[7]		50001111
	[8]		500010f8
	[9]		500010e5
	[10]		500010b0
	[11]		5000103e
	[12]		500010bc
ARR 5000118c (sz=72, trace=300000, nelems=13, elem type=java.lang.String[]@500000c8)
	[0]		50001104
	[1]		50001038
	[2]		500010fc
	[3]		50001058
	[4]		50001059
	[5]		5000104e
	[6]		50001114
	[7]		50001110
	[8]		500010f7
	[9]		500010e4
	[10]		500010af
	[11]		5000103d
	[12]		500010bb
ARR 5000118d (sz=72, trace=300000, nelems=14, elem type=java.lang.String[]@500000c8)
	[0]		500010fb
	[1]		50001055
	[2]		50001113
	[3]		5000110f
	[4]		50001047
	[5]		500010a1
	[6]		500010ba
	[7]		5000102d
	[8]		50001045
	[9]		50001052
	[10]		50001057
	[11]		50001069
	[12]		50001035
	[13]		5000104b
ARR 5000118e (sz=24, trace=300000, nelems=2, elem type=java.lang.String[]@500000c8)
	[0]		50001082
	[1]		50001079
ARR 5000118f (sz=24, trace=300000, nelems=2, elem type=java.lang.String[]@500000c8)
	[0]		50001084
	[1]		5000107a
ARR 50001190 (sz=24, trace=300000, nelems=2, elem type=java.lang.String[]@500000c8)
	[0]		50001081
	[1]		5000108b
ARR 50001191 (sz=24, trace=300000, nelems=2, elem type=java.lang.String[]@500000c8)
	[0]		50001083
	[1]		5000108c
ARR 50001192 (sz=24, trace=300000, nelems=2, elem type=java.lang.String[]@500000c8)
	[0]		50001080
	[1]		5000107b
ARR 50001193 (sz=24, trace=300000, nelems=1, elem type=java.lang.String[]@500000c8)
	[0]		50001087
ARR 50001194 (sz=32, trace=300000, nelems=3, elem type=java.lang.String[]@500000c8)
	[0]		5000107f
	[1]		5000108a
	[2]		50001088
ARR 50001195 (sz=32, trace=300000, nelems=4, elem type=java.lang.String[]@500000c8)
	[0]		5000107e
	[1]		50001049
	[2]		50001089
	[3]		50001086
ARR 50001196 (sz=32, trace=300000, nelems=4, elem type=java.lang.String[]@500000c8)
	[0]		5000107d
	[1]		5000116a
	[2]		50001125
	[3]		50001085
ARR 50001197 (sz=24, trace=300000, nelems=2, elem type=java.lang.String[]@500000c8)
	[0]		50001042
	[1]		500010b6
ARR 50001198 (sz=24, trace=300000, nelems=2, elem type=java.lang.String[]@500000c8)
	[0]		5000107c
	[1]		50001144
ARR 50001199 (sz=34, trace=300000, nelems=17, elem type=char[])
ARR 5000119a (sz=8, trace=300000, nelems=4, elem type=char[])
ARR 5000119b (sz=16, trace=300000, nelems=8, elem type=char[])
ARR 5000119c (sz=10, trace=300000, nelems=5, elem type=char[])
ARR 5000119d (sz=20, trace=300000, nelems=10, elem type=char[])
ARR 5000119e (sz=14, trace=300000, nelems=7, elem type=char[])
ARR 5000119f (sz=10, trace=300000, nelems=5, elem type=char[])
ARR 500011a0 (sz=12, trace=300000, nelems=6, elem type=char[])
ARR 500011a1 (sz=36, trace=300000, nelems=18, elem type=char[])
ARR 500011a2 (sz=20, trace=300000, nelems=10, elem type=char[])
ARR 500011a3 (sz=30, trace=300000, nelems=15, elem type=char[])
OBJ 500011a4 (sz=56, trace=300687, class=java.util.zip.ZipFile$ZipFileInputStream@5000055c)
	this$0		500004ec
OBJ 500011a5 (sz=40, trace=300106, class=java.lang.ref.Finalizer@5000014d)
	referent	500011a4
	queue		500003aa
	next		5000110b
	prev		50001220
ARR 500011a6 (sz=16, trace=300000, nelems=8, elem type=char[])
ARR 500011a7 (sz=42, trace=300000, nelems=21, elem type=char[])
ARR 500011a8 (sz=20, trace=300000, nelems=10, elem type=char[])
ARR 500011a9 (sz=16, trace=300000, nelems=8, elem type=char[])
ARR 500011aa (sz=26, trace=300000, nelems=13, elem type=char[])
ARR 500011ab (sz=10, trace=300000, nelems=5, elem type=char[])
ARR 500011ac (sz=12, trace=300000, nelems=6, elem type=char[])
ARR 500011ad (sz=20, trace=300000, nelems=10, elem type=char[])
ARR 500011ae (sz=16, trace=300000, nelems=8, elem type=char[])
ARR 500011af (sz=20, trace=300000, nelems=10, elem type=char[])
ARR 500011b0 (sz=16, trace=300000, nelems=8, elem type=char[])
OBJ 500011b1 (sz=56, trace=300687, class=java.util.zip.ZipFile$ZipFileInputStream@5000055c)
ARR 500011b2 (sz=24, trace=300000, nelems=12, elem type=char[])
OBJ 500011b4 (sz=16, trace=300157, class=java.lang.Object@50000172)
OBJ 500011b5 (sz=32, trace=300159, class=java.util.concurrent.ConcurrentHashMap$Node@50000024)
	key		50000bf8
	val		500011b4
OBJ 500011b6 (sz=16, trace=300160, class=java.lang.Object@50000172)
OBJ 500011b7 (sz=32, trace=300159, class=java.util.concurrent.ConcurrentHashMap$Node@50000024)
	key		50000bf8
	val		500011b6
OBJ 500011b8 (sz=16, trace=300157, class=java.lang.Object@50000172)
OBJ 500011b9 (sz=32, trace=300159, class=java.util.concurrent.ConcurrentHashMap$Node@50000024)
	key		50000c35
	val		500011b8
OBJ 500011ba (sz=16, trace=300160, class=java.lang.Object@50000172)
OBJ 500011bb (sz=32, trace=300159, class=java.util.concurrent.ConcurrentHashMap$Node@50000024)
	key		50000c35
	val		500011ba
OBJ 500011bc (sz=16, trace=300157, class=java.lang.Object@50000172)
OBJ 500011bd (sz=32, trace=300683, class=java.util.concurrent.ConcurrentHashMap$Node@50000024)
	key		50000b9d
	val		500011bc
OBJ 500011bf (sz=16, trace=300157, class=java.lang.Object@50000172)
ARR 500011c0 (sz=24, trace=300000, nelems=12, elem type=char[])
OBJ 500011c1 (sz=16, trace=300160, class=java.lang.Object@50000172)
ARR 500011c2 (sz=24, trace=300000, nelems=12, elem type=char[])
OBJ 500011c3 (sz=16, trace=300160, class=java.lang.Object@50000172)
OBJ 500011c4 (sz=32, trace=300683, class=java.util.concurrent.ConcurrentHashMap$Node@50000024)
	key		50000b9d
	val		500011c3
ARR 500011c5 (sz=24, trace=300000, nelems=12, elem type=char[])
ARR 500011c6 (sz=18, trace=300000, nelems=9, elem type=char[])
ARR 500011c7 (sz=24, trace=301092, nelems=0, elem type=java.lang.String[]@500000c8)
ARR 500011c8 (sz=12, trace=300000, nelems=6, elem type=char[])
ARR 500011c9 (sz=20, trace=300000, nelems=10, elem type=char[])
ARR 500011ca (sz=30, trace=300000, nelems=15, elem type=char[])
ARR 500011cb (sz=18, trace=300000, nelems=9, elem type=char[])
ARR 500011cc (sz=14, trace=300000, nelems=7, elem type=char[])
ARR 500011cd (sz=6, trace=300000, nelems=3, elem type=char[])
ARR 500011ce (sz=22, trace=300000, nelems=11, elem type=char[])
ARR 500011cf (sz=10, trace=300000, nelems=5, elem type=char[])
ARR 500011d1 (sz=12, trace=300000, nelems=6, elem type=char[])
ARR 500011d2 (sz=4, trace=300000, nelems=2, elem type=char[])
ARR 500011d3 (sz=12, trace=300000, nelems=6, elem type=char[])
ARR 500011d4 (sz=20, trace=300000, nelems=10, elem type=char[])
OBJ 500011d5 (sz=16, trace=300157, class=java.lang.Object@50000172)
OBJ 500011d6 (sz=32, trace=300683, class=java.util.concurrent.ConcurrentHashMap$Node@50000024)
	key		50000c93
	val		500011d5
OBJ 500011d7 (sz=16, trace=300160, class=java.lang.Object@50000172)
OBJ 500011d8 (sz=32, trace=300683, class=java.util.concurrent.ConcurrentHashMap$Node@50000024)
	key		50000c93
	val		500011d7
ARR 500011d9 (sz=20, trace=300000, nelems=10, elem type=char[])
ARR 500011da (sz=22, trace=300000, nelems=11, elem type=char[])
ARR 500011db (sz=6, trace=300000, nelems=3, elem type=char[])
ARR 500011dc (sz=10, trace=300000, nelems=5, elem type=char[])
ARR 500011dd (sz=14, trace=300000, nelems=7, elem type=char[])
ARR 500011de (sz=12, trace=300000, nelems=6, elem type=char[])
ARR 500011df (sz=4, trace=300000, nelems=2, elem type=char[])
ARR 500011e0 (sz=12, trace=300000, nelems=6, elem type=char[])
ARR 500011e1 (sz=18, trace=300000, nelems=9, elem type=char[])
ARR 500011e2 (sz=30, trace=300000, nelems=15, elem type=char[])
ARR 500011e3 (sz=20, trace=300000, nelems=10, elem type=char[])
ARR 500011e4 (sz=20, trace=300000, nelems=10, elem type=char[])
ARR 500011e5 (sz=12, trace=300000, nelems=6, elem type=char[])
ARR 500011e6 (sz=18, trace=300000, nelems=9, elem type=char[])
ARR 500011e7 (sz=22, trace=300000, nelems=11, elem type=char[])
ARR 500011e8 (sz=6, trace=300000, nelems=3, elem type=char[])
ARR 500011e9 (sz=10, trace=300000, nelems=5, elem type=char[])
ARR 500011ea (sz=14, trace=300000, nelems=7, elem type=char[])
ARR 500011eb (sz=12, trace=300000, nelems=6, elem type=char[])
ARR 500011ec (sz=4, trace=300000, nelems=2, elem type=char[])
ARR 500011ed (sz=12, trace=300000, nelems=6, elem type=char[])
ARR 500011ee (sz=30, trace=300000, nelems=15, elem type=char[])
ARR 500011ef (sz=20, trace=300000, nelems=10, elem type=char[])
ARR 500011f0 (sz=20, trace=300000, nelems=10, elem type=char[])
ARR 500011f1 (sz=12, trace=300000, nelems=6, elem type=char[])
ARR 500011f2 (sz=18, trace=300000, nelems=9, elem type=char[])
ARR 500011f3 (sz=18, trace=300000, nelems=9, elem type=char[])
ARR 500011f4 (sz=36, trace=300000, nelems=18, elem type=char[])
ARR 500011f5 (sz=6, trace=300000, nelems=3, elem type=char[])
ARR 500011f6 (sz=10, trace=300000, nelems=5, elem type=char[])
ARR 500011f7 (sz=14, trace=300000, nelems=7, elem type=char[])
OBJ 500011f8 (sz=56, trace=300687, class=java.util.zip.ZipFile$ZipFileInputStream@5000055c)
ARR 500011f9 (sz=12, trace=300000, nelems=6, elem type=char[])
ARR 500011fa (sz=16, trace=300000, nelems=8, elem type=char[])
ARR 500011fb (sz=18, trace=300000, nelems=9, elem type=char[])
ARR 500011fc (sz=30, trace=300000, nelems=15, elem type=char[])
ARR 500011fd (sz=20, trace=300000, nelems=10, elem type=char[])
ARR 500011fe (sz=20, trace=300000, nelems=10, elem type=char[])
ARR 500011ff (sz=12, trace=300000, nelems=6, elem type=char[])
ARR 50001200 (sz=18, trace=300000, nelems=9, elem type=char[])
ARR 50001201 (sz=18, trace=300000, nelems=9, elem type=char[])
ARR 50001202 (sz=10, trace=300000, nelems=5, elem type=char[])
ARR 50001203 (sz=6, trace=300000, nelems=3, elem type=char[])
ARR 50001204 (sz=14, trace=300000, nelems=7, elem type=char[])
OBJ 50001206 (sz=16, trace=300157, class=java.lang.Object@50000172)
OBJ 50001207 (sz=32, trace=300159, class=java.util.concurrent.ConcurrentHashMap$Node@50000024)
	key		50000ac8
	val		50001206
	next		500013b8
OBJ 50001208 (sz=16, trace=300160, class=java.lang.Object@50000172)
OBJ 50001209 (sz=32, trace=300159, class=java.util.concurrent.ConcurrentHashMap$Node@50000024)
	key		50000ac8
	val		50001208
	next		500013ba
ARR 5000120a (sz=12, trace=300000, nelems=6, elem type=char[])
ARR 5000120b (sz=24, trace=300000, nelems=12, elem type=char[])
OBJ 5000120c (sz=24, trace=300369, class=java.lang.String@5000016e)
	value		5000120d
ARR 5000120d (sz=42, trace=300370, nelems=21, elem type=char[])
ARR 5000120e (sz=30, trace=300000, nelems=15, elem type=char[])
ARR 5000120f (sz=12, trace=300000, nelems=6, elem type=char[])
ARR 50001210 (sz=10, trace=300000, nelems=5, elem type=char[])
ARR 50001211 (sz=16, trace=300000, nelems=8, elem type=char[])
ARR 50001212 (sz=16, trace=300000, nelems=8, elem type=char[])
ARR 50001213 (sz=30, trace=300000, nelems=15, elem type=char[])
ARR 50001214 (sz=20, trace=300000, nelems=10, elem type=char[])
ARR 50001215 (sz=20, trace=300000, nelems=10, elem type=char[])
ARR 50001216 (sz=12, trace=300000, nelems=6, elem type=char[])
ARR 50001217 (sz=18, trace=300000, nelems=9, elem type=char[])
ARR 50001218 (sz=22, trace=300000, nelems=11, elem type=char[])
ARR 50001219 (sz=10, trace=300000, nelems=5, elem type=char[])
OBJ 5000121a (sz=56, trace=300443, class=java.lang.Package@500005db)
	pkgName		5000120c
	loader		500003b4
OBJ 5000121b (sz=32, trace=300222, class=java.util.HashMap$Node@500000c4)
	key		5000120c
	value		5000121a
ARR 5000121c (sz=6, trace=300000, nelems=3, elem type=char[])
ARR 5000121d (sz=14, trace=300000, nelems=7, elem type=char[])
ARR 5000121e (sz=12, trace=300000, nelems=6, elem type=char[])
OBJ 5000121f (sz=56, trace=300687, class=java.util.zip.ZipFile$ZipFileInputStream@5000055c)
	this$0		500004ec
OBJ 50001220 (sz=40, trace=300106, class=java.lang.ref.Finalizer@5000014d)
	referent	5000121f
	queue		500003aa
	next		500011a5
	prev		5000127d
ARR 50001221 (sz=4, trace=300000, nelems=2, elem type=char[])
ARR 50001222 (sz=12, trace=300000, nelems=6, elem type=char[])
ARR 50001223 (sz=18, trace=300000, nelems=9, elem type=char[])
ARR 50001224 (sz=30, trace=300000, nelems=15, elem type=char[])
ARR 50001225 (sz=20, trace=300000, nelems=10, elem type=char[])
ARR 50001226 (sz=20, trace=300000, nelems=10, elem type=char[])
ARR 50001227 (sz=12, trace=300000, nelems=6, elem type=char[])
OBJ 50001228 (sz=24, trace=300668, class=java.lang.String@5000016e)
	value		50001229
ARR 50001229 (sz=42, trace=300669, nelems=21, elem type=char[])
OBJ 5000122a (sz=32, trace=301000, class=java.util.concurrent.ConcurrentHashMap$Node@50000024)
	key		50001228
	val		50000a87
ARR 5000122b (sz=144, trace=300692, nelems=32, elem type=java.util.concurrent.ConcurrentHashMap$Node[]@50000023)
	[0]		50000639
	[2]		500008c2
	[3]		500018a0
	[11]		50000a62
	[12]		500016d7
	[13]		50001cd6
	[17]		50001284
	[20]		50000b2f
	[24]		50000847
	[26]		5000146f
	[31]		500009b1
ARR 5000122c (sz=18, trace=300000, nelems=9, elem type=char[])
ARR 5000122d (sz=20, trace=300000, nelems=10, elem type=char[])
ARR 5000122e (sz=22, trace=300000, nelems=11, elem type=char[])
ARR 5000122f (sz=14, trace=300000, nelems=7, elem type=char[])
ARR 50001230 (sz=20, trace=300000, nelems=10, elem type=char[])
OBJ 50001231 (sz=16, trace=300157, class=java.lang.Object@50000172)
OBJ 50001232 (sz=32, trace=300683, class=java.util.concurrent.ConcurrentHashMap$Node@50000024)
	key		50000c5a
	val		50001231
OBJ 50001233 (sz=16, trace=300160, class=java.lang.Object@50000172)
OBJ 50001234 (sz=32, trace=300683, class=java.util.concurrent.ConcurrentHashMap$Node@50000024)
	key		50000c5a
	val		50001233
ARR 50001235 (sz=30, trace=300000, nelems=15, elem type=char[])
ARR 50001236 (sz=22, trace=300000, nelems=11, elem type=char[])
ARR 50001237 (sz=22, trace=300000, nelems=11, elem type=char[])
ARR 50001238 (sz=4, trace=300000, nelems=2, elem type=char[])
ARR 50001239 (sz=12, trace=300000, nelems=6, elem type=char[])
ARR 5000123a (sz=12, trace=300000, nelems=6, elem type=char[])
ARR 5000123b (sz=6, trace=300000, nelems=3, elem type=char[])
ARR 5000123c (sz=10, trace=300000, nelems=5, elem type=char[])
ARR 5000123d (sz=14, trace=300000, nelems=7, elem type=char[])
ARR 5000123e (sz=12, trace=300000, nelems=6, elem type=char[])
OBJ 5000123f (sz=56, trace=300687, class=java.util.zip.ZipFile$ZipFileInputStream@5000055c)
ARR 50001240 (sz=20, trace=300000, nelems=10, elem type=char[])
ARR 50001241 (sz=20, trace=300000, nelems=10, elem type=char[])
ARR 50001242 (sz=22, trace=300000, nelems=11, elem type=char[])
ARR 50001243 (sz=14, trace=300000, nelems=7, elem type=char[])
ARR 50001244 (sz=22, trace=300000, nelems=11, elem type=char[])
ARR 50001245 (sz=14, trace=300000, nelems=7, elem type=char[])
ARR 50001246 (sz=8, trace=300000, nelems=4, elem type=char[])
ARR 50001247 (sz=12, trace=300000, nelems=6, elem type=char[])
ARR 50001248 (sz=12, trace=300000, nelems=6, elem type=char[])
ARR 50001249 (sz=12, trace=300000, nelems=6, elem type=char[])
ARR 5000124a (sz=12, trace=300000, nelems=6, elem type=char[])
ARR 5000124b (sz=18, trace=300000, nelems=9, elem type=char[])
OBJ 5000124d (sz=16, trace=300157, class=java.lang.Object@50000172)
OBJ 5000124e (sz=32, trace=300159, class=java.util.concurrent.ConcurrentHashMap$Node@50000024)
	key		50000ac5
	val		5000124d
OBJ 5000124f (sz=16, trace=300160, class=java.lang.Object@50000172)
OBJ 50001250 (sz=32, trace=300159, class=java.util.concurrent.ConcurrentHashMap$Node@50000024)
	key		50000ac5
	val		5000124f
ARR 50001251 (sz=12, trace=300000, nelems=6, elem type=char[])
ARR 50001252 (sz=12, trace=300000, nelems=6, elem type=char[])
ARR 50001253 (sz=12, trace=300000, nelems=6, elem type=char[])
ARR 50001254 (sz=12, trace=300000, nelems=6, elem type=char[])
ARR 50001255 (sz=12, trace=300000, nelems=6, elem type=char[])
ARR 50001256 (sz=12, trace=300000, nelems=6, elem type=char[])
ARR 50001257 (sz=12, trace=300000, nelems=6, elem type=char[])
ARR 50001258 (sz=12, trace=300000, nelems=6, elem type=char[])
ARR 50001259 (sz=12, trace=300000, nelems=6, elem type=char[])
ARR 5000125a (sz=12, trace=300000, nelems=6, elem type=char[])
ARR 5000125b (sz=22, trace=300000, nelems=11, elem type=char[])
ARR 5000125c (sz=32, trace=300000, nelems=16, elem type=char[])
ARR 5000125d (sz=6, trace=300000, nelems=3, elem type=char[])
ARR 5000125e (sz=14, trace=300000, nelems=7, elem type=char[])
ARR 5000125f (sz=12, trace=300000, nelems=6, elem type=char[])
ARR 50001260 (sz=10, trace=300000, nelems=5, elem type=char[])
ARR 50001261 (sz=6, trace=300000, nelems=3, elem type=char[])
ARR 50001262 (sz=14, trace=300000, nelems=7, elem type=char[])
ARR 50001263 (sz=12, trace=300000, nelems=6, elem type=char[])
ARR 50001264 (sz=10, trace=300000, nelems=5, elem type=char[])
ARR 50001265 (sz=6, trace=300000, nelems=3, elem type=char[])
ARR 50001266 (sz=14, trace=300000, nelems=7, elem type=char[])
ARR 50001267 (sz=12, trace=300000, nelems=6, elem type=char[])
OBJ 50001268 (sz=24, trace=300369, class=java.lang.String@5000016e)
	value		50001269
ARR 50001269 (sz=38, trace=300370, nelems=19, elem type=char[])
ARR 5000126a (sz=10, trace=300000, nelems=5, elem type=char[])
ARR 5000126b (sz=38, trace=300000, nelems=19, elem type=char[])
ARR 5000126c (sz=6, trace=300000, nelems=3, elem type=char[])
ARR 5000126d (sz=12, trace=300000, nelems=6, elem type=char[])
ARR 5000126e (sz=14, trace=300000, nelems=7, elem type=char[])
ARR 5000126f (sz=10, trace=300000, nelems=5, elem type=char[])
ARR 50001270 (sz=16, trace=300000, nelems=8, elem type=char[])
ARR 50001271 (sz=6, trace=300000, nelems=3, elem type=char[])
ARR 50001272 (sz=14, trace=300000, nelems=7, elem type=char[])
ARR 50001273 (sz=12, trace=300000, nelems=6, elem type=char[])
ARR 50001274 (sz=10, trace=300000, nelems=5, elem type=char[])
ARR 50001275 (sz=16, trace=300000, nelems=8, elem type=char[])
OBJ 50001276 (sz=56, trace=300443, class=java.lang.Package@500005db)
	pkgName		50001268
	loader		500003b4
OBJ 50001277 (sz=32, trace=300221, class=java.util.HashMap$Node@500000c4)
	key		50001268
	value		50001276
ARR 50001278 (sz=144, trace=301101, nelems=32, elem type=java.util.HashMap$Node[]@500000c2)
	[0]		5000061e
	[2]		500008b2
	[3]		50001894
	[11]		50000a56
	[12]		500016c7
	[13]		50001cc9
	[17]		50001277
	[20]		50000b21
	[24]		500005ed
	[26]		50001462
	[31]		500009a5
ARR 50001279 (sz=6, trace=300000, nelems=3, elem type=char[])
ARR 5000127a (sz=12, trace=300000, nelems=6, elem type=char[])
ARR 5000127b (sz=14, trace=300000, nelems=7, elem type=char[])
OBJ 5000127c (sz=56, trace=300687, class=java.util.zip.ZipFile$ZipFileInputStream@5000055c)
	this$0		500004ec
OBJ 5000127d (sz=40, trace=300106, class=java.lang.ref.Finalizer@5000014d)
	referent	5000127c
	queue		500003aa
	next		50001220
	prev		500012cc
ARR 5000127e (sz=10, trace=300000, nelems=5, elem type=char[])
ARR 5000127f (sz=16, trace=300000, nelems=8, elem type=char[])
ARR 50001280 (sz=6, trace=300000, nelems=3, elem type=char[])
ARR 50001281 (sz=14, trace=300000, nelems=7, elem type=char[])
OBJ 50001282 (sz=24, trace=300668, class=java.lang.String@5000016e)
	value		50001283
ARR 50001283 (sz=38, trace=300669, nelems=19, elem type=char[])
OBJ 50001284 (sz=32, trace=300671, class=java.util.concurrent.ConcurrentHashMap$Node@50000024)
	key		50001282
	val		50000a87
ARR 50001285 (sz=12, trace=300000, nelems=6, elem type=char[])
OBJ 50001286 (sz=56, trace=300687, class=java.util.zip.ZipFile$ZipFileInputStream@5000055c)
ARR 50001287 (sz=10, trace=300000, nelems=5, elem type=char[])
ARR 50001288 (sz=48, trace=300000, nelems=24, elem type=char[])
ARR 50001289 (sz=6, trace=300000, nelems=3, elem type=char[])
ARR 5000128a (sz=14, trace=300000, nelems=7, elem type=char[])
OBJ 5000128d (sz=16, trace=300157, class=java.lang.Object@50000172)
OBJ 5000128e (sz=32, trace=300159, class=java.util.concurrent.ConcurrentHashMap$Node@50000024)
	key		50000c2c
	val		5000128d
OBJ 5000128f (sz=16, trace=300160, class=java.lang.Object@50000172)
OBJ 50001290 (sz=32, trace=300159, class=java.util.concurrent.ConcurrentHashMap$Node@50000024)
	key		50000c2c
	val		5000128f
ARR 50001291 (sz=20, trace=300000, nelems=10, elem type=char[])
ARR 50001292 (sz=10, trace=300000, nelems=5, elem type=char[])
OBJ 50001294 (sz=16, trace=300157, class=java.lang.Object@50000172)
OBJ 50001295 (sz=32, trace=300159, class=java.util.concurrent.ConcurrentHashMap$Node@50000024)
	key		50000ac0
	val		50001294
OBJ 50001296 (sz=16, trace=300160, class=java.lang.Object@50000172)
OBJ 50001297 (sz=32, trace=300159, class=java.util.concurrent.ConcurrentHashMap$Node@50000024)
	key		50000ac0
	val		50001296
ARR 50001298 (sz=36, trace=300000, nelems=18, elem type=char[])
ARR 50001299 (sz=16, trace=300000, nelems=8, elem type=char[])
ARR 5000129a (sz=6, trace=300000, nelems=3, elem type=char[])
ARR 5000129b (sz=14, trace=300000, nelems=7, elem type=char[])
ARR 5000129c (sz=12, trace=300000, nelems=6, elem type=char[])
ARR 5000129d (sz=10, trace=300000, nelems=5, elem type=char[])
ARR 5000129e (sz=16, trace=300000, nelems=8, elem type=char[])
ARR 5000129f (sz=6, trace=300000, nelems=3, elem type=char[])
ARR 500012a0 (sz=14, trace=300000, nelems=7, elem type=char[])
ARR 500012a1 (sz=12, trace=300000, nelems=6, elem type=char[])
ARR 500012a2 (sz=10, trace=300000, nelems=5, elem type=char[])
ARR 500012a3 (sz=6, trace=300000, nelems=3, elem type=char[])
ARR 500012a4 (sz=14, trace=300000, nelems=7, elem type=char[])
ARR 500012a5 (sz=12, trace=300000, nelems=6, elem type=char[])
ARR 500012a6 (sz=10, trace=300000, nelems=5, elem type=char[])
OBJ 500012a7 (sz=24, trace=300000, class=java.lang.String@5000016e)
	value		50001339
OBJ 500012a8 (sz=24, trace=300000, class=java.lang.String@5000016e)
	value		50001338
OBJ 500012a9 (sz=24, trace=300000, class=java.lang.String@5000016e)
	value		50001337
OBJ 500012aa (sz=24, trace=300000, class=java.lang.String@5000016e)
	value		50001336
OBJ 500012ab (sz=24, trace=300000, class=java.lang.String@5000016e)
	value		50001335
OBJ 500012ac (sz=24, trace=300000, class=java.lang.String@5000016e)
	value		50001334
OBJ 500012ad (sz=24, trace=300000, class=java.lang.String@5000016e)
	value		50001333
OBJ 500012ae (sz=24, trace=300000, class=java.lang.String@5000016e)
	value		50001332
OBJ 500012af (sz=24, trace=300000, class=java.lang.String@5000016e)
	value		50001331
OBJ 500012b0 (sz=24, trace=300000, class=java.lang.String@5000016e)
	value		50001330
OBJ 500012b1 (sz=24, trace=300000, class=java.lang.String@5000016e)
	value		5000132b
OBJ 500012b2 (sz=24, trace=300000, class=java.lang.String@5000016e)
	value		5000132a
OBJ 500012b3 (sz=24, trace=300000, class=java.lang.String@5000016e)
	value		50001329
OBJ 500012b4 (sz=24, trace=300000, class=java.lang.String@5000016e)
	value		50001328
OBJ 500012b5 (sz=24, trace=300000, class=java.lang.String@5000016e)
	value		50001327
OBJ 500012b6 (sz=24, trace=300000, class=java.lang.String@5000016e)
	value		50001326
OBJ 500012b7 (sz=24, trace=300000, class=java.lang.String@5000016e)
	value		50001320
OBJ 500012b8 (sz=24, trace=300000, class=java.lang.String@5000016e)
	value		5000131f
OBJ 500012b9 (sz=24, trace=300000, class=java.lang.String@5000016e)
	value		5000131e
OBJ 500012ba (sz=24, trace=300000, class=java.lang.String@5000016e)
	value		5000131d
OBJ 500012bb (sz=24, trace=300000, class=java.lang.String@5000016e)
	value		5000131c
OBJ 500012bc (sz=24, trace=300000, class=java.lang.String@5000016e)
	value		50001319
OBJ 500012bd (sz=24, trace=300000, class=java.lang.String@5000016e)
	value		50001318
OBJ 500012be (sz=24, trace=300000, class=java.lang.String@5000016e)
	value		50001317
OBJ 500012bf (sz=24, trace=300000, class=java.lang.String@5000016e)
	value		50001316
OBJ 500012c0 (sz=24, trace=300000, class=java.lang.String@5000016e)
	value		50001315
OBJ 500012c1 (sz=24, trace=300000, class=java.lang.String@5000016e)
	value		50001313
OBJ 500012c2 (sz=24, trace=300000, class=java.lang.String@5000016e)
	value		50001312
OBJ 500012c3 (sz=24, trace=300000, class=java.lang.String@5000016e)
	value		50001311
OBJ 500012c4 (sz=24, trace=300000, class=java.lang.String@5000016e)
	value		50001310
OBJ 500012c5 (sz=24, trace=300000, class=java.lang.String@5000016e)
	value		5000130f
OBJ 500012c6 (sz=24, trace=300000, class=java.lang.String@5000016e)
	value		5000130e
OBJ 500012c7 (sz=24, trace=300000, class=java.lang.String@5000016e)
	value		5000130d
OBJ 500012c8 (sz=24, trace=300000, class=java.lang.String@5000016e)
	value		5000130c
OBJ 500012c9 (sz=24, trace=300000, class=java.lang.String@5000016e)
	value		5000130b
OBJ 500012ca (sz=24, trace=300000, class=java.lang.String@5000016e)
	value		5000130a
OBJ 500012cb (sz=56, trace=300687, class=java.util.zip.ZipFile$ZipFileInputStream@5000055c)
	this$0		500004ec
OBJ 500012cc (sz=40, trace=300106, class=java.lang.ref.Finalizer@5000014d)
	referent	500012cb
	queue		500003aa
	next		5000127d
	prev		5000131b
OBJ 500012cd (sz=56, trace=300687, class=java.util.zip.ZipFile$ZipFileInputStream@5000055c)
OBJ 500012ce (sz=24, trace=300000, class=java.lang.String@5000016e)
	value		50001309
OBJ 500012cf (sz=24, trace=300000, class=java.lang.String@5000016e)
	value		50001308
OBJ 500012d0 (sz=24, trace=300000, class=java.lang.String@5000016e)
	value		50001307
OBJ 500012d1 (sz=24, trace=300000, class=java.lang.String@5000016e)
	value		50001306
OBJ 500012d2 (sz=24, trace=300000, class=java.lang.String@5000016e)
	value		50001305
OBJ 500012d3 (sz=24, trace=300000, class=java.lang.String@5000016e)
	value		50001304
OBJ 500012d4 (sz=24, trace=300000, class=java.lang.String@5000016e)
	value		50001303
OBJ 500012d5 (sz=24, trace=300000, class=java.lang.String@5000016e)
	value		50001302
OBJ 500012d6 (sz=24, trace=300000, class=java.lang.String@5000016e)
	value		50001301
OBJ 500012d7 (sz=24, trace=300000, class=java.lang.String@5000016e)
	value		50001300
OBJ 500012d8 (sz=24, trace=300000, class=java.lang.String@5000016e)
	value		500012ff
OBJ 500012db (sz=16, trace=300157, class=java.lang.Object@50000172)
OBJ 500012dc (sz=32, trace=300159, class=java.util.concurrent.ConcurrentHashMap$Node@50000024)
	key		50000abe
	val		500012db
OBJ 500012dd (sz=16, trace=300160, class=java.lang.Object@50000172)
OBJ 500012de (sz=32, trace=300159, class=java.util.concurrent.ConcurrentHashMap$Node@50000024)
	key		50000abe
	val		500012dd
OBJ 500012df (sz=16, trace=300157, class=java.lang.Object@50000172)
OBJ 500012e0 (sz=32, trace=300159, class=java.util.concurrent.ConcurrentHashMap$Node@50000024)
	key		50000bc7
	val		500012df
OBJ 500012e1 (sz=16, trace=300160, class=java.lang.Object@50000172)
OBJ 500012e2 (sz=32, trace=300159, class=java.util.concurrent.ConcurrentHashMap$Node@50000024)
	key		50000bc7
	val		500012e1
OBJ 500012e3 (sz=24, trace=300000, class=java.lang.String@5000016e)
	value		500012fe
OBJ 500012e4 (sz=24, trace=300000, class=java.lang.String@5000016e)
	value		500012fd
OBJ 500012e5 (sz=24, trace=300000, class=java.lang.String@5000016e)
	value		500012fc
OBJ 500012e6 (sz=24, trace=300000, class=java.lang.String@5000016e)
	value		500012fb
OBJ 500012e7 (sz=24, trace=300000, class=java.lang.String@5000016e)
	value		500012fa
OBJ 500012e8 (sz=24, trace=300000, class=java.lang.String@5000016e)
	value		500012f9
OBJ 500012e9 (sz=24, trace=300000, class=java.lang.String@5000016e)
	value		500012f8
OBJ 500012ea (sz=24, trace=300000, class=java.lang.String@5000016e)
	value		500012f7
OBJ 500012eb (sz=24, trace=300000, class=java.lang.String@5000016e)
	value		500012f6
OBJ 500012ec (sz=24, trace=300000, class=java.lang.String@5000016e)
	value		500012f5
OBJ 500012ed (sz=24, trace=300000, class=java.lang.String@5000016e)
	value		500012f4
OBJ 500012ee (sz=24, trace=300000, class=java.lang.String@5000016e)
	value		500012f3
OBJ 500012ef (sz=24, trace=300000, class=java.lang.String@5000016e)
	value		500012f2
OBJ 500012f0 (sz=24, trace=300000, class=java.lang.String@5000016e)
	value		500012f1
ARR 500012f1 (sz=28, trace=300000, nelems=14, elem type=char[])
ARR 500012f2 (sz=28, trace=300000, nelems=14, elem type=char[])
ARR 500012f3 (sz=28, trace=300000, nelems=14, elem type=char[])
ARR 500012f4 (sz=16, trace=300000, nelems=8, elem type=char[])
ARR 500012f5 (sz=16, trace=300000, nelems=8, elem type=char[])
ARR 500012f6 (sz=24, trace=300000, nelems=12, elem type=char[])
ARR 500012f7 (sz=24, trace=300000, nelems=12, elem type=char[])
ARR 500012f8 (sz=24, trace=300000, nelems=12, elem type=char[])
ARR 500012f9 (sz=24, trace=300000, nelems=12, elem type=char[])
ARR 500012fa (sz=24, trace=300000, nelems=12, elem type=char[])
ARR 500012fb (sz=24, trace=300000, nelems=12, elem type=char[])
ARR 500012fc (sz=10, trace=300000, nelems=5, elem type=char[])
ARR 500012fd (sz=16, trace=300000, nelems=8, elem type=char[])
ARR 500012fe (sz=16, trace=300000, nelems=8, elem type=char[])
ARR 500012ff (sz=12, trace=300000, nelems=6, elem type=char[])
ARR 50001300 (sz=16, trace=300000, nelems=8, elem type=char[])
ARR 50001301 (sz=16, trace=300000, nelems=8, elem type=char[])
ARR 50001302 (sz=12, trace=300000, nelems=6, elem type=char[])
ARR 50001303 (sz=16, trace=300000, nelems=8, elem type=char[])
ARR 50001304 (sz=12, trace=300000, nelems=6, elem type=char[])
ARR 50001305 (sz=12, trace=300000, nelems=6, elem type=char[])
ARR 50001306 (sz=20, trace=300000, nelems=10, elem type=char[])
ARR 50001307 (sz=20, trace=300000, nelems=10, elem type=char[])
ARR 50001308 (sz=20, trace=300000, nelems=10, elem type=char[])
ARR 50001309 (sz=20, trace=300000, nelems=10, elem type=char[])
ARR 5000130a (sz=20, trace=300000, nelems=10, elem type=char[])
ARR 5000130b (sz=22, trace=300000, nelems=11, elem type=char[])
ARR 5000130c (sz=22, trace=300000, nelems=11, elem type=char[])
ARR 5000130d (sz=20, trace=300000, nelems=10, elem type=char[])
ARR 5000130e (sz=16, trace=300000, nelems=8, elem type=char[])
ARR 5000130f (sz=12, trace=300000, nelems=6, elem type=char[])
ARR 50001310 (sz=10, trace=300000, nelems=5, elem type=char[])
ARR 50001311 (sz=24, trace=300000, nelems=12, elem type=char[])
ARR 50001312 (sz=16, trace=300000, nelems=8, elem type=char[])
ARR 50001313 (sz=12, trace=300000, nelems=6, elem type=char[])
OBJ 50001314 (sz=56, trace=300687, class=java.util.zip.ZipFile$ZipFileInputStream@5000055c)
ARR 50001315 (sz=12, trace=300000, nelems=6, elem type=char[])
ARR 50001316 (sz=12, trace=300000, nelems=6, elem type=char[])
ARR 50001317 (sz=12, trace=300000, nelems=6, elem type=char[])
ARR 50001318 (sz=12, trace=300000, nelems=6, elem type=char[])
ARR 50001319 (sz=12, trace=300000, nelems=6, elem type=char[])
OBJ 5000131a (sz=56, trace=300687, class=java.util.zip.ZipFile$ZipFileInputStream@5000055c)
	this$0		500004ec
OBJ 5000131b (sz=40, trace=300106, class=java.lang.ref.Finalizer@5000014d)
	referent	5000131a
	queue		500003aa
	next		500012cc
	prev		50001371
ARR 5000131c (sz=12, trace=300000, nelems=6, elem type=char[])
ARR 5000131d (sz=12, trace=300000, nelems=6, elem type=char[])
ARR 5000131e (sz=20, trace=300000, nelems=10, elem type=char[])
ARR 5000131f (sz=20, trace=300000, nelems=10, elem type=char[])
ARR 50001320 (sz=20, trace=300000, nelems=10, elem type=char[])
OBJ 50001322 (sz=16, trace=300157, class=java.lang.Object@50000172)
OBJ 50001323 (sz=32, trace=300159, class=java.util.concurrent.ConcurrentHashMap$Node@50000024)
	key		50000cea
	val		50001322
OBJ 50001324 (sz=16, trace=300160, class=java.lang.Object@50000172)
OBJ 50001325 (sz=32, trace=300159, class=java.util.concurrent.ConcurrentHashMap$Node@50000024)
	key		50000cea
	val		50001324
ARR 50001326 (sz=20, trace=300000, nelems=10, elem type=char[])
ARR 50001327 (sz=20, trace=300000, nelems=10, elem type=char[])
ARR 50001328 (sz=22, trace=300000, nelems=11, elem type=char[])
ARR 50001329 (sz=22, trace=300000, nelems=11, elem type=char[])
ARR 5000132a (sz=12, trace=300000, nelems=6, elem type=char[])
ARR 5000132b (sz=12, trace=300000, nelems=6, elem type=char[])
OBJ 5000132c (sz=16, trace=300157, class=java.lang.Object@50000172)
OBJ 5000132d (sz=32, trace=300159, class=java.util.concurrent.ConcurrentHashMap$Node@50000024)
	key		50000c51
	val		5000132c
OBJ 5000132e (sz=16, trace=300160, class=java.lang.Object@50000172)
OBJ 5000132f (sz=32, trace=300159, class=java.util.concurrent.ConcurrentHashMap$Node@50000024)
	key		50000c51
	val		5000132e
ARR 50001330 (sz=12, trace=300000, nelems=6, elem type=char[])
ARR 50001331 (sz=12, trace=300000, nelems=6, elem type=char[])
ARR 50001332 (sz=12, trace=300000, nelems=6, elem type=char[])
ARR 50001333 (sz=12, trace=300000, nelems=6, elem type=char[])
ARR 50001334 (sz=12, trace=300000, nelems=6, elem type=char[])
ARR 50001335 (sz=12, trace=300000, nelems=6, elem type=char[])
ARR 50001336 (sz=12, trace=300000, nelems=6, elem type=char[])
ARR 50001337 (sz=12, trace=300000, nelems=6, elem type=char[])
ARR 50001338 (sz=12, trace=300000, nelems=6, elem type=char[])
ARR 50001339 (sz=12, trace=300000, nelems=6, elem type=char[])
OBJ 5000133a (sz=24, trace=300000, class=java.lang.String@5000016e)
	value		500013fa
OBJ 5000133b (sz=24, trace=300000, class=java.lang.String@5000016e)
	value		500013f9
OBJ 5000133c (sz=24, trace=300000, class=java.lang.String@5000016e)
	value		500013f8
OBJ 5000133d (sz=24, trace=300000, class=java.lang.String@5000016e)
	value		500013f7
OBJ 5000133e (sz=24, trace=300000, class=java.lang.String@5000016e)
	value		500013f6
OBJ 5000133f (sz=24, trace=300000, class=java.lang.String@5000016e)
	value		500013f5
OBJ 50001340 (sz=24, trace=300000, class=java.lang.String@5000016e)
	value		500013f4
OBJ 50001341 (sz=24, trace=300000, class=java.lang.String@5000016e)
	value		500013f3
OBJ 50001342 (sz=24, trace=300000, class=java.lang.String@5000016e)
	value		500013f2
OBJ 50001343 (sz=24, trace=300000, class=java.lang.String@5000016e)
	value		500013f1
OBJ 50001344 (sz=24, trace=300000, class=java.lang.String@5000016e)
	value		500013f0
OBJ 50001345 (sz=24, trace=300000, class=java.lang.String@5000016e)
	value		500013ef
OBJ 50001346 (sz=24, trace=300000, class=java.lang.String@5000016e)
	value		500013ee
OBJ 50001347 (sz=24, trace=300000, class=java.lang.String@5000016e)
	value		500013ed
OBJ 50001348 (sz=24, trace=300000, class=java.lang.String@5000016e)
	value		500013ec
OBJ 50001349 (sz=24, trace=300000, class=java.lang.String@5000016e)
	value		500013eb
OBJ 5000134a (sz=24, trace=300000, class=java.lang.String@5000016e)
	value		500013ea
OBJ 5000134b (sz=24, trace=300000, class=java.lang.String@5000016e)
	value		500013e9
OBJ 5000134c (sz=24, trace=300000, class=java.lang.String@5000016e)
	value		500013e8
OBJ 5000134d (sz=24, trace=300000, class=java.lang.String@5000016e)
	value		500013e7
OBJ 5000134e (sz=24, trace=300000, class=java.lang.String@5000016e)
	value		500013e6
OBJ 5000134f (sz=24, trace=300000, class=java.lang.String@5000016e)
	value		500013e5
OBJ 50001350 (sz=24, trace=300000, class=java.lang.String@5000016e)
	value		500013e4
OBJ 50001351 (sz=24, trace=300000, class=java.lang.String@5000016e)
	value		500013e3
OBJ 50001352 (sz=24, trace=300000, class=java.lang.String@5000016e)
	value		500013e2
OBJ 50001353 (sz=24, trace=300000, class=java.lang.String@5000016e)
	value		500013dd
OBJ 50001354 (sz=24, trace=300000, class=java.lang.String@5000016e)
	value		500013dc
OBJ 50001355 (sz=24, trace=300000, class=java.lang.String@5000016e)
	value		500013db
OBJ 50001356 (sz=24, trace=300000, class=java.lang.String@5000016e)
	value		500013da
OBJ 50001357 (sz=24, trace=300000, class=java.lang.String@5000016e)
	value		500013d9
OBJ 50001358 (sz=24, trace=300000, class=java.lang.String@5000016e)
	value		500013d8
OBJ 50001359 (sz=24, trace=300000, class=java.lang.String@5000016e)
	value		500013d7
OBJ 5000135a (sz=24, trace=300000, class=java.lang.String@5000016e)
	value		500013d6
OBJ 5000135b (sz=56, trace=300687, class=java.util.zip.ZipFile$ZipFileInputStream@5000055c)
OBJ 5000135c (sz=24, trace=300000, class=java.lang.String@5000016e)
	value		500013d5
OBJ 5000135d (sz=24, trace=300000, class=java.lang.String@5000016e)
	value		500013d4
OBJ 5000135e (sz=24, trace=300000, class=java.lang.String@5000016e)
	value		500013d3
OBJ 5000135f (sz=24, trace=300000, class=java.lang.String@5000016e)
	value		500013d2
OBJ 50001360 (sz=24, trace=300000, class=java.lang.String@5000016e)
	value		500013d1
OBJ 50001361 (sz=24, trace=300000, class=java.lang.String@5000016e)
	value		500013d0
OBJ 50001362 (sz=24, trace=300000, class=java.lang.String@5000016e)
	value		500013cd
OBJ 50001363 (sz=24, trace=300000, class=java.lang.String@5000016e)
	value		500013cc
OBJ 50001364 (sz=24, trace=300000, class=java.lang.String@5000016e)
	value		500013cb
OBJ 50001365 (sz=24, trace=300000, class=java.lang.String@5000016e)
	value		500013ca
OBJ 50001366 (sz=24, trace=300000, class=java.lang.String@5000016e)
	value		500013c9
OBJ 50001367 (sz=56, trace=300687, class=java.util.zip.ZipFile$ZipFileInputStream@5000055c)
	this$0		500004ec
OBJ 50001369 (sz=16, trace=300157, class=java.lang.Object@50000172)
OBJ 5000136a (sz=32, trace=300159, class=java.util.concurrent.ConcurrentHashMap$Node@50000024)
	key		50000d0d
	val		50001369
	next		500002c0
OBJ 5000136b (sz=16, trace=300160, class=java.lang.Object@50000172)
OBJ 5000136c (sz=32, trace=300159, class=java.util.concurrent.ConcurrentHashMap$Node@50000024)
	key		50000d0d
	val		5000136b
	next		500002c2
OBJ 5000136d (sz=16, trace=300157, class=java.lang.Object@50000172)
OBJ 5000136e (sz=32, trace=300159, class=java.util.concurrent.ConcurrentHashMap$Node@50000024)
	key		50000b76
	val		5000136d
	next		50001845
OBJ 5000136f (sz=16, trace=300160, class=java.lang.Object@50000172)
OBJ 50001370 (sz=32, trace=300159, class=java.util.concurrent.ConcurrentHashMap$Node@50000024)
	key		50000b76
	val		5000136f
	next		50001847
OBJ 50001371 (sz=40, trace=300106, class=java.lang.ref.Finalizer@5000014d)
	referent	50001367
	queue		500003aa
	next		5000131b
	prev		500013cf
OBJ 50001372 (sz=24, trace=300000, class=java.lang.String@5000016e)
	value		500013c8
OBJ 50001373 (sz=24, trace=300000, class=java.lang.String@5000016e)
	value		500013c6
OBJ 50001374 (sz=24, trace=300000, class=java.lang.String@5000016e)
	value		500013b2
OBJ 50001375 (sz=24, trace=300000, class=java.lang.String@5000016e)
	value		500013b1
OBJ 50001376 (sz=24, trace=300000, class=java.lang.String@5000016e)
	value		500013b0
OBJ 50001377 (sz=24, trace=300000, class=java.lang.String@5000016e)
	value		500013af
OBJ 50001378 (sz=24, trace=300000, class=java.lang.String@5000016e)
	value		500013ae
OBJ 50001379 (sz=24, trace=300000, class=java.lang.String@5000016e)
	value		500013ad
OBJ 5000137a (sz=24, trace=300000, class=java.lang.String@5000016e)
	value		500013ac
OBJ 5000137b (sz=24, trace=300000, class=java.lang.String@5000016e)
	value		500013ab
OBJ 5000137c (sz=24, trace=300000, class=java.lang.String@5000016e)
	value		500013aa
OBJ 5000137d (sz=16, trace=300157, class=java.lang.Object@50000172)
OBJ 5000137e (sz=32, trace=300159, class=java.util.concurrent.ConcurrentHashMap$Node@50000024)
	key		50000cf7
	val		5000137d
OBJ 5000137f (sz=16, trace=300160, class=java.lang.Object@50000172)
OBJ 50001380 (sz=32, trace=300159, class=java.util.concurrent.ConcurrentHashMap$Node@50000024)
	key		50000cf7
	val		5000137f
OBJ 50001381 (sz=24, trace=300000, class=java.lang.String@5000016e)
	value		500013a9
OBJ 50001382 (sz=24, trace=300000, class=java.lang.String@5000016e)
	value		500013a8
OBJ 50001383 (sz=24, trace=300000, class=java.lang.String@5000016e)
	value		500013a7
OBJ 50001384 (sz=24, trace=300000, class=java.lang.String@5000016e)
	value		500013a5
OBJ 50001385 (sz=24, trace=300000, class=java.lang.String@5000016e)
	value		500013a4
OBJ 50001386 (sz=24, trace=300000, class=java.lang.String@5000016e)
	value		500013a3
OBJ 50001387 (sz=24, trace=300000, class=java.lang.String@5000016e)
	value		500013a2
OBJ 50001388 (sz=24, trace=300000, class=java.lang.String@5000016e)
	value		500013a1
OBJ 50001389 (sz=24, trace=300000, class=java.lang.String@5000016e)
	value		500013a0
OBJ 5000138a (sz=24, trace=300000, class=java.lang.String@5000016e)
	value		5000139f
OBJ 5000138b (sz=24, trace=300000, class=java.lang.String@5000016e)
	value		5000139e
OBJ 5000138c (sz=24, trace=300000, class=java.lang.String@5000016e)
	value		5000139d
OBJ 5000138d (sz=24, trace=300000, class=java.lang.String@5000016e)
	value		5000139c
OBJ 5000138e (sz=24, trace=300000, class=java.lang.String@5000016e)
	value		5000139b
OBJ 5000138f (sz=24, trace=300000, class=java.lang.String@5000016e)
	value		5000139a
OBJ 50001390 (sz=24, trace=300000, class=java.lang.String@5000016e)
	value		50001399
OBJ 50001391 (sz=24, trace=300000, class=java.lang.String@5000016e)
	value		50001398
OBJ 50001392 (sz=24, trace=300000, class=java.lang.String@5000016e)
	value		50001397
OBJ 50001393 (sz=24, trace=300000, class=java.lang.String@5000016e)
	value		50001396
OBJ 50001394 (sz=24, trace=300000, class=java.lang.String@5000016e)
	value		50001395
ARR 50001395 (sz=20, trace=300000, nelems=10, elem type=char[])
ARR 50001396 (sz=20, trace=300000, nelems=10, elem type=char[])
ARR 50001397 (sz=20, trace=300000, nelems=10, elem type=char[])
ARR 50001398 (sz=20, trace=300000, nelems=10, elem type=char[])
ARR 50001399 (sz=24, trace=300000, nelems=12, elem type=char[])
ARR 5000139a (sz=16, trace=300000, nelems=8, elem type=char[])
ARR 5000139b (sz=24, trace=300000, nelems=12, elem type=char[])
ARR 5000139c (sz=16, trace=300000, nelems=8, elem type=char[])
ARR 5000139d (sz=12, trace=300000, nelems=6, elem type=char[])
ARR 5000139e (sz=16, trace=300000, nelems=8, elem type=char[])
ARR 5000139f (sz=16, trace=300000, nelems=8, elem type=char[])
ARR 500013a0 (sz=12, trace=300000, nelems=6, elem type=char[])
ARR 500013a1 (sz=8, trace=300000, nelems=4, elem type=char[])
ARR 500013a2 (sz=10, trace=300000, nelems=5, elem type=char[])
ARR 500013a3 (sz=24, trace=300000, nelems=12, elem type=char[])
ARR 500013a4 (sz=24, trace=300000, nelems=12, elem type=char[])
ARR 500013a5 (sz=42, trace=300000, nelems=21, elem type=char[])
OBJ 500013a6 (sz=56, trace=300687, class=java.util.zip.ZipFile$ZipFileInputStream@5000055c)
ARR 500013a7 (sz=26, trace=300000, nelems=13, elem type=char[])
ARR 500013a8 (sz=36, trace=300000, nelems=18, elem type=char[])
ARR 500013a9 (sz=20, trace=300000, nelems=10, elem type=char[])
ARR 500013aa (sz=48, trace=300000, nelems=24, elem type=char[])
ARR 500013ab (sz=12, trace=300000, nelems=6, elem type=char[])
ARR 500013ac (sz=12, trace=300000, nelems=6, elem type=char[])
ARR 500013ad (sz=4, trace=300000, nelems=2, elem type=char[])
ARR 500013ae (sz=20, trace=300000, nelems=10, elem type=char[])
ARR 500013af (sz=30, trace=300000, nelems=15, elem type=char[])
ARR 500013b0 (sz=20, trace=300000, nelems=10, elem type=char[])
ARR 500013b1 (sz=30, trace=300000, nelems=15, elem type=char[])
ARR 500013b2 (sz=20, trace=300000, nelems=10, elem type=char[])
OBJ 500013b4 (sz=24, trace=300709, class=com.sun.tools.javac.main.Option$OptionKind@500013b3)
	name		50002b31
OBJ 500013b5 (sz=24, trace=300710, class=com.sun.tools.javac.main.Option$OptionKind@500013b3)
	name		50002b33
OBJ 500013b6 (sz=24, trace=300711, class=com.sun.tools.javac.main.Option$OptionKind@500013b3)
	name		50002b34
OBJ 500013b7 (sz=16, trace=300157, class=java.lang.Object@50000172)
OBJ 500013b8 (sz=32, trace=300683, class=java.util.concurrent.ConcurrentHashMap$Node@50000024)
	key		50000aca
	val		500013b7
OBJ 500013b9 (sz=16, trace=300160, class=java.lang.Object@50000172)
OBJ 500013ba (sz=32, trace=300683, class=java.util.concurrent.ConcurrentHashMap$Node@50000024)
	key		50000aca
	val		500013b9
ARR 500013bc (sz=32, trace=300712, nelems=3, elem type=com.sun.tools.javac.main.Option$OptionKind[]@500013bb)
	[0]		500013b4
	[1]		500013b5
	[2]		500013b6
OBJ 500013bd (sz=24, trace=300713, class=com.sun.tools.javac.main.Option$OptionGroup@50001368)
	name		50002b37
OBJ 500013be (sz=24, trace=300714, class=com.sun.tools.javac.main.Option$OptionGroup@50001368)
	name		50002b39
OBJ 500013bf (sz=24, trace=300715, class=com.sun.tools.javac.main.Option$OptionGroup@50001368)
	name		50002b3a
OBJ 500013c0 (sz=24, trace=300716, class=com.sun.tools.javac.main.Option$OptionGroup@50001368)
	name		50002b3b
ARR 500013c2 (sz=32, trace=300717, nelems=4, elem type=com.sun.tools.javac.main.Option$OptionGroup[]@500013c1)
	[0]		500013bd
	[1]		500013be
	[2]		500013bf
	[3]		500013c0
OBJ 500013c3 (sz=56, trace=300718, class=com.sun.tools.javac.main.Option@50000b90)
	name		50002a9b
	text		50002a80
	kind		500013b4
	group		500013bd
	descrKey	50002acb
OBJ 500013c4 (sz=56, trace=300719, class=com.sun.tools.javac.main.Option$1@50000bd7)
	name		50002a9d
	text		50002a82
	kind		500013b4
	group		500013bd
	descrKey	50002acd
OBJ 500013c5 (sz=16, trace=300157, class=java.lang.Object@50000172)
ARR 500013c6 (sz=30, trace=300000, nelems=15, elem type=char[])
OBJ 500013c7 (sz=16, trace=300160, class=java.lang.Object@50000172)
ARR 500013c8 (sz=20, trace=300000, nelems=10, elem type=char[])
ARR 500013c9 (sz=30, trace=300000, nelems=15, elem type=char[])
ARR 500013ca (sz=20, trace=300000, nelems=10, elem type=char[])
ARR 500013cb (sz=30, trace=300000, nelems=15, elem type=char[])
ARR 500013cc (sz=20, trace=300000, nelems=10, elem type=char[])
ARR 500013cd (sz=30, trace=300000, nelems=15, elem type=char[])
OBJ 500013ce (sz=56, trace=300687, class=java.util.zip.ZipFile$ZipFileInputStream@5000055c)
	this$0		500004ec
OBJ 500013cf (sz=40, trace=300106, class=java.lang.ref.Finalizer@5000014d)
	referent	500013ce
	queue		500003aa
	next		50001371
	prev		50001434
ARR 500013d0 (sz=22, trace=300000, nelems=11, elem type=char[])
ARR 500013d1 (sz=20, trace=300000, nelems=10, elem type=char[])
ARR 500013d2 (sz=32, trace=300000, nelems=16, elem type=char[])
ARR 500013d3 (sz=30, trace=300000, nelems=15, elem type=char[])
ARR 500013d4 (sz=20, trace=300000, nelems=10, elem type=char[])
ARR 500013d5 (sz=18, trace=300000, nelems=9, elem type=char[])
ARR 500013d6 (sz=18, trace=300000, nelems=9, elem type=char[])
ARR 500013d7 (sz=18, trace=300000, nelems=9, elem type=char[])
ARR 500013d8 (sz=18, trace=300000, nelems=9, elem type=char[])
ARR 500013d9 (sz=20, trace=300000, nelems=10, elem type=char[])
ARR 500013da (sz=20, trace=300000, nelems=10, elem type=char[])
ARR 500013db (sz=18, trace=300000, nelems=9, elem type=char[])
ARR 500013dc (sz=18, trace=300000, nelems=9, elem type=char[])
ARR 500013dd (sz=30, trace=300000, nelems=15, elem type=char[])
OBJ 500013de (sz=16, trace=300157, class=java.lang.Object@50000172)
OBJ 500013df (sz=32, trace=300683, class=java.util.concurrent.ConcurrentHashMap$Node@50000024)
	key		50000b66
	val		500013de
OBJ 500013e0 (sz=16, trace=300160, class=java.lang.Object@50000172)
OBJ 500013e1 (sz=32, trace=300683, class=java.util.concurrent.ConcurrentHashMap$Node@50000024)
	key		50000b66
	val		500013e0
ARR 500013e2 (sz=12, trace=300000, nelems=6, elem type=char[])
ARR 500013e3 (sz=12, trace=300000, nelems=6, elem type=char[])
ARR 500013e4 (sz=12, trace=300000, nelems=6, elem type=char[])
ARR 500013e5 (sz=14, trace=300000, nelems=7, elem type=char[])
ARR 500013e6 (sz=14, trace=300000, nelems=7, elem type=char[])
ARR 500013e7 (sz=16, trace=300000, nelems=8, elem type=char[])
ARR 500013e8 (sz=16, trace=300000, nelems=8, elem type=char[])
ARR 500013e9 (sz=16, trace=300000, nelems=8, elem type=char[])
ARR 500013ea (sz=30, trace=300000, nelems=15, elem type=char[])
ARR 500013eb (sz=36, trace=300000, nelems=18, elem type=char[])
ARR 500013ec (sz=22, trace=300000, nelems=11, elem type=char[])
ARR 500013ed (sz=22, trace=300000, nelems=11, elem type=char[])
ARR 500013ee (sz=22, trace=300000, nelems=11, elem type=char[])
ARR 500013ef (sz=22, trace=300000, nelems=11, elem type=char[])
ARR 500013f0 (sz=22, trace=300000, nelems=11, elem type=char[])
ARR 500013f1 (sz=22, trace=300000, nelems=11, elem type=char[])
ARR 500013f2 (sz=16, trace=300000, nelems=8, elem type=char[])
ARR 500013f3 (sz=16, trace=300000, nelems=8, elem type=char[])
ARR 500013f4 (sz=16, trace=300000, nelems=8, elem type=char[])
ARR 500013f5 (sz=16, trace=300000, nelems=8, elem type=char[])
ARR 500013f6 (sz=14, trace=300000, nelems=7, elem type=char[])
ARR 500013f7 (sz=10, trace=300000, nelems=5, elem type=char[])
ARR 500013f8 (sz=10, trace=300000, nelems=5, elem type=char[])
ARR 500013f9 (sz=28, trace=300000, nelems=14, elem type=char[])
ARR 500013fa (sz=28, trace=300000, nelems=14, elem type=char[])
OBJ 500013fb (sz=24, trace=300000, class=java.lang.String@5000016e)
	value		500016a4
OBJ 500013fc (sz=24, trace=300000, class=java.lang.String@5000016e)
	value		500016be
OBJ 500013fd (sz=24, trace=300000, class=java.lang.String@5000016e)
	value		500016bd
OBJ 500013fe (sz=56, trace=300687, class=java.util.zip.ZipFile$ZipFileInputStream@5000055c)
OBJ 500013ff (sz=24, trace=300000, class=sun.nio.cs.MS1252@50000082)
	name		500012e8
	aliases		50001181
OBJ 50001400 (sz=16, trace=300000, class=java.lang.ThreadLocal@50000086)
OBJ 50001401 (sz=32, trace=300000, class=sun.nio.cs.StandardCharsets@5000008b)
	classMap	50001404
	aliasMap	50001403
	cache		50001402
	packagePrefix	50001117
OBJ 50001402 (sz=40, trace=300000, class=sun.nio.cs.StandardCharsets$Cache@50000087)
	ht		5000164b
OBJ 50001403 (sz=40, trace=300000, class=sun.nio.cs.StandardCharsets$Aliases@50000089)
	ht		5000144f
OBJ 50001404 (sz=40, trace=300000, class=sun.nio.cs.StandardCharsets$Classes@50000088)
	ht		50001405
ARR 50001405 (sz=144, trace=300000, nelems=32, elem type=java.lang.Object[]@50000108)
	[0]		50001406
	[2]		50001407
	[3]		50001408
	[4]		50001409
	[5]		5000140a
	[6]		50001410
	[7]		50001421
	[8]		50001424
	[9]		50001426
	[10]		50001427
	[11]		50001428
	[12]		50001429
	[14]		5000142a
	[15]		5000142b
	[16]		5000142c
	[17]		5000142d
	[18]		5000142e
	[19]		5000142f
	[22]		50001430
	[23]		50001431
	[24]		50001432
	[28]		50001435
	[29]		50001436
	[31]		50001437
ARR 50001406 (sz=24, trace=300000, nelems=2, elem type=java.lang.Object[]@50000108)
	[0]		500010f5
	[1]		500012b0
ARR 50001407 (sz=32, trace=300000, nelems=3, elem type=java.lang.Object[]@50000108)
	[0]		500010f6
	[1]		500012b1
	[2]		5000144d
ARR 50001408 (sz=32, trace=300000, nelems=3, elem type=java.lang.Object[]@50000108)
	[0]		500012e7
	[1]		500012bd
	[2]		5000144c
ARR 50001409 (sz=32, trace=300000, nelems=3, elem type=java.lang.Object[]@50000108)
	[0]		500012e9
	[1]		500012bf
	[2]		5000144a
ARR 5000140a (sz=32, trace=300000, nelems=3, elem type=java.lang.Object[]@50000108)
	[0]		500012ea
	[1]		500012c0
	[2]		50001441
OBJ 5000140c (sz=24, trace=300720, class=com.sun.tools.javac.main.Option$ChoiceKind@5000140b)
	name		50002b48
OBJ 5000140d (sz=24, trace=300721, class=com.sun.tools.javac.main.Option$ChoiceKind@5000140b)
	name		50002b46
ARR 5000140f (sz=24, trace=300722, nelems=2, elem type=com.sun.tools.javac.main.Option$ChoiceKind[]@5000140e)
	[0]		5000140c
	[1]		5000140d
ARR 50001410 (sz=24, trace=300000, nelems=2, elem type=java.lang.Object[]@50000108)
	[0]		500012eb
	[1]		500012c1
OBJ 50001411 (sz=16, trace=300157, class=java.lang.Object@50000172)
OBJ 50001412 (sz=32, trace=300683, class=java.util.concurrent.ConcurrentHashMap$Node@50000024)
	key		50000cdb
	val		50001411
OBJ 50001413 (sz=16, trace=300160, class=java.lang.Object@50000172)
OBJ 50001414 (sz=32, trace=300683, class=java.util.concurrent.ConcurrentHashMap$Node@50000024)
	key		50000cdb
	val		50001413
OBJ 50001415 (sz=56, trace=300724, class=java.util.LinkedHashMap@5000006a)
	table		5000141a
	head		5000141b
	tail		5000141d
OBJ 50001416 (sz=16, trace=300157, class=java.lang.Object@50000172)
OBJ 50001417 (sz=32, trace=300159, class=java.util.concurrent.ConcurrentHashMap$Node@50000024)
	key		50000c55
	val		50001416
OBJ 50001418 (sz=16, trace=300160, class=java.lang.Object@50000172)
OBJ 50001419 (sz=32, trace=300159, class=java.util.concurrent.ConcurrentHashMap$Node@50000024)
	key		50000c55
	val		50001418
ARR 5000141a (sz=80, trace=300725, nelems=13, elem type=java.util.HashMap$Node[]@500000c2)
	[11]		5000141c
	[12]		5000141b
OBJ 5000141b (sz=40, trace=300084, class=java.util.LinkedHashMap$Entry@50000060)
	key		50002ab4
	value		50000a76
	after		5000141c
OBJ 5000141c (sz=40, trace=300084, class=java.util.LinkedHashMap$Entry@50000060)
	key		50002add
	value		50000a76
	next		5000141d
	before		5000141b
	after		5000141d
OBJ 5000141d (sz=40, trace=300726, class=java.util.LinkedHashMap$Entry@50000060)
	key		50002adc
	value		50000a76
	before		5000141c
OBJ 5000141e (sz=56, trace=300727, class=com.sun.tools.javac.main.Option@50000b90)
	name		50002a9c
	text		50002a81
	kind		500013b4
	group		500013bd
	descrKey	50002acc
	choiceKind	5000140d
	choices		50001415
OBJ 5000141f (sz=56, trace=300728, class=com.sun.tools.javac.main.Option@50000b90)
	name		50002ab1
	text		50002a76
	kind		500013b5
	group		500013bd
	descrKey	50002abb
OBJ 50001420 (sz=56, trace=300729, class=java.util.LinkedHashMap@5000006a)
	table		50001560
	head		50001422
	tail		500015bb
ARR 50001421 (sz=24, trace=300000, nelems=2, elem type=java.lang.Object[]@50000108)
	[0]		500012d6
	[1]		5000107e
OBJ 50001422 (sz=40, trace=300084, class=java.util.LinkedHashMap$Entry@50000060)
	key		50002ab3
	value		50000a76
	after		50001537
OBJ 50001423 (sz=16, trace=300157, class=java.lang.Object@50000172)
ARR 50001424 (sz=32, trace=300000, nelems=3, elem type=java.lang.Object[]@50000108)
	[0]		500012ca
	[1]		500012b5
	[2]		50001440
OBJ 50001425 (sz=16, trace=300160, class=java.lang.Object@50000172)
ARR 50001426 (sz=32, trace=300000, nelems=3, elem type=java.lang.Object[]@50000108)
	[0]		500012ce
	[1]		500012b6
	[2]		5000143f
ARR 50001427 (sz=24, trace=300000, nelems=2, elem type=java.lang.Object[]@50000108)
	[0]		500012cf
	[1]		500012b7
ARR 50001428 (sz=32, trace=300000, nelems=3, elem type=java.lang.Object[]@50000108)
	[0]		500012ed
	[1]		500012b2
	[2]		5000143e
ARR 50001429 (sz=24, trace=300000, nelems=2, elem type=java.lang.Object[]@50000108)
	[0]		500012d1
	[1]		500012b9
ARR 5000142a (sz=24, trace=300000, nelems=2, elem type=java.lang.Object[]@50000108)
	[0]		500012ec
	[1]		500012a9
ARR 5000142b (sz=24, trace=300000, nelems=2, elem type=java.lang.Object[]@50000108)
	[0]		500010f1
	[1]		500012ab
ARR 5000142c (sz=32, trace=300000, nelems=3, elem type=java.lang.Object[]@50000108)
	[0]		500010f2
	[1]		500012ac
	[2]		5000143d
ARR 5000142d (sz=32, trace=300000, nelems=3, elem type=java.lang.Object[]@50000108)
	[0]		500012c8
	[1]		500012b3
	[2]		5000143c
ARR 5000142e (sz=32, trace=300000, nelems=3, elem type=java.lang.Object[]@50000108)
	[0]		500010f3
	[1]		500012ad
	[2]		5000143a
ARR 5000142f (sz=32, trace=300000, nelems=3, elem type=java.lang.Object[]@50000108)
	[0]		500012c6
	[1]		500012af
	[2]		50001438
ARR 50001430 (sz=24, trace=300000, nelems=2, elem type=java.lang.Object[]@50000108)
	[0]		500012ee
	[1]		500012c3
ARR 50001431 (sz=24, trace=300000, nelems=2, elem type=java.lang.Object[]@50000108)
	[0]		500012c5
	[1]		500012a7
ARR 50001432 (sz=24, trace=300000, nelems=2, elem type=java.lang.Object[]@50000108)
	[0]		500012ef
	[1]		50001082
OBJ 50001433 (sz=56, trace=300687, class=java.util.zip.ZipFile$ZipFileInputStream@5000055c)
	this$0		500004ec
OBJ 50001434 (sz=40, trace=300106, class=java.lang.ref.Finalizer@5000014d)
	referent	50001433
	queue		500003aa
	next		500013cf
	prev		50001490
ARR 50001435 (sz=24, trace=300000, nelems=2, elem type=java.lang.Object[]@50000108)
	[0]		500012d2
	[1]		500012ba
ARR 50001436 (sz=24, trace=300000, nelems=2, elem type=java.lang.Object[]@50000108)
	[0]		500012d3
	[1]		500012bb
ARR 50001437 (sz=24, trace=300000, nelems=2, elem type=java.lang.Object[]@50000108)
	[0]		500012e4
	[1]		50001083
ARR 50001438 (sz=32, trace=300000, nelems=3, elem type=java.lang.Object[]@50000108)
	[0]		500010f4
	[1]		500012ae
	[2]		50001439
ARR 50001439 (sz=24, trace=300000, nelems=2, elem type=java.lang.Object[]@50000108)
	[0]		500012f0
	[1]		50001084
ARR 5000143a (sz=32, trace=300000, nelems=3, elem type=java.lang.Object[]@50000108)
	[0]		500010e8
	[1]		500012a8
	[2]		5000143b
ARR 5000143b (sz=24, trace=300000, nelems=2, elem type=java.lang.Object[]@50000108)
	[0]		500012c9
	[1]		500012b4
ARR 5000143c (sz=24, trace=300000, nelems=2, elem type=java.lang.Object[]@50000108)
	[0]		500012d4
	[1]		500012c2
ARR 5000143d (sz=24, trace=300000, nelems=2, elem type=java.lang.Object[]@50000108)
	[0]		500010ef
	[1]		500012aa
ARR 5000143e (sz=24, trace=300000, nelems=2, elem type=java.lang.Object[]@50000108)
	[0]		500012d0
	[1]		500012b8
ARR 5000143f (sz=24, trace=300000, nelems=2, elem type=java.lang.Object[]@50000108)
	[0]		500012e5
	[1]		500012c4
ARR 50001440 (sz=24, trace=300000, nelems=2, elem type=java.lang.Object[]@50000108)
	[0]		500012c7
	[1]		50001069
ARR 50001441 (sz=24, trace=300000, nelems=2, elem type=java.lang.Object[]@50000108)
	[0]		500012d5
	[1]		5000107d
OBJ 50001446 (sz=16, trace=300157, class=java.lang.Object@50000172)
OBJ 50001447 (sz=32, trace=300159, class=java.util.concurrent.ConcurrentHashMap$Node@50000024)
	key		50000bc5
	val		50001446
OBJ 50001448 (sz=16, trace=300160, class=java.lang.Object@50000172)
OBJ 50001449 (sz=32, trace=300159, class=java.util.concurrent.ConcurrentHashMap$Node@50000024)
	key		50000bc5
	val		50001448
ARR 5000144a (sz=32, trace=300000, nelems=3, elem type=java.lang.Object[]@50000108)
	[0]		500012e8
	[1]		500012be
	[2]		5000144b
ARR 5000144b (sz=24, trace=300000, nelems=2, elem type=java.lang.Object[]@50000108)
	[0]		500012e3
	[1]		50001081
ARR 5000144c (sz=24, trace=300000, nelems=2, elem type=java.lang.Object[]@50000108)
	[0]		500012e6
	[1]		500012bc
ARR 5000144d (sz=32, trace=300000, nelems=3, elem type=java.lang.Object[]@50000108)
	[0]		500012d8
	[1]		50001080
	[2]		5000144e
ARR 5000144e (sz=24, trace=300000, nelems=2, elem type=java.lang.Object[]@50000108)
	[0]		500012d7
	[1]		5000107f
ARR 5000144f (sz=4112, trace=300000, nelems=1016, elem type=java.lang.Object[]@50000108)
	[1]		50001450
	[2]		50001451
	[3]		50001452
	[5]		50001455
	[6]		50001456
	[10]		50001457
	[19]		50001458
	[24]		50001459
	[25]		5000145a
	[26]		5000145b
	[28]		5000145c
	[29]		5000145d
	[55]		5000145e
	[58]		5000145f
	[86]		50001460
	[87]		50001463
	[89]		50001464
	[90]		50001465
	[92]		50001467
	[94]		50001468
	[95]		50001469
	[96]		5000146a
	[106]		5000146b
	[121]		5000146c
	[125]		50001470
	[134]		50001471
	[137]		50001472
	[141]		50001473
	[143]		50001474
	[144]		5000147b
	[170]		5000147c
	[173]		5000147d
	[177]		5000147e
	[192]		5000147f
	[199]		50001480
	[205]		50001481
	[211]		50001482
	[213]		50001483
	[216]		50001484
	[218]		50001485
	[219]		50001486
	[225]		50001487
	[244]		50001488
	[248]		50001489
	[253]		5000148a
	[254]		5000148b
	[259]		5000148c
	[269]		5000148d
	[277]		5000148e
	[280]		50001491
	[283]		50001492
	[284]		50001493
	[286]		50001494
	[287]		50001495
	[289]		50001496
	[291]		50001497
	[294]		50001498
	[296]		50001499
	[297]		5000149a
	[305]		5000149b
	[307]		500014a1
	[312]		500014a2
	[321]		500014a3
	[323]		500014a4
	[324]		500014a5
	[325]		500014a6
	[326]		500014a7
	[327]		500014a8
	[328]		500014a9
	[329]		500014aa
	[331]		500014ab
	[333]		500014ac
	[334]		500014ad
	[336]		500014ae
	[339]		500014af
	[341]		500014b1
	[345]		500014b2
	[350]		500014b3
	[353]		500014b4
	[358]		500014b5
	[359]		500014b6
	[363]		500014b7
	[364]		500014b8
	[378]		500014b9
	[385]		500014ba
	[391]		500014bb
	[392]		500014bc
	[405]		500014bd
	[406]		500014c3
	[408]		500014c4
	[421]		500014c5
	[428]		500014c6
	[429]		500014c7
	[430]		500014c8
	[432]		500014c9
	[433]		500014ca
	[436]		500014cb
	[437]		500014cc
	[438]		500014cd
	[443]		500014ce
	[456]		500014cf
	[473]		500014d0
	[479]		500014d1
	[481]		500014d2
	[484]		500014d3
	[486]		500014d4
	[487]		500014d5
	[502]		500014d6
	[506]		500014d7
	[508]		500014d8
	[511]		500014d9
	[512]		500014da
	[513]		500014db
	[514]		500014dc
	[516]		500014df
	[520]		500014e0
	[523]		500014e1
	[524]		500014e2
	[533]		500014e3
	[537]		500014e4
	[539]		500014e5
	[543]		500014e6
	[545]		500014e7
	[563]		500014e8
	[572]		500014e9
	[573]		500014ef
	[577]		500014f0
	[582]		500014f1
	[583]		500014f2
	[588]		500014f3
	[593]		500014f4
	[598]		500014f5
	[609]		500014f6
	[617]		500014f7
	[618]		500014f9
	[619]		500014fa
	[620]		500014fb
	[621]		500014fc
	[624]		500014fd
	[628]		500014fe
	[632]		500014ff
	[634]		50001500
	[635]		50001501
	[636]		50001502
	[654]		50001503
	[669]		50001543
	[670]		50001551
	[671]		50001552
	[676]		50001556
	[679]		50001557
	[686]		5000155b
	[703]		5000155c
	[710]		50001561
	[712]		50001562
	[732]		50001566
	[733]		50001567
	[768]		5000156b
	[774]		5000156c
	[781]		50001570
	[782]		50001571
	[783]		50001575
	[784]		50001576
	[785]		5000157a
	[787]		5000157b
	[789]		5000157f
	[813]		50001580
	[818]		50001584
	[832]		50001585
	[834]		50001589
	[835]		5000158a
	[836]		5000158e
	[837]		5000158f
	[838]		50001593
	[840]		50001594
	[842]		50001598
	[843]		50001599
	[846]		5000159d
	[849]		5000159e
	[863]		500015a2
	[881]		500015a8
	[896]		500015ac
	[909]		500015ad
	[910]		500015b1
	[911]		500015b2
	[912]		500015b6
	[925]		500015b7
	[934]		500015cd
	[937]		500015d9
	[944]		500015fc
	[957]		50001626
	[993]		50001627
	[1009]		5000162c
	[1015]		5000162d
ARR 50001450 (sz=24, trace=300000, nelems=2, elem type=java.lang.Object[]@50000108)
	[0]		50001343
	[1]		500012c9
ARR 50001451 (sz=24, trace=300000, nelems=2, elem type=java.lang.Object[]@50000108)
	[0]		50001344
	[1]		500012c7
ARR 50001452 (sz=24, trace=300000, nelems=2, elem type=java.lang.Object[]@50000108)
	[0]		50001345
	[1]		500012ca
OBJ 50001453 (sz=24, trace=300369, class=java.lang.String@5000016e)
	value		50001454
ARR 50001454 (sz=48, trace=300370, nelems=24, elem type=char[])
ARR 50001455 (sz=24, trace=300000, nelems=2, elem type=java.lang.Object[]@50000108)
	[0]		50001346
	[1]		500012ce
ARR 50001456 (sz=24, trace=300000, nelems=2, elem type=java.lang.Object[]@50000108)
	[0]		50001347
	[1]		500012d1
ARR 50001457 (sz=24, trace=300000, nelems=2, elem type=java.lang.Object[]@50000108)
	[0]		50001348
	[1]		500012c9
ARR 50001458 (sz=24, trace=300000, nelems=2, elem type=java.lang.Object[]@50000108)
	[0]		50001383
	[1]		500012ee
ARR 50001459 (sz=24, trace=300000, nelems=2, elem type=java.lang.Object[]@50000108)
	[0]		50001354
	[1]		500012d4
ARR 5000145a (sz=24, trace=300000, nelems=2, elem type=java.lang.Object[]@50000108)
	[0]		50001375
	[1]		500012d0
ARR 5000145b (sz=24, trace=300000, nelems=2, elem type=java.lang.Object[]@50000108)
	[0]		5000103d
	[1]		500012ca
ARR 5000145c (sz=24, trace=300000, nelems=2, elem type=java.lang.Object[]@50000108)
	[0]		5000103e
	[1]		500012ce
ARR 5000145d (sz=24, trace=300000, nelems=2, elem type=java.lang.Object[]@50000108)
	[0]		5000103f
	[1]		500012cf
ARR 5000145e (sz=24, trace=300000, nelems=2, elem type=java.lang.Object[]@50000108)
	[0]		50001040
	[1]		500012d1
ARR 5000145f (sz=24, trace=300000, nelems=2, elem type=java.lang.Object[]@50000108)
	[0]		50001041
	[1]		500012c9
ARR 50001460 (sz=32, trace=300000, nelems=3, elem type=java.lang.Object[]@50000108)
	[0]		50001349
	[1]		500012cf
	[2]		5000164a
OBJ 50001461 (sz=56, trace=300443, class=java.lang.Package@500005db)
	pkgName		50001453
	loader		500003b4
OBJ 50001462 (sz=32, trace=300221, class=java.util.HashMap$Node@500000c4)
	key		50001453
	value		50001461
	next		500022cc
ARR 50001463 (sz=24, trace=300000, nelems=2, elem type=java.lang.Object[]@50000108)
	[0]		50001038
	[1]		500012ca
ARR 50001464 (sz=24, trace=300000, nelems=2, elem type=java.lang.Object[]@50000108)
	[0]		50001039
	[1]		500012ce
ARR 50001465 (sz=32, trace=300000, nelems=3, elem type=java.lang.Object[]@50000108)
	[0]		5000102c
	[1]		500012d0
	[2]		50001649
OBJ 50001466 (sz=56, trace=300687, class=java.util.zip.ZipFile$ZipFileInputStream@5000055c)
ARR 50001467 (sz=24, trace=300000, nelems=2, elem type=java.lang.Object[]@50000108)
	[0]		5000103b
	[1]		500012d0
ARR 50001468 (sz=24, trace=300000, nelems=2, elem type=java.lang.Object[]@50000108)
	[0]		5000103c
	[1]		500012d1
ARR 50001469 (sz=24, trace=300000, nelems=2, elem type=java.lang.Object[]@50000108)
	[0]		50001362
	[1]		500012c7
ARR 5000146a (sz=24, trace=300000, nelems=2, elem type=java.lang.Object[]@50000108)
	[0]		5000102d
	[1]		500012c7
ARR 5000146b (sz=24, trace=300000, nelems=2, elem type=java.lang.Object[]@50000108)
	[0]		50001144
	[1]		500012e5
ARR 5000146c (sz=24, trace=300000, nelems=2, elem type=java.lang.Object[]@50000108)
	[0]		50001392
	[1]		500012d7
OBJ 5000146d (sz=24, trace=300668, class=java.lang.String@5000016e)
	value		5000146e
ARR 5000146e (sz=48, trace=300669, nelems=24, elem type=char[])
OBJ 5000146f (sz=32, trace=300671, class=java.util.concurrent.ConcurrentHashMap$Node@50000024)
	key		5000146d
	val		50000a87
	next		50000187
ARR 50001470 (sz=24, trace=300000, nelems=2, elem type=java.lang.Object[]@50000108)
	[0]		5000134c
	[1]		500012d0
ARR 50001471 (sz=24, trace=300000, nelems=2, elem type=java.lang.Object[]@50000108)
	[0]		5000110d
	[1]		500012d2
ARR 50001472 (sz=24, trace=300000, nelems=2, elem type=java.lang.Object[]@50000108)
	[0]		5000110e
	[1]		500012d3
ARR 50001473 (sz=24, trace=300000, nelems=2, elem type=java.lang.Object[]@50000108)
	[0]		500010af
	[1]		500012ca
ARR 50001474 (sz=24, trace=300000, nelems=2, elem type=java.lang.Object[]@50000108)
	[0]		500010b0
	[1]		500012ce
OBJ 50001476 (sz=32, trace=300731, class=com.sun.tools.javac.code.Lint$LintCategory@50001475)
	name		50002c2b
	option		50002b79
OBJ 50001477 (sz=16, trace=300157, class=java.lang.Object@50000172)
OBJ 50001478 (sz=32, trace=300683, class=java.util.concurrent.ConcurrentHashMap$Node@50000024)
	key		50000b97
	val		50001477
	next		500018bc
OBJ 50001479 (sz=16, trace=300160, class=java.lang.Object@50000172)
OBJ 5000147a (sz=32, trace=300683, class=java.util.concurrent.ConcurrentHashMap$Node@50000024)
	key		50000b97
	val		50001479
	next		500018cb
ARR 5000147b (sz=24, trace=300000, nelems=2, elem type=java.lang.Object[]@50000108)
	[0]		500010b1
	[1]		500012cf
ARR 5000147c (sz=24, trace=300000, nelems=2, elem type=java.lang.Object[]@50000108)
	[0]		500010b2
	[1]		500012d1
ARR 5000147d (sz=24, trace=300000, nelems=2, elem type=java.lang.Object[]@50000108)
	[0]		500010b3
	[1]		500012c9
ARR 5000147e (sz=24, trace=300000, nelems=2, elem type=java.lang.Object[]@50000108)
	[0]		50001390
	[1]		500012f0
ARR 5000147f (sz=24, trace=300000, nelems=2, elem type=java.lang.Object[]@50000108)
	[0]		5000138a
	[1]		500012d6
ARR 50001480 (sz=32, trace=300000, nelems=3, elem type=java.lang.Object[]@50000108)
	[0]		500010d4
	[1]		500010e8
	[2]		50001648
ARR 50001481 (sz=24, trace=300000, nelems=2, elem type=java.lang.Object[]@50000108)
	[0]		500010a0
	[1]		500012d0
ARR 50001482 (sz=32, trace=300000, nelems=3, elem type=java.lang.Object[]@50000108)
	[0]		5000102e
	[1]		500010f1
	[2]		50001647
ARR 50001483 (sz=24, trace=300000, nelems=2, elem type=java.lang.Object[]@50000108)
	[0]		5000102f
	[1]		500010f2
ARR 50001484 (sz=24, trace=300000, nelems=2, elem type=java.lang.Object[]@50000108)
	[0]		50001030
	[1]		500010f3
ARR 50001485 (sz=32, trace=300000, nelems=3, elem type=java.lang.Object[]@50000108)
	[0]		50001031
	[1]		500010f4
	[2]		50001646
ARR 50001486 (sz=32, trace=300000, nelems=3, elem type=java.lang.Object[]@50000108)
	[0]		50001032
	[1]		500012c6
	[2]		50001645
ARR 50001487 (sz=24, trace=300000, nelems=2, elem type=java.lang.Object[]@50000108)
	[0]		5000133e
	[1]		500012d4
ARR 50001488 (sz=24, trace=300000, nelems=2, elem type=java.lang.Object[]@50000108)
	[0]		50001033
	[1]		500010f5
ARR 50001489 (sz=24, trace=300000, nelems=2, elem type=java.lang.Object[]@50000108)
	[0]		50001034
	[1]		500010f6
ARR 5000148a (sz=24, trace=300000, nelems=2, elem type=java.lang.Object[]@50000108)
	[0]		50001393
	[1]		500012e3
ARR 5000148b (sz=24, trace=300000, nelems=2, elem type=java.lang.Object[]@50000108)
	[0]		50001364
	[1]		500012ca
ARR 5000148c (sz=24, trace=300000, nelems=2, elem type=java.lang.Object[]@50000108)
	[0]		50001381
	[1]		500012d5
ARR 5000148d (sz=24, trace=300000, nelems=2, elem type=java.lang.Object[]@50000108)
	[0]		5000135e
	[1]		500012c9
ARR 5000148e (sz=24, trace=300000, nelems=2, elem type=java.lang.Object[]@50000108)
	[0]		5000116d
	[1]		500012ed
OBJ 5000148f (sz=56, trace=300687, class=java.util.zip.ZipFile$ZipFileInputStream@5000055c)
	this$0		500004ec
OBJ 50001490 (sz=40, trace=300106, class=java.lang.ref.Finalizer@5000014d)
	referent	5000148f
	queue		500003aa
	next		50001434
	prev		500014de
ARR 50001491 (sz=24, trace=300000, nelems=2, elem type=java.lang.Object[]@50000108)
	[0]		50001384
	[1]		500012d7
ARR 50001492 (sz=24, trace=300000, nelems=2, elem type=java.lang.Object[]@50000108)
	[0]		5000135c
	[1]		500012c7
ARR 50001493 (sz=24, trace=300000, nelems=2, elem type=java.lang.Object[]@50000108)
	[0]		50001104
	[1]		500012ca
ARR 50001494 (sz=24, trace=300000, nelems=2, elem type=java.lang.Object[]@50000108)
	[0]		50001105
	[1]		500012ce
ARR 50001495 (sz=24, trace=300000, nelems=2, elem type=java.lang.Object[]@50000108)
	[0]		50001106
	[1]		500012cf
ARR 50001496 (sz=24, trace=300000, nelems=2, elem type=java.lang.Object[]@50000108)
	[0]		50001107
	[1]		500012d0
ARR 50001497 (sz=24, trace=300000, nelems=2, elem type=java.lang.Object[]@50000108)
	[0]		50001108
	[1]		500012d1
ARR 50001498 (sz=24, trace=300000, nelems=2, elem type=java.lang.Object[]@50000108)
	[0]		500010f7
	[1]		500012ca
ARR 50001499 (sz=24, trace=300000, nelems=2, elem type=java.lang.Object[]@50000108)
	[0]		500010f8
	[1]		500012ce
ARR 5000149a (sz=24, trace=300000, nelems=2, elem type=java.lang.Object[]@50000108)
	[0]		500010f9
	[1]		500012cf
ARR 5000149b (sz=24, trace=300000, nelems=2, elem type=java.lang.Object[]@50000108)
	[0]		50001109
	[1]		500012c8
OBJ 5000149d (sz=16, trace=300157, class=java.lang.Object@50000172)
OBJ 5000149e (sz=32, trace=300159, class=java.util.concurrent.ConcurrentHashMap$Node@50000024)
	key		50000bce
	val		5000149d
OBJ 5000149f (sz=16, trace=300160, class=java.lang.Object@50000172)
OBJ 500014a0 (sz=32, trace=300159, class=java.util.concurrent.ConcurrentHashMap$Node@50000024)
	key		50000bce
	val		5000149f
ARR 500014a1 (sz=24, trace=300000, nelems=2, elem type=java.lang.Object[]@50000108)
	[0]		50001361
	[1]		500012c9
ARR 500014a2 (sz=32, trace=300000, nelems=3, elem type=java.lang.Object[]@50000108)
	[0]		500010d8
	[1]		500012d0
	[2]		50001644
ARR 500014a3 (sz=24, trace=300000, nelems=2, elem type=java.lang.Object[]@50000108)
	[0]		500010e4
	[1]		500012ca
ARR 500014a4 (sz=32, trace=300000, nelems=3, elem type=java.lang.Object[]@50000108)
	[0]		500010fa
	[1]		500012d1
	[2]		50001643
ARR 500014a5 (sz=24, trace=300000, nelems=2, elem type=java.lang.Object[]@50000108)
	[0]		500010e6
	[1]		500012cf
ARR 500014a6 (sz=24, trace=300000, nelems=2, elem type=java.lang.Object[]@50000108)
	[0]		5000110f
	[1]		500012c7
ARR 500014a7 (sz=32, trace=300000, nelems=3, elem type=java.lang.Object[]@50000108)
	[0]		500010a2
	[1]		500010f1
	[2]		50001641
ARR 500014a8 (sz=24, trace=300000, nelems=2, elem type=java.lang.Object[]@50000108)
	[0]		500010d6
	[1]		500012cf
ARR 500014a9 (sz=32, trace=300000, nelems=3, elem type=java.lang.Object[]@50000108)
	[0]		500010a8
	[1]		500010f2
	[2]		50001640
ARR 500014aa (sz=24, trace=300000, nelems=2, elem type=java.lang.Object[]@50000108)
	[0]		50001112
	[1]		500012d1
ARR 500014ab (sz=24, trace=300000, nelems=2, elem type=java.lang.Object[]@50000108)
	[0]		500010a9
	[1]		500010f3
ARR 500014ac (sz=32, trace=300000, nelems=3, elem type=java.lang.Object[]@50000108)
	[0]		500010aa
	[1]		500010f4
	[2]		5000163f
ARR 500014ad (sz=32, trace=300000, nelems=3, elem type=java.lang.Object[]@50000108)
	[0]		500010ab
	[1]		500012c6
	[2]		5000163e
ARR 500014ae (sz=24, trace=300000, nelems=2, elem type=java.lang.Object[]@50000108)
	[0]		50001378
	[1]		500012c7
ARR 500014af (sz=24, trace=300000, nelems=2, elem type=java.lang.Object[]@50000108)
	[0]		5000110c
	[1]		500012d2
OBJ 500014b0 (sz=56, trace=300687, class=java.util.zip.ZipFile$ZipFileInputStream@5000055c)
ARR 500014b1 (sz=24, trace=300000, nelems=2, elem type=java.lang.Object[]@50000108)
	[0]		5000102b
	[1]		500010ef
ARR 500014b2 (sz=24, trace=300000, nelems=2, elem type=java.lang.Object[]@50000108)
	[0]		50001377
	[1]		500012d1
ARR 500014b3 (sz=24, trace=300000, nelems=2, elem type=java.lang.Object[]@50000108)
	[0]		500010e7
	[1]		500012d1
ARR 500014b4 (sz=24, trace=300000, nelems=2, elem type=java.lang.Object[]@50000108)
	[0]		5000134f
	[1]		500012c9
ARR 500014b5 (sz=24, trace=300000, nelems=2, elem type=java.lang.Object[]@50000108)
	[0]		500010f0
	[1]		500012d0
ARR 500014b6 (sz=24, trace=300000, nelems=2, elem type=java.lang.Object[]@50000108)
	[0]		500010ac
	[1]		500010f5
ARR 500014b7 (sz=24, trace=300000, nelems=2, elem type=java.lang.Object[]@50000108)
	[0]		500010ad
	[1]		500010f6
ARR 500014b8 (sz=24, trace=300000, nelems=2, elem type=java.lang.Object[]@50000108)
	[0]		50001351
	[1]		500012c7
ARR 500014b9 (sz=24, trace=300000, nelems=2, elem type=java.lang.Object[]@50000108)
	[0]		5000133a
	[1]		500012d4
ARR 500014ba (sz=24, trace=300000, nelems=2, elem type=java.lang.Object[]@50000108)
	[0]		500010dc
	[1]		500012d0
ARR 500014bb (sz=24, trace=300000, nelems=2, elem type=java.lang.Object[]@50000108)
	[0]		5000134e
	[1]		500012c7
ARR 500014bc (sz=24, trace=300000, nelems=2, elem type=java.lang.Object[]@50000108)
	[0]		500010ae
	[1]		500012ed
ARR 500014bd (sz=24, trace=300000, nelems=2, elem type=java.lang.Object[]@50000108)
	[0]		500010fb
	[1]		500012c7
OBJ 500014bf (sz=16, trace=300157, class=java.lang.Object@50000172)
OBJ 500014c0 (sz=32, trace=300159, class=java.util.concurrent.ConcurrentHashMap$Node@50000024)
	key		50000cbd
	val		500014bf
OBJ 500014c1 (sz=16, trace=300160, class=java.lang.Object@50000172)
OBJ 500014c2 (sz=32, trace=300159, class=java.util.concurrent.ConcurrentHashMap$Node@50000024)
	key		50000cbd
	val		500014c1
ARR 500014c3 (sz=24, trace=300000, nelems=2, elem type=java.lang.Object[]@50000108)
	[0]		500010fc
	[1]		500012ca
ARR 500014c4 (sz=24, trace=300000, nelems=2, elem type=java.lang.Object[]@50000108)
	[0]		50001029
	[1]		500010e8
ARR 500014c5 (sz=24, trace=300000, nelems=2, elem type=java.lang.Object[]@50000108)
	[0]		500012c9
	[1]		500012c9
ARR 500014c6 (sz=24, trace=300000, nelems=2, elem type=java.lang.Object[]@50000108)
	[0]		5000137a
	[1]		500012c9
ARR 500014c7 (sz=24, trace=300000, nelems=2, elem type=java.lang.Object[]@50000108)
	[0]		50001113
	[1]		500012c7
ARR 500014c8 (sz=24, trace=300000, nelems=2, elem type=java.lang.Object[]@50000108)
	[0]		50001114
	[1]		500012ca
ARR 500014c9 (sz=24, trace=300000, nelems=2, elem type=java.lang.Object[]@50000108)
	[0]		50001115
	[1]		500012ce
ARR 500014ca (sz=24, trace=300000, nelems=2, elem type=java.lang.Object[]@50000108)
	[0]		50001116
	[1]		500012d1
ARR 500014cb (sz=24, trace=300000, nelems=2, elem type=java.lang.Object[]@50000108)
	[0]		500010fd
	[1]		500012ce
ARR 500014cc (sz=24, trace=300000, nelems=2, elem type=java.lang.Object[]@50000108)
	[0]		5000137b
	[1]		500012c9
ARR 500014cd (sz=24, trace=300000, nelems=2, elem type=java.lang.Object[]@50000108)
	[0]		5000133b
	[1]		500012d4
ARR 500014ce (sz=24, trace=300000, nelems=2, elem type=java.lang.Object[]@50000108)
	[0]		50001385
	[1]		500012ef
ARR 500014cf (sz=24, trace=300000, nelems=2, elem type=java.lang.Object[]@50000108)
	[0]		5000109f
	[1]		500010ef
ARR 500014d0 (sz=24, trace=300000, nelems=2, elem type=java.lang.Object[]@50000108)
	[0]		500010fe
	[1]		500012d0
ARR 500014d1 (sz=24, trace=300000, nelems=2, elem type=java.lang.Object[]@50000108)
	[0]		500010f1
	[1]		500010f1
ARR 500014d2 (sz=24, trace=300000, nelems=2, elem type=java.lang.Object[]@50000108)
	[0]		500010f2
	[1]		500010f2
ARR 500014d3 (sz=24, trace=300000, nelems=2, elem type=java.lang.Object[]@50000108)
	[0]		500010f3
	[1]		500010f3
ARR 500014d4 (sz=24, trace=300000, nelems=2, elem type=java.lang.Object[]@50000108)
	[0]		500010f4
	[1]		500010f4
ARR 500014d5 (sz=24, trace=300000, nelems=2, elem type=java.lang.Object[]@50000108)
	[0]		500010e9
	[1]		500012ec
ARR 500014d6 (sz=24, trace=300000, nelems=2, elem type=java.lang.Object[]@50000108)
	[0]		5000138b
	[1]		500012d7
ARR 500014d7 (sz=24, trace=300000, nelems=2, elem type=java.lang.Object[]@50000108)
	[0]		500010de
	[1]		500010f1
ARR 500014d8 (sz=24, trace=300000, nelems=2, elem type=java.lang.Object[]@50000108)
	[0]		500010df
	[1]		500010f2
ARR 500014d9 (sz=24, trace=300000, nelems=2, elem type=java.lang.Object[]@50000108)
	[0]		500010e0
	[1]		500010f3
ARR 500014da (sz=24, trace=300000, nelems=2, elem type=java.lang.Object[]@50000108)
	[0]		500010f5
	[1]		500010f5
ARR 500014db (sz=24, trace=300000, nelems=2, elem type=java.lang.Object[]@50000108)
	[0]		500010e1
	[1]		500010f4
ARR 500014dc (sz=24, trace=300000, nelems=2, elem type=java.lang.Object[]@50000108)
	[0]		500010da
	[1]		500012ec
OBJ 500014dd (sz=56, trace=300687, class=java.util.zip.ZipFile$ZipFileInputStream@5000055c)
	this$0		500004ec
OBJ 500014de (sz=40, trace=300106, class=java.lang.ref.Finalizer@5000014d)
	referent	500014dd
	queue		500003aa
	next		50001490
	prev		500015a7
ARR 500014df (sz=24, trace=300000, nelems=2, elem type=java.lang.Object[]@50000108)
	[0]		500010f6
	[1]		500010f6
ARR 500014e0 (sz=24, trace=300000, nelems=2, elem type=java.lang.Object[]@50000108)
	[0]		50001382
	[1]		500012d6
ARR 500014e1 (sz=24, trace=300000, nelems=2, elem type=java.lang.Object[]@50000108)
	[0]		50001097
	[1]		500010e8
ARR 500014e2 (sz=24, trace=300000, nelems=2, elem type=java.lang.Object[]@50000108)
	[0]		5000116a
	[1]		500012d5
ARR 500014e3 (sz=24, trace=300000, nelems=2, elem type=java.lang.Object[]@50000108)
	[0]		500010ff
	[1]		500012cf
ARR 500014e4 (sz=24, trace=300000, nelems=2, elem type=java.lang.Object[]@50000108)
	[0]		50001100
	[1]		500012d1
ARR 500014e5 (sz=24, trace=300000, nelems=2, elem type=java.lang.Object[]@50000108)
	[0]		500010e2
	[1]		500010f5
ARR 500014e6 (sz=24, trace=300000, nelems=2, elem type=java.lang.Object[]@50000108)
	[0]		500010e3
	[1]		500010f6
ARR 500014e7 (sz=24, trace=300000, nelems=2, elem type=java.lang.Object[]@50000108)
	[0]		5000116f
	[1]		500012ed
ARR 500014e8 (sz=24, trace=300000, nelems=2, elem type=java.lang.Object[]@50000108)
	[0]		50001394
	[1]		500012e4
ARR 500014e9 (sz=24, trace=300000, nelems=2, elem type=java.lang.Object[]@50000108)
	[0]		5000116e
	[1]		500012ed
OBJ 500014eb (sz=16, trace=300157, class=java.lang.Object@50000172)
OBJ 500014ec (sz=32, trace=300683, class=java.util.concurrent.ConcurrentHashMap$Node@50000024)
	key		50000c45
	val		500014eb
OBJ 500014ed (sz=16, trace=300160, class=java.lang.Object@50000172)
OBJ 500014ee (sz=32, trace=300683, class=java.util.concurrent.ConcurrentHashMap$Node@50000024)
	key		50000c45
	val		500014ed
ARR 500014ef (sz=24, trace=300000, nelems=2, elem type=java.lang.Object[]@50000108)
	[0]		50001366
	[1]		500012ce
ARR 500014f0 (sz=24, trace=300000, nelems=2, elem type=java.lang.Object[]@50000108)
	[0]		50000fec
	[1]		500012d4
ARR 500014f1 (sz=24, trace=300000, nelems=2, elem type=java.lang.Object[]@50000108)
	[0]		50001387
	[1]		500012d8
ARR 500014f2 (sz=24, trace=300000, nelems=2, elem type=java.lang.Object[]@50000108)
	[0]		5000137c
	[1]		500012c6
ARR 500014f3 (sz=24, trace=300000, nelems=2, elem type=java.lang.Object[]@50000108)
	[0]		5000134d
	[1]		500012d0
ARR 500014f4 (sz=24, trace=300000, nelems=2, elem type=java.lang.Object[]@50000108)
	[0]		5000134a
	[1]		500012d0
ARR 500014f5 (sz=24, trace=300000, nelems=2, elem type=java.lang.Object[]@50000108)
	[0]		50001340
	[1]		500010f4
ARR 500014f6 (sz=24, trace=300000, nelems=2, elem type=java.lang.Object[]@50000108)
	[0]		500010ef
	[1]		500010ef
ARR 500014f7 (sz=24, trace=300000, nelems=2, elem type=java.lang.Object[]@50000108)
	[0]		50001090
	[1]		500012e6
OBJ 500014f8 (sz=56, trace=300687, class=java.util.zip.ZipFile$ZipFileInputStream@5000055c)
ARR 500014f9 (sz=24, trace=300000, nelems=2, elem type=java.lang.Object[]@50000108)
	[0]		50001091
	[1]		500012e7
ARR 500014fa (sz=24, trace=300000, nelems=2, elem type=java.lang.Object[]@50000108)
	[0]		50001092
	[1]		500012e8
ARR 500014fb (sz=24, trace=300000, nelems=2, elem type=java.lang.Object[]@50000108)
	[0]		50001093
	[1]		500012e9
ARR 500014fc (sz=24, trace=300000, nelems=2, elem type=java.lang.Object[]@50000108)
	[0]		50001094
	[1]		500012ea
ARR 500014fd (sz=32, trace=300000, nelems=3, elem type=java.lang.Object[]@50000108)
	[0]		50001341
	[1]		500010f5
	[2]		5000163d
ARR 500014fe (sz=32, trace=300000, nelems=3, elem type=java.lang.Object[]@50000108)
	[0]		50001342
	[1]		500010f6
	[2]		5000163c
ARR 500014ff (sz=24, trace=300000, nelems=2, elem type=java.lang.Object[]@50000108)
	[0]		50001103
	[1]		500012c8
ARR 50001500 (sz=32, trace=300000, nelems=3, elem type=java.lang.Object[]@50000108)
	[0]		5000135d
	[1]		500012c9
	[2]		50001636
ARR 50001501 (sz=24, trace=300000, nelems=2, elem type=java.lang.Object[]@50000108)
	[0]		5000138e
	[1]		500012ef
ARR 50001502 (sz=24, trace=300000, nelems=2, elem type=java.lang.Object[]@50000108)
	[0]		500010db
	[1]		500010ef
ARR 50001503 (sz=24, trace=300000, nelems=2, elem type=java.lang.Object[]@50000108)
	[0]		5000108f
	[1]		500012c6
OBJ 50001505 (sz=16, trace=300732, class=com.sun.tools.javac.util.Context$Key@50001504)
OBJ 50001506 (sz=16, trace=300157, class=java.lang.Object@50000172)
OBJ 50001507 (sz=32, trace=300159, class=java.util.concurrent.ConcurrentHashMap$Node@50000024)
	key		50000c7b
	val		50001506
OBJ 50001508 (sz=16, trace=300160, class=java.lang.Object@50000172)
OBJ 50001509 (sz=32, trace=300159, class=java.util.concurrent.ConcurrentHashMap$Node@50000024)
	key		50000c7b
	val		50001508
OBJ 5000150a (sz=64, trace=300733, class=java.util.concurrent.ConcurrentHashMap@5000002b)
	table		5000150b
ARR 5000150b (sz=144, trace=300734, nelems=32, elem type=java.util.concurrent.ConcurrentHashMap$Node[]@50000023)
	[0]		50001510
	[3]		50001520
	[7]		5000151c
	[8]		50001532
	[10]		50001516
	[11]		50001514
	[12]		50001512
	[15]		50001518
	[17]		5000150c
	[21]		5000152a
	[24]		5000151e
	[25]		50001526
	[26]		50001530
	[28]		5000151a
	[29]		50001534
	[31]		50001528
OBJ 5000150c (sz=32, trace=300735, class=java.util.concurrent.ConcurrentHashMap$Node@50000024)
	key		50002b79
	val		50001476
	next		5000150e
OBJ 5000150d (sz=32, trace=300736, class=com.sun.tools.javac.code.Lint$LintCategory@50001475)
	name		50002c2c
	option		50002b77
OBJ 5000150e (sz=32, trace=300737, class=java.util.concurrent.ConcurrentHashMap$Node@50000024)
	key		50002b77
	val		5000150d
	next		50001524
OBJ 5000150f (sz=32, trace=300738, class=com.sun.tools.javac.code.Lint$LintCategory@50001475)
	name		50002c2d
	option		50002b75
OBJ 50001510 (sz=32, trace=300735, class=java.util.concurrent.ConcurrentHashMap$Node@50000024)
	key		50002b75
	val		5000150f
OBJ 50001511 (sz=32, trace=300739, class=com.sun.tools.javac.code.Lint$LintCategory@50001475)
	name		50002a95
	option		50002b73
OBJ 50001512 (sz=32, trace=300735, class=java.util.concurrent.ConcurrentHashMap$Node@50000024)
	key		50002b73
	val		50001511
OBJ 50001513 (sz=32, trace=300740, class=com.sun.tools.javac.code.Lint$LintCategory@50001475)
	name		50002c2e
	option		50002b71
OBJ 50001514 (sz=32, trace=300735, class=java.util.concurrent.ConcurrentHashMap$Node@50000024)
	key		50002b71
	val		50001513
	next		50001522
OBJ 50001515 (sz=32, trace=300741, class=com.sun.tools.javac.code.Lint$LintCategory@50001475)
	name		50002c2f
	option		50002b6f
OBJ 50001516 (sz=32, trace=300735, class=java.util.concurrent.ConcurrentHashMap$Node@50000024)
	key		50002b6f
	val		50001515
OBJ 50001517 (sz=32, trace=300742, class=com.sun.tools.javac.code.Lint$LintCategory@50001475)
	name		50002c30
	option		50002b6d
OBJ 50001518 (sz=32, trace=300735, class=java.util.concurrent.ConcurrentHashMap$Node@50000024)
	key		50002b6d
	val		50001517
	next		5000152e
OBJ 50001519 (sz=32, trace=300743, class=com.sun.tools.javac.code.Lint$LintCategory@50001475)
	name		50002c31
	option		50002b60
OBJ 5000151a (sz=32, trace=300735, class=java.util.concurrent.ConcurrentHashMap$Node@50000024)
	key		50002b60
	val		50001519
OBJ 5000151b (sz=32, trace=300744, class=com.sun.tools.javac.code.Lint$LintCategory@50001475)
	name		50002c32
	option		50002b5e
OBJ 5000151c (sz=32, trace=300735, class=java.util.concurrent.ConcurrentHashMap$Node@50000024)
	key		50002b5e
	val		5000151b
OBJ 5000151d (sz=32, trace=300745, class=com.sun.tools.javac.code.Lint$LintCategory@50001475)
	name		50002c33
	option		50002b5c
OBJ 5000151e (sz=32, trace=300735, class=java.util.concurrent.ConcurrentHashMap$Node@50000024)
	key		50002b5c
	val		5000151d
OBJ 5000151f (sz=32, trace=300746, class=com.sun.tools.javac.code.Lint$LintCategory@50001475)
	name		50002c34
	option		50002b5a
OBJ 50001520 (sz=32, trace=300735, class=java.util.concurrent.ConcurrentHashMap$Node@50000024)
	key		50002b5a
	val		5000151f
	next		5000152c
OBJ 50001521 (sz=32, trace=300747, class=com.sun.tools.javac.code.Lint$LintCategory@50001475)
	name		50002c35
	option		50002b58
OBJ 50001522 (sz=32, trace=300737, class=java.util.concurrent.ConcurrentHashMap$Node@50000024)
	key		50002b58
	val		50001521
OBJ 50001523 (sz=32, trace=300748, class=com.sun.tools.javac.code.Lint$LintCategory@50001475)
	name		50002c36
	option		50000706
OBJ 50001524 (sz=32, trace=300737, class=java.util.concurrent.ConcurrentHashMap$Node@50000024)
	key		50000706
	val		50001523
OBJ 50001525 (sz=32, trace=300749, class=com.sun.tools.javac.code.Lint$LintCategory@50001475)
	name		50002c37
	option		50002b55
OBJ 50001526 (sz=32, trace=300735, class=java.util.concurrent.ConcurrentHashMap$Node@50000024)
	key		50002b55
	val		50001525
OBJ 50001527 (sz=32, trace=300750, class=com.sun.tools.javac.code.Lint$LintCategory@50001475)
	name		50002c38
	option		50002b53
OBJ 50001528 (sz=32, trace=300735, class=java.util.concurrent.ConcurrentHashMap$Node@50000024)
	key		50002b53
	val		50001527
OBJ 50001529 (sz=32, trace=300751, class=com.sun.tools.javac.code.Lint$LintCategory@50001475)
	name		50002c39
	option		50002b6b
OBJ 5000152a (sz=32, trace=300735, class=java.util.concurrent.ConcurrentHashMap$Node@50000024)
	key		50002b6b
	val		50001529
OBJ 5000152b (sz=32, trace=300752, class=com.sun.tools.javac.code.Lint$LintCategory@50001475)
	name		50002c3a
	option		5000217d
OBJ 5000152c (sz=32, trace=300737, class=java.util.concurrent.ConcurrentHashMap$Node@50000024)
	key		5000217d
	val		5000152b
OBJ 5000152d (sz=32, trace=300753, class=com.sun.tools.javac.code.Lint$LintCategory@50001475)
	name		50002c3b
	option		50002b69
OBJ 5000152e (sz=32, trace=300737, class=java.util.concurrent.ConcurrentHashMap$Node@50000024)
	key		50002b69
	val		5000152d
OBJ 5000152f (sz=32, trace=300754, class=com.sun.tools.javac.code.Lint$LintCategory@50001475)
	name		50002c3c
	option		50002b67
OBJ 50001530 (sz=32, trace=300735, class=java.util.concurrent.ConcurrentHashMap$Node@50000024)
	key		50002b67
	val		5000152f
OBJ 50001531 (sz=32, trace=300755, class=com.sun.tools.javac.code.Lint$LintCategory@50001475)
	name		50002c3d
	option		50002b65
OBJ 50001532 (sz=32, trace=300735, class=java.util.concurrent.ConcurrentHashMap$Node@50000024)
	key		50002b65
	val		50001531
OBJ 50001533 (sz=32, trace=300756, class=com.sun.tools.javac.code.Lint$LintCategory@50001475)
	name		50002c3e
	option		50002b63
OBJ 50001534 (sz=32, trace=300735, class=java.util.concurrent.ConcurrentHashMap$Node@50000024)
	key		50002b63
	val		50001533
ARR 50001536 (sz=104, trace=300757, nelems=21, elem type=com.sun.tools.javac.code.Lint$LintCategory[]@50001535)
	[0]		50001476
	[1]		5000150d
	[2]		5000150f
	[3]		50001511
	[4]		50001513
	[5]		50001515
	[6]		50001517
	[7]		50001519
	[8]		5000151b
	[9]		5000151d
	[10]		5000151f
	[11]		50001521
	[12]		50001523
	[13]		50001525
	[14]		50001527
	[15]		50001529
	[16]		5000152b
	[17]		5000152d
	[18]		5000152f
	[19]		50001531
	[20]		50001533
OBJ 50001537 (sz=40, trace=300084, class=java.util.LinkedHashMap$Entry@50000060)
	key		50002b79
	value		50000a76
	before		50001422
	after		50001538
OBJ 50001538 (sz=40, trace=300726, class=java.util.LinkedHashMap$Entry@50000060)
	key		50002b77
	value		50000a76
	next		50001544
	before		50001537
	after		50001539
OBJ 50001539 (sz=40, trace=300726, class=java.util.LinkedHashMap$Entry@50000060)
	key		50002b75
	value		50000a76
	before		50001538
	after		5000153a
OBJ 5000153a (sz=40, trace=300084, class=java.util.LinkedHashMap$Entry@50000060)
	key		50002b73
	value		50000a76
	before		50001539
	after		5000153b
OBJ 5000153b (sz=40, trace=300084, class=java.util.LinkedHashMap$Entry@50000060)
	key		50002b71
	value		50000a76
	next		50001542
	before		5000153a
	after		5000153c
OBJ 5000153c (sz=40, trace=300084, class=java.util.LinkedHashMap$Entry@50000060)
	key		50002b6f
	value		50000a76
	before		5000153b
	after		5000153d
OBJ 5000153d (sz=40, trace=300084, class=java.util.LinkedHashMap$Entry@50000060)
	key		50002b6d
	value		50000a76
	next		5000157e
	before		5000153c
	after		5000153e
OBJ 5000153e (sz=40, trace=300726, class=java.util.LinkedHashMap$Entry@50000060)
	key		50002b60
	value		50000a76
	next		50001592
	before		5000153d
	after		5000153f
OBJ 5000153f (sz=40, trace=300084, class=java.util.LinkedHashMap$Entry@50000060)
	key		50002b5e
	value		50000a76
	before		5000153e
	after		50001540
OBJ 50001540 (sz=40, trace=300084, class=java.util.LinkedHashMap$Entry@50000060)
	key		50002b5c
	value		50000a76
	before		5000153f
	after		50001541
OBJ 50001541 (sz=40, trace=300084, class=java.util.LinkedHashMap$Entry@50000060)
	key		50002b5a
	value		50000a76
	before		50001540
	after		50001542
OBJ 50001542 (sz=40, trace=300726, class=java.util.LinkedHashMap$Entry@50000060)
	key		50002b58
	value		50000a76
	before		50001541
	after		50001544
ARR 50001543 (sz=24, trace=300000, nelems=2, elem type=java.lang.Object[]@50000108)
	[0]		50001036
	[1]		500012c8
OBJ 50001544 (sz=40, trace=300726, class=java.util.LinkedHashMap$Entry@50000060)
	key		50000706
	value		50000a76
	before		50001542
	after		50001545
OBJ 50001545 (sz=40, trace=300084, class=java.util.LinkedHashMap$Entry@50000060)
	key		50002b55
	value		50000a76
	before		50001544
	after		50001546
OBJ 50001546 (sz=40, trace=300084, class=java.util.LinkedHashMap$Entry@50000060)
	key		50002b53
	value		50000a76
	before		50001545
	after		50001547
OBJ 50001547 (sz=40, trace=300084, class=java.util.LinkedHashMap$Entry@50000060)
	key		50002b6b
	value		50000a76
	next		50001565
	before		50001546
	after		50001548
OBJ 50001548 (sz=40, trace=300726, class=java.util.LinkedHashMap$Entry@50000060)
	key		5000217d
	value		50000a76
	before		50001547
	after		50001549
OBJ 50001549 (sz=40, trace=300726, class=java.util.LinkedHashMap$Entry@50000060)
	key		50002b69
	value		50000a77
	next		5000158d
	before		50001548
	after		5000154a
OBJ 5000154a (sz=40, trace=300084, class=java.util.LinkedHashMap$Entry@50000060)
	key		50002b67
	value		50000a76
	next		5000155f
	before		50001549
	after		5000154b
OBJ 5000154b (sz=40, trace=300084, class=java.util.LinkedHashMap$Entry@50000060)
	key		50002b65
	value		50000a76
	before		5000154a
	after		5000154c
OBJ 5000154c (sz=40, trace=300084, class=java.util.LinkedHashMap$Entry@50000060)
	key		50002b63
	value		50000a76
	next		50001597
	before		5000154b
	after		50001555
OBJ 5000154d (sz=16, trace=300157, class=java.lang.Object@50000172)
OBJ 5000154e (sz=32, trace=300159, class=java.util.concurrent.ConcurrentHashMap$Node@50000024)
	key		50000cf0
	val		5000154d
OBJ 5000154f (sz=16, trace=300160, class=java.lang.Object@50000172)
OBJ 50001550 (sz=32, trace=300159, class=java.util.concurrent.ConcurrentHashMap$Node@50000024)
	key		50000cf0
	val		5000154f
ARR 50001551 (sz=24, trace=300000, nelems=2, elem type=java.lang.Object[]@50000108)
	[0]		50000fe8
	[1]		500012d4
ARR 50001552 (sz=24, trace=300000, nelems=2, elem type=java.lang.Object[]@50000108)
	[0]		50001037
	[1]		500012c9
OBJ 50001553 (sz=24, trace=300761, class=java.lang.String@5000016e)
	value		50001554
ARR 50001554 (sz=30, trace=300762, nelems=15, elem type=char[])
OBJ 50001555 (sz=40, trace=300726, class=java.util.LinkedHashMap$Entry@50000060)
	key		50001553
	value		50000a76
	next		50001583
	before		5000154c
	after		5000155a
ARR 50001556 (sz=24, trace=300000, nelems=2, elem type=java.lang.Object[]@50000108)
	[0]		500010e8
	[1]		500010e8
ARR 50001557 (sz=24, trace=300000, nelems=2, elem type=java.lang.Object[]@50000108)
	[0]		50000fea
	[1]		500012d4
OBJ 50001558 (sz=24, trace=300761, class=java.lang.String@5000016e)
	value		50001559
ARR 50001559 (sz=10, trace=300762, nelems=5, elem type=char[])
OBJ 5000155a (sz=40, trace=300084, class=java.util.LinkedHashMap$Entry@50000060)
	key		50001558
	value		50000a76
	next		5000156f
	before		50001555
	after		5000155f
ARR 5000155b (sz=24, trace=300000, nelems=2, elem type=java.lang.Object[]@50000108)
	[0]		50001353
	[1]		500012d6
ARR 5000155c (sz=24, trace=300000, nelems=2, elem type=java.lang.Object[]@50000108)
	[0]		500010d9
	[1]		500010e8
OBJ 5000155d (sz=24, trace=300761, class=java.lang.String@5000016e)
	value		5000155e
ARR 5000155e (sz=20, trace=300762, nelems=10, elem type=char[])
OBJ 5000155f (sz=40, trace=300726, class=java.util.LinkedHashMap$Entry@50000060)
	key		5000155d
	value		50000a76
	before		5000155a
	after		50001565
ARR 50001560 (sz=272, trace=300763, nelems=64, elem type=java.util.HashMap$Node[]@500000c2)
	[0]		50001539
	[3]		50001541
	[4]		5000155a
	[10]		50001555
	[11]		5000156a
	[12]		50001574
	[13]		50001579
	[14]		500015b5
	[15]		5000153d
	[17]		50001538
	[24]		50001540
	[25]		500015ba
	[27]		500015a1
	[29]		5000154c
	[32]		50001422
	[34]		500015ab
	[35]		50001548
	[39]		5000153f
	[40]		5000154b
	[42]		5000153c
	[43]		5000153b
	[44]		5000153a
	[47]		50001549
	[49]		50001537
	[53]		50001547
	[56]		500015b0
	[57]		50001545
	[58]		5000154a
	[60]		5000153e
	[63]		50001546
ARR 50001561 (sz=24, trace=300000, nelems=2, elem type=java.lang.Object[]@50000108)
	[0]		50001356
	[1]		500012c8
ARR 50001562 (sz=24, trace=300000, nelems=2, elem type=java.lang.Object[]@50000108)
	[0]		50001357
	[1]		500012c9
OBJ 50001563 (sz=24, trace=300761, class=java.lang.String@5000016e)
	value		50001564
ARR 50001564 (sz=24, trace=300762, nelems=12, elem type=char[])
OBJ 50001565 (sz=40, trace=300726, class=java.util.LinkedHashMap$Entry@50000060)
	key		50001563
	value		50000a76
	before		5000155f
	after		5000156a
ARR 50001566 (sz=24, trace=300000, nelems=2, elem type=java.lang.Object[]@50000108)
	[0]		50001373
	[1]		500012cf
ARR 50001567 (sz=24, trace=300000, nelems=2, elem type=java.lang.Object[]@50000108)
	[0]		50001125
	[1]		500012d5
OBJ 50001568 (sz=24, trace=300761, class=java.lang.String@5000016e)
	value		50001569
ARR 50001569 (sz=16, trace=300762, nelems=8, elem type=char[])
OBJ 5000156a (sz=40, trace=300084, class=java.util.LinkedHashMap$Entry@50000060)
	key		50001568
	value		50000a76
	next		5000159c
	before		50001565
	after		5000156f
ARR 5000156b (sz=24, trace=300000, nelems=2, elem type=java.lang.Object[]@50000108)
	[0]		500010d7
	[1]		500012d0
ARR 5000156c (sz=24, trace=300000, nelems=2, elem type=java.lang.Object[]@50000108)
	[0]		50000ff0
	[1]		500012d4
OBJ 5000156d (sz=24, trace=300761, class=java.lang.String@5000016e)
	value		5000156e
ARR 5000156e (sz=16, trace=300762, nelems=8, elem type=char[])
OBJ 5000156f (sz=40, trace=300726, class=java.util.LinkedHashMap$Entry@50000060)
	key		5000156d
	value		50000a76
	before		5000156a
	after		50001574
ARR 50001570 (sz=24, trace=300000, nelems=2, elem type=java.lang.Object[]@50000108)
	[0]		50001355
	[1]		500012c7
ARR 50001571 (sz=24, trace=300000, nelems=2, elem type=java.lang.Object[]@50000108)
	[0]		50001358
	[1]		500012ca
OBJ 50001572 (sz=24, trace=300761, class=java.lang.String@5000016e)
	value		50001573
ARR 50001573 (sz=12, trace=300762, nelems=6, elem type=char[])
OBJ 50001574 (sz=40, trace=300084, class=java.util.LinkedHashMap$Entry@50000060)
	key		50001572
	value		50000a76
	before		5000156f
	after		50001579
ARR 50001575 (sz=24, trace=300000, nelems=2, elem type=java.lang.Object[]@50000108)
	[0]		500010d1
	[1]		500012d2
ARR 50001576 (sz=24, trace=300000, nelems=2, elem type=java.lang.Object[]@50000108)
	[0]		50001101
	[1]		500012ce
OBJ 50001577 (sz=24, trace=300761, class=java.lang.String@5000016e)
	value		50001578
ARR 50001578 (sz=24, trace=300762, nelems=12, elem type=char[])
OBJ 50001579 (sz=40, trace=300084, class=java.util.LinkedHashMap$Entry@50000060)
	key		50001577
	value		50000a76
	before		50001574
	after		5000157e
ARR 5000157a (sz=24, trace=300000, nelems=2, elem type=java.lang.Object[]@50000108)
	[0]		50001359
	[1]		500012cf
ARR 5000157b (sz=24, trace=300000, nelems=2, elem type=java.lang.Object[]@50000108)
	[0]		50001102
	[1]		500012d0
OBJ 5000157c (sz=24, trace=300761, class=java.lang.String@5000016e)
	value		5000157d
ARR 5000157d (sz=16, trace=300762, nelems=8, elem type=char[])
OBJ 5000157e (sz=40, trace=300726, class=java.util.LinkedHashMap$Entry@50000060)
	key		5000157c
	value		50000a76
	next		50001588
	before		50001579
	after		50001583
ARR 5000157f (sz=24, trace=300000, nelems=2, elem type=java.lang.Object[]@50000108)
	[0]		5000135a
	[1]		500012d1
ARR 50001580 (sz=24, trace=300000, nelems=2, elem type=java.lang.Object[]@50000108)
	[0]		5000108e
	[1]		500012c6
OBJ 50001581 (sz=24, trace=300761, class=java.lang.String@5000016e)
	value		50001582
ARR 50001582 (sz=16, trace=300762, nelems=8, elem type=char[])
OBJ 50001583 (sz=40, trace=300726, class=java.util.LinkedHashMap$Entry@50000060)
	key		50001581
	value		50000a76
	before		5000157e
	after		50001588
ARR 50001584 (sz=24, trace=300000, nelems=2, elem type=java.lang.Object[]@50000108)
	[0]		500010d3
	[1]		500010f5
ARR 50001585 (sz=24, trace=300000, nelems=2, elem type=java.lang.Object[]@50000108)
	[0]		50001350
	[1]		500012d4
OBJ 50001586 (sz=24, trace=300761, class=java.lang.String@5000016e)
	value		50001587
ARR 50001587 (sz=20, trace=300762, nelems=10, elem type=char[])
OBJ 50001588 (sz=40, trace=300726, class=java.util.LinkedHashMap$Entry@50000060)
	key		50001586
	value		50000a76
	before		50001583
	after		5000158d
ARR 50001589 (sz=24, trace=300000, nelems=2, elem type=java.lang.Object[]@50000108)
	[0]		50001360
	[1]		500012c7
ARR 5000158a (sz=32, trace=300000, nelems=3, elem type=java.lang.Object[]@50000108)
	[0]		50001363
	[1]		500012ca
	[2]		50001634
OBJ 5000158b (sz=24, trace=300761, class=java.lang.String@5000016e)
	value		5000158c
ARR 5000158c (sz=20, trace=300762, nelems=10, elem type=char[])
OBJ 5000158d (sz=40, trace=300726, class=java.util.LinkedHashMap$Entry@50000060)
	key		5000158b
	value		50000a76
	before		50001588
	after		50001592
ARR 5000158e (sz=24, trace=300000, nelems=2, elem type=java.lang.Object[]@50000108)
	[0]		5000111b
	[1]		500012d0
ARR 5000158f (sz=24, trace=300000, nelems=2, elem type=java.lang.Object[]@50000108)
	[0]		50001365
	[1]		500012ce
OBJ 50001590 (sz=24, trace=300761, class=java.lang.String@5000016e)
	value		50001591
ARR 50001591 (sz=10, trace=300762, nelems=5, elem type=char[])
OBJ 50001592 (sz=40, trace=300726, class=java.util.LinkedHashMap$Entry@50000060)
	key		50001590
	value		50000a76
	before		5000158d
	after		50001597
ARR 50001593 (sz=24, trace=300000, nelems=2, elem type=java.lang.Object[]@50000108)
	[0]		50001372
	[1]		500012cf
ARR 50001594 (sz=32, trace=300000, nelems=3, elem type=java.lang.Object[]@50000108)
	[0]		5000134b
	[1]		500010f2
	[2]		50001633
OBJ 50001595 (sz=24, trace=300761, class=java.lang.String@5000016e)
	value		50001596
ARR 50001596 (sz=22, trace=300762, nelems=11, elem type=char[])
OBJ 50001597 (sz=40, trace=300726, class=java.util.LinkedHashMap$Entry@50000060)
	key		50001595
	value		50000a76
	next		500015a6
	before		50001592
	after		5000159c
ARR 50001598 (sz=24, trace=300000, nelems=2, elem type=java.lang.Object[]@50000108)
	[0]		50001376
	[1]		500012d1
ARR 50001599 (sz=24, trace=300000, nelems=2, elem type=java.lang.Object[]@50000108)
	[0]		500010d5
	[1]		500010f3
OBJ 5000159a (sz=24, trace=300761, class=java.lang.String@5000016e)
	value		5000159b
ARR 5000159b (sz=18, trace=300762, nelems=9, elem type=char[])
OBJ 5000159c (sz=40, trace=300726, class=java.util.LinkedHashMap$Entry@50000060)
	key		5000159a
	value		50000a76
	next		500015bb
	before		50001597
	after		500015a1
ARR 5000159d (sz=24, trace=300000, nelems=2, elem type=java.lang.Object[]@50000108)
	[0]		5000116c
	[1]		500010e8
ARR 5000159e (sz=24, trace=300000, nelems=2, elem type=java.lang.Object[]@50000108)
	[0]		5000133c
	[1]		500012d4
OBJ 5000159f (sz=24, trace=300761, class=java.lang.String@5000016e)
	value		500015a0
ARR 500015a0 (sz=14, trace=300762, nelems=7, elem type=char[])
OBJ 500015a1 (sz=40, trace=300084, class=java.util.LinkedHashMap$Entry@50000060)
	key		5000159f
	value		50000a76
	before		5000159c
	after		500015a6
ARR 500015a2 (sz=24, trace=300000, nelems=2, elem type=java.lang.Object[]@50000108)
	[0]		5000133f
	[1]		500012c5
OBJ 500015a3 (sz=56, trace=300687, class=java.util.zip.ZipFile$ZipFileInputStream@5000055c)
	this$0		500004ec
OBJ 500015a4 (sz=24, trace=300761, class=java.lang.String@5000016e)
	value		500015a5
ARR 500015a5 (sz=14, trace=300762, nelems=7, elem type=char[])
OBJ 500015a6 (sz=40, trace=300726, class=java.util.LinkedHashMap$Entry@50000060)
	key		500015a4
	value		50000a76
	before		500015a1
	after		500015ab
OBJ 500015a7 (sz=40, trace=300106, class=java.lang.ref.Finalizer@5000014d)
	referent	500015a3
	queue		500003aa
	next		500014de
	prev		5000166b
ARR 500015a8 (sz=24, trace=300000, nelems=2, elem type=java.lang.Object[]@50000108)
	[0]		50001388
	[1]		500012e5
OBJ 500015a9 (sz=24, trace=300761, class=java.lang.String@5000016e)
	value		500015aa
ARR 500015aa (sz=14, trace=300762, nelems=7, elem type=char[])
OBJ 500015ab (sz=40, trace=300084, class=java.util.LinkedHashMap$Entry@50000060)
	key		500015a9
	value		50000a77
	before		500015a6
	after		500015b0
ARR 500015ac (sz=24, trace=300000, nelems=2, elem type=java.lang.Object[]@50000108)
	[0]		50000fee
	[1]		500012d4
ARR 500015ad (sz=24, trace=300000, nelems=2, elem type=java.lang.Object[]@50000108)
	[0]		50001098
	[1]		500012e6
OBJ 500015ae (sz=24, trace=300761, class=java.lang.String@5000016e)
	value		500015af
ARR 500015af (sz=8, trace=300762, nelems=4, elem type=char[])
OBJ 500015b0 (sz=40, trace=300084, class=java.util.LinkedHashMap$Entry@50000060)
	key		500015ae
	value		50000a76
	before		500015ab
	after		500015b5
ARR 500015b1 (sz=24, trace=300000, nelems=2, elem type=java.lang.Object[]@50000108)
	[0]		50001099
	[1]		500012e7
ARR 500015b2 (sz=24, trace=300000, nelems=2, elem type=java.lang.Object[]@50000108)
	[0]		5000109a
	[1]		500012e8
OBJ 500015b3 (sz=24, trace=300761, class=java.lang.String@5000016e)
	value		500015b4
ARR 500015b4 (sz=20, trace=300762, nelems=10, elem type=char[])
OBJ 500015b5 (sz=40, trace=300084, class=java.util.LinkedHashMap$Entry@50000060)
	key		500015b3
	value		50000a76
	before		500015b0
	after		500015ba
ARR 500015b6 (sz=24, trace=300000, nelems=2, elem type=java.lang.Object[]@50000108)
	[0]		5000109b
	[1]		500012e9
ARR 500015b7 (sz=24, trace=300000, nelems=2, elem type=java.lang.Object[]@50000108)
	[0]		5000135f
	[1]		500012d4
OBJ 500015b8 (sz=24, trace=300761, class=java.lang.String@5000016e)
	value		500015b9
ARR 500015b9 (sz=16, trace=300762, nelems=8, elem type=char[])
OBJ 500015ba (sz=40, trace=300084, class=java.util.LinkedHashMap$Entry@50000060)
	key		500015b8
	value		50000a76
	before		500015b5
	after		500015bb
OBJ 500015bb (sz=40, trace=300726, class=java.util.LinkedHashMap$Entry@50000060)
	key		50002a69
	value		50000a76
	before		500015ba
OBJ 500015bc (sz=56, trace=300764, class=com.sun.tools.javac.main.Option@50000b90)
	name		50002ab2
	text		50002a77
	kind		500013b5
	group		500013bd
	descrKey	50002abc
	choiceKind	5000140d
	choices		50001420
OBJ 500015bd (sz=56, trace=300765, class=com.sun.tools.javac.main.Option@50000b90)
	name		50002aaf
	text		50002a74
	kind		500013b5
	group		500013bd
	descrKey	50002ab8
OBJ 500015be (sz=56, trace=300766, class=com.sun.tools.javac.main.Option$2@50000c1e)
	name		50002ab0
	text		50002a75
	kind		500013b5
	group		500013bd
	argsNameKey	50002aba
	descrKey	50002ab9
OBJ 500015bf (sz=56, trace=300719, class=com.sun.tools.javac.main.Option$3@50000c65)
	name		50002aa0
	text		50002a85
	kind		500013b4
	group		500013bd
	descrKey	50002ad0
OBJ 500015c0 (sz=56, trace=300767, class=com.sun.tools.javac.main.Option@50000b90)
	name		50002aaa
	text		50002a8f
	kind		500013b4
	group		500013bd
	descrKey	50002ada
OBJ 500015c1 (sz=56, trace=300719, class=com.sun.tools.javac.main.Option$4@50000cac)
	name		50002a95
	text		50002a7c
	kind		500013b4
	group		500013bd
	descrKey	50002ac7
OBJ 500015c2 (sz=56, trace=300768, class=com.sun.tools.javac.main.Option@50000b90)
	name		50002a92
	text		50002a79
	kind		500013b4
	group		500013be
	argsNameKey	50002ac1
	descrKey	50002ac5
OBJ 500015c3 (sz=56, trace=300766, class=com.sun.tools.javac.main.Option$5@50000cf2)
	name		50002a93
	text		50002a7a
	kind		500013b4
	group		500013be
	argsNameKey	50002ac1
	descrKey	50002ac5
OBJ 500015c4 (sz=56, trace=300769, class=com.sun.tools.javac.main.Option@50000b90)
	name		50002aa8
	text		50002a8d
	kind		500013b4
	group		500013be
	argsNameKey	50002ac1
	descrKey	50002ad8
OBJ 500015c5 (sz=56, trace=300766, class=com.sun.tools.javac.main.Option$6@50000d39)
	name		50002a91
	text		50002a78
	kind		500013b4
	group		500013be
	argsNameKey	50002ac1
	descrKey	50002ac4
OBJ 500015c6 (sz=56, trace=300770, class=com.sun.tools.javac.main.Option@50000b90)
	name		50002aae
	text		50002a72
	kind		500013b5
	group		500013be
	argsNameKey	50002ac1
	descrKey	50002ab7
OBJ 500015c7 (sz=56, trace=300771, class=com.sun.tools.javac.main.Option@50000b90)
	name		50002aad
	text		50002a71
	kind		500013b5
	group		500013be
	argsNameKey	50002ac1
	descrKey	50002ab6
OBJ 500015c8 (sz=56, trace=300766, class=com.sun.tools.javac.main.Option$7@50000d80)
	name		50002aac
	text		50002a73
	kind		500013b5
	group		500013be
	argsNameKey	50002ac1
	descrKey	50002ac4
OBJ 500015c9 (sz=56, trace=300772, class=com.sun.tools.javac.main.Option@50000b90)
	name		50002a9a
	text		50002a7f
	kind		500013b4
	group		500013be
	argsNameKey	50002abf
	descrKey	50002aca
OBJ 500015ca (sz=56, trace=300766, class=com.sun.tools.javac.main.Option$8@50000dc6)
	name		50002a97
	text		50002a70
	kind		500013b5
	group		500013be
	argsNameKey	50002abf
	descrKey	50002aca
OBJ 500015cb (sz=56, trace=300773, class=com.sun.tools.javac.main.Option@50000b90)
	name		50002a99
	text		50002a7e
	kind		500013b4
	group		500013be
	argsNameKey	50002abf
	descrKey	50002ac9
OBJ 500015cc (sz=56, trace=300766, class=com.sun.tools.javac.main.Option$9@50000e0c)
	name		50002a96
	text		50002a6f
	kind		500013b5
	group		500013be
	argsNameKey	50002abf
	descrKey	50002ac9
ARR 500015cd (sz=24, trace=300000, nelems=2, elem type=java.lang.Object[]@50000108)
	[0]		5000109c
	[1]		500012ea
OBJ 500015ce (sz=56, trace=300724, class=java.util.LinkedHashMap@5000006a)
	table		500015cf
	head		500015d0
	tail		500015d1
ARR 500015cf (sz=80, trace=300725, nelems=12, elem type=java.util.HashMap$Node[]@500000c2)
	[8]		500015d1
	[11]		500015d0
OBJ 500015d0 (sz=40, trace=300084, class=java.util.LinkedHashMap$Entry@50000060)
	key		50002a69
	value		50000a76
	after		500015d1
OBJ 500015d1 (sz=40, trace=300084, class=java.util.LinkedHashMap$Entry@50000060)
	key		50002ab5
	value		50000a76
	before		500015d0
OBJ 500015d2 (sz=56, trace=300775, class=com.sun.tools.javac.main.Option@50000b90)
	name		50002aa2
	text		50002a87
	kind		500013b4
	group		500013bd
	descrKey	50002ad2
	choiceKind	5000140c
	choices		500015ce
OBJ 500015d3 (sz=56, trace=300776, class=com.sun.tools.javac.main.Option@50000b90)
	name		50002aa3
	text		50002a88
	kind		500013b4
	group		500013bd
	argsNameKey	50002abd
	descrKey	50002ad3
OBJ 500015d4 (sz=56, trace=300777, class=com.sun.tools.javac.main.Option@50000b90)
	name		50002aa4
	text		50002a89
	kind		500013b4
	group		500013be
	argsNameKey	50002ac1
	descrKey	50002ad4
OBJ 500015d5 (sz=56, trace=300778, class=com.sun.tools.javac.main.Option@50000b90)
	name		50002aa1
	text		50002a86
	kind		500013b4
	group		500013bd
	descrKey	50002ad1
OBJ 500015d6 (sz=56, trace=300779, class=com.sun.tools.javac.main.Option@50000b90)
	name		50002a94
	text		50002a7b
	kind		500013b4
	group		500013be
	argsNameKey	50002abe
	descrKey	50002ac6
OBJ 500015d7 (sz=56, trace=300780, class=com.sun.tools.javac.main.Option@50000b90)
	name		50002aa6
	text		50002a8b
	kind		500013b4
	group		500013be
	argsNameKey	50002abe
	descrKey	50002ad7
OBJ 500015d8 (sz=56, trace=300781, class=com.sun.tools.javac.main.Option@50000b90)
	name		50002a9e
	text		50002a83
	kind		500013b4
	group		500013be
	argsNameKey	50002abe
	descrKey	50002ace
ARR 500015d9 (sz=24, trace=300000, nelems=2, elem type=java.lang.Object[]@50000108)
	[0]		5000109d
	[1]		500012eb
OBJ 500015da (sz=56, trace=300724, class=java.util.LinkedHashMap@5000006a)
	table		500015db
	head		500015dc
	tail		500015dd
ARR 500015db (sz=80, trace=300725, nelems=14, elem type=java.util.HashMap$Node[]@500000c2)
	[11]		500015dc
	[13]		500015dd
OBJ 500015dc (sz=40, trace=300084, class=java.util.LinkedHashMap$Entry@50000060)
	key		50002a69
	value		50000a76
	after		500015dd
OBJ 500015dd (sz=40, trace=300084, class=java.util.LinkedHashMap$Entry@50000060)
	key		50001e26
	value		50000a76
	before		500015dc
OBJ 500015de (sz=56, trace=300783, class=com.sun.tools.javac.main.Option@50000b90)
	name		50002a9f
	text		50002a84
	kind		500013b4
	group		500013bd
	descrKey	50002acf
	choiceKind	5000140c
	choices		500015da
OBJ 500015df (sz=56, trace=300766, class=com.sun.tools.javac.main.Option$10@50000e52)
	name		50002a98
	text		50002a7d
	kind		500013b4
	group		500013be
	argsNameKey	50002ac0
	descrKey	50002ac8
OBJ 500015e0 (sz=56, trace=300766, class=com.sun.tools.javac.main.Option$11@50000e9a)
	name		50002aa7
	text		50002a8c
	kind		500013b4
	group		500013bd
	argsNameKey	50002ac3
	descrKey	50002ad6
OBJ 500015e1 (sz=56, trace=300766, class=com.sun.tools.javac.main.Option$12@50000ee1)
	name		50002aa9
	text		50002a8e
	kind		500013b4
	group		500013bd
	argsNameKey	50002ac3
	descrKey	50002ad9
OBJ 500015e2 (sz=56, trace=300766, class=com.sun.tools.javac.main.Option$13@50000f28)
	name		50002aa5
	text		50002a8a
	kind		500013b4
	group		500013bd
	argsNameKey	50002ac2
	descrKey	50002ad5
OBJ 500015e3 (sz=56, trace=300719, class=com.sun.tools.javac.main.Option$14@50000f6f)
	name		50002aab
	text		50002a90
	kind		500013b4
	group		500013bf
	descrKey	50002adb
OBJ 500015e4 (sz=56, trace=300719, class=com.sun.tools.javac.main.Option$15@50000fb6)
	name		50002afc
	text		50002af1
	kind		500013b6
	group		500013bf
OBJ 500015e5 (sz=56, trace=300719, class=com.sun.tools.javac.main.Option$16@50001015)
	name		50002afa
	text		50002ae4
	kind		500013b6
	group		500013bf
OBJ 500015e6 (sz=56, trace=300719, class=com.sun.tools.javac.main.Option$17@5000105c)
	name		50002afd
	text		50002af2
	kind		500013b4
	group		500013bf
	descrKey	50002b24
OBJ 500015e7 (sz=56, trace=300784, class=com.sun.tools.javac.main.Option$18@500010a3)
	name		50002af8
	text		50002ade
	kind		500013b4
	group		500013bd
	argsNameKey	50002b20
	descrKey	50002b18
OBJ 500015e8 (sz=56, trace=300719, class=com.sun.tools.javac.main.Option$19@500010ea)
	name		50002b07
	text		50002ae2
	kind		500013b4
	group		500013bf
	descrKey	50002b1c
OBJ 500015e9 (sz=16, trace=300157, class=java.lang.Object@50000172)
OBJ 500015ea (sz=32, trace=300159, class=java.util.concurrent.ConcurrentHashMap$Node@50000024)
	key		50000bc9
	val		500015e9
OBJ 500015eb (sz=16, trace=300160, class=java.lang.Object@50000172)
OBJ 500015ec (sz=32, trace=300159, class=java.util.concurrent.ConcurrentHashMap$Node@50000024)
	key		50000bc9
	val		500015eb
OBJ 500015ee (sz=56, trace=300784, class=com.sun.tools.javac.main.Option$20@50001131)
	name		50002afe
	text		50002adf
	kind		500013b4
	group		500013bf
	argsNameKey	50002b1f
	descrKey	50002b1a
OBJ 500015ef (sz=56, trace=300719, class=com.sun.tools.javac.main.Option$21@50001177)
	name		50002aff
	text		50002af3
	kind		500013b6
	group		500013bd
OBJ 500015f0 (sz=56, trace=300785, class=com.sun.tools.javac.main.Option@50000b90)
	name		50002b06
	text		50002ae1
	kind		500013b4
	group		500013bd
	descrKey	50002b1b
OBJ 500015f1 (sz=56, trace=300786, class=com.sun.tools.javac.main.Option@50000b90)
	name		50002b03
	text		50002af5
	kind		500013b6
	group		500013bd
OBJ 500015f2 (sz=56, trace=300787, class=com.sun.tools.javac.main.Option@50000b90)
	name		50002afb
	text		50002af0
	kind		500013b6
	group		500013bd
OBJ 500015f3 (sz=56, trace=300788, class=com.sun.tools.javac.main.Option@50000b90)
	name		50002b02
	text		50002af4
	kind		500013b6
	group		500013bd
OBJ 500015f4 (sz=56, trace=300719, class=com.sun.tools.javac.main.Option$22@500011be)
	name		50002b05
	text		50002af6
	kind		500013b6
	group		500013bd
OBJ 500015f5 (sz=56, trace=300789, class=com.sun.tools.javac.main.Option@50000b90)
	name		50002b0b
	text		50002ae7
	kind		500013b5
	group		500013bd
	argsNameKey	50002b21
	descrKey	50002b25
OBJ 500015f6 (sz=56, trace=300790, class=com.sun.tools.javac.main.Option@50000b90)
	name		50002b0c
	text		50002ae8
	kind		500013b5
	group		500013bd
	argsNameKey	50002b21
	descrKey	50002b26
OBJ 500015f7 (sz=16, trace=300157, class=java.lang.Object@50000172)
OBJ 500015f8 (sz=32, trace=300159, class=java.util.concurrent.ConcurrentHashMap$Node@50000024)
	key		50000b56
	val		500015f7
OBJ 500015f9 (sz=16, trace=300160, class=java.lang.Object@50000172)
OBJ 500015fa (sz=32, trace=300159, class=java.util.concurrent.ConcurrentHashMap$Node@50000024)
	key		50000b56
	val		500015f9
OBJ 500015fb (sz=16, trace=300157, class=java.lang.Object@50000172)
ARR 500015fc (sz=24, trace=300000, nelems=2, elem type=java.lang.Object[]@50000108)
	[0]		5000138f
	[1]		500012e4
OBJ 500015fd (sz=16, trace=300160, class=java.lang.Object@50000172)
OBJ 50001600 (sz=56, trace=300766, class=com.sun.tools.javac.main.Option$23@50001205)
	name		50002b12
	text		50002aef
	kind		500013b5
	group		500013bf
	argsNameKey	50002b1e
	descrKey	50002b1d
OBJ 50001601 (sz=56, trace=300791, class=com.sun.tools.javac.main.Option@50000b90)
	name		50002b0f
	text		50002aec
	kind		500013b5
	group		500013bd
	descrKey	50002b2a
OBJ 50001602 (sz=56, trace=300792, class=com.sun.tools.javac.main.Option@50000b90)
	name		50002b11
	text		50002aee
	kind		500013b5
	group		500013bd
	descrKey	50002b2c
OBJ 50001603 (sz=56, trace=300793, class=com.sun.tools.javac.main.Option@50000b90)
	name		50002b10
	text		50002aed
	kind		500013b5
	group		500013bd
	descrKey	50002b2b
OBJ 50001604 (sz=16, trace=300157, class=java.lang.Object@50000172)
OBJ 50001605 (sz=56, trace=300724, class=java.util.LinkedHashMap@5000006a)
	table		50001606
	head		50001607
	tail		50001608
ARR 50001606 (sz=80, trace=300725, nelems=12, elem type=java.util.HashMap$Node[]@500000c2)
	[0]		50001608
	[11]		50001607
OBJ 50001607 (sz=40, trace=300084, class=java.util.LinkedHashMap$Entry@50000060)
	key		50002adc
	value		50000a76
	after		50001608
OBJ 50001608 (sz=40, trace=300084, class=java.util.LinkedHashMap$Entry@50000060)
	key		50002b16
	value		50000a76
	before		50001607
OBJ 50001609 (sz=56, trace=300795, class=com.sun.tools.javac.main.Option@50000b90)
	name		50002b0e
	text		50002aeb
	kind		500013b5
	group		500013bd
	descrKey	50002b29
	choiceKind	5000140c
	choices		50001605
OBJ 5000160a (sz=32, trace=300159, class=java.util.concurrent.ConcurrentHashMap$Node@50000024)
	key		50000ca4
	val		50001604
OBJ 5000160b (sz=56, trace=300724, class=java.util.LinkedHashMap@5000006a)
	table		5000160c
	head		5000160d
	tail		5000160f
ARR 5000160c (sz=80, trace=300725, nelems=13, elem type=java.util.HashMap$Node[]@500000c2)
	[0]		5000160d
	[3]		5000160e
	[12]		5000160f
OBJ 5000160d (sz=40, trace=300084, class=java.util.LinkedHashMap$Entry@50000060)
	key		50002b13
	value		50000a76
	after		5000160e
OBJ 5000160e (sz=40, trace=300084, class=java.util.LinkedHashMap$Entry@50000060)
	key		50002b15
	value		50000a76
	before		5000160d
	after		5000160f
OBJ 5000160f (sz=40, trace=300084, class=java.util.LinkedHashMap$Entry@50000060)
	key		50002b17
	value		50000a76
	before		5000160e
OBJ 50001610 (sz=56, trace=300797, class=com.sun.tools.javac.main.Option@50000b90)
	name		50002b0d
	text		50002ae9
	kind		500013b5
	group		500013bd
	descrKey	50002b27
	choiceKind	5000140c
	choices		5000160b
OBJ 50001611 (sz=56, trace=300798, class=com.sun.tools.javac.main.Option@50000b90)
	name		50002b00
	text		50002ae0
	kind		500013b6
	group		500013bd
OBJ 50001612 (sz=56, trace=300799, class=com.sun.tools.javac.main.Option@50000b90)
	name		50002b0a
	text		50002ae6
	kind		500013b6
	group		500013bd
OBJ 50001613 (sz=56, trace=300766, class=com.sun.tools.javac.main.Option$24@5000124c)
	name		50002b01
	text		50002aea
	kind		500013b5
	group		500013bd
	argsNameKey	50002b22
	descrKey	50002b28
OBJ 50001614 (sz=16, trace=300160, class=java.lang.Object@50000172)
OBJ 50001615 (sz=56, trace=300724, class=java.util.LinkedHashMap@5000006a)
	table		50001616
	head		50001617
	tail		50001618
ARR 50001616 (sz=80, trace=300725, nelems=16, elem type=java.util.HashMap$Node[]@500000c2)
	[4]		50001617
	[15]		50001618
OBJ 50001617 (sz=40, trace=300084, class=java.util.LinkedHashMap$Entry@50000060)
	key		50002b14
	value		50000a76
	after		50001618
OBJ 50001618 (sz=40, trace=300084, class=java.util.LinkedHashMap$Entry@50000060)
	key		50002b2e
	value		50000a76
	before		50001617
OBJ 50001619 (sz=56, trace=300801, class=com.sun.tools.javac.main.Option@50000b90)
	name		50002b09
	text		50002ae5
	kind		500013b5
	group		500013bd
	descrKey	50002b23
	choiceKind	5000140c
	choices		50001615
OBJ 5000161a (sz=56, trace=300719, class=com.sun.tools.javac.main.Option$25@50001293)
	name		50002b08
	text		50002ae3
	kind		500013b6
	group		500013bd
OBJ 5000161b (sz=56, trace=300784, class=com.sun.tools.javac.main.Option$26@500012da)
	name		50002af9
	text		50002af7
	kind		500013b4
	group		500013bf
	argsNameKey	50002b1e
	descrKey	50002b19
OBJ 5000161c (sz=56, trace=300719, class=com.sun.tools.javac.main.Option$27@50001321)
	name		50002b04
	text		50002b2d
	kind		500013b6
	group		500013bf
ARR 5000161e (sz=264, trace=300802, nelems=61, elem type=com.sun.tools.javac.main.Option[]@5000161d)
	[0]		500013c3
	[1]		500013c4
	[2]		5000141e
	[3]		5000141f
	[4]		500015bc
	[5]		500015bd
	[6]		500015be
	[7]		500015bf
	[8]		500015c0
	[9]		500015c1
	[10]		500015c2
	[11]		500015c3
	[12]		500015c4
	[13]		500015c5
	[14]		500015c6
	[15]		500015c7
	[16]		500015c8
	[17]		500015c9
	[18]		500015ca
	[19]		500015cb
	[20]		500015cc
	[21]		500015d2
	[22]		500015d3
	[23]		500015d4
	[24]		500015d5
	[25]		500015d6
	[26]		500015d7
	[27]		500015d8
	[28]		500015de
	[29]		500015df
	[30]		500015e0
	[31]		500015e1
	[32]		500015e2
	[33]		500015e3
	[34]		500015e4
	[35]		500015e5
	[36]		500015e6
	[37]		500015e7
	[38]		500015e8
	[39]		500015ee
	[40]		500015ef
	[41]		500015f0
	[42]		500015f1
	[43]		500015f2
	[44]		500015f3
	[45]		500015f4
	[46]		500015f5
	[47]		500015f6
	[48]		50001600
	[49]		50001601
	[50]		50001602
	[51]		50001603
	[52]		50001609
	[53]		50001610
	[54]		50001611
	[55]		50001612
	[56]		50001613
	[57]		50001619
	[58]		5000161a
	[59]		5000161b
	[60]		5000161c
OBJ 5000161f (sz=16, trace=300157, class=java.lang.Object@50000172)
OBJ 50001620 (sz=32, trace=300159, class=java.util.concurrent.ConcurrentHashMap$Node@50000024)
	key		50000d07
	val		5000161f
OBJ 50001621 (sz=16, trace=300160, class=java.lang.Object@50000172)
OBJ 50001622 (sz=32, trace=300159, class=java.util.concurrent.ConcurrentHashMap$Node@50000024)
	key		50000d07
	val		50001621
ARR 50001624 (sz=16, trace=300803, nelems=0, elem type=java.lang.Enum[]@50000063)
OBJ 50001625 (sz=32, trace=300159, class=java.util.concurrent.ConcurrentHashMap$Node@50000024)
	key		50000ca4
	val		50001614
ARR 50001626 (sz=24, trace=300000, nelems=2, elem type=java.lang.Object[]@50000108)
	[0]		50001389
	[1]		500012d5
ARR 50001627 (sz=24, trace=300000, nelems=2, elem type=java.lang.Object[]@50000108)
	[0]		500010d2
	[1]		500010f1
OBJ 50001628 (sz=56, trace=300679, class=java.lang.Class$ReflectionData@500000a5)
OBJ 50001629 (sz=40, trace=300040, class=java.lang.ref.SoftReference@50000152)
OBJ 5000162a (sz=88, trace=300681, class=java.lang.reflect.Method@5000013e)
ARR 5000162c (sz=24, trace=300000, nelems=2, elem type=java.lang.Object[]@50000108)
	[0]		50001386
	[1]		500012f0
ARR 5000162d (sz=24, trace=300000, nelems=2, elem type=java.lang.Object[]@50000108)
	[0]		5000138c
	[1]		500012d8
OBJ 5000162f (sz=24, trace=300811, class=sun.reflect.NativeMethodAccessorImpl@5000162e)
OBJ 50001631 (sz=16, trace=300813, class=sun.reflect.DelegatingMethodAccessorImpl@50001630)
ARR 50001633 (sz=24, trace=300000, nelems=2, elem type=java.lang.Object[]@50000108)
	[0]		50001374
	[1]		500012d0
ARR 50001634 (sz=24, trace=300000, nelems=2, elem type=java.lang.Object[]@50000108)
	[0]		50001391
	[1]		500012d6
ARR 50001636 (sz=24, trace=300000, nelems=2, elem type=java.lang.Object[]@50000108)
	[0]		5000138d
	[1]		500012e3
OBJ 50001637 (sz=16, trace=300819, class=com.sun.tools.javac.main.Main$1@5000095c)
OBJ 50001638 (sz=16, trace=300157, class=java.lang.Object@50000172)
OBJ 50001639 (sz=32, trace=300159, class=java.util.concurrent.ConcurrentHashMap$Node@50000024)
	key		50000b52
	val		50001638
OBJ 5000163a (sz=16, trace=300160, class=java.lang.Object@50000172)
OBJ 5000163b (sz=32, trace=300159, class=java.util.concurrent.ConcurrentHashMap$Node@50000024)
	key		50000b52
	val		5000163a
ARR 5000163c (sz=24, trace=300000, nelems=2, elem type=java.lang.Object[]@50000108)
	[0]		5000133d
	[1]		500012c5
ARR 5000163d (sz=24, trace=300000, nelems=2, elem type=java.lang.Object[]@50000108)
	[0]		50001095
	[1]		500012eb
ARR 5000163e (sz=24, trace=300000, nelems=2, elem type=java.lang.Object[]@50000108)
	[0]		5000109e
	[1]		500012ec
ARR 5000163f (sz=24, trace=300000, nelems=2, elem type=java.lang.Object[]@50000108)
	[0]		50001379
	[1]		500012c9
ARR 50001640 (sz=24, trace=300000, nelems=2, elem type=java.lang.Object[]@50000108)
	[0]		50001111
	[1]		500012ce
ARR 50001641 (sz=32, trace=300000, nelems=3, elem type=java.lang.Object[]@50000108)
	[0]		50001352
	[1]		500012c9
	[2]		50001642
ARR 50001642 (sz=24, trace=300000, nelems=2, elem type=java.lang.Object[]@50000108)
	[0]		50001110
	[1]		500012ca
ARR 50001643 (sz=24, trace=300000, nelems=2, elem type=java.lang.Object[]@50000108)
	[0]		500010e5
	[1]		500012ce
ARR 50001644 (sz=24, trace=300000, nelems=2, elem type=java.lang.Object[]@50000108)
	[0]		50000fed
	[1]		500012d4
ARR 50001645 (sz=24, trace=300000, nelems=2, elem type=java.lang.Object[]@50000108)
	[0]		5000102a
	[1]		500012ec
ARR 50001646 (sz=24, trace=300000, nelems=2, elem type=java.lang.Object[]@50000108)
	[0]		50000fe1
	[1]		500012d4
ARR 50001647 (sz=24, trace=300000, nelems=2, elem type=java.lang.Object[]@50000108)
	[0]		500010a1
	[1]		500012c7
ARR 50001648 (sz=24, trace=300000, nelems=2, elem type=java.lang.Object[]@50000108)
	[0]		5000108d
	[1]		500012e7
ARR 50001649 (sz=24, trace=300000, nelems=2, elem type=java.lang.Object[]@50000108)
	[0]		5000103a
	[1]		500012cf
ARR 5000164a (sz=24, trace=300000, nelems=2, elem type=java.lang.Object[]@50000108)
	[0]		50001035
	[1]		500012c7
ARR 5000164b (sz=144, trace=300000, nelems=32, elem type=java.lang.Object[]@50000108)
	[0]		5000164c
	[2]		5000164d
	[3]		5000164e
	[4]		5000164f
	[5]		50001650
	[6]		50001651
	[7]		50001652
	[8]		50001653
	[9]		50001654
	[10]		50001655
	[11]		50001656
	[12]		50001657
	[14]		50001658
	[15]		50001659
	[16]		5000165a
	[17]		5000165b
	[18]		5000165c
	[19]		5000165d
	[22]		5000165e
	[23]		5000165f
	[24]		50001660
	[28]		50001661
	[29]		50001662
	[31]		50001663
ARR 5000164c (sz=24, trace=300000, nelems=1, elem type=java.lang.Object[]@50000108)
	[0]		500010f5
ARR 5000164d (sz=32, trace=300000, nelems=3, elem type=java.lang.Object[]@50000108)
	[0]		500010f6
	[2]		500016b7
ARR 5000164e (sz=32, trace=300000, nelems=3, elem type=java.lang.Object[]@50000108)
	[0]		500012e7
	[2]		500016b6
ARR 5000164f (sz=32, trace=300000, nelems=3, elem type=java.lang.Object[]@50000108)
	[0]		500012e9
	[2]		500016ad
ARR 50001650 (sz=32, trace=300000, nelems=3, elem type=java.lang.Object[]@50000108)
	[0]		500012ea
	[2]		500016ab
ARR 50001651 (sz=24, trace=300000, nelems=1, elem type=java.lang.Object[]@50000108)
	[0]		500012eb
ARR 50001652 (sz=24, trace=300000, nelems=2, elem type=java.lang.Object[]@50000108)
	[0]		500012d6
	[1]		500004c6
ARR 50001653 (sz=32, trace=300000, nelems=3, elem type=java.lang.Object[]@50000108)
	[0]		500012ca
	[2]		500016a8
ARR 50001654 (sz=32, trace=300000, nelems=3, elem type=java.lang.Object[]@50000108)
	[0]		500012ce
	[2]		5000166d
ARR 50001655 (sz=24, trace=300000, nelems=1, elem type=java.lang.Object[]@50000108)
	[0]		500012cf
ARR 50001656 (sz=32, trace=300000, nelems=3, elem type=java.lang.Object[]@50000108)
	[0]		500012ed
	[2]		5000166c
ARR 50001657 (sz=24, trace=300000, nelems=1, elem type=java.lang.Object[]@50000108)
	[0]		500012d1
ARR 50001658 (sz=24, trace=300000, nelems=1, elem type=java.lang.Object[]@50000108)
	[0]		500012ec
ARR 50001659 (sz=24, trace=300000, nelems=1, elem type=java.lang.Object[]@50000108)
	[0]		500010f1
ARR 5000165a (sz=32, trace=300000, nelems=3, elem type=java.lang.Object[]@50000108)
	[0]		500010f2
	[2]		50001669
ARR 5000165b (sz=32, trace=300000, nelems=3, elem type=java.lang.Object[]@50000108)
	[0]		500012c8
	[2]		50001668
ARR 5000165c (sz=32, trace=300000, nelems=3, elem type=java.lang.Object[]@50000108)
	[0]		500010f3
	[2]		50001666
ARR 5000165d (sz=32, trace=300000, nelems=3, elem type=java.lang.Object[]@50000108)
	[0]		500012c6
	[2]		50001664
ARR 5000165e (sz=24, trace=300000, nelems=1, elem type=java.lang.Object[]@50000108)
	[0]		500012ee
ARR 5000165f (sz=24, trace=300000, nelems=1, elem type=java.lang.Object[]@50000108)
	[0]		500012c5
ARR 50001660 (sz=24, trace=300000, nelems=1, elem type=java.lang.Object[]@50000108)
	[0]		500012ef
ARR 50001661 (sz=24, trace=300000, nelems=1, elem type=java.lang.Object[]@50000108)
	[0]		500012d2
ARR 50001662 (sz=24, trace=300000, nelems=1, elem type=java.lang.Object[]@50000108)
	[0]		500012d3
ARR 50001663 (sz=24, trace=300000, nelems=1, elem type=java.lang.Object[]@50000108)
	[0]		500012e4
ARR 50001664 (sz=32, trace=300000, nelems=3, elem type=java.lang.Object[]@50000108)
	[0]		500010f4
	[2]		50001665
ARR 50001665 (sz=24, trace=300000, nelems=1, elem type=java.lang.Object[]@50000108)
	[0]		500012f0
ARR 50001666 (sz=32, trace=300000, nelems=3, elem type=java.lang.Object[]@50000108)
	[0]		500010e8
	[2]		50001667
ARR 50001667 (sz=24, trace=300000, nelems=1, elem type=java.lang.Object[]@50000108)
	[0]		500012c9
ARR 50001668 (sz=24, trace=300000, nelems=2, elem type=java.lang.Object[]@50000108)
	[0]		500012d4
	[1]		5000049e
ARR 50001669 (sz=24, trace=300000, nelems=1, elem type=java.lang.Object[]@50000108)
	[0]		500010ef
OBJ 5000166a (sz=56, trace=300687, class=java.util.zip.ZipFile$ZipFileInputStream@5000055c)
	this$0		500004ec
OBJ 5000166b (sz=40, trace=300106, class=java.lang.ref.Finalizer@5000014d)
	referent	5000166a
	queue		500003aa
	next		500015a7
	prev		500016ca
ARR 5000166c (sz=24, trace=300000, nelems=1, elem type=java.lang.Object[]@50000108)
	[0]		500012d0
ARR 5000166d (sz=24, trace=300000, nelems=2, elem type=java.lang.Object[]@50000108)
	[0]		500012e5
	[1]		50000226
ARR 5000166e (sz=10, trace=300000, nelems=5, elem type=char[])
OBJ 5000166f (sz=24, trace=300000, class=java.lang.String@5000016e)
	value		50001677
OBJ 50001670 (sz=24, trace=300000, class=java.lang.String@5000016e)
	value		50001676
OBJ 50001671 (sz=56, trace=300687, class=java.util.zip.ZipFile$ZipFileInputStream@5000055c)
OBJ 50001672 (sz=24, trace=300000, class=java.lang.String@5000016e)
	value		50001675
OBJ 50001673 (sz=24, trace=300000, class=java.lang.String@5000016e)
	value		50001678
ARR 50001674 (sz=32, trace=300000, nelems=4, elem type=java.lang.String[]@500000c8)
	[0]		50001673
	[1]		5000166f
	[2]		50001670
	[3]		50001672
ARR 50001675 (sz=14, trace=300000, nelems=7, elem type=char[])
ARR 50001676 (sz=20, trace=300000, nelems=10, elem type=char[])
ARR 50001677 (sz=12, trace=300000, nelems=6, elem type=char[])
ARR 50001678 (sz=10, trace=300000, nelems=5, elem type=char[])
OBJ 5000167a (sz=24, trace=301102, class=com.sun.tools.javac.util.Log$PrefixKind@50001679)
	name		50002a57
	value		50002a59
OBJ 5000167b (sz=24, trace=301103, class=com.sun.tools.javac.util.Log$PrefixKind@50001679)
	name		50002a56
	value		50002a58
ARR 5000167d (sz=24, trace=301104, nelems=2, elem type=com.sun.tools.javac.util.Log$PrefixKind[]@5000167c)
	[0]		5000167a
	[1]		5000167b
ARR 5000167e (sz=24, trace=301105, nelems=0, elem type=java.lang.Object[]@50000108)
OBJ 50001680 (sz=24, trace=300820, class=com.sun.tools.javac.util.Context@5000167f)
OBJ 50001681 (sz=16, trace=300157, class=java.lang.Object@50000172)
OBJ 50001682 (sz=32, trace=300159, class=java.util.concurrent.ConcurrentHashMap$Node@50000024)
	key		50000b2b
	val		50001681
	next		50001c3b
OBJ 50001683 (sz=16, trace=300160, class=java.lang.Object@50000172)
OBJ 50001684 (sz=32, trace=300159, class=java.util.concurrent.ConcurrentHashMap$Node@50000024)
	key		50000b2b
	val		50001683
	next		50001c3d
OBJ 50001685 (sz=48, trace=300821, class=java.util.HashMap@500000c6)
OBJ 50001686 (sz=48, trace=300822, class=java.util.HashMap@500000c6)
OBJ 50001687 (sz=48, trace=300823, class=java.util.HashMap@500000c6)
OBJ 50001688 (sz=16, trace=300157, class=java.lang.Object@50000172)
OBJ 50001689 (sz=32, trace=300683, class=java.util.concurrent.ConcurrentHashMap$Node@50000024)
	key		50000d05
	val		50001688
OBJ 5000168a (sz=16, trace=300160, class=java.lang.Object@50000172)
OBJ 5000168b (sz=32, trace=300683, class=java.util.concurrent.ConcurrentHashMap$Node@50000024)
	key		50000d05
	val		5000168a
OBJ 5000168c (sz=16, trace=300157, class=java.lang.Object@50000172)
OBJ 5000168d (sz=32, trace=300159, class=java.util.concurrent.ConcurrentHashMap$Node@50000024)
	key		50000c3b
	val		5000168c
OBJ 5000168e (sz=16, trace=300160, class=java.lang.Object@50000172)
OBJ 5000168f (sz=32, trace=300159, class=java.util.concurrent.ConcurrentHashMap$Node@50000024)
	key		50000c3b
	val		5000168e
OBJ 50001690 (sz=24, trace=300000, class=java.lang.String@5000016e)
	value		50001695
OBJ 50001691 (sz=24, trace=300000, class=java.lang.String@5000016e)
	value		50001696
OBJ 50001692 (sz=24, trace=300000, class=java.lang.String@5000016e)
	value		50001697
OBJ 50001693 (sz=16, trace=300000, class=java.nio.charset.CodingErrorAction@50000077)
	name		50001691
OBJ 50001694 (sz=16, trace=300000, class=java.nio.charset.CodingErrorAction@50000077)
	name		50001690
ARR 50001695 (sz=12, trace=300000, nelems=6, elem type=char[])
ARR 50001696 (sz=14, trace=300000, nelems=7, elem type=char[])
ARR 50001697 (sz=12, trace=300000, nelems=6, elem type=char[])
OBJ 50001698 (sz=24, trace=300000, class=java.lang.String@5000016e)
	value		500016a2
OBJ 50001699 (sz=24, trace=300000, class=java.lang.String@5000016e)
	value		500016a3
OBJ 5000169a (sz=24, trace=300000, class=java.lang.String@5000016e)
	value		500016a0
OBJ 5000169b (sz=16, trace=300000, class=java.nio.charset.CoderResult$2@50000031)
OBJ 5000169c (sz=16, trace=300000, class=java.nio.charset.CoderResult$1@50000032)
OBJ 5000169d (sz=24, trace=300000, class=java.nio.charset.CoderResult@50000034)
OBJ 5000169e (sz=24, trace=300000, class=java.nio.charset.CoderResult@50000034)
ARR 5000169f (sz=32, trace=300000, nelems=4, elem type=java.lang.String[]@500000c8)
	[0]		50001699
	[1]		50001698
	[2]		500005c7
	[3]		5000169a
ARR 500016a0 (sz=20, trace=300000, nelems=10, elem type=char[])
ARR 500016a1 (sz=18, trace=300000, nelems=9, elem type=char[])
ARR 500016a2 (sz=16, trace=300000, nelems=8, elem type=char[])
ARR 500016a3 (sz=18, trace=300000, nelems=9, elem type=char[])
ARR 500016a4 (sz=6, trace=300000, nelems=3, elem type=char[])
OBJ 500016a5 (sz=24, trace=300000, class=java.lang.String@5000016e)
	value		500016a7
ARR 500016a6 (sz=32, trace=300000, nelems=4, elem type=java.lang.String[]@500000c8)
	[0]		50001673
	[1]		5000166f
	[2]		50001670
	[3]		50001672
ARR 500016a7 (sz=2, trace=300000, nelems=1, elem type=char[])
ARR 500016a8 (sz=24, trace=300000, nelems=2, elem type=java.lang.Object[]@50000108)
	[0]		500012c7
	[1]		500004b0
ARR 500016a9 (sz=20, trace=300000, nelems=10, elem type=char[])
ARR 500016aa (sz=16, trace=300000, nelems=8, elem type=char[])
ARR 500016ab (sz=24, trace=300000, nelems=2, elem type=java.lang.Object[]@50000108)
	[0]		500012d5
	[1]		500004ea
ARR 500016ac (sz=12, trace=300000, nelems=6, elem type=char[])
ARR 500016ad (sz=32, trace=300000, nelems=3, elem type=java.lang.Object[]@50000108)
	[0]		500012e8
	[1]		500013ff
	[2]		500016ae
ARR 500016ae (sz=24, trace=300000, nelems=1, elem type=java.lang.Object[]@50000108)
	[0]		500012e3
OBJ 500016af (sz=24, trace=300000, class=java.lang.String@5000016e)
	value		500016b5
OBJ 500016b0 (sz=24, trace=300000, class=java.lang.String@5000016e)
	value		500016b4
ARR 500016b1 (sz=512, trace=300000, nelems=256, elem type=char[])
ARR 500016b2 (sz=3072, trace=300000, nelems=1536, elem type=char[])
ARR 500016b3 (sz=512, trace=300000, nelems=256, elem type=char[])
ARR 500016b4 (sz=512, trace=300000, nelems=256, elem type=char[])
ARR 500016b5 (sz=12, trace=300000, nelems=6, elem type=char[])
ARR 500016b6 (sz=24, trace=300000, nelems=1, elem type=java.lang.Object[]@50000108)
	[0]		500012e6
ARR 500016b7 (sz=32, trace=300000, nelems=3, elem type=java.lang.Object[]@50000108)
	[0]		500012d8
	[2]		500016ba
OBJ 500016b8 (sz=24, trace=300369, class=java.lang.String@5000016e)
	value		500016b9
ARR 500016b9 (sz=48, trace=300370, nelems=24, elem type=char[])
ARR 500016ba (sz=24, trace=300000, nelems=2, elem type=java.lang.Object[]@50000108)
	[0]		500012d7
	[1]		500004d8
ARR 500016bb (sz=16, trace=300000, nelems=8, elem type=char[])
ARR 500016bc (sz=20, trace=300000, nelems=10, elem type=char[])
ARR 500016bd (sz=38, trace=300000, nelems=19, elem type=char[])
ARR 500016be (sz=26, trace=300000, nelems=13, elem type=char[])
ARR 500016bf (sz=2, trace=300000, nelems=1, elem type=char[])
OBJ 500016c0 (sz=16, trace=300000, class=java.lang.Object@50000172)
ARR 500016c1 (sz=30, trace=300000, nelems=15, elem type=char[])
ARR 500016c2 (sz=56, trace=300000, nelems=28, elem type=char[])
ARR 500016c3 (sz=64, trace=300000, nelems=32, elem type=char[])
ARR 500016c4 (sz=28, trace=300000, nelems=14, elem type=char[])
ARR 500016c5 (sz=60, trace=300000, nelems=30, elem type=char[])
OBJ 500016c6 (sz=56, trace=300443, class=java.lang.Package@500005db)
	pkgName		500016b8
	loader		500003b4
OBJ 500016c7 (sz=32, trace=300221, class=java.util.HashMap$Node@500000c4)
	key		500016b8
	value		500016c6
OBJ 500016c8 (sz=24, trace=300000, class=java.lang.String@5000016e)
	value		500016f2
OBJ 500016c9 (sz=56, trace=300687, class=java.util.zip.ZipFile$ZipFileInputStream@5000055c)
	this$0		500004ec
OBJ 500016ca (sz=40, trace=300106, class=java.lang.ref.Finalizer@5000014d)
	referent	500016c9
	queue		500003aa
	next		5000166b
	prev		50001727
OBJ 500016cb (sz=56, trace=300687, class=java.util.zip.ZipFile$ZipFileInputStream@5000055c)
OBJ 500016cc (sz=24, trace=300000, class=java.lang.String@5000016e)
	value		500016f1
OBJ 500016cd (sz=24, trace=300000, class=java.lang.String@5000016e)
	value		500016f7
OBJ 500016ce (sz=24, trace=300000, class=java.lang.String@5000016e)
	value		500016f5
OBJ 500016cf (sz=24, trace=300000, class=java.lang.String@5000016e)
	value		500016f6
OBJ 500016d0 (sz=24, trace=300000, class=java.lang.String@5000016e)
	value		500016f8
OBJ 500016d1 (sz=24, trace=300000, class=java.lang.String@5000016e)
	value		500016fc
OBJ 500016d2 (sz=24, trace=300000, class=java.lang.String@5000016e)
	value		500016fa
OBJ 500016d3 (sz=24, trace=300000, class=java.lang.String@5000016e)
	value		500016fb
OBJ 500016d4 (sz=24, trace=300000, class=java.lang.String@5000016e)
	value		500016f9
OBJ 500016d5 (sz=24, trace=300668, class=java.lang.String@5000016e)
	value		500016d6
ARR 500016d6 (sz=48, trace=300669, nelems=24, elem type=char[])
OBJ 500016d7 (sz=32, trace=300671, class=java.util.concurrent.ConcurrentHashMap$Node@50000024)
	key		500016d5
	val		50000a87
OBJ 500016d8 (sz=24, trace=300000, class=java.lang.String@5000016e)
	value		500016f3
OBJ 500016d9 (sz=24, trace=300000, class=java.lang.String@5000016e)
	value		500016ef
OBJ 500016da (sz=24, trace=300000, class=java.lang.String@5000016e)
	value		500016f4
OBJ 500016db (sz=24, trace=300000, class=java.lang.String@5000016e)
	value		500016f0
OBJ 500016dc (sz=16, trace=300157, class=java.lang.Object@50000172)
OBJ 500016dd (sz=32, trace=300683, class=java.util.concurrent.ConcurrentHashMap$Node@50000024)
	key		50000ba7
	val		500016dc
	next		50000d41
OBJ 500016de (sz=16, trace=300160, class=java.lang.Object@50000172)
OBJ 500016df (sz=32, trace=300683, class=java.util.concurrent.ConcurrentHashMap$Node@50000024)
	key		50000ba7
	val		500016de
	next		50000d43
OBJ 500016e3 (sz=16, trace=300157, class=java.lang.Object@50000172)
OBJ 500016e4 (sz=32, trace=300159, class=java.util.concurrent.ConcurrentHashMap$Node@50000024)
	key		50000bf0
	val		500016e3
OBJ 500016e5 (sz=16, trace=300160, class=java.lang.Object@50000172)
OBJ 500016e6 (sz=32, trace=300159, class=java.util.concurrent.ConcurrentHashMap$Node@50000024)
	key		50000bf0
	val		500016e5
OBJ 500016e7 (sz=24, trace=300000, class=java.lang.String@5000016e)
	value		500016fd
OBJ 500016e8 (sz=24, trace=300000, class=java.lang.String@5000016e)
	value		500016ff
OBJ 500016e9 (sz=24, trace=300000, class=java.lang.String@5000016e)
	value		500016fe
OBJ 500016eb (sz=16, trace=300157, class=java.lang.Object@50000172)
OBJ 500016ec (sz=32, trace=300159, class=java.util.concurrent.ConcurrentHashMap$Node@50000024)
	key		50000c49
	val		500016eb
OBJ 500016ed (sz=16, trace=300160, class=java.lang.Object@50000172)
OBJ 500016ee (sz=32, trace=300159, class=java.util.concurrent.ConcurrentHashMap$Node@50000024)
	key		50000c49
	val		500016ed
ARR 500016ef (sz=32, trace=300000, nelems=16, elem type=char[])
ARR 500016f0 (sz=34, trace=300000, nelems=17, elem type=char[])
ARR 500016f1 (sz=24, trace=300000, nelems=12, elem type=char[])
ARR 500016f2 (sz=20, trace=300000, nelems=10, elem type=char[])
ARR 500016f3 (sz=20, trace=300000, nelems=10, elem type=char[])
ARR 500016f4 (sz=12, trace=300000, nelems=6, elem type=char[])
ARR 500016f5 (sz=28, trace=300000, nelems=14, elem type=char[])
ARR 500016f6 (sz=28, trace=300000, nelems=14, elem type=char[])
ARR 500016f7 (sz=44, trace=300000, nelems=22, elem type=char[])
ARR 500016f8 (sz=40, trace=300000, nelems=20, elem type=char[])
ARR 500016f9 (sz=44, trace=300000, nelems=22, elem type=char[])
ARR 500016fa (sz=42, trace=300000, nelems=21, elem type=char[])
ARR 500016fb (sz=48, trace=300000, nelems=24, elem type=char[])
ARR 500016fc (sz=36, trace=300000, nelems=18, elem type=char[])
ARR 500016fd (sz=38, trace=300000, nelems=19, elem type=char[])
ARR 500016fe (sz=42, trace=300000, nelems=21, elem type=char[])
ARR 500016ff (sz=40, trace=300000, nelems=20, elem type=char[])
OBJ 50001700 (sz=24, trace=300000, class=java.lang.String@5000016e)
	value		50001701
ARR 50001701 (sz=18, trace=300000, nelems=9, elem type=char[])
ARR 50001702 (sz=18, trace=300000, nelems=9, elem type=char[])
ARR 50001703 (sz=26, trace=300000, nelems=13, elem type=char[])
ARR 50001704 (sz=38, trace=300000, nelems=19, elem type=char[])
ARR 50001705 (sz=18, trace=300000, nelems=9, elem type=char[])
ARR 50001706 (sz=12, trace=300000, nelems=6, elem type=char[])
ARR 50001707 (sz=28, trace=300000, nelems=14, elem type=char[])
ARR 50001708 (sz=16, trace=300000, nelems=8, elem type=char[])
ARR 50001709 (sz=14, trace=300000, nelems=7, elem type=char[])
ARR 5000170a (sz=18, trace=300000, nelems=9, elem type=char[])
ARR 5000170b (sz=24, trace=300000, nelems=12, elem type=char[])
OBJ 5000170c (sz=24, trace=300000, class=java.lang.String@5000016e)
	value		5000184d
OBJ 5000170d (sz=24, trace=300000, class=java.lang.String@5000016e)
	value		5000184c
OBJ 5000170e (sz=24, trace=300000, class=java.lang.String@5000016e)
	value		5000184a
OBJ 5000170f (sz=24, trace=300000, class=java.lang.String@5000016e)
	value		50001849
OBJ 50001710 (sz=24, trace=300000, class=java.lang.String@5000016e)
	value		50001848
OBJ 50001711 (sz=24, trace=300000, class=java.lang.String@5000016e)
	value		50001714
OBJ 50001712 (sz=24, trace=300000, class=java.lang.String@5000016e)
	value		50001713
ARR 50001713 (sz=30, trace=300000, nelems=15, elem type=char[])
ARR 50001714 (sz=18, trace=300000, nelems=9, elem type=char[])
OBJ 50001715 (sz=24, trace=300000, class=java.lang.String@5000016e)
	value		50001716
ARR 50001716 (sz=6, trace=300000, nelems=3, elem type=char[])
OBJ 50001717 (sz=24, trace=300000, class=java.lang.String@5000016e)
	value		50001842
OBJ 50001718 (sz=24, trace=300000, class=java.lang.String@5000016e)
	value		5000171a
OBJ 50001719 (sz=24, trace=300000, class=java.lang.String@5000016e)
	value		5000171b
ARR 5000171a (sz=38, trace=300000, nelems=19, elem type=char[])
ARR 5000171b (sz=68, trace=300000, nelems=34, elem type=char[])
OBJ 5000171c (sz=56, trace=300687, class=java.util.zip.ZipFile$ZipFileInputStream@5000055c)
OBJ 5000171d (sz=24, trace=300000, class=java.lang.String@5000016e)
	value		50001833
OBJ 5000171e (sz=24, trace=300000, class=java.lang.String@5000016e)
	value		50001832
OBJ 5000171f (sz=24, trace=300000, class=java.lang.String@5000016e)
	value		50001831
OBJ 50001720 (sz=48, trace=300000, class=java.util.HashMap@500000c6)
	table		50001ed9
OBJ 50001721 (sz=32, trace=300000, class=java.util.HashMap$Node@500000c4)
	key		500017c0
	value		500017bf
	next		500017be
OBJ 50001722 (sz=32, trace=300000, class=java.util.HashMap$Node@500000c4)
	key		500017b5
	value		500017b4
OBJ 50001723 (sz=32, trace=300000, class=java.util.HashMap$Node@500000c4)
	key		500017aa
	value		500017a9
OBJ 50001724 (sz=32, trace=300000, class=java.util.HashMap$Node@500000c4)
	key		50001799
	value		50001798
OBJ 50001725 (sz=32, trace=300000, class=java.util.HashMap$Node@500000c4)
	key		5000177f
	value		5000177e
OBJ 50001726 (sz=56, trace=300687, class=java.util.zip.ZipFile$ZipFileInputStream@5000055c)
	this$0		500004ec
OBJ 50001727 (sz=40, trace=300106, class=java.lang.ref.Finalizer@5000014d)
	referent	50001726
	queue		500003aa
	next		500016ca
	prev		5000178f
OBJ 50001728 (sz=32, trace=300000, class=java.util.HashMap$Node@500000c4)
	key		5000176c
	value		5000176b
	next		5000176a
OBJ 50001729 (sz=32, trace=300000, class=java.util.HashMap$Node@500000c4)
	key		50001760
	value		5000175f
OBJ 5000172a (sz=32, trace=300000, class=java.util.HashMap$Node@500000c4)
	key		50001755
	value		50001754
OBJ 5000172d (sz=16, trace=300157, class=java.lang.Object@50000172)
OBJ 5000172e (sz=32, trace=300000, class=java.util.HashMap$Node@500000c4)
	key		5000174c
	value		5000174b
OBJ 5000172f (sz=16, trace=300160, class=java.lang.Object@50000172)
OBJ 50001730 (sz=32, trace=300000, class=java.util.HashMap$Node@500000c4)
	key		50001739
	value		50001737
OBJ 50001731 (sz=16, trace=300157, class=java.lang.Object@50000172)
OBJ 50001732 (sz=32, trace=300159, class=java.util.concurrent.ConcurrentHashMap$Node@50000024)
	key		50000c53
	val		50001731
OBJ 50001733 (sz=16, trace=300160, class=java.lang.Object@50000172)
OBJ 50001734 (sz=32, trace=300159, class=java.util.concurrent.ConcurrentHashMap$Node@50000024)
	key		50000c53
	val		50001733
OBJ 50001736 (sz=16, trace=300157, class=java.lang.Object@50000172)
OBJ 50001737 (sz=24, trace=300000, class=sun.misc.MetaIndex@50000040)
	contents	50001741
OBJ 50001738 (sz=16, trace=300160, class=java.lang.Object@50000172)
OBJ 50001739 (sz=32, trace=300000, class=java.io.File@5000011b)
	path		5000173f
OBJ 5000173b (sz=16, trace=300157, class=java.lang.Object@50000172)
OBJ 5000173c (sz=32, trace=300683, class=java.util.concurrent.ConcurrentHashMap$Node@50000024)
	key		50000cbb
	val		5000173b
OBJ 5000173d (sz=16, trace=300160, class=java.lang.Object@50000172)
OBJ 5000173e (sz=32, trace=300683, class=java.util.concurrent.ConcurrentHashMap$Node@50000024)
	key		50000cbb
	val		5000173d
OBJ 5000173f (sz=24, trace=300000, class=java.lang.String@5000016e)
	value		50001740
ARR 50001740 (sz=118, trace=300000, nelems=59, elem type=char[])
ARR 50001741 (sz=24, trace=300000, nelems=2, elem type=java.lang.String[]@500000c8)
	[0]		50001742
	[1]		50001743
OBJ 50001742 (sz=24, trace=300000, class=java.lang.String@5000016e)
	value		5000174a
OBJ 50001743 (sz=24, trace=300000, class=java.lang.String@5000016e)
	value		50001744
ARR 50001744 (sz=16, trace=300000, nelems=8, elem type=char[])
OBJ 50001746 (sz=16, trace=300157, class=java.lang.Object@50000172)
OBJ 50001747 (sz=32, trace=300683, class=java.util.concurrent.ConcurrentHashMap$Node@50000024)
	key		50000d23
	val		50001746
OBJ 50001748 (sz=16, trace=300160, class=java.lang.Object@50000172)
OBJ 50001749 (sz=32, trace=300683, class=java.util.concurrent.ConcurrentHashMap$Node@50000024)
	key		50000d23
	val		50001748
ARR 5000174a (sz=16, trace=300000, nelems=8, elem type=char[])
OBJ 5000174b (sz=24, trace=300000, class=sun.misc.MetaIndex@50000040)
	contents	5000174f
OBJ 5000174c (sz=32, trace=300000, class=java.io.File@5000011b)
	path		5000174d
OBJ 5000174d (sz=24, trace=300000, class=java.lang.String@5000016e)
	value		5000174e
ARR 5000174e (sz=134, trace=300000, nelems=67, elem type=char[])
ARR 5000174f (sz=24, trace=300000, nelems=1, elem type=java.lang.String[]@500000c8)
	[0]		50001750
OBJ 50001750 (sz=24, trace=300000, class=java.lang.String@5000016e)
	value		50001751
ARR 50001751 (sz=54, trace=300000, nelems=27, elem type=char[])
ARR 50001752 (sz=32, trace=300000, nelems=3, elem type=java.lang.String[]@500000c8)
	[0]		50001ef2
	[1]		50001ef4
	[2]		50001ef6
ARR 50001753 (sz=152, trace=300000, nelems=33, elem type=java.lang.String[]@500000c8)
	[0]		50001f1c
	[1]		50001f1e
	[2]		50001f20
	[3]		50001f22
	[4]		50001f24
	[5]		50001f26
	[6]		50001f28
	[7]		50001f2a
	[8]		50001f2c
	[9]		50001f2e
	[10]		50001f30
	[11]		50001f33
	[12]		50001f35
	[13]		50001f37
	[14]		50001f39
	[15]		50001f3b
	[16]		50001f3e
	[17]		50001f40
	[18]		50001f42
	[19]		50001f44
	[20]		50001f46
	[21]		50001f48
	[22]		50001f4a
	[23]		50001f4d
	[24]		50001f4f
	[25]		50001f51
	[26]		50001f53
	[27]		50001f55
	[28]		50001f57
	[29]		50001f59
	[30]		50001f5b
	[31]		50001f5d
	[32]		50001f5f
OBJ 50001754 (sz=24, trace=300000, class=sun.misc.MetaIndex@50000040)
	contents	50001758
OBJ 50001755 (sz=32, trace=300000, class=java.io.File@5000011b)
	path		50001756
OBJ 50001756 (sz=24, trace=300000, class=java.lang.String@5000016e)
	value		50001757
ARR 50001757 (sz=120, trace=300000, nelems=60, elem type=char[])
ARR 50001758 (sz=32, trace=300000, nelems=3, elem type=java.lang.String[]@500000c8)
	[0]		50001759
	[1]		5000175a
	[2]		5000175b
OBJ 50001759 (sz=24, trace=300000, class=java.lang.String@5000016e)
	value		5000175e
OBJ 5000175a (sz=24, trace=300000, class=java.lang.String@5000016e)
	value		5000175d
OBJ 5000175b (sz=24, trace=300000, class=java.lang.String@5000016e)
	value		5000175c
ARR 5000175c (sz=40, trace=300000, nelems=20, elem type=char[])
ARR 5000175d (sz=42, trace=300000, nelems=21, elem type=char[])
ARR 5000175e (sz=24, trace=300000, nelems=12, elem type=char[])
OBJ 5000175f (sz=24, trace=300000, class=sun.misc.MetaIndex@50000040)
	contents	50001763
OBJ 50001760 (sz=32, trace=300000, class=java.io.File@5000011b)
	path		50001761
OBJ 50001761 (sz=24, trace=300000, class=java.lang.String@5000016e)
	value		50001762
ARR 50001762 (sz=120, trace=300000, nelems=60, elem type=char[])
ARR 50001763 (sz=32, trace=300000, nelems=3, elem type=java.lang.String[]@500000c8)
	[0]		50001764
	[1]		50001765
	[2]		50001766
OBJ 50001764 (sz=24, trace=300000, class=java.lang.String@5000016e)
	value		50001769
OBJ 50001765 (sz=24, trace=300000, class=java.lang.String@5000016e)
	value		50001768
OBJ 50001766 (sz=24, trace=300000, class=java.lang.String@5000016e)
	value		50001767
ARR 50001767 (sz=40, trace=300000, nelems=20, elem type=char[])
ARR 50001768 (sz=42, trace=300000, nelems=21, elem type=char[])
ARR 50001769 (sz=24, trace=300000, nelems=12, elem type=char[])
OBJ 5000176a (sz=32, trace=300000, class=java.util.HashMap$Node@500000c4)
	key		50001773
	value		50001772
OBJ 5000176b (sz=24, trace=300000, class=sun.misc.MetaIndex@50000040)
	contents	5000176f
OBJ 5000176c (sz=32, trace=300000, class=java.io.File@5000011b)
	path		5000176d
OBJ 5000176d (sz=24, trace=300000, class=java.lang.String@5000016e)
	value		5000176e
ARR 5000176e (sz=116, trace=300000, nelems=58, elem type=char[])
ARR 5000176f (sz=24, trace=300000, nelems=1, elem type=java.lang.String[]@500000c8)
	[0]		50001770
OBJ 50001770 (sz=24, trace=300000, class=java.lang.String@5000016e)
	value		50001771
ARR 50001771 (sz=54, trace=300000, nelems=27, elem type=char[])
OBJ 50001772 (sz=24, trace=300000, class=sun.misc.MetaIndex@50000040)
	contents	50001777
OBJ 50001773 (sz=32, trace=300000, class=java.io.File@5000011b)
	path		50001775
OBJ 50001774 (sz=56, trace=300687, class=java.util.zip.ZipFile$ZipFileInputStream@5000055c)
OBJ 50001775 (sz=24, trace=300000, class=java.lang.String@5000016e)
	value		50001776
ARR 50001776 (sz=112, trace=300000, nelems=56, elem type=char[])
ARR 50001777 (sz=32, trace=300000, nelems=3, elem type=java.lang.String[]@500000c8)
	[0]		50001778
	[1]		50001779
	[2]		5000177a
OBJ 50001778 (sz=24, trace=300000, class=java.lang.String@5000016e)
	value		5000177d
OBJ 50001779 (sz=24, trace=300000, class=java.lang.String@5000016e)
	value		5000177c
OBJ 5000177a (sz=24, trace=300000, class=java.lang.String@5000016e)
	value		5000177b
ARR 5000177b (sz=40, trace=300000, nelems=20, elem type=char[])
ARR 5000177c (sz=42, trace=300000, nelems=21, elem type=char[])
ARR 5000177d (sz=24, trace=300000, nelems=12, elem type=char[])
OBJ 5000177e (sz=24, trace=300000, class=sun.misc.MetaIndex@50000040)
	contents	50001791
OBJ 5000177f (sz=32, trace=300000, class=java.io.File@5000011b)
	path		5000178d
OBJ 50001781 (sz=16, trace=300157, class=java.lang.Object@50000172)
OBJ 50001782 (sz=32, trace=300683, class=java.util.concurrent.ConcurrentHashMap$Node@50000024)
	key		50000cee
	val		50001781
OBJ 50001783 (sz=16, trace=300160, class=java.lang.Object@50000172)
OBJ 50001784 (sz=32, trace=300683, class=java.util.concurrent.ConcurrentHashMap$Node@50000024)
	key		50000cee
	val		50001783
OBJ 50001785 (sz=16, trace=300157, class=java.lang.Object@50000172)
OBJ 50001786 (sz=32, trace=300159, class=java.util.concurrent.ConcurrentHashMap$Node@50000024)
	key		50000c17
	val		50001785
OBJ 50001787 (sz=16, trace=300160, class=java.lang.Object@50000172)
OBJ 50001788 (sz=32, trace=300159, class=java.util.concurrent.ConcurrentHashMap$Node@50000024)
	key		50000c17
	val		50001787
OBJ 50001789 (sz=16, trace=300157, class=java.lang.Object@50000172)
OBJ 5000178a (sz=32, trace=300159, class=java.util.concurrent.ConcurrentHashMap$Node@50000024)
	key		50000b4c
	val		50001789
OBJ 5000178b (sz=16, trace=300160, class=java.lang.Object@50000172)
OBJ 5000178c (sz=32, trace=300159, class=java.util.concurrent.ConcurrentHashMap$Node@50000024)
	key		50000b4c
	val		5000178b
OBJ 5000178d (sz=24, trace=300000, class=java.lang.String@5000016e)
	value		50001790
OBJ 5000178e (sz=56, trace=300687, class=java.util.zip.ZipFile$ZipFileInputStream@5000055c)
	this$0		500004ec
OBJ 5000178f (sz=40, trace=300106, class=java.lang.ref.Finalizer@5000014d)
	referent	5000178e
	queue		500003aa
	next		50001727
	prev		500017d9
ARR 50001790 (sz=122, trace=300000, nelems=61, elem type=char[])
ARR 50001791 (sz=24, trace=300000, nelems=2, elem type=java.lang.String[]@500000c8)
	[0]		50001792
	[1]		50001793
OBJ 50001792 (sz=24, trace=300000, class=java.lang.String@5000016e)
	value		50001795
OBJ 50001793 (sz=24, trace=300000, class=java.lang.String@5000016e)
	value		50001794
ARR 50001794 (sz=16, trace=300000, nelems=8, elem type=char[])
ARR 50001795 (sz=16, trace=300000, nelems=8, elem type=char[])
ARR 50001796 (sz=24, trace=300000, nelems=2, elem type=java.lang.String[]@500000c8)
	[0]		50001f06
	[1]		50001f08
ARR 50001797 (sz=168, trace=300000, nelems=37, elem type=java.lang.String[]@500000c8)
	[0]		50001f6f
	[1]		50001f71
	[2]		50001f73
	[3]		50001f75
	[4]		50001f77
	[5]		50001f79
	[6]		50001f7b
	[7]		50001f7d
	[8]		50001f7f
	[9]		50001f81
	[10]		50001f83
	[11]		50001f85
	[12]		50001f87
	[13]		50001f89
	[14]		50001f8b
	[15]		50001f8d
	[16]		50001f8f
	[17]		50001f91
	[18]		50001f93
	[19]		50001f95
	[20]		50001f97
	[21]		50001f99
	[22]		50001f9b
	[23]		50001f9d
	[24]		50001f9f
	[25]		50001fa1
	[26]		50001fa3
	[27]		50001fa5
	[28]		50001fa7
	[29]		50001fa9
	[30]		50001fab
	[31]		50001fad
	[32]		50001faf
	[33]		50001fb1
	[34]		50001fb4
	[35]		50001fb6
	[36]		50001fb8
OBJ 50001798 (sz=24, trace=300000, class=sun.misc.MetaIndex@50000040)
	contents	500017a1
OBJ 50001799 (sz=32, trace=300000, class=java.io.File@5000011b)
	path		5000179f
OBJ 5000179b (sz=16, trace=300157, class=java.lang.Object@50000172)
OBJ 5000179c (sz=32, trace=300159, class=java.util.concurrent.ConcurrentHashMap$Node@50000024)
	key		50000c08
	val		5000179b
OBJ 5000179d (sz=16, trace=300160, class=java.lang.Object@50000172)
OBJ 5000179e (sz=32, trace=300159, class=java.util.concurrent.ConcurrentHashMap$Node@50000024)
	key		50000c08
	val		5000179d
OBJ 5000179f (sz=24, trace=300000, class=java.lang.String@5000016e)
	value		500017a0
ARR 500017a0 (sz=132, trace=300000, nelems=66, elem type=char[])
ARR 500017a1 (sz=32, trace=300000, nelems=3, elem type=java.lang.String[]@500000c8)
	[0]		500017a2
	[1]		500017a3
	[2]		500017a4
OBJ 500017a2 (sz=24, trace=300000, class=java.lang.String@5000016e)
	value		500017a7
OBJ 500017a3 (sz=24, trace=300000, class=java.lang.String@5000016e)
	value		500017a6
OBJ 500017a4 (sz=24, trace=300000, class=java.lang.String@5000016e)
	value		500017a5
ARR 500017a5 (sz=40, trace=300000, nelems=20, elem type=char[])
ARR 500017a6 (sz=42, trace=300000, nelems=21, elem type=char[])
ARR 500017a7 (sz=30, trace=300000, nelems=15, elem type=char[])
ARR 500017a8 (sz=24, trace=300000, nelems=2, elem type=java.lang.String[]@500000c8)
	[0]		50001ec8
	[1]		50001ecb
OBJ 500017a9 (sz=24, trace=300000, class=sun.misc.MetaIndex@50000040)
	contents	500017ad
OBJ 500017aa (sz=32, trace=300000, class=java.io.File@5000011b)
	path		500017ab
OBJ 500017ab (sz=24, trace=300000, class=java.lang.String@5000016e)
	value		500017ac
ARR 500017ac (sz=116, trace=300000, nelems=58, elem type=char[])
ARR 500017ad (sz=32, trace=300000, nelems=3, elem type=java.lang.String[]@500000c8)
	[0]		500017ae
	[1]		500017af
	[2]		500017b0
OBJ 500017ae (sz=24, trace=300000, class=java.lang.String@5000016e)
	value		500017b3
OBJ 500017af (sz=24, trace=300000, class=java.lang.String@5000016e)
	value		500017b2
OBJ 500017b0 (sz=24, trace=300000, class=java.lang.String@5000016e)
	value		500017b1
ARR 500017b1 (sz=24, trace=300000, nelems=12, elem type=char[])
ARR 500017b2 (sz=100, trace=300000, nelems=50, elem type=char[])
ARR 500017b3 (sz=22, trace=300000, nelems=11, elem type=char[])
OBJ 500017b4 (sz=24, trace=300000, class=sun.misc.MetaIndex@50000040)
	contents	500017b8
OBJ 500017b5 (sz=32, trace=300000, class=java.io.File@5000011b)
	path		500017b6
OBJ 500017b6 (sz=24, trace=300000, class=java.lang.String@5000016e)
	value		500017b7
ARR 500017b7 (sz=112, trace=300000, nelems=56, elem type=char[])
ARR 500017b8 (sz=24, trace=300000, nelems=2, elem type=java.lang.String[]@500000c8)
	[0]		500017b9
	[1]		500017ba
OBJ 500017b9 (sz=24, trace=300000, class=java.lang.String@5000016e)
	value		500017bc
OBJ 500017ba (sz=24, trace=300000, class=java.lang.String@5000016e)
	value		500017bb
ARR 500017bb (sz=14, trace=300000, nelems=7, elem type=char[])
ARR 500017bc (sz=126, trace=300000, nelems=63, elem type=char[])
ARR 500017bd (sz=32, trace=300000, nelems=4, elem type=java.lang.String[]@500000c8)
	[0]		50001edc
	[1]		50001ede
	[2]		50001ee0
	[3]		50001ee2
OBJ 500017be (sz=32, trace=300000, class=java.util.HashMap$Node@500000c4)
	key		500017ca
	value		500017c9
OBJ 500017bf (sz=24, trace=300000, class=sun.misc.MetaIndex@50000040)
	contents	500017c4
OBJ 500017c0 (sz=32, trace=300000, class=java.io.File@5000011b)
	path		500017c1
OBJ 500017c1 (sz=24, trace=300000, class=java.lang.String@5000016e)
	value		500017c3
OBJ 500017c2 (sz=56, trace=300687, class=java.util.zip.ZipFile$ZipFileInputStream@5000055c)
ARR 500017c3 (sz=112, trace=300000, nelems=56, elem type=char[])
ARR 500017c4 (sz=24, trace=300000, nelems=2, elem type=java.lang.String[]@500000c8)
	[0]		500017c5
	[1]		500017c6
OBJ 500017c5 (sz=24, trace=300000, class=java.lang.String@5000016e)
	value		500017c8
OBJ 500017c6 (sz=24, trace=300000, class=java.lang.String@5000016e)
	value		500017c7
ARR 500017c7 (sz=24, trace=300000, nelems=12, elem type=char[])
ARR 500017c8 (sz=108, trace=300000, nelems=54, elem type=char[])
OBJ 500017c9 (sz=24, trace=300000, class=sun.misc.MetaIndex@50000040)
	contents	500017cd
OBJ 500017ca (sz=32, trace=300000, class=java.io.File@5000011b)
	path		500017cb
OBJ 500017cb (sz=24, trace=300000, class=java.lang.String@5000016e)
	value		500017cc
ARR 500017cc (sz=112, trace=300000, nelems=56, elem type=char[])
ARR 500017cd (sz=128, trace=300000, nelems=28, elem type=java.lang.String[]@500000c8)
	[0]		500017ce
	[1]		500017d0
	[2]		500017d2
	[3]		500017d3
	[4]		500017d4
	[5]		500017d5
	[6]		500017d6
	[7]		500017d7
	[8]		500017da
	[9]		500017db
	[10]		500017dc
	[11]		500017dd
	[12]		500017de
	[13]		500017df
	[14]		500017e0
	[15]		500017e1
	[16]		500017e2
	[17]		500017e3
	[18]		500017e9
	[19]		500017ea
	[20]		500017eb
	[21]		500017ec
	[22]		500017ed
	[23]		500017ee
	[24]		500017ef
	[25]		500017f0
	[26]		500017f1
	[27]		500017f2
OBJ 500017ce (sz=24, trace=300000, class=java.lang.String@5000016e)
	value		5000180f
OBJ 500017cf (sz=16, trace=300157, class=java.lang.Object@50000172)
OBJ 500017d0 (sz=24, trace=300000, class=java.lang.String@5000016e)
	value		5000180e
OBJ 500017d1 (sz=16, trace=300160, class=java.lang.Object@50000172)
OBJ 500017d2 (sz=24, trace=300000, class=java.lang.String@5000016e)
	value		5000180d
OBJ 500017d3 (sz=24, trace=300000, class=java.lang.String@5000016e)
	value		5000180c
OBJ 500017d4 (sz=24, trace=300000, class=java.lang.String@5000016e)
	value		5000180b
OBJ 500017d5 (sz=24, trace=300000, class=java.lang.String@5000016e)
	value		5000180a
OBJ 500017d6 (sz=24, trace=300000, class=java.lang.String@5000016e)
	value		50001809
OBJ 500017d7 (sz=24, trace=300000, class=java.lang.String@5000016e)
	value		50001807
OBJ 500017d8 (sz=56, trace=300687, class=java.util.zip.ZipFile$ZipFileInputStream@5000055c)
	this$0		500004ec
OBJ 500017d9 (sz=40, trace=300106, class=java.lang.ref.Finalizer@5000014d)
	referent	500017d8
	queue		500003aa
	next		5000178f
	prev		50001835
OBJ 500017da (sz=24, trace=300000, class=java.lang.String@5000016e)
	value		50001806
OBJ 500017db (sz=24, trace=300000, class=java.lang.String@5000016e)
	value		50001805
OBJ 500017dc (sz=24, trace=300000, class=java.lang.String@5000016e)
	value		50001804
OBJ 500017dd (sz=24, trace=300000, class=java.lang.String@5000016e)
	value		50001803
OBJ 500017de (sz=24, trace=300000, class=java.lang.String@5000016e)
	value		50001802
OBJ 500017df (sz=24, trace=300000, class=java.lang.String@5000016e)
	value		50001801
OBJ 500017e0 (sz=24, trace=300000, class=java.lang.String@5000016e)
	value		50001800
OBJ 500017e1 (sz=24, trace=300000, class=java.lang.String@5000016e)
	value		500017ff
OBJ 500017e2 (sz=24, trace=300000, class=java.lang.String@5000016e)
	value		500017fe
OBJ 500017e3 (sz=24, trace=300000, class=java.lang.String@5000016e)
	value		500017fd
OBJ 500017e5 (sz=16, trace=300157, class=java.lang.Object@50000172)
OBJ 500017e6 (sz=32, trace=300159, class=java.util.concurrent.ConcurrentHashMap$Node@50000024)
	key		50000c13
	val		500017e5
OBJ 500017e7 (sz=16, trace=300160, class=java.lang.Object@50000172)
OBJ 500017e8 (sz=32, trace=300159, class=java.util.concurrent.ConcurrentHashMap$Node@50000024)
	key		50000c13
	val		500017e7
OBJ 500017e9 (sz=24, trace=300000, class=java.lang.String@5000016e)
	value		500017fc
OBJ 500017ea (sz=24, trace=300000, class=java.lang.String@5000016e)
	value		500017fb
OBJ 500017eb (sz=24, trace=300000, class=java.lang.String@5000016e)
	value		500017fa
OBJ 500017ec (sz=24, trace=300000, class=java.lang.String@5000016e)
	value		500017f9
OBJ 500017ed (sz=24, trace=300000, class=java.lang.String@5000016e)
	value		500017f8
OBJ 500017ee (sz=24, trace=300000, class=java.lang.String@5000016e)
	value		500017f7
OBJ 500017ef (sz=24, trace=300000, class=java.lang.String@5000016e)
	value		500017f6
OBJ 500017f0 (sz=24, trace=300000, class=java.lang.String@5000016e)
	value		500017f5
OBJ 500017f1 (sz=24, trace=300000, class=java.lang.String@5000016e)
	value		500017f4
OBJ 500017f2 (sz=24, trace=300000, class=java.lang.String@5000016e)
	value		500017f3
ARR 500017f3 (sz=40, trace=300000, nelems=20, elem type=char[])
ARR 500017f4 (sz=24, trace=300000, nelems=12, elem type=char[])
ARR 500017f5 (sz=26, trace=300000, nelems=13, elem type=char[])
ARR 500017f6 (sz=26, trace=300000, nelems=13, elem type=char[])
ARR 500017f7 (sz=26, trace=300000, nelems=13, elem type=char[])
ARR 500017f8 (sz=32, trace=300000, nelems=16, elem type=char[])
ARR 500017f9 (sz=24, trace=300000, nelems=12, elem type=char[])
ARR 500017fa (sz=26, trace=300000, nelems=13, elem type=char[])
ARR 500017fb (sz=38, trace=300000, nelems=19, elem type=char[])
ARR 500017fc (sz=22, trace=300000, nelems=11, elem type=char[])
ARR 500017fd (sz=36, trace=300000, nelems=18, elem type=char[])
ARR 500017fe (sz=38, trace=300000, nelems=19, elem type=char[])
ARR 500017ff (sz=26, trace=300000, nelems=13, elem type=char[])
ARR 50001800 (sz=38, trace=300000, nelems=19, elem type=char[])
ARR 50001801 (sz=34, trace=300000, nelems=17, elem type=char[])
ARR 50001802 (sz=30, trace=300000, nelems=15, elem type=char[])
ARR 50001803 (sz=34, trace=300000, nelems=17, elem type=char[])
ARR 50001804 (sz=28, trace=300000, nelems=14, elem type=char[])
ARR 50001805 (sz=30, trace=300000, nelems=15, elem type=char[])
ARR 50001806 (sz=38, trace=300000, nelems=19, elem type=char[])
ARR 50001807 (sz=54, trace=300000, nelems=27, elem type=char[])
OBJ 50001808 (sz=56, trace=300687, class=java.util.zip.ZipFile$ZipFileInputStream@5000055c)
ARR 50001809 (sz=46, trace=300000, nelems=23, elem type=char[])
ARR 5000180a (sz=30, trace=300000, nelems=15, elem type=char[])
ARR 5000180b (sz=40, trace=300000, nelems=20, elem type=char[])
ARR 5000180c (sz=34, trace=300000, nelems=17, elem type=char[])
ARR 5000180d (sz=42, trace=300000, nelems=21, elem type=char[])
ARR 5000180e (sz=66, trace=300000, nelems=33, elem type=char[])
ARR 5000180f (sz=38, trace=300000, nelems=19, elem type=char[])
OBJ 50001810 (sz=24, trace=300000, class=java.lang.String@5000016e)
	value		5000182d
OBJ 50001811 (sz=24, trace=300000, class=java.lang.String@5000016e)
	value		5000182b
ARR 50001812 (sz=32, trace=300000, nelems=3, elem type=java.io.ObjectStreamField[]@500000fa)
	[0]		50001813
	[1]		50001814
	[2]		50001829
OBJ 50001813 (sz=40, trace=300000, class=java.io.ObjectStreamField@500000fc)
	name		50000d4c
	signature	5000182e
	type		50000179
OBJ 50001814 (sz=40, trace=300000, class=java.io.ObjectStreamField@500000fc)
	name		50001810
	signature	50000d51
	type		50000576
OBJ 50001817 (sz=16, trace=300157, class=java.lang.Object@50000172)
OBJ 50001818 (sz=32, trace=300159, class=java.util.concurrent.ConcurrentHashMap$Node@50000024)
	key		50000ae8
	val		50001817
	next		5000018d
OBJ 50001819 (sz=16, trace=300160, class=java.lang.Object@50000172)
OBJ 5000181a (sz=32, trace=300159, class=java.util.concurrent.ConcurrentHashMap$Node@50000024)
	key		50000ae8
	val		50001819
	next		500001aa
OBJ 5000181b (sz=16, trace=300157, class=java.lang.Object@50000172)
OBJ 5000181c (sz=32, trace=300159, class=java.util.concurrent.ConcurrentHashMap$Node@50000024)
	key		50000c4d
	val		5000181b
OBJ 5000181d (sz=16, trace=300160, class=java.lang.Object@50000172)
OBJ 5000181e (sz=32, trace=300159, class=java.util.concurrent.ConcurrentHashMap$Node@50000024)
	key		50000c4d
	val		5000181d
OBJ 50001820 (sz=16, trace=300157, class=java.lang.Object@50000172)
OBJ 50001821 (sz=32, trace=300159, class=java.util.concurrent.ConcurrentHashMap$Node@50000024)
	key		50000af6
	val		50001820
OBJ 50001822 (sz=16, trace=300160, class=java.lang.Object@50000172)
OBJ 50001823 (sz=32, trace=300159, class=java.util.concurrent.ConcurrentHashMap$Node@50000024)
	key		50000af6
	val		50001822
OBJ 50001825 (sz=16, trace=300157, class=java.lang.Object@50000172)
OBJ 50001826 (sz=32, trace=300159, class=java.util.concurrent.ConcurrentHashMap$Node@50000024)
	key		50000c06
	val		50001825
OBJ 50001827 (sz=16, trace=300160, class=java.lang.Object@50000172)
OBJ 50001828 (sz=32, trace=300159, class=java.util.concurrent.ConcurrentHashMap$Node@50000024)
	key		50000c06
	val		50001827
OBJ 50001829 (sz=40, trace=300000, class=java.io.ObjectStreamField@500000fc)
	name		50001811
	signature	5000182a
	type		5000057c
OBJ 5000182a (sz=24, trace=300000, class=java.lang.String@5000016e)
	value		5000182c
ARR 5000182b (sz=12, trace=300000, nelems=6, elem type=char[])
ARR 5000182c (sz=2, trace=300000, nelems=1, elem type=char[])
ARR 5000182d (sz=10, trace=300000, nelems=5, elem type=char[])
OBJ 5000182e (sz=24, trace=300000, class=java.lang.String@5000016e)
	value		5000182f
ARR 5000182f (sz=4, trace=300000, nelems=2, elem type=char[])
ARR 50001830 (sz=26, trace=300000, nelems=13, elem type=char[])
ARR 50001831 (sz=20, trace=300000, nelems=10, elem type=char[])
ARR 50001832 (sz=12, trace=300000, nelems=6, elem type=char[])
ARR 50001833 (sz=22, trace=300000, nelems=11, elem type=char[])
OBJ 50001834 (sz=56, trace=300687, class=java.util.zip.ZipFile$ZipFileInputStream@5000055c)
	this$0		500004ec
OBJ 50001835 (sz=40, trace=300106, class=java.lang.ref.Finalizer@5000014d)
	referent	50001834
	queue		500003aa
	next		500017d9
	prev		50001899
ARR 50001836 (sz=16, trace=300000, nelems=0, elem type=java.lang.Throwable[]@50000100)
OBJ 50001837 (sz=24, trace=300000, class=java.lang.String@5000016e)
	value		50001841
OBJ 50001838 (sz=24, trace=300000, class=java.lang.String@5000016e)
	value		50001840
OBJ 50001839 (sz=24, trace=300000, class=java.lang.String@5000016e)
	value		5000183f
OBJ 5000183a (sz=24, trace=300000, class=java.lang.String@5000016e)
	value		5000183e
OBJ 5000183b (sz=24, trace=300000, class=java.util.Collections$UnmodifiableRandomAccessList@500000d3)
	c		5000183d
	list		5000183d
ARR 5000183c (sz=16, trace=300000, nelems=0, elem type=java.lang.StackTraceElement[]@500000f4)
OBJ 5000183d (sz=24, trace=300000, class=java.util.ArrayList@500000dd)
	elementData	50000f59
ARR 5000183e (sz=66, trace=300000, nelems=33, elem type=char[])
ARR 5000183f (sz=60, trace=300000, nelems=30, elem type=char[])
ARR 50001840 (sz=22, trace=300000, nelems=11, elem type=char[])
ARR 50001841 (sz=24, trace=300000, nelems=12, elem type=char[])
ARR 50001842 (sz=4, trace=300000, nelems=2, elem type=char[])
OBJ 50001844 (sz=16, trace=300157, class=java.lang.Object@50000172)
OBJ 50001845 (sz=32, trace=300683, class=java.util.concurrent.ConcurrentHashMap$Node@50000024)
	key		50000b78
	val		50001844
OBJ 50001846 (sz=16, trace=300160, class=java.lang.Object@50000172)
OBJ 50001847 (sz=32, trace=300683, class=java.util.concurrent.ConcurrentHashMap$Node@50000024)
	key		50000b78
	val		50001846
ARR 50001848 (sz=80, trace=300000, nelems=40, elem type=char[])
ARR 50001849 (sz=76, trace=300000, nelems=38, elem type=char[])
ARR 5000184a (sz=54, trace=300000, nelems=27, elem type=char[])
ARR 5000184b (sz=62, trace=300000, nelems=31, elem type=char[])
ARR 5000184c (sz=98, trace=300000, nelems=49, elem type=char[])
ARR 5000184d (sz=24, trace=300000, nelems=12, elem type=char[])
OBJ 5000184e (sz=24, trace=300000, class=java.lang.String@5000016e)
	value		50001855
OBJ 5000184f (sz=24, trace=300000, class=java.lang.String@5000016e)
	value		50001854
OBJ 50001850 (sz=24, trace=300000, class=java.lang.String@5000016e)
	value		50001852
OBJ 50001851 (sz=24, trace=300000, class=java.lang.String@5000016e)
	value		50001853
ARR 50001852 (sz=26, trace=300000, nelems=13, elem type=char[])
ARR 50001853 (sz=10, trace=300000, nelems=5, elem type=char[])
ARR 50001854 (sz=12, trace=300000, nelems=6, elem type=char[])
ARR 50001855 (sz=6, trace=300000, nelems=3, elem type=char[])
OBJ 50001856 (sz=24, trace=300000, class=java.lang.String@5000016e)
	value		5000185a
ARR 50001857 (sz=22, trace=300000, nelems=11, elem type=char[])
ARR 50001858 (sz=2, trace=300000, nelems=1, elem type=char[])
ARR 50001859 (sz=8, trace=300000, nelems=4, elem type=char[])
ARR 5000185a (sz=26, trace=300000, nelems=13, elem type=char[])
OBJ 5000185b (sz=32, trace=300000, class=java.lang.ref.ReferenceQueue@5000014c)
	lock		5000185c
OBJ 5000185c (sz=16, trace=300000, class=java.lang.ref.ReferenceQueue$Lock@500000d1)
OBJ 5000185d (sz=24, trace=300000, class=java.lang.String@5000016e)
	value		5000185f
OBJ 5000185e (sz=56, trace=300687, class=java.util.zip.ZipFile$ZipFileInputStream@5000055c)
ARR 5000185f (sz=12, trace=300000, nelems=6, elem type=char[])
ARR 50001860 (sz=34, trace=300000, nelems=17, elem type=char[])
ARR 50001861 (sz=14, trace=300000, nelems=7, elem type=char[])
ARR 50001862 (sz=24, trace=300000, nelems=12, elem type=char[])
ARR 50001863 (sz=4, trace=300000, nelems=2, elem type=char[])
ARR 50001864 (sz=14, trace=300000, nelems=7, elem type=char[])
ARR 50001865 (sz=6, trace=300000, nelems=3, elem type=char[])
ARR 50001866 (sz=8, trace=300000, nelems=4, elem type=char[])
ARR 50001867 (sz=6, trace=300000, nelems=3, elem type=char[])
ARR 50001868 (sz=4, trace=300000, nelems=2, elem type=char[])
ARR 50001869 (sz=10, trace=300000, nelems=5, elem type=char[])
OBJ 5000186b (sz=16, trace=300157, class=java.lang.Object@50000172)
OBJ 5000186c (sz=32, trace=300159, class=java.util.concurrent.ConcurrentHashMap$Node@50000024)
	key		50000b50
	val		5000186b
OBJ 5000186d (sz=16, trace=300160, class=java.lang.Object@50000172)
OBJ 5000186e (sz=32, trace=300159, class=java.util.concurrent.ConcurrentHashMap$Node@50000024)
	key		50000b50
	val		5000186d
OBJ 50001870 (sz=16, trace=300157, class=java.lang.Object@50000172)
OBJ 50001871 (sz=32, trace=300159, class=java.util.concurrent.ConcurrentHashMap$Node@50000024)
	key		50000cf9
	val		50001870
OBJ 50001872 (sz=16, trace=300160, class=java.lang.Object@50000172)
OBJ 50001873 (sz=32, trace=300159, class=java.util.concurrent.ConcurrentHashMap$Node@50000024)
	key		50000cf9
	val		50001872
OBJ 50001875 (sz=16, trace=300157, class=java.lang.Object@50000172)
OBJ 50001876 (sz=32, trace=300683, class=java.util.concurrent.ConcurrentHashMap$Node@50000024)
	key		50000b45
	val		50001875
OBJ 50001877 (sz=16, trace=300160, class=java.lang.Object@50000172)
OBJ 50001878 (sz=32, trace=300683, class=java.util.concurrent.ConcurrentHashMap$Node@50000024)
	key		50000b45
	val		50001877
ARR 50001879 (sz=18, trace=300000, nelems=9, elem type=char[])
ARR 5000187a (sz=16, trace=300000, nelems=8, elem type=char[])
OBJ 5000187b (sz=24, trace=300000, class=java.lang.String@5000016e)
	value		5000187c
ARR 5000187c (sz=2, trace=300000, nelems=1, elem type=char[])
ARR 5000187d (sz=18, trace=300000, nelems=9, elem type=char[])
OBJ 5000187e (sz=40, trace=300000, class=java.io.ObjectStreamField@500000fc)
	name		50000ede
	signature	50001888
	type		5000016e
OBJ 5000187f (sz=40, trace=300000, class=java.io.ObjectStreamField@500000fc)
	name		50000edb
	signature	50001888
	type		5000016e
OBJ 50001880 (sz=40, trace=300000, class=java.io.ObjectStreamField@500000fc)
	name		50000edd
	signature	50000d51
	type		50000576
OBJ 50001881 (sz=40, trace=300000, class=java.io.ObjectStreamField@500000fc)
	name		50000ed8
	signature	50001888
	type		5000016e
OBJ 50001882 (sz=40, trace=300000, class=java.io.ObjectStreamField@500000fc)
	name		50000ed9
	signature	50001888
	type		5000016e
OBJ 50001883 (sz=40, trace=300000, class=java.io.ObjectStreamField@500000fc)
	name		50000edf
	signature	50001888
	type		5000016e
OBJ 50001884 (sz=40, trace=300000, class=java.io.ObjectStreamField@500000fc)
	name		50000eda
	signature	50000d51
	type		50000576
OBJ 50001885 (sz=24, trace=300369, class=java.lang.String@5000016e)
	value		50001886
ARR 50001886 (sz=52, trace=300370, nelems=26, elem type=char[])
ARR 50001887 (sz=16, trace=300000, nelems=8, elem type=char[])
OBJ 50001888 (sz=24, trace=300000, class=java.lang.String@5000016e)
	value		5000188a
ARR 50001889 (sz=6, trace=300000, nelems=3, elem type=char[])
ARR 5000188a (sz=36, trace=300000, nelems=18, elem type=char[])
ARR 5000188b (sz=18, trace=300000, nelems=9, elem type=char[])
ARR 5000188c (sz=8, trace=300000, nelems=4, elem type=char[])
ARR 5000188d (sz=8, trace=300000, nelems=4, elem type=char[])
ARR 5000188e (sz=16, trace=300000, nelems=8, elem type=char[])
ARR 5000188f (sz=2, trace=300000, nelems=1, elem type=char[])
ARR 50001890 (sz=8, trace=300000, nelems=4, elem type=char[])
ARR 50001891 (sz=16, trace=300000, nelems=8, elem type=char[])
OBJ 50001892 (sz=16, trace=300000, class=java.util.HashSet@50000005)
	map		50001895
OBJ 50001893 (sz=56, trace=300443, class=java.lang.Package@500005db)
	pkgName		50001885
	loader		500003b4
OBJ 50001894 (sz=32, trace=300221, class=java.util.HashMap$Node@500000c4)
	key		50001885
	value		50001893
OBJ 50001895 (sz=48, trace=300000, class=java.util.HashMap@500000c6)
OBJ 50001896 (sz=16, trace=300000, class=java.lang.Object@50000172)
ARR 50001897 (sz=56, trace=300000, nelems=0, elem type=java.lang.Object[]@50000108)
OBJ 50001898 (sz=56, trace=300687, class=java.util.zip.ZipFile$ZipFileInputStream@5000055c)
	this$0		500004ec
OBJ 50001899 (sz=40, trace=300106, class=java.lang.ref.Finalizer@5000014d)
	referent	50001898
	queue		500003aa
	next		50001835
	prev		500018ff
OBJ 5000189a (sz=16, trace=300000, class=sun.net.www.protocol.jar.Handler@50000003)
OBJ 5000189b (sz=48, trace=300000, class=java.util.HashMap@500000c6)
	table		5000028e
OBJ 5000189c (sz=24, trace=300000, class=java.util.ArrayList@500000dd)
	elementData	5000041f
OBJ 5000189d (sz=32, trace=300000, class=java.util.Stack@500000e2)
	elementData	500018de
OBJ 5000189e (sz=24, trace=300668, class=java.lang.String@5000016e)
	value		5000189f
ARR 5000189f (sz=52, trace=300669, nelems=26, elem type=char[])
OBJ 500018a0 (sz=32, trace=300671, class=java.util.concurrent.ConcurrentHashMap$Node@50000024)
	key		5000189e
	val		50000a87
OBJ 500018a1 (sz=24, trace=300000, class=java.util.ArrayList@500000dd)
	elementData	500018a2
ARR 500018a2 (sz=80, trace=300000, nelems=12, elem type=java.lang.Object[]@50000108)
	[0]		500018a3
	[1]		500018a4
	[2]		500018aa
	[3]		500018ab
	[4]		500018ac
	[5]		500018ad
	[6]		500018af
	[7]		500018b0
	[8]		500018b1
	[9]		500018b2
	[10]		500018b3
	[11]		500018b4
OBJ 500018a3 (sz=64, trace=300000, class=java.net.URL@50000119)
	protocol	50000ed9
	host		500005a0
	file		500018dc
	authority	500005a0
	path		500018dc
	handler		50000eed
OBJ 500018a4 (sz=64, trace=300000, class=java.net.URL@50000119)
	protocol	50000ed9
	host		500005a0
	file		500018da
	authority	500005a0
	path		500018da
	handler		50000eed
OBJ 500018a6 (sz=16, trace=300157, class=java.lang.Object@50000172)
OBJ 500018a7 (sz=32, trace=300159, class=java.util.concurrent.ConcurrentHashMap$Node@50000024)
	key		50000c75
	val		500018a6
OBJ 500018a8 (sz=16, trace=300160, class=java.lang.Object@50000172)
OBJ 500018a9 (sz=32, trace=300159, class=java.util.concurrent.ConcurrentHashMap$Node@50000024)
	key		50000c75
	val		500018a8
OBJ 500018aa (sz=64, trace=300000, class=java.net.URL@50000119)
	protocol	50000ed9
	host		500005a0
	file		500018d6
	authority	500005a0
	path		500018d6
	handler		50000eed
OBJ 500018ab (sz=64, trace=300000, class=java.net.URL@50000119)
	protocol	50000ed9
	host		500005a0
	file		500018d3
	authority	500005a0
	path		500018d3
	handler		50000eed
OBJ 500018ac (sz=64, trace=300000, class=java.net.URL@50000119)
	protocol	50000ed9
	host		500005a0
	file		500018ce
	authority	500005a0
	path		500018ce
	handler		50000eed
OBJ 500018ad (sz=64, trace=300000, class=java.net.URL@50000119)
	protocol	50000ed9
	host		500005a0
	file		500018cc
	authority	500005a0
	path		500018cc
	handler		50000eed
OBJ 500018ae (sz=56, trace=300687, class=java.util.zip.ZipFile$ZipFileInputStream@5000055c)
OBJ 500018af (sz=64, trace=300000, class=java.net.URL@50000119)
	protocol	50000ed9
	host		500005a0
	file		500018c6
	authority	500005a0
	path		500018c6
	handler		50000eed
OBJ 500018b0 (sz=64, trace=300000, class=java.net.URL@50000119)
	protocol	50000ed9
	host		500005a0
	file		500018c1
	authority	500005a0
	path		500018c1
	handler		50000eed
OBJ 500018b1 (sz=64, trace=300000, class=java.net.URL@50000119)
	protocol	50000ed9
	host		500005a0
	file		500018be
	authority	500005a0
	path		500018be
	handler		50000eed
OBJ 500018b2 (sz=64, trace=300000, class=java.net.URL@50000119)
	protocol	50000ed9
	host		500005a0
	file		500018b9
	authority	500005a0
	path		500018b9
	handler		50000eed
OBJ 500018b3 (sz=64, trace=300000, class=java.net.URL@50000119)
	protocol	50000ed9
	host		500005a0
	file		500018b7
	authority	500005a0
	path		500018b7
	handler		50000eed
OBJ 500018b4 (sz=64, trace=300000, class=java.net.URL@50000119)
	protocol	50000ed9
	host		500005a0
	file		500018b5
	authority	500005a0
	path		500018b5
	handler		50000eed
OBJ 500018b5 (sz=24, trace=300000, class=java.lang.String@5000016e)
	value		500018b6
ARR 500018b6 (sz=118, trace=300000, nelems=59, elem type=char[])
OBJ 500018b7 (sz=24, trace=300000, class=java.lang.String@5000016e)
	value		500018b8
ARR 500018b8 (sz=126, trace=300000, nelems=63, elem type=char[])
OBJ 500018b9 (sz=24, trace=300000, class=java.lang.String@5000016e)
	value		500018bd
OBJ 500018bb (sz=16, trace=300157, class=java.lang.Object@50000172)
OBJ 500018bc (sz=32, trace=300683, class=java.util.concurrent.ConcurrentHashMap$Node@50000024)
	key		50000b99
	val		500018bb
	next		50000fff
ARR 500018bd (sz=126, trace=300000, nelems=63, elem type=char[])
OBJ 500018be (sz=24, trace=300000, class=java.lang.String@5000016e)
	value		500018bf
ARR 500018bf (sz=138, trace=300000, nelems=69, elem type=char[])
OBJ 500018c0 (sz=32, trace=300695, class=java.util.concurrent.ConcurrentHashMap$Node@50000024)
	key		50000c37
	val		5000084c
OBJ 500018c1 (sz=24, trace=300000, class=java.lang.String@5000016e)
	value		500018c4
OBJ 500018c2 (sz=32, trace=300695, class=java.util.concurrent.ConcurrentHashMap$Node@50000024)
	key		50000adf
	val		50001178
OBJ 500018c3 (sz=32, trace=300695, class=java.util.concurrent.ConcurrentHashMap$Node@50000024)
	key		50000af2
	val		500015fb
ARR 500018c4 (sz=118, trace=300000, nelems=59, elem type=char[])
OBJ 500018c5 (sz=32, trace=300696, class=java.util.concurrent.ConcurrentHashMap$Node@50000024)
	key		50000bcc
	val		50000a12
OBJ 500018c6 (sz=24, trace=300000, class=java.lang.String@5000016e)
	value		500018c7
ARR 500018c7 (sz=122, trace=300000, nelems=61, elem type=char[])
OBJ 500018c8 (sz=32, trace=300696, class=java.util.concurrent.ConcurrentHashMap$Node@50000024)
	key		50000bf4
	val		5000085f
OBJ 500018c9 (sz=32, trace=300695, class=java.util.concurrent.ConcurrentHashMap$Node@50000024)
	key		50000b60
	val		50000a68
OBJ 500018ca (sz=16, trace=300160, class=java.lang.Object@50000172)
OBJ 500018cb (sz=32, trace=300683, class=java.util.concurrent.ConcurrentHashMap$Node@50000024)
	key		50000b99
	val		500018ca
	next		50001001
OBJ 500018cc (sz=24, trace=300000, class=java.lang.String@5000016e)
	value		500018cd
ARR 500018cd (sz=128, trace=300000, nelems=64, elem type=char[])
OBJ 500018ce (sz=24, trace=300000, class=java.lang.String@5000016e)
	value		500018d0
OBJ 500018cf (sz=32, trace=300695, class=java.util.concurrent.ConcurrentHashMap$Node@50000024)
	key		50000c37
	val		5000084e
ARR 500018d0 (sz=118, trace=300000, nelems=59, elem type=char[])
OBJ 500018d1 (sz=32, trace=300695, class=java.util.concurrent.ConcurrentHashMap$Node@50000024)
	key		50000adf
	val		5000117a
OBJ 500018d2 (sz=32, trace=300695, class=java.util.concurrent.ConcurrentHashMap$Node@50000024)
	key		50000af2
	val		500015fd
OBJ 500018d3 (sz=24, trace=300000, class=java.lang.String@5000016e)
	value		500018d5
OBJ 500018d4 (sz=32, trace=300696, class=java.util.concurrent.ConcurrentHashMap$Node@50000024)
	key		50000bcc
	val		50000a14
ARR 500018d5 (sz=122, trace=300000, nelems=61, elem type=char[])
OBJ 500018d6 (sz=24, trace=300000, class=java.lang.String@5000016e)
	value		500018d9
OBJ 500018d7 (sz=32, trace=300696, class=java.util.concurrent.ConcurrentHashMap$Node@50000024)
	key		50000bf4
	val		50000861
OBJ 500018d8 (sz=32, trace=300695, class=java.util.concurrent.ConcurrentHashMap$Node@50000024)
	key		50000b60
	val		50000a6a
ARR 500018d9 (sz=118, trace=300000, nelems=59, elem type=char[])
OBJ 500018da (sz=24, trace=300000, class=java.lang.String@5000016e)
	value		500018db
ARR 500018db (sz=124, trace=300000, nelems=62, elem type=char[])
OBJ 500018dc (sz=24, trace=300000, class=java.lang.String@5000016e)
	value		500018dd
ARR 500018dd (sz=140, trace=300000, nelems=70, elem type=char[])
ARR 500018de (sz=96, trace=300000, nelems=0, elem type=java.lang.Object[]@50000108)
OBJ 500018df (sz=24, trace=300000, class=java.lang.String@5000016e)
	value		500018e0
ARR 500018e0 (sz=8, trace=300000, nelems=4, elem type=char[])
OBJ 500018e1 (sz=32, trace=300000, class=java.lang.ref.ReferenceQueue@5000014c)
	lock		500018e3
ARR 500018e2 (sz=80, trace=300000, nelems=0, elem type=java.util.WeakHashMap$Entry[]@50000048)
OBJ 500018e3 (sz=16, trace=300000, class=java.lang.ref.ReferenceQueue$Lock@500000d1)
OBJ 500018e4 (sz=24, trace=300000, class=java.lang.String@5000016e)
	value		500018ee
OBJ 500018e5 (sz=24, trace=300000, class=java.lang.String@5000016e)
	value		500018ed
OBJ 500018e6 (sz=24, trace=300000, class=java.lang.String@5000016e)
	value		500018ec
OBJ 500018e7 (sz=16, trace=300000, class=sun.misc.Launcher@50000117)
	loader		500003b4
OBJ 500018e8 (sz=16, trace=300000, class=sun.misc.Launcher$Factory@5000004e)
OBJ 500018e9 (sz=24, trace=300000, class=java.lang.String@5000016e)
	value		500018ea
ARR 500018ea (sz=30, trace=300000, nelems=15, elem type=char[])
ARR 500018eb (sz=12, trace=300000, nelems=6, elem type=char[])
ARR 500018ec (sz=38, trace=300000, nelems=19, elem type=char[])
ARR 500018ed (sz=42, trace=300000, nelems=21, elem type=char[])
ARR 500018ee (sz=26, trace=300000, nelems=13, elem type=char[])
OBJ 500018ef (sz=24, trace=300000, class=java.lang.String@5000016e)
	value		500018f8
OBJ 500018f0 (sz=24, trace=300000, class=java.lang.String@5000016e)
	value		500018f6
OBJ 500018f1 (sz=24, trace=300000, class=java.lang.String@5000016e)
	value		500018f5
OBJ 500018f2 (sz=24, trace=300000, class=java.lang.String@5000016e)
	value		500018f4
OBJ 500018f3 (sz=24, trace=300000, class=java.lang.String@5000016e)
	value		500018f7
ARR 500018f4 (sz=4, trace=300000, nelems=2, elem type=char[])
ARR 500018f5 (sz=10, trace=300000, nelems=5, elem type=char[])
ARR 500018f6 (sz=12, trace=300000, nelems=6, elem type=char[])
ARR 500018f7 (sz=12, trace=300000, nelems=6, elem type=char[])
ARR 500018f8 (sz=16, trace=300000, nelems=8, elem type=char[])
OBJ 500018f9 (sz=64, trace=300000, class=java.net.URL@50000119)
	protocol	50000ed9
	host		500005a0
	file		500018fa
	authority	500005a0
	path		500018fa
	handler		50000eed
OBJ 500018fa (sz=24, trace=300000, class=java.lang.String@5000016e)
	value		500018fb
ARR 500018fb (sz=102, trace=300000, nelems=51, elem type=char[])
ARR 500018fc (sz=16, trace=300000, nelems=8, elem type=char[])
ARR 500018fd (sz=14, trace=300000, nelems=7, elem type=char[])
OBJ 500018fe (sz=56, trace=300687, class=java.util.zip.ZipFile$ZipFileInputStream@5000055c)
	this$0		500004ec
OBJ 500018ff (sz=40, trace=300106, class=java.lang.ref.Finalizer@5000014d)
	referent	500018fe
	queue		500003aa
	next		50001899
	prev		5000194c
OBJ 50001900 (sz=24, trace=300000, class=java.lang.String@5000016e)
	value		500029d0
OBJ 50001901 (sz=24, trace=300000, class=java.lang.String@5000016e)
	value		50002978
OBJ 50001902 (sz=24, trace=300000, class=java.lang.String@5000016e)
	value		500029e8
OBJ 50001903 (sz=24, trace=300000, class=java.lang.String@5000016e)
	value		500029b2
OBJ 50001904 (sz=24, trace=300000, class=java.lang.String@5000016e)
	value		500029a8
OBJ 50001905 (sz=24, trace=300000, class=java.lang.String@5000016e)
	value		500029d6
OBJ 50001906 (sz=24, trace=300000, class=java.lang.String@5000016e)
	value		50002a10
OBJ 50001907 (sz=24, trace=300000, class=java.lang.String@5000016e)
	value		500029fe
OBJ 50001908 (sz=24, trace=300000, class=java.lang.String@5000016e)
	value		500029d4
OBJ 50001909 (sz=24, trace=300000, class=java.lang.String@5000016e)
	value		50002964
OBJ 5000190b (sz=16, trace=300157, class=java.lang.Object@50000172)
OBJ 5000190c (sz=32, trace=300159, class=java.util.concurrent.ConcurrentHashMap$Node@50000024)
	key		50000cc5
	val		5000190b
OBJ 5000190d (sz=16, trace=300160, class=java.lang.Object@50000172)
OBJ 5000190e (sz=56, trace=300687, class=java.util.zip.ZipFile$ZipFileInputStream@5000055c)
OBJ 5000190f (sz=24, trace=300000, class=java.lang.String@5000016e)
	value		50002968
OBJ 50001910 (sz=32, trace=300159, class=java.util.concurrent.ConcurrentHashMap$Node@50000024)
	key		50000cc5
	val		5000190d
OBJ 50001911 (sz=24, trace=300000, class=java.lang.String@5000016e)
	value		500029ec
OBJ 50001912 (sz=24, trace=300000, class=java.lang.String@5000016e)
	value		5000298e
OBJ 50001913 (sz=24, trace=300000, class=java.lang.String@5000016e)
	value		500029de
OBJ 50001914 (sz=24, trace=300000, class=java.lang.String@5000016e)
	value		500029c6
OBJ 50001915 (sz=24, trace=300000, class=java.lang.String@5000016e)
	value		50002974
OBJ 50001916 (sz=24, trace=300000, class=java.lang.String@5000016e)
	value		50002994
OBJ 50001917 (sz=24, trace=300000, class=java.lang.String@5000016e)
	value		5000298c
OBJ 50001918 (sz=24, trace=300000, class=java.lang.String@5000016e)
	value		500029d2
OBJ 50001919 (sz=24, trace=300000, class=java.lang.String@5000016e)
	value		500029aa
OBJ 5000191b (sz=16, trace=300157, class=java.lang.Object@50000172)
OBJ 5000191c (sz=24, trace=300000, class=java.lang.String@5000016e)
	value		50002960
OBJ 5000191d (sz=16, trace=300160, class=java.lang.Object@50000172)
OBJ 5000191e (sz=24, trace=300000, class=java.lang.String@5000016e)
	value		500029be
OBJ 5000191f (sz=24, trace=300000, class=java.lang.String@5000016e)
	value		500029ea
OBJ 50001920 (sz=24, trace=300000, class=java.lang.String@5000016e)
	value		500029c4
OBJ 50001921 (sz=24, trace=300000, class=java.lang.String@5000016e)
	value		500029da
OBJ 50001922 (sz=24, trace=300000, class=java.lang.String@5000016e)
	value		500029b6
OBJ 50001923 (sz=24, trace=300000, class=java.lang.String@5000016e)
	value		5000296c
OBJ 50001924 (sz=24, trace=300000, class=java.lang.String@5000016e)
	value		50002998
OBJ 50001925 (sz=24, trace=300000, class=java.lang.String@5000016e)
	value		500029ae
OBJ 50001926 (sz=24, trace=300000, class=java.lang.String@5000016e)
	value		50002a12
OBJ 50001927 (sz=24, trace=300000, class=java.lang.String@5000016e)
	value		500029c8
OBJ 50001928 (sz=24, trace=300000, class=java.lang.String@5000016e)
	value		500029a4
OBJ 50001929 (sz=24, trace=300000, class=java.lang.String@5000016e)
	value		500029bc
OBJ 5000192a (sz=24, trace=300000, class=java.lang.String@5000016e)
	value		5000299e
OBJ 5000192b (sz=24, trace=300000, class=java.lang.String@5000016e)
	value		500029e4
OBJ 5000192c (sz=24, trace=300000, class=java.lang.String@5000016e)
	value		50002953
OBJ 5000192d (sz=24, trace=300000, class=java.lang.String@5000016e)
	value		500029ca
OBJ 5000192e (sz=24, trace=300000, class=java.lang.String@5000016e)
	value		500029ee
OBJ 5000192f (sz=24, trace=300000, class=java.lang.String@5000016e)
	value		500029ce
OBJ 50001930 (sz=24, trace=300000, class=java.lang.String@5000016e)
	value		5000295b
OBJ 50001931 (sz=24, trace=300000, class=java.lang.String@5000016e)
	value		500029e6
OBJ 50001932 (sz=24, trace=300000, class=java.lang.String@5000016e)
	value		500029ba
OBJ 50001933 (sz=24, trace=300000, class=java.lang.String@5000016e)
	value		5000297e
OBJ 50001934 (sz=24, trace=300000, class=java.lang.String@5000016e)
	value		500029f6
OBJ 50001935 (sz=24, trace=300000, class=java.lang.String@5000016e)
	value		500029b4
OBJ 50001936 (sz=24, trace=300000, class=java.lang.String@5000016e)
	value		50002a08
OBJ 50001937 (sz=24, trace=300000, class=java.lang.String@5000016e)
	value		50002966
OBJ 50001938 (sz=24, trace=300000, class=java.lang.String@5000016e)
	value		500029f2
OBJ 50001939 (sz=24, trace=300000, class=java.lang.String@5000016e)
	value		5000297c
OBJ 5000193a (sz=24, trace=300000, class=java.lang.String@5000016e)
	value		500029ac
OBJ 5000193b (sz=24, trace=300000, class=java.lang.String@5000016e)
	value		50002955
OBJ 5000193c (sz=24, trace=300000, class=java.lang.String@5000016e)
	value		5000295d
OBJ 5000193d (sz=24, trace=300000, class=java.lang.String@5000016e)
	value		500029fa
OBJ 5000193e (sz=24, trace=300000, class=java.lang.String@5000016e)
	value		5000297a
OBJ 5000193f (sz=24, trace=300000, class=java.lang.String@5000016e)
	value		500029c0
OBJ 50001940 (sz=24, trace=300000, class=java.lang.String@5000016e)
	value		500029b8
OBJ 50001941 (sz=24, trace=300000, class=java.lang.String@5000016e)
	value		500029a2
OBJ 50001942 (sz=24, trace=300000, class=java.lang.String@5000016e)
	value		50002984
OBJ 50001943 (sz=24, trace=300000, class=java.lang.String@5000016e)
	value		50002982
OBJ 50001944 (sz=24, trace=300000, class=java.lang.String@5000016e)
	value		50002980
OBJ 50001945 (sz=24, trace=300000, class=java.lang.String@5000016e)
	value		50002992
OBJ 50001946 (sz=24, trace=300000, class=java.lang.String@5000016e)
	value		500029e0
OBJ 50001947 (sz=24, trace=300000, class=java.lang.String@5000016e)
	value		500029c2
OBJ 50001948 (sz=24, trace=300000, class=java.lang.String@5000016e)
	value		500029f4
OBJ 50001949 (sz=24, trace=300000, class=java.lang.String@5000016e)
	value		50002962
OBJ 5000194a (sz=24, trace=300000, class=java.lang.String@5000016e)
	value		50002a06
OBJ 5000194b (sz=56, trace=300687, class=java.util.zip.ZipFile$ZipFileInputStream@5000055c)
	this$0		500004ec
OBJ 5000194c (sz=40, trace=300106, class=java.lang.ref.Finalizer@5000014d)
	referent	5000194b
	queue		500003aa
	next		500018ff
	prev		5000199e
OBJ 5000194d (sz=24, trace=300000, class=java.lang.String@5000016e)
	value		50002990
OBJ 5000194e (sz=24, trace=300000, class=java.lang.String@5000016e)
	value		50002a0e
OBJ 5000194f (sz=24, trace=300000, class=java.lang.String@5000016e)
	value		500029f8
OBJ 50001950 (sz=24, trace=300000, class=java.lang.String@5000016e)
	value		500029cc
OBJ 50001951 (sz=24, trace=300000, class=java.lang.String@5000016e)
	value		5000296a
OBJ 50001952 (sz=24, trace=300000, class=java.lang.String@5000016e)
	value		50002972
OBJ 50001953 (sz=24, trace=300000, class=java.lang.String@5000016e)
	value		500029b0
OBJ 50001954 (sz=56, trace=300687, class=java.util.zip.ZipFile$ZipFileInputStream@5000055c)
OBJ 50001955 (sz=24, trace=300000, class=java.lang.String@5000016e)
	value		50002986
OBJ 50001956 (sz=24, trace=300000, class=java.lang.String@5000016e)
	value		500029fc
OBJ 50001957 (sz=24, trace=300000, class=java.lang.String@5000016e)
	value		50002996
OBJ 50001958 (sz=24, trace=300000, class=java.lang.String@5000016e)
	value		50002a0c
OBJ 50001959 (sz=24, trace=300000, class=java.lang.String@5000016e)
	value		50002988
OBJ 5000195a (sz=24, trace=300000, class=java.lang.String@5000016e)
	value		5000294f
OBJ 5000195b (sz=16, trace=300157, class=java.lang.Object@50000172)
OBJ 5000195c (sz=32, trace=300159, class=java.util.concurrent.ConcurrentHashMap$Node@50000024)
	key		50000c4b
	val		5000195b
OBJ 5000195d (sz=16, trace=300160, class=java.lang.Object@50000172)
OBJ 5000195e (sz=32, trace=300159, class=java.util.concurrent.ConcurrentHashMap$Node@50000024)
	key		50000c4b
	val		5000195d
OBJ 5000195f (sz=24, trace=300000, class=java.lang.String@5000016e)
	value		50002a02
OBJ 50001960 (sz=24, trace=300000, class=java.lang.String@5000016e)
	value		50002a00
OBJ 50001961 (sz=16, trace=300157, class=java.lang.Object@50000172)
OBJ 50001962 (sz=24, trace=300000, class=java.lang.String@5000016e)
	value		500029a0
OBJ 50001963 (sz=16, trace=300160, class=java.lang.Object@50000172)
OBJ 50001964 (sz=24, trace=300000, class=java.lang.String@5000016e)
	value		50002a0a
OBJ 50001966 (sz=16, trace=300157, class=java.lang.Object@50000172)
OBJ 50001967 (sz=24, trace=300000, class=java.lang.String@5000016e)
	value		5000299c
OBJ 50001968 (sz=16, trace=300160, class=java.lang.Object@50000172)
OBJ 50001969 (sz=24, trace=300000, class=java.lang.String@5000016e)
	value		50002976
OBJ 5000196a (sz=24, trace=300000, class=java.lang.String@5000016e)
	value		500029f0
OBJ 5000196b (sz=24, trace=300000, class=java.lang.String@5000016e)
	value		5000294e
OBJ 5000196c (sz=24, trace=300000, class=java.lang.String@5000016e)
	value		500029fd
OBJ 5000196d (sz=24, trace=300000, class=java.lang.String@5000016e)
	value		50002a01
OBJ 5000196e (sz=24, trace=300000, class=java.lang.String@5000016e)
	value		50002a03
OBJ 5000196f (sz=24, trace=300000, class=java.lang.String@5000016e)
	value		500029d7
OBJ 50001970 (sz=24, trace=300000, class=java.lang.String@5000016e)
	value		500029ff
OBJ 50001971 (sz=24, trace=300000, class=java.lang.String@5000016e)
	value		5000296d
OBJ 50001972 (sz=24, trace=300000, class=java.lang.String@5000016e)
	value		5000299f
OBJ 50001973 (sz=24, trace=300000, class=java.lang.String@5000016e)
	value		50002a09
OBJ 50001974 (sz=24, trace=300000, class=java.lang.String@5000016e)
	value		5000299b
OBJ 50001975 (sz=24, trace=300000, class=java.lang.String@5000016e)
	value		50002975
OBJ 50001976 (sz=24, trace=300000, class=java.lang.String@5000016e)
	value		500029ef
OBJ 50001977 (sz=24, trace=300000, class=java.lang.String@5000016e)
	value		50002958
OBJ 50001978 (sz=24, trace=300000, class=java.lang.String@5000016e)
	value		5000296f
OBJ 50001979 (sz=24, trace=300000, class=java.lang.String@5000016e)
	value		50002999
OBJ 5000197a (sz=24, trace=300000, class=java.lang.String@5000016e)
	value		50002950
OBJ 5000197b (sz=24, trace=300000, class=java.lang.String@5000016e)
	value		500029e1
OBJ 5000197c (sz=24, trace=300000, class=java.lang.String@5000016e)
	value		5000295f
OBJ 5000197d (sz=24, trace=300000, class=java.lang.String@5000016e)
	value		500029e7
OBJ 5000197e (sz=24, trace=300000, class=java.lang.String@5000016e)
	value		50002956
OBJ 5000197f (sz=24, trace=300000, class=java.lang.String@5000016e)
	value		500029cf
OBJ 50001980 (sz=24, trace=300000, class=java.lang.String@5000016e)
	value		50002977
OBJ 50001981 (sz=24, trace=300000, class=java.lang.String@5000016e)
	value		500029b1
OBJ 50001982 (sz=24, trace=300000, class=java.lang.String@5000016e)
	value		50002995
OBJ 50001983 (sz=24, trace=300000, class=java.lang.String@5000016e)
	value		50002a0b
OBJ 50001984 (sz=24, trace=300000, class=java.lang.String@5000016e)
	value		500029fb
OBJ 50001985 (sz=24, trace=300000, class=java.lang.String@5000016e)
	value		500029ed
OBJ 50001986 (sz=24, trace=300000, class=java.lang.String@5000016e)
	value		500029bf
OBJ 50001987 (sz=24, trace=300000, class=java.lang.String@5000016e)
	value		500029f5
OBJ 50001988 (sz=24, trace=300000, class=java.lang.String@5000016e)
	value		50002985
OBJ 50001989 (sz=24, trace=300000, class=java.lang.String@5000016e)
	value		50002a07
OBJ 5000198a (sz=24, trace=300000, class=java.lang.String@5000016e)
	value		500029bd
OBJ 5000198b (sz=24, trace=300000, class=java.lang.String@5000016e)
	value		500029b3
OBJ 5000198c (sz=24, trace=300000, class=java.lang.String@5000016e)
	value		50002997
OBJ 5000198d (sz=24, trace=300000, class=java.lang.String@5000016e)
	value		500029a7
OBJ 5000198e (sz=24, trace=300000, class=java.lang.String@5000016e)
	value		50002a0f
OBJ 5000198f (sz=24, trace=300000, class=java.lang.String@5000016e)
	value		500029ad
OBJ 50001990 (sz=24, trace=300000, class=java.lang.String@5000016e)
	value		5000296b
OBJ 50001991 (sz=24, trace=300000, class=java.lang.String@5000016e)
	value		500029b7
OBJ 50001992 (sz=24, trace=300000, class=java.lang.String@5000016e)
	value		50002963
OBJ 50001993 (sz=24, trace=300000, class=java.lang.String@5000016e)
	value		500029d3
OBJ 50001994 (sz=24, trace=300000, class=java.lang.String@5000016e)
	value		50002967
OBJ 50001995 (sz=24, trace=300000, class=java.lang.String@5000016e)
	value		500029eb
OBJ 50001996 (sz=24, trace=300000, class=java.lang.String@5000016e)
	value		5000298d
OBJ 50001997 (sz=24, trace=300000, class=java.lang.String@5000016e)
	value		500029dd
OBJ 50001998 (sz=24, trace=300000, class=java.lang.String@5000016e)
	value		500029c5
OBJ 50001999 (sz=24, trace=300000, class=java.lang.String@5000016e)
	value		50002a13
OBJ 5000199a (sz=24, trace=300000, class=java.lang.String@5000016e)
	value		50002973
OBJ 5000199b (sz=24, trace=300000, class=java.lang.String@5000016e)
	value		50002993
OBJ 5000199c (sz=24, trace=300000, class=java.lang.String@5000016e)
	value		5000298b
OBJ 5000199d (sz=56, trace=300687, class=java.util.zip.ZipFile$ZipFileInputStream@5000055c)
	this$0		500004ec
OBJ 5000199e (sz=40, trace=300106, class=java.lang.ref.Finalizer@5000014d)
	referent	5000199d
	queue		500003aa
	next		5000194c
	prev		500019fb
OBJ 5000199f (sz=56, trace=300687, class=java.util.zip.ZipFile$ZipFileInputStream@5000055c)
OBJ 500019a0 (sz=24, trace=300000, class=java.lang.String@5000016e)
	value		500029d5
OBJ 500019a1 (sz=24, trace=300000, class=java.lang.String@5000016e)
	value		500029d1
OBJ 500019a2 (sz=24, trace=300000, class=java.lang.String@5000016e)
	value		500029a9
OBJ 500019a3 (sz=24, trace=300000, class=java.lang.String@5000016e)
	value		500029e5
OBJ 500019a4 (sz=24, trace=300000, class=java.lang.String@5000016e)
	value		5000298f
OBJ 500019a5 (sz=24, trace=300000, class=java.lang.String@5000016e)
	value		50002a0d
OBJ 500019a6 (sz=24, trace=300000, class=java.lang.String@5000016e)
	value		5000295a
OBJ 500019a7 (sz=24, trace=300000, class=java.lang.String@5000016e)
	value		5000297f
OBJ 500019a8 (sz=24, trace=300000, class=java.lang.String@5000016e)
	value		500029c1
OBJ 500019a9 (sz=24, trace=300000, class=java.lang.String@5000016e)
	value		500029b9
OBJ 500019aa (sz=24, trace=300000, class=java.lang.String@5000016e)
	value		5000297d
OBJ 500019ab (sz=16, trace=300157, class=java.lang.Object@50000172)
OBJ 500019ad (sz=16, trace=300157, class=java.lang.Object@50000172)
OBJ 500019ae (sz=32, trace=300159, class=java.util.concurrent.ConcurrentHashMap$Node@50000024)
	key		50000bf2
	val		500019ad
OBJ 500019af (sz=16, trace=300160, class=java.lang.Object@50000172)
OBJ 500019b0 (sz=32, trace=300159, class=java.util.concurrent.ConcurrentHashMap$Node@50000024)
	key		50000bf2
	val		500019af
OBJ 500019b3 (sz=16, trace=300157, class=java.lang.Object@50000172)
OBJ 500019b4 (sz=24, trace=300000, class=java.lang.String@5000016e)
	value		50002a11
OBJ 500019b5 (sz=16, trace=300160, class=java.lang.Object@50000172)
OBJ 500019b6 (sz=24, trace=300000, class=java.lang.String@5000016e)
	value		500029e3
OBJ 500019b7 (sz=16, trace=300157, class=java.lang.Object@50000172)
OBJ 500019b8 (sz=32, trace=300159, class=java.util.concurrent.ConcurrentHashMap$Node@50000024)
	key		50000ca8
	val		500019b7
OBJ 500019b9 (sz=16, trace=300160, class=java.lang.Object@50000172)
OBJ 500019ba (sz=32, trace=300159, class=java.util.concurrent.ConcurrentHashMap$Node@50000024)
	key		50000ca8
	val		500019b9
OBJ 500019bc (sz=16, trace=300157, class=java.lang.Object@50000172)
OBJ 500019bd (sz=32, trace=300159, class=java.util.concurrent.ConcurrentHashMap$Node@50000024)
	key		50000c0a
	val		500019bc
	next		50001a28
OBJ 500019be (sz=16, trace=300160, class=java.lang.Object@50000172)
OBJ 500019bf (sz=32, trace=300159, class=java.util.concurrent.ConcurrentHashMap$Node@50000024)
	key		50000c0a
	val		500019be
	next		50001a2a
OBJ 500019c0 (sz=32, trace=300159, class=java.util.concurrent.ConcurrentHashMap$Node@50000024)
	key		50000b58
	val		500019ab
OBJ 500019c1 (sz=16, trace=300160, class=java.lang.Object@50000172)
OBJ 500019c2 (sz=32, trace=300159, class=java.util.concurrent.ConcurrentHashMap$Node@50000024)
	key		50000b58
	val		500019c1
OBJ 500019c3 (sz=24, trace=300000, class=java.lang.String@5000016e)
	value		500029bb
OBJ 500019c4 (sz=24, trace=300000, class=java.lang.String@5000016e)
	value		500029f7
OBJ 500019c5 (sz=24, trace=300000, class=java.lang.String@5000016e)
	value		50002965
OBJ 500019c6 (sz=24, trace=300000, class=java.lang.String@5000016e)
	value		50002969
OBJ 500019c7 (sz=24, trace=300000, class=java.lang.String@5000016e)
	value		50002991
OBJ 500019c8 (sz=24, trace=300000, class=java.lang.String@5000016e)
	value		500029df
OBJ 500019c9 (sz=24, trace=300000, class=java.lang.String@5000016e)
	value		5000297b
OBJ 500019ca (sz=24, trace=300000, class=java.lang.String@5000016e)
	value		500029d9
OBJ 500019cb (sz=24, trace=300000, class=java.lang.String@5000016e)
	value		5000299d
OBJ 500019cc (sz=24, trace=300000, class=java.lang.String@5000016e)
	value		500029a3
OBJ 500019cd (sz=24, trace=300000, class=java.lang.String@5000016e)
	value		500029f3
OBJ 500019ce (sz=24, trace=300000, class=java.lang.String@5000016e)
	value		50002952
OBJ 500019cf (sz=24, trace=300000, class=java.lang.String@5000016e)
	value		50002971
OBJ 500019d0 (sz=24, trace=300000, class=java.lang.String@5000016e)
	value		500029f9
OBJ 500019d1 (sz=24, trace=300000, class=java.lang.String@5000016e)
	value		50002954
OBJ 500019d2 (sz=24, trace=300000, class=java.lang.String@5000016e)
	value		500029ab
OBJ 500019d3 (sz=24, trace=300000, class=java.lang.String@5000016e)
	value		500029f1
OBJ 500019d4 (sz=24, trace=300000, class=java.lang.String@5000016e)
	value		5000295c
OBJ 500019d5 (sz=24, trace=300000, class=java.lang.String@5000016e)
	value		500029c3
OBJ 500019d6 (sz=24, trace=300000, class=java.lang.String@5000016e)
	value		500029c9
OBJ 500019d7 (sz=24, trace=300000, class=java.lang.String@5000016e)
	value		50002961
OBJ 500019d8 (sz=24, trace=300000, class=java.lang.String@5000016e)
	value		500029e9
OBJ 500019d9 (sz=24, trace=300000, class=java.lang.String@5000016e)
	value		500029af
OBJ 500019da (sz=24, trace=300000, class=java.lang.String@5000016e)
	value		500029a1
OBJ 500019db (sz=24, trace=300000, class=java.lang.String@5000016e)
	value		500029b5
OBJ 500019dc (sz=24, trace=300000, class=java.lang.String@5000016e)
	value		50002981
OBJ 500019dd (sz=24, trace=300000, class=java.lang.String@5000016e)
	value		50002983
OBJ 500019de (sz=24, trace=300000, class=java.lang.String@5000016e)
	value		50002979
OBJ 500019df (sz=24, trace=300000, class=java.lang.String@5000016e)
	value		500029cb
OBJ 500019e0 (sz=24, trace=300000, class=java.lang.String@5000016e)
	value		50002a05
OBJ 500019e1 (sz=24, trace=300000, class=java.lang.String@5000016e)
	value		500029c7
OBJ 500019e2 (sz=24, trace=300000, class=java.lang.String@5000016e)
	value		500029cd
OBJ 500019e3 (sz=24, trace=300000, class=java.lang.String@5000016e)
	value		50002987
OBJ 500019e4 (sz=24, trace=300000, class=java.lang.String@5000016e)
	value		5000295e
OBJ 500019e5 (sz=24, trace=300000, class=java.lang.String@5000016e)
	value		500029db
OBJ 500019e6 (sz=24, trace=300000, class=java.lang.String@5000016e)
	value		500029a5
OBJ 500019e7 (sz=24, trace=300000, class=java.lang.String@5000016e)
	value		50002989
OBJ 500019e8 (sz=24, trace=300000, class=java.lang.String@5000016e)
	value		5000296e
OBJ 500019e9 (sz=24, trace=300000, class=java.lang.String@5000016e)
	value		50002a14
OBJ 500019ea (sz=24, trace=300000, class=java.lang.String@5000016e)
	value		50002959
OBJ 500019eb (sz=24, trace=300000, class=java.lang.String@5000016e)
	value		50002970
OBJ 500019ec (sz=24, trace=300000, class=java.lang.String@5000016e)
	value		50002a04
OBJ 500019ed (sz=24, trace=300000, class=java.lang.String@5000016e)
	value		500029d8
OBJ 500019ee (sz=24, trace=300000, class=java.lang.String@5000016e)
	value		50002957
OBJ 500019ef (sz=24, trace=300000, class=java.lang.String@5000016e)
	value		5000299a
OBJ 500019f0 (sz=24, trace=300000, class=java.lang.String@5000016e)
	value		500029dc
OBJ 500019f1 (sz=24, trace=300000, class=java.lang.String@5000016e)
	value		500029a6
OBJ 500019f2 (sz=24, trace=300000, class=java.lang.String@5000016e)
	value		5000298a
OBJ 500019f3 (sz=24, trace=300000, class=java.lang.String@5000016e)
	value		500029e2
OBJ 500019f4 (sz=24, trace=300000, class=java.lang.String@5000016e)
	value		50002951
OBJ 500019f5 (sz=56, trace=300687, class=java.util.zip.ZipFile$ZipFileInputStream@5000055c)
OBJ 500019f6 (sz=24, trace=300000, class=java.lang.String@5000016e)
	value		50001d13
OBJ 500019f7 (sz=24, trace=300000, class=java.lang.String@5000016e)
	value		50002a25
OBJ 500019f8 (sz=24, trace=300000, class=java.lang.String@5000016e)
	value		50002a24
OBJ 500019f9 (sz=56, trace=300000, class=java.util.ResourceBundle$CacheKey@5000226f)
	name		50000cc1
	locale		5000082f
	loaderRef	500020c8
	format		500019fc
OBJ 500019fa (sz=56, trace=300687, class=java.util.zip.ZipFile$ZipFileInputStream@5000055c)
	this$0		500004ec
OBJ 500019fb (sz=40, trace=300106, class=java.lang.ref.Finalizer@5000014d)
	referent	500019fa
	queue		500003aa
	next		5000199e
	prev		50001a63
OBJ 500019fc (sz=24, trace=300000, class=java.lang.String@5000016e)
	value		500019ff
OBJ 500019fd (sz=32, trace=300000, class=sun.util.locale.BaseLocale@5000001c)
	language	50000808
	script		500005a0
	region		5000082c
	variant		500005a0
ARR 500019fe (sz=4, trace=300000, nelems=2, elem type=char[])
ARR 500019ff (sz=20, trace=300000, nelems=10, elem type=char[])
OBJ 50001a00 (sz=56, trace=300000, class=java.util.ResourceBundle$CacheKey@5000226f)
	name		50000cc1
	locale		500005a2
	loaderRef	5000208c
	format		500019fc
OBJ 50001a01 (sz=32, trace=300000, class=sun.util.locale.BaseLocale@5000001c)
	language	50000808
	script		500005a0
	region		500005a0
	variant		500005a0
OBJ 50001a03 (sz=16, trace=300157, class=java.lang.Object@50000172)
OBJ 50001a04 (sz=32, trace=300159, class=java.util.concurrent.ConcurrentHashMap$Node@50000024)
	key		50000c33
	val		50001a03
OBJ 50001a05 (sz=16, trace=300160, class=java.lang.Object@50000172)
OBJ 50001a06 (sz=32, trace=300159, class=java.util.concurrent.ConcurrentHashMap$Node@50000024)
	key		50000c33
	val		50001a05
OBJ 50001a07 (sz=56, trace=300000, class=java.util.ResourceBundle$CacheKey@5000226f)
	name		50000c3f
	locale		50000830
	loaderRef	500001c1
	format		500019fc
OBJ 50001a08 (sz=32, trace=300000, class=sun.util.locale.BaseLocale@5000001c)
	language	500005a0
	script		500005a0
	region		500005a0
	variant		500005a0
OBJ 50001a09 (sz=24, trace=300000, class=java.lang.String@5000016e)
	value		50001a2c
OBJ 50001a0a (sz=56, trace=300679, class=java.lang.Class$ReflectionData@500000a5)
OBJ 50001a0b (sz=40, trace=300040, class=java.lang.ref.SoftReference@50000152)
OBJ 50001a0c (sz=88, trace=300681, class=java.lang.reflect.Method@5000013e)
OBJ 50001a0d (sz=24, trace=300000, class=java.lang.String@5000016e)
	value		50001a2b
OBJ 50001a0f (sz=24, trace=300811, class=sun.reflect.NativeMethodAccessorImpl@5000162e)
OBJ 50001a10 (sz=16, trace=300813, class=sun.reflect.DelegatingMethodAccessorImpl@50001630)
OBJ 50001a12 (sz=32, trace=300815, class=java.util.RegularEnumSet@50001632)
	elementType	50000b90
	universe	50002cc1
OBJ 50001a13 (sz=16, trace=300157, class=java.lang.Object@50000172)
OBJ 50001a14 (sz=32, trace=300159, class=java.util.concurrent.ConcurrentHashMap$Node@50000024)
	key		50000aa5
	val		50001a13
OBJ 50001a15 (sz=16, trace=300160, class=java.lang.Object@50000172)
OBJ 50001a16 (sz=32, trace=300159, class=java.util.concurrent.ConcurrentHashMap$Node@50000024)
	key		50000aa5
	val		50001a15
OBJ 50001a18 (sz=16, trace=300825, class=java.util.Collections$UnmodifiableSet@50001a17)
	c		50001a12
OBJ 50001a19 (sz=16, trace=300157, class=java.lang.Object@50000172)
OBJ 50001a1a (sz=32, trace=300159, class=java.util.concurrent.ConcurrentHashMap$Node@50000024)
	key		50000bab
	val		50001a19
OBJ 50001a1b (sz=16, trace=300160, class=java.lang.Object@50000172)
OBJ 50001a1c (sz=32, trace=300159, class=java.util.concurrent.ConcurrentHashMap$Node@50000024)
	key		50000bab
	val		50001a1b
ARR 50001a1d (sz=24, trace=300826, nelems=2, elem type=java.lang.String[]@500000c8)
	[0]		50000f82
	[1]		50002cbe
OBJ 50001a1e (sz=16, trace=300827, class=com.sun.tools.javac.file.RelativePath$RelativeDirectory@500019ac)
	path		50002cbd
OBJ 50001a1f (sz=16, trace=300157, class=java.lang.Object@50000172)
OBJ 50001a20 (sz=32, trace=300159, class=java.util.concurrent.ConcurrentHashMap$Node@50000024)
	key		50000b7c
	val		50001a1f
OBJ 50001a21 (sz=16, trace=300160, class=java.lang.Object@50000172)
OBJ 50001a22 (sz=32, trace=300159, class=java.util.concurrent.ConcurrentHashMap$Node@50000024)
	key		50000b7c
	val		50001a21
OBJ 50001a23 (sz=16, trace=300157, class=java.lang.Object@50000172)
OBJ 50001a24 (sz=32, trace=300683, class=java.util.concurrent.ConcurrentHashMap$Node@50000024)
	key		50000b00
	val		50001a23
	next		5000096f
OBJ 50001a25 (sz=16, trace=300160, class=java.lang.Object@50000172)
OBJ 50001a26 (sz=32, trace=300683, class=java.util.concurrent.ConcurrentHashMap$Node@50000024)
	key		50000b00
	val		50001a25
	next		50000971
OBJ 50001a27 (sz=16, trace=300157, class=java.lang.Object@50000172)
OBJ 50001a28 (sz=32, trace=300683, class=java.util.concurrent.ConcurrentHashMap$Node@50000024)
	key		50000c0c
	val		50001a27
OBJ 50001a29 (sz=16, trace=300160, class=java.lang.Object@50000172)
OBJ 50001a2a (sz=32, trace=300683, class=java.util.concurrent.ConcurrentHashMap$Node@50000024)
	key		50000c0c
	val		50001a29
ARR 50001a2b (sz=116, trace=300000, nelems=58, elem type=char[])
ARR 50001a2c (sz=156, trace=300000, nelems=78, elem type=char[])
OBJ 50001a2d (sz=24, trace=300000, class=java.lang.String@5000016e)
	value		50001a30
OBJ 50001a2e (sz=24, trace=300000, class=java.lang.String@5000016e)
	value		50001a2f
ARR 50001a2f (sz=114, trace=300000, nelems=57, elem type=char[])
ARR 50001a30 (sz=126, trace=300000, nelems=63, elem type=char[])
OBJ 50001a31 (sz=24, trace=300000, class=java.lang.String@5000016e)
	value		50001a34
OBJ 50001a32 (sz=24, trace=300000, class=java.lang.String@5000016e)
	value		50001a33
ARR 50001a33 (sz=90, trace=300000, nelems=45, elem type=char[])
ARR 50001a34 (sz=62, trace=300000, nelems=31, elem type=char[])
OBJ 50001a35 (sz=24, trace=300000, class=java.lang.String@5000016e)
	value		50001a38
OBJ 50001a36 (sz=24, trace=300000, class=java.lang.String@5000016e)
	value		50001a37
ARR 50001a37 (sz=106, trace=300000, nelems=53, elem type=char[])
ARR 50001a38 (sz=146, trace=300000, nelems=73, elem type=char[])
OBJ 50001a39 (sz=24, trace=300000, class=java.lang.String@5000016e)
	value		50001a3c
OBJ 50001a3a (sz=24, trace=300000, class=java.lang.String@5000016e)
	value		50001a3b
ARR 50001a3b (sz=50, trace=300000, nelems=25, elem type=char[])
ARR 50001a3c (sz=160, trace=300000, nelems=80, elem type=char[])
OBJ 50001a3d (sz=24, trace=300000, class=java.lang.String@5000016e)
	value		50001a40
OBJ 50001a3e (sz=24, trace=300000, class=java.lang.String@5000016e)
	value		50001a3f
ARR 50001a3f (sz=88, trace=300000, nelems=44, elem type=char[])
ARR 50001a40 (sz=108, trace=300000, nelems=54, elem type=char[])
OBJ 50001a41 (sz=24, trace=300000, class=java.lang.String@5000016e)
	value		50001a44
OBJ 50001a42 (sz=24, trace=300000, class=java.lang.String@5000016e)
	value		50001a43
ARR 50001a43 (sz=72, trace=300000, nelems=36, elem type=char[])
ARR 50001a44 (sz=120, trace=300000, nelems=60, elem type=char[])
OBJ 50001a45 (sz=24, trace=300000, class=java.lang.String@5000016e)
	value		50001a48
OBJ 50001a46 (sz=24, trace=300000, class=java.lang.String@5000016e)
	value		50001a47
ARR 50001a47 (sz=82, trace=300000, nelems=41, elem type=char[])
ARR 50001a48 (sz=80, trace=300000, nelems=40, elem type=char[])
OBJ 50001a49 (sz=24, trace=300000, class=java.lang.String@5000016e)
	value		50001a4c
OBJ 50001a4a (sz=24, trace=300000, class=java.lang.String@5000016e)
	value		50001a4b
ARR 50001a4b (sz=70, trace=300000, nelems=35, elem type=char[])
ARR 50001a4c (sz=66, trace=300000, nelems=33, elem type=char[])
OBJ 50001a4d (sz=24, trace=300000, class=java.lang.String@5000016e)
	value		50001a50
OBJ 50001a4e (sz=24, trace=300000, class=java.lang.String@5000016e)
	value		50001a4f
ARR 50001a4f (sz=98, trace=300000, nelems=49, elem type=char[])
ARR 50001a50 (sz=100, trace=300000, nelems=50, elem type=char[])
OBJ 50001a51 (sz=24, trace=300000, class=java.lang.String@5000016e)
	value		50001a54
OBJ 50001a52 (sz=24, trace=300000, class=java.lang.String@5000016e)
	value		50001a53
ARR 50001a53 (sz=68, trace=300000, nelems=34, elem type=char[])
ARR 50001a54 (sz=94, trace=300000, nelems=47, elem type=char[])
OBJ 50001a55 (sz=24, trace=300000, class=java.lang.String@5000016e)
	value		50001a58
OBJ 50001a56 (sz=24, trace=300000, class=java.lang.String@5000016e)
	value		50001a57
ARR 50001a57 (sz=50, trace=300000, nelems=25, elem type=char[])
ARR 50001a58 (sz=120, trace=300000, nelems=60, elem type=char[])
OBJ 50001a59 (sz=24, trace=300000, class=java.lang.String@5000016e)
	value		50001a5d
OBJ 50001a5a (sz=24, trace=300000, class=java.lang.String@5000016e)
	value		50001a5b
ARR 50001a5b (sz=54, trace=300000, nelems=27, elem type=char[])
OBJ 50001a5c (sz=56, trace=300687, class=java.util.zip.ZipFile$ZipFileInputStream@5000055c)
ARR 50001a5d (sz=92, trace=300000, nelems=46, elem type=char[])
OBJ 50001a5e (sz=24, trace=300000, class=java.lang.String@5000016e)
	value		50001a61
OBJ 50001a5f (sz=24, trace=300000, class=java.lang.String@5000016e)
	value		50001a60
ARR 50001a60 (sz=100, trace=300000, nelems=50, elem type=char[])
ARR 50001a61 (sz=98, trace=300000, nelems=49, elem type=char[])
OBJ 50001a62 (sz=56, trace=300687, class=java.util.zip.ZipFile$ZipFileInputStream@5000055c)
	this$0		500004ec
OBJ 50001a63 (sz=40, trace=300106, class=java.lang.ref.Finalizer@5000014d)
	referent	50001a62
	queue		500003aa
	next		500019fb
	prev		50001ac6
OBJ 50001a64 (sz=24, trace=300000, class=java.lang.String@5000016e)
	value		50001a67
OBJ 50001a65 (sz=24, trace=300000, class=java.lang.String@5000016e)
	value		50001a66
ARR 50001a66 (sz=76, trace=300000, nelems=38, elem type=char[])
ARR 50001a67 (sz=88, trace=300000, nelems=44, elem type=char[])
OBJ 50001a69 (sz=16, trace=300828, class=com.sun.tools.javac.file.JavacFileManager$1@50001a68)
OBJ 50001a6a (sz=16, trace=300829, class=com.sun.tools.javac.util.Context$Key@50001504)
ARR 50001a6b (sz=80, trace=300830, nelems=0, elem type=java.util.HashMap$Node[]@500000c2)
OBJ 50001a6c (sz=32, trace=300221, class=java.util.HashMap$Node@500000c4)
ARR 50001a6d (sz=80, trace=300831, nelems=0, elem type=java.util.HashMap$Node[]@500000c2)
OBJ 50001a6e (sz=32, trace=300221, class=java.util.HashMap$Node@500000c4)
ARR 50001a6f (sz=80, trace=300832, nelems=0, elem type=java.util.HashMap$Node[]@500000c2)
OBJ 50001a70 (sz=32, trace=300221, class=java.util.HashMap$Node@500000c4)
OBJ 50001a71 (sz=16, trace=300157, class=java.lang.Object@50000172)
OBJ 50001a72 (sz=32, trace=300683, class=java.util.concurrent.ConcurrentHashMap$Node@50000024)
	key		50000c71
	val		50001a71
	next		50000e30
OBJ 50001a73 (sz=16, trace=300160, class=java.lang.Object@50000172)
OBJ 50001a74 (sz=32, trace=300683, class=java.util.concurrent.ConcurrentHashMap$Node@50000024)
	key		50000c71
	val		50001a73
	next		50000e32
OBJ 50001a75 (sz=24, trace=300000, class=java.lang.String@5000016e)
	value		50001a78
OBJ 50001a76 (sz=24, trace=300000, class=java.lang.String@5000016e)
	value		50001a77
ARR 50001a77 (sz=76, trace=300000, nelems=38, elem type=char[])
ARR 50001a78 (sz=198, trace=300000, nelems=99, elem type=char[])
OBJ 50001a79 (sz=24, trace=300000, class=java.lang.String@5000016e)
	value		50001a82
OBJ 50001a7a (sz=24, trace=300000, class=java.lang.String@5000016e)
	value		50001a81
OBJ 50001a7d (sz=16, trace=300157, class=java.lang.Object@50000172)
OBJ 50001a7e (sz=32, trace=300159, class=java.util.concurrent.ConcurrentHashMap$Node@50000024)
	key		50000bd0
	val		50001a7d
OBJ 50001a7f (sz=16, trace=300160, class=java.lang.Object@50000172)
OBJ 50001a80 (sz=32, trace=300159, class=java.util.concurrent.ConcurrentHashMap$Node@50000024)
	key		50000bd0
	val		50001a7f
ARR 50001a81 (sz=56, trace=300000, nelems=28, elem type=char[])
ARR 50001a82 (sz=86, trace=300000, nelems=43, elem type=char[])
OBJ 50001a83 (sz=24, trace=300000, class=java.lang.String@5000016e)
	value		50001a86
OBJ 50001a84 (sz=24, trace=300000, class=java.lang.String@5000016e)
	value		50001a85
ARR 50001a85 (sz=52, trace=300000, nelems=26, elem type=char[])
ARR 50001a86 (sz=66, trace=300000, nelems=33, elem type=char[])
OBJ 50001a87 (sz=24, trace=300000, class=java.lang.String@5000016e)
	value		50001a8a
OBJ 50001a88 (sz=24, trace=300000, class=java.lang.String@5000016e)
	value		50001a89
ARR 50001a89 (sz=62, trace=300000, nelems=31, elem type=char[])
ARR 50001a8a (sz=44, trace=300000, nelems=22, elem type=char[])
OBJ 50001a8b (sz=24, trace=300000, class=java.lang.String@5000016e)
	value		50001a8e
OBJ 50001a8c (sz=24, trace=300000, class=java.lang.String@5000016e)
	value		50001a8d
ARR 50001a8d (sz=66, trace=300000, nelems=33, elem type=char[])
ARR 50001a8e (sz=88, trace=300000, nelems=44, elem type=char[])
OBJ 50001a8f (sz=24, trace=300000, class=java.lang.String@5000016e)
	value		50001a92
OBJ 50001a90 (sz=24, trace=300000, class=java.lang.String@5000016e)
	value		50001a91
ARR 50001a91 (sz=70, trace=300000, nelems=35, elem type=char[])
ARR 50001a92 (sz=44, trace=300000, nelems=22, elem type=char[])
OBJ 50001a93 (sz=24, trace=300000, class=java.lang.String@5000016e)
	value		50001a96
OBJ 50001a94 (sz=24, trace=300000, class=java.lang.String@5000016e)
	value		50001a95
ARR 50001a95 (sz=60, trace=300000, nelems=30, elem type=char[])
ARR 50001a96 (sz=52, trace=300000, nelems=26, elem type=char[])
OBJ 50001a97 (sz=24, trace=300000, class=java.lang.String@5000016e)
	value		50001a9a
OBJ 50001a98 (sz=24, trace=300000, class=java.lang.String@5000016e)
	value		50001a99
ARR 50001a99 (sz=54, trace=300000, nelems=27, elem type=char[])
ARR 50001a9a (sz=26, trace=300000, nelems=13, elem type=char[])
OBJ 50001a9b (sz=24, trace=300000, class=java.lang.String@5000016e)
	value		50001a9e
OBJ 50001a9c (sz=24, trace=300000, class=java.lang.String@5000016e)
	value		50001a9d
ARR 50001a9d (sz=60, trace=300000, nelems=30, elem type=char[])
ARR 50001a9e (sz=82, trace=300000, nelems=41, elem type=char[])
OBJ 50001a9f (sz=24, trace=300000, class=java.lang.String@5000016e)
	value		50001aa2
OBJ 50001aa0 (sz=24, trace=300000, class=java.lang.String@5000016e)
	value		50001aa1
ARR 50001aa1 (sz=52, trace=300000, nelems=26, elem type=char[])
ARR 50001aa2 (sz=18, trace=300000, nelems=9, elem type=char[])
OBJ 50001aa3 (sz=24, trace=300000, class=java.lang.String@5000016e)
	value		50001aa6
OBJ 50001aa4 (sz=24, trace=300000, class=java.lang.String@5000016e)
	value		50001aa5
ARR 50001aa5 (sz=66, trace=300000, nelems=33, elem type=char[])
ARR 50001aa6 (sz=74, trace=300000, nelems=37, elem type=char[])
OBJ 50001aa7 (sz=24, trace=300000, class=java.lang.String@5000016e)
	value		50001aab
OBJ 50001aa8 (sz=24, trace=300000, class=java.lang.String@5000016e)
	value		50001aa9
ARR 50001aa9 (sz=54, trace=300000, nelems=27, elem type=char[])
OBJ 50001aaa (sz=56, trace=300687, class=java.util.zip.ZipFile$ZipFileInputStream@5000055c)
ARR 50001aab (sz=14, trace=300000, nelems=7, elem type=char[])
OBJ 50001aac (sz=24, trace=300000, class=java.lang.String@5000016e)
	value		50001aaf
OBJ 50001aad (sz=24, trace=300000, class=java.lang.String@5000016e)
	value		50001aae
ARR 50001aae (sz=74, trace=300000, nelems=37, elem type=char[])
ARR 50001aaf (sz=42, trace=300000, nelems=21, elem type=char[])
OBJ 50001ab0 (sz=24, trace=300000, class=java.lang.String@5000016e)
	value		50001ab3
OBJ 50001ab1 (sz=24, trace=300000, class=java.lang.String@5000016e)
	value		50001ab2
ARR 50001ab2 (sz=76, trace=300000, nelems=38, elem type=char[])
ARR 50001ab3 (sz=58, trace=300000, nelems=29, elem type=char[])
OBJ 50001ab4 (sz=24, trace=300000, class=java.lang.String@5000016e)
	value		50001ab7
OBJ 50001ab5 (sz=24, trace=300000, class=java.lang.String@5000016e)
	value		50001ab6
ARR 50001ab6 (sz=54, trace=300000, nelems=27, elem type=char[])
ARR 50001ab7 (sz=32, trace=300000, nelems=16, elem type=char[])
OBJ 50001ab8 (sz=56, trace=300687, class=java.util.zip.ZipFile$ZipFileInputStream@5000055c)
	this$0		500004ec
OBJ 50001ab9 (sz=16, trace=300157, class=java.lang.Object@50000172)
OBJ 50001aba (sz=32, trace=300159, class=java.util.concurrent.ConcurrentHashMap$Node@50000024)
	key		50000b5a
	val		50001ab9
OBJ 50001abb (sz=16, trace=300160, class=java.lang.Object@50000172)
OBJ 50001abc (sz=32, trace=300159, class=java.util.concurrent.ConcurrentHashMap$Node@50000024)
	key		50000b5a
	val		50001abb
OBJ 50001abd (sz=16, trace=300157, class=java.lang.Object@50000172)
OBJ 50001abe (sz=32, trace=300159, class=java.util.concurrent.ConcurrentHashMap$Node@50000024)
	key		50000c9d
	val		50001abd
OBJ 50001abf (sz=16, trace=300160, class=java.lang.Object@50000172)
OBJ 50001ac0 (sz=32, trace=300159, class=java.util.concurrent.ConcurrentHashMap$Node@50000024)
	key		50000c9d
	val		50001abf
OBJ 50001ac2 (sz=16, trace=300157, class=java.lang.Object@50000172)
OBJ 50001ac3 (sz=32, trace=300159, class=java.util.concurrent.ConcurrentHashMap$Node@50000024)
	key		50000bea
	val		50001ac2
OBJ 50001ac4 (sz=16, trace=300160, class=java.lang.Object@50000172)
OBJ 50001ac5 (sz=32, trace=300159, class=java.util.concurrent.ConcurrentHashMap$Node@50000024)
	key		50000bea
	val		50001ac4
OBJ 50001ac6 (sz=40, trace=300106, class=java.lang.ref.Finalizer@5000014d)
	referent	50001ab8
	queue		500003aa
	next		50001a63
	prev		50001b2b
OBJ 50001ac7 (sz=24, trace=300000, class=java.lang.String@5000016e)
	value		50001aca
OBJ 50001ac8 (sz=24, trace=300000, class=java.lang.String@5000016e)
	value		50001ac9
ARR 50001ac9 (sz=56, trace=300000, nelems=28, elem type=char[])
ARR 50001aca (sz=40, trace=300000, nelems=20, elem type=char[])
OBJ 50001acb (sz=24, trace=300000, class=java.lang.String@5000016e)
	value		50001ace
OBJ 50001acc (sz=24, trace=300000, class=java.lang.String@5000016e)
	value		50001acd
ARR 50001acd (sz=54, trace=300000, nelems=27, elem type=char[])
ARR 50001ace (sz=42, trace=300000, nelems=21, elem type=char[])
OBJ 50001acf (sz=24, trace=300000, class=java.lang.String@5000016e)
	value		50001ad2
OBJ 50001ad0 (sz=24, trace=300000, class=java.lang.String@5000016e)
	value		50001ad1
ARR 50001ad1 (sz=96, trace=300000, nelems=48, elem type=char[])
ARR 50001ad2 (sz=78, trace=300000, nelems=39, elem type=char[])
OBJ 50001ad3 (sz=24, trace=300000, class=java.lang.String@5000016e)
	value		50001ae1
OBJ 50001ad4 (sz=16, trace=300157, class=java.lang.Object@50000172)
OBJ 50001ad5 (sz=32, trace=300159, class=java.util.concurrent.ConcurrentHashMap$Node@50000024)
	key		50000c1d
	val		50001ad4
OBJ 50001ad6 (sz=16, trace=300160, class=java.lang.Object@50000172)
OBJ 50001ad7 (sz=32, trace=300159, class=java.util.concurrent.ConcurrentHashMap$Node@50000024)
	key		50000c1d
	val		50001ad6
OBJ 50001adb (sz=16, trace=300157, class=java.lang.Object@50000172)
OBJ 50001adc (sz=32, trace=300683, class=java.util.concurrent.ConcurrentHashMap$Node@50000024)
	key		50000ccd
	val		50001adb
OBJ 50001add (sz=16, trace=300160, class=java.lang.Object@50000172)
OBJ 50001ade (sz=32, trace=300683, class=java.util.concurrent.ConcurrentHashMap$Node@50000024)
	key		50000ccd
	val		50001add
OBJ 50001adf (sz=24, trace=300000, class=java.lang.String@5000016e)
	value		50001ae0
ARR 50001ae0 (sz=72, trace=300000, nelems=36, elem type=char[])
ARR 50001ae1 (sz=90, trace=300000, nelems=45, elem type=char[])
OBJ 50001ae2 (sz=24, trace=300000, class=java.lang.String@5000016e)
	value		50001ae5
OBJ 50001ae3 (sz=24, trace=300000, class=java.lang.String@5000016e)
	value		50001ae4
ARR 50001ae4 (sz=66, trace=300000, nelems=33, elem type=char[])
ARR 50001ae5 (sz=100, trace=300000, nelems=50, elem type=char[])
OBJ 50001ae6 (sz=24, trace=300000, class=java.lang.String@5000016e)
	value		50001ae9
OBJ 50001ae7 (sz=24, trace=300000, class=java.lang.String@5000016e)
	value		50001ae8
ARR 50001ae8 (sz=64, trace=300000, nelems=32, elem type=char[])
ARR 50001ae9 (sz=262, trace=300000, nelems=131, elem type=char[])
OBJ 50001aea (sz=24, trace=300000, class=java.lang.String@5000016e)
	value		50001aed
OBJ 50001aeb (sz=24, trace=300000, class=java.lang.String@5000016e)
	value		50001aec
ARR 50001aec (sz=94, trace=300000, nelems=47, elem type=char[])
ARR 50001aed (sz=162, trace=300000, nelems=81, elem type=char[])
OBJ 50001aee (sz=24, trace=300000, class=java.lang.String@5000016e)
	value		50001af1
OBJ 50001aef (sz=24, trace=300000, class=java.lang.String@5000016e)
	value		50001af0
ARR 50001af0 (sz=98, trace=300000, nelems=49, elem type=char[])
ARR 50001af1 (sz=134, trace=300000, nelems=67, elem type=char[])
OBJ 50001af2 (sz=24, trace=300000, class=java.lang.String@5000016e)
	value		50001af5
OBJ 50001af3 (sz=24, trace=300000, class=java.lang.String@5000016e)
	value		50001af4
ARR 50001af4 (sz=56, trace=300000, nelems=28, elem type=char[])
ARR 50001af5 (sz=46, trace=300000, nelems=23, elem type=char[])
OBJ 50001af6 (sz=24, trace=300000, class=java.lang.String@5000016e)
	value		50001af9
OBJ 50001af7 (sz=24, trace=300000, class=java.lang.String@5000016e)
	value		50001af8
ARR 50001af8 (sz=92, trace=300000, nelems=46, elem type=char[])
ARR 50001af9 (sz=132, trace=300000, nelems=66, elem type=char[])
OBJ 50001afa (sz=24, trace=300000, class=java.lang.String@5000016e)
	value		50001afe
OBJ 50001afb (sz=56, trace=300687, class=java.util.zip.ZipFile$ZipFileInputStream@5000055c)
OBJ 50001afc (sz=24, trace=300000, class=java.lang.String@5000016e)
	value		50001afd
ARR 50001afd (sz=60, trace=300000, nelems=30, elem type=char[])
ARR 50001afe (sz=24, trace=300000, nelems=12, elem type=char[])
OBJ 50001aff (sz=24, trace=300000, class=java.lang.String@5000016e)
	value		50001b02
OBJ 50001b00 (sz=24, trace=300000, class=java.lang.String@5000016e)
	value		50001b01
ARR 50001b01 (sz=106, trace=300000, nelems=53, elem type=char[])
ARR 50001b02 (sz=90, trace=300000, nelems=45, elem type=char[])
OBJ 50001b03 (sz=24, trace=300000, class=java.lang.String@5000016e)
	value		50001b06
OBJ 50001b04 (sz=24, trace=300000, class=java.lang.String@5000016e)
	value		50001b05
ARR 50001b05 (sz=78, trace=300000, nelems=39, elem type=char[])
ARR 50001b06 (sz=136, trace=300000, nelems=68, elem type=char[])
OBJ 50001b08 (sz=16, trace=300157, class=java.lang.Object@50000172)
OBJ 50001b09 (sz=32, trace=300159, class=java.util.concurrent.ConcurrentHashMap$Node@50000024)
	key		50000af8
	val		50001b08
OBJ 50001b0a (sz=16, trace=300160, class=java.lang.Object@50000172)
OBJ 50001b0b (sz=32, trace=300159, class=java.util.concurrent.ConcurrentHashMap$Node@50000024)
	key		50000af8
	val		50001b0a
OBJ 50001b0c (sz=16, trace=300157, class=java.lang.Object@50000172)
OBJ 50001b0d (sz=32, trace=300683, class=java.util.concurrent.ConcurrentHashMap$Node@50000024)
	key		50000bb7
	val		50001b0c
OBJ 50001b0e (sz=16, trace=300160, class=java.lang.Object@50000172)
OBJ 50001b0f (sz=32, trace=300683, class=java.util.concurrent.ConcurrentHashMap$Node@50000024)
	key		50000bb7
	val		50001b0e
OBJ 50001b11 (sz=16, trace=300157, class=java.lang.Object@50000172)
OBJ 50001b12 (sz=32, trace=300159, class=java.util.concurrent.ConcurrentHashMap$Node@50000024)
	key		50000d21
	val		50001b11
	next		50001747
OBJ 50001b13 (sz=16, trace=300160, class=java.lang.Object@50000172)
OBJ 50001b14 (sz=32, trace=300159, class=java.util.concurrent.ConcurrentHashMap$Node@50000024)
	key		50000d21
	val		50001b13
	next		50001749
OBJ 50001b16 (sz=24, trace=300833, class=com.sun.tools.javac.util.List$1@50001b07)
OBJ 50001b17 (sz=16, trace=300157, class=java.lang.Object@50000172)
OBJ 50001b18 (sz=32, trace=300159, class=java.util.concurrent.ConcurrentHashMap$Node@50000024)
	key		50000bec
	val		50001b17
OBJ 50001b19 (sz=16, trace=300160, class=java.lang.Object@50000172)
OBJ 50001b1a (sz=32, trace=300159, class=java.util.concurrent.ConcurrentHashMap$Node@50000024)
	key		50000bec
	val		50001b19
OBJ 50001b1b (sz=24, trace=300000, class=java.lang.String@5000016e)
	value		50001b1e
OBJ 50001b1c (sz=24, trace=300000, class=java.lang.String@5000016e)
	value		50001b1d
ARR 50001b1d (sz=52, trace=300000, nelems=26, elem type=char[])
ARR 50001b1e (sz=16, trace=300000, nelems=8, elem type=char[])
OBJ 50001b1f (sz=24, trace=300000, class=java.lang.String@5000016e)
	value		50001b22
OBJ 50001b20 (sz=24, trace=300000, class=java.lang.String@5000016e)
	value		50001b21
ARR 50001b21 (sz=62, trace=300000, nelems=31, elem type=char[])
ARR 50001b22 (sz=280, trace=300000, nelems=140, elem type=char[])
OBJ 50001b23 (sz=24, trace=300000, class=java.lang.String@5000016e)
	value		50001b26
OBJ 50001b24 (sz=24, trace=300000, class=java.lang.String@5000016e)
	value		50001b25
ARR 50001b25 (sz=62, trace=300000, nelems=31, elem type=char[])
ARR 50001b26 (sz=128, trace=300000, nelems=64, elem type=char[])
OBJ 50001b27 (sz=24, trace=300000, class=java.lang.String@5000016e)
	value		50001b2c
OBJ 50001b28 (sz=24, trace=300000, class=java.lang.String@5000016e)
	value		50001b29
ARR 50001b29 (sz=112, trace=300000, nelems=56, elem type=char[])
OBJ 50001b2a (sz=56, trace=300687, class=java.util.zip.ZipFile$ZipFileInputStream@5000055c)
	this$0		500004ec
OBJ 50001b2b (sz=40, trace=300106, class=java.lang.ref.Finalizer@5000014d)
	referent	50001b2a
	queue		500003aa
	next		50001ac6
	prev		50001b83
ARR 50001b2c (sz=184, trace=300000, nelems=92, elem type=char[])
OBJ 50001b2d (sz=24, trace=300000, class=java.lang.String@5000016e)
	value		50001b30
OBJ 50001b2e (sz=24, trace=300000, class=java.lang.String@5000016e)
	value		50001b2f
ARR 50001b2f (sz=52, trace=300000, nelems=26, elem type=char[])
ARR 50001b30 (sz=44, trace=300000, nelems=22, elem type=char[])
OBJ 50001b31 (sz=24, trace=300000, class=java.lang.String@5000016e)
	value		50001b34
OBJ 50001b32 (sz=24, trace=300000, class=java.lang.String@5000016e)
	value		50001b33
ARR 50001b33 (sz=106, trace=300000, nelems=53, elem type=char[])
ARR 50001b34 (sz=204, trace=300000, nelems=102, elem type=char[])
OBJ 50001b35 (sz=24, trace=300000, class=java.lang.String@5000016e)
	value		50001b41
OBJ 50001b36 (sz=24, trace=300000, class=java.lang.String@5000016e)
	value		50001b40
OBJ 50001b38 (sz=16, trace=300157, class=java.lang.Object@50000172)
OBJ 50001b39 (sz=32, trace=300159, class=java.util.concurrent.ConcurrentHashMap$Node@50000024)
	key		50000c6b
	val		50001b38
OBJ 50001b3a (sz=16, trace=300160, class=java.lang.Object@50000172)
OBJ 50001b3b (sz=32, trace=300159, class=java.util.concurrent.ConcurrentHashMap$Node@50000024)
	key		50000c6b
	val		50001b3a
OBJ 50001b3c (sz=16, trace=300157, class=java.lang.Object@50000172)
OBJ 50001b3d (sz=32, trace=300159, class=java.util.concurrent.ConcurrentHashMap$Node@50000024)
	key		50000afa
	val		50001b3c
OBJ 50001b3e (sz=16, trace=300160, class=java.lang.Object@50000172)
OBJ 50001b3f (sz=32, trace=300159, class=java.util.concurrent.ConcurrentHashMap$Node@50000024)
	key		50000afa
	val		50001b3e
ARR 50001b40 (sz=50, trace=300000, nelems=25, elem type=char[])
ARR 50001b41 (sz=14, trace=300000, nelems=7, elem type=char[])
OBJ 50001b42 (sz=24, trace=300000, class=java.lang.String@5000016e)
	value		50001b45
OBJ 50001b43 (sz=24, trace=300000, class=java.lang.String@5000016e)
	value		50001b44
ARR 50001b44 (sz=62, trace=300000, nelems=31, elem type=char[])
ARR 50001b45 (sz=68, trace=300000, nelems=34, elem type=char[])
OBJ 50001b46 (sz=24, trace=300000, class=java.lang.String@5000016e)
	value		50001b49
OBJ 50001b47 (sz=24, trace=300000, class=java.lang.String@5000016e)
	value		50001b48
ARR 50001b48 (sz=80, trace=300000, nelems=40, elem type=char[])
ARR 50001b49 (sz=168, trace=300000, nelems=84, elem type=char[])
OBJ 50001b4a (sz=24, trace=300000, class=java.lang.String@5000016e)
	value		50001b4d
OBJ 50001b4b (sz=24, trace=300000, class=java.lang.String@5000016e)
	value		50001b4c
ARR 50001b4c (sz=58, trace=300000, nelems=29, elem type=char[])
ARR 50001b4d (sz=58, trace=300000, nelems=29, elem type=char[])
OBJ 50001b4e (sz=24, trace=300000, class=java.lang.String@5000016e)
	value		50001b52
OBJ 50001b4f (sz=24, trace=300000, class=java.lang.String@5000016e)
	value		50001b51
OBJ 50001b50 (sz=56, trace=300687, class=java.util.zip.ZipFile$ZipFileInputStream@5000055c)
ARR 50001b51 (sz=86, trace=300000, nelems=43, elem type=char[])
ARR 50001b52 (sz=106, trace=300000, nelems=53, elem type=char[])
OBJ 50001b53 (sz=24, trace=300000, class=java.lang.String@5000016e)
	value		50001b56
OBJ 50001b54 (sz=24, trace=300000, class=java.lang.String@5000016e)
	value		50001b55
ARR 50001b55 (sz=66, trace=300000, nelems=33, elem type=char[])
ARR 50001b56 (sz=78, trace=300000, nelems=39, elem type=char[])
OBJ 50001b57 (sz=24, trace=300000, class=java.lang.String@5000016e)
	value		50001b5a
OBJ 50001b58 (sz=24, trace=300000, class=java.lang.String@5000016e)
	value		50001b59
ARR 50001b59 (sz=44, trace=300000, nelems=22, elem type=char[])
ARR 50001b5a (sz=32, trace=300000, nelems=16, elem type=char[])
OBJ 50001b5b (sz=24, trace=300000, class=java.lang.String@5000016e)
	value		50001b69
OBJ 50001b5d (sz=16, trace=300157, class=java.lang.Object@50000172)
OBJ 50001b5e (sz=32, trace=300159, class=java.util.concurrent.ConcurrentHashMap$Node@50000024)
	key		50000c4f
	val		50001b5d
OBJ 50001b5f (sz=16, trace=300160, class=java.lang.Object@50000172)
OBJ 50001b60 (sz=32, trace=300159, class=java.util.concurrent.ConcurrentHashMap$Node@50000024)
	key		50000c4f
	val		50001b5f
OBJ 50001b62 (sz=16, trace=300834, class=com.sun.tools.javac.util.List$2@50001b5c)
OBJ 50001b63 (sz=16, trace=300157, class=java.lang.Object@50000172)
OBJ 50001b64 (sz=32, trace=300683, class=java.util.concurrent.ConcurrentHashMap$Node@50000024)
	key		50000d09
	val		50001b63
	next		50001e48
OBJ 50001b65 (sz=16, trace=300160, class=java.lang.Object@50000172)
OBJ 50001b66 (sz=32, trace=300683, class=java.util.concurrent.ConcurrentHashMap$Node@50000024)
	key		50000d09
	val		50001b65
	next		50001e4a
OBJ 50001b67 (sz=24, trace=300000, class=java.lang.String@5000016e)
	value		50001b68
ARR 50001b68 (sz=102, trace=300000, nelems=51, elem type=char[])
ARR 50001b69 (sz=90, trace=300000, nelems=45, elem type=char[])
OBJ 50001b6a (sz=24, trace=300000, class=java.lang.String@5000016e)
	value		50001b6d
OBJ 50001b6b (sz=24, trace=300000, class=java.lang.String@5000016e)
	value		50001b6c
ARR 50001b6c (sz=132, trace=300000, nelems=66, elem type=char[])
ARR 50001b6d (sz=300, trace=300000, nelems=150, elem type=char[])
OBJ 50001b6e (sz=24, trace=300000, class=java.lang.String@5000016e)
	value		50001b71
OBJ 50001b6f (sz=24, trace=300000, class=java.lang.String@5000016e)
	value		50001b70
ARR 50001b70 (sz=62, trace=300000, nelems=31, elem type=char[])
ARR 50001b71 (sz=38, trace=300000, nelems=19, elem type=char[])
OBJ 50001b72 (sz=24, trace=300000, class=java.lang.String@5000016e)
	value		50001b75
OBJ 50001b73 (sz=24, trace=300000, class=java.lang.String@5000016e)
	value		50001b74
ARR 50001b74 (sz=66, trace=300000, nelems=33, elem type=char[])
ARR 50001b75 (sz=76, trace=300000, nelems=38, elem type=char[])
OBJ 50001b76 (sz=24, trace=300000, class=java.lang.String@5000016e)
	value		50001b79
OBJ 50001b77 (sz=24, trace=300000, class=java.lang.String@5000016e)
	value		50001b78
ARR 50001b78 (sz=146, trace=300000, nelems=73, elem type=char[])
ARR 50001b79 (sz=136, trace=300000, nelems=68, elem type=char[])
OBJ 50001b7a (sz=24, trace=300000, class=java.lang.String@5000016e)
	value		50001b7d
OBJ 50001b7b (sz=24, trace=300000, class=java.lang.String@5000016e)
	value		50001b7c
ARR 50001b7c (sz=76, trace=300000, nelems=38, elem type=char[])
ARR 50001b7d (sz=96, trace=300000, nelems=48, elem type=char[])
OBJ 50001b7e (sz=24, trace=300000, class=java.lang.String@5000016e)
	value		50001b81
OBJ 50001b7f (sz=24, trace=300000, class=java.lang.String@5000016e)
	value		50001b80
ARR 50001b80 (sz=74, trace=300000, nelems=37, elem type=char[])
ARR 50001b81 (sz=146, trace=300000, nelems=73, elem type=char[])
OBJ 50001b82 (sz=56, trace=300687, class=java.util.zip.ZipFile$ZipFileInputStream@5000055c)
	this$0		500004ec
OBJ 50001b83 (sz=40, trace=300106, class=java.lang.ref.Finalizer@5000014d)
	referent	50001b82
	queue		500003aa
	next		50001b2b
	prev		50001bd6
OBJ 50001b84 (sz=24, trace=300000, class=java.lang.String@5000016e)
	value		50001b87
OBJ 50001b85 (sz=24, trace=300000, class=java.lang.String@5000016e)
	value		50001b86
ARR 50001b86 (sz=72, trace=300000, nelems=36, elem type=char[])
ARR 50001b87 (sz=150, trace=300000, nelems=75, elem type=char[])
OBJ 50001b88 (sz=24, trace=300000, class=java.lang.String@5000016e)
	value		50001b8b
OBJ 50001b89 (sz=24, trace=300000, class=java.lang.String@5000016e)
	value		50001b8a
ARR 50001b8a (sz=68, trace=300000, nelems=34, elem type=char[])
ARR 50001b8b (sz=52, trace=300000, nelems=26, elem type=char[])
OBJ 50001b8c (sz=24, trace=300000, class=java.lang.String@5000016e)
	value		50001b8f
OBJ 50001b8d (sz=24, trace=300000, class=java.lang.String@5000016e)
	value		50001b8e
ARR 50001b8e (sz=94, trace=300000, nelems=47, elem type=char[])
ARR 50001b8f (sz=188, trace=300000, nelems=94, elem type=char[])
OBJ 50001b90 (sz=16, trace=300157, class=java.lang.Object@50000172)
OBJ 50001b91 (sz=32, trace=300683, class=java.util.concurrent.ConcurrentHashMap$Node@50000024)
	key		50000ce8
	val		50001b90
OBJ 50001b92 (sz=16, trace=300160, class=java.lang.Object@50000172)
OBJ 50001b93 (sz=32, trace=300683, class=java.util.concurrent.ConcurrentHashMap$Node@50000024)
	key		50000ce8
	val		50001b92
OBJ 50001b96 (sz=16, trace=300157, class=java.lang.Object@50000172)
OBJ 50001b97 (sz=32, trace=300159, class=java.util.concurrent.ConcurrentHashMap$Node@50000024)
	key		50000c64
	val		50001b96
OBJ 50001b98 (sz=16, trace=300160, class=java.lang.Object@50000172)
OBJ 50001b99 (sz=32, trace=300159, class=java.util.concurrent.ConcurrentHashMap$Node@50000024)
	key		50000c64
	val		50001b98
OBJ 50001b9a (sz=24, trace=300000, class=java.lang.String@5000016e)
	value		50001b9e
OBJ 50001b9b (sz=24, trace=300000, class=java.lang.String@5000016e)
	value		50001b9d
OBJ 50001b9c (sz=56, trace=300687, class=java.util.zip.ZipFile$ZipFileInputStream@5000055c)
ARR 50001b9d (sz=78, trace=300000, nelems=39, elem type=char[])
ARR 50001b9e (sz=46, trace=300000, nelems=23, elem type=char[])
OBJ 50001b9f (sz=24, trace=300000, class=java.lang.String@5000016e)
	value		50001ba2
OBJ 50001ba0 (sz=24, trace=300000, class=java.lang.String@5000016e)
	value		50001ba1
ARR 50001ba1 (sz=68, trace=300000, nelems=34, elem type=char[])
ARR 50001ba2 (sz=52, trace=300000, nelems=26, elem type=char[])
OBJ 50001ba3 (sz=24, trace=300000, class=java.lang.String@5000016e)
	value		50001ba6
OBJ 50001ba4 (sz=24, trace=300000, class=java.lang.String@5000016e)
	value		50001ba5
ARR 50001ba5 (sz=56, trace=300000, nelems=28, elem type=char[])
ARR 50001ba6 (sz=118, trace=300000, nelems=59, elem type=char[])
OBJ 50001ba7 (sz=24, trace=300000, class=java.lang.String@5000016e)
	value		50001baa
OBJ 50001ba8 (sz=24, trace=300000, class=java.lang.String@5000016e)
	value		50001ba9
ARR 50001ba9 (sz=80, trace=300000, nelems=40, elem type=char[])
ARR 50001baa (sz=106, trace=300000, nelems=53, elem type=char[])
OBJ 50001bab (sz=16, trace=300157, class=java.lang.Object@50000172)
OBJ 50001bac (sz=24, trace=300000, class=java.lang.String@5000016e)
	value		50001bb0
OBJ 50001bad (sz=16, trace=300160, class=java.lang.Object@50000172)
OBJ 50001bae (sz=24, trace=300000, class=java.lang.String@5000016e)
	value		50001baf
ARR 50001baf (sz=54, trace=300000, nelems=27, elem type=char[])
ARR 50001bb0 (sz=110, trace=300000, nelems=55, elem type=char[])
OBJ 50001bb1 (sz=24, trace=300000, class=java.lang.String@5000016e)
	value		50001bb4
OBJ 50001bb2 (sz=24, trace=300000, class=java.lang.String@5000016e)
	value		50001bb3
ARR 50001bb3 (sz=58, trace=300000, nelems=29, elem type=char[])
ARR 50001bb4 (sz=40, trace=300000, nelems=20, elem type=char[])
OBJ 50001bb5 (sz=24, trace=300000, class=java.lang.String@5000016e)
	value		50001bb8
OBJ 50001bb6 (sz=24, trace=300000, class=java.lang.String@5000016e)
	value		50001bb7
ARR 50001bb7 (sz=76, trace=300000, nelems=38, elem type=char[])
ARR 50001bb8 (sz=44, trace=300000, nelems=22, elem type=char[])
OBJ 50001bb9 (sz=24, trace=300000, class=java.lang.String@5000016e)
	value		50001bbc
OBJ 50001bba (sz=24, trace=300000, class=java.lang.String@5000016e)
	value		50001bbb
ARR 50001bbb (sz=88, trace=300000, nelems=44, elem type=char[])
ARR 50001bbc (sz=204, trace=300000, nelems=102, elem type=char[])
OBJ 50001bbd (sz=24, trace=300000, class=java.lang.String@5000016e)
	value		50001bc0
OBJ 50001bbe (sz=24, trace=300000, class=java.lang.String@5000016e)
	value		50001bbf
ARR 50001bbf (sz=46, trace=300000, nelems=23, elem type=char[])
ARR 50001bc0 (sz=114, trace=300000, nelems=57, elem type=char[])
OBJ 50001bc1 (sz=24, trace=300000, class=java.lang.String@5000016e)
	value		50001bc4
OBJ 50001bc2 (sz=24, trace=300000, class=java.lang.String@5000016e)
	value		50001bc3
ARR 50001bc3 (sz=94, trace=300000, nelems=47, elem type=char[])
ARR 50001bc4 (sz=102, trace=300000, nelems=51, elem type=char[])
OBJ 50001bc5 (sz=24, trace=300000, class=java.lang.String@5000016e)
	value		50001bc8
OBJ 50001bc6 (sz=24, trace=300000, class=java.lang.String@5000016e)
	value		50001bc7
ARR 50001bc7 (sz=60, trace=300000, nelems=30, elem type=char[])
ARR 50001bc8 (sz=34, trace=300000, nelems=17, elem type=char[])
OBJ 50001bc9 (sz=24, trace=300000, class=java.lang.String@5000016e)
	value		50001bcc
OBJ 50001bca (sz=24, trace=300000, class=java.lang.String@5000016e)
	value		50001bcb
ARR 50001bcb (sz=98, trace=300000, nelems=49, elem type=char[])
ARR 50001bcc (sz=186, trace=300000, nelems=93, elem type=char[])
OBJ 50001bcd (sz=24, trace=300000, class=java.lang.String@5000016e)
	value		50001bd0
OBJ 50001bce (sz=24, trace=300000, class=java.lang.String@5000016e)
	value		50001bcf
ARR 50001bcf (sz=60, trace=300000, nelems=30, elem type=char[])
ARR 50001bd0 (sz=170, trace=300000, nelems=85, elem type=char[])
OBJ 50001bd1 (sz=24, trace=300000, class=java.lang.String@5000016e)
	value		50001bd4
OBJ 50001bd2 (sz=24, trace=300000, class=java.lang.String@5000016e)
	value		50001bd3
ARR 50001bd3 (sz=54, trace=300000, nelems=27, elem type=char[])
ARR 50001bd4 (sz=6, trace=300000, nelems=3, elem type=char[])
OBJ 50001bd5 (sz=56, trace=300687, class=java.util.zip.ZipFile$ZipFileInputStream@5000055c)
	this$0		500004ec
OBJ 50001bd6 (sz=40, trace=300106, class=java.lang.ref.Finalizer@5000014d)
	referent	50001bd5
	queue		500003aa
	next		50001b83
	prev		50001c29
OBJ 50001bd7 (sz=24, trace=300000, class=java.lang.String@5000016e)
	value		50001bda
OBJ 50001bd8 (sz=24, trace=300000, class=java.lang.String@5000016e)
	value		50001bd9
ARR 50001bd9 (sz=70, trace=300000, nelems=35, elem type=char[])
ARR 50001bda (sz=124, trace=300000, nelems=62, elem type=char[])
OBJ 50001bdb (sz=24, trace=300000, class=java.lang.String@5000016e)
	value		50001bde
OBJ 50001bdc (sz=24, trace=300000, class=java.lang.String@5000016e)
	value		50001bdd
ARR 50001bdd (sz=56, trace=300000, nelems=28, elem type=char[])
ARR 50001bde (sz=62, trace=300000, nelems=31, elem type=char[])
OBJ 50001bdf (sz=24, trace=300000, class=java.lang.String@5000016e)
	value		50001be5
OBJ 50001be0 (sz=24, trace=300000, class=java.lang.String@5000016e)
	value		50001be1
ARR 50001be1 (sz=72, trace=300000, nelems=36, elem type=char[])
OBJ 50001be3 (sz=16, trace=300157, class=java.lang.Object@50000172)
OBJ 50001be4 (sz=56, trace=300687, class=java.util.zip.ZipFile$ZipFileInputStream@5000055c)
ARR 50001be5 (sz=100, trace=300000, nelems=50, elem type=char[])
OBJ 50001be6 (sz=32, trace=300683, class=java.util.concurrent.ConcurrentHashMap$Node@50000024)
	key		50000bb3
	val		50001be3
OBJ 50001be7 (sz=16, trace=300160, class=java.lang.Object@50000172)
OBJ 50001be8 (sz=32, trace=300683, class=java.util.concurrent.ConcurrentHashMap$Node@50000024)
	key		50000bb3
	val		50001be7
OBJ 50001be9 (sz=16, trace=300157, class=java.lang.Object@50000172)
OBJ 50001bea (sz=32, trace=300159, class=java.util.concurrent.ConcurrentHashMap$Node@50000024)
	key		50000b54
	val		50001be9
OBJ 50001beb (sz=16, trace=300160, class=java.lang.Object@50000172)
OBJ 50001bec (sz=32, trace=300159, class=java.util.concurrent.ConcurrentHashMap$Node@50000024)
	key		50000b54
	val		50001beb
OBJ 50001bed (sz=24, trace=300000, class=java.lang.String@5000016e)
	value		50001bf0
OBJ 50001bee (sz=24, trace=300000, class=java.lang.String@5000016e)
	value		50001bef
ARR 50001bef (sz=68, trace=300000, nelems=34, elem type=char[])
ARR 50001bf0 (sz=36, trace=300000, nelems=18, elem type=char[])
OBJ 50001bf1 (sz=24, trace=300000, class=java.lang.String@5000016e)
	value		50001bf8
OBJ 50001bf4 (sz=16, trace=300157, class=java.lang.Object@50000172)
OBJ 50001bf5 (sz=32, trace=300683, class=java.util.concurrent.ConcurrentHashMap$Node@50000024)
	key		50000c91
	val		50001bf4
	next		500011d6
OBJ 50001bf6 (sz=16, trace=300160, class=java.lang.Object@50000172)
OBJ 50001bf7 (sz=32, trace=300683, class=java.util.concurrent.ConcurrentHashMap$Node@50000024)
	key		50000c91
	val		50001bf6
	next		500011d8
ARR 50001bf8 (sz=56, trace=300000, nelems=28, elem type=char[])
OBJ 50001bf9 (sz=24, trace=300000, class=java.lang.String@5000016e)
	value		50001bfc
OBJ 50001bfa (sz=24, trace=300000, class=java.lang.String@5000016e)
	value		50001bfb
ARR 50001bfb (sz=64, trace=300000, nelems=32, elem type=char[])
ARR 50001bfc (sz=58, trace=300000, nelems=29, elem type=char[])
OBJ 50001bfd (sz=24, trace=300000, class=java.lang.String@5000016e)
	value		50001c00
OBJ 50001bfe (sz=24, trace=300000, class=java.lang.String@5000016e)
	value		50001bff
ARR 50001bff (sz=76, trace=300000, nelems=38, elem type=char[])
ARR 50001c00 (sz=220, trace=300000, nelems=110, elem type=char[])
OBJ 50001c01 (sz=24, trace=300000, class=java.lang.String@5000016e)
	value		50001c04
OBJ 50001c02 (sz=24, trace=300000, class=java.lang.String@5000016e)
	value		50001c03
ARR 50001c03 (sz=92, trace=300000, nelems=46, elem type=char[])
ARR 50001c04 (sz=64, trace=300000, nelems=32, elem type=char[])
OBJ 50001c05 (sz=24, trace=300000, class=java.lang.String@5000016e)
	value		50001c08
OBJ 50001c06 (sz=24, trace=300000, class=java.lang.String@5000016e)
	value		50001c07
ARR 50001c07 (sz=58, trace=300000, nelems=29, elem type=char[])
ARR 50001c08 (sz=56, trace=300000, nelems=28, elem type=char[])
OBJ 50001c09 (sz=24, trace=300000, class=java.lang.String@5000016e)
	value		50001c0c
OBJ 50001c0a (sz=24, trace=300000, class=java.lang.String@5000016e)
	value		50001c0b
ARR 50001c0b (sz=72, trace=300000, nelems=36, elem type=char[])
ARR 50001c0c (sz=148, trace=300000, nelems=74, elem type=char[])
OBJ 50001c0d (sz=24, trace=300000, class=java.lang.String@5000016e)
	value		50001c10
OBJ 50001c0e (sz=24, trace=300000, class=java.lang.String@5000016e)
	value		50001c0f
ARR 50001c0f (sz=96, trace=300000, nelems=48, elem type=char[])
ARR 50001c10 (sz=184, trace=300000, nelems=92, elem type=char[])
OBJ 50001c11 (sz=24, trace=300000, class=java.lang.String@5000016e)
	value		50001c14
OBJ 50001c12 (sz=24, trace=300000, class=java.lang.String@5000016e)
	value		50001c13
ARR 50001c13 (sz=84, trace=300000, nelems=42, elem type=char[])
ARR 50001c14 (sz=44, trace=300000, nelems=22, elem type=char[])
OBJ 50001c15 (sz=24, trace=300000, class=java.lang.String@5000016e)
	value		50001c18
OBJ 50001c16 (sz=24, trace=300000, class=java.lang.String@5000016e)
	value		50001c17
ARR 50001c17 (sz=64, trace=300000, nelems=32, elem type=char[])
ARR 50001c18 (sz=58, trace=300000, nelems=29, elem type=char[])
OBJ 50001c19 (sz=24, trace=300000, class=java.lang.String@5000016e)
	value		50001c1c
OBJ 50001c1a (sz=24, trace=300000, class=java.lang.String@5000016e)
	value		50001c1b
ARR 50001c1b (sz=84, trace=300000, nelems=42, elem type=char[])
ARR 50001c1c (sz=150, trace=300000, nelems=75, elem type=char[])
OBJ 50001c1d (sz=24, trace=300000, class=java.lang.String@5000016e)
	value		50001c20
OBJ 50001c1e (sz=24, trace=300000, class=java.lang.String@5000016e)
	value		50001c1f
ARR 50001c1f (sz=60, trace=300000, nelems=30, elem type=char[])
ARR 50001c20 (sz=70, trace=300000, nelems=35, elem type=char[])
OBJ 50001c21 (sz=24, trace=300000, class=java.lang.String@5000016e)
	value		50001c24
OBJ 50001c22 (sz=24, trace=300000, class=java.lang.String@5000016e)
	value		50001c23
ARR 50001c23 (sz=90, trace=300000, nelems=45, elem type=char[])
ARR 50001c24 (sz=104, trace=300000, nelems=52, elem type=char[])
OBJ 50001c25 (sz=24, trace=300000, class=java.lang.String@5000016e)
	value		50001c2a
OBJ 50001c26 (sz=24, trace=300000, class=java.lang.String@5000016e)
	value		50001c27
ARR 50001c27 (sz=96, trace=300000, nelems=48, elem type=char[])
OBJ 50001c28 (sz=56, trace=300687, class=java.util.zip.ZipFile$ZipFileInputStream@5000055c)
	this$0		500004ec
OBJ 50001c29 (sz=40, trace=300106, class=java.lang.ref.Finalizer@5000014d)
	referent	50001c28
	queue		500003aa
	next		50001bd6
	prev		50001c78
ARR 50001c2a (sz=88, trace=300000, nelems=44, elem type=char[])
OBJ 50001c2b (sz=24, trace=300000, class=java.lang.String@5000016e)
	value		50001c2f
OBJ 50001c2c (sz=24, trace=300000, class=java.lang.String@5000016e)
	value		50001c2e
OBJ 50001c2d (sz=56, trace=300687, class=java.util.zip.ZipFile$ZipFileInputStream@5000055c)
ARR 50001c2e (sz=114, trace=300000, nelems=57, elem type=char[])
ARR 50001c2f (sz=186, trace=300000, nelems=93, elem type=char[])
OBJ 50001c30 (sz=24, trace=300000, class=java.lang.String@5000016e)
	value		50001c33
OBJ 50001c31 (sz=24, trace=300000, class=java.lang.String@5000016e)
	value		50001c32
ARR 50001c32 (sz=46, trace=300000, nelems=23, elem type=char[])
ARR 50001c33 (sz=28, trace=300000, nelems=14, elem type=char[])
OBJ 50001c34 (sz=24, trace=300000, class=java.lang.String@5000016e)
	value		50001c41
OBJ 50001c35 (sz=24, trace=300000, class=java.lang.String@5000016e)
	value		50001c40
OBJ 50001c37 (sz=16, trace=300157, class=java.lang.Object@50000172)
OBJ 50001c38 (sz=32, trace=300683, class=java.util.concurrent.ConcurrentHashMap$Node@50000024)
	key		50000d1b
	val		50001c37
OBJ 50001c3a (sz=16, trace=300157, class=java.lang.Object@50000172)
OBJ 50001c3b (sz=32, trace=300683, class=java.util.concurrent.ConcurrentHashMap$Node@50000024)
	key		50000b30
	val		50001c3a
OBJ 50001c3c (sz=16, trace=300160, class=java.lang.Object@50000172)
OBJ 50001c3d (sz=32, trace=300683, class=java.util.concurrent.ConcurrentHashMap$Node@50000024)
	key		50000b30
	val		50001c3c
OBJ 50001c3e (sz=16, trace=300160, class=java.lang.Object@50000172)
OBJ 50001c3f (sz=32, trace=300683, class=java.util.concurrent.ConcurrentHashMap$Node@50000024)
	key		50000d1b
	val		50001c3e
ARR 50001c40 (sz=60, trace=300000, nelems=30, elem type=char[])
ARR 50001c41 (sz=70, trace=300000, nelems=35, elem type=char[])
OBJ 50001c42 (sz=24, trace=300000, class=java.lang.String@5000016e)
	value		50001c45
OBJ 50001c43 (sz=24, trace=300000, class=java.lang.String@5000016e)
	value		50001c44
ARR 50001c44 (sz=82, trace=300000, nelems=41, elem type=char[])
ARR 50001c45 (sz=54, trace=300000, nelems=27, elem type=char[])
OBJ 50001c46 (sz=24, trace=300000, class=java.lang.String@5000016e)
	value		50001c49
OBJ 50001c47 (sz=24, trace=300000, class=java.lang.String@5000016e)
	value		50001c48
ARR 50001c48 (sz=72, trace=300000, nelems=36, elem type=char[])
ARR 50001c49 (sz=26, trace=300000, nelems=13, elem type=char[])
OBJ 50001c4a (sz=24, trace=300000, class=java.lang.String@5000016e)
	value		50001c4d
OBJ 50001c4b (sz=24, trace=300000, class=java.lang.String@5000016e)
	value		50001c4c
ARR 50001c4c (sz=52, trace=300000, nelems=26, elem type=char[])
ARR 50001c4d (sz=32, trace=300000, nelems=16, elem type=char[])
OBJ 50001c4e (sz=24, trace=300000, class=java.lang.String@5000016e)
	value		50001c51
OBJ 50001c4f (sz=24, trace=300000, class=java.lang.String@5000016e)
	value		50001c50
ARR 50001c50 (sz=110, trace=300000, nelems=55, elem type=char[])
ARR 50001c51 (sz=110, trace=300000, nelems=55, elem type=char[])
OBJ 50001c52 (sz=24, trace=300000, class=java.lang.String@5000016e)
	value		50001c55
OBJ 50001c53 (sz=24, trace=300000, class=java.lang.String@5000016e)
	value		50001c54
ARR 50001c54 (sz=62, trace=300000, nelems=31, elem type=char[])
ARR 50001c55 (sz=68, trace=300000, nelems=34, elem type=char[])
OBJ 50001c56 (sz=24, trace=300000, class=java.lang.String@5000016e)
	value		50001c59
OBJ 50001c57 (sz=24, trace=300000, class=java.lang.String@5000016e)
	value		50001c58
ARR 50001c58 (sz=72, trace=300000, nelems=36, elem type=char[])
ARR 50001c59 (sz=84, trace=300000, nelems=42, elem type=char[])
OBJ 50001c5a (sz=24, trace=300000, class=java.lang.String@5000016e)
	value		50001c5d
OBJ 50001c5b (sz=24, trace=300000, class=java.lang.String@5000016e)
	value		50001c5c
ARR 50001c5c (sz=80, trace=300000, nelems=40, elem type=char[])
ARR 50001c5d (sz=130, trace=300000, nelems=65, elem type=char[])
OBJ 50001c5e (sz=24, trace=300000, class=java.lang.String@5000016e)
	value		50001c61
OBJ 50001c5f (sz=24, trace=300000, class=java.lang.String@5000016e)
	value		50001c60
ARR 50001c60 (sz=62, trace=300000, nelems=31, elem type=char[])
ARR 50001c61 (sz=36, trace=300000, nelems=18, elem type=char[])
OBJ 50001c62 (sz=24, trace=300000, class=java.lang.String@5000016e)
	value		50001c65
OBJ 50001c63 (sz=24, trace=300000, class=java.lang.String@5000016e)
	value		50001c64
ARR 50001c64 (sz=54, trace=300000, nelems=27, elem type=char[])
ARR 50001c65 (sz=120, trace=300000, nelems=60, elem type=char[])
OBJ 50001c66 (sz=24, trace=300000, class=java.lang.String@5000016e)
	value		50001c69
OBJ 50001c67 (sz=24, trace=300000, class=java.lang.String@5000016e)
	value		50001c68
ARR 50001c68 (sz=68, trace=300000, nelems=34, elem type=char[])
ARR 50001c69 (sz=100, trace=300000, nelems=50, elem type=char[])
OBJ 50001c6a (sz=24, trace=300000, class=java.lang.String@5000016e)
	value		50001c6d
OBJ 50001c6b (sz=24, trace=300000, class=java.lang.String@5000016e)
	value		50001c6c
ARR 50001c6c (sz=70, trace=300000, nelems=35, elem type=char[])
ARR 50001c6d (sz=200, trace=300000, nelems=100, elem type=char[])
OBJ 50001c6e (sz=24, trace=300000, class=java.lang.String@5000016e)
	value		50001c71
OBJ 50001c6f (sz=24, trace=300000, class=java.lang.String@5000016e)
	value		50001c70
ARR 50001c70 (sz=66, trace=300000, nelems=33, elem type=char[])
ARR 50001c71 (sz=34, trace=300000, nelems=17, elem type=char[])
OBJ 50001c72 (sz=24, trace=300000, class=java.lang.String@5000016e)
	value		50001c76
OBJ 50001c73 (sz=56, trace=300687, class=java.util.zip.ZipFile$ZipFileInputStream@5000055c)
OBJ 50001c74 (sz=24, trace=300000, class=java.lang.String@5000016e)
	value		50001c75
ARR 50001c75 (sz=90, trace=300000, nelems=45, elem type=char[])
ARR 50001c76 (sz=76, trace=300000, nelems=38, elem type=char[])
OBJ 50001c77 (sz=56, trace=300687, class=java.util.zip.ZipFile$ZipFileInputStream@5000055c)
	this$0		500004ec
OBJ 50001c78 (sz=40, trace=300106, class=java.lang.ref.Finalizer@5000014d)
	referent	50001c77
	queue		500003aa
	next		50001c29
	prev		50001cd2
OBJ 50001c79 (sz=24, trace=300000, class=java.lang.String@5000016e)
	value		50001c7c
OBJ 50001c7a (sz=24, trace=300000, class=java.lang.String@5000016e)
	value		50001c7b
ARR 50001c7b (sz=62, trace=300000, nelems=31, elem type=char[])
ARR 50001c7c (sz=100, trace=300000, nelems=50, elem type=char[])
OBJ 50001c7d (sz=24, trace=300000, class=java.lang.String@5000016e)
	value		50001c86
OBJ 50001c7e (sz=24, trace=300000, class=java.lang.String@5000016e)
	value		50001c7f
ARR 50001c7f (sz=96, trace=300000, nelems=48, elem type=char[])
OBJ 50001c81 (sz=16, trace=300157, class=java.lang.Object@50000172)
OBJ 50001c82 (sz=32, trace=300159, class=java.util.concurrent.ConcurrentHashMap$Node@50000024)
	key		50000ca6
	val		50001c81
OBJ 50001c83 (sz=16, trace=300160, class=java.lang.Object@50000172)
OBJ 50001c84 (sz=32, trace=300159, class=java.util.concurrent.ConcurrentHashMap$Node@50000024)
	key		50000ca6
	val		50001c83
OBJ 50001c85 (sz=16, trace=300157, class=java.lang.Object@50000172)
ARR 50001c86 (sz=146, trace=300000, nelems=73, elem type=char[])
OBJ 50001c87 (sz=16, trace=300160, class=java.lang.Object@50000172)
OBJ 50001c88 (sz=24, trace=300000, class=java.lang.String@5000016e)
	value		50001c90
OBJ 50001c8a (sz=16, trace=300157, class=java.lang.Object@50000172)
OBJ 50001c8b (sz=32, trace=300159, class=java.util.concurrent.ConcurrentHashMap$Node@50000024)
	key		50000bf6
	val		50001c8a
OBJ 50001c8c (sz=16, trace=300160, class=java.lang.Object@50000172)
OBJ 50001c8d (sz=32, trace=300159, class=java.util.concurrent.ConcurrentHashMap$Node@50000024)
	key		50000bf6
	val		50001c8c
OBJ 50001c8e (sz=24, trace=300000, class=java.lang.String@5000016e)
	value		50001c8f
ARR 50001c8f (sz=60, trace=300000, nelems=30, elem type=char[])
ARR 50001c90 (sz=78, trace=300000, nelems=39, elem type=char[])
OBJ 50001c92 (sz=16, trace=300157, class=java.lang.Object@50000172)
OBJ 50001c93 (sz=32, trace=300159, class=java.util.concurrent.ConcurrentHashMap$Node@50000024)
	key		50000bfe
	val		50001c92
OBJ 50001c94 (sz=16, trace=300160, class=java.lang.Object@50000172)
OBJ 50001c95 (sz=32, trace=300159, class=java.util.concurrent.ConcurrentHashMap$Node@50000024)
	key		50000bfe
	val		50001c94
OBJ 50001c96 (sz=24, trace=300000, class=java.lang.String@5000016e)
	value		50001c99
OBJ 50001c97 (sz=24, trace=300000, class=java.lang.String@5000016e)
	value		50001c98
ARR 50001c98 (sz=96, trace=300000, nelems=48, elem type=char[])
ARR 50001c99 (sz=76, trace=300000, nelems=38, elem type=char[])
OBJ 50001c9a (sz=24, trace=300000, class=java.lang.String@5000016e)
	value		50001c9d
OBJ 50001c9b (sz=24, trace=300000, class=java.lang.String@5000016e)
	value		50001c9c
ARR 50001c9c (sz=64, trace=300000, nelems=32, elem type=char[])
ARR 50001c9d (sz=44, trace=300000, nelems=22, elem type=char[])
OBJ 50001c9e (sz=24, trace=300000, class=java.lang.String@5000016e)
	value		50001ca1
OBJ 50001c9f (sz=24, trace=300000, class=java.lang.String@5000016e)
	value		50001ca0
ARR 50001ca0 (sz=72, trace=300000, nelems=36, elem type=char[])
ARR 50001ca1 (sz=136, trace=300000, nelems=68, elem type=char[])
OBJ 50001ca2 (sz=24, trace=300000, class=java.lang.String@5000016e)
	value		50001ca5
OBJ 50001ca3 (sz=24, trace=300000, class=java.lang.String@5000016e)
	value		50001ca4
ARR 50001ca4 (sz=46, trace=300000, nelems=23, elem type=char[])
ARR 50001ca5 (sz=28, trace=300000, nelems=14, elem type=char[])
OBJ 50001ca6 (sz=24, trace=300000, class=java.lang.String@5000016e)
	value		50001ca9
OBJ 50001ca7 (sz=24, trace=300000, class=java.lang.String@5000016e)
	value		50001ca8
ARR 50001ca8 (sz=80, trace=300000, nelems=40, elem type=char[])
ARR 50001ca9 (sz=130, trace=300000, nelems=65, elem type=char[])
OBJ 50001caa (sz=24, trace=300000, class=java.lang.String@5000016e)
	value		50001cad
OBJ 50001cab (sz=24, trace=300000, class=java.lang.String@5000016e)
	value		50001cac
ARR 50001cac (sz=58, trace=300000, nelems=29, elem type=char[])
ARR 50001cad (sz=46, trace=300000, nelems=23, elem type=char[])
OBJ 50001cae (sz=24, trace=300000, class=java.lang.String@5000016e)
	value		50001cb1
OBJ 50001caf (sz=24, trace=300000, class=java.lang.String@5000016e)
	value		50001cb0
ARR 50001cb0 (sz=62, trace=300000, nelems=31, elem type=char[])
ARR 50001cb1 (sz=176, trace=300000, nelems=88, elem type=char[])
OBJ 50001cb2 (sz=24, trace=300000, class=java.lang.String@5000016e)
	value		50001cb5
OBJ 50001cb3 (sz=24, trace=300000, class=java.lang.String@5000016e)
	value		50001cb4
ARR 50001cb4 (sz=72, trace=300000, nelems=36, elem type=char[])
ARR 50001cb5 (sz=132, trace=300000, nelems=66, elem type=char[])
OBJ 50001cb6 (sz=24, trace=300000, class=java.lang.String@5000016e)
	value		50001cb9
OBJ 50001cb7 (sz=24, trace=300000, class=java.lang.String@5000016e)
	value		50001cb8
ARR 50001cb8 (sz=56, trace=300000, nelems=28, elem type=char[])
ARR 50001cb9 (sz=76, trace=300000, nelems=38, elem type=char[])
OBJ 50001cba (sz=24, trace=300369, class=java.lang.String@5000016e)
	value		50001cbb
ARR 50001cbb (sz=46, trace=300370, nelems=23, elem type=char[])
OBJ 50001cbc (sz=24, trace=300000, class=java.lang.String@5000016e)
	value		50001cbf
OBJ 50001cbd (sz=24, trace=300000, class=java.lang.String@5000016e)
	value		50001cbe
ARR 50001cbe (sz=62, trace=300000, nelems=31, elem type=char[])
ARR 50001cbf (sz=70, trace=300000, nelems=35, elem type=char[])
OBJ 50001cc0 (sz=24, trace=300000, class=java.lang.String@5000016e)
	value		50001cc3
OBJ 50001cc1 (sz=24, trace=300000, class=java.lang.String@5000016e)
	value		50001cc2
ARR 50001cc2 (sz=74, trace=300000, nelems=37, elem type=char[])
ARR 50001cc3 (sz=128, trace=300000, nelems=64, elem type=char[])
OBJ 50001cc4 (sz=24, trace=300000, class=java.lang.String@5000016e)
	value		50001cc7
OBJ 50001cc5 (sz=24, trace=300000, class=java.lang.String@5000016e)
	value		50001cc6
ARR 50001cc6 (sz=72, trace=300000, nelems=36, elem type=char[])
ARR 50001cc7 (sz=92, trace=300000, nelems=46, elem type=char[])
OBJ 50001cc8 (sz=56, trace=300443, class=java.lang.Package@500005db)
	pkgName		50001cba
	loader		500003b4
OBJ 50001cc9 (sz=32, trace=300221, class=java.util.HashMap$Node@500000c4)
	key		50001cba
	value		50001cc8
OBJ 50001cca (sz=24, trace=300000, class=java.lang.String@5000016e)
	value		50001cce
OBJ 50001ccb (sz=24, trace=300000, class=java.lang.String@5000016e)
	value		50001ccc
ARR 50001ccc (sz=84, trace=300000, nelems=42, elem type=char[])
OBJ 50001ccd (sz=56, trace=300687, class=java.util.zip.ZipFile$ZipFileInputStream@5000055c)
ARR 50001cce (sz=82, trace=300000, nelems=41, elem type=char[])
OBJ 50001ccf (sz=24, trace=300000, class=java.lang.String@5000016e)
	value		50001cd7
OBJ 50001cd0 (sz=24, trace=300000, class=java.lang.String@5000016e)
	value		50001cd3
OBJ 50001cd1 (sz=56, trace=300687, class=java.util.zip.ZipFile$ZipFileInputStream@5000055c)
	this$0		500004ec
OBJ 50001cd2 (sz=40, trace=300106, class=java.lang.ref.Finalizer@5000014d)
	referent	50001cd1
	queue		500003aa
	next		50001c78
	prev		50001d2a
ARR 50001cd3 (sz=72, trace=300000, nelems=36, elem type=char[])
OBJ 50001cd4 (sz=24, trace=300668, class=java.lang.String@5000016e)
	value		50001cd5
ARR 50001cd5 (sz=46, trace=300669, nelems=23, elem type=char[])
OBJ 50001cd6 (sz=32, trace=300671, class=java.util.concurrent.ConcurrentHashMap$Node@50000024)
	key		50001cd4
	val		50000a87
ARR 50001cd7 (sz=122, trace=300000, nelems=61, elem type=char[])
OBJ 50001cd8 (sz=24, trace=300000, class=java.lang.String@5000016e)
	value		50001ce8
OBJ 50001cd9 (sz=24, trace=300000, class=java.lang.String@5000016e)
	value		50001cda
ARR 50001cda (sz=82, trace=300000, nelems=41, elem type=char[])
OBJ 50001cdc (sz=16, trace=300157, class=java.lang.Object@50000172)
OBJ 50001cdd (sz=32, trace=300683, class=java.util.concurrent.ConcurrentHashMap$Node@50000024)
	key		50000baf
	val		50001cdc
OBJ 50001cde (sz=16, trace=300160, class=java.lang.Object@50000172)
OBJ 50001cdf (sz=32, trace=300683, class=java.util.concurrent.ConcurrentHashMap$Node@50000024)
	key		50000baf
	val		50001cde
OBJ 50001ce1 (sz=16, trace=300835, class=com.sun.tools.javac.util.Context$Key@50001504)
OBJ 50001ce2 (sz=16, trace=300836, class=com.sun.tools.javac.util.Context$Key@50001504)
OBJ 50001ce3 (sz=32, trace=300221, class=java.util.HashMap$Node@500000c4)
OBJ 50001ce4 (sz=16, trace=300157, class=java.lang.Object@50000172)
OBJ 50001ce5 (sz=32, trace=300159, class=java.util.concurrent.ConcurrentHashMap$Node@50000024)
	key		50000cb7
	val		50001ce4
OBJ 50001ce6 (sz=16, trace=300160, class=java.lang.Object@50000172)
OBJ 50001ce7 (sz=32, trace=300159, class=java.util.concurrent.ConcurrentHashMap$Node@50000024)
	key		50000cb7
	val		50001ce6
ARR 50001ce8 (sz=110, trace=300000, nelems=55, elem type=char[])
OBJ 50001ce9 (sz=24, trace=300000, class=java.lang.String@5000016e)
	value		50001cec
OBJ 50001cea (sz=24, trace=300000, class=java.lang.String@5000016e)
	value		50001ceb
ARR 50001ceb (sz=96, trace=300000, nelems=48, elem type=char[])
ARR 50001cec (sz=176, trace=300000, nelems=88, elem type=char[])
OBJ 50001ced (sz=24, trace=300000, class=java.lang.String@5000016e)
	value		50001cf4
OBJ 50001cee (sz=16, trace=300157, class=java.lang.Object@50000172)
OBJ 50001cef (sz=32, trace=300159, class=java.util.concurrent.ConcurrentHashMap$Node@50000024)
	key		50000b6c
	val		50001cee
OBJ 50001cf0 (sz=16, trace=300160, class=java.lang.Object@50000172)
OBJ 50001cf1 (sz=32, trace=300159, class=java.util.concurrent.ConcurrentHashMap$Node@50000024)
	key		50000b6c
	val		50001cf0
OBJ 50001cf2 (sz=24, trace=300000, class=java.lang.String@5000016e)
	value		50001cf3
ARR 50001cf3 (sz=68, trace=300000, nelems=34, elem type=char[])
ARR 50001cf4 (sz=130, trace=300000, nelems=65, elem type=char[])
OBJ 50001cf5 (sz=24, trace=300000, class=java.lang.String@5000016e)
	value		50001cf8
OBJ 50001cf6 (sz=24, trace=300000, class=java.lang.String@5000016e)
	value		50001cf7
ARR 50001cf7 (sz=82, trace=300000, nelems=41, elem type=char[])
ARR 50001cf8 (sz=54, trace=300000, nelems=27, elem type=char[])
OBJ 50001cf9 (sz=24, trace=300000, class=java.lang.String@5000016e)
	value		50001cfc
OBJ 50001cfa (sz=24, trace=300000, class=java.lang.String@5000016e)
	value		50001cfb
ARR 50001cfb (sz=62, trace=300000, nelems=31, elem type=char[])
ARR 50001cfc (sz=42, trace=300000, nelems=21, elem type=char[])
OBJ 50001cfd (sz=24, trace=300000, class=java.lang.String@5000016e)
	value		50001d00
OBJ 50001cfe (sz=24, trace=300000, class=java.lang.String@5000016e)
	value		50001cff
ARR 50001cff (sz=82, trace=300000, nelems=41, elem type=char[])
ARR 50001d00 (sz=70, trace=300000, nelems=35, elem type=char[])
OBJ 50001d01 (sz=24, trace=300000, class=java.lang.String@5000016e)
	value		50001d04
OBJ 50001d02 (sz=24, trace=300000, class=java.lang.String@5000016e)
	value		50001d03
ARR 50001d03 (sz=44, trace=300000, nelems=22, elem type=char[])
ARR 50001d04 (sz=50, trace=300000, nelems=25, elem type=char[])
OBJ 50001d05 (sz=24, trace=300000, class=java.lang.String@5000016e)
	value		50001d08
OBJ 50001d06 (sz=24, trace=300000, class=java.lang.String@5000016e)
	value		50001d07
ARR 50001d07 (sz=82, trace=300000, nelems=41, elem type=char[])
ARR 50001d08 (sz=118, trace=300000, nelems=59, elem type=char[])
OBJ 50001d09 (sz=24, trace=300000, class=java.lang.String@5000016e)
	value		50001d0c
OBJ 50001d0a (sz=24, trace=300000, class=java.lang.String@5000016e)
	value		50001d0b
ARR 50001d0b (sz=44, trace=300000, nelems=22, elem type=char[])
ARR 50001d0c (sz=38, trace=300000, nelems=19, elem type=char[])
OBJ 50001d0d (sz=24, trace=300000, class=java.lang.String@5000016e)
	value		50001d10
OBJ 50001d0e (sz=24, trace=300000, class=java.lang.String@5000016e)
	value		50001d0f
ARR 50001d0f (sz=90, trace=300000, nelems=45, elem type=char[])
ARR 50001d10 (sz=132, trace=300000, nelems=66, elem type=char[])
OBJ 50001d11 (sz=24, trace=300000, class=java.lang.String@5000016e)
	value		50001d12
ARR 50001d12 (sz=44, trace=300000, nelems=22, elem type=char[])
ARR 50001d13 (sz=14, trace=300000, nelems=7, elem type=char[])
OBJ 50001d14 (sz=24, trace=300000, class=java.lang.String@5000016e)
	value		50001d17
OBJ 50001d15 (sz=24, trace=300000, class=java.lang.String@5000016e)
	value		50001d16
ARR 50001d16 (sz=60, trace=300000, nelems=30, elem type=char[])
ARR 50001d17 (sz=106, trace=300000, nelems=53, elem type=char[])
OBJ 50001d18 (sz=24, trace=300000, class=java.lang.String@5000016e)
	value		50001d1b
OBJ 50001d19 (sz=24, trace=300000, class=java.lang.String@5000016e)
	value		50001d1a
ARR 50001d1a (sz=68, trace=300000, nelems=34, elem type=char[])
ARR 50001d1b (sz=22, trace=300000, nelems=11, elem type=char[])
OBJ 50001d1c (sz=24, trace=300000, class=java.lang.String@5000016e)
	value		50001d20
OBJ 50001d1d (sz=56, trace=300687, class=java.util.zip.ZipFile$ZipFileInputStream@5000055c)
OBJ 50001d1e (sz=24, trace=300000, class=java.lang.String@5000016e)
	value		50001d1f
ARR 50001d1f (sz=72, trace=300000, nelems=36, elem type=char[])
ARR 50001d20 (sz=46, trace=300000, nelems=23, elem type=char[])
OBJ 50001d21 (sz=24, trace=300000, class=java.lang.String@5000016e)
	value		50001d24
OBJ 50001d22 (sz=24, trace=300000, class=java.lang.String@5000016e)
	value		50001d23
ARR 50001d23 (sz=50, trace=300000, nelems=25, elem type=char[])
ARR 50001d24 (sz=50, trace=300000, nelems=25, elem type=char[])
OBJ 50001d25 (sz=24, trace=300000, class=java.lang.String@5000016e)
	value		50001d28
OBJ 50001d26 (sz=24, trace=300000, class=java.lang.String@5000016e)
	value		50001d27
ARR 50001d27 (sz=114, trace=300000, nelems=57, elem type=char[])
ARR 50001d28 (sz=102, trace=300000, nelems=51, elem type=char[])
OBJ 50001d29 (sz=56, trace=300687, class=java.util.zip.ZipFile$ZipFileInputStream@5000055c)
	this$0		500004ec
OBJ 50001d2a (sz=40, trace=300106, class=java.lang.ref.Finalizer@5000014d)
	referent	50001d29
	queue		500003aa
	next		50001cd2
	prev		50001d7e
OBJ 50001d2c (sz=16, trace=300157, class=java.lang.Object@50000172)
OBJ 50001d2d (sz=32, trace=300683, class=java.util.concurrent.ConcurrentHashMap$Node@50000024)
	key		50000cb5
	val		50001d2c
OBJ 50001d2e (sz=16, trace=300160, class=java.lang.Object@50000172)
OBJ 50001d2f (sz=32, trace=300683, class=java.util.concurrent.ConcurrentHashMap$Node@50000024)
	key		50000cb5
	val		50001d2e
OBJ 50001d30 (sz=24, trace=300000, class=java.lang.String@5000016e)
	value		50001d33
OBJ 50001d31 (sz=24, trace=300000, class=java.lang.String@5000016e)
	value		50001d32
ARR 50001d32 (sz=54, trace=300000, nelems=27, elem type=char[])
ARR 50001d33 (sz=74, trace=300000, nelems=37, elem type=char[])
OBJ 50001d34 (sz=24, trace=300000, class=java.lang.String@5000016e)
	value		50001d37
OBJ 50001d35 (sz=24, trace=300000, class=java.lang.String@5000016e)
	value		50001d36
ARR 50001d36 (sz=54, trace=300000, nelems=27, elem type=char[])
ARR 50001d37 (sz=54, trace=300000, nelems=27, elem type=char[])
OBJ 50001d38 (sz=24, trace=300000, class=java.lang.String@5000016e)
	value		50001d41
OBJ 50001d39 (sz=24, trace=300000, class=java.lang.String@5000016e)
	value		50001d40
OBJ 50001d3c (sz=16, trace=300157, class=java.lang.Object@50000172)
OBJ 50001d3d (sz=32, trace=300159, class=java.util.concurrent.ConcurrentHashMap$Node@50000024)
	key		50000c2a
	val		50001d3c
OBJ 50001d3e (sz=16, trace=300160, class=java.lang.Object@50000172)
OBJ 50001d3f (sz=32, trace=300159, class=java.util.concurrent.ConcurrentHashMap$Node@50000024)
	key		50000c2a
	val		50001d3e
ARR 50001d40 (sz=60, trace=300000, nelems=30, elem type=char[])
ARR 50001d41 (sz=76, trace=300000, nelems=38, elem type=char[])
OBJ 50001d42 (sz=24, trace=300000, class=java.lang.String@5000016e)
	value		50001d45
OBJ 50001d43 (sz=24, trace=300000, class=java.lang.String@5000016e)
	value		50001d44
ARR 50001d44 (sz=84, trace=300000, nelems=42, elem type=char[])
ARR 50001d45 (sz=126, trace=300000, nelems=63, elem type=char[])
OBJ 50001d46 (sz=24, trace=300000, class=java.lang.String@5000016e)
	value		50001d49
OBJ 50001d47 (sz=24, trace=300000, class=java.lang.String@5000016e)
	value		50001d48
ARR 50001d48 (sz=72, trace=300000, nelems=36, elem type=char[])
ARR 50001d49 (sz=82, trace=300000, nelems=41, elem type=char[])
OBJ 50001d4a (sz=24, trace=300000, class=java.lang.String@5000016e)
	value		50001d4d
OBJ 50001d4b (sz=24, trace=300000, class=java.lang.String@5000016e)
	value		50001d4c
ARR 50001d4c (sz=50, trace=300000, nelems=25, elem type=char[])
ARR 50001d4d (sz=48, trace=300000, nelems=24, elem type=char[])
OBJ 50001d4e (sz=24, trace=300000, class=java.lang.String@5000016e)
	value		50001d51
OBJ 50001d4f (sz=24, trace=300000, class=java.lang.String@5000016e)
	value		50001d50
ARR 50001d50 (sz=100, trace=300000, nelems=50, elem type=char[])
ARR 50001d51 (sz=102, trace=300000, nelems=51, elem type=char[])
OBJ 50001d52 (sz=24, trace=300000, class=java.lang.String@5000016e)
	value		50001d55
OBJ 50001d53 (sz=24, trace=300000, class=java.lang.String@5000016e)
	value		50001d54
ARR 50001d54 (sz=88, trace=300000, nelems=44, elem type=char[])
ARR 50001d55 (sz=68, trace=300000, nelems=34, elem type=char[])
OBJ 50001d56 (sz=24, trace=300000, class=java.lang.String@5000016e)
	value		50001d59
OBJ 50001d57 (sz=24, trace=300000, class=java.lang.String@5000016e)
	value		50001d58
ARR 50001d58 (sz=74, trace=300000, nelems=37, elem type=char[])
ARR 50001d59 (sz=216, trace=300000, nelems=108, elem type=char[])
OBJ 50001d5a (sz=24, trace=300000, class=java.lang.String@5000016e)
	value		50001d5d
OBJ 50001d5b (sz=24, trace=300000, class=java.lang.String@5000016e)
	value		50001d5c
ARR 50001d5c (sz=54, trace=300000, nelems=27, elem type=char[])
ARR 50001d5d (sz=56, trace=300000, nelems=28, elem type=char[])
OBJ 50001d5e (sz=24, trace=300000, class=java.lang.String@5000016e)
	value		50001d61
OBJ 50001d5f (sz=24, trace=300000, class=java.lang.String@5000016e)
	value		50001d60
ARR 50001d60 (sz=62, trace=300000, nelems=31, elem type=char[])
ARR 50001d61 (sz=46, trace=300000, nelems=23, elem type=char[])
OBJ 50001d62 (sz=24, trace=300000, class=java.lang.String@5000016e)
	value		50001d66
OBJ 50001d63 (sz=24, trace=300000, class=java.lang.String@5000016e)
	value		50001d64
ARR 50001d64 (sz=84, trace=300000, nelems=42, elem type=char[])
OBJ 50001d65 (sz=56, trace=300687, class=java.util.zip.ZipFile$ZipFileInputStream@5000055c)
ARR 50001d66 (sz=168, trace=300000, nelems=84, elem type=char[])
OBJ 50001d67 (sz=24, trace=300000, class=java.lang.String@5000016e)
	value		50001d6a
OBJ 50001d68 (sz=24, trace=300000, class=java.lang.String@5000016e)
	value		50001d69
ARR 50001d69 (sz=64, trace=300000, nelems=32, elem type=char[])
ARR 50001d6a (sz=62, trace=300000, nelems=31, elem type=char[])
OBJ 50001d6b (sz=24, trace=300000, class=java.lang.String@5000016e)
	value		50001d6e
OBJ 50001d6c (sz=24, trace=300000, class=java.lang.String@5000016e)
	value		50001d6d
ARR 50001d6d (sz=90, trace=300000, nelems=45, elem type=char[])
ARR 50001d6e (sz=172, trace=300000, nelems=86, elem type=char[])
OBJ 50001d6f (sz=24, trace=300000, class=java.lang.String@5000016e)
	value		50001d78
OBJ 50001d70 (sz=24, trace=300000, class=java.lang.String@5000016e)
	value		50001d71
ARR 50001d71 (sz=42, trace=300000, nelems=21, elem type=char[])
OBJ 50001d73 (sz=16, trace=300837, class=com.sun.tools.javac.util.Context$Key@50001504)
OBJ 50001d74 (sz=16, trace=300157, class=java.lang.Object@50000172)
OBJ 50001d75 (sz=32, trace=300159, class=java.util.concurrent.ConcurrentHashMap$Node@50000024)
	key		50000c62
	val		50001d74
OBJ 50001d76 (sz=16, trace=300160, class=java.lang.Object@50000172)
OBJ 50001d77 (sz=32, trace=300159, class=java.util.concurrent.ConcurrentHashMap$Node@50000024)
	key		50000c62
	val		50001d76
ARR 50001d78 (sz=24, trace=300000, nelems=12, elem type=char[])
OBJ 50001d79 (sz=24, trace=300000, class=java.lang.String@5000016e)
	value		50001d7c
OBJ 50001d7a (sz=24, trace=300000, class=java.lang.String@5000016e)
	value		50001d7b
ARR 50001d7b (sz=50, trace=300000, nelems=25, elem type=char[])
ARR 50001d7c (sz=68, trace=300000, nelems=34, elem type=char[])
OBJ 50001d7d (sz=56, trace=300687, class=java.util.zip.ZipFile$ZipFileInputStream@5000055c)
	this$0		500004ec
OBJ 50001d7e (sz=40, trace=300106, class=java.lang.ref.Finalizer@5000014d)
	referent	50001d7d
	queue		500003aa
	next		50001d2a
	prev		50001dca
OBJ 50001d7f (sz=24, trace=300000, class=java.lang.String@5000016e)
	value		50001d82
OBJ 50001d80 (sz=24, trace=300000, class=java.lang.String@5000016e)
	value		50001d81
ARR 50001d81 (sz=76, trace=300000, nelems=38, elem type=char[])
ARR 50001d82 (sz=138, trace=300000, nelems=69, elem type=char[])
OBJ 50001d83 (sz=24, trace=300000, class=java.lang.String@5000016e)
	value		50001d84
ARR 50001d84 (sz=68, trace=300000, nelems=34, elem type=char[])
OBJ 50001d85 (sz=24, trace=300000, class=java.lang.String@5000016e)
	value		50001d88
OBJ 50001d86 (sz=24, trace=300000, class=java.lang.String@5000016e)
	value		50001d87
ARR 50001d87 (sz=68, trace=300000, nelems=34, elem type=char[])
ARR 50001d88 (sz=162, trace=300000, nelems=81, elem type=char[])
OBJ 50001d89 (sz=24, trace=300000, class=java.lang.String@5000016e)
	value		50001d90
OBJ 50001d8a (sz=16, trace=300157, class=java.lang.Object@50000172)
OBJ 50001d8b (sz=32, trace=300159, class=java.util.concurrent.ConcurrentHashMap$Node@50000024)
	key		50000cfb
	val		50001d8a
OBJ 50001d8c (sz=16, trace=300160, class=java.lang.Object@50000172)
OBJ 50001d8d (sz=32, trace=300159, class=java.util.concurrent.ConcurrentHashMap$Node@50000024)
	key		50000cfb
	val		50001d8c
OBJ 50001d8e (sz=24, trace=300000, class=java.lang.String@5000016e)
	value		50001d8f
ARR 50001d8f (sz=116, trace=300000, nelems=58, elem type=char[])
ARR 50001d90 (sz=152, trace=300000, nelems=76, elem type=char[])
OBJ 50001d91 (sz=24, trace=300000, class=java.lang.String@5000016e)
	value		50001d94
OBJ 50001d92 (sz=24, trace=300000, class=java.lang.String@5000016e)
	value		50001d93
ARR 50001d93 (sz=74, trace=300000, nelems=37, elem type=char[])
ARR 50001d94 (sz=88, trace=300000, nelems=44, elem type=char[])
OBJ 50001d95 (sz=24, trace=300000, class=java.lang.String@5000016e)
	value		50001d98
OBJ 50001d96 (sz=24, trace=300000, class=java.lang.String@5000016e)
	value		50001d97
ARR 50001d97 (sz=66, trace=300000, nelems=33, elem type=char[])
ARR 50001d98 (sz=58, trace=300000, nelems=29, elem type=char[])
OBJ 50001d99 (sz=24, trace=300000, class=java.lang.String@5000016e)
	value		50001d9c
OBJ 50001d9a (sz=24, trace=300000, class=java.lang.String@5000016e)
	value		50001d9b
ARR 50001d9b (sz=70, trace=300000, nelems=35, elem type=char[])
ARR 50001d9c (sz=38, trace=300000, nelems=19, elem type=char[])
OBJ 50001d9d (sz=24, trace=300000, class=java.lang.String@5000016e)
	value		50001d9e
ARR 50001d9e (sz=78, trace=300000, nelems=39, elem type=char[])
OBJ 50001d9f (sz=24, trace=300000, class=java.lang.String@5000016e)
	value		50001da0
ARR 50001da0 (sz=64, trace=300000, nelems=32, elem type=char[])
OBJ 50001da1 (sz=24, trace=300000, class=java.lang.String@5000016e)
	value		50001da4
OBJ 50001da2 (sz=24, trace=300000, class=java.lang.String@5000016e)
	value		50001da3
ARR 50001da3 (sz=104, trace=300000, nelems=52, elem type=char[])
ARR 50001da4 (sz=78, trace=300000, nelems=39, elem type=char[])
OBJ 50001da5 (sz=24, trace=300000, class=java.lang.String@5000016e)
	value		50001da8
OBJ 50001da6 (sz=24, trace=300000, class=java.lang.String@5000016e)
	value		50001da7
ARR 50001da7 (sz=64, trace=300000, nelems=32, elem type=char[])
ARR 50001da8 (sz=62, trace=300000, nelems=31, elem type=char[])
OBJ 50001da9 (sz=24, trace=300000, class=java.lang.String@5000016e)
	value		50001dac
OBJ 50001daa (sz=24, trace=300000, class=java.lang.String@5000016e)
	value		50001dab
ARR 50001dab (sz=62, trace=300000, nelems=31, elem type=char[])
ARR 50001dac (sz=288, trace=300000, nelems=144, elem type=char[])
OBJ 50001dad (sz=56, trace=300687, class=java.util.zip.ZipFile$ZipFileInputStream@5000055c)
OBJ 50001dae (sz=24, trace=300000, class=java.lang.String@5000016e)
	value		50001db1
OBJ 50001daf (sz=24, trace=300000, class=java.lang.String@5000016e)
	value		50001db0
ARR 50001db0 (sz=84, trace=300000, nelems=42, elem type=char[])
ARR 50001db1 (sz=78, trace=300000, nelems=39, elem type=char[])
OBJ 50001db2 (sz=24, trace=300000, class=java.lang.String@5000016e)
	value		50001db5
OBJ 50001db3 (sz=24, trace=300000, class=java.lang.String@5000016e)
	value		50001db4
ARR 50001db4 (sz=60, trace=300000, nelems=30, elem type=char[])
ARR 50001db5 (sz=178, trace=300000, nelems=89, elem type=char[])
OBJ 50001db6 (sz=24, trace=300000, class=java.lang.String@5000016e)
	value		50001db9
OBJ 50001db7 (sz=24, trace=300000, class=java.lang.String@5000016e)
	value		50001db8
ARR 50001db8 (sz=86, trace=300000, nelems=43, elem type=char[])
ARR 50001db9 (sz=140, trace=300000, nelems=70, elem type=char[])
OBJ 50001dba (sz=24, trace=300000, class=java.lang.String@5000016e)
	value		50001dbf
OBJ 50001dbb (sz=16, trace=300157, class=java.lang.Object@50000172)
OBJ 50001dbc (sz=24, trace=300000, class=java.lang.String@5000016e)
	value		50001dbe
OBJ 50001dbd (sz=16, trace=300160, class=java.lang.Object@50000172)
ARR 50001dbe (sz=64, trace=300000, nelems=32, elem type=char[])
ARR 50001dbf (sz=62, trace=300000, nelems=31, elem type=char[])
OBJ 50001dc0 (sz=24, trace=300000, class=java.lang.String@5000016e)
	value		50001dc3
OBJ 50001dc1 (sz=24, trace=300000, class=java.lang.String@5000016e)
	value		50001dc2
ARR 50001dc2 (sz=116, trace=300000, nelems=58, elem type=char[])
ARR 50001dc3 (sz=90, trace=300000, nelems=45, elem type=char[])
OBJ 50001dc4 (sz=24, trace=300000, class=java.lang.String@5000016e)
	value		50001dc7
OBJ 50001dc5 (sz=24, trace=300000, class=java.lang.String@5000016e)
	value		50001dc6
ARR 50001dc6 (sz=86, trace=300000, nelems=43, elem type=char[])
ARR 50001dc7 (sz=66, trace=300000, nelems=33, elem type=char[])
OBJ 50001dc8 (sz=24, trace=300000, class=java.lang.String@5000016e)
	value		50001dcd
OBJ 50001dc9 (sz=56, trace=300687, class=java.util.zip.ZipFile$ZipFileInputStream@5000055c)
	this$0		500004ec
OBJ 50001dca (sz=40, trace=300106, class=java.lang.ref.Finalizer@5000014d)
	referent	50001dc9
	queue		500003aa
	next		50001d7e
	prev		50001e2e
OBJ 50001dcb (sz=24, trace=300000, class=java.lang.String@5000016e)
	value		50001dcc
ARR 50001dcc (sz=66, trace=300000, nelems=33, elem type=char[])
ARR 50001dcd (sz=88, trace=300000, nelems=44, elem type=char[])
OBJ 50001dce (sz=24, trace=300000, class=java.lang.String@5000016e)
	value		50001dd1
OBJ 50001dcf (sz=24, trace=300000, class=java.lang.String@5000016e)
	value		50001dd0
ARR 50001dd0 (sz=90, trace=300000, nelems=45, elem type=char[])
ARR 50001dd1 (sz=172, trace=300000, nelems=86, elem type=char[])
OBJ 50001dd2 (sz=24, trace=300000, class=java.lang.String@5000016e)
	value		50001dd3
ARR 50001dd3 (sz=74, trace=300000, nelems=37, elem type=char[])
OBJ 50001dd4 (sz=24, trace=300000, class=java.lang.String@5000016e)
	value		50001dde
OBJ 50001dd7 (sz=16, trace=301106, class=com.sun.tools.javac.util.Context$Key@50001504)
OBJ 50001dd8 (sz=16, trace=300157, class=java.lang.Object@50000172)
OBJ 50001dd9 (sz=32, trace=300159, class=java.util.concurrent.ConcurrentHashMap$Node@50000024)
	key		50000c79
	val		50001dd8
OBJ 50001dda (sz=16, trace=300160, class=java.lang.Object@50000172)
OBJ 50001ddb (sz=32, trace=300159, class=java.util.concurrent.ConcurrentHashMap$Node@50000024)
	key		50000c79
	val		50001dda
OBJ 50001ddc (sz=24, trace=300000, class=java.lang.String@5000016e)
	value		50001ddd
ARR 50001ddd (sz=96, trace=300000, nelems=48, elem type=char[])
ARR 50001dde (sz=104, trace=300000, nelems=52, elem type=char[])
OBJ 50001ddf (sz=24, trace=300000, class=java.lang.String@5000016e)
	value		50001de2
OBJ 50001de0 (sz=24, trace=300000, class=java.lang.String@5000016e)
	value		50001de1
ARR 50001de1 (sz=66, trace=300000, nelems=33, elem type=char[])
ARR 50001de2 (sz=60, trace=300000, nelems=30, elem type=char[])
OBJ 50001de3 (sz=24, trace=300000, class=java.lang.String@5000016e)
	value		50001de6
OBJ 50001de4 (sz=24, trace=300000, class=java.lang.String@5000016e)
	value		50001de5
ARR 50001de5 (sz=46, trace=300000, nelems=23, elem type=char[])
ARR 50001de6 (sz=12, trace=300000, nelems=6, elem type=char[])
OBJ 50001de7 (sz=24, trace=300000, class=java.lang.String@5000016e)
	value		50001dea
OBJ 50001de8 (sz=24, trace=300000, class=java.lang.String@5000016e)
	value		50001de9
ARR 50001de9 (sz=56, trace=300000, nelems=28, elem type=char[])
ARR 50001dea (sz=42, trace=300000, nelems=21, elem type=char[])
OBJ 50001deb (sz=24, trace=300000, class=java.lang.String@5000016e)
	value		50001dee
OBJ 50001dec (sz=24, trace=300000, class=java.lang.String@5000016e)
	value		50001ded
ARR 50001ded (sz=76, trace=300000, nelems=38, elem type=char[])
ARR 50001dee (sz=76, trace=300000, nelems=38, elem type=char[])
OBJ 50001def (sz=24, trace=300000, class=java.lang.String@5000016e)
	value		50001df2
OBJ 50001df0 (sz=24, trace=300000, class=java.lang.String@5000016e)
	value		50001df1
ARR 50001df1 (sz=94, trace=300000, nelems=47, elem type=char[])
ARR 50001df2 (sz=154, trace=300000, nelems=77, elem type=char[])
OBJ 50001df3 (sz=24, trace=300000, class=java.lang.String@5000016e)
	value		50001df7
OBJ 50001df4 (sz=56, trace=300687, class=java.util.zip.ZipFile$ZipFileInputStream@5000055c)
OBJ 50001df5 (sz=24, trace=300000, class=java.lang.String@5000016e)
	value		50001df6
ARR 50001df6 (sz=84, trace=300000, nelems=42, elem type=char[])
ARR 50001df7 (sz=154, trace=300000, nelems=77, elem type=char[])
OBJ 50001df8 (sz=24, trace=300000, class=java.lang.String@5000016e)
	value		50001dfb
OBJ 50001df9 (sz=24, trace=300000, class=java.lang.String@5000016e)
	value		50001dfa
ARR 50001dfa (sz=82, trace=300000, nelems=41, elem type=char[])
ARR 50001dfb (sz=74, trace=300000, nelems=37, elem type=char[])
OBJ 50001dfc (sz=24, trace=300000, class=java.lang.String@5000016e)
	value		50001dff
OBJ 50001dfd (sz=24, trace=300000, class=java.lang.String@5000016e)
	value		50001dfe
ARR 50001dfe (sz=48, trace=300000, nelems=24, elem type=char[])
ARR 50001dff (sz=40, trace=300000, nelems=20, elem type=char[])
OBJ 50001e02 (sz=16, trace=300157, class=java.lang.Object@50000172)
OBJ 50001e03 (sz=32, trace=300683, class=java.util.concurrent.ConcurrentHashMap$Node@50000024)
	key		50000cff
	val		50001e02
	next		50000a53
OBJ 50001e04 (sz=16, trace=300160, class=java.lang.Object@50000172)
OBJ 50001e05 (sz=32, trace=300683, class=java.util.concurrent.ConcurrentHashMap$Node@50000024)
	key		50000cff
	val		50001e04
	next		50000a57
OBJ 50001e07 (sz=16, trace=300157, class=java.lang.Object@50000172)
OBJ 50001e08 (sz=32, trace=300159, class=java.util.concurrent.ConcurrentHashMap$Node@50000024)
	key		50000c0e
	val		50001e07
OBJ 50001e09 (sz=16, trace=300160, class=java.lang.Object@50000172)
OBJ 50001e0a (sz=32, trace=300159, class=java.util.concurrent.ConcurrentHashMap$Node@50000024)
	key		50000c0e
	val		50001e09
OBJ 50001e0c (sz=16, trace=300838, class=com.sun.tools.javac.util.Context$Key@50001504)
OBJ 50001e0d (sz=16, trace=300157, class=java.lang.Object@50000172)
OBJ 50001e0e (sz=32, trace=300683, class=java.util.concurrent.ConcurrentHashMap$Node@50000024)
	key		50000c97
	val		50001e0d
	next		50000777
OBJ 50001e0f (sz=16, trace=300160, class=java.lang.Object@50000172)
OBJ 50001e10 (sz=32, trace=300683, class=java.util.concurrent.ConcurrentHashMap$Node@50000024)
	key		50000c97
	val		50001e0f
	next		5000077a
OBJ 50001e11 (sz=16, trace=300839, class=com.sun.tools.javac.util.Context$Key@50001504)
OBJ 50001e12 (sz=32, trace=300221, class=java.util.HashMap$Node@500000c4)
OBJ 50001e13 (sz=32, trace=300840, class=com.sun.tools.javac.util.JavacMessages@50001e01)
OBJ 50001e14 (sz=48, trace=300841, class=java.util.HashMap@500000c6)
OBJ 50001e15 (sz=24, trace=300842, class=com.sun.tools.javac.util.List@50001ac1)
OBJ 50001e16 (sz=16, trace=300157, class=java.lang.Object@50000172)
OBJ 50001e17 (sz=32, trace=300159, class=java.util.concurrent.ConcurrentHashMap$Node@50000024)
	key		50000be8
	val		50001e16
OBJ 50001e18 (sz=16, trace=300160, class=java.lang.Object@50000172)
OBJ 50001e19 (sz=32, trace=300159, class=java.util.concurrent.ConcurrentHashMap$Node@50000024)
	key		50000be8
	val		50001e18
OBJ 50001e1a (sz=24, trace=300000, class=java.lang.String@5000016e)
	value		50001e1d
OBJ 50001e1b (sz=24, trace=300000, class=java.lang.String@5000016e)
	value		50001e1c
ARR 50001e1c (sz=80, trace=300000, nelems=40, elem type=char[])
ARR 50001e1d (sz=112, trace=300000, nelems=56, elem type=char[])
OBJ 50001e1e (sz=24, trace=300000, class=java.lang.String@5000016e)
	value		50001e21
OBJ 50001e1f (sz=24, trace=300000, class=java.lang.String@5000016e)
	value		50001e20
ARR 50001e20 (sz=82, trace=300000, nelems=41, elem type=char[])
ARR 50001e21 (sz=130, trace=300000, nelems=65, elem type=char[])
OBJ 50001e22 (sz=24, trace=300000, class=java.lang.String@5000016e)
	value		50001e25
OBJ 50001e23 (sz=24, trace=300000, class=java.lang.String@5000016e)
	value		50001e24
ARR 50001e24 (sz=102, trace=300000, nelems=51, elem type=char[])
ARR 50001e25 (sz=116, trace=300000, nelems=58, elem type=char[])
OBJ 50001e26 (sz=24, trace=300000, class=java.lang.String@5000016e)
	value		50001e29
OBJ 50001e27 (sz=24, trace=300000, class=java.lang.String@5000016e)
	value		50001e28
ARR 50001e28 (sz=56, trace=300000, nelems=28, elem type=char[])
ARR 50001e29 (sz=10, trace=300000, nelems=5, elem type=char[])
OBJ 50001e2a (sz=24, trace=300000, class=java.lang.String@5000016e)
	value		50001e2f
OBJ 50001e2b (sz=24, trace=300000, class=java.lang.String@5000016e)
	value		50001e2c
ARR 50001e2c (sz=64, trace=300000, nelems=32, elem type=char[])
OBJ 50001e2d (sz=56, trace=300687, class=java.util.zip.ZipFile$ZipFileInputStream@5000055c)
	this$0		500004ec
OBJ 50001e2e (sz=40, trace=300106, class=java.lang.ref.Finalizer@5000014d)
	referent	50001e2d
	queue		500003aa
	next		50001dca
	prev		50001e9f
ARR 50001e2f (sz=28, trace=300000, nelems=14, elem type=char[])
OBJ 50001e30 (sz=24, trace=300000, class=java.lang.String@5000016e)
	value		50001e33
OBJ 50001e31 (sz=24, trace=300000, class=java.lang.String@5000016e)
	value		50001e32
ARR 50001e32 (sz=44, trace=300000, nelems=22, elem type=char[])
ARR 50001e33 (sz=32, trace=300000, nelems=16, elem type=char[])
OBJ 50001e34 (sz=24, trace=300000, class=java.lang.String@5000016e)
	value		50001e35
ARR 50001e35 (sz=52, trace=300000, nelems=26, elem type=char[])
OBJ 50001e36 (sz=24, trace=300000, class=java.lang.String@5000016e)
	value		50001e39
OBJ 50001e37 (sz=24, trace=300000, class=java.lang.String@5000016e)
	value		50001e38
ARR 50001e38 (sz=64, trace=300000, nelems=32, elem type=char[])
ARR 50001e39 (sz=112, trace=300000, nelems=56, elem type=char[])
OBJ 50001e3b (sz=24, trace=301107, class=com.sun.tools.javac.main.JavaCompiler$CompilePolicy@50001e3a)
	name		50002a26
OBJ 50001e3c (sz=24, trace=301108, class=com.sun.tools.javac.main.JavaCompiler$CompilePolicy@50001e3a)
	name		50002a29
OBJ 50001e3d (sz=24, trace=301109, class=com.sun.tools.javac.main.JavaCompiler$CompilePolicy@50001e3a)
	name		50002a2a
OBJ 50001e3e (sz=24, trace=301110, class=com.sun.tools.javac.main.JavaCompiler$CompilePolicy@50001e3a)
	name		50002a27
OBJ 50001e3f (sz=24, trace=301111, class=com.sun.tools.javac.main.JavaCompiler$CompilePolicy@50001e3a)
	name		50002a28
ARR 50001e41 (sz=40, trace=301112, nelems=5, elem type=com.sun.tools.javac.main.JavaCompiler$CompilePolicy[]@50001e40)
	[0]		50001e3b
	[1]		50001e3c
	[2]		50001e3d
	[3]		50001e3e
	[4]		50001e3f
OBJ 50001e42 (sz=24, trace=300000, class=java.lang.String@5000016e)
	value		50001e45
OBJ 50001e43 (sz=24, trace=300000, class=java.lang.String@5000016e)
	value		50001e44
ARR 50001e44 (sz=84, trace=300000, nelems=42, elem type=char[])
ARR 50001e45 (sz=28, trace=300000, nelems=14, elem type=char[])
OBJ 50001e46 (sz=24, trace=300000, class=java.lang.String@5000016e)
	value		50001e4d
OBJ 50001e47 (sz=16, trace=300157, class=java.lang.Object@50000172)
OBJ 50001e48 (sz=32, trace=300683, class=java.util.concurrent.ConcurrentHashMap$Node@50000024)
	key		50000d0b
	val		50001e47
OBJ 50001e49 (sz=16, trace=300160, class=java.lang.Object@50000172)
OBJ 50001e4a (sz=32, trace=300683, class=java.util.concurrent.ConcurrentHashMap$Node@50000024)
	key		50000d0b
	val		50001e49
OBJ 50001e4b (sz=24, trace=300000, class=java.lang.String@5000016e)
	value		50001e4c
ARR 50001e4c (sz=58, trace=300000, nelems=29, elem type=char[])
ARR 50001e4d (sz=58, trace=300000, nelems=29, elem type=char[])
OBJ 50001e4e (sz=24, trace=300000, class=java.lang.String@5000016e)
	value		50001e52
OBJ 50001e4f (sz=56, trace=300687, class=java.util.zip.ZipFile$ZipFileInputStream@5000055c)
OBJ 50001e50 (sz=24, trace=300000, class=java.lang.String@5000016e)
	value		50001e51
ARR 50001e51 (sz=72, trace=300000, nelems=36, elem type=char[])
ARR 50001e52 (sz=100, trace=300000, nelems=50, elem type=char[])
OBJ 50001e53 (sz=24, trace=300000, class=java.lang.String@5000016e)
	value		50001e56
OBJ 50001e54 (sz=24, trace=300000, class=java.lang.String@5000016e)
	value		50001e55
ARR 50001e55 (sz=64, trace=300000, nelems=32, elem type=char[])
ARR 50001e56 (sz=52, trace=300000, nelems=26, elem type=char[])
OBJ 50001e57 (sz=24, trace=300000, class=java.lang.String@5000016e)
	value		50001e5a
OBJ 50001e58 (sz=24, trace=300000, class=java.lang.String@5000016e)
	value		50001e59
ARR 50001e59 (sz=62, trace=300000, nelems=31, elem type=char[])
ARR 50001e5a (sz=110, trace=300000, nelems=55, elem type=char[])
OBJ 50001e5b (sz=24, trace=300000, class=java.lang.String@5000016e)
	value		50001e61
OBJ 50001e5d (sz=24, trace=300000, class=java.lang.String@5000016e)
	value		50001e5f
OBJ 50001e5e (sz=16, trace=300157, class=java.lang.Object@50000172)
ARR 50001e5f (sz=78, trace=300000, nelems=39, elem type=char[])
OBJ 50001e60 (sz=16, trace=300160, class=java.lang.Object@50000172)
ARR 50001e61 (sz=96, trace=300000, nelems=48, elem type=char[])
OBJ 50001e64 (sz=40, trace=300845, class=java.util.ResourceBundle$1@50001e63)
	cacheKey	500019f9
OBJ 50001e65 (sz=64, trace=300846, class=java.util.concurrent.ConcurrentHashMap@5000002b)
	table		500001c5
OBJ 50001e66 (sz=32, trace=300847, class=java.lang.ref.ReferenceQueue@5000014c)
	lock		50001e67
OBJ 50001e67 (sz=16, trace=300848, class=java.lang.ref.ReferenceQueue$Lock@500000d1)
OBJ 50001e6a (sz=24, trace=300000, class=java.lang.String@5000016e)
	value		50001e6f
OBJ 50001e6b (sz=24, trace=300000, class=java.lang.String@5000016e)
	value		50001e6d
ARR 50001e6d (sz=102, trace=300000, nelems=51, elem type=char[])
ARR 50001e6f (sz=116, trace=300000, nelems=58, elem type=char[])
OBJ 50001e71 (sz=24, trace=300000, class=java.lang.String@5000016e)
	value		50001e76
OBJ 50001e74 (sz=24, trace=300000, class=java.lang.String@5000016e)
	value		50001e75
ARR 50001e75 (sz=56, trace=300000, nelems=28, elem type=char[])
ARR 50001e76 (sz=36, trace=300000, nelems=18, elem type=char[])
OBJ 50001e77 (sz=24, trace=300000, class=java.lang.String@5000016e)
	value		50001e7a
OBJ 50001e78 (sz=24, trace=300000, class=java.lang.String@5000016e)
	value		50001e79
ARR 50001e79 (sz=68, trace=300000, nelems=34, elem type=char[])
ARR 50001e7a (sz=112, trace=300000, nelems=56, elem type=char[])
OBJ 50001e7c (sz=24, trace=300000, class=java.lang.String@5000016e)
	value		50001e83
OBJ 50001e7f (sz=24, trace=300000, class=java.lang.String@5000016e)
	value		50001e80
ARR 50001e80 (sz=64, trace=300000, nelems=32, elem type=char[])
OBJ 50001e81 (sz=24, trace=300870, class=java.lang.String@5000016e)
	value		50001e82
ARR 50001e82 (sz=112, trace=300871, nelems=56, elem type=char[])
ARR 50001e83 (sz=62, trace=300000, nelems=31, elem type=char[])
OBJ 50001e84 (sz=24, trace=300000, class=java.lang.String@5000016e)
	value		50001e87
OBJ 50001e85 (sz=24, trace=300000, class=java.lang.String@5000016e)
	value		50001e86
ARR 50001e86 (sz=62, trace=300000, nelems=31, elem type=char[])
ARR 50001e87 (sz=58, trace=300000, nelems=29, elem type=char[])
OBJ 50001e88 (sz=24, trace=300000, class=java.lang.String@5000016e)
	value		50001e8b
OBJ 50001e89 (sz=24, trace=300000, class=java.lang.String@5000016e)
	value		50001e8a
ARR 50001e8a (sz=54, trace=300000, nelems=27, elem type=char[])
ARR 50001e8b (sz=28, trace=300000, nelems=14, elem type=char[])
OBJ 50001e8c (sz=24, trace=300000, class=java.lang.String@5000016e)
	value		50001e8f
OBJ 50001e8d (sz=24, trace=300000, class=java.lang.String@5000016e)
	value		50001e8e
ARR 50001e8e (sz=108, trace=300000, nelems=54, elem type=char[])
ARR 50001e8f (sz=120, trace=300000, nelems=60, elem type=char[])
OBJ 50001e90 (sz=24, trace=300000, class=java.lang.String@5000016e)
	value		50001e93
OBJ 50001e91 (sz=24, trace=300000, class=java.lang.String@5000016e)
	value		50001e92
ARR 50001e92 (sz=60, trace=300000, nelems=30, elem type=char[])
ARR 50001e93 (sz=52, trace=300000, nelems=26, elem type=char[])
OBJ 50001e94 (sz=24, trace=300000, class=java.lang.String@5000016e)
	value		50001e99
OBJ 50001e95 (sz=24, trace=300000, class=java.lang.String@5000016e)
	value		50001e98
OBJ 50001e96 (sz=24, trace=300873, class=java.lang.String@5000016e)
	value		50001e97
ARR 50001e97 (sz=92, trace=300874, nelems=46, elem type=char[])
ARR 50001e98 (sz=94, trace=300000, nelems=47, elem type=char[])
ARR 50001e99 (sz=116, trace=300000, nelems=58, elem type=char[])
OBJ 50001e9a (sz=24, trace=300000, class=java.lang.String@5000016e)
	value		50001ea1
OBJ 50001e9b (sz=24, trace=300878, class=java.lang.String@5000016e)
	value		50001e9c
ARR 50001e9c (sz=84, trace=300879, nelems=42, elem type=char[])
OBJ 50001e9d (sz=24, trace=300000, class=java.lang.String@5000016e)
	value		50001ea0
OBJ 50001e9e (sz=56, trace=300687, class=java.util.zip.ZipFile$ZipFileInputStream@5000055c)
	this$0		500004ec
OBJ 50001e9f (sz=40, trace=300106, class=java.lang.ref.Finalizer@5000014d)
	referent	50001e9e
	queue		500003aa
	next		50001e2e
	prev		50002035
ARR 50001ea0 (sz=92, trace=300000, nelems=46, elem type=char[])
ARR 50001ea1 (sz=164, trace=300000, nelems=82, elem type=char[])
OBJ 50001ea2 (sz=24, trace=300000, class=java.lang.String@5000016e)
	value		50001ea8
OBJ 50001ea3 (sz=24, trace=300000, class=java.lang.String@5000016e)
	value		50001ea4
ARR 50001ea4 (sz=42, trace=300000, nelems=21, elem type=char[])
OBJ 50001ea5 (sz=24, trace=300883, class=java.lang.String@5000016e)
ARR 50001ea6 (sz=128, trace=300884, nelems=0, elem type=char[])
OBJ 50001ea7 (sz=32, trace=300885, class=java.io.FileInputStream@500000b3)
ARR 50001ea8 (sz=24, trace=300000, nelems=12, elem type=char[])
OBJ 50001ea9 (sz=16, trace=300886, class=java.lang.Object@50000172)
OBJ 50001eaa (sz=40, trace=300887, class=java.io.FileDescriptor@500000b2)
OBJ 50001eab (sz=24, trace=300000, class=java.lang.String@5000016e)
	value		50001eae
OBJ 50001eac (sz=24, trace=300000, class=java.lang.String@5000016e)
	value		50001ead
ARR 50001ead (sz=66, trace=300000, nelems=33, elem type=char[])
ARR 50001eae (sz=20, trace=300000, nelems=10, elem type=char[])
OBJ 50001eaf (sz=24, trace=300000, class=java.lang.String@5000016e)
	value		50001ebe
OBJ 50001eb1 (sz=24, trace=300000, class=java.lang.String@5000016e)
	value		50001eb7
OBJ 50001eb2 (sz=56, trace=300130, class=java.lang.Class$ReflectionData@500000a5)
OBJ 50001eb3 (sz=40, trace=300040, class=java.lang.ref.SoftReference@50000152)
OBJ 50001eb4 (sz=80, trace=300131, class=java.lang.reflect.Constructor@5000013d)
OBJ 50001eb5 (sz=24, trace=300083, class=java.io.ExpiringCache$Entry@50000061)
	val		5000078c
OBJ 50001eb6 (sz=40, trace=300726, class=java.util.LinkedHashMap$Entry@50000060)
	key		50001e9b
	value		50001eb5
	before		500001e9
	after		50001ffb
ARR 50001eb7 (sz=54, trace=300000, nelems=27, elem type=char[])
OBJ 50001eb8 (sz=24, trace=300133, class=sun.reflect.NativeConstructorAccessorImpl@5000007c)
OBJ 50001eb9 (sz=16, trace=300134, class=sun.reflect.DelegatingConstructorAccessorImpl@5000007b)
OBJ 50001eba (sz=40, trace=301114, class=com.sun.tools.javac.resources.version@50001eb0)
	locale		50000830
	name		50000d0b
	cacheKey	50002944
	lookup		50001fda
OBJ 50001ebb (sz=32, trace=300999, class=java.util.ResourceBundle$LoaderReference@50002272)
	referent	500003b4
	queue		50001e66
	cacheKey	50002944
OBJ 50001ebc (sz=48, trace=301005, class=java.util.ResourceBundle$BundleReference@500001c2)
	referent	50001eba
	queue		50001e66
	cacheKey	50002944
OBJ 50001ebd (sz=32, trace=301007, class=java.util.concurrent.ConcurrentHashMap$Node@50000024)
	key		50002944
	val		50001ebc
ARR 50001ebe (sz=8, trace=300000, nelems=4, elem type=char[])
OBJ 50001ebf (sz=24, trace=300000, class=java.lang.String@5000016e)
	value		50001eca
OBJ 50001ec0 (sz=24, trace=300000, class=java.lang.String@5000016e)
	value		50001ec7
OBJ 50001ec1 (sz=24, trace=301010, class=java.lang.String@5000016e)
	value		50001ec2
ARR 50001ec2 (sz=80, trace=301011, nelems=40, elem type=char[])
OBJ 50001ec3 (sz=16, trace=300157, class=java.lang.Object@50000172)
OBJ 50001ec4 (sz=32, trace=300159, class=java.util.concurrent.ConcurrentHashMap$Node@50000024)
	key		50001ec1
	val		50001ec3
OBJ 50001ec5 (sz=16, trace=300160, class=java.lang.Object@50000172)
OBJ 50001ec6 (sz=32, trace=300159, class=java.util.concurrent.ConcurrentHashMap$Node@50000024)
	key		50001ec1
	val		50001ec5
ARR 50001ec7 (sz=94, trace=300000, nelems=47, elem type=char[])
OBJ 50001ec8 (sz=24, trace=300899, class=java.lang.String@5000016e)
	value		50001ec9
ARR 50001ec9 (sz=14, trace=300898, nelems=7, elem type=char[])
ARR 50001eca (sz=154, trace=300000, nelems=77, elem type=char[])
OBJ 50001ecb (sz=24, trace=300899, class=java.lang.String@5000016e)
	value		50001ecc
ARR 50001ecc (sz=14, trace=300898, nelems=7, elem type=char[])
OBJ 50001ecd (sz=24, trace=300000, class=java.lang.String@5000016e)
	value		50001ed4
OBJ 50001ece (sz=24, trace=300000, class=java.lang.String@5000016e)
	value		50001ed0
OBJ 50001ecf (sz=32, trace=300902, class=java.io.File@5000011b)
	path		50001ed1
ARR 50001ed0 (sz=48, trace=300000, nelems=24, elem type=char[])
OBJ 50001ed1 (sz=24, trace=300904, class=java.lang.String@5000016e)
	value		50001ed2
ARR 50001ed2 (sz=110, trace=300884, nelems=55, elem type=char[])
OBJ 50001ed3 (sz=24, trace=300905, class=sun.misc.MetaIndex@50000040)
	contents	500017a8
ARR 50001ed4 (sz=26, trace=300000, nelems=13, elem type=char[])
OBJ 50001ed5 (sz=24, trace=300000, class=java.lang.String@5000016e)
	value		50001eda
OBJ 50001ed6 (sz=24, trace=300000, class=java.lang.String@5000016e)
	value		50001ed7
ARR 50001ed7 (sz=66, trace=300000, nelems=33, elem type=char[])
OBJ 50001ed8 (sz=32, trace=300221, class=java.util.HashMap$Node@500000c4)
	key		50001ecf
	value		50001ed3
ARR 50001ed9 (sz=144, trace=300907, nelems=30, elem type=java.util.HashMap$Node[]@500000c2)
	[0]		50001721
	[1]		50001eef
	[2]		50001722
	[3]		50001723
	[4]		50001ed8
	[10]		50001724
	[11]		50001f15
	[15]		50001725
	[17]		50001728
	[18]		50001729
	[23]		5000172a
	[24]		50001f6c
	[26]		50001f03
	[28]		5000172e
	[29]		50001730
ARR 50001eda (sz=184, trace=300000, nelems=92, elem type=char[])
OBJ 50001edb (sz=24, trace=300000, class=java.lang.String@5000016e)
	value		50001ee7
OBJ 50001edc (sz=24, trace=300899, class=java.lang.String@5000016e)
	value		50001edd
ARR 50001edd (sz=24, trace=300898, nelems=12, elem type=char[])
OBJ 50001ede (sz=24, trace=300899, class=java.lang.String@5000016e)
	value		50001edf
ARR 50001edf (sz=24, trace=300898, nelems=12, elem type=char[])
OBJ 50001ee0 (sz=24, trace=300899, class=java.lang.String@5000016e)
	value		50001ee1
ARR 50001ee1 (sz=42, trace=300898, nelems=21, elem type=char[])
OBJ 50001ee2 (sz=24, trace=300899, class=java.lang.String@5000016e)
	value		50001ee3
ARR 50001ee3 (sz=40, trace=300898, nelems=20, elem type=char[])
OBJ 50001ee4 (sz=24, trace=300000, class=java.lang.String@5000016e)
	value		50001ee5
ARR 50001ee5 (sz=54, trace=300000, nelems=27, elem type=char[])
OBJ 50001ee6 (sz=32, trace=300902, class=java.io.File@5000011b)
	path		50001ee8
ARR 50001ee7 (sz=70, trace=300000, nelems=35, elem type=char[])
OBJ 50001ee8 (sz=24, trace=300904, class=java.lang.String@5000016e)
	value		50001ee9
ARR 50001ee9 (sz=100, trace=300884, nelems=50, elem type=char[])
OBJ 50001eea (sz=24, trace=300905, class=sun.misc.MetaIndex@50000040)
	contents	500017bd
OBJ 50001eeb (sz=24, trace=300000, class=java.lang.String@5000016e)
	value		50001eee
OBJ 50001eec (sz=24, trace=300000, class=java.lang.String@5000016e)
	value		50001eed
ARR 50001eed (sz=64, trace=300000, nelems=32, elem type=char[])
ARR 50001eee (sz=80, trace=300000, nelems=40, elem type=char[])
OBJ 50001eef (sz=32, trace=300221, class=java.util.HashMap$Node@500000c4)
	key		50001ee6
	value		50001eea
OBJ 50001ef0 (sz=24, trace=300000, class=java.lang.String@5000016e)
	value		50001ef9
OBJ 50001ef1 (sz=24, trace=300000, class=java.lang.String@5000016e)
	value		50001ef8
OBJ 50001ef2 (sz=24, trace=300899, class=java.lang.String@5000016e)
	value		50001ef3
ARR 50001ef3 (sz=30, trace=300898, nelems=15, elem type=char[])
OBJ 50001ef4 (sz=24, trace=300899, class=java.lang.String@5000016e)
	value		50001ef5
ARR 50001ef5 (sz=14, trace=300898, nelems=7, elem type=char[])
OBJ 50001ef6 (sz=24, trace=300899, class=java.lang.String@5000016e)
	value		50001ef7
ARR 50001ef7 (sz=38, trace=300898, nelems=19, elem type=char[])
ARR 50001ef8 (sz=82, trace=300000, nelems=41, elem type=char[])
ARR 50001ef9 (sz=54, trace=300000, nelems=27, elem type=char[])
OBJ 50001efa (sz=32, trace=300902, class=java.io.File@5000011b)
	path		50001efc
OBJ 50001efb (sz=24, trace=300000, class=java.lang.String@5000016e)
	value		50001f01
OBJ 50001efc (sz=24, trace=300904, class=java.lang.String@5000016e)
	value		50001efd
ARR 50001efd (sz=100, trace=300884, nelems=50, elem type=char[])
OBJ 50001efe (sz=24, trace=300905, class=sun.misc.MetaIndex@50000040)
	contents	50001752
OBJ 50001eff (sz=24, trace=300000, class=java.lang.String@5000016e)
	value		50001f00
ARR 50001f00 (sz=72, trace=300000, nelems=36, elem type=char[])
ARR 50001f01 (sz=72, trace=300000, nelems=36, elem type=char[])
OBJ 50001f02 (sz=24, trace=300000, class=java.lang.String@5000016e)
	value		50001f0a
OBJ 50001f03 (sz=32, trace=300221, class=java.util.HashMap$Node@500000c4)
	key		50001efa
	value		50001efe
OBJ 50001f04 (sz=24, trace=300000, class=java.lang.String@5000016e)
	value		50001f05
ARR 50001f05 (sz=80, trace=300000, nelems=40, elem type=char[])
OBJ 50001f06 (sz=24, trace=300899, class=java.lang.String@5000016e)
	value		50001f07
ARR 50001f07 (sz=24, trace=300898, nelems=12, elem type=char[])
OBJ 50001f08 (sz=24, trace=300899, class=java.lang.String@5000016e)
	value		50001f09
ARR 50001f09 (sz=24, trace=300898, nelems=12, elem type=char[])
ARR 50001f0a (sz=54, trace=300000, nelems=27, elem type=char[])
OBJ 50001f0b (sz=24, trace=300000, class=java.lang.String@5000016e)
	value		50001f16
OBJ 50001f0c (sz=32, trace=300902, class=java.io.File@5000011b)
	path		50001f0e
OBJ 50001f0d (sz=32, trace=300999, class=java.util.ResourceBundle$LoaderReference@50002272)
	referent	500003b4
	queue		50001e66
	cacheKey	50002942
OBJ 50001f0e (sz=24, trace=300904, class=java.lang.String@5000016e)
	value		50001f0f
ARR 50001f0f (sz=102, trace=300884, nelems=51, elem type=char[])
OBJ 50001f10 (sz=24, trace=300905, class=sun.misc.MetaIndex@50000040)
	contents	50001796
OBJ 50001f11 (sz=48, trace=301005, class=java.util.ResourceBundle$BundleReference@500001c2)
	referent	50001e64
	queue		50001e66
	cacheKey	50002942
OBJ 50001f12 (sz=32, trace=301007, class=java.util.concurrent.ConcurrentHashMap$Node@50000024)
	key		50002942
	val		50001f11
OBJ 50001f13 (sz=24, trace=300000, class=java.lang.String@5000016e)
	value		50001f14
ARR 50001f14 (sz=54, trace=300000, nelems=27, elem type=char[])
OBJ 50001f15 (sz=32, trace=300221, class=java.util.HashMap$Node@500000c4)
	key		50001f0c
	value		50001f10
	next		50001fc6
ARR 50001f16 (sz=50, trace=300000, nelems=25, elem type=char[])
OBJ 50001f17 (sz=24, trace=301010, class=java.lang.String@5000016e)
	value		50001f18
ARR 50001f18 (sz=86, trace=301011, nelems=43, elem type=char[])
OBJ 50001f19 (sz=16, trace=300157, class=java.lang.Object@50000172)
OBJ 50001f1a (sz=32, trace=300159, class=java.util.concurrent.ConcurrentHashMap$Node@50000024)
	key		50001f17
	val		50001f19
OBJ 50001f1b (sz=16, trace=300160, class=java.lang.Object@50000172)
OBJ 50001f1c (sz=24, trace=300899, class=java.lang.String@5000016e)
	value		50001f1d
ARR 50001f1d (sz=54, trace=300898, nelems=27, elem type=char[])
OBJ 50001f1e (sz=24, trace=300899, class=java.lang.String@5000016e)
	value		50001f1f
ARR 50001f1f (sz=104, trace=300898, nelems=52, elem type=char[])
OBJ 50001f20 (sz=24, trace=300899, class=java.lang.String@5000016e)
	value		50001f21
ARR 50001f21 (sz=96, trace=300898, nelems=48, elem type=char[])
OBJ 50001f22 (sz=24, trace=300899, class=java.lang.String@5000016e)
	value		50001f23
ARR 50001f23 (sz=28, trace=300898, nelems=14, elem type=char[])
OBJ 50001f24 (sz=24, trace=300899, class=java.lang.String@5000016e)
	value		50001f25
ARR 50001f25 (sz=108, trace=300898, nelems=54, elem type=char[])
OBJ 50001f26 (sz=24, trace=300899, class=java.lang.String@5000016e)
	value		50001f27
ARR 50001f27 (sz=18, trace=300898, nelems=9, elem type=char[])
OBJ 50001f28 (sz=24, trace=300899, class=java.lang.String@5000016e)
	value		50001f29
ARR 50001f29 (sz=106, trace=300898, nelems=53, elem type=char[])
OBJ 50001f2a (sz=24, trace=300899, class=java.lang.String@5000016e)
	value		50001f2b
ARR 50001f2b (sz=102, trace=300898, nelems=51, elem type=char[])
OBJ 50001f2c (sz=24, trace=300899, class=java.lang.String@5000016e)
	value		50001f2d
ARR 50001f2d (sz=22, trace=300898, nelems=11, elem type=char[])
OBJ 50001f2e (sz=24, trace=300899, class=java.lang.String@5000016e)
	value		50001f2f
ARR 50001f2f (sz=114, trace=300898, nelems=57, elem type=char[])
OBJ 50001f30 (sz=24, trace=300899, class=java.lang.String@5000016e)
	value		50001f31
ARR 50001f31 (sz=114, trace=300898, nelems=57, elem type=char[])
OBJ 50001f32 (sz=32, trace=300159, class=java.util.concurrent.ConcurrentHashMap$Node@50000024)
	key		50001f17
	val		50001f1b
OBJ 50001f33 (sz=24, trace=300899, class=java.lang.String@5000016e)
	value		50001f34
ARR 50001f34 (sz=14, trace=300898, nelems=7, elem type=char[])
OBJ 50001f35 (sz=24, trace=300899, class=java.lang.String@5000016e)
	value		50001f36
ARR 50001f36 (sz=114, trace=300898, nelems=57, elem type=char[])
OBJ 50001f37 (sz=24, trace=300899, class=java.lang.String@5000016e)
	value		50001f38
ARR 50001f38 (sz=32, trace=300898, nelems=16, elem type=char[])
OBJ 50001f39 (sz=24, trace=300899, class=java.lang.String@5000016e)
	value		50001f3a
ARR 50001f3a (sz=98, trace=300898, nelems=49, elem type=char[])
OBJ 50001f3b (sz=24, trace=300899, class=java.lang.String@5000016e)
	value		50001f3c
ARR 50001f3c (sz=52, trace=300898, nelems=26, elem type=char[])
OBJ 50001f3d (sz=24, trace=300000, class=java.lang.String@5000016e)
	value		50001f62
OBJ 50001f3e (sz=24, trace=300899, class=java.lang.String@5000016e)
	value		50001f3f
ARR 50001f3f (sz=106, trace=300898, nelems=53, elem type=char[])
OBJ 50001f40 (sz=24, trace=300899, class=java.lang.String@5000016e)
	value		50001f41
ARR 50001f41 (sz=14, trace=300898, nelems=7, elem type=char[])
OBJ 50001f42 (sz=24, trace=300899, class=java.lang.String@5000016e)
	value		50001f43
ARR 50001f43 (sz=18, trace=300898, nelems=9, elem type=char[])
OBJ 50001f44 (sz=24, trace=300899, class=java.lang.String@5000016e)
	value		50001f45
ARR 50001f45 (sz=120, trace=300898, nelems=60, elem type=char[])
OBJ 50001f46 (sz=24, trace=300899, class=java.lang.String@5000016e)
	value		50001f47
ARR 50001f47 (sz=30, trace=300898, nelems=15, elem type=char[])
OBJ 50001f48 (sz=24, trace=300899, class=java.lang.String@5000016e)
	value		50001f49
ARR 50001f49 (sz=110, trace=300898, nelems=55, elem type=char[])
OBJ 50001f4a (sz=24, trace=300899, class=java.lang.String@5000016e)
	value		50001f4b
ARR 50001f4b (sz=48, trace=300898, nelems=24, elem type=char[])
OBJ 50001f4c (sz=24, trace=300000, class=java.lang.String@5000016e)
	value		50001f61
OBJ 50001f4d (sz=24, trace=300899, class=java.lang.String@5000016e)
	value		50001f4e
ARR 50001f4e (sz=18, trace=300898, nelems=9, elem type=char[])
OBJ 50001f4f (sz=24, trace=300899, class=java.lang.String@5000016e)
	value		50001f50
ARR 50001f50 (sz=16, trace=300898, nelems=8, elem type=char[])
OBJ 50001f51 (sz=24, trace=300899, class=java.lang.String@5000016e)
	value		50001f52
ARR 50001f52 (sz=18, trace=300898, nelems=9, elem type=char[])
OBJ 50001f53 (sz=24, trace=300899, class=java.lang.String@5000016e)
	value		50001f54
ARR 50001f54 (sz=110, trace=300898, nelems=55, elem type=char[])
OBJ 50001f55 (sz=24, trace=300899, class=java.lang.String@5000016e)
	value		50001f56
ARR 50001f56 (sz=24, trace=300898, nelems=12, elem type=char[])
OBJ 50001f57 (sz=24, trace=300899, class=java.lang.String@5000016e)
	value		50001f58
ARR 50001f58 (sz=102, trace=300898, nelems=51, elem type=char[])
OBJ 50001f59 (sz=24, trace=300899, class=java.lang.String@5000016e)
	value		50001f5a
ARR 50001f5a (sz=38, trace=300898, nelems=19, elem type=char[])
OBJ 50001f5b (sz=24, trace=300899, class=java.lang.String@5000016e)
	value		50001f5c
ARR 50001f5c (sz=26, trace=300898, nelems=13, elem type=char[])
OBJ 50001f5d (sz=24, trace=300899, class=java.lang.String@5000016e)
	value		50001f5e
ARR 50001f5e (sz=24, trace=300898, nelems=12, elem type=char[])
OBJ 50001f5f (sz=24, trace=300899, class=java.lang.String@5000016e)
	value		50001f60
ARR 50001f60 (sz=132, trace=300898, nelems=66, elem type=char[])
ARR 50001f61 (sz=70, trace=300000, nelems=35, elem type=char[])
ARR 50001f62 (sz=88, trace=300000, nelems=44, elem type=char[])
OBJ 50001f63 (sz=32, trace=300902, class=java.io.File@5000011b)
	path		50001f65
OBJ 50001f64 (sz=24, trace=300000, class=java.lang.String@5000016e)
	value		50001f6a
OBJ 50001f65 (sz=24, trace=300904, class=java.lang.String@5000016e)
	value		50001f66
ARR 50001f66 (sz=112, trace=300884, nelems=56, elem type=char[])
OBJ 50001f67 (sz=24, trace=300905, class=sun.misc.MetaIndex@50000040)
	contents	50001753
OBJ 50001f68 (sz=24, trace=300000, class=java.lang.String@5000016e)
	value		50001f69
ARR 50001f69 (sz=122, trace=300000, nelems=61, elem type=char[])
ARR 50001f6a (sz=176, trace=300000, nelems=88, elem type=char[])
OBJ 50001f6b (sz=24, trace=300000, class=java.lang.String@5000016e)
	value		50001fb3
OBJ 50001f6c (sz=32, trace=300221, class=java.util.HashMap$Node@500000c4)
	key		50001f63
	value		50001f67
OBJ 50001f6d (sz=24, trace=300000, class=java.lang.String@5000016e)
	value		50001f6e
ARR 50001f6e (sz=58, trace=300000, nelems=29, elem type=char[])
OBJ 50001f6f (sz=24, trace=300899, class=java.lang.String@5000016e)
	value		50001f70
ARR 50001f70 (sz=54, trace=300898, nelems=27, elem type=char[])
OBJ 50001f71 (sz=24, trace=300899, class=java.lang.String@5000016e)
	value		50001f72
ARR 50001f72 (sz=10, trace=300898, nelems=5, elem type=char[])
OBJ 50001f73 (sz=24, trace=300899, class=java.lang.String@5000016e)
	value		50001f74
ARR 50001f74 (sz=18, trace=300898, nelems=9, elem type=char[])
OBJ 50001f75 (sz=24, trace=300899, class=java.lang.String@5000016e)
	value		50001f76
ARR 50001f76 (sz=28, trace=300898, nelems=14, elem type=char[])
OBJ 50001f77 (sz=24, trace=300899, class=java.lang.String@5000016e)
	value		50001f78
ARR 50001f78 (sz=32, trace=300898, nelems=16, elem type=char[])
OBJ 50001f79 (sz=24, trace=300899, class=java.lang.String@5000016e)
	value		50001f7a
ARR 50001f7a (sz=42, trace=300898, nelems=21, elem type=char[])
OBJ 50001f7b (sz=24, trace=300899, class=java.lang.String@5000016e)
	value		50001f7c
ARR 50001f7c (sz=28, trace=300898, nelems=14, elem type=char[])
OBJ 50001f7d (sz=24, trace=300899, class=java.lang.String@5000016e)
	value		50001f7e
ARR 50001f7e (sz=28, trace=300898, nelems=14, elem type=char[])
OBJ 50001f7f (sz=24, trace=300899, class=java.lang.String@5000016e)
	value		50001f80
ARR 50001f80 (sz=24, trace=300898, nelems=12, elem type=char[])
OBJ 50001f81 (sz=24, trace=300899, class=java.lang.String@5000016e)
	value		50001f82
ARR 50001f82 (sz=38, trace=300898, nelems=19, elem type=char[])
OBJ 50001f83 (sz=24, trace=300899, class=java.lang.String@5000016e)
	value		50001f84
ARR 50001f84 (sz=8, trace=300898, nelems=4, elem type=char[])
OBJ 50001f85 (sz=24, trace=300899, class=java.lang.String@5000016e)
	value		50001f86
ARR 50001f86 (sz=24, trace=300898, nelems=12, elem type=char[])
OBJ 50001f87 (sz=24, trace=300899, class=java.lang.String@5000016e)
	value		50001f88
ARR 50001f88 (sz=26, trace=300898, nelems=13, elem type=char[])
OBJ 50001f89 (sz=24, trace=300899, class=java.lang.String@5000016e)
	value		50001f8a
ARR 50001f8a (sz=32, trace=300898, nelems=16, elem type=char[])
OBJ 50001f8b (sz=24, trace=300899, class=java.lang.String@5000016e)
	value		50001f8c
ARR 50001f8c (sz=24, trace=300898, nelems=12, elem type=char[])
OBJ 50001f8d (sz=24, trace=300899, class=java.lang.String@5000016e)
	value		50001f8e
ARR 50001f8e (sz=24, trace=300898, nelems=12, elem type=char[])
OBJ 50001f8f (sz=24, trace=300899, class=java.lang.String@5000016e)
	value		50001f90
ARR 50001f90 (sz=16, trace=300898, nelems=8, elem type=char[])
OBJ 50001f91 (sz=24, trace=300899, class=java.lang.String@5000016e)
	value		50001f92
ARR 50001f92 (sz=28, trace=300898, nelems=14, elem type=char[])
OBJ 50001f93 (sz=24, trace=300899, class=java.lang.String@5000016e)
	value		50001f94
ARR 50001f94 (sz=38, trace=300898, nelems=19, elem type=char[])
OBJ 50001f95 (sz=24, trace=300899, class=java.lang.String@5000016e)
	value		50001f96
ARR 50001f96 (sz=24, trace=300898, nelems=12, elem type=char[])
OBJ 50001f97 (sz=24, trace=300899, class=java.lang.String@5000016e)
	value		50001f98
ARR 50001f98 (sz=30, trace=300898, nelems=15, elem type=char[])
OBJ 50001f99 (sz=24, trace=300899, class=java.lang.String@5000016e)
	value		50001f9a
ARR 50001f9a (sz=16, trace=300898, nelems=8, elem type=char[])
OBJ 50001f9b (sz=24, trace=300899, class=java.lang.String@5000016e)
	value		50001f9c
ARR 50001f9c (sz=30, trace=300898, nelems=15, elem type=char[])
OBJ 50001f9d (sz=24, trace=300899, class=java.lang.String@5000016e)
	value		50001f9e
ARR 50001f9e (sz=8, trace=300898, nelems=4, elem type=char[])
OBJ 50001f9f (sz=24, trace=300899, class=java.lang.String@5000016e)
	value		50001fa0
ARR 50001fa0 (sz=30, trace=300898, nelems=15, elem type=char[])
OBJ 50001fa1 (sz=24, trace=300899, class=java.lang.String@5000016e)
	value		50001fa2
ARR 50001fa2 (sz=16, trace=300898, nelems=8, elem type=char[])
OBJ 50001fa3 (sz=24, trace=300899, class=java.lang.String@5000016e)
	value		50001fa4
ARR 50001fa4 (sz=16, trace=300898, nelems=8, elem type=char[])
OBJ 50001fa5 (sz=24, trace=300899, class=java.lang.String@5000016e)
	value		50001fa6
ARR 50001fa6 (sz=34, trace=300898, nelems=17, elem type=char[])
OBJ 50001fa7 (sz=24, trace=300899, class=java.lang.String@5000016e)
	value		50001fa8
ARR 50001fa8 (sz=28, trace=300898, nelems=14, elem type=char[])
OBJ 50001fa9 (sz=24, trace=300899, class=java.lang.String@5000016e)
	value		50001faa
ARR 50001faa (sz=24, trace=300898, nelems=12, elem type=char[])
OBJ 50001fab (sz=24, trace=300899, class=java.lang.String@5000016e)
	value		50001fac
ARR 50001fac (sz=38, trace=300898, nelems=19, elem type=char[])
OBJ 50001fad (sz=24, trace=300899, class=java.lang.String@5000016e)
	value		50001fae
ARR 50001fae (sz=22, trace=300898, nelems=11, elem type=char[])
OBJ 50001faf (sz=24, trace=300899, class=java.lang.String@5000016e)
	value		50001fb0
ARR 50001fb0 (sz=34, trace=300898, nelems=17, elem type=char[])
OBJ 50001fb1 (sz=24, trace=300899, class=java.lang.String@5000016e)
	value		50001fb2
ARR 50001fb2 (sz=26, trace=300898, nelems=13, elem type=char[])
ARR 50001fb3 (sz=30, trace=300000, nelems=15, elem type=char[])
OBJ 50001fb4 (sz=24, trace=300899, class=java.lang.String@5000016e)
	value		50001fb5
ARR 50001fb5 (sz=44, trace=300898, nelems=22, elem type=char[])
OBJ 50001fb6 (sz=24, trace=300899, class=java.lang.String@5000016e)
	value		50001fb7
ARR 50001fb7 (sz=24, trace=300898, nelems=12, elem type=char[])
OBJ 50001fb8 (sz=24, trace=300899, class=java.lang.String@5000016e)
	value		50001fb9
ARR 50001fb9 (sz=12, trace=300898, nelems=6, elem type=char[])
OBJ 50001fba (sz=24, trace=300000, class=java.lang.String@5000016e)
	value		50001fbe
OBJ 50001fbb (sz=24, trace=300000, class=java.lang.String@5000016e)
	value		50001fbc
ARR 50001fbc (sz=76, trace=300000, nelems=38, elem type=char[])
OBJ 50001fbd (sz=32, trace=300910, class=java.io.File@5000011b)
	path		50001fbf
ARR 50001fbe (sz=204, trace=300000, nelems=102, elem type=char[])
OBJ 50001fbf (sz=24, trace=300912, class=java.lang.String@5000016e)
	value		50001fc0
ARR 50001fc0 (sz=98, trace=300884, nelems=49, elem type=char[])
OBJ 50001fc1 (sz=24, trace=300913, class=sun.misc.MetaIndex@50000040)
	contents	50001797
OBJ 50001fc2 (sz=24, trace=300000, class=java.lang.String@5000016e)
	value		50001fc5
OBJ 50001fc3 (sz=24, trace=300000, class=java.lang.String@5000016e)
	value		50001fc4
ARR 50001fc4 (sz=78, trace=300000, nelems=39, elem type=char[])
ARR 50001fc5 (sz=136, trace=300000, nelems=68, elem type=char[])
OBJ 50001fc6 (sz=32, trace=300222, class=java.util.HashMap$Node@500000c4)
	key		50001fbd
	value		50001fc1
OBJ 50001fc7 (sz=24, trace=300000, class=java.lang.String@5000016e)
	value		50001fca
OBJ 50001fc8 (sz=24, trace=300000, class=java.lang.String@5000016e)
	value		50001fc9
ARR 50001fc9 (sz=64, trace=300000, nelems=32, elem type=char[])
ARR 50001fca (sz=30, trace=300000, nelems=15, elem type=char[])
OBJ 50001fcb (sz=24, trace=300000, class=java.lang.String@5000016e)
	value		50001fce
OBJ 50001fcc (sz=24, trace=300000, class=java.lang.String@5000016e)
	value		50001fcd
ARR 50001fcd (sz=60, trace=300000, nelems=30, elem type=char[])
ARR 50001fce (sz=68, trace=300000, nelems=34, elem type=char[])
OBJ 50001fcf (sz=24, trace=300000, class=java.lang.String@5000016e)
	value		50001fd6
OBJ 50001fd0 (sz=24, trace=300000, class=java.lang.String@5000016e)
	value		50001fd1
ARR 50001fd1 (sz=70, trace=300000, nelems=35, elem type=char[])
OBJ 50001fd2 (sz=32, trace=300999, class=java.util.ResourceBundle$LoaderReference@50002272)
	referent	500003b4
	queue		50001e66
	cacheKey	50002a16
OBJ 50001fd3 (sz=48, trace=301005, class=java.util.ResourceBundle$BundleReference@500001c2)
	referent	50001e64
	queue		50001e66
	cacheKey	50002a16
OBJ 50001fd4 (sz=32, trace=301007, class=java.util.concurrent.ConcurrentHashMap$Node@50000024)
	key		50002a16
	val		50001fd3
ARR 50001fd6 (sz=56, trace=300000, nelems=28, elem type=char[])
OBJ 50001fd7 (sz=24, trace=300000, class=java.lang.String@5000016e)
	value		50001fdf
OBJ 50001fd8 (sz=24, trace=300000, class=java.lang.String@5000016e)
	value		50001fd9
ARR 50001fd9 (sz=84, trace=300000, nelems=42, elem type=char[])
OBJ 50001fda (sz=48, trace=301119, class=java.util.HashMap@500000c6)
	table		50001fdb
ARR 50001fdb (sz=32, trace=301120, nelems=4, elem type=java.util.HashMap$Node[]@500000c2)
	[0]		50001fdd
	[2]		50001fde
	[3]		50001fdc
OBJ 50001fdc (sz=32, trace=300221, class=java.util.HashMap$Node@500000c4)
	key		50002946
	value		50002945
OBJ 50001fdd (sz=32, trace=300221, class=java.util.HashMap$Node@500000c4)
	key		5000294b
	value		50001711
OBJ 50001fde (sz=32, trace=300221, class=java.util.HashMap$Node@500000c4)
	key		50002949
	value		50001711
ARR 50001fdf (sz=154, trace=300000, nelems=77, elem type=char[])
OBJ 50001fe0 (sz=24, trace=300000, class=java.lang.String@5000016e)
	value		50001fe5
OBJ 50001fe1 (sz=24, trace=301123, class=java.lang.String@5000016e)
ARR 50001fe2 (sz=48, trace=301124, nelems=0, elem type=char[])
OBJ 50001fe3 (sz=24, trace=300000, class=java.lang.String@5000016e)
	value		50001fe4
ARR 50001fe4 (sz=64, trace=300000, nelems=32, elem type=char[])
ARR 50001fe5 (sz=62, trace=300000, nelems=31, elem type=char[])
OBJ 50001fe6 (sz=24, trace=300000, class=java.lang.String@5000016e)
	value		50001fed
OBJ 50001fe7 (sz=24, trace=300000, class=java.lang.String@5000016e)
	value		50001fe8
ARR 50001fe8 (sz=90, trace=300000, nelems=45, elem type=char[])
OBJ 50001fe9 (sz=16, trace=300157, class=java.lang.Object@50000172)
OBJ 50001fea (sz=32, trace=300159, class=java.util.concurrent.ConcurrentHashMap$Node@50000024)
	key		50000cc1
	val		50001fe9
OBJ 50001feb (sz=16, trace=300160, class=java.lang.Object@50000172)
OBJ 50001fec (sz=32, trace=300159, class=java.util.concurrent.ConcurrentHashMap$Node@50000024)
	key		50000cc1
	val		50001feb
ARR 50001fed (sz=128, trace=300000, nelems=64, elem type=char[])
OBJ 50001fee (sz=24, trace=300000, class=java.lang.String@5000016e)
	value		50001ff1
OBJ 50001fef (sz=24, trace=300000, class=java.lang.String@5000016e)
	value		50001ff0
ARR 50001ff0 (sz=100, trace=300000, nelems=50, elem type=char[])
ARR 50001ff1 (sz=94, trace=300000, nelems=47, elem type=char[])
OBJ 50001ff2 (sz=24, trace=300000, class=java.lang.String@5000016e)
	value		50001ff3
ARR 50001ff3 (sz=56, trace=300000, nelems=28, elem type=char[])
OBJ 50001ff4 (sz=24, trace=300000, class=java.lang.String@5000016e)
	value		50001ff7
OBJ 50001ff5 (sz=24, trace=300000, class=java.lang.String@5000016e)
	value		50001ff6
ARR 50001ff6 (sz=82, trace=300000, nelems=41, elem type=char[])
ARR 50001ff7 (sz=186, trace=300000, nelems=93, elem type=char[])
OBJ 50001ff8 (sz=24, trace=300081, class=java.lang.String@5000016e)
	value		50001ff9
ARR 50001ff9 (sz=84, trace=300082, nelems=42, elem type=char[])
OBJ 50001ffa (sz=24, trace=300083, class=java.io.ExpiringCache$Entry@50000061)
	val		5000078a
OBJ 50001ffb (sz=40, trace=300084, class=java.util.LinkedHashMap$Entry@50000060)
	key		50001e81
	value		50001ffa
	before		50001eb6
	after		5000201e
OBJ 50001ffc (sz=24, trace=300085, class=java.lang.String@5000016e)
	value		50001ffd
ARR 50001ffd (sz=84, trace=300082, nelems=42, elem type=char[])
OBJ 50001ffe (sz=24, trace=300000, class=java.lang.String@5000016e)
	value		50002003
OBJ 50001fff (sz=24, trace=300917, class=java.io.ExpiringCache$Entry@50000061)
	val		50001ffc
OBJ 50002000 (sz=40, trace=300084, class=java.util.LinkedHashMap$Entry@50000060)
	key		50001ff8
	value		50001fff
	before		500007de
OBJ 50002001 (sz=24, trace=300000, class=java.lang.String@5000016e)
	value		50002002
ARR 50002002 (sz=60, trace=300000, nelems=30, elem type=char[])
ARR 50002003 (sz=118, trace=300000, nelems=59, elem type=char[])
OBJ 50002004 (sz=24, trace=300000, class=java.lang.String@5000016e)
	value		50002007
OBJ 50002005 (sz=24, trace=300000, class=java.lang.String@5000016e)
	value		50002006
ARR 50002006 (sz=62, trace=300000, nelems=31, elem type=char[])
ARR 50002007 (sz=70, trace=300000, nelems=35, elem type=char[])
OBJ 50002008 (sz=24, trace=300000, class=java.lang.String@5000016e)
	value		5000200e
OBJ 50002009 (sz=24, trace=300925, class=java.lang.String@5000016e)
	value		5000200a
ARR 5000200a (sz=118, trace=300926, nelems=59, elem type=char[])
OBJ 5000200b (sz=64, trace=300927, class=java.net.URL@50000119)
	protocol	50000ed9
	host		500005a0
	file		50002009
	authority	500005a0
	path		50002009
	handler		50000eed
OBJ 5000200c (sz=24, trace=300000, class=java.lang.String@5000016e)
	value		5000200d
ARR 5000200d (sz=78, trace=300000, nelems=39, elem type=char[])
ARR 5000200e (sz=158, trace=300000, nelems=79, elem type=char[])
OBJ 5000200f (sz=24, trace=300000, class=java.lang.String@5000016e)
	value		50002012
OBJ 50002010 (sz=24, trace=300000, class=java.lang.String@5000016e)
	value		50002011
ARR 50002011 (sz=66, trace=300000, nelems=33, elem type=char[])
ARR 50002012 (sz=64, trace=300000, nelems=32, elem type=char[])
OBJ 50002013 (sz=24, trace=300000, class=java.lang.String@5000016e)
	value		50002016
OBJ 50002014 (sz=24, trace=300000, class=java.lang.String@5000016e)
	value		50002015
ARR 50002015 (sz=88, trace=300000, nelems=44, elem type=char[])
ARR 50002016 (sz=176, trace=300000, nelems=88, elem type=char[])
OBJ 50002017 (sz=24, trace=300000, class=java.lang.String@5000016e)
	value		5000201a
OBJ 50002018 (sz=24, trace=300000, class=java.lang.String@5000016e)
	value		50002019
ARR 50002019 (sz=60, trace=300000, nelems=30, elem type=char[])
ARR 5000201a (sz=54, trace=300000, nelems=27, elem type=char[])
OBJ 5000201b (sz=24, trace=300937, class=java.lang.String@5000016e)
	value		5000201c
ARR 5000201c (sz=98, trace=300938, nelems=49, elem type=char[])
OBJ 5000201d (sz=24, trace=300939, class=java.io.ExpiringCache$Entry@50000061)
	val		50000788
OBJ 5000201e (sz=40, trace=300084, class=java.util.LinkedHashMap$Entry@50000060)
	key		5000201b
	value		5000201d
	before		50001ffb
	after		5000203c
OBJ 5000201f (sz=24, trace=300000, class=java.lang.String@5000016e)
	value		50002022
OBJ 50002020 (sz=24, trace=300000, class=java.lang.String@5000016e)
	value		50002021
ARR 50002021 (sz=56, trace=300000, nelems=28, elem type=char[])
ARR 50002022 (sz=62, trace=300000, nelems=31, elem type=char[])
OBJ 50002023 (sz=24, trace=300000, class=java.lang.String@5000016e)
	value		50002026
OBJ 50002024 (sz=24, trace=300000, class=java.lang.String@5000016e)
	value		50002025
ARR 50002025 (sz=100, trace=300000, nelems=50, elem type=char[])
ARR 50002026 (sz=74, trace=300000, nelems=37, elem type=char[])
OBJ 50002027 (sz=24, trace=300925, class=java.lang.String@5000016e)
	value		50002028
ARR 50002028 (sz=104, trace=300926, nelems=52, elem type=char[])
OBJ 50002029 (sz=64, trace=300927, class=java.net.URL@50000119)
	protocol	50000ed9
	host		500005a0
	file		50002027
	authority	500005a0
	path		50002027
	handler		50000eed
OBJ 5000202a (sz=24, trace=300000, class=java.lang.String@5000016e)
	value		5000202d
OBJ 5000202b (sz=24, trace=300000, class=java.lang.String@5000016e)
	value		5000202c
ARR 5000202c (sz=58, trace=300000, nelems=29, elem type=char[])
ARR 5000202d (sz=70, trace=300000, nelems=35, elem type=char[])
OBJ 5000202e (sz=24, trace=300000, class=java.lang.String@5000016e)
	value		5000202f
ARR 5000202f (sz=64, trace=300000, nelems=32, elem type=char[])
OBJ 50002030 (sz=24, trace=300000, class=java.lang.String@5000016e)
	value		50002033
OBJ 50002031 (sz=24, trace=300000, class=java.lang.String@5000016e)
	value		50002032
ARR 50002032 (sz=76, trace=300000, nelems=38, elem type=char[])
ARR 50002033 (sz=56, trace=300000, nelems=28, elem type=char[])
OBJ 50002034 (sz=56, trace=300687, class=java.util.zip.ZipFile$ZipFileInputStream@5000055c)
	this$0		500004ec
OBJ 50002035 (sz=40, trace=300106, class=java.lang.ref.Finalizer@5000014d)
	referent	50002034
	queue		500003aa
	next		50001e9f
	prev		50000386
OBJ 50002036 (sz=24, trace=300000, class=java.lang.String@5000016e)
	value		5000203d
OBJ 50002037 (sz=24, trace=300000, class=java.lang.String@5000016e)
	value		50002038
ARR 50002038 (sz=76, trace=300000, nelems=38, elem type=char[])
OBJ 50002039 (sz=24, trace=300937, class=java.lang.String@5000016e)
	value		5000203a
ARR 5000203a (sz=114, trace=300938, nelems=57, elem type=char[])
OBJ 5000203b (sz=24, trace=300939, class=java.io.ExpiringCache$Entry@50000061)
	val		50000784
OBJ 5000203c (sz=40, trace=300084, class=java.util.LinkedHashMap$Entry@50000060)
	key		50002039
	value		5000203b
	before		5000201e
	after		5000205a
ARR 5000203d (sz=170, trace=300000, nelems=85, elem type=char[])
OBJ 5000203e (sz=24, trace=300000, class=java.lang.String@5000016e)
	value		50002041
OBJ 5000203f (sz=24, trace=300000, class=java.lang.String@5000016e)
	value		50002040
ARR 50002040 (sz=74, trace=300000, nelems=37, elem type=char[])
ARR 50002041 (sz=74, trace=300000, nelems=37, elem type=char[])
OBJ 50002042 (sz=24, trace=300000, class=java.lang.String@5000016e)
	value		50002048
OBJ 50002043 (sz=24, trace=300000, class=java.lang.String@5000016e)
	value		50002044
ARR 50002044 (sz=64, trace=300000, nelems=32, elem type=char[])
OBJ 50002045 (sz=24, trace=300925, class=java.lang.String@5000016e)
	value		50002046
ARR 50002046 (sz=120, trace=300926, nelems=60, elem type=char[])
OBJ 50002047 (sz=64, trace=300927, class=java.net.URL@50000119)
	protocol	50000ed9
	host		500005a0
	file		50002045
	authority	500005a0
	path		50002045
	handler		50000eed
ARR 50002048 (sz=50, trace=300000, nelems=25, elem type=char[])
OBJ 50002049 (sz=24, trace=300000, class=java.lang.String@5000016e)
	value		50002056
OBJ 5000204b (sz=24, trace=300000, class=java.lang.String@5000016e)
	value		5000204f
OBJ 5000204c (sz=56, trace=300130, class=java.lang.Class$ReflectionData@500000a5)
OBJ 5000204d (sz=40, trace=300040, class=java.lang.ref.SoftReference@50000152)
OBJ 5000204e (sz=80, trace=300131, class=java.lang.reflect.Constructor@5000013d)
ARR 5000204f (sz=78, trace=300000, nelems=39, elem type=char[])
OBJ 50002050 (sz=24, trace=300133, class=sun.reflect.NativeConstructorAccessorImpl@5000007c)
OBJ 50002051 (sz=16, trace=300134, class=sun.reflect.DelegatingConstructorAccessorImpl@5000007b)
OBJ 50002052 (sz=40, trace=301126, class=com.sun.tools.javac.resources.javac@5000204a)
	locale		50000830
	name		50000cc1
	cacheKey	5000294d
	lookup		50002687
OBJ 50002053 (sz=32, trace=300999, class=java.util.ResourceBundle$LoaderReference@50002272)
	referent	500003b4
	queue		50001e66
	cacheKey	5000294d
OBJ 50002054 (sz=48, trace=301005, class=java.util.ResourceBundle$BundleReference@500001c2)
	referent	50002052
	queue		50001e66
	cacheKey	5000294d
OBJ 50002055 (sz=32, trace=301007, class=java.util.concurrent.ConcurrentHashMap$Node@50000024)
	key		5000294d
	val		50002054
ARR 50002056 (sz=350, trace=300000, nelems=175, elem type=char[])
OBJ 50002057 (sz=24, trace=300937, class=java.lang.String@5000016e)
	value		50002058
ARR 50002058 (sz=102, trace=300938, nelems=51, elem type=char[])
OBJ 50002059 (sz=24, trace=300939, class=java.io.ExpiringCache$Entry@50000061)
	val		50000782
OBJ 5000205a (sz=40, trace=300084, class=java.util.LinkedHashMap$Entry@50000060)
	key		50002057
	value		50002059
	before		5000203c
	after		50002078
OBJ 5000205b (sz=24, trace=300000, class=java.lang.String@5000016e)
	value		50002067
OBJ 5000205c (sz=24, trace=300000, class=java.lang.String@5000016e)
	value		50002066
OBJ 5000205d (sz=24, trace=301010, class=java.lang.String@5000016e)
	value		5000205e
ARR 5000205e (sz=76, trace=301011, nelems=38, elem type=char[])
OBJ 5000205f (sz=16, trace=300157, class=java.lang.Object@50000172)
OBJ 50002060 (sz=32, trace=300683, class=java.util.concurrent.ConcurrentHashMap$Node@50000024)
	key		5000205d
	val		5000205f
OBJ 50002061 (sz=16, trace=300160, class=java.lang.Object@50000172)
OBJ 50002062 (sz=32, trace=300683, class=java.util.concurrent.ConcurrentHashMap$Node@50000024)
	key		5000205d
	val		50002061
OBJ 50002063 (sz=24, trace=300925, class=java.lang.String@5000016e)
	value		50002064
ARR 50002064 (sz=108, trace=300926, nelems=54, elem type=char[])
OBJ 50002065 (sz=64, trace=300927, class=java.net.URL@50000119)
	protocol	50000ed9
	host		500005a0
	file		50002063
	authority	500005a0
	path		50002063
	handler		50000eed
ARR 50002066 (sz=60, trace=300000, nelems=30, elem type=char[])
ARR 50002067 (sz=60, trace=300000, nelems=30, elem type=char[])
OBJ 50002068 (sz=24, trace=300000, class=java.lang.String@5000016e)
	value		5000206b
OBJ 50002069 (sz=24, trace=300000, class=java.lang.String@5000016e)
	value		5000206a
ARR 5000206a (sz=68, trace=300000, nelems=34, elem type=char[])
ARR 5000206b (sz=50, trace=300000, nelems=25, elem type=char[])
OBJ 5000206c (sz=24, trace=300000, class=java.lang.String@5000016e)
	value		5000206f
OBJ 5000206d (sz=24, trace=300000, class=java.lang.String@5000016e)
	value		5000206e
ARR 5000206e (sz=64, trace=300000, nelems=32, elem type=char[])
ARR 5000206f (sz=50, trace=300000, nelems=25, elem type=char[])
OBJ 50002070 (sz=24, trace=300000, class=java.lang.String@5000016e)
	value		50002073
OBJ 50002071 (sz=24, trace=300000, class=java.lang.String@5000016e)
	value		50002072
ARR 50002072 (sz=84, trace=300000, nelems=42, elem type=char[])
ARR 50002073 (sz=180, trace=300000, nelems=90, elem type=char[])
OBJ 50002074 (sz=24, trace=300000, class=java.lang.String@5000016e)
	value		5000207b
OBJ 50002075 (sz=24, trace=300937, class=java.lang.String@5000016e)
	value		50002076
ARR 50002076 (sz=100, trace=300938, nelems=50, elem type=char[])
OBJ 50002077 (sz=24, trace=300939, class=java.io.ExpiringCache$Entry@50000061)
	val		50000780
OBJ 50002078 (sz=40, trace=300084, class=java.util.LinkedHashMap$Entry@50000060)
	key		50002075
	value		50002077
	before		5000205a
	after		50002096
OBJ 50002079 (sz=24, trace=300000, class=java.lang.String@5000016e)
	value		5000207a
ARR 5000207a (sz=86, trace=300000, nelems=43, elem type=char[])
ARR 5000207b (sz=116, trace=300000, nelems=58, elem type=char[])
OBJ 5000207c (sz=24, trace=300000, class=java.lang.String@5000016e)
	value		5000207f
OBJ 5000207d (sz=24, trace=300000, class=java.lang.String@5000016e)
	value		5000207e
ARR 5000207e (sz=112, trace=300000, nelems=56, elem type=char[])
ARR 5000207f (sz=184, trace=300000, nelems=92, elem type=char[])
OBJ 50002080 (sz=24, trace=300000, class=java.lang.String@5000016e)
	value		50002086
OBJ 50002081 (sz=24, trace=300925, class=java.lang.String@5000016e)
	value		50002082
ARR 50002082 (sz=106, trace=300926, nelems=53, elem type=char[])
OBJ 50002083 (sz=64, trace=300927, class=java.net.URL@50000119)
	protocol	50000ed9
	host		500005a0
	file		50002081
	authority	500005a0
	path		50002081
	handler		50000eed
OBJ 50002084 (sz=24, trace=300000, class=java.lang.String@5000016e)
	value		50002085
ARR 50002085 (sz=60, trace=300000, nelems=30, elem type=char[])
ARR 50002086 (sz=22, trace=300000, nelems=11, elem type=char[])
OBJ 50002087 (sz=24, trace=300000, class=java.lang.String@5000016e)
	value		5000208a
OBJ 50002088 (sz=24, trace=300000, class=java.lang.String@5000016e)
	value		50002089
ARR 50002089 (sz=88, trace=300000, nelems=44, elem type=char[])
ARR 5000208a (sz=96, trace=300000, nelems=48, elem type=char[])
OBJ 5000208b (sz=24, trace=300000, class=java.lang.String@5000016e)
	value		50002091
OBJ 5000208c (sz=32, trace=300999, class=java.util.ResourceBundle$LoaderReference@50002272)
	referent	500003b4
	queue		50001e66
	cacheKey	50001a00
OBJ 5000208d (sz=48, trace=301005, class=java.util.ResourceBundle$BundleReference@500001c2)
	referent	50001e64
	queue		50001e66
	cacheKey	50001a00
OBJ 5000208e (sz=32, trace=301007, class=java.util.concurrent.ConcurrentHashMap$Node@50000024)
	key		50001a00
	val		5000208d
OBJ 5000208f (sz=24, trace=300000, class=java.lang.String@5000016e)
	value		50002090
ARR 50002090 (sz=92, trace=300000, nelems=46, elem type=char[])
ARR 50002091 (sz=242, trace=300000, nelems=121, elem type=char[])
OBJ 50002092 (sz=24, trace=301010, class=java.lang.String@5000016e)
	value		50002097
OBJ 50002093 (sz=24, trace=300937, class=java.lang.String@5000016e)
	value		50002094
ARR 50002094 (sz=110, trace=300938, nelems=55, elem type=char[])
OBJ 50002095 (sz=24, trace=300939, class=java.io.ExpiringCache$Entry@50000061)
	val		5000077e
OBJ 50002096 (sz=40, trace=300084, class=java.util.LinkedHashMap$Entry@50000060)
	key		50002093
	value		50002095
	before		50002078
	after		500020b4
ARR 50002097 (sz=82, trace=301011, nelems=41, elem type=char[])
OBJ 50002098 (sz=16, trace=300157, class=java.lang.Object@50000172)
OBJ 50002099 (sz=32, trace=300159, class=java.util.concurrent.ConcurrentHashMap$Node@50000024)
	key		50002092
	val		50002098
OBJ 5000209a (sz=16, trace=300160, class=java.lang.Object@50000172)
OBJ 5000209b (sz=32, trace=300159, class=java.util.concurrent.ConcurrentHashMap$Node@50000024)
	key		50002092
	val		5000209a
OBJ 5000209c (sz=24, trace=300000, class=java.lang.String@5000016e)
	value		500020a2
OBJ 5000209d (sz=24, trace=300000, class=java.lang.String@5000016e)
	value		5000209e
ARR 5000209e (sz=76, trace=300000, nelems=38, elem type=char[])
OBJ 5000209f (sz=24, trace=300925, class=java.lang.String@5000016e)
	value		500020a0
ARR 500020a0 (sz=116, trace=300926, nelems=58, elem type=char[])
OBJ 500020a1 (sz=64, trace=300927, class=java.net.URL@50000119)
	protocol	50000ed9
	host		500005a0
	file		5000209f
	authority	500005a0
	path		5000209f
	handler		50000eed
ARR 500020a2 (sz=74, trace=300000, nelems=37, elem type=char[])
OBJ 500020a3 (sz=24, trace=300000, class=java.lang.String@5000016e)
	value		500020a6
OBJ 500020a4 (sz=24, trace=300000, class=java.lang.String@5000016e)
	value		500020a5
ARR 500020a5 (sz=96, trace=300000, nelems=48, elem type=char[])
ARR 500020a6 (sz=176, trace=300000, nelems=88, elem type=char[])
OBJ 500020a7 (sz=24, trace=300000, class=java.lang.String@5000016e)
	value		500020aa
OBJ 500020a8 (sz=24, trace=300000, class=java.lang.String@5000016e)
	value		500020a9
ARR 500020a9 (sz=60, trace=300000, nelems=30, elem type=char[])
ARR 500020aa (sz=50, trace=300000, nelems=25, elem type=char[])
OBJ 500020ab (sz=24, trace=300000, class=java.lang.String@5000016e)
	value		500020ae
OBJ 500020ac (sz=24, trace=300000, class=java.lang.String@5000016e)
	value		500020ad
ARR 500020ad (sz=72, trace=300000, nelems=36, elem type=char[])
ARR 500020ae (sz=98, trace=300000, nelems=49, elem type=char[])
OBJ 500020af (sz=24, trace=300000, class=java.lang.String@5000016e)
	value		500020b7
OBJ 500020b0 (sz=24, trace=300000, class=java.lang.String@5000016e)
	value		500020b6
OBJ 500020b1 (sz=24, trace=300937, class=java.lang.String@5000016e)
	value		500020b2
ARR 500020b2 (sz=100, trace=300938, nelems=50, elem type=char[])
OBJ 500020b3 (sz=24, trace=300939, class=java.io.ExpiringCache$Entry@50000061)
	val		5000076e
OBJ 500020b4 (sz=40, trace=300726, class=java.util.LinkedHashMap$Entry@50000060)
	key		500020b1
	value		500020b3
	before		50002096
	after		500020c5
ARR 500020b5 (sz=272, trace=300940, nelems=64, elem type=java.util.HashMap$Node[]@500000c2)
	[9]		500020b4
	[12]		500001e9
	[13]		50000716
	[15]		50000718
	[16]		50000714
	[17]		5000071e
	[19]		50001ffb
	[21]		5000071f
	[22]		5000205a
	[24]		50001eb6
	[25]		50000720
	[27]		50000721
	[34]		50000722
	[35]		50000723
	[36]		50000724
	[38]		50002096
	[40]		5000201e
	[41]		50000725
	[50]		50002078
	[53]		50000726
	[56]		50000727
	[58]		50000728
	[60]		5000203c
	[63]		5000072b
ARR 500020b6 (sz=106, trace=300000, nelems=53, elem type=char[])
ARR 500020b7 (sz=108, trace=300000, nelems=54, elem type=char[])
OBJ 500020b8 (sz=24, trace=300000, class=java.lang.String@5000016e)
	value		500020bb
OBJ 500020b9 (sz=24, trace=300000, class=java.lang.String@5000016e)
	value		500020ba
ARR 500020ba (sz=112, trace=300000, nelems=56, elem type=char[])
ARR 500020bb (sz=106, trace=300000, nelems=53, elem type=char[])
OBJ 500020bc (sz=24, trace=300000, class=java.lang.String@5000016e)
	value		500020c2
OBJ 500020bd (sz=24, trace=300000, class=java.lang.String@5000016e)
	value		500020c1
OBJ 500020be (sz=24, trace=300925, class=java.lang.String@5000016e)
	value		500020bf
ARR 500020bf (sz=106, trace=300926, nelems=53, elem type=char[])
OBJ 500020c0 (sz=64, trace=300927, class=java.net.URL@50000119)
	protocol	50000ed9
	host		500005a0
	file		500020be
	authority	500005a0
	path		500020be
	handler		50000eed
ARR 500020c1 (sz=64, trace=300000, nelems=32, elem type=char[])
ARR 500020c2 (sz=40, trace=300000, nelems=20, elem type=char[])
OBJ 500020c3 (sz=24, trace=300000, class=java.lang.String@5000016e)
	value		500020cc
OBJ 500020c4 (sz=24, trace=300083, class=java.io.ExpiringCache$Entry@50000061)
	val		5000076b
OBJ 500020c5 (sz=40, trace=300726, class=java.util.LinkedHashMap$Entry@50000060)
	key		50001e96
	value		500020c4
	before		500020b4
OBJ 500020c6 (sz=24, trace=300000, class=java.lang.String@5000016e)
	value		500020c7
ARR 500020c7 (sz=64, trace=300000, nelems=32, elem type=char[])
OBJ 500020c8 (sz=32, trace=300999, class=java.util.ResourceBundle$LoaderReference@50002272)
	referent	500003b4
	queue		50001e66
	cacheKey	500019f9
OBJ 500020c9 (sz=48, trace=301005, class=java.util.ResourceBundle$BundleReference@500001c2)
	referent	50001e64
	queue		50001e66
	cacheKey	500019f9
OBJ 500020ca (sz=32, trace=301007, class=java.util.concurrent.ConcurrentHashMap$Node@50000024)
	key		500019f9
	val		500020c9
OBJ 500020cb (sz=24, trace=301023, class=com.sun.tools.javac.util.List@50001ac1)
ARR 500020cc (sz=70, trace=300000, nelems=35, elem type=char[])
OBJ 500020cd (sz=24, trace=300000, class=java.lang.String@5000016e)
	value		500020dd
OBJ 500020ce (sz=24, trace=300000, class=java.lang.String@5000016e)
	value		500020cf
ARR 500020cf (sz=90, trace=300000, nelems=45, elem type=char[])
OBJ 500020d0 (sz=24, trace=301023, class=com.sun.tools.javac.util.List@50001ac1)
OBJ 500020d1 (sz=24, trace=300925, class=java.lang.String@5000016e)
	value		500020d2
ARR 500020d2 (sz=98, trace=300926, nelems=49, elem type=char[])
OBJ 500020d3 (sz=64, trace=300927, class=java.net.URL@50000119)
	protocol	50000ed9
	host		500005a0
	file		500020d1
	authority	500005a0
	path		500020d1
	handler		50000eed
OBJ 500020d4 (sz=40, trace=301024, class=java.lang.ref.SoftReference@50000152)
OBJ 500020d5 (sz=48, trace=300941, class=sun.misc.URLClassPath@50000004)
	path		500020d6
	urls		500020d7
	loaders		500020d9
	lmap		500020da
	jarHandler	500020e1
OBJ 500020d6 (sz=24, trace=300942, class=java.util.ArrayList@500000dd)
	elementData	500020db
OBJ 500020d7 (sz=32, trace=300943, class=java.util.Stack@500000e2)
	elementData	500020d8
ARR 500020d8 (sz=56, trace=300944, nelems=0, elem type=java.lang.Object[]@50000108)
OBJ 500020d9 (sz=24, trace=300945, class=java.util.ArrayList@500000dd)
	elementData	50002113
OBJ 500020da (sz=48, trace=300946, class=java.util.HashMap@500000c6)
	table		50002114
ARR 500020db (sz=56, trace=300219, nelems=8, elem type=java.lang.Object[]@50000108)
	[0]		5000200b
	[1]		50002029
	[2]		50002047
	[3]		50002065
	[4]		50002083
	[5]		500020a1
	[6]		500020c0
	[7]		500020d3
OBJ 500020dc (sz=32, trace=300221, class=java.util.HashMap$Node@500000c4)
ARR 500020dd (sz=80, trace=300000, nelems=40, elem type=char[])
OBJ 500020de (sz=24, trace=300000, class=java.lang.String@5000016e)
	value		500020e3
OBJ 500020df (sz=24, trace=300000, class=java.lang.String@5000016e)
	value		500020e0
ARR 500020e0 (sz=50, trace=300000, nelems=25, elem type=char[])
OBJ 500020e1 (sz=16, trace=300951, class=sun.net.www.protocol.jar.Handler@50000003)
ARR 500020e3 (sz=18, trace=300000, nelems=9, elem type=char[])
OBJ 500020e5 (sz=24, trace=300000, class=java.lang.String@5000016e)
	value		500020eb
OBJ 500020e7 (sz=24, trace=300000, class=java.lang.String@5000016e)
	value		500020e9
ARR 500020e9 (sz=76, trace=300000, nelems=38, elem type=char[])
ARR 500020eb (sz=58, trace=300000, nelems=29, elem type=char[])
OBJ 500020ec (sz=24, trace=300000, class=java.lang.String@5000016e)
	value		500020f1
OBJ 500020ed (sz=24, trace=300000, class=java.lang.String@5000016e)
	value		500020ee
ARR 500020ee (sz=116, trace=300000, nelems=58, elem type=char[])
OBJ 500020ef (sz=24, trace=300170, class=java.lang.String@5000016e)
	value		500020f0
ARR 500020f0 (sz=132, trace=300171, nelems=66, elem type=char[])
ARR 500020f1 (sz=96, trace=300000, nelems=48, elem type=char[])
OBJ 500020f2 (sz=24, trace=300000, class=java.lang.String@5000016e)
	value		500020f5
OBJ 500020f3 (sz=24, trace=300000, class=java.lang.String@5000016e)
	value		500020f4
ARR 500020f4 (sz=102, trace=300000, nelems=51, elem type=char[])
ARR 500020f5 (sz=118, trace=300000, nelems=59, elem type=char[])
OBJ 500020f6 (sz=24, trace=300000, class=java.lang.String@5000016e)
	value		500020f9
OBJ 500020f7 (sz=24, trace=300000, class=java.lang.String@5000016e)
	value		500020f8
ARR 500020f8 (sz=64, trace=300000, nelems=32, elem type=char[])
ARR 500020f9 (sz=22, trace=300000, nelems=11, elem type=char[])
OBJ 500020fa (sz=24, trace=300184, class=java.lang.String@5000016e)
	value		500020fb
ARR 500020fb (sz=132, trace=300185, nelems=66, elem type=char[])
OBJ 500020fc (sz=64, trace=300186, class=java.net.URL@50000119)
	protocol	50000f4f
	host		500005a0
	file		500020fa
	authority	500005a0
	path		500020fa
	handler		500020e1
OBJ 500020fd (sz=24, trace=300000, class=java.lang.String@5000016e)
	value		50002101
OBJ 500020fe (sz=56, trace=300188, class=sun.misc.URLClassPath$JarLoader@5000025a)
	base		500020fc
	csu		5000200b
	metaIndex	50001f67
	handler		500020e1
	lmap		500020da
OBJ 500020ff (sz=24, trace=300000, class=java.lang.String@5000016e)
	value		50002100
ARR 50002100 (sz=78, trace=300000, nelems=39, elem type=char[])
ARR 50002101 (sz=230, trace=300000, nelems=115, elem type=char[])
OBJ 50002102 (sz=24, trace=300000, class=java.lang.String@5000016e)
	value		50002105
OBJ 50002103 (sz=24, trace=300000, class=java.lang.String@5000016e)
	value		50002104
ARR 50002104 (sz=110, trace=300000, nelems=55, elem type=char[])
ARR 50002105 (sz=168, trace=300000, nelems=84, elem type=char[])
OBJ 50002106 (sz=24, trace=300000, class=java.lang.String@5000016e)
	value		50002109
OBJ 50002107 (sz=24, trace=300000, class=java.lang.String@5000016e)
	value		50002108
ARR 50002108 (sz=56, trace=300000, nelems=28, elem type=char[])
ARR 50002109 (sz=92, trace=300000, nelems=46, elem type=char[])
OBJ 5000210a (sz=24, trace=300000, class=java.lang.String@5000016e)
	value		5000210d
OBJ 5000210b (sz=24, trace=300000, class=java.lang.String@5000016e)
	value		5000210c
ARR 5000210c (sz=70, trace=300000, nelems=35, elem type=char[])
ARR 5000210d (sz=122, trace=300000, nelems=61, elem type=char[])
OBJ 5000210e (sz=24, trace=300000, class=java.lang.String@5000016e)
	value		50002111
OBJ 5000210f (sz=24, trace=300000, class=java.lang.String@5000016e)
	value		50002110
ARR 50002110 (sz=72, trace=300000, nelems=36, elem type=char[])
ARR 50002111 (sz=88, trace=300000, nelems=44, elem type=char[])
OBJ 50002112 (sz=24, trace=300000, class=java.lang.String@5000016e)
	value		50002118
ARR 50002113 (sz=56, trace=300219, nelems=6, elem type=java.lang.Object[]@50000108)
	[0]		500020fe
	[1]		50002128
	[2]		50002190
	[3]		500021b8
	[4]		500021e0
	[5]		50002208
ARR 50002114 (sz=80, trace=300220, nelems=12, elem type=java.util.HashMap$Node[]@500000c2)
	[0]		500021a5
	[5]		500021cd
	[6]		50002115
	[9]		5000221d
	[10]		5000213d
	[11]		500021f5
OBJ 50002115 (sz=32, trace=300221, class=java.util.HashMap$Node@500000c4)
	key		500020ef
	value		500020fe
OBJ 50002116 (sz=24, trace=300000, class=java.lang.String@5000016e)
	value		50002117
ARR 50002117 (sz=72, trace=300000, nelems=36, elem type=char[])
ARR 50002118 (sz=58, trace=300000, nelems=29, elem type=char[])
OBJ 50002119 (sz=24, trace=300170, class=java.lang.String@5000016e)
	value		5000211a
ARR 5000211a (sz=118, trace=300171, nelems=59, elem type=char[])
OBJ 5000211b (sz=24, trace=300000, class=java.lang.String@5000016e)
	value		5000211e
OBJ 5000211c (sz=24, trace=300000, class=java.lang.String@5000016e)
	value		5000211d
ARR 5000211d (sz=92, trace=300000, nelems=46, elem type=char[])
ARR 5000211e (sz=90, trace=300000, nelems=45, elem type=char[])
OBJ 5000211f (sz=24, trace=300000, class=java.lang.String@5000016e)
	value		50002122
OBJ 50002120 (sz=24, trace=300000, class=java.lang.String@5000016e)
	value		50002121
ARR 50002121 (sz=124, trace=300000, nelems=62, elem type=char[])
ARR 50002122 (sz=200, trace=300000, nelems=100, elem type=char[])
OBJ 50002123 (sz=24, trace=300000, class=java.lang.String@5000016e)
	value		5000212a
OBJ 50002124 (sz=24, trace=300184, class=java.lang.String@5000016e)
	value		50002125
ARR 50002125 (sz=118, trace=300185, nelems=59, elem type=char[])
OBJ 50002126 (sz=64, trace=300186, class=java.net.URL@50000119)
	protocol	50000f4f
	host		500005a0
	file		50002124
	authority	500005a0
	path		50002124
	handler		500020e1
OBJ 50002127 (sz=24, trace=300000, class=java.lang.String@5000016e)
	value		50002129
OBJ 50002128 (sz=56, trace=300188, class=sun.misc.URLClassPath$JarLoader@5000025a)
	base		50002126
	csu		50002029
	metaIndex	50001fc1
	handler		500020e1
	lmap		500020da
ARR 50002129 (sz=92, trace=300000, nelems=46, elem type=char[])
ARR 5000212a (sz=174, trace=300000, nelems=87, elem type=char[])
OBJ 5000212b (sz=24, trace=300000, class=java.lang.String@5000016e)
	value		5000212e
OBJ 5000212c (sz=24, trace=300000, class=java.lang.String@5000016e)
	value		5000212d
ARR 5000212d (sz=72, trace=300000, nelems=36, elem type=char[])
ARR 5000212e (sz=52, trace=300000, nelems=26, elem type=char[])
OBJ 5000212f (sz=24, trace=300000, class=java.lang.String@5000016e)
	value		50002132
OBJ 50002130 (sz=24, trace=300000, class=java.lang.String@5000016e)
	value		50002131
ARR 50002131 (sz=36, trace=300000, nelems=18, elem type=char[])
ARR 50002132 (sz=12, trace=300000, nelems=6, elem type=char[])
OBJ 50002133 (sz=24, trace=300000, class=java.lang.String@5000016e)
	value		50002136
OBJ 50002134 (sz=24, trace=300000, class=java.lang.String@5000016e)
	value		50002135
ARR 50002135 (sz=86, trace=300000, nelems=43, elem type=char[])
ARR 50002136 (sz=100, trace=300000, nelems=50, elem type=char[])
OBJ 50002137 (sz=24, trace=300000, class=java.lang.String@5000016e)
	value		5000213a
OBJ 50002138 (sz=24, trace=300000, class=java.lang.String@5000016e)
	value		50002139
ARR 50002139 (sz=58, trace=300000, nelems=29, elem type=char[])
ARR 5000213a (sz=30, trace=300000, nelems=15, elem type=char[])
OBJ 5000213b (sz=24, trace=300000, class=java.lang.String@5000016e)
	value		5000213f
OBJ 5000213c (sz=24, trace=300000, class=java.lang.String@5000016e)
	value		5000213e
OBJ 5000213d (sz=32, trace=300221, class=java.util.HashMap$Node@500000c4)
	key		50002119
	value		50002128
ARR 5000213e (sz=70, trace=300000, nelems=35, elem type=char[])
ARR 5000213f (sz=52, trace=300000, nelems=26, elem type=char[])
OBJ 50002140 (sz=24, trace=300000, class=java.lang.String@5000016e)
	value		50002141
ARR 50002141 (sz=100, trace=300000, nelems=50, elem type=char[])
OBJ 50002142 (sz=24, trace=300000, class=java.lang.String@5000016e)
	value		50002145
OBJ 50002143 (sz=24, trace=300000, class=java.lang.String@5000016e)
	value		50002144
ARR 50002144 (sz=62, trace=300000, nelems=31, elem type=char[])
ARR 50002145 (sz=244, trace=300000, nelems=122, elem type=char[])
OBJ 50002146 (sz=24, trace=300000, class=java.lang.String@5000016e)
	value		50002149
OBJ 50002147 (sz=24, trace=300000, class=java.lang.String@5000016e)
	value		50002148
ARR 50002148 (sz=86, trace=300000, nelems=43, elem type=char[])
ARR 50002149 (sz=212, trace=300000, nelems=106, elem type=char[])
OBJ 5000214a (sz=24, trace=300000, class=java.lang.String@5000016e)
	value		5000214b
ARR 5000214b (sz=66, trace=300000, nelems=33, elem type=char[])
OBJ 5000214c (sz=24, trace=300000, class=java.lang.String@5000016e)
	value		5000214f
OBJ 5000214d (sz=24, trace=300000, class=java.lang.String@5000016e)
	value		5000214e
ARR 5000214e (sz=50, trace=300000, nelems=25, elem type=char[])
ARR 5000214f (sz=60, trace=300000, nelems=30, elem type=char[])
OBJ 50002150 (sz=24, trace=300000, class=java.lang.String@5000016e)
	value		50002153
OBJ 50002151 (sz=24, trace=300000, class=java.lang.String@5000016e)
	value		50002152
ARR 50002152 (sz=58, trace=300000, nelems=29, elem type=char[])
ARR 50002153 (sz=140, trace=300000, nelems=70, elem type=char[])
OBJ 50002154 (sz=24, trace=300000, class=java.lang.String@5000016e)
	value		50002157
OBJ 50002155 (sz=24, trace=300000, class=java.lang.String@5000016e)
	value		50002156
ARR 50002156 (sz=68, trace=300000, nelems=34, elem type=char[])
ARR 50002157 (sz=146, trace=300000, nelems=73, elem type=char[])
OBJ 50002158 (sz=24, trace=300000, class=java.lang.String@5000016e)
	value		5000215b
OBJ 50002159 (sz=24, trace=300000, class=java.lang.String@5000016e)
	value		5000215a
ARR 5000215a (sz=68, trace=300000, nelems=34, elem type=char[])
ARR 5000215b (sz=42, trace=300000, nelems=21, elem type=char[])
OBJ 5000215c (sz=24, trace=300000, class=java.lang.String@5000016e)
	value		5000215f
OBJ 5000215d (sz=24, trace=300000, class=java.lang.String@5000016e)
	value		5000215e
ARR 5000215e (sz=96, trace=300000, nelems=48, elem type=char[])
ARR 5000215f (sz=184, trace=300000, nelems=92, elem type=char[])
OBJ 50002160 (sz=24, trace=300000, class=java.lang.String@5000016e)
	value		50002163
OBJ 50002161 (sz=24, trace=300000, class=java.lang.String@5000016e)
	value		50002162
ARR 50002162 (sz=86, trace=300000, nelems=43, elem type=char[])
ARR 50002163 (sz=98, trace=300000, nelems=49, elem type=char[])
OBJ 50002164 (sz=24, trace=300000, class=java.lang.String@5000016e)
	value		50002167
OBJ 50002165 (sz=24, trace=300000, class=java.lang.String@5000016e)
	value		50002166
ARR 50002166 (sz=46, trace=300000, nelems=23, elem type=char[])
ARR 50002167 (sz=56, trace=300000, nelems=28, elem type=char[])
OBJ 50002168 (sz=24, trace=300000, class=java.lang.String@5000016e)
	value		5000216b
OBJ 50002169 (sz=24, trace=300000, class=java.lang.String@5000016e)
	value		5000216a
ARR 5000216a (sz=70, trace=300000, nelems=35, elem type=char[])
ARR 5000216b (sz=58, trace=300000, nelems=29, elem type=char[])
OBJ 5000216c (sz=24, trace=300000, class=java.lang.String@5000016e)
	value		5000216f
OBJ 5000216d (sz=24, trace=300000, class=java.lang.String@5000016e)
	value		5000216e
ARR 5000216e (sz=78, trace=300000, nelems=39, elem type=char[])
ARR 5000216f (sz=98, trace=300000, nelems=49, elem type=char[])
OBJ 50002170 (sz=24, trace=300000, class=java.lang.String@5000016e)
	value		50002173
OBJ 50002171 (sz=24, trace=300000, class=java.lang.String@5000016e)
	value		50002172
ARR 50002172 (sz=58, trace=300000, nelems=29, elem type=char[])
ARR 50002173 (sz=46, trace=300000, nelems=23, elem type=char[])
OBJ 50002174 (sz=24, trace=300000, class=java.lang.String@5000016e)
	value		50002177
OBJ 50002175 (sz=24, trace=300000, class=java.lang.String@5000016e)
	value		50002176
ARR 50002176 (sz=76, trace=300000, nelems=38, elem type=char[])
ARR 50002177 (sz=64, trace=300000, nelems=32, elem type=char[])
OBJ 50002178 (sz=24, trace=300000, class=java.lang.String@5000016e)
	value		5000217c
OBJ 50002179 (sz=24, trace=300000, class=java.lang.String@5000016e)
	value		5000217a
ARR 5000217a (sz=68, trace=300000, nelems=34, elem type=char[])
ARR 5000217c (sz=60, trace=300000, nelems=30, elem type=char[])
OBJ 5000217d (sz=24, trace=300000, class=java.lang.String@5000016e)
	value		50002180
OBJ 5000217e (sz=24, trace=300000, class=java.lang.String@5000016e)
	value		5000217f
ARR 5000217f (sz=58, trace=300000, nelems=29, elem type=char[])
ARR 50002180 (sz=12, trace=300000, nelems=6, elem type=char[])
OBJ 50002181 (sz=24, trace=300170, class=java.lang.String@5000016e)
	value		50002182
ARR 50002182 (sz=122, trace=300171, nelems=61, elem type=char[])
OBJ 50002183 (sz=24, trace=300000, class=java.lang.String@5000016e)
	value		50002186
OBJ 50002184 (sz=24, trace=300000, class=java.lang.String@5000016e)
	value		50002185
ARR 50002185 (sz=74, trace=300000, nelems=37, elem type=char[])
ARR 50002186 (sz=94, trace=300000, nelems=47, elem type=char[])
OBJ 50002187 (sz=24, trace=300000, class=java.lang.String@5000016e)
	value		5000218a
OBJ 50002188 (sz=24, trace=300000, class=java.lang.String@5000016e)
	value		50002189
ARR 50002189 (sz=56, trace=300000, nelems=28, elem type=char[])
ARR 5000218a (sz=36, trace=300000, nelems=18, elem type=char[])
OBJ 5000218b (sz=24, trace=300000, class=java.lang.String@5000016e)
	value		50002192
OBJ 5000218c (sz=24, trace=300184, class=java.lang.String@5000016e)
	value		5000218d
ARR 5000218d (sz=122, trace=300185, nelems=61, elem type=char[])
OBJ 5000218e (sz=64, trace=300186, class=java.net.URL@50000119)
	protocol	50000f4f
	host		500005a0
	file		5000218c
	authority	500005a0
	path		5000218c
	handler		500020e1
OBJ 5000218f (sz=24, trace=300000, class=java.lang.String@5000016e)
	value		50002191
OBJ 50002190 (sz=56, trace=300188, class=sun.misc.URLClassPath$JarLoader@5000025a)
	base		5000218e
	csu		50002065
	metaIndex	50001f10
	handler		500020e1
	lmap		500020da
ARR 50002191 (sz=60, trace=300000, nelems=30, elem type=char[])
ARR 50002192 (sz=14, trace=300000, nelems=7, elem type=char[])
OBJ 50002193 (sz=24, trace=300000, class=java.lang.String@5000016e)
	value		50002196
OBJ 50002194 (sz=24, trace=300000, class=java.lang.String@5000016e)
	value		50002195
ARR 50002195 (sz=96, trace=300000, nelems=48, elem type=char[])
ARR 50002196 (sz=120, trace=300000, nelems=60, elem type=char[])
OBJ 50002197 (sz=24, trace=300000, class=java.lang.String@5000016e)
	value		5000219a
OBJ 50002198 (sz=24, trace=300000, class=java.lang.String@5000016e)
	value		50002199
ARR 50002199 (sz=64, trace=300000, nelems=32, elem type=char[])
ARR 5000219a (sz=54, trace=300000, nelems=27, elem type=char[])
OBJ 5000219b (sz=24, trace=300000, class=java.lang.String@5000016e)
	value		5000219e
OBJ 5000219c (sz=24, trace=300000, class=java.lang.String@5000016e)
	value		5000219d
ARR 5000219d (sz=92, trace=300000, nelems=46, elem type=char[])
ARR 5000219e (sz=170, trace=300000, nelems=85, elem type=char[])
OBJ 5000219f (sz=24, trace=300000, class=java.lang.String@5000016e)
	value		500021a2
OBJ 500021a0 (sz=24, trace=300000, class=java.lang.String@5000016e)
	value		500021a1
ARR 500021a1 (sz=68, trace=300000, nelems=34, elem type=char[])
ARR 500021a2 (sz=36, trace=300000, nelems=18, elem type=char[])
OBJ 500021a3 (sz=24, trace=300000, class=java.lang.String@5000016e)
	value		500021a7
OBJ 500021a4 (sz=24, trace=300000, class=java.lang.String@5000016e)
	value		500021a6
OBJ 500021a5 (sz=32, trace=300221, class=java.util.HashMap$Node@500000c4)
	key		50002181
	value		50002190
ARR 500021a6 (sz=84, trace=300000, nelems=42, elem type=char[])
ARR 500021a7 (sz=58, trace=300000, nelems=29, elem type=char[])
OBJ 500021a8 (sz=24, trace=300000, class=java.lang.String@5000016e)
	value		500021ad
OBJ 500021a9 (sz=24, trace=300170, class=java.lang.String@5000016e)
	value		500021aa
ARR 500021aa (sz=120, trace=300171, nelems=60, elem type=char[])
OBJ 500021ab (sz=24, trace=300000, class=java.lang.String@5000016e)
	value		500021ac
ARR 500021ac (sz=58, trace=300000, nelems=29, elem type=char[])
ARR 500021ad (sz=32, trace=300000, nelems=16, elem type=char[])
OBJ 500021ae (sz=24, trace=300000, class=java.lang.String@5000016e)
	value		500021b1
OBJ 500021af (sz=24, trace=300000, class=java.lang.String@5000016e)
	value		500021b0
ARR 500021b0 (sz=88, trace=300000, nelems=44, elem type=char[])
ARR 500021b1 (sz=136, trace=300000, nelems=68, elem type=char[])
OBJ 500021b2 (sz=24, trace=300000, class=java.lang.String@5000016e)
	value		500021b9
OBJ 500021b3 (sz=24, trace=300000, class=java.lang.String@5000016e)
	value		500021b7
OBJ 500021b4 (sz=24, trace=300184, class=java.lang.String@5000016e)
	value		500021b5
ARR 500021b5 (sz=120, trace=300185, nelems=60, elem type=char[])
OBJ 500021b6 (sz=64, trace=300186, class=java.net.URL@50000119)
	protocol	50000f4f
	host		500005a0
	file		500021b4
	authority	500005a0
	path		500021b4
	handler		500020e1
ARR 500021b7 (sz=66, trace=300000, nelems=33, elem type=char[])
OBJ 500021b8 (sz=56, trace=300188, class=sun.misc.URLClassPath$JarLoader@5000025a)
	base		500021b6
	csu		50002083
	metaIndex	50001eea
	handler		500020e1
	lmap		500020da
ARR 500021b9 (sz=60, trace=300000, nelems=30, elem type=char[])
OBJ 500021ba (sz=24, trace=300000, class=java.lang.String@5000016e)
	value		500021bd
OBJ 500021bb (sz=24, trace=300000, class=java.lang.String@5000016e)
	value		500021bc
ARR 500021bc (sz=86, trace=300000, nelems=43, elem type=char[])
ARR 500021bd (sz=128, trace=300000, nelems=64, elem type=char[])
OBJ 500021be (sz=24, trace=300000, class=java.lang.String@5000016e)
	value		500021c1
OBJ 500021bf (sz=24, trace=300000, class=java.lang.String@5000016e)
	value		500021c0
ARR 500021c0 (sz=140, trace=300000, nelems=70, elem type=char[])
ARR 500021c1 (sz=164, trace=300000, nelems=82, elem type=char[])
OBJ 500021c2 (sz=24, trace=300000, class=java.lang.String@5000016e)
	value		500021c5
OBJ 500021c3 (sz=24, trace=300000, class=java.lang.String@5000016e)
	value		500021c4
ARR 500021c4 (sz=58, trace=300000, nelems=29, elem type=char[])
ARR 500021c5 (sz=22, trace=300000, nelems=11, elem type=char[])
OBJ 500021c6 (sz=24, trace=300000, class=java.lang.String@5000016e)
	value		500021c9
OBJ 500021c7 (sz=24, trace=300000, class=java.lang.String@5000016e)
	value		500021c8
ARR 500021c8 (sz=88, trace=300000, nelems=44, elem type=char[])
ARR 500021c9 (sz=114, trace=300000, nelems=57, elem type=char[])
OBJ 500021ca (sz=24, trace=300000, class=java.lang.String@5000016e)
	value		500021ce
OBJ 500021cb (sz=24, trace=300000, class=java.lang.String@5000016e)
	value		500021cc
ARR 500021cc (sz=84, trace=300000, nelems=42, elem type=char[])
OBJ 500021cd (sz=32, trace=300221, class=java.util.HashMap$Node@500000c4)
	key		500021a9
	value		500021b8
ARR 500021ce (sz=180, trace=300000, nelems=90, elem type=char[])
OBJ 500021cf (sz=24, trace=300000, class=java.lang.String@5000016e)
	value		500021d4
OBJ 500021d0 (sz=24, trace=300000, class=java.lang.String@5000016e)
	value		500021d3
OBJ 500021d1 (sz=24, trace=300170, class=java.lang.String@5000016e)
	value		500021d2
ARR 500021d2 (sz=130, trace=300171, nelems=65, elem type=char[])
ARR 500021d3 (sz=52, trace=300000, nelems=26, elem type=char[])
ARR 500021d4 (sz=148, trace=300000, nelems=74, elem type=char[])
OBJ 500021d5 (sz=24, trace=300000, class=java.lang.String@5000016e)
	value		500021d8
OBJ 500021d6 (sz=24, trace=300000, class=java.lang.String@5000016e)
	value		500021d7
ARR 500021d7 (sz=50, trace=300000, nelems=25, elem type=char[])
ARR 500021d8 (sz=152, trace=300000, nelems=76, elem type=char[])
OBJ 500021d9 (sz=24, trace=300000, class=java.lang.String@5000016e)
	value		500021df
OBJ 500021da (sz=24, trace=300000, class=java.lang.String@5000016e)
	value		500021db
ARR 500021db (sz=88, trace=300000, nelems=44, elem type=char[])
OBJ 500021dc (sz=24, trace=300184, class=java.lang.String@5000016e)
	value		500021dd
ARR 500021dd (sz=130, trace=300185, nelems=65, elem type=char[])
OBJ 500021de (sz=64, trace=300186, class=java.net.URL@50000119)
	protocol	50000f4f
	host		500005a0
	file		500021dc
	authority	500005a0
	path		500021dc
	handler		500020e1
ARR 500021df (sz=100, trace=300000, nelems=50, elem type=char[])
OBJ 500021e0 (sz=56, trace=300188, class=sun.misc.URLClassPath$JarLoader@5000025a)
	base		500021de
	csu		500020a1
	metaIndex	50001ed3
	handler		500020e1
	lmap		500020da
OBJ 500021e1 (sz=24, trace=300000, class=java.lang.String@5000016e)
	value		500021e4
OBJ 500021e2 (sz=24, trace=300000, class=java.lang.String@5000016e)
	value		500021e3
ARR 500021e3 (sz=98, trace=300000, nelems=49, elem type=char[])
ARR 500021e4 (sz=144, trace=300000, nelems=72, elem type=char[])
OBJ 500021e5 (sz=24, trace=300000, class=java.lang.String@5000016e)
	value		500021e8
OBJ 500021e6 (sz=24, trace=300000, class=java.lang.String@5000016e)
	value		500021e7
ARR 500021e7 (sz=78, trace=300000, nelems=39, elem type=char[])
ARR 500021e8 (sz=78, trace=300000, nelems=39, elem type=char[])
OBJ 500021e9 (sz=24, trace=300000, class=java.lang.String@5000016e)
	value		500021ec
OBJ 500021ea (sz=24, trace=300000, class=java.lang.String@5000016e)
	value		500021eb
ARR 500021eb (sz=64, trace=300000, nelems=32, elem type=char[])
ARR 500021ec (sz=52, trace=300000, nelems=26, elem type=char[])
OBJ 500021ed (sz=24, trace=300000, class=java.lang.String@5000016e)
	value		500021f0
OBJ 500021ee (sz=24, trace=300000, class=java.lang.String@5000016e)
	value		500021ef
ARR 500021ef (sz=86, trace=300000, nelems=43, elem type=char[])
ARR 500021f0 (sz=168, trace=300000, nelems=84, elem type=char[])
OBJ 500021f1 (sz=24, trace=300000, class=java.lang.String@5000016e)
	value		500021f4
OBJ 500021f2 (sz=24, trace=300000, class=java.lang.String@5000016e)
	value		500021f3
ARR 500021f3 (sz=98, trace=300000, nelems=49, elem type=char[])
ARR 500021f4 (sz=102, trace=300000, nelems=51, elem type=char[])
OBJ 500021f5 (sz=32, trace=300221, class=java.util.HashMap$Node@500000c4)
	key		500021d1
	value		500021e0
OBJ 500021f6 (sz=24, trace=300000, class=java.lang.String@5000016e)
	value		500021fb
OBJ 500021f7 (sz=24, trace=300000, class=java.lang.String@5000016e)
	value		500021f8
ARR 500021f8 (sz=90, trace=300000, nelems=45, elem type=char[])
OBJ 500021f9 (sz=24, trace=300170, class=java.lang.String@5000016e)
	value		500021fa
ARR 500021fa (sz=120, trace=300171, nelems=60, elem type=char[])
ARR 500021fb (sz=106, trace=300000, nelems=53, elem type=char[])
OBJ 500021fc (sz=24, trace=300000, class=java.lang.String@5000016e)
	value		500021ff
OBJ 500021fd (sz=24, trace=300000, class=java.lang.String@5000016e)
	value		500021fe
ARR 500021fe (sz=54, trace=300000, nelems=27, elem type=char[])
ARR 500021ff (sz=86, trace=300000, nelems=43, elem type=char[])
OBJ 50002200 (sz=24, trace=300000, class=java.lang.String@5000016e)
	value		50002203
OBJ 50002201 (sz=24, trace=300000, class=java.lang.String@5000016e)
	value		50002202
ARR 50002202 (sz=92, trace=300000, nelems=46, elem type=char[])
ARR 50002203 (sz=134, trace=300000, nelems=67, elem type=char[])
OBJ 50002204 (sz=24, trace=300184, class=java.lang.String@5000016e)
	value		50002205
ARR 50002205 (sz=120, trace=300185, nelems=60, elem type=char[])
OBJ 50002206 (sz=64, trace=300186, class=java.net.URL@50000119)
	protocol	50000f4f
	host		500005a0
	file		50002204
	authority	500005a0
	path		50002204
	handler		500020e1
OBJ 50002207 (sz=24, trace=300000, class=java.lang.String@5000016e)
	value		5000220b
OBJ 50002208 (sz=56, trace=300188, class=sun.misc.URLClassPath$JarLoader@5000025a)
	base		50002206
	csu		500020c0
	metaIndex	50001efe
	handler		500020e1
	lmap		500020da
OBJ 50002209 (sz=24, trace=300000, class=java.lang.String@5000016e)
	value		5000220a
ARR 5000220a (sz=60, trace=300000, nelems=30, elem type=char[])
ARR 5000220b (sz=48, trace=300000, nelems=24, elem type=char[])
OBJ 5000220c (sz=24, trace=300000, class=java.lang.String@5000016e)
	value		5000220f
OBJ 5000220d (sz=24, trace=300000, class=java.lang.String@5000016e)
	value		5000220e
ARR 5000220e (sz=98, trace=300000, nelems=49, elem type=char[])
ARR 5000220f (sz=70, trace=300000, nelems=35, elem type=char[])
OBJ 50002210 (sz=24, trace=300000, class=java.lang.String@5000016e)
	value		50002213
OBJ 50002211 (sz=24, trace=300000, class=java.lang.String@5000016e)
	value		50002212
ARR 50002212 (sz=62, trace=300000, nelems=31, elem type=char[])
ARR 50002213 (sz=64, trace=300000, nelems=32, elem type=char[])
OBJ 50002214 (sz=24, trace=300000, class=java.lang.String@5000016e)
	value		50002217
OBJ 50002215 (sz=24, trace=300000, class=java.lang.String@5000016e)
	value		50002216
ARR 50002216 (sz=90, trace=300000, nelems=45, elem type=char[])
ARR 50002217 (sz=62, trace=300000, nelems=31, elem type=char[])
OBJ 50002218 (sz=24, trace=300000, class=java.lang.String@5000016e)
	value		5000221b
OBJ 50002219 (sz=24, trace=300000, class=java.lang.String@5000016e)
	value		5000221a
ARR 5000221a (sz=82, trace=300000, nelems=41, elem type=char[])
ARR 5000221b (sz=134, trace=300000, nelems=67, elem type=char[])
OBJ 5000221c (sz=24, trace=300000, class=java.lang.String@5000016e)
	value		50002220
OBJ 5000221d (sz=32, trace=300221, class=java.util.HashMap$Node@500000c4)
	key		500021f9
	value		50002208
OBJ 5000221e (sz=24, trace=300000, class=java.lang.String@5000016e)
	value		5000221f
ARR 5000221f (sz=68, trace=300000, nelems=34, elem type=char[])
ARR 50002220 (sz=106, trace=300000, nelems=53, elem type=char[])
OBJ 50002221 (sz=24, trace=300000, class=java.lang.String@5000016e)
	value		50002224
OBJ 50002222 (sz=24, trace=300000, class=java.lang.String@5000016e)
	value		50002223
ARR 50002223 (sz=52, trace=300000, nelems=26, elem type=char[])
ARR 50002224 (sz=16, trace=300000, nelems=8, elem type=char[])
OBJ 50002225 (sz=24, trace=300000, class=java.lang.String@5000016e)
	value		50002228
OBJ 50002226 (sz=24, trace=300000, class=java.lang.String@5000016e)
	value		50002227
ARR 50002227 (sz=88, trace=300000, nelems=44, elem type=char[])
ARR 50002228 (sz=106, trace=300000, nelems=53, elem type=char[])
OBJ 50002229 (sz=24, trace=300000, class=java.lang.String@5000016e)
	value		5000222c
OBJ 5000222a (sz=24, trace=300000, class=java.lang.String@5000016e)
	value		5000222b
ARR 5000222b (sz=72, trace=300000, nelems=36, elem type=char[])
ARR 5000222c (sz=150, trace=300000, nelems=75, elem type=char[])
OBJ 5000222d (sz=24, trace=300000, class=java.lang.String@5000016e)
	value		50002230
OBJ 5000222e (sz=24, trace=300000, class=java.lang.String@5000016e)
	value		5000222f
ARR 5000222f (sz=68, trace=300000, nelems=34, elem type=char[])
ARR 50002230 (sz=74, trace=300000, nelems=37, elem type=char[])
OBJ 50002231 (sz=24, trace=300000, class=java.lang.String@5000016e)
	value		50002234
OBJ 50002232 (sz=24, trace=300000, class=java.lang.String@5000016e)
	value		50002233
ARR 50002233 (sz=102, trace=300000, nelems=51, elem type=char[])
ARR 50002234 (sz=92, trace=300000, nelems=46, elem type=char[])
OBJ 50002235 (sz=24, trace=300000, class=java.lang.String@5000016e)
	value		50002238
OBJ 50002236 (sz=24, trace=300000, class=java.lang.String@5000016e)
	value		50002237
ARR 50002237 (sz=72, trace=300000, nelems=36, elem type=char[])
ARR 50002238 (sz=164, trace=300000, nelems=82, elem type=char[])
OBJ 50002239 (sz=24, trace=300000, class=java.lang.String@5000016e)
	value		5000223c
OBJ 5000223a (sz=24, trace=300000, class=java.lang.String@5000016e)
	value		5000223b
ARR 5000223b (sz=80, trace=300000, nelems=40, elem type=char[])
ARR 5000223c (sz=70, trace=300000, nelems=35, elem type=char[])
OBJ 5000223d (sz=24, trace=300000, class=java.lang.String@5000016e)
	value		50002240
OBJ 5000223e (sz=24, trace=300000, class=java.lang.String@5000016e)
	value		5000223f
ARR 5000223f (sz=58, trace=300000, nelems=29, elem type=char[])
ARR 50002240 (sz=42, trace=300000, nelems=21, elem type=char[])
OBJ 50002241 (sz=24, trace=300000, class=java.lang.String@5000016e)
	value		50002244
OBJ 50002242 (sz=24, trace=300000, class=java.lang.String@5000016e)
	value		50002243
ARR 50002243 (sz=80, trace=300000, nelems=40, elem type=char[])
ARR 50002244 (sz=78, trace=300000, nelems=39, elem type=char[])
OBJ 50002245 (sz=24, trace=300000, class=java.lang.String@5000016e)
	value		50002248
OBJ 50002246 (sz=24, trace=300000, class=java.lang.String@5000016e)
	value		50002247
ARR 50002247 (sz=70, trace=300000, nelems=35, elem type=char[])
ARR 50002248 (sz=66, trace=300000, nelems=33, elem type=char[])
OBJ 50002249 (sz=24, trace=300000, class=java.lang.String@5000016e)
	value		5000224c
OBJ 5000224a (sz=24, trace=300000, class=java.lang.String@5000016e)
	value		5000224b
ARR 5000224b (sz=76, trace=300000, nelems=38, elem type=char[])
ARR 5000224c (sz=74, trace=300000, nelems=37, elem type=char[])
OBJ 5000224d (sz=24, trace=300000, class=java.lang.String@5000016e)
	value		50002250
OBJ 5000224e (sz=24, trace=300000, class=java.lang.String@5000016e)
	value		5000224f
ARR 5000224f (sz=72, trace=300000, nelems=36, elem type=char[])
ARR 50002250 (sz=28, trace=300000, nelems=14, elem type=char[])
OBJ 50002251 (sz=24, trace=300000, class=java.lang.String@5000016e)
	value		50002254
OBJ 50002252 (sz=24, trace=300000, class=java.lang.String@5000016e)
	value		50002253
ARR 50002253 (sz=108, trace=300000, nelems=54, elem type=char[])
ARR 50002254 (sz=208, trace=300000, nelems=104, elem type=char[])
OBJ 50002255 (sz=24, trace=300000, class=java.lang.String@5000016e)
	value		50002258
OBJ 50002256 (sz=24, trace=300000, class=java.lang.String@5000016e)
	value		50002257
ARR 50002257 (sz=78, trace=300000, nelems=39, elem type=char[])
ARR 50002258 (sz=84, trace=300000, nelems=42, elem type=char[])
OBJ 50002259 (sz=24, trace=300000, class=java.lang.String@5000016e)
	value		5000225c
OBJ 5000225a (sz=24, trace=300000, class=java.lang.String@5000016e)
	value		5000225b
ARR 5000225b (sz=72, trace=300000, nelems=36, elem type=char[])
ARR 5000225c (sz=136, trace=300000, nelems=68, elem type=char[])
OBJ 5000225e (sz=24, trace=300000, class=java.lang.String@5000016e)
	value		50002277
ARR 50002260 (sz=24, trace=300968, nelems=2, elem type=java.lang.String[]@500000c8)
	[0]		500019fc
	[1]		50002a1b
OBJ 50002261 (sz=24, trace=300548, class=java.util.Arrays$ArrayList@50000715)
	a		50002260
OBJ 50002262 (sz=24, trace=300969, class=java.util.Collections$UnmodifiableRandomAccessList@500000d3)
	c		50002261
	list		50002261
ARR 50002263 (sz=24, trace=300970, nelems=1, elem type=java.lang.String[]@500000c8)
	[0]		500019fc
OBJ 50002264 (sz=24, trace=300548, class=java.util.Arrays$ArrayList@50000715)
	a		50002263
OBJ 50002265 (sz=24, trace=300969, class=java.util.Collections$UnmodifiableRandomAccessList@500000d3)
	c		50002264
	list		50002264
ARR 50002266 (sz=24, trace=300971, nelems=1, elem type=java.lang.String[]@500000c8)
	[0]		50002a1b
OBJ 50002267 (sz=24, trace=300548, class=java.util.Arrays$ArrayList@50000715)
	a		50002266
OBJ 50002268 (sz=24, trace=300969, class=java.util.Collections$UnmodifiableRandomAccessList@500000d3)
	c		50002267
	list		50002267
OBJ 50002269 (sz=16, trace=300972, class=java.util.ResourceBundle$Control@5000225f)
OBJ 5000226b (sz=24, trace=300974, class=java.util.ResourceBundle$Control$CandidateListCache@5000226a)
	map		5000226e
	queue		5000226c
OBJ 5000226c (sz=32, trace=300975, class=java.lang.ref.ReferenceQueue@5000014c)
	lock		5000226d
OBJ 5000226d (sz=16, trace=300976, class=java.lang.ref.ReferenceQueue$Lock@500000d1)
OBJ 5000226e (sz=64, trace=300977, class=java.util.concurrent.ConcurrentHashMap@5000002b)
	table		50002288
OBJ 50002270 (sz=24, trace=300000, class=java.lang.String@5000016e)
	value		50002273
ARR 50002273 (sz=74, trace=300000, nelems=37, elem type=char[])
OBJ 50002276 (sz=32, trace=300983, class=java.util.LinkedList@50002275)
	first		5000227e
	last		50002286
ARR 50002277 (sz=76, trace=300000, nelems=38, elem type=char[])
OBJ 50002278 (sz=24, trace=300000, class=java.lang.String@5000016e)
	value		5000227b
OBJ 50002279 (sz=24, trace=300000, class=java.lang.String@5000016e)
	value		5000227a
ARR 5000227a (sz=88, trace=300000, nelems=44, elem type=char[])
ARR 5000227b (sz=102, trace=300000, nelems=51, elem type=char[])
OBJ 5000227c (sz=24, trace=300000, class=java.lang.String@5000016e)
	value		50002281
OBJ 5000227e (sz=24, trace=300991, class=java.util.LinkedList$Node@5000227d)
	item		5000082f
	next		50002285
OBJ 5000227f (sz=24, trace=300000, class=java.lang.String@5000016e)
	value		50002280
ARR 50002280 (sz=82, trace=300000, nelems=41, elem type=char[])
ARR 50002281 (sz=172, trace=300000, nelems=86, elem type=char[])
OBJ 50002282 (sz=24, trace=300000, class=java.lang.String@5000016e)
	value		5000228a
OBJ 50002283 (sz=24, trace=300000, class=java.lang.String@5000016e)
	value		50002284
ARR 50002284 (sz=62, trace=300000, nelems=31, elem type=char[])
OBJ 50002285 (sz=24, trace=300992, class=java.util.LinkedList$Node@5000227d)
	item		500005a2
	next		50002286
	prev		5000227e
OBJ 50002286 (sz=24, trace=300993, class=java.util.LinkedList$Node@5000227d)
	item		50000830
	prev		50002285
OBJ 50002287 (sz=48, trace=300994, class=sun.util.locale.LocaleObjectCache$CacheEntry@50000019)
	referent	50002276
	queue		5000226c
	key		500019fd
ARR 50002288 (sz=144, trace=300995, nelems=28, elem type=java.util.concurrent.ConcurrentHashMap$Node[]@50000023)
	[27]		50002289
OBJ 50002289 (sz=32, trace=300996, class=java.util.concurrent.ConcurrentHashMap$Node@50000024)
	key		500019fd
	val		50002287
ARR 5000228a (sz=36, trace=300000, nelems=18, elem type=char[])
OBJ 5000228b (sz=24, trace=300000, class=java.lang.String@5000016e)
	value		50002292
OBJ 5000228c (sz=24, trace=300000, class=java.lang.String@5000016e)
	value		50002291
OBJ 5000228d (sz=16, trace=300157, class=java.lang.Object@50000172)
OBJ 5000228e (sz=32, trace=300159, class=java.util.concurrent.ConcurrentHashMap$Node@50000024)
	key		50000c3f
	val		5000228d
OBJ 5000228f (sz=16, trace=300160, class=java.lang.Object@50000172)
OBJ 50002290 (sz=32, trace=300159, class=java.util.concurrent.ConcurrentHashMap$Node@50000024)
	key		50000c3f
	val		5000228f
ARR 50002291 (sz=112, trace=300000, nelems=56, elem type=char[])
ARR 50002292 (sz=236, trace=300000, nelems=118, elem type=char[])
OBJ 50002293 (sz=24, trace=300000, class=java.lang.String@5000016e)
	value		50002296
OBJ 50002294 (sz=24, trace=300000, class=java.lang.String@5000016e)
	value		50002295
ARR 50002295 (sz=48, trace=300000, nelems=24, elem type=char[])
ARR 50002296 (sz=38, trace=300000, nelems=19, elem type=char[])
OBJ 50002297 (sz=24, trace=300000, class=java.lang.String@5000016e)
	value		5000229a
OBJ 50002298 (sz=24, trace=300000, class=java.lang.String@5000016e)
	value		50002299
ARR 50002299 (sz=42, trace=300000, nelems=21, elem type=char[])
ARR 5000229a (sz=18, trace=300000, nelems=9, elem type=char[])
OBJ 5000229b (sz=24, trace=300000, class=java.lang.String@5000016e)
	value		5000229e
OBJ 5000229c (sz=24, trace=300000, class=java.lang.String@5000016e)
	value		5000229d
ARR 5000229d (sz=44, trace=300000, nelems=22, elem type=char[])
ARR 5000229e (sz=98, trace=300000, nelems=49, elem type=char[])
OBJ 5000229f (sz=24, trace=300000, class=java.lang.String@5000016e)
	value		500022a2
OBJ 500022a0 (sz=24, trace=300000, class=java.lang.String@5000016e)
	value		500022a1
ARR 500022a1 (sz=56, trace=300000, nelems=28, elem type=char[])
ARR 500022a2 (sz=46, trace=300000, nelems=23, elem type=char[])
OBJ 500022a3 (sz=24, trace=300000, class=java.lang.String@5000016e)
	value		500022a6
OBJ 500022a4 (sz=24, trace=300000, class=java.lang.String@5000016e)
	value		500022a5
ARR 500022a5 (sz=66, trace=300000, nelems=33, elem type=char[])
ARR 500022a6 (sz=102, trace=300000, nelems=51, elem type=char[])
OBJ 500022a7 (sz=24, trace=300000, class=java.lang.String@5000016e)
	value		500022aa
OBJ 500022a8 (sz=24, trace=300000, class=java.lang.String@5000016e)
	value		500022a9
ARR 500022a9 (sz=74, trace=300000, nelems=37, elem type=char[])
ARR 500022aa (sz=86, trace=300000, nelems=43, elem type=char[])
OBJ 500022ab (sz=24, trace=300000, class=java.lang.String@5000016e)
	value		500022ae
OBJ 500022ac (sz=24, trace=300000, class=java.lang.String@5000016e)
	value		500022ad
ARR 500022ad (sz=102, trace=300000, nelems=51, elem type=char[])
ARR 500022ae (sz=100, trace=300000, nelems=50, elem type=char[])
OBJ 500022af (sz=24, trace=300000, class=java.lang.String@5000016e)
	value		500022b2
OBJ 500022b0 (sz=24, trace=300000, class=java.lang.String@5000016e)
	value		500022b1
ARR 500022b1 (sz=80, trace=300000, nelems=40, elem type=char[])
ARR 500022b2 (sz=112, trace=300000, nelems=56, elem type=char[])
OBJ 500022b3 (sz=24, trace=300000, class=java.lang.String@5000016e)
	value		500022b6
OBJ 500022b4 (sz=24, trace=300000, class=java.lang.String@5000016e)
	value		500022b5
ARR 500022b5 (sz=68, trace=300000, nelems=34, elem type=char[])
ARR 500022b6 (sz=56, trace=300000, nelems=28, elem type=char[])
OBJ 500022b7 (sz=24, trace=300000, class=java.lang.String@5000016e)
	value		500022ba
OBJ 500022b8 (sz=24, trace=300000, class=java.lang.String@5000016e)
	value		500022b9
ARR 500022b9 (sz=58, trace=300000, nelems=29, elem type=char[])
ARR 500022ba (sz=26, trace=300000, nelems=13, elem type=char[])
OBJ 500022bb (sz=24, trace=300000, class=java.lang.String@5000016e)
	value		500022c0
OBJ 500022bc (sz=24, trace=300000, class=java.lang.String@5000016e)
	value		500022bf
OBJ 500022bd (sz=24, trace=300369, class=java.lang.String@5000016e)
	value		500022be
ARR 500022be (sz=58, trace=300370, nelems=29, elem type=char[])
ARR 500022bf (sz=68, trace=300000, nelems=34, elem type=char[])
ARR 500022c0 (sz=88, trace=300000, nelems=44, elem type=char[])
OBJ 500022c1 (sz=24, trace=300000, class=java.lang.String@5000016e)
	value		500022c4
OBJ 500022c2 (sz=24, trace=300000, class=java.lang.String@5000016e)
	value		500022c3
ARR 500022c3 (sz=64, trace=300000, nelems=32, elem type=char[])
ARR 500022c4 (sz=46, trace=300000, nelems=23, elem type=char[])
OBJ 500022c5 (sz=24, trace=300000, class=java.lang.String@5000016e)
	value		500022c8
OBJ 500022c6 (sz=24, trace=300000, class=java.lang.String@5000016e)
	value		500022c7
ARR 500022c7 (sz=48, trace=300000, nelems=24, elem type=char[])
ARR 500022c8 (sz=100, trace=300000, nelems=50, elem type=char[])
OBJ 500022c9 (sz=24, trace=300000, class=java.lang.String@5000016e)
	value		500022ce
OBJ 500022ca (sz=24, trace=300000, class=java.lang.String@5000016e)
	value		500022cd
OBJ 500022cb (sz=56, trace=300443, class=java.lang.Package@500005db)
	pkgName		500022bd
	loader		500003b4
OBJ 500022cc (sz=32, trace=300222, class=java.util.HashMap$Node@500000c4)
	key		500022bd
	value		500022cb
ARR 500022cd (sz=106, trace=300000, nelems=53, elem type=char[])
ARR 500022ce (sz=136, trace=300000, nelems=68, elem type=char[])
OBJ 500022cf (sz=24, trace=300000, class=java.lang.String@5000016e)
	value		500022d4
OBJ 500022d0 (sz=56, trace=300687, class=java.util.zip.ZipFile$ZipFileInputStream@5000055c)
	this$0		500004ec
OBJ 500022d1 (sz=40, trace=300106, class=java.lang.ref.Finalizer@5000014d)
	referent	500022d0
	queue		500003aa
	next		500004ed
	prev		50000304
OBJ 500022d2 (sz=24, trace=300000, class=java.lang.String@5000016e)
	value		500022d3
ARR 500022d3 (sz=54, trace=300000, nelems=27, elem type=char[])
ARR 500022d4 (sz=36, trace=300000, nelems=18, elem type=char[])
OBJ 500022d5 (sz=24, trace=300000, class=java.lang.String@5000016e)
	value		500022d8
OBJ 500022d6 (sz=24, trace=300000, class=java.lang.String@5000016e)
	value		500022d7
ARR 500022d7 (sz=84, trace=300000, nelems=42, elem type=char[])
ARR 500022d8 (sz=72, trace=300000, nelems=36, elem type=char[])
OBJ 500022d9 (sz=24, trace=300000, class=java.lang.String@5000016e)
	value		500022da
ARR 500022da (sz=52, trace=300000, nelems=26, elem type=char[])
OBJ 500022db (sz=24, trace=300000, class=java.lang.String@5000016e)
	value		500022de
OBJ 500022dc (sz=24, trace=300000, class=java.lang.String@5000016e)
	value		500022dd
ARR 500022dd (sz=60, trace=300000, nelems=30, elem type=char[])
ARR 500022de (sz=24, trace=300000, nelems=12, elem type=char[])
OBJ 500022df (sz=24, trace=300000, class=java.lang.String@5000016e)
	value		500022e2
OBJ 500022e0 (sz=24, trace=300000, class=java.lang.String@5000016e)
	value		500022e1
ARR 500022e1 (sz=52, trace=300000, nelems=26, elem type=char[])
ARR 500022e2 (sz=68, trace=300000, nelems=34, elem type=char[])
OBJ 500022e3 (sz=24, trace=300000, class=java.lang.String@5000016e)
	value		500022e6
OBJ 500022e4 (sz=24, trace=300000, class=java.lang.String@5000016e)
	value		500022e5
ARR 500022e5 (sz=78, trace=300000, nelems=39, elem type=char[])
ARR 500022e6 (sz=92, trace=300000, nelems=46, elem type=char[])
OBJ 500022e7 (sz=24, trace=300000, class=java.lang.String@5000016e)
	value		500022ea
OBJ 500022e8 (sz=24, trace=300000, class=java.lang.String@5000016e)
	value		500022e9
ARR 500022e9 (sz=46, trace=300000, nelems=23, elem type=char[])
ARR 500022ea (sz=52, trace=300000, nelems=26, elem type=char[])
OBJ 500022eb (sz=24, trace=300000, class=java.lang.String@5000016e)
	value		500022ee
OBJ 500022ec (sz=24, trace=300000, class=java.lang.String@5000016e)
	value		500022ed
ARR 500022ed (sz=50, trace=300000, nelems=25, elem type=char[])
ARR 500022ee (sz=194, trace=300000, nelems=97, elem type=char[])
OBJ 500022ef (sz=24, trace=300000, class=java.lang.String@5000016e)
	value		500022f2
OBJ 500022f0 (sz=24, trace=300000, class=java.lang.String@5000016e)
	value		500022f1
ARR 500022f1 (sz=48, trace=300000, nelems=24, elem type=char[])
ARR 500022f2 (sz=56, trace=300000, nelems=28, elem type=char[])
OBJ 500022f3 (sz=24, trace=300000, class=java.lang.String@5000016e)
	value		500022f6
OBJ 500022f4 (sz=24, trace=300000, class=java.lang.String@5000016e)
	value		500022f5
ARR 500022f5 (sz=92, trace=300000, nelems=46, elem type=char[])
ARR 500022f6 (sz=98, trace=300000, nelems=49, elem type=char[])
OBJ 500022f7 (sz=24, trace=300000, class=java.lang.String@5000016e)
	value		500022fa
OBJ 500022f8 (sz=24, trace=300000, class=java.lang.String@5000016e)
	value		500022f9
ARR 500022f9 (sz=56, trace=300000, nelems=28, elem type=char[])
ARR 500022fa (sz=74, trace=300000, nelems=37, elem type=char[])
OBJ 500022fb (sz=24, trace=300000, class=java.lang.String@5000016e)
	value		500022fe
OBJ 500022fc (sz=24, trace=300000, class=java.lang.String@5000016e)
	value		500022fd
ARR 500022fd (sz=86, trace=300000, nelems=43, elem type=char[])
ARR 500022fe (sz=96, trace=300000, nelems=48, elem type=char[])
OBJ 500022ff (sz=24, trace=300000, class=java.lang.String@5000016e)
	value		50002302
OBJ 50002300 (sz=24, trace=300000, class=java.lang.String@5000016e)
	value		50002301
ARR 50002301 (sz=90, trace=300000, nelems=45, elem type=char[])
ARR 50002302 (sz=106, trace=300000, nelems=53, elem type=char[])
OBJ 50002303 (sz=24, trace=300000, class=java.lang.String@5000016e)
	value		50002306
OBJ 50002304 (sz=24, trace=300000, class=java.lang.String@5000016e)
	value		50002305
ARR 50002305 (sz=78, trace=300000, nelems=39, elem type=char[])
ARR 50002306 (sz=136, trace=300000, nelems=68, elem type=char[])
OBJ 50002307 (sz=24, trace=300000, class=java.lang.String@5000016e)
	value		5000230a
OBJ 50002308 (sz=24, trace=300000, class=java.lang.String@5000016e)
	value		50002309
ARR 50002309 (sz=70, trace=300000, nelems=35, elem type=char[])
ARR 5000230a (sz=38, trace=300000, nelems=19, elem type=char[])
OBJ 5000230b (sz=24, trace=300000, class=java.lang.String@5000016e)
	value		5000230e
OBJ 5000230c (sz=24, trace=300000, class=java.lang.String@5000016e)
	value		5000230d
ARR 5000230d (sz=58, trace=300000, nelems=29, elem type=char[])
ARR 5000230e (sz=12, trace=300000, nelems=6, elem type=char[])
OBJ 5000230f (sz=24, trace=300000, class=java.lang.String@5000016e)
	value		50002312
OBJ 50002310 (sz=24, trace=300000, class=java.lang.String@5000016e)
	value		50002311
ARR 50002311 (sz=62, trace=300000, nelems=31, elem type=char[])
ARR 50002312 (sz=24, trace=300000, nelems=12, elem type=char[])
OBJ 50002313 (sz=24, trace=300000, class=java.lang.String@5000016e)
	value		50002316
OBJ 50002314 (sz=24, trace=300000, class=java.lang.String@5000016e)
	value		50002315
ARR 50002315 (sz=80, trace=300000, nelems=40, elem type=char[])
ARR 50002316 (sz=76, trace=300000, nelems=38, elem type=char[])
OBJ 50002317 (sz=24, trace=300000, class=java.lang.String@5000016e)
	value		5000231a
OBJ 50002318 (sz=24, trace=300000, class=java.lang.String@5000016e)
	value		50002319
ARR 50002319 (sz=76, trace=300000, nelems=38, elem type=char[])
ARR 5000231a (sz=176, trace=300000, nelems=88, elem type=char[])
OBJ 5000231b (sz=24, trace=300000, class=java.lang.String@5000016e)
	value		5000231e
OBJ 5000231c (sz=24, trace=300000, class=java.lang.String@5000016e)
	value		5000231d
ARR 5000231d (sz=60, trace=300000, nelems=30, elem type=char[])
ARR 5000231e (sz=64, trace=300000, nelems=32, elem type=char[])
OBJ 5000231f (sz=24, trace=300000, class=java.lang.String@5000016e)
	value		50002322
OBJ 50002320 (sz=24, trace=300000, class=java.lang.String@5000016e)
	value		50002321
ARR 50002321 (sz=80, trace=300000, nelems=40, elem type=char[])
ARR 50002322 (sz=94, trace=300000, nelems=47, elem type=char[])
OBJ 50002323 (sz=24, trace=300000, class=java.lang.String@5000016e)
	value		50002326
OBJ 50002324 (sz=24, trace=300000, class=java.lang.String@5000016e)
	value		50002325
ARR 50002325 (sz=64, trace=300000, nelems=32, elem type=char[])
ARR 50002326 (sz=72, trace=300000, nelems=36, elem type=char[])
OBJ 50002327 (sz=24, trace=300000, class=java.lang.String@5000016e)
	value		5000232a
OBJ 50002328 (sz=24, trace=300000, class=java.lang.String@5000016e)
	value		50002329
ARR 50002329 (sz=54, trace=300000, nelems=27, elem type=char[])
ARR 5000232a (sz=128, trace=300000, nelems=64, elem type=char[])
OBJ 5000232b (sz=24, trace=300000, class=java.lang.String@5000016e)
	value		5000232e
OBJ 5000232c (sz=24, trace=300000, class=java.lang.String@5000016e)
	value		5000232d
ARR 5000232d (sz=96, trace=300000, nelems=48, elem type=char[])
ARR 5000232e (sz=86, trace=300000, nelems=43, elem type=char[])
OBJ 5000232f (sz=24, trace=300000, class=java.lang.String@5000016e)
	value		50002332
OBJ 50002330 (sz=24, trace=300000, class=java.lang.String@5000016e)
	value		50002331
ARR 50002331 (sz=64, trace=300000, nelems=32, elem type=char[])
ARR 50002332 (sz=18, trace=300000, nelems=9, elem type=char[])
OBJ 50002333 (sz=24, trace=300000, class=java.lang.String@5000016e)
	value		50002336
OBJ 50002334 (sz=24, trace=300000, class=java.lang.String@5000016e)
	value		50002335
ARR 50002335 (sz=100, trace=300000, nelems=50, elem type=char[])
ARR 50002336 (sz=76, trace=300000, nelems=38, elem type=char[])
OBJ 50002337 (sz=24, trace=300000, class=java.lang.String@5000016e)
	value		5000233a
OBJ 50002338 (sz=24, trace=300000, class=java.lang.String@5000016e)
	value		50002339
ARR 50002339 (sz=76, trace=300000, nelems=38, elem type=char[])
ARR 5000233a (sz=352, trace=300000, nelems=176, elem type=char[])
OBJ 5000233b (sz=24, trace=300000, class=java.lang.String@5000016e)
	value		5000233e
OBJ 5000233c (sz=24, trace=300000, class=java.lang.String@5000016e)
	value		5000233d
ARR 5000233d (sz=74, trace=300000, nelems=37, elem type=char[])
ARR 5000233e (sz=120, trace=300000, nelems=60, elem type=char[])
OBJ 5000233f (sz=24, trace=300000, class=java.lang.String@5000016e)
	value		50002342
OBJ 50002340 (sz=24, trace=300000, class=java.lang.String@5000016e)
	value		50002341
ARR 50002341 (sz=58, trace=300000, nelems=29, elem type=char[])
ARR 50002342 (sz=64, trace=300000, nelems=32, elem type=char[])
OBJ 50002343 (sz=24, trace=300000, class=java.lang.String@5000016e)
	value		50002346
OBJ 50002344 (sz=24, trace=300000, class=java.lang.String@5000016e)
	value		50002345
ARR 50002345 (sz=94, trace=300000, nelems=47, elem type=char[])
ARR 50002346 (sz=222, trace=300000, nelems=111, elem type=char[])
OBJ 50002347 (sz=24, trace=300000, class=java.lang.String@5000016e)
	value		5000234a
OBJ 50002348 (sz=24, trace=300000, class=java.lang.String@5000016e)
	value		50002349
ARR 50002349 (sz=78, trace=300000, nelems=39, elem type=char[])
ARR 5000234a (sz=80, trace=300000, nelems=40, elem type=char[])
OBJ 5000234b (sz=24, trace=300000, class=java.lang.String@5000016e)
	value		5000234e
OBJ 5000234c (sz=24, trace=300000, class=java.lang.String@5000016e)
	value		5000234d
ARR 5000234d (sz=78, trace=300000, nelems=39, elem type=char[])
ARR 5000234e (sz=84, trace=300000, nelems=42, elem type=char[])
OBJ 5000234f (sz=24, trace=300000, class=java.lang.String@5000016e)
	value		50002352
OBJ 50002350 (sz=24, trace=300000, class=java.lang.String@5000016e)
	value		50002351
ARR 50002351 (sz=70, trace=300000, nelems=35, elem type=char[])
ARR 50002352 (sz=46, trace=300000, nelems=23, elem type=char[])
OBJ 50002353 (sz=24, trace=300000, class=java.lang.String@5000016e)
	value		50002356
OBJ 50002354 (sz=24, trace=300000, class=java.lang.String@5000016e)
	value		50002355
ARR 50002355 (sz=94, trace=300000, nelems=47, elem type=char[])
ARR 50002356 (sz=80, trace=300000, nelems=40, elem type=char[])
OBJ 50002357 (sz=24, trace=300000, class=java.lang.String@5000016e)
	value		5000235a
OBJ 50002358 (sz=24, trace=300000, class=java.lang.String@5000016e)
	value		50002359
ARR 50002359 (sz=104, trace=300000, nelems=52, elem type=char[])
ARR 5000235a (sz=110, trace=300000, nelems=55, elem type=char[])
OBJ 5000235b (sz=24, trace=300000, class=java.lang.String@5000016e)
	value		5000235e
OBJ 5000235c (sz=24, trace=300000, class=java.lang.String@5000016e)
	value		5000235d
ARR 5000235d (sz=58, trace=300000, nelems=29, elem type=char[])
ARR 5000235e (sz=68, trace=300000, nelems=34, elem type=char[])
OBJ 5000235f (sz=24, trace=300000, class=java.lang.String@5000016e)
	value		50002362
OBJ 50002360 (sz=24, trace=300000, class=java.lang.String@5000016e)
	value		50002361
ARR 50002361 (sz=62, trace=300000, nelems=31, elem type=char[])
ARR 50002362 (sz=62, trace=300000, nelems=31, elem type=char[])
OBJ 50002363 (sz=24, trace=300000, class=java.lang.String@5000016e)
	value		50002366
OBJ 50002364 (sz=24, trace=300000, class=java.lang.String@5000016e)
	value		50002365
ARR 50002365 (sz=54, trace=300000, nelems=27, elem type=char[])
ARR 50002366 (sz=18, trace=300000, nelems=9, elem type=char[])
OBJ 50002367 (sz=24, trace=300000, class=java.lang.String@5000016e)
	value		5000236a
OBJ 50002368 (sz=24, trace=300000, class=java.lang.String@5000016e)
	value		50002369
ARR 50002369 (sz=78, trace=300000, nelems=39, elem type=char[])
ARR 5000236a (sz=52, trace=300000, nelems=26, elem type=char[])
OBJ 5000236b (sz=24, trace=300000, class=java.lang.String@5000016e)
	value		5000236e
OBJ 5000236c (sz=24, trace=300000, class=java.lang.String@5000016e)
	value		5000236d
ARR 5000236d (sz=72, trace=300000, nelems=36, elem type=char[])
ARR 5000236e (sz=164, trace=300000, nelems=82, elem type=char[])
OBJ 5000236f (sz=24, trace=300000, class=java.lang.String@5000016e)
	value		50002372
OBJ 50002370 (sz=24, trace=300000, class=java.lang.String@5000016e)
	value		50002371
ARR 50002371 (sz=102, trace=300000, nelems=51, elem type=char[])
ARR 50002372 (sz=78, trace=300000, nelems=39, elem type=char[])
OBJ 50002373 (sz=24, trace=300000, class=java.lang.String@5000016e)
	value		50002376
OBJ 50002374 (sz=24, trace=300000, class=java.lang.String@5000016e)
	value		50002375
ARR 50002375 (sz=52, trace=300000, nelems=26, elem type=char[])
ARR 50002376 (sz=20, trace=300000, nelems=10, elem type=char[])
OBJ 50002377 (sz=24, trace=300000, class=java.lang.String@5000016e)
	value		5000237a
OBJ 50002378 (sz=24, trace=300000, class=java.lang.String@5000016e)
	value		50002379
ARR 50002379 (sz=56, trace=300000, nelems=28, elem type=char[])
ARR 5000237a (sz=68, trace=300000, nelems=34, elem type=char[])
OBJ 5000237b (sz=24, trace=300000, class=java.lang.String@5000016e)
	value		5000237e
OBJ 5000237c (sz=24, trace=300000, class=java.lang.String@5000016e)
	value		5000237d
ARR 5000237d (sz=90, trace=300000, nelems=45, elem type=char[])
ARR 5000237e (sz=86, trace=300000, nelems=43, elem type=char[])
OBJ 5000237f (sz=24, trace=300000, class=java.lang.String@5000016e)
	value		50002382
OBJ 50002380 (sz=24, trace=300000, class=java.lang.String@5000016e)
	value		50002381
ARR 50002381 (sz=112, trace=300000, nelems=56, elem type=char[])
ARR 50002382 (sz=130, trace=300000, nelems=65, elem type=char[])
OBJ 50002383 (sz=24, trace=300000, class=java.lang.String@5000016e)
	value		50002386
OBJ 50002384 (sz=24, trace=300000, class=java.lang.String@5000016e)
	value		50002385
ARR 50002385 (sz=82, trace=300000, nelems=41, elem type=char[])
ARR 50002386 (sz=122, trace=300000, nelems=61, elem type=char[])
OBJ 50002387 (sz=24, trace=300000, class=java.lang.String@5000016e)
	value		5000238a
OBJ 50002388 (sz=24, trace=300000, class=java.lang.String@5000016e)
	value		50002389
ARR 50002389 (sz=84, trace=300000, nelems=42, elem type=char[])
ARR 5000238a (sz=222, trace=300000, nelems=111, elem type=char[])
OBJ 5000238b (sz=24, trace=300000, class=java.lang.String@5000016e)
	value		5000238e
OBJ 5000238c (sz=24, trace=300000, class=java.lang.String@5000016e)
	value		5000238d
ARR 5000238d (sz=92, trace=300000, nelems=46, elem type=char[])
ARR 5000238e (sz=76, trace=300000, nelems=38, elem type=char[])
OBJ 5000238f (sz=24, trace=300000, class=java.lang.String@5000016e)
	value		50002392
OBJ 50002390 (sz=24, trace=300000, class=java.lang.String@5000016e)
	value		50002391
ARR 50002391 (sz=66, trace=300000, nelems=33, elem type=char[])
ARR 50002392 (sz=284, trace=300000, nelems=142, elem type=char[])
OBJ 50002393 (sz=24, trace=300000, class=java.lang.String@5000016e)
	value		50002396
OBJ 50002394 (sz=24, trace=300000, class=java.lang.String@5000016e)
	value		50002395
ARR 50002395 (sz=118, trace=300000, nelems=59, elem type=char[])
ARR 50002396 (sz=148, trace=300000, nelems=74, elem type=char[])
OBJ 50002397 (sz=24, trace=300000, class=java.lang.String@5000016e)
	value		5000239a
OBJ 50002398 (sz=24, trace=300000, class=java.lang.String@5000016e)
	value		50002399
ARR 50002399 (sz=82, trace=300000, nelems=41, elem type=char[])
ARR 5000239a (sz=86, trace=300000, nelems=43, elem type=char[])
OBJ 5000239b (sz=24, trace=300000, class=java.lang.String@5000016e)
	value		5000239e
OBJ 5000239c (sz=24, trace=300000, class=java.lang.String@5000016e)
	value		5000239d
ARR 5000239d (sz=96, trace=300000, nelems=48, elem type=char[])
ARR 5000239e (sz=82, trace=300000, nelems=41, elem type=char[])
OBJ 5000239f (sz=24, trace=300000, class=java.lang.String@5000016e)
	value		500023a2
OBJ 500023a0 (sz=24, trace=300000, class=java.lang.String@5000016e)
	value		500023a1
ARR 500023a1 (sz=70, trace=300000, nelems=35, elem type=char[])
ARR 500023a2 (sz=70, trace=300000, nelems=35, elem type=char[])
OBJ 500023a3 (sz=24, trace=300000, class=java.lang.String@5000016e)
	value		500023a6
OBJ 500023a4 (sz=24, trace=300000, class=java.lang.String@5000016e)
	value		500023a5
ARR 500023a5 (sz=74, trace=300000, nelems=37, elem type=char[])
ARR 500023a6 (sz=94, trace=300000, nelems=47, elem type=char[])
OBJ 500023a7 (sz=24, trace=300000, class=java.lang.String@5000016e)
	value		500023aa
OBJ 500023a8 (sz=24, trace=300000, class=java.lang.String@5000016e)
	value		500023a9
ARR 500023a9 (sz=72, trace=300000, nelems=36, elem type=char[])
ARR 500023aa (sz=66, trace=300000, nelems=33, elem type=char[])
OBJ 500023ab (sz=24, trace=300000, class=java.lang.String@5000016e)
	value		500023ae
OBJ 500023ac (sz=24, trace=300000, class=java.lang.String@5000016e)
	value		500023ad
ARR 500023ad (sz=58, trace=300000, nelems=29, elem type=char[])
ARR 500023ae (sz=144, trace=300000, nelems=72, elem type=char[])
OBJ 500023af (sz=24, trace=300000, class=java.lang.String@5000016e)
	value		5000261b
OBJ 500023b0 (sz=24, trace=300000, class=java.lang.String@5000016e)
	value		5000261a
OBJ 500023b1 (sz=48, trace=301119, class=java.util.HashMap@500000c6)
	table		500023b2
ARR 500023b2 (sz=4112, trace=301120, nelems=1021, elem type=java.util.HashMap$Node[]@500000c2)
	[2]		50002419
	[8]		50002565
	[12]		500024f9
	[13]		5000253d
	[15]		50002420
	[16]		5000247e
	[18]		50002453
	[19]		500023ba
	[20]		50002580
	[26]		500024cb
	[30]		5000252a
	[32]		5000250c
	[34]		50002466
	[37]		500024d7
	[38]		500023d9
	[45]		50002512
	[46]		50002450
	[47]		5000250d
	[48]		500023ef
	[51]		500024e8
	[56]		50002587
	[58]		5000249e
	[59]		50002412
	[62]		50002616
	[63]		50002526
	[65]		50002496
	[67]		5000240d
	[69]		5000241f
	[71]		500023ea
	[72]		500024a1
	[73]		500023f8
	[76]		50002590
	[78]		500024ad
	[81]		50002409
	[82]		500025f6
	[84]		500024e2
	[88]		500025be
	[93]		50002487
	[94]		50002471
	[97]		5000243c
	[99]		50002478
	[100]		50002528
	[104]		5000255f
	[105]		50002475
	[108]		500025c6
	[110]		500023f7
	[111]		50002451
	[112]		50002519
	[114]		50002558
	[117]		5000257f
	[120]		500023b9
	[121]		500024ab
	[124]		50002414
	[125]		500024ca
	[128]		50002416
	[132]		50002538
	[135]		50002463
	[137]		5000251b
	[138]		5000241c
	[142]		50002467
	[146]		5000241a
	[148]		5000255b
	[149]		500025ec
	[150]		50002458
	[153]		500025e4
	[154]		5000248b
	[155]		500023cf
	[156]		50002505
	[157]		50002438
	[161]		50002498
	[162]		500024f6
	[163]		500025ae
	[165]		50002539
	[168]		500023e9
	[170]		50002520
	[172]		500023be
	[174]		500023fd
	[176]		5000245b
	[177]		50002517
	[181]		500024f8
	[182]		50002486
	[184]		5000260f
	[187]		500024c3
	[189]		50002531
	[190]		50002403
	[192]		50002417
	[195]		50002472
	[198]		500024e6
	[202]		5000251d
	[204]		50002533
	[209]		500025a7
	[210]		50002612
	[214]		500024fa
	[215]		5000247a
	[218]		500025d5
	[220]		500024c2
	[222]		500025a6
	[223]		5000242f
	[225]		500023d7
	[228]		500025c3
	[232]		500024ff
	[234]		50002582
	[235]		500024e9
	[236]		50002529
	[239]		50002599
	[242]		5000241b
	[244]		50002497
	[247]		500024a5
	[249]		50002566
	[252]		5000249d
	[253]		500024ea
	[259]		50002503
	[262]		5000246a
	[264]		500023c1
	[265]		50002546
	[269]		50002557
	[270]		50002584
	[271]		50002617
	[279]		50002455
	[280]		500024d1
	[281]		500023e4
	[282]		50002607
	[283]		500024c6
	[284]		50002434
	[290]		500025e7
	[293]		500024cc
	[296]		50002593
	[297]		5000240b
	[298]		50002421
	[301]		50002440
	[304]		500025cb
	[305]		50002501
	[306]		500025a3
	[307]		5000253b
	[310]		50002489
	[313]		5000248c
	[321]		50002459
	[322]		500025d9
	[324]		50002425
	[325]		500024a7
	[327]		500024cf
	[328]		500023c3
	[331]		500023dc
	[332]		5000247b
	[335]		500023cd
	[337]		50002532
	[340]		50002443
	[341]		500024e3
	[342]		500023ce
	[343]		500023ff
	[344]		50002411
	[346]		5000244e
	[348]		500024b8
	[349]		50002449
	[350]		5000246f
	[353]		500024a2
	[356]		5000243d
	[357]		5000258b
	[363]		5000249f
	[364]		50002480
	[365]		50002479
	[367]		50002603
	[370]		500025db
	[372]		500024a3
	[373]		50002600
	[374]		500024f3
	[375]		50002521
	[377]		5000260a
	[378]		500025fc
	[379]		50002518
	[380]		50002548
	[390]		500023fc
	[391]		50002424
	[395]		5000245c
	[397]		500023b7
	[398]		5000244a
	[399]		50002474
	[401]		500025d7
	[402]		500023d0
	[403]		50002511
	[404]		5000256e
	[406]		500024bb
	[409]		5000248a
	[412]		50002502
	[415]		5000251f
	[416]		500025de
	[417]		5000243e
	[421]		50002596
	[422]		500025dc
	[424]		500025f9
	[425]		50002457
	[438]		50002415
	[439]		50002602
	[441]		50002619
	[447]		500024c4
	[449]		500024b9
	[451]		50002608
	[454]		500024b0
	[455]		5000247c
	[460]		50002585
	[461]		50002433
	[462]		500023de
	[467]		500024bc
	[470]		5000244d
	[471]		500024c1
	[473]		50002423
	[474]		500025ba
	[475]		50002576
	[477]		500023ed
	[479]		5000258f
	[482]		500023f5
	[484]		50002448
	[485]		5000253f
	[486]		500024f7
	[487]		50002537
	[489]		500023d3
	[490]		500024b6
	[493]		5000252e
	[494]		5000256f
	[495]		500025cc
	[496]		500023f2
	[498]		500025d8
	[499]		5000240a
	[500]		500024d9
	[502]		500024b3
	[509]		5000254b
	[511]		50002429
	[512]		50002549
	[514]		5000249a
	[515]		5000254a
	[516]		500024b5
	[518]		500024da
	[520]		5000253e
	[521]		50002477
	[523]		50002485
	[529]		50002442
	[530]		50002476
	[531]		50002469
	[535]		500025a8
	[537]		5000246c
	[540]		500024c8
	[541]		50002493
	[543]		50002583
	[545]		500024f5
	[547]		500025b9
	[553]		50002410
	[554]		500023e1
	[555]		500025f3
	[558]		50002491
	[560]		500025ce
	[561]		50002431
	[563]		5000259e
	[565]		5000246b
	[566]		500023f6
	[571]		50002515
	[573]		50002530
	[574]		5000259c
	[576]		50002461
	[577]		500023eb
	[579]		500025ea
	[583]		500023ee
	[584]		5000244b
	[586]		50002482
	[588]		5000252c
	[589]		50002579
	[591]		500023bf
	[593]		5000252f
	[594]		50002402
	[596]		50002597
	[598]		50002563
	[608]		500025ff
	[610]		50002439
	[612]		500023d2
	[615]		50002588
	[619]		50002452
	[621]		500024a0
	[623]		500023fa
	[631]		50002484
	[632]		500023d8
	[634]		50002499
	[639]		50002543
	[640]		500024c9
	[641]		500023c8
	[642]		50002473
	[643]		500023b6
	[644]		500025a9
	[646]		5000240c
	[647]		500025d0
	[648]		5000258c
	[649]		500024ac
	[650]		500024f4
	[651]		50002510
	[655]		50002513
	[656]		50002527
	[658]		500025aa
	[659]		50002436
	[661]		5000255a
	[663]		50002545
	[664]		50002542
	[667]		5000249c
	[668]		500023bd
	[671]		500024d8
	[673]		500023fb
	[674]		5000256b
	[677]		50002562
	[681]		500024fb
	[682]		50002536
	[684]		50002435
	[689]		500023c9
	[693]		5000256d
	[694]		50002589
	[695]		50002594
	[696]		500025fb
	[697]		50002540
	[700]		500025d2
	[701]		50002575
	[703]		50002447
	[704]		500025e2
	[709]		50002577
	[710]		500024db
	[712]		50002522
	[714]		5000245e
	[715]		50002446
	[719]		50002601
	[720]		500023c2
	[723]		50002606
	[729]		50002430
	[730]		500025c5
	[731]		50002525
	[734]		5000244f
	[735]		5000242a
	[743]		500023da
	[744]		500023b4
	[745]		500025cd
	[746]		500023d6
	[747]		50002509
	[750]		50002407
	[751]		500023e7
	[752]		50002462
	[754]		50002586
	[758]		500025fa
	[759]		500023e5
	[760]		50002556
	[761]		500025f4
	[765]		50002506
	[769]		50002456
	[770]		500023f4
	[771]		5000240f
	[773]		50002470
	[774]		500025b4
	[780]		500023ca
	[781]		50002495
	[783]		5000245d
	[787]		500023cb
	[788]		500023f1
	[789]		50002551
	[791]		500023bc
	[794]		500023c6
	[795]		50002427
	[799]		500023b5
	[800]		500024a8
	[801]		5000243b
	[803]		500023df
	[804]		5000244c
	[806]		500025c9
	[811]		500025e6
	[812]		5000251c
	[813]		500024e5
	[817]		5000250a
	[818]		500024c7
	[820]		50002508
	[825]		500025ab
	[827]		500023e3
	[831]		5000253c
	[835]		500023c0
	[838]		500023e6
	[841]		500024d5
	[843]		500025b3
	[852]		5000256c
	[853]		500023fe
	[854]		500024e4
	[856]		500023e8
	[860]		500025df
	[861]		50002444
	[862]		50002561
	[864]		500023db
	[867]		500024ec
	[868]		50002569
	[869]		500024ef
	[870]		5000246d
	[871]		50002464
	[872]		500024eb
	[875]		500024be
	[879]		500024dd
	[880]		500023f3
	[882]		500023cc
	[883]		500023c5
	[884]		500025cf
	[885]		500023f0
	[887]		5000246e
	[892]		50002492
	[895]		50002404
	[898]		50002437
	[901]		500025ef
	[904]		500025eb
	[907]		500025f5
	[909]		500025af
	[911]		500023b3
	[912]		5000242b
	[913]		50002406
	[916]		50002553
	[918]		500025ac
	[919]		500024bd
	[920]		500025da
	[923]		5000248e
	[926]		50002405
	[927]		500024dc
	[928]		50002441
	[929]		50002524
	[931]		5000259b
	[933]		500024aa
	[935]		5000240e
	[940]		500023c4
	[942]		500023d4
	[944]		500023f9
	[949]		5000243f
	[950]		500024d6
	[952]		50002465
	[953]		50002615
	[954]		500024e7
	[957]		50002570
	[958]		500023ec
	[962]		50002481
	[963]		50002573
	[964]		5000260e
	[965]		500023d1
	[966]		500023c7
	[967]		500025d4
	[972]		50002400
	[973]		500023e2
	[974]		5000241e
	[975]		5000250e
	[977]		500024f1
	[978]		50002581
	[979]		500025c0
	[980]		5000259d
	[981]		50002401
	[983]		5000242e
	[985]		5000251e
	[986]		50002422
	[990]		500024a4
	[991]		500024df
	[992]		500023b8
	[993]		50002418
	[996]		5000248f
	[1000]		500025d6
	[1003]		50002507
	[1005]		500024fd
	[1011]		500024a9
	[1013]		500024af
	[1015]		500025b6
	[1019]		500023d5
	[1020]		5000245f
OBJ 500023b3 (sz=32, trace=300221, class=java.util.HashMap$Node@500000c4)
	key		50001bc2
	value		50001bc1
	next		500024ba
OBJ 500023b4 (sz=32, trace=300221, class=java.util.HashMap$Node@500000c4)
	key		50001daf
	value		50001dae
OBJ 500023b5 (sz=32, trace=300221, class=java.util.HashMap$Node@500000c4)
	key		50001cfe
	value		50001cfd
OBJ 500023b6 (sz=32, trace=300221, class=java.util.HashMap$Node@500000c4)
	key		50001fcc
	value		50001fcb
	next		5000259f
OBJ 500023b7 (sz=32, trace=300221, class=java.util.HashMap$Node@500000c4)
	key		500022f8
	value		500022f7
OBJ 500023b8 (sz=32, trace=300221, class=java.util.HashMap$Node@500000c4)
	key		50001a65
	value		50001a64
	next		500025bf
OBJ 500023b9 (sz=32, trace=300221, class=java.util.HashMap$Node@500000c4)
	key		5000284d
	value		5000284c
OBJ 500023ba (sz=32, trace=300221, class=java.util.HashMap$Node@500000c4)
	key		50002911
	value		50002910
	next		500023bb
OBJ 500023bb (sz=32, trace=300222, class=java.util.HashMap$Node@500000c4)
	key		50002915
	value		50002914
	next		5000253a
OBJ 500023bc (sz=32, trace=300221, class=java.util.HashMap$Node@500000c4)
	key		50001d0e
	value		50001d0d
OBJ 500023bd (sz=32, trace=300221, class=java.util.HashMap$Node@500000c4)
	key		50001e95
	value		50001e94
	next		50002618
OBJ 500023be (sz=32, trace=300221, class=java.util.HashMap$Node@500000c4)
	key		500027cd
	value		500027cc
OBJ 500023bf (sz=32, trace=300221, class=java.util.HashMap$Node@500000c4)
	key		50002079
	value		50002074
	next		500025f8
OBJ 500023c0 (sz=32, trace=300221, class=java.util.HashMap$Node@500000c4)
	key		50001c97
	value		50001c96
	next		50002445
OBJ 500023c1 (sz=32, trace=300221, class=java.util.HashMap$Node@500000c4)
	key		50002703
	value		50002702
	next		500024f0
OBJ 500023c2 (sz=32, trace=300221, class=java.util.HashMap$Node@500000c4)
	key		50001ddc
	value		50001dd4
	next		50002534
OBJ 500023c3 (sz=32, trace=300221, class=java.util.HashMap$Node@500000c4)
	key		5000239c
	value		5000239b
	next		500023e0
OBJ 500023c4 (sz=32, trace=300221, class=java.util.HashMap$Node@500000c4)
	key		50001b6b
	value		50001b6a
OBJ 500023c5 (sz=32, trace=300221, class=java.util.HashMap$Node@500000c4)
	key		50001c0e
	value		50001c0d
	next		5000254d
OBJ 500023c6 (sz=32, trace=300221, class=java.util.HashMap$Node@500000c4)
	key		50001d06
	value		50001d05
	next		50002426
OBJ 500023c7 (sz=32, trace=300221, class=java.util.HashMap$Node@500000c4)
	key		50001aef
	value		50001aee
OBJ 500023c8 (sz=32, trace=300221, class=java.util.HashMap$Node@500000c4)
	key		50001fe7
	value		50001fe6
OBJ 500023c9 (sz=32, trace=300221, class=java.util.HashMap$Node@500000c4)
	key		50001e58
	value		50001e57
OBJ 500023ca (sz=32, trace=300221, class=java.util.HashMap$Node@500000c4)
	key		50001d39
	value		50001d38
OBJ 500023cb (sz=32, trace=300221, class=java.util.HashMap$Node@500000c4)
	key		50001d1e
	value		50001d1c
OBJ 500023cc (sz=32, trace=300221, class=java.util.HashMap$Node@500000c4)
	key		50001c16
	value		50001c15
OBJ 500023cd (sz=32, trace=300221, class=java.util.HashMap$Node@500000c4)
	key		50002390
	value		5000238f
OBJ 500023ce (sz=32, trace=300221, class=java.util.HashMap$Node@500000c4)
	key		5000237c
	value		5000237b
OBJ 500023cf (sz=32, trace=300221, class=java.util.HashMap$Node@500000c4)
	key		50002801
	value		50002800
	next		5000260b
OBJ 500023d0 (sz=32, trace=300221, class=java.util.HashMap$Node@500000c4)
	key		500022e4
	value		500022e3
	next		500023dd
OBJ 500023d1 (sz=32, trace=300221, class=java.util.HashMap$Node@500000c4)
	key		50001af3
	value		50001af2
OBJ 500023d2 (sz=32, trace=300221, class=java.util.HashMap$Node@500000c4)
	key		50002031
	value		50002030
	next		500024b1
OBJ 500023d3 (sz=32, trace=300221, class=java.util.HashMap$Node@500000c4)
	key		500021da
	value		500021d9
OBJ 500023d4 (sz=32, trace=300221, class=java.util.HashMap$Node@500000c4)
	key		50001b67
	value		50001b5b
OBJ 500023d5 (sz=32, trace=300221, class=java.util.HashMap$Node@500000c4)
	key		50001a32
	value		50001a31
	next		50002454
OBJ 500023d6 (sz=32, trace=300221, class=java.util.HashMap$Node@500000c4)
	key		50001da2
	value		50001da1
	next		5000242d
OBJ 500023d7 (sz=32, trace=300221, class=java.util.HashMap$Node@500000c4)
	key		50002758
	value		50001cf9
OBJ 500023d8 (sz=32, trace=300221, class=java.util.HashMap$Node@500000c4)
	key		50002005
	value		50002004
	next		5000249b
OBJ 500023d9 (sz=32, trace=300221, class=java.util.HashMap$Node@500000c4)
	key		500028f8
	value		50001a51
OBJ 500023da (sz=32, trace=300221, class=java.util.HashMap$Node@500000c4)
	key		50001db3
	value		50001db2
OBJ 500023db (sz=32, trace=300221, class=java.util.HashMap$Node@500000c4)
	key		50001c53
	value		50001c52
	next		500025ad
OBJ 500023dc (sz=32, trace=300221, class=java.util.HashMap$Node@500000c4)
	key		50002398
	value		50002397
OBJ 500023dd (sz=32, trace=300222, class=java.util.HashMap$Node@500000c4)
	key		500022e8
	value		500022e7
OBJ 500023de (sz=32, trace=300221, class=java.util.HashMap$Node@500000c4)
	key		50002242
	value		50002241
	next		5000255c
OBJ 500023df (sz=32, trace=300221, class=java.util.HashMap$Node@500000c4)
	key		50001cf2
	value		50001ced
OBJ 500023e0 (sz=32, trace=300222, class=java.util.HashMap$Node@500000c4)
	key		500023a0
	value		5000239f
	next		5000250f
OBJ 500023e1 (sz=32, trace=300221, class=java.util.HashMap$Node@500000c4)
	key		50002116
	value		50002112
OBJ 500023e2 (sz=32, trace=300221, class=java.util.HashMap$Node@500000c4)
	key		50001ab5
	value		50001ab4
	next		50002413
OBJ 500023e3 (sz=32, trace=300221, class=java.util.HashMap$Node@500000c4)
	key		50001ca7
	value		50001ca6
OBJ 500023e4 (sz=32, trace=300221, class=java.util.HashMap$Node@500000c4)
	key		500026e7
	value		500026e6
OBJ 500023e5 (sz=32, trace=300221, class=java.util.HashMap$Node@500000c4)
	key		50001d7a
	value		50001d79
OBJ 500023e6 (sz=32, trace=300221, class=java.util.HashMap$Node@500000c4)
	key		50001c8e
	value		50001c88
OBJ 500023e7 (sz=32, trace=300221, class=java.util.HashMap$Node@500000c4)
	key		50001d92
	value		50001d91
	next		5000247f
OBJ 500023e8 (sz=32, trace=300221, class=java.util.HashMap$Node@500000c4)
	key		50001c67
	value		50001c66
OBJ 500023e9 (sz=32, trace=300221, class=java.util.HashMap$Node@500000c4)
	key		500027d9
	value		500027d8
OBJ 500023ea (sz=32, trace=300221, class=java.util.HashMap$Node@500000c4)
	key		500028bb
	value		500028ba
OBJ 500023eb (sz=32, trace=300221, class=java.util.HashMap$Node@500000c4)
	key		500020b0
	value		500020af
OBJ 500023ec (sz=32, trace=300221, class=java.util.HashMap$Node@500000c4)
	key		50001b04
	value		50001b03
OBJ 500023ed (sz=32, trace=300221, class=java.util.HashMap$Node@500000c4)
	key		50002219
	value		50002218
	next		5000245a
OBJ 500023ee (sz=32, trace=300221, class=java.util.HashMap$Node@500000c4)
	key		500020a8
	value		500020a7
OBJ 500023ef (sz=32, trace=300221, class=java.util.HashMap$Node@500000c4)
	key		500028e7
	value		500028e6
OBJ 500023f0 (sz=32, trace=300221, class=java.util.HashMap$Node@500000c4)
	key		50001c06
	value		50001c05
OBJ 500023f1 (sz=32, trace=300221, class=java.util.HashMap$Node@500000c4)
	key		50001d15
	value		50001d14
	next		50002544
OBJ 500023f2 (sz=32, trace=300221, class=java.util.HashMap$Node@500000c4)
	key		500021bb
	value		500021ba
OBJ 500023f3 (sz=32, trace=300221, class=java.util.HashMap$Node@500000c4)
	key		50001c1a
	value		50001c19
OBJ 500023f4 (sz=32, trace=300221, class=java.util.HashMap$Node@500000c4)
	key		50001d5b
	value		50001d5a
OBJ 500023f5 (sz=32, trace=300221, class=java.util.HashMap$Node@500000c4)
	key		50002209
	value		50002207
	next		50002591
OBJ 500023f6 (sz=32, trace=300221, class=java.util.HashMap$Node@500000c4)
	key		500020e7
	value		500020e5
OBJ 500023f7 (sz=32, trace=300221, class=java.util.HashMap$Node@500000c4)
	key		50002865
	value		50002864
OBJ 500023f8 (sz=32, trace=300221, class=java.util.HashMap$Node@500000c4)
	key		500028ab
	value		500028aa
	next		50002432
OBJ 500023f9 (sz=32, trace=300221, class=java.util.HashMap$Node@500000c4)
	key		50001b58
	value		50001b57
OBJ 500023fa (sz=32, trace=300221, class=java.util.HashMap$Node@500000c4)
	key		50002018
	value		50002017
OBJ 500023fb (sz=32, trace=300221, class=java.util.HashMap$Node@500000c4)
	key		50001e89
	value		50001e88
	next		50002408
OBJ 500023fc (sz=32, trace=300221, class=java.util.HashMap$Node@500000c4)
	key		50002308
	value		50002307
OBJ 500023fd (sz=32, trace=300221, class=java.util.HashMap$Node@500000c4)
	key		500027c3
	value		500027c2
	next		50002550
OBJ 500023fe (sz=32, trace=300221, class=java.util.HashMap$Node@500000c4)
	key		50001c6f
	value		50001c6e
OBJ 500023ff (sz=32, trace=300221, class=java.util.HashMap$Node@500000c4)
	key		50002374
	value		50002373
	next		500024de
OBJ 50002400 (sz=32, trace=300221, class=java.util.HashMap$Node@500000c4)
	key		50001acc
	value		50001acb
	next		50002428
OBJ 50002401 (sz=32, trace=300221, class=java.util.HashMap$Node@500000c4)
	key		50001a94
	value		50001a93
OBJ 50002402 (sz=32, trace=300221, class=java.util.HashMap$Node@500000c4)
	key		5000206d
	value		5000206c
OBJ 50002403 (sz=32, trace=300221, class=java.util.HashMap$Node@500000c4)
	key		50002797
	value		50002796
OBJ 50002404 (sz=32, trace=300221, class=java.util.HashMap$Node@500000c4)
	key		50001bee
	value		50001bed
	next		5000254e
OBJ 50002405 (sz=32, trace=300221, class=java.util.HashMap$Node@500000c4)
	key		50001b9b
	value		50001b9a
OBJ 50002406 (sz=32, trace=300221, class=java.util.HashMap$Node@500000c4)
	key		50001bb6
	value		50001bb5
OBJ 50002407 (sz=32, trace=300221, class=java.util.HashMap$Node@500000c4)
	key		50001d9a
	value		50001d99
	next		50002494
OBJ 50002408 (sz=32, trace=300222, class=java.util.HashMap$Node@500000c4)
	key		50001e8d
	value		50001e8c
OBJ 50002409 (sz=32, trace=300221, class=java.util.HashMap$Node@500000c4)
	key		5000289d
	value		5000289c
OBJ 5000240a (sz=32, trace=300221, class=java.util.HashMap$Node@500000c4)
	key		500021af
	value		500021ae
OBJ 5000240b (sz=32, trace=300221, class=java.util.HashMap$Node@500000c4)
	key		500026c9
	value		500026c8
	next		5000243a
OBJ 5000240c (sz=32, trace=300221, class=java.util.HashMap$Node@500000c4)
	key		50001fc3
	value		50001fc2
OBJ 5000240d (sz=32, trace=300221, class=java.util.HashMap$Node@500000c4)
	key		500028c2
	value		50002898
OBJ 5000240e (sz=32, trace=300221, class=java.util.HashMap$Node@500000c4)
	key		50001b6f
	value		50001b6e
OBJ 5000240f (sz=32, trace=300221, class=java.util.HashMap$Node@500000c4)
	key		50001d4f
	value		50001d4e
	next		500025a4
OBJ 50002410 (sz=32, trace=300221, class=java.util.HashMap$Node@500000c4)
	key		5000211c
	value		5000211b
	next		50002460
OBJ 50002411 (sz=32, trace=300221, class=java.util.HashMap$Node@500000c4)
	key		50002370
	value		5000236f
OBJ 50002412 (sz=32, trace=300221, class=java.util.HashMap$Node@500000c4)
	key		500028d1
	value		500028d0
OBJ 50002413 (sz=32, trace=300222, class=java.util.HashMap$Node@500000c4)
	key		50001ac8
	value		50001ac7
OBJ 50002414 (sz=32, trace=300221, class=java.util.HashMap$Node@500000c4)
	key		50002843
	value		50002842
	next		5000248d
OBJ 50002415 (sz=32, trace=300221, class=java.util.HashMap$Node@500000c4)
	key		500022a0
	value		5000229f
	next		500025f2
OBJ 50002416 (sz=32, trace=300221, class=java.util.HashMap$Node@500000c4)
	key		50002837
	value		50002836
	next		50002555
OBJ 50002417 (sz=32, trace=300221, class=java.util.HashMap$Node@500000c4)
	key		50002793
	value		50002792
OBJ 50002418 (sz=32, trace=300221, class=java.util.HashMap$Node@500000c4)
	key		50001a5f
	value		50001a5e
OBJ 50002419 (sz=32, trace=300221, class=java.util.HashMap$Node@500000c4)
	key		5000293b
	value		5000293a
	next		5000258d
OBJ 5000241a (sz=32, trace=300221, class=java.util.HashMap$Node@500000c4)
	key		5000281b
	value		5000281a
OBJ 5000241b (sz=32, trace=300221, class=java.util.HashMap$Node@500000c4)
	key		50002735
	value		50002734
OBJ 5000241c (sz=32, trace=300221, class=java.util.HashMap$Node@500000c4)
	key		50002823
	value		50002822
	next		5000241d
OBJ 5000241d (sz=32, trace=300222, class=java.util.HashMap$Node@500000c4)
	key		50002827
	value		50002826
OBJ 5000241e (sz=32, trace=300221, class=java.util.HashMap$Node@500000c4)
	key		50001ab1
	value		50001ab0
OBJ 5000241f (sz=32, trace=300221, class=java.util.HashMap$Node@500000c4)
	key		500028bf
	value		500028be
OBJ 50002420 (sz=32, trace=300221, class=java.util.HashMap$Node@500000c4)
	key		50002929
	value		50002928
	next		50002571
OBJ 50002421 (sz=32, trace=300221, class=java.util.HashMap$Node@500000c4)
	key		500026c1
	value		500026c0
	next		500025c4
OBJ 50002422 (sz=32, trace=300221, class=java.util.HashMap$Node@500000c4)
	key		50001a88
	value		50001a87
OBJ 50002423 (sz=32, trace=300221, class=java.util.HashMap$Node@500000c4)
	key		5000222e
	value		5000222d
OBJ 50002424 (sz=32, trace=300221, class=java.util.HashMap$Node@500000c4)
	key		50002304
	value		50002303
OBJ 50002425 (sz=32, trace=300221, class=java.util.HashMap$Node@500000c4)
	key		5000261d
	value		5000261c
OBJ 50002426 (sz=32, trace=300222, class=java.util.HashMap$Node@500000c4)
	key		50001d0a
	value		50001d09
OBJ 50002427 (sz=32, trace=300221, class=java.util.HashMap$Node@500000c4)
	key		50001d02
	value		50001d01
OBJ 50002428 (sz=32, trace=300222, class=java.util.HashMap$Node@500000c4)
	key		50001ad0
	value		50001acf
	next		50002483
OBJ 50002429 (sz=32, trace=300221, class=java.util.HashMap$Node@500000c4)
	key		50002198
	value		50002197
	next		500024d4
OBJ 5000242a (sz=32, trace=300221, class=java.util.HashMap$Node@500000c4)
	key		50001db7
	value		50001db6
	next		5000242c
OBJ 5000242b (sz=32, trace=300221, class=java.util.HashMap$Node@500000c4)
	key		50001bba
	value		50001bb9
	next		500025b7
OBJ 5000242c (sz=32, trace=300222, class=java.util.HashMap$Node@500000c4)
	key		50001dbc
	value		50001dba
OBJ 5000242d (sz=32, trace=300222, class=java.util.HashMap$Node@500000c4)
	key		50001da6
	value		50001da5
OBJ 5000242e (sz=32, trace=300221, class=java.util.HashMap$Node@500000c4)
	key		50001a90
	value		50001a8f
OBJ 5000242f (sz=32, trace=300221, class=java.util.HashMap$Node@500000c4)
	key		5000275b
	value		5000275a
OBJ 50002430 (sz=32, trace=300221, class=java.util.HashMap$Node@500000c4)
	key		50001dcf
	value		50001dce
OBJ 50002431 (sz=32, trace=300221, class=java.util.HashMap$Node@500000c4)
	key		500020ff
	value		500020fd
	next		50002468
OBJ 50002432 (sz=32, trace=300222, class=java.util.HashMap$Node@500000c4)
	key		500028af
	value		500028ae
OBJ 50002433 (sz=32, trace=300221, class=java.util.HashMap$Node@500000c4)
	key		5000224a
	value		50002249
OBJ 50002434 (sz=32, trace=300221, class=java.util.HashMap$Node@500000c4)
	key		500026db
	value		500026da
OBJ 50002435 (sz=32, trace=300221, class=java.util.HashMap$Node@500000c4)
	key		50001e5d
	value		50001e5b
OBJ 50002436 (sz=32, trace=300221, class=java.util.HashMap$Node@500000c4)
	key		50001ece
	value		50001ecd
	next		500024a6
OBJ 50002437 (sz=32, trace=300221, class=java.util.HashMap$Node@500000c4)
	key		50001be0
	value		50001bdf
OBJ 50002438 (sz=32, trace=300221, class=java.util.HashMap$Node@500000c4)
	key		500027f9
	value		500027f8
OBJ 50002439 (sz=32, trace=300221, class=java.util.HashMap$Node@500000c4)
	key		50002043
	value		50002042
OBJ 5000243a (sz=32, trace=300222, class=java.util.HashMap$Node@500000c4)
	key		500026cd
	value		500026cc
OBJ 5000243b (sz=32, trace=300221, class=java.util.HashMap$Node@500000c4)
	key		50001cf6
	value		50001cf5
OBJ 5000243c (sz=32, trace=300221, class=java.util.HashMap$Node@500000c4)
	key		50002881
	value		50002880
OBJ 5000243d (sz=32, trace=300221, class=java.util.HashMap$Node@500000c4)
	key		50002350
	value		5000234f
	next		5000247d
OBJ 5000243e (sz=32, trace=300221, class=java.util.HashMap$Node@500000c4)
	key		500022bc
	value		500022bb
	next		5000258a
OBJ 5000243f (sz=32, trace=300221, class=java.util.HashMap$Node@500000c4)
	key		50001b4b
	value		50001b4a
	next		500024ae
OBJ 50002440 (sz=32, trace=300221, class=java.util.HashMap$Node@500000c4)
	key		500026b9
	value		500026b8
	next		50002516
OBJ 50002441 (sz=32, trace=300221, class=java.util.HashMap$Node@500000c4)
	key		50001b89
	value		50001b88
OBJ 50002442 (sz=32, trace=300221, class=java.util.HashMap$Node@500000c4)
	key		50002159
	value		50002158
OBJ 50002443 (sz=32, trace=300221, class=java.util.HashMap$Node@500000c4)
	key		50002388
	value		50002387
OBJ 50002444 (sz=32, trace=300221, class=java.util.HashMap$Node@500000c4)
	key		50001c5f
	value		50001c5e
OBJ 50002445 (sz=32, trace=300222, class=java.util.HashMap$Node@500000c4)
	key		50001c9b
	value		50001c9a
	next		500025e1
OBJ 50002446 (sz=32, trace=300221, class=java.util.HashMap$Node@500000c4)
	key		50001dec
	value		50001deb
	next		50002559
OBJ 50002447 (sz=32, trace=300221, class=java.util.HashMap$Node@500000c4)
	key		50001e23
	value		50001e22
	next		5000257e
OBJ 50002448 (sz=32, trace=300221, class=java.util.HashMap$Node@500000c4)
	key		500021f2
	value		500021f1
	next		500024bf
OBJ 50002449 (sz=32, trace=300221, class=java.util.HashMap$Node@500000c4)
	key		50002360
	value		5000235f
	next		50002574
OBJ 5000244a (sz=32, trace=300221, class=java.util.HashMap$Node@500000c4)
	key		500022f4
	value		500022f3
OBJ 5000244b (sz=32, trace=300221, class=java.util.HashMap$Node@500000c4)
	key		500020a4
	value		500020a3
OBJ 5000244c (sz=32, trace=300221, class=java.util.HashMap$Node@500000c4)
	key		50001cea
	value		50001ce9
OBJ 5000244d (sz=32, trace=300221, class=java.util.HashMap$Node@500000c4)
	key		50002236
	value		50002235
	next		500025a2
OBJ 5000244e (sz=32, trace=300221, class=java.util.HashMap$Node@500000c4)
	key		5000236c
	value		5000236b
OBJ 5000244f (sz=32, trace=300221, class=java.util.HashMap$Node@500000c4)
	key		50001dc1
	value		50001dc0
OBJ 50002450 (sz=32, trace=300221, class=java.util.HashMap$Node@500000c4)
	key		500028ed
	value		500028ec
	next		500025d3
OBJ 50002451 (sz=32, trace=300221, class=java.util.HashMap$Node@500000c4)
	key		50002861
	value		50002860
OBJ 50002452 (sz=32, trace=300221, class=java.util.HashMap$Node@500000c4)
	key		50002024
	value		50002023
	next		500024c5
OBJ 50002453 (sz=32, trace=300221, class=java.util.HashMap$Node@500000c4)
	key		5000291d
	value		5000291c
	next		50002488
OBJ 50002454 (sz=32, trace=300222, class=java.util.HashMap$Node@500000c4)
	key		50001a36
	value		50001a35
OBJ 50002455 (sz=32, trace=300221, class=java.util.HashMap$Node@500000c4)
	key		500026ef
	value		500026ee
OBJ 50002456 (sz=32, trace=300221, class=java.util.HashMap$Node@500000c4)
	key		50001d5f
	value		50001d5e
OBJ 50002457 (sz=32, trace=300221, class=java.util.HashMap$Node@500000c4)
	key		500022a8
	value		500022a7
	next		5000252d
OBJ 50002458 (sz=32, trace=300221, class=java.util.HashMap$Node@500000c4)
	key		50002811
	value		50002810
OBJ 50002459 (sz=32, trace=300221, class=java.util.HashMap$Node@500000c4)
	key		50002695
	value		50002694
OBJ 5000245a (sz=32, trace=300222, class=java.util.HashMap$Node@500000c4)
	key		5000221e
	value		5000221c
OBJ 5000245b (sz=32, trace=300221, class=java.util.HashMap$Node@500000c4)
	key		500027b7
	value		500027b6
	next		500025bc
OBJ 5000245c (sz=32, trace=300221, class=java.util.HashMap$Node@500000c4)
	key		500022fc
	value		500022fb
	next		50002514
OBJ 5000245d (sz=32, trace=300221, class=java.util.HashMap$Node@500000c4)
	key		50001d22
	value		50001d21
	next		500024d2
OBJ 5000245e (sz=32, trace=300221, class=java.util.HashMap$Node@500000c4)
	key		50001df5
	value		50001df3
OBJ 5000245f (sz=32, trace=300221, class=java.util.HashMap$Node@500000c4)
	key		50001a0d
	value		50001a09
	next		50002500
OBJ 50002460 (sz=32, trace=300222, class=java.util.HashMap$Node@500000c4)
	key		50002120
	value		5000211f
	next		500025e5
OBJ 50002461 (sz=32, trace=300221, class=java.util.HashMap$Node@500000c4)
	key		500020b9
	value		500020b8
	next		5000256a
OBJ 50002462 (sz=32, trace=300221, class=java.util.HashMap$Node@500000c4)
	key		50001d8e
	value		50001d89
OBJ 50002463 (sz=32, trace=300221, class=java.util.HashMap$Node@500000c4)
	key		5000282f
	value		5000282e
OBJ 50002464 (sz=32, trace=300221, class=java.util.HashMap$Node@500000c4)
	key		50001c2c
	value		50001c2b
OBJ 50002465 (sz=32, trace=300221, class=java.util.HashMap$Node@500000c4)
	key		50001b28
	value		50001b27
	next		50002490
OBJ 50002466 (sz=32, trace=300221, class=java.util.HashMap$Node@500000c4)
	key		500028ff
	value		500028fe
OBJ 50002467 (sz=32, trace=300221, class=java.util.HashMap$Node@500000c4)
	key		5000281f
	value		5000281e
OBJ 50002468 (sz=32, trace=300222, class=java.util.HashMap$Node@500000c4)
	key		50002103
	value		50002102
OBJ 50002469 (sz=32, trace=300221, class=java.util.HashMap$Node@500000c4)
	key		5000214d
	value		5000214c
	next		50002605
OBJ 5000246a (sz=32, trace=300221, class=java.util.HashMap$Node@500000c4)
	key		50002713
	value		50002712
OBJ 5000246b (sz=32, trace=300221, class=java.util.HashMap$Node@500000c4)
	key		500020ed
	value		500020ec
	next		50002560
OBJ 5000246c (sz=32, trace=300221, class=java.util.HashMap$Node@500000c4)
	key		50002147
	value		50002146
OBJ 5000246d (sz=32, trace=300221, class=java.util.HashMap$Node@500000c4)
	key		50001c31
	value		50001c30
	next		500025a1
OBJ 5000246e (sz=32, trace=300221, class=java.util.HashMap$Node@500000c4)
	key		50001c02
	value		50001c01
OBJ 5000246f (sz=32, trace=300221, class=java.util.HashMap$Node@500000c4)
	key		5000235c
	value		5000235b
OBJ 50002470 (sz=32, trace=300221, class=java.util.HashMap$Node@500000c4)
	key		50001d4b
	value		50001d4a
OBJ 50002471 (sz=32, trace=300221, class=java.util.HashMap$Node@500000c4)
	key		50002885
	value		50002884
OBJ 50002472 (sz=32, trace=300221, class=java.util.HashMap$Node@500000c4)
	key		5000278b
	value		5000278a
	next		500024b7
OBJ 50002473 (sz=32, trace=300221, class=java.util.HashMap$Node@500000c4)
	key		50001fe3
	value		50001fe0
OBJ 50002474 (sz=32, trace=300221, class=java.util.HashMap$Node@500000c4)
	key		500022f0
	value		500022ef
OBJ 50002475 (sz=32, trace=300221, class=java.util.HashMap$Node@500000c4)
	key		5000286d
	value		5000286c
OBJ 50002476 (sz=32, trace=300221, class=java.util.HashMap$Node@500000c4)
	key		50002155
	value		50002154
OBJ 50002477 (sz=32, trace=300221, class=java.util.HashMap$Node@500000c4)
	key		50002165
	value		50002164
	next		50002613
OBJ 50002478 (sz=32, trace=300221, class=java.util.HashMap$Node@500000c4)
	key		50002879
	value		50002878
	next		5000255e
OBJ 50002479 (sz=32, trace=300221, class=java.util.HashMap$Node@500000c4)
	key		50002340
	value		5000233f
OBJ 5000247a (sz=32, trace=300221, class=java.util.HashMap$Node@500000c4)
	key		5000276f
	value		5000276e
OBJ 5000247b (sz=32, trace=300221, class=java.util.HashMap$Node@500000c4)
	key		50002394
	value		50002393
OBJ 5000247c (sz=32, trace=300221, class=java.util.HashMap$Node@500000c4)
	key		50002252
	value		50002251
	next		50002504
OBJ 5000247d (sz=32, trace=300222, class=java.util.HashMap$Node@500000c4)
	key		50002354
	value		50002353
OBJ 5000247e (sz=32, trace=300221, class=java.util.HashMap$Node@500000c4)
	key		50002925
	value		50002924
OBJ 5000247f (sz=32, trace=300222, class=java.util.HashMap$Node@500000c4)
	key		50001d96
	value		50001d95
OBJ 50002480 (sz=32, trace=300221, class=java.util.HashMap$Node@500000c4)
	key		50002344
	value		50002343
OBJ 50002481 (sz=32, trace=300221, class=java.util.HashMap$Node@500000c4)
	key		50001b00
	value		50001aff
OBJ 50002482 (sz=32, trace=300221, class=java.util.HashMap$Node@500000c4)
	key		5000208f
	value		5000208b
	next		500025e9
OBJ 50002483 (sz=32, trace=300222, class=java.util.HashMap$Node@500000c4)
	key		50001adf
	value		50001ad3
	next		500024ee
OBJ 50002484 (sz=32, trace=300221, class=java.util.HashMap$Node@500000c4)
	key		50002014
	value		50002013
OBJ 50002485 (sz=32, trace=300221, class=java.util.HashMap$Node@500000c4)
	key		5000215d
	value		5000215c
	next		500025e0
OBJ 50002486 (sz=32, trace=300221, class=java.util.HashMap$Node@500000c4)
	key		500027ab
	value		500027aa
OBJ 50002487 (sz=32, trace=300221, class=java.util.HashMap$Node@500000c4)
	key		50002889
	value		50002888
	next		500024b2
OBJ 50002488 (sz=32, trace=300222, class=java.util.HashMap$Node@500000c4)
	key		50002921
	value		50002920
OBJ 50002489 (sz=32, trace=300221, class=java.util.HashMap$Node@500000c4)
	key		500026a1
	value		500026a0
OBJ 5000248a (sz=32, trace=300221, class=java.util.HashMap$Node@500000c4)
	key		500022d6
	value		500022d5
OBJ 5000248b (sz=32, trace=300221, class=java.util.HashMap$Node@500000c4)
	key		50002809
	value		50002808
OBJ 5000248c (sz=32, trace=300221, class=java.util.HashMap$Node@500000c4)
	key		50002699
	value		50002698
	next		500024c0
OBJ 5000248d (sz=32, trace=300222, class=java.util.HashMap$Node@500000c4)
	key		50002847
	value		50002846
OBJ 5000248e (sz=32, trace=300221, class=java.util.HashMap$Node@500000c4)
	key		50001ba0
	value		50001b9f
OBJ 5000248f (sz=32, trace=300221, class=java.util.HashMap$Node@500000c4)
	key		50001a5a
	value		50001a59
OBJ 50002490 (sz=32, trace=300222, class=java.util.HashMap$Node@500000c4)
	key		50001b2e
	value		50001b2d
	next		500024ce
OBJ 50002491 (sz=32, trace=300221, class=java.util.HashMap$Node@500000c4)
	key		5000210b
	value		5000210a
OBJ 50002492 (sz=32, trace=300221, class=java.util.HashMap$Node@500000c4)
	key		50001bfa
	value		50001bf9
	next		50002611
OBJ 50002493 (sz=32, trace=300221, class=java.util.HashMap$Node@500000c4)
	key		50002140
	value		500020f2
OBJ 50002494 (sz=32, trace=300222, class=java.util.HashMap$Node@500000c4)
	key		50001d9d
	value		50001c5a
OBJ 50002495 (sz=32, trace=300221, class=java.util.HashMap$Node@500000c4)
	key		50001d35
	value		50001d34
OBJ 50002496 (sz=32, trace=300221, class=java.util.HashMap$Node@500000c4)
	key		500028c5
	value		500028c4
OBJ 50002497 (sz=32, trace=300221, class=java.util.HashMap$Node@500000c4)
	key		50002731
	value		50002730
OBJ 50002498 (sz=32, trace=300221, class=java.util.HashMap$Node@500000c4)
	key		500027e9
	value		500027e8
	next		5000257b
OBJ 50002499 (sz=32, trace=300221, class=java.util.HashMap$Node@500000c4)
	key		50002001
	value		50001ffe
OBJ 5000249a (sz=32, trace=300221, class=java.util.HashMap$Node@500000c4)
	key		50002184
	value		50002183
	next		50002578
OBJ 5000249b (sz=32, trace=300222, class=java.util.HashMap$Node@500000c4)
	key		5000200c
	value		50002008
	next		500024fe
OBJ 5000249c (sz=32, trace=300221, class=java.util.HashMap$Node@500000c4)
	key		50001ea3
	value		50001ea2
OBJ 5000249d (sz=32, trace=300221, class=java.util.HashMap$Node@500000c4)
	key		50002721
	value		50002720
	next		500024d3
OBJ 5000249e (sz=32, trace=300221, class=java.util.HashMap$Node@500000c4)
	key		500028d5
	value		500028d4
	next		500024e0
OBJ 5000249f (sz=32, trace=300221, class=java.util.HashMap$Node@500000c4)
	key		50002348
	value		50002347
OBJ 500024a0 (sz=32, trace=300221, class=java.util.HashMap$Node@500000c4)
	key		50002020
	value		5000201f
OBJ 500024a1 (sz=32, trace=300221, class=java.util.HashMap$Node@500000c4)
	key		500028b3
	value		500028b2
	next		50002554
OBJ 500024a2 (sz=32, trace=300221, class=java.util.HashMap$Node@500000c4)
	key		50002358
	value		50002357
OBJ 500024a3 (sz=32, trace=300221, class=java.util.HashMap$Node@500000c4)
	key		5000232c
	value		5000232b
	next		50002547
OBJ 500024a4 (sz=32, trace=300221, class=java.util.HashMap$Node@500000c4)
	key		50001a84
	value		50001a83
OBJ 500024a5 (sz=32, trace=300221, class=java.util.HashMap$Node@500000c4)
	key		5000272d
	value		5000272c
OBJ 500024a6 (sz=32, trace=300222, class=java.util.HashMap$Node@500000c4)
	key		50001ed6
	value		50001ed5
OBJ 500024a7 (sz=32, trace=300221, class=java.util.HashMap$Node@500000c4)
	key		500023ac
	value		500023ab
	next		50002564
OBJ 500024a8 (sz=32, trace=300221, class=java.util.HashMap$Node@500000c4)
	key		50001cfa
	value		50001cf9
OBJ 500024a9 (sz=32, trace=300221, class=java.util.HashMap$Node@500000c4)
	key		50001a42
	value		50001a41
	next		500024cd
OBJ 500024aa (sz=32, trace=300221, class=java.util.HashMap$Node@500000c4)
	key		50001b73
	value		50001b72
	next		500024b4
OBJ 500024ab (sz=32, trace=300221, class=java.util.HashMap$Node@500000c4)
	key		5000284a
	value		50001bd1
OBJ 500024ac (sz=32, trace=300221, class=java.util.HashMap$Node@500000c4)
	key		50001f68
	value		50001f64
OBJ 500024ad (sz=32, trace=300221, class=java.util.HashMap$Node@500000c4)
	key		500028a1
	value		500028a0
	next		500024e1
OBJ 500024ae (sz=32, trace=300222, class=java.util.HashMap$Node@500000c4)
	key		50001b4f
	value		50001b4e
	next		500025b1
OBJ 500024af (sz=32, trace=300221, class=java.util.HashMap$Node@500000c4)
	key		50001a3e
	value		50001a3d
OBJ 500024b0 (sz=32, trace=300221, class=java.util.HashMap$Node@500000c4)
	key		50002270
	value		5000225e
	next		500025ee
OBJ 500024b1 (sz=32, trace=300222, class=java.util.HashMap$Node@500000c4)
	key		50002037
	value		50002036
	next		5000255d
OBJ 500024b2 (sz=32, trace=300222, class=java.util.HashMap$Node@500000c4)
	key		5000288d
	value		5000288c
OBJ 500024b3 (sz=32, trace=300221, class=java.util.HashMap$Node@500000c4)
	key		500021a4
	value		500021a3
OBJ 500024b4 (sz=32, trace=300222, class=java.util.HashMap$Node@500000c4)
	key		50001b77
	value		50001b76
	next		50002541
OBJ 500024b5 (sz=32, trace=300221, class=java.util.HashMap$Node@500000c4)
	key		50002175
	value		50002174
	next		500024f2
OBJ 500024b6 (sz=32, trace=300221, class=java.util.HashMap$Node@500000c4)
	key		500021d0
	value		500021cf
	next		500025b8
OBJ 500024b7 (sz=32, trace=300222, class=java.util.HashMap$Node@500000c4)
	key		5000278f
	value		5000278e
OBJ 500024b8 (sz=32, trace=300221, class=java.util.HashMap$Node@500000c4)
	key		50002368
	value		50002367
OBJ 500024b9 (sz=32, trace=300221, class=java.util.HashMap$Node@500000c4)
	key		50002283
	value		50002282
OBJ 500024ba (sz=32, trace=300222, class=java.util.HashMap$Node@500000c4)
	key		50001bc6
	value		50001bc5
	next		50002609
OBJ 500024bb (sz=32, trace=300221, class=java.util.HashMap$Node@500000c4)
	key		500022d9
	value		50001f0b
OBJ 500024bc (sz=32, trace=300221, class=java.util.HashMap$Node@500000c4)
	key		5000223e
	value		5000223d
OBJ 500024bd (sz=32, trace=300221, class=java.util.HashMap$Node@500000c4)
	key		50001ba8
	value		50001ba7
OBJ 500024be (sz=32, trace=300221, class=java.util.HashMap$Node@500000c4)
	key		50001c22
	value		50001c21
OBJ 500024bf (sz=32, trace=300222, class=java.util.HashMap$Node@500000c4)
	key		500021f7
	value		500021f6
	next		500024d0
OBJ 500024c0 (sz=32, trace=300222, class=java.util.HashMap$Node@500000c4)
	key		5000269d
	value		5000269c
OBJ 500024c1 (sz=32, trace=300221, class=java.util.HashMap$Node@500000c4)
	key		50002232
	value		50002231
OBJ 500024c2 (sz=32, trace=300221, class=java.util.HashMap$Node@500000c4)
	key		50002763
	value		50002762
	next		500025b5
OBJ 500024c3 (sz=32, trace=300221, class=java.util.HashMap$Node@500000c4)
	key		5000279f
	value		5000279e
	next		500025a5
OBJ 500024c4 (sz=32, trace=300221, class=java.util.HashMap$Node@500000c4)
	key		5000228c
	value		5000228b
	next		50002552
OBJ 500024c5 (sz=32, trace=300222, class=java.util.HashMap$Node@500000c4)
	key		5000202b
	value		5000202a
OBJ 500024c6 (sz=32, trace=300221, class=java.util.HashMap$Node@500000c4)
	key		500026df
	value		500026de
OBJ 500024c7 (sz=32, trace=300221, class=java.util.HashMap$Node@500000c4)
	key		50001cb3
	value		50001cb2
OBJ 500024c8 (sz=32, trace=300221, class=java.util.HashMap$Node@500000c4)
	key		50002143
	value		50002142
OBJ 500024c9 (sz=32, trace=300221, class=java.util.HashMap$Node@500000c4)
	key		50001fef
	value		50001fee
OBJ 500024ca (sz=32, trace=300221, class=java.util.HashMap$Node@500000c4)
	key		5000283f
	value		5000283e
OBJ 500024cb (sz=32, trace=300221, class=java.util.HashMap$Node@500000c4)
	key		50002909
	value		50002908
OBJ 500024cc (sz=32, trace=300221, class=java.util.HashMap$Node@500000c4)
	key		500026d5
	value		500026d4
OBJ 500024cd (sz=32, trace=300222, class=java.util.HashMap$Node@500000c4)
	key		50001a46
	value		50001a45
OBJ 500024ce (sz=32, trace=300222, class=java.util.HashMap$Node@500000c4)
	key		50001b32
	value		50001b31
	next		50002572
OBJ 500024cf (sz=32, trace=300221, class=java.util.HashMap$Node@500000c4)
	key		500023a8
	value		500023a7
OBJ 500024d0 (sz=32, trace=300222, class=java.util.HashMap$Node@500000c4)
	key		500021fd
	value		500021fc
	next		500025fd
OBJ 500024d1 (sz=32, trace=300221, class=java.util.HashMap$Node@500000c4)
	key		500026eb
	value		500026ea
OBJ 500024d2 (sz=32, trace=300222, class=java.util.HashMap$Node@500000c4)
	key		50001d26
	value		50001d25
	next		5000250b
OBJ 500024d3 (sz=32, trace=300222, class=java.util.HashMap$Node@500000c4)
	key		50002725
	value		50002724
OBJ 500024d4 (sz=32, trace=300222, class=java.util.HashMap$Node@500000c4)
	key		5000219c
	value		5000219b
OBJ 500024d5 (sz=32, trace=300221, class=java.util.HashMap$Node@500000c4)
	key		50001c7e
	value		50001c7d
OBJ 500024d6 (sz=32, trace=300221, class=java.util.HashMap$Node@500000c4)
	key		50001b47
	value		50001b46
OBJ 500024d7 (sz=32, trace=300221, class=java.util.HashMap$Node@500000c4)
	key		500028fb
	value		500028fa
OBJ 500024d8 (sz=32, trace=300221, class=java.util.HashMap$Node@500000c4)
	key		50001e91
	value		50001e90
OBJ 500024d9 (sz=32, trace=300221, class=java.util.HashMap$Node@500000c4)
	key		500021ab
	value		500021a8
OBJ 500024da (sz=32, trace=300221, class=java.util.HashMap$Node@500000c4)
	key		50002171
	value		50002170
OBJ 500024db (sz=32, trace=300221, class=java.util.HashMap$Node@500000c4)
	key		50001dfd
	value		50001dfc
OBJ 500024dc (sz=32, trace=300221, class=java.util.HashMap$Node@500000c4)
	key		50001b8d
	value		50001b8c
OBJ 500024dd (sz=32, trace=300221, class=java.util.HashMap$Node@500000c4)
	key		50001c1e
	value		50001c1d
OBJ 500024de (sz=32, trace=300222, class=java.util.HashMap$Node@500000c4)
	key		50002378
	value		50002377
OBJ 500024df (sz=32, trace=300221, class=java.util.HashMap$Node@500000c4)
	key		50001a7a
	value		50001a79
OBJ 500024e0 (sz=32, trace=300222, class=java.util.HashMap$Node@500000c4)
	key		500028d9
	value		500028d8
OBJ 500024e1 (sz=32, trace=300222, class=java.util.HashMap$Node@500000c4)
	key		500028a5
	value		500028a4
OBJ 500024e2 (sz=32, trace=300221, class=java.util.HashMap$Node@500000c4)
	key		50002895
	value		50002894
OBJ 500024e3 (sz=32, trace=300221, class=java.util.HashMap$Node@500000c4)
	key		50002380
	value		5000237f
	next		500024ed
OBJ 500024e4 (sz=32, trace=300221, class=java.util.HashMap$Node@500000c4)
	key		50001c6b
	value		50001c6a
OBJ 500024e5 (sz=32, trace=300221, class=java.util.HashMap$Node@500000c4)
	key		50001cc1
	value		50001cc0
OBJ 500024e6 (sz=32, trace=300221, class=java.util.HashMap$Node@500000c4)
	key		50002787
	value		50002786
OBJ 500024e7 (sz=32, trace=300221, class=java.util.HashMap$Node@500000c4)
	key		50001b20
	value		50001b1f
OBJ 500024e8 (sz=32, trace=300221, class=java.util.HashMap$Node@500000c4)
	key		500028e3
	value		500028e2
OBJ 500024e9 (sz=32, trace=300221, class=java.util.HashMap$Node@500000c4)
	key		50002741
	value		50002740
	next		5000254f
OBJ 500024ea (sz=32, trace=300221, class=java.util.HashMap$Node@500000c4)
	key		5000271b
	value		5000271a
	next		50002567
OBJ 500024eb (sz=32, trace=300221, class=java.util.HashMap$Node@500000c4)
	key		50001c26
	value		50001c25
OBJ 500024ec (sz=32, trace=300221, class=java.util.HashMap$Node@500000c4)
	key		50001c4f
	value		50001c4e
OBJ 500024ed (sz=32, trace=300222, class=java.util.HashMap$Node@500000c4)
	key		50002384
	value		50002383
OBJ 500024ee (sz=32, trace=300222, class=java.util.HashMap$Node@500000c4)
	key		50001ae3
	value		50001ae2
OBJ 500024ef (sz=32, trace=300221, class=java.util.HashMap$Node@500000c4)
	key		50001c43
	value		50001c42
	next		5000254c
OBJ 500024f0 (sz=32, trace=300222, class=java.util.HashMap$Node@500000c4)
	key		50002707
	value		50002706
	next		5000257d
OBJ 500024f1 (sz=32, trace=300221, class=java.util.HashMap$Node@500000c4)
	key		50001aa4
	value		50001aa3
OBJ 500024f2 (sz=32, trace=300222, class=java.util.HashMap$Node@500000c4)
	key		50002179
	value		50002178
OBJ 500024f3 (sz=32, trace=300221, class=java.util.HashMap$Node@500000c4)
	key		50002324
	value		50002323
OBJ 500024f4 (sz=32, trace=300221, class=java.util.HashMap$Node@500000c4)
	key		50001f4c
	value		50001f3d
OBJ 500024f5 (sz=32, trace=300221, class=java.util.HashMap$Node@500000c4)
	key		50002138
	value		50002137
OBJ 500024f6 (sz=32, trace=300221, class=java.util.HashMap$Node@500000c4)
	key		500027e5
	value		500027e4
OBJ 500024f7 (sz=32, trace=300221, class=java.util.HashMap$Node@500000c4)
	key		500021e6
	value		500021e5
	next		500024fc
OBJ 500024f8 (sz=32, trace=300221, class=java.util.HashMap$Node@500000c4)
	key		500027af
	value		500027ae
OBJ 500024f9 (sz=32, trace=300221, class=java.util.HashMap$Node@500000c4)
	key		50002935
	value		50002934
OBJ 500024fa (sz=32, trace=300221, class=java.util.HashMap$Node@500000c4)
	key		50002773
	value		50002772
OBJ 500024fb (sz=32, trace=300221, class=java.util.HashMap$Node@500000c4)
	key		50001e78
	value		50001e77
OBJ 500024fc (sz=32, trace=300222, class=java.util.HashMap$Node@500000c4)
	key		500021ea
	value		500021e9
OBJ 500024fd (sz=32, trace=300221, class=java.util.HashMap$Node@500000c4)
	key		50001a4a
	value		50001a49
	next		500025f0
OBJ 500024fe (sz=32, trace=300222, class=java.util.HashMap$Node@500000c4)
	key		50002010
	value		5000200f
OBJ 500024ff (sz=32, trace=300221, class=java.util.HashMap$Node@500000c4)
	key		50002751
	value		50002750
OBJ 50002500 (sz=32, trace=300222, class=java.util.HashMap$Node@500000c4)
	key		50001a2e
	value		50001a2d
OBJ 50002501 (sz=32, trace=300221, class=java.util.HashMap$Node@500000c4)
	key		500026b1
	value		500026b0
OBJ 50002502 (sz=32, trace=300221, class=java.util.HashMap$Node@500000c4)
	key		500022d2
	value		500022cf
OBJ 50002503 (sz=32, trace=300221, class=java.util.HashMap$Node@500000c4)
	key		50002717
	value		50002716
OBJ 50002504 (sz=32, trace=300222, class=java.util.HashMap$Node@500000c4)
	key		50002256
	value		50002255
	next		500025e3
OBJ 50002505 (sz=32, trace=300221, class=java.util.HashMap$Node@500000c4)
	key		500027fd
	value		500027fc
OBJ 50002506 (sz=32, trace=300221, class=java.util.HashMap$Node@500000c4)
	key		50001d63
	value		50001d62
	next		5000258e
OBJ 50002507 (sz=32, trace=300221, class=java.util.HashMap$Node@500000c4)
	key		50001a52
	value		50001a51
OBJ 50002508 (sz=32, trace=300221, class=java.util.HashMap$Node@500000c4)
	key		50001caf
	value		50001cae
OBJ 50002509 (sz=32, trace=300221, class=java.util.HashMap$Node@500000c4)
	key		50001d9f
	value		50001c52
OBJ 5000250a (sz=32, trace=300221, class=java.util.HashMap$Node@500000c4)
	key		50001cb7
	value		50001cb6
	next		5000251a
OBJ 5000250b (sz=32, trace=300222, class=java.util.HashMap$Node@500000c4)
	key		50001d31
	value		50001d30
OBJ 5000250c (sz=32, trace=300221, class=java.util.HashMap$Node@500000c4)
	key		50002902
	value		500027d8
OBJ 5000250d (sz=32, trace=300221, class=java.util.HashMap$Node@500000c4)
	key		500028ea
	value		500028ba
OBJ 5000250e (sz=32, trace=300221, class=java.util.HashMap$Node@500000c4)
	key		50001aa8
	value		50001aa7
	next		50002598
OBJ 5000250f (sz=32, trace=300222, class=java.util.HashMap$Node@500000c4)
	key		500023a4
	value		500023a3
OBJ 50002510 (sz=32, trace=300221, class=java.util.HashMap$Node@500000c4)
	key		50001f04
	value		50001f02
	next		50002568
OBJ 50002511 (sz=32, trace=300221, class=java.util.HashMap$Node@500000c4)
	key		500022e0
	value		500022df
OBJ 50002512 (sz=32, trace=300221, class=java.util.HashMap$Node@500000c4)
	key		500028f5
	value		500028f4
OBJ 50002513 (sz=32, trace=300221, class=java.util.HashMap$Node@500000c4)
	key		50001eff
	value		50001efb
OBJ 50002514 (sz=32, trace=300222, class=java.util.HashMap$Node@500000c4)
	key		50002300
	value		500022ff
OBJ 50002515 (sz=32, trace=300221, class=java.util.HashMap$Node@500000c4)
	key		500020df
	value		500020de
OBJ 50002516 (sz=32, trace=300222, class=java.util.HashMap$Node@500000c4)
	key		500026bd
	value		500026bc
OBJ 50002517 (sz=32, trace=300221, class=java.util.HashMap$Node@500000c4)
	key		500027b3
	value		500027b2
OBJ 50002518 (sz=32, trace=300221, class=java.util.HashMap$Node@500000c4)
	key		50002310
	value		5000230f
	next		50002523
OBJ 50002519 (sz=32, trace=300221, class=java.util.HashMap$Node@500000c4)
	key		50002859
	value		50002858
	next		50002535
OBJ 5000251a (sz=32, trace=300222, class=java.util.HashMap$Node@500000c4)
	key		50001cbd
	value		50001cbc
OBJ 5000251b (sz=32, trace=300221, class=java.util.HashMap$Node@500000c4)
	key		5000282b
	value		5000282a
OBJ 5000251c (sz=32, trace=300221, class=java.util.HashMap$Node@500000c4)
	key		50001cc5
	value		50001cc4
	next		50002614
OBJ 5000251d (sz=32, trace=300221, class=java.util.HashMap$Node@500000c4)
	key		50002783
	value		50002782
OBJ 5000251e (sz=32, trace=300221, class=java.util.HashMap$Node@500000c4)
	key		50001a8c
	value		50001a8b
OBJ 5000251f (sz=32, trace=300221, class=java.util.HashMap$Node@500000c4)
	key		500022ca
	value		500022c9
OBJ 50002520 (sz=32, trace=300221, class=java.util.HashMap$Node@500000c4)
	key		500027d1
	value		500027d0
	next		5000252b
OBJ 50002521 (sz=32, trace=300221, class=java.util.HashMap$Node@500000c4)
	key		50002320
	value		5000231f
OBJ 50002522 (sz=32, trace=300221, class=java.util.HashMap$Node@500000c4)
	key		50001df9
	value		50001df8
OBJ 50002523 (sz=32, trace=300222, class=java.util.HashMap$Node@500000c4)
	key		50002314
	value		50002313
OBJ 50002524 (sz=32, trace=300221, class=java.util.HashMap$Node@500000c4)
	key		50001b85
	value		50001b84
OBJ 50002525 (sz=32, trace=300221, class=java.util.HashMap$Node@500000c4)
	key		50001dc5
	value		50001dc4
OBJ 50002526 (sz=32, trace=300221, class=java.util.HashMap$Node@500000c4)
	key		500028c9
	value		500028c8
OBJ 50002527 (sz=32, trace=300221, class=java.util.HashMap$Node@500000c4)
	key		50001ef1
	value		50001ef0
OBJ 50002528 (sz=32, trace=300221, class=java.util.HashMap$Node@500000c4)
	key		50002875
	value		50002874
OBJ 50002529 (sz=32, trace=300221, class=java.util.HashMap$Node@500000c4)
	key		5000273d
	value		5000273c
OBJ 5000252a (sz=32, trace=300221, class=java.util.HashMap$Node@500000c4)
	key		50002905
	value		50002904
OBJ 5000252b (sz=32, trace=300222, class=java.util.HashMap$Node@500000c4)
	key		500027d5
	value		500027d4
OBJ 5000252c (sz=32, trace=300221, class=java.util.HashMap$Node@500000c4)
	key		50002088
	value		50002087
OBJ 5000252d (sz=32, trace=300222, class=java.util.HashMap$Node@500000c4)
	key		500022ac
	value		500022ab
OBJ 5000252e (sz=32, trace=300221, class=java.util.HashMap$Node@500000c4)
	key		500021cb
	value		500021ca
OBJ 5000252f (sz=32, trace=300221, class=java.util.HashMap$Node@500000c4)
	key		50002071
	value		50002070
OBJ 50002530 (sz=32, trace=300221, class=java.util.HashMap$Node@500000c4)
	key		500020ce
	value		500020cd
OBJ 50002531 (sz=32, trace=300221, class=java.util.HashMap$Node@500000c4)
	key		5000279b
	value		5000279a
OBJ 50002532 (sz=32, trace=300221, class=java.util.HashMap$Node@500000c4)
	key		5000238c
	value		5000238b
OBJ 50002533 (sz=32, trace=300221, class=java.util.HashMap$Node@500000c4)
	key		5000277f
	value		5000277e
OBJ 50002534 (sz=32, trace=300222, class=java.util.HashMap$Node@500000c4)
	key		50001de0
	value		50001ddf
	next		5000257a
OBJ 50002535 (sz=32, trace=300222, class=java.util.HashMap$Node@500000c4)
	key		5000285d
	value		5000285c
OBJ 50002536 (sz=32, trace=300221, class=java.util.HashMap$Node@500000c4)
	key		50001e6b
	value		50001e6a
	next		5000257c
OBJ 50002537 (sz=32, trace=300221, class=java.util.HashMap$Node@500000c4)
	key		500021e2
	value		500021e1
OBJ 50002538 (sz=32, trace=300221, class=java.util.HashMap$Node@500000c4)
	key		50002833
	value		50002832
OBJ 50002539 (sz=32, trace=300221, class=java.util.HashMap$Node@500000c4)
	key		500027dd
	value		500027dc
OBJ 5000253a (sz=32, trace=300222, class=java.util.HashMap$Node@500000c4)
	key		50002919
	value		50002918
OBJ 5000253b (sz=32, trace=300221, class=java.util.HashMap$Node@500000c4)
	key		500026a5
	value		500026a4
OBJ 5000253c (sz=32, trace=300221, class=java.util.HashMap$Node@500000c4)
	key		50001ca3
	value		50001ca2
OBJ 5000253d (sz=32, trace=300221, class=java.util.HashMap$Node@500000c4)
	key		50002931
	value		50002930
OBJ 5000253e (sz=32, trace=300221, class=java.util.HashMap$Node@500000c4)
	key		5000216d
	value		5000216c
OBJ 5000253f (sz=32, trace=300221, class=java.util.HashMap$Node@500000c4)
	key		500021ee
	value		500021ed
OBJ 50002540 (sz=32, trace=300221, class=java.util.HashMap$Node@500000c4)
	key		50001e34
	value		50001d21
OBJ 50002541 (sz=32, trace=300222, class=java.util.HashMap$Node@500000c4)
	key		50001b7b
	value		50001b7a
OBJ 50002542 (sz=32, trace=300221, class=java.util.HashMap$Node@500000c4)
	key		50001eac
	value		50001eab
OBJ 50002543 (sz=32, trace=300221, class=java.util.HashMap$Node@500000c4)
	key		50001ff2
	value		50001e26
	next		500025f1
OBJ 50002544 (sz=32, trace=300222, class=java.util.HashMap$Node@500000c4)
	key		50001d19
	value		50001d18
OBJ 50002545 (sz=32, trace=300221, class=java.util.HashMap$Node@500000c4)
	key		50001eb1
	value		50001eaf
OBJ 50002546 (sz=32, trace=300221, class=java.util.HashMap$Node@500000c4)
	key		500026ff
	value		500026fe
OBJ 50002547 (sz=32, trace=300222, class=java.util.HashMap$Node@500000c4)
	key		50002330
	value		5000232f
	next		50002592
OBJ 50002548 (sz=32, trace=300221, class=java.util.HashMap$Node@500000c4)
	key		5000230c
	value		5000230b
OBJ 50002549 (sz=32, trace=300221, class=java.util.HashMap$Node@500000c4)
	key		5000218f
	value		5000218b
	next		500025ca
OBJ 5000254a (sz=32, trace=300221, class=java.util.HashMap$Node@500000c4)
	key		5000217e
	value		5000217d
OBJ 5000254b (sz=32, trace=300221, class=java.util.HashMap$Node@500000c4)
	key		500021a0
	value		5000219f
OBJ 5000254c (sz=32, trace=300222, class=java.util.HashMap$Node@500000c4)
	key		50001c47
	value		50001c46
OBJ 5000254d (sz=32, trace=300222, class=java.util.HashMap$Node@500000c4)
	key		50001c12
	value		50001c11
OBJ 5000254e (sz=32, trace=300222, class=java.util.HashMap$Node@500000c4)
	key		50001bf1
	value		50000d4c
OBJ 5000254f (sz=32, trace=300222, class=java.util.HashMap$Node@500000c4)
	key		50002745
	value		50002744
	next		500025fe
OBJ 50002550 (sz=32, trace=300222, class=java.util.HashMap$Node@500000c4)
	key		500027c7
	value		500027c6
	next		500025bb
OBJ 50002551 (sz=32, trace=300221, class=java.util.HashMap$Node@500000c4)
	key		50001d11
	value		500019f6
OBJ 50002552 (sz=32, trace=300222, class=java.util.HashMap$Node@500000c4)
	key		50002294
	value		50002293
OBJ 50002553 (sz=32, trace=300221, class=java.util.HashMap$Node@500000c4)
	key		50001bb2
	value		50001bb1
OBJ 50002554 (sz=32, trace=300222, class=java.util.HashMap$Node@500000c4)
	key		500028b7
	value		500028b6
OBJ 50002555 (sz=32, trace=300222, class=java.util.HashMap$Node@500000c4)
	key		5000283b
	value		5000283a
OBJ 50002556 (sz=32, trace=300221, class=java.util.HashMap$Node@500000c4)
	key		50001d70
	value		50001d6f
OBJ 50002557 (sz=32, trace=300221, class=java.util.HashMap$Node@500000c4)
	key		500026fb
	value		500026fa
OBJ 50002558 (sz=32, trace=300221, class=java.util.HashMap$Node@500000c4)
	key		50002855
	value		50002854
OBJ 50002559 (sz=32, trace=300222, class=java.util.HashMap$Node@500000c4)
	key		50001df0
	value		50001def
OBJ 5000255a (sz=32, trace=300221, class=java.util.HashMap$Node@500000c4)
	key		50001ec0
	value		50001ebf
OBJ 5000255b (sz=32, trace=300221, class=java.util.HashMap$Node@500000c4)
	key		50002818
	value		5000210a
OBJ 5000255c (sz=32, trace=300222, class=java.util.HashMap$Node@500000c4)
	key		50002246
	value		50002245
OBJ 5000255d (sz=32, trace=300222, class=java.util.HashMap$Node@500000c4)
	key		5000203f
	value		5000203e
OBJ 5000255e (sz=32, trace=300222, class=java.util.HashMap$Node@500000c4)
	key		5000287d
	value		5000287c
OBJ 5000255f (sz=32, trace=300221, class=java.util.HashMap$Node@500000c4)
	key		50002871
	value		50002870
OBJ 50002560 (sz=32, trace=300222, class=java.util.HashMap$Node@500000c4)
	key		500020f3
	value		500020f2
OBJ 50002561 (sz=32, trace=300221, class=java.util.HashMap$Node@500000c4)
	key		50001c5b
	value		50001c5a
OBJ 50002562 (sz=32, trace=300221, class=java.util.HashMap$Node@500000c4)
	key		50001e7f
	value		50001e7c
OBJ 50002563 (sz=32, trace=300221, class=java.util.HashMap$Node@500000c4)
	key		5000205c
	value		5000205b
OBJ 50002564 (sz=32, trace=300222, class=java.util.HashMap$Node@500000c4)
	key		500023b0
	value		500023af
OBJ 50002565 (sz=32, trace=300221, class=java.util.HashMap$Node@500000c4)
	key		50002938
	value		5000272c
OBJ 50002566 (sz=32, trace=300221, class=java.util.HashMap$Node@500000c4)
	key		50002729
	value		50002728
OBJ 50002567 (sz=32, trace=300222, class=java.util.HashMap$Node@500000c4)
	key		5000271e
	value		500021cf
OBJ 50002568 (sz=32, trace=300222, class=java.util.HashMap$Node@500000c4)
	key		50001f13
	value		50001f0b
OBJ 50002569 (sz=32, trace=300221, class=java.util.HashMap$Node@500000c4)
	key		50001c4b
	value		50001c4a
OBJ 5000256a (sz=32, trace=300222, class=java.util.HashMap$Node@500000c4)
	key		500020bd
	value		500020bc
OBJ 5000256b (sz=32, trace=300221, class=java.util.HashMap$Node@500000c4)
	key		50001e85
	value		50001e84
OBJ 5000256c (sz=32, trace=300221, class=java.util.HashMap$Node@500000c4)
	key		50001c74
	value		50001c72
OBJ 5000256d (sz=32, trace=300221, class=java.util.HashMap$Node@500000c4)
	key		50001e50
	value		50001e4e
	next		5000259a
OBJ 5000256e (sz=32, trace=300221, class=java.util.HashMap$Node@500000c4)
	key		500022dc
	value		500022db
OBJ 5000256f (sz=32, trace=300221, class=java.util.HashMap$Node@500000c4)
	key		500021c3
	value		500021c2
	next		500025b2
OBJ 50002570 (sz=32, trace=300221, class=java.util.HashMap$Node@500000c4)
	key		50001b1c
	value		50001b1b
OBJ 50002571 (sz=32, trace=300222, class=java.util.HashMap$Node@500000c4)
	key		5000292d
	value		5000292c
OBJ 50002572 (sz=32, trace=300222, class=java.util.HashMap$Node@500000c4)
	key		50001b36
	value		50001b35
	next		50002595
OBJ 50002573 (sz=32, trace=300221, class=java.util.HashMap$Node@500000c4)
	key		50001afc
	value		50001afa
OBJ 50002574 (sz=32, trace=300222, class=java.util.HashMap$Node@500000c4)
	key		50002364
	value		50002363
OBJ 50002575 (sz=32, trace=300221, class=java.util.HashMap$Node@500000c4)
	key		50001e2b
	value		50001e2a
OBJ 50002576 (sz=32, trace=300221, class=java.util.HashMap$Node@500000c4)
	key		50002222
	value		50002221
	next		5000260c
OBJ 50002577 (sz=32, trace=300221, class=java.util.HashMap$Node@500000c4)
	key		50001e1b
	value		50001e1a
OBJ 50002578 (sz=32, trace=300222, class=java.util.HashMap$Node@500000c4)
	key		50002188
	value		50002187
OBJ 50002579 (sz=32, trace=300221, class=java.util.HashMap$Node@500000c4)
	key		50002084
	value		50002080
OBJ 5000257a (sz=32, trace=300222, class=java.util.HashMap$Node@500000c4)
	key		50001de4
	value		50001de3
OBJ 5000257b (sz=32, trace=300222, class=java.util.HashMap$Node@500000c4)
	key		500027ed
	value		500027ec
	next		500025c8
OBJ 5000257c (sz=32, trace=300222, class=java.util.HashMap$Node@500000c4)
	key		50001e74
	value		50001e71
OBJ 5000257d (sz=32, trace=300222, class=java.util.HashMap$Node@500000c4)
	key		5000270b
	value		5000270a
	next		500025bd
OBJ 5000257e (sz=32, trace=300222, class=java.util.HashMap$Node@500000c4)
	key		50001e27
	value		50001e26
OBJ 5000257f (sz=32, trace=300221, class=java.util.HashMap$Node@500000c4)
	key		50002851
	value		50002850
OBJ 50002580 (sz=32, trace=300221, class=java.util.HashMap$Node@500000c4)
	key		5000290d
	value		5000290c
OBJ 50002581 (sz=32, trace=300221, class=java.util.HashMap$Node@500000c4)
	key		50001aa0
	value		50001a9f
OBJ 50002582 (sz=32, trace=300221, class=java.util.HashMap$Node@500000c4)
	key		5000274d
	value		5000274c
OBJ 50002583 (sz=32, trace=300221, class=java.util.HashMap$Node@500000c4)
	key		5000213c
	value		5000213b
OBJ 50002584 (sz=32, trace=300221, class=java.util.HashMap$Node@500000c4)
	key		500026f7
	value		500026f6
OBJ 50002585 (sz=32, trace=300221, class=java.util.HashMap$Node@500000c4)
	key		5000224e
	value		5000224d
OBJ 50002586 (sz=32, trace=300221, class=java.util.HashMap$Node@500000c4)
	key		50001d83
	value		50001d67
	next		500025b0
OBJ 50002587 (sz=32, trace=300221, class=java.util.HashMap$Node@500000c4)
	key		500028dc
	value		50002210
	next		500025a0
OBJ 50002588 (sz=32, trace=300221, class=java.util.HashMap$Node@500000c4)
	key		5000202e
	value		50001d67
OBJ 50002589 (sz=32, trace=300221, class=java.util.HashMap$Node@500000c4)
	key		50001e4b
	value		50001e46
OBJ 5000258a (sz=32, trace=300222, class=java.util.HashMap$Node@500000c4)
	key		500022c2
	value		500022c1
OBJ 5000258b (sz=32, trace=300221, class=java.util.HashMap$Node@500000c4)
	key		5000234c
	value		5000234b
OBJ 5000258c (sz=32, trace=300221, class=java.util.HashMap$Node@500000c4)
	key		50001f6d
	value		50001f6b
OBJ 5000258d (sz=32, trace=300222, class=java.util.HashMap$Node@500000c4)
	key		5000293f
	value		5000293e
OBJ 5000258e (sz=32, trace=300222, class=java.util.HashMap$Node@500000c4)
	key		50001d68
	value		50001d67
OBJ 5000258f (sz=32, trace=300221, class=java.util.HashMap$Node@500000c4)
	key		50002211
	value		50002210
	next		500025ed
OBJ 50002590 (sz=32, trace=300221, class=java.util.HashMap$Node@500000c4)
	key		500028a8
	value		50001d67
OBJ 50002591 (sz=32, trace=300222, class=java.util.HashMap$Node@500000c4)
	key		5000220d
	value		5000220c
OBJ 50002592 (sz=32, trace=300222, class=java.util.HashMap$Node@500000c4)
	key		50002334
	value		50002333
OBJ 50002593 (sz=32, trace=300221, class=java.util.HashMap$Node@500000c4)
	key		500026d1
	value		500026d0
OBJ 50002594 (sz=32, trace=300221, class=java.util.HashMap$Node@500000c4)
	key		50001e43
	value		50001e42
OBJ 50002595 (sz=32, trace=300222, class=java.util.HashMap$Node@500000c4)
	key		50001b43
	value		50001b42
OBJ 50002596 (sz=32, trace=300221, class=java.util.HashMap$Node@500000c4)
	key		500022b8
	value		500022b7
OBJ 50002597 (sz=32, trace=300221, class=java.util.HashMap$Node@500000c4)
	key		50002069
	value		50002068
OBJ 50002598 (sz=32, trace=300222, class=java.util.HashMap$Node@500000c4)
	key		50001aad
	value		50001aac
OBJ 50002599 (sz=32, trace=300221, class=java.util.HashMap$Node@500000c4)
	key		50002739
	value		50002738
OBJ 5000259a (sz=32, trace=300222, class=java.util.HashMap$Node@500000c4)
	key		50001e54
	value		50001e53
OBJ 5000259b (sz=32, trace=300221, class=java.util.HashMap$Node@500000c4)
	key		50001b7f
	value		50001b7e
OBJ 5000259c (sz=32, trace=300221, class=java.util.HashMap$Node@500000c4)
	key		500020c6
	value		500020c3
OBJ 5000259d (sz=32, trace=300221, class=java.util.HashMap$Node@500000c4)
	key		50001a98
	value		50001a97
OBJ 5000259e (sz=32, trace=300221, class=java.util.HashMap$Node@500000c4)
	key		500020f7
	value		500020f6
OBJ 5000259f (sz=32, trace=300222, class=java.util.HashMap$Node@500000c4)
	key		50001fd0
	value		50001fcf
	next		50002604
OBJ 500025a0 (sz=32, trace=300222, class=java.util.HashMap$Node@500000c4)
	key		500028df
	value		500028de
OBJ 500025a1 (sz=32, trace=300222, class=java.util.HashMap$Node@500000c4)
	key		50001c35
	value		50001c34
OBJ 500025a2 (sz=32, trace=300222, class=java.util.HashMap$Node@500000c4)
	key		5000223a
	value		50002239
OBJ 500025a3 (sz=32, trace=300221, class=java.util.HashMap$Node@500000c4)
	key		500026a9
	value		500026a8
	next		500025d1
OBJ 500025a4 (sz=32, trace=300222, class=java.util.HashMap$Node@500000c4)
	key		50001d53
	value		50001d52
	next		500025c7
OBJ 500025a5 (sz=32, trace=300222, class=java.util.HashMap$Node@500000c4)
	key		500027a3
	value		500027a2
OBJ 500025a6 (sz=32, trace=300221, class=java.util.HashMap$Node@500000c4)
	key		5000275f
	value		5000275e
OBJ 500025a7 (sz=32, trace=300221, class=java.util.HashMap$Node@500000c4)
	key		5000277b
	value		5000277a
OBJ 500025a8 (sz=32, trace=300221, class=java.util.HashMap$Node@500000c4)
	key		5000214a
	value		50001fc7
OBJ 500025a9 (sz=32, trace=300221, class=java.util.HashMap$Node@500000c4)
	key		50001fc8
	value		50001fc7
OBJ 500025aa (sz=32, trace=300221, class=java.util.HashMap$Node@500000c4)
	key		50001ee4
	value		50001edb
	next		500025c1
OBJ 500025ab (sz=32, trace=300221, class=java.util.HashMap$Node@500000c4)
	key		50001cab
	value		50001caa
OBJ 500025ac (sz=32, trace=300221, class=java.util.HashMap$Node@500000c4)
	key		50001bae
	value		50001bac
OBJ 500025ad (sz=32, trace=300222, class=java.util.HashMap$Node@500000c4)
	key		50001c57
	value		50001c56
OBJ 500025ae (sz=32, trace=300221, class=java.util.HashMap$Node@500000c4)
	key		500027e1
	value		500027e0
OBJ 500025af (sz=32, trace=300221, class=java.util.HashMap$Node@500000c4)
	key		50001bce
	value		50001bcd
OBJ 500025b0 (sz=32, trace=300222, class=java.util.HashMap$Node@500000c4)
	key		50001d86
	value		50001d85
OBJ 500025b1 (sz=32, trace=300222, class=java.util.HashMap$Node@500000c4)
	key		50001b54
	value		50001b53
OBJ 500025b2 (sz=32, trace=300222, class=java.util.HashMap$Node@500000c4)
	key		500021c7
	value		500021c6
OBJ 500025b3 (sz=32, trace=300221, class=java.util.HashMap$Node@500000c4)
	key		50001c7a
	value		50001c79
OBJ 500025b4 (sz=32, trace=300221, class=java.util.HashMap$Node@500000c4)
	key		50001d43
	value		50001d42
	next		500025e8
OBJ 500025b5 (sz=32, trace=300222, class=java.util.HashMap$Node@500000c4)
	key		50002767
	value		50002766
OBJ 500025b6 (sz=32, trace=300221, class=java.util.HashMap$Node@500000c4)
	key		50001a3a
	value		50001a39
OBJ 500025b7 (sz=32, trace=300222, class=java.util.HashMap$Node@500000c4)
	key		50001bbe
	value		50001bbd
OBJ 500025b8 (sz=32, trace=300222, class=java.util.HashMap$Node@500000c4)
	key		500021d6
	value		500021d5
OBJ 500025b9 (sz=32, trace=300221, class=java.util.HashMap$Node@500000c4)
	key		50002130
	value		5000212f
	next		500025c2
OBJ 500025ba (sz=32, trace=300221, class=java.util.HashMap$Node@500000c4)
	key		5000222a
	value		50002229
OBJ 500025bb (sz=32, trace=300222, class=java.util.HashMap$Node@500000c4)
	key		500027ca
	value		50001bd1
OBJ 500025bc (sz=32, trace=300222, class=java.util.HashMap$Node@500000c4)
	key		500027bb
	value		500027ba
	next		500025dd
OBJ 500025bd (sz=32, trace=300222, class=java.util.HashMap$Node@500000c4)
	key		5000270f
	value		5000270e
OBJ 500025be (sz=32, trace=300221, class=java.util.HashMap$Node@500000c4)
	key		50002891
	value		50002890
OBJ 500025bf (sz=32, trace=300222, class=java.util.HashMap$Node@500000c4)
	key		50001a76
	value		50001a75
OBJ 500025c0 (sz=32, trace=300221, class=java.util.HashMap$Node@500000c4)
	key		50001a9c
	value		50001a9b
OBJ 500025c1 (sz=32, trace=300222, class=java.util.HashMap$Node@500000c4)
	key		50001eec
	value		50001eeb
OBJ 500025c2 (sz=32, trace=300222, class=java.util.HashMap$Node@500000c4)
	key		50002134
	value		50002133
OBJ 500025c3 (sz=32, trace=300221, class=java.util.HashMap$Node@500000c4)
	key		50002755
	value		50002754
OBJ 500025c4 (sz=32, trace=300222, class=java.util.HashMap$Node@500000c4)
	key		500026c5
	value		500026c4
OBJ 500025c5 (sz=32, trace=300221, class=java.util.HashMap$Node@500000c4)
	key		50001dcb
	value		50001dc8
OBJ 500025c6 (sz=32, trace=300221, class=java.util.HashMap$Node@500000c4)
	key		50002869
	value		50002868
OBJ 500025c7 (sz=32, trace=300222, class=java.util.HashMap$Node@500000c4)
	key		50001d57
	value		50001d56
OBJ 500025c8 (sz=32, trace=300222, class=java.util.HashMap$Node@500000c4)
	key		500027f1
	value		500027f0
	next		50002610
OBJ 500025c9 (sz=32, trace=300221, class=java.util.HashMap$Node@500000c4)
	key		50001cd9
	value		50001cd8
OBJ 500025ca (sz=32, trace=300222, class=java.util.HashMap$Node@500000c4)
	key		50002194
	value		50002193
OBJ 500025cb (sz=32, trace=300221, class=java.util.HashMap$Node@500000c4)
	key		500026b5
	value		500026b4
OBJ 500025cc (sz=32, trace=300221, class=java.util.HashMap$Node@500000c4)
	key		500021bf
	value		500021be
OBJ 500025cd (sz=32, trace=300221, class=java.util.HashMap$Node@500000c4)
	key		50001daa
	value		50001da9
OBJ 500025ce (sz=32, trace=300221, class=java.util.HashMap$Node@500000c4)
	key		50002107
	value		50002106
OBJ 500025cf (sz=32, trace=300221, class=java.util.HashMap$Node@500000c4)
	key		50001c0a
	value		50001c09
OBJ 500025d0 (sz=32, trace=300221, class=java.util.HashMap$Node@500000c4)
	key		50001fbb
	value		50001fba
OBJ 500025d1 (sz=32, trace=300222, class=java.util.HashMap$Node@500000c4)
	key		500026ad
	value		500026ac
OBJ 500025d2 (sz=32, trace=300221, class=java.util.HashMap$Node@500000c4)
	key		50001e31
	value		50001e30
OBJ 500025d3 (sz=32, trace=300222, class=java.util.HashMap$Node@500000c4)
	key		500028f1
	value		500028f0
OBJ 500025d4 (sz=32, trace=300221, class=java.util.HashMap$Node@500000c4)
	key		50001ae7
	value		50001ae6
	next		500025f7
OBJ 500025d5 (sz=32, trace=300221, class=java.util.HashMap$Node@500000c4)
	key		5000276b
	value		5000276a
OBJ 500025d6 (sz=32, trace=300221, class=java.util.HashMap$Node@500000c4)
	key		50001a56
	value		50001a55
OBJ 500025d7 (sz=32, trace=300221, class=java.util.HashMap$Node@500000c4)
	key		500022ec
	value		500022eb
OBJ 500025d8 (sz=32, trace=300221, class=java.util.HashMap$Node@500000c4)
	key		500021b3
	value		500021b2
OBJ 500025d9 (sz=32, trace=300221, class=java.util.HashMap$Node@500000c4)
	key		50002620
	value		50002249
OBJ 500025da (sz=32, trace=300221, class=java.util.HashMap$Node@500000c4)
	key		50001ba4
	value		50001ba3
OBJ 500025db (sz=32, trace=300221, class=java.util.HashMap$Node@500000c4)
	key		50002338
	value		50002337
OBJ 500025dc (sz=32, trace=300221, class=java.util.HashMap$Node@500000c4)
	key		500022b4
	value		500022b3
OBJ 500025dd (sz=32, trace=300222, class=java.util.HashMap$Node@500000c4)
	key		500027bf
	value		500027be
OBJ 500025de (sz=32, trace=300221, class=java.util.HashMap$Node@500000c4)
	key		500022c6
	value		500022c5
OBJ 500025df (sz=32, trace=300221, class=java.util.HashMap$Node@500000c4)
	key		50001c63
	value		50001c62
OBJ 500025e0 (sz=32, trace=300222, class=java.util.HashMap$Node@500000c4)
	key		50002161
	value		50002160
OBJ 500025e1 (sz=32, trace=300222, class=java.util.HashMap$Node@500000c4)
	key		50001c9f
	value		50001c9e
OBJ 500025e2 (sz=32, trace=300221, class=java.util.HashMap$Node@500000c4)
	key		50001e1f
	value		50001e1e
OBJ 500025e3 (sz=32, trace=300222, class=java.util.HashMap$Node@500000c4)
	key		5000225a
	value		50002259
OBJ 500025e4 (sz=32, trace=300221, class=java.util.HashMap$Node@500000c4)
	key		5000280d
	value		5000280c
OBJ 500025e5 (sz=32, trace=300222, class=java.util.HashMap$Node@500000c4)
	key		50002127
	value		50002123
	next		5000260d
OBJ 500025e6 (sz=32, trace=300221, class=java.util.HashMap$Node@500000c4)
	key		50001cd0
	value		50001ccf
OBJ 500025e7 (sz=32, trace=300221, class=java.util.HashMap$Node@500000c4)
	key		500026d8
	value		50002347
OBJ 500025e8 (sz=32, trace=300222, class=java.util.HashMap$Node@500000c4)
	key		50001d47
	value		50001d46
OBJ 500025e9 (sz=32, trace=300222, class=java.util.HashMap$Node@500000c4)
	key		5000209d
	value		5000209c
OBJ 500025ea (sz=32, trace=300221, class=java.util.HashMap$Node@500000c4)
	key		500020ac
	value		500020ab
OBJ 500025eb (sz=32, trace=300221, class=java.util.HashMap$Node@500000c4)
	key		50001bd8
	value		50001bd7
OBJ 500025ec (sz=32, trace=300221, class=java.util.HashMap$Node@500000c4)
	key		50002815
	value		50002814
OBJ 500025ed (sz=32, trace=300222, class=java.util.HashMap$Node@500000c4)
	key		50002215
	value		50002214
OBJ 500025ee (sz=32, trace=300222, class=java.util.HashMap$Node@500000c4)
	key		50002279
	value		50002278
OBJ 500025ef (sz=32, trace=300221, class=java.util.HashMap$Node@500000c4)
	key		50001bdc
	value		50001bdb
OBJ 500025f0 (sz=32, trace=300222, class=java.util.HashMap$Node@500000c4)
	key		50001a4e
	value		50001a4d
OBJ 500025f1 (sz=32, trace=300222, class=java.util.HashMap$Node@500000c4)
	key		50001ff5
	value		50001ff4
OBJ 500025f2 (sz=32, trace=300222, class=java.util.HashMap$Node@500000c4)
	key		500022a4
	value		500022a3
OBJ 500025f3 (sz=32, trace=300221, class=java.util.HashMap$Node@500000c4)
	key		5000210f
	value		5000210e
OBJ 500025f4 (sz=32, trace=300221, class=java.util.HashMap$Node@500000c4)
	key		50001d6c
	value		50001d6b
OBJ 500025f5 (sz=32, trace=300221, class=java.util.HashMap$Node@500000c4)
	key		50001bd2
	value		50001bd1
OBJ 500025f6 (sz=32, trace=300221, class=java.util.HashMap$Node@500000c4)
	key		50002899
	value		50002898
OBJ 500025f7 (sz=32, trace=300222, class=java.util.HashMap$Node@500000c4)
	key		50001aeb
	value		50001aea
OBJ 500025f8 (sz=32, trace=300222, class=java.util.HashMap$Node@500000c4)
	key		5000207d
	value		5000207c
OBJ 500025f9 (sz=32, trace=300221, class=java.util.HashMap$Node@500000c4)
	key		500022b0
	value		500022af
OBJ 500025fa (sz=32, trace=300221, class=java.util.HashMap$Node@500000c4)
	key		50001d80
	value		50001d7f
OBJ 500025fb (sz=32, trace=300221, class=java.util.HashMap$Node@500000c4)
	key		50001e37
	value		50001e36
OBJ 500025fc (sz=32, trace=300221, class=java.util.HashMap$Node@500000c4)
	key		50002318
	value		50002317
OBJ 500025fd (sz=32, trace=300222, class=java.util.HashMap$Node@500000c4)
	key		50002201
	value		50002200
OBJ 500025fe (sz=32, trace=300222, class=java.util.HashMap$Node@500000c4)
	key		50002749
	value		50002748
OBJ 500025ff (sz=32, trace=300221, class=java.util.HashMap$Node@500000c4)
	key		5000204b
	value		50002049
OBJ 50002600 (sz=32, trace=300221, class=java.util.HashMap$Node@500000c4)
	key		50002328
	value		50002327
OBJ 50002601 (sz=32, trace=300221, class=java.util.HashMap$Node@500000c4)
	key		50001de8
	value		50001de7
OBJ 50002602 (sz=32, trace=300221, class=java.util.HashMap$Node@500000c4)
	key		5000229c
	value		5000229b
OBJ 50002603 (sz=32, trace=300221, class=java.util.HashMap$Node@500000c4)
	key		5000233c
	value		5000233b
OBJ 50002604 (sz=32, trace=300222, class=java.util.HashMap$Node@500000c4)
	key		50001fd8
	value		50001fd7
OBJ 50002605 (sz=32, trace=300222, class=java.util.HashMap$Node@500000c4)
	key		50002151
	value		50002150
OBJ 50002606 (sz=32, trace=300221, class=java.util.HashMap$Node@500000c4)
	key		50001dd2
	value		50001cb2
OBJ 50002607 (sz=32, trace=300221, class=java.util.HashMap$Node@500000c4)
	key		500026e3
	value		500026e2
OBJ 50002608 (sz=32, trace=300221, class=java.util.HashMap$Node@500000c4)
	key		5000227f
	value		5000227c
OBJ 50002609 (sz=32, trace=300222, class=java.util.HashMap$Node@500000c4)
	key		50001bca
	value		50001bc9
OBJ 5000260a (sz=32, trace=300221, class=java.util.HashMap$Node@500000c4)
	key		5000231c
	value		5000231b
OBJ 5000260b (sz=32, trace=300222, class=java.util.HashMap$Node@500000c4)
	key		50002805
	value		50002804
OBJ 5000260c (sz=32, trace=300222, class=java.util.HashMap$Node@500000c4)
	key		50002226
	value		50002225
OBJ 5000260d (sz=32, trace=300222, class=java.util.HashMap$Node@500000c4)
	key		5000212c
	value		5000212b
OBJ 5000260e (sz=32, trace=300221, class=java.util.HashMap$Node@500000c4)
	key		50001af7
	value		50001af6
OBJ 5000260f (sz=32, trace=300221, class=java.util.HashMap$Node@500000c4)
	key		500027a7
	value		500027a6
OBJ 50002610 (sz=32, trace=300222, class=java.util.HashMap$Node@500000c4)
	key		500027f5
	value		500027f4
OBJ 50002611 (sz=32, trace=300222, class=java.util.HashMap$Node@500000c4)
	key		50001bfe
	value		50001bfd
OBJ 50002612 (sz=32, trace=300221, class=java.util.HashMap$Node@500000c4)
	key		50002777
	value		50002776
OBJ 50002613 (sz=32, trace=300222, class=java.util.HashMap$Node@500000c4)
	key		50002169
	value		50002168
OBJ 50002614 (sz=32, trace=300222, class=java.util.HashMap$Node@500000c4)
	key		50001ccb
	value		50001cca
OBJ 50002615 (sz=32, trace=300221, class=java.util.HashMap$Node@500000c4)
	key		50001b24
	value		50001b23
OBJ 50002616 (sz=32, trace=300221, class=java.util.HashMap$Node@500000c4)
	key		500028cd
	value		500028cc
OBJ 50002617 (sz=32, trace=300221, class=java.util.HashMap$Node@500000c4)
	key		500026f3
	value		500026f2
OBJ 50002618 (sz=32, trace=300222, class=java.util.HashMap$Node@500000c4)
	key		50001e9d
	value		50001e9a
OBJ 50002619 (sz=32, trace=300221, class=java.util.HashMap$Node@500000c4)
	key		50002298
	value		50002297
ARR 5000261a (sz=80, trace=300000, nelems=40, elem type=char[])
ARR 5000261b (sz=82, trace=300000, nelems=41, elem type=char[])
OBJ 5000261c (sz=24, trace=300000, class=java.lang.String@5000016e)
	value		5000261f
OBJ 5000261d (sz=24, trace=300000, class=java.lang.String@5000016e)
	value		5000261e
ARR 5000261e (sz=42, trace=300000, nelems=21, elem type=char[])
ARR 5000261f (sz=24, trace=300000, nelems=12, elem type=char[])
OBJ 50002620 (sz=24, trace=300000, class=java.lang.String@5000016e)
	value		50002621
ARR 50002621 (sz=78, trace=300000, nelems=39, elem type=char[])
ARR 50002622 (sz=416, trace=301748, nelems=0, elem type=java.lang.Object[][]@50001fd5)
ARR 50002623 (sz=24, trace=301749, nelems=0, elem type=java.lang.Object[]@50000108)
ARR 50002624 (sz=24, trace=301750, nelems=0, elem type=java.lang.Object[]@50000108)
ARR 50002625 (sz=24, trace=301751, nelems=0, elem type=java.lang.Object[]@50000108)
ARR 50002626 (sz=24, trace=301752, nelems=0, elem type=java.lang.Object[]@50000108)
ARR 50002627 (sz=24, trace=301753, nelems=0, elem type=java.lang.Object[]@50000108)
ARR 50002628 (sz=24, trace=301754, nelems=0, elem type=java.lang.Object[]@50000108)
ARR 50002629 (sz=24, trace=301755, nelems=0, elem type=java.lang.Object[]@50000108)
ARR 5000262a (sz=24, trace=301756, nelems=0, elem type=java.lang.Object[]@50000108)
ARR 5000262b (sz=24, trace=301757, nelems=0, elem type=java.lang.Object[]@50000108)
ARR 5000262c (sz=24, trace=301758, nelems=0, elem type=java.lang.Object[]@50000108)
ARR 5000262d (sz=24, trace=301759, nelems=0, elem type=java.lang.Object[]@50000108)
ARR 5000262e (sz=24, trace=301760, nelems=0, elem type=java.lang.Object[]@50000108)
ARR 5000262f (sz=24, trace=301761, nelems=0, elem type=java.lang.Object[]@50000108)
ARR 50002630 (sz=24, trace=301762, nelems=0, elem type=java.lang.Object[]@50000108)
ARR 50002631 (sz=24, trace=301763, nelems=0, elem type=java.lang.Object[]@50000108)
ARR 50002632 (sz=24, trace=301764, nelems=0, elem type=java.lang.Object[]@50000108)
ARR 50002633 (sz=24, trace=301765, nelems=0, elem type=java.lang.Object[]@50000108)
ARR 50002634 (sz=24, trace=301766, nelems=0, elem type=java.lang.Object[]@50000108)
ARR 50002635 (sz=24, trace=301767, nelems=0, elem type=java.lang.Object[]@50000108)
ARR 50002636 (sz=24, trace=301768, nelems=0, elem type=java.lang.Object[]@50000108)
ARR 50002637 (sz=24, trace=301769, nelems=0, elem type=java.lang.Object[]@50000108)
ARR 50002638 (sz=24, trace=301770, nelems=0, elem type=java.lang.Object[]@50000108)
ARR 50002639 (sz=24, trace=301771, nelems=0, elem type=java.lang.Object[]@50000108)
ARR 5000263a (sz=24, trace=301772, nelems=0, elem type=java.lang.Object[]@50000108)
ARR 5000263b (sz=24, trace=301773, nelems=0, elem type=java.lang.Object[]@50000108)
ARR 5000263c (sz=24, trace=301774, nelems=0, elem type=java.lang.Object[]@50000108)
ARR 5000263d (sz=24, trace=301775, nelems=0, elem type=java.lang.Object[]@50000108)
ARR 5000263e (sz=24, trace=301776, nelems=0, elem type=java.lang.Object[]@50000108)
ARR 5000263f (sz=24, trace=301777, nelems=0, elem type=java.lang.Object[]@50000108)
ARR 50002640 (sz=24, trace=301778, nelems=0, elem type=java.lang.Object[]@50000108)
ARR 50002641 (sz=24, trace=301779, nelems=0, elem type=java.lang.Object[]@50000108)
ARR 50002642 (sz=24, trace=301780, nelems=0, elem type=java.lang.Object[]@50000108)
ARR 50002643 (sz=24, trace=301781, nelems=0, elem type=java.lang.Object[]@50000108)
ARR 50002644 (sz=24, trace=301782, nelems=0, elem type=java.lang.Object[]@50000108)
ARR 50002645 (sz=24, trace=301783, nelems=0, elem type=java.lang.Object[]@50000108)
ARR 50002646 (sz=24, trace=301784, nelems=0, elem type=java.lang.Object[]@50000108)
ARR 50002647 (sz=24, trace=301785, nelems=0, elem type=java.lang.Object[]@50000108)
ARR 50002648 (sz=24, trace=301786, nelems=0, elem type=java.lang.Object[]@50000108)
ARR 50002649 (sz=24, trace=301787, nelems=0, elem type=java.lang.Object[]@50000108)
ARR 5000264a (sz=24, trace=301788, nelems=0, elem type=java.lang.Object[]@50000108)
ARR 5000264b (sz=24, trace=301789, nelems=0, elem type=java.lang.Object[]@50000108)
ARR 5000264c (sz=24, trace=301790, nelems=0, elem type=java.lang.Object[]@50000108)
ARR 5000264d (sz=24, trace=301791, nelems=0, elem type=java.lang.Object[]@50000108)
ARR 5000264e (sz=24, trace=301792, nelems=0, elem type=java.lang.Object[]@50000108)
ARR 5000264f (sz=24, trace=301793, nelems=0, elem type=java.lang.Object[]@50000108)
ARR 50002650 (sz=24, trace=301794, nelems=0, elem type=java.lang.Object[]@50000108)
ARR 50002651 (sz=24, trace=301795, nelems=0, elem type=java.lang.Object[]@50000108)
ARR 50002652 (sz=24, trace=301796, nelems=0, elem type=java.lang.Object[]@50000108)
ARR 50002653 (sz=24, trace=301797, nelems=0, elem type=java.lang.Object[]@50000108)
ARR 50002654 (sz=24, trace=301798, nelems=0, elem type=java.lang.Object[]@50000108)
ARR 50002655 (sz=24, trace=301799, nelems=0, elem type=java.lang.Object[]@50000108)
ARR 50002656 (sz=24, trace=301800, nelems=0, elem type=java.lang.Object[]@50000108)
ARR 50002657 (sz=24, trace=301801, nelems=0, elem type=java.lang.Object[]@50000108)
ARR 50002658 (sz=24, trace=301802, nelems=0, elem type=java.lang.Object[]@50000108)
ARR 50002659 (sz=24, trace=301803, nelems=0, elem type=java.lang.Object[]@50000108)
ARR 5000265a (sz=24, trace=301804, nelems=0, elem type=java.lang.Object[]@50000108)
ARR 5000265b (sz=24, trace=301805, nelems=0, elem type=java.lang.Object[]@50000108)
ARR 5000265c (sz=24, trace=301806, nelems=0, elem type=java.lang.Object[]@50000108)
ARR 5000265d (sz=24, trace=301807, nelems=0, elem type=java.lang.Object[]@50000108)
ARR 5000265e (sz=24, trace=301808, nelems=0, elem type=java.lang.Object[]@50000108)
ARR 5000265f (sz=24, trace=301809, nelems=0, elem type=java.lang.Object[]@50000108)
ARR 50002660 (sz=24, trace=301810, nelems=0, elem type=java.lang.Object[]@50000108)
ARR 50002661 (sz=24, trace=301811, nelems=0, elem type=java.lang.Object[]@50000108)
ARR 50002662 (sz=24, trace=301812, nelems=0, elem type=java.lang.Object[]@50000108)
ARR 50002663 (sz=24, trace=301813, nelems=0, elem type=java.lang.Object[]@50000108)
ARR 50002664 (sz=24, trace=301814, nelems=0, elem type=java.lang.Object[]@50000108)
ARR 50002665 (sz=24, trace=301815, nelems=0, elem type=java.lang.Object[]@50000108)
ARR 50002666 (sz=24, trace=301816, nelems=0, elem type=java.lang.Object[]@50000108)
ARR 50002667 (sz=24, trace=301817, nelems=0, elem type=java.lang.Object[]@50000108)
ARR 50002668 (sz=24, trace=301818, nelems=0, elem type=java.lang.Object[]@50000108)
ARR 50002669 (sz=24, trace=301819, nelems=0, elem type=java.lang.Object[]@50000108)
ARR 5000266a (sz=24, trace=301820, nelems=0, elem type=java.lang.Object[]@50000108)
ARR 5000266b (sz=24, trace=301821, nelems=0, elem type=java.lang.Object[]@50000108)
ARR 5000266c (sz=24, trace=301822, nelems=0, elem type=java.lang.Object[]@50000108)
ARR 5000266d (sz=24, trace=301823, nelems=0, elem type=java.lang.Object[]@50000108)
ARR 5000266e (sz=24, trace=301824, nelems=0, elem type=java.lang.Object[]@50000108)
ARR 5000266f (sz=24, trace=301825, nelems=0, elem type=java.lang.Object[]@50000108)
ARR 50002670 (sz=24, trace=301826, nelems=0, elem type=java.lang.Object[]@50000108)
ARR 50002671 (sz=24, trace=301827, nelems=0, elem type=java.lang.Object[]@50000108)
ARR 50002672 (sz=24, trace=301828, nelems=0, elem type=java.lang.Object[]@50000108)
ARR 50002673 (sz=24, trace=301829, nelems=0, elem type=java.lang.Object[]@50000108)
ARR 50002674 (sz=24, trace=301830, nelems=0, elem type=java.lang.Object[]@50000108)
ARR 50002675 (sz=24, trace=301831, nelems=0, elem type=java.lang.Object[]@50000108)
ARR 50002676 (sz=24, trace=301832, nelems=0, elem type=java.lang.Object[]@50000108)
ARR 50002677 (sz=24, trace=301833, nelems=0, elem type=java.lang.Object[]@50000108)
ARR 50002678 (sz=24, trace=301834, nelems=0, elem type=java.lang.Object[]@50000108)
ARR 50002679 (sz=24, trace=301835, nelems=0, elem type=java.lang.Object[]@50000108)
ARR 5000267a (sz=24, trace=301836, nelems=0, elem type=java.lang.Object[]@50000108)
ARR 5000267b (sz=24, trace=301837, nelems=0, elem type=java.lang.Object[]@50000108)
ARR 5000267c (sz=24, trace=301838, nelems=0, elem type=java.lang.Object[]@50000108)
ARR 5000267d (sz=24, trace=301839, nelems=0, elem type=java.lang.Object[]@50000108)
ARR 5000267e (sz=24, trace=301840, nelems=0, elem type=java.lang.Object[]@50000108)
ARR 5000267f (sz=24, trace=301841, nelems=0, elem type=java.lang.Object[]@50000108)
ARR 50002680 (sz=24, trace=301842, nelems=0, elem type=java.lang.Object[]@50000108)
ARR 50002681 (sz=24, trace=301843, nelems=0, elem type=java.lang.Object[]@50000108)
ARR 50002682 (sz=24, trace=301844, nelems=0, elem type=java.lang.Object[]@50000108)
ARR 50002683 (sz=24, trace=301845, nelems=0, elem type=java.lang.Object[]@50000108)
ARR 50002684 (sz=24, trace=301846, nelems=0, elem type=java.lang.Object[]@50000108)
ARR 50002685 (sz=24, trace=301847, nelems=0, elem type=java.lang.Object[]@50000108)
ARR 50002686 (sz=24, trace=301848, nelems=0, elem type=java.lang.Object[]@50000108)
OBJ 50002687 (sz=48, trace=301119, class=java.util.HashMap@500000c6)
	table		500002c9
ARR 50002688 (sz=528, trace=301120, nelems=0, elem type=java.util.HashMap$Node[]@500000c2)
OBJ 50002689 (sz=32, trace=300221, class=java.util.HashMap$Node@500000c4)
	key		5000196b
	value		5000195a
OBJ 5000268a (sz=32, trace=300221, class=java.util.HashMap$Node@500000c4)
	key		5000196c
	value		50001907
OBJ 5000268b (sz=32, trace=300221, class=java.util.HashMap$Node@500000c4)
	key		5000196d
	value		5000195f
OBJ 5000268c (sz=32, trace=300221, class=java.util.HashMap$Node@500000c4)
	key		5000196e
	value		500019ec
OBJ 5000268d (sz=32, trace=300221, class=java.util.HashMap$Node@500000c4)
	key		5000196f
	value		500019ed
	next		50000296
OBJ 5000268e (sz=32, trace=300221, class=java.util.HashMap$Node@500000c4)
	key		50001970
	value		50001960
OBJ 5000268f (sz=32, trace=300221, class=java.util.HashMap$Node@500000c4)
	key		50001971
	value		500019e8
OBJ 50002690 (sz=32, trace=300221, class=java.util.HashMap$Node@500000c4)
	key		50001972
	value		50001962
	next		500002aa
OBJ 50002691 (sz=32, trace=300221, class=java.util.HashMap$Node@500000c4)
	key		50001973
	value		50001964
OBJ 50002692 (sz=32, trace=300221, class=java.util.HashMap$Node@500000c4)
	key		50001974
	value		50001967
OBJ 50002693 (sz=32, trace=300221, class=java.util.HashMap$Node@500000c4)
	key		50001975
	value		50001969
OBJ 50002694 (sz=24, trace=300000, class=java.lang.String@5000016e)
	value		50002697
OBJ 50002695 (sz=24, trace=300000, class=java.lang.String@5000016e)
	value		50002696
ARR 50002696 (sz=86, trace=300000, nelems=43, elem type=char[])
ARR 50002697 (sz=94, trace=300000, nelems=47, elem type=char[])
OBJ 50002698 (sz=24, trace=300000, class=java.lang.String@5000016e)
	value		5000269b
OBJ 50002699 (sz=24, trace=300000, class=java.lang.String@5000016e)
	value		5000269a
ARR 5000269a (sz=80, trace=300000, nelems=40, elem type=char[])
ARR 5000269b (sz=114, trace=300000, nelems=57, elem type=char[])
OBJ 5000269c (sz=24, trace=300000, class=java.lang.String@5000016e)
	value		5000269f
OBJ 5000269d (sz=24, trace=300000, class=java.lang.String@5000016e)
	value		5000269e
ARR 5000269e (sz=56, trace=300000, nelems=28, elem type=char[])
ARR 5000269f (sz=76, trace=300000, nelems=38, elem type=char[])
OBJ 500026a0 (sz=24, trace=300000, class=java.lang.String@5000016e)
	value		500026a3
OBJ 500026a1 (sz=24, trace=300000, class=java.lang.String@5000016e)
	value		500026a2
ARR 500026a2 (sz=80, trace=300000, nelems=40, elem type=char[])
ARR 500026a3 (sz=198, trace=300000, nelems=99, elem type=char[])
OBJ 500026a4 (sz=24, trace=300000, class=java.lang.String@5000016e)
	value		500026a7
OBJ 500026a5 (sz=24, trace=300000, class=java.lang.String@5000016e)
	value		500026a6
ARR 500026a6 (sz=106, trace=300000, nelems=53, elem type=char[])
ARR 500026a7 (sz=164, trace=300000, nelems=82, elem type=char[])
OBJ 500026a8 (sz=24, trace=300000, class=java.lang.String@5000016e)
	value		500026ab
OBJ 500026a9 (sz=24, trace=300000, class=java.lang.String@5000016e)
	value		500026aa
ARR 500026aa (sz=84, trace=300000, nelems=42, elem type=char[])
ARR 500026ab (sz=70, trace=300000, nelems=35, elem type=char[])
OBJ 500026ac (sz=24, trace=300000, class=java.lang.String@5000016e)
	value		500026af
OBJ 500026ad (sz=24, trace=300000, class=java.lang.String@5000016e)
	value		500026ae
ARR 500026ae (sz=80, trace=300000, nelems=40, elem type=char[])
ARR 500026af (sz=82, trace=300000, nelems=41, elem type=char[])
OBJ 500026b0 (sz=24, trace=300000, class=java.lang.String@5000016e)
	value		500026b3
OBJ 500026b1 (sz=24, trace=300000, class=java.lang.String@5000016e)
	value		500026b2
ARR 500026b2 (sz=106, trace=300000, nelems=53, elem type=char[])
ARR 500026b3 (sz=110, trace=300000, nelems=55, elem type=char[])
OBJ 500026b4 (sz=24, trace=300000, class=java.lang.String@5000016e)
	value		500026b7
OBJ 500026b5 (sz=24, trace=300000, class=java.lang.String@5000016e)
	value		500026b6
ARR 500026b6 (sz=68, trace=300000, nelems=34, elem type=char[])
ARR 500026b7 (sz=278, trace=300000, nelems=139, elem type=char[])
OBJ 500026b8 (sz=24, trace=300000, class=java.lang.String@5000016e)
	value		500026bb
OBJ 500026b9 (sz=24, trace=300000, class=java.lang.String@5000016e)
	value		500026ba
ARR 500026ba (sz=68, trace=300000, nelems=34, elem type=char[])
ARR 500026bb (sz=54, trace=300000, nelems=27, elem type=char[])
OBJ 500026bc (sz=24, trace=300000, class=java.lang.String@5000016e)
	value		500026bf
OBJ 500026bd (sz=24, trace=300000, class=java.lang.String@5000016e)
	value		500026be
ARR 500026be (sz=64, trace=300000, nelems=32, elem type=char[])
ARR 500026bf (sz=20, trace=300000, nelems=10, elem type=char[])
OBJ 500026c0 (sz=24, trace=300000, class=java.lang.String@5000016e)
	value		500026c3
OBJ 500026c1 (sz=24, trace=300000, class=java.lang.String@5000016e)
	value		500026c2
ARR 500026c2 (sz=36, trace=300000, nelems=18, elem type=char[])
ARR 500026c3 (sz=14, trace=300000, nelems=7, elem type=char[])
OBJ 500026c4 (sz=24, trace=300000, class=java.lang.String@5000016e)
	value		500026c7
OBJ 500026c5 (sz=24, trace=300000, class=java.lang.String@5000016e)
	value		500026c6
ARR 500026c6 (sz=82, trace=300000, nelems=41, elem type=char[])
ARR 500026c7 (sz=130, trace=300000, nelems=65, elem type=char[])
OBJ 500026c8 (sz=24, trace=300000, class=java.lang.String@5000016e)
	value		500026cb
OBJ 500026c9 (sz=24, trace=300000, class=java.lang.String@5000016e)
	value		500026ca
ARR 500026ca (sz=88, trace=300000, nelems=44, elem type=char[])
ARR 500026cb (sz=202, trace=300000, nelems=101, elem type=char[])
OBJ 500026cc (sz=24, trace=300000, class=java.lang.String@5000016e)
	value		500026cf
OBJ 500026cd (sz=24, trace=300000, class=java.lang.String@5000016e)
	value		500026ce
ARR 500026ce (sz=88, trace=300000, nelems=44, elem type=char[])
ARR 500026cf (sz=70, trace=300000, nelems=35, elem type=char[])
OBJ 500026d0 (sz=24, trace=300000, class=java.lang.String@5000016e)
	value		500026d3
OBJ 500026d1 (sz=24, trace=300000, class=java.lang.String@5000016e)
	value		500026d2
ARR 500026d2 (sz=96, trace=300000, nelems=48, elem type=char[])
ARR 500026d3 (sz=66, trace=300000, nelems=33, elem type=char[])
OBJ 500026d4 (sz=24, trace=300000, class=java.lang.String@5000016e)
	value		500026d7
OBJ 500026d5 (sz=24, trace=300000, class=java.lang.String@5000016e)
	value		500026d6
ARR 500026d6 (sz=112, trace=300000, nelems=56, elem type=char[])
ARR 500026d7 (sz=126, trace=300000, nelems=63, elem type=char[])
OBJ 500026d8 (sz=24, trace=300000, class=java.lang.String@5000016e)
	value		500026d9
ARR 500026d9 (sz=78, trace=300000, nelems=39, elem type=char[])
OBJ 500026da (sz=24, trace=300000, class=java.lang.String@5000016e)
	value		500026dd
OBJ 500026db (sz=24, trace=300000, class=java.lang.String@5000016e)
	value		500026dc
ARR 500026dc (sz=90, trace=300000, nelems=45, elem type=char[])
ARR 500026dd (sz=90, trace=300000, nelems=45, elem type=char[])
OBJ 500026de (sz=24, trace=300000, class=java.lang.String@5000016e)
	value		500026e1
OBJ 500026df (sz=24, trace=300000, class=java.lang.String@5000016e)
	value		500026e0
ARR 500026e0 (sz=100, trace=300000, nelems=50, elem type=char[])
ARR 500026e1 (sz=208, trace=300000, nelems=104, elem type=char[])
OBJ 500026e2 (sz=24, trace=300000, class=java.lang.String@5000016e)
	value		500026e5
OBJ 500026e3 (sz=24, trace=300000, class=java.lang.String@5000016e)
	value		500026e4
ARR 500026e4 (sz=74, trace=300000, nelems=37, elem type=char[])
ARR 500026e5 (sz=108, trace=300000, nelems=54, elem type=char[])
OBJ 500026e6 (sz=24, trace=300000, class=java.lang.String@5000016e)
	value		500026e9
OBJ 500026e7 (sz=24, trace=300000, class=java.lang.String@5000016e)
	value		500026e8
ARR 500026e8 (sz=94, trace=300000, nelems=47, elem type=char[])
ARR 500026e9 (sz=140, trace=300000, nelems=70, elem type=char[])
OBJ 500026ea (sz=24, trace=300000, class=java.lang.String@5000016e)
	value		500026ed
OBJ 500026eb (sz=24, trace=300000, class=java.lang.String@5000016e)
	value		500026ec
ARR 500026ec (sz=70, trace=300000, nelems=35, elem type=char[])
ARR 500026ed (sz=68, trace=300000, nelems=34, elem type=char[])
OBJ 500026ee (sz=24, trace=300000, class=java.lang.String@5000016e)
	value		500026f1
OBJ 500026ef (sz=24, trace=300000, class=java.lang.String@5000016e)
	value		500026f0
ARR 500026f0 (sz=116, trace=300000, nelems=58, elem type=char[])
ARR 500026f1 (sz=132, trace=300000, nelems=66, elem type=char[])
OBJ 500026f2 (sz=24, trace=300000, class=java.lang.String@5000016e)
	value		500026f5
OBJ 500026f3 (sz=24, trace=300000, class=java.lang.String@5000016e)
	value		500026f4
ARR 500026f4 (sz=88, trace=300000, nelems=44, elem type=char[])
ARR 500026f5 (sz=58, trace=300000, nelems=29, elem type=char[])
OBJ 500026f6 (sz=24, trace=300000, class=java.lang.String@5000016e)
	value		500026f9
OBJ 500026f7 (sz=24, trace=300000, class=java.lang.String@5000016e)
	value		500026f8
ARR 500026f8 (sz=60, trace=300000, nelems=30, elem type=char[])
ARR 500026f9 (sz=40, trace=300000, nelems=20, elem type=char[])
OBJ 500026fa (sz=24, trace=300000, class=java.lang.String@5000016e)
	value		500026fd
OBJ 500026fb (sz=24, trace=300000, class=java.lang.String@5000016e)
	value		500026fc
ARR 500026fc (sz=90, trace=300000, nelems=45, elem type=char[])
ARR 500026fd (sz=44, trace=300000, nelems=22, elem type=char[])
OBJ 500026fe (sz=24, trace=300000, class=java.lang.String@5000016e)
	value		50002701
OBJ 500026ff (sz=24, trace=300000, class=java.lang.String@5000016e)
	value		50002700
ARR 50002700 (sz=72, trace=300000, nelems=36, elem type=char[])
ARR 50002701 (sz=40, trace=300000, nelems=20, elem type=char[])
OBJ 50002702 (sz=24, trace=300000, class=java.lang.String@5000016e)
	value		50002705
OBJ 50002703 (sz=24, trace=300000, class=java.lang.String@5000016e)
	value		50002704
ARR 50002704 (sz=102, trace=300000, nelems=51, elem type=char[])
ARR 50002705 (sz=80, trace=300000, nelems=40, elem type=char[])
OBJ 50002706 (sz=24, trace=300000, class=java.lang.String@5000016e)
	value		50002709
OBJ 50002707 (sz=24, trace=300000, class=java.lang.String@5000016e)
	value		50002708
ARR 50002708 (sz=88, trace=300000, nelems=44, elem type=char[])
ARR 50002709 (sz=228, trace=300000, nelems=114, elem type=char[])
OBJ 5000270a (sz=24, trace=300000, class=java.lang.String@5000016e)
	value		5000270d
OBJ 5000270b (sz=24, trace=300000, class=java.lang.String@5000016e)
	value		5000270c
ARR 5000270c (sz=80, trace=300000, nelems=40, elem type=char[])
ARR 5000270d (sz=54, trace=300000, nelems=27, elem type=char[])
OBJ 5000270e (sz=24, trace=300000, class=java.lang.String@5000016e)
	value		50002711
OBJ 5000270f (sz=24, trace=300000, class=java.lang.String@5000016e)
	value		50002710
ARR 50002710 (sz=80, trace=300000, nelems=40, elem type=char[])
ARR 50002711 (sz=170, trace=300000, nelems=85, elem type=char[])
OBJ 50002712 (sz=24, trace=300000, class=java.lang.String@5000016e)
	value		50002715
OBJ 50002713 (sz=24, trace=300000, class=java.lang.String@5000016e)
	value		50002714
ARR 50002714 (sz=66, trace=300000, nelems=33, elem type=char[])
ARR 50002715 (sz=48, trace=300000, nelems=24, elem type=char[])
OBJ 50002716 (sz=24, trace=300000, class=java.lang.String@5000016e)
	value		50002719
OBJ 50002717 (sz=24, trace=300000, class=java.lang.String@5000016e)
	value		50002718
ARR 50002718 (sz=72, trace=300000, nelems=36, elem type=char[])
ARR 50002719 (sz=218, trace=300000, nelems=109, elem type=char[])
OBJ 5000271a (sz=24, trace=300000, class=java.lang.String@5000016e)
	value		5000271d
OBJ 5000271b (sz=24, trace=300000, class=java.lang.String@5000016e)
	value		5000271c
ARR 5000271c (sz=84, trace=300000, nelems=42, elem type=char[])
ARR 5000271d (sz=76, trace=300000, nelems=38, elem type=char[])
OBJ 5000271e (sz=24, trace=300000, class=java.lang.String@5000016e)
	value		5000271f
ARR 5000271f (sz=54, trace=300000, nelems=27, elem type=char[])
OBJ 50002720 (sz=24, trace=300000, class=java.lang.String@5000016e)
	value		50002723
OBJ 50002721 (sz=24, trace=300000, class=java.lang.String@5000016e)
	value		50002722
ARR 50002722 (sz=76, trace=300000, nelems=38, elem type=char[])
ARR 50002723 (sz=92, trace=300000, nelems=46, elem type=char[])
OBJ 50002724 (sz=24, trace=300000, class=java.lang.String@5000016e)
	value		50002727
OBJ 50002725 (sz=24, trace=300000, class=java.lang.String@5000016e)
	value		50002726
ARR 50002726 (sz=72, trace=300000, nelems=36, elem type=char[])
ARR 50002727 (sz=184, trace=300000, nelems=92, elem type=char[])
OBJ 50002728 (sz=24, trace=300000, class=java.lang.String@5000016e)
	value		5000272b
OBJ 50002729 (sz=24, trace=300000, class=java.lang.String@5000016e)
	value		5000272a
ARR 5000272a (sz=66, trace=300000, nelems=33, elem type=char[])
ARR 5000272b (sz=84, trace=300000, nelems=42, elem type=char[])
OBJ 5000272c (sz=24, trace=300000, class=java.lang.String@5000016e)
	value		5000272f
OBJ 5000272d (sz=24, trace=300000, class=java.lang.String@5000016e)
	value		5000272e
ARR 5000272e (sz=54, trace=300000, nelems=27, elem type=char[])
ARR 5000272f (sz=46, trace=300000, nelems=23, elem type=char[])
OBJ 50002730 (sz=24, trace=300000, class=java.lang.String@5000016e)
	value		50002733
OBJ 50002731 (sz=24, trace=300000, class=java.lang.String@5000016e)
	value		50002732
ARR 50002732 (sz=54, trace=300000, nelems=27, elem type=char[])
ARR 50002733 (sz=42, trace=300000, nelems=21, elem type=char[])
OBJ 50002734 (sz=24, trace=300000, class=java.lang.String@5000016e)
	value		50002737
OBJ 50002735 (sz=24, trace=300000, class=java.lang.String@5000016e)
	value		50002736
ARR 50002736 (sz=96, trace=300000, nelems=48, elem type=char[])
ARR 50002737 (sz=162, trace=300000, nelems=81, elem type=char[])
OBJ 50002738 (sz=24, trace=300000, class=java.lang.String@5000016e)
	value		5000273b
OBJ 50002739 (sz=24, trace=300000, class=java.lang.String@5000016e)
	value		5000273a
ARR 5000273a (sz=54, trace=300000, nelems=27, elem type=char[])
ARR 5000273b (sz=36, trace=300000, nelems=18, elem type=char[])
OBJ 5000273c (sz=24, trace=300000, class=java.lang.String@5000016e)
	value		5000273f
OBJ 5000273d (sz=24, trace=300000, class=java.lang.String@5000016e)
	value		5000273e
ARR 5000273e (sz=66, trace=300000, nelems=33, elem type=char[])
ARR 5000273f (sz=70, trace=300000, nelems=35, elem type=char[])
OBJ 50002740 (sz=24, trace=300000, class=java.lang.String@5000016e)
	value		50002743
OBJ 50002741 (sz=24, trace=300000, class=java.lang.String@5000016e)
	value		50002742
ARR 50002742 (sz=84, trace=300000, nelems=42, elem type=char[])
ARR 50002743 (sz=90, trace=300000, nelems=45, elem type=char[])
OBJ 50002744 (sz=24, trace=300000, class=java.lang.String@5000016e)
	value		50002747
OBJ 50002745 (sz=24, trace=300000, class=java.lang.String@5000016e)
	value		50002746
ARR 50002746 (sz=62, trace=300000, nelems=31, elem type=char[])
ARR 50002747 (sz=16, trace=300000, nelems=8, elem type=char[])
OBJ 50002748 (sz=24, trace=300000, class=java.lang.String@5000016e)
	value		5000274b
OBJ 50002749 (sz=24, trace=300000, class=java.lang.String@5000016e)
	value		5000274a
ARR 5000274a (sz=62, trace=300000, nelems=31, elem type=char[])
ARR 5000274b (sz=256, trace=300000, nelems=128, elem type=char[])
OBJ 5000274c (sz=24, trace=300000, class=java.lang.String@5000016e)
	value		5000274f
OBJ 5000274d (sz=24, trace=300000, class=java.lang.String@5000016e)
	value		5000274e
ARR 5000274e (sz=44, trace=300000, nelems=22, elem type=char[])
ARR 5000274f (sz=14, trace=300000, nelems=7, elem type=char[])
OBJ 50002750 (sz=24, trace=300000, class=java.lang.String@5000016e)
	value		50002753
OBJ 50002751 (sz=24, trace=300000, class=java.lang.String@5000016e)
	value		50002752
ARR 50002752 (sz=68, trace=300000, nelems=34, elem type=char[])
ARR 50002753 (sz=88, trace=300000, nelems=44, elem type=char[])
OBJ 50002754 (sz=24, trace=300000, class=java.lang.String@5000016e)
	value		50002757
OBJ 50002755 (sz=24, trace=300000, class=java.lang.String@5000016e)
	value		50002756
ARR 50002756 (sz=60, trace=300000, nelems=30, elem type=char[])
ARR 50002757 (sz=104, trace=300000, nelems=52, elem type=char[])
OBJ 50002758 (sz=24, trace=300000, class=java.lang.String@5000016e)
	value		50002759
ARR 50002759 (sz=48, trace=300000, nelems=24, elem type=char[])
OBJ 5000275a (sz=24, trace=300000, class=java.lang.String@5000016e)
	value		5000275d
OBJ 5000275b (sz=24, trace=300000, class=java.lang.String@5000016e)
	value		5000275c
ARR 5000275c (sz=60, trace=300000, nelems=30, elem type=char[])
ARR 5000275d (sz=100, trace=300000, nelems=50, elem type=char[])
OBJ 5000275e (sz=24, trace=300000, class=java.lang.String@5000016e)
	value		50002761
OBJ 5000275f (sz=24, trace=300000, class=java.lang.String@5000016e)
	value		50002760
ARR 50002760 (sz=78, trace=300000, nelems=39, elem type=char[])
ARR 50002761 (sz=58, trace=300000, nelems=29, elem type=char[])
OBJ 50002762 (sz=24, trace=300000, class=java.lang.String@5000016e)
	value		50002765
OBJ 50002763 (sz=24, trace=300000, class=java.lang.String@5000016e)
	value		50002764
ARR 50002764 (sz=100, trace=300000, nelems=50, elem type=char[])
ARR 50002765 (sz=244, trace=300000, nelems=122, elem type=char[])
OBJ 50002766 (sz=24, trace=300000, class=java.lang.String@5000016e)
	value		50002769
OBJ 50002767 (sz=24, trace=300000, class=java.lang.String@5000016e)
	value		50002768
ARR 50002768 (sz=68, trace=300000, nelems=34, elem type=char[])
ARR 50002769 (sz=92, trace=300000, nelems=46, elem type=char[])
OBJ 5000276a (sz=24, trace=300000, class=java.lang.String@5000016e)
	value		5000276d
OBJ 5000276b (sz=24, trace=300000, class=java.lang.String@5000016e)
	value		5000276c
ARR 5000276c (sz=74, trace=300000, nelems=37, elem type=char[])
ARR 5000276d (sz=78, trace=300000, nelems=39, elem type=char[])
OBJ 5000276e (sz=24, trace=300000, class=java.lang.String@5000016e)
	value		50002771
OBJ 5000276f (sz=24, trace=300000, class=java.lang.String@5000016e)
	value		50002770
ARR 50002770 (sz=96, trace=300000, nelems=48, elem type=char[])
ARR 50002771 (sz=126, trace=300000, nelems=63, elem type=char[])
OBJ 50002772 (sz=24, trace=300000, class=java.lang.String@5000016e)
	value		50002775
OBJ 50002773 (sz=24, trace=300000, class=java.lang.String@5000016e)
	value		50002774
ARR 50002774 (sz=66, trace=300000, nelems=33, elem type=char[])
ARR 50002775 (sz=48, trace=300000, nelems=24, elem type=char[])
OBJ 50002776 (sz=24, trace=300000, class=java.lang.String@5000016e)
	value		50002779
OBJ 50002777 (sz=24, trace=300000, class=java.lang.String@5000016e)
	value		50002778
ARR 50002778 (sz=74, trace=300000, nelems=37, elem type=char[])
ARR 50002779 (sz=84, trace=300000, nelems=42, elem type=char[])
OBJ 5000277a (sz=24, trace=300000, class=java.lang.String@5000016e)
	value		5000277d
OBJ 5000277b (sz=24, trace=300000, class=java.lang.String@5000016e)
	value		5000277c
ARR 5000277c (sz=82, trace=300000, nelems=41, elem type=char[])
ARR 5000277d (sz=58, trace=300000, nelems=29, elem type=char[])
OBJ 5000277e (sz=24, trace=300000, class=java.lang.String@5000016e)
	value		50002781
OBJ 5000277f (sz=24, trace=300000, class=java.lang.String@5000016e)
	value		50002780
ARR 50002780 (sz=78, trace=300000, nelems=39, elem type=char[])
ARR 50002781 (sz=112, trace=300000, nelems=56, elem type=char[])
OBJ 50002782 (sz=24, trace=300000, class=java.lang.String@5000016e)
	value		50002785
OBJ 50002783 (sz=24, trace=300000, class=java.lang.String@5000016e)
	value		50002784
ARR 50002784 (sz=82, trace=300000, nelems=41, elem type=char[])
ARR 50002785 (sz=126, trace=300000, nelems=63, elem type=char[])
OBJ 50002786 (sz=24, trace=300000, class=java.lang.String@5000016e)
	value		50002789
OBJ 50002787 (sz=24, trace=300000, class=java.lang.String@5000016e)
	value		50002788
ARR 50002788 (sz=66, trace=300000, nelems=33, elem type=char[])
ARR 50002789 (sz=50, trace=300000, nelems=25, elem type=char[])
OBJ 5000278a (sz=24, trace=300000, class=java.lang.String@5000016e)
	value		5000278d
OBJ 5000278b (sz=24, trace=300000, class=java.lang.String@5000016e)
	value		5000278c
ARR 5000278c (sz=46, trace=300000, nelems=23, elem type=char[])
ARR 5000278d (sz=36, trace=300000, nelems=18, elem type=char[])
OBJ 5000278e (sz=24, trace=300000, class=java.lang.String@5000016e)
	value		50002791
OBJ 5000278f (sz=24, trace=300000, class=java.lang.String@5000016e)
	value		50002790
ARR 50002790 (sz=118, trace=300000, nelems=59, elem type=char[])
ARR 50002791 (sz=220, trace=300000, nelems=110, elem type=char[])
OBJ 50002792 (sz=24, trace=300000, class=java.lang.String@5000016e)
	value		50002795
OBJ 50002793 (sz=24, trace=300000, class=java.lang.String@5000016e)
	value		50002794
ARR 50002794 (sz=64, trace=300000, nelems=32, elem type=char[])
ARR 50002795 (sz=102, trace=300000, nelems=51, elem type=char[])
OBJ 50002796 (sz=24, trace=300000, class=java.lang.String@5000016e)
	value		50002799
OBJ 50002797 (sz=24, trace=300000, class=java.lang.String@5000016e)
	value		50002798
ARR 50002798 (sz=72, trace=300000, nelems=36, elem type=char[])
ARR 50002799 (sz=30, trace=300000, nelems=15, elem type=char[])
OBJ 5000279a (sz=24, trace=300000, class=java.lang.String@5000016e)
	value		5000279d
OBJ 5000279b (sz=24, trace=300000, class=java.lang.String@5000016e)
	value		5000279c
ARR 5000279c (sz=86, trace=300000, nelems=43, elem type=char[])
ARR 5000279d (sz=78, trace=300000, nelems=39, elem type=char[])
OBJ 5000279e (sz=24, trace=300000, class=java.lang.String@5000016e)
	value		500027a1
OBJ 5000279f (sz=24, trace=300000, class=java.lang.String@5000016e)
	value		500027a0
ARR 500027a0 (sz=124, trace=300000, nelems=62, elem type=char[])
ARR 500027a1 (sz=280, trace=300000, nelems=140, elem type=char[])
OBJ 500027a2 (sz=24, trace=300000, class=java.lang.String@5000016e)
	value		500027a5
OBJ 500027a3 (sz=24, trace=300000, class=java.lang.String@5000016e)
	value		500027a4
ARR 500027a4 (sz=92, trace=300000, nelems=46, elem type=char[])
ARR 500027a5 (sz=66, trace=300000, nelems=33, elem type=char[])
OBJ 500027a6 (sz=24, trace=300000, class=java.lang.String@5000016e)
	value		500027a9
OBJ 500027a7 (sz=24, trace=300000, class=java.lang.String@5000016e)
	value		500027a8
ARR 500027a8 (sz=94, trace=300000, nelems=47, elem type=char[])
ARR 500027a9 (sz=196, trace=300000, nelems=98, elem type=char[])
OBJ 500027aa (sz=24, trace=300000, class=java.lang.String@5000016e)
	value		500027ad
OBJ 500027ab (sz=24, trace=300000, class=java.lang.String@5000016e)
	value		500027ac
ARR 500027ac (sz=100, trace=300000, nelems=50, elem type=char[])
ARR 500027ad (sz=340, trace=300000, nelems=170, elem type=char[])
OBJ 500027ae (sz=24, trace=300000, class=java.lang.String@5000016e)
	value		500027b1
OBJ 500027af (sz=24, trace=300000, class=java.lang.String@5000016e)
	value		500027b0
ARR 500027b0 (sz=66, trace=300000, nelems=33, elem type=char[])
ARR 500027b1 (sz=98, trace=300000, nelems=49, elem type=char[])
OBJ 500027b2 (sz=24, trace=300000, class=java.lang.String@5000016e)
	value		500027b5
OBJ 500027b3 (sz=24, trace=300000, class=java.lang.String@5000016e)
	value		500027b4
ARR 500027b4 (sz=48, trace=300000, nelems=24, elem type=char[])
ARR 500027b5 (sz=22, trace=300000, nelems=11, elem type=char[])
OBJ 500027b6 (sz=24, trace=300000, class=java.lang.String@5000016e)
	value		500027b9
OBJ 500027b7 (sz=24, trace=300000, class=java.lang.String@5000016e)
	value		500027b8
ARR 500027b8 (sz=62, trace=300000, nelems=31, elem type=char[])
ARR 500027b9 (sz=126, trace=300000, nelems=63, elem type=char[])
OBJ 500027ba (sz=24, trace=300000, class=java.lang.String@5000016e)
	value		500027bd
OBJ 500027bb (sz=24, trace=300000, class=java.lang.String@5000016e)
	value		500027bc
ARR 500027bc (sz=58, trace=300000, nelems=29, elem type=char[])
ARR 500027bd (sz=148, trace=300000, nelems=74, elem type=char[])
OBJ 500027be (sz=24, trace=300000, class=java.lang.String@5000016e)
	value		500027c1
OBJ 500027bf (sz=24, trace=300000, class=java.lang.String@5000016e)
	value		500027c0
ARR 500027c0 (sz=48, trace=300000, nelems=24, elem type=char[])
ARR 500027c1 (sz=12, trace=300000, nelems=6, elem type=char[])
OBJ 500027c2 (sz=24, trace=300000, class=java.lang.String@5000016e)
	value		500027c5
OBJ 500027c3 (sz=24, trace=300000, class=java.lang.String@5000016e)
	value		500027c4
ARR 500027c4 (sz=60, trace=300000, nelems=30, elem type=char[])
ARR 500027c5 (sz=28, trace=300000, nelems=14, elem type=char[])
OBJ 500027c6 (sz=24, trace=300000, class=java.lang.String@5000016e)
	value		500027c9
OBJ 500027c7 (sz=24, trace=300000, class=java.lang.String@5000016e)
	value		500027c8
ARR 500027c8 (sz=40, trace=300000, nelems=20, elem type=char[])
ARR 500027c9 (sz=38, trace=300000, nelems=19, elem type=char[])
OBJ 500027ca (sz=24, trace=300000, class=java.lang.String@5000016e)
	value		500027cb
ARR 500027cb (sz=54, trace=300000, nelems=27, elem type=char[])
OBJ 500027cc (sz=24, trace=300000, class=java.lang.String@5000016e)
	value		500027cf
OBJ 500027cd (sz=24, trace=300000, class=java.lang.String@5000016e)
	value		500027ce
ARR 500027ce (sz=84, trace=300000, nelems=42, elem type=char[])
ARR 500027cf (sz=94, trace=300000, nelems=47, elem type=char[])
OBJ 500027d0 (sz=24, trace=300000, class=java.lang.String@5000016e)
	value		500027d3
OBJ 500027d1 (sz=24, trace=300000, class=java.lang.String@5000016e)
	value		500027d2
ARR 500027d2 (sz=68, trace=300000, nelems=34, elem type=char[])
ARR 500027d3 (sz=88, trace=300000, nelems=44, elem type=char[])
OBJ 500027d4 (sz=24, trace=300000, class=java.lang.String@5000016e)
	value		500027d7
OBJ 500027d5 (sz=24, trace=300000, class=java.lang.String@5000016e)
	value		500027d6
ARR 500027d6 (sz=92, trace=300000, nelems=46, elem type=char[])
ARR 500027d7 (sz=98, trace=300000, nelems=49, elem type=char[])
OBJ 500027d8 (sz=24, trace=300000, class=java.lang.String@5000016e)
	value		500027db
OBJ 500027d9 (sz=24, trace=300000, class=java.lang.String@5000016e)
	value		500027da
ARR 500027da (sz=78, trace=300000, nelems=39, elem type=char[])
ARR 500027db (sz=110, trace=300000, nelems=55, elem type=char[])
OBJ 500027dc (sz=24, trace=300000, class=java.lang.String@5000016e)
	value		500027df
OBJ 500027dd (sz=24, trace=300000, class=java.lang.String@5000016e)
	value		500027de
ARR 500027de (sz=100, trace=300000, nelems=50, elem type=char[])
ARR 500027df (sz=198, trace=300000, nelems=99, elem type=char[])
OBJ 500027e0 (sz=24, trace=300000, class=java.lang.String@5000016e)
	value		500027e3
OBJ 500027e1 (sz=24, trace=300000, class=java.lang.String@5000016e)
	value		500027e2
ARR 500027e2 (sz=56, trace=300000, nelems=28, elem type=char[])
ARR 500027e3 (sz=126, trace=300000, nelems=63, elem type=char[])
OBJ 500027e4 (sz=24, trace=300000, class=java.lang.String@5000016e)
	value		500027e7
OBJ 500027e5 (sz=24, trace=300000, class=java.lang.String@5000016e)
	value		500027e6
ARR 500027e6 (sz=74, trace=300000, nelems=37, elem type=char[])
ARR 500027e7 (sz=66, trace=300000, nelems=33, elem type=char[])
OBJ 500027e8 (sz=24, trace=300000, class=java.lang.String@5000016e)
	value		500027eb
OBJ 500027e9 (sz=24, trace=300000, class=java.lang.String@5000016e)
	value		500027ea
ARR 500027ea (sz=42, trace=300000, nelems=21, elem type=char[])
ARR 500027eb (sz=30, trace=300000, nelems=15, elem type=char[])
OBJ 500027ec (sz=24, trace=300000, class=java.lang.String@5000016e)
	value		500027ef
OBJ 500027ed (sz=24, trace=300000, class=java.lang.String@5000016e)
	value		500027ee
ARR 500027ee (sz=46, trace=300000, nelems=23, elem type=char[])
ARR 500027ef (sz=12, trace=300000, nelems=6, elem type=char[])
OBJ 500027f0 (sz=24, trace=300000, class=java.lang.String@5000016e)
	value		500027f3
OBJ 500027f1 (sz=24, trace=300000, class=java.lang.String@5000016e)
	value		500027f2
ARR 500027f2 (sz=132, trace=300000, nelems=66, elem type=char[])
ARR 500027f3 (sz=202, trace=300000, nelems=101, elem type=char[])
OBJ 500027f4 (sz=24, trace=300000, class=java.lang.String@5000016e)
	value		500027f7
OBJ 500027f5 (sz=24, trace=300000, class=java.lang.String@5000016e)
	value		500027f6
ARR 500027f6 (sz=100, trace=300000, nelems=50, elem type=char[])
ARR 500027f7 (sz=116, trace=300000, nelems=58, elem type=char[])
OBJ 500027f8 (sz=24, trace=300000, class=java.lang.String@5000016e)
	value		500027fb
OBJ 500027f9 (sz=24, trace=300000, class=java.lang.String@5000016e)
	value		500027fa
ARR 500027fa (sz=58, trace=300000, nelems=29, elem type=char[])
ARR 500027fb (sz=48, trace=300000, nelems=24, elem type=char[])
OBJ 500027fc (sz=24, trace=300000, class=java.lang.String@5000016e)
	value		500027ff
OBJ 500027fd (sz=24, trace=300000, class=java.lang.String@5000016e)
	value		500027fe
ARR 500027fe (sz=58, trace=300000, nelems=29, elem type=char[])
ARR 500027ff (sz=72, trace=300000, nelems=36, elem type=char[])
OBJ 50002800 (sz=24, trace=300000, class=java.lang.String@5000016e)
	value		50002803
OBJ 50002801 (sz=24, trace=300000, class=java.lang.String@5000016e)
	value		50002802
ARR 50002802 (sz=74, trace=300000, nelems=37, elem type=char[])
ARR 50002803 (sz=84, trace=300000, nelems=42, elem type=char[])
OBJ 50002804 (sz=24, trace=300000, class=java.lang.String@5000016e)
	value		50002807
OBJ 50002805 (sz=24, trace=300000, class=java.lang.String@5000016e)
	value		50002806
ARR 50002806 (sz=74, trace=300000, nelems=37, elem type=char[])
ARR 50002807 (sz=124, trace=300000, nelems=62, elem type=char[])
OBJ 50002808 (sz=24, trace=300000, class=java.lang.String@5000016e)
	value		5000280b
OBJ 50002809 (sz=24, trace=300000, class=java.lang.String@5000016e)
	value		5000280a
ARR 5000280a (sz=66, trace=300000, nelems=33, elem type=char[])
ARR 5000280b (sz=62, trace=300000, nelems=31, elem type=char[])
OBJ 5000280c (sz=24, trace=300000, class=java.lang.String@5000016e)
	value		5000280f
OBJ 5000280d (sz=24, trace=300000, class=java.lang.String@5000016e)
	value		5000280e
ARR 5000280e (sz=58, trace=300000, nelems=29, elem type=char[])
ARR 5000280f (sz=82, trace=300000, nelems=41, elem type=char[])
OBJ 50002810 (sz=24, trace=300000, class=java.lang.String@5000016e)
	value		50002813
OBJ 50002811 (sz=24, trace=300000, class=java.lang.String@5000016e)
	value		50002812
ARR 50002812 (sz=68, trace=300000, nelems=34, elem type=char[])
ARR 50002813 (sz=52, trace=300000, nelems=26, elem type=char[])
OBJ 50002814 (sz=24, trace=300000, class=java.lang.String@5000016e)
	value		50002817
OBJ 50002815 (sz=24, trace=300000, class=java.lang.String@5000016e)
	value		50002816
ARR 50002816 (sz=62, trace=300000, nelems=31, elem type=char[])
ARR 50002817 (sz=78, trace=300000, nelems=39, elem type=char[])
OBJ 50002818 (sz=24, trace=300000, class=java.lang.String@5000016e)
	value		50002819
ARR 50002819 (sz=72, trace=300000, nelems=36, elem type=char[])
OBJ 5000281a (sz=24, trace=300000, class=java.lang.String@5000016e)
	value		5000281d
OBJ 5000281b (sz=24, trace=300000, class=java.lang.String@5000016e)
	value		5000281c
ARR 5000281c (sz=76, trace=300000, nelems=38, elem type=char[])
ARR 5000281d (sz=68, trace=300000, nelems=34, elem type=char[])
OBJ 5000281e (sz=24, trace=300000, class=java.lang.String@5000016e)
	value		50002821
OBJ 5000281f (sz=24, trace=300000, class=java.lang.String@5000016e)
	value		50002820
ARR 50002820 (sz=104, trace=300000, nelems=52, elem type=char[])
ARR 50002821 (sz=222, trace=300000, nelems=111, elem type=char[])
OBJ 50002822 (sz=24, trace=300000, class=java.lang.String@5000016e)
	value		50002825
OBJ 50002823 (sz=24, trace=300000, class=java.lang.String@5000016e)
	value		50002824
ARR 50002824 (sz=58, trace=300000, nelems=29, elem type=char[])
ARR 50002825 (sz=68, trace=300000, nelems=34, elem type=char[])
OBJ 50002826 (sz=24, trace=300000, class=java.lang.String@5000016e)
	value		50002829
OBJ 50002827 (sz=24, trace=300000, class=java.lang.String@5000016e)
	value		50002828
ARR 50002828 (sz=64, trace=300000, nelems=32, elem type=char[])
ARR 50002829 (sz=90, trace=300000, nelems=45, elem type=char[])
OBJ 5000282a (sz=24, trace=300000, class=java.lang.String@5000016e)
	value		5000282d
OBJ 5000282b (sz=24, trace=300000, class=java.lang.String@5000016e)
	value		5000282c
ARR 5000282c (sz=42, trace=300000, nelems=21, elem type=char[])
ARR 5000282d (sz=10, trace=300000, nelems=5, elem type=char[])
OBJ 5000282e (sz=24, trace=300000, class=java.lang.String@5000016e)
	value		50002831
OBJ 5000282f (sz=24, trace=300000, class=java.lang.String@5000016e)
	value		50002830
ARR 50002830 (sz=102, trace=300000, nelems=51, elem type=char[])
ARR 50002831 (sz=128, trace=300000, nelems=64, elem type=char[])
OBJ 50002832 (sz=24, trace=300000, class=java.lang.String@5000016e)
	value		50002835
OBJ 50002833 (sz=24, trace=300000, class=java.lang.String@5000016e)
	value		50002834
ARR 50002834 (sz=90, trace=300000, nelems=45, elem type=char[])
ARR 50002835 (sz=114, trace=300000, nelems=57, elem type=char[])
OBJ 50002836 (sz=24, trace=300000, class=java.lang.String@5000016e)
	value		50002839
OBJ 50002837 (sz=24, trace=300000, class=java.lang.String@5000016e)
	value		50002838
ARR 50002838 (sz=54, trace=300000, nelems=27, elem type=char[])
ARR 50002839 (sz=46, trace=300000, nelems=23, elem type=char[])
OBJ 5000283a (sz=24, trace=300000, class=java.lang.String@5000016e)
	value		5000283d
OBJ 5000283b (sz=24, trace=300000, class=java.lang.String@5000016e)
	value		5000283c
ARR 5000283c (sz=52, trace=300000, nelems=26, elem type=char[])
ARR 5000283d (sz=70, trace=300000, nelems=35, elem type=char[])
OBJ 5000283e (sz=24, trace=300000, class=java.lang.String@5000016e)
	value		50002841
OBJ 5000283f (sz=24, trace=300000, class=java.lang.String@5000016e)
	value		50002840
ARR 50002840 (sz=90, trace=300000, nelems=45, elem type=char[])
ARR 50002841 (sz=94, trace=300000, nelems=47, elem type=char[])
OBJ 50002842 (sz=24, trace=300000, class=java.lang.String@5000016e)
	value		50002845
OBJ 50002843 (sz=24, trace=300000, class=java.lang.String@5000016e)
	value		50002844
ARR 50002844 (sz=72, trace=300000, nelems=36, elem type=char[])
ARR 50002845 (sz=46, trace=300000, nelems=23, elem type=char[])
OBJ 50002846 (sz=24, trace=300000, class=java.lang.String@5000016e)
	value		50002849
OBJ 50002847 (sz=24, trace=300000, class=java.lang.String@5000016e)
	value		50002848
ARR 50002848 (sz=92, trace=300000, nelems=46, elem type=char[])
ARR 50002849 (sz=90, trace=300000, nelems=45, elem type=char[])
OBJ 5000284a (sz=24, trace=300000, class=java.lang.String@5000016e)
	value		5000284b
ARR 5000284b (sz=52, trace=300000, nelems=26, elem type=char[])
OBJ 5000284c (sz=24, trace=300000, class=java.lang.String@5000016e)
	value		5000284f
OBJ 5000284d (sz=24, trace=300000, class=java.lang.String@5000016e)
	value		5000284e
ARR 5000284e (sz=84, trace=300000, nelems=42, elem type=char[])
ARR 5000284f (sz=168, trace=300000, nelems=84, elem type=char[])
OBJ 50002850 (sz=24, trace=300000, class=java.lang.String@5000016e)
	value		50002853
OBJ 50002851 (sz=24, trace=300000, class=java.lang.String@5000016e)
	value		50002852
ARR 50002852 (sz=68, trace=300000, nelems=34, elem type=char[])
ARR 50002853 (sz=28, trace=300000, nelems=14, elem type=char[])
OBJ 50002854 (sz=24, trace=300000, class=java.lang.String@5000016e)
	value		50002857
OBJ 50002855 (sz=24, trace=300000, class=java.lang.String@5000016e)
	value		50002856
ARR 50002856 (sz=92, trace=300000, nelems=46, elem type=char[])
ARR 50002857 (sz=104, trace=300000, nelems=52, elem type=char[])
OBJ 50002858 (sz=24, trace=300000, class=java.lang.String@5000016e)
	value		5000285b
OBJ 50002859 (sz=24, trace=300000, class=java.lang.String@5000016e)
	value		5000285a
ARR 5000285a (sz=48, trace=300000, nelems=24, elem type=char[])
ARR 5000285b (sz=48, trace=300000, nelems=24, elem type=char[])
OBJ 5000285c (sz=24, trace=300000, class=java.lang.String@5000016e)
	value		5000285f
OBJ 5000285d (sz=24, trace=300000, class=java.lang.String@5000016e)
	value		5000285e
ARR 5000285e (sz=78, trace=300000, nelems=39, elem type=char[])
ARR 5000285f (sz=170, trace=300000, nelems=85, elem type=char[])
OBJ 50002860 (sz=24, trace=300000, class=java.lang.String@5000016e)
	value		50002863
OBJ 50002861 (sz=24, trace=300000, class=java.lang.String@5000016e)
	value		50002862
ARR 50002862 (sz=126, trace=300000, nelems=63, elem type=char[])
ARR 50002863 (sz=222, trace=300000, nelems=111, elem type=char[])
OBJ 50002864 (sz=24, trace=300000, class=java.lang.String@5000016e)
	value		50002867
OBJ 50002865 (sz=24, trace=300000, class=java.lang.String@5000016e)
	value		50002866
ARR 50002866 (sz=62, trace=300000, nelems=31, elem type=char[])
ARR 50002867 (sz=64, trace=300000, nelems=32, elem type=char[])
OBJ 50002868 (sz=24, trace=300000, class=java.lang.String@5000016e)
	value		5000286b
OBJ 50002869 (sz=24, trace=300000, class=java.lang.String@5000016e)
	value		5000286a
ARR 5000286a (sz=70, trace=300000, nelems=35, elem type=char[])
ARR 5000286b (sz=220, trace=300000, nelems=110, elem type=char[])
OBJ 5000286c (sz=24, trace=300000, class=java.lang.String@5000016e)
	value		5000286f
OBJ 5000286d (sz=24, trace=300000, class=java.lang.String@5000016e)
	value		5000286e
ARR 5000286e (sz=50, trace=300000, nelems=25, elem type=char[])
ARR 5000286f (sz=48, trace=300000, nelems=24, elem type=char[])
OBJ 50002870 (sz=24, trace=300000, class=java.lang.String@5000016e)
	value		50002873
OBJ 50002871 (sz=24, trace=300000, class=java.lang.String@5000016e)
	value		50002872
ARR 50002872 (sz=82, trace=300000, nelems=41, elem type=char[])
ARR 50002873 (sz=86, trace=300000, nelems=43, elem type=char[])
OBJ 50002874 (sz=24, trace=300000, class=java.lang.String@5000016e)
	value		50002877
OBJ 50002875 (sz=24, trace=300000, class=java.lang.String@5000016e)
	value		50002876
ARR 50002876 (sz=78, trace=300000, nelems=39, elem type=char[])
ARR 50002877 (sz=124, trace=300000, nelems=62, elem type=char[])
OBJ 50002878 (sz=24, trace=300000, class=java.lang.String@5000016e)
	value		5000287b
OBJ 50002879 (sz=24, trace=300000, class=java.lang.String@5000016e)
	value		5000287a
ARR 5000287a (sz=106, trace=300000, nelems=53, elem type=char[])
ARR 5000287b (sz=164, trace=300000, nelems=82, elem type=char[])
OBJ 5000287c (sz=24, trace=300000, class=java.lang.String@5000016e)
	value		5000287f
OBJ 5000287d (sz=24, trace=300000, class=java.lang.String@5000016e)
	value		5000287e
ARR 5000287e (sz=70, trace=300000, nelems=35, elem type=char[])
ARR 5000287f (sz=76, trace=300000, nelems=38, elem type=char[])
OBJ 50002880 (sz=24, trace=300000, class=java.lang.String@5000016e)
	value		50002883
OBJ 50002881 (sz=24, trace=300000, class=java.lang.String@5000016e)
	value		50002882
ARR 50002882 (sz=82, trace=300000, nelems=41, elem type=char[])
ARR 50002883 (sz=74, trace=300000, nelems=37, elem type=char[])
OBJ 50002884 (sz=24, trace=300000, class=java.lang.String@5000016e)
	value		50002887
OBJ 50002885 (sz=24, trace=300000, class=java.lang.String@5000016e)
	value		50002886
ARR 50002886 (sz=58, trace=300000, nelems=29, elem type=char[])
ARR 50002887 (sz=38, trace=300000, nelems=19, elem type=char[])
OBJ 50002888 (sz=24, trace=300000, class=java.lang.String@5000016e)
	value		5000288b
OBJ 50002889 (sz=24, trace=300000, class=java.lang.String@5000016e)
	value		5000288a
ARR 5000288a (sz=86, trace=300000, nelems=43, elem type=char[])
ARR 5000288b (sz=64, trace=300000, nelems=32, elem type=char[])
OBJ 5000288c (sz=24, trace=300000, class=java.lang.String@5000016e)
	value		5000288f
OBJ 5000288d (sz=24, trace=300000, class=java.lang.String@5000016e)
	value		5000288e
ARR 5000288e (sz=66, trace=300000, nelems=33, elem type=char[])
ARR 5000288f (sz=102, trace=300000, nelems=51, elem type=char[])
OBJ 50002890 (sz=24, trace=300000, class=java.lang.String@5000016e)
	value		50002893
OBJ 50002891 (sz=24, trace=300000, class=java.lang.String@5000016e)
	value		50002892
ARR 50002892 (sz=54, trace=300000, nelems=27, elem type=char[])
ARR 50002893 (sz=172, trace=300000, nelems=86, elem type=char[])
OBJ 50002894 (sz=24, trace=300000, class=java.lang.String@5000016e)
	value		50002897
OBJ 50002895 (sz=24, trace=300000, class=java.lang.String@5000016e)
	value		50002896
ARR 50002896 (sz=96, trace=300000, nelems=48, elem type=char[])
ARR 50002897 (sz=282, trace=300000, nelems=141, elem type=char[])
OBJ 50002898 (sz=24, trace=300000, class=java.lang.String@5000016e)
	value		5000289b
OBJ 50002899 (sz=24, trace=300000, class=java.lang.String@5000016e)
	value		5000289a
ARR 5000289a (sz=82, trace=300000, nelems=41, elem type=char[])
ARR 5000289b (sz=52, trace=300000, nelems=26, elem type=char[])
OBJ 5000289c (sz=24, trace=300000, class=java.lang.String@5000016e)
	value		5000289f
OBJ 5000289d (sz=24, trace=300000, class=java.lang.String@5000016e)
	value		5000289e
ARR 5000289e (sz=104, trace=300000, nelems=52, elem type=char[])
ARR 5000289f (sz=200, trace=300000, nelems=100, elem type=char[])
OBJ 500028a0 (sz=24, trace=300000, class=java.lang.String@5000016e)
	value		500028a3
OBJ 500028a1 (sz=24, trace=300000, class=java.lang.String@5000016e)
	value		500028a2
ARR 500028a2 (sz=56, trace=300000, nelems=28, elem type=char[])
ARR 500028a3 (sz=146, trace=300000, nelems=73, elem type=char[])
OBJ 500028a4 (sz=24, trace=300000, class=java.lang.String@5000016e)
	value		500028a7
OBJ 500028a5 (sz=24, trace=300000, class=java.lang.String@5000016e)
	value		500028a6
ARR 500028a6 (sz=106, trace=300000, nelems=53, elem type=char[])
ARR 500028a7 (sz=94, trace=300000, nelems=47, elem type=char[])
OBJ 500028a8 (sz=24, trace=300000, class=java.lang.String@5000016e)
	value		500028a9
ARR 500028a9 (sz=60, trace=300000, nelems=30, elem type=char[])
OBJ 500028aa (sz=24, trace=300000, class=java.lang.String@5000016e)
	value		500028ad
OBJ 500028ab (sz=24, trace=300000, class=java.lang.String@5000016e)
	value		500028ac
ARR 500028ac (sz=52, trace=300000, nelems=26, elem type=char[])
ARR 500028ad (sz=30, trace=300000, nelems=15, elem type=char[])
OBJ 500028ae (sz=24, trace=300000, class=java.lang.String@5000016e)
	value		500028b1
OBJ 500028af (sz=24, trace=300000, class=java.lang.String@5000016e)
	value		500028b0
ARR 500028b0 (sz=50, trace=300000, nelems=25, elem type=char[])
ARR 500028b1 (sz=52, trace=300000, nelems=26, elem type=char[])
OBJ 500028b2 (sz=24, trace=300000, class=java.lang.String@5000016e)
	value		500028b5
OBJ 500028b3 (sz=24, trace=300000, class=java.lang.String@5000016e)
	value		500028b4
ARR 500028b4 (sz=70, trace=300000, nelems=35, elem type=char[])
ARR 500028b5 (sz=116, trace=300000, nelems=58, elem type=char[])
OBJ 500028b6 (sz=24, trace=300000, class=java.lang.String@5000016e)
	value		500028b9
OBJ 500028b7 (sz=24, trace=300000, class=java.lang.String@5000016e)
	value		500028b8
ARR 500028b8 (sz=88, trace=300000, nelems=44, elem type=char[])
ARR 500028b9 (sz=164, trace=300000, nelems=82, elem type=char[])
OBJ 500028ba (sz=24, trace=300000, class=java.lang.String@5000016e)
	value		500028bd
OBJ 500028bb (sz=24, trace=300000, class=java.lang.String@5000016e)
	value		500028bc
ARR 500028bc (sz=92, trace=300000, nelems=46, elem type=char[])
ARR 500028bd (sz=120, trace=300000, nelems=60, elem type=char[])
OBJ 500028be (sz=24, trace=300000, class=java.lang.String@5000016e)
	value		500028c1
OBJ 500028bf (sz=24, trace=300000, class=java.lang.String@5000016e)
	value		500028c0
ARR 500028c0 (sz=66, trace=300000, nelems=33, elem type=char[])
ARR 500028c1 (sz=98, trace=300000, nelems=49, elem type=char[])
OBJ 500028c2 (sz=24, trace=300000, class=java.lang.String@5000016e)
	value		500028c3
ARR 500028c3 (sz=50, trace=300000, nelems=25, elem type=char[])
OBJ 500028c4 (sz=24, trace=300000, class=java.lang.String@5000016e)
	value		500028c7
OBJ 500028c5 (sz=24, trace=300000, class=java.lang.String@5000016e)
	value		500028c6
ARR 500028c6 (sz=54, trace=300000, nelems=27, elem type=char[])
ARR 500028c7 (sz=78, trace=300000, nelems=39, elem type=char[])
OBJ 500028c8 (sz=24, trace=300000, class=java.lang.String@5000016e)
	value		500028cb
OBJ 500028c9 (sz=24, trace=300000, class=java.lang.String@5000016e)
	value		500028ca
ARR 500028ca (sz=78, trace=300000, nelems=39, elem type=char[])
ARR 500028cb (sz=62, trace=300000, nelems=31, elem type=char[])
OBJ 500028cc (sz=24, trace=300000, class=java.lang.String@5000016e)
	value		500028cf
OBJ 500028cd (sz=24, trace=300000, class=java.lang.String@5000016e)
	value		500028ce
ARR 500028ce (sz=66, trace=300000, nelems=33, elem type=char[])
ARR 500028cf (sz=132, trace=300000, nelems=66, elem type=char[])
OBJ 500028d0 (sz=24, trace=300000, class=java.lang.String@5000016e)
	value		500028d3
OBJ 500028d1 (sz=24, trace=300000, class=java.lang.String@5000016e)
	value		500028d2
ARR 500028d2 (sz=66, trace=300000, nelems=33, elem type=char[])
ARR 500028d3 (sz=40, trace=300000, nelems=20, elem type=char[])
OBJ 500028d4 (sz=24, trace=300000, class=java.lang.String@5000016e)
	value		500028d7
OBJ 500028d5 (sz=24, trace=300000, class=java.lang.String@5000016e)
	value		500028d6
ARR 500028d6 (sz=52, trace=300000, nelems=26, elem type=char[])
ARR 500028d7 (sz=56, trace=300000, nelems=28, elem type=char[])
OBJ 500028d8 (sz=24, trace=300000, class=java.lang.String@5000016e)
	value		500028db
OBJ 500028d9 (sz=24, trace=300000, class=java.lang.String@5000016e)
	value		500028da
ARR 500028da (sz=58, trace=300000, nelems=29, elem type=char[])
ARR 500028db (sz=42, trace=300000, nelems=21, elem type=char[])
OBJ 500028dc (sz=24, trace=300000, class=java.lang.String@5000016e)
	value		500028dd
ARR 500028dd (sz=66, trace=300000, nelems=33, elem type=char[])
OBJ 500028de (sz=24, trace=300000, class=java.lang.String@5000016e)
	value		500028e1
OBJ 500028df (sz=24, trace=300000, class=java.lang.String@5000016e)
	value		500028e0
ARR 500028e0 (sz=56, trace=300000, nelems=28, elem type=char[])
ARR 500028e1 (sz=92, trace=300000, nelems=46, elem type=char[])
OBJ 500028e2 (sz=24, trace=300000, class=java.lang.String@5000016e)
	value		500028e5
OBJ 500028e3 (sz=24, trace=300000, class=java.lang.String@5000016e)
	value		500028e4
ARR 500028e4 (sz=78, trace=300000, nelems=39, elem type=char[])
ARR 500028e5 (sz=232, trace=300000, nelems=116, elem type=char[])
OBJ 500028e6 (sz=24, trace=300000, class=java.lang.String@5000016e)
	value		500028e9
OBJ 500028e7 (sz=24, trace=300000, class=java.lang.String@5000016e)
	value		500028e8
ARR 500028e8 (sz=80, trace=300000, nelems=40, elem type=char[])
ARR 500028e9 (sz=82, trace=300000, nelems=41, elem type=char[])
OBJ 500028ea (sz=24, trace=300000, class=java.lang.String@5000016e)
	value		500028eb
ARR 500028eb (sz=94, trace=300000, nelems=47, elem type=char[])
OBJ 500028ec (sz=24, trace=300000, class=java.lang.String@5000016e)
	value		500028ef
OBJ 500028ed (sz=24, trace=300000, class=java.lang.String@5000016e)
	value		500028ee
ARR 500028ee (sz=66, trace=300000, nelems=33, elem type=char[])
ARR 500028ef (sz=58, trace=300000, nelems=29, elem type=char[])
OBJ 500028f0 (sz=24, trace=300000, class=java.lang.String@5000016e)
	value		500028f3
OBJ 500028f1 (sz=24, trace=300000, class=java.lang.String@5000016e)
	value		500028f2
ARR 500028f2 (sz=44, trace=300000, nelems=22, elem type=char[])
ARR 500028f3 (sz=48, trace=300000, nelems=24, elem type=char[])
OBJ 500028f4 (sz=24, trace=300000, class=java.lang.String@5000016e)
	value		500028f7
OBJ 500028f5 (sz=24, trace=300000, class=java.lang.String@5000016e)
	value		500028f6
ARR 500028f6 (sz=68, trace=300000, nelems=34, elem type=char[])
ARR 500028f7 (sz=56, trace=300000, nelems=28, elem type=char[])
OBJ 500028f8 (sz=24, trace=300000, class=java.lang.String@5000016e)
	value		500028f9
ARR 500028f9 (sz=66, trace=300000, nelems=33, elem type=char[])
OBJ 500028fa (sz=24, trace=300000, class=java.lang.String@5000016e)
	value		500028fd
OBJ 500028fb (sz=24, trace=300000, class=java.lang.String@5000016e)
	value		500028fc
ARR 500028fc (sz=100, trace=300000, nelems=50, elem type=char[])
ARR 500028fd (sz=142, trace=300000, nelems=71, elem type=char[])
OBJ 500028fe (sz=24, trace=300000, class=java.lang.String@5000016e)
	value		50002901
OBJ 500028ff (sz=24, trace=300000, class=java.lang.String@5000016e)
	value		50002900
ARR 50002900 (sz=146, trace=300000, nelems=73, elem type=char[])
ARR 50002901 (sz=154, trace=300000, nelems=77, elem type=char[])
OBJ 50002902 (sz=24, trace=300000, class=java.lang.String@5000016e)
	value		50002903
ARR 50002903 (sz=80, trace=300000, nelems=40, elem type=char[])
OBJ 50002904 (sz=24, trace=300000, class=java.lang.String@5000016e)
	value		50002907
OBJ 50002905 (sz=24, trace=300000, class=java.lang.String@5000016e)
	value		50002906
ARR 50002906 (sz=72, trace=300000, nelems=36, elem type=char[])
ARR 50002907 (sz=114, trace=300000, nelems=57, elem type=char[])
OBJ 50002908 (sz=24, trace=300000, class=java.lang.String@5000016e)
	value		5000290b
OBJ 50002909 (sz=24, trace=300000, class=java.lang.String@5000016e)
	value		5000290a
ARR 5000290a (sz=110, trace=300000, nelems=55, elem type=char[])
ARR 5000290b (sz=210, trace=300000, nelems=105, elem type=char[])
OBJ 5000290c (sz=24, trace=300000, class=java.lang.String@5000016e)
	value		5000290f
OBJ 5000290d (sz=24, trace=300000, class=java.lang.String@5000016e)
	value		5000290e
ARR 5000290e (sz=56, trace=300000, nelems=28, elem type=char[])
ARR 5000290f (sz=66, trace=300000, nelems=33, elem type=char[])
OBJ 50002910 (sz=24, trace=300000, class=java.lang.String@5000016e)
	value		50002913
OBJ 50002911 (sz=24, trace=300000, class=java.lang.String@5000016e)
	value		50002912
ARR 50002912 (sz=98, trace=300000, nelems=49, elem type=char[])
ARR 50002913 (sz=182, trace=300000, nelems=91, elem type=char[])
OBJ 50002914 (sz=24, trace=300000, class=java.lang.String@5000016e)
	value		50002917
OBJ 50002915 (sz=24, trace=300000, class=java.lang.String@5000016e)
	value		50002916
ARR 50002916 (sz=76, trace=300000, nelems=38, elem type=char[])
ARR 50002917 (sz=94, trace=300000, nelems=47, elem type=char[])
OBJ 50002918 (sz=24, trace=300000, class=java.lang.String@5000016e)
	value		5000291b
OBJ 50002919 (sz=24, trace=300000, class=java.lang.String@5000016e)
	value		5000291a
ARR 5000291a (sz=106, trace=300000, nelems=53, elem type=char[])
ARR 5000291b (sz=164, trace=300000, nelems=82, elem type=char[])
OBJ 5000291c (sz=24, trace=300000, class=java.lang.String@5000016e)
	value		5000291f
OBJ 5000291d (sz=24, trace=300000, class=java.lang.String@5000016e)
	value		5000291e
ARR 5000291e (sz=82, trace=300000, nelems=41, elem type=char[])
ARR 5000291f (sz=144, trace=300000, nelems=72, elem type=char[])
OBJ 50002920 (sz=24, trace=300000, class=java.lang.String@5000016e)
	value		50002923
OBJ 50002921 (sz=24, trace=300000, class=java.lang.String@5000016e)
	value		50002922
ARR 50002922 (sz=78, trace=300000, nelems=39, elem type=char[])
ARR 50002923 (sz=66, trace=300000, nelems=33, elem type=char[])
OBJ 50002924 (sz=24, trace=300000, class=java.lang.String@5000016e)
	value		50002927
OBJ 50002925 (sz=24, trace=300000, class=java.lang.String@5000016e)
	value		50002926
ARR 50002926 (sz=58, trace=300000, nelems=29, elem type=char[])
ARR 50002927 (sz=48, trace=300000, nelems=24, elem type=char[])
OBJ 50002928 (sz=24, trace=300000, class=java.lang.String@5000016e)
	value		5000292b
OBJ 50002929 (sz=24, trace=300000, class=java.lang.String@5000016e)
	value		5000292a
ARR 5000292a (sz=84, trace=300000, nelems=42, elem type=char[])
ARR 5000292b (sz=160, trace=300000, nelems=80, elem type=char[])
OBJ 5000292c (sz=24, trace=300000, class=java.lang.String@5000016e)
	value		5000292f
OBJ 5000292d (sz=24, trace=300000, class=java.lang.String@5000016e)
	value		5000292e
ARR 5000292e (sz=64, trace=300000, nelems=32, elem type=char[])
ARR 5000292f (sz=28, trace=300000, nelems=14, elem type=char[])
OBJ 50002930 (sz=24, trace=300000, class=java.lang.String@5000016e)
	value		50002933
OBJ 50002931 (sz=24, trace=300000, class=java.lang.String@5000016e)
	value		50002932
ARR 50002932 (sz=62, trace=300000, nelems=31, elem type=char[])
ARR 50002933 (sz=14, trace=300000, nelems=7, elem type=char[])
OBJ 50002934 (sz=24, trace=300000, class=java.lang.String@5000016e)
	value		50002937
OBJ 50002935 (sz=24, trace=300000, class=java.lang.String@5000016e)
	value		50002936
ARR 50002936 (sz=70, trace=300000, nelems=35, elem type=char[])
ARR 50002937 (sz=214, trace=300000, nelems=107, elem type=char[])
OBJ 50002938 (sz=24, trace=300000, class=java.lang.String@5000016e)
	value		50002939
ARR 50002939 (sz=56, trace=300000, nelems=28, elem type=char[])
OBJ 5000293a (sz=24, trace=300000, class=java.lang.String@5000016e)
	value		5000293d
OBJ 5000293b (sz=24, trace=300000, class=java.lang.String@5000016e)
	value		5000293c
ARR 5000293c (sz=62, trace=300000, nelems=31, elem type=char[])
ARR 5000293d (sz=272, trace=300000, nelems=136, elem type=char[])
OBJ 5000293e (sz=24, trace=300000, class=java.lang.String@5000016e)
	value		50002941
OBJ 5000293f (sz=24, trace=300000, class=java.lang.String@5000016e)
	value		50002940
ARR 50002940 (sz=78, trace=300000, nelems=39, elem type=char[])
ARR 50002941 (sz=42, trace=300000, nelems=21, elem type=char[])
OBJ 50002942 (sz=56, trace=300000, class=java.util.ResourceBundle$CacheKey@5000226f)
	name		50000d0b
	locale		500005a2
	loaderRef	50001f0d
	format		500019fc
OBJ 50002943 (sz=56, trace=300000, class=java.util.ResourceBundle$CacheKey@5000226f)
	name		50000c3f
	locale		5000082f
	loaderRef	500002af
	format		500019fc
OBJ 50002944 (sz=56, trace=300000, class=java.util.ResourceBundle$CacheKey@5000226f)
	name		50000d0b
	locale		50000830
	loaderRef	50001ebb
	format		500019fc
OBJ 50002945 (sz=24, trace=300000, class=java.lang.String@5000016e)
	value		50002948
OBJ 50002946 (sz=24, trace=300000, class=java.lang.String@5000016e)
	value		50002947
ARR 50002947 (sz=8, trace=300000, nelems=4, elem type=char[])
ARR 50002948 (sz=26, trace=300000, nelems=13, elem type=char[])
OBJ 50002949 (sz=24, trace=300000, class=java.lang.String@5000016e)
	value		5000294a
ARR 5000294a (sz=14, trace=300000, nelems=7, elem type=char[])
OBJ 5000294b (sz=24, trace=300000, class=java.lang.String@5000016e)
	value		5000294c
ARR 5000294c (sz=6, trace=300000, nelems=3, elem type=char[])
OBJ 5000294d (sz=56, trace=300000, class=java.util.ResourceBundle$CacheKey@5000226f)
	name		50000cc1
	locale		50000830
	loaderRef	50002053
	format		500019fc
ARR 5000294e (sz=46, trace=300000, nelems=23, elem type=char[])
ARR 5000294f (sz=48, trace=300000, nelems=24, elem type=char[])
ARR 50002950 (sz=34, trace=300000, nelems=17, elem type=char[])
ARR 50002951 (sz=48, trace=300000, nelems=24, elem type=char[])
ARR 50002952 (sz=32, trace=300000, nelems=16, elem type=char[])
ARR 50002953 (sz=102, trace=300000, nelems=51, elem type=char[])
ARR 50002954 (sz=56, trace=300000, nelems=28, elem type=char[])
ARR 50002955 (sz=146, trace=300000, nelems=73, elem type=char[])
ARR 50002956 (sz=52, trace=300000, nelems=26, elem type=char[])
ARR 50002957 (sz=44, trace=300000, nelems=22, elem type=char[])
ARR 50002958 (sz=50, trace=300000, nelems=25, elem type=char[])
ARR 50002959 (sz=30, trace=300000, nelems=15, elem type=char[])
ARR 5000295a (sz=42, trace=300000, nelems=21, elem type=char[])
ARR 5000295b (sz=108, trace=300000, nelems=54, elem type=char[])
ARR 5000295c (sz=42, trace=300000, nelems=21, elem type=char[])
ARR 5000295d (sz=94, trace=300000, nelems=47, elem type=char[])
ARR 5000295e (sz=26, trace=300000, nelems=13, elem type=char[])
ARR 5000295f (sz=26, trace=300000, nelems=13, elem type=char[])
ARR 50002960 (sz=600, trace=300000, nelems=300, elem type=char[])
ARR 50002961 (sz=46, trace=300000, nelems=23, elem type=char[])
ARR 50002962 (sz=86, trace=300000, nelems=43, elem type=char[])
ARR 50002963 (sz=38, trace=300000, nelems=19, elem type=char[])
ARR 50002964 (sz=14, trace=300000, nelems=7, elem type=char[])
ARR 50002965 (sz=28, trace=300000, nelems=14, elem type=char[])
ARR 50002966 (sz=72, trace=300000, nelems=36, elem type=char[])
ARR 50002967 (sz=46, trace=300000, nelems=23, elem type=char[])
ARR 50002968 (sz=22, trace=300000, nelems=11, elem type=char[])
ARR 50002969 (sz=36, trace=300000, nelems=18, elem type=char[])
ARR 5000296a (sz=156, trace=300000, nelems=78, elem type=char[])
ARR 5000296b (sz=52, trace=300000, nelems=26, elem type=char[])
ARR 5000296c (sz=70, trace=300000, nelems=35, elem type=char[])
ARR 5000296d (sz=46, trace=300000, nelems=23, elem type=char[])
ARR 5000296e (sz=178, trace=300000, nelems=89, elem type=char[])
ARR 5000296f (sz=66, trace=300000, nelems=33, elem type=char[])
ARR 50002970 (sz=60, trace=300000, nelems=30, elem type=char[])
ARR 50002971 (sz=32, trace=300000, nelems=16, elem type=char[])
ARR 50002972 (sz=216, trace=300000, nelems=108, elem type=char[])
ARR 50002973 (sz=40, trace=300000, nelems=20, elem type=char[])
ARR 50002974 (sz=16, trace=300000, nelems=8, elem type=char[])
ARR 50002975 (sz=48, trace=300000, nelems=24, elem type=char[])
ARR 50002976 (sz=54, trace=300000, nelems=27, elem type=char[])
ARR 50002977 (sz=88, trace=300000, nelems=44, elem type=char[])
ARR 50002978 (sz=204, trace=300000, nelems=102, elem type=char[])
ARR 50002979 (sz=32, trace=300000, nelems=16, elem type=char[])
ARR 5000297a (sz=102, trace=300000, nelems=51, elem type=char[])
ARR 5000297b (sz=36, trace=300000, nelems=18, elem type=char[])
ARR 5000297c (sz=90, trace=300000, nelems=45, elem type=char[])
ARR 5000297d (sz=34, trace=300000, nelems=17, elem type=char[])
ARR 5000297e (sz=82, trace=300000, nelems=41, elem type=char[])
ARR 5000297f (sz=30, trace=300000, nelems=15, elem type=char[])
ARR 50002980 (sz=48, trace=300000, nelems=24, elem type=char[])
ARR 50002981 (sz=36, trace=300000, nelems=18, elem type=char[])
ARR 50002982 (sz=80, trace=300000, nelems=40, elem type=char[])
ARR 50002983 (sz=42, trace=300000, nelems=21, elem type=char[])
ARR 50002984 (sz=96, trace=300000, nelems=48, elem type=char[])
ARR 50002985 (sz=32, trace=300000, nelems=16, elem type=char[])
ARR 50002986 (sz=78, trace=300000, nelems=39, elem type=char[])
ARR 50002987 (sz=34, trace=300000, nelems=17, elem type=char[])
ARR 50002988 (sz=38, trace=300000, nelems=19, elem type=char[])
ARR 50002989 (sz=82, trace=300000, nelems=41, elem type=char[])
ARR 5000298a (sz=120, trace=300000, nelems=60, elem type=char[])
ARR 5000298b (sz=44, trace=300000, nelems=22, elem type=char[])
ARR 5000298c (sz=20, trace=300000, nelems=10, elem type=char[])
ARR 5000298d (sz=44, trace=300000, nelems=22, elem type=char[])
ARR 5000298e (sz=20, trace=300000, nelems=10, elem type=char[])
ARR 5000298f (sz=38, trace=300000, nelems=19, elem type=char[])
ARR 50002990 (sz=128, trace=300000, nelems=64, elem type=char[])
ARR 50002991 (sz=34, trace=300000, nelems=17, elem type=char[])
ARR 50002992 (sz=82, trace=300000, nelems=41, elem type=char[])
ARR 50002993 (sz=36, trace=300000, nelems=18, elem type=char[])
ARR 50002994 (sz=12, trace=300000, nelems=6, elem type=char[])
ARR 50002995 (sz=30, trace=300000, nelems=15, elem type=char[])
ARR 50002996 (sz=152, trace=300000, nelems=76, elem type=char[])
ARR 50002997 (sz=36, trace=300000, nelems=18, elem type=char[])
ARR 50002998 (sz=116, trace=300000, nelems=58, elem type=char[])
ARR 50002999 (sz=80, trace=300000, nelems=40, elem type=char[])
ARR 5000299a (sz=114, trace=300000, nelems=57, elem type=char[])
ARR 5000299b (sz=50, trace=300000, nelems=25, elem type=char[])
ARR 5000299c (sz=40, trace=300000, nelems=20, elem type=char[])
ARR 5000299d (sz=32, trace=300000, nelems=16, elem type=char[])
ARR 5000299e (sz=40, trace=300000, nelems=20, elem type=char[])
ARR 5000299f (sz=42, trace=300000, nelems=21, elem type=char[])
ARR 500029a0 (sz=42, trace=300000, nelems=21, elem type=char[])
ARR 500029a1 (sz=36, trace=300000, nelems=18, elem type=char[])
ARR 500029a2 (sz=94, trace=300000, nelems=47, elem type=char[])
ARR 500029a3 (sz=40, trace=300000, nelems=20, elem type=char[])
ARR 500029a4 (sz=106, trace=300000, nelems=53, elem type=char[])
ARR 500029a5 (sz=66, trace=300000, nelems=33, elem type=char[])
ARR 500029a6 (sz=92, trace=300000, nelems=46, elem type=char[])
ARR 500029a7 (sz=50, trace=300000, nelems=25, elem type=char[])
ARR 500029a8 (sz=462, trace=300000, nelems=231, elem type=char[])
ARR 500029a9 (sz=42, trace=300000, nelems=21, elem type=char[])
ARR 500029aa (sz=18, trace=300000, nelems=9, elem type=char[])
ARR 500029ab (sz=42, trace=300000, nelems=21, elem type=char[])
ARR 500029ac (sz=110, trace=300000, nelems=55, elem type=char[])
ARR 500029ad (sz=30, trace=300000, nelems=15, elem type=char[])
ARR 500029ae (sz=54, trace=300000, nelems=27, elem type=char[])
ARR 500029af (sz=32, trace=300000, nelems=16, elem type=char[])
ARR 500029b0 (sz=42, trace=300000, nelems=21, elem type=char[])
ARR 500029b1 (sz=36, trace=300000, nelems=18, elem type=char[])
ARR 500029b2 (sz=162, trace=300000, nelems=81, elem type=char[])
ARR 500029b3 (sz=52, trace=300000, nelems=26, elem type=char[])
ARR 500029b4 (sz=70, trace=300000, nelems=35, elem type=char[])
ARR 500029b5 (sz=22, trace=300000, nelems=11, elem type=char[])
ARR 500029b6 (sz=78, trace=300000, nelems=39, elem type=char[])
ARR 500029b7 (sz=34, trace=300000, nelems=17, elem type=char[])
ARR 500029b8 (sz=48, trace=300000, nelems=24, elem type=char[])
ARR 500029b9 (sz=44, trace=300000, nelems=22, elem type=char[])
ARR 500029ba (sz=88, trace=300000, nelems=44, elem type=char[])
ARR 500029bb (sz=32, trace=300000, nelems=16, elem type=char[])
ARR 500029bc (sz=52, trace=300000, nelems=26, elem type=char[])
ARR 500029bd (sz=52, trace=300000, nelems=26, elem type=char[])
ARR 500029be (sz=68, trace=300000, nelems=34, elem type=char[])
ARR 500029bf (sz=24, trace=300000, nelems=12, elem type=char[])
ARR 500029c0 (sz=72, trace=300000, nelems=36, elem type=char[])
ARR 500029c1 (sz=36, trace=300000, nelems=18, elem type=char[])
ARR 500029c2 (sz=94, trace=300000, nelems=47, elem type=char[])
ARR 500029c3 (sz=48, trace=300000, nelems=24, elem type=char[])
ARR 500029c4 (sz=130, trace=300000, nelems=65, elem type=char[])
ARR 500029c5 (sz=36, trace=300000, nelems=18, elem type=char[])
ARR 500029c6 (sz=12, trace=300000, nelems=6, elem type=char[])
ARR 500029c7 (sz=32, trace=300000, nelems=16, elem type=char[])
ARR 500029c8 (sz=88, trace=300000, nelems=44, elem type=char[])
ARR 500029c9 (sz=38, trace=300000, nelems=19, elem type=char[])
ARR 500029ca (sz=154, trace=300000, nelems=77, elem type=char[])
ARR 500029cb (sz=40, trace=300000, nelems=20, elem type=char[])
ARR 500029cc (sz=90, trace=300000, nelems=45, elem type=char[])
ARR 500029cd (sz=34, trace=300000, nelems=17, elem type=char[])
ARR 500029ce (sz=96, trace=300000, nelems=48, elem type=char[])
ARR 500029cf (sz=70, trace=300000, nelems=35, elem type=char[])
ARR 500029d0 (sz=174, trace=300000, nelems=87, elem type=char[])
ARR 500029d1 (sz=42, trace=300000, nelems=21, elem type=char[])
ARR 500029d2 (sz=18, trace=300000, nelems=9, elem type=char[])
ARR 500029d3 (sz=48, trace=300000, nelems=24, elem type=char[])
ARR 500029d4 (sz=62, trace=300000, nelems=31, elem type=char[])
ARR 500029d5 (sz=40, trace=300000, nelems=20, elem type=char[])
ARR 500029d6 (sz=22, trace=300000, nelems=11, elem type=char[])
ARR 500029d7 (sz=46, trace=300000, nelems=23, elem type=char[])
ARR 500029d8 (sz=30, trace=300000, nelems=15, elem type=char[])
ARR 500029d9 (sz=28, trace=300000, nelems=14, elem type=char[])
ARR 500029da (sz=74, trace=300000, nelems=37, elem type=char[])
ARR 500029db (sz=68, trace=300000, nelems=34, elem type=char[])
ARR 500029dc (sz=94, trace=300000, nelems=47, elem type=char[])
ARR 500029dd (sz=36, trace=300000, nelems=18, elem type=char[])
ARR 500029de (sz=20, trace=300000, nelems=10, elem type=char[])
ARR 500029df (sz=36, trace=300000, nelems=18, elem type=char[])
ARR 500029e0 (sz=86, trace=300000, nelems=43, elem type=char[])
ARR 500029e1 (sz=34, trace=300000, nelems=17, elem type=char[])
ARR 500029e2 (sz=44, trace=300000, nelems=22, elem type=char[])
ARR 500029e3 (sz=58, trace=300000, nelems=29, elem type=char[])
ARR 500029e4 (sz=66, trace=300000, nelems=33, elem type=char[])
ARR 500029e5 (sz=46, trace=300000, nelems=23, elem type=char[])
ARR 500029e6 (sz=84, trace=300000, nelems=42, elem type=char[])
ARR 500029e7 (sz=24, trace=300000, nelems=12, elem type=char[])
ARR 500029e8 (sz=162, trace=300000, nelems=81, elem type=char[])
ARR 500029e9 (sz=34, trace=300000, nelems=17, elem type=char[])
ARR 500029ea (sz=114, trace=300000, nelems=57, elem type=char[])
ARR 500029eb (sz=36, trace=300000, nelems=18, elem type=char[])
ARR 500029ec (sz=12, trace=300000, nelems=6, elem type=char[])
ARR 500029ed (sz=22, trace=300000, nelems=11, elem type=char[])
ARR 500029ee (sz=80, trace=300000, nelems=40, elem type=char[])
ARR 500029ef (sz=48, trace=300000, nelems=24, elem type=char[])
ARR 500029f0 (sz=54, trace=300000, nelems=27, elem type=char[])
ARR 500029f1 (sz=38, trace=300000, nelems=19, elem type=char[])
ARR 500029f2 (sz=110, trace=300000, nelems=55, elem type=char[])
ARR 500029f3 (sz=34, trace=300000, nelems=17, elem type=char[])
ARR 500029f4 (sz=76, trace=300000, nelems=38, elem type=char[])
ARR 500029f5 (sz=22, trace=300000, nelems=11, elem type=char[])
ARR 500029f6 (sz=84, trace=300000, nelems=42, elem type=char[])
ARR 500029f7 (sz=40, trace=300000, nelems=20, elem type=char[])
ARR 500029f8 (sz=104, trace=300000, nelems=52, elem type=char[])
ARR 500029f9 (sz=30, trace=300000, nelems=15, elem type=char[])
ARR 500029fa (sz=106, trace=300000, nelems=53, elem type=char[])
ARR 500029fb (sz=68, trace=300000, nelems=34, elem type=char[])
ARR 500029fc (sz=136, trace=300000, nelems=68, elem type=char[])
ARR 500029fd (sz=52, trace=300000, nelems=26, elem type=char[])
ARR 500029fe (sz=114, trace=300000, nelems=57, elem type=char[])
ARR 500029ff (sz=48, trace=300000, nelems=24, elem type=char[])
ARR 50002a00 (sz=38, trace=300000, nelems=19, elem type=char[])
ARR 50002a01 (sz=56, trace=300000, nelems=28, elem type=char[])
ARR 50002a02 (sz=44, trace=300000, nelems=22, elem type=char[])
ARR 50002a03 (sz=56, trace=300000, nelems=28, elem type=char[])
ARR 50002a04 (sz=40, trace=300000, nelems=20, elem type=char[])
ARR 50002a05 (sz=40, trace=300000, nelems=20, elem type=char[])
ARR 50002a06 (sz=80, trace=300000, nelems=40, elem type=char[])
ARR 50002a07 (sz=22, trace=300000, nelems=11, elem type=char[])
ARR 50002a08 (sz=78, trace=300000, nelems=39, elem type=char[])
ARR 50002a09 (sz=44, trace=300000, nelems=22, elem type=char[])
ARR 50002a0a (sz=34, trace=300000, nelems=17, elem type=char[])
ARR 50002a0b (sz=44, trace=300000, nelems=22, elem type=char[])
ARR 50002a0c (sz=134, trace=300000, nelems=67, elem type=char[])
ARR 50002a0d (sz=22, trace=300000, nelems=11, elem type=char[])
ARR 50002a0e (sz=88, trace=300000, nelems=44, elem type=char[])
ARR 50002a0f (sz=52, trace=300000, nelems=26, elem type=char[])
ARR 50002a10 (sz=64, trace=300000, nelems=32, elem type=char[])
ARR 50002a11 (sz=22, trace=300000, nelems=11, elem type=char[])
ARR 50002a12 (sz=54, trace=300000, nelems=27, elem type=char[])
ARR 50002a13 (sz=60, trace=300000, nelems=30, elem type=char[])
ARR 50002a14 (sz=22, trace=300000, nelems=11, elem type=char[])
OBJ 50002a15 (sz=56, trace=300000, class=java.util.ResourceBundle$CacheKey@5000226f)
	name		50000c3f
	locale		500005a2
	loaderRef	50000270
	format		500019fc
OBJ 50002a16 (sz=56, trace=300000, class=java.util.ResourceBundle$CacheKey@5000226f)
	name		50000d0b
	locale		5000082f
	loaderRef	50001fd2
	format		500019fc
OBJ 50002a17 (sz=24, trace=300000, class=java.lang.String@5000016e)
	value		50002a1a
OBJ 50002a18 (sz=24, trace=300000, class=java.lang.String@5000016e)
	value		50002a19
ARR 50002a19 (sz=36, trace=300000, nelems=18, elem type=char[])
ARR 50002a1a (sz=64, trace=300000, nelems=32, elem type=char[])
OBJ 50002a1b (sz=24, trace=300000, class=java.lang.String@5000016e)
	value		50002a1c
ARR 50002a1c (sz=30, trace=300000, nelems=15, elem type=char[])
OBJ 50002a1d (sz=24, trace=300000, class=java.lang.String@5000016e)
	value		50002a23
OBJ 50002a1e (sz=24, trace=300000, class=java.lang.String@5000016e)
	value		50002a22
OBJ 50002a1f (sz=24, trace=300000, class=java.lang.String@5000016e)
	value		50002a21
ARR 50002a20 (sz=4, trace=300000, nelems=2, elem type=char[])
ARR 50002a21 (sz=4, trace=300000, nelems=2, elem type=char[])
ARR 50002a22 (sz=4, trace=300000, nelems=2, elem type=char[])
ARR 50002a23 (sz=4, trace=300000, nelems=2, elem type=char[])
ARR 50002a24 (sz=62, trace=300000, nelems=31, elem type=char[])
ARR 50002a25 (sz=12, trace=300000, nelems=6, elem type=char[])
OBJ 50002a26 (sz=24, trace=300000, class=java.lang.String@5000016e)
	value		50002a2b
OBJ 50002a27 (sz=24, trace=300000, class=java.lang.String@5000016e)
	value		50002a2e
OBJ 50002a28 (sz=24, trace=300000, class=java.lang.String@5000016e)
	value		50002a2f
OBJ 50002a29 (sz=24, trace=300000, class=java.lang.String@5000016e)
	value		50002a2c
OBJ 50002a2a (sz=24, trace=300000, class=java.lang.String@5000016e)
	value		50002a2d
ARR 50002a2b (sz=18, trace=300000, nelems=9, elem type=char[])
ARR 50002a2c (sz=20, trace=300000, nelems=10, elem type=char[])
ARR 50002a2d (sz=12, trace=300000, nelems=6, elem type=char[])
ARR 50002a2e (sz=14, trace=300000, nelems=7, elem type=char[])
ARR 50002a2f (sz=14, trace=300000, nelems=7, elem type=char[])
OBJ 50002a30 (sz=24, trace=300000, class=java.lang.String@5000016e)
	value		50002a42
OBJ 50002a31 (sz=24, trace=300000, class=java.lang.String@5000016e)
	value		50002a44
OBJ 50002a32 (sz=24, trace=300000, class=java.lang.String@5000016e)
	value		50002a47
OBJ 50002a33 (sz=24, trace=300000, class=java.lang.String@5000016e)
	value		50002a49
OBJ 50002a34 (sz=24, trace=300000, class=java.lang.String@5000016e)
	value		50002a4b
OBJ 50002a35 (sz=24, trace=300000, class=java.lang.String@5000016e)
	value		50002a4d
OBJ 50002a36 (sz=24, trace=300000, class=java.lang.String@5000016e)
	value		50002a51
OBJ 50002a37 (sz=24, trace=300000, class=java.lang.String@5000016e)
	value		50002a50
OBJ 50002a38 (sz=24, trace=300000, class=java.lang.String@5000016e)
	value		50002a4f
OBJ 50002a39 (sz=24, trace=300000, class=java.lang.String@5000016e)
	value		50002a4e
OBJ 50002a3a (sz=24, trace=300000, class=java.lang.String@5000016e)
	value		50002a41
OBJ 50002a3b (sz=24, trace=300000, class=java.lang.String@5000016e)
	value		50002a43
OBJ 50002a3c (sz=24, trace=300000, class=java.lang.String@5000016e)
	value		50002a45
OBJ 50002a3d (sz=24, trace=300000, class=java.lang.String@5000016e)
	value		50002a46
OBJ 50002a3e (sz=24, trace=300000, class=java.lang.String@5000016e)
	value		50002a48
OBJ 50002a3f (sz=24, trace=300000, class=java.lang.String@5000016e)
	value		50002a4a
OBJ 50002a40 (sz=24, trace=300000, class=java.lang.String@5000016e)
	value		50002a4c
ARR 50002a41 (sz=12, trace=300000, nelems=6, elem type=char[])
ARR 50002a42 (sz=6, trace=300000, nelems=3, elem type=char[])
ARR 50002a43 (sz=12, trace=300000, nelems=6, elem type=char[])
ARR 50002a44 (sz=6, trace=300000, nelems=3, elem type=char[])
ARR 50002a45 (sz=12, trace=300000, nelems=6, elem type=char[])
ARR 50002a46 (sz=12, trace=300000, nelems=6, elem type=char[])
ARR 50002a47 (sz=6, trace=300000, nelems=3, elem type=char[])
ARR 50002a48 (sz=12, trace=300000, nelems=6, elem type=char[])
ARR 50002a49 (sz=6, trace=300000, nelems=3, elem type=char[])
ARR 50002a4a (sz=12, trace=300000, nelems=6, elem type=char[])
ARR 50002a4b (sz=6, trace=300000, nelems=3, elem type=char[])
ARR 50002a4c (sz=12, trace=300000, nelems=6, elem type=char[])
ARR 50002a4d (sz=6, trace=300000, nelems=3, elem type=char[])
ARR 50002a4e (sz=2, trace=300000, nelems=1, elem type=char[])
ARR 50002a4f (sz=2, trace=300000, nelems=1, elem type=char[])
ARR 50002a50 (sz=2, trace=300000, nelems=1, elem type=char[])
ARR 50002a51 (sz=2, trace=300000, nelems=1, elem type=char[])
OBJ 50002a52 (sz=24, trace=300000, class=java.lang.String@5000016e)
	value		50002a55
OBJ 50002a53 (sz=24, trace=300000, class=java.lang.String@5000016e)
	value		50002a54
ARR 50002a54 (sz=12, trace=300000, nelems=6, elem type=char[])
ARR 50002a55 (sz=6, trace=300000, nelems=3, elem type=char[])
OBJ 50002a56 (sz=24, trace=300000, class=java.lang.String@5000016e)
	value		50002a5c
OBJ 50002a57 (sz=24, trace=300000, class=java.lang.String@5000016e)
	value		50002a5a
OBJ 50002a58 (sz=24, trace=300000, class=java.lang.String@5000016e)
	value		50002a5d
OBJ 50002a59 (sz=24, trace=300000, class=java.lang.String@5000016e)
	value		50002a5b
ARR 50002a5a (sz=10, trace=300000, nelems=5, elem type=char[])
ARR 50002a5b (sz=12, trace=300000, nelems=6, elem type=char[])
ARR 50002a5c (sz=26, trace=300000, nelems=13, elem type=char[])
ARR 50002a5d (sz=28, trace=300000, nelems=14, elem type=char[])
OBJ 50002a5e (sz=24, trace=300000, class=java.lang.String@5000016e)
	value		50002a63
OBJ 50002a5f (sz=24, trace=300000, class=java.lang.String@5000016e)
	value		50002a64
OBJ 50002a60 (sz=24, trace=300000, class=java.lang.String@5000016e)
	value		50002a67
OBJ 50002a61 (sz=24, trace=300000, class=java.lang.String@5000016e)
	value		50002a66
OBJ 50002a62 (sz=24, trace=300000, class=java.lang.String@5000016e)
	value		50002a65
ARR 50002a63 (sz=12, trace=300000, nelems=6, elem type=char[])
ARR 50002a64 (sz=14, trace=300000, nelems=7, elem type=char[])
ARR 50002a65 (sz=12, trace=300000, nelems=6, elem type=char[])
ARR 50002a66 (sz=36, trace=300000, nelems=18, elem type=char[])
ARR 50002a67 (sz=26, trace=300000, nelems=13, elem type=char[])
OBJ 50002a68 (sz=24, trace=300000, class=java.lang.String@5000016e)
	value		50002cbc
OBJ 50002a69 (sz=24, trace=300000, class=java.lang.String@5000016e)
	value		50002b62
OBJ 50002a6a (sz=24, trace=300000, class=java.lang.String@5000016e)
	value		50002cbb
OBJ 50002a6b (sz=24, trace=300000, class=java.lang.String@5000016e)
	value		50002cba
OBJ 50002a6c (sz=24, trace=300000, class=java.lang.String@5000016e)
	value		50002a6e
ARR 50002a6d (sz=28, trace=300000, nelems=14, elem type=char[])
ARR 50002a6e (sz=36, trace=300000, nelems=18, elem type=char[])
OBJ 50002a6f (sz=24, trace=300000, class=java.lang.String@5000016e)
	value		50002baa
OBJ 50002a70 (sz=24, trace=300000, class=java.lang.String@5000016e)
	value		50002ba5
OBJ 50002a71 (sz=24, trace=300000, class=java.lang.String@5000016e)
	value		50002b9c
OBJ 50002a72 (sz=24, trace=300000, class=java.lang.String@5000016e)
	value		50002b99
OBJ 50002a73 (sz=24, trace=300000, class=java.lang.String@5000016e)
	value		50002b9f
OBJ 50002a74 (sz=24, trace=300000, class=java.lang.String@5000016e)
	value		50002b7d
OBJ 50002a75 (sz=24, trace=300000, class=java.lang.String@5000016e)
	value		50002b80
OBJ 50002a76 (sz=24, trace=300000, class=java.lang.String@5000016e)
	value		50002b4e
OBJ 50002a77 (sz=24, trace=300000, class=java.lang.String@5000016e)
	value		50002b51
OBJ 50002a78 (sz=24, trace=300000, class=java.lang.String@5000016e)
	value		50002b96
OBJ 50002a79 (sz=24, trace=300000, class=java.lang.String@5000016e)
	value		50002b8d
OBJ 50002a7a (sz=24, trace=300000, class=java.lang.String@5000016e)
	value		50002b91
OBJ 50002a7b (sz=24, trace=300000, class=java.lang.String@5000016e)
	value		50002bba
OBJ 50002a7c (sz=24, trace=300000, class=java.lang.String@5000016e)
	value		50002b8a
OBJ 50002a7d (sz=24, trace=300000, class=java.lang.String@5000016e)
	value		50002bc7
OBJ 50002a7e (sz=24, trace=300000, class=java.lang.String@5000016e)
	value		50002ba7
OBJ 50002a7f (sz=24, trace=300000, class=java.lang.String@5000016e)
	value		50002ba1
OBJ 50002a80 (sz=24, trace=300000, class=java.lang.String@5000016e)
	value		50002b30
OBJ 50002a81 (sz=24, trace=300000, class=java.lang.String@5000016e)
	value		50002b44
OBJ 50002a82 (sz=24, trace=300000, class=java.lang.String@5000016e)
	value		50002b41
OBJ 50002a83 (sz=24, trace=300000, class=java.lang.String@5000016e)
	value		50002bc1
OBJ 50002a84 (sz=24, trace=300000, class=java.lang.String@5000016e)
	value		50002bc4
OBJ 50002a85 (sz=24, trace=300000, class=java.lang.String@5000016e)
	value		50002b84
OBJ 50002a86 (sz=24, trace=300000, class=java.lang.String@5000016e)
	value		50002bb7
OBJ 50002a87 (sz=24, trace=300000, class=java.lang.String@5000016e)
	value		50002bac
OBJ 50002a88 (sz=24, trace=300000, class=java.lang.String@5000016e)
	value		50002bb0
OBJ 50002a89 (sz=24, trace=300000, class=java.lang.String@5000016e)
	value		50002bb4
OBJ 50002a8a (sz=24, trace=300000, class=java.lang.String@5000016e)
	value		50002bd2
OBJ 50002a8b (sz=24, trace=300000, class=java.lang.String@5000016e)
	value		50002bbe
OBJ 50002a8c (sz=24, trace=300000, class=java.lang.String@5000016e)
	value		50002bcb
OBJ 50002a8d (sz=24, trace=300000, class=java.lang.String@5000016e)
	value		50002b93
OBJ 50002a8e (sz=24, trace=300000, class=java.lang.String@5000016e)
	value		50002bcf
OBJ 50002a8f (sz=24, trace=300000, class=java.lang.String@5000016e)
	value		50002b87
OBJ 50002a90 (sz=24, trace=300000, class=java.lang.String@5000016e)
	value		50002bd6
OBJ 50002a91 (sz=24, trace=300000, class=java.lang.String@5000016e)
	value		50002b95
OBJ 50002a92 (sz=24, trace=300000, class=java.lang.String@5000016e)
	value		50002b8c
OBJ 50002a93 (sz=24, trace=300000, class=java.lang.String@5000016e)
	value		50002b90
OBJ 50002a94 (sz=24, trace=300000, class=java.lang.String@5000016e)
	value		50002bb9
OBJ 50002a95 (sz=24, trace=300000, class=java.lang.String@5000016e)
	value		50002b89
OBJ 50002a96 (sz=24, trace=300000, class=java.lang.String@5000016e)
	value		50002ba9
OBJ 50002a97 (sz=24, trace=300000, class=java.lang.String@5000016e)
	value		50002ba4
OBJ 50002a98 (sz=24, trace=300000, class=java.lang.String@5000016e)
	value		50002bc6
OBJ 50002a99 (sz=24, trace=300000, class=java.lang.String@5000016e)
	value		50002ba6
OBJ 50002a9a (sz=24, trace=300000, class=java.lang.String@5000016e)
	value		50002ba0
OBJ 50002a9b (sz=24, trace=300000, class=java.lang.String@5000016e)
	value		50002b2f
OBJ 50002a9c (sz=24, trace=300000, class=java.lang.String@5000016e)
	value		50002b43
OBJ 50002a9d (sz=24, trace=300000, class=java.lang.String@5000016e)
	value		50002b40
OBJ 50002a9e (sz=24, trace=300000, class=java.lang.String@5000016e)
	value		50002bc0
OBJ 50002a9f (sz=24, trace=300000, class=java.lang.String@5000016e)
	value		50002bc3
OBJ 50002aa0 (sz=24, trace=300000, class=java.lang.String@5000016e)
	value		50002b83
OBJ 50002aa1 (sz=24, trace=300000, class=java.lang.String@5000016e)
	value		50002bb6
OBJ 50002aa2 (sz=24, trace=300000, class=java.lang.String@5000016e)
	value		50002bab
OBJ 50002aa3 (sz=24, trace=300000, class=java.lang.String@5000016e)
	value		50002baf
OBJ 50002aa4 (sz=24, trace=300000, class=java.lang.String@5000016e)
	value		50002bb3
OBJ 50002aa5 (sz=24, trace=300000, class=java.lang.String@5000016e)
	value		50002bd1
OBJ 50002aa6 (sz=24, trace=300000, class=java.lang.String@5000016e)
	value		50002bbd
OBJ 50002aa7 (sz=24, trace=300000, class=java.lang.String@5000016e)
	value		50002bca
OBJ 50002aa8 (sz=24, trace=300000, class=java.lang.String@5000016e)
	value		50002b92
OBJ 50002aa9 (sz=24, trace=300000, class=java.lang.String@5000016e)
	value		50002bce
OBJ 50002aaa (sz=24, trace=300000, class=java.lang.String@5000016e)
	value		50002b86
OBJ 50002aab (sz=24, trace=300000, class=java.lang.String@5000016e)
	value		50002bd5
OBJ 50002aac (sz=24, trace=300000, class=java.lang.String@5000016e)
	value		50002b9e
OBJ 50002aad (sz=24, trace=300000, class=java.lang.String@5000016e)
	value		50002b9b
OBJ 50002aae (sz=24, trace=300000, class=java.lang.String@5000016e)
	value		50002b98
OBJ 50002aaf (sz=24, trace=300000, class=java.lang.String@5000016e)
	value		50002b7c
OBJ 50002ab0 (sz=24, trace=300000, class=java.lang.String@5000016e)
	value		50002b7f
OBJ 50002ab1 (sz=24, trace=300000, class=java.lang.String@5000016e)
	value		50002b4d
OBJ 50002ab2 (sz=24, trace=300000, class=java.lang.String@5000016e)
	value		50002b50
OBJ 50002ab3 (sz=24, trace=300000, class=java.lang.String@5000016e)
	value		50002b7b
OBJ 50002ab4 (sz=24, trace=300000, class=java.lang.String@5000016e)
	value		50002b4a
OBJ 50002ab5 (sz=24, trace=300000, class=java.lang.String@5000016e)
	value		50002bae
OBJ 50002ab6 (sz=24, trace=300000, class=java.lang.String@5000016e)
	value		50002b9d
OBJ 50002ab7 (sz=24, trace=300000, class=java.lang.String@5000016e)
	value		50002b9a
OBJ 50002ab8 (sz=24, trace=300000, class=java.lang.String@5000016e)
	value		50002b7e
OBJ 50002ab9 (sz=24, trace=300000, class=java.lang.String@5000016e)
	value		50002b82
OBJ 50002aba (sz=24, trace=300000, class=java.lang.String@5000016e)
	value		50002b81
OBJ 50002abb (sz=24, trace=300000, class=java.lang.String@5000016e)
	value		50002b4f
OBJ 50002abc (sz=24, trace=300000, class=java.lang.String@5000016e)
	value		50002b52
OBJ 50002abd (sz=24, trace=300000, class=java.lang.String@5000016e)
	value		50002bb1
OBJ 50002abe (sz=24, trace=300000, class=java.lang.String@5000016e)
	value		50002bbb
OBJ 50002abf (sz=24, trace=300000, class=java.lang.String@5000016e)
	value		50002ba2
OBJ 50002ac0 (sz=24, trace=300000, class=java.lang.String@5000016e)
	value		50002bc8
OBJ 50002ac1 (sz=24, trace=300000, class=java.lang.String@5000016e)
	value		50002b8e
OBJ 50002ac2 (sz=24, trace=300000, class=java.lang.String@5000016e)
	value		50002bd3
OBJ 50002ac3 (sz=24, trace=300000, class=java.lang.String@5000016e)
	value		50002bcc
OBJ 50002ac4 (sz=24, trace=300000, class=java.lang.String@5000016e)
	value		50002b97
OBJ 50002ac5 (sz=24, trace=300000, class=java.lang.String@5000016e)
	value		50002b8f
OBJ 50002ac6 (sz=24, trace=300000, class=java.lang.String@5000016e)
	value		50002bbc
OBJ 50002ac7 (sz=24, trace=300000, class=java.lang.String@5000016e)
	value		50002b8b
OBJ 50002ac8 (sz=24, trace=300000, class=java.lang.String@5000016e)
	value		50002bc9
OBJ 50002ac9 (sz=24, trace=300000, class=java.lang.String@5000016e)
	value		50002ba8
OBJ 50002aca (sz=24, trace=300000, class=java.lang.String@5000016e)
	value		50002ba3
OBJ 50002acb (sz=24, trace=300000, class=java.lang.String@5000016e)
	value		50002b3f
OBJ 50002acc (sz=24, trace=300000, class=java.lang.String@5000016e)
	value		50002b45
OBJ 50002acd (sz=24, trace=300000, class=java.lang.String@5000016e)
	value		50002b42
OBJ 50002ace (sz=24, trace=300000, class=java.lang.String@5000016e)
	value		50002bc2
OBJ 50002acf (sz=24, trace=300000, class=java.lang.String@5000016e)
	value		50002bc5
OBJ 50002ad0 (sz=24, trace=300000, class=java.lang.String@5000016e)
	value		50002b85
OBJ 50002ad1 (sz=24, trace=300000, class=java.lang.String@5000016e)
	value		50002bb8
OBJ 50002ad2 (sz=24, trace=300000, class=java.lang.String@5000016e)
	value		50002bad
OBJ 50002ad3 (sz=24, trace=300000, class=java.lang.String@5000016e)
	value		50002bb2
OBJ 50002ad4 (sz=24, trace=300000, class=java.lang.String@5000016e)
	value		50002bb5
OBJ 50002ad5 (sz=24, trace=300000, class=java.lang.String@5000016e)
	value		50002bd4
OBJ 50002ad6 (sz=24, trace=300000, class=java.lang.String@5000016e)
	value		50002bcd
OBJ 50002ad7 (sz=24, trace=300000, class=java.lang.String@5000016e)
	value		50002bbf
OBJ 50002ad8 (sz=24, trace=300000, class=java.lang.String@5000016e)
	value		50002b94
OBJ 50002ad9 (sz=24, trace=300000, class=java.lang.String@5000016e)
	value		50002bd0
OBJ 50002ada (sz=24, trace=300000, class=java.lang.String@5000016e)
	value		50002b88
OBJ 50002adb (sz=24, trace=300000, class=java.lang.String@5000016e)
	value		50002bd7
OBJ 50002adc (sz=24, trace=300000, class=java.lang.String@5000016e)
	value		50002b4c
OBJ 50002add (sz=24, trace=300000, class=java.lang.String@5000016e)
	value		50002b4b
OBJ 50002ade (sz=24, trace=300000, class=java.lang.String@5000016e)
	value		50002be2
OBJ 50002adf (sz=24, trace=300000, class=java.lang.String@5000016e)
	value		50002be9
OBJ 50002ae0 (sz=24, trace=300000, class=java.lang.String@5000016e)
	value		50002c18
OBJ 50002ae1 (sz=24, trace=300000, class=java.lang.String@5000016e)
	value		50002bef
OBJ 50002ae2 (sz=24, trace=300000, class=java.lang.String@5000016e)
	value		50002be6
OBJ 50002ae3 (sz=24, trace=300000, class=java.lang.String@5000016e)
	value		50002c25
OBJ 50002ae4 (sz=24, trace=300000, class=java.lang.String@5000016e)
	value		50002bdd
OBJ 50002ae5 (sz=24, trace=300000, class=java.lang.String@5000016e)
	value		50002c20
OBJ 50002ae6 (sz=24, trace=300000, class=java.lang.String@5000016e)
	value		50002c1a
OBJ 50002ae7 (sz=24, trace=300000, class=java.lang.String@5000016e)
	value		50002bfa
OBJ 50002ae8 (sz=24, trace=300000, class=java.lang.String@5000016e)
	value		50002bfe
OBJ 50002ae9 (sz=24, trace=300000, class=java.lang.String@5000016e)
	value		50002c12
OBJ 50002aea (sz=24, trace=300000, class=java.lang.String@5000016e)
	value		50002c1c
OBJ 50002aeb (sz=24, trace=300000, class=java.lang.String@5000016e)
	value		50002c0e
OBJ 50002aec (sz=24, trace=300000, class=java.lang.String@5000016e)
	value		50002c05
OBJ 50002aed (sz=24, trace=300000, class=java.lang.String@5000016e)
	value		50002c0b
OBJ 50002aee (sz=24, trace=300000, class=java.lang.String@5000016e)
	value		50002c08
OBJ 50002aef (sz=24, trace=300000, class=java.lang.String@5000016e)
	value		50002c01
OBJ 50002af0 (sz=24, trace=300000, class=java.lang.String@5000016e)
	value		50002bf4
OBJ 50002af1 (sz=24, trace=300000, class=java.lang.String@5000016e)
	value		50002bdb
OBJ 50002af2 (sz=24, trace=300000, class=java.lang.String@5000016e)
	value		50002bdf
OBJ 50002af3 (sz=24, trace=300000, class=java.lang.String@5000016e)
	value		50002bed
OBJ 50002af4 (sz=24, trace=300000, class=java.lang.String@5000016e)
	value		50002bf6
OBJ 50002af5 (sz=24, trace=300000, class=java.lang.String@5000016e)
	value		50002bf2
OBJ 50002af6 (sz=24, trace=300000, class=java.lang.String@5000016e)
	value		50002bf8
OBJ 50002af7 (sz=24, trace=300000, class=java.lang.String@5000016e)
	value		50002c27
OBJ 50002af8 (sz=24, trace=300000, class=java.lang.String@5000016e)
	value		50002be1
OBJ 50002af9 (sz=24, trace=300000, class=java.lang.String@5000016e)
	value		50002c26
OBJ 50002afa (sz=24, trace=300000, class=java.lang.String@5000016e)
	value		50002bdc
OBJ 50002afb (sz=24, trace=300000, class=java.lang.String@5000016e)
	value		50002bf3
OBJ 50002afc (sz=24, trace=300000, class=java.lang.String@5000016e)
	value		50002bda
OBJ 50002afd (sz=24, trace=300000, class=java.lang.String@5000016e)
	value		50002bde
OBJ 50002afe (sz=24, trace=300000, class=java.lang.String@5000016e)
	value		50002be8
OBJ 50002aff (sz=24, trace=300000, class=java.lang.String@5000016e)
	value		50002bec
OBJ 50002b00 (sz=24, trace=300000, class=java.lang.String@5000016e)
	value		50002c17
OBJ 50002b01 (sz=24, trace=300000, class=java.lang.String@5000016e)
	value		50002c1b
OBJ 50002b02 (sz=24, trace=300000, class=java.lang.String@5000016e)
	value		50002bf5
OBJ 50002b03 (sz=24, trace=300000, class=java.lang.String@5000016e)
	value		50002bf1
OBJ 50002b04 (sz=24, trace=300000, class=java.lang.String@5000016e)
	value		50002c29
OBJ 50002b05 (sz=24, trace=300000, class=java.lang.String@5000016e)
	value		50002bf7
OBJ 50002b06 (sz=24, trace=300000, class=java.lang.String@5000016e)
	value		50002bee
OBJ 50002b07 (sz=24, trace=300000, class=java.lang.String@5000016e)
	value		50002be5
OBJ 50002b08 (sz=24, trace=300000, class=java.lang.String@5000016e)
	value		50002c24
OBJ 50002b09 (sz=24, trace=300000, class=java.lang.String@5000016e)
	value		50002c1f
OBJ 50002b0a (sz=24, trace=300000, class=java.lang.String@5000016e)
	value		50002c19
OBJ 50002b0b (sz=24, trace=300000, class=java.lang.String@5000016e)
	value		50002bf9
OBJ 50002b0c (sz=24, trace=300000, class=java.lang.String@5000016e)
	value		50002bfd
OBJ 50002b0d (sz=24, trace=300000, class=java.lang.String@5000016e)
	value		50002c11
OBJ 50002b0e (sz=24, trace=300000, class=java.lang.String@5000016e)
	value		50002c0d
OBJ 50002b0f (sz=24, trace=300000, class=java.lang.String@5000016e)
	value		50002c04
OBJ 50002b10 (sz=24, trace=300000, class=java.lang.String@5000016e)
	value		50002c0a
OBJ 50002b11 (sz=24, trace=300000, class=java.lang.String@5000016e)
	value		50002c07
OBJ 50002b12 (sz=24, trace=300000, class=java.lang.String@5000016e)
	value		50002c00
OBJ 50002b13 (sz=24, trace=300000, class=java.lang.String@5000016e)
	value		50002c16
OBJ 50002b14 (sz=24, trace=300000, class=java.lang.String@5000016e)
	value		50002c23
OBJ 50002b15 (sz=24, trace=300000, class=java.lang.String@5000016e)
	value		50002c15
OBJ 50002b16 (sz=24, trace=300000, class=java.lang.String@5000016e)
	value		50002c10
OBJ 50002b17 (sz=24, trace=300000, class=java.lang.String@5000016e)
	value		50002c14
OBJ 50002b18 (sz=24, trace=300000, class=java.lang.String@5000016e)
	value		50002be4
OBJ 50002b19 (sz=24, trace=300000, class=java.lang.String@5000016e)
	value		50002c28
OBJ 50002b1a (sz=24, trace=300000, class=java.lang.String@5000016e)
	value		50002beb
OBJ 50002b1b (sz=24, trace=300000, class=java.lang.String@5000016e)
	value		50002bf0
OBJ 50002b1c (sz=24, trace=300000, class=java.lang.String@5000016e)
	value		50002be7
OBJ 50002b1d (sz=24, trace=300000, class=java.lang.String@5000016e)
	value		50002c03
OBJ 50002b1e (sz=24, trace=300000, class=java.lang.String@5000016e)
	value		50002c02
OBJ 50002b1f (sz=24, trace=300000, class=java.lang.String@5000016e)
	value		50002bea
OBJ 50002b20 (sz=24, trace=300000, class=java.lang.String@5000016e)
	value		50002be3
OBJ 50002b21 (sz=24, trace=300000, class=java.lang.String@5000016e)
	value		50002bfb
OBJ 50002b22 (sz=24, trace=300000, class=java.lang.String@5000016e)
	value		50002c1d
OBJ 50002b23 (sz=24, trace=300000, class=java.lang.String@5000016e)
	value		50002c21
OBJ 50002b24 (sz=24, trace=300000, class=java.lang.String@5000016e)
	value		50002be0
OBJ 50002b25 (sz=24, trace=300000, class=java.lang.String@5000016e)
	value		50002bfc
OBJ 50002b26 (sz=24, trace=300000, class=java.lang.String@5000016e)
	value		50002bff
OBJ 50002b27 (sz=24, trace=300000, class=java.lang.String@5000016e)
	value		50002c13
OBJ 50002b28 (sz=24, trace=300000, class=java.lang.String@5000016e)
	value		50002c1e
OBJ 50002b29 (sz=24, trace=300000, class=java.lang.String@5000016e)
	value		50002c0f
OBJ 50002b2a (sz=24, trace=300000, class=java.lang.String@5000016e)
	value		50002c06
OBJ 50002b2b (sz=24, trace=300000, class=java.lang.String@5000016e)
	value		50002c0c
OBJ 50002b2c (sz=24, trace=300000, class=java.lang.String@5000016e)
	value		50002c09
OBJ 50002b2d (sz=24, trace=300000, class=java.lang.String@5000016e)
	value		50002c2a
OBJ 50002b2e (sz=24, trace=300000, class=java.lang.String@5000016e)
	value		50002c22
ARR 50002b2f (sz=2, trace=300000, nelems=1, elem type=char[])
ARR 50002b30 (sz=4, trace=300000, nelems=2, elem type=char[])
OBJ 50002b31 (sz=24, trace=300000, class=java.lang.String@5000016e)
	value		50002b32
ARR 50002b32 (sz=16, trace=300000, nelems=8, elem type=char[])
OBJ 50002b33 (sz=24, trace=300000, class=java.lang.String@5000016e)
	value		50002b35
OBJ 50002b34 (sz=24, trace=300000, class=java.lang.String@5000016e)
	value		50002b36
ARR 50002b35 (sz=16, trace=300000, nelems=8, elem type=char[])
ARR 50002b36 (sz=12, trace=300000, nelems=6, elem type=char[])
OBJ 50002b37 (sz=24, trace=300000, class=java.lang.String@5000016e)
	value		50002b38
ARR 50002b38 (sz=10, trace=300000, nelems=5, elem type=char[])
OBJ 50002b39 (sz=24, trace=300000, class=java.lang.String@5000016e)
	value		50002b3c
OBJ 50002b3a (sz=24, trace=300000, class=java.lang.String@5000016e)
	value		50002b3d
OBJ 50002b3b (sz=24, trace=300000, class=java.lang.String@5000016e)
	value		50002b3e
ARR 50002b3c (sz=22, trace=300000, nelems=11, elem type=char[])
ARR 50002b3d (sz=8, trace=300000, nelems=4, elem type=char[])
ARR 50002b3e (sz=14, trace=300000, nelems=7, elem type=char[])
ARR 50002b3f (sz=10, trace=300000, nelems=5, elem type=char[])
ARR 50002b40 (sz=12, trace=300000, nelems=6, elem type=char[])
ARR 50002b41 (sz=14, trace=300000, nelems=7, elem type=char[])
ARR 50002b42 (sz=20, trace=300000, nelems=10, elem type=char[])
ARR 50002b43 (sz=16, trace=300000, nelems=8, elem type=char[])
ARR 50002b44 (sz=6, trace=300000, nelems=3, elem type=char[])
ARR 50002b45 (sz=46, trace=300000, nelems=23, elem type=char[])
OBJ 50002b46 (sz=24, trace=300000, class=java.lang.String@5000016e)
	value		50002b47
ARR 50002b47 (sz=10, trace=300000, nelems=5, elem type=char[])
OBJ 50002b48 (sz=24, trace=300000, class=java.lang.String@5000016e)
	value		50002b49
ARR 50002b49 (sz=10, trace=300000, nelems=5, elem type=char[])
ARR 50002b4a (sz=10, trace=300000, nelems=5, elem type=char[])
ARR 50002b4b (sz=8, trace=300000, nelems=4, elem type=char[])
ARR 50002b4c (sz=12, trace=300000, nelems=6, elem type=char[])
ARR 50002b4d (sz=10, trace=300000, nelems=5, elem type=char[])
ARR 50002b4e (sz=12, trace=300000, nelems=6, elem type=char[])
ARR 50002b4f (sz=18, trace=300000, nelems=9, elem type=char[])
ARR 50002b50 (sz=24, trace=300000, nelems=12, elem type=char[])
ARR 50002b51 (sz=14, trace=300000, nelems=7, elem type=char[])
ARR 50002b52 (sz=40, trace=300000, nelems=20, elem type=char[])
OBJ 50002b53 (sz=24, trace=300000, class=java.lang.String@5000016e)
	value		50002b54
ARR 50002b54 (sz=16, trace=300000, nelems=8, elem type=char[])
OBJ 50002b55 (sz=24, trace=300000, class=java.lang.String@5000016e)
	value		50002b56
ARR 50002b56 (sz=20, trace=300000, nelems=10, elem type=char[])
ARR 50002b57 (sz=8, trace=300000, nelems=4, elem type=char[])
OBJ 50002b58 (sz=24, trace=300000, class=java.lang.String@5000016e)
	value		50002b59
ARR 50002b59 (sz=18, trace=300000, nelems=9, elem type=char[])
OBJ 50002b5a (sz=24, trace=300000, class=java.lang.String@5000016e)
	value		50002b5b
ARR 50002b5b (sz=18, trace=300000, nelems=9, elem type=char[])
OBJ 50002b5c (sz=24, trace=300000, class=java.lang.String@5000016e)
	value		50002b5d
ARR 50002b5d (sz=14, trace=300000, nelems=7, elem type=char[])
OBJ 50002b5e (sz=24, trace=300000, class=java.lang.String@5000016e)
	value		50002b5f
ARR 50002b5f (sz=14, trace=300000, nelems=7, elem type=char[])
OBJ 50002b60 (sz=24, trace=300000, class=java.lang.String@5000016e)
	value		50002b61
ARR 50002b61 (sz=22, trace=300000, nelems=11, elem type=char[])
ARR 50002b62 (sz=8, trace=300000, nelems=4, elem type=char[])
OBJ 50002b63 (sz=24, trace=300000, class=java.lang.String@5000016e)
	value		50002b64
ARR 50002b64 (sz=14, trace=300000, nelems=7, elem type=char[])
OBJ 50002b65 (sz=24, trace=300000, class=java.lang.String@5000016e)
	value		50002b66
ARR 50002b66 (sz=18, trace=300000, nelems=9, elem type=char[])
OBJ 50002b67 (sz=24, trace=300000, class=java.lang.String@5000016e)
	value		50002b68
ARR 50002b68 (sz=6, trace=300000, nelems=3, elem type=char[])
OBJ 50002b69 (sz=24, trace=300000, class=java.lang.String@5000016e)
	value		50002b6a
ARR 50002b6a (sz=12, trace=300000, nelems=6, elem type=char[])
OBJ 50002b6b (sz=24, trace=300000, class=java.lang.String@5000016e)
	value		50002b6c
ARR 50002b6c (sz=12, trace=300000, nelems=6, elem type=char[])
OBJ 50002b6d (sz=24, trace=300000, class=java.lang.String@5000016e)
	value		50002b6e
ARR 50002b6e (sz=10, trace=300000, nelems=5, elem type=char[])
OBJ 50002b6f (sz=24, trace=300000, class=java.lang.String@5000016e)
	value		50002b70
ARR 50002b70 (sz=14, trace=300000, nelems=7, elem type=char[])
OBJ 50002b71 (sz=24, trace=300000, class=java.lang.String@5000016e)
	value		50002b72
ARR 50002b72 (sz=14, trace=300000, nelems=7, elem type=char[])
OBJ 50002b73 (sz=24, trace=300000, class=java.lang.String@5000016e)
	value		50002b74
ARR 50002b74 (sz=22, trace=300000, nelems=11, elem type=char[])
OBJ 50002b75 (sz=24, trace=300000, class=java.lang.String@5000016e)
	value		50002b76
ARR 50002b76 (sz=18, trace=300000, nelems=9, elem type=char[])
OBJ 50002b77 (sz=24, trace=300000, class=java.lang.String@5000016e)
	value		50002b78
ARR 50002b78 (sz=8, trace=300000, nelems=4, elem type=char[])
OBJ 50002b79 (sz=24, trace=300000, class=java.lang.String@5000016e)
	value		50002b7a
ARR 50002b7a (sz=28, trace=300000, nelems=14, elem type=char[])
ARR 50002b7b (sz=6, trace=300000, nelems=3, elem type=char[])
ARR 50002b7c (sz=16, trace=300000, nelems=8, elem type=char[])
ARR 50002b7d (sz=18, trace=300000, nelems=9, elem type=char[])
ARR 50002b7e (sz=24, trace=300000, nelems=12, elem type=char[])
ARR 50002b7f (sz=30, trace=300000, nelems=15, elem type=char[])
ARR 50002b80 (sz=20, trace=300000, nelems=10, elem type=char[])
ARR 50002b81 (sz=40, trace=300000, nelems=20, elem type=char[])
ARR 50002b82 (sz=38, trace=300000, nelems=19, elem type=char[])
ARR 50002b83 (sz=12, trace=300000, nelems=6, elem type=char[])
ARR 50002b84 (sz=14, trace=300000, nelems=7, elem type=char[])
ARR 50002b85 (sz=20, trace=300000, nelems=10, elem type=char[])
ARR 50002b86 (sz=14, trace=300000, nelems=7, elem type=char[])
ARR 50002b87 (sz=16, trace=300000, nelems=8, elem type=char[])
ARR 50002b88 (sz=22, trace=300000, nelems=11, elem type=char[])
ARR 50002b89 (sz=22, trace=300000, nelems=11, elem type=char[])
ARR 50002b8a (sz=24, trace=300000, nelems=12, elem type=char[])
ARR 50002b8b (sz=30, trace=300000, nelems=15, elem type=char[])
ARR 50002b8c (sz=18, trace=300000, nelems=9, elem type=char[])
ARR 50002b8d (sz=20, trace=300000, nelems=10, elem type=char[])
ARR 50002b8e (sz=24, trace=300000, nelems=12, elem type=char[])
ARR 50002b8f (sz=26, trace=300000, nelems=13, elem type=char[])
ARR 50002b90 (sz=4, trace=300000, nelems=2, elem type=char[])
ARR 50002b91 (sz=6, trace=300000, nelems=3, elem type=char[])
ARR 50002b92 (sz=20, trace=300000, nelems=10, elem type=char[])
ARR 50002b93 (sz=22, trace=300000, nelems=11, elem type=char[])
ARR 50002b94 (sz=28, trace=300000, nelems=14, elem type=char[])
ARR 50002b95 (sz=26, trace=300000, nelems=13, elem type=char[])
ARR 50002b96 (sz=28, trace=300000, nelems=14, elem type=char[])
ARR 50002b97 (sz=34, trace=300000, nelems=17, elem type=char[])
ARR 50002b98 (sz=44, trace=300000, nelems=22, elem type=char[])
ARR 50002b99 (sz=36, trace=300000, nelems=18, elem type=char[])
ARR 50002b9a (sz=40, trace=300000, nelems=20, elem type=char[])
ARR 50002b9b (sz=42, trace=300000, nelems=21, elem type=char[])
ARR 50002b9c (sz=36, trace=300000, nelems=18, elem type=char[])
ARR 50002b9d (sz=40, trace=300000, nelems=20, elem type=char[])
ARR 50002b9e (sz=28, trace=300000, nelems=14, elem type=char[])
ARR 50002b9f (sz=32, trace=300000, nelems=16, elem type=char[])
ARR 50002ba0 (sz=14, trace=300000, nelems=7, elem type=char[])
ARR 50002ba1 (sz=16, trace=300000, nelems=8, elem type=char[])
ARR 50002ba2 (sz=24, trace=300000, nelems=12, elem type=char[])
ARR 50002ba3 (sz=22, trace=300000, nelems=11, elem type=char[])
ARR 50002ba4 (sz=28, trace=300000, nelems=14, elem type=char[])
ARR 50002ba5 (sz=32, trace=300000, nelems=16, elem type=char[])
ARR 50002ba6 (sz=24, trace=300000, nelems=12, elem type=char[])
ARR 50002ba7 (sz=26, trace=300000, nelems=13, elem type=char[])
ARR 50002ba8 (sz=32, trace=300000, nelems=16, elem type=char[])
ARR 50002ba9 (sz=38, trace=300000, nelems=19, elem type=char[])
ARR 50002baa (sz=42, trace=300000, nelems=21, elem type=char[])
ARR 50002bab (sz=8, trace=300000, nelems=4, elem type=char[])
ARR 50002bac (sz=12, trace=300000, nelems=6, elem type=char[])
ARR 50002bad (sz=36, trace=300000, nelems=18, elem type=char[])
ARR 50002bae (sz=8, trace=300000, nelems=4, elem type=char[])
ARR 50002baf (sz=18, trace=300000, nelems=9, elem type=char[])
ARR 50002bb0 (sz=20, trace=300000, nelems=10, elem type=char[])
ARR 50002bb1 (sz=36, trace=300000, nelems=18, elem type=char[])
ARR 50002bb2 (sz=26, trace=300000, nelems=13, elem type=char[])
ARR 50002bb3 (sz=26, trace=300000, nelems=13, elem type=char[])
ARR 50002bb4 (sz=28, trace=300000, nelems=14, elem type=char[])
ARR 50002bb5 (sz=34, trace=300000, nelems=17, elem type=char[])
ARR 50002bb6 (sz=20, trace=300000, nelems=10, elem type=char[])
ARR 50002bb7 (sz=22, trace=300000, nelems=11, elem type=char[])
ARR 50002bb8 (sz=28, trace=300000, nelems=14, elem type=char[])
ARR 50002bb9 (sz=2, trace=300000, nelems=1, elem type=char[])
ARR 50002bba (sz=4, trace=300000, nelems=2, elem type=char[])
ARR 50002bbb (sz=34, trace=300000, nelems=17, elem type=char[])
ARR 50002bbc (sz=10, trace=300000, nelems=5, elem type=char[])
ARR 50002bbd (sz=2, trace=300000, nelems=1, elem type=char[])
ARR 50002bbe (sz=4, trace=300000, nelems=2, elem type=char[])
ARR 50002bbf (sz=28, trace=300000, nelems=14, elem type=char[])
ARR 50002bc0 (sz=2, trace=300000, nelems=1, elem type=char[])
ARR 50002bc1 (sz=4, trace=300000, nelems=2, elem type=char[])
ARR 50002bc2 (sz=28, trace=300000, nelems=14, elem type=char[])
ARR 50002bc3 (sz=16, trace=300000, nelems=8, elem type=char[])
ARR 50002bc4 (sz=20, trace=300000, nelems=10, elem type=char[])
ARR 50002bc5 (sz=24, trace=300000, nelems=12, elem type=char[])
ARR 50002bc6 (sz=16, trace=300000, nelems=8, elem type=char[])
ARR 50002bc7 (sz=18, trace=300000, nelems=9, elem type=char[])
ARR 50002bc8 (sz=32, trace=300000, nelems=16, elem type=char[])
ARR 50002bc9 (sz=24, trace=300000, nelems=12, elem type=char[])
ARR 50002bca (sz=12, trace=300000, nelems=6, elem type=char[])
ARR 50002bcb (sz=14, trace=300000, nelems=7, elem type=char[])
ARR 50002bcc (sz=30, trace=300000, nelems=15, elem type=char[])
ARR 50002bcd (sz=20, trace=300000, nelems=10, elem type=char[])
ARR 50002bce (sz=12, trace=300000, nelems=6, elem type=char[])
ARR 50002bcf (sz=14, trace=300000, nelems=7, elem type=char[])
ARR 50002bd0 (sz=20, trace=300000, nelems=10, elem type=char[])
ARR 50002bd1 (sz=14, trace=300000, nelems=7, elem type=char[])
ARR 50002bd2 (sz=16, trace=300000, nelems=8, elem type=char[])
ARR 50002bd3 (sz=30, trace=300000, nelems=15, elem type=char[])
ARR 50002bd4 (sz=22, trace=300000, nelems=11, elem type=char[])
ARR 50002bd5 (sz=14, trace=300000, nelems=7, elem type=char[])
ARR 50002bd6 (sz=16, trace=300000, nelems=8, elem type=char[])
ARR 50002bd7 (sz=22, trace=300000, nelems=11, elem type=char[])
OBJ 50002bd8 (sz=24, trace=300000, class=java.lang.String@5000016e)
	value		50002bd9
ARR 50002bd9 (sz=14, trace=300000, nelems=7, elem type=char[])
ARR 50002bda (sz=22, trace=300000, nelems=11, elem type=char[])
ARR 50002bdb (sz=24, trace=300000, nelems=12, elem type=char[])
ARR 50002bdc (sz=10, trace=300000, nelems=5, elem type=char[])
ARR 50002bdd (sz=18, trace=300000, nelems=9, elem type=char[])
ARR 50002bde (sz=8, trace=300000, nelems=4, elem type=char[])
ARR 50002bdf (sz=10, trace=300000, nelems=5, elem type=char[])
ARR 50002be0 (sz=16, trace=300000, nelems=8, elem type=char[])
ARR 50002be1 (sz=2, trace=300000, nelems=1, elem type=char[])
ARR 50002be2 (sz=4, trace=300000, nelems=2, elem type=char[])
ARR 50002be3 (sz=48, trace=300000, nelems=24, elem type=char[])
ARR 50002be4 (sz=10, trace=300000, nelems=5, elem type=char[])
ARR 50002be5 (sz=2, trace=300000, nelems=1, elem type=char[])
ARR 50002be6 (sz=4, trace=300000, nelems=2, elem type=char[])
ARR 50002be7 (sz=10, trace=300000, nelems=5, elem type=char[])
ARR 50002be8 (sz=2, trace=300000, nelems=1, elem type=char[])
ARR 50002be9 (sz=4, trace=300000, nelems=2, elem type=char[])
ARR 50002bea (sz=24, trace=300000, nelems=12, elem type=char[])
ARR 50002beb (sz=10, trace=300000, nelems=5, elem type=char[])
ARR 50002bec (sz=16, trace=300000, nelems=8, elem type=char[])
ARR 50002bed (sz=18, trace=300000, nelems=9, elem type=char[])
ARR 50002bee (sz=12, trace=300000, nelems=6, elem type=char[])
ARR 50002bef (sz=14, trace=300000, nelems=7, elem type=char[])
ARR 50002bf0 (sz=20, trace=300000, nelems=10, elem type=char[])
ARR 50002bf1 (sz=12, trace=300000, nelems=6, elem type=char[])
ARR 50002bf2 (sz=14, trace=300000, nelems=7, elem type=char[])
ARR 50002bf3 (sz=6, trace=300000, nelems=3, elem type=char[])
ARR 50002bf4 (sz=8, trace=300000, nelems=4, elem type=char[])
ARR 50002bf5 (sz=22, trace=300000, nelems=11, elem type=char[])
ARR 50002bf6 (sz=24, trace=300000, nelems=12, elem type=char[])
ARR 50002bf7 (sz=26, trace=300000, nelems=13, elem type=char[])
ARR 50002bf8 (sz=28, trace=300000, nelems=14, elem type=char[])
ARR 50002bf9 (sz=16, trace=300000, nelems=8, elem type=char[])
ARR 50002bfa (sz=18, trace=300000, nelems=9, elem type=char[])
ARR 50002bfb (sz=28, trace=300000, nelems=14, elem type=char[])
ARR 50002bfc (sz=22, trace=300000, nelems=11, elem type=char[])
ARR 50002bfd (sz=18, trace=300000, nelems=9, elem type=char[])
ARR 50002bfe (sz=20, trace=300000, nelems=10, elem type=char[])
ARR 50002bff (sz=24, trace=300000, nelems=12, elem type=char[])
ARR 50002c00 (sz=14, trace=300000, nelems=7, elem type=char[])
ARR 50002c01 (sz=16, trace=300000, nelems=8, elem type=char[])
ARR 50002c02 (sz=24, trace=300000, nelems=12, elem type=char[])
ARR 50002c03 (sz=22, trace=300000, nelems=11, elem type=char[])
ARR 50002c04 (sz=12, trace=300000, nelems=6, elem type=char[])
ARR 50002c05 (sz=14, trace=300000, nelems=7, elem type=char[])
ARR 50002c06 (sz=18, trace=300000, nelems=9, elem type=char[])
ARR 50002c07 (sz=24, trace=300000, nelems=12, elem type=char[])
ARR 50002c08 (sz=26, trace=300000, nelems=13, elem type=char[])
ARR 50002c09 (sz=30, trace=300000, nelems=15, elem type=char[])
ARR 50002c0a (sz=38, trace=300000, nelems=19, elem type=char[])
ARR 50002c0b (sz=40, trace=300000, nelems=20, elem type=char[])
ARR 50002c0c (sz=44, trace=300000, nelems=22, elem type=char[])
ARR 50002c0d (sz=14, trace=300000, nelems=7, elem type=char[])
ARR 50002c0e (sz=18, trace=300000, nelems=9, elem type=char[])
ARR 50002c0f (sz=20, trace=300000, nelems=10, elem type=char[])
ARR 50002c10 (sz=10, trace=300000, nelems=5, elem type=char[])
ARR 50002c11 (sz=16, trace=300000, nelems=8, elem type=char[])
ARR 50002c12 (sz=20, trace=300000, nelems=10, elem type=char[])
ARR 50002c13 (sz=22, trace=300000, nelems=11, elem type=char[])
ARR 50002c14 (sz=16, trace=300000, nelems=8, elem type=char[])
ARR 50002c15 (sz=12, trace=300000, nelems=6, elem type=char[])
ARR 50002c16 (sz=12, trace=300000, nelems=6, elem type=char[])
ARR 50002c17 (sz=2, trace=300000, nelems=1, elem type=char[])
ARR 50002c18 (sz=4, trace=300000, nelems=2, elem type=char[])
ARR 50002c19 (sz=10, trace=300000, nelems=5, elem type=char[])
ARR 50002c1a (sz=12, trace=300000, nelems=6, elem type=char[])
ARR 50002c1b (sz=12, trace=300000, nelems=6, elem type=char[])
ARR 50002c1c (sz=18, trace=300000, nelems=9, elem type=char[])
ARR 50002c1d (sz=28, trace=300000, nelems=14, elem type=char[])
ARR 50002c1e (sz=20, trace=300000, nelems=10, elem type=char[])
ARR 50002c1f (sz=12, trace=300000, nelems=6, elem type=char[])
ARR 50002c20 (sz=16, trace=300000, nelems=8, elem type=char[])
ARR 50002c21 (sz=18, trace=300000, nelems=9, elem type=char[])
ARR 50002c22 (sz=14, trace=300000, nelems=7, elem type=char[])
ARR 50002c23 (sz=14, trace=300000, nelems=7, elem type=char[])
ARR 50002c24 (sz=4, trace=300000, nelems=2, elem type=char[])
ARR 50002c25 (sz=6, trace=300000, nelems=3, elem type=char[])
ARR 50002c26 (sz=4, trace=300000, nelems=2, elem type=char[])
ARR 50002c27 (sz=2, trace=300000, nelems=1, elem type=char[])
ARR 50002c28 (sz=12, trace=300000, nelems=6, elem type=char[])
ARR 50002c29 (sz=20, trace=300000, nelems=10, elem type=char[])
ARR 50002c2a (sz=20, trace=300000, nelems=10, elem type=char[])
OBJ 50002c2b (sz=24, trace=300000, class=java.lang.String@5000016e)
	value		50002c3f
OBJ 50002c2c (sz=24, trace=300000, class=java.lang.String@5000016e)
	value		50002c40
OBJ 50002c2d (sz=24, trace=300000, class=java.lang.String@5000016e)
	value		50002c41
OBJ 50002c2e (sz=24, trace=300000, class=java.lang.String@5000016e)
	value		50002c42
OBJ 50002c2f (sz=24, trace=300000, class=java.lang.String@5000016e)
	value		50002c43
OBJ 50002c30 (sz=24, trace=300000, class=java.lang.String@5000016e)
	value		50002c44
OBJ 50002c31 (sz=24, trace=300000, class=java.lang.String@5000016e)
	value		50002c45
OBJ 50002c32 (sz=24, trace=300000, class=java.lang.String@5000016e)
	value		50002c46
OBJ 50002c33 (sz=24, trace=300000, class=java.lang.String@5000016e)
	value		50002c47
OBJ 50002c34 (sz=24, trace=300000, class=java.lang.String@5000016e)
	value		50002c48
OBJ 50002c35 (sz=24, trace=300000, class=java.lang.String@5000016e)
	value		50002c49
OBJ 50002c36 (sz=24, trace=300000, class=java.lang.String@5000016e)
	value		50002c4a
OBJ 50002c37 (sz=24, trace=300000, class=java.lang.String@5000016e)
	value		50002c4b
OBJ 50002c38 (sz=24, trace=300000, class=java.lang.String@5000016e)
	value		50002c4c
OBJ 50002c39 (sz=24, trace=300000, class=java.lang.String@5000016e)
	value		50002c4d
OBJ 50002c3a (sz=24, trace=300000, class=java.lang.String@5000016e)
	value		50002c4e
OBJ 50002c3b (sz=24, trace=300000, class=java.lang.String@5000016e)
	value		50002c4f
OBJ 50002c3c (sz=24, trace=300000, class=java.lang.String@5000016e)
	value		50002c50
OBJ 50002c3d (sz=24, trace=300000, class=java.lang.String@5000016e)
	value		50002c51
OBJ 50002c3e (sz=24, trace=300000, class=java.lang.String@5000016e)
	value		50002c52
ARR 50002c3f (sz=28, trace=300000, nelems=14, elem type=char[])
ARR 50002c40 (sz=8, trace=300000, nelems=4, elem type=char[])
ARR 50002c41 (sz=18, trace=300000, nelems=9, elem type=char[])
ARR 50002c42 (sz=14, trace=300000, nelems=7, elem type=char[])
ARR 50002c43 (sz=14, trace=300000, nelems=7, elem type=char[])
ARR 50002c44 (sz=10, trace=300000, nelems=5, elem type=char[])
ARR 50002c45 (sz=22, trace=300000, nelems=11, elem type=char[])
ARR 50002c46 (sz=14, trace=300000, nelems=7, elem type=char[])
ARR 50002c47 (sz=14, trace=300000, nelems=7, elem type=char[])
ARR 50002c48 (sz=18, trace=300000, nelems=9, elem type=char[])
ARR 50002c49 (sz=18, trace=300000, nelems=9, elem type=char[])
ARR 50002c4a (sz=8, trace=300000, nelems=4, elem type=char[])
ARR 50002c4b (sz=20, trace=300000, nelems=10, elem type=char[])
ARR 50002c4c (sz=6, trace=300000, nelems=3, elem type=char[])
ARR 50002c4d (sz=12, trace=300000, nelems=6, elem type=char[])
ARR 50002c4e (sz=12, trace=300000, nelems=6, elem type=char[])
ARR 50002c4f (sz=12, trace=300000, nelems=6, elem type=char[])
ARR 50002c50 (sz=6, trace=300000, nelems=3, elem type=char[])
ARR 50002c51 (sz=18, trace=300000, nelems=9, elem type=char[])
ARR 50002c52 (sz=14, trace=300000, nelems=7, elem type=char[])
OBJ 50002c53 (sz=24, trace=300000, class=java.lang.String@5000016e)
	value		50002c5b
OBJ 50002c54 (sz=24, trace=300000, class=java.lang.String@5000016e)
	value		50002c61
OBJ 50002c55 (sz=24, trace=300000, class=java.lang.String@5000016e)
	value		50002c5d
OBJ 50002c56 (sz=24, trace=300000, class=java.lang.String@5000016e)
	value		50002c5f
OBJ 50002c57 (sz=24, trace=300000, class=java.lang.String@5000016e)
	value		50002c62
OBJ 50002c58 (sz=24, trace=300000, class=java.lang.String@5000016e)
	value		50002c5e
OBJ 50002c59 (sz=24, trace=300000, class=java.lang.String@5000016e)
	value		50002c60
OBJ 50002c5a (sz=24, trace=300000, class=java.lang.String@5000016e)
	value		50002c5c
ARR 50002c5b (sz=12, trace=300000, nelems=6, elem type=char[])
ARR 50002c5c (sz=8, trace=300000, nelems=4, elem type=char[])
ARR 50002c5d (sz=8, trace=300000, nelems=4, elem type=char[])
ARR 50002c5e (sz=12, trace=300000, nelems=6, elem type=char[])
ARR 50002c5f (sz=14, trace=300000, nelems=7, elem type=char[])
ARR 50002c60 (sz=14, trace=300000, nelems=7, elem type=char[])
ARR 50002c61 (sz=16, trace=300000, nelems=8, elem type=char[])
ARR 50002c62 (sz=12, trace=300000, nelems=6, elem type=char[])
OBJ 50002c63 (sz=24, trace=300000, class=java.lang.String@5000016e)
	value		50002c6d
OBJ 50002c64 (sz=24, trace=300000, class=java.lang.String@5000016e)
	value		50002c72
OBJ 50002c65 (sz=24, trace=300000, class=java.lang.String@5000016e)
	value		50002c70
OBJ 50002c66 (sz=24, trace=300000, class=java.lang.String@5000016e)
	value		50002c75
OBJ 50002c67 (sz=24, trace=300000, class=java.lang.String@5000016e)
	value		50002c6e
OBJ 50002c68 (sz=24, trace=300000, class=java.lang.String@5000016e)
	value		50002c73
OBJ 50002c69 (sz=24, trace=300000, class=java.lang.String@5000016e)
	value		50002c6f
OBJ 50002c6a (sz=24, trace=300000, class=java.lang.String@5000016e)
	value		50002c74
OBJ 50002c6b (sz=24, trace=300000, class=java.lang.String@5000016e)
	value		50002c71
OBJ 50002c6c (sz=24, trace=300000, class=java.lang.String@5000016e)
	value		50002c76
ARR 50002c6d (sz=14, trace=300000, nelems=7, elem type=char[])
ARR 50002c6e (sz=42, trace=300000, nelems=21, elem type=char[])
ARR 50002c6f (sz=38, trace=300000, nelems=19, elem type=char[])
ARR 50002c70 (sz=40, trace=300000, nelems=20, elem type=char[])
ARR 50002c71 (sz=40, trace=300000, nelems=20, elem type=char[])
ARR 50002c72 (sz=12, trace=300000, nelems=6, elem type=char[])
ARR 50002c73 (sz=40, trace=300000, nelems=20, elem type=char[])
ARR 50002c74 (sz=36, trace=300000, nelems=18, elem type=char[])
ARR 50002c75 (sz=38, trace=300000, nelems=19, elem type=char[])
ARR 50002c76 (sz=38, trace=300000, nelems=19, elem type=char[])
OBJ 50002c77 (sz=24, trace=300000, class=java.lang.String@5000016e)
	value		50002c78
ARR 50002c78 (sz=44, trace=300000, nelems=22, elem type=char[])
OBJ 50002c79 (sz=24, trace=300000, class=java.lang.String@5000016e)
	value		50002c7c
OBJ 50002c7a (sz=24, trace=300000, class=java.lang.String@5000016e)
	value		50002c7d
ARR 50002c7b (sz=16, trace=300000, nelems=8, elem type=char[])
ARR 50002c7c (sz=40, trace=300000, nelems=20, elem type=char[])
ARR 50002c7d (sz=14, trace=300000, nelems=7, elem type=char[])
OBJ 50002c7e (sz=24, trace=300000, class=java.lang.String@5000016e)
	value		50002cb9
OBJ 50002c7f (sz=24, trace=300000, class=java.lang.String@5000016e)
	value		50002cb8
OBJ 50002c80 (sz=24, trace=300000, class=java.lang.String@5000016e)
	value		50002cab
OBJ 50002c81 (sz=24, trace=300000, class=java.lang.String@5000016e)
	value		50002caa
OBJ 50002c82 (sz=24, trace=300000, class=java.lang.String@5000016e)
	value		50002ca9
OBJ 50002c83 (sz=24, trace=300000, class=java.lang.String@5000016e)
	value		50002ca8
OBJ 50002c84 (sz=24, trace=300000, class=java.lang.String@5000016e)
	value		50002ca7
OBJ 50002c85 (sz=24, trace=300000, class=java.lang.String@5000016e)
	value		50002ca6
OBJ 50002c86 (sz=24, trace=300000, class=java.lang.String@5000016e)
	value		50002ca5
OBJ 50002c87 (sz=24, trace=300000, class=java.lang.String@5000016e)
	value		50002c8a
OBJ 50002c88 (sz=24, trace=300000, class=java.lang.String@5000016e)
	value		50002c89
ARR 50002c89 (sz=12, trace=300000, nelems=6, elem type=char[])
ARR 50002c8a (sz=26, trace=300000, nelems=13, elem type=char[])
OBJ 50002c8b (sz=24, trace=300000, class=java.lang.String@5000016e)
	value		50002c96
OBJ 50002c8c (sz=24, trace=300000, class=java.lang.String@5000016e)
	value		50002c95
OBJ 50002c8d (sz=24, trace=300000, class=java.lang.String@5000016e)
	value		50002c94
OBJ 50002c8e (sz=24, trace=300000, class=java.lang.String@5000016e)
	value		50002c93
OBJ 50002c8f (sz=24, trace=300000, class=java.lang.String@5000016e)
	value		50002c91
OBJ 50002c90 (sz=24, trace=300000, class=java.lang.String@5000016e)
	value		50002c92
ARR 50002c91 (sz=10, trace=300000, nelems=5, elem type=char[])
ARR 50002c92 (sz=12, trace=300000, nelems=6, elem type=char[])
ARR 50002c93 (sz=20, trace=300000, nelems=10, elem type=char[])
ARR 50002c94 (sz=18, trace=300000, nelems=9, elem type=char[])
ARR 50002c95 (sz=30, trace=300000, nelems=15, elem type=char[])
ARR 50002c96 (sz=10, trace=300000, nelems=5, elem type=char[])
OBJ 50002c97 (sz=24, trace=300000, class=java.lang.String@5000016e)
	value		50002c9c
OBJ 50002c98 (sz=24, trace=300000, class=java.lang.String@5000016e)
	value		50002c9e
OBJ 50002c99 (sz=24, trace=300000, class=java.lang.String@5000016e)
	value		50002c9d
OBJ 50002c9a (sz=24, trace=300000, class=java.lang.String@5000016e)
	value		50002c9b
ARR 50002c9b (sz=14, trace=300000, nelems=7, elem type=char[])
ARR 50002c9c (sz=14, trace=300000, nelems=7, elem type=char[])
ARR 50002c9d (sz=28, trace=300000, nelems=14, elem type=char[])
ARR 50002c9e (sz=6, trace=300000, nelems=3, elem type=char[])
OBJ 50002c9f (sz=24, trace=300000, class=java.lang.String@5000016e)
	value		50002ca4
OBJ 50002ca0 (sz=24, trace=300000, class=java.lang.String@5000016e)
	value		50002ca3
OBJ 50002ca1 (sz=24, trace=300000, class=java.lang.String@5000016e)
	value		50002ca2
ARR 50002ca2 (sz=36, trace=300000, nelems=18, elem type=char[])
ARR 50002ca3 (sz=42, trace=300000, nelems=21, elem type=char[])
ARR 50002ca4 (sz=40, trace=300000, nelems=20, elem type=char[])
ARR 50002ca5 (sz=28, trace=300000, nelems=14, elem type=char[])
ARR 50002ca6 (sz=16, trace=300000, nelems=8, elem type=char[])
ARR 50002ca7 (sz=32, trace=300000, nelems=16, elem type=char[])
ARR 50002ca8 (sz=22, trace=300000, nelems=11, elem type=char[])
ARR 50002ca9 (sz=12, trace=300000, nelems=6, elem type=char[])
ARR 50002caa (sz=28, trace=300000, nelems=14, elem type=char[])
ARR 50002cab (sz=22, trace=300000, nelems=11, elem type=char[])
OBJ 50002cac (sz=24, trace=300000, class=java.lang.String@5000016e)
	value		50002cb7
OBJ 50002cad (sz=24, trace=300000, class=java.lang.String@5000016e)
	value		50002cb2
OBJ 50002cae (sz=24, trace=300000, class=java.lang.String@5000016e)
	value		50002cb6
OBJ 50002caf (sz=24, trace=300000, class=java.lang.String@5000016e)
	value		50002cb5
OBJ 50002cb0 (sz=24, trace=300000, class=java.lang.String@5000016e)
	value		50002cb3
OBJ 50002cb1 (sz=24, trace=300000, class=java.lang.String@5000016e)
	value		50002cb4
ARR 50002cb2 (sz=18, trace=300000, nelems=9, elem type=char[])
ARR 50002cb3 (sz=26, trace=300000, nelems=13, elem type=char[])
ARR 50002cb4 (sz=12, trace=300000, nelems=6, elem type=char[])
ARR 50002cb5 (sz=22, trace=300000, nelems=11, elem type=char[])
ARR 50002cb6 (sz=28, trace=300000, nelems=14, elem type=char[])
ARR 50002cb7 (sz=20, trace=300000, nelems=10, elem type=char[])
ARR 50002cb8 (sz=58, trace=300000, nelems=29, elem type=char[])
ARR 50002cb9 (sz=16, trace=300000, nelems=8, elem type=char[])
ARR 50002cba (sz=26, trace=300000, nelems=13, elem type=char[])
ARR 50002cbb (sz=28, trace=300000, nelems=14, elem type=char[])
ARR 50002cbc (sz=20, trace=300000, nelems=10, elem type=char[])
OBJ 50002cbd (sz=24, trace=300000, class=java.lang.String@5000016e)
	value		50002cc0
OBJ 50002cbe (sz=24, trace=300000, class=java.lang.String@5000016e)
	value		50002cbf
ARR 50002cbf (sz=12, trace=300000, nelems=6, elem type=char[])
ARR 50002cc0 (sz=40, trace=300000, nelems=20, elem type=char[])
ARR 50002cc1 (sz=264, trace=300000, nelems=61, elem type=com.sun.tools.javac.main.Option[]@5000161d)
	[0]		500013c3
	[1]		500013c4
	[2]		5000141e
	[3]		5000141f
	[4]		500015bc
	[5]		500015bd
	[6]		500015be
	[7]		500015bf
	[8]		500015c0
	[9]		500015c1
	[10]		500015c2
	[11]		500015c3
	[12]		500015c4
	[13]		500015c5
	[14]		500015c6
	[15]		500015c7
	[16]		500015c8
	[17]		500015c9
	[18]		500015ca
	[19]		500015cb
	[20]		500015cc
	[21]		500015d2
	[22]		500015d3
	[23]		500015d4
	[24]		500015d5
	[25]		500015d6
	[26]		500015d7
	[27]		500015d8
	[28]		500015de
	[29]		500015df
	[30]		500015e0
	[31]		500015e1
	[32]		500015e2
	[33]		500015e3
	[34]		500015e4
	[35]		500015e5
	[36]		500015e6
	[37]		500015e7
	[38]		500015e8
	[39]		500015ee
	[40]		500015ef
	[41]		500015f0
	[42]		500015f1
	[43]		500015f2
	[44]		500015f3
	[45]		500015f4
	[46]		500015f5
	[47]		500015f6
	[48]		50001600
	[49]		50001601
	[50]		50001602
	[51]		50001603
	[52]		50001609
	[53]		50001610
	[54]		50001611
	[55]		50001612
	[56]		50001613
	[57]		50001619
	[58]		5000161a
	[59]		5000161b
	[60]		5000161c
OBJ 50002cc2 (sz=24, trace=300000, class=java.lang.String@5000016e)
	value		50002cc3
ARR 50002cc3 (sz=18, trace=300000, nelems=9, elem type=char[])
OBJ 50002cc4 (sz=24, trace=300000, class=java.lang.String@5000016e)
	value		50002cc5
ARR 50002cc5 (sz=10, trace=300000, nelems=5, elem type=char[])
OBJ 50002cc6 (sz=16, trace=300000, class=java.security.ProtectionDomain$Key@50000008)
	this$0		50000a90
ARR 50002cc7 (sz=16, trace=300000, nelems=0, elem type=java.security.Principal[]@50000006)
OBJ 50002cc8 (sz=32, trace=300000, class=java.security.CodeSource@50000114)
OBJ 50002cc9 (sz=16, trace=300000, class=java.util.HashSet@50000005)
	map		50002cca
OBJ 50002cca (sz=48, trace=300000, class=java.util.HashMap@500000c6)
	table		50000850
ARR 50002ccb (sz=56, trace=300000, nelems=0, elem type=java.lang.Object[]@50000108)
OBJ 50002ccc (sz=16, trace=300000, class=sun.net.www.protocol.jar.Handler@50000003)
OBJ 50002ccd (sz=48, trace=300000, class=java.util.HashMap@500000c6)
	table		50000564
OBJ 50002cce (sz=24, trace=300000, class=java.util.ArrayList@500000dd)
	elementData	50000563
OBJ 50002ccf (sz=32, trace=300000, class=java.util.Stack@500000e2)
	elementData	50002cd5
OBJ 50002cd0 (sz=24, trace=300000, class=java.util.ArrayList@500000dd)
	elementData	50002cd1
ARR 50002cd1 (sz=56, trace=300000, nelems=2, elem type=java.lang.Object[]@50000108)
	[0]		500018f9
	[1]		50002cd2
OBJ 50002cd2 (sz=64, trace=300000, class=java.net.URL@50000119)
	protocol	50000ed9
	host		500005a0
	file		50002cd3
	authority	500005a0
	path		50002cd3
	handler		50000eed
OBJ 50002cd3 (sz=24, trace=300000, class=java.lang.String@5000016e)
	value		50002cd4
ARR 50002cd4 (sz=90, trace=300000, nelems=45, elem type=char[])
ARR 50002cd5 (sz=56, trace=300000, nelems=0, elem type=java.lang.Object[]@50000108)
OBJ 50002cd6 (sz=32, trace=300000, class=java.lang.ref.ReferenceQueue@5000014c)
	lock		50002cd8
ARR 50002cd7 (sz=80, trace=300000, nelems=0, elem type=java.util.WeakHashMap$Entry[]@50000048)
OBJ 50002cd8 (sz=16, trace=300000, class=java.lang.ref.ReferenceQueue$Lock@500000d1)
ARR 50002cd9 (sz=56, trace=300000, nelems=1, elem type=java.lang.Object[]@50000108)
	[0]		50000747
ARR 50002cda (sz=56, trace=300000, nelems=1, elem type=java.lang.Object[]@50000108)
	[0]		50002cdb
OBJ 50002cdb (sz=40, trace=300000, class=java.lang.ClassLoader$NativeLibrary@5000005f)
	fromClass	50000167
	name		50000747
ARR 50002cdc (sz=56, trace=300000, nelems=0, elem type=java.lang.Object[]@50000108)
OBJ 50002cdd (sz=24, trace=300000, class=java.lang.String@5000016e)
	value		50002d16
OBJ 50002cde (sz=24, trace=300000, class=java.lang.String@5000016e)
	value		50002d15
OBJ 50002cdf (sz=24, trace=300000, class=java.lang.String@5000016e)
	value		50002d14
OBJ 50002ce0 (sz=24, trace=300000, class=java.lang.String@5000016e)
	value		50002d13
OBJ 50002ce1 (sz=24, trace=300000, class=java.lang.String@5000016e)
	value		50002d12
OBJ 50002ce2 (sz=24, trace=300000, class=java.lang.String@5000016e)
	value		50002d11
OBJ 50002ce3 (sz=24, trace=300000, class=java.lang.String@5000016e)
	value		50002d10
OBJ 50002ce4 (sz=24, trace=300000, class=java.lang.String@5000016e)
	value		50002d0f
OBJ 50002ce5 (sz=24, trace=300000, class=java.lang.String@5000016e)
	value		50002d0e
OBJ 50002ce6 (sz=24, trace=300000, class=java.lang.String@5000016e)
	value		50002d0d
OBJ 50002ce7 (sz=24, trace=300000, class=java.lang.String@5000016e)
	value		50002d0c
OBJ 50002ce8 (sz=24, trace=300000, class=java.lang.String@5000016e)
	value		50002d0b
OBJ 50002ce9 (sz=24, trace=300000, class=java.lang.String@5000016e)
	value		50002d0a
OBJ 50002cea (sz=24, trace=300000, class=java.lang.String@5000016e)
	value		50002d09
OBJ 50002ceb (sz=24, trace=300000, class=java.lang.String@5000016e)
	value		50002d08
OBJ 50002cec (sz=24, trace=300000, class=java.lang.String@5000016e)
	value		50002d07
OBJ 50002ced (sz=24, trace=300000, class=java.lang.String@5000016e)
	value		50002d06
OBJ 50002cee (sz=24, trace=300000, class=java.lang.String@5000016e)
	value		50002d05
OBJ 50002cef (sz=24, trace=300000, class=java.lang.String@5000016e)
	value		50002d04
OBJ 50002cf0 (sz=24, trace=300000, class=java.lang.String@5000016e)
	value		50002d03
OBJ 50002cf1 (sz=24, trace=300000, class=java.lang.String@5000016e)
	value		50002d02
OBJ 50002cf2 (sz=24, trace=300000, class=java.lang.String@5000016e)
	value		50002d01
OBJ 50002cf3 (sz=24, trace=300000, class=java.lang.String@5000016e)
	value		50002d00
OBJ 50002cf4 (sz=24, trace=300000, class=java.lang.String@5000016e)
	value		50002cff
OBJ 50002cf5 (sz=24, trace=300000, class=java.lang.String@5000016e)
	value		50002cfe
OBJ 50002cf6 (sz=24, trace=300000, class=java.lang.String@5000016e)
	value		50002cfd
OBJ 50002cf7 (sz=24, trace=300000, class=java.lang.String@5000016e)
	value		50002cfc
OBJ 50002cf8 (sz=24, trace=300000, class=java.lang.String@5000016e)
	value		50002cfb
OBJ 50002cf9 (sz=24, trace=300000, class=java.lang.String@5000016e)
	value		50002cfa
ARR 50002cfa (sz=2, trace=300000, nelems=1, elem type=char[])
ARR 50002cfb (sz=74, trace=300000, nelems=37, elem type=char[])
ARR 50002cfc (sz=76, trace=300000, nelems=38, elem type=char[])
ARR 50002cfd (sz=98, trace=300000, nelems=49, elem type=char[])
ARR 50002cfe (sz=106, trace=300000, nelems=53, elem type=char[])
ARR 50002cff (sz=24, trace=300000, nelems=12, elem type=char[])
ARR 50002d00 (sz=106, trace=300000, nelems=53, elem type=char[])
ARR 50002d01 (sz=114, trace=300000, nelems=57, elem type=char[])
ARR 50002d02 (sz=130, trace=300000, nelems=65, elem type=char[])
ARR 50002d03 (sz=94, trace=300000, nelems=47, elem type=char[])
ARR 50002d04 (sz=116, trace=300000, nelems=58, elem type=char[])
ARR 50002d05 (sz=98, trace=300000, nelems=49, elem type=char[])
ARR 50002d06 (sz=76, trace=300000, nelems=38, elem type=char[])
ARR 50002d07 (sz=58, trace=300000, nelems=29, elem type=char[])
ARR 50002d08 (sz=48, trace=300000, nelems=24, elem type=char[])
ARR 50002d09 (sz=76, trace=300000, nelems=38, elem type=char[])
ARR 50002d0a (sz=64, trace=300000, nelems=32, elem type=char[])
ARR 50002d0b (sz=48, trace=300000, nelems=24, elem type=char[])
ARR 50002d0c (sz=86, trace=300000, nelems=43, elem type=char[])
ARR 50002d0d (sz=48, trace=300000, nelems=24, elem type=char[])
ARR 50002d0e (sz=20, trace=300000, nelems=10, elem type=char[])
ARR 50002d0f (sz=38, trace=300000, nelems=19, elem type=char[])
ARR 50002d10 (sz=70, trace=300000, nelems=35, elem type=char[])
ARR 50002d11 (sz=112, trace=300000, nelems=56, elem type=char[])
ARR 50002d12 (sz=32, trace=300000, nelems=16, elem type=char[])
ARR 50002d13 (sz=20, trace=300000, nelems=10, elem type=char[])
ARR 50002d14 (sz=38, trace=300000, nelems=19, elem type=char[])
ARR 50002d15 (sz=46, trace=300000, nelems=23, elem type=char[])
ARR 50002d16 (sz=76, trace=300000, nelems=38, elem type=char[])
OBJ 50002d17 (sz=24, trace=300000, class=java.lang.String@5000016e)
	value		50002d18
ARR 50002d18 (sz=48, trace=300000, nelems=24, elem type=char[])
OBJ 50002d19 (sz=24, trace=300000, class=java.util.Collections$SetFromMap@50000047)
	m		50002d1b
	s		50002d1a
OBJ 50002d1a (sz=16, trace=300000, class=java.util.WeakHashMap$KeySet@50000046)
	this$0		50002d1b
OBJ 50002d1b (sz=48, trace=300000, class=java.util.WeakHashMap@5000009b)
	keySet		50002d1a
	table		50002d1d
	queue		50002d1c
OBJ 50002d1c (sz=32, trace=300000, class=java.lang.ref.ReferenceQueue@5000014c)
	lock		50002d22
ARR 50002d1d (sz=80, trace=300000, nelems=14, elem type=java.util.WeakHashMap$Entry[]@50000048)
	[4]		50002d1e
	[6]		50002d1f
	[13]		50002d20
OBJ 50002d1e (sz=40, trace=300000, class=java.util.WeakHashMap$Entry@5000004b)
	referent	5000011a
	queue		50002d1c
	value		50000a77
OBJ 50002d1f (sz=40, trace=300000, class=java.util.WeakHashMap$Entry@5000004b)
	referent	5000015e
	queue		50002d1c
	value		50000a77
	next		50002d23
OBJ 50002d20 (sz=40, trace=300000, class=java.util.WeakHashMap$Entry@5000004b)
	referent	50000116
	queue		50002d1c
	value		50000a77
	next		50002d21
OBJ 50002d21 (sz=40, trace=300000, class=java.util.WeakHashMap$Entry@5000004b)
	referent	50000115
	queue		50002d1c
	value		50000a77
OBJ 50002d22 (sz=16, trace=300000, class=java.lang.ref.ReferenceQueue$Lock@500000d1)
OBJ 50002d23 (sz=40, trace=300000, class=java.util.WeakHashMap$Entry@5000004b)
	referent	50000168
	queue		50002d1c
	value		50000a77
ARR 50002d24 (sz=42, trace=300000, nelems=21, elem type=char[])
ARR 50002d25 (sz=34, trace=300000, nelems=17, elem type=char[])
ARR 50002d26 (sz=10, trace=300000, nelems=5, elem type=char[])
ARR 50002d27 (sz=58, trace=300000, nelems=29, elem type=char[])
ARR 50002d28 (sz=54, trace=300000, nelems=27, elem type=char[])
ARR 50002d29 (sz=74, trace=300000, nelems=37, elem type=char[])
ARR 50002d2a (sz=44, trace=300000, nelems=22, elem type=char[])
ARR 50002d2b (sz=4, trace=300000, nelems=2, elem type=char[])
ARR 50002d2c (sz=4, trace=300000, nelems=2, elem type=char[])
OBJ 50002d2d (sz=32, trace=300000, class=sun.util.locale.BaseLocale@5000001c)
	language	5000080a
	script		500005a0
	region		50000826
	variant		500005a0
OBJ 50002d2e (sz=16, trace=300000, class=java.lang.ref.ReferenceQueue$Lock@500000d1)
OBJ 50002d2f (sz=48, trace=300000, class=sun.util.locale.LocaleObjectCache$CacheEntry@50000019)
	referent	50002d37
	queue		50000891
	key		50002d30
OBJ 50002d30 (sz=40, trace=300000, class=sun.util.locale.BaseLocale$Key@5000001a)
	lang		50002d34
	scrt		50002d33
	regn		50002d32
	vart		50002d31
OBJ 50002d31 (sz=40, trace=300000, class=java.lang.ref.SoftReference@50000152)
	referent	500005a0
	queue		500008aa
OBJ 50002d32 (sz=40, trace=300000, class=java.lang.ref.SoftReference@50000152)
	referent	5000082b
	queue		500008aa
OBJ 50002d33 (sz=40, trace=300000, class=java.lang.ref.SoftReference@50000152)
	referent	500005a0
	queue		500008aa
OBJ 50002d34 (sz=40, trace=300000, class=java.lang.ref.SoftReference@50000152)
	referent	5000080e
	queue		500008aa
ARR 50002d35 (sz=4, trace=300000, nelems=2, elem type=char[])
ARR 50002d36 (sz=4, trace=300000, nelems=2, elem type=char[])
OBJ 50002d37 (sz=32, trace=300000, class=sun.util.locale.BaseLocale@5000001c)
	language	5000080e
	script		500005a0
	region		5000082b
	variant		500005a0
OBJ 50002d38 (sz=48, trace=300000, class=sun.util.locale.LocaleObjectCache$CacheEntry@50000019)
	referent	50002d3f
	queue		50000891
	key		50002d39
OBJ 50002d39 (sz=40, trace=300000, class=sun.util.locale.BaseLocale$Key@5000001a)
	lang		50002d3d
	scrt		50002d3c
	regn		50002d3b
	vart		50002d3a
OBJ 50002d3a (sz=40, trace=300000, class=java.lang.ref.SoftReference@50000152)
	referent	500005a0
	queue		500008aa
OBJ 50002d3b (sz=40, trace=300000, class=java.lang.ref.SoftReference@50000152)
	referent	500005a0
	queue		500008aa
OBJ 50002d3c (sz=40, trace=300000, class=java.lang.ref.SoftReference@50000152)
	referent	500005a0
	queue		500008aa
OBJ 50002d3d (sz=40, trace=300000, class=java.lang.ref.SoftReference@50000152)
	referent	5000080d
	queue		500008aa
ARR 50002d3e (sz=4, trace=300000, nelems=2, elem type=char[])
OBJ 50002d3f (sz=32, trace=300000, class=sun.util.locale.BaseLocale@5000001c)
	language	5000080d
	script		500005a0
	region		500005a0
	variant		500005a0
OBJ 50002d40 (sz=48, trace=300000, class=sun.util.locale.LocaleObjectCache$CacheEntry@50000019)
	referent	50002d46
	queue		50000891
	key		50002d41
OBJ 50002d41 (sz=40, trace=300000, class=sun.util.locale.BaseLocale$Key@5000001a)
	lang		50002d45
	scrt		50002d44
	regn		50002d43
	vart		50002d42
OBJ 50002d42 (sz=40, trace=300000, class=java.lang.ref.SoftReference@50000152)
	referent	500005a0
	queue		500008aa
OBJ 50002d43 (sz=40, trace=300000, class=java.lang.ref.SoftReference@50000152)
	referent	500005a0
	queue		500008aa
OBJ 50002d44 (sz=40, trace=300000, class=java.lang.ref.SoftReference@50000152)
	referent	500005a0
	queue		500008aa
OBJ 50002d45 (sz=40, trace=300000, class=java.lang.ref.SoftReference@50000152)
	referent	50000825
	queue		500008aa
OBJ 50002d46 (sz=32, trace=300000, class=sun.util.locale.BaseLocale@5000001c)
	language	50000825
	script		500005a0
	region		500005a0
	variant		500005a0
OBJ 50002d47 (sz=32, trace=300000, class=java.util.concurrent.ConcurrentHashMap$Node@50000024)
	key		50002d51
	val		50002d50
	next		50002d4f
OBJ 50002d48 (sz=48, trace=300000, class=sun.util.locale.LocaleObjectCache$CacheEntry@50000019)
	referent	50002d4e
	queue		50000891
	key		50002d49
OBJ 50002d49 (sz=40, trace=300000, class=sun.util.locale.BaseLocale$Key@5000001a)
	lang		50002d4d
	scrt		50002d4c
	regn		50002d4b
	vart		50002d4a
OBJ 50002d4a (sz=40, trace=300000, class=java.lang.ref.SoftReference@50000152)
	referent	500005a0
	queue		500008aa
OBJ 50002d4b (sz=40, trace=300000, class=java.lang.ref.SoftReference@50000152)
	referent	500005a0
	queue		500008aa
OBJ 50002d4c (sz=40, trace=300000, class=java.lang.ref.SoftReference@50000152)
	referent	500005a0
	queue		500008aa
OBJ 50002d4d (sz=40, trace=300000, class=java.lang.ref.SoftReference@50000152)
	referent	5000080a
	queue		500008aa
OBJ 50002d4e (sz=32, trace=300000, class=sun.util.locale.BaseLocale@5000001c)
	language	5000080a
	script		500005a0
	region		500005a0
	variant		500005a0
OBJ 50002d4f (sz=32, trace=300000, class=java.util.concurrent.ConcurrentHashMap$Node@50000024)
	key		50002d5a
	val		50002d59
OBJ 50002d50 (sz=48, trace=300000, class=sun.util.locale.LocaleObjectCache$CacheEntry@50000019)
	referent	50002d58
	queue		50000891
	key		50002d51
OBJ 50002d51 (sz=40, trace=300000, class=sun.util.locale.BaseLocale$Key@5000001a)
	lang		50002d55
	scrt		50002d54
	regn		50002d53
	vart		50002d52
OBJ 50002d52 (sz=40, trace=300000, class=java.lang.ref.SoftReference@50000152)
	referent	500005a0
	queue		500008aa
OBJ 50002d53 (sz=40, trace=300000, class=java.lang.ref.SoftReference@50000152)
	referent	500007fe
	queue		500008aa
OBJ 50002d54 (sz=40, trace=300000, class=java.lang.ref.SoftReference@50000152)
	referent	500005a0
	queue		500008aa
OBJ 50002d55 (sz=40, trace=300000, class=java.lang.ref.SoftReference@50000152)
	referent	50000807
	queue		500008aa
ARR 50002d56 (sz=4, trace=300000, nelems=2, elem type=char[])
ARR 50002d57 (sz=4, trace=300000, nelems=2, elem type=char[])
OBJ 50002d58 (sz=32, trace=300000, class=sun.util.locale.BaseLocale@5000001c)
	language	50000807
	script		500005a0
	region		500007fe
	variant		500005a0
OBJ 50002d59 (sz=48, trace=300000, class=sun.util.locale.LocaleObjectCache$CacheEntry@50000019)
	referent	50002d60
	queue		50000891
	key		50002d5a
OBJ 50002d5a (sz=40, trace=300000, class=sun.util.locale.BaseLocale$Key@5000001a)
	lang		50002d5e
	scrt		50002d5d
	regn		50002d5c
	vart		50002d5b
OBJ 50002d5b (sz=40, trace=300000, class=java.lang.ref.SoftReference@50000152)
	referent	500005a0
	queue		500008aa
OBJ 50002d5c (sz=40, trace=300000, class=java.lang.ref.SoftReference@50000152)
	referent	50000801
	queue		500008aa
OBJ 50002d5d (sz=40, trace=300000, class=java.lang.ref.SoftReference@50000152)
	referent	500005a0
	queue		500008aa
OBJ 50002d5e (sz=40, trace=300000, class=java.lang.ref.SoftReference@50000152)
	referent	5000080d
	queue		500008aa
ARR 50002d5f (sz=4, trace=300000, nelems=2, elem type=char[])
OBJ 50002d60 (sz=32, trace=300000, class=sun.util.locale.BaseLocale@5000001c)
	language	5000080d
	script		500005a0
	region		50000801
	variant		500005a0
OBJ 50002d61 (sz=32, trace=300000, class=java.util.concurrent.ConcurrentHashMap$Node@50000024)
	key		50002d6b
	val		50002d6a
OBJ 50002d62 (sz=48, trace=300000, class=sun.util.locale.LocaleObjectCache$CacheEntry@50000019)
	referent	50002d69
	queue		50000891
	key		50002d63
OBJ 50002d63 (sz=40, trace=300000, class=sun.util.locale.BaseLocale$Key@5000001a)
	lang		50002d67
	scrt		50002d66
	regn		50002d65
	vart		50002d64
OBJ 50002d64 (sz=40, trace=300000, class=java.lang.ref.SoftReference@50000152)
	referent	500005a0
	queue		500008aa
OBJ 50002d65 (sz=40, trace=300000, class=java.lang.ref.SoftReference@50000152)
	referent	500005a0
	queue		500008aa
OBJ 50002d66 (sz=40, trace=300000, class=java.lang.ref.SoftReference@50000152)
	referent	500005a0
	queue		500008aa
OBJ 50002d67 (sz=40, trace=300000, class=java.lang.ref.SoftReference@50000152)
	referent	5000080c
	queue		500008aa
ARR 50002d68 (sz=4, trace=300000, nelems=2, elem type=char[])
OBJ 50002d69 (sz=32, trace=300000, class=sun.util.locale.BaseLocale@5000001c)
	language	5000080c
	script		500005a0
	region		500005a0
	variant		500005a0
OBJ 50002d6a (sz=48, trace=300000, class=sun.util.locale.LocaleObjectCache$CacheEntry@50000019)
	referent	50000887
	queue		50000891
	key		50002d6b
OBJ 50002d6b (sz=40, trace=300000, class=sun.util.locale.BaseLocale$Key@5000001a)
	lang		50002d6f
	scrt		50002d6e
	regn		50002d6d
	vart		50002d6c
OBJ 50002d6c (sz=40, trace=300000, class=java.lang.ref.SoftReference@50000152)
	referent	500005a0
	queue		500008aa
OBJ 50002d6d (sz=40, trace=300000, class=java.lang.ref.SoftReference@50000152)
	referent	5000082a
	queue		500008aa
OBJ 50002d6e (sz=40, trace=300000, class=java.lang.ref.SoftReference@50000152)
	referent	500005a0
	queue		500008aa
OBJ 50002d6f (sz=40, trace=300000, class=java.lang.ref.SoftReference@50000152)
	referent	50000808
	queue		500008aa
OBJ 50002d70 (sz=48, trace=300000, class=sun.util.locale.LocaleObjectCache$CacheEntry@50000019)
	referent	50001a01
	queue		50000891
	key		50002d71
OBJ 50002d71 (sz=40, trace=300000, class=sun.util.locale.BaseLocale$Key@5000001a)
	lang		50002d75
	scrt		50002d74
	regn		50002d73
	vart		50002d72
OBJ 50002d72 (sz=40, trace=300000, class=java.lang.ref.SoftReference@50000152)
	referent	500005a0
	queue		500008aa
OBJ 50002d73 (sz=40, trace=300000, class=java.lang.ref.SoftReference@50000152)
	referent	500005a0
	queue		500008aa
OBJ 50002d74 (sz=40, trace=300000, class=java.lang.ref.SoftReference@50000152)
	referent	500005a0
	queue		500008aa
OBJ 50002d75 (sz=40, trace=300000, class=java.lang.ref.SoftReference@50000152)
	referent	50000808
	queue		500008aa
OBJ 50002d76 (sz=32, trace=300000, class=java.util.concurrent.ConcurrentHashMap$Node@50000024)
	key		50002d81
	val		50002d80
	next		50002d7f
OBJ 50002d77 (sz=48, trace=300000, class=sun.util.locale.LocaleObjectCache$CacheEntry@50000019)
	referent	50002d7e
	queue		50000891
	key		50002d78
OBJ 50002d78 (sz=40, trace=300000, class=sun.util.locale.BaseLocale$Key@5000001a)
	lang		50002d7c
	scrt		50002d7b
	regn		50002d7a
	vart		50002d79
OBJ 50002d79 (sz=40, trace=300000, class=java.lang.ref.SoftReference@50000152)
	referent	500005a0
	queue		500008aa
OBJ 50002d7a (sz=40, trace=300000, class=java.lang.ref.SoftReference@50000152)
	referent	50000805
	queue		500008aa
OBJ 50002d7b (sz=40, trace=300000, class=java.lang.ref.SoftReference@50000152)
	referent	500005a0
	queue		500008aa
OBJ 50002d7c (sz=40, trace=300000, class=java.lang.ref.SoftReference@50000152)
	referent	50000825
	queue		500008aa
ARR 50002d7d (sz=4, trace=300000, nelems=2, elem type=char[])
OBJ 50002d7e (sz=32, trace=300000, class=sun.util.locale.BaseLocale@5000001c)
	language	50000825
	script		500005a0
	region		50000805
	variant		500005a0
OBJ 50002d7f (sz=32, trace=300000, class=java.util.concurrent.ConcurrentHashMap$Node@50000024)
	key		50002d8a
	val		50002d89
	next		50002d88
OBJ 50002d80 (sz=48, trace=300000, class=sun.util.locale.LocaleObjectCache$CacheEntry@50000019)
	referent	50002d87
	queue		50000891
	key		50002d81
OBJ 50002d81 (sz=40, trace=300000, class=sun.util.locale.BaseLocale$Key@5000001a)
	lang		50002d85
	scrt		50002d84
	regn		50002d83
	vart		50002d82
OBJ 50002d82 (sz=40, trace=300000, class=java.lang.ref.SoftReference@50000152)
	referent	500005a0
	queue		500008aa
OBJ 50002d83 (sz=40, trace=300000, class=java.lang.ref.SoftReference@50000152)
	referent	500007ff
	queue		500008aa
OBJ 50002d84 (sz=40, trace=300000, class=java.lang.ref.SoftReference@50000152)
	referent	500005a0
	queue		500008aa
OBJ 50002d85 (sz=40, trace=300000, class=java.lang.ref.SoftReference@50000152)
	referent	5000080a
	queue		500008aa
ARR 50002d86 (sz=4, trace=300000, nelems=2, elem type=char[])
OBJ 50002d87 (sz=32, trace=300000, class=sun.util.locale.BaseLocale@5000001c)
	language	5000080a
	script		500005a0
	region		500007ff
	variant		500005a0
OBJ 50002d88 (sz=32, trace=300000, class=java.util.concurrent.ConcurrentHashMap$Node@50000024)
	key		50002d90
	val		50002d8f
OBJ 50002d89 (sz=48, trace=300000, class=sun.util.locale.LocaleObjectCache$CacheEntry@50000019)
	referent	500019fd
	queue		50000891
	key		50002d8a
OBJ 50002d8a (sz=40, trace=300000, class=sun.util.locale.BaseLocale$Key@5000001a)
	lang		50002d8e
	scrt		50002d8d
	regn		50002d8c
	vart		50002d8b
OBJ 50002d8b (sz=40, trace=300000, class=java.lang.ref.SoftReference@50000152)
	referent	500005a0
	queue		500008aa
OBJ 50002d8c (sz=40, trace=300000, class=java.lang.ref.SoftReference@50000152)
	referent	5000082c
	queue		500008aa
OBJ 50002d8d (sz=40, trace=300000, class=java.lang.ref.SoftReference@50000152)
	referent	500005a0
	queue		500008aa
OBJ 50002d8e (sz=40, trace=300000, class=java.lang.ref.SoftReference@50000152)
	referent	50000808
	queue		500008aa
OBJ 50002d8f (sz=48, trace=300000, class=sun.util.locale.LocaleObjectCache$CacheEntry@50000019)
	referent	50002d95
	queue		50000891
	key		50002d90
OBJ 50002d90 (sz=40, trace=300000, class=sun.util.locale.BaseLocale$Key@5000001a)
	lang		50002d94
	scrt		50002d93
	regn		50002d92
	vart		50002d91
OBJ 50002d91 (sz=40, trace=300000, class=java.lang.ref.SoftReference@50000152)
	referent	500005a0
	queue		500008aa
OBJ 50002d92 (sz=40, trace=300000, class=java.lang.ref.SoftReference@50000152)
	referent	50000826
	queue		500008aa
OBJ 50002d93 (sz=40, trace=300000, class=java.lang.ref.SoftReference@50000152)
	referent	500005a0
	queue		500008aa
OBJ 50002d94 (sz=40, trace=300000, class=java.lang.ref.SoftReference@50000152)
	referent	50000808
	queue		500008aa
OBJ 50002d95 (sz=32, trace=300000, class=sun.util.locale.BaseLocale@5000001c)
	language	50000808
	script		500005a0
	region		50000826
	variant		500005a0
OBJ 50002d96 (sz=48, trace=300000, class=sun.util.locale.LocaleObjectCache$CacheEntry@50000019)
	referent	50002d9d
	queue		50000891
	key		50002d97
OBJ 50002d97 (sz=40, trace=300000, class=sun.util.locale.BaseLocale$Key@5000001a)
	lang		50002d9b
	scrt		50002d9a
	regn		50002d99
	vart		50002d98
OBJ 50002d98 (sz=40, trace=300000, class=java.lang.ref.SoftReference@50000152)
	referent	500005a0
	queue		500008aa
OBJ 50002d99 (sz=40, trace=300000, class=java.lang.ref.SoftReference@50000152)
	referent	50000800
	queue		500008aa
OBJ 50002d9a (sz=40, trace=300000, class=java.lang.ref.SoftReference@50000152)
	referent	500005a0
	queue		500008aa
OBJ 50002d9b (sz=40, trace=300000, class=java.lang.ref.SoftReference@50000152)
	referent	5000080c
	queue		500008aa
ARR 50002d9c (sz=4, trace=300000, nelems=2, elem type=char[])
OBJ 50002d9d (sz=32, trace=300000, class=sun.util.locale.BaseLocale@5000001c)
	language	5000080c
	script		500005a0
	region		50000800
	variant		500005a0
OBJ 50002d9e (sz=48, trace=300000, class=sun.util.locale.LocaleObjectCache$CacheEntry@50000019)
	referent	50002da4
	queue		50000891
	key		50002d9f
OBJ 50002d9f (sz=40, trace=300000, class=sun.util.locale.BaseLocale$Key@5000001a)
	lang		50002da3
	scrt		50002da2
	regn		50002da1
	vart		50002da0
OBJ 50002da0 (sz=40, trace=300000, class=java.lang.ref.SoftReference@50000152)
	referent	500005a0
	queue		500008aa
OBJ 50002da1 (sz=40, trace=300000, class=java.lang.ref.SoftReference@50000152)
	referent	500005a0
	queue		500008aa
OBJ 50002da2 (sz=40, trace=300000, class=java.lang.ref.SoftReference@50000152)
	referent	500005a0
	queue		500008aa
OBJ 50002da3 (sz=40, trace=300000, class=java.lang.ref.SoftReference@50000152)
	referent	5000080e
	queue		500008aa
OBJ 50002da4 (sz=32, trace=300000, class=sun.util.locale.BaseLocale@5000001c)
	language	5000080e
	script		500005a0
	region		500005a0
	variant		500005a0
OBJ 50002da5 (sz=48, trace=300000, class=sun.util.locale.LocaleObjectCache$CacheEntry@50000019)
	referent	50002dab
	queue		50000891
	key		50002da6
OBJ 50002da6 (sz=40, trace=300000, class=sun.util.locale.BaseLocale$Key@5000001a)
	lang		50002daa
	scrt		50002da9
	regn		50002da8
	vart		50002da7
OBJ 50002da7 (sz=40, trace=300000, class=java.lang.ref.SoftReference@50000152)
	referent	500005a0
	queue		500008aa
OBJ 50002da8 (sz=40, trace=300000, class=java.lang.ref.SoftReference@50000152)
	referent	500005a0
	queue		500008aa
OBJ 50002da9 (sz=40, trace=300000, class=java.lang.ref.SoftReference@50000152)
	referent	500005a0
	queue		500008aa
OBJ 50002daa (sz=40, trace=300000, class=java.lang.ref.SoftReference@50000152)
	referent	50000807
	queue		500008aa
OBJ 50002dab (sz=32, trace=300000, class=sun.util.locale.BaseLocale@5000001c)
	language	50000807
	script		500005a0
	region		500005a0
	variant		500005a0
OBJ 50002dac (sz=32, trace=300000, class=java.util.concurrent.ConcurrentHashMap$Node@50000024)
	key		50002db6
	val		50002db5
OBJ 50002dad (sz=48, trace=300000, class=sun.util.locale.LocaleObjectCache$CacheEntry@50000019)
	referent	50002db4
	queue		50000891
	key		50002dae
OBJ 50002dae (sz=40, trace=300000, class=sun.util.locale.BaseLocale$Key@5000001a)
	lang		50002db2
	scrt		50002db1
	regn		50002db0
	vart		50002daf
OBJ 50002daf (sz=40, trace=300000, class=java.lang.ref.SoftReference@50000152)
	referent	500005a0
	queue		500008aa
OBJ 50002db0 (sz=40, trace=300000, class=java.lang.ref.SoftReference@50000152)
	referent	500007fd
	queue		500008aa
OBJ 50002db1 (sz=40, trace=300000, class=java.lang.ref.SoftReference@50000152)
	referent	500005a0
	queue		500008aa
OBJ 50002db2 (sz=40, trace=300000, class=java.lang.ref.SoftReference@50000152)
	referent	50000825
	queue		500008aa
ARR 50002db3 (sz=4, trace=300000, nelems=2, elem type=char[])
OBJ 50002db4 (sz=32, trace=300000, class=sun.util.locale.BaseLocale@5000001c)
	language	50000825
	script		500005a0
	region		500007fd
	variant		500005a0
OBJ 50002db5 (sz=48, trace=300000, class=sun.util.locale.LocaleObjectCache$CacheEntry@50000019)
	referent	50001a08
	queue		50000891
	key		50002db6
OBJ 50002db6 (sz=40, trace=300000, class=sun.util.locale.BaseLocale$Key@5000001a)
	lang		50002dba
	scrt		50002db9
	regn		50002db8
	vart		50002db7
OBJ 50002db7 (sz=40, trace=300000, class=java.lang.ref.SoftReference@50000152)
	referent	500005a0
	queue		500008aa
OBJ 50002db8 (sz=40, trace=300000, class=java.lang.ref.SoftReference@50000152)
	referent	500005a0
	queue		500008aa
OBJ 50002db9 (sz=40, trace=300000, class=java.lang.ref.SoftReference@50000152)
	referent	500005a0
	queue		500008aa
OBJ 50002dba (sz=40, trace=300000, class=java.lang.ref.SoftReference@50000152)
	referent	500005a0
	queue		500008aa
ARR 50002dbb (sz=4, trace=300000, nelems=2, elem type=char[])
ARR 50002dbc (sz=4, trace=300000, nelems=2, elem type=char[])
ARR 50002dbd (sz=4, trace=300000, nelems=2, elem type=char[])
OBJ 50002dbe (sz=16, trace=300000, class=java.lang.ref.ReferenceQueue$Lock@500000d1)
OBJ 50002dbf (sz=32, trace=300000, class=java.util.concurrent.ConcurrentHashMap$Node@50000024)
	key		50002dc3
	val		50002dc2
OBJ 50002dc0 (sz=48, trace=300000, class=sun.util.locale.LocaleObjectCache$CacheEntry@50000019)
	referent	5000082f
	queue		5000086b
	key		50002dc1
OBJ 50002dc1 (sz=24, trace=300000, class=java.util.Locale$LocaleKey@50000018)
	base		500019fd
OBJ 50002dc2 (sz=48, trace=300000, class=sun.util.locale.LocaleObjectCache$CacheEntry@50000019)
	referent	50000832
	queue		5000086b
	key		50002dc3
OBJ 50002dc3 (sz=24, trace=300000, class=java.util.Locale$LocaleKey@50000018)
	base		50002d95
OBJ 50002dc4 (sz=48, trace=300000, class=sun.util.locale.LocaleObjectCache$CacheEntry@50000019)
	referent	50000858
	queue		5000086b
	key		50002dc5
OBJ 50002dc5 (sz=24, trace=300000, class=java.util.Locale$LocaleKey@50000018)
	base		50002d87
OBJ 50002dc6 (sz=48, trace=300000, class=sun.util.locale.LocaleObjectCache$CacheEntry@50000019)
	referent	50000854
	queue		5000086b
	key		50002dc7
OBJ 50002dc7 (sz=24, trace=300000, class=java.util.Locale$LocaleKey@50000018)
	base		50002d9d
OBJ 50002dc8 (sz=48, trace=300000, class=sun.util.locale.LocaleObjectCache$CacheEntry@50000019)
	referent	500005a2
	queue		5000086b
	key		50002dc9
OBJ 50002dc9 (sz=24, trace=300000, class=java.util.Locale$LocaleKey@50000018)
	base		50001a01
OBJ 50002dca (sz=48, trace=300000, class=sun.util.locale.LocaleObjectCache$CacheEntry@50000019)
	referent	5000085c
	queue		5000086b
	key		50002dcb
OBJ 50002dcb (sz=24, trace=300000, class=java.util.Locale$LocaleKey@50000018)
	base		50002d46
OBJ 50002dcc (sz=48, trace=300000, class=sun.util.locale.LocaleObjectCache$CacheEntry@50000019)
	referent	50000864
	queue		5000086b
	key		50002dcd
OBJ 50002dcd (sz=24, trace=300000, class=java.util.Locale$LocaleKey@50000018)
	base		50002dab
OBJ 50002dce (sz=48, trace=300000, class=sun.util.locale.LocaleObjectCache$CacheEntry@50000019)
	referent	50000856
	queue		5000086b
	key		50002dcf
OBJ 50002dcf (sz=24, trace=300000, class=java.util.Locale$LocaleKey@50000018)
	base		50002d58
OBJ 50002dd0 (sz=48, trace=300000, class=sun.util.locale.LocaleObjectCache$CacheEntry@50000019)
	referent	5000085e
	queue		5000086b
	key		50002dd1
OBJ 50002dd1 (sz=24, trace=300000, class=java.util.Locale$LocaleKey@50000018)
	base		50002da4
OBJ 50002dd2 (sz=48, trace=300000, class=sun.util.locale.LocaleObjectCache$CacheEntry@50000019)
	referent	50000862
	queue		5000086b
	key		50002dd3
OBJ 50002dd3 (sz=24, trace=300000, class=java.util.Locale$LocaleKey@50000018)
	base		50002d69
OBJ 50002dd4 (sz=32, trace=300000, class=java.util.concurrent.ConcurrentHashMap$Node@50000024)
	key		50002dd8
	val		50002dd7
OBJ 50002dd5 (sz=48, trace=300000, class=sun.util.locale.LocaleObjectCache$CacheEntry@50000019)
	referent	50000860
	queue		5000086b
	key		50002dd6
OBJ 50002dd6 (sz=24, trace=300000, class=java.util.Locale$LocaleKey@50000018)
	base		50002d3f
OBJ 50002dd7 (sz=48, trace=300000, class=sun.util.locale.LocaleObjectCache$CacheEntry@50000019)
	referent	50000834
	queue		5000086b
	key		50002dd8
OBJ 50002dd8 (sz=24, trace=300000, class=java.util.Locale$LocaleKey@50000018)
	base		50002d7e
OBJ 50002dd9 (sz=48, trace=300000, class=sun.util.locale.LocaleObjectCache$CacheEntry@50000019)
	referent	50000866
	queue		5000086b
	key		50002dda
OBJ 50002dda (sz=24, trace=300000, class=java.util.Locale$LocaleKey@50000018)
	base		50002d4e
OBJ 50002ddb (sz=48, trace=300000, class=sun.util.locale.LocaleObjectCache$CacheEntry@50000019)
	referent	50000831
	queue		5000086b
	key		50002ddc
OBJ 50002ddc (sz=24, trace=300000, class=java.util.Locale$LocaleKey@50000018)
	base		50002d2d
OBJ 50002ddd (sz=48, trace=300000, class=sun.util.locale.LocaleObjectCache$CacheEntry@50000019)
	referent	5000084d
	queue		5000086b
	key		50002dde
OBJ 50002dde (sz=24, trace=300000, class=java.util.Locale$LocaleKey@50000018)
	base		50002d37
OBJ 50002ddf (sz=48, trace=300000, class=sun.util.locale.LocaleObjectCache$CacheEntry@50000019)
	referent	5000084f
	queue		5000086b
	key		50002de0
OBJ 50002de0 (sz=24, trace=300000, class=java.util.Locale$LocaleKey@50000018)
	base		50002d60
OBJ 50002de1 (sz=32, trace=300000, class=java.util.concurrent.ConcurrentHashMap$Node@50000024)
	key		50002de5
	val		50002de4
OBJ 50002de2 (sz=48, trace=300000, class=sun.util.locale.LocaleObjectCache$CacheEntry@50000019)
	referent	50000846
	queue		5000086b
	key		50002de3
OBJ 50002de3 (sz=24, trace=300000, class=java.util.Locale$LocaleKey@50000018)
	base		50002db4
OBJ 50002de4 (sz=48, trace=300000, class=sun.util.locale.LocaleObjectCache$CacheEntry@50000019)
	referent	50000830
	queue		5000086b
	key		50002de5
OBJ 50002de5 (sz=24, trace=300000, class=java.util.Locale$LocaleKey@50000018)
	base		50001a08
OBJ 50002de6 (sz=40, trace=300000, class=java.io.ObjectStreamField@500000fc)
	name		5000081c
	signature	50001888
	type		5000016e
OBJ 50002de7 (sz=40, trace=300000, class=java.io.ObjectStreamField@500000fc)
	name		50000806
	signature	50001888
	type		5000016e
OBJ 50002de8 (sz=40, trace=300000, class=java.io.ObjectStreamField@500000fc)
	name		50000824
	signature	50001888
	type		5000016e
OBJ 50002de9 (sz=40, trace=300000, class=java.io.ObjectStreamField@500000fc)
	name		5000080b
	signature	50000d51
	type		50000576
OBJ 50002dea (sz=40, trace=300000, class=java.io.ObjectStreamField@500000fc)
	name		5000081d
	signature	50001888
	type		5000016e
OBJ 50002deb (sz=40, trace=300000, class=java.io.ObjectStreamField@500000fc)
	name		50000809
	signature	50001888
	type		5000016e
ARR 50002dec (sz=20, trace=300000, nelems=10, elem type=char[])
ARR 50002ded (sz=12, trace=300000, nelems=6, elem type=char[])
ARR 50002dee (sz=16, trace=300000, nelems=8, elem type=char[])
ARR 50002def (sz=14, trace=300000, nelems=7, elem type=char[])
ARR 50002df0 (sz=14, trace=300000, nelems=7, elem type=char[])
ARR 50002df1 (sz=24, trace=300000, nelems=12, elem type=char[])
ARR 50002df2 (sz=22, trace=300000, nelems=11, elem type=char[])
ARR 50002df3 (sz=22, trace=300000, nelems=11, elem type=char[])
ARR 50002df4 (sz=26, trace=300000, nelems=13, elem type=char[])
ARR 50002df5 (sz=24, trace=300000, nelems=12, elem type=char[])
ARR 50002df6 (sz=4, trace=300000, nelems=2, elem type=char[])
OBJ 50002df7 (sz=24, trace=300000, class=java.lang.String@5000016e)
	value		50002dfa
OBJ 50002df8 (sz=24, trace=300000, class=java.lang.String@5000016e)
	value		50002df9
ARR 50002df9 (sz=52, trace=300000, nelems=26, elem type=char[])
ARR 50002dfa (sz=42, trace=300000, nelems=21, elem type=char[])
ARR 50002dfb (sz=28, trace=300000, nelems=14, elem type=char[])
ARR 50002dfc (sz=28, trace=300000, nelems=14, elem type=char[])
ARR 50002dfd (sz=2, trace=300000, nelems=1, elem type=char[])
ARR 50002dfe (sz=2, trace=300000, nelems=1, elem type=char[])
OBJ 50002dff (sz=24, trace=300000, class=java.lang.String@5000016e)
	value		50002e05
OBJ 50002e00 (sz=24, trace=300000, class=java.lang.String@5000016e)
	value		50002e04
ARR 50002e01 (sz=24, trace=300000, nelems=2, elem type=java.io.File$PathStatus[]@50000062)
	[0]		50002e03
	[1]		50002e02
OBJ 50002e02 (sz=24, trace=300000, class=java.io.File$PathStatus@50000067)
	name		50002dff
OBJ 50002e03 (sz=24, trace=300000, class=java.io.File$PathStatus@50000067)
	name		50002e00
ARR 50002e04 (sz=14, trace=300000, nelems=7, elem type=char[])
ARR 50002e05 (sz=14, trace=300000, nelems=7, elem type=char[])
ARR 50002e06 (sz=24, trace=300000, nelems=12, elem type=char[])
OBJ 50002e07 (sz=32, trace=300000, class=java.io.FileOutputStream@500000ad)
	fd		500006f7
	closeLock	50002e08
OBJ 50002e08 (sz=16, trace=300000, class=java.lang.Object@50000172)
OBJ 50002e09 (sz=24, trace=300000, class=java.io.OutputStreamWriter@50000090)
	lock		500006ae
	se		50002e0e
OBJ 50002e0a (sz=40, trace=300000, class=java.io.BufferedWriter@5000006f)
	lock		50002e09
	out		50002e09
	cb		50002e0d
	lineSeparator	50000666
OBJ 50002e0b (sz=24, trace=300000, class=java.io.BufferedOutputStream@50000092)
	out		50000704
	buf		50002e0c
ARR 50002e0c (sz=128, trace=300000, nelems=128, elem type=byte[])
ARR 50002e0d (sz=16384, trace=300000, nelems=8192, elem type=char[])
OBJ 50002e0e (sz=48, trace=300000, class=sun.nio.cs.StreamEncoder@5000008f)
	lock		50002e09
	cs		500013ff
	encoder		50002e10
	bb		50002e0f
	out		500006ae
OBJ 50002e0f (sz=48, trace=300000, class=java.nio.HeapByteBuffer@50000075)
	hb		50002e12
OBJ 50002e10 (sz=64, trace=300000, class=sun.nio.cs.SingleByte$Encoder@50000078)
	charset		500013ff
	replacement	50002e11
	malformedInputAction	50001693
	unmappableCharacterAction	50001693
	c2b		500016b2
	c2bIndex	500016b1
ARR 50002e11 (sz=1, trace=300000, nelems=1, elem type=byte[])
ARR 50002e12 (sz=8192, trace=300000, nelems=8192, elem type=byte[])
OBJ 50002e13 (sz=24, trace=300000, class=java.io.OutputStreamWriter@50000090)
	lock		500006a8
	se		50002e18
OBJ 50002e14 (sz=40, trace=300000, class=java.io.BufferedWriter@5000006f)
	lock		50002e13
	out		50002e13
	cb		50002e17
	lineSeparator	50000666
OBJ 50002e15 (sz=24, trace=300000, class=java.io.BufferedOutputStream@50000092)
	out		50002e07
	buf		50002e16
ARR 50002e16 (sz=128, trace=300000, nelems=128, elem type=byte[])
ARR 50002e17 (sz=16384, trace=300000, nelems=8192, elem type=char[])
OBJ 50002e18 (sz=48, trace=300000, class=sun.nio.cs.StreamEncoder@5000008f)
	lock		50002e13
	cs		500013ff
	encoder		50002e1a
	bb		50002e19
	out		500006a8
OBJ 50002e19 (sz=48, trace=300000, class=java.nio.HeapByteBuffer@50000075)
	hb		50002e1c
OBJ 50002e1a (sz=64, trace=300000, class=sun.nio.cs.SingleByte$Encoder@50000078)
	charset		500013ff
	replacement	50002e1b
	malformedInputAction	50001693
	unmappableCharacterAction	50001693
	c2b		500016b2
	c2bIndex	500016b1
ARR 50002e1b (sz=1, trace=300000, nelems=1, elem type=byte[])
ARR 50002e1c (sz=8192, trace=300000, nelems=8192, elem type=byte[])
OBJ 50002e1d (sz=24, trace=300000, class=java.util.Collections$SynchronizedSet@500000ba)
	c		50002e60
	mutex		500006a5
ARR 50002e1e (sz=400, trace=300000, nelems=92, elem type=java.util.Hashtable$Entry[]@500000bf)
	[0]		50002e1f
	[2]		50002e20
	[9]		50002e21
	[11]		50002e22
	[13]		50002e23
	[16]		50002e24
	[17]		50002e25
	[18]		50002e26
	[19]		50002e27
	[21]		50002e28
	[22]		50002e29
	[24]		50002e2a
	[26]		50002e2b
	[27]		50002e2c
	[33]		50002e2d
	[38]		50002e2e
	[39]		50002e2f
	[40]		50002e30
	[41]		50002e31
	[44]		50002e32
	[47]		50002e33
	[49]		50002e34
	[53]		50002e35
	[54]		50002e36
	[57]		50002e37
	[62]		50002e38
	[63]		50002e39
	[64]		50002e3a
	[65]		50002e3b
	[67]		50002e3c
	[70]		50002e3d
	[72]		50002e3e
	[74]		50002e3f
	[76]		50002e40
	[79]		50002e41
	[80]		50002e42
	[81]		50002e43
	[82]		50002e44
	[86]		50002e45
	[88]		50002e46
	[91]		50002e47
OBJ 50002e1f (sz=32, trace=300000, class=java.util.Hashtable$Entry@500000c0)
	key		50000a6e
	value		50000a6d
OBJ 50002e20 (sz=32, trace=300000, class=java.util.Hashtable$Entry@500000c0)
	key		50000a69
	value		50000a66
OBJ 50002e21 (sz=32, trace=300000, class=java.util.Hashtable$Entry@500000c0)
	key		50000a63
	value		50000a5f
	next		50002e5f
OBJ 50002e22 (sz=32, trace=300000, class=java.util.Hashtable$Entry@500000c0)
	key		50000a36
	value		50000a35
OBJ 50002e23 (sz=32, trace=300000, class=java.util.Hashtable$Entry@500000c0)
	key		50000a32
	value		50000a31
OBJ 50002e24 (sz=32, trace=300000, class=java.util.Hashtable$Entry@500000c0)
	key		50000a2e
	value		50000a2d
OBJ 50002e25 (sz=32, trace=300000, class=java.util.Hashtable$Entry@500000c0)
	key		50000a28
	value		50000a27
OBJ 50002e26 (sz=32, trace=300000, class=java.util.Hashtable$Entry@500000c0)
	key		50000a24
	value		50000a23
OBJ 50002e27 (sz=32, trace=300000, class=java.util.Hashtable$Entry@500000c0)
	key		50000a20
	value		50001711
OBJ 50002e28 (sz=32, trace=300000, class=java.util.Hashtable$Entry@500000c0)
	key		50000a11
	value		50002e5d
OBJ 50002e29 (sz=32, trace=300000, class=java.util.Hashtable$Entry@500000c0)
	key		50000a0c
	value		50000a0b
OBJ 50002e2a (sz=32, trace=300000, class=java.util.Hashtable$Entry@500000c0)
	key		50000a08
	value		50000a07
	next		50002e5c
OBJ 50002e2b (sz=32, trace=300000, class=java.util.Hashtable$Entry@500000c0)
	key		500009fe
	value		500009fd
	next		50002e5a
OBJ 50002e2c (sz=32, trace=300000, class=java.util.Hashtable$Entry@500000c0)
	key		500009f2
	value		500009f1
OBJ 50002e2d (sz=32, trace=300000, class=java.util.Hashtable$Entry@500000c0)
	key		500009ee
	value		500009ed
	next		50002e59
OBJ 50002e2e (sz=32, trace=300000, class=java.util.Hashtable$Entry@500000c0)
	key		500009bc
	value		500009b5
	next		50002e58
OBJ 50002e2f (sz=32, trace=300000, class=java.util.Hashtable$Entry@500000c0)
	key		500009ac
	value		500009ab
OBJ 50002e30 (sz=32, trace=300000, class=java.util.Hashtable$Entry@500000c0)
	key		500009a7
	value		500009a6
OBJ 50002e31 (sz=32, trace=300000, class=java.util.Hashtable$Entry@500000c0)
	key		500009a1
	value		500009a0
OBJ 50002e32 (sz=32, trace=300000, class=java.util.Hashtable$Entry@500000c0)
	key		5000099d
	value		5000099c
OBJ 50002e33 (sz=32, trace=300000, class=java.util.Hashtable$Entry@500000c0)
	key		50000999
	value		50000998
OBJ 50002e34 (sz=32, trace=300000, class=java.util.Hashtable$Entry@500000c0)
	key		5000098f
	value		5000098e
	next		50002e57
OBJ 50002e35 (sz=32, trace=300000, class=java.util.Hashtable$Entry@500000c0)
	key		5000098a
	value		50000989
OBJ 50002e36 (sz=32, trace=300000, class=java.util.Hashtable$Entry@500000c0)
	key		50000986
	value		50000985
OBJ 50002e37 (sz=32, trace=300000, class=java.util.Hashtable$Entry@500000c0)
	key		50000982
	value		50000981
OBJ 50002e38 (sz=32, trace=300000, class=java.util.Hashtable$Entry@500000c0)
	key		5000097e
	value		5000097d
OBJ 50002e39 (sz=32, trace=300000, class=java.util.Hashtable$Entry@500000c0)
	key		5000097a
	value		50000979
OBJ 50002e3a (sz=32, trace=300000, class=java.util.Hashtable$Entry@500000c0)
	key		50000976
	value		50000975
OBJ 50002e3b (sz=32, trace=300000, class=java.util.Hashtable$Entry@500000c0)
	key		50000972
	value		5000096b
OBJ 50002e3c (sz=32, trace=300000, class=java.util.Hashtable$Entry@500000c0)
	key		50000950
	value		5000094e
	next		50002e56
OBJ 50002e3d (sz=32, trace=300000, class=java.util.Hashtable$Entry@500000c0)
	key		50000946
	value		50000945
	next		50002e55
OBJ 50002e3e (sz=32, trace=300000, class=java.util.Hashtable$Entry@500000c0)
	key		5000093f
	value		5000093e
OBJ 50002e3f (sz=32, trace=300000, class=java.util.Hashtable$Entry@500000c0)
	key		50002e53
	value		50002945
OBJ 50002e40 (sz=32, trace=300000, class=java.util.Hashtable$Entry@500000c0)
	key		50000937
	value		50000936
	next		50002e52
OBJ 50002e41 (sz=32, trace=300000, class=java.util.Hashtable$Entry@500000c0)
	key		50000929
	value		50000928
	next		50002e4f
OBJ 50002e42 (sz=32, trace=300000, class=java.util.Hashtable$Entry@500000c0)
	key		5000091b
	value		5000091a
	next		50002e4e
OBJ 50002e43 (sz=32, trace=300000, class=java.util.Hashtable$Entry@500000c0)
	key		50000913
	value		50000912
OBJ 50002e44 (sz=32, trace=300000, class=java.util.Hashtable$Entry@500000c0)
	key		5000090b
	value		5000090a
	next		50002e4d
OBJ 50002e45 (sz=32, trace=300000, class=java.util.Hashtable$Entry@500000c0)
	key		50000900
	value		500008ff
OBJ 50002e46 (sz=32, trace=300000, class=java.util.Hashtable$Entry@500000c0)
	key		500008f8
	value		500008f7
	next		50002e4c
OBJ 50002e47 (sz=32, trace=300000, class=java.util.Hashtable$Entry@500000c0)
	key		50002e49
	value		50002e48
OBJ 50002e48 (sz=24, trace=300000, class=java.lang.String@5000016e)
	value		50002e4b
OBJ 50002e49 (sz=24, trace=300000, class=java.lang.String@5000016e)
	value		50002e4a
ARR 50002e4a (sz=34, trace=300000, nelems=17, elem type=char[])
ARR 50002e4b (sz=62, trace=300000, nelems=31, elem type=char[])
OBJ 50002e4c (sz=32, trace=300000, class=java.util.Hashtable$Entry@500000c0)
	key		500008fc
	value		500008fb
OBJ 50002e4d (sz=32, trace=300000, class=java.util.Hashtable$Entry@500000c0)
	key		5000090f
	value		5000090e
OBJ 50002e4e (sz=32, trace=300000, class=java.util.Hashtable$Entry@500000c0)
	key		5000091f
	value		5000091e
OBJ 50002e4f (sz=32, trace=300000, class=java.util.Hashtable$Entry@500000c0)
	key		50000924
	value		50000923
	next		50002e50
OBJ 50002e50 (sz=32, trace=300000, class=java.util.Hashtable$Entry@500000c0)
	key		5000092e
	value		5000092d
	next		50002e51
OBJ 50002e51 (sz=32, trace=300000, class=java.util.Hashtable$Entry@500000c0)
	key		50000932
	value		50000931
OBJ 50002e52 (sz=32, trace=300000, class=java.util.Hashtable$Entry@500000c0)
	key		5000093b
	value		5000093a
OBJ 50002e53 (sz=24, trace=300000, class=java.lang.String@5000016e)
	value		50002e54
ARR 50002e54 (sz=40, trace=300000, nelems=20, elem type=char[])
OBJ 50002e55 (sz=32, trace=300000, class=java.util.Hashtable$Entry@500000c0)
	key		5000094a
	value		50000949
OBJ 50002e56 (sz=32, trace=300000, class=java.util.Hashtable$Entry@500000c0)
	key		5000095b
	value		50000666
OBJ 50002e57 (sz=32, trace=300000, class=java.util.Hashtable$Entry@500000c0)
	key		50000993
	value		50000992
OBJ 50002e58 (sz=32, trace=300000, class=java.util.Hashtable$Entry@500000c0)
	key		500009ca
	value		500009c4
OBJ 50002e59 (sz=32, trace=300000, class=java.util.Hashtable$Entry@500000c0)
	key		500009d2
	value		500009d1
OBJ 50002e5a (sz=32, trace=300000, class=java.util.Hashtable$Entry@500000c0)
	key		500009fb
	value		5000078e
	next		50002e5b
OBJ 50002e5b (sz=32, trace=300000, class=java.util.Hashtable$Entry@500000c0)
	key		500009f7
	value		500009f6
OBJ 50002e5c (sz=32, trace=300000, class=java.util.Hashtable$Entry@500000c0)
	key		50000a03
	value		50000a02
OBJ 50002e5d (sz=24, trace=300000, class=java.lang.String@5000016e)
	value		50002e5e
ARR 50002e5e (sz=20, trace=300000, nelems=10, elem type=char[])
OBJ 50002e5f (sz=32, trace=300000, class=java.util.Hashtable$Entry@500000c0)
	key		50000a5c
	value		50000a5b
OBJ 50002e60 (sz=16, trace=300000, class=java.util.Hashtable$EntrySet@500000bc)
	this$0		500006a5
OBJ 50002e61 (sz=24, trace=300000, class=java.lang.String@5000016e)
	value		50002e62
ARR 50002e62 (sz=8, trace=300000, nelems=4, elem type=char[])
OBJ 50002e63 (sz=24, trace=300000, class=java.lang.String@5000016e)
	value		50002e70
OBJ 50002e64 (sz=24, trace=300000, class=java.lang.String@5000016e)
	value		50002e6e
OBJ 50002e65 (sz=16, trace=300000, class=java.lang.Terminator$1@5000005c)
OBJ 50002e66 (sz=24, trace=300000, class=sun.misc.NativeSignalHandler@5000005a)
OBJ 50002e67 (sz=24, trace=300000, class=sun.misc.NativeSignalHandler@5000005a)
OBJ 50002e68 (sz=48, trace=300000, class=java.util.Hashtable@50000145)
	table		50002e71
OBJ 50002e69 (sz=48, trace=300000, class=java.util.Hashtable@50000145)
	table		50002e6a
ARR 50002e6a (sz=32, trace=300000, nelems=4, elem type=java.util.Hashtable$Entry[]@500000bf)
	[2]		50002e6b
	[3]		50002e6c
OBJ 50002e6b (sz=32, trace=300000, class=java.util.Hashtable$Entry@500000c0)
	key		50002e6f
	value		50002e65
OBJ 50002e6c (sz=32, trace=300000, class=java.util.Hashtable$Entry@500000c0)
	key		50002e6d
	value		50002e65
OBJ 50002e6d (sz=24, trace=300000, class=sun.misc.Signal@5000005b)
	name		50002e64
ARR 50002e6e (sz=8, trace=300000, nelems=4, elem type=char[])
OBJ 50002e6f (sz=24, trace=300000, class=sun.misc.Signal@5000005b)
	name		50002e63
ARR 50002e70 (sz=6, trace=300000, nelems=3, elem type=char[])
ARR 50002e71 (sz=32, trace=300000, nelems=4, elem type=java.util.Hashtable$Entry[]@500000bf)
	[2]		50002e72
	[3]		50002e73
OBJ 50002e72 (sz=32, trace=300000, class=java.util.Hashtable$Entry@500000c0)
	key		50000df7
	value		50002e6f
OBJ 50002e73 (sz=32, trace=300000, class=java.util.Hashtable$Entry@500000c0)
	key		50000e05
	value		50002e6d
ARR 50002e74 (sz=6, trace=300000, nelems=3, elem type=char[])
ARR 50002e75 (sz=38, trace=300000, nelems=19, elem type=char[])
ARR 50002e76 (sz=38, trace=300000, nelems=19, elem type=char[])
OBJ 50002e77 (sz=24, trace=300000, class=java.lang.String@5000016e)
	value		50002e7a
OBJ 50002e78 (sz=24, trace=300000, class=java.lang.String@5000016e)
	value		50002e79
ARR 50002e79 (sz=46, trace=300000, nelems=23, elem type=char[])
ARR 50002e7a (sz=60, trace=300000, nelems=30, elem type=char[])
OBJ 50002e7b (sz=24, trace=300000, class=java.lang.String@5000016e)
	value		50002e80
OBJ 50002e7c (sz=24, trace=300000, class=java.lang.String@5000016e)
	value		50002e7f
OBJ 50002e7d (sz=24, trace=300000, class=java.lang.String@5000016e)
	value		50002e7e
ARR 50002e7e (sz=28, trace=300000, nelems=14, elem type=char[])
ARR 50002e7f (sz=28, trace=300000, nelems=14, elem type=char[])
ARR 50002e80 (sz=28, trace=300000, nelems=14, elem type=char[])
OBJ 50002e81 (sz=24, trace=300000, class=java.lang.String@5000016e)
	value		50002e82
ARR 50002e82 (sz=40, trace=300000, nelems=20, elem type=char[])
ARR 50002e83 (sz=12, trace=300000, nelems=6, elem type=char[])
ARR 50002e84 (sz=22, trace=300000, nelems=11, elem type=char[])
ARR 50002e85 (sz=24, trace=300000, nelems=12, elem type=char[])
ARR 50002e86 (sz=42, trace=300000, nelems=21, elem type=char[])
ARR 50002e87 (sz=40, trace=300000, nelems=20, elem type=char[])
ARR 50002e88 (sz=4, trace=300000, nelems=2, elem type=char[])
ARR 50002e89 (sz=8, trace=300000, nelems=4, elem type=char[])
ARR 50002e8a (sz=4, trace=300000, nelems=2, elem type=char[])
ARR 50002e8b (sz=10, trace=300000, nelems=5, elem type=char[])
ARR 50002e8c (sz=22, trace=300000, nelems=11, elem type=char[])
ARR 50002e8d (sz=14, trace=300000, nelems=7, elem type=char[])
ARR 50002e8e (sz=4, trace=300000, nelems=2, elem type=char[])
ARR 50002e8f (sz=24, trace=300000, nelems=12, elem type=char[])
ARR 50002e90 (sz=32, trace=300000, nelems=1, elem type=java.lang.ThreadGroup[]@500000f5)
	[0]		5000059b
ARR 50002e91 (sz=32, trace=300000, nelems=4, elem type=java.lang.Thread[]@500000cf)
	[0]		500003af
	[1]		500003a9
	[2]		500003a8
	[3]		500003a6
OBJ 50002e92 (sz=16, trace=300000, class=java.lang.Object@50000172)
OBJ 50002e93 (sz=40, trace=300000, class=java.security.AccessControlContext@5000015f)
OBJ 50002e94 (sz=24, trace=300000, class=java.lang.String@5000016e)
	value		50002e95
ARR 50002e95 (sz=30, trace=300000, nelems=15, elem type=char[])
OBJ 50002e96 (sz=16, trace=300000, class=java.lang.Object@50000172)
OBJ 50002e97 (sz=40, trace=300000, class=java.security.AccessControlContext@5000015f)
OBJ 50002e98 (sz=24, trace=300000, class=java.lang.String@5000016e)
	value		50002e99
ARR 50002e99 (sz=34, trace=300000, nelems=17, elem type=char[])
OBJ 50002e9a (sz=16, trace=300000, class=java.lang.Object@50000172)
OBJ 50002e9b (sz=40, trace=300000, class=java.security.AccessControlContext@5000015f)
OBJ 50002e9c (sz=24, trace=300000, class=java.lang.String@5000016e)
	value		50002e9d
ARR 50002e9d (sz=18, trace=300000, nelems=9, elem type=char[])
OBJ 50002e9e (sz=16, trace=300000, class=java.lang.Object@50000172)
OBJ 50002e9f (sz=40, trace=300000, class=java.lang.ref.Finalizer@5000014d)
	referent	50002cdb
	queue		500003aa
	next		50002ea0
	prev		500004ed
OBJ 50002ea0 (sz=40, trace=300000, class=java.lang.ref.Finalizer@5000014d)
	referent	50002e07
	queue		500003aa
	next		50002ea1
	prev		50002e9f
OBJ 50002ea1 (sz=40, trace=300000, class=java.lang.ref.Finalizer@5000014d)
	referent	50000704
	queue		500003aa
	next		50002ea2
	prev		50002ea0
OBJ 50002ea2 (sz=40, trace=300000, class=java.lang.ref.Finalizer@5000014d)
	referent	500006f2
	queue		500003aa
	prev		50002ea1
OBJ 50002ea3 (sz=16, trace=300000, class=java.lang.Object@50000172)
OBJ 50002ea4 (sz=40, trace=300000, class=java.security.AccessControlContext@5000015f)
ARR 50002ea5 (sz=32, trace=300000, nelems=1, elem type=java.lang.Thread[]@500000cf)
	[0]		500003b1
OBJ 50002ea6 (sz=24, trace=300000, class=java.lang.String@5000016e)
	value		50002ea7
ARR 50002ea7 (sz=8, trace=300000, nelems=4, elem type=char[])
OBJ 50002ea8 (sz=16, trace=300000, class=java.lang.Object@50000172)
OBJ 50002ea9 (sz=40, trace=300000, class=java.security.AccessControlContext@5000015f)
OBJ 50002eaa (sz=24, trace=300000, class=java.lang.String@5000016e)
	value		50002eab
ARR 50002eab (sz=8, trace=300000, nelems=4, elem type=char[])
OBJ 50002eac (sz=24, trace=300000, class=java.lang.String@5000016e)
	value		50002ead
ARR 50002ead (sz=18, trace=300000, nelems=9, elem type=char[])
OBJ 50002eae (sz=32, trace=300000, class=java.lang.OutOfMemoryError@50000156)
OBJ 50002eaf (sz=32, trace=300000, class=java.lang.OutOfMemoryError@50000156)
OBJ 50002eb0 (sz=32, trace=300000, class=java.lang.OutOfMemoryError@50000156)
OBJ 50002eb1 (sz=32, trace=300000, class=java.lang.OutOfMemoryError@50000156)
OBJ 50002eb2 (sz=24, trace=300000, class=java.lang.String@5000016e)
	value		50002eb3
ARR 50002eb3 (sz=126, trace=300000, nelems=63, elem type=char[])
OBJ 50002eb4 (sz=24, trace=300000, class=java.lang.String@5000016e)
	value		50002eb5
ARR 50002eb5 (sz=52, trace=300000, nelems=26, elem type=char[])
OBJ 50002eb6 (sz=24, trace=300000, class=java.lang.String@5000016e)
	value		50002eb7
ARR 50002eb7 (sz=74, trace=300000, nelems=37, elem type=char[])
OBJ 50002eb8 (sz=24, trace=300000, class=java.lang.String@5000016e)
	value		50002eb9
ARR 50002eb9 (sz=44, trace=300000, nelems=22, elem type=char[])
OBJ 50002eba (sz=24, trace=300000, class=java.lang.String@5000016e)
	value		50002ebb
ARR 50002ebb (sz=18, trace=300000, nelems=9, elem type=char[])
OBJ 50002ebc (sz=24, trace=300000, class=java.lang.String@5000016e)
	value		50002ebd
ARR 50002ebd (sz=30, trace=300000, nelems=15, elem type=char[])
ARR 50002ebe (sz=22, trace=300000, nelems=11, elem type=char[])
OBJ 50002ebf (sz=24, trace=300000, class=java.lang.String@5000016e)
	value		50002ed6
OBJ 50002ec0 (sz=24, trace=300000, class=java.lang.String@5000016e)
	value		50002ed1
OBJ 50002ec1 (sz=24, trace=300000, class=java.lang.String@5000016e)
	value		50002ed0
OBJ 50002ec2 (sz=24, trace=300000, class=java.lang.String@5000016e)
	value		50002ecf
OBJ 50002ec3 (sz=24, trace=300000, class=java.lang.String@5000016e)
	value		50002ece
OBJ 50002ec4 (sz=24, trace=300000, class=java.lang.String@5000016e)
	value		50002ecd
OBJ 50002ec5 (sz=24, trace=300000, class=java.lang.String@5000016e)
	value		50002ecc
OBJ 50002ec6 (sz=24, trace=300000, class=java.lang.String@5000016e)
	value		50002ecb
OBJ 50002ec7 (sz=24, trace=300000, class=java.lang.String@5000016e)
	value		50002eca
OBJ 50002ec8 (sz=24, trace=300000, class=java.lang.String@5000016e)
	value		50002ec9
ARR 50002ec9 (sz=100, trace=300000, nelems=50, elem type=char[])
ARR 50002eca (sz=94, trace=300000, nelems=47, elem type=char[])
ARR 50002ecb (sz=86, trace=300000, nelems=43, elem type=char[])
ARR 50002ecc (sz=82, trace=300000, nelems=41, elem type=char[])
ARR 50002ecd (sz=92, trace=300000, nelems=46, elem type=char[])
ARR 50002ece (sz=102, trace=300000, nelems=51, elem type=char[])
ARR 50002ecf (sz=82, trace=300000, nelems=41, elem type=char[])
ARR 50002ed0 (sz=98, trace=300000, nelems=49, elem type=char[])
ARR 50002ed1 (sz=94, trace=300000, nelems=47, elem type=char[])
OBJ 50002ed2 (sz=24, trace=300000, class=java.lang.String@5000016e)
	value		50002ed3
ARR 50002ed3 (sz=20, trace=300000, nelems=10, elem type=char[])
OBJ 50002ed4 (sz=24, trace=300000, class=java.lang.String@5000016e)
	value		50002ed5
ARR 50002ed5 (sz=12, trace=300000, nelems=6, elem type=char[])
ARR 50002ed6 (sz=8, trace=300000, nelems=4, elem type=char[])
OBJ 50002ed7 (sz=24, trace=300000, class=java.lang.String@5000016e)
	value		50002edc
OBJ 50002ed8 (sz=24, trace=300000, class=java.lang.String@5000016e)
	value		50002edb
OBJ 50002ed9 (sz=24, trace=300000, class=java.lang.String@5000016e)
	value		50002eda
ARR 50002eda (sz=24, trace=300000, nelems=12, elem type=char[])
ARR 50002edb (sz=26, trace=300000, nelems=13, elem type=char[])
ARR 50002edc (sz=14, trace=300000, nelems=7, elem type=char[])
OBJ 50002edd (sz=24, trace=300000, class=java.lang.String@5000016e)
	value		50002f26
OBJ 50002ede (sz=24, trace=300000, class=java.lang.String@5000016e)
	value		50002f25
OBJ 50002edf (sz=24, trace=300000, class=java.lang.String@5000016e)
	value		50002f24
OBJ 50002ee0 (sz=24, trace=300000, class=java.lang.String@5000016e)
	value		50002f02
OBJ 50002ee1 (sz=24, trace=300000, class=java.lang.String@5000016e)
	value		50002f23
OBJ 50002ee2 (sz=24, trace=300000, class=java.lang.String@5000016e)
	value		50002f22
OBJ 50002ee3 (sz=24, trace=300000, class=java.lang.String@5000016e)
	value		50002f21
OBJ 50002ee4 (sz=24, trace=300000, class=java.lang.String@5000016e)
	value		50002f20
OBJ 50002ee5 (sz=24, trace=300000, class=java.lang.String@5000016e)
	value		50002f1f
OBJ 50002ee6 (sz=24, trace=300000, class=java.lang.String@5000016e)
	value		50002f1e
OBJ 50002ee7 (sz=24, trace=300000, class=java.lang.String@5000016e)
	value		50002f05
OBJ 50002ee8 (sz=24, trace=300000, class=java.lang.String@5000016e)
	value		50002f13
OBJ 50002ee9 (sz=24, trace=300000, class=java.lang.String@5000016e)
	value		50002f1d
OBJ 50002eea (sz=24, trace=300000, class=java.lang.String@5000016e)
	value		50002f1c
OBJ 50002eeb (sz=24, trace=300000, class=java.lang.String@5000016e)
	value		50002f1b
OBJ 50002eec (sz=24, trace=300000, class=java.lang.String@5000016e)
	value		50002f1a
OBJ 50002eed (sz=24, trace=300000, class=java.lang.String@5000016e)
	value		50002f01
OBJ 50002eee (sz=24, trace=300000, class=java.lang.String@5000016e)
	value		50002f19
OBJ 50002eef (sz=24, trace=300000, class=java.lang.String@5000016e)
	value		50002f16
OBJ 50002ef0 (sz=24, trace=300000, class=java.lang.String@5000016e)
	value		50002f15
OBJ 50002ef1 (sz=24, trace=300000, class=java.lang.String@5000016e)
	value		50002f14
OBJ 50002ef2 (sz=24, trace=300000, class=java.lang.String@5000016e)
	value		50002f12
OBJ 50002ef3 (sz=24, trace=300000, class=java.lang.String@5000016e)
	value		50002f11
OBJ 50002ef4 (sz=24, trace=300000, class=java.lang.String@5000016e)
	value		50002f10
OBJ 50002ef5 (sz=24, trace=300000, class=java.lang.String@5000016e)
	value		50002f0f
OBJ 50002ef6 (sz=24, trace=300000, class=java.lang.String@5000016e)
	value		50002f0e
OBJ 50002ef7 (sz=24, trace=300000, class=java.lang.String@5000016e)
	value		50002f0d
OBJ 50002ef8 (sz=24, trace=300000, class=java.lang.String@5000016e)
	value		50002f0c
OBJ 50002ef9 (sz=24, trace=300000, class=java.lang.String@5000016e)
	value		50002f0b
OBJ 50002efa (sz=24, trace=300000, class=java.lang.String@5000016e)
	value		50002f0a
OBJ 50002efb (sz=24, trace=300000, class=java.lang.String@5000016e)
	value		50002f09
OBJ 50002efc (sz=24, trace=300000, class=java.lang.String@5000016e)
	value		50002f08
OBJ 50002efd (sz=24, trace=300000, class=java.lang.String@5000016e)
	value		50002f07
OBJ 50002efe (sz=24, trace=300000, class=java.lang.String@5000016e)
	value		50002f06
OBJ 50002eff (sz=24, trace=300000, class=java.lang.String@5000016e)
	value		50002f04
OBJ 50002f00 (sz=24, trace=300000, class=java.lang.String@5000016e)
	value		50002f03
ARR 50002f01 (sz=46, trace=300000, nelems=23, elem type=char[])
ARR 50002f02 (sz=34, trace=300000, nelems=17, elem type=char[])
ARR 50002f03 (sz=48, trace=300000, nelems=24, elem type=char[])
ARR 50002f04 (sz=78, trace=300000, nelems=39, elem type=char[])
ARR 50002f05 (sz=70, trace=300000, nelems=35, elem type=char[])
ARR 50002f06 (sz=66, trace=300000, nelems=33, elem type=char[])
ARR 50002f07 (sz=76, trace=300000, nelems=38, elem type=char[])
ARR 50002f08 (sz=64, trace=300000, nelems=32, elem type=char[])
ARR 50002f09 (sz=62, trace=300000, nelems=31, elem type=char[])
ARR 50002f0a (sz=72, trace=300000, nelems=36, elem type=char[])
ARR 50002f0b (sz=88, trace=300000, nelems=44, elem type=char[])
ARR 50002f0c (sz=80, trace=300000, nelems=40, elem type=char[])
ARR 50002f0d (sz=62, trace=300000, nelems=31, elem type=char[])
ARR 50002f0e (sz=58, trace=300000, nelems=29, elem type=char[])
ARR 50002f0f (sz=88, trace=300000, nelems=44, elem type=char[])
ARR 50002f10 (sz=66, trace=300000, nelems=33, elem type=char[])
ARR 50002f11 (sz=58, trace=300000, nelems=29, elem type=char[])
ARR 50002f12 (sz=68, trace=300000, nelems=34, elem type=char[])
ARR 50002f13 (sz=56, trace=300000, nelems=28, elem type=char[])
ARR 50002f14 (sz=2, trace=300000, nelems=1, elem type=char[])
ARR 50002f15 (sz=2, trace=300000, nelems=1, elem type=char[])
ARR 50002f16 (sz=24, trace=300000, nelems=12, elem type=char[])
OBJ 50002f17 (sz=24, trace=300000, class=java.lang.String@5000016e)
	value		50002f18
ARR 50002f18 (sz=68, trace=300000, nelems=34, elem type=char[])
ARR 50002f19 (sz=6, trace=300000, nelems=3, elem type=char[])
ARR 50002f1a (sz=10, trace=300000, nelems=5, elem type=char[])
ARR 50002f1b (sz=14, trace=300000, nelems=7, elem type=char[])
ARR 50002f1c (sz=20, trace=300000, nelems=10, elem type=char[])
ARR 50002f1d (sz=6, trace=300000, nelems=3, elem type=char[])
ARR 50002f1e (sz=26, trace=300000, nelems=13, elem type=char[])
ARR 50002f1f (sz=36, trace=300000, nelems=18, elem type=char[])
ARR 50002f20 (sz=22, trace=300000, nelems=11, elem type=char[])
ARR 50002f21 (sz=12, trace=300000, nelems=6, elem type=char[])
ARR 50002f22 (sz=8, trace=300000, nelems=4, elem type=char[])
ARR 50002f23 (sz=20, trace=300000, nelems=10, elem type=char[])
ARR 50002f24 (sz=30, trace=300000, nelems=15, elem type=char[])
ARR 50002f25 (sz=32, trace=300000, nelems=16, elem type=char[])
ARR 50002f26 (sz=16, trace=300000, nelems=8, elem type=char[])
OBJ 50002f27 (sz=24, trace=300000, class=java.lang.String@5000016e)
	value		50002f2f
OBJ 50002f28 (sz=24, trace=300000, class=java.lang.String@5000016e)
	value		50002f42
OBJ 50002f29 (sz=24, trace=300000, class=java.lang.String@5000016e)
	value		50002f35
OBJ 50002f2a (sz=24, trace=300000, class=java.lang.String@5000016e)
	value		50002f34
OBJ 50002f2b (sz=24, trace=300000, class=java.lang.String@5000016e)
	value		50002f33
OBJ 50002f2c (sz=24, trace=300000, class=java.lang.String@5000016e)
	value		50002f32
OBJ 50002f2d (sz=24, trace=300000, class=java.lang.String@5000016e)
	value		50002f31
OBJ 50002f2e (sz=24, trace=300000, class=java.lang.String@5000016e)
	value		50002f30
ARR 50002f2f (sz=16, trace=300000, nelems=8, elem type=char[])
ARR 50002f30 (sz=8, trace=300000, nelems=4, elem type=char[])
ARR 50002f31 (sz=24, trace=300000, nelems=12, elem type=char[])
ARR 50002f32 (sz=36, trace=300000, nelems=18, elem type=char[])
ARR 50002f33 (sz=32, trace=300000, nelems=16, elem type=char[])
ARR 50002f34 (sz=62, trace=300000, nelems=31, elem type=char[])
ARR 50002f35 (sz=32, trace=300000, nelems=16, elem type=char[])
OBJ 50002f36 (sz=24, trace=300000, class=java.lang.String@5000016e)
	value		50002f37
ARR 50002f37 (sz=8, trace=300000, nelems=4, elem type=char[])
OBJ 50002f38 (sz=24, trace=300000, class=java.lang.String@5000016e)
	value		50002f3e
OBJ 50002f39 (sz=24, trace=300000, class=java.lang.String@5000016e)
	value		50002f41
OBJ 50002f3a (sz=24, trace=300000, class=java.lang.String@5000016e)
	value		50002f40
OBJ 50002f3b (sz=24, trace=300000, class=java.lang.String@5000016e)
	value		50002f3f
OBJ 50002f3c (sz=24, trace=300000, class=java.lang.String@5000016e)
	value		50002f3d
ARR 50002f3d (sz=48, trace=300000, nelems=24, elem type=char[])
ARR 50002f3e (sz=60, trace=300000, nelems=30, elem type=char[])
ARR 50002f3f (sz=78, trace=300000, nelems=39, elem type=char[])
ARR 50002f40 (sz=16, trace=300000, nelems=8, elem type=char[])
ARR 50002f41 (sz=12, trace=300000, nelems=6, elem type=char[])
ARR 50002f42 (sz=8, trace=300000, nelems=4, elem type=char[])
OBJ 50002f43 (sz=16, trace=300000, class=java.lang.Object@50000172)
OBJ 50002f44 (sz=24, trace=300000, class=java.lang.String@5000016e)
	value		50002f45
ARR 50002f45 (sz=46, trace=300000, nelems=23, elem type=char[])
CLS 50000172 (name=java.lang.Object, trace=300000)
	constant pool entry 79	500000f7
	constant pool entry 51	50000172
CLS 50000001 (name=java.lang.SystemClassLoaderAction, trace=300000)
	super		50000172
	constant pool entry 39	50000001
	constant pool entry 38	50000167
	constant pool entry 36	50000172
	constant pool entry 1	50002d17
CLS 50000002 (name=sun.misc.Launcher$AppClassLoader$1, trace=300000)
	super		50000172
	constant pool entry 33	50000002
	constant pool entry 32	50000116
	constant pool entry 31	50000117
	constant pool entry 28	50000172
CLS 5000000f (name=java.net.URLStreamHandler, trace=300000)
	super		50000172
	constant pool entry 114	5000000f
	constant pool entry 113	50000119
	constant pool entry 109	50000122
	constant pool entry 108	5000016e
	constant pool entry 106	50000172
	constant pool entry 10	5000187b
	constant pool entry 1	500005a0
CLS 50000003 (name=sun.net.www.protocol.jar.Handler, trace=300000)
	super		5000000f
	static separator	50001717
	constant pool entry 85	50000003
	constant pool entry 84	50000012
	constant pool entry 83	5000000f
	constant pool entry 82	50000119
	constant pool entry 80	50000121
	constant pool entry 79	5000016e
	constant pool entry 9	500018df
	constant pool entry 8	50000f4f
	constant pool entry 5	50000ed7
	constant pool entry 1	500005a0
CLS 50000004 (name=sun.misc.URLClassPath, trace=300000)
	super		50000172
	static USER_AGENT_JAVA_VERSION	50001712
	static JAVA_VERSION	50001711
	constant pool entry 248	50000084
	constant pool entry 246	50000251
	constant pool entry 245	500000c1
	constant pool entry 244	50000259
	constant pool entry 241	50000257
	constant pool entry 240	500020e2
	constant pool entry 239	500020e6
	constant pool entry 238	50000004
	constant pool entry 236	500000e2
	constant pool entry 232	500000c6
	constant pool entry 230	500000dd
	constant pool entry 229	5000217b
	constant pool entry 227	500000ef
	constant pool entry 225	5000004f
	constant pool entry 223	50000119
	constant pool entry 217	5000016e
	constant pool entry 214	50000172
	constant pool entry 211	500009bf
	constant pool entry 23	500005d5
	constant pool entry 22	50001710
	constant pool entry 21	5000170f
	constant pool entry 20	5000170e
	constant pool entry 19	500008b9
	constant pool entry 17	5000170d
	constant pool entry 16	5000170c
	constant pool entry 15	50000f4f
CLS 500000e5 (name=java.util.AbstractCollection, trace=300000)
	super		50000172
	constant pool entry 77	500000b7
	constant pool entry 74	500000e5
	constant pool entry 73	50000030
	constant pool entry 68	50000172
	constant pool entry 67	5000016a
	constant pool entry 66	50000108
CLS 500000da (name=java.util.AbstractSet, trace=300000)
	super		500000e5
	constant pool entry 36	500000e5
CLS 50000005 (name=java.util.HashSet, trace=300000)
	super		500000da
	static PRESENT	50001896
	constant pool entry 129	5000006a
	constant pool entry 127	50000005
	constant pool entry 125	500000c6
	constant pool entry 123	500000da
	constant pool entry 121	50000172
CLS 50000006 (name=java.security.Principal[], trace=300000)
	super		50000172
CLS 50000007 (name=java.security.Principal, trace=300000)
CLS 50000008 (name=java.security.ProtectionDomain$Key, trace=300000)
	super		50000172
	constant pool entry 14	50000008
	constant pool entry 12	50000172
CLS 50000009 (name=java.security.ProtectionDomain$2, trace=300000)
	super		50000172
	constant pool entry 17	50000172
CLS 5000000a (name=sun.misc.JavaSecurityProtectionDomainAccess, trace=300000)
CLS 5000000b (name=java.security.ProtectionDomain$JavaSecurityAccessImpl, trace=300000)
	super		50000172
	constant pool entry 29	5000000b
	constant pool entry 24	50000172
CLS 5000000c (name=sun.misc.JavaSecurityAccess, trace=300000)
CLS 5000000d (name=java.net.URL[], trace=300000)
	super		50000172
CLS 5000000e (name=sun.net.www.protocol.file.Handler, trace=300000)
	super		5000000f
	constant pool entry 66	5000000e
	constant pool entry 65	500007e2
	constant pool entry 64	50000012
	constant pool entry 63	5000000f
	constant pool entry 61	50000119
	constant pool entry 58	5000016e
	constant pool entry 56	5000011b
	constant pool entry 6	50000eef
	constant pool entry 1	500005a0
CLS 50000010 (name=java.net.Parts, trace=300000)
	super		50000172
	constant pool entry 28	50000010
	constant pool entry 27	5000016e
	constant pool entry 26	50000172
CLS 50000011 (name=java.util.BitSet, trace=300000)
	super		50000172
	static serialPersistentFields	50000f11
	constant pool entry 394	500000f7
	constant pool entry 198	50000172
	constant pool entry 189	5000016a
	constant pool entry 186	500000fc
	constant pool entry 11	50000011
	constant pool entry 10	50000173
	constant pool entry 4	50000f0e
	constant pool entry 3	50000f0d
CLS 50000012 (name=sun.net.www.ParseUtil, trace=300000)
	super		50000172
	static encodedInPath	50000f0b
	static hexDigits	50000f0a
	constant pool entry 508	500000f7
	constant pool entry 244	50000273
	constant pool entry 243	50000011
	constant pool entry 242	50000077
	constant pool entry 241	50000034
	constant pool entry 239	50000038
	constant pool entry 237	50000036
	constant pool entry 236	50000076
	constant pool entry 235	50000119
	constant pool entry 230	50000121
	constant pool entry 228	5000016e
	constant pool entry 227	50000172
	constant pool entry 225	500000be
	constant pool entry 224	5000010a
	constant pool entry 222	5000016a
	constant pool entry 221	50000110
	constant pool entry 219	5000011b
	constant pool entry 26	50000012
	constant pool entry 25	50000ed9
	constant pool entry 22	50000f09
	constant pool entry 19	50000f08
	constant pool entry 18	50000f07
	constant pool entry 17	50000f06
	constant pool entry 16	50000f05
	constant pool entry 11	50000f04
	constant pool entry 10	50000f03
	constant pool entry 9	50000f02
	constant pool entry 8	50000f01
	constant pool entry 7	50000ed7
	constant pool entry 6	50000f00
	constant pool entry 5	50000eff
	constant pool entry 4	50000efe
	constant pool entry 3	50000efd
	constant pool entry 2	500005a0
CLS 50000013 (name=java.io.FileInputStream$1, trace=300000)
	super		50000172
	constant pool entry 21	50000172
	constant pool entry 19	50000013
	constant pool entry 18	500000b3
CLS 500000c4 (name=java.util.HashMap$Node, trace=300000)
	super		50000172
	constant pool entry 46	500000c4
	constant pool entry 43	50000172
CLS 50000060 (name=java.util.LinkedHashMap$Entry, trace=300000)
	super		500000c4
	constant pool entry 16	500000c4
CLS 50000014 (name=java.util.HashMap$TreeNode, trace=300000)
	super		50000060
CLS 50000016 (name=java.lang.CharacterData, trace=300000)
	super		50000172
	constant pool entry 52	50000172
	constant pool entry 49	50000015
CLS 50000015 (name=java.lang.CharacterDataLatin1, trace=300000)
	super		50000016
	static sharpsMap	50000e9f
	static instance	50000e99
	static A	50000e98
	static A_DATA	50000e96
	static B	50000e97
	constant pool entry 97	500000f7
	constant pool entry 69	5000016e
	constant pool entry 68	5000016a
	constant pool entry 67	50000016
	constant pool entry 8	50000015
	constant pool entry 7	50000e96
	constant pool entry 6	50000e95
CLS 50000017 (name=sun.util.locale.LocaleUtils, trace=300000)
	super		50000172
	constant pool entry 49	50000017
	constant pool entry 45	5000016e
CLS 50000018 (name=java.util.Locale$LocaleKey, trace=300000)
	super		50000172
	constant pool entry 28	5000001c
	constant pool entry 27	50000018
	constant pool entry 24	50000172
CLS 50000153 (name=java.lang.ref.Reference, trace=300000)
	super		50000172
	static lock	500003b0
	constant pool entry 69	500000cc
	constant pool entry 68	5000014e
	constant pool entry 67	5000014c
	constant pool entry 66	500000df
	constant pool entry 65	500000e0
	constant pool entry 64	500000cd
	constant pool entry 63	50000153
	constant pool entry 61	50000148
	constant pool entry 60	5000014a
	constant pool entry 58	50000172
	constant pool entry 1	50000f18
CLS 50000152 (name=java.lang.ref.SoftReference, trace=300000)
	super		50000153
	constant pool entry 19	50000152
	constant pool entry 18	50000153
CLS 50000019 (name=sun.util.locale.LocaleObjectCache$CacheEntry, trace=300000)
	super		50000152
	constant pool entry 18	50000019
	constant pool entry 16	50000152
CLS 5000001a (name=sun.util.locale.BaseLocale$Key, trace=300000)
	super		50000172
	constant pool entry 65	50000017
	constant pool entry 64	5000001a
	constant pool entry 62	50000152
	constant pool entry 61	5000016e
	constant pool entry 60	50000172
	constant pool entry 59	5000016a
	constant pool entry 2	5000001c
	constant pool entry 1	500005a0
CLS 5000002e (name=sun.util.locale.LocaleObjectCache, trace=300000)
	super		50000172
	constant pool entry 38	50000019
	constant pool entry 37	5000002e
	constant pool entry 36	5000002c
	constant pool entry 35	5000002b
	constant pool entry 34	5000014c
	constant pool entry 33	50000172
CLS 5000001b (name=sun.util.locale.BaseLocale$Cache, trace=300000)
	super		5000002e
	constant pool entry 42	5000002e
	constant pool entry 41	5000001a
	constant pool entry 40	5000001b
	constant pool entry 38	50000152
	constant pool entry 37	5000016e
	constant pool entry 36	5000016a
	constant pool entry 1	5000001c
CLS 5000001c (name=sun.util.locale.BaseLocale, trace=300000)
	super		50000172
	static SEP	5000088f
	static CACHE	5000088e
	constant pool entry 85	50000017
	constant pool entry 84	5000001a
	constant pool entry 83	5000001b
	constant pool entry 81	5000001c
	constant pool entry 79	5000016e
	constant pool entry 78	50000172
	constant pool entry 12	5000088d
	constant pool entry 4	5000088c
	constant pool entry 3	5000088b
	constant pool entry 1	500005a0
CLS 50000020 (name=java.util.concurrent.ConcurrentHashMap$CollectionView, trace=300000)
	super		50000172
CLS 5000001d (name=java.util.concurrent.ConcurrentHashMap$EntrySetView, trace=300000)
	super		50000020
CLS 5000001e (name=java.util.concurrent.ConcurrentHashMap$ValuesView, trace=300000)
	super		50000020
CLS 5000001f (name=java.util.concurrent.ConcurrentHashMap$KeySetView, trace=300000)
	super		50000020
CLS 50000021 (name=java.util.concurrent.ConcurrentHashMap$CounterCell[], trace=300000)
	super		50000172
CLS 50000022 (name=java.util.concurrent.ConcurrentHashMap$CounterCell, trace=300000)
	super		50000172
CLS 50000023 (name=java.util.concurrent.ConcurrentHashMap$Node[], trace=300000)
	super		50000172
CLS 50000024 (name=java.util.concurrent.ConcurrentHashMap$Node, trace=300000)
	super		50000172
	constant pool entry 50	50000024
	constant pool entry 44	50000172
CLS 50000025 (name=java.util.concurrent.ConcurrentHashMap$Segment[], trace=300000)
	super		50000172
CLS 50000026 (name=java.util.concurrent.locks.ReentrantLock[], trace=300000)
	super		50000172
CLS 50000027 (name=java.util.concurrent.locks.Lock[], trace=300000)
	super		50000172
CLS 50000029 (name=java.util.concurrent.locks.ReentrantLock, trace=300000)
	super		50000172
CLS 50000028 (name=java.util.concurrent.ConcurrentHashMap$Segment, trace=300000)
	super		50000029
CLS 5000002a (name=java.util.concurrent.locks.Lock, trace=300000)
CLS 500000d7 (name=java.util.AbstractMap, trace=300000)
	super		50000172
	constant pool entry 65	50000172
CLS 5000002b (name=java.util.concurrent.ConcurrentHashMap, trace=300000)
	super		500000d7
	static serialPersistentFields	50000d4d
	static U	50000708
	constant pool entry 1013	500000f7
	constant pool entry 437	50000120
	constant pool entry 413	50000024
	constant pool entry 392	50000964
	constant pool entry 372	500000d7
	constant pool entry 366	500000b5
	constant pool entry 365	50000172
	constant pool entry 362	5000010a
	constant pool entry 356	5000016a
	constant pool entry 353	500000fc
	constant pool entry 346	50000d4c
	constant pool entry 345	50000d4b
	constant pool entry 344	50000d4a
	constant pool entry 343	50000d49
	constant pool entry 342	50000d48
	constant pool entry 341	50000d47
	constant pool entry 14	50000022
	constant pool entry 13	5000002b
	constant pool entry 10	50000025
	constant pool entry 9	50000023
	constant pool entry 8	50000d46
	constant pool entry 7	50000d45
	constant pool entry 6	50000d44
	constant pool entry 5	50000d2d
CLS 5000002c (name=java.util.concurrent.ConcurrentMap, trace=300000)
CLS 5000002d (name=java.util.Locale$Cache, trace=300000)
	super		5000002e
	constant pool entry 21	5000002e
	constant pool entry 20	50000018
	constant pool entry 19	5000002d
	constant pool entry 17	5000002f
CLS 5000002f (name=java.util.Locale, trace=300000)
	super		50000172
	static LOCALECACHE	50000868
	static ENGLISH	500005a2
	static FRENCH	50000866
	static GERMAN	50000864
	static ITALIAN	50000862
	static JAPANESE	50000860
	static KOREAN	5000085e
	static CHINESE	5000085c
	static SIMPLIFIED_CHINESE	50000846
	static TRADITIONAL_CHINESE	50000834
	static FRANCE	50000858
	static GERMANY	50000856
	static ITALY	50000854
	static JAPAN	5000084f
	static KOREA	5000084d
	static CHINA	50000846
	static PRC	50000846
	static TAIWAN	50000834
	static UK	50000833
	static US	5000082f
	static CANADA	50000832
	static CANADA_FRENCH	50000831
	static ROOT	50000830
	static defaultLocale	5000082f
	static defaultFormatLocale	500001e4
	static serialPersistentFields	5000082e
	constant pool entry 892	500000f7
	constant pool entry 445	50000017
	constant pool entry 439	5000001c
	constant pool entry 438	50000084
	constant pool entry 433	50000018
	constant pool entry 430	500002d6
	constant pool entry 429	5000002d
	constant pool entry 427	500001c7
	constant pool entry 419	500000ef
	constant pool entry 414	50000172
	constant pool entry 411	5000010a
	constant pool entry 406	5000016a
	constant pool entry 402	500000fc
	constant pool entry 393	5000082c
	constant pool entry 392	5000082b
	constant pool entry 391	5000082a
	constant pool entry 390	50000826
	constant pool entry 58	5000002f
	constant pool entry 57	5000016e
	constant pool entry 56	50000825
	constant pool entry 52	50000824
	constant pool entry 51	50000823
	constant pool entry 50	50000822
	constant pool entry 49	50000821
	constant pool entry 48	50000820
	constant pool entry 47	5000081f
	constant pool entry 46	5000081e
	constant pool entry 45	5000081d
	constant pool entry 44	5000081c
	constant pool entry 43	5000080e
	constant pool entry 40	5000080d
	constant pool entry 38	5000080c
	constant pool entry 34	5000080b
	constant pool entry 33	5000080a
	constant pool entry 32	50000809
	constant pool entry 31	50000808
	constant pool entry 30	50000807
	constant pool entry 29	50000806
	constant pool entry 24	50000805
	constant pool entry 18	50000801
	constant pool entry 15	50000800
	constant pool entry 13	500007ff
	constant pool entry 11	500007fe
	constant pool entry 6	500007fd
	constant pool entry 1	500005a0
CLS 50000030 (name=java.lang.reflect.Array, trace=300000)
	super		50000172
	constant pool entry 39	50000030
CLS 50000033 (name=java.nio.charset.CoderResult$Cache, trace=300000)
	super		50000172
	constant pool entry 35	50000033
	constant pool entry 31	50000172
CLS 50000031 (name=java.nio.charset.CoderResult$2, trace=300000)
	super		50000033
	constant pool entry 16	50000033
CLS 50000032 (name=java.nio.charset.CoderResult$1, trace=300000)
	super		50000033
	constant pool entry 14	50000033
CLS 50000034 (name=java.nio.charset.CoderResult, trace=300000)
	super		50000172
	static names	5000169f
	static UNDERFLOW	5000169e
	static OVERFLOW	5000169d
	static malformedCache	5000169c
	static unmappableCache	5000169b
	constant pool entry 140	500000f7
	constant pool entry 84	50000031
	constant pool entry 83	50000032
	constant pool entry 77	5000016e
	constant pool entry 76	50000172
	constant pool entry 75	5000016a
	constant pool entry 7	50000034
	constant pool entry 4	5000169a
	constant pool entry 3	50001699
	constant pool entry 2	50001698
	constant pool entry 1	500005c7
CLS 50000112 (name=java.nio.Buffer, trace=300000)
	super		50000172
	constant pool entry 66	50000112
	constant pool entry 64	50000172
CLS 50000036 (name=java.nio.CharBuffer, trace=300000)
	super		50000112
	constant pool entry 116	50000035
	constant pool entry 114	50000036
	constant pool entry 111	50000112
CLS 50000035 (name=java.nio.HeapCharBuffer, trace=300000)
	super		50000036
	constant pool entry 139	500000f7
	constant pool entry 68	50000035
	constant pool entry 67	50000036
	constant pool entry 61	5000016e
CLS 50000038 (name=java.nio.charset.CharsetDecoder, trace=300000)
	super		50000172
	static stateNames	500016a6
	constant pool entry 276	500000f7
	constant pool entry 142	50000077
	constant pool entry 141	50000034
	constant pool entry 139	5000008e
	constant pool entry 136	50000076
	constant pool entry 131	5000016e
	constant pool entry 130	50000172
	constant pool entry 127	5000016a
	constant pool entry 16	50000038
	constant pool entry 15	500016a5
	constant pool entry 12	50001673
	constant pool entry 7	50001672
	constant pool entry 4	50001670
	constant pool entry 3	5000166f
	constant pool entry 2	500013fb
CLS 50000037 (name=sun.nio.cs.SingleByte$Decoder, trace=300000)
	super		50000038
	constant pool entry 58	50000037
	constant pool entry 57	50000081
	constant pool entry 55	50000034
	constant pool entry 54	50000038
	constant pool entry 53	50000036
	constant pool entry 52	50000076
	constant pool entry 50	5000016e
CLS 50000039 (name=sun.nio.cs.ArrayDecoder, trace=300000)
CLS 5000003e (name=java.io.Reader, trace=300000)
	super		50000172
	constant pool entry 59	50000172
	constant pool entry 55	5000003e
CLS 5000003a (name=sun.nio.cs.StreamDecoder, trace=300000)
	super		5000003e
	constant pool entry 138	50000077
	constant pool entry 137	50000034
	constant pool entry 136	50000038
	constant pool entry 135	5000008e
	constant pool entry 132	50000036
	constant pool entry 131	50000076
	constant pool entry 124	5000016a
	constant pool entry 121	5000003e
	constant pool entry 120	5000011d
	constant pool entry 5	5000003a
CLS 5000003c (name=java.io.InputStreamReader, trace=300000)
	super		5000003e
	constant pool entry 47	5000003a
	constant pool entry 40	5000003e
	constant pool entry 39	5000003c
CLS 5000003b (name=java.io.FileReader, trace=300000)
	super		5000003c
	constant pool entry 14	5000003c
	constant pool entry 11	500000b3
CLS 5000003d (name=java.io.BufferedReader, trace=300000)
	super		5000003e
	constant pool entry 179	500000f7
	constant pool entry 95	50000122
	constant pool entry 94	5000016e
	constant pool entry 89	5000003e
	constant pool entry 86	5000003d
	constant pool entry 4	500005ce
CLS 5000003f (name=java.lang.Readable, trace=300000)
CLS 50000040 (name=sun.misc.MetaIndex, trace=300000)
	super		50000172
	static jarMap	50001720
	constant pool entry 152	500000f7
	constant pool entry 80	50000147
	constant pool entry 79	500000e7
	constant pool entry 78	500000c6
	constant pool entry 77	500000dd
	constant pool entry 75	5000016e
	constant pool entry 74	50000172
	constant pool entry 72	5000016a
	constant pool entry 69	5000003b
	constant pool entry 68	5000011b
	constant pool entry 67	5000003d
	constant pool entry 66	500000c8
	constant pool entry 4	50000040
	constant pool entry 3	5000171f
	constant pool entry 2	5000171e
	constant pool entry 1	5000171d
CLS 50000041 (name=java.io.File[], trace=300000)
	super		50000172
CLS 50000042 (name=java.util.StringTokenizer, trace=300000)
	super		50000172
	constant pool entry 65	50000042
	constant pool entry 62	5000016e
	constant pool entry 61	50000172
	constant pool entry 59	50000110
	constant pool entry 3	50000f9b
CLS 50000043 (name=sun.misc.Launcher$ExtClassLoader$1, trace=300000)
	super		50000172
	constant pool entry 34	50000040
	constant pool entry 33	50000043
	constant pool entry 32	50000115
	constant pool entry 29	50000172
CLS 50000044 (name=java.net.URLClassLoader$7, trace=300000)
	super		50000172
	constant pool entry 23	5000011a
	constant pool entry 20	50000172
CLS 50000045 (name=sun.misc.JavaNetAccess, trace=300000)
CLS 50000046 (name=java.util.WeakHashMap$KeySet, trace=300000)
	super		500000da
	constant pool entry 30	50000046
	constant pool entry 26	500000da
CLS 50000047 (name=java.util.Collections$SetFromMap, trace=300000)
	super		500000da
	constant pool entry 74	50000147
	constant pool entry 73	50000047
	constant pool entry 71	500000da
	constant pool entry 67	50000111
CLS 50000048 (name=java.util.WeakHashMap$Entry[], trace=300000)
	super		50000172
CLS 50000049 (name=java.lang.ref.WeakReference[], trace=300000)
	super		50000172
CLS 5000004a (name=java.lang.ref.Reference[], trace=300000)
	super		50000172
CLS 50000151 (name=java.lang.ref.WeakReference, trace=300000)
	super		50000153
	constant pool entry 9	50000153
CLS 5000004b (name=java.util.WeakHashMap$Entry, trace=300000)
	super		50000151
	constant pool entry 50	5000004b
	constant pool entry 45	50000151
CLS 5000004c (name=java.lang.ClassLoader$ParallelLoaders, trace=300000)
	super		50000172
	static loaderTypes	50002d19
	constant pool entry 34	5000009b
	constant pool entry 33	500000db
	constant pool entry 32	500000dc
	constant pool entry 29	5000004c
	constant pool entry 28	5000016a
	constant pool entry 1	50000168
CLS 5000004d (name=sun.security.util.Debug, trace=300000)
	super		50000172
	static hexDigits	50000f79
	constant pool entry 204	5000004d
	constant pool entry 203	50000084
	constant pool entry 199	500000ef
	constant pool entry 194	5000016e
	constant pool entry 50	50000f78
	constant pool entry 49	50000f77
	constant pool entry 23	50000f76
CLS 5000004e (name=sun.misc.Launcher$Factory, trace=300000)
	super		50000172
	static PREFIX	50000ee0
	constant pool entry 51	5000004e
	constant pool entry 47	5000000f
	constant pool entry 46	50000121
	constant pool entry 43	50000172
	constant pool entry 41	5000016a
	constant pool entry 4	50000ee0
	constant pool entry 2	50000ed6
	constant pool entry 1	50000a7e
CLS 5000004f (name=java.net.URLStreamHandlerFactory, trace=300000)
CLS 50000050 (name=java.lang.Compiler$1, trace=300000)
	super		50000172
	constant pool entry 57	50000167
	constant pool entry 56	50000121
	constant pool entry 54	50000172
	constant pool entry 53	50000050
	constant pool entry 8	50002ed9
	constant pool entry 7	50002ed8
	constant pool entry 4	50002ed7
CLS 50000051 (name=java.lang.Compiler, trace=300000)
	super		50000172
	constant pool entry 27	500000ef
	constant pool entry 25	50000050
	constant pool entry 24	50000051
CLS 50000166 (name=java.lang.Throwable, trace=300000)
	super		50000172
	static UNASSIGNED_STACK	5000183c
	static SUPPRESSED_SENTINEL	5000183b
	static NULL_CAUSE_MESSAGE	5000183a
	static SELF_SUPPRESSION_MESSAGE	50001839
	static CAUSE_CAPTION	50001838
	static SUPPRESSED_CAPTION	50001837
	static EMPTY_THROWABLE_ARRAY	50001836
	constant pool entry 328	500000f7
	constant pool entry 173	500000dc
	constant pool entry 172	500000dd
	constant pool entry 162	50000113
	constant pool entry 161	50000172
	constant pool entry 156	5000016a
	constant pool entry 18	50000166
CLS 50000163 (name=java.lang.Exception, trace=300000)
	super		50000166
	constant pool entry 16	50000166
CLS 50000162 (name=java.lang.RuntimeException, trace=300000)
	super		50000163
	constant pool entry 15	50000163
CLS 50000052 (name=java.lang.IllegalArgumentException, trace=300000)
	super		50000162
CLS 50000053 (name=java.lang.System$2, trace=300000)
	super		50000172
	constant pool entry 46	50000172
	constant pool entry 45	5000016a
	constant pool entry 44	50000063
CLS 50000054 (name=sun.misc.JavaLangAccess, trace=300000)
CLS 50000055 (name=sun.io.Win32ErrorMode, trace=300000)
	super		50000172
	constant pool entry 46	500000c1
	constant pool entry 45	50000055
	constant pool entry 44	50000167
	constant pool entry 1	50000a7c
CLS 50000056 (name=sun.misc.OSEnvironment, trace=300000)
	super		50000172
	constant pool entry 11	50000055
CLS 50000057 (name=java.lang.Integer[], trace=300000)
	super		50000172
CLS 50000058 (name=java.lang.Number[], trace=300000)
	super		50000172
CLS 50000059 (name=java.lang.Integer$IntegerCache, trace=300000)
	super		50000172
	static cache	50000d5a
	constant pool entry 73	500000f7
	constant pool entry 48	500000c1
	constant pool entry 43	50000059
	constant pool entry 42	5000016a
	constant pool entry 3	5000010a
	constant pool entry 2	500008b8
CLS 5000005a (name=sun.misc.NativeSignalHandler, trace=300000)
	super		50000172
	constant pool entry 21	5000005a
	constant pool entry 20	50000172
CLS 5000005b (name=sun.misc.Signal, trace=300000)
	super		50000172
	static handlers	50002e69
	static signals	50002e68
	constant pool entry 86	5000005d
	constant pool entry 84	5000005b
	constant pool entry 83	5000005a
	constant pool entry 82	50000145
	constant pool entry 76	50000172
	constant pool entry 75	5000010a
CLS 5000005c (name=java.lang.Terminator$1, trace=300000)
	super		50000172
	constant pool entry 20	50000172
CLS 5000005d (name=sun.misc.SignalHandler, trace=300000)
	static SIG_DFL	50002e67
	static SIG_IGN	50002e66
	constant pool entry 16	5000005d
	constant pool entry 15	5000005a
CLS 5000005e (name=java.lang.Terminator, trace=300000)
	super		50000172
	static handler	50002e65
	constant pool entry 28	5000005b
	constant pool entry 27	5000005c
	constant pool entry 26	5000005e
	constant pool entry 2	50002e64
	constant pool entry 1	50002e63
CLS 5000005f (name=java.lang.ClassLoader$NativeLibrary, trace=300000)
	super		50000172
	constant pool entry 57	500000e2
	constant pool entry 54	50000172
	constant pool entry 53	5000005f
	constant pool entry 52	50000168
CLS 50000061 (name=java.io.ExpiringCache$Entry, trace=300000)
	super		50000172
	constant pool entry 23	50000172
	constant pool entry 22	50000061
CLS 50000062 (name=java.io.File$PathStatus[], trace=300000)
	super		50000172
CLS 50000063 (name=java.lang.Enum[], trace=300000)
	super		50000172
CLS 50000064 (name=java.lang.ClassLoader$3, trace=300000)
	super		50000172
	constant pool entry 28	50000172
	constant pool entry 27	50000064
	constant pool entry 25	50000111
	constant pool entry 24	5000011b
CLS 50000065 (name=java.nio.file.Path, trace=300000)
CLS 50000066 (name=java.nio.file.Watchable, trace=300000)
CLS 50000068 (name=java.lang.Enum, trace=300000)
	super		50000172
	constant pool entry 72	50000172
	constant pool entry 65	5000016a
	constant pool entry 5	50000068
CLS 50000067 (name=java.io.File$PathStatus, trace=300000)
	super		50000068
	static INVALID	50002e03
	static CHECKED	50002e02
	static $VALUES	50002e01
	constant pool entry 48	500000f7
	constant pool entry 25	50000068
	constant pool entry 3	50000067
	constant pool entry 2	50002e00
	constant pool entry 1	50002dff
CLS 500000c6 (name=java.util.HashMap, trace=300000)
	super		500000d7
	constant pool entry 483	500000f7
	constant pool entry 235	50000147
	constant pool entry 230	50000014
	constant pool entry 229	500000c4
	constant pool entry 220	500000c6
	constant pool entry 217	500000d7
	constant pool entry 213	50000172
	constant pool entry 208	5000010e
	constant pool entry 198	500000c2
CLS 5000006a (name=java.util.LinkedHashMap, trace=300000)
	super		500000c6
	constant pool entry 100	50001e70
	constant pool entry 98	50000060
	constant pool entry 97	5000006a
	constant pool entry 95	500000c4
	constant pool entry 94	500000c6
CLS 50000069 (name=java.io.ExpiringCache$1, trace=300000)
	super		5000006a
	constant pool entry 26	5000006a
	constant pool entry 24	50000069
	constant pool entry 23	5000006b
CLS 5000006b (name=java.io.ExpiringCache, trace=300000)
	super		50000172
	constant pool entry 64	50000147
	constant pool entry 62	50000167
	constant pool entry 60	50000172
	constant pool entry 59	50000061
	constant pool entry 58	50000069
	constant pool entry 57	5000006b
CLS 5000006d (name=java.io.FileSystem, trace=300000)
	super		50000172
	constant pool entry 77	50000167
	constant pool entry 75	50000172
	constant pool entry 73	5000006d
	constant pool entry 2	50002df8
	constant pool entry 1	50002df7
CLS 5000006c (name=java.io.WinNTFileSystem, trace=300000)
	super		5000006d
	static driveDirCache	500007fc
	constant pool entry 313	500000f7
	constant pool entry 155	50000084
	constant pool entry 154	5000002f
	constant pool entry 153	500000ef
	constant pool entry 151	50000121
	constant pool entry 150	50000122
	constant pool entry 149	5000016e
	constant pool entry 145	5000006c
	constant pool entry 143	5000006d
	constant pool entry 142	5000011b
	constant pool entry 141	5000006b
	constant pool entry 8	500007f6
	constant pool entry 7	500007f5
CLS 5000006e (name=java.io.DefaultFileSystem, trace=300000)
	super		50000172
	constant pool entry 11	5000006c
CLS 50000091 (name=java.io.Writer, trace=300000)
	super		50000172
	constant pool entry 52	5000016e
	constant pool entry 51	50000172
	constant pool entry 47	50000091
CLS 5000006f (name=java.io.BufferedWriter, trace=300000)
	super		50000091
	constant pool entry 120	500000f7
	constant pool entry 66	50000084
	constant pool entry 65	500000ef
	constant pool entry 62	5000016e
	constant pool entry 58	50000091
	constant pool entry 56	5000006f
	constant pool entry 3	50000630
CLS 50000070 (name=java.nio.Bits$1, trace=300000)
	super		50000172
	constant pool entry 20	50000172
CLS 50000071 (name=sun.misc.JavaNioAccess, trace=300000)
CLS 5000010f (name=java.lang.Number, trace=300000)
	super		50000172
	constant pool entry 28	50000172
CLS 50000072 (name=java.util.concurrent.atomic.AtomicLong, trace=300000)
	super		5000010f
	static unsafe	50000708
	constant pool entry 81	50000120
	constant pool entry 78	5000010f
	constant pool entry 74	5000016a
	constant pool entry 2	50000072
	constant pool entry 1	50000d4c
CLS 50000073 (name=java.nio.ByteOrder, trace=300000)
	super		50000172
	static BIG_ENDIAN	50000fb4
	static LITTLE_ENDIAN	50000fb3
	constant pool entry 23	50000073
	constant pool entry 22	50000074
	constant pool entry 21	50000172
	constant pool entry 2	50000fb2
	constant pool entry 1	50000fb1
CLS 50000074 (name=java.nio.Bits, trace=300000)
	super		50000172
	static unsafe	50000708
	static byteOrder	50000fb3
	static reservedMemory	50000fc8
	static totalCapacity	50000fc7
	static count	50000fc4
	constant pool entry 275	50000084
	constant pool entry 274	500000c1
	constant pool entry 273	50000120
	constant pool entry 272	500000cc
	constant pool entry 270	50000072
	constant pool entry 269	500000ef
	constant pool entry 268	50000073
	constant pool entry 266	50000070
	constant pool entry 262	5000016e
	constant pool entry 252	5000016a
	constant pool entry 10	50000074
	constant pool entry 8	50000fbe
	constant pool entry 5	50000fbc
	constant pool entry 4	50000fbb
	constant pool entry 3	50000fba
CLS 50000076 (name=java.nio.ByteBuffer, trace=300000)
	super		50000112
	constant pool entry 140	50000075
	constant pool entry 138	50000073
	constant pool entry 137	50000076
	constant pool entry 134	50000112
	constant pool entry 133	50000074
CLS 50000075 (name=java.nio.HeapByteBuffer, trace=300000)
	super		50000076
	constant pool entry 260	500000f7
	constant pool entry 122	50000075
	constant pool entry 106	50000076
	constant pool entry 102	50000167
CLS 50000077 (name=java.nio.charset.CodingErrorAction, trace=300000)
	super		50000172
	static IGNORE	50001694
	static REPLACE	50001693
	static REPORT	500005c6
	constant pool entry 21	50000077
	constant pool entry 20	50000172
	constant pool entry 3	50001692
	constant pool entry 2	50001691
	constant pool entry 1	50001690
CLS 50000079 (name=java.nio.charset.CharsetEncoder, trace=300000)
	super		50000172
	static stateNames	50001674
	constant pool entry 358	500000f7
	constant pool entry 166	50000095
	constant pool entry 165	50000077
	constant pool entry 164	50000034
	constant pool entry 161	5000008e
	constant pool entry 152	5000016e
	constant pool entry 151	50000172
	constant pool entry 148	5000016a
	constant pool entry 16	50000079
	constant pool entry 13	50001673
	constant pool entry 7	50001672
	constant pool entry 4	50001670
	constant pool entry 3	5000166f
	constant pool entry 2	500013fb
CLS 50000078 (name=sun.nio.cs.SingleByte$Encoder, trace=300000)
	super		50000079
	constant pool entry 77	50000078
	constant pool entry 76	50000081
	constant pool entry 74	50000034
	constant pool entry 73	50000079
	constant pool entry 72	50000036
	constant pool entry 71	50000076
CLS 5000007a (name=sun.nio.cs.ArrayEncoder, trace=300000)
CLS 5000013c (name=sun.reflect.MagicAccessorImpl, trace=300000)
	super		50000172
	constant pool entry 8	50000172
CLS 50000138 (name=sun.reflect.ConstructorAccessorImpl, trace=300000)
	super		5000013c
	constant pool entry 20	5000013c
CLS 5000007b (name=sun.reflect.DelegatingConstructorAccessorImpl, trace=300000)
	super		50000138
	constant pool entry 20	5000007b
	constant pool entry 19	50000138
CLS 5000007c (name=sun.reflect.NativeConstructorAccessorImpl, trace=300000)
	super		50000138
	constant pool entry 44	500000e1
	constant pool entry 43	5000007c
	constant pool entry 40	50000138
CLS 5000007d (name=sun.reflect.ReflectionFactory$1, trace=300000)
	super		50000172
	constant pool entry 51	5000007d
	constant pool entry 50	500000e1
	constant pool entry 48	50000167
	constant pool entry 45	50000172
	constant pool entry 3	50002e78
	constant pool entry 2	50002e77
CLS 5000007e (name=java.lang.Class$1, trace=300000)
	super		50000172
	constant pool entry 25	5000013d
	constant pool entry 24	50000172
	constant pool entry 23	5000007e
CLS 5000007f (name=java.lang.reflect.Constructor[], trace=300000)
	super		50000172
CLS 50000080 (name=java.lang.reflect.Executable[], trace=300000)
	super		50000172
CLS 50000081 (name=sun.nio.cs.SingleByte, trace=300000)
	super		50000172
	constant pool entry 25	50000081
	constant pool entry 24	50000112
CLS 5000008e (name=java.nio.charset.Charset, trace=300000)
	super		50000172
	static bugLevel	500005a0
	static standardProvider	50001401
	static cache1	50000b3a
	static cache2	5000086e
	static gate	50001400
	static defaultCharset	500013ff
	constant pool entry 319	500000f7
	constant pool entry 159	50000084
	constant pool entry 157	5000008b
	constant pool entry 156	500000c1
	constant pool entry 150	500000ef
	constant pool entry 149	5000008d
	constant pool entry 136	50000086
	constant pool entry 135	5000016e
	constant pool entry 134	50000172
	constant pool entry 9	5000008e
	constant pool entry 7	500013fd
	constant pool entry 6	500013fc
	constant pool entry 2	500013fb
	constant pool entry 1	500005a0
CLS 50000082 (name=sun.nio.cs.MS1252, trace=300000)
	super		5000008e
	static b2cTable	500016b0
	static b2c	500016b3
	static c2b	500016b2
	static c2bIndex	500016b1
	constant pool entry 86	500000f7
	constant pool entry 53	5000008b
	constant pool entry 52	50000078
	constant pool entry 51	50000037
	constant pool entry 50	50000081
	constant pool entry 49	50000082
	constant pool entry 47	5000008e
	constant pool entry 46	5000016e
	constant pool entry 4	500016b0
	constant pool entry 3	500012e8
	constant pool entry 1	500016af
CLS 50000083 (name=sun.nio.cs.HistoricallyNamedCharset, trace=300000)
CLS 50000084 (name=sun.security.action.GetPropertyAction, trace=300000)
	super		50000172
	constant pool entry 32	50000084
	constant pool entry 29	50000167
	constant pool entry 27	50000172
CLS 50000085 (name=java.util.concurrent.atomic.AtomicInteger, trace=300000)
	super		5000010f
	static unsafe	50000708
	constant pool entry 77	50000120
	constant pool entry 74	5000010f
	constant pool entry 70	5000016a
	constant pool entry 2	50000085
	constant pool entry 1	50000d4c
CLS 50000086 (name=java.lang.ThreadLocal, trace=300000)
	super		50000172
	static nextHashCode	50000f17
	constant pool entry 60	50000085
	constant pool entry 58	50000212
	constant pool entry 57	50000210
	constant pool entry 54	50000086
	constant pool entry 53	5000014a
	constant pool entry 52	50000172
CLS 5000008a (name=sun.util.PreHashedMap, trace=300000)
	super		500000d7
	constant pool entry 94	500000f7
	constant pool entry 49	5000008a
	constant pool entry 46	500000d7
	constant pool entry 44	5000016e
	constant pool entry 43	50000172
	constant pool entry 42	50000108
CLS 50000087 (name=sun.nio.cs.StandardCharsets$Cache, trace=300000)
	super		5000008a
	constant pool entry 118	500000f7
	constant pool entry 107	5000008a
	constant pool entry 106	50000087
	constant pool entry 103	50000172
	constant pool entry 39	500012f0
	constant pool entry 38	500012ef
	constant pool entry 37	500012ee
	constant pool entry 36	500012ed
	constant pool entry 35	500012ec
	constant pool entry 34	500012eb
	constant pool entry 33	500012ea
	constant pool entry 32	500012e9
	constant pool entry 31	500012e8
	constant pool entry 30	500012e7
	constant pool entry 29	500012e6
	constant pool entry 28	500012e5
	constant pool entry 27	500012e4
	constant pool entry 26	500012e3
	constant pool entry 25	500012d8
	constant pool entry 24	500012d7
	constant pool entry 23	500012d6
	constant pool entry 22	500012d5
	constant pool entry 21	500012d4
	constant pool entry 20	500012d3
	constant pool entry 19	500012d2
	constant pool entry 18	500012d1
	constant pool entry 17	500012d0
	constant pool entry 16	500012cf
	constant pool entry 15	500012ce
	constant pool entry 14	500012ca
	constant pool entry 13	500012c9
	constant pool entry 12	500012c8
	constant pool entry 11	500012c7
	constant pool entry 10	500010f6
	constant pool entry 9	500010f5
	constant pool entry 8	500010f4
	constant pool entry 7	500010f3
	constant pool entry 6	500010f2
	constant pool entry 5	500010f1
	constant pool entry 4	500010ef
	constant pool entry 3	500010e8
	constant pool entry 2	500012c6
	constant pool entry 1	500012c5
CLS 50000088 (name=sun.nio.cs.StandardCharsets$Classes, trace=300000)
	super		5000008a
	constant pool entry 196	500000f7
	constant pool entry 185	5000008a
	constant pool entry 184	50000088
	constant pool entry 181	50000172
	constant pool entry 78	500012f0
	constant pool entry 77	500012ef
	constant pool entry 76	500012ee
	constant pool entry 75	500012ed
	constant pool entry 74	500012ec
	constant pool entry 73	500012eb
	constant pool entry 72	500012ea
	constant pool entry 71	500012e9
	constant pool entry 70	500012e8
	constant pool entry 69	500012e7
	constant pool entry 68	500012e6
	constant pool entry 67	500012e5
	constant pool entry 66	500012e4
	constant pool entry 65	500012e3
	constant pool entry 64	500012d8
	constant pool entry 63	500012d7
	constant pool entry 62	500012d6
	constant pool entry 61	500012d5
	constant pool entry 60	500012d4
	constant pool entry 59	500012d3
	constant pool entry 58	500012d2
	constant pool entry 57	500012d1
	constant pool entry 56	500012d0
	constant pool entry 55	500012cf
	constant pool entry 54	500012ce
	constant pool entry 53	500012ca
	constant pool entry 52	500012c9
	constant pool entry 51	500012c8
	constant pool entry 50	500012c7
	constant pool entry 49	500010f6
	constant pool entry 48	500010f5
	constant pool entry 47	500010f4
	constant pool entry 46	500010f3
	constant pool entry 45	500010f2
	constant pool entry 44	500010f1
	constant pool entry 43	500010ef
	constant pool entry 42	500010e8
	constant pool entry 41	500012c6
	constant pool entry 40	500012c5
	constant pool entry 39	500012c4
	constant pool entry 38	50001084
	constant pool entry 37	50001083
	constant pool entry 36	50001082
	constant pool entry 35	50001081
	constant pool entry 34	50001080
	constant pool entry 33	500012c3
	constant pool entry 32	5000107f
	constant pool entry 31	5000107e
	constant pool entry 30	5000107d
	constant pool entry 29	500012c2
	constant pool entry 28	500012c1
	constant pool entry 27	500012c0
	constant pool entry 26	500012bf
	constant pool entry 25	500012be
	constant pool entry 24	500012bd
	constant pool entry 23	500012bc
	constant pool entry 22	500012bb
	constant pool entry 21	500012ba
	constant pool entry 20	500012b9
	constant pool entry 19	500012b8
	constant pool entry 18	500012b7
	constant pool entry 17	500012b6
	constant pool entry 16	500012b5
	constant pool entry 15	500012b4
	constant pool entry 14	500012b3
	constant pool entry 13	50001069
	constant pool entry 12	500012b2
	constant pool entry 11	500012b1
	constant pool entry 10	500012b0
	constant pool entry 9	500012af
	constant pool entry 8	500012ae
	constant pool entry 7	500012ad
	constant pool entry 6	500012ac
	constant pool entry 5	500012ab
	constant pool entry 4	500012aa
	constant pool entry 3	500012a9
	constant pool entry 2	500012a8
	constant pool entry 1	500012a7
CLS 50000089 (name=sun.nio.cs.StandardCharsets$Aliases, trace=300000)
	super		5000008a
	constant pool entry 522	500000f7
	constant pool entry 511	5000008a
	constant pool entry 510	50000089
	constant pool entry 507	50000172
	constant pool entry 241	500012f0
	constant pool entry 240	50001394
	constant pool entry 239	500012ef
	constant pool entry 238	50001393
	constant pool entry 237	500012ee
	constant pool entry 236	50001392
	constant pool entry 235	50001391
	constant pool entry 234	500012ed
	constant pool entry 233	500012ec
	constant pool entry 232	5000116c
	constant pool entry 231	500012eb
	constant pool entry 230	500012ea
	constant pool entry 229	500012e9
	constant pool entry 228	500012e8
	constant pool entry 227	500012e7
	constant pool entry 226	500012e6
	constant pool entry 225	50001390
	constant pool entry 224	5000138f
	constant pool entry 223	5000138e
	constant pool entry 222	5000138d
	constant pool entry 221	5000138c
	constant pool entry 220	5000138b
	constant pool entry 219	5000138a
	constant pool entry 218	50001389
	constant pool entry 217	50001388
	constant pool entry 216	50001387
	constant pool entry 215	5000116a
	constant pool entry 214	500012e5
	constant pool entry 213	50001386
	constant pool entry 212	500012e4
	constant pool entry 211	50001385
	constant pool entry 210	500012e3
	constant pool entry 209	500012d8
	constant pool entry 208	500012d7
	constant pool entry 207	500012d6
	constant pool entry 206	500012d5
	constant pool entry 205	500012d4
	constant pool entry 204	50000fe8
	constant pool entry 203	50001384
	constant pool entry 202	50001383
	constant pool entry 201	50001382
	constant pool entry 200	50001381
	constant pool entry 199	50001144
	constant pool entry 198	50001125
	constant pool entry 197	5000111b
	constant pool entry 196	5000137c
	constant pool entry 195	5000137b
	constant pool entry 194	50001116
	constant pool entry 193	50001115
	constant pool entry 192	50001114
	constant pool entry 191	50001113
	constant pool entry 190	5000137a
	constant pool entry 189	50001379
	constant pool entry 188	50001112
	constant pool entry 187	50001111
	constant pool entry 186	50001110
	constant pool entry 185	5000110f
	constant pool entry 184	5000110e
	constant pool entry 183	5000110d
	constant pool entry 182	500012d3
	constant pool entry 181	500012d2
	constant pool entry 180	5000110c
	constant pool entry 179	50001378
	constant pool entry 178	50001377
	constant pool entry 177	50001376
	constant pool entry 176	50001375
	constant pool entry 175	50001374
	constant pool entry 174	50001373
	constant pool entry 173	50001372
	constant pool entry 172	50001366
	constant pool entry 171	50001365
	constant pool entry 170	50001364
	constant pool entry 169	50001363
	constant pool entry 168	50001362
	constant pool entry 167	50001361
	constant pool entry 166	50001109
	constant pool entry 165	50001360
	constant pool entry 164	5000135f
	constant pool entry 163	50000fee
	constant pool entry 162	50001108
	constant pool entry 161	50001107
	constant pool entry 160	50001106
	constant pool entry 159	50001105
	constant pool entry 158	50001104
	constant pool entry 157	5000135e
	constant pool entry 156	5000135d
	constant pool entry 155	50001103
	constant pool entry 154	5000135c
	constant pool entry 153	5000135a
	constant pool entry 152	50001102
	constant pool entry 151	50001359
	constant pool entry 150	50001101
	constant pool entry 149	50001358
	constant pool entry 148	50001357
	constant pool entry 147	50001356
	constant pool entry 146	50001355
	constant pool entry 145	50001354
	constant pool entry 144	50000fe1
	constant pool entry 143	50001100
	constant pool entry 142	500010ff
	constant pool entry 141	500010fe
	constant pool entry 140	500010fd
	constant pool entry 139	500010fc
	constant pool entry 138	500010fb
	constant pool entry 137	500012d1
	constant pool entry 136	500012d0
	constant pool entry 135	500012cf
	constant pool entry 134	500012ce
	constant pool entry 133	500012ca
	constant pool entry 132	500012c9
	constant pool entry 131	500012c8
	constant pool entry 130	500012c7
	constant pool entry 129	50001353
	constant pool entry 128	50001352
	constant pool entry 127	500010fa
	constant pool entry 126	500010f9
	constant pool entry 125	500010f8
	constant pool entry 124	500010f7
	constant pool entry 123	5000116f
	constant pool entry 122	500010f6
	constant pool entry 121	500010f5
	constant pool entry 120	500010f4
	constant pool entry 119	500010f3
	constant pool entry 118	500010f2
	constant pool entry 117	500010f1
	constant pool entry 116	50001351
	constant pool entry 115	500010f0
	constant pool entry 114	500010ef
	constant pool entry 113	500010e9
	constant pool entry 112	500010e8
	constant pool entry 111	50001350
	constant pool entry 110	500012c6
	constant pool entry 109	5000134f
	constant pool entry 108	500010e7
	constant pool entry 107	500010e6
	constant pool entry 106	500010e5
	constant pool entry 105	500010e4
	constant pool entry 104	5000116e
	constant pool entry 103	500010e3
	constant pool entry 102	500010e2
	constant pool entry 101	500010e1
	constant pool entry 100	500010e0
	constant pool entry 99	500010df
	constant pool entry 98	500010de
	constant pool entry 97	5000134e
	constant pool entry 96	500010dc
	constant pool entry 95	500010db
	constant pool entry 94	500010da
	constant pool entry 93	500010d9
	constant pool entry 92	500010d8
	constant pool entry 91	500010d7
	constant pool entry 90	5000134d
	constant pool entry 89	5000134c
	constant pool entry 88	50000fec
	constant pool entry 87	500010d6
	constant pool entry 86	500010d5
	constant pool entry 85	5000134b
	constant pool entry 84	500010d4
	constant pool entry 83	500010d3
	constant pool entry 82	500010d2
	constant pool entry 81	500010d1
	constant pool entry 80	5000134a
	constant pool entry 79	50001349
	constant pool entry 78	50001348
	constant pool entry 77	50001347
	constant pool entry 76	50001346
	constant pool entry 75	50001345
	constant pool entry 74	50001344
	constant pool entry 73	50001343
	constant pool entry 72	50001342
	constant pool entry 71	50001341
	constant pool entry 70	50001340
	constant pool entry 69	5000133f
	constant pool entry 68	5000133e
	constant pool entry 67	500010b3
	constant pool entry 66	500010b2
	constant pool entry 65	500010b1
	constant pool entry 64	500010b0
	constant pool entry 63	500010af
	constant pool entry 62	500010ae
	constant pool entry 61	500010ad
	constant pool entry 60	500010ac
	constant pool entry 59	500010ab
	constant pool entry 58	500010aa
	constant pool entry 57	500010a9
	constant pool entry 56	500010a8
	constant pool entry 55	500010a2
	constant pool entry 54	500010a1
	constant pool entry 53	500010a0
	constant pool entry 52	5000109f
	constant pool entry 51	5000109e
	constant pool entry 50	5000109d
	constant pool entry 49	5000109c
	constant pool entry 48	5000109b
	constant pool entry 47	5000109a
	constant pool entry 46	50001099
	constant pool entry 45	50001098
	constant pool entry 44	50001097
	constant pool entry 43	50000fea
	constant pool entry 42	50001095
	constant pool entry 41	50001094
	constant pool entry 40	50001093
	constant pool entry 39	50001092
	constant pool entry 38	50001091
	constant pool entry 37	50001090
	constant pool entry 36	5000108f
	constant pool entry 35	5000133d
	constant pool entry 34	500012c5
	constant pool entry 33	5000108e
	constant pool entry 32	50000ff0
	constant pool entry 31	5000133c
	constant pool entry 30	5000133b
	constant pool entry 29	5000133a
	constant pool entry 28	5000108d
	constant pool entry 27	50001041
	constant pool entry 26	50001040
	constant pool entry 25	5000103f
	constant pool entry 24	5000103e
	constant pool entry 23	5000103d
	constant pool entry 22	5000103c
	constant pool entry 21	5000103b
	constant pool entry 20	5000103a
	constant pool entry 19	50001039
	constant pool entry 18	50001038
	constant pool entry 17	50001037
	constant pool entry 16	50001036
	constant pool entry 15	50001035
	constant pool entry 14	5000116d
	constant pool entry 13	50001034
	constant pool entry 12	50001033
	constant pool entry 11	50001032
	constant pool entry 10	50001031
	constant pool entry 9	50001030
	constant pool entry 8	5000102f
	constant pool entry 7	5000102e
	constant pool entry 6	5000102d
	constant pool entry 5	5000102c
	constant pool entry 4	5000102b
	constant pool entry 3	5000102a
	constant pool entry 2	50000fed
	constant pool entry 1	50001029
CLS 5000008d (name=java.nio.charset.spi.CharsetProvider, trace=300000)
	super		50000172
	constant pool entry 23	50000167
	constant pool entry 20	50000172
CLS 5000008c (name=sun.nio.cs.FastCharsetProvider, trace=300000)
	super		5000008d
	constant pool entry 138	500000f7
	constant pool entry 75	5000049d
	constant pool entry 73	5000008c
	constant pool entry 72	50000147
	constant pool entry 71	5000008d
	constant pool entry 70	5000008e
	constant pool entry 68	50000121
	constant pool entry 67	5000016e
	constant pool entry 65	50000172
	constant pool entry 61	5000016a
	constant pool entry 2	500012c2
	constant pool entry 1	50000a7e
CLS 5000008b (name=sun.nio.cs.StandardCharsets, trace=300000)
	super		5000008c
	static aliases_US_ASCII	50000fdf
	static aliases_UTF_8	50001198
	static aliases_CESU_8	50001197
	static aliases_UTF_16	50001196
	static aliases_UTF_16BE	50001195
	static aliases_UTF_16LE	50001194
	static aliases_UTF_16LE_BOM	50001193
	static aliases_UTF_32	50001192
	static aliases_UTF_32LE	50001191
	static aliases_UTF_32BE	50001190
	static aliases_UTF_32LE_BOM	5000118f
	static aliases_UTF_32BE_BOM	5000118e
	static aliases_ISO_8859_1	5000118d
	static aliases_ISO_8859_2	5000118c
	static aliases_ISO_8859_4	5000118b
	static aliases_ISO_8859_5	5000118a
	static aliases_ISO_8859_7	50001189
	static aliases_ISO_8859_9	50001188
	static aliases_ISO_8859_13	50001187
	static aliases_ISO_8859_15	50001186
	static aliases_KOI8_R	50001185
	static aliases_KOI8_U	50001184
	static aliases_MS1250	50001183
	static aliases_MS1251	50001182
	static aliases_MS1252	50001181
	static aliases_MS1253	50001180
	static aliases_MS1254	5000117f
	static aliases_MS1257	5000117e
	static aliases_IBM437	5000117d
	static aliases_IBM737	5000117c
	static aliases_IBM775	5000117b
	static aliases_IBM850	50001179
	static aliases_IBM852	50001176
	static aliases_IBM855	50001175
	static aliases_IBM857	50001174
	static aliases_IBM858	50001173
	static aliases_IBM862	50001172
	static aliases_IBM866	50001171
	static aliases_IBM874	50001170
	constant pool entry 577	500000f7
	constant pool entry 485	50000088
	constant pool entry 484	50000087
	constant pool entry 483	50000089
	constant pool entry 481	5000008b
	constant pool entry 480	5000008c
	constant pool entry 479	5000016e
	constant pool entry 478	5000116f
	constant pool entry 477	5000116e
	constant pool entry 476	5000116d
	constant pool entry 209	5000116c
	constant pool entry 208	5000116a
	constant pool entry 207	50000fe8
	constant pool entry 206	50001144
	constant pool entry 205	50001125
	constant pool entry 204	5000111b
	constant pool entry 203	50001117
	constant pool entry 202	50001116
	constant pool entry 201	50001115
	constant pool entry 200	50001114
	constant pool entry 199	50001113
	constant pool entry 198	50001112
	constant pool entry 197	50001111
	constant pool entry 196	50001110
	constant pool entry 195	5000110f
	constant pool entry 194	5000110e
	constant pool entry 193	5000110d
	constant pool entry 192	5000110c
	constant pool entry 191	50001109
	constant pool entry 190	50000fee
	constant pool entry 189	50001108
	constant pool entry 188	50001107
	constant pool entry 187	50001106
	constant pool entry 186	50001105
	constant pool entry 185	50001104
	constant pool entry 184	50001103
	constant pool entry 183	50001102
	constant pool entry 182	50001101
	constant pool entry 181	50000fe1
	constant pool entry 180	50001100
	constant pool entry 179	500010ff
	constant pool entry 178	500010fe
	constant pool entry 177	500010fd
	constant pool entry 176	500010fc
	constant pool entry 175	500010fb
	constant pool entry 174	500010fa
	constant pool entry 173	500010f9
	constant pool entry 172	500010f8
	constant pool entry 171	500010f7
	constant pool entry 170	500010f6
	constant pool entry 169	500010f5
	constant pool entry 168	500010f4
	constant pool entry 167	500010f3
	constant pool entry 166	500010f2
	constant pool entry 165	500010f1
	constant pool entry 164	500010f0
	constant pool entry 163	500010ef
	constant pool entry 162	500010e9
	constant pool entry 161	500010e8
	constant pool entry 160	500010e7
	constant pool entry 159	500010e6
	constant pool entry 158	500010e5
	constant pool entry 157	500010e4
	constant pool entry 156	500010e3
	constant pool entry 155	500010e2
	constant pool entry 154	500010e1
	constant pool entry 153	500010e0
	constant pool entry 152	500010df
	constant pool entry 151	500010de
	constant pool entry 150	500010dc
	constant pool entry 149	500010db
	constant pool entry 148	500010da
	constant pool entry 147	500010d9
	constant pool entry 146	500010d8
	constant pool entry 145	500010d7
	constant pool entry 144	50000fec
	constant pool entry 143	500010d6
	constant pool entry 142	500010d5
	constant pool entry 141	500010d4
	constant pool entry 140	500010d3
	constant pool entry 139	500010d2
	constant pool entry 138	500010d1
	constant pool entry 137	500010d0
	constant pool entry 136	500010cf
	constant pool entry 135	500010ce
	constant pool entry 134	500010bf
	constant pool entry 133	500010be
	constant pool entry 132	500010bd
	constant pool entry 131	500010bc
	constant pool entry 130	500010bb
	constant pool entry 129	500010ba
	constant pool entry 128	500010b9
	constant pool entry 127	500010b8
	constant pool entry 126	500010b7
	constant pool entry 125	500010b6
	constant pool entry 124	50000feb
	constant pool entry 123	500010b3
	constant pool entry 122	500010b2
	constant pool entry 121	500010b1
	constant pool entry 120	500010b0
	constant pool entry 119	500010af
	constant pool entry 118	500010ae
	constant pool entry 117	500010ad
	constant pool entry 116	500010ac
	constant pool entry 115	500010ab
	constant pool entry 114	500010aa
	constant pool entry 113	500010a9
	constant pool entry 112	500010a8
	constant pool entry 111	500010a2
	constant pool entry 110	500010a1
	constant pool entry 109	500010a0
	constant pool entry 108	5000109f
	constant pool entry 107	5000109e
	constant pool entry 106	5000109d
	constant pool entry 105	5000109c
	constant pool entry 104	5000109b
	constant pool entry 103	5000109a
	constant pool entry 102	50001099
	constant pool entry 101	50001098
	constant pool entry 100	50001097
	constant pool entry 99	50000fea
	constant pool entry 98	50001095
	constant pool entry 97	50001094
	constant pool entry 96	50001093
	constant pool entry 95	50001092
	constant pool entry 94	50001091
	constant pool entry 93	50001090
	constant pool entry 92	5000108f
	constant pool entry 91	5000108e
	constant pool entry 90	50000ff0
	constant pool entry 89	5000108d
	constant pool entry 88	5000108c
	constant pool entry 87	5000108b
	constant pool entry 86	5000108a
	constant pool entry 85	50001089
	constant pool entry 84	50001088
	constant pool entry 83	50001087
	constant pool entry 82	50001086
	constant pool entry 81	50001085
	constant pool entry 80	50001084
	constant pool entry 79	50001083
	constant pool entry 78	50001082
	constant pool entry 77	50001081
	constant pool entry 76	50001080
	constant pool entry 75	5000107f
	constant pool entry 74	5000107e
	constant pool entry 73	5000107d
	constant pool entry 72	5000107c
	constant pool entry 71	5000107b
	constant pool entry 70	5000107a
	constant pool entry 69	50001079
	constant pool entry 68	50001078
	constant pool entry 67	5000106c
	constant pool entry 66	5000106b
	constant pool entry 65	5000106a
	constant pool entry 64	50001069
	constant pool entry 63	50001068
	constant pool entry 62	50001067
	constant pool entry 61	50001066
	constant pool entry 60	50001065
	constant pool entry 59	50001064
	constant pool entry 58	50001063
	constant pool entry 57	50001062
	constant pool entry 56	5000105a
	constant pool entry 55	50001059
	constant pool entry 54	50001058
	constant pool entry 53	50001057
	constant pool entry 52	50001056
	constant pool entry 51	50001055
	constant pool entry 50	50000fe3
	constant pool entry 49	50001054
	constant pool entry 48	50001053
	constant pool entry 47	50001052
	constant pool entry 46	50001051
	constant pool entry 45	50001050
	constant pool entry 44	5000104e
	constant pool entry 43	5000104d
	constant pool entry 42	5000104c
	constant pool entry 41	5000104b
	constant pool entry 40	50000fe5
	constant pool entry 39	5000104a
	constant pool entry 38	50001049
	constant pool entry 37	50001048
	constant pool entry 36	50001047
	constant pool entry 35	50000fe9
	constant pool entry 34	50001046
	constant pool entry 33	50001045
	constant pool entry 32	50001044
	constant pool entry 31	50001043
	constant pool entry 30	50001042
	constant pool entry 29	50000fe4
	constant pool entry 28	50000fe2
	constant pool entry 27	50000fef
	constant pool entry 26	50001041
	constant pool entry 25	50001040
	constant pool entry 24	5000103f
	constant pool entry 23	5000103e
	constant pool entry 22	5000103d
	constant pool entry 21	5000103c
	constant pool entry 20	5000103b
	constant pool entry 19	5000103a
	constant pool entry 18	50001039
	constant pool entry 17	50001038
	constant pool entry 16	50001037
	constant pool entry 15	50001036
	constant pool entry 14	50001035
	constant pool entry 13	50001034
	constant pool entry 12	50001033
	constant pool entry 11	50001032
	constant pool entry 10	50001031
	constant pool entry 9	50001030
	constant pool entry 8	5000102f
	constant pool entry 7	5000102e
	constant pool entry 6	5000102d
	constant pool entry 5	5000102c
	constant pool entry 4	5000102b
	constant pool entry 3	5000102a
	constant pool entry 2	50000fed
	constant pool entry 1	50001029
CLS 5000008f (name=sun.nio.cs.StreamEncoder, trace=300000)
	super		50000091
	constant pool entry 121	50000077
	constant pool entry 120	50000034
	constant pool entry 119	50000079
	constant pool entry 118	5000008e
	constant pool entry 116	50000036
	constant pool entry 115	50000076
	constant pool entry 110	5000016a
	constant pool entry 108	50000091
	constant pool entry 106	500000ae
	constant pool entry 2	5000008f
CLS 50000090 (name=java.io.OutputStreamWriter, trace=300000)
	super		50000091
	constant pool entry 47	5000008f
	constant pool entry 41	50000091
	constant pool entry 39	50000090
CLS 500000ae (name=java.io.OutputStream, trace=300000)
	super		50000172
	constant pool entry 27	50000172
CLS 50000094 (name=java.io.FilterOutputStream, trace=300000)
	super		500000ae
	constant pool entry 24	500000ae
	constant pool entry 22	50000094
CLS 50000092 (name=java.io.BufferedOutputStream, trace=300000)
	super		50000094
	constant pool entry 60	500000f7
	constant pool entry 33	50000167
	constant pool entry 31	500000ae
	constant pool entry 29	50000094
	constant pool entry 28	50000092
CLS 50000093 (name=java.io.PrintStream, trace=300000)
	super		50000094
	constant pool entry 105	50000093
	constant pool entry 104	50000090
	constant pool entry 103	500000ae
	constant pool entry 100	50000094
	constant pool entry 96	5000006f
	constant pool entry 1	50002a6c
CLS 50000095 (name=java.util.Arrays, trace=300000)
	super		50000172
	constant pool entry 801	500000f7
	constant pool entry 300	50000715
	constant pool entry 294	50000030
	constant pool entry 290	50000167
	constant pool entry 287	50000172
	constant pool entry 286	500000be
	constant pool entry 281	5000016a
	constant pool entry 19	50000095
	constant pool entry 16	50000108
	constant pool entry 2	500005cf
CLS 50000096 (name=sun.reflect.misc.ReflectUtil, trace=300000)
	super		50000172
	static PROXY_PACKAGE	50000f87
	constant pool entry 117	500000c7
	constant pool entry 115	50000099
CLS 50000097 (name=java.lang.reflect.ReflectAccess, trace=300000)
	super		50000172
	constant pool entry 42	5000013e
	constant pool entry 41	50000141
	constant pool entry 39	5000013d
	constant pool entry 38	50000172
CLS 50000098 (name=sun.reflect.LangReflectAccess, trace=300000)
CLS 50000099 (name=java.lang.reflect.Modifier, trace=300000)
	super		50000172
	constant pool entry 129	500000ec
	constant pool entry 128	500000e1
	constant pool entry 127	500000ef
	constant pool entry 126	50000097
CLS 5000009b (name=java.util.WeakHashMap, trace=300000)
	super		500000d7
	static NULL_KEY	500016c0
	constant pool entry 321	500000f7
	constant pool entry 147	50000046
	constant pool entry 141	5000004b
	constant pool entry 139	5000009b
	constant pool entry 130	500000d7
	constant pool entry 129	5000014c
	constant pool entry 126	50000172
	constant pool entry 123	5000010e
	constant pool entry 122	50000048
CLS 5000009a (name=java.lang.ClassValue$ClassValueMap, trace=300000)
	super		5000009b
CLS 5000009c (name=sun.reflect.annotation.AnnotationType, trace=300000)
	super		50000172
CLS 5000009d (name=java.lang.Class$AnnotationData, trace=300000)
	super		50000172
CLS 500000a0 (name=sun.reflect.generics.repository.AbstractRepository, trace=300000)
	super		50000172
CLS 5000009f (name=sun.reflect.generics.repository.GenericDeclRepository, trace=300000)
	super		500000a0
CLS 5000009e (name=sun.reflect.generics.repository.ClassRepository, trace=300000)
	super		5000009f
CLS 500000a1 (name=java.lang.reflect.Field[], trace=300000)
	super		50000172
CLS 500000a2 (name=java.lang.reflect.Member[], trace=300000)
	super		50000172
CLS 500000a3 (name=java.lang.reflect.AccessibleObject[], trace=300000)
	super		50000172
CLS 500000a4 (name=java.lang.Class$Atomic, trace=300000)
	super		50000172
	static unsafe	50000708
	constant pool entry 54	50000120
	constant pool entry 48	500000a4
	constant pool entry 6	5000016a
	constant pool entry 5	50002e7d
	constant pool entry 4	50002e7c
	constant pool entry 3	50002e7b
CLS 500000a5 (name=java.lang.Class$ReflectionData, trace=300000)
	super		50000172
	constant pool entry 29	50000172
	constant pool entry 28	500000a5
CLS 500000a6 (name=java.lang.Class$3, trace=300000)
	super		50000172
	constant pool entry 36	50000167
	constant pool entry 34	50000172
	constant pool entry 33	500000a6
	constant pool entry 32	5000016a
	constant pool entry 1	50002e81
CLS 500000a7 (name=java.util.concurrent.atomic.AtomicReferenceFieldUpdater$AtomicReferenceFieldUpdaterImpl$1, trace=300000)
	super		50000172
	constant pool entry 33	500000a7
	constant pool entry 29	50000172
	constant pool entry 26	5000016a
CLS 500000a8 (name=java.security.PrivilegedExceptionAction, trace=300000)
CLS 500000aa (name=java.util.concurrent.atomic.AtomicReferenceFieldUpdater, trace=300000)
	super		50000172
	constant pool entry 40	500000c7
	constant pool entry 37	500000a9
	constant pool entry 35	50000172
CLS 500000a9 (name=java.util.concurrent.atomic.AtomicReferenceFieldUpdater$AtomicReferenceFieldUpdaterImpl, trace=300000)
	super		500000aa
	static U	50000708
	constant pool entry 125	50000096
	constant pool entry 124	50000120
	constant pool entry 123	500000a7
	constant pool entry 122	500000a9
	constant pool entry 121	500000aa
	constant pool entry 120	500000b9
	constant pool entry 118	500000ef
	constant pool entry 117	50000099
	constant pool entry 116	50000141
	constant pool entry 114	5000016e
	constant pool entry 106	5000016a
CLS 5000011d (name=java.io.InputStream, trace=300000)
	super		50000172
	constant pool entry 47	50000172
CLS 500000ac (name=java.io.FilterInputStream, trace=300000)
	super		5000011d
	constant pool entry 26	5000011d
	constant pool entry 24	500000ac
CLS 500000ab (name=java.io.BufferedInputStream, trace=300000)
	super		500000ac
	static bufUpdater	50000f86
	constant pool entry 133	500000f7
	constant pool entry 71	500000aa
	constant pool entry 66	5000011d
	constant pool entry 64	500000ac
	constant pool entry 9	500000ab
	constant pool entry 8	50000176
	constant pool entry 7	50000f85
CLS 500000ad (name=java.io.FileOutputStream, trace=300000)
	super		500000ae
	constant pool entry 76	50000167
	constant pool entry 73	50000172
	constant pool entry 71	500000ae
	constant pool entry 69	50000231
	constant pool entry 68	500000ad
	constant pool entry 66	500000b2
	constant pool entry 65	5000011b
CLS 500000af (name=java.io.Flushable, trace=300000)
CLS 500000b0 (name=java.io.FileDescriptor$1, trace=300000)
	super		50000172
	constant pool entry 22	50000172
CLS 500000b1 (name=sun.misc.JavaIOFileDescriptorAccess, trace=300000)
CLS 500000b2 (name=java.io.FileDescriptor, trace=300000)
	super		50000172
	static in	500006f4
	static out	500006fa
	static err	500006f7
	constant pool entry 68	500000cc
	constant pool entry 63	50000172
	constant pool entry 60	500000b0
	constant pool entry 59	500000b2
	constant pool entry 58	5000011e
CLS 500000b3 (name=java.io.FileInputStream, trace=300000)
	super		5000011d
	constant pool entry 76	50000167
	constant pool entry 73	50000172
	constant pool entry 71	5000011d
	constant pool entry 68	50000013
	constant pool entry 67	500000b3
	constant pool entry 66	500000b2
	constant pool entry 65	5000011b
CLS 500000b4 (name=sun.misc.Version, trace=300000)
	super		50000172
	static launcher_name	50002e61
	static java_version	50001711
	static java_runtime_name	50002e48
	static java_profile_name	500005a0
	static java_runtime_version	50002945
	constant pool entry 145	500000b4
	constant pool entry 144	50000167
	constant pool entry 17	5000170c
	constant pool entry 16	50002e53
	constant pool entry 15	50002e49
	constant pool entry 11	50002e48
	constant pool entry 9	50002945
	constant pool entry 8	50001711
CLS 500000b5 (name=java.lang.Runtime, trace=300000)
	super		50000172
	static currentRuntime	500003b2
	constant pool entry 107	50000167
	constant pool entry 105	5000016e
	constant pool entry 104	5000039e
	constant pool entry 100	500000b5
	constant pool entry 98	50000172
	constant pool entry 96	50000168
	constant pool entry 93	5000011b
CLS 500000b6 (name=java.util.Hashtable$Enumerator, trace=300000)
	super		50000172
	constant pool entry 61	500000b6
	constant pool entry 60	500000c0
	constant pool entry 59	50000145
	constant pool entry 54	50000172
CLS 500000b7 (name=java.util.Iterator, trace=300000)
CLS 500000b8 (name=java.util.Enumeration, trace=300000)
CLS 500000b9 (name=java.util.Objects, trace=300000)
	super		50000172
	constant pool entry 39	50000172
CLS 500000bb (name=java.util.Collections$SynchronizedCollection, trace=300000)
	super		50000172
	constant pool entry 67	500000b9
	constant pool entry 66	500000bb
	constant pool entry 64	500000e8
	constant pool entry 62	50000172
CLS 500000ba (name=java.util.Collections$SynchronizedSet, trace=300000)
	super		500000bb
	constant pool entry 31	500000bb
CLS 500000bc (name=java.util.Hashtable$EntrySet, trace=300000)
	super		500000da
	constant pool entry 49	500000bc
	constant pool entry 46	50000145
	constant pool entry 45	500000da
CLS 5000014a (name=java.lang.Thread, trace=300000)
	super		50000172
	static EMPTY_STACK_TRACE	500005e2
	static SUBCLASS_IMPLEMENTATION_PERMISSION	500005e1
	constant pool entry 540	500000f7
	constant pool entry 262	500000ef
	constant pool entry 254	50000148
	constant pool entry 247	50000167
	constant pool entry 244	50000113
	constant pool entry 242	500000f0
	constant pool entry 240	50000172
	constant pool entry 15	5000014a
	constant pool entry 9	500005e0
CLS 500000bd (name=java.lang.ref.Finalizer$FinalizerThread, trace=300000)
	super		5000014a
	constant pool entry 35	500000c1
	constant pool entry 34	500000cc
	constant pool entry 32	5000014c
	constant pool entry 31	500000bd
	constant pool entry 30	5000014d
	constant pool entry 29	5000014a
	constant pool entry 1	50002e9c
CLS 500000be (name=java.lang.Math, trace=300000)
	super		50000172
	constant pool entry 168	5000010e
	constant pool entry 167	5000010d
	constant pool entry 166	5000016a
	constant pool entry 14	500000be
CLS 500000bf (name=java.util.Hashtable$Entry[], trace=300000)
	super		50000172
CLS 500000c0 (name=java.util.Hashtable$Entry, trace=300000)
	super		50000172
	constant pool entry 48	500000c0
	constant pool entry 45	50000172
CLS 500000c1 (name=sun.misc.VM, trace=300000)
	super		50000172
	static lock	500008c3
	static savedProps	500008bf
	constant pool entry 158	500000c1
	constant pool entry 157	50000056
	constant pool entry 154	50000144
	constant pool entry 149	5000016e
	constant pool entry 148	500000b5
	constant pool entry 147	50000172
	constant pool entry 11	500005d5
	constant pool entry 10	500008be
	constant pool entry 9	500008bd
	constant pool entry 8	500008bc
	constant pool entry 7	500008bb
	constant pool entry 6	500008ba
	constant pool entry 5	500008b9
	constant pool entry 4	500008b8
	constant pool entry 1	500008b7
CLS 500000c2 (name=java.util.HashMap$Node[], trace=300000)
	super		50000172
CLS 500000c3 (name=java.util.Map$Entry[], trace=300000)
	super		50000172
CLS 500000c5 (name=java.util.Map$Entry, trace=300000)
CLS 500000c7 (name=sun.reflect.Reflection, trace=300000)
	super		50000172
	static fieldFilterMap	50000eb3
	static methodFilterMap	50000eb2
	constant pool entry 234	500000f7
	constant pool entry 116	50000147
	constant pool entry 115	500000c6
	constant pool entry 114	50000099
	constant pool entry 109	5000016e
	constant pool entry 103	50000857
	constant pool entry 101	500000a1
	constant pool entry 14	500000c7
	constant pool entry 12	50000167
	constant pool entry 11	5000016a
	constant pool entry 10	50000eb1
	constant pool entry 9	50000eb0
	constant pool entry 8	50000eaf
	constant pool entry 7	50000eae
CLS 500000c8 (name=java.lang.String[], trace=300000)
	super		50000172
CLS 500000c9 (name=java.lang.CharSequence[], trace=300000)
	super		50000172
CLS 50000165 (name=java.lang.Error, trace=300000)
	super		50000166
	constant pool entry 16	50000166
CLS 5000015b (name=java.lang.LinkageError, trace=300000)
	super		50000165
	constant pool entry 14	50000165
CLS 500000cb (name=java.lang.IncompatibleClassChangeError, trace=300000)
	super		5000015b
	constant pool entry 15	5000015b
CLS 500000ca (name=java.lang.NoSuchMethodError, trace=300000)
	super		500000cb
	constant pool entry 14	500000cb
CLS 500000cc (name=sun.misc.SharedSecrets, trace=300000)
	super		50000172
	static unsafe	50000708
	static javaUtilJarAccess	50000490
	static javaLangAccess	500003ae
	static javaLangRefAccess	50000f33
	static javaNetAccess	50000f1e
	static javaNioAccess	50000f1d
	static javaIOFileDescriptorAccess	50000f1c
	static javaSecurityProtectionDomainAccess	50000f1a
	static javaSecurityAccess	50000f19
	static javaUtilZipFileAccess	5000025f
	constant pool entry 80	50000120
	constant pool entry 79	500000cc
	constant pool entry 9	5000025c
CLS 500000cd (name=java.lang.ref.Reference$1, trace=300000)
	super		50000172
	constant pool entry 16	50000172
CLS 500000ce (name=sun.misc.JavaLangRefAccess, trace=300000)
CLS 500000cf (name=java.lang.Thread[], trace=300000)
	super		50000172
CLS 500000d0 (name=java.lang.Runnable[], trace=300000)
	super		50000172
CLS 500000d1 (name=java.lang.ref.ReferenceQueue$Lock, trace=300000)
	super		50000172
	constant pool entry 14	500000d1
	constant pool entry 11	50000172
CLS 5000014c (name=java.lang.ref.ReferenceQueue, trace=300000)
	super		50000172
	static NULL	500008aa
	static ENQUEUED	500008b4
	constant pool entry 71	500000c1
	constant pool entry 69	500000d2
	constant pool entry 68	500000d1
	constant pool entry 66	50000153
	constant pool entry 65	50000150
	constant pool entry 62	50000172
	constant pool entry 59	5000016a
	constant pool entry 2	5000014c
CLS 500000d2 (name=java.lang.ref.ReferenceQueue$Null, trace=300000)
	super		5000014c
	constant pool entry 15	500000d2
	constant pool entry 13	5000014c
CLS 500000d5 (name=java.util.Collections$UnmodifiableCollection, trace=300000)
	super		50000172
	constant pool entry 52	500000d5
	constant pool entry 50	500000e8
	constant pool entry 48	50000172
CLS 500000d4 (name=java.util.Collections$UnmodifiableList, trace=300000)
	super		500000d5
	constant pool entry 51	500000e7
	constant pool entry 48	500000d4
	constant pool entry 47	500000d5
CLS 500000d3 (name=java.util.Collections$UnmodifiableRandomAccessList, trace=300000)
	super		500000d4
	constant pool entry 22	500000d4
CLS 500000d6 (name=java.util.Collections$EmptyMap, trace=300000)
	super		500000d7
	constant pool entry 60	500000d6
	constant pool entry 57	500000d7
CLS 500000e4 (name=java.util.AbstractList, trace=300000)
	super		500000e5
	constant pool entry 77	50000717
	constant pool entry 75	500000e4
	constant pool entry 74	500000e5
CLS 500000d8 (name=java.util.Collections$EmptyList, trace=300000)
	super		500000e4
	constant pool entry 69	500000d8
	constant pool entry 65	500000e4
CLS 500000d9 (name=java.util.Collections$EmptySet, trace=300000)
	super		500000da
	constant pool entry 48	500000d9
	constant pool entry 44	500000da
CLS 500000db (name=java.util.Set, trace=300000)
CLS 500000dc (name=java.util.Collections, trace=300000)
	super		50000172
	static EMPTY_SET	50000a74
	static EMPTY_LIST	50000a73
	static EMPTY_MAP	50000a72
	constant pool entry 269	500000e6
	constant pool entry 260	50001a17
	constant pool entry 259	500000d3
	constant pool entry 250	500000ba
	constant pool entry 240	50000047
	constant pool entry 237	500000d9
	constant pool entry 236	500000d6
	constant pool entry 234	500000d8
	constant pool entry 216	500000dc
CLS 500000dd (name=java.util.ArrayList, trace=300000)
	super		500000e4
	static EMPTY_ELEMENTDATA	50000f59
	static DEFAULTCAPACITY_EMPTY_ELEMENTDATA	500005a1
	constant pool entry 357	500000f7
	constant pool entry 180	500000e8
	constant pool entry 178	50000095
	constant pool entry 177	500006f6
	constant pool entry 173	500000dd
	constant pool entry 172	500000e4
	constant pool entry 167	50000172
	constant pool entry 166	500000be
	constant pool entry 11	50000108
CLS 500000de (name=java.lang.InterruptedException, trace=300000)
	super		50000163
CLS 500000df (name=java.lang.ref.Reference$ReferenceHandler, trace=300000)
	super		5000014a
	constant pool entry 38	500000df
	constant pool entry 37	50000153
	constant pool entry 36	5000014a
	constant pool entry 32	5000016a
	constant pool entry 2	5000014e
	constant pool entry 1	500000de
CLS 500000e0 (name=java.lang.ref.Reference$Lock, trace=300000)
	super		50000172
	constant pool entry 14	500000e0
	constant pool entry 11	50000172
CLS 500000e1 (name=sun.reflect.ReflectionFactory, trace=300000)
	super		50000172
	static reflectionFactoryAccessPerm	50000625
	static soleInstance	5000060b
	static langReflectAccess	50000622
	constant pool entry 212	5000007d
	constant pool entry 211	500000e1
	constant pool entry 210	500000c7
	constant pool entry 209	5000162e
	constant pool entry 208	5000007c
	constant pool entry 206	50000098
	constant pool entry 204	50001630
	constant pool entry 203	5000007b
	constant pool entry 200	500000ef
	constant pool entry 199	50000099
	constant pool entry 196	5000013d
	constant pool entry 192	50000167
	constant pool entry 188	500000f0
	constant pool entry 21	50000138
	constant pool entry 20	50000172
	constant pool entry 19	5000016a
	constant pool entry 9	5000060e
CLS 500000e3 (name=java.util.Vector, trace=300000)
	super		500000e4
	constant pool entry 378	500000f7
	constant pool entry 186	500000e3
	constant pool entry 177	50000095
	constant pool entry 176	500000e4
	constant pool entry 174	50000167
	constant pool entry 171	50000172
CLS 500000e2 (name=java.util.Stack, trace=300000)
	super		500000e3
	constant pool entry 35	500000e3
	constant pool entry 34	500000e2
CLS 500000e6 (name=java.util.RandomAccess, trace=300000)
CLS 500000e7 (name=java.util.List, trace=300000)
CLS 500000e8 (name=java.util.Collection, trace=300000)
CLS 500000e9 (name=java.lang.Iterable, trace=300000)
CLS 500000ea (name=java.security.cert.Certificate[], trace=300000)
	super		50000172
CLS 500000eb (name=java.security.cert.Certificate, trace=300000)
	super		50000172
CLS 500000ec (name=sun.reflect.ReflectionFactory$GetReflectionFactoryAction, trace=300000)
	super		50000172
	constant pool entry 18	500000ec
	constant pool entry 17	500000e1
	constant pool entry 15	50000172
CLS 500000ed (name=java.security.PrivilegedAction, trace=300000)
CLS 500000f2 (name=java.security.Permission, trace=300000)
	super		50000172
	constant pool entry 57	500000f2
	constant pool entry 50	50000172
CLS 500000f1 (name=java.security.BasicPermission, trace=300000)
	super		500000f2
	constant pool entry 75	500000f2
	constant pool entry 74	50000819
	constant pool entry 73	500000f1
	constant pool entry 72	5000016e
	constant pool entry 71	50000172
	constant pool entry 4	500005e8
	constant pool entry 3	500005e7
	constant pool entry 2	500005e6
CLS 500000ee (name=java.lang.reflect.ReflectPermission, trace=300000)
	super		500000f1
	constant pool entry 15	500000f1
CLS 500000ef (name=java.security.AccessController, trace=300000)
	super		50000172
	constant pool entry 79	500000ef
	constant pool entry 77	5000015f
CLS 500000f0 (name=java.lang.RuntimePermission, trace=300000)
	super		500000f1
	constant pool entry 15	500000f1
CLS 500000f3 (name=java.security.Guard, trace=300000)
CLS 500000f4 (name=java.lang.StackTraceElement[], trace=300000)
	super		50000172
CLS 500000f5 (name=java.lang.ThreadGroup[], trace=300000)
	super		50000172
CLS 500000f6 (name=java.lang.Thread$UncaughtExceptionHandler[], trace=300000)
	super		50000172
CLS 500000f7 (name=com.sun.demo.jvmti.hprof.Tracker, trace=300000)
	super		50000172
	constant pool entry 35	5000014a
	constant pool entry 32	500000f7
	constant pool entry 3	5000059e
	constant pool entry 2	500005df
	constant pool entry 1	500005d9
CLS 500000f8 (name=java.lang.String$CaseInsensitiveComparator, trace=300000)
	super		50000172
	constant pool entry 42	500000f8
	constant pool entry 40	5000016e
	constant pool entry 39	50000172
	constant pool entry 38	500000be
CLS 500000f9 (name=java.util.Comparator, trace=300000)
CLS 500000fa (name=java.io.ObjectStreamField[], trace=300000)
	super		50000172
CLS 500000fb (name=java.lang.Comparable[], trace=300000)
	super		50000172
CLS 500000fc (name=java.io.ObjectStreamField, trace=300000)
	super		50000172
	constant pool entry 92	50000121
	constant pool entry 91	5000016e
	constant pool entry 90	5000010b
	constant pool entry 88	50000109
	constant pool entry 86	5000010a
	constant pool entry 84	5000010e
	constant pool entry 83	5000010d
	constant pool entry 81	5000016a
	constant pool entry 80	50000110
	constant pool entry 79	5000010c
	constant pool entry 78	50000111
	constant pool entry 77	500000fc
	constant pool entry 2	50000172
CLS 500000fd (name=java.lang.OutOfMemoryError[], trace=300000)
	super		50000172
CLS 500000fe (name=java.lang.VirtualMachineError[], trace=300000)
	super		50000172
CLS 500000ff (name=java.lang.Error[], trace=300000)
	super		50000172
CLS 50000100 (name=java.lang.Throwable[], trace=300000)
	super		50000172
CLS 50000101 (name=java.lang.ArithmeticException, trace=300000)
	super		50000162
CLS 50000102 (name=java.lang.NullPointerException, trace=300000)
	super		50000162
CLS 50000103 (name=java.lang.Class[], trace=300000)
	super		50000172
CLS 50000104 (name=java.io.Serializable[], trace=300000)
	super		50000172
CLS 50000105 (name=java.lang.reflect.GenericDeclaration[], trace=300000)
	super		50000172
CLS 50000106 (name=java.lang.reflect.AnnotatedElement[], trace=300000)
	super		50000172
CLS 50000107 (name=java.lang.reflect.Type[], trace=300000)
	super		50000172
CLS 50000108 (name=java.lang.Object[], trace=300000)
	super		50000172
CLS 50000109 (name=java.lang.Long, trace=300000)
	super		5000010f
	static TYPE	50000575
	constant pool entry 357	500000f7
	constant pool entry 210	5000016e
	constant pool entry 204	500000be
	constant pool entry 202	50000109
	constant pool entry 201	5000010a
	constant pool entry 198	5000016a
	constant pool entry 17	50000d54
CLS 5000010a (name=java.lang.Integer, trace=300000)
	super		5000010f
	static TYPE	50000576
	static digits	50000d59
	static DigitTens	50000d58
	static DigitOnes	50000d57
	static sizeTable	50000d56
	constant pool entry 310	500000f7
	constant pool entry 194	50000167
	constant pool entry 192	5000016e
	constant pool entry 188	5000010f
	constant pool entry 184	50000059
	constant pool entry 183	5000010a
	constant pool entry 180	5000016a
	constant pool entry 179	50000110
	constant pool entry 29	50000d55
CLS 5000010b (name=java.lang.Short, trace=300000)
	super		5000010f
	static TYPE	50000577
	constant pool entry 95	5000010b
	constant pool entry 90	5000016a
	constant pool entry 7	50000ea5
CLS 5000010c (name=java.lang.Byte, trace=300000)
	super		5000010f
	static TYPE	50000578
	constant pool entry 88	5000016a
	constant pool entry 86	5000010c
	constant pool entry 5	50000ea7
CLS 5000010d (name=java.lang.Double, trace=300000)
	super		5000010f
	static TYPE	50000579
	constant pool entry 142	5000010d
	constant pool entry 140	5000016a
	constant pool entry 10	50000a7a
CLS 5000010e (name=java.lang.Float, trace=300000)
	super		5000010f
	static TYPE	5000057a
	constant pool entry 110	5000010e
	constant pool entry 107	5000016a
	constant pool entry 8	500007d8
CLS 50000110 (name=java.lang.Character, trace=300000)
	super		50000172
	static TYPE	5000057b
	constant pool entry 275	5000016a
	constant pool entry 273	50000016
	constant pool entry 11	50000110
	constant pool entry 10	50000e94
CLS 50000111 (name=java.lang.Boolean, trace=300000)
	super		50000172
	static TRUE	50000a77
	static FALSE	50000a76
	static TYPE	5000057c
	constant pool entry 72	50000167
	constant pool entry 71	5000016e
	constant pool entry 69	50000172
	constant pool entry 65	5000016a
	constant pool entry 64	50000111
	constant pool entry 3	500005d5
	constant pool entry 1	50000a75
CLS 50000113 (name=java.lang.StackTraceElement, trace=300000)
	super		50000172
CLS 50000114 (name=java.security.CodeSource, trace=300000)
	super		50000172
	constant pool entry 154	50000114
	constant pool entry 152	50000119
	constant pool entry 148	50000172
CLS 50000168 (name=java.lang.ClassLoader, trace=300000)
	super		50000172
	static nocerts	50000a87
	static scl	500003b4
	static loadedLibraryNames	50000a86
	static systemNativeLibraries	50000a85
	static nativeLibraryContext	50000a84
	static usr_paths	50000a83
	static sys_paths	50000a82
	constant pool entry 843	500000f7
	constant pool entry 359	500000c7
	constant pool entry 358	500000c1
	constant pool entry 357	50000004
	constant pool entry 355	500004f9
	constant pool entry 354	50000117
	constant pool entry 353	500020ea
	constant pool entry 352	5000002b
	constant pool entry 351	500000e3
	constant pool entry 350	500000e2
	constant pool entry 349	500000db
	constant pool entry 346	50000005
	constant pool entry 345	500000c6
	constant pool entry 344	500000b8
	constant pool entry 343	500000dc
	constant pool entry 341	500000eb
	constant pool entry 340	50000160
	constant pool entry 338	50000114
	constant pool entry 337	500000ef
	constant pool entry 334	50000119
	constant pool entry 329	50000001
	constant pool entry 328	50000167
	constant pool entry 326	5000016e
	constant pool entry 323	500005db
	constant pool entry 322	50000172
	constant pool entry 317	5000015c
	constant pool entry 315	5000004c
	constant pool entry 314	5000005f
	constant pool entry 313	50000064
	constant pool entry 312	500020e4
	constant pool entry 309	5000016a
	constant pool entry 304	5000011b
	constant pool entry 303	50001e7b
	constant pool entry 302	500000ea
	constant pool entry 19	50000168
	constant pool entry 18	50000a81
	constant pool entry 15	50000a80
	constant pool entry 14	50000a7f
	constant pool entry 6	50000a7e
	constant pool entry 1	500005a0
CLS 5000015e (name=java.security.SecureClassLoader, trace=300000)
	super		50000168
	constant pool entry 62	5000004d
	constant pool entry 61	500000c6
	constant pool entry 60	5000015e
	constant pool entry 59	50000160
	constant pool entry 58	500007ae
	constant pool entry 56	50000167
	constant pool entry 51	50000168
	constant pool entry 4	5000184e
CLS 5000011a (name=java.net.URLClassLoader, trace=300000)
	super		5000015e
	constant pool entry 246	50000004
	constant pool entry 245	500000cc
	constant pool entry 244	50000586
	constant pool entry 243	500004f9
	constant pool entry 242	50000118
	constant pool entry 240	500005a8
	constant pool entry 239	50000595
	constant pool entry 238	5000009b
	constant pool entry 234	5000015e
	constant pool entry 232	500007ad
	constant pool entry 231	500000f2
	constant pool entry 230	50000114
	constant pool entry 229	500000ef
	constant pool entry 225	500007e0
	constant pool entry 224	50000044
	constant pool entry 220	500020e8
	constant pool entry 219	50000266
	constant pool entry 218	5000024b
	constant pool entry 217	5000011a
	constant pool entry 216	50000119
	constant pool entry 212	50000167
	constant pool entry 210	5000016e
	constant pool entry 206	500005db
	constant pool entry 203	5000015c
	constant pool entry 202	50000168
	constant pool entry 201	5000016a
	constant pool entry 197	500007f7
	constant pool entry 196	5000011b
	constant pool entry 12	500005d5
	constant pool entry 3	50000ed7
CLS 50000115 (name=sun.misc.Launcher$ExtClassLoader, trace=300000)
	super		5000011a
	static instance	500003b9
	constant pool entry 238	500000f7
	constant pool entry 124	50000004
	constant pool entry 123	500000cc
	constant pool entry 121	50000043
	constant pool entry 120	50000117
	constant pool entry 119	50000045
	constant pool entry 118	500000e3
	constant pool entry 117	50000042
	constant pool entry 113	500000ef
	constant pool entry 109	5000011a
	constant pool entry 108	50000119
	constant pool entry 104	50000167
	constant pool entry 103	5000016e
	constant pool entry 101	50000168
	constant pool entry 99	5000011b
	constant pool entry 4	50000115
	constant pool entry 2	5000171f
	constant pool entry 1	500018e4
CLS 50000116 (name=sun.misc.Launcher$AppClassLoader, trace=300000)
	super		5000011a
	constant pool entry 106	50000004
	constant pool entry 105	500000cc
	constant pool entry 103	50000002
	constant pool entry 102	50000116
	constant pool entry 101	50000045
	constant pool entry 99	500007ad
	constant pool entry 97	500000ef
	constant pool entry 95	5000011a
	constant pool entry 92	50000167
	constant pool entry 91	5000016e
	constant pool entry 89	500000f0
	constant pool entry 87	50000168
	constant pool entry 86	5000016a
	constant pool entry 3	50000117
	constant pool entry 2	500018e9
	constant pool entry 1	500005e6
CLS 50000117 (name=sun.misc.Launcher, trace=300000)
	super		50000172
	static factory	500018e8
	static launcher	500018e7
	static bootClassPath	50000a27
	constant pool entry 219	500000f7
	constant pool entry 122	50000012
	constant pool entry 121	5000004e
	constant pool entry 120	50000115
	constant pool entry 119	50001e7d
	constant pool entry 118	50000116
	constant pool entry 116	50000117
	constant pool entry 115	50000119
	constant pool entry 113	5000014a
	constant pool entry 112	50000167
	constant pool entry 110	5000016e
	constant pool entry 108	50000172
	constant pool entry 99	5000011b
	constant pool entry 8	500018e6
	constant pool entry 7	500018e5
CLS 50000118 (name=java.util.jar.Manifest, trace=300000)
	super		50000172
	constant pool entry 231	500000f7
	constant pool entry 110	50000599
	constant pool entry 109	50000118
	constant pool entry 108	50000595
	constant pool entry 105	50000147
	constant pool entry 103	500000c6
	constant pool entry 99	50000172
CLS 50000119 (name=java.net.URL, trace=300000)
	super		50000172
	static BUILTIN_HANDLERS_PREFIX	50000ee0
	static protocolPathProp	50000edc
	static handlers	50000ee8
	static streamHandlerLock	50000ee7
	static serialPersistentFields	50000ee6
	constant pool entry 551	500000f7
	constant pool entry 264	50000084
	constant pool entry 262	50000042
	constant pool entry 261	50000145
	constant pool entry 260	500000ef
	constant pool entry 257	5000000f
	constant pool entry 255	50000119
	constant pool entry 250	50000010
	constant pool entry 245	50000167
	constant pool entry 244	50000121
	constant pool entry 242	50000172
	constant pool entry 241	5000010a
	constant pool entry 235	5000016a
	constant pool entry 232	500000fc
	constant pool entry 26	5000016e
	constant pool entry 25	50000ee5
	constant pool entry 24	50000ee3
	constant pool entry 22	50000ee0
	constant pool entry 21	50000edf
	constant pool entry 19	50000ede
	constant pool entry 18	50000edd
	constant pool entry 16	50000edc
	constant pool entry 15	50000edb
	constant pool entry 14	50000eda
	constant pool entry 13	50000ed9
	constant pool entry 11	50000ed8
	constant pool entry 4	50000ed7
	constant pool entry 3	50000ed6
	constant pool entry 2	50000a7e
	constant pool entry 1	500005a0
CLS 5000011b (name=java.io.File, trace=300000)
	super		50000172
	static fs	5000070c
	static separator	5000070b
	static pathSeparator	50000709
	static UNSAFE	50000708
	constant pool entry 279	50000120
	constant pool entry 268	50000167
	constant pool entry 267	50000121
	constant pool entry 266	5000016e
	constant pool entry 261	50000172
	constant pool entry 255	5000016a
	constant pool entry 247	5000006d
	constant pool entry 244	50000067
	constant pool entry 242	5000006e
	constant pool entry 20	5000011b
	constant pool entry 19	50000707
	constant pool entry 18	50000706
	constant pool entry 1	500005a0
CLS 5000011c (name=java.io.ByteArrayInputStream, trace=300000)
	super		5000011d
	constant pool entry 43	50000167
	constant pool entry 39	5000011d
	constant pool entry 37	5000011c
CLS 5000011e (name=java.io.Closeable, trace=300000)
CLS 5000011f (name=java.lang.AutoCloseable, trace=300000)
CLS 50000120 (name=sun.misc.Unsafe, trace=300000)
	super		50000172
	static theUnsafe	50000708
	constant pool entry 390	500000f7
	constant pool entry 192	500000c7
	constant pool entry 191	500000c1
	constant pool entry 188	5000016e
	constant pool entry 186	50000172
	constant pool entry 183	5000016a
	constant pool entry 12	50000120
	constant pool entry 11	5000017a
	constant pool entry 10	50000175
	constant pool entry 9	50000108
	constant pool entry 8	50000173
	constant pool entry 7	50000174
	constant pool entry 6	50000178
	constant pool entry 5	50000177
	constant pool entry 4	50000179
	constant pool entry 3	50000176
	constant pool entry 2	50000ead
CLS 50000123 (name=java.lang.AbstractStringBuilder, trace=300000)
	super		50000172
	constant pool entry 319	500000f7
	constant pool entry 151	50000095
	constant pool entry 150	50000167
	constant pool entry 146	5000016e
	constant pool entry 144	50000172
	constant pool entry 143	50000109
	constant pool entry 136	50000123
CLS 50000121 (name=java.lang.StringBuilder, trace=300000)
	super		50000123
	constant pool entry 81	50000121
	constant pool entry 80	5000016e
	constant pool entry 77	50000123
CLS 50000122 (name=java.lang.StringBuffer, trace=300000)
	super		50000123
	static serialPersistentFields	50001812
	constant pool entry 372	500000f7
	constant pool entry 111	50000095
	constant pool entry 109	50000122
	constant pool entry 108	5000016e
	constant pool entry 107	5000010a
	constant pool entry 104	50000111
	constant pool entry 103	50000123
	constant pool entry 101	500000fc
	constant pool entry 4	50000179
	constant pool entry 3	50000d4c
	constant pool entry 2	50001811
	constant pool entry 1	50001810
CLS 50000124 (name=java.lang.Appendable, trace=300000)
CLS 50000128 (name=java.lang.invoke.CallSite, trace=300000)
	super		50000172
CLS 50000125 (name=java.lang.invoke.VolatileCallSite, trace=300000)
	super		50000128
CLS 50000126 (name=java.lang.invoke.MutableCallSite, trace=300000)
	super		50000128
CLS 50000127 (name=java.lang.invoke.ConstantCallSite, trace=300000)
	super		50000128
CLS 50000129 (name=java.lang.BootstrapMethodError, trace=300000)
	super		5000015b
CLS 5000012a (name=java.lang.invoke.MethodType, trace=300000)
	super		50000172
CLS 5000012b (name=java.lang.invoke.LambdaForm, trace=300000)
	super		50000172
CLS 5000012c (name=java.lang.invoke.MethodHandleNatives, trace=300000)
	super		50000172
	constant pool entry 229	50000182
	constant pool entry 205	5000016a
	constant pool entry 32	5000012c
CLS 5000012d (name=java.lang.invoke.MemberName, trace=300000)
	super		50000172
	static CONSTRUCTOR_NAME	50002ed4
	constant pool entry 292	5000016a
	constant pool entry 45	5000012d
CLS 5000012f (name=java.lang.invoke.MethodHandle, trace=300000)
	super		50000172
	constant pool entry 196	50000120
	constant pool entry 191	500001a7
	constant pool entry 189	50000182
	constant pool entry 173	5000016a
	constant pool entry 14	5000012f
	constant pool entry 11	50002ebf
CLS 5000012e (name=java.lang.invoke.DirectMethodHandle, trace=300000)
	super		5000012f
CLS 50000130 (name=sun.reflect.CallerSensitive, trace=300000)
CLS 50000131 (name=java.lang.annotation.Annotation, trace=300000)
CLS 50000134 (name=sun.reflect.FieldAccessorImpl, trace=300000)
	super		5000013c
CLS 50000133 (name=sun.reflect.UnsafeFieldAccessorImpl, trace=300000)
	super		50000134
CLS 50000132 (name=sun.reflect.UnsafeStaticFieldAccessorImpl, trace=300000)
	super		50000133
CLS 50000135 (name=sun.reflect.FieldAccessor, trace=300000)
CLS 50000136 (name=sun.reflect.ConstantPool, trace=300000)
	super		50000172
CLS 50000137 (name=sun.reflect.DelegatingClassLoader, trace=300000)
	super		50000168
CLS 50000139 (name=sun.reflect.ConstructorAccessor, trace=300000)
CLS 5000013a (name=sun.reflect.MethodAccessorImpl, trace=300000)
	super		5000013c
	constant pool entry 16	5000013c
CLS 5000013b (name=sun.reflect.MethodAccessor, trace=300000)
CLS 50000143 (name=java.lang.reflect.AccessibleObject, trace=300000)
	super		50000172
	static ACCESS_PERMISSION	5000062b
	static reflectionFactory	5000060b
	constant pool entry 79	500000ec
	constant pool entry 78	500000e1
	constant pool entry 76	500000ef
	constant pool entry 75	500000ee
	constant pool entry 73	5000013d
	constant pool entry 71	50000143
	constant pool entry 70	50000167
	constant pool entry 67	50000172
	constant pool entry 4	5000016a
	constant pool entry 3	5000062a
CLS 5000013f (name=java.lang.reflect.Executable, trace=300000)
	super		50000143
	constant pool entry 165	50000143
CLS 5000013d (name=java.lang.reflect.Constructor, trace=300000)
	super		5000013f
	constant pool entry 148	500000e1
	constant pool entry 146	50000139
	constant pool entry 140	5000013f
	constant pool entry 139	5000013d
	constant pool entry 132	5000016a
	constant pool entry 130	50000103
CLS 5000013e (name=java.lang.reflect.Method, trace=300000)
	super		5000013f
	constant pool entry 152	500000e1
	constant pool entry 150	5000013b
	constant pool entry 143	5000013e
	constant pool entry 141	5000013f
	constant pool entry 132	50000103
CLS 50000140 (name=java.lang.reflect.Parameter, trace=300000)
	super		50000172
CLS 50000141 (name=java.lang.reflect.Field, trace=300000)
	super		50000143
	constant pool entry 140	50000141
	constant pool entry 139	50000143
CLS 50000142 (name=java.lang.reflect.Member, trace=300000)
CLS 50000146 (name=java.util.Dictionary, trace=300000)
	super		50000172
	constant pool entry 20	50000172
CLS 50000145 (name=java.util.Hashtable, trace=300000)
	super		50000146
	constant pool entry 417	500000f7
	constant pool entry 206	500000db
	constant pool entry 204	500000c5
	constant pool entry 203	50000147
	constant pool entry 202	500000b7
	constant pool entry 199	500000b6
	constant pool entry 198	500000bc
	constant pool entry 197	500000c0
	constant pool entry 195	50000145
	constant pool entry 194	50000146
	constant pool entry 192	500000dc
	constant pool entry 188	50000172
	constant pool entry 186	500000be
	constant pool entry 183	5000010e
CLS 50000144 (name=java.util.Properties, trace=300000)
	super		50000145
	static hexDigit	50000a71
	constant pool entry 264	500000f7
	constant pool entry 129	50000635
	constant pool entry 128	50000144
	constant pool entry 125	50000145
	constant pool entry 119	5000016e
CLS 50000147 (name=java.util.Map, trace=300000)
CLS 50000148 (name=java.lang.ThreadGroup, trace=300000)
	super		50000172
	constant pool entry 269	500000f7
	constant pool entry 122	50000148
	constant pool entry 119	5000014a
	constant pool entry 118	50000167
	constant pool entry 115	50000172
	constant pool entry 7	5000185d
CLS 50000149 (name=java.lang.Thread$UncaughtExceptionHandler, trace=300000)
CLS 5000014b (name=java.lang.Runnable, trace=300000)
CLS 50000150 (name=java.lang.ref.FinalReference, trace=300000)
	super		50000153
	constant pool entry 9	50000153
CLS 5000014d (name=java.lang.ref.Finalizer, trace=300000)
	super		50000150
	static queue	500003aa
	static unfinalized	50000386
	static lock	50002e9e
	constant pool entry 74	50000054
	constant pool entry 72	5000014c
	constant pool entry 71	500000bd
	constant pool entry 67	5000014d
	constant pool entry 66	50000150
	constant pool entry 64	50000148
	constant pool entry 63	5000014a
	constant pool entry 62	50000172
	constant pool entry 61	50000068
CLS 5000014f (name=java.lang.ref.PhantomReference, trace=300000)
	super		50000153
CLS 5000014e (name=sun.misc.Cleaner, trace=300000)
	super		5000014f
	static dummyQueue	5000185b
	constant pool entry 33	5000014e
	constant pool entry 31	5000014c
CLS 50000154 (name=java.lang.IllegalMonitorStateException, trace=300000)
	super		50000162
CLS 50000157 (name=java.lang.VirtualMachineError, trace=300000)
	super		50000165
CLS 50000155 (name=java.lang.StackOverflowError, trace=300000)
	super		50000157
CLS 50000156 (name=java.lang.OutOfMemoryError, trace=300000)
	super		50000157
CLS 50000158 (name=java.lang.ArrayStoreException, trace=300000)
	super		50000162
CLS 50000159 (name=java.lang.ClassCastException, trace=300000)
	super		50000162
CLS 5000015a (name=java.lang.NoClassDefFoundError, trace=300000)
	super		5000015b
CLS 5000015d (name=java.lang.ReflectiveOperationException, trace=300000)
	super		50000163
	constant pool entry 15	50000163
CLS 5000015c (name=java.lang.ClassNotFoundException, trace=300000)
	super		5000015d
	constant pool entry 20	5000015d
CLS 5000015f (name=java.security.AccessControlContext, trace=300000)
	super		50000172
	constant pool entry 137	500000ef
	constant pool entry 134	5000015f
	constant pool entry 128	50000172
CLS 50000160 (name=java.security.ProtectionDomain, trace=300000)
	super		50000172
	constant pool entry 273	500000f7
	constant pool entry 136	5000004d
	constant pool entry 135	500000cc
	constant pool entry 131	50000008
	constant pool entry 130	5000000b
	constant pool entry 129	50000009
	constant pool entry 127	50000160
	constant pool entry 126	50000007
	constant pool entry 124	500007ae
	constant pool entry 123	500007ad
	constant pool entry 113	50000172
	constant pool entry 10	5000184f
CLS 50000161 (name=java.lang.SecurityManager, trace=300000)
	super		50000172
CLS 50000164 (name=java.lang.ThreadDeath, trace=300000)
	super		50000165
CLS 50000167 (name=java.lang.System, trace=300000)
	super		50000172
	static in	500006f0
	static out	500006ae
	static err	500006a8
	static props	500006a5
	static lineSeparator	50000666
	constant pool entry 185	500000c7
	constant pool entry 184	500000b4
	constant pool entry 183	500000c1
	constant pool entry 182	500000cc
	constant pool entry 179	50000144
	constant pool entry 175	50000148
	constant pool entry 174	5000014a
	constant pool entry 173	5000005e
	constant pool entry 172	50000053
	constant pool entry 169	5000016e
	constant pool entry 166	500000b5
	constant pool entry 158	50000093
	constant pool entry 156	500000ad
	constant pool entry 155	500000b3
	constant pool entry 154	500000b2
	constant pool entry 153	50000092
	constant pool entry 152	500000ab
	constant pool entry 14	50000167
	constant pool entry 13	50000636
	constant pool entry 11	50000634
	constant pool entry 10	50000633
	constant pool entry 7	50000630
	constant pool entry 1	500005a0
CLS 50000169 (name=java.lang.Cloneable, trace=300000)
CLS 5000016a (name=java.lang.Class, trace=300000)
	super		50000172
	static serialPersistentFields	5000060d
	static reflectionFactory	5000060b
	constant pool entry 1191	500000f7
	constant pool entry 506	500000ec
	constant pool entry 505	500000e1
	constant pool entry 504	500000c7
	constant pool entry 488	500000ef
	constant pool entry 483	5000013e
	constant pool entry 479	50000141
	constant pool entry 478	5000013d
	constant pool entry 475	50000152
	constant pool entry 471	50000167
	constant pool entry 469	5000016e
	constant pool entry 464	50000172
	constant pool entry 455	50000068
	constant pool entry 451	50000168
	constant pool entry 449	500000a5
	constant pool entry 448	50000855
	constant pool entry 446	500000a4
	constant pool entry 444	5000162b
	constant pool entry 443	500000a6
	constant pool entry 441	5000007e
	constant pool entry 439	500000fc
	constant pool entry 433	50000108
	constant pool entry 431	500005ff
	constant pool entry 19	5000016a
CLS 5000016b (name=java.lang.reflect.Type, trace=300000)
CLS 5000016c (name=java.lang.reflect.GenericDeclaration, trace=300000)
CLS 5000016d (name=java.lang.reflect.AnnotatedElement, trace=300000)
CLS 5000016e (name=java.lang.String, trace=300000)
	super		50000172
	static serialPersistentFields	500005d8
	static CASE_INSENSITIVE_ORDER	500005d7
	constant pool entry 541	500000f7
	constant pool entry 259	500005f3
	constant pool entry 258	5000070e
	constant pool entry 255	5000002f
	constant pool entry 254	500000e7
	constant pool entry 251	500000f9
	constant pool entry 250	50000095
	constant pool entry 249	500000dd
	constant pool entry 246	50000167
	constant pool entry 244	5000020d
	constant pool entry 241	500000f8
	constant pool entry 239	5000016e
	constant pool entry 238	50000172
	constant pool entry 236	500000be
	constant pool entry 226	50000110
	constant pool entry 225	5000016f
	constant pool entry 221	500000fc
	constant pool entry 220	500000c8
	constant pool entry 14	500005d5
	constant pool entry 13	500005c8
	constant pool entry 12	50000584
	constant pool entry 11	500005cc
	constant pool entry 10	500005d4
	constant pool entry 9	500005d3
	constant pool entry 8	500005d2
	constant pool entry 7	500005c9
	constant pool entry 6	500005d1
	constant pool entry 5	500005a0
CLS 5000016f (name=java.lang.CharSequence, trace=300000)
CLS 50000170 (name=java.lang.Comparable, trace=300000)
CLS 50000171 (name=java.io.Serializable, trace=300000)
CLS 50000173 (name=long[], trace=300000)
	super		50000172
CLS 50000174 (name=int[], trace=300000)
	super		50000172
CLS 50000175 (name=short[], trace=300000)
	super		50000172
CLS 50000176 (name=byte[], trace=300000)
	super		50000172
CLS 50000177 (name=double[], trace=300000)
	super		50000172
CLS 50000178 (name=float[], trace=300000)
	super		50000172
CLS 50000179 (name=char[], trace=300000)
	super		50000172
CLS 5000017a (name=boolean[], trace=300000)
	super		50000172
CLS 50000182 (name=java.lang.invoke.MethodHandleImpl, trace=300003)
	super		50000172
	static PRODUCE_BLOCK_INLINING_FORM	50000190
	static PRODUCE_REINVOKER_FORM	50000192
	static FAKE_METHOD_HANDLE_INVOKE	50000194
	static NO_ARGS_ARRAY	50000195
	static FILL_ARRAY_TO_RIGHT	50000196
	static TYPED_COLLECTORS	5000019e
	constant pool entry 969	500000f7
	constant pool entry 382	500000ef
	constant pool entry 366	50000198
	constant pool entry 365	50000191
	constant pool entry 364	5000018f
	constant pool entry 363	50000185
	constant pool entry 362	500001a5
	constant pool entry 342	5000016a
	constant pool entry 27	50000182
	constant pool entry 26	5000012f
	constant pool entry 23	50000172
	constant pool entry 22	5000010a
CLS 50000185 (name=java.lang.invoke.MethodHandleImpl$1, trace=300006)
	super		50000172
	constant pool entry 32	50000185
	constant pool entry 31	50000121
	constant pool entry 30	50000172
	constant pool entry 29	5000010a
	constant pool entry 28	5000016a
	constant pool entry 2	50000182
	constant pool entry 1	50002ed2
CLS 5000018e (name=java.util.function.Function, trace=300014)
CLS 5000018f (name=java.lang.invoke.MethodHandleImpl$2, trace=300014)
	super		50000172
	constant pool entry 26	50000172
CLS 50000191 (name=java.lang.invoke.MethodHandleImpl$3, trace=300016)
	super		50000172
	constant pool entry 22	50000172
CLS 50000193 (name=java.lang.invoke.MethodHandle[], trace=300018)
	super		50000172
CLS 50000197 (name=java.lang.ClassValue, trace=300021)
	super		50000172
	static EMPTY_CACHE	5000019b
	static nextHashCode	5000019c
	static CRITICAL_SECTION	5000019d
	constant pool entry 174	500000f7
	constant pool entry 71	50000085
	constant pool entry 69	50000172
	constant pool entry 68	500001a1
	constant pool entry 67	5000019f
	constant pool entry 66	50000199
	constant pool entry 64	50000197
CLS 50000198 (name=java.lang.invoke.MethodHandleImpl$4, trace=300021)
	super		50000197
	constant pool entry 14	50000197
CLS 50000199 (name=java.lang.ClassValue$Entry, trace=300022)
	super		50000151
	static DEAD_ENTRY	500001a3
	constant pool entry 41	50000151
	constant pool entry 39	50000199
	constant pool entry 38	5000016a
	constant pool entry 1	50000197
CLS 5000019a (name=java.lang.ClassValue$Entry[], trace=300023)
	super		50000172
CLS 5000019f (name=java.lang.ClassValue$Identity, trace=300027)
	super		50000172
	constant pool entry 12	50000172
CLS 500001a1 (name=java.lang.ClassValue$Version, trace=300029)
	super		50000172
	constant pool entry 23	50000172
	constant pool entry 22	500001a1
	constant pool entry 21	50000199
CLS 500001a5 (name=java.lang.invoke.MemberName$Factory, trace=300033)
	super		50000172
	static INSTANCE	500001a6
	constant pool entry 102	500001a5
	constant pool entry 98	50000172
	constant pool entry 93	5000016a
	constant pool entry 10	5000012d
CLS 500001a7 (name=java.lang.invoke.MethodHandleStatics, trace=300035)
	super		50000172
	static UNSAFE	50000708
	constant pool entry 196	500000f7
	constant pool entry 97	50000120
	constant pool entry 96	500000ef
	constant pool entry 94	500001a9
	constant pool entry 93	500001a7
	constant pool entry 87	50000172
	constant pool entry 85	5000010a
	constant pool entry 81	50000111
CLS 500001a9 (name=java.lang.invoke.MethodHandleStatics$1, trace=300037)
	super		50000172
	constant pool entry 51	500001a9
	constant pool entry 49	50000167
	constant pool entry 48	50000172
	constant pool entry 47	5000010a
	constant pool entry 46	50000111
	constant pool entry 10	500005d5
	constant pool entry 9	50002ec8
	constant pool entry 8	50002ec7
	constant pool entry 7	50002ec6
	constant pool entry 6	50002ec5
	constant pool entry 5	50002ec4
	constant pool entry 4	50002ec3
	constant pool entry 3	50002ec2
	constant pool entry 2	50002ec1
	constant pool entry 1	50002ec0
CLS 50001e62 (name=java.util.ResourceBundle, trace=300680)
	super		50000172
	static NONEXISTENT_BUNDLE	50001e64
	static cacheList	50001e65
	static referenceQueue	50001e66
	constant pool entry 216	500000c7
	constant pool entry 215	5000002c
	constant pool entry 214	5000002b
	constant pool entry 212	50001e69
	constant pool entry 207	5000225f
	constant pool entry 205	5000226f
	constant pool entry 204	500001c2
	constant pool entry 203	50001e63
	constant pool entry 202	50001e06
	constant pool entry 201	5000002f
	constant pool entry 200	500000e7
	constant pool entry 199	500000b7
	constant pool entry 195	5000014c
	constant pool entry 191	50000121
	constant pool entry 190	5000016e
	constant pool entry 189	50000172
	constant pool entry 182	5000016a
	constant pool entry 11	50001e68
	constant pool entry 10	50001e62
	constant pool entry 5	500019f8
	constant pool entry 2	500019f7
CLS 500001ad (name=java.util.ListResourceBundle, trace=300680)
	super		50001e62
	constant pool entry 40	50001e62
	constant pool entry 39	50000147
	constant pool entry 38	500001ad
	constant pool entry 37	500000c6
	constant pool entry 35	5000016e
CLS 500001b0 (name=sun.misc.PostVMInitHook, trace=300000)
	super		50000172
	constant pool entry 22	500001b1
	constant pool entry 21	500001b0
	constant pool entry 20	50000167
	constant pool entry 2	50002ede
	constant pool entry 1	50002edd
CLS 500001b1 (name=sun.usagetracker.UsageTrackerClient, trace=300042)
	super		50000172
	static LOCK	500001b2
	static ORCL_UT_CONFIG_FILE_NAME	50002eed
	static ORCL_UT_USAGE_DIR	50002ee0
	static ORCL_UT_PROPERTY_NAME	50002f00
	static ORCL_UT_PROPERTY_RUN_SYNCHRONOUSLY	50002eff
	static ORCL_UT_PROPERTY_CONFIG_FILE_NAME	50002ee7
	static ORCL_UT_LOGTOFILE	50002efe
	static ORCL_UT_LOGFILEMAXSIZE	50002efd
	static ORCL_UT_LOGTOUDP	50002efc
	static ORCL_UT_RECORD_MAXSIZE	50002efb
	static ORCL_UT_RECORD_MAXFIELDSIZE	50002efa
	static ORCL_UT_SEND_TRUNCATED	50002ef9
	static ORCL_UT_TRACK_LAST_USAGE	50002ef8
	static ORCL_UT_VERBOSE	50002ef7
	static ORCL_UT_DEBUG	50002ef6
	static ORCL_UT_ADDITIONALPROPERTIES	50002ef5
	static ORCL_UT_SEPARATOR	50002ef4
	static ORCL_UT_QUOTE	50002ef3
	static ORCL_UT_QUOTE_INNER	50002ef2
	static DISABLE_LAST_USAGE_PROP_NAME	50002ee8
	static DEFAULT_SEP	50000f7d
	static DEFAULT_QUOTE	50002ef1
	static DEFAULT_QUOTE_INNER	50002ef0
	static isFirstRun	500001b7
	static javaHome	5000078e
	static userHomeKeyword	50002eef
	constant pool entry 534	500000f7
	constant pool entry 323	500001c3
	constant pool entry 322	500001e0
	constant pool entry 321	500001d1
	constant pool entry 320	500001b8
	constant pool entry 319	500001b1
	constant pool entry 318	500001b3
	constant pool entry 316	500000ef
	constant pool entry 314	50000167
	constant pool entry 313	50000121
	constant pool entry 312	5000016e
	constant pool entry 310	50000172
	constant pool entry 308	50000109
	constant pool entry 302	500000ad
	constant pool entry 300	5000011b
	constant pool entry 53	50002eee
	constant pool entry 51	50002eed
	constant pool entry 48	50002eec
	constant pool entry 47	50002eeb
	constant pool entry 46	50002eea
	constant pool entry 45	50002ee9
	constant pool entry 43	50000f82
	constant pool entry 42	50002ee8
	constant pool entry 41	50000f43
	constant pool entry 27	50002ee7
	constant pool entry 25	50002ee6
	constant pool entry 18	50002ee5
	constant pool entry 17	50000f09
	constant pool entry 15	50002ee4
	constant pool entry 14	50002ee3
	constant pool entry 13	50002ee2
	constant pool entry 10	50002ee1
	constant pool entry 9	50002ee0
	constant pool entry 8	50002edf
CLS 500001b3 (name=java.util.concurrent.atomic.AtomicBoolean, trace=300044)
	super		50000172
	static unsafe	50000708
	constant pool entry 51	50000120
	constant pool entry 50	50000172
	constant pool entry 47	5000016a
	constant pool entry 2	500001b3
	constant pool entry 1	50000d4c
CLS 500001b6 (name=com.sun.tools.javac.resources.compiler, trace=300673)
	super		500001ad
	loader		500003b4
	domain		5000083f
	constant pool entry 2432	500000f7
	constant pool entry 2426	500001ad
	constant pool entry 2425	50000172
	constant pool entry 2423	50000108
	constant pool entry 2422	5000282a
	constant pool entry 2421	50001d46
	constant pool entry 2420	5000280c
	constant pool entry 2419	5000209c
	constant pool entry 2418	50001da9
	constant pool entry 2417	5000274c
	constant pool entry 2416	5000273c
	constant pool entry 2415	50002293
	constant pool entry 2414	500028fa
	constant pool entry 2413	50001c7d
	constant pool entry 2412	50001cae
	constant pool entry 2411	500019f6
	constant pool entry 2410	5000230f
	constant pool entry 2409	500027b2
	constant pool entry 2408	50001eeb
	constant pool entry 2407	50001b53
	constant pool entry 2406	500027ba
	constant pool entry 2405	5000270e
	constant pool entry 2404	50002888
	constant pool entry 2403	50001c5a
	constant pool entry 2402	500028c4
	constant pool entry 2401	50001bf9
	constant pool entry 2400	500020b8
	constant pool entry 2399	50001d89
	constant pool entry 2398	5000282e
	constant pool entry 2397	5000203e
	constant pool entry 2396	50002245
	constant pool entry 2395	50002150
	constant pool entry 2394	50001d67
	constant pool entry 2393	50002278
	constant pool entry 2392	500020f2
	constant pool entry 2391	50002210
	constant pool entry 2390	500021b2
	constant pool entry 2389	500022df
	constant pool entry 2388	50001d30
	constant pool entry 2387	50001cb6
	constant pool entry 2386	50001f0b
	constant pool entry 2385	50001b2d
	constant pool entry 2384	50001a59
	constant pool entry 2383	500021c6
	constant pool entry 2382	50002133
	constant pool entry 2381	500028de
	constant pool entry 2380	50001c34
	constant pool entry 2379	50001edb
	constant pool entry 2378	50001fc7
	constant pool entry 2377	500026bc
	constant pool entry 2376	500020de
	constant pool entry 2375	50001caa
	constant pool entry 2374	50001ddf
	constant pool entry 2373	500022eb
	constant pool entry 2372	50002720
	constant pool entry 2371	50001ccf
	constant pool entry 2370	50001bdb
	constant pool entry 2369	5000201f
	constant pool entry 2368	500028d4
	constant pool entry 2367	50002347
	constant pool entry 2366	500028b2
	constant pool entry 2365	50001bd1
	constant pool entry 2364	50001f3d
	constant pool entry 2363	50001d52
	constant pool entry 2362	5000275e
	constant pool entry 2361	50002239
	constant pool entry 2360	5000277a
	constant pool entry 2359	500027a2
	constant pool entry 2358	500026a8
	constant pool entry 2357	50002323
	constant pool entry 2356	50002297
	constant pool entry 2355	50002706
	constant pool entry 2354	50001c4e
	constant pool entry 2353	50001c25
	constant pool entry 2352	5000271a
	constant pool entry 2351	50002740
	constant pool entry 2350	50001aa3
	constant pool entry 2349	50002744
	constant pool entry 2348	50001ae2
	constant pool entry 2347	5000293e
	constant pool entry 2346	50000d4c
	constant pool entry 2345	50002786
	constant pool entry 2344	50002894
	constant pool entry 2343	5000237f
	constant pool entry 2342	500028a4
	constant pool entry 2341	50001f02
	constant pool entry 2340	500028d8
	constant pool entry 2339	500028cc
	constant pool entry 2338	50001b23
	constant pool entry 2337	50001f6b
	constant pool entry 2336	50002249
	constant pool entry 2335	50001cca
	constant pool entry 2334	50002168
	constant pool entry 2333	5000234b
	constant pool entry 2332	500021fc
	constant pool entry 2331	50001a79
	constant pool entry 2330	500022c1
	constant pool entry 2329	500028e2
	constant pool entry 2328	50001dfc
	constant pool entry 2327	50001e46
	constant pool entry 2326	50002170
	constant pool entry 2325	500021a8
	constant pool entry 2324	50001e90
	constant pool entry 2323	500027a6
	constant pool entry 2322	50001af6
	constant pool entry 2321	500026f6
	constant pool entry 2320	5000212b
	constant pool entry 2319	5000224d
	constant pool entry 2318	50002225
	constant pool entry 2317	5000231b
	constant pool entry 2316	50002804
	constant pool entry 2315	5000213b
	constant pool entry 2314	50001b46
	constant pool entry 2313	500023a7
	constant pool entry 2312	5000219b
	constant pool entry 2311	50002724
	constant pool entry 2310	50001c46
	constant pool entry 2309	50001e71
	constant pool entry 2308	50001ffe
	constant pool entry 2307	50001b31
	constant pool entry 2306	50001e1a
	constant pool entry 2305	50002908
	constant pool entry 2304	50002884
	constant pool entry 2303	50001d4a
	constant pool entry 2302	50001fe0
	constant pool entry 2301	5000278a
	constant pool entry 2300	50001fee
	constant pool entry 2299	50001cb2
	constant pool entry 2298	50001ce9
	constant pool entry 2297	5000236b
	constant pool entry 2296	500020a3
	constant pool entry 2295	50002235
	constant pool entry 2294	500022ff
	constant pool entry 2293	50002259
	constant pool entry 2292	500026de
	constant pool entry 2291	50001c72
	constant pool entry 2290	50001fd7
	constant pool entry 2289	50001b7a
	constant pool entry 2288	5000228b
	constant pool entry 2287	5000279e
	constant pool entry 2286	5000219f
	constant pool entry 2285	50002231
	constant pool entry 2284	50002762
	constant pool entry 2283	50001e84
	constant pool entry 2282	5000217d
	constant pool entry 2281	50001c9e
	constant pool entry 2280	50001c21
	constant pool entry 2279	50001ba7
	constant pool entry 2278	50001c62
	constant pool entry 2277	500022c5
	constant pool entry 2276	50001ba3
	constant pool entry 2275	50002106
	constant pool entry 2274	5000229b
	constant pool entry 2273	50001b4a
	constant pool entry 2272	5000223d
	constant pool entry 2271	5000281e
	constant pool entry 2270	50002868
	constant pool entry 2269	50001bc5
	constant pool entry 2268	50002282
	constant pool entry 2267	5000278e
	constant pool entry 2266	50002367
	constant pool entry 2265	50001b27
	constant pool entry 2264	50001c2b
	constant pool entry 2263	500021cf
	constant pool entry 2262	50001a55
	constant pool entry 2261	50001a9f
	constant pool entry 2260	50001fba
	constant pool entry 2259	50001c09
	constant pool entry 2258	50002728
	constant pool entry 2257	50001de7
	constant pool entry 2256	50002174
	constant pool entry 2255	50001b76
	constant pool entry 2254	50001a83
	constant pool entry 2253	500021a3
	constant pool entry 2252	500023af
	constant pool entry 2251	50002214
	constant pool entry 2250	5000205b
	constant pool entry 2249	50001e4e
	constant pool entry 2248	5000232b
	constant pool entry 2247	50002357
	constant pool entry 2246	5000218b
	constant pool entry 2245	50001ea2
	constant pool entry 2244	50001d34
	constant pool entry 2243	500027e8
	constant pool entry 2242	50002730
	constant pool entry 2241	50002337
	constant pool entry 2240	5000210a
	constant pool entry 2239	50001ebf
	constant pool entry 2238	50001def
	constant pool entry 2237	50001b9f
	constant pool entry 2236	500021e1
	constant pool entry 2235	50002846
	constant pool entry 2234	50001d6f
	constant pool entry 2233	50002698
	constant pool entry 2232	50002808
	constant pool entry 2231	5000283a
	constant pool entry 2230	50002920
	constant pool entry 2229	500027aa
	constant pool entry 2228	5000215c
	constant pool entry 2227	50002013
	constant pool entry 2226	50001ad3
	constant pool entry 2225	50002904
	constant pool entry 2224	50002343
	constant pool entry 2223	50001aff
	constant pool entry 2222	50001d95
	constant pool entry 2221	50001bb1
	constant pool entry 2220	50002924
	constant pool entry 2219	50002353
	constant pool entry 2218	50001e7c
	constant pool entry 2217	50002251
	constant pool entry 2216	50002377
	constant pool entry 2215	50002393
	constant pool entry 2214	5000276e
	constant pool entry 2213	5000230b
	constant pool entry 2212	5000233f
	constant pool entry 2211	50002878
	constant pool entry 2210	50002383
	constant pool entry 2209	50002146
	constant pool entry 2208	50001c1d
	constant pool entry 2207	500020ec
	constant pool entry 2206	50002712
	constant pool entry 2205	50001d21
	constant pool entry 2204	50002694
	constant pool entry 2203	500022fb
	constant pool entry 2202	500021ed
	constant pool entry 2201	50002860
	constant pool entry 2200	50002810
	constant pool entry 2199	50001d5e
	constant pool entry 2198	500022a7
	constant pool entry 2197	5000232f
	constant pool entry 2196	500028ec
	constant pool entry 2195	500026fe
	constant pool entry 2194	50001dc0
	constant pool entry 2193	500026a4
	constant pool entry 2192	50002918
	constant pool entry 2191	500027dc
	constant pool entry 2190	5000277e
	constant pool entry 2189	50002070
	constant pool entry 2188	500021ca
	constant pool entry 2187	5000272c
	constant pool entry 2186	500026a0
	constant pool entry 2185	500022f3
	constant pool entry 2184	50002087
	constant pool entry 2183	500027d4
	constant pool entry 2182	500022ab
	constant pool entry 2181	5000235f
	constant pool entry 2180	50001e22
	constant pool entry 2179	500021f1
	constant pool entry 2178	50001deb
	constant pool entry 2177	50001c9a
	constant pool entry 2176	50001c5e
	constant pool entry 2175	50002387
	constant pool entry 2174	50002158
	constant pool entry 2173	50001b88
	constant pool entry 2172	500026b8
	constant pool entry 2171	50001ef0
	constant pool entry 2170	50001bdf
	constant pool entry 2169	500022bb
	constant pool entry 2168	5000234f
	constant pool entry 2167	50002880
	constant pool entry 2166	50001cf5
	constant pool entry 2165	500026cc
	constant pool entry 2164	50002042
	constant pool entry 2163	500027f8
	constant pool entry 2162	500026da
	constant pool entry 2161	500028ae
	constant pool entry 2160	50001ecd
	constant pool entry 2159	500027b6
	constant pool entry 2158	50001cc0
	constant pool entry 2157	50001b1f
	constant pool entry 2156	50002327
	constant pool entry 2155	50002874
	constant pool entry 2154	5000276a
	constant pool entry 2153	50001dc4
	constant pool entry 2152	500028c8
	constant pool entry 2151	500022c9
	constant pool entry 2150	500026e2
	constant pool entry 2149	500021f6
	constant pool entry 2148	5000214c
	constant pool entry 2147	50001d56
	constant pool entry 2146	50002164
	constant pool entry 2145	50001eaf
	constant pool entry 2144	500028f0
	constant pool entry 2143	50001a35
	constant pool entry 2142	500026ee
	constant pool entry 2141	50001df3
	constant pool entry 2140	50001e30
	constant pool entry 2139	50001cbc
	constant pool entry 2138	50002858
	constant pool entry 2137	50002160
	constant pool entry 2136	5000216c
	constant pool entry 2135	50002102
	constant pool entry 2134	5000211f
	constant pool entry 2133	50001a09
	constant pool entry 2132	500028fe
	constant pool entry 2131	50001d18
	constant pool entry 2130	5000286c
	constant pool entry 2129	5000202a
	constant pool entry 2128	5000287c
	constant pool entry 2127	50002298
	constant pool entry 2126	50001e9d
	constant pool entry 2125	500026f3
	constant pool entry 2124	500028cd
	constant pool entry 2123	50001b24
	constant pool entry 2122	50001ccb
	constant pool entry 2121	50002169
	constant pool entry 2120	50002777
	constant pool entry 2119	50001bfe
	constant pool entry 2118	500027f5
	constant pool entry 2117	500027a7
	constant pool entry 2116	50001af7
	constant pool entry 2115	5000212c
	constant pool entry 2114	50002226
	constant pool entry 2113	50002805
	constant pool entry 2112	5000231c
	constant pool entry 2111	50001bca
	constant pool entry 2110	5000227f
	constant pool entry 2109	500026e3
	constant pool entry 2108	50001dd2
	constant pool entry 2107	50002151
	constant pool entry 2106	50001fd8
	constant pool entry 2105	5000233c
	constant pool entry 2104	5000229c
	constant pool entry 2103	50001de8
	constant pool entry 2102	50002328
	constant pool entry 2101	5000204b
	constant pool entry 2100	50002749
	constant pool entry 2099	50002201
	constant pool entry 2098	50002318
	constant pool entry 2097	50001e37
	constant pool entry 2096	50001d80
	constant pool entry 2095	500022b0
	constant pool entry 2094	5000207d
	constant pool entry 2093	50001aeb
	constant pool entry 2092	50002899
	constant pool entry 2091	50001bd2
	constant pool entry 2090	50001d6c
	constant pool entry 2089	5000210f
	constant pool entry 2088	500022a4
	constant pool entry 2087	50001ff5
	constant pool entry 2086	50001a4e
	constant pool entry 2085	50001bdc
	constant pool entry 2084	50002279
	constant pool entry 2083	50002215
	constant pool entry 2082	50002815
	constant pool entry 2081	50001bd8
	constant pool entry 2080	500020ac
	constant pool entry 2079	5000209d
	constant pool entry 2078	50001d47
	constant pool entry 2077	500026d8
	constant pool entry 2076	50001cd0
	constant pool entry 2075	50002127
	constant pool entry 2074	5000280d
	constant pool entry 2073	5000225a
	constant pool entry 2072	50001e1f
	constant pool entry 2071	50001c9f
	constant pool entry 2070	50002161
	constant pool entry 2069	50001c63
	constant pool entry 2068	500022c6
	constant pool entry 2067	500027bf
	constant pool entry 2066	500022b4
	constant pool entry 2065	50002338
	constant pool entry 2064	50001ba4
	constant pool entry 2063	50002620
	constant pool entry 2062	500021b3
	constant pool entry 2061	500022ec
	constant pool entry 2060	50001a56
	constant pool entry 2059	5000276b
	constant pool entry 2058	50001ae7
	constant pool entry 2057	500028f1
	constant pool entry 2056	50001e31
	constant pool entry 2055	500026ad
	constant pool entry 2054	50001fbb
	constant pool entry 2053	50001c0a
	constant pool entry 2052	50002107
	constant pool entry 2051	50001daa
	constant pool entry 2050	500021bf
	constant pool entry 2049	500026b5
	constant pool entry 2048	50002194
	constant pool entry 2047	50001cd9
	constant pool entry 2046	500027f1
	constant pool entry 2045	50001d57
	constant pool entry 2044	50002869
	constant pool entry 2043	50001dcb
	constant pool entry 2042	500026c5
	constant pool entry 2041	50002755
	constant pool entry 2040	50002134
	constant pool entry 2039	50001eec
	constant pool entry 2038	50001a9c
	constant pool entry 2037	50001a76
	constant pool entry 2036	50002891
	constant pool entry 2035	5000270f
	constant pool entry 2034	500027bb
	constant pool entry 2033	500027ca
	constant pool entry 2032	5000222a
	constant pool entry 2031	50002130
	constant pool entry 2030	500021d6
	constant pool entry 2029	50001bbe
	constant pool entry 2028	50001a3a
	constant pool entry 2027	50002767
	constant pool entry 2026	50001d43
	constant pool entry 2025	50001c7a
	constant pool entry 2024	500021c7
	constant pool entry 2023	50001b54
	constant pool entry 2022	50001d86
	constant pool entry 2021	50001bce
	constant pool entry 2020	500027e1
	constant pool entry 2019	50001c57
	constant pool entry 2018	50001bae
	constant pool entry 2017	50001cab
	constant pool entry 2016	50001ee4
	constant pool entry 2015	50001fc8
	constant pool entry 2014	5000214a
	constant pool entry 2013	5000277b
	constant pool entry 2012	5000275f
	constant pool entry 2011	500027a3
	constant pool entry 2010	50001d53
	constant pool entry 2009	500026a9
	constant pool entry 2008	5000223a
	constant pool entry 2007	50001c35
	constant pool entry 2006	500028df
	constant pool entry 2005	50001fd0
	constant pool entry 2004	500020f7
	constant pool entry 2003	50001a98
	constant pool entry 2002	500020c6
	constant pool entry 2001	50001b7f
	constant pool entry 2000	50001e54
	constant pool entry 1999	50002739
	constant pool entry 1998	50001aad
	constant pool entry 1997	50002069
	constant pool entry 1996	500022b8
	constant pool entry 1995	50001b43
	constant pool entry 1994	50001e43
	constant pool entry 1993	500026d1
	constant pool entry 1992	50002334
	constant pool entry 1991	5000220d
	constant pool entry 1990	500028a8
	constant pool entry 1989	50002211
	constant pool entry 1988	50001d68
	constant pool entry 1987	5000293f
	constant pool entry 1986	50001f6d
	constant pool entry 1985	5000234c
	constant pool entry 1984	500022c2
	constant pool entry 1983	50001e4b
	constant pool entry 1982	5000202e
	constant pool entry 1981	500028dc
	constant pool entry 1980	50001d83
	constant pool entry 1979	5000224e
	constant pool entry 1978	500026f7
	constant pool entry 1977	5000213c
	constant pool entry 1976	5000274d
	constant pool entry 1975	50001aa0
	constant pool entry 1974	5000290d
	constant pool entry 1973	50002851
	constant pool entry 1972	50001e27
	constant pool entry 1971	5000270b
	constant pool entry 1970	50001e74
	constant pool entry 1969	500027ed
	constant pool entry 1968	50001de4
	constant pool entry 1967	50002084
	constant pool entry 1966	50002188
	constant pool entry 1965	50001e1b
	constant pool entry 1964	50002222
	constant pool entry 1963	50001e2b
	constant pool entry 1962	50002364
	constant pool entry 1961	50001afc
	constant pool entry 1960	50001b36
	constant pool entry 1959	5000292d
	constant pool entry 1958	50001b1c
	constant pool entry 1957	500021c3
	constant pool entry 1956	500022dc
	constant pool entry 1955	50001e50
	constant pool entry 1954	50001c74
	constant pool entry 1953	50001e85
	constant pool entry 1952	500020bd
	constant pool entry 1951	50001c4b
	constant pool entry 1950	50001f13
	constant pool entry 1949	5000271e
	constant pool entry 1948	50002729
	constant pool entry 1947	50002938
	constant pool entry 1946	500023b0
	constant pool entry 1945	5000205c
	constant pool entry 1944	50001e7f
	constant pool entry 1943	50001c5b
	constant pool entry 1942	500020f3
	constant pool entry 1941	50002871
	constant pool entry 1940	5000287d
	constant pool entry 1939	5000203f
	constant pool entry 1938	50002246
	constant pool entry 1937	50002818
	constant pool entry 1936	50001ec0
	constant pool entry 1935	50001df0
	constant pool entry 1934	50002855
	constant pool entry 1933	500026fb
	constant pool entry 1932	50001d70
	constant pool entry 1931	5000283b
	constant pool entry 1930	500028b7
	constant pool entry 1929	50001bb2
	constant pool entry 1928	50002294
	constant pool entry 1927	50001d11
	constant pool entry 1926	500027c7
	constant pool entry 1925	50002745
	constant pool entry 1924	50001bf1
	constant pool entry 1923	50001c12
	constant pool entry 1922	50001c47
	constant pool entry 1921	500021a0
	constant pool entry 1920	5000217e
	constant pool entry 1919	5000218f
	constant pool entry 1918	5000230c
	constant pool entry 1917	50002330
	constant pool entry 1916	500026ff
	constant pool entry 1915	50001eb1
	constant pool entry 1914	50001d19
	constant pool entry 1913	50001ff2
	constant pool entry 1912	50001eac
	constant pool entry 1911	50001b7b
	constant pool entry 1910	50001e34
	constant pool entry 1909	500021ee
	constant pool entry 1908	5000216d
	constant pool entry 1907	50002931
	constant pool entry 1906	50001ca3
	constant pool entry 1905	500026a5
	constant pool entry 1904	50002919
	constant pool entry 1903	500027dd
	constant pool entry 1902	50002833
	constant pool entry 1901	500021e2
	constant pool entry 1900	50001e6b
	constant pool entry 1899	5000285d
	constant pool entry 1898	50001de0
	constant pool entry 1897	5000277f
	constant pool entry 1896	5000238c
	constant pool entry 1895	5000279b
	constant pool entry 1894	500020ce
	constant pool entry 1893	50002071
	constant pool entry 1892	500021cb
	constant pool entry 1891	500022ac
	constant pool entry 1890	50002088
	constant pool entry 1889	500027d5
	constant pool entry 1888	50002905
	constant pool entry 1887	5000273d
	constant pool entry 1886	50002875
	constant pool entry 1885	50001ef1
	constant pool entry 1884	500028c9
	constant pool entry 1883	50001dc5
	constant pool entry 1882	50001b85
	constant pool entry 1881	50002314
	constant pool entry 1880	50001df9
	constant pool entry 1879	50002320
	constant pool entry 1878	500027d1
	constant pool entry 1877	500022ca
	constant pool entry 1876	50001a8c
	constant pool entry 1875	50002783
	constant pool entry 1874	50001cc5
	constant pool entry 1873	5000282b
	constant pool entry 1872	50001cbd
	constant pool entry 1871	50002859
	constant pool entry 1870	50002310
	constant pool entry 1869	500027b3
	constant pool entry 1868	500026bd
	constant pool entry 1867	500020df
	constant pool entry 1866	50002300
	constant pool entry 1865	50001eff
	constant pool entry 1864	500028f5
	constant pool entry 1863	500022e0
	constant pool entry 1862	50001f04
	constant pool entry 1861	500023a4
	constant pool entry 1860	50001aa8
	constant pool entry 1859	500028ea
	constant pool entry 1858	50002902
	constant pool entry 1857	50001d31
	constant pool entry 1856	50001cb7
	constant pool entry 1855	50001d9f
	constant pool entry 1854	50001caf
	constant pool entry 1853	50001a52
	constant pool entry 1852	50001d63
	constant pool entry 1851	500027fd
	constant pool entry 1850	50002256
	constant pool entry 1849	50002717
	constant pool entry 1848	500022d2
	constant pool entry 1847	500026b1
	constant pool entry 1846	50001a2e
	constant pool entry 1845	50002751
	constant pool entry 1844	50002010
	constant pool entry 1843	50001a4a
	constant pool entry 1842	500021ea
	constant pool entry 1841	50001e78
	constant pool entry 1840	50002773
	constant pool entry 1839	50002935
	constant pool entry 1838	500027af
	constant pool entry 1837	500021e6
	constant pool entry 1836	500027e5
	constant pool entry 1835	50002138
	constant pool entry 1834	50001f4c
	constant pool entry 1833	50002324
	constant pool entry 1832	50002179
	constant pool entry 1831	50001aa4
	constant pool entry 1830	50002707
	constant pool entry 1829	50001c43
	constant pool entry 1828	50001ae3
	constant pool entry 1827	50002384
	constant pool entry 1826	50001c4f
	constant pool entry 1825	50001c26
	constant pool entry 1824	5000271b
	constant pool entry 1823	50002741
	constant pool entry 1822	500028e3
	constant pool entry 1821	50001b20
	constant pool entry 1820	50002787
	constant pool entry 1819	50001cc1
	constant pool entry 1818	50001c6b
	constant pool entry 1817	50002380
	constant pool entry 1816	50002895
	constant pool entry 1815	500028a5
	constant pool entry 1814	500028d9
	constant pool entry 1813	50001a7a
	constant pool entry 1812	50002378
	constant pool entry 1811	50001c1e
	constant pool entry 1810	50001b8d
	constant pool entry 1809	50001dfd
	constant pool entry 1808	50002171
	constant pool entry 1807	500021ab
	constant pool entry 1806	50001e91
	constant pool entry 1805	500028fb
	constant pool entry 1804	50001b47
	constant pool entry 1803	50001c7e
	constant pool entry 1802	5000219c
	constant pool entry 1801	50002725
	constant pool entry 1800	50001d26
	constant pool entry 1799	500026eb
	constant pool entry 1798	500021fd
	constant pool entry 1797	500023a8
	constant pool entry 1796	50001b32
	constant pool entry 1795	50001a46
	constant pool entry 1794	500026d5
	constant pool entry 1793	50002909
	constant pool entry 1792	5000283f
	constant pool entry 1791	50001fef
	constant pool entry 1790	50002143
	constant pool entry 1789	50001cb3
	constant pool entry 1788	500026df
	constant pool entry 1787	5000202b
	constant pool entry 1786	5000228c
	constant pool entry 1785	5000279f
	constant pool entry 1784	50002763
	constant pool entry 1783	50002232
	constant pool entry 1782	5000269d
	constant pool entry 1781	500021f7
	constant pool entry 1780	50001c22
	constant pool entry 1779	50001ba8
	constant pool entry 1778	5000223e
	constant pool entry 1777	500022d9
	constant pool entry 1776	50001bc6
	constant pool entry 1775	50002283
	constant pool entry 1774	50002368
	constant pool entry 1773	5000278f
	constant pool entry 1772	500021d0
	constant pool entry 1771	50002175
	constant pool entry 1770	50001b77
	constant pool entry 1769	500021a4
	constant pool entry 1768	5000288d
	constant pool entry 1767	50002037
	constant pool entry 1766	50002270
	constant pool entry 1765	50001a3e
	constant pool entry 1764	50001b4f
	constant pool entry 1763	500028a1
	constant pool entry 1762	50001f68
	constant pool entry 1761	5000284a
	constant pool entry 1760	50001b73
	constant pool entry 1759	50001a42
	constant pool entry 1758	50001cfa
	constant pool entry 1757	500023ac
	constant pool entry 1756	50001ed6
	constant pool entry 1755	5000272d
	constant pool entry 1754	50001a84
	constant pool entry 1753	5000232c
	constant pool entry 1752	50002358
	constant pool entry 1751	500028b3
	constant pool entry 1750	50002020
	constant pool entry 1749	50002348
	constant pool entry 1748	500028d5
	constant pool entry 1747	50002721
	constant pool entry 1746	50001ea3
	constant pool entry 1745	5000200c
	constant pool entry 1744	50002184
	constant pool entry 1743	50002001
	constant pool entry 1742	500027e9
	constant pool entry 1741	50002731
	constant pool entry 1740	500028c5
	constant pool entry 1739	50001d35
	constant pool entry 1738	50001d9d
	constant pool entry 1737	50002140
	constant pool entry 1736	50001bfa
	constant pool entry 1735	5000210b
	constant pool entry 1734	50001b2e
	constant pool entry 1733	50001a5a
	constant pool entry 1732	50001ba0
	constant pool entry 1731	50002847
	constant pool entry 1730	50002699
	constant pool entry 1729	50002809
	constant pool entry 1728	500022d6
	constant pool entry 1727	500026a1
	constant pool entry 1726	50002921
	constant pool entry 1725	50002889
	constant pool entry 1724	500027ab
	constant pool entry 1723	5000215d
	constant pool entry 1722	50002014
	constant pool entry 1721	50001adf
	constant pool entry 1720	5000208f
	constant pool entry 1719	50001b00
	constant pool entry 1718	50002344
	constant pool entry 1717	50001d96
	constant pool entry 1716	50002925
	constant pool entry 1715	50002354
	constant pool entry 1714	50002252
	constant pool entry 1713	50002394
	constant pool entry 1712	5000276f
	constant pool entry 1711	50002340
	constant pool entry 1710	50002879
	constant pool entry 1709	50002165
	constant pool entry 1708	50002155
	constant pool entry 1707	5000286d
	constant pool entry 1706	500022f0
	constant pool entry 1705	50001fe3
	constant pool entry 1704	5000278b
	constant pool entry 1703	50002885
	constant pool entry 1702	50001d4b
	constant pool entry 1701	5000235c
	constant pool entry 1700	50001c02
	constant pool entry 1699	50001c31
	constant pool entry 1698	50002147
	constant pool entry 1697	500020ed
	constant pool entry 1696	50002713
	constant pool entry 1695	5000214d
	constant pool entry 1694	50002103
	constant pool entry 1693	5000281f
	constant pool entry 1692	500028ff
	constant pool entry 1691	50001b28
	constant pool entry 1690	50001c2c
	constant pool entry 1689	5000282f
	constant pool entry 1688	50001d8e
	constant pool entry 1687	500020b9
	constant pool entry 1686	50002120
	constant pool entry 1685	50001a0d
	constant pool entry 1684	50001df5
	constant pool entry 1683	50001d22
	constant pool entry 1682	500022fc
	constant pool entry 1681	500027b7
	constant pool entry 1680	5000221e
	constant pool entry 1679	50002695
	constant pool entry 1678	50002811
	constant pool entry 1677	500022a8
	constant pool entry 1676	50001d5f
	constant pool entry 1675	500026ef
	constant pool entry 1674	50001a36
	constant pool entry 1673	5000291d
	constant pool entry 1672	50002024
	constant pool entry 1671	50002861
	constant pool entry 1670	500028ed
	constant pool entry 1669	50001dc1
	constant pool entry 1668	5000236c
	constant pool entry 1667	50002236
	constant pool entry 1666	50001cea
	constant pool entry 1665	500020a4
	constant pool entry 1664	500022f4
	constant pool entry 1663	50002360
	constant pool entry 1662	500021f2
	constant pool entry 1661	50001e23
	constant pool entry 1660	50001dec
	constant pool entry 1659	50001c9b
	constant pool entry 1658	50001c5f
	constant pool entry 1657	50002388
	constant pool entry 1656	50002159
	constant pool entry 1655	50001b89
	constant pool entry 1654	500026b9
	constant pool entry 1653	50001b4b
	constant pool entry 1652	500022bc
	constant pool entry 1651	50002350
	constant pool entry 1650	50002881
	constant pool entry 1649	50001cf6
	constant pool entry 1648	500026cd
	constant pool entry 1647	50002043
	constant pool entry 1646	500027f9
	constant pool entry 1645	50001be0
	constant pool entry 1644	50001ece
	constant pool entry 1643	50001e5d
	constant pool entry 1642	500026db
	constant pool entry 1641	5000224a
	constant pool entry 1640	500028af
	constant pool entry 1639	500020ff
	constant pool entry 1638	50001c01
	constant pool entry 1637	50001c30
	constant pool entry 1636	500022ef
	constant pool entry 1635	5000290c
	constant pool entry 1634	50002850
	constant pool entry 1633	50001bac
	constant pool entry 1632	500023a3
	constant pool entry 1631	500028f4
	constant pool entry 1630	50001efb
	constant pool entry 1629	50001e26
	constant pool entry 1628	50002187
	constant pool entry 1627	50002080
	constant pool entry 1626	500028b6
	constant pool entry 1625	50001a8b
	constant pool entry 1624	50002782
	constant pool entry 1623	50001cc4
	constant pool entry 1622	500026ea
	constant pool entry 1621	50002832
	constant pool entry 1620	50001e6a
	constant pool entry 1619	5000285c
	constant pool entry 1618	50002854
	constant pool entry 1617	500023ab
	constant pool entry 1616	50001d62
	constant pool entry 1615	50001c11
	constant pool entry 1614	5000233b
	constant pool entry 1613	5000221c
	constant pool entry 1612	50001c6a
	constant pool entry 1611	50001e5b
	constant pool entry 1610	5000238b
	constant pool entry 1609	50002255
	constant pool entry 1608	50002716
	constant pool entry 1607	500022cf
	constant pool entry 1606	5000279a
	constant pool entry 1605	500020cd
	constant pool entry 1604	500020ab
	constant pool entry 1603	500026ac
	constant pool entry 1602	50002008
	constant pool entry 1601	50002183
	constant pool entry 1600	50001a2d
	constant pool entry 1599	50002750
	constant pool entry 1598	5000200f
	constant pool entry 1597	50001a49
	constant pool entry 1596	500021e9
	constant pool entry 1595	50001e77
	constant pool entry 1594	50002772
	constant pool entry 1593	50002934
	constant pool entry 1592	500026b0
	constant pool entry 1591	500021be
	constant pool entry 1590	5000283e
	constant pool entry 1589	5000227c
	constant pool entry 1588	50001bc9
	constant pool entry 1587	50002142
	constant pool entry 1586	50001ae6
	constant pool entry 1585	500026b4
	constant pool entry 1584	5000235b
	constant pool entry 1583	5000270a
	constant pool entry 1582	500026fa
	constant pool entry 1581	5000291c
	constant pool entry 1580	50002023
	constant pool entry 1579	50001ca2
	constant pool entry 1578	500027fc
	constant pool entry 1577	500027ae
	constant pool entry 1576	500027f0
	constant pool entry 1575	50001d25
	constant pool entry 1574	50001bd7
	constant pool entry 1573	500027c6
	constant pool entry 1572	500027be
	constant pool entry 1571	500020f6
	constant pool entry 1570	50001a97
	constant pool entry 1569	500020c3
	constant pool entry 1568	50001b42
	constant pool entry 1567	50002738
	constant pool entry 1566	50001aac
	constant pool entry 1565	50002068
	constant pool entry 1564	500022b7
	constant pool entry 1563	50001e42
	constant pool entry 1562	50001e9a
	constant pool entry 1561	50002333
	constant pool entry 1560	500022b3
	constant pool entry 1559	50002776
	constant pool entry 1558	50002317
	constant pool entry 1557	50002154
	constant pool entry 1556	500021d5
	constant pool entry 1555	50001bbd
	constant pool entry 1554	50001a39
	constant pool entry 1553	50001e1e
	constant pool entry 1552	50002229
	constant pool entry 1551	50002200
	constant pool entry 1550	5000207c
	constant pool entry 1549	50001bcd
	constant pool entry 1548	50002754
	constant pool entry 1547	50001c79
	constant pool entry 1546	50002890
	constant pool entry 1545	500026c4
	constant pool entry 1544	50001d42
	constant pool entry 1543	50001a75
	constant pool entry 1542	500027e0
	constant pool entry 1541	500026f2
	constant pool entry 1540	50001dc8
	constant pool entry 1539	50001a9b
	constant pool entry 1538	50002766
	constant pool entry 1537	50001c4a
	constant pool entry 1536	50001c56
	constant pool entry 1535	500027f4
	constant pool entry 1534	50002814
	constant pool entry 1533	5000212f
	constant pool entry 1532	50001a4d
	constant pool entry 1531	5000220c
	constant pool entry 1530	50001d6b
	constant pool entry 1529	50001c42
	constant pool entry 1528	5000269c
	constant pool entry 1527	500026d0
	constant pool entry 1526	50002049
	constant pool entry 1525	50002748
	constant pool entry 1524	500020fd
	constant pool entry 1523	50002930
	constant pool entry 1522	50001ff4
	constant pool entry 1521	50001b84
	constant pool entry 1520	50002313
	constant pool entry 1519	50001df8
	constant pool entry 1518	5000231f
	constant pool entry 1517	500027d0
	constant pool entry 1516	5000288c
	constant pool entry 1515	50001d85
	constant pool entry 1514	500022af
	constant pool entry 1513	50001a3d
	constant pool entry 1512	50001b72
	constant pool entry 1511	50001a41
	constant pool entry 1510	50002123
	constant pool entry 1509	50001f64
	constant pool entry 1508	50002193
	constant pool entry 1507	50001cd8
	constant pool entry 1506	5000210e
	constant pool entry 1505	50001aa7
	constant pool entry 1504	50001ed5
	constant pool entry 1503	50001b4e
	constant pool entry 1502	50001e36
	constant pool entry 1501	500022a3
	constant pool entry 1500	5000225e
	constant pool entry 1499	50002036
	constant pool entry 1498	50001aea
	constant pool entry 1497	5000208b
	constant pool entry 1496	50001d7f
	constant pool entry 1495	500028a0
	constant pool entry 1494	50001eab
	constant pool entry 1493	50002221
	constant pool entry 1492	500027ec
	constant pool entry 1491	50001de3
	constant pool entry 1490	50001e2a
	constant pool entry 1489	50002363
	constant pool entry 1488	50001afa
	constant pool entry 1487	50001b35
	constant pool entry 1486	5000292c
	constant pool entry 1485	50001b1b
	constant pool entry 1484	500021c2
	constant pool entry 1483	500022db
	constant pool entry 1482	50002137
	constant pool entry 1481	50001fcf
	constant pool entry 1480	500020bc
	constant pool entry 1479	50002178
	constant pool entry 1478	500026d4
	constant pool entry 1477	50001a45
	constant pool entry 1476	500022d5
	constant pool entry 1475	50001bfd
	constant pool entry 1474	50001b8c
	constant pool entry 1473	50002870
	constant pool entry 1472	500021e5
	constant pool entry 1471	500027e4
	constant pool entry 1470	50001e53
	constant pool entry 1469	50001b7e
	constant pool entry 252	50001d01
	constant pool entry 251	500022f7
	constant pool entry 250	50001a64
	constant pool entry 249	50001db2
	constant pool entry 248	50001fcb
	constant pool entry 247	500028e6
	constant pool entry 246	50001d09
	constant pool entry 245	50001fc2
	constant pool entry 244	5000236f
	constant pool entry 243	50002914
	constant pool entry 242	50001dae
	constant pool entry 241	5000261c
	constant pool entry 240	50001ced
	constant pool entry 239	500022e7
	constant pool entry 238	50001d99
	constant pool entry 237	50001bb5
	constant pool entry 236	50001b9a
	constant pool entry 235	50002796
	constant pool entry 234	50001bed
	constant pool entry 233	500020e5
	constant pool entry 232	5000206c
	constant pool entry 231	50001c6e
	constant pool entry 230	50001b03
	constant pool entry 229	50002218
	constant pool entry 228	50002898
	constant pool entry 227	50001acb
	constant pool entry 226	50001c52
	constant pool entry 225	50002373
	constant pool entry 224	50001c19
	constant pool entry 223	500027c2
	constant pool entry 222	500026e6
	constant pool entry 221	50001e57
	constant pool entry 220	50002017
	constant pool entry 219	50002307
	constant pool entry 218	50001dce
	constant pool entry 217	50001a8f
	constant pool entry 216	50001db6
	constant pool entry 215	50001da5
	constant pool entry 214	50001dba
	constant pool entry 213	50001acf
	constant pool entry 212	50002303
	constant pool entry 211	5000222d
	constant pool entry 210	500026c0
	constant pool entry 209	50001c05
	constant pool entry 208	50001a87
	constant pool entry 207	50002822
	constant pool entry 206	50002928
	constant pool entry 205	5000281a
	constant pool entry 204	50001ab0
	constant pool entry 203	500028be
	constant pool entry 202	50001bb9
	constant pool entry 201	50002836
	constant pool entry 200	5000237b
	constant pool entry 199	5000211b
	constant pool entry 198	50002842
	constant pool entry 197	50001ac7
	constant pool entry 196	500028d0
	constant pool entry 195	500026c8
	constant pool entry 194	50001e8c
	constant pool entry 193	5000289c
	constant pool entry 192	500021ae
	constant pool entry 191	50002864
	constant pool entry 190	50002207
	constant pool entry 189	50001d5a
	constant pool entry 188	50001dcf
	constant pool entry 187	5000275b
	constant pool entry 186	50001a90
	constant pool entry 185	50001da6
	constant pool entry 184	50001dbc
	constant pool entry 183	50001bba
	constant pool entry 182	50001db7
	constant pool entry 181	50002198
	constant pool entry 180	50001ad0
	constant pool entry 179	50001d02
	constant pool entry 178	50001d0a
	constant pool entry 177	5000261d
	constant pool entry 176	50002304
	constant pool entry 175	5000222e
	constant pool entry 174	50001a88
	constant pool entry 173	500026c1
	constant pool entry 172	50002929
	constant pool entry 171	500028bf
	constant pool entry 170	50001ab1
	constant pool entry 169	50002827
	constant pool entry 168	50002823
	constant pool entry 167	50002735
	constant pool entry 166	5000281b
	constant pool entry 165	5000293b
	constant pool entry 164	50001a5f
	constant pool entry 163	50002793
	constant pool entry 162	50002837
	constant pool entry 161	500022a0
	constant pool entry 160	50002843
	constant pool entry 159	50001ac8
	constant pool entry 158	500028d1
	constant pool entry 157	50002370
	constant pool entry 156	5000211c
	constant pool entry 155	50001d4f
	constant pool entry 154	50001b6f
	constant pool entry 153	500028c2
	constant pool entry 152	50001fc3
	constant pool entry 151	500026c9
	constant pool entry 150	500021af
	constant pool entry 149	5000289d
	constant pool entry 148	50001e8d
	constant pool entry 147	50001d9a
	constant pool entry 146	50001bb6
	constant pool entry 145	50001b9b
	constant pool entry 144	50001bee
	constant pool entry 143	50002797
	constant pool entry 142	5000206d
	constant pool entry 141	50001a94
	constant pool entry 140	50001acc
	constant pool entry 139	50002374
	constant pool entry 138	50001c6f
	constant pool entry 137	500027c3
	constant pool entry 136	50002308
	constant pool entry 135	50001e89
	constant pool entry 134	50002018
	constant pool entry 133	50001b58
	constant pool entry 132	500028ab
	constant pool entry 131	50002865
	constant pool entry 130	500020e7
	constant pool entry 129	50002209
	constant pool entry 128	50001d5b
	constant pool entry 127	50001c1a
	constant pool entry 126	500021bb
	constant pool entry 125	50001d15
	constant pool entry 124	50001c06
	constant pool entry 123	500028e7
	constant pool entry 122	500020a8
	constant pool entry 121	50002219
	constant pool entry 120	50001b04
	constant pool entry 119	500020b0
	constant pool entry 118	500028bb
	constant pool entry 117	500027d9
	constant pool entry 116	50001c67
	constant pool entry 115	50001d92
	constant pool entry 114	50001c8e
	constant pool entry 113	50001d7a
	constant pool entry 112	500026e7
	constant pool entry 111	50001ca7
	constant pool entry 110	50001ab5
	constant pool entry 109	50002116
	constant pool entry 108	500023a0
	constant pool entry 107	50001cf2
	constant pool entry 106	50002242
	constant pool entry 105	500022e8
	constant pool entry 104	50002398
	constant pool entry 103	50001c53
	constant pool entry 102	50001db3
	constant pool entry 101	500028f8
	constant pool entry 100	50002005
	constant pool entry 99	50002758
	constant pool entry 98	50001da2
	constant pool entry 97	50001a32
	constant pool entry 96	50001b67
	constant pool entry 95	500021da
	constant pool entry 94	50002031
	constant pool entry 93	50001af3
	constant pool entry 92	500022e4
	constant pool entry 91	50002801
	constant pool entry 90	5000237c
	constant pool entry 89	50002390
	constant pool entry 88	50001c16
	constant pool entry 87	50001d1e
	constant pool entry 86	50001d39
	constant pool entry 85	50001e58
	constant pool entry 84	50001fe7
	constant pool entry 83	50001aef
	constant pool entry 82	50001d06
	constant pool entry 81	50001c0e
	constant pool entry 80	50001b6b
	constant pool entry 79	5000239c
	constant pool entry 78	50001ddc
	constant pool entry 77	50002703
	constant pool entry 76	50001c97
	constant pool entry 75	50002079
	constant pool entry 74	500027cd
	constant pool entry 73	50001e95
	constant pool entry 72	50001d0e
	constant pool entry 71	50002915
	constant pool entry 70	50002911
	constant pool entry 69	5000284d
	constant pool entry 68	50001a65
	constant pool entry 67	500022f8
	constant pool entry 66	50001fcc
	constant pool entry 65	50001cfe
	constant pool entry 64	50001daf
	constant pool entry 63	50001bc2
	constant pool entry 62	50002826
	constant pool entry 61	50001d14
	constant pool entry 60	500021ba
	constant pool entry 59	500020af
	constant pool entry 58	50001ca6
	constant pool entry 57	50001ab4
	constant pool entry 56	50002112
	constant pool entry 55	5000239f
	constant pool entry 54	50001a51
	constant pool entry 53	50002004
	constant pool entry 52	50001c88
	constant pool entry 51	50001d79
	constant pool entry 50	50001d91
	constant pool entry 49	500027d8
	constant pool entry 48	50001c66
	constant pool entry 47	500028ba
	constant pool entry 46	50001d38
	constant pool entry 45	50001da1
	constant pool entry 44	50001a31
	constant pool entry 43	50002397
	constant pool entry 42	50001cf9
	constant pool entry 41	500021d9
	constant pool entry 40	50001b5b
	constant pool entry 39	50002030
	constant pool entry 38	50001b57
	constant pool entry 37	50001af2
	constant pool entry 36	500028aa
	constant pool entry 35	5000293a
	constant pool entry 34	5000238f
	constant pool entry 33	50001c15
	constant pool entry 32	50001d1c
	constant pool entry 31	50001fe6
	constant pool entry 30	50001aee
	constant pool entry 29	50001d05
	constant pool entry 28	50001c0d
	constant pool entry 27	50001b6a
	constant pool entry 26	50001d4e
	constant pool entry 25	50001dd4
	constant pool entry 24	5000239b
	constant pool entry 23	50001c96
	constant pool entry 22	50002702
	constant pool entry 21	50002074
	constant pool entry 20	500027cc
	constant pool entry 19	50001e94
	constant pool entry 18	50001d0d
	constant pool entry 17	50002734
	constant pool entry 16	50001a5e
	constant pool entry 15	50002792
	constant pool entry 14	50001bc1
	constant pool entry 13	50001cfd
	constant pool entry 12	50002910
	constant pool entry 11	5000284c
	constant pool entry 10	5000275a
	constant pool entry 9	500022e3
	constant pool entry 8	50002800
	constant pool entry 7	50002197
	constant pool entry 6	50002241
	constant pool entry 5	5000229f
	constant pool entry 4	500020a7
	constant pool entry 3	50001e88
	constant pool entry 2	50001b6e
	constant pool entry 1	50001a93
CLS 500001b8 (name=sun.usagetracker.UsageTrackerClient$1, trace=300046)
	super		50000172
	constant pool entry 27	500001b8
	constant pool entry 24	50000167
	constant pool entry 23	50000172
CLS 500001b9 (name=java.text.Format[], trace=301855)
	super		50000172
CLS 500001c2 (name=java.util.ResourceBundle$BundleReference, trace=301004)
	super		50000152
	constant pool entry 16	500001c2
	constant pool entry 14	50000152
CLS 500001c3 (name=sun.usagetracker.UsageTrackerClient$4, trace=300054)
	super		50000172
	constant pool entry 60	500001c3
	constant pool entry 59	500001b1
	constant pool entry 55	50000167
	constant pool entry 52	50000172
	constant pool entry 51	50000111
	constant pool entry 4	500005d5
	constant pool entry 3	50002eff
	constant pool entry 2	50002f17
CLS 500001c7 (name=java.util.Locale$1, trace=301862)
	super		50000172
	static $SwitchMap$java$util$Locale$Category	500001c8
	constant pool entry 41	500000f7
	constant pool entry 25	500002d6
	constant pool entry 24	500001c7
CLS 500001d1 (name=sun.usagetracker.UsageTrackerClient$2, trace=300066)
	super		50000172
	constant pool entry 27	500001d1
	constant pool entry 25	500001d3
	constant pool entry 23	50000172
CLS 500001d3 (name=jdk.internal.util.EnvUtils, trace=300068)
	super		50000172
CLS 500001e0 (name=sun.usagetracker.UsageTrackerClient$3, trace=300077)
	super		50000172
	constant pool entry 27	500001e0
	constant pool entry 24	50000172
	constant pool entry 23	5000011b
CLS 500001e7 (name=java.lang.StringBuilder[], trace=301871)
	super		50000172
CLS 500001f5 (name=java.lang.Cloneable[], trace=300000)
	super		50000172
CLS 500001ff (name=java.text.FieldPosition, trace=301883)
	super		50000172
	constant pool entry 55	500001ff
	constant pool entry 53	50000172
CLS 50000208 (name=java.util.Date, trace=301886)
	super		50000172
CLS 50000209 (name=java.text.AttributedCharacterIterator$Attribute, trace=301887)
	super		50000172
	static instanceMap	5000020c
	static LANGUAGE	50000216
	static READING	50000219
	static INPUT_METHOD_SEGMENT	5000021b
	constant pool entry 72	50000147
	constant pool entry 71	500000c6
	constant pool entry 67	50000172
	constant pool entry 8	50000209
	constant pool entry 5	50002c7a
	constant pool entry 4	5000081c
	constant pool entry 3	50002c79
CLS 5000020a (name=java.text.Format$Field, trace=301887)
	super		50000209
	constant pool entry 19	50000209
CLS 5000020b (name=java.text.MessageFormat$Field, trace=301887)
	super		5000020a
	static ARGUMENT	5000021f
	constant pool entry 35	5000020a
	constant pool entry 3	5000020b
	constant pool entry 1	50002c77
CLS 5000020d (name=java.lang.StringCoding, trace=300113)
	super		50000172
	static decoder	5000020e
	static encoder	5000020f
	constant pool entry 136	50000095
	constant pool entry 129	5000008e
	constant pool entry 125	50000152
	constant pool entry 124	50000086
	constant pool entry 122	50000228
	constant pool entry 121	50000240
	constant pool entry 119	5000020d
	constant pool entry 117	5000016e
CLS 50000210 (name=java.lang.ThreadLocal$ThreadLocalMap, trace=300116)
	super		50000172
	constant pool entry 124	500000f7
	constant pool entry 56	50000212
	constant pool entry 55	50000210
	constant pool entry 53	50000086
	constant pool entry 52	50000172
CLS 50000212 (name=java.lang.ThreadLocal$ThreadLocalMap$Entry, trace=300118)
	super		50000151
	constant pool entry 17	50000151
	constant pool entry 16	50000212
CLS 50000213 (name=java.lang.ThreadLocal$ThreadLocalMap$Entry[], trace=300119)
	super		50000172
CLS 5000021d (name=sun.nio.cs.Unicode, trace=300128)
	super		5000008e
	constant pool entry 111	5000008e
CLS 5000021e (name=sun.nio.cs.UTF_8, trace=300128)
	super		5000021d
	constant pool entry 35	5000021d
	constant pool entry 34	5000022a
	constant pool entry 33	5000027d
	constant pool entry 31	5000021e
	constant pool entry 30	5000008b
	constant pool entry 29	50000112
	constant pool entry 2	5000107c
	constant pool entry 1	50000f09
CLS 50000228 (name=java.lang.StringCoding$StringEncoder, trace=300137)
	super		50000172
	constant pool entry 146	500000f7
	constant pool entry 73	5000007a
	constant pool entry 72	50000077
	constant pool entry 70	50000079
	constant pool entry 69	5000008e
	constant pool entry 65	50000228
	constant pool entry 63	5000020d
	constant pool entry 61	50000172
	constant pool entry 59	5000016a
CLS 5000022a (name=sun.nio.cs.UTF_8$Encoder, trace=300139)
	super		50000079
	constant pool entry 79	5000022a
	constant pool entry 71	50000079
	constant pool entry 68	500000be
CLS 50000231 (name=java.io.FileOutputStream$1, trace=300146)
	super		50000172
	constant pool entry 21	50000172
	constant pool entry 19	50000231
	constant pool entry 18	500000ad
CLS 50000234 (name=sun.launcher.LauncherHelper, trace=300000)
	super		50000068
	static INSTANCE	50000235
	static MAIN_CLASS	500016d8
	static outBuf	50000238
	static INDENT	50002f2e
	static VM_SETTINGS	50002f2d
	static PROP_SETTINGS	50002f2c
	static LOCALE_SETTINGS	50002f2b
	static diagprop	500008ba
	static defaultBundleName	50002f2a
	static ostream	500006a8
	static scloader	500003b4
	static appClass	50000852
	static encprop	50002f29
	static encoding	50000981
	static $VALUES	50000237
	constant pool entry 698	500000f7
	constant pool entry 402	500000c1
	constant pool entry 378	5000008e
	constant pool entry 377	50000099
	constant pool entry 376	5000013e
	constant pool entry 375	50000869
	constant pool entry 372	50000167
	constant pool entry 371	50000121
	constant pool entry 370	5000016e
	constant pool entry 368	50000172
	constant pool entry 362	50000068
	constant pool entry 360	50000168
	constant pool entry 359	5000016a
	constant pool entry 71	50000853
	constant pool entry 70	50000234
	constant pool entry 69	500000c8
	constant pool entry 67	50002f29
	constant pool entry 66	500008ba
	constant pool entry 60	50002f28
	constant pool entry 26	50002f27
CLS 50000236 (name=sun.launcher.LauncherHelper[], trace=300149)
	super		50000172
CLS 50000240 (name=java.lang.StringCoding$StringDecoder, trace=300153)
	super		50000172
	constant pool entry 146	500000f7
	constant pool entry 74	50000083
	constant pool entry 73	50000039
	constant pool entry 72	50000077
	constant pool entry 70	50000038
	constant pool entry 69	5000008e
	constant pool entry 65	50000240
	constant pool entry 63	5000020d
	constant pool entry 61	50000172
	constant pool entry 59	5000016a
CLS 50000246 (name=com.sun.tools.javac.code.Source[], trace=301905)
	super		50000172
	loader		500003b4
CLS 5000024b (name=java.net.URLClassLoader$1, trace=300161)
	super		50000172
	constant pool entry 46	50000004
	constant pool entry 43	5000024b
	constant pool entry 42	5000011a
	constant pool entry 41	5000016e
	constant pool entry 40	50000172
	constant pool entry 1	5000171e
CLS 50000251 (name=sun.net.util.URLUtil, trace=300167)
	super		50000172
	constant pool entry 59	50000119
	constant pool entry 58	50000121
	constant pool entry 57	5000016e
	constant pool entry 3	50001715
CLS 50000257 (name=sun.misc.URLClassPath$3, trace=300172)
	super		50000172
	constant pool entry 50	5000025a
	constant pool entry 48	50000257
	constant pool entry 47	50000004
	constant pool entry 45	50000119
	constant pool entry 44	5000016e
	constant pool entry 43	50000172
	constant pool entry 1	50000ed7
CLS 50000259 (name=sun.misc.URLClassPath$Loader, trace=300174)
	super		50000172
	constant pool entry 66	50000259
	constant pool entry 56	50000172
CLS 5000025a (name=sun.misc.URLClassPath$JarLoader, trace=300174)
	super		50000259
	static zipAccess	5000025f
	constant pool entry 215	50000012
	constant pool entry 213	50000259
	constant pool entry 211	50000587
	constant pool entry 210	50000476
	constant pool entry 209	5000025a
	constant pool entry 207	500000cc
	constant pool entry 205	50000040
	constant pool entry 203	5000048e
	constant pool entry 200	50000478
	constant pool entry 199	5000051f
	constant pool entry 196	5000048d
	constant pool entry 186	5000217b
	constant pool entry 185	500000ef
	constant pool entry 180	50000119
	constant pool entry 177	50000167
	constant pool entry 176	50000121
	constant pool entry 175	5000016e
	constant pool entry 173	500009bf
	constant pool entry 172	500009c0
	constant pool entry 171	5000011b
	constant pool entry 8	50000f4f
	constant pool entry 7	50000ed9
	constant pool entry 2	50001717
	constant pool entry 1	500005a0
CLS 5000025b (name=java.util.zip.ZipConstants, trace=300175)
CLS 5000025c (name=java.util.zip.ZipFile, trace=300175)
	super		50000172
	constant pool entry 265	500000c1
	constant pool entry 264	500000cc
	constant pool entry 263	500004f9
	constant pool entry 262	5000055c
	constant pool entry 259	5000025e
	constant pool entry 258	5000025c
	constant pool entry 256	50000550
	constant pool entry 254	500004f7
	constant pool entry 251	5000009b
	constant pool entry 247	50000147
	constant pool entry 243	500004f4
	constant pool entry 242	50000499
	constant pool entry 239	50000167
	constant pool entry 235	50000172
	constant pool entry 228	5000011b
	constant pool entry 13	50000fa8
	constant pool entry 11	500008be
	constant pool entry 9	50000fa7
	constant pool entry 4	50000fa6
	constant pool entry 3	50000fa5
CLS 5000025d (name=sun.misc.JavaUtilZipFileAccess, trace=300176)
CLS 5000025e (name=java.util.zip.ZipFile$1, trace=300176)
	super		50000172
	constant pool entry 14	50000172
CLS 50000264 (name=java.util.ResourceBundle$Control$1, trace=301018)
	super		50000172
	constant pool entry 48	50000264
	constant pool entry 42	50000172
	constant pool entry 40	50000168
CLS 50000266 (name=java.net.URLClassLoader$2, trace=301020)
	super		50000172
	constant pool entry 26	50000004
	constant pool entry 24	50000266
	constant pool entry 23	5000011a
	constant pool entry 22	50000172
CLS 50000273 (name=sun.nio.cs.ThreadLocalCoders, trace=300195)
	super		50000172
	static decoderCache	50000276
	static encoderCache	50000279
	constant pool entry 33	50000274
	constant pool entry 32	50000278
	constant pool entry 31	50000275
	constant pool entry 30	50000273
	constant pool entry 28	50000038
CLS 50000274 (name=sun.nio.cs.ThreadLocalCoders$Cache, trace=300196)
	super		50000172
	constant pool entry 56	500000f7
	constant pool entry 30	50000274
	constant pool entry 28	50000086
	constant pool entry 27	50000172
	constant pool entry 26	50000108
CLS 50000275 (name=sun.nio.cs.ThreadLocalCoders$1, trace=300196)
	super		50000274
	constant pool entry 40	50000274
	constant pool entry 39	50000275
	constant pool entry 38	50000038
	constant pool entry 37	5000008e
	constant pool entry 36	5000016e
	constant pool entry 35	5000016a
	constant pool entry 1	50000273
CLS 50000278 (name=sun.nio.cs.ThreadLocalCoders$2, trace=300199)
	super		50000274
	constant pool entry 40	50000274
	constant pool entry 39	50000278
	constant pool entry 35	5000016a
	constant pool entry 1	50000273
CLS 5000027d (name=sun.nio.cs.UTF_8$Decoder, trace=300203)
	super		50000038
	constant pool entry 98	5000027d
	constant pool entry 94	50000034
	constant pool entry 93	50000038
	constant pool entry 92	50000036
	constant pool entry 91	50000076
	constant pool entry 88	500000be
	constant pool entry 87	5000016a
	constant pool entry 3	5000021e
CLS 500002d2 (name=java.text.Format, trace=300680)
	super		50000172
	constant pool entry 60	500002d2
	constant pool entry 59	500001ff
	constant pool entry 55	50000122
	constant pool entry 54	50000172
CLS 500002d3 (name=java.text.MessageFormat, trace=300680)
	super		500002d2
	static TYPE_KEYWORDS	50000183
	static NUMBER_MODIFIER_KEYWORDS	50000188
	static DATE_TIME_MODIFIER_KEYWORDS	50000189
	static DATE_TIME_MODIFIERS	5000018a
	constant pool entry 511	500000f7
	constant pool entry 282	500002d6
	constant pool entry 281	5000002f
	constant pool entry 279	50000208
	constant pool entry 272	5000020b
	constant pool entry 271	500002d3
	constant pool entry 269	500002d2
	constant pool entry 268	500001ff
	constant pool entry 259	50000121
	constant pool entry 258	50000122
	constant pool entry 257	5000016e
	constant pool entry 254	5000010f
	constant pool entry 252	5000010a
	constant pool entry 241	50000108
	constant pool entry 31	50002c5a
	constant pool entry 30	50000ea5
	constant pool entry 29	50002c59
	constant pool entry 28	50002c58
	constant pool entry 25	50002c57
	constant pool entry 24	50000d54
	constant pool entry 23	50002c56
	constant pool entry 22	50002946
	constant pool entry 20	50002c55
	constant pool entry 19	50002c54
	constant pool entry 18	50002c53
	constant pool entry 2	500005a0
CLS 500002d6 (name=java.util.Locale$Category, trace=301858)
	super		50000068
	static DISPLAY	500002d7
	static FORMAT	500001bd
	static $VALUES	500002d9
	constant pool entry 80	500000f7
	constant pool entry 45	50000068
	constant pool entry 44	500002d8
	constant pool entry 11	500002d6
	constant pool entry 10	50002c6c
	constant pool entry 9	50002c6b
	constant pool entry 8	50002c6a
	constant pool entry 7	50002c69
	constant pool entry 6	50002c68
	constant pool entry 5	50002c67
	constant pool entry 4	50002c66
	constant pool entry 3	50002c65
	constant pool entry 2	50002c64
	constant pool entry 1	50002c63
CLS 500002d8 (name=java.util.Locale$Category[], trace=301861)
	super		50000172
CLS 500002f8 (name=com.sun.tools.javac.jvm.Target[], trace=301917)
	super		50000172
	loader		500003b4
CLS 50000373 (name=com.sun.tools.javac.util.AbstractDiagnosticFormatter, trace=300673)
	super		50000172
	loader		500003b4
	domain		5000083f
	constant pool entry 206	50000172
	constant pool entry 201	50001ac1
	constant pool entry 193	500004e0
	constant pool entry 192	50000373
CLS 50000374 (name=com.sun.tools.javac.util.BasicDiagnosticFormatter, trace=300673)
	super		50000373
	loader		500003b4
	domain		5000083f
	constant pool entry 117	50000903
	constant pool entry 113	50000373
CLS 50000396 (name=com.sun.tools.javac.main.Main$Result, trace=300673)
	super		50000068
	loader		500003b4
	domain		5000083f
	static OK	50000397
	static ERROR	50000398
	static CMDERR	50000399
	static SYSERR	5000039a
	static ABNORMAL	5000039b
	static $VALUES	5000039d
	constant pool entry 70	500000f7
	constant pool entry 38	50000068
	constant pool entry 6	50000396
	constant pool entry 5	500018f3
	constant pool entry 4	500018f2
	constant pool entry 3	500018f1
	constant pool entry 2	500018f0
	constant pool entry 1	500018ef
CLS 5000039c (name=com.sun.tools.javac.main.Main$Result[], trace=301928)
	super		50000172
	loader		500003b4
CLS 5000039e (name=java.lang.Shutdown, trace=301929)
	super		50000172
	static hooks	5000039f
	static lock	500003a1
	static haltLock	500003a2
	constant pool entry 115	500000f7
	constant pool entry 66	500003a0
	constant pool entry 64	5000014b
	constant pool entry 4	5000039e
CLS 500003a0 (name=java.lang.Shutdown$Lock, trace=301931)
	super		50000172
	constant pool entry 14	500003a0
	constant pool entry 11	50000172
CLS 500003a3 (name=java.lang.AbstractStringBuilder[], trace=300000)
	super		50000172
CLS 500003a4 (name=java.lang.Appendable[], trace=300000)
	super		50000172
CLS 50000421 (name=com.sun.tools.javac.code.Type$Visitor, trace=300673)
	loader		500003b4
	domain		5000083f
CLS 50000475 (name=com.sun.tools.javac.code.Symbol$Visitor, trace=300673)
	loader		500003b4
	domain		5000083f
CLS 50000476 (name=sun.misc.URLClassPath$JarLoader$1, trace=300225)
	super		50000172
	constant pool entry 73	50000476
	constant pool entry 72	5000025a
	constant pool entry 71	50000004
	constant pool entry 70	50000517
	constant pool entry 62	50000172
CLS 50000477 (name=com.sun.tools.javac.code.Printer, trace=300673)
	super		50000172
	loader		500003b4
	domain		5000083f
	constant pool entry 200	50000172
	constant pool entry 195	50001ac1
	constant pool entry 170	50000477
CLS 50000478 (name=sun.misc.FileURLMapper, trace=300227)
	super		50000172
	constant pool entry 45	50000012
	constant pool entry 44	50000478
	constant pool entry 43	50000119
	constant pool entry 41	5000016e
	constant pool entry 40	50000172
	constant pool entry 39	5000011b
	constant pool entry 1	500005a0
CLS 5000048d (name=java.util.jar.JarFile, trace=300241)
	super		5000025c
	static MANIFEST_NAME	50000f34
	static CLASSPATH_CHARS	50000491
	static CLASSPATH_LASTOCC	50000492
	static CLASSPATH_OPTOSFT	50000493
	static javaHome	5000078e
	static jarNames	50000521
	constant pool entry 451	500000f7
	constant pool entry 221	500005ee
	constant pool entry 220	50000786
	constant pool entry 218	50000084
	constant pool entry 217	500000cc
	constant pool entry 216	50000560
	constant pool entry 215	5000025c
	constant pool entry 214	50000550
	constant pool entry 212	50000118
	constant pool entry 211	5000048f
	constant pool entry 209	500005c5
	constant pool entry 208	50000557
	constant pool entry 203	5000048d
	constant pool entry 201	50000556
	constant pool entry 199	5000002f
	constant pool entry 195	500000ef
	constant pool entry 194	50000152
	constant pool entry 192	50000121
	constant pool entry 191	5000016e
	constant pool entry 189	500000be
	constant pool entry 188	5000011d
	constant pool entry 186	5000011b
	constant pool entry 185	5000011c
	constant pool entry 21	50000f4b
	constant pool entry 20	50000f4a
	constant pool entry 19	50000f49
	constant pool entry 18	50000f48
	constant pool entry 17	50000f47
	constant pool entry 15	50000f46
	constant pool entry 14	50000f45
	constant pool entry 13	50000f44
	constant pool entry 12	50000f43
	constant pool entry 9	50000f3a
	constant pool entry 7	50000f39
	constant pool entry 6	50000f35
	constant pool entry 5	50000f34
	constant pool entry 4	500005a6
	constant pool entry 3	500005a4
	constant pool entry 2	500005a5
	constant pool entry 1	500005a3
CLS 5000048e (name=sun.misc.JavaUtilJarAccess, trace=300242)
CLS 5000048f (name=java.util.jar.JavaUtilJarAccessImpl, trace=300242)
	super		50000172
	constant pool entry 25	5000048d
	constant pool entry 24	50000172
CLS 50000499 (name=java.nio.charset.StandardCharsets, trace=300248)
	super		50000172
	static US_ASCII	5000049e
	static ISO_8859_1	500004b0
	static UTF_8	50000226
	static UTF_16BE	500004c6
	static UTF_16LE	500004d8
	static UTF_16	500004ea
	constant pool entry 35	50000499
	constant pool entry 34	5000008e
	constant pool entry 7	50000f09
	constant pool entry 6	50000fde
	constant pool entry 5	50000fdd
	constant pool entry 4	50000fdc
	constant pool entry 3	50000fdb
	constant pool entry 1	50000fda
CLS 5000049d (name=sun.nio.cs.US_ASCII, trace=300249)
	super		5000008e
	constant pool entry 27	5000008b
	constant pool entry 25	5000008e
	constant pool entry 2	50000fdb
CLS 500004a8 (name=sun.nio.cs.ISO_8859_1, trace=300128)
	super		5000008e
	constant pool entry 33	5000008b
	constant pool entry 27	5000008e
	constant pool entry 1	50000fda
CLS 500004be (name=sun.nio.cs.UTF_16BE, trace=300128)
	super		5000021d
	constant pool entry 26	5000021d
	constant pool entry 22	5000008b
	constant pool entry 1	50000fdd
CLS 500004d0 (name=sun.nio.cs.UTF_16LE, trace=300128)
	super		5000021d
	constant pool entry 26	5000021d
	constant pool entry 22	5000008b
	constant pool entry 1	50000fde
CLS 500004e0 (name=com.sun.tools.javac.util.AbstractDiagnosticFormatter$1, trace=300673)
	super		50000477
	loader		500003b4
	domain		5000083f
	constant pool entry 33	500004e0
	constant pool entry 29	50000477
CLS 500004e2 (name=sun.nio.cs.UTF_16, trace=300128)
	super		5000021d
	constant pool entry 24	5000021d
	constant pool entry 20	5000008b
	constant pool entry 1	50000fdc
CLS 500004f2 (name=java.util.Queue, trace=300261)
CLS 500004f3 (name=java.util.Deque, trace=300261)
CLS 500004f4 (name=java.util.ArrayDeque, trace=300261)
	super		500000e5
	constant pool entry 267	500000f7
	constant pool entry 137	500000e5
	constant pool entry 134	50000172
	constant pool entry 128	5000016a
	constant pool entry 3	500004f4
CLS 500004f7 (name=java.util.zip.ZipCoder, trace=300264)
	super		50000172
	constant pool entry 195	500000f7
	constant pool entry 86	5000007a
	constant pool entry 85	50000039
	constant pool entry 84	500004f7
	constant pool entry 83	50000095
	constant pool entry 82	50000499
	constant pool entry 81	50000077
	constant pool entry 79	50000079
	constant pool entry 78	50000038
	constant pool entry 77	5000008e
	constant pool entry 74	5000016e
	constant pool entry 73	50000172
	constant pool entry 1	500005c7
CLS 500004f9 (name=sun.misc.PerfCounter, trace=300266)
	super		50000172
	static perf	500004fd
	constant pool entry 80	500004fe
	constant pool entry 79	500004f9
	constant pool entry 78	500004fa
	constant pool entry 77	500004fc
	constant pool entry 76	500000ef
	constant pool entry 75	50000505
	constant pool entry 74	50000073
	constant pool entry 73	50000076
	constant pool entry 72	50000167
	constant pool entry 70	50000172
CLS 500004fa (name=sun.misc.Perf$GetPerfAction, trace=300267)
	super		50000172
	constant pool entry 18	500004fa
	constant pool entry 17	500004fc
	constant pool entry 15	50000172
CLS 500004fc (name=sun.misc.Perf, trace=300269)
	super		50000172
	static instance	500004fd
	constant pool entry 78	500004fc
	constant pool entry 75	50000167
	constant pool entry 71	50000172
CLS 500004fe (name=sun.misc.PerfCounter$CoreCounters, trace=300271)
	super		50000172
	static pdt	500004ff
	static lc	50000508
	static lct	5000050b
	static rcbt	5000050e
	static zfc	50000511
	static zfot	50000514
	constant pool entry 32	500004fe
	constant pool entry 31	500004f9
	constant pool entry 6	50000faf
	constant pool entry 5	50000fae
	constant pool entry 4	50000fad
	constant pool entry 3	50000fac
	constant pool entry 2	50000fab
	constant pool entry 1	50000faa
CLS 50000500 (name=sun.nio.ch.DirectBuffer, trace=300273)
CLS 50000501 (name=java.nio.MappedByteBuffer, trace=300273)
	super		50000076
	constant pool entry 44	50000501
	constant pool entry 43	50000076
CLS 50000502 (name=java.nio.DirectByteBuffer, trace=300273)
	super		50000501
	static unsafe	50000708
	constant pool entry 241	50000120
	constant pool entry 238	50000501
	constant pool entry 231	50000506
	constant pool entry 202	50000074
	constant pool entry 196	5000016a
	constant pool entry 2	50000502
	constant pool entry 1	50000176
CLS 50000505 (name=java.nio.LongBuffer, trace=300276)
	super		50000112
	constant pool entry 94	50000505
	constant pool entry 90	50000112
CLS 50000506 (name=java.nio.DirectLongBufferU, trace=300276)
	super		50000505
	static unsafe	50000708
	constant pool entry 90	50000500
	constant pool entry 89	50000120
	constant pool entry 88	50000505
	constant pool entry 83	50000074
	constant pool entry 81	5000016a
	constant pool entry 2	50000506
	constant pool entry 1	50000173
CLS 50000517 (name=sun.misc.JarIndex, trace=300283)
	super		50000172
	static INDEX_NAME	50001718
	constant pool entry 150	50000084
	constant pool entry 148	50000517
	constant pool entry 145	5000048d
	constant pool entry 135	500000ef
	constant pool entry 133	5000016e
	constant pool entry 10	500005d5
	constant pool entry 9	50001719
	constant pool entry 6	50001718
CLS 5000051f (name=sun.misc.ExtensionDependency, trace=300288)
	super		50000172
	constant pool entry 208	5000051f
CLS 50000550 (name=java.util.zip.ZipEntry, trace=300331)
	super		50000172
	constant pool entry 143	50000550
	constant pool entry 140	500000b9
	constant pool entry 138	5000016e
	constant pool entry 137	50000172
	constant pool entry 4	50000fd8
	constant pool entry 2	50000ed7
CLS 50000556 (name=java.util.jar.JarEntry, trace=300336)
	super		50000550
	constant pool entry 25	50000550
CLS 50000557 (name=java.util.jar.JarFile$JarFileEntry, trace=300336)
	super		50000556
	constant pool entry 38	50000557
	constant pool entry 37	5000048d
	constant pool entry 36	50000556
CLS 5000055c (name=java.util.zip.ZipFile$ZipFileInputStream, trace=300341)
	super		5000011d
	constant pool entry 55	5000055c
	constant pool entry 54	5000025c
	constant pool entry 53	50000147
	constant pool entry 50	5000011d
CLS 50000560 (name=sun.misc.IOUtils, trace=300344)
	super		50000172
	constant pool entry 69	500000f7
	constant pool entry 41	50000095
	constant pool entry 38	500000be
	constant pool entry 37	5000011d
CLS 5000057d (name=com.sun.tools.javac.api.DiagnosticFormatter$Configuration, trace=300673)
	loader		500003b4
	domain		5000083f
CLS 50000586 (name=sun.misc.Resource, trace=300367)
	super		50000172
	constant pool entry 100	500000f7
	constant pool entry 61	500007a9
	constant pool entry 60	50000586
	constant pool entry 59	50000095
	constant pool entry 57	5000014a
	constant pool entry 56	50000172
	constant pool entry 55	500000be
	constant pool entry 53	5000011d
CLS 50000587 (name=sun.misc.URLClassPath$JarLoader$2, trace=300367)
	super		50000586
	constant pool entry 42	50000587
	constant pool entry 41	5000025a
	constant pool entry 39	50000586
	constant pool entry 38	5000048d
	constant pool entry 37	50000556
CLS 50000595 (name=java.util.jar.Attributes, trace=300376)
	super		50000172
	constant pool entry 127	50000599
	constant pool entry 125	500005a8
	constant pool entry 122	50000147
	constant pool entry 120	500000c6
	constant pool entry 116	5000016e
	constant pool entry 115	50000172
	constant pool entry 11	50000595
	constant pool entry 5	5000107c
CLS 50000599 (name=java.util.jar.Manifest$FastInputStream, trace=300380)
	super		500000ac
	constant pool entry 80	500000f7
	constant pool entry 44	50000599
	constant pool entry 42	50000167
	constant pool entry 40	5000011d
	constant pool entry 38	500000ac
CLS 500005a8 (name=java.util.jar.Attributes$Name, trace=300388)
	super		50000172
	static MANIFEST_VERSION	500005a9
	static SIGNATURE_VERSION	500005aa
	static CONTENT_TYPE	500005ab
	static CLASS_PATH	500005ac
	static MAIN_CLASS	500005ad
	static SEALED	500005ae
	static EXTENSION_LIST	500005af
	static EXTENSION_NAME	500005b0
	static EXTENSION_INSTALLATION	500005b1
	static IMPLEMENTATION_TITLE	500005b2
	static IMPLEMENTATION_VERSION	500005b3
	static IMPLEMENTATION_VENDOR	500005b4
	static IMPLEMENTATION_VENDOR_ID	500005b5
	static IMPLEMENTATION_URL	500005b6
	static SPECIFICATION_TITLE	500005b7
	static SPECIFICATION_VERSION	500005b8
	static SPECIFICATION_VENDOR	500005b9
	constant pool entry 103	500005bb
	constant pool entry 102	500005a8
	constant pool entry 99	5000016e
	constant pool entry 98	50000172
	constant pool entry 17	500016e9
	constant pool entry 16	500016e8
	constant pool entry 15	500016e7
	constant pool entry 14	500016db
	constant pool entry 13	500016da
	constant pool entry 12	500016d9
	constant pool entry 11	500016d8
	constant pool entry 10	500016d4
	constant pool entry 9	500016d3
	constant pool entry 8	500016d2
	constant pool entry 7	500016d1
	constant pool entry 6	500016d0
	constant pool entry 5	500016cf
	constant pool entry 4	500016ce
	constant pool entry 3	500016cd
	constant pool entry 2	500016cc
	constant pool entry 1	500016c8
CLS 500005bb (name=sun.misc.ASCIICaseInsensitiveComparator, trace=300407)
	super		50000172
	static CASE_INSENSITIVE_ORDER	500005bc
	constant pool entry 38	5000016e
	constant pool entry 37	50000172
	constant pool entry 36	5000016a
	constant pool entry 1	500005bb
CLS 500005c5 (name=java.util.jar.JarVerifier, trace=300410)
	super		50000172
	constant pool entry 553	500000f7
	constant pool entry 242	50000786
	constant pool entry 240	5000004d
	constant pool entry 236	500005cd
	constant pool entry 233	500005c5
	constant pool entry 231	50000556
	constant pool entry 228	5000002f
	constant pool entry 225	50000145
	constant pool entry 223	500000c6
	constant pool entry 220	500000dd
	constant pool entry 213	500005ca
	constant pool entry 210	5000016e
	constant pool entry 209	50000172
	constant pool entry 206	500005d6
	constant pool entry 11	50000f4f
	constant pool entry 8	50000f34
	constant pool entry 6	50001700
CLS 500005ca (name=java.security.CodeSigner, trace=300415)
	super		50000172
CLS 500005cb (name=java.security.CodeSigner[], trace=300416)
	super		50000172
CLS 500005cd (name=java.util.jar.JarVerifier$3, trace=300417)
	super		50000172
	constant pool entry 24	500005cd
	constant pool entry 20	50000172
CLS 500005d6 (name=java.io.ByteArrayOutputStream, trace=300426)
	super		500000ae
	constant pool entry 111	500000f7
	constant pool entry 57	500000ae
	constant pool entry 55	500005d6
CLS 500005db (name=java.lang.Package, trace=300431)
	super		50000172
	static pkgs	500005dc
	static urls	500005dd
	static mans	500005de
	constant pool entry 178	50000147
	constant pool entry 177	500000c6
	constant pool entry 170	5000016e
	constant pool entry 168	500005db
	constant pool entry 167	50000172
	constant pool entry 5	50000ed7
CLS 500005ee (name=sun.security.util.SignatureFileVerifier, trace=300445)
	super		50000172
	static JAR_DISABLED_CHECK	50000620
	static ATTR_DIGEST	5000077b
	static hexc	5000077d
	constant pool entry 602	500000f7
	constant pool entry 317	500005ee
	constant pool entry 314	500005f1
	constant pool entry 313	5000004d
	constant pool entry 300	5000002f
	constant pool entry 279	5000016e
	constant pool entry 47	50000f50
	constant pool entry 46	50000f4f
	constant pool entry 20	500005a6
	constant pool entry 19	500005a4
	constant pool entry 18	500005a5
	constant pool entry 17	500005a3
	constant pool entry 14	50000f4e
CLS 500005ef (name=java.security.AlgorithmConstraints, trace=300446)
CLS 500005f0 (name=sun.security.util.AbstractAlgorithmConstraints, trace=300446)
	super		50000172
	constant pool entry 55	50000621
	constant pool entry 54	500005f0
	constant pool entry 50	500000ef
	constant pool entry 49	5000016e
	constant pool entry 48	50000172
	constant pool entry 1	50000f7d
CLS 500005f1 (name=sun.security.util.DisabledAlgorithmConstraints, trace=300446)
	super		500005f0
	static PROPERTY_CERTPATH_DISABLED_ALGS	50000f6d
	static PROPERTY_TLS_DISABLED_ALGS	50000f6c
	static PROPERTY_JAR_DISABLED_ALGS	50000f50
	constant pool entry 88	50000701
	constant pool entry 85	500005f1
	constant pool entry 84	5000004d
	constant pool entry 82	500005f2
	constant pool entry 81	500005f0
	constant pool entry 4	50000f6b
CLS 500005f2 (name=sun.security.util.AlgorithmDecomposer, trace=300447)
	super		50000172
	static transPattern	500005fa
	static pattern	5000060c
	constant pool entry 123	500000f7
	constant pool entry 77	500005f2
	constant pool entry 76	500005f3
	constant pool entry 73	50000095
	constant pool entry 72	5000016e
	constant pool entry 71	50000172
	constant pool entry 16	50000f53
	constant pool entry 5	50000f52
	constant pool entry 4	50000f51
	constant pool entry 3	50000ed7
	constant pool entry 2	50000efe
	constant pool entry 1	500005a0
CLS 500005f3 (name=java.util.regex.Pattern, trace=300448)
	super		50000172
	static lookbehindEnd	500005f6
	static accept	500005f7
	static lastAccept	500005f9
	constant pool entry 1240	500000f7
	constant pool entry 597	50000608
	constant pool entry 591	50000613
	constant pool entry 590	50000605
	constant pool entry 586	50000602
	constant pool entry 579	500005f4
	constant pool entry 574	500005f8
	constant pool entry 569	500005fd
	constant pool entry 567	50000607
	constant pool entry 555	50000617
	constant pool entry 554	50000619
	constant pool entry 551	5000070a
	constant pool entry 545	50000606
	constant pool entry 539	500005f5
	constant pool entry 534	5000070e
	constant pool entry 533	50000611
	constant pool entry 517	5000016e
	constant pool entry 516	50000172
	constant pool entry 512	5000016a
	constant pool entry 509	50000110
	constant pool entry 34	500005f3
CLS 500005f4 (name=java.util.regex.Pattern$Node, trace=300449)
	super		50000172
	constant pool entry 29	5000060a
	constant pool entry 28	500005f4
	constant pool entry 27	500005f3
	constant pool entry 25	50000172
CLS 500005f5 (name=java.util.regex.Pattern$4, trace=300449)
	super		500005f4
	constant pool entry 20	500005f4
CLS 500005f8 (name=java.util.regex.Pattern$LastNode, trace=300452)
	super		500005f4
	constant pool entry 24	500005f4
CLS 500005fd (name=java.util.regex.Pattern$GroupHead, trace=300457)
	super		500005f4
CLS 500005fe (name=java.util.regex.Pattern$GroupHead[], trace=300458)
	super		50000172
CLS 50000600 (name=java.util.regex.Pattern$CharProperty, trace=300459)
	super		500005f4
	constant pool entry 39	5000060a
	constant pool entry 38	500005f4
	constant pool entry 36	50000600
CLS 50000601 (name=java.util.regex.Pattern$BmpCharProperty, trace=300459)
	super		50000600
	constant pool entry 31	50000600
	constant pool entry 30	50000601
CLS 50000602 (name=java.util.regex.Pattern$Single, trace=300459)
	super		50000601
	constant pool entry 19	50000602
	constant pool entry 18	50000601
CLS 50000604 (name=java.util.regex.Pattern$SliceNode, trace=300461)
	super		500005f4
	constant pool entry 23	5000060a
	constant pool entry 22	50000604
	constant pool entry 21	500005f4
CLS 50000605 (name=java.util.regex.Pattern$Slice, trace=300461)
	super		50000604
	constant pool entry 31	50000604
	constant pool entry 30	50000605
	constant pool entry 27	5000070e
	constant pool entry 26	5000016f
CLS 50000606 (name=java.util.regex.Pattern$Begin, trace=300462)
	super		500005f4
CLS 50000607 (name=java.util.regex.Pattern$First, trace=300463)
	super		500005f4
CLS 50000608 (name=java.util.regex.Pattern$Start, trace=300464)
	super		500005f4
	constant pool entry 33	5000060a
	constant pool entry 32	50000608
	constant pool entry 31	500005f4
	constant pool entry 29	5000070e
CLS 5000060a (name=java.util.regex.Pattern$TreeInfo, trace=300466)
	super		50000172
	constant pool entry 19	5000060a
	constant pool entry 17	50000172
CLS 50000611 (name=java.util.regex.ASCII, trace=300473)
	super		50000172
	static ctype	50000612
	constant pool entry 104	500000f7
	constant pool entry 89	50000611
CLS 50000613 (name=java.util.regex.Pattern$SliceI, trace=300475)
	super		50000604
	constant pool entry 35	50000604
CLS 50000617 (name=java.util.regex.Pattern$BranchConn, trace=300477)
	super		500005f4
	constant pool entry 20	5000060a
	constant pool entry 19	500005f4
CLS 50000619 (name=java.util.regex.Pattern$Branch, trace=300479)
	super		500005f4
	constant pool entry 81	500000f7
	constant pool entry 39	5000060a
	constant pool entry 38	500005f4
	constant pool entry 37	50000619
	constant pool entry 34	500000be
CLS 5000061b (name=java.util.regex.Pattern$Node[], trace=300481)
	super		50000172
CLS 50000621 (name=sun.security.util.AbstractAlgorithmConstraints$1, trace=300484)
	super		50000172
	constant pool entry 27	50000621
	constant pool entry 25	50000623
	constant pool entry 23	50000172
CLS 50000623 (name=java.security.Security, trace=300486)
	super		50000172
	static props	50000626
	static spiMap	500006ea
	constant pool entry 302	5000004d
	constant pool entry 297	5000002b
	constant pool entry 295	50000144
	constant pool entry 282	50000624
	constant pool entry 281	50000623
	constant pool entry 275	500000ef
	constant pool entry 272	50000167
	constant pool entry 271	50000121
	constant pool entry 270	5000016e
	constant pool entry 261	5000011d
	constant pool entry 259	500000b3
	constant pool entry 258	5000011b
	constant pool entry 257	500000ab
	constant pool entry 42	500005d5
	constant pool entry 31	50000f84
	constant pool entry 30	50000eb1
	constant pool entry 27	50000f83
	constant pool entry 23	50000f82
	constant pool entry 22	50000f81
	constant pool entry 20	50000f7e
	constant pool entry 19	50000f43
CLS 50000624 (name=java.security.Security$1, trace=300487)
	super		50000172
	constant pool entry 19	50000624
	constant pool entry 18	50000623
	constant pool entry 16	50000172
CLS 50000635 (name=java.util.Properties$LineReader, trace=300501)
	super		50000172
	constant pool entry 74	500000f7
	constant pool entry 40	50000635
	constant pool entry 38	50000167
	constant pool entry 37	50000172
	constant pool entry 35	5000011d
CLS 500006f6 (name=java.util.ArrayList$SubList, trace=300522)
	super		500000e4
	constant pool entry 65	500006f9
	constant pool entry 64	500006f6
	constant pool entry 62	500000dd
	constant pool entry 61	500000e4
CLS 500006f8 (name=java.util.ListIterator, trace=300524)
CLS 500006f9 (name=java.util.ArrayList$SubList$1, trace=300524)
	super		50000172
	constant pool entry 59	500006f9
	constant pool entry 58	500006f6
	constant pool entry 57	500000dd
	constant pool entry 56	50000172
CLS 50000701 (name=sun.security.util.DisabledAlgorithmConstraints$Constraints, trace=300528)
	super		50000172
	constant pool entry 169	5000074a
	constant pool entry 168	5000071c
	constant pool entry 165	50000701
	constant pool entry 164	5000074d
	constant pool entry 162	500005f1
	constant pool entry 159	500005f2
	constant pool entry 156	50000042
	constant pool entry 154	50000147
	constant pool entry 153	5000002f
	constant pool entry 152	500000e7
	constant pool entry 151	500000b7
	constant pool entry 149	500000c6
	constant pool entry 148	500000e8
	constant pool entry 147	500000dd
	constant pool entry 141	5000016e
	constant pool entry 140	50000172
	constant pool entry 139	5000010a
	constant pool entry 15	50000f6a
	constant pool entry 3	50000f69
CLS 5000070a (name=java.util.regex.Pattern$BnM, trace=300537)
	super		500005f4
	constant pool entry 100	500000f7
	constant pool entry 49	500011d0
	constant pool entry 48	50000605
	constant pool entry 47	500005f4
	constant pool entry 45	5000070a
	constant pool entry 43	5000070e
CLS 5000070d (name=java.util.regex.MatchResult, trace=300540)
CLS 5000070e (name=java.util.regex.Matcher, trace=300540)
	super		50000172
	constant pool entry 345	500000f7
	constant pool entry 184	500005f4
	constant pool entry 183	500005f3
	constant pool entry 182	5000070e
	constant pool entry 175	5000016e
	constant pool entry 174	50000172
	constant pool entry 172	500000be
	constant pool entry 167	5000016f
CLS 50000715 (name=java.util.Arrays$ArrayList, trace=300547)
	super		500000e4
	constant pool entry 60	500000b9
	constant pool entry 59	50000715
	constant pool entry 57	500000e4
	constant pool entry 53	50000108
CLS 50000717 (name=java.util.AbstractList$Itr, trace=300549)
	super		50000172
	constant pool entry 40	50000717
	constant pool entry 38	500000e4
	constant pool entry 37	50000172
CLS 5000071b (name=sun.security.util.DisabledAlgorithmConstraints$Constraint, trace=300553)
	super		50000172
	constant pool entry 47	5000071b
	constant pool entry 39	50000172
CLS 5000071c (name=sun.security.util.DisabledAlgorithmConstraints$DisabledConstraint, trace=300553)
	super		5000071b
	constant pool entry 35	5000071c
	constant pool entry 34	5000071b
CLS 5000074a (name=sun.security.util.DisabledAlgorithmConstraints$KeySizeConstraint, trace=300563)
	super		5000071b
	constant pool entry 86	5000074a
	constant pool entry 85	5000074d
	constant pool entry 84	5000071b
	constant pool entry 83	50000759
CLS 5000074d (name=sun.security.util.DisabledAlgorithmConstraints$Constraint$Operator, trace=300565)
	super		50000068
	static EQ	5000074e
	static NE	5000074f
	static LT	50000750
	static LE	50000751
	static GT	50000752
	static GE	50000753
	static $VALUES	50000755
	constant pool entry 112	500000f7
	constant pool entry 64	5000016e
	constant pool entry 62	50000068
	constant pool entry 61	50000754
	constant pool entry 15	5000074d
	constant pool entry 14	50000f60
	constant pool entry 13	50000f5f
	constant pool entry 12	50000f5e
	constant pool entry 11	50000f5d
	constant pool entry 10	50000f5c
	constant pool entry 8	50000f5b
	constant pool entry 3	50000f5a
CLS 50000754 (name=sun.security.util.DisabledAlgorithmConstraints$Constraint$Operator[], trace=300572)
	super		50000172
CLS 50000759 (name=sun.security.util.DisabledAlgorithmConstraints$1, trace=300575)
	super		50000172
	static $SwitchMap$sun$security$util$DisabledAlgorithmConstraints$Constraint$Operator	5000075a
	constant pool entry 56	500000f7
	constant pool entry 31	5000074d
	constant pool entry 29	50000759
CLS 50000770 (name=com.sun.source.tree.Tree, trace=300673)
	loader		500003b4
CLS 50000775 (name=com.sun.tools.javac.tree.JCTree, trace=300673)
	super		50000172
	loader		500003b4
CLS 50000786 (name=sun.security.util.ManifestEntryVerifier, trace=300581)
	super		50000172
	static hexc	50000787
	constant pool entry 286	500000f7
	constant pool entry 147	50000786
	constant pool entry 146	5000004d
	constant pool entry 135	500000c6
	constant pool entry 132	500000dd
	constant pool entry 125	50000172
	constant pool entry 10	50000f4f
CLS 500007a9 (name=sun.nio.ByteBuffered, trace=300597)
CLS 500007ad (name=java.security.PermissionCollection, trace=300601)
	super		50000172
	constant pool entry 46	500007ad
	constant pool entry 43	50000172
CLS 500007ae (name=java.security.Permissions, trace=300601)
	super		500007ad
	static serialPersistentFields	500007af
	constant pool entry 214	500000f7
	constant pool entry 114	50000147
	constant pool entry 112	500000c6
	constant pool entry 105	500007ae
	constant pool entry 104	500000f2
	constant pool entry 103	50000816
	constant pool entry 100	50000172
	constant pool entry 96	500000fc
	constant pool entry 6	50000145
	constant pool entry 5	50000817
	constant pool entry 4	500007ad
	constant pool entry 3	50001851
	constant pool entry 1	50001850
CLS 500007e0 (name=java.net.URLConnection, trace=300626)
	super		50000172
	static handlers	500007e3
	static contentClassPrefix	50000efa
	static contentPathProp	50000ef9
	constant pool entry 303	50000145
	constant pool entry 296	500007e0
	constant pool entry 288	50000172
CLS 500007e1 (name=sun.net.www.URLConnection, trace=300626)
	super		500007e0
	static proxiedHosts	500007e5
	constant pool entry 113	500007e1
	constant pool entry 112	500007e7
	constant pool entry 111	500000c6
	constant pool entry 109	500007e0
CLS 500007e2 (name=sun.net.www.protocol.file.FileURLConnection, trace=300626)
	super		500007e1
	static CONTENT_LENGTH	50000ef0
	static CONTENT_TYPE	50000ef1
	static TEXT_PLAIN	50000ef4
	static LAST_MODIFIED	50000ef2
	constant pool entry 159	500007e2
	constant pool entry 158	500007e1
	constant pool entry 157	50000012
	constant pool entry 143	50000119
	constant pool entry 139	5000016e
	constant pool entry 137	500007f7
	constant pool entry 134	5000011b
	constant pool entry 10	50000ef4
	constant pool entry 9	50000ef3
	constant pool entry 8	50000ef2
	constant pool entry 7	50000ef1
	constant pool entry 6	50000ef0
CLS 500007e7 (name=sun.net.www.MessageHeader, trace=300631)
	super		50000172
	constant pool entry 250	500000f7
	constant pool entry 134	500007e7
	constant pool entry 120	5000016e
	constant pool entry 119	50000172
CLS 500007f7 (name=java.io.FilePermission, trace=300640)
	super		500000f2
	constant pool entry 133	500000f2
	constant pool entry 132	500000ef
	constant pool entry 130	5000016e
	constant pool entry 122	50000802
	constant pool entry 121	500007fb
	constant pool entry 120	500007f7
	constant pool entry 8	50000ef3
	constant pool entry 2	50001856
CLS 500007fb (name=java.io.FilePermission$1, trace=300644)
	super		50000172
	constant pool entry 45	5000016e
	constant pool entry 44	50000172
	constant pool entry 42	500007fb
	constant pool entry 41	500007f7
	constant pool entry 40	5000011b
	constant pool entry 1	500005e9
CLS 50000802 (name=java.io.FilePermissionCollection, trace=300647)
	super		500007ad
	static serialPersistentFields	50000803
	constant pool entry 176	500000f7
	constant pool entry 99	500000e7
	constant pool entry 96	500000dd
	constant pool entry 95	500007ad
	constant pool entry 86	500000fc
	constant pool entry 80	50000802
	constant pool entry 79	500007f7
	constant pool entry 4	500000e3
	constant pool entry 3	500005fb
CLS 50000816 (name=java.security.AllPermission, trace=300653)
	super		500000f2
CLS 50000817 (name=java.security.UnresolvedPermission, trace=300654)
	super		500000f2
CLS 50000819 (name=java.security.BasicPermissionCollection, trace=300656)
	super		500007ad
	static serialPersistentFields	5000081a
	constant pool entry 227	500000f7
	constant pool entry 123	50000147
	constant pool entry 122	500000c6
	constant pool entry 119	500007ad
	constant pool entry 117	50000819
	constant pool entry 116	500000f1
	constant pool entry 113	5000016e
	constant pool entry 111	50000172
	constant pool entry 108	50000111
	constant pool entry 106	500000fc
	constant pool entry 9	50000145
	constant pool entry 8	5000016a
	constant pool entry 7	500005fb
	constant pool entry 6	500005ec
	constant pool entry 3	500005ea
	constant pool entry 1	500005e9
CLS 50000835 (name=com.sun.source.tree.ExpressionTree, trace=300673)
	loader		500003b4
CLS 50000837 (name=com.sun.tools.javac.tree.JCTree$JCExpression, trace=300673)
	super		50000775
	loader		500003b4
CLS 50000852 (name=com.sun.tools.javac.Main, trace=300673)
	super		50000172
	loader		500003b4
	domain		5000083f
	constant pool entry 31	50000167
	constant pool entry 29	50000163
	constant pool entry 28	50000396
	constant pool entry 27	500008c7
	constant pool entry 26	50000852
	constant pool entry 1	50002cc4
CLS 50000853 (name=sun.launcher.LauncherHelper$FXHelper, trace=300674)
	super		50000172
	static JAVAFX_APPLICATION_MARKER	50002f3c
	static JAVAFX_APPLICATION_CLASS_NAME	50002f38
	static JAVAFX_LAUNCHER_CLASS_NAME	50002f3b
	static JAVAFX_LAUNCH_MODE_CLASS	50002f3a
	static JAVAFX_LAUNCH_MODE_JAR	50002f39
	constant pool entry 104	50000853
	constant pool entry 90	5000016a
	constant pool entry 11	5000016e
	constant pool entry 8	50002f38
CLS 50000855 (name=java.lang.Class$MethodArray, trace=300676)
	super		50000172
	constant pool entry 128	500000f7
	constant pool entry 60	5000013e
	constant pool entry 59	50000172
	constant pool entry 57	50000855
CLS 50000857 (name=java.lang.reflect.Method[], trace=300678)
	super		50000172
CLS 50000867 (name=java.io.PrintWriter, trace=300680)
	super		50000091
	constant pool entry 126	50000084
	constant pool entry 122	500000ef
	constant pool entry 116	5000016e
	constant pool entry 112	50000091
	constant pool entry 110	50000867
	constant pool entry 109	50000093
	constant pool entry 108	50000090
	constant pool entry 101	5000006f
	constant pool entry 4	50000630
CLS 50000869 (name=java.lang.Void, trace=300682)
	super		50000172
	static TYPE	50000582
	constant pool entry 19	50000869
	constant pool entry 17	5000016a
	constant pool entry 1	50002f36
CLS 500008ad (name=com.sun.tools.javac.util.AbstractDiagnosticFormatter$SimpleConfiguration, trace=300673)
	super		50000172
	loader		500003b4
	domain		5000083f
	constant pool entry 105	50000147
	constant pool entry 104	500000c6
	constant pool entry 103	50001623
	constant pool entry 99	50000172
	constant pool entry 97	5000010a
	constant pool entry 96	50000f8d
	constant pool entry 95	500008ad
	constant pool entry 93	500009d4
	constant pool entry 12	50002c8e
	constant pool entry 11	50002c8d
	constant pool entry 9	50002c8c
	constant pool entry 5	50002c8b
CLS 500008c7 (name=com.sun.tools.javac.main.Main, trace=300673)
	super		50000172
	loader		500003b4
	domain		5000083f
	static javacBundleName	50000cc1
	constant pool entry 782	500000f7
	constant pool entry 353	500000db
	constant pool entry 352	500010c7
	constant pool entry 350	500000e8
	constant pool entry 344	50000167
	constant pool entry 342	5000016e
	constant pool entry 338	50000172
	constant pool entry 331	50000110
	constant pool entry 329	50000867
	constant pool entry 323	50000f8d
	constant pool entry 320	50001bf3
	constant pool entry 319	50001164
	constant pool entry 318	50001ac1
	constant pool entry 315	5000167f
	constant pool entry 311	50000b90
	constant pool entry 310	50000396
	constant pool entry 309	5000095c
	constant pool entry 308	500008c7
	constant pool entry 306	500011b3
	constant pool entry 305	50000b34
	constant pool entry 303	5000172c
	constant pool entry 301	50001843
	constant pool entry 296	5000161d
	constant pool entry 38	50002cc2
CLS 50000903 (name=com.sun.tools.javac.util.BasicDiagnosticFormatter$BasicConfiguration, trace=300673)
	super		500008ad
	loader		500003b4
	domain		5000083f
	constant pool entry 100	50000147
	constant pool entry 99	500000c6
	constant pool entry 98	50001623
	constant pool entry 97	500009e4
	constant pool entry 94	5000010a
	constant pool entry 93	50000f8d
	constant pool entry 92	5000106d
	constant pool entry 91	50000903
	constant pool entry 89	500008ad
	constant pool entry 87	50000951
	constant pool entry 13	50000a37
	constant pool entry 12	50002c86
	constant pool entry 11	50002c85
	constant pool entry 10	50002c84
	constant pool entry 9	50002c83
	constant pool entry 5	50002c82
	constant pool entry 3	50002c81
	constant pool entry 1	50002c80
CLS 50000915 (name=com.sun.tools.javac.main.OptionHelper, trace=300673)
	super		50000172
	loader		500003b4
	domain		5000083f
	constant pool entry 20	50000172
CLS 50000951 (name=com.sun.tools.javac.api.DiagnosticFormatter$Configuration$DiagnosticPart, trace=300673)
	super		50000068
	loader		500003b4
	domain		5000083f
	static SUMMARY	50000952
	static DETAILS	50000953
	static SOURCE	50000954
	static SUBDIAGNOSTICS	50000955
	static JLS	50000956
	static $VALUES	50000958
	constant pool entry 63	500000f7
	constant pool entry 32	50000068
	constant pool entry 29	50000957
	constant pool entry 6	50000951
	constant pool entry 5	50002c9a
	constant pool entry 4	50002c99
	constant pool entry 3	50002aa7
	constant pool entry 2	50002c98
	constant pool entry 1	50002c97
CLS 50000957 (name=com.sun.tools.javac.api.DiagnosticFormatter$Configuration$DiagnosticPart[], trace=301032)
	super		50000172
	loader		500003b4
CLS 5000095c (name=com.sun.tools.javac.main.Main$1, trace=300673)
	super		50000915
	loader		500003b4
	domain		5000083f
	constant pool entry 35	50000f8d
	constant pool entry 33	50000915
	constant pool entry 32	5000095c
	constant pool entry 31	500008c7
CLS 50000964 (name=java.util.concurrent.ConcurrentHashMap$ForwardingNode, trace=300693)
	super		50000024
	constant pool entry 28	50000024
	constant pool entry 27	50000964
CLS 500009ba (name=com.sun.tools.javac.util.ClientCodeException, trace=300673)
	super		50000162
	loader		500003b4
CLS 500009bf (name=java.io.IOException, trace=300680)
	super		50000163
	constant pool entry 16	50000163
CLS 500009c0 (name=java.io.FileNotFoundException, trace=300680)
	super		500009bf
	constant pool entry 28	500009bf
CLS 500009d4 (name=com.sun.tools.javac.api.DiagnosticFormatter$Configuration$MultilineLimit, trace=300673)
	super		50000068
	loader		500003b4
	domain		5000083f
	static DEPTH	500009d5
	static LENGTH	500009d6
	static $VALUES	500009d8
	constant pool entry 51	500000f7
	constant pool entry 26	50000068
	constant pool entry 3	500009d4
	constant pool entry 2	50002c90
	constant pool entry 1	50002c8f
CLS 500009d7 (name=com.sun.tools.javac.api.DiagnosticFormatter$Configuration$MultilineLimit[], trace=301037)
	super		50000172
	loader		500003b4
CLS 500009e4 (name=java.util.EnumMap, trace=300680)
	super		500000d7
	static NULL	500009e6
	static ZERO_LENGTH_ENUM_ARRAY	500009e7
	constant pool entry 321	500000f7
	constant pool entry 158	500000cc
	constant pool entry 157	50000054
	constant pool entry 145	500009e5
	constant pool entry 144	500009e4
	constant pool entry 141	500000d7
	constant pool entry 139	50000172
	constant pool entry 137	50000068
CLS 500009e5 (name=java.util.EnumMap$1, trace=301039)
	super		50000172
	constant pool entry 17	50000172
CLS 50000a16 (name=com.sun.tools.javac.util.FatalError, trace=300673)
	super		50000165
	loader		500003b4
CLS 50000a37 (name=com.sun.tools.javac.util.BasicDiagnosticFormatter$BasicConfiguration$BasicFormatKind, trace=300673)
	super		50000068
	loader		500003b4
	domain		5000083f
	static DEFAULT_POS_FORMAT	50000a43
	static DEFAULT_NO_POS_FORMAT	50000a44
	static DEFAULT_CLASS_FORMAT	50000a45
	static $VALUES	50000a49
	constant pool entry 55	500000f7
	constant pool entry 28	50000068
	constant pool entry 25	50000a46
	constant pool entry 4	50000a37
	constant pool entry 3	50002ca1
	constant pool entry 2	50002ca0
	constant pool entry 1	50002c9f
CLS 50000a46 (name=com.sun.tools.javac.util.BasicDiagnosticFormatter$BasicConfiguration$BasicFormatKind[], trace=301049)
	super		50000172
	loader		500003b4
CLS 50000a67 (name=com.sun.tools.javac.processing.AnnotationProcessingError, trace=300673)
	super		50000165
	loader		500003b4
CLS 50000aaa (name=javax.lang.model.AnnotatedConstruct, trace=300680)
CLS 50000aab (name=javax.lang.model.element.Element, trace=300680)
CLS 50000aad (name=com.sun.tools.javac.util.PropagatedException, trace=300673)
	super		50000162
	loader		500003b4
CLS 50000ab6 (name=javax.annotation.processing.ProcessingEnvironment, trace=300680)
CLS 50000ad5 (name=java.lang.IllegalStateException, trace=300680)
	super		50000162
CLS 50000b1e (name=com.sun.tools.javac.code.AnnoConstruct, trace=300673)
	super		50000172
	loader		500003b4
CLS 50000b1f (name=com.sun.tools.javac.code.Symbol, trace=300673)
	super		50000b1e
	loader		500003b4
CLS 50000b34 (name=com.sun.tools.javac.jvm.Target, trace=300673)
	super		50000068
	loader		500003b4
	domain		5000083f
	static JDK1_1	500002ec
	static JDK1_2	500002ed
	static JDK1_3	500002f1
	static JDK1_4	500002f3
	static JDK1_5	500002f4
	static JDK1_6	500002f5
	static JDK1_7	500002f6
	static JDK1_8	500002f7
	static targetKey	500002fa
	static MIN	500002ec
	static MAX	500002f7
	static tab	500002fb
	static DEFAULT	500002f7
	static $VALUES	500002f9
	constant pool entry 212	500000f7
	constant pool entry 117	50000147
	constant pool entry 116	500000c6
	constant pool entry 114	50000068
	constant pool entry 112	50001504
	constant pool entry 109	500002f8
	constant pool entry 21	50000b34
	constant pool entry 20	50002a40
	constant pool entry 19	50002a3f
	constant pool entry 18	50002a3e
	constant pool entry 17	50002a3d
	constant pool entry 16	50002a3c
	constant pool entry 15	50002a3b
	constant pool entry 14	50002a3a
	constant pool entry 13	50002a53
	constant pool entry 12	50002a39
	constant pool entry 11	50002a38
	constant pool entry 10	50002a37
	constant pool entry 9	50002a36
	constant pool entry 8	50002a35
	constant pool entry 7	50002a34
	constant pool entry 6	50002a33
	constant pool entry 5	50002a32
	constant pool entry 4	500013fb
	constant pool entry 3	50002a31
	constant pool entry 2	50002a30
	constant pool entry 1	50002a52
CLS 50000b84 (name=com.sun.tools.javac.code.Symbol$TypeSymbol, trace=300673)
	super		50000b1f
	loader		500003b4
CLS 50000b90 (name=com.sun.tools.javac.main.Option, trace=300673)
	super		50000068
	loader		500003b4
	domain		5000083f
	static G	500013c3
	static G_NONE	500013c4
	static G_CUSTOM	5000141e
	static XLINT	5000141f
	static XLINT_CUSTOM	500015bc
	static XDOCLINT	500015bd
	static XDOCLINT_CUSTOM	500015be
	static NOWARN	500015bf
	static VERBOSE	500015c0
	static DEPRECATION	500015c1
	static CLASSPATH	500015c2
	static CP	500015c3
	static SOURCEPATH	500015c4
	static BOOTCLASSPATH	500015c5
	static XBOOTCLASSPATH_PREPEND	500015c6
	static XBOOTCLASSPATH_APPEND	500015c7
	static XBOOTCLASSPATH	500015c8
	static EXTDIRS	500015c9
	static DJAVA_EXT_DIRS	500015ca
	static ENDORSEDDIRS	500015cb
	static DJAVA_ENDORSED_DIRS	500015cc
	static PROC	500015d2
	static PROCESSOR	500015d3
	static PROCESSORPATH	500015d4
	static PARAMETERS	500015d5
	static D	500015d6
	static S	500015d7
	static H	500015d8
	static IMPLICIT	500015de
	static ENCODING	500015df
	static SOURCE	500015e0
	static TARGET	500015e1
	static PROFILE	500015e2
	static VERSION	500015e3
	static FULLVERSION	500015e4
	static DIAGS	500015e5
	static HELP	500015e6
	static A	500015e7
	static X	500015e8
	static J	500015ee
	static MOREINFO	500015ef
	static WERROR	500015f0
	static PROMPT	500015f1
	static DOE	500015f2
	static PRINTSOURCE	500015f3
	static WARNUNCHECKED	500015f4
	static XMAXERRS	500015f5
	static XMAXWARNS	500015f6
	static XSTDOUT	50001600
	static XPRINT	50001601
	static XPRINTROUNDS	50001602
	static XPRINTPROCESSORINFO	50001603
	static XPREFER	50001609
	static XPKGINFO	50001610
	static O	50001611
	static XJCOV	50001612
	static PLUGIN	50001613
	static XDIAGS	50001619
	static XD	5000161a
	static AT	5000161b
	static SOURCEFILE	5000161c
	static $VALUES	5000161e
	constant pool entry 943	500000f7
	constant pool entry 585	500000db
	constant pool entry 583	50000147
	constant pool entry 582	5000006a
	constant pool entry 580	50001623
	constant pool entry 579	500000dc
	constant pool entry 578	50000121
	constant pool entry 577	5000016e
	constant pool entry 575	50000068
	constant pool entry 574	50000111
	constant pool entry 570	50000915
	constant pool entry 568	500013b3
	constant pool entry 567	50001368
	constant pool entry 566	5000140b
	constant pool entry 565	50000e0c
	constant pool entry 564	50000dc6
	constant pool entry 563	50000d80
	constant pool entry 562	50000d39
	constant pool entry 561	50000cf2
	constant pool entry 560	50000cac
	constant pool entry 559	50000c65
	constant pool entry 558	50001321
	constant pool entry 557	500012da
	constant pool entry 556	50001293
	constant pool entry 555	5000124c
	constant pool entry 554	50001205
	constant pool entry 553	500011be
	constant pool entry 552	50001177
	constant pool entry 551	50001131
	constant pool entry 550	50000c1e
	constant pool entry 549	500010ea
	constant pool entry 548	500010a3
	constant pool entry 547	5000105c
	constant pool entry 546	50001015
	constant pool entry 545	50000fb6
	constant pool entry 544	50000f6f
	constant pool entry 543	50000f28
	constant pool entry 542	50000ee1
	constant pool entry 541	50000e9a
	constant pool entry 540	50000e52
	constant pool entry 539	50000bd7
	constant pool entry 538	50001475
	constant pool entry 535	5000161d
	constant pool entry 533	50002b2e
	constant pool entry 532	50002b2d
	constant pool entry 531	50002b2c
	constant pool entry 530	50002b2b
	constant pool entry 529	50002b2a
	constant pool entry 528	50002b29
	constant pool entry 527	50002b28
	constant pool entry 526	50002b27
	constant pool entry 525	50002b26
	constant pool entry 524	50002b25
	constant pool entry 523	50002b24
	constant pool entry 522	50002b23
	constant pool entry 521	50002b22
	constant pool entry 520	50002b21
	constant pool entry 519	50002b20
	constant pool entry 518	50002b1f
	constant pool entry 517	50002b1e
	constant pool entry 516	50002b1d
	constant pool entry 515	50002b1c
	constant pool entry 514	50002b1b
	constant pool entry 513	50002b1a
	constant pool entry 512	50002b19
	constant pool entry 511	50002b18
	constant pool entry 510	50002b17
	constant pool entry 509	50002b16
	constant pool entry 508	50002b15
	constant pool entry 507	50002b14
	constant pool entry 506	50002b13
	constant pool entry 505	50002b12
	constant pool entry 504	50002b11
	constant pool entry 503	50002b10
	constant pool entry 502	50002b0f
	constant pool entry 501	50002b0e
	constant pool entry 500	50002b0d
	constant pool entry 499	50002b0c
	constant pool entry 498	50002b0b
	constant pool entry 497	50002b0a
	constant pool entry 496	50002b09
	constant pool entry 495	50002b08
	constant pool entry 494	50002b07
	constant pool entry 493	50002b06
	constant pool entry 492	50002b05
	constant pool entry 491	50002b04
	constant pool entry 490	50002b03
	constant pool entry 489	50002b02
	constant pool entry 488	50002b01
	constant pool entry 487	50002b00
	constant pool entry 486	50002aff
	constant pool entry 485	50002afe
	constant pool entry 484	50002afd
	constant pool entry 483	50002afc
	constant pool entry 482	50002afb
	constant pool entry 481	50002afa
	constant pool entry 480	50002af9
	constant pool entry 479	50002af8
	constant pool entry 478	50002af7
	constant pool entry 477	50002af6
	constant pool entry 476	50002af5
	constant pool entry 475	50002af4
	constant pool entry 474	50002af3
	constant pool entry 473	50002af2
	constant pool entry 472	50002af1
	constant pool entry 471	50002af0
	constant pool entry 470	50002aef
	constant pool entry 469	50002aee
	constant pool entry 468	50002aed
	constant pool entry 467	50002aec
	constant pool entry 466	50002aeb
	constant pool entry 465	50002aea
	constant pool entry 464	50002ae9
	constant pool entry 463	50002ae8
	constant pool entry 462	50002ae7
	constant pool entry 461	50002ae6
	constant pool entry 460	50002ae5
	constant pool entry 459	50002ae4
	constant pool entry 458	50002ae3
	constant pool entry 457	50002ae2
	constant pool entry 456	50002ae1
	constant pool entry 455	50002ae0
	constant pool entry 454	50002adf
	constant pool entry 453	50002ade
	constant pool entry 121	50000b90
	constant pool entry 118	50002add
	constant pool entry 117	50002adc
	constant pool entry 116	50002adb
	constant pool entry 115	50002ada
	constant pool entry 114	50002ad9
	constant pool entry 113	50002ad8
	constant pool entry 112	50002ad7
	constant pool entry 111	50002ad6
	constant pool entry 110	50002ad5
	constant pool entry 109	50002ad4
	constant pool entry 108	50002ad3
	constant pool entry 107	50002ad2
	constant pool entry 106	50002ad1
	constant pool entry 105	50002ad0
	constant pool entry 104	50002acf
	constant pool entry 103	50002ace
	constant pool entry 102	50002acd
	constant pool entry 101	50002acc
	constant pool entry 100	50002acb
	constant pool entry 99	50002aca
	constant pool entry 98	50002ac9
	constant pool entry 97	50002ac8
	constant pool entry 96	50002ac7
	constant pool entry 95	50002ac6
	constant pool entry 94	50002ac5
	constant pool entry 93	50002ac4
	constant pool entry 92	50002ac3
	constant pool entry 91	50002ac2
	constant pool entry 90	50002ac1
	constant pool entry 89	50002ac0
	constant pool entry 88	50002abf
	constant pool entry 87	50002abe
	constant pool entry 86	50002abd
	constant pool entry 85	50002abc
	constant pool entry 84	50002abb
	constant pool entry 83	50002aba
	constant pool entry 82	50002ab9
	constant pool entry 81	50002ab8
	constant pool entry 80	50002ab7
	constant pool entry 79	50002ab6
	constant pool entry 78	50002ab5
	constant pool entry 77	50002a69
	constant pool entry 76	50002ab4
	constant pool entry 75	50001e26
	constant pool entry 74	50002ab3
	constant pool entry 73	50002ab2
	constant pool entry 72	50002ab1
	constant pool entry 71	50002ab0
	constant pool entry 70	50002aaf
	constant pool entry 69	50002aae
	constant pool entry 68	50002aad
	constant pool entry 67	50002aac
	constant pool entry 66	50002aab
	constant pool entry 65	50002aaa
	constant pool entry 64	50002aa9
	constant pool entry 63	50002aa8
	constant pool entry 62	50002aa7
	constant pool entry 61	50002aa6
	constant pool entry 60	50002aa5
	constant pool entry 59	50002aa4
	constant pool entry 58	50002aa3
	constant pool entry 57	50002aa2
	constant pool entry 56	50002aa1
	constant pool entry 55	50002aa0
	constant pool entry 54	50002a9f
	constant pool entry 53	50002a9e
	constant pool entry 52	50002a9d
	constant pool entry 51	50002a9c
	constant pool entry 50	50002a9b
	constant pool entry 49	50002a9a
	constant pool entry 48	50002a99
	constant pool entry 47	50002a98
	constant pool entry 46	50002a97
	constant pool entry 45	50002a96
	constant pool entry 44	50002a95
	constant pool entry 43	50002a94
	constant pool entry 42	50002a93
	constant pool entry 41	50002a92
	constant pool entry 40	50002a91
	constant pool entry 39	50002a90
	constant pool entry 38	50002a8f
	constant pool entry 37	50002a8e
	constant pool entry 36	50002a8d
	constant pool entry 35	50002a8c
	constant pool entry 34	50002a8b
	constant pool entry 33	50002a8a
	constant pool entry 32	50002a89
	constant pool entry 31	50002a88
	constant pool entry 30	50002a87
	constant pool entry 29	50002a86
	constant pool entry 28	50002a85
	constant pool entry 27	50002a84
	constant pool entry 26	50002a83
	constant pool entry 25	50002a82
	constant pool entry 24	50002a81
	constant pool entry 23	50002a80
	constant pool entry 22	50002a7f
	constant pool entry 21	50002a7e
	constant pool entry 20	50002a7d
	constant pool entry 19	50002a7c
	constant pool entry 18	50002a7b
	constant pool entry 17	50002a7a
	constant pool entry 16	50002a79
	constant pool entry 15	50002a78
	constant pool entry 14	50002a77
	constant pool entry 13	50002a76
	constant pool entry 12	50002a75
	constant pool entry 11	50002a74
	constant pool entry 10	50002a73
	constant pool entry 9	50002a72
	constant pool entry 8	50002a71
	constant pool entry 7	50002a70
	constant pool entry 6	50002a6f
	constant pool entry 5	50000efe
CLS 50000bd7 (name=com.sun.tools.javac.main.Option$1, trace=300673)
	super		50000b90
	loader		500003b4
	domain		5000083f
	constant pool entry 18	50000b90
CLS 50000bdd (name=javax.lang.model.element.Parameterizable, trace=300680)
CLS 50000bde (name=javax.lang.model.element.ExecutableElement, trace=300680)
CLS 50000bdf (name=com.sun.tools.javac.code.Symbol$MethodSymbol, trace=300673)
	super		50000b1f
	loader		500003b4
CLS 50000c1e (name=com.sun.tools.javac.main.Option$2, trace=300673)
	super		50000b90
	loader		500003b4
	domain		5000083f
	constant pool entry 39	5000016e
	constant pool entry 35	50000c1e
	constant pool entry 33	50000b90
	constant pool entry 32	5000128c
	constant pool entry 2	50002a5f
CLS 50000c2d (name=com.sun.tools.javac.code.Symbol$OperatorSymbol, trace=300673)
	super		50000bdf
	loader		500003b4
CLS 50000c65 (name=com.sun.tools.javac.main.Option$3, trace=300673)
	super		50000b90
	loader		500003b4
	domain		5000083f
	constant pool entry 17	50000b90
CLS 50000c81 (name=javax.lang.model.type.TypeMirror, trace=300680)
CLS 50000c82 (name=com.sun.tools.javac.code.Type, trace=300673)
	super		50000b1e
	loader		500003b4
CLS 50000cac (name=com.sun.tools.javac.main.Option$4, trace=300673)
	super		50000b90
	loader		500003b4
	domain		5000083f
	constant pool entry 17	50000b90
CLS 50000cd5 (name=javax.lang.model.type.WildcardType, trace=300680)
CLS 50000cd6 (name=com.sun.tools.javac.code.Type$WildcardType, trace=300673)
	super		50000c82
	loader		500003b4
CLS 50000cf2 (name=com.sun.tools.javac.main.Option$5, trace=300673)
	super		50000b90
	loader		500003b4
	domain		5000083f
	constant pool entry 15	50000b90
CLS 50000d29 (name=javax.lang.model.type.ReferenceType, trace=300680)
CLS 50000d2a (name=javax.lang.model.type.ArrayType, trace=300680)
CLS 50000d31 (name=javax.lang.model.type.DeclaredType, trace=300680)
CLS 50000d36 (name=javax.lang.model.type.PrimitiveType, trace=300680)
CLS 50000d39 (name=com.sun.tools.javac.main.Option$6, trace=300673)
	super		50000b90
	loader		500003b4
	domain		5000083f
	constant pool entry 19	50000b90
CLS 50000d3e (name=javax.lang.model.type.TypeVariable, trace=300680)
CLS 50000d3f (name=com.sun.tools.javac.code.Type$AnnotatedType, trace=300673)
	super		50000c82
	loader		500003b4
CLS 50000d80 (name=com.sun.tools.javac.main.Option$7, trace=300673)
	super		50000b90
	loader		500003b4
	domain		5000083f
	constant pool entry 21	50000b90
CLS 50000d8e (name=com.sun.tools.javac.code.Printer$1, trace=300673)
	super		50000477
	loader		500003b4
CLS 50000dc6 (name=com.sun.tools.javac.main.Option$8, trace=300673)
	super		50000b90
	loader		500003b4
	domain		5000083f
	constant pool entry 15	50000b90
CLS 50000ddd (name=com.sun.tools.javac.code.Type$ArrayType, trace=300673)
	super		50000c82
	loader		500003b4
CLS 50000e0c (name=com.sun.tools.javac.main.Option$9, trace=300673)
	super		50000b90
	loader		500003b4
	domain		5000083f
	constant pool entry 15	50000b90
CLS 50000e2e (name=javax.lang.model.type.ErrorType, trace=300680)
CLS 50000e52 (name=com.sun.tools.javac.main.Option$10, trace=300673)
	super		50000b90
	loader		500003b4
	domain		5000083f
	constant pool entry 13	50000b90
CLS 50000e7e (name=com.sun.tools.javac.code.Type$ClassType, trace=300673)
	super		50000c82
	loader		500003b4
CLS 50000e7f (name=com.sun.tools.javac.code.Type$ErrorType, trace=300673)
	super		50000e7e
	loader		500003b4
CLS 50000e9a (name=com.sun.tools.javac.main.Option$11, trace=300673)
	super		50000b90
	loader		500003b4
	domain		5000083f
	constant pool entry 22	50000b90
CLS 50000ece (name=com.sun.tools.javac.code.Type$TypeVar, trace=300673)
	super		50000c82
	loader		500003b4
CLS 50000ee1 (name=com.sun.tools.javac.main.Option$12, trace=300673)
	super		50000b90
	loader		500003b4
	domain		5000083f
	constant pool entry 22	50000b90
CLS 50000f23 (name=javax.lang.model.element.VariableElement, trace=300680)
CLS 50000f24 (name=com.sun.tools.javac.code.Symbol$VarSymbol, trace=300673)
	super		50000b1f
	loader		500003b4
CLS 50000f28 (name=com.sun.tools.javac.main.Option$13, trace=300673)
	super		50000b90
	loader		500003b4
	domain		5000083f
	constant pool entry 22	50000b90
CLS 50000f31 (name=com.sun.tools.javac.util.JCDiagnostic$DiagnosticFlag[], trace=301061)
	super		50000172
	loader		500003b4
CLS 50000f6f (name=com.sun.tools.javac.main.Option$14, trace=300673)
	super		50000b90
	loader		500003b4
	domain		5000083f
	constant pool entry 60	500000f7
	constant pool entry 33	50000172
	constant pool entry 32	50001679
	constant pool entry 31	50001bf3
	constant pool entry 30	50000915
	constant pool entry 25	50000b90
	constant pool entry 24	500016ea
	constant pool entry 1	50002bd8
CLS 50000f8d (name=com.sun.tools.javac.util.Options, trace=300673)
	super		50000172
	loader		500003b4
	domain		5000083f
	static optionsKey	50000f8e
	constant pool entry 72	5000006a
	constant pool entry 71	500000b7
	constant pool entry 70	50000121
	constant pool entry 68	5000014b
	constant pool entry 67	50000172
	constant pool entry 65	50000f8d
	constant pool entry 64	50001ac1
	constant pool entry 63	50001504
	constant pool entry 62	5000167f
	constant pool entry 61	50000b90
CLS 50000fb6 (name=com.sun.tools.javac.main.Option$15, trace=300673)
	super		50000b90
	loader		500003b4
	domain		5000083f
	constant pool entry 25	50000b90
CLS 50000ff2 (name=com.sun.tools.javac.util.JCDiagnostic$Factory$1, trace=300673)
	super		50000172
	loader		500003b4
	domain		5000083f
	constant pool entry 21	50000172
	constant pool entry 20	50000ff2
	constant pool entry 19	50001d2b
CLS 50001002 (name=javax.tools.DiagnosticListener, trace=300680)
CLS 50001015 (name=com.sun.tools.javac.main.Option$16, trace=300673)
	super		50000b90
	loader		500003b4
	domain		5000083f
	constant pool entry 31	50000b90
CLS 5000105c (name=com.sun.tools.javac.main.Option$17, trace=300673)
	super		50000b90
	loader		500003b4
	domain		5000083f
	constant pool entry 36	50000b90
CLS 5000106d (name=com.sun.tools.javac.util.BasicDiagnosticFormatter$BasicConfiguration$SourcePosition, trace=300673)
	super		50000068
	loader		500003b4
	domain		5000083f
	static BOTTOM	5000106e
	static AFTER_SUMMARY	5000106f
	static $VALUES	50001071
	constant pool entry 51	500000f7
	constant pool entry 26	50000068
	constant pool entry 3	5000106d
	constant pool entry 2	50002c88
	constant pool entry 1	50002c87
CLS 50001070 (name=com.sun.tools.javac.util.BasicDiagnosticFormatter$BasicConfiguration$SourcePosition[], trace=301083)
	super		50000172
	loader		500003b4
CLS 500010a3 (name=com.sun.tools.javac.main.Option$18, trace=300673)
	super		50000b90
	loader		500003b4
	domain		5000083f
	constant pool entry 35	50000b90
CLS 500010c0 (name=com.sun.tools.javac.util.Log$1, trace=300673)
	super		50000172
	loader		500003b4
	domain		5000083f
	constant pool entry 18	50000172
	constant pool entry 17	500010c0
	constant pool entry 16	50001bf3
CLS 500010c7 (name=java.util.LinkedHashSet, trace=300680)
	super		50000005
	constant pool entry 34	50000005
CLS 500010ea (name=com.sun.tools.javac.main.Option$19, trace=300673)
	super		50000b90
	loader		500003b4
	domain		5000083f
	constant pool entry 34	50000b90
CLS 50001131 (name=com.sun.tools.javac.main.Option$20, trace=300673)
	super		50000b90
	loader		500003b4
	domain		5000083f
	constant pool entry 16	50000b90
CLS 50001163 (name=java.util.AbstractQueue, trace=300680)
	super		500000e5
	constant pool entry 41	500000e5
CLS 50001164 (name=com.sun.tools.javac.util.ListBuffer, trace=300673)
	super		50001163
	loader		500003b4
	domain		5000083f
	constant pool entry 64	50001163
	constant pool entry 62	50000172
	constant pool entry 60	50001164
	constant pool entry 59	50001ac1
CLS 50001177 (name=com.sun.tools.javac.main.Option$21, trace=300673)
	super		50000b90
	loader		500003b4
	domain		5000083f
	constant pool entry 17	50000b90
CLS 500011b3 (name=com.sun.tools.javac.main.CommandLine, trace=300673)
	super		50000172
	loader		500003b4
	domain		5000083f
	constant pool entry 102	500000f7
	constant pool entry 50	5000016e
	constant pool entry 43	50001164
	constant pool entry 42	50001ac1
	constant pool entry 40	500000c8
CLS 500011be (name=com.sun.tools.javac.main.Option$22, trace=300673)
	super		50000b90
	loader		500003b4
	domain		5000083f
	constant pool entry 17	50000b90
CLS 500011d0 (name=java.util.regex.Pattern$SliceS, trace=301096)
	super		50000604
CLS 50001205 (name=com.sun.tools.javac.main.Option$23, trace=300673)
	super		50000b90
	loader		500003b4
	domain		5000083f
	constant pool entry 25	50000b90
CLS 5000124c (name=com.sun.tools.javac.main.Option$24, trace=300673)
	super		50000b90
	loader		500003b4
	domain		5000083f
	constant pool entry 28	50000b90
CLS 5000128b (name=com.sun.source.util.Plugin, trace=300673)
	loader		500003b4
	domain		5000083f
CLS 5000128c (name=com.sun.tools.doclint.DocLint, trace=300673)
	super		50000172
	loader		500003b4
	domain		5000083f
	static XMSGS_OPTION	50002a5e
	static XMSGS_CUSTOM_PREFIX	50002a5f
	static STATS	50002a62
	static XIMPLICIT_HEADERS	50002a61
	static XCUSTOM_TAGS_PREFIX	50002a60
	static TAGS_SEPARATOR	50000f7d
	constant pool entry 210	5000016e
	constant pool entry 9	50002a5f
	constant pool entry 8	50002a5e
CLS 50001293 (name=com.sun.tools.javac.main.Option$25, trace=300673)
	super		50000b90
	loader		500003b4
	domain		5000083f
	constant pool entry 25	50000b90
CLS 500012d9 (name=com.sun.tools.doclint.DocLint$BadArgs, trace=300673)
	super		50000163
	loader		500003b4
CLS 500012da (name=com.sun.tools.javac.main.Option$26, trace=300673)
	super		50000b90
	loader		500003b4
	domain		5000083f
	constant pool entry 16	50000b90
CLS 50001321 (name=com.sun.tools.javac.main.Option$27, trace=300673)
	super		50000b90
	loader		500003b4
	domain		5000083f
	constant pool entry 34	50000b90
CLS 50001368 (name=com.sun.tools.javac.main.Option$OptionGroup, trace=300673)
	super		50000068
	loader		500003b4
	domain		5000083f
	static BASIC	500013bd
	static FILEMANAGER	500013be
	static INFO	500013bf
	static OPERAND	500013c0
	static $VALUES	500013c2
	constant pool entry 56	500000f7
	constant pool entry 28	50000068
	constant pool entry 26	500013c1
	constant pool entry 5	50001368
	constant pool entry 4	50002b3b
	constant pool entry 3	50002b3a
	constant pool entry 2	50002b39
	constant pool entry 1	50002b37
CLS 500013b3 (name=com.sun.tools.javac.main.Option$OptionKind, trace=300673)
	super		50000068
	loader		500003b4
	domain		5000083f
	static STANDARD	500013b4
	static EXTENDED	500013b5
	static HIDDEN	500013b6
	static $VALUES	500013bc
	constant pool entry 52	500000f7
	constant pool entry 26	50000068
	constant pool entry 4	500013b3
	constant pool entry 3	50002b31
	constant pool entry 2	50002b34
	constant pool entry 1	50002b33
CLS 500013bb (name=com.sun.tools.javac.main.Option$OptionKind[], trace=300712)
	super		50000172
	loader		500003b4
CLS 500013c1 (name=com.sun.tools.javac.main.Option$OptionGroup[], trace=300717)
	super		50000172
	loader		500003b4
CLS 5000140b (name=com.sun.tools.javac.main.Option$ChoiceKind, trace=300673)
	super		50000068
	loader		500003b4
	domain		5000083f
	static ONEOF	5000140c
	static ANYOF	5000140d
	static $VALUES	5000140f
	constant pool entry 48	500000f7
	constant pool entry 24	50000068
	constant pool entry 3	5000140b
	constant pool entry 2	50002b48
	constant pool entry 1	50002b46
CLS 5000140e (name=com.sun.tools.javac.main.Option$ChoiceKind[], trace=300722)
	super		50000172
	loader		500003b4
CLS 50001442 (name=com.sun.source.tree.TreeVisitor, trace=300673)
	loader		500003b4
CLS 50001443 (name=com.sun.source.util.TreeScanner, trace=300673)
	super		50000172
	loader		500003b4
CLS 50001444 (name=com.sun.source.util.TreePathScanner, trace=300673)
	super		50001443
	loader		500003b4
CLS 50001445 (name=com.sun.tools.doclint.DocLint$DeclScanner, trace=300673)
	super		50001444
	loader		500003b4
CLS 50001475 (name=com.sun.tools.javac.code.Lint$LintCategory, trace=300673)
	super		50000068
	loader		500003b4
	domain		5000083f
	static AUXILIARYCLASS	50001476
	static CAST	5000150d
	static CLASSFILE	5000150f
	static DEPRECATION	50001511
	static DEP_ANN	50001513
	static DIVZERO	50001515
	static EMPTY	50001517
	static FALLTHROUGH	50001519
	static FINALLY	5000151b
	static OPTIONS	5000151d
	static OVERLOADS	5000151f
	static OVERRIDES	50001521
	static PATH	50001523
	static PROCESSING	50001525
	static RAW	50001527
	static SERIAL	50001529
	static STATIC	5000152b
	static SUNAPI	5000152d
	static TRY	5000152f
	static UNCHECKED	50001531
	static VARARGS	50001533
	static $VALUES	50001536
	constant pool entry 195	500000f7
	constant pool entry 112	50000147
	constant pool entry 111	50000068
	constant pool entry 110	500014be
	constant pool entry 109	50001535
	constant pool entry 43	50001475
	constant pool entry 42	50002b63
	constant pool entry 41	50002b65
	constant pool entry 40	50002b67
	constant pool entry 39	50002b69
	constant pool entry 38	5000217d
	constant pool entry 37	50002b6b
	constant pool entry 36	50002b53
	constant pool entry 35	50002b55
	constant pool entry 34	50000706
	constant pool entry 33	50002b58
	constant pool entry 32	50002b5a
	constant pool entry 31	50002b5c
	constant pool entry 30	50002b5e
	constant pool entry 29	50002b60
	constant pool entry 28	50002b6d
	constant pool entry 27	50002b6f
	constant pool entry 26	50002b73
	constant pool entry 25	50002b71
	constant pool entry 24	50002b75
	constant pool entry 23	50002b77
	constant pool entry 22	50002b79
	constant pool entry 21	50002c3e
	constant pool entry 20	50002c3d
	constant pool entry 19	50002c3c
	constant pool entry 18	50002c3b
	constant pool entry 17	50002c3a
	constant pool entry 16	50002c39
	constant pool entry 15	50002c38
	constant pool entry 14	50002c37
	constant pool entry 13	50002c36
	constant pool entry 12	50002c35
	constant pool entry 11	50002c34
	constant pool entry 10	50002c33
	constant pool entry 9	50002c32
	constant pool entry 8	50002c31
	constant pool entry 7	50002c30
	constant pool entry 6	50002c2f
	constant pool entry 5	50002c2e
	constant pool entry 4	50002a95
	constant pool entry 3	50002c2d
	constant pool entry 2	50002c2c
	constant pool entry 1	50002c2b
CLS 5000149c (name=com.sun.tools.doclint.DocLint$1, trace=300673)
	super		50001445
	loader		500003b4
CLS 500014be (name=com.sun.tools.javac.code.Lint, trace=300673)
	super		50000172
	loader		500003b4
	domain		5000083f
	static lintKey	50001505
	static map	5000150a
	constant pool entry 84	5000002b
	constant pool entry 74	50001504
	constant pool entry 70	500014be
CLS 500014ea (name=com.sun.tools.doclint.DocLint$2, trace=300673)
	super		50001445
	loader		500003b4
CLS 50001504 (name=com.sun.tools.javac.util.Context$Key, trace=300673)
	super		50000172
	loader		500003b4
	domain		5000083f
	constant pool entry 14	50000172
CLS 50001535 (name=com.sun.tools.javac.code.Lint$LintCategory[], trace=300757)
	super		50000172
	loader		500003b4
CLS 500015ed (name=java.lang.AssertionError, trace=300680)
	super		50000165
CLS 500015fe (name=com.sun.source.util.TaskListener, trace=300673)
	loader		500003b4
CLS 500015ff (name=java.io.FileWriter, trace=300680)
	super		50000090
CLS 5000161d (name=com.sun.tools.javac.main.Option[], trace=300802)
	super		50000172
	loader		500003b4
CLS 50001623 (name=java.util.EnumSet, trace=300680)
	super		500000da
	static ZERO_LENGTH_ENUM_ARRAY	50001624
	constant pool entry 212	500000f7
	constant pool entry 103	500000cc
	constant pool entry 102	50000054
	constant pool entry 101	50001632
	constant pool entry 97	50001623
	constant pool entry 95	500000da
	constant pool entry 93	50000172
	constant pool entry 91	50000068
	constant pool entry 87	5000016a
CLS 5000162b (name=java.lang.Class$4, trace=300807)
	super		50000172
	constant pool entry 26	5000013e
	constant pool entry 25	50000172
	constant pool entry 24	5000162b
CLS 5000162e (name=sun.reflect.NativeMethodAccessorImpl, trace=300810)
	super		5000013a
	constant pool entry 45	500000e1
	constant pool entry 44	5000162e
	constant pool entry 43	5000013a
CLS 50001630 (name=sun.reflect.DelegatingMethodAccessorImpl, trace=300812)
	super		5000013a
	constant pool entry 18	5000013a
	constant pool entry 17	50001630
CLS 50001632 (name=java.util.RegularEnumSet, trace=300814)
	super		50001623
	constant pool entry 71	50001635
	constant pool entry 70	50001632
	constant pool entry 69	50001623
	constant pool entry 67	50000172
	constant pool entry 66	50000109
	constant pool entry 65	50000068
CLS 50001635 (name=java.util.RegularEnumSet$EnumSetIterator, trace=300817)
	super		50000172
	constant pool entry 40	50001635
	constant pool entry 39	50001632
	constant pool entry 36	50000172
	constant pool entry 35	50000109
CLS 50001679 (name=com.sun.tools.javac.util.Log$PrefixKind, trace=300673)
	super		50000068
	loader		500003b4
	domain		5000083f
	static JAVAC	5000167a
	static COMPILER_MISC	5000167b
	static $VALUES	5000167d
	constant pool entry 73	500000f7
	constant pool entry 34	50000121
	constant pool entry 33	50000068
	constant pool entry 5	50001679
	constant pool entry 4	50002a59
	constant pool entry 3	50002a58
	constant pool entry 2	50002a57
	constant pool entry 1	50002a56
CLS 5000167c (name=com.sun.tools.javac.util.Log$PrefixKind[], trace=301104)
	super		50000172
	loader		500003b4
CLS 5000167f (name=com.sun.tools.javac.util.Context, trace=300673)
	super		50000172
	loader		500003b4
	domain		5000083f
	constant pool entry 62	50000147
	constant pool entry 60	500000c6
	constant pool entry 57	50000172
	constant pool entry 53	50001504
	constant pool entry 52	5000186a
	constant pool entry 51	5000167f
CLS 500016e0 (name=javax.tools.OptionChecker, trace=300680)
CLS 500016e1 (name=javax.tools.JavaFileManager, trace=300680)
CLS 500016e2 (name=javax.tools.StandardJavaFileManager, trace=300680)
CLS 500016ea (name=com.sun.tools.javac.main.JavaCompiler, trace=300673)
	super		50000172
	loader		500003b4
	domain		5000083f
	static compilerKey	50001dd7
	static versionRBName	50000d0b
	static versionRB	50001eba
	static DEFAULT_COMPILE_POLICY	50001e3f
	constant pool entry 642	50001e62
	constant pool entry 606	50001504
	constant pool entry 587	50001e3a
	constant pool entry 582	500016ea
	constant pool entry 26	50002949
	constant pool entry 12	50000d0b
CLS 5000172b (name=com.sun.tools.javac.util.BaseFileManager, trace=300673)
	super		50000172
	loader		500003b4
	domain		5000083f
	static javacFileManagerOptions	50001a18
	constant pool entry 161	5000172b
	constant pool entry 159	50000b90
CLS 5000172c (name=com.sun.tools.javac.file.JavacFileManager, trace=300673)
	super		5000172b
	loader		500003b4
	domain		5000083f
	static symbolFileLocation	50001a1d
	static symbolFilePrefix	50001a1e
	constant pool entry 821	500000f7
	constant pool entry 332	5000016e
	constant pool entry 321	5000011b
	constant pool entry 314	5000167f
	constant pool entry 305	500019ac
	constant pool entry 298	50001a68
	constant pool entry 297	5000172c
	constant pool entry 35	500016e1
	constant pool entry 28	50000f82
	constant pool entry 23	50002cbe
	constant pool entry 14	50002cbd
CLS 50001735 (name=java.nio.charset.IllegalCharsetNameException, trace=300680)
	super		50000052
CLS 5000173a (name=java.nio.charset.UnsupportedCharsetException, trace=300680)
	super		50000052
CLS 50001745 (name=com.sun.tools.javac.code.Symbol$CompletionFailure, trace=300673)
	super		50000162
	loader		500003b4
CLS 50001780 (name=com.sun.tools.javac.util.JCDiagnostic$DiagnosticPosition, trace=300673)
	loader		500003b4
CLS 5000179a (name=com.sun.tools.javac.jvm.ClassReader$SourceCompleter, trace=300673)
	loader		500003b4
CLS 500017e4 (name=com.sun.tools.javac.util.Abort, trace=300673)
	super		50000165
	loader		500003b4
CLS 50001815 (name=com.sun.tools.javac.main.OptionHelper$GrumpyHelper, trace=300673)
	super		50000915
	loader		500003b4
CLS 50001816 (name=com.sun.tools.javac.util.BaseFileManager$1, trace=300673)
	super		50001815
	loader		500003b4
CLS 5000181f (name=javax.tools.JavaFileObject$Kind, trace=300680)
	super		50000068
CLS 50001824 (name=java.net.MalformedURLException, trace=300680)
	super		500009bf
CLS 50001843 (name=com.sun.tools.javac.code.Source, trace=300673)
	super		50000068
	loader		500003b4
	domain		5000083f
	static JDK1_2	5000023a
	static JDK1_3	5000023b
	static JDK1_4	5000023c
	static JDK1_5	5000023d
	static JDK1_6	50000241
	static JDK1_7	50000242
	static JDK1_8	50000243
	static sourceKey	500002db
	static tab	500002dc
	static DEFAULT	50000243
	static $VALUES	500002da
	constant pool entry 255	500000f7
	constant pool entry 138	50000147
	constant pool entry 137	500000c6
	constant pool entry 135	50000068
	constant pool entry 133	50001504
	constant pool entry 130	50000b34
	constant pool entry 128	50000246
	constant pool entry 19	50001843
	constant pool entry 18	50002a40
	constant pool entry 17	50002a3f
	constant pool entry 16	50002a3e
	constant pool entry 15	50002a3d
	constant pool entry 14	50002a3c
	constant pool entry 13	50002a3b
	constant pool entry 12	50002a3a
	constant pool entry 11	50002a39
	constant pool entry 10	50002a38
	constant pool entry 9	50002a37
	constant pool entry 8	50002a36
	constant pool entry 7	50002a35
	constant pool entry 6	50002a34
	constant pool entry 5	50002a33
	constant pool entry 4	50002a32
	constant pool entry 3	500013fb
	constant pool entry 2	50002a31
	constant pool entry 1	50002a30
CLS 5000186a (name=com.sun.tools.javac.util.Context$Factory, trace=300673)
	loader		500003b4
	domain		5000083f
CLS 5000186f (name=java.io.UnsupportedEncodingException, trace=300680)
	super		500009bf
CLS 50001874 (name=javax.tools.JavaFileManager$Location, trace=300680)
CLS 500018a5 (name=com.sun.tools.javac.parser.Parser, trace=300673)
	loader		500003b4
CLS 500018ba (name=com.sun.tools.javac.file.ZipFileIndex$ZipFormatException, trace=300673)
	super		500009bf
	loader		500003b4
CLS 5000190a (name=com.sun.source.tree.CompilationUnitTree, trace=300673)
	loader		500003b4
CLS 5000191a (name=com.sun.tools.javac.file.JavacFileManager$Archive, trace=300673)
	loader		500003b4
CLS 50001965 (name=com.sun.tools.javac.file.RelativePath, trace=300673)
	super		50000172
	loader		500003b4
	domain		5000083f
	constant pool entry 41	50000172
	constant pool entry 36	50001965
CLS 500019ac (name=com.sun.tools.javac.file.RelativePath$RelativeDirectory, trace=300673)
	super		50001965
	loader		500003b4
	domain		5000083f
	constant pool entry 38	5000016e
	constant pool entry 35	50001965
	constant pool entry 1	50000ed7
CLS 500019b1 (name=javax.tools.FileObject, trace=300680)
CLS 500019b2 (name=javax.tools.JavaFileObject, trace=300680)
CLS 500019bb (name=java.net.URISyntaxException, trace=300680)
	super		50000163
CLS 50001a02 (name=com.sun.tools.javac.file.RelativePath$RelativeFile, trace=300673)
	super		50001965
	loader		500003b4
CLS 50001a0e (name=com.sun.source.tree.StatementTree, trace=300673)
	loader		500003b4
CLS 50001a11 (name=com.sun.source.tree.ClassTree, trace=300673)
	loader		500003b4
CLS 50001a17 (name=java.util.Collections$UnmodifiableSet, trace=300824)
	super		500000d5
	constant pool entry 27	500000d5
CLS 50001a68 (name=com.sun.tools.javac.file.JavacFileManager$1, trace=300673)
	super		50000172
	loader		500003b4
	domain		5000083f
	constant pool entry 21	50000172
CLS 50001a7b (name=com.sun.tools.javac.tree.JCTree$JCStatement, trace=300673)
	super		50000775
	loader		500003b4
CLS 50001a7c (name=com.sun.tools.javac.tree.JCTree$JCClassDecl, trace=300673)
	super		50001a7b
	loader		500003b4
CLS 50001ac1 (name=com.sun.tools.javac.util.List, trace=300673)
	super		500000e5
	loader		500003b4
	domain		5000083f
	static EMPTY_LIST	50001b16
	static EMPTYITERATOR	50001b62
	constant pool entry 118	500000e5
	constant pool entry 107	50001e5c
	constant pool entry 106	50001b5c
	constant pool entry 105	50001b07
	constant pool entry 104	50001ac1
CLS 50001ad8 (name=javax.lang.model.element.QualifiedNameable, trace=300680)
CLS 50001ad9 (name=javax.lang.model.element.TypeElement, trace=300680)
CLS 50001ada (name=com.sun.tools.javac.code.Symbol$ClassSymbol, trace=300673)
	super		50000b84
	loader		500003b4
CLS 50001b07 (name=com.sun.tools.javac.util.List$1, trace=300673)
	super		50001ac1
	loader		500003b4
	domain		5000083f
	constant pool entry 15	50001ac1
CLS 50001b10 (name=java.lang.UnsupportedOperationException, trace=300680)
	super		50000162
CLS 50001b15 (name=java.lang.IndexOutOfBoundsException, trace=300680)
	super		50000162
CLS 50001c39 (name=com.sun.tools.javac.util.Log$DiagnosticHandler, trace=300673)
	super		50000172
	loader		500003b4
	domain		5000083f
	constant pool entry 17	50000172
CLS 50001b37 (name=com.sun.tools.javac.util.Log$DeferredDiagnosticHandler, trace=300673)
	super		50001c39
	loader		500003b4
CLS 50001b5c (name=com.sun.tools.javac.util.List$2, trace=300673)
	super		50000172
	loader		500003b4
	domain		5000083f
	constant pool entry 21	50000172
CLS 50001b61 (name=java.util.NoSuchElementException, trace=300680)
	super		50000162
CLS 50001b94 (name=javax.lang.model.element.PackageElement, trace=300680)
CLS 50001b95 (name=com.sun.tools.javac.code.Symbol$PackageSymbol, trace=300673)
	super		50000b84
	loader		500003b4
CLS 50001be2 (name=com.sun.tools.javac.jvm.ClassReader$BadClassFile, trace=300673)
	super		50001745
	loader		500003b4
CLS 50001bf2 (name=com.sun.tools.javac.util.AbstractLog, trace=300673)
	super		50000172
	loader		500003b4
	domain		5000083f
	constant pool entry 53	500000c6
	constant pool entry 52	50000172
	constant pool entry 45	50001bf2
CLS 50001bf3 (name=com.sun.tools.javac.util.Log, trace=300673)
	super		50001bf2
	loader		500003b4
	domain		5000083f
	static logKey	50001ce1
	static outKey	50001ce2
	constant pool entry 251	50000005
	constant pool entry 247	5000016e
	constant pool entry 239	50000867
	constant pool entry 233	50000f8d
	constant pool entry 231	50001679
	constant pool entry 227	50001c80
	constant pool entry 225	500010c0
	constant pool entry 224	50001bf3
	constant pool entry 223	50001e01
	constant pool entry 222	50001d2b
	constant pool entry 217	50001504
	constant pool entry 216	5000167f
	constant pool entry 215	50000374
	constant pool entry 213	50001bf2
	constant pool entry 212	50000b90
	constant pool entry 18	50001002
	constant pool entry 14	50002a6b
	constant pool entry 12	50002a6a
	constant pool entry 11	50002a69
	constant pool entry 10	50002a68
	constant pool entry 8	50000cc1
CLS 50001c36 (name=com.sun.tools.javac.jvm.ClassWriter$PoolOverflow, trace=300673)
	super		50000163
	loader		500003b4
CLS 50001c80 (name=com.sun.tools.javac.util.Log$DefaultDiagnosticHandler, trace=300673)
	super		50001c39
	loader		500003b4
	domain		5000083f
	constant pool entry 52	50001c39
	constant pool entry 51	50001c80
CLS 50001c89 (name=javax.tools.Diagnostic, trace=300680)
CLS 50001c91 (name=com.sun.tools.javac.jvm.ClassWriter$StringOverflow, trace=300673)
	super		50000163
	loader		500003b4
CLS 50001cdb (name=com.sun.tools.javac.api.DiagnosticFormatter, trace=300673)
	loader		500003b4
	domain		5000083f
CLS 50001ce0 (name=java.lang.NumberFormatException, trace=300680)
	super		50000052
CLS 50001d2b (name=com.sun.tools.javac.util.JCDiagnostic$Factory, trace=300673)
	super		50000172
	loader		500003b4
	domain		5000083f
	static diagnosticFactoryKey	50001d73
	constant pool entry 80	50001623
	constant pool entry 78	50000172
	constant pool entry 77	50000f8d
	constant pool entry 76	50001e01
	constant pool entry 75	50000ff2
	constant pool entry 74	50001d2b
	constant pool entry 70	50001504
	constant pool entry 69	5000167f
	constant pool entry 68	50000374
	constant pool entry 4	50001d72
	constant pool entry 3	50002c7f
	constant pool entry 2	50002c7e
CLS 50001d3a (name=com.sun.source.tree.IdentifierTree, trace=300673)
	loader		500003b4
CLS 50001d3b (name=com.sun.tools.javac.tree.JCTree$JCIdent, trace=300673)
	super		50000837
	loader		500003b4
CLS 50001d72 (name=com.sun.tools.javac.util.JCDiagnostic$DiagnosticFlag, trace=300673)
	super		50000068
	loader		500003b4
	domain		5000083f
	static MANDATORY	50000f26
	static RESOLVE_ERROR	50000f27
	static SYNTAX	50000f2d
	static RECOVERABLE	50000f2e
	static NON_DEFERRABLE	50000f2f
	static COMPRESSED	50000f30
	static $VALUES	50000f32
	constant pool entry 64	500000f7
	constant pool entry 32	50000068
	constant pool entry 30	50000f31
	constant pool entry 7	50001d72
	constant pool entry 6	50002cb1
	constant pool entry 5	50002cb0
	constant pool entry 4	50002caf
	constant pool entry 3	50002cae
	constant pool entry 2	50002cad
	constant pool entry 1	50002cac
CLS 50001dd5 (name=com.sun.source.tree.MemberSelectTree, trace=300673)
	loader		500003b4
CLS 50001dd6 (name=com.sun.tools.javac.tree.JCTree$JCFieldAccess, trace=300673)
	super		50000837
	loader		500003b4
CLS 50001e00 (name=com.sun.tools.javac.api.Messages, trace=300673)
	loader		500003b4
	domain		5000083f
CLS 50001e01 (name=com.sun.tools.javac.util.JavacMessages, trace=300673)
	super		50000172
	loader		500003b4
	domain		5000083f
	static messagesKey	50001e0c
	static defaultBundleName	50000c3f
	constant pool entry 98	50001e62
	constant pool entry 97	50001e06
	constant pool entry 96	50000147
	constant pool entry 95	500000b7
	constant pool entry 94	500000c6
	constant pool entry 93	500002d3
	constant pool entry 92	50000152
	constant pool entry 90	5000016e
	constant pool entry 89	50000172
	constant pool entry 86	50001ac1
	constant pool entry 85	50001e01
	constant pool entry 84	50001504
	constant pool entry 83	5000167f
	constant pool entry 6	5000002f
	constant pool entry 4	50000c3f
CLS 50001e06 (name=java.util.MissingResourceException, trace=300680)
	super		50000162
	constant pool entry 20	50001e06
	constant pool entry 19	50000162
CLS 50001e0b (name=java.lang.InternalError, trace=300680)
	super		50000157
CLS 50001e3a (name=com.sun.tools.javac.main.JavaCompiler$CompilePolicy, trace=300673)
	super		50000068
	loader		500003b4
	domain		5000083f
	static ATTR_ONLY	50001e3b
	static CHECK_ONLY	50001e3c
	static SIMPLE	50001e3d
	static BY_FILE	50001e3e
	static BY_TODO	50001e3f
	static $VALUES	50001e41
	constant pool entry 82	500000f7
	constant pool entry 45	50000068
	constant pool entry 11	50001e3a
	constant pool entry 5	50002a2a
	constant pool entry 4	50002a29
	constant pool entry 3	50002a28
	constant pool entry 2	50002a27
	constant pool entry 1	50002a26
CLS 50001e40 (name=com.sun.tools.javac.main.JavaCompiler$CompilePolicy[], trace=301112)
	super		50000172
	loader		500003b4
CLS 50001e5c (name=com.sun.tools.javac.util.List$3, trace=300673)
	super		50000172
	loader		500003b4
	domain		5000083f
	constant pool entry 28	50000172
	constant pool entry 27	50001e5c
	constant pool entry 26	50001ac1
CLS 50001e63 (name=java.util.ResourceBundle$1, trace=300844)
	super		50001e62
	constant pool entry 18	50001e62
CLS 50001e68 (name=java.util.spi.ResourceBundleControlProvider, trace=300849)
CLS 50001e69 (name=java.util.ServiceLoader, trace=300850)
	super		50000172
	static PREFIX	50002a18
	constant pool entry 135	50001e6c
	constant pool entry 134	50001e6e
	constant pool entry 133	50001e69
	constant pool entry 131	500000b9
	constant pool entry 129	5000006a
	constant pool entry 122	50000167
	constant pool entry 119	50000172
	constant pool entry 117	50000168
	constant pool entry 116	5000016a
	constant pool entry 7	50002a17
CLS 50001e6c (name=java.util.ServiceLoader$LazyIterator, trace=300853)
	super		50000172
	constant pool entry 101	50001e6c
	constant pool entry 99	50001e69
	constant pool entry 95	500000b8
	constant pool entry 90	50000121
	constant pool entry 88	50000172
	constant pool entry 85	50000168
	constant pool entry 84	5000016a
	constant pool entry 5	50002a18
CLS 50001e6e (name=java.util.ServiceLoader$1, trace=300855)
	super		50000172
	constant pool entry 43	500000db
	constant pool entry 42	50001e6c
	constant pool entry 41	50001e6e
	constant pool entry 40	50001e69
	constant pool entry 37	5000006a
	constant pool entry 36	500000b7
	constant pool entry 34	50000172
CLS 50001e70 (name=java.util.LinkedHashMap$LinkedEntrySet, trace=300857)
	super		500000da
	constant pool entry 56	50001e70
	constant pool entry 55	50001e73
	constant pool entry 49	500000da
CLS 50001e72 (name=java.util.LinkedHashMap$LinkedHashIterator, trace=300859)
	super		50000172
	constant pool entry 43	50001e72
	constant pool entry 41	5000006a
	constant pool entry 37	50000172
CLS 50001e73 (name=java.util.LinkedHashMap$LinkedEntryIterator, trace=300859)
	super		50001e72
	constant pool entry 23	50001e72
	constant pool entry 22	50001e73
CLS 50001e7b (name=java.util.Enumeration[], trace=300865)
	super		50000172
CLS 50001e7d (name=sun.misc.Launcher$BootClassPathHolder, trace=300866)
	super		50000172
	static bcp	500020d5
	constant pool entry 31	50000004
	constant pool entry 30	50001e7e
	constant pool entry 29	50001e7d
	constant pool entry 28	50000117
	constant pool entry 27	500000ef
	constant pool entry 24	5000000d
CLS 50001e7e (name=sun.misc.Launcher$BootClassPathHolder$1, trace=300867)
	super		50000172
	constant pool entry 42	50000040
	constant pool entry 41	50001e7e
	constant pool entry 39	50000117
	constant pool entry 38	500000db
	constant pool entry 37	50000005
	constant pool entry 35	50000172
	constant pool entry 34	5000011b
CLS 50001eb0 (name=com.sun.tools.javac.resources.version, trace=300673)
	super		500001ad
	loader		500003b4
	domain		5000083f
	constant pool entry 30	500000f7
	constant pool entry 24	500001ad
	constant pool entry 23	50000172
	constant pool entry 21	50000108
	constant pool entry 5	50002949
	constant pool entry 4	5000294b
	constant pool entry 3	50002946
	constant pool entry 2	50002945
	constant pool entry 1	50001711
CLS 50001fd5 (name=java.lang.Object[][], trace=301115)
	super		50000172
CLS 5000204a (name=com.sun.tools.javac.resources.javac, trace=300673)
	super		500001ad
	loader		500003b4
	domain		5000083f
	constant pool entry 420	500000f7
	constant pool entry 414	500001ad
	constant pool entry 413	50000172
	constant pool entry 411	50000108
	constant pool entry 200	500019f6
	constant pool entry 199	500019f4
	constant pool entry 198	500019f3
	constant pool entry 197	500019f2
	constant pool entry 196	500019f1
	constant pool entry 195	500019f0
	constant pool entry 194	500019ef
	constant pool entry 193	500019ee
	constant pool entry 192	500019ed
	constant pool entry 191	500019ec
	constant pool entry 190	500019eb
	constant pool entry 189	500019ea
	constant pool entry 188	500019e9
	constant pool entry 187	500019e8
	constant pool entry 186	500019e7
	constant pool entry 185	500019e6
	constant pool entry 184	500019e5
	constant pool entry 183	500019e4
	constant pool entry 182	500019e3
	constant pool entry 181	500019e2
	constant pool entry 180	500019e1
	constant pool entry 179	500019e0
	constant pool entry 178	500019df
	constant pool entry 177	500019de
	constant pool entry 176	500019dd
	constant pool entry 175	500019dc
	constant pool entry 174	500019db
	constant pool entry 173	500019da
	constant pool entry 172	500019d9
	constant pool entry 171	500019d8
	constant pool entry 170	500019d7
	constant pool entry 169	500019d6
	constant pool entry 168	500019d5
	constant pool entry 167	500019d4
	constant pool entry 166	500019d3
	constant pool entry 165	500019d2
	constant pool entry 164	500019d1
	constant pool entry 163	500019d0
	constant pool entry 162	500019cf
	constant pool entry 161	500019ce
	constant pool entry 160	500019cd
	constant pool entry 159	500019cc
	constant pool entry 158	500019cb
	constant pool entry 157	500019ca
	constant pool entry 156	500019c9
	constant pool entry 155	500019c8
	constant pool entry 154	500019c7
	constant pool entry 153	500019c6
	constant pool entry 152	500019c5
	constant pool entry 151	500019c4
	constant pool entry 150	500019c3
	constant pool entry 149	500019b6
	constant pool entry 148	500019b4
	constant pool entry 147	500019aa
	constant pool entry 146	500019a9
	constant pool entry 145	500019a8
	constant pool entry 144	500019a7
	constant pool entry 143	500019a6
	constant pool entry 142	500019a5
	constant pool entry 141	500019a4
	constant pool entry 140	500019a3
	constant pool entry 139	500019a2
	constant pool entry 138	500019a1
	constant pool entry 137	500019a0
	constant pool entry 136	5000199c
	constant pool entry 135	5000199b
	constant pool entry 134	5000199a
	constant pool entry 133	50001999
	constant pool entry 132	50001998
	constant pool entry 131	50001997
	constant pool entry 130	50001996
	constant pool entry 129	50001995
	constant pool entry 128	50001994
	constant pool entry 127	50001993
	constant pool entry 126	50001992
	constant pool entry 125	50001991
	constant pool entry 124	50001990
	constant pool entry 123	5000198f
	constant pool entry 122	5000198e
	constant pool entry 121	5000198d
	constant pool entry 120	5000198c
	constant pool entry 119	5000198b
	constant pool entry 118	5000198a
	constant pool entry 117	50001989
	constant pool entry 116	50001988
	constant pool entry 115	50001987
	constant pool entry 114	50001986
	constant pool entry 113	50001985
	constant pool entry 112	50001984
	constant pool entry 111	50001983
	constant pool entry 110	50001982
	constant pool entry 109	50001981
	constant pool entry 108	50001980
	constant pool entry 107	5000197f
	constant pool entry 106	5000197e
	constant pool entry 105	5000197d
	constant pool entry 104	5000197c
	constant pool entry 103	5000197b
	constant pool entry 102	5000197a
	constant pool entry 101	50001979
	constant pool entry 100	50001978
	constant pool entry 99	50001977
	constant pool entry 98	50001976
	constant pool entry 97	50001975
	constant pool entry 96	50001974
	constant pool entry 95	50001973
	constant pool entry 94	50001972
	constant pool entry 93	50001971
	constant pool entry 92	50001970
	constant pool entry 91	5000196f
	constant pool entry 90	5000196e
	constant pool entry 89	5000196d
	constant pool entry 88	5000196c
	constant pool entry 87	5000196b
	constant pool entry 86	5000196a
	constant pool entry 85	50001969
	constant pool entry 84	50001967
	constant pool entry 83	50001964
	constant pool entry 82	50001962
	constant pool entry 81	50001960
	constant pool entry 80	5000195f
	constant pool entry 79	5000195a
	constant pool entry 78	50001959
	constant pool entry 77	50001958
	constant pool entry 76	50001957
	constant pool entry 75	50001956
	constant pool entry 74	50001955
	constant pool entry 73	50001953
	constant pool entry 72	50001952
	constant pool entry 71	50001951
	constant pool entry 70	50001950
	constant pool entry 69	5000194f
	constant pool entry 68	5000194e
	constant pool entry 67	5000194d
	constant pool entry 66	5000194a
	constant pool entry 65	50001949
	constant pool entry 64	50001948
	constant pool entry 63	50001947
	constant pool entry 62	50001946
	constant pool entry 61	50001945
	constant pool entry 60	50001944
	constant pool entry 59	50001943
	constant pool entry 58	50001942
	constant pool entry 57	50001941
	constant pool entry 56	50001940
	constant pool entry 55	5000193f
	constant pool entry 54	5000193e
	constant pool entry 53	5000193d
	constant pool entry 52	5000193c
	constant pool entry 51	5000193b
	constant pool entry 50	5000193a
	constant pool entry 49	50001939
	constant pool entry 48	50001938
	constant pool entry 47	50001937
	constant pool entry 46	50001936
	constant pool entry 45	50001935
	constant pool entry 44	50001934
	constant pool entry 43	50001933
	constant pool entry 42	50001932
	constant pool entry 41	50001931
	constant pool entry 40	50001930
	constant pool entry 39	5000192f
	constant pool entry 38	5000192e
	constant pool entry 37	5000192d
	constant pool entry 36	5000192c
	constant pool entry 35	5000192b
	constant pool entry 34	5000192a
	constant pool entry 33	50001929
	constant pool entry 32	50001928
	constant pool entry 31	50001927
	constant pool entry 30	50001926
	constant pool entry 29	50001925
	constant pool entry 28	50001924
	constant pool entry 27	50001923
	constant pool entry 26	50001922
	constant pool entry 25	50001921
	constant pool entry 24	50001920
	constant pool entry 23	5000191f
	constant pool entry 22	5000191e
	constant pool entry 21	5000191c
	constant pool entry 20	50001919
	constant pool entry 19	50001918
	constant pool entry 18	50001917
	constant pool entry 17	50001916
	constant pool entry 16	50001915
	constant pool entry 15	50001914
	constant pool entry 14	50001913
	constant pool entry 13	50001912
	constant pool entry 12	50001911
	constant pool entry 11	5000190f
	constant pool entry 10	50001909
	constant pool entry 9	50001908
	constant pool entry 8	50001907
	constant pool entry 7	50001906
	constant pool entry 6	50001905
	constant pool entry 5	50001904
	constant pool entry 4	50001903
	constant pool entry 3	50001902
	constant pool entry 2	50001901
	constant pool entry 1	50001900
CLS 500020e2 (name=sun.misc.URLClassPath$2, trace=300952)
	super		50000172
	constant pool entry 40	50000259
	constant pool entry 39	500020e2
	constant pool entry 38	50000004
	constant pool entry 35	50000172
CLS 500020e4 (name=java.lang.ClassLoader$2, trace=300954)
	super		50000172
	constant pool entry 25	500000b8
	constant pool entry 24	50000172
	constant pool entry 23	500020e4
CLS 500020e6 (name=sun.misc.URLClassPath$1, trace=300956)
	super		50000172
	constant pool entry 40	50000259
	constant pool entry 39	500020e6
	constant pool entry 38	50000004
	constant pool entry 35	50000172
CLS 500020e8 (name=java.net.URLClassLoader$3, trace=300958)
	super		50000172
	constant pool entry 38	500000ef
	constant pool entry 37	5000225d
	constant pool entry 36	500020e8
	constant pool entry 35	5000011a
	constant pool entry 33	50000172
CLS 500020ea (name=sun.misc.CompoundEnumeration, trace=300960)
	super		50000172
	constant pool entry 25	500020ea
	constant pool entry 23	500000b8
	constant pool entry 22	50000172
CLS 5000217b (name=java.security.PrivilegedActionException, trace=300963)
	super		50000163
	constant pool entry 36	5000217b
	constant pool entry 31	50000163
CLS 5000225d (name=java.net.URLClassLoader$3$1, trace=300965)
	super		50000172
	constant pool entry 30	500000b8
	constant pool entry 28	5000225d
	constant pool entry 27	500020e8
	constant pool entry 25	50000172
CLS 5000225f (name=java.util.ResourceBundle$Control, trace=300967)
	super		50000172
	static FORMAT_DEFAULT	50002262
	static FORMAT_CLASS	50002265
	static FORMAT_PROPERTIES	50002268
	static INSTANCE	50002269
	static CANDIDATES_CACHE	5000226b
	constant pool entry 318	500000f7
	constant pool entry 164	5000226a
	constant pool entry 163	50000264
	constant pool entry 162	5000225f
	constant pool entry 159	5000002f
	constant pool entry 157	500000dc
	constant pool entry 156	500000e8
	constant pool entry 155	50000095
	constant pool entry 154	500000dd
	constant pool entry 152	500000ef
	constant pool entry 147	50000121
	constant pool entry 146	5000016e
	constant pool entry 145	50000172
	constant pool entry 139	5000015c
	constant pool entry 138	50000168
	constant pool entry 136	5000016a
	constant pool entry 8	50001e62
	constant pool entry 6	50000f83
	constant pool entry 5	50002a1b
	constant pool entry 4	500019fc
	constant pool entry 3	50001715
	constant pool entry 1	500005a0
CLS 5000226a (name=java.util.ResourceBundle$Control$CandidateListCache, trace=300973)
	super		5000002e
	constant pool entry 87	5000002e
	constant pool entry 86	5000001c
	constant pool entry 85	5000226a
	constant pool entry 81	5000002f
	constant pool entry 80	500000e7
	constant pool entry 79	50002275
	constant pool entry 77	5000016e
	constant pool entry 14	50000825
	constant pool entry 13	50002a1f
	constant pool entry 12	50002a1e
	constant pool entry 11	50002a1d
	constant pool entry 1	500005a0
CLS 5000226f (name=java.util.ResourceBundle$CacheKey, trace=300978)
	super		50000172
	constant pool entry 94	50002272
	constant pool entry 93	5000226f
	constant pool entry 92	50001e62
	constant pool entry 91	5000002f
	constant pool entry 89	5000016e
	constant pool entry 87	50000172
	constant pool entry 81	50000168
CLS 50002271 (name=java.util.ResourceBundle$CacheKeyReference, trace=300980)
CLS 50002272 (name=java.util.ResourceBundle$LoaderReference, trace=300980)
	super		50000151
	constant pool entry 18	50002272
	constant pool entry 14	50000151
CLS 50002274 (name=java.util.AbstractSequentialList, trace=300982)
	super		500000e4
	constant pool entry 38	500000e4
CLS 50002275 (name=java.util.LinkedList, trace=300982)
	super		50002274
	constant pool entry 304	500000f7
	constant pool entry 152	5000227d
	constant pool entry 147	50002275
	constant pool entry 144	50002274
	constant pool entry 141	50000172
CLS 5000227d (name=java.util.LinkedList$Node, trace=300990)
	super		50000172
	constant pool entry 19	5000227d
	constant pool entry 17	50000172
