HEAP DUMP BEGIN (4496 objects, 617080 bytes) Tue Jul 24 14:21:14 2018
ROOT 0 (kind=<thread>, id=200000, trace=300000)
ROOT 500003c4 (kind=<thread>, id=200005, trace=300000)
ROOT 500003c4 (kind=<thread block>, thread=200005)
ROOT 500003c4 (kind=<JNI local ref>, thread=200000, frame=0)
ROOT 500003c5 (kind=<thread>, id=200006, trace=300000)
ROOT 500003c5 (kind=<thread block>, thread=200006)
ROOT 500003c6 (kind=<thread>, id=200007, trace=300000)
ROOT 500003c6 (kind=<thread block>, thread=200007)
ROOT 500003c7 (kind=<thread>, id=200008, trace=300000)
ROOT 500003c7 (kind=<thread block>, thread=200008)
ROOT 500003c8 (kind=<Java stack>, thread=200000, frame=1)
ROOT 500003c9 (kind=<Java stack>, thread=200000, frame=1)
ROOT 500003c8 (kind=<Java stack>, thread=200000, frame=2)
ROOT 500003c7 (kind=<Java stack>, thread=200000, frame=3)
ROOT 500003ca (kind=<Java stack>, thread=200000, frame=3)
ROOT 500003cb (kind=<thread>, id=200009, trace=300000)
ROOT 500003cb (kind=<thread block>, thread=200009)
ROOT 500003cc (kind=<Java stack>, thread=200000, frame=1)
ROOT 500003cc (kind=<Java stack>, thread=200000, frame=2)
ROOT 500003cb (kind=<Java stack>, thread=200000, frame=3)
ROOT 500003d2 (kind=<thread>, id=200010, trace=300000)
ROOT 500003d2 (kind=<thread block>, thread=200010)
ROOT 500003c1 (kind=<Java stack>, thread=200000, frame=1)
ROOT 500003b7 (kind=<Java stack>, thread=200000, frame=2)
ROOT 500003d3 (kind=<Java stack>, thread=200000, frame=3)
ROOT 500003d4 (kind=<Java stack>, thread=200000, frame=5)
ROOT 5000016e (kind=<JNI global ref>, id=1, trace=300000)
ROOT 50000001 (kind=<JNI global ref>, id=2, trace=300000)
ROOT 50000172 (kind=<JNI global ref>, id=3, trace=300000)
ROOT 50000002 (kind=<JNI global ref>, id=4, trace=300000)
ROOT 50000003 (kind=<JNI global ref>, id=5, trace=300000)
ROOT 5000000f (kind=<JNI global ref>, id=6, trace=300000)
ROOT 50000004 (kind=<JNI global ref>, id=7, trace=300000)
ROOT 50000005 (kind=<JNI global ref>, id=8, trace=300000)
ROOT 500000da (kind=<JNI global ref>, id=9, trace=300000)
ROOT 50000006 (kind=<JNI global ref>, id=a, trace=300000)
ROOT 50000007 (kind=<JNI global ref>, id=b, trace=300000)
ROOT 50000008 (kind=<JNI global ref>, id=c, trace=300000)
ROOT 50000009 (kind=<JNI global ref>, id=d, trace=300000)
ROOT 5000000a (kind=<JNI global ref>, id=e, trace=300000)
ROOT 5000000b (kind=<JNI global ref>, id=f, trace=300000)
ROOT 5000000c (kind=<JNI global ref>, id=10, trace=300000)
ROOT 5000000d (kind=<JNI global ref>, id=11, trace=300000)
ROOT 5000000e (kind=<JNI global ref>, id=12, trace=300000)
ROOT 50000010 (kind=<JNI global ref>, id=13, trace=300000)
ROOT 50000011 (kind=<JNI global ref>, id=14, trace=300000)
ROOT 50000012 (kind=<JNI global ref>, id=15, trace=300000)
ROOT 50000013 (kind=<JNI global ref>, id=16, trace=300000)
ROOT 50000014 (kind=<JNI global ref>, id=17, trace=300000)
ROOT 50000060 (kind=<JNI global ref>, id=18, trace=300000)
ROOT 50000015 (kind=<JNI global ref>, id=19, trace=300000)
ROOT 50000016 (kind=<JNI global ref>, id=1a, trace=300000)
ROOT 50000017 (kind=<JNI global ref>, id=1b, trace=300000)
ROOT 50000018 (kind=<JNI global ref>, id=1c, trace=300000)
ROOT 50000019 (kind=<JNI global ref>, id=1d, trace=300000)
ROOT 50000152 (kind=<JNI global ref>, id=1e, trace=300000)
ROOT 5000001a (kind=<JNI global ref>, id=1f, trace=300000)
ROOT 5000001b (kind=<JNI global ref>, id=20, trace=300000)
ROOT 5000002e (kind=<JNI global ref>, id=21, trace=300000)
ROOT 5000001c (kind=<JNI global ref>, id=22, trace=300000)
ROOT 5000001d (kind=<JNI global ref>, id=23, trace=300000)
ROOT 50000020 (kind=<JNI global ref>, id=24, trace=300000)
ROOT 5000001e (kind=<JNI global ref>, id=25, trace=300000)
ROOT 5000001f (kind=<JNI global ref>, id=26, trace=300000)
ROOT 50000021 (kind=<JNI global ref>, id=27, trace=300000)
ROOT 50000022 (kind=<JNI global ref>, id=28, trace=300000)
ROOT 50000023 (kind=<JNI global ref>, id=29, trace=300000)
ROOT 50000024 (kind=<JNI global ref>, id=2a, trace=300000)
ROOT 50000025 (kind=<JNI global ref>, id=2b, trace=300000)
ROOT 50000026 (kind=<JNI global ref>, id=2c, trace=300000)
ROOT 50000027 (kind=<JNI global ref>, id=2d, trace=300000)
ROOT 50000028 (kind=<JNI global ref>, id=2e, trace=300000)
ROOT 50000029 (kind=<JNI global ref>, id=2f, trace=300000)
ROOT 5000002a (kind=<JNI global ref>, id=30, trace=300000)
ROOT 5000002b (kind=<JNI global ref>, id=31, trace=300000)
ROOT 500000d7 (kind=<JNI global ref>, id=32, trace=300000)
ROOT 5000002c (kind=<JNI global ref>, id=33, trace=300000)
ROOT 5000002d (kind=<JNI global ref>, id=34, trace=300000)
ROOT 5000002f (kind=<JNI global ref>, id=35, trace=300000)
ROOT 50000030 (kind=<JNI global ref>, id=36, trace=300000)
ROOT 50000031 (kind=<JNI global ref>, id=37, trace=300000)
ROOT 50000033 (kind=<JNI global ref>, id=38, trace=300000)
ROOT 50000032 (kind=<JNI global ref>, id=39, trace=300000)
ROOT 50000034 (kind=<JNI global ref>, id=3a, trace=300000)
ROOT 50000035 (kind=<JNI global ref>, id=3b, trace=300000)
ROOT 50000036 (kind=<JNI global ref>, id=3c, trace=300000)
ROOT 50000112 (kind=<JNI global ref>, id=3d, trace=300000)
ROOT 50000037 (kind=<JNI global ref>, id=3e, trace=300000)
ROOT 50000038 (kind=<JNI global ref>, id=3f, trace=300000)
ROOT 50000039 (kind=<JNI global ref>, id=40, trace=300000)
ROOT 5000003a (kind=<JNI global ref>, id=41, trace=300000)
ROOT 5000003e (kind=<JNI global ref>, id=42, trace=300000)
ROOT 5000003b (kind=<JNI global ref>, id=43, trace=300000)
ROOT 5000003c (kind=<JNI global ref>, id=44, trace=300000)
ROOT 5000003d (kind=<JNI global ref>, id=45, trace=300000)
ROOT 5000003f (kind=<JNI global ref>, id=46, trace=300000)
ROOT 50000040 (kind=<JNI global ref>, id=47, trace=300000)
ROOT 50000041 (kind=<JNI global ref>, id=48, trace=300000)
ROOT 50000042 (kind=<JNI global ref>, id=49, trace=300000)
ROOT 50000043 (kind=<JNI global ref>, id=4a, trace=300000)
ROOT 50000044 (kind=<JNI global ref>, id=4b, trace=300000)
ROOT 50000045 (kind=<JNI global ref>, id=4c, trace=300000)
ROOT 50000046 (kind=<JNI global ref>, id=4d, trace=300000)
ROOT 50000047 (kind=<JNI global ref>, id=4e, trace=300000)
ROOT 50000048 (kind=<JNI global ref>, id=4f, trace=300000)
ROOT 50000049 (kind=<JNI global ref>, id=50, trace=300000)
ROOT 5000004a (kind=<JNI global ref>, id=51, trace=300000)
ROOT 5000004b (kind=<JNI global ref>, id=52, trace=300000)
ROOT 50000151 (kind=<JNI global ref>, id=53, trace=300000)
ROOT 5000004c (kind=<JNI global ref>, id=54, trace=300000)
ROOT 5000004d (kind=<JNI global ref>, id=55, trace=300000)
ROOT 5000004e (kind=<JNI global ref>, id=56, trace=300000)
ROOT 5000004f (kind=<JNI global ref>, id=57, trace=300000)
ROOT 50000050 (kind=<JNI global ref>, id=58, trace=300000)
ROOT 50000051 (kind=<JNI global ref>, id=59, trace=300000)
ROOT 50000052 (kind=<JNI global ref>, id=5a, trace=300000)
ROOT 50000162 (kind=<JNI global ref>, id=5b, trace=300000)
ROOT 50000053 (kind=<JNI global ref>, id=5c, trace=300000)
ROOT 50000054 (kind=<JNI global ref>, id=5d, trace=300000)
ROOT 50000055 (kind=<JNI global ref>, id=5e, trace=300000)
ROOT 50000056 (kind=<JNI global ref>, id=5f, trace=300000)
ROOT 50000057 (kind=<JNI global ref>, id=60, trace=300000)
ROOT 50000058 (kind=<JNI global ref>, id=61, trace=300000)
ROOT 50000059 (kind=<JNI global ref>, id=62, trace=300000)
ROOT 5000005a (kind=<JNI global ref>, id=63, trace=300000)
ROOT 5000005b (kind=<JNI global ref>, id=64, trace=300000)
ROOT 5000005c (kind=<JNI global ref>, id=65, trace=300000)
ROOT 5000005d (kind=<JNI global ref>, id=66, trace=300000)
ROOT 5000005e (kind=<JNI global ref>, id=67, trace=300000)
ROOT 5000005f (kind=<JNI global ref>, id=68, trace=300000)
ROOT 500000c4 (kind=<JNI global ref>, id=69, trace=300000)
ROOT 50000061 (kind=<JNI global ref>, id=6a, trace=300000)
ROOT 50000062 (kind=<JNI global ref>, id=6b, trace=300000)
ROOT 50000063 (kind=<JNI global ref>, id=6c, trace=300000)
ROOT 50000064 (kind=<JNI global ref>, id=6d, trace=300000)
ROOT 50000065 (kind=<JNI global ref>, id=6e, trace=300000)
ROOT 50000066 (kind=<JNI global ref>, id=6f, trace=300000)
ROOT 50000067 (kind=<JNI global ref>, id=70, trace=300000)
ROOT 50000068 (kind=<JNI global ref>, id=71, trace=300000)
ROOT 50000069 (kind=<JNI global ref>, id=72, trace=300000)
ROOT 5000006a (kind=<JNI global ref>, id=73, trace=300000)
ROOT 500000c6 (kind=<JNI global ref>, id=74, trace=300000)
ROOT 5000006b (kind=<JNI global ref>, id=75, trace=300000)
ROOT 5000006c (kind=<JNI global ref>, id=76, trace=300000)
ROOT 5000006d (kind=<JNI global ref>, id=77, trace=300000)
ROOT 5000006e (kind=<JNI global ref>, id=78, trace=300000)
ROOT 5000006f (kind=<JNI global ref>, id=79, trace=300000)
ROOT 50000091 (kind=<JNI global ref>, id=7a, trace=300000)
ROOT 50000070 (kind=<JNI global ref>, id=7b, trace=300000)
ROOT 50000071 (kind=<JNI global ref>, id=7c, trace=300000)
ROOT 50000072 (kind=<JNI global ref>, id=7d, trace=300000)
ROOT 5000010f (kind=<JNI global ref>, id=7e, trace=300000)
ROOT 50000073 (kind=<JNI global ref>, id=7f, trace=300000)
ROOT 50000074 (kind=<JNI global ref>, id=80, trace=300000)
ROOT 50000075 (kind=<JNI global ref>, id=81, trace=300000)
ROOT 50000076 (kind=<JNI global ref>, id=82, trace=300000)
ROOT 50000077 (kind=<JNI global ref>, id=83, trace=300000)
ROOT 50000078 (kind=<JNI global ref>, id=84, trace=300000)
ROOT 50000079 (kind=<JNI global ref>, id=85, trace=300000)
ROOT 5000007a (kind=<JNI global ref>, id=86, trace=300000)
ROOT 5000007b (kind=<JNI global ref>, id=87, trace=300000)
ROOT 50000138 (kind=<JNI global ref>, id=88, trace=300000)
ROOT 5000007c (kind=<JNI global ref>, id=89, trace=300000)
ROOT 5000007d (kind=<JNI global ref>, id=8a, trace=300000)
ROOT 5000007e (kind=<JNI global ref>, id=8b, trace=300000)
ROOT 5000007f (kind=<JNI global ref>, id=8c, trace=300000)
ROOT 50000080 (kind=<JNI global ref>, id=8d, trace=300000)
ROOT 50000081 (kind=<JNI global ref>, id=8e, trace=300000)
ROOT 50000082 (kind=<JNI global ref>, id=8f, trace=300000)
ROOT 5000008e (kind=<JNI global ref>, id=90, trace=300000)
ROOT 50000083 (kind=<JNI global ref>, id=91, trace=300000)
ROOT 50000084 (kind=<JNI global ref>, id=92, trace=300000)
ROOT 50000085 (kind=<JNI global ref>, id=93, trace=300000)
ROOT 50000086 (kind=<JNI global ref>, id=94, trace=300000)
ROOT 50000087 (kind=<JNI global ref>, id=95, trace=300000)
ROOT 5000008a (kind=<JNI global ref>, id=96, trace=300000)
ROOT 50000088 (kind=<JNI global ref>, id=97, trace=300000)
ROOT 50000089 (kind=<JNI global ref>, id=98, trace=300000)
ROOT 5000008b (kind=<JNI global ref>, id=99, trace=300000)
ROOT 5000008c (kind=<JNI global ref>, id=9a, trace=300000)
ROOT 5000008d (kind=<JNI global ref>, id=9b, trace=300000)
ROOT 5000008f (kind=<JNI global ref>, id=9c, trace=300000)
ROOT 50000090 (kind=<JNI global ref>, id=9d, trace=300000)
ROOT 50000092 (kind=<JNI global ref>, id=9e, trace=300000)
ROOT 50000094 (kind=<JNI global ref>, id=9f, trace=300000)
ROOT 50000093 (kind=<JNI global ref>, id=a0, trace=300000)
ROOT 500000ae (kind=<JNI global ref>, id=a1, trace=300000)
ROOT 50000095 (kind=<JNI global ref>, id=a2, trace=300000)
ROOT 50000096 (kind=<JNI global ref>, id=a3, trace=300000)
ROOT 50000097 (kind=<JNI global ref>, id=a4, trace=300000)
ROOT 50000098 (kind=<JNI global ref>, id=a5, trace=300000)
ROOT 50000099 (kind=<JNI global ref>, id=a6, trace=300000)
ROOT 5000009a (kind=<JNI global ref>, id=a7, trace=300000)
ROOT 5000009b (kind=<JNI global ref>, id=a8, trace=300000)
ROOT 5000009c (kind=<JNI global ref>, id=a9, trace=300000)
ROOT 5000009d (kind=<JNI global ref>, id=aa, trace=300000)
ROOT 5000009e (kind=<JNI global ref>, id=ab, trace=300000)
ROOT 5000009f (kind=<JNI global ref>, id=ac, trace=300000)
ROOT 500000a0 (kind=<JNI global ref>, id=ad, trace=300000)
ROOT 500000a1 (kind=<JNI global ref>, id=ae, trace=300000)
ROOT 500000a2 (kind=<JNI global ref>, id=af, trace=300000)
ROOT 500000a3 (kind=<JNI global ref>, id=b0, trace=300000)
ROOT 500000a4 (kind=<JNI global ref>, id=b1, trace=300000)
ROOT 500000a5 (kind=<JNI global ref>, id=b2, trace=300000)
ROOT 500000a6 (kind=<JNI global ref>, id=b3, trace=300000)
ROOT 500000a7 (kind=<JNI global ref>, id=b4, trace=300000)
ROOT 500000a8 (kind=<JNI global ref>, id=b5, trace=300000)
ROOT 500000a9 (kind=<JNI global ref>, id=b6, trace=300000)
ROOT 500000aa (kind=<JNI global ref>, id=b7, trace=300000)
ROOT 500000ab (kind=<JNI global ref>, id=b8, trace=300000)
ROOT 500000ac (kind=<JNI global ref>, id=b9, trace=300000)
ROOT 5000011d (kind=<JNI global ref>, id=ba, trace=300000)
ROOT 500000ad (kind=<JNI global ref>, id=bb, trace=300000)
ROOT 500000af (kind=<JNI global ref>, id=bc, trace=300000)
ROOT 500000b0 (kind=<JNI global ref>, id=bd, trace=300000)
ROOT 500000b1 (kind=<JNI global ref>, id=be, trace=300000)
ROOT 500000b2 (kind=<JNI global ref>, id=bf, trace=300000)
ROOT 500000b3 (kind=<JNI global ref>, id=c0, trace=300000)
ROOT 500000b4 (kind=<JNI global ref>, id=c1, trace=300000)
ROOT 500000b5 (kind=<JNI global ref>, id=c2, trace=300000)
ROOT 500000b6 (kind=<JNI global ref>, id=c3, trace=300000)
ROOT 500000b7 (kind=<JNI global ref>, id=c4, trace=300000)
ROOT 500000b8 (kind=<JNI global ref>, id=c5, trace=300000)
ROOT 500000b9 (kind=<JNI global ref>, id=c6, trace=300000)
ROOT 500000ba (kind=<JNI global ref>, id=c7, trace=300000)
ROOT 500000bb (kind=<JNI global ref>, id=c8, trace=300000)
ROOT 500000bc (kind=<JNI global ref>, id=c9, trace=300000)
ROOT 500000bd (kind=<JNI global ref>, id=ca, trace=300000)
ROOT 5000014a (kind=<JNI global ref>, id=cb, trace=300000)
ROOT 500000be (kind=<JNI global ref>, id=cc, trace=300000)
ROOT 500000bf (kind=<JNI global ref>, id=cd, trace=300000)
ROOT 500000c0 (kind=<JNI global ref>, id=ce, trace=300000)
ROOT 500000c1 (kind=<JNI global ref>, id=cf, trace=300000)
ROOT 500000c2 (kind=<JNI global ref>, id=d0, trace=300000)
ROOT 500000c3 (kind=<JNI global ref>, id=d1, trace=300000)
ROOT 500000c5 (kind=<JNI global ref>, id=d2, trace=300000)
ROOT 500000c7 (kind=<JNI global ref>, id=d3, trace=300000)
ROOT 500000c8 (kind=<JNI global ref>, id=d4, trace=300000)
ROOT 500000c9 (kind=<JNI global ref>, id=d5, trace=300000)
ROOT 500000ca (kind=<JNI global ref>, id=d6, trace=300000)
ROOT 500000cb (kind=<JNI global ref>, id=d7, trace=300000)
ROOT 5000015b (kind=<JNI global ref>, id=d8, trace=300000)
ROOT 500000cc (kind=<JNI global ref>, id=d9, trace=300000)
ROOT 500000cd (kind=<JNI global ref>, id=da, trace=300000)
ROOT 500000ce (kind=<JNI global ref>, id=db, trace=300000)
ROOT 500000cf (kind=<JNI global ref>, id=dc, trace=300000)
ROOT 500000d0 (kind=<JNI global ref>, id=dd, trace=300000)
ROOT 500000d1 (kind=<JNI global ref>, id=de, trace=300000)
ROOT 500000d2 (kind=<JNI global ref>, id=df, trace=300000)
ROOT 5000014c (kind=<JNI global ref>, id=e0, trace=300000)
ROOT 500000d3 (kind=<JNI global ref>, id=e1, trace=300000)
ROOT 500000d4 (kind=<JNI global ref>, id=e2, trace=300000)
ROOT 500000d5 (kind=<JNI global ref>, id=e3, trace=300000)
ROOT 500000d6 (kind=<JNI global ref>, id=e4, trace=300000)
ROOT 500000d8 (kind=<JNI global ref>, id=e5, trace=300000)
ROOT 500000e4 (kind=<JNI global ref>, id=e6, trace=300000)
ROOT 500000d9 (kind=<JNI global ref>, id=e7, trace=300000)
ROOT 500000e5 (kind=<JNI global ref>, id=e8, trace=300000)
ROOT 500000db (kind=<JNI global ref>, id=e9, trace=300000)
ROOT 500000dc (kind=<JNI global ref>, id=ea, trace=300000)
ROOT 500000dd (kind=<JNI global ref>, id=eb, trace=300000)
ROOT 500000de (kind=<JNI global ref>, id=ec, trace=300000)
ROOT 50000163 (kind=<JNI global ref>, id=ed, trace=300000)
ROOT 500000df (kind=<JNI global ref>, id=ee, trace=300000)
ROOT 500000e0 (kind=<JNI global ref>, id=ef, trace=300000)
ROOT 500000e1 (kind=<JNI global ref>, id=f0, trace=300000)
ROOT 500000e2 (kind=<JNI global ref>, id=f1, trace=300000)
ROOT 500000e3 (kind=<JNI global ref>, id=f2, trace=300000)
ROOT 500000e6 (kind=<JNI global ref>, id=f3, trace=300000)
ROOT 500000e7 (kind=<JNI global ref>, id=f4, trace=300000)
ROOT 500000e8 (kind=<JNI global ref>, id=f5, trace=300000)
ROOT 500000e9 (kind=<JNI global ref>, id=f6, trace=300000)
ROOT 500000ea (kind=<JNI global ref>, id=f7, trace=300000)
ROOT 500000eb (kind=<JNI global ref>, id=f8, trace=300000)
ROOT 500000ec (kind=<JNI global ref>, id=f9, trace=300000)
ROOT 500000ed (kind=<JNI global ref>, id=fa, trace=300000)
ROOT 500000ee (kind=<JNI global ref>, id=fb, trace=300000)
ROOT 500000f1 (kind=<JNI global ref>, id=fc, trace=300000)
ROOT 500000ef (kind=<JNI global ref>, id=fd, trace=300000)
ROOT 500000f0 (kind=<JNI global ref>, id=fe, trace=300000)
ROOT 500000f2 (kind=<JNI global ref>, id=ff, trace=300000)
ROOT 500000f3 (kind=<JNI global ref>, id=100, trace=300000)
ROOT 500000f4 (kind=<JNI global ref>, id=101, trace=300000)
ROOT 500000f5 (kind=<JNI global ref>, id=102, trace=300000)
ROOT 500000f6 (kind=<JNI global ref>, id=103, trace=300000)
ROOT 500000f7 (kind=<JNI global ref>, id=104, trace=300000)
ROOT 500000f8 (kind=<JNI global ref>, id=105, trace=300000)
ROOT 500000f9 (kind=<JNI global ref>, id=106, trace=300000)
ROOT 500000fa (kind=<JNI global ref>, id=107, trace=300000)
ROOT 500000fb (kind=<JNI global ref>, id=108, trace=300000)
ROOT 500000fc (kind=<JNI global ref>, id=109, trace=300000)
ROOT 500000fd (kind=<JNI global ref>, id=10a, trace=300000)
ROOT 500000fe (kind=<JNI global ref>, id=10b, trace=300000)
ROOT 500000ff (kind=<JNI global ref>, id=10c, trace=300000)
ROOT 50000100 (kind=<JNI global ref>, id=10d, trace=300000)
ROOT 50000101 (kind=<JNI global ref>, id=10e, trace=300000)
ROOT 50000102 (kind=<JNI global ref>, id=10f, trace=300000)
ROOT 50000103 (kind=<JNI global ref>, id=110, trace=300000)
ROOT 50000104 (kind=<JNI global ref>, id=111, trace=300000)
ROOT 50000105 (kind=<JNI global ref>, id=112, trace=300000)
ROOT 50000106 (kind=<JNI global ref>, id=113, trace=300000)
ROOT 50000107 (kind=<JNI global ref>, id=114, trace=300000)
ROOT 50000108 (kind=<JNI global ref>, id=115, trace=300000)
ROOT 50000109 (kind=<JNI global ref>, id=116, trace=300000)
ROOT 5000010a (kind=<JNI global ref>, id=117, trace=300000)
ROOT 5000010b (kind=<JNI global ref>, id=118, trace=300000)
ROOT 5000010c (kind=<JNI global ref>, id=119, trace=300000)
ROOT 5000010d (kind=<JNI global ref>, id=11a, trace=300000)
ROOT 5000010e (kind=<JNI global ref>, id=11b, trace=300000)
ROOT 50000110 (kind=<JNI global ref>, id=11c, trace=300000)
ROOT 50000111 (kind=<JNI global ref>, id=11d, trace=300000)
ROOT 50000113 (kind=<JNI global ref>, id=11e, trace=300000)
ROOT 50000114 (kind=<JNI global ref>, id=11f, trace=300000)
ROOT 50000115 (kind=<JNI global ref>, id=120, trace=300000)
ROOT 5000011a (kind=<JNI global ref>, id=121, trace=300000)
ROOT 50000116 (kind=<JNI global ref>, id=122, trace=300000)
ROOT 50000117 (kind=<JNI global ref>, id=123, trace=300000)
ROOT 50000118 (kind=<JNI global ref>, id=124, trace=300000)
ROOT 50000119 (kind=<JNI global ref>, id=125, trace=300000)
ROOT 5000015e (kind=<JNI global ref>, id=126, trace=300000)
ROOT 5000011b (kind=<JNI global ref>, id=127, trace=300000)
ROOT 5000011c (kind=<JNI global ref>, id=128, trace=300000)
ROOT 5000011e (kind=<JNI global ref>, id=129, trace=300000)
ROOT 5000011f (kind=<JNI global ref>, id=12a, trace=300000)
ROOT 50000120 (kind=<JNI global ref>, id=12b, trace=300000)
ROOT 50000121 (kind=<JNI global ref>, id=12c, trace=300000)
ROOT 50000123 (kind=<JNI global ref>, id=12d, trace=300000)
ROOT 50000122 (kind=<JNI global ref>, id=12e, trace=300000)
ROOT 50000124 (kind=<JNI global ref>, id=12f, trace=300000)
ROOT 50000125 (kind=<JNI global ref>, id=130, trace=300000)
ROOT 50000128 (kind=<JNI global ref>, id=131, trace=300000)
ROOT 50000126 (kind=<JNI global ref>, id=132, trace=300000)
ROOT 50000127 (kind=<JNI global ref>, id=133, trace=300000)
ROOT 50000129 (kind=<JNI global ref>, id=134, trace=300000)
ROOT 5000012a (kind=<JNI global ref>, id=135, trace=300000)
ROOT 5000012b (kind=<JNI global ref>, id=136, trace=300000)
ROOT 5000012c (kind=<JNI global ref>, id=137, trace=300000)
ROOT 5000012d (kind=<JNI global ref>, id=138, trace=300000)
ROOT 5000012e (kind=<JNI global ref>, id=139, trace=300000)
ROOT 5000012f (kind=<JNI global ref>, id=13a, trace=300000)
ROOT 50000130 (kind=<JNI global ref>, id=13b, trace=300000)
ROOT 50000131 (kind=<JNI global ref>, id=13c, trace=300000)
ROOT 50000132 (kind=<JNI global ref>, id=13d, trace=300000)
ROOT 50000133 (kind=<JNI global ref>, id=13e, trace=300000)
ROOT 50000134 (kind=<JNI global ref>, id=13f, trace=300000)
ROOT 5000013c (kind=<JNI global ref>, id=140, trace=300000)
ROOT 50000135 (kind=<JNI global ref>, id=141, trace=300000)
ROOT 50000136 (kind=<JNI global ref>, id=142, trace=300000)
ROOT 50000137 (kind=<JNI global ref>, id=143, trace=300000)
ROOT 50000168 (kind=<JNI global ref>, id=144, trace=300000)
ROOT 50000139 (kind=<JNI global ref>, id=145, trace=300000)
ROOT 5000013a (kind=<JNI global ref>, id=146, trace=300000)
ROOT 5000013b (kind=<JNI global ref>, id=147, trace=300000)
ROOT 5000013d (kind=<JNI global ref>, id=148, trace=300000)
ROOT 5000013f (kind=<JNI global ref>, id=149, trace=300000)
ROOT 5000013e (kind=<JNI global ref>, id=14a, trace=300000)
ROOT 50000143 (kind=<JNI global ref>, id=14b, trace=300000)
ROOT 50000140 (kind=<JNI global ref>, id=14c, trace=300000)
ROOT 50000141 (kind=<JNI global ref>, id=14d, trace=300000)
ROOT 50000142 (kind=<JNI global ref>, id=14e, trace=300000)
ROOT 50000144 (kind=<JNI global ref>, id=14f, trace=300000)
ROOT 50000145 (kind=<JNI global ref>, id=150, trace=300000)
ROOT 50000146 (kind=<JNI global ref>, id=151, trace=300000)
ROOT 50000147 (kind=<JNI global ref>, id=152, trace=300000)
ROOT 50000148 (kind=<JNI global ref>, id=153, trace=300000)
ROOT 50000149 (kind=<JNI global ref>, id=154, trace=300000)
ROOT 5000014b (kind=<JNI global ref>, id=155, trace=300000)
ROOT 5000014d (kind=<JNI global ref>, id=156, trace=300000)
ROOT 50000150 (kind=<JNI global ref>, id=157, trace=300000)
ROOT 5000014e (kind=<JNI global ref>, id=158, trace=300000)
ROOT 5000014f (kind=<JNI global ref>, id=159, trace=300000)
ROOT 50000153 (kind=<JNI global ref>, id=15a, trace=300000)
ROOT 50000154 (kind=<JNI global ref>, id=15b, trace=300000)
ROOT 50000155 (kind=<JNI global ref>, id=15c, trace=300000)
ROOT 50000157 (kind=<JNI global ref>, id=15d, trace=300000)
ROOT 50000156 (kind=<JNI global ref>, id=15e, trace=300000)
ROOT 50000165 (kind=<JNI global ref>, id=15f, trace=300000)
ROOT 50000158 (kind=<JNI global ref>, id=160, trace=300000)
ROOT 50000159 (kind=<JNI global ref>, id=161, trace=300000)
ROOT 5000015a (kind=<JNI global ref>, id=162, trace=300000)
ROOT 5000015c (kind=<JNI global ref>, id=163, trace=300000)
ROOT 5000015d (kind=<JNI global ref>, id=164, trace=300000)
ROOT 5000015f (kind=<JNI global ref>, id=165, trace=300000)
ROOT 50000160 (kind=<JNI global ref>, id=166, trace=300000)
ROOT 50000161 (kind=<JNI global ref>, id=167, trace=300000)
ROOT 50000166 (kind=<JNI global ref>, id=168, trace=300000)
ROOT 50000164 (kind=<JNI global ref>, id=169, trace=300000)
ROOT 50000167 (kind=<JNI global ref>, id=16a, trace=300000)
ROOT 50000169 (kind=<JNI global ref>, id=16b, trace=300000)
ROOT 5000016a (kind=<JNI global ref>, id=16c, trace=300000)
ROOT 5000016b (kind=<JNI global ref>, id=16d, trace=300000)
ROOT 5000016c (kind=<JNI global ref>, id=16e, trace=300000)
ROOT 5000016d (kind=<JNI global ref>, id=16f, trace=300000)
ROOT 5000016e (kind=<JNI global ref>, id=170, trace=300000)
ROOT 5000016f (kind=<JNI global ref>, id=171, trace=300000)
ROOT 50000170 (kind=<JNI global ref>, id=172, trace=300000)
ROOT 50000171 (kind=<JNI global ref>, id=173, trace=300000)
ROOT 50000173 (kind=<JNI global ref>, id=174, trace=300000)
ROOT 50000174 (kind=<JNI global ref>, id=175, trace=300000)
ROOT 50000175 (kind=<JNI global ref>, id=176, trace=300000)
ROOT 50000176 (kind=<JNI global ref>, id=177, trace=300000)
ROOT 50000177 (kind=<JNI global ref>, id=178, trace=300000)
ROOT 50000178 (kind=<JNI global ref>, id=179, trace=300000)
ROOT 50000179 (kind=<JNI global ref>, id=17a, trace=300000)
ROOT 5000017a (kind=<JNI global ref>, id=17b, trace=300000)
ROOT 50000184 (kind=<JNI global ref>, id=17c, trace=300003)
ROOT 50000187 (kind=<JNI global ref>, id=17d, trace=300006)
ROOT 50000190 (kind=<JNI global ref>, id=17e, trace=300014)
ROOT 50000191 (kind=<JNI global ref>, id=17f, trace=300014)
ROOT 50000193 (kind=<JNI global ref>, id=180, trace=300016)
ROOT 50000195 (kind=<JNI global ref>, id=181, trace=300018)
ROOT 50000199 (kind=<JNI global ref>, id=182, trace=300021)
ROOT 5000019a (kind=<JNI global ref>, id=183, trace=300021)
ROOT 5000019b (kind=<JNI global ref>, id=184, trace=300022)
ROOT 5000019c (kind=<JNI global ref>, id=185, trace=300023)
ROOT 500001a1 (kind=<JNI global ref>, id=186, trace=300027)
ROOT 500001a3 (kind=<JNI global ref>, id=187, trace=300029)
ROOT 500001a7 (kind=<JNI global ref>, id=188, trace=300033)
ROOT 500001a9 (kind=<JNI global ref>, id=189, trace=300035)
ROOT 500001ab (kind=<JNI global ref>, id=18a, trace=300037)
ROOT 500001b2 (kind=<JNI global ref>, id=18b, trace=300000)
ROOT 500001b3 (kind=<JNI global ref>, id=18c, trace=300042)
ROOT 500001b5 (kind=<JNI global ref>, id=18d, trace=300044)
ROOT 500001ba (kind=<JNI global ref>, id=18e, trace=300046)
ROOT 500001c5 (kind=<JNI global ref>, id=18f, trace=300054)
ROOT 500001d3 (kind=<JNI global ref>, id=190, trace=300066)
ROOT 500001d5 (kind=<JNI global ref>, id=191, trace=300068)
ROOT 500001e2 (kind=<JNI global ref>, id=192, trace=300077)
ROOT 5000020f (kind=<JNI global ref>, id=193, trace=300113)
ROOT 50000212 (kind=<JNI global ref>, id=194, trace=300116)
ROOT 50000214 (kind=<JNI global ref>, id=195, trace=300118)
ROOT 50000215 (kind=<JNI global ref>, id=196, trace=300119)
ROOT 5000021f (kind=<JNI global ref>, id=197, trace=300128)
ROOT 50000220 (kind=<JNI global ref>, id=198, trace=300128)
ROOT 5000022a (kind=<JNI global ref>, id=199, trace=300137)
ROOT 5000022c (kind=<JNI global ref>, id=19a, trace=300139)
ROOT 50000233 (kind=<JNI global ref>, id=19b, trace=300146)
ROOT 50000236 (kind=<JNI global ref>, id=19c, trace=300000)
ROOT 50000238 (kind=<JNI global ref>, id=19d, trace=300149)
ROOT 50000242 (kind=<JNI global ref>, id=19e, trace=300153)
ROOT 5000024d (kind=<JNI global ref>, id=19f, trace=300161)
ROOT 50000253 (kind=<JNI global ref>, id=1a0, trace=300167)
ROOT 50000259 (kind=<JNI global ref>, id=1a1, trace=300172)
ROOT 5000025b (kind=<JNI global ref>, id=1a2, trace=300174)
ROOT 5000025c (kind=<JNI global ref>, id=1a3, trace=300174)
ROOT 5000025d (kind=<JNI global ref>, id=1a4, trace=300175)
ROOT 5000025e (kind=<JNI global ref>, id=1a5, trace=300175)
ROOT 5000025f (kind=<JNI global ref>, id=1a6, trace=300176)
ROOT 50000260 (kind=<JNI global ref>, id=1a7, trace=300176)
ROOT 50000275 (kind=<JNI global ref>, id=1a8, trace=300195)
ROOT 50000276 (kind=<JNI global ref>, id=1a9, trace=300196)
ROOT 50000277 (kind=<JNI global ref>, id=1aa, trace=300196)
ROOT 5000027a (kind=<JNI global ref>, id=1ab, trace=300199)
ROOT 5000027f (kind=<JNI global ref>, id=1ac, trace=300203)
ROOT 50000478 (kind=<JNI global ref>, id=1ad, trace=300225)
ROOT 5000047a (kind=<JNI global ref>, id=1ae, trace=300227)
ROOT 5000048f (kind=<JNI global ref>, id=1af, trace=300241)
ROOT 50000490 (kind=<JNI global ref>, id=1b0, trace=300242)
ROOT 50000491 (kind=<JNI global ref>, id=1b1, trace=300242)
ROOT 5000049b (kind=<JNI global ref>, id=1b2, trace=300248)
ROOT 5000049f (kind=<JNI global ref>, id=1b3, trace=300249)
ROOT 500004aa (kind=<JNI global ref>, id=1b4, trace=300128)
ROOT 500004c0 (kind=<JNI global ref>, id=1b5, trace=300128)
ROOT 500004d2 (kind=<JNI global ref>, id=1b6, trace=300128)
ROOT 500004e4 (kind=<JNI global ref>, id=1b7, trace=300128)
ROOT 500004f4 (kind=<JNI global ref>, id=1b8, trace=300261)
ROOT 500004f5 (kind=<JNI global ref>, id=1b9, trace=300261)
ROOT 500004f6 (kind=<JNI global ref>, id=1ba, trace=300261)
ROOT 500004f9 (kind=<JNI global ref>, id=1bb, trace=300264)
ROOT 500004fb (kind=<JNI global ref>, id=1bc, trace=300266)
ROOT 500004fc (kind=<JNI global ref>, id=1bd, trace=300267)
ROOT 500004fe (kind=<JNI global ref>, id=1be, trace=300269)
ROOT 50000500 (kind=<JNI global ref>, id=1bf, trace=300271)
ROOT 50000502 (kind=<JNI global ref>, id=1c0, trace=300273)
ROOT 50000503 (kind=<JNI global ref>, id=1c1, trace=300273)
ROOT 50000504 (kind=<JNI global ref>, id=1c2, trace=300273)
ROOT 50000112 (kind=<JNI global ref>, id=1c3, trace=300000)
ROOT 50000502 (kind=<JNI global ref>, id=1c4, trace=300273)
ROOT 50000504 (kind=<JNI global ref>, id=1c5, trace=300273)
ROOT 50000507 (kind=<JNI global ref>, id=1c6, trace=300276)
ROOT 50000508 (kind=<JNI global ref>, id=1c7, trace=300276)
ROOT 50000519 (kind=<JNI global ref>, id=1c8, trace=300283)
ROOT 50000521 (kind=<JNI global ref>, id=1c9, trace=300288)
ROOT 50000552 (kind=<JNI global ref>, id=1ca, trace=300331)
ROOT 50000558 (kind=<JNI global ref>, id=1cb, trace=300336)
ROOT 50000559 (kind=<JNI global ref>, id=1cc, trace=300336)
ROOT 5000055e (kind=<JNI global ref>, id=1cd, trace=300341)
ROOT 50000562 (kind=<JNI global ref>, id=1ce, trace=300344)
ROOT 50000588 (kind=<JNI global ref>, id=1cf, trace=300367)
ROOT 50000589 (kind=<JNI global ref>, id=1d0, trace=300367)
ROOT 50000597 (kind=<JNI global ref>, id=1d1, trace=300376)
ROOT 5000059b (kind=<JNI global ref>, id=1d2, trace=300380)
ROOT 500005aa (kind=<JNI global ref>, id=1d3, trace=300388)
ROOT 500005bd (kind=<JNI global ref>, id=1d4, trace=300407)
ROOT 500005c7 (kind=<JNI global ref>, id=1d5, trace=300410)
ROOT 500005cc (kind=<JNI global ref>, id=1d6, trace=300415)
ROOT 500005cd (kind=<JNI global ref>, id=1d7, trace=300416)
ROOT 500005cf (kind=<JNI global ref>, id=1d8, trace=300417)
ROOT 500005d8 (kind=<JNI global ref>, id=1d9, trace=300426)
ROOT 500005dd (kind=<JNI global ref>, id=1da, trace=300431)
ROOT 500005f0 (kind=<JNI global ref>, id=1db, trace=300445)
ROOT 500005f1 (kind=<JNI global ref>, id=1dc, trace=300446)
ROOT 500005f2 (kind=<JNI global ref>, id=1dd, trace=300446)
ROOT 500005f3 (kind=<JNI global ref>, id=1de, trace=300446)
ROOT 500005f4 (kind=<JNI global ref>, id=1df, trace=300447)
ROOT 500005f5 (kind=<JNI global ref>, id=1e0, trace=300448)
ROOT 500005f6 (kind=<JNI global ref>, id=1e1, trace=300449)
ROOT 500005f7 (kind=<JNI global ref>, id=1e2, trace=300449)
ROOT 500005fa (kind=<JNI global ref>, id=1e3, trace=300452)
ROOT 500005ff (kind=<JNI global ref>, id=1e4, trace=300457)
ROOT 50000600 (kind=<JNI global ref>, id=1e5, trace=300458)
ROOT 50000602 (kind=<JNI global ref>, id=1e6, trace=300459)
ROOT 50000603 (kind=<JNI global ref>, id=1e7, trace=300459)
ROOT 50000604 (kind=<JNI global ref>, id=1e8, trace=300459)
ROOT 50000606 (kind=<JNI global ref>, id=1e9, trace=300461)
ROOT 50000607 (kind=<JNI global ref>, id=1ea, trace=300461)
ROOT 50000608 (kind=<JNI global ref>, id=1eb, trace=300462)
ROOT 50000609 (kind=<JNI global ref>, id=1ec, trace=300463)
ROOT 5000060a (kind=<JNI global ref>, id=1ed, trace=300464)
ROOT 5000060c (kind=<JNI global ref>, id=1ee, trace=300466)
ROOT 50000613 (kind=<JNI global ref>, id=1ef, trace=300473)
ROOT 50000615 (kind=<JNI global ref>, id=1f0, trace=300475)
ROOT 50000619 (kind=<JNI global ref>, id=1f1, trace=300477)
ROOT 5000061b (kind=<JNI global ref>, id=1f2, trace=300479)
ROOT 5000061d (kind=<JNI global ref>, id=1f3, trace=300481)
ROOT 50000623 (kind=<JNI global ref>, id=1f4, trace=300484)
ROOT 50000625 (kind=<JNI global ref>, id=1f5, trace=300486)
ROOT 50000626 (kind=<JNI global ref>, id=1f6, trace=300487)
ROOT 50000637 (kind=<JNI global ref>, id=1f7, trace=300501)
ROOT 500006f8 (kind=<JNI global ref>, id=1f8, trace=300522)
ROOT 500006fa (kind=<JNI global ref>, id=1f9, trace=300524)
ROOT 500006fb (kind=<JNI global ref>, id=1fa, trace=300524)
ROOT 50000703 (kind=<JNI global ref>, id=1fb, trace=300528)
ROOT 5000070c (kind=<JNI global ref>, id=1fc, trace=300537)
ROOT 5000070f (kind=<JNI global ref>, id=1fd, trace=300540)
ROOT 50000710 (kind=<JNI global ref>, id=1fe, trace=300540)
ROOT 50000717 (kind=<JNI global ref>, id=1ff, trace=300547)
ROOT 50000719 (kind=<JNI global ref>, id=200, trace=300549)
ROOT 5000071d (kind=<JNI global ref>, id=201, trace=300553)
ROOT 5000071e (kind=<JNI global ref>, id=202, trace=300553)
ROOT 5000074c (kind=<JNI global ref>, id=203, trace=300563)
ROOT 5000074f (kind=<JNI global ref>, id=204, trace=300565)
ROOT 50000756 (kind=<JNI global ref>, id=205, trace=300572)
ROOT 5000075b (kind=<JNI global ref>, id=206, trace=300575)
ROOT 50000788 (kind=<JNI global ref>, id=207, trace=300581)
ROOT 500007ab (kind=<JNI global ref>, id=208, trace=300597)
ROOT 500007af (kind=<JNI global ref>, id=209, trace=300601)
ROOT 500007b0 (kind=<JNI global ref>, id=20a, trace=300601)
ROOT 500007e2 (kind=<JNI global ref>, id=20b, trace=300626)
ROOT 500007e3 (kind=<JNI global ref>, id=20c, trace=300626)
ROOT 500007e4 (kind=<JNI global ref>, id=20d, trace=300626)
ROOT 500007e9 (kind=<JNI global ref>, id=20e, trace=300631)
ROOT 500007f9 (kind=<JNI global ref>, id=20f, trace=300640)
ROOT 500007fd (kind=<JNI global ref>, id=210, trace=300644)
ROOT 50000804 (kind=<JNI global ref>, id=211, trace=300647)
ROOT 50000818 (kind=<JNI global ref>, id=212, trace=300653)
ROOT 50000819 (kind=<JNI global ref>, id=213, trace=300654)
ROOT 5000081b (kind=<JNI global ref>, id=214, trace=300656)
ROOT 50000854 (kind=<JNI global ref>, id=215, trace=300673)
ROOT 50000855 (kind=<JNI global ref>, id=216, trace=300674)
ROOT 50000857 (kind=<JNI global ref>, id=217, trace=300676)
ROOT 50000859 (kind=<JNI global ref>, id=218, trace=300678)
ROOT 50000869 (kind=<JNI global ref>, id=219, trace=300680)
ROOT 5000086b (kind=<JNI global ref>, id=21a, trace=300682)
ROOT 500008c9 (kind=<JNI global ref>, id=21b, trace=300673)
ROOT 50000917 (kind=<JNI global ref>, id=21c, trace=300673)
ROOT 5000095e (kind=<JNI global ref>, id=21d, trace=300673)
ROOT 50000966 (kind=<JNI global ref>, id=21e, trace=300693)
ROOT 500009bc (kind=<JNI global ref>, id=21f, trace=300673)
ROOT 500009c1 (kind=<JNI global ref>, id=220, trace=300680)
ROOT 500009c2 (kind=<JNI global ref>, id=221, trace=300680)
ROOT 50000a18 (kind=<JNI global ref>, id=222, trace=300673)
ROOT 50000a69 (kind=<JNI global ref>, id=223, trace=300673)
ROOT 50000aaf (kind=<JNI global ref>, id=224, trace=300673)
ROOT 50000ab8 (kind=<JNI global ref>, id=225, trace=300680)
ROOT 50000ad7 (kind=<JNI global ref>, id=226, trace=300680)
ROOT 50000b36 (kind=<JNI global ref>, id=227, trace=300673)
ROOT 50000b92 (kind=<JNI global ref>, id=228, trace=300673)
ROOT 50000bd9 (kind=<JNI global ref>, id=229, trace=300673)
ROOT 50000c20 (kind=<JNI global ref>, id=22a, trace=300673)
ROOT 50000c67 (kind=<JNI global ref>, id=22b, trace=300673)
ROOT 50000cae (kind=<JNI global ref>, id=22c, trace=300673)
ROOT 50000cf4 (kind=<JNI global ref>, id=22d, trace=300673)
ROOT 50000d3b (kind=<JNI global ref>, id=22e, trace=300673)
ROOT 50000d82 (kind=<JNI global ref>, id=22f, trace=300673)
ROOT 50000dc8 (kind=<JNI global ref>, id=230, trace=300673)
ROOT 50000e0e (kind=<JNI global ref>, id=231, trace=300673)
ROOT 50000e54 (kind=<JNI global ref>, id=232, trace=300673)
ROOT 50000e9c (kind=<JNI global ref>, id=233, trace=300673)
ROOT 50000ee3 (kind=<JNI global ref>, id=234, trace=300673)
ROOT 50000f2a (kind=<JNI global ref>, id=235, trace=300673)
ROOT 50000f71 (kind=<JNI global ref>, id=236, trace=300673)
ROOT 50000fb8 (kind=<JNI global ref>, id=237, trace=300673)
ROOT 50001017 (kind=<JNI global ref>, id=238, trace=300673)
ROOT 5000105e (kind=<JNI global ref>, id=239, trace=300673)
ROOT 500010a5 (kind=<JNI global ref>, id=23a, trace=300673)
ROOT 500010ec (kind=<JNI global ref>, id=23b, trace=300673)
ROOT 50001133 (kind=<JNI global ref>, id=23c, trace=300673)
ROOT 50001179 (kind=<JNI global ref>, id=23d, trace=300673)
ROOT 500011c0 (kind=<JNI global ref>, id=23e, trace=300673)
ROOT 50001207 (kind=<JNI global ref>, id=23f, trace=300673)
ROOT 5000124e (kind=<JNI global ref>, id=240, trace=300673)
ROOT 50001295 (kind=<JNI global ref>, id=241, trace=300673)
ROOT 500012dc (kind=<JNI global ref>, id=242, trace=300673)
ROOT 50001323 (kind=<JNI global ref>, id=243, trace=300673)
ROOT 5000136a (kind=<JNI global ref>, id=244, trace=300673)
ROOT 500013b5 (kind=<JNI global ref>, id=245, trace=300673)
ROOT 500013bd (kind=<JNI global ref>, id=246, trace=300712)
ROOT 500013c3 (kind=<JNI global ref>, id=247, trace=300717)
ROOT 5000140d (kind=<JNI global ref>, id=248, trace=300673)
ROOT 50001410 (kind=<JNI global ref>, id=249, trace=300722)
ROOT 50001477 (kind=<JNI global ref>, id=24a, trace=300673)
ROOT 500014c0 (kind=<JNI global ref>, id=24b, trace=300673)
ROOT 50001506 (kind=<JNI global ref>, id=24c, trace=300673)
ROOT 50001537 (kind=<JNI global ref>, id=24d, trace=300757)
ROOT 500015ef (kind=<JNI global ref>, id=24e, trace=300680)
ROOT 50001601 (kind=<JNI global ref>, id=24f, trace=300680)
ROOT 5000161f (kind=<JNI global ref>, id=250, trace=300802)
ROOT 50001625 (kind=<JNI global ref>, id=251, trace=300680)
ROOT 5000162d (kind=<JNI global ref>, id=252, trace=300807)
ROOT 50001630 (kind=<JNI global ref>, id=253, trace=300810)
ROOT 50001632 (kind=<JNI global ref>, id=254, trace=300812)
ROOT 50001634 (kind=<JNI global ref>, id=255, trace=300814)
ROOT 50001637 (kind=<JNI global ref>, id=256, trace=300817)
ROOT 50001681 (kind=<JNI global ref>, id=257, trace=300673)
ROOT 500016e2 (kind=<JNI global ref>, id=258, trace=300680)
ROOT 500016e3 (kind=<JNI global ref>, id=259, trace=300680)
ROOT 500016e4 (kind=<JNI global ref>, id=25a, trace=300680)
ROOT 5000172d (kind=<JNI global ref>, id=25b, trace=300673)
ROOT 5000172e (kind=<JNI global ref>, id=25c, trace=300673)
ROOT 50001733 (kind=<JNI global ref>, id=25d, trace=300680)
ROOT 50001738 (kind=<JNI global ref>, id=25e, trace=300680)
ROOT 5000177e (kind=<JNI global ref>, id=25f, trace=300673)
ROOT 50001813 (kind=<JNI global ref>, id=260, trace=300673)
ROOT 50001814 (kind=<JNI global ref>, id=261, trace=300673)
ROOT 50001821 (kind=<JNI global ref>, id=262, trace=300680)
ROOT 50001826 (kind=<JNI global ref>, id=263, trace=300680)
ROOT 5000186c (kind=<JNI global ref>, id=264, trace=300673)
ROOT 50001871 (kind=<JNI global ref>, id=265, trace=300680)
ROOT 50001872 (kind=<JNI global ref>, id=266, trace=300680)
ROOT 5000187b (kind=<JNI global ref>, id=267, trace=300680)
ROOT 500018db (kind=<JNI global ref>, id=268, trace=300673)
ROOT 50001921 (kind=<JNI global ref>, id=269, trace=300673)
ROOT 5000196c (kind=<JNI global ref>, id=26a, trace=300673)
ROOT 500019b3 (kind=<JNI global ref>, id=26b, trace=300673)
ROOT 500019fa (kind=<JNI global ref>, id=26c, trace=300673)
ROOT 50001a03 (kind=<JNI global ref>, id=26d, trace=300680)
ROOT 50001a08 (kind=<JNI global ref>, id=26e, trace=300680)
ROOT 50001a19 (kind=<JNI global ref>, id=26f, trace=300824)
ROOT 50001a6a (kind=<JNI global ref>, id=270, trace=300673)
ROOT 50001ac3 (kind=<JNI global ref>, id=271, trace=300673)
ROOT 50001b09 (kind=<JNI global ref>, id=272, trace=300673)
ROOT 50001b12 (kind=<JNI global ref>, id=273, trace=300680)
ROOT 50001b17 (kind=<JNI global ref>, id=274, trace=300680)
ROOT 50001b5e (kind=<JNI global ref>, id=275, trace=300673)
ROOT 50001b63 (kind=<JNI global ref>, id=276, trace=300680)
ROOT 50001bf4 (kind=<JNI global ref>, id=277, trace=300673)
ROOT 50001bf5 (kind=<JNI global ref>, id=278, trace=300673)
ROOT 50001c3b (kind=<JNI global ref>, id=279, trace=300673)
ROOT 50001c82 (kind=<JNI global ref>, id=27a, trace=300673)
ROOT 50001c8b (kind=<JNI global ref>, id=27b, trace=300680)
ROOT 50001c90 (kind=<JNI global ref>, id=27c, trace=300680)
ROOT 50001ce2 (kind=<JNI global ref>, id=27d, trace=300673)
ROOT 50001d2d (kind=<JNI global ref>, id=27e, trace=300673)
ROOT 50001d74 (kind=<JNI global ref>, id=27f, trace=300673)
ROOT 50001e02 (kind=<JNI global ref>, id=280, trace=300673)
ROOT 50001e03 (kind=<JNI global ref>, id=281, trace=300673)
ROOT 50001e08 (kind=<JNI global ref>, id=282, trace=300680)
ROOT 50001e0d (kind=<JNI global ref>, id=283, trace=300680)
ROOT 50001e5e (kind=<JNI global ref>, id=284, trace=300673)
ROOT 50001e64 (kind=<JNI global ref>, id=285, trace=300680)
ROOT 50001e65 (kind=<JNI global ref>, id=286, trace=300844)
ROOT 50001e6a (kind=<JNI global ref>, id=287, trace=300849)
ROOT 50001e6b (kind=<JNI global ref>, id=288, trace=300850)
ROOT 50001e6e (kind=<JNI global ref>, id=289, trace=300853)
ROOT 50001e70 (kind=<JNI global ref>, id=28a, trace=300855)
ROOT 50001e72 (kind=<JNI global ref>, id=28b, trace=300857)
ROOT 50001e74 (kind=<JNI global ref>, id=28c, trace=300859)
ROOT 50001e75 (kind=<JNI global ref>, id=28d, trace=300859)
ROOT 50001e7d (kind=<JNI global ref>, id=28e, trace=300865)
ROOT 50001e7f (kind=<JNI global ref>, id=28f, trace=300866)
ROOT 50001e80 (kind=<JNI global ref>, id=290, trace=300867)
ROOT 500020e4 (kind=<JNI global ref>, id=291, trace=300952)
ROOT 500020e6 (kind=<JNI global ref>, id=292, trace=300954)
ROOT 500020e8 (kind=<JNI global ref>, id=293, trace=300956)
ROOT 500020ea (kind=<JNI global ref>, id=294, trace=300958)
ROOT 500020ec (kind=<JNI global ref>, id=295, trace=300960)
ROOT 5000217d (kind=<JNI global ref>, id=296, trace=300963)
ROOT 5000225f (kind=<JNI global ref>, id=297, trace=300965)
ROOT 50002261 (kind=<JNI global ref>, id=298, trace=300967)
ROOT 5000226c (kind=<JNI global ref>, id=299, trace=300973)
ROOT 50002271 (kind=<JNI global ref>, id=29a, trace=300978)
ROOT 50002273 (kind=<JNI global ref>, id=29b, trace=300980)
ROOT 50002274 (kind=<JNI global ref>, id=29c, trace=300980)
ROOT 50002276 (kind=<JNI global ref>, id=29d, trace=300982)
ROOT 50002277 (kind=<JNI global ref>, id=29e, trace=300982)
ROOT 5000227f (kind=<JNI global ref>, id=29f, trace=300990)
ROOT 5000018a (kind=<JNI global ref>, id=2a0, trace=300680)
ROOT 5000018b (kind=<JNI global ref>, id=2a1, trace=300673)
ROOT 500001bc (kind=<JNI global ref>, id=2a2, trace=301004)
ROOT 50000254 (kind=<JNI global ref>, id=2a3, trace=301018)
ROOT 50000256 (kind=<JNI global ref>, id=2a4, trace=301020)
ROOT 50000375 (kind=<JNI global ref>, id=2a5, trace=300673)
ROOT 50000376 (kind=<JNI global ref>, id=2a6, trace=300673)
ROOT 50000423 (kind=<JNI global ref>, id=2a7, trace=300673)
ROOT 50000477 (kind=<JNI global ref>, id=2a8, trace=300673)
ROOT 50000479 (kind=<JNI global ref>, id=2a9, trace=300673)
ROOT 500004e2 (kind=<JNI global ref>, id=2aa, trace=300673)
ROOT 500006fc (kind=<JNI global ref>, id=2ab, trace=300673)
ROOT 5000070a (kind=<JNI global ref>, id=2ac, trace=300673)
ROOT 500007d3 (kind=<JNI global ref>, id=2ad, trace=300673)
ROOT 500007d4 (kind=<JNI global ref>, id=2ae, trace=300673)
ROOT 50000839 (kind=<JNI global ref>, id=2af, trace=300673)
ROOT 500008af (kind=<JNI global ref>, id=2b0, trace=300673)
ROOT 50000905 (kind=<JNI global ref>, id=2b1, trace=300673)
ROOT 50000953 (kind=<JNI global ref>, id=2b2, trace=300673)
ROOT 50000959 (kind=<JNI global ref>, id=2b3, trace=301032)
ROOT 500009d6 (kind=<JNI global ref>, id=2b4, trace=300673)
ROOT 500009d9 (kind=<JNI global ref>, id=2b5, trace=301037)
ROOT 500009e6 (kind=<JNI global ref>, id=2b6, trace=300680)
ROOT 500009e7 (kind=<JNI global ref>, id=2b7, trace=301039)
ROOT 50000a39 (kind=<JNI global ref>, id=2b8, trace=300673)
ROOT 50000a48 (kind=<JNI global ref>, id=2b9, trace=301049)
ROOT 50000aac (kind=<JNI global ref>, id=2ba, trace=300680)
ROOT 50000aad (kind=<JNI global ref>, id=2bb, trace=300680)
ROOT 50000b20 (kind=<JNI global ref>, id=2bc, trace=300673)
ROOT 50000b21 (kind=<JNI global ref>, id=2bd, trace=300673)
ROOT 50000b86 (kind=<JNI global ref>, id=2be, trace=300673)
ROOT 50000bdf (kind=<JNI global ref>, id=2bf, trace=300680)
ROOT 50000be0 (kind=<JNI global ref>, id=2c0, trace=300673)
ROOT 50000c33 (kind=<JNI global ref>, id=2c1, trace=300680)
ROOT 50000c34 (kind=<JNI global ref>, id=2c2, trace=300680)
ROOT 50000c35 (kind=<JNI global ref>, id=2c3, trace=300680)
ROOT 50000c89 (kind=<JNI global ref>, id=2c4, trace=300673)
ROOT 50000c8a (kind=<JNI global ref>, id=2c5, trace=300673)
ROOT 50000cdd (kind=<JNI global ref>, id=2c6, trace=300680)
ROOT 50000cde (kind=<JNI global ref>, id=2c7, trace=300673)
ROOT 50000d33 (kind=<JNI global ref>, id=2c8, trace=300680)
ROOT 50000d34 (kind=<JNI global ref>, id=2c9, trace=300673)
ROOT 50000d8a (kind=<JNI global ref>, id=2ca, trace=300680)
ROOT 50000d8b (kind=<JNI global ref>, id=2cb, trace=300673)
ROOT 50000ddf (kind=<JNI global ref>, id=2cc, trace=300680)
ROOT 50000de0 (kind=<JNI global ref>, id=2cd, trace=300680)
ROOT 50000de1 (kind=<JNI global ref>, id=2ce, trace=300673)
ROOT 50000e2d (kind=<JNI global ref>, id=2cf, trace=300673)
ROOT 50000e7c (kind=<JNI global ref>, id=2d0, trace=300673)
ROOT 50000ecf (kind=<JNI global ref>, id=2d1, trace=300680)
ROOT 50000ed4 (kind=<JNI global ref>, id=2d2, trace=300680)
ROOT 50000ed5 (kind=<JNI global ref>, id=2d3, trace=300673)
ROOT 50000f26 (kind=<JNI global ref>, id=2d4, trace=300673)
ROOT 50000f33 (kind=<JNI global ref>, id=2d5, trace=301061)
ROOT 50000f8f (kind=<JNI global ref>, id=2d6, trace=300673)
ROOT 50000ff4 (kind=<JNI global ref>, id=2d7, trace=300673)
ROOT 50001004 (kind=<JNI global ref>, id=2d8, trace=300680)
ROOT 5000106f (kind=<JNI global ref>, id=2d9, trace=300673)
ROOT 50001072 (kind=<JNI global ref>, id=2da, trace=301083)
ROOT 500010c2 (kind=<JNI global ref>, id=2db, trace=300673)
ROOT 500010c9 (kind=<JNI global ref>, id=2dc, trace=300680)
ROOT 50001165 (kind=<JNI global ref>, id=2dd, trace=300680)
ROOT 50001166 (kind=<JNI global ref>, id=2de, trace=300673)
ROOT 500011b5 (kind=<JNI global ref>, id=2df, trace=300673)
ROOT 500011d2 (kind=<JNI global ref>, id=2e0, trace=301096)
ROOT 5000128d (kind=<JNI global ref>, id=2e1, trace=300673)
ROOT 5000128e (kind=<JNI global ref>, id=2e2, trace=300673)
ROOT 500012db (kind=<JNI global ref>, id=2e3, trace=300673)
ROOT 50001444 (kind=<JNI global ref>, id=2e4, trace=300673)
ROOT 50001445 (kind=<JNI global ref>, id=2e5, trace=300673)
ROOT 50001446 (kind=<JNI global ref>, id=2e6, trace=300673)
ROOT 50001447 (kind=<JNI global ref>, id=2e7, trace=300673)
ROOT 5000149e (kind=<JNI global ref>, id=2e8, trace=300673)
ROOT 500014ec (kind=<JNI global ref>, id=2e9, trace=300673)
ROOT 50001600 (kind=<JNI global ref>, id=2ea, trace=300673)
ROOT 5000167b (kind=<JNI global ref>, id=2eb, trace=300673)
ROOT 5000167e (kind=<JNI global ref>, id=2ec, trace=301104)
ROOT 500016ec (kind=<JNI global ref>, id=2ed, trace=300673)
ROOT 50001744 (kind=<JNI global ref>, id=2ee, trace=300673)
ROOT 50001799 (kind=<JNI global ref>, id=2ef, trace=300673)
ROOT 500017e4 (kind=<JNI global ref>, id=2f0, trace=300673)
ROOT 500017e9 (kind=<JNI global ref>, id=2f1, trace=300680)
ROOT 500017ea (kind=<JNI global ref>, id=2f2, trace=300680)
ROOT 50001848 (kind=<JNI global ref>, id=2f3, trace=300673)
ROOT 500018c0 (kind=<JNI global ref>, id=2f4, trace=300673)
ROOT 50001910 (kind=<JNI global ref>, id=2f5, trace=300673)
ROOT 500019b0 (kind=<JNI global ref>, id=2f6, trace=300673)
ROOT 500019b1 (kind=<JNI global ref>, id=2f7, trace=300673)
ROOT 50001a7c (kind=<JNI global ref>, id=2f8, trace=300673)
ROOT 50001a7d (kind=<JNI global ref>, id=2f9, trace=300673)
ROOT 50001ad6 (kind=<JNI global ref>, id=2fa, trace=300673)
ROOT 50001b35 (kind=<JNI global ref>, id=2fb, trace=300673)
ROOT 50001b93 (kind=<JNI global ref>, id=2fc, trace=300673)
ROOT 50001be5 (kind=<JNI global ref>, id=2fd, trace=300680)
ROOT 50001be8 (kind=<JNI global ref>, id=2fe, trace=300673)
ROOT 50001c37 (kind=<JNI global ref>, id=2ff, trace=300673)
ROOT 50001c98 (kind=<JNI global ref>, id=300, trace=300673)
ROOT 50001d8a (kind=<JNI global ref>, id=301, trace=300673)
ROOT 50001d8b (kind=<JNI global ref>, id=302, trace=300673)
ROOT 50001dd7 (kind=<JNI global ref>, id=303, trace=300673)
ROOT 50001dd8 (kind=<JNI global ref>, id=304, trace=300673)
ROOT 50001e3c (kind=<JNI global ref>, id=305, trace=300673)
ROOT 50001e42 (kind=<JNI global ref>, id=306, trace=301112)
ROOT 50001eb2 (kind=<JNI global ref>, id=307, trace=300673)
ROOT 50001fd7 (kind=<JNI global ref>, id=308, trace=301115)
ROOT 5000204c (kind=<JNI global ref>, id=309, trace=300673)
ROOT 5000018c (kind=<JNI global ref>, id=30a, trace=300000)
ROOT 500001aa (kind=<JNI global ref>, id=30b, trace=300680)
ROOT 500001c0 (kind=<JNI global ref>, id=30c, trace=300680)
ROOT 500001cd (kind=<JNI global ref>, id=30d, trace=301855)
ROOT 500001d1 (kind=<JNI global ref>, id=30e, trace=301858)
ROOT 500001d6 (kind=<JNI global ref>, id=30f, trace=301861)
ROOT 500001d8 (kind=<JNI global ref>, id=310, trace=301862)
ROOT 500001f2 (kind=<JNI global ref>, id=311, trace=301871)
ROOT 5000020d (kind=<JNI global ref>, id=312, trace=301883)
ROOT 50000219 (kind=<JNI global ref>, id=313, trace=301886)
ROOT 5000021a (kind=<JNI global ref>, id=314, trace=301887)
ROOT 5000021b (kind=<JNI global ref>, id=315, trace=301887)
ROOT 5000021c (kind=<JNI global ref>, id=316, trace=301887)
ROOT 500002f3 (kind=<JNI global ref>, id=317, trace=301905)
ROOT 50000315 (kind=<JNI global ref>, id=318, trace=301917)
ROOT 500003af (kind=<JNI global ref>, id=319, trace=300673)
ROOT 500003b5 (kind=<JNI global ref>, id=31a, trace=301928)
ROOT 500003b7 (kind=<JNI global ref>, id=31b, trace=301929)
ROOT 500003bd (kind=<JNI global ref>, id=31c, trace=301931)
ROOT 500003c2 (kind=<JNI global ref>, id=31d, trace=300000)
ROOT 500003c3 (kind=<JNI global ref>, id=31e, trace=300000)
ROOT 500003d7 (kind=<unknown>)
ROOT 500003d8 (kind=<unknown>)
ROOT 500003d9 (kind=<unknown>)
ROOT 500003da (kind=<unknown>)
ROOT 500003db (kind=<unknown>)
ROOT 500003dc (kind=<unknown>)
ROOT 500003dd (kind=<unknown>)
ROOT 500003de (kind=<unknown>)
ROOT 500003df (kind=<unknown>)
ROOT 500003e3 (kind=<unknown>)
ROOT 500003e5 (kind=<unknown>)
ROOT 500003e6 (kind=<unknown>)
ROOT 500003e7 (kind=<unknown>)
ROOT 500003e8 (kind=<unknown>)
ROOT 500003e9 (kind=<unknown>)
ROOT 500003ea (kind=<unknown>)
ROOT 500003eb (kind=<unknown>)
ROOT 500003ec (kind=<unknown>)
ROOT 500003ed (kind=<unknown>)
ROOT 500003ee (kind=<unknown>)
ROOT 500003ef (kind=<unknown>)
ROOT 500003f0 (kind=<unknown>)
ROOT 500003f1 (kind=<unknown>)
ROOT 500003ff (kind=<unknown>)
ROOT 50000400 (kind=<unknown>)
ROOT 50000401 (kind=<unknown>)
ROOT 50000402 (kind=<unknown>)
ROOT 50000403 (kind=<unknown>)
ROOT 50000404 (kind=<unknown>)
ROOT 50000405 (kind=<unknown>)
ROOT 50000406 (kind=<unknown>)
ROOT 50000407 (kind=<unknown>)
ROOT 5000040b (kind=<unknown>)
ROOT 5000040d (kind=<unknown>)
ROOT 5000040e (kind=<unknown>)
ROOT 5000040f (kind=<unknown>)
ROOT 50000410 (kind=<unknown>)
ROOT 50000411 (kind=<unknown>)
ROOT 50000412 (kind=<unknown>)
ROOT 50000413 (kind=<unknown>)
ROOT 50000416 (kind=<unknown>)
ROOT 50000417 (kind=<unknown>)
ROOT 50000418 (kind=<unknown>)
ROOT 50000419 (kind=<unknown>)
ROOT 5000041a (kind=<unknown>)
ROOT 5000041b (kind=<unknown>)
ROOT 5000041c (kind=<unknown>)
ROOT 5000041d (kind=<unknown>)
ROOT 5000041e (kind=<unknown>)
ROOT 5000041f (kind=<unknown>)
ROOT 50000420 (kind=<unknown>)
ROOT 5000042a (kind=<unknown>)
ROOT 5000042b (kind=<unknown>)
ROOT 5000042c (kind=<unknown>)
ROOT 5000042d (kind=<unknown>)
ROOT 5000042e (kind=<unknown>)
ROOT 5000042f (kind=<unknown>)
ROOT 50000430 (kind=<unknown>)
ROOT 50000434 (kind=<unknown>)
ROOT 50000436 (kind=<unknown>)
ROOT 50000437 (kind=<unknown>)
ROOT 50000438 (kind=<unknown>)
ROOT 50000439 (kind=<unknown>)
ROOT 5000043a (kind=<unknown>)
ROOT 5000043b (kind=<unknown>)
ROOT 5000043c (kind=<unknown>)
ROOT 5000043d (kind=<unknown>)
ROOT 5000043e (kind=<unknown>)
ROOT 5000043f (kind=<unknown>)
ROOT 50000440 (kind=<unknown>)
ROOT 50000441 (kind=<unknown>)
ROOT 50000442 (kind=<unknown>)
ROOT 50000443 (kind=<unknown>)
ROOT 50000444 (kind=<unknown>)
ROOT 50000445 (kind=<unknown>)
ROOT 50000446 (kind=<unknown>)
ROOT 50000447 (kind=<unknown>)
ROOT 50000448 (kind=<unknown>)
ROOT 50000449 (kind=<unknown>)
ROOT 5000044b (kind=<unknown>)
ROOT 5000044c (kind=<unknown>)
ROOT 5000044d (kind=<unknown>)
ROOT 5000044e (kind=<unknown>)
ROOT 5000044f (kind=<unknown>)
ROOT 50000450 (kind=<unknown>)
ROOT 50000451 (kind=<unknown>)
ROOT 50000452 (kind=<unknown>)
ROOT 50000453 (kind=<unknown>)
ROOT 50000456 (kind=<unknown>)
ROOT 50000457 (kind=<unknown>)
ROOT 50000458 (kind=<unknown>)
ROOT 50000459 (kind=<unknown>)
ROOT 5000045a (kind=<unknown>)
ROOT 5000045b (kind=<unknown>)
ROOT 5000045c (kind=<unknown>)
ROOT 5000045d (kind=<unknown>)
ROOT 5000045e (kind=<unknown>)
ROOT 50000462 (kind=<unknown>)
ROOT 50000464 (kind=<unknown>)
ROOT 50000465 (kind=<unknown>)
ROOT 50000466 (kind=<unknown>)
ROOT 50000467 (kind=<unknown>)
ROOT 50000468 (kind=<unknown>)
ROOT 50000469 (kind=<unknown>)
ROOT 5000046c (kind=<unknown>)
ROOT 5000046d (kind=<unknown>)
ROOT 5000046e (kind=<unknown>)
ROOT 5000046f (kind=<unknown>)
ROOT 50000470 (kind=<unknown>)
ROOT 50000471 (kind=<unknown>)
ROOT 50000472 (kind=<unknown>)
ROOT 50000473 (kind=<unknown>)
ROOT 50000474 (kind=<unknown>)
ROOT 50000475 (kind=<unknown>)
ROOT 50000476 (kind=<unknown>)
ROOT 5000047f (kind=<unknown>)
ROOT 50000480 (kind=<unknown>)
ROOT 50000481 (kind=<unknown>)
ROOT 50000482 (kind=<unknown>)
ROOT 50000483 (kind=<unknown>)
ROOT 50000484 (kind=<unknown>)
ROOT 50000485 (kind=<unknown>)
ROOT 50000486 (kind=<unknown>)
ROOT 50000487 (kind=<unknown>)
ROOT 50000488 (kind=<unknown>)
ROOT 50000489 (kind=<unknown>)
ROOT 5000048a (kind=<unknown>)
ROOT 5000048b (kind=<unknown>)
ROOT 5000048c (kind=<unknown>)
ROOT 5000048d (kind=<unknown>)
ROOT 5000048e (kind=<unknown>)
ROOT 50000496 (kind=<unknown>)
ROOT 50000497 (kind=<unknown>)
ROOT 50000498 (kind=<unknown>)
ROOT 5000049c (kind=<unknown>)
ROOT 5000049d (kind=<unknown>)
ROOT 5000049e (kind=<unknown>)
ROOT 500004a1 (kind=<unknown>)
ROOT 500004a2 (kind=<unknown>)
ROOT 500004a3 (kind=<unknown>)
ROOT 500004a4 (kind=<unknown>)
ROOT 500004a5 (kind=<unknown>)
ROOT 500004a6 (kind=<unknown>)
ROOT 500004a7 (kind=<unknown>)
ROOT 500004a8 (kind=<unknown>)
ROOT 500004a9 (kind=<unknown>)
ROOT 500004ab (kind=<unknown>)
ROOT 500004af (kind=<unknown>)
ROOT 500004b3 (kind=<unknown>)
ROOT 500004b4 (kind=<unknown>)
ROOT 500004b5 (kind=<unknown>)
ROOT 500004b6 (kind=<unknown>)
ROOT 500004b7 (kind=<unknown>)
ROOT 500004b8 (kind=<unknown>)
ROOT 500004b9 (kind=<unknown>)
ROOT 500004ba (kind=<unknown>)
ROOT 500004bb (kind=<unknown>)
ROOT 500004bc (kind=<unknown>)
ROOT 500004bd (kind=<unknown>)
ROOT 500004be (kind=<unknown>)
ROOT 500004bf (kind=<unknown>)
ROOT 500004c1 (kind=<unknown>)
ROOT 500004c5 (kind=<unknown>)
ROOT 500004c9 (kind=<unknown>)
ROOT 500004ca (kind=<unknown>)
ROOT 500004cb (kind=<unknown>)
ROOT 500004cc (kind=<unknown>)
ROOT 500004cd (kind=<unknown>)
ROOT 500004d0 (kind=<unknown>)
ROOT 500004d1 (kind=<unknown>)
ROOT 500004d3 (kind=<unknown>)
ROOT 500004d7 (kind=<unknown>)
ROOT 500004db (kind=<unknown>)
ROOT 500004dc (kind=<unknown>)
ROOT 500004dd (kind=<unknown>)
ROOT 500004de (kind=<unknown>)
ROOT 500004df (kind=<unknown>)
ROOT 500004e0 (kind=<unknown>)
ROOT 500004e1 (kind=<unknown>)
ROOT 500004fd (kind=<unknown>)
ROOT 50000505 (kind=<unknown>)
ROOT 5000051a (kind=<unknown>)
ROOT 5000051b (kind=<unknown>)
ROOT 5000051e (kind=<unknown>)
ROOT 5000051f (kind=<unknown>)
ROOT 50000520 (kind=<unknown>)
ROOT 50000522 (kind=<unknown>)
ROOT 50000524 (kind=<unknown>)
ROOT 50000525 (kind=<unknown>)
ROOT 50000528 (kind=<unknown>)
ROOT 50000529 (kind=<unknown>)
ROOT 5000052c (kind=<unknown>)
ROOT 5000052d (kind=<unknown>)
ROOT 50000530 (kind=<unknown>)
ROOT 50000531 (kind=<unknown>)
ROOT 50000534 (kind=<unknown>)
ROOT 50000535 (kind=<unknown>)
ROOT 50000538 (kind=<unknown>)
ROOT 50000539 (kind=<unknown>)
ROOT 5000053c (kind=<unknown>)
ROOT 5000053d (kind=<unknown>)
ROOT 50000540 (kind=<unknown>)
ROOT 50000541 (kind=<unknown>)
ROOT 50000542 (kind=<unknown>)
ROOT 50000545 (kind=<unknown>)
ROOT 50000546 (kind=<unknown>)
ROOT 50000547 (kind=<unknown>)
ROOT 5000054a (kind=<unknown>)
ROOT 5000054b (kind=<unknown>)
ROOT 5000054c (kind=<unknown>)
ROOT 5000054f (kind=<unknown>)
ROOT 50000550 (kind=<unknown>)
ROOT 50000551 (kind=<unknown>)
ROOT 50000553 (kind=<unknown>)
ROOT 50000555 (kind=<unknown>)
ROOT 5000055b (kind=<unknown>)
ROOT 5000055c (kind=<unknown>)
ROOT 5000055d (kind=<unknown>)
ROOT 50000560 (kind=<unknown>)
ROOT 50000561 (kind=<unknown>)
ROOT 50000563 (kind=<unknown>)
ROOT 50000564 (kind=<unknown>)
ROOT 50000568 (kind=<unknown>)
ROOT 50000569 (kind=<unknown>)
ROOT 5000056c (kind=<unknown>)
ROOT 5000056d (kind=<unknown>)
ROOT 5000056e (kind=<unknown>)
ROOT 5000056f (kind=<unknown>)
ROOT 50000570 (kind=<unknown>)
ROOT 50000571 (kind=<unknown>)
ROOT 50000572 (kind=<unknown>)
ROOT 50000573 (kind=<unknown>)
ROOT 50000574 (kind=<unknown>)
ROOT 50000575 (kind=<unknown>)
ROOT 50000576 (kind=<unknown>)
ROOT 50000577 (kind=<unknown>)
ROOT 5000057a (kind=<unknown>)
ROOT 5000057b (kind=<unknown>)
ROOT 5000057c (kind=<unknown>)
ROOT 5000057f (kind=<unknown>)
ROOT 50000580 (kind=<unknown>)
ROOT 50000581 (kind=<unknown>)
ROOT 50000582 (kind=<unknown>)
ROOT 50000583 (kind=<unknown>)
ROOT 50000584 (kind=<unknown>)
ROOT 5000058a (kind=<unknown>)
ROOT 5000058d (kind=<unknown>)
ROOT 500003bd (kind=<system class>, name=java.lang.Shutdown$Lock)
ROOT 500003b7 (kind=<system class>, name=java.lang.Shutdown)
ROOT 5000021c (kind=<system class>, name=java.text.MessageFormat$Field)
ROOT 5000021b (kind=<system class>, name=java.text.Format$Field)
ROOT 5000021a (kind=<system class>, name=java.text.AttributedCharacterIterator$Attribute)
ROOT 50000219 (kind=<system class>, name=java.util.Date)
ROOT 5000020d (kind=<system class>, name=java.text.FieldPosition)
ROOT 500001f2 (kind=<system class>, name=java.lang.StringBuilder[])
ROOT 50000121 (kind=<system class>, name=java.lang.StringBuilder)
ROOT 500003c2 (kind=<system class>, name=java.lang.AbstractStringBuilder[])
ROOT 50000123 (kind=<system class>, name=java.lang.AbstractStringBuilder)
ROOT 500003c3 (kind=<system class>, name=java.lang.Appendable[])
ROOT 50000124 (kind=<system class>, name=java.lang.Appendable)
ROOT 500001d8 (kind=<system class>, name=java.util.Locale$1)
ROOT 500001d6 (kind=<system class>, name=java.util.Locale$Category[])
ROOT 500001d1 (kind=<system class>, name=java.util.Locale$Category)
ROOT 500001d1 (kind=<system class>, name=java.util.Locale$Category)
ROOT 500001cd (kind=<system class>, name=java.text.Format[])
ROOT 500001aa (kind=<system class>, name=java.text.Format)
ROOT 500001c0 (kind=<system class>, name=java.text.MessageFormat)
ROOT 500001aa (kind=<system class>, name=java.text.Format)
ROOT 50001fd7 (kind=<system class>, name=java.lang.Object[][])
ROOT 50000108 (kind=<system class>, name=java.lang.Object[])
ROOT 5000018c (kind=<system class>, name=java.lang.Cloneable[])
ROOT 50000169 (kind=<system class>, name=java.lang.Cloneable)
ROOT 50001be5 (kind=<system class>, name=javax.lang.model.element.PackageElement)
ROOT 500017ea (kind=<system class>, name=javax.lang.model.element.TypeElement)
ROOT 500017e9 (kind=<system class>, name=javax.lang.model.element.QualifiedNameable)
ROOT 500011d2 (kind=<system class>, name=java.util.regex.Pattern$SliceS)
ROOT 50001165 (kind=<system class>, name=java.util.AbstractQueue)
ROOT 500010c9 (kind=<system class>, name=java.util.LinkedHashSet)
ROOT 50001004 (kind=<system class>, name=javax.tools.DiagnosticListener)
ROOT 50000ed4 (kind=<system class>, name=javax.lang.model.type.WildcardType)
ROOT 50000ecf (kind=<system class>, name=javax.lang.model.type.PrimitiveType)
ROOT 50000de0 (kind=<system class>, name=javax.lang.model.element.ExecutableElement)
ROOT 50000ddf (kind=<system class>, name=javax.lang.model.element.Parameterizable)
ROOT 50000d8a (kind=<system class>, name=javax.lang.model.element.VariableElement)
ROOT 50000d33 (kind=<system class>, name=javax.lang.model.type.TypeVariable)
ROOT 50000cdd (kind=<system class>, name=javax.lang.model.type.ArrayType)
ROOT 50000c35 (kind=<system class>, name=javax.lang.model.type.ErrorType)
ROOT 50000c34 (kind=<system class>, name=javax.lang.model.type.DeclaredType)
ROOT 50000c33 (kind=<system class>, name=javax.lang.model.type.ReferenceType)
ROOT 50000bdf (kind=<system class>, name=javax.lang.model.type.TypeMirror)
ROOT 50000aad (kind=<system class>, name=javax.lang.model.element.Element)
ROOT 50000aac (kind=<system class>, name=javax.lang.model.AnnotatedConstruct)
ROOT 500009e7 (kind=<system class>, name=java.util.EnumMap$1)
ROOT 500009e6 (kind=<system class>, name=java.util.EnumMap)
ROOT 50000256 (kind=<system class>, name=java.net.URLClassLoader$2)
ROOT 50000254 (kind=<system class>, name=java.util.ResourceBundle$Control$1)
ROOT 500001bc (kind=<system class>, name=java.util.ResourceBundle$BundleReference)
ROOT 5000018a (kind=<system class>, name=java.util.ListResourceBundle)
ROOT 5000227f (kind=<system class>, name=java.util.LinkedList$Node)
ROOT 50002277 (kind=<system class>, name=java.util.LinkedList)
ROOT 50002276 (kind=<system class>, name=java.util.AbstractSequentialList)
ROOT 50002274 (kind=<system class>, name=java.util.ResourceBundle$LoaderReference)
ROOT 50002273 (kind=<system class>, name=java.util.ResourceBundle$CacheKeyReference)
ROOT 50002271 (kind=<system class>, name=java.util.ResourceBundle$CacheKey)
ROOT 5000226c (kind=<system class>, name=java.util.ResourceBundle$Control$CandidateListCache)
ROOT 50002261 (kind=<system class>, name=java.util.ResourceBundle$Control)
ROOT 5000225f (kind=<system class>, name=java.net.URLClassLoader$3$1)
ROOT 5000217d (kind=<system class>, name=java.security.PrivilegedActionException)
ROOT 500020ec (kind=<system class>, name=sun.misc.CompoundEnumeration)
ROOT 500020ea (kind=<system class>, name=java.net.URLClassLoader$3)
ROOT 500020e8 (kind=<system class>, name=sun.misc.URLClassPath$1)
ROOT 500020e6 (kind=<system class>, name=java.lang.ClassLoader$2)
ROOT 500020e4 (kind=<system class>, name=sun.misc.URLClassPath$2)
ROOT 50001e80 (kind=<system class>, name=sun.misc.Launcher$BootClassPathHolder$1)
ROOT 50001e7f (kind=<system class>, name=sun.misc.Launcher$BootClassPathHolder)
ROOT 50001e7d (kind=<system class>, name=java.util.Enumeration[])
ROOT 500000b8 (kind=<system class>, name=java.util.Enumeration)
ROOT 50001e75 (kind=<system class>, name=java.util.LinkedHashMap$LinkedEntryIterator)
ROOT 50001e74 (kind=<system class>, name=java.util.LinkedHashMap$LinkedHashIterator)
ROOT 50001e72 (kind=<system class>, name=java.util.LinkedHashMap$LinkedEntrySet)
ROOT 50001e70 (kind=<system class>, name=java.util.ServiceLoader$1)
ROOT 50001e6e (kind=<system class>, name=java.util.ServiceLoader$LazyIterator)
ROOT 50001e6b (kind=<system class>, name=java.util.ServiceLoader)
ROOT 50001e6a (kind=<system class>, name=java.util.spi.ResourceBundleControlProvider)
ROOT 50001e65 (kind=<system class>, name=java.util.ResourceBundle$1)
ROOT 50001e64 (kind=<system class>, name=java.util.ResourceBundle)
ROOT 50001e0d (kind=<system class>, name=java.lang.InternalError)
ROOT 50001e08 (kind=<system class>, name=java.util.MissingResourceException)
ROOT 50001c90 (kind=<system class>, name=javax.tools.Diagnostic)
ROOT 50001c8b (kind=<system class>, name=java.lang.NumberFormatException)
ROOT 50001b63 (kind=<system class>, name=java.util.NoSuchElementException)
ROOT 50001b17 (kind=<system class>, name=java.lang.IndexOutOfBoundsException)
ROOT 50001b12 (kind=<system class>, name=java.lang.UnsupportedOperationException)
ROOT 50001a19 (kind=<system class>, name=java.util.Collections$UnmodifiableSet)
ROOT 50001a08 (kind=<system class>, name=java.net.URISyntaxException)
ROOT 50001a03 (kind=<system class>, name=java.io.UnsupportedEncodingException)
ROOT 5000187b (kind=<system class>, name=javax.tools.JavaFileManager$Location)
ROOT 50001872 (kind=<system class>, name=javax.tools.JavaFileObject)
ROOT 50001871 (kind=<system class>, name=javax.tools.FileObject)
ROOT 50001826 (kind=<system class>, name=java.net.MalformedURLException)
ROOT 50001821 (kind=<system class>, name=javax.tools.JavaFileObject$Kind)
ROOT 50001738 (kind=<system class>, name=java.nio.charset.UnsupportedCharsetException)
ROOT 50001733 (kind=<system class>, name=java.nio.charset.IllegalCharsetNameException)
ROOT 500016e4 (kind=<system class>, name=javax.tools.StandardJavaFileManager)
ROOT 500016e3 (kind=<system class>, name=javax.tools.JavaFileManager)
ROOT 500016e2 (kind=<system class>, name=javax.tools.OptionChecker)
ROOT 50001637 (kind=<system class>, name=java.util.RegularEnumSet$EnumSetIterator)
ROOT 50001634 (kind=<system class>, name=java.util.RegularEnumSet)
ROOT 50001632 (kind=<system class>, name=sun.reflect.DelegatingMethodAccessorImpl)
ROOT 50001630 (kind=<system class>, name=sun.reflect.NativeMethodAccessorImpl)
ROOT 5000162d (kind=<system class>, name=java.lang.Class$4)
ROOT 50001625 (kind=<system class>, name=java.util.EnumSet)
ROOT 50001601 (kind=<system class>, name=java.io.FileWriter)
ROOT 500015ef (kind=<system class>, name=java.lang.AssertionError)
ROOT 50000ad7 (kind=<system class>, name=java.lang.IllegalStateException)
ROOT 50000ab8 (kind=<system class>, name=javax.annotation.processing.ProcessingEnvironment)
ROOT 500009c2 (kind=<system class>, name=java.io.FileNotFoundException)
ROOT 500009c1 (kind=<system class>, name=java.io.IOException)
ROOT 50000966 (kind=<system class>, name=java.util.concurrent.ConcurrentHashMap$ForwardingNode)
ROOT 5000086b (kind=<system class>, name=java.lang.Void)
ROOT 50000869 (kind=<system class>, name=java.io.PrintWriter)
ROOT 50000859 (kind=<system class>, name=java.lang.reflect.Method[])
ROOT 5000013e (kind=<system class>, name=java.lang.reflect.Method)
ROOT 50000857 (kind=<system class>, name=java.lang.Class$MethodArray)
ROOT 50000855 (kind=<system class>, name=sun.launcher.LauncherHelper$FXHelper)
ROOT 5000081b (kind=<system class>, name=java.security.BasicPermissionCollection)
ROOT 50000819 (kind=<system class>, name=java.security.UnresolvedPermission)
ROOT 50000818 (kind=<system class>, name=java.security.AllPermission)
ROOT 50000804 (kind=<system class>, name=java.io.FilePermissionCollection)
ROOT 500007fd (kind=<system class>, name=java.io.FilePermission$1)
ROOT 500007f9 (kind=<system class>, name=java.io.FilePermission)
ROOT 500007e9 (kind=<system class>, name=sun.net.www.MessageHeader)
ROOT 500007e4 (kind=<system class>, name=sun.net.www.protocol.file.FileURLConnection)
ROOT 500007e3 (kind=<system class>, name=sun.net.www.URLConnection)
ROOT 500007e2 (kind=<system class>, name=java.net.URLConnection)
ROOT 500007b0 (kind=<system class>, name=java.security.Permissions)
ROOT 500007af (kind=<system class>, name=java.security.PermissionCollection)
ROOT 500007ab (kind=<system class>, name=sun.nio.ByteBuffered)
ROOT 50000788 (kind=<system class>, name=sun.security.util.ManifestEntryVerifier)
ROOT 5000075b (kind=<system class>, name=sun.security.util.DisabledAlgorithmConstraints$1)
ROOT 50000756 (kind=<system class>, name=sun.security.util.DisabledAlgorithmConstraints$Constraint$Operator[])
ROOT 5000074f (kind=<system class>, name=sun.security.util.DisabledAlgorithmConstraints$Constraint$Operator)
ROOT 5000074f (kind=<system class>, name=sun.security.util.DisabledAlgorithmConstraints$Constraint$Operator)
ROOT 5000074c (kind=<system class>, name=sun.security.util.DisabledAlgorithmConstraints$KeySizeConstraint)
ROOT 5000071e (kind=<system class>, name=sun.security.util.DisabledAlgorithmConstraints$DisabledConstraint)
ROOT 5000071d (kind=<system class>, name=sun.security.util.DisabledAlgorithmConstraints$Constraint)
ROOT 50000719 (kind=<system class>, name=java.util.AbstractList$Itr)
ROOT 50000717 (kind=<system class>, name=java.util.Arrays$ArrayList)
ROOT 50000710 (kind=<system class>, name=java.util.regex.Matcher)
ROOT 5000070f (kind=<system class>, name=java.util.regex.MatchResult)
ROOT 5000070c (kind=<system class>, name=java.util.regex.Pattern$BnM)
ROOT 50000703 (kind=<system class>, name=sun.security.util.DisabledAlgorithmConstraints$Constraints)
ROOT 500006fb (kind=<system class>, name=java.util.ArrayList$SubList$1)
ROOT 500006fa (kind=<system class>, name=java.util.ListIterator)
ROOT 500006f8 (kind=<system class>, name=java.util.ArrayList$SubList)
ROOT 50000637 (kind=<system class>, name=java.util.Properties$LineReader)
ROOT 50000626 (kind=<system class>, name=java.security.Security$1)
ROOT 50000625 (kind=<system class>, name=java.security.Security)
ROOT 50000623 (kind=<system class>, name=sun.security.util.AbstractAlgorithmConstraints$1)
ROOT 5000061b (kind=<system class>, name=java.util.regex.Pattern$Branch)
ROOT 50000619 (kind=<system class>, name=java.util.regex.Pattern$BranchConn)
ROOT 50000615 (kind=<system class>, name=java.util.regex.Pattern$SliceI)
ROOT 50000613 (kind=<system class>, name=java.util.regex.ASCII)
ROOT 5000060c (kind=<system class>, name=java.util.regex.Pattern$TreeInfo)
ROOT 5000060a (kind=<system class>, name=java.util.regex.Pattern$Start)
ROOT 50000609 (kind=<system class>, name=java.util.regex.Pattern$First)
ROOT 50000608 (kind=<system class>, name=java.util.regex.Pattern$Begin)
ROOT 50000607 (kind=<system class>, name=java.util.regex.Pattern$Slice)
ROOT 50000606 (kind=<system class>, name=java.util.regex.Pattern$SliceNode)
ROOT 50000604 (kind=<system class>, name=java.util.regex.Pattern$Single)
ROOT 50000603 (kind=<system class>, name=java.util.regex.Pattern$BmpCharProperty)
ROOT 50000602 (kind=<system class>, name=java.util.regex.Pattern$CharProperty)
ROOT 50000600 (kind=<system class>, name=java.util.regex.Pattern$GroupHead[])
ROOT 500005ff (kind=<system class>, name=java.util.regex.Pattern$GroupHead)
ROOT 5000061d (kind=<system class>, name=java.util.regex.Pattern$Node[])
ROOT 500005f6 (kind=<system class>, name=java.util.regex.Pattern$Node)
ROOT 500005ff (kind=<system class>, name=java.util.regex.Pattern$GroupHead)
ROOT 500005fa (kind=<system class>, name=java.util.regex.Pattern$LastNode)
ROOT 500005f7 (kind=<system class>, name=java.util.regex.Pattern$4)
ROOT 500005f6 (kind=<system class>, name=java.util.regex.Pattern$Node)
ROOT 500005f5 (kind=<system class>, name=java.util.regex.Pattern)
ROOT 500005f4 (kind=<system class>, name=sun.security.util.AlgorithmDecomposer)
ROOT 500005f3 (kind=<system class>, name=sun.security.util.DisabledAlgorithmConstraints)
ROOT 500005f2 (kind=<system class>, name=sun.security.util.AbstractAlgorithmConstraints)
ROOT 500005f1 (kind=<system class>, name=java.security.AlgorithmConstraints)
ROOT 500005f0 (kind=<system class>, name=sun.security.util.SignatureFileVerifier)
ROOT 500005dd (kind=<system class>, name=java.lang.Package)
ROOT 500005d8 (kind=<system class>, name=java.io.ByteArrayOutputStream)
ROOT 500005cf (kind=<system class>, name=java.util.jar.JarVerifier$3)
ROOT 500005cd (kind=<system class>, name=java.security.CodeSigner[])
ROOT 500005cc (kind=<system class>, name=java.security.CodeSigner)
ROOT 500005cc (kind=<system class>, name=java.security.CodeSigner)
ROOT 500005c7 (kind=<system class>, name=java.util.jar.JarVerifier)
ROOT 500005bd (kind=<system class>, name=sun.misc.ASCIICaseInsensitiveComparator)
ROOT 500005aa (kind=<system class>, name=java.util.jar.Attributes$Name)
ROOT 5000059b (kind=<system class>, name=java.util.jar.Manifest$FastInputStream)
ROOT 50000597 (kind=<system class>, name=java.util.jar.Attributes)
ROOT 50000589 (kind=<system class>, name=sun.misc.URLClassPath$JarLoader$2)
ROOT 50000588 (kind=<system class>, name=sun.misc.Resource)
ROOT 50000562 (kind=<system class>, name=sun.misc.IOUtils)
ROOT 5000055e (kind=<system class>, name=java.util.zip.ZipFile$ZipFileInputStream)
ROOT 50000559 (kind=<system class>, name=java.util.jar.JarFile$JarFileEntry)
ROOT 50000558 (kind=<system class>, name=java.util.jar.JarEntry)
ROOT 50000552 (kind=<system class>, name=java.util.zip.ZipEntry)
ROOT 50000521 (kind=<system class>, name=sun.misc.ExtensionDependency)
ROOT 50000519 (kind=<system class>, name=sun.misc.JarIndex)
ROOT 50000508 (kind=<system class>, name=java.nio.DirectLongBufferU)
ROOT 50000507 (kind=<system class>, name=java.nio.LongBuffer)
ROOT 50000504 (kind=<system class>, name=java.nio.DirectByteBuffer)
ROOT 50000503 (kind=<system class>, name=java.nio.MappedByteBuffer)
ROOT 50000502 (kind=<system class>, name=sun.nio.ch.DirectBuffer)
ROOT 50000500 (kind=<system class>, name=sun.misc.PerfCounter$CoreCounters)
ROOT 500004fe (kind=<system class>, name=sun.misc.Perf)
ROOT 500004fc (kind=<system class>, name=sun.misc.Perf$GetPerfAction)
ROOT 500004fb (kind=<system class>, name=sun.misc.PerfCounter)
ROOT 500004f9 (kind=<system class>, name=java.util.zip.ZipCoder)
ROOT 500004f6 (kind=<system class>, name=java.util.ArrayDeque)
ROOT 500004f5 (kind=<system class>, name=java.util.Deque)
ROOT 500004f4 (kind=<system class>, name=java.util.Queue)
ROOT 500004e4 (kind=<system class>, name=sun.nio.cs.UTF_16)
ROOT 500004d2 (kind=<system class>, name=sun.nio.cs.UTF_16LE)
ROOT 500004c0 (kind=<system class>, name=sun.nio.cs.UTF_16BE)
ROOT 500004aa (kind=<system class>, name=sun.nio.cs.ISO_8859_1)
ROOT 5000049f (kind=<system class>, name=sun.nio.cs.US_ASCII)
ROOT 5000049b (kind=<system class>, name=java.nio.charset.StandardCharsets)
ROOT 50000491 (kind=<system class>, name=java.util.jar.JavaUtilJarAccessImpl)
ROOT 50000490 (kind=<system class>, name=sun.misc.JavaUtilJarAccess)
ROOT 5000048f (kind=<system class>, name=java.util.jar.JarFile)
ROOT 5000047a (kind=<system class>, name=sun.misc.FileURLMapper)
ROOT 50000478 (kind=<system class>, name=sun.misc.URLClassPath$JarLoader$1)
ROOT 5000027f (kind=<system class>, name=sun.nio.cs.UTF_8$Decoder)
ROOT 5000027a (kind=<system class>, name=sun.nio.cs.ThreadLocalCoders$2)
ROOT 50000277 (kind=<system class>, name=sun.nio.cs.ThreadLocalCoders$1)
ROOT 50000276 (kind=<system class>, name=sun.nio.cs.ThreadLocalCoders$Cache)
ROOT 50000275 (kind=<system class>, name=sun.nio.cs.ThreadLocalCoders)
ROOT 50000260 (kind=<system class>, name=java.util.zip.ZipFile$1)
ROOT 5000025f (kind=<system class>, name=sun.misc.JavaUtilZipFileAccess)
ROOT 5000025e (kind=<system class>, name=java.util.zip.ZipFile)
ROOT 5000025d (kind=<system class>, name=java.util.zip.ZipConstants)
ROOT 5000025c (kind=<system class>, name=sun.misc.URLClassPath$JarLoader)
ROOT 5000025b (kind=<system class>, name=sun.misc.URLClassPath$Loader)
ROOT 50000259 (kind=<system class>, name=sun.misc.URLClassPath$3)
ROOT 50000253 (kind=<system class>, name=sun.net.util.URLUtil)
ROOT 5000024d (kind=<system class>, name=java.net.URLClassLoader$1)
ROOT 50000242 (kind=<system class>, name=java.lang.StringCoding$StringDecoder)
ROOT 50000238 (kind=<system class>, name=sun.launcher.LauncherHelper[])
ROOT 50000236 (kind=<system class>, name=sun.launcher.LauncherHelper)
ROOT 50000236 (kind=<system class>, name=sun.launcher.LauncherHelper)
ROOT 50000233 (kind=<system class>, name=java.io.FileOutputStream$1)
ROOT 5000022c (kind=<system class>, name=sun.nio.cs.UTF_8$Encoder)
ROOT 5000022a (kind=<system class>, name=java.lang.StringCoding$StringEncoder)
ROOT 50000220 (kind=<system class>, name=sun.nio.cs.UTF_8)
ROOT 5000021f (kind=<system class>, name=sun.nio.cs.Unicode)
ROOT 50000215 (kind=<system class>, name=java.lang.ThreadLocal$ThreadLocalMap$Entry[])
ROOT 50000214 (kind=<system class>, name=java.lang.ThreadLocal$ThreadLocalMap$Entry)
ROOT 50000214 (kind=<system class>, name=java.lang.ThreadLocal$ThreadLocalMap$Entry)
ROOT 50000212 (kind=<system class>, name=java.lang.ThreadLocal$ThreadLocalMap)
ROOT 5000020f (kind=<system class>, name=java.lang.StringCoding)
ROOT 500001e2 (kind=<system class>, name=sun.usagetracker.UsageTrackerClient$3)
ROOT 500001d5 (kind=<system class>, name=jdk.internal.util.EnvUtils)
ROOT 500001d3 (kind=<system class>, name=sun.usagetracker.UsageTrackerClient$2)
ROOT 500001c5 (kind=<system class>, name=sun.usagetracker.UsageTrackerClient$4)
ROOT 500001ba (kind=<system class>, name=sun.usagetracker.UsageTrackerClient$1)
ROOT 500001b5 (kind=<system class>, name=java.util.concurrent.atomic.AtomicBoolean)
ROOT 500001b3 (kind=<system class>, name=sun.usagetracker.UsageTrackerClient)
ROOT 500001b2 (kind=<system class>, name=sun.misc.PostVMInitHook)
ROOT 500001ab (kind=<system class>, name=java.lang.invoke.MethodHandleStatics$1)
ROOT 500001a9 (kind=<system class>, name=java.lang.invoke.MethodHandleStatics)
ROOT 500001a7 (kind=<system class>, name=java.lang.invoke.MemberName$Factory)
ROOT 500001a3 (kind=<system class>, name=java.lang.ClassValue$Version)
ROOT 500001a1 (kind=<system class>, name=java.lang.ClassValue$Identity)
ROOT 5000019c (kind=<system class>, name=java.lang.ClassValue$Entry[])
ROOT 5000019b (kind=<system class>, name=java.lang.ClassValue$Entry)
ROOT 5000019b (kind=<system class>, name=java.lang.ClassValue$Entry)
ROOT 5000019a (kind=<system class>, name=java.lang.invoke.MethodHandleImpl$4)
ROOT 50000199 (kind=<system class>, name=java.lang.ClassValue)
ROOT 50000195 (kind=<system class>, name=java.lang.invoke.MethodHandle[])
ROOT 5000012f (kind=<system class>, name=java.lang.invoke.MethodHandle)
ROOT 50000193 (kind=<system class>, name=java.lang.invoke.MethodHandleImpl$3)
ROOT 50000191 (kind=<system class>, name=java.lang.invoke.MethodHandleImpl$2)
ROOT 50000190 (kind=<system class>, name=java.util.function.Function)
ROOT 50000187 (kind=<system class>, name=java.lang.invoke.MethodHandleImpl$1)
ROOT 50000184 (kind=<system class>, name=java.lang.invoke.MethodHandleImpl)
ROOT 50000001 (kind=<system class>, name=java.lang.SystemClassLoaderAction)
ROOT 50000002 (kind=<system class>, name=sun.misc.Launcher$AppClassLoader$1)
ROOT 50000003 (kind=<system class>, name=sun.net.www.protocol.jar.Handler)
ROOT 50000004 (kind=<system class>, name=sun.misc.URLClassPath)
ROOT 50000005 (kind=<system class>, name=java.util.HashSet)
ROOT 50000006 (kind=<system class>, name=java.security.Principal[])
ROOT 50000007 (kind=<system class>, name=java.security.Principal)
ROOT 50000007 (kind=<system class>, name=java.security.Principal)
ROOT 50000008 (kind=<system class>, name=java.security.ProtectionDomain$Key)
ROOT 50000009 (kind=<system class>, name=java.security.ProtectionDomain$2)
ROOT 5000000a (kind=<system class>, name=sun.misc.JavaSecurityProtectionDomainAccess)
ROOT 5000000b (kind=<system class>, name=java.security.ProtectionDomain$JavaSecurityAccessImpl)
ROOT 5000000c (kind=<system class>, name=sun.misc.JavaSecurityAccess)
ROOT 5000000d (kind=<system class>, name=java.net.URL[])
ROOT 50000119 (kind=<system class>, name=java.net.URL)
ROOT 5000000e (kind=<system class>, name=sun.net.www.protocol.file.Handler)
ROOT 5000000f (kind=<system class>, name=java.net.URLStreamHandler)
ROOT 50000010 (kind=<system class>, name=java.net.Parts)
ROOT 50000011 (kind=<system class>, name=java.util.BitSet)
ROOT 50000012 (kind=<system class>, name=sun.net.www.ParseUtil)
ROOT 50000013 (kind=<system class>, name=java.io.FileInputStream$1)
ROOT 50000014 (kind=<system class>, name=java.util.HashMap$TreeNode)
ROOT 50000015 (kind=<system class>, name=java.lang.CharacterDataLatin1)
ROOT 50000016 (kind=<system class>, name=java.lang.CharacterData)
ROOT 50000017 (kind=<system class>, name=sun.util.locale.LocaleUtils)
ROOT 50000018 (kind=<system class>, name=java.util.Locale$LocaleKey)
ROOT 50000019 (kind=<system class>, name=sun.util.locale.LocaleObjectCache$CacheEntry)
ROOT 5000001a (kind=<system class>, name=sun.util.locale.BaseLocale$Key)
ROOT 5000001b (kind=<system class>, name=sun.util.locale.BaseLocale$Cache)
ROOT 5000001c (kind=<system class>, name=sun.util.locale.BaseLocale)
ROOT 5000001d (kind=<system class>, name=java.util.concurrent.ConcurrentHashMap$EntrySetView)
ROOT 5000001e (kind=<system class>, name=java.util.concurrent.ConcurrentHashMap$ValuesView)
ROOT 5000001f (kind=<system class>, name=java.util.concurrent.ConcurrentHashMap$KeySetView)
ROOT 50000020 (kind=<system class>, name=java.util.concurrent.ConcurrentHashMap$CollectionView)
ROOT 50000021 (kind=<system class>, name=java.util.concurrent.ConcurrentHashMap$CounterCell[])
ROOT 50000022 (kind=<system class>, name=java.util.concurrent.ConcurrentHashMap$CounterCell)
ROOT 50000022 (kind=<system class>, name=java.util.concurrent.ConcurrentHashMap$CounterCell)
ROOT 50000023 (kind=<system class>, name=java.util.concurrent.ConcurrentHashMap$Node[])
ROOT 50000024 (kind=<system class>, name=java.util.concurrent.ConcurrentHashMap$Node)
ROOT 50000024 (kind=<system class>, name=java.util.concurrent.ConcurrentHashMap$Node)
ROOT 50000025 (kind=<system class>, name=java.util.concurrent.ConcurrentHashMap$Segment[])
ROOT 50000028 (kind=<system class>, name=java.util.concurrent.ConcurrentHashMap$Segment)
ROOT 50000026 (kind=<system class>, name=java.util.concurrent.locks.ReentrantLock[])
ROOT 50000029 (kind=<system class>, name=java.util.concurrent.locks.ReentrantLock)
ROOT 50000027 (kind=<system class>, name=java.util.concurrent.locks.Lock[])
ROOT 5000002a (kind=<system class>, name=java.util.concurrent.locks.Lock)
ROOT 50000028 (kind=<system class>, name=java.util.concurrent.ConcurrentHashMap$Segment)
ROOT 50000029 (kind=<system class>, name=java.util.concurrent.locks.ReentrantLock)
ROOT 5000002a (kind=<system class>, name=java.util.concurrent.locks.Lock)
ROOT 5000002b (kind=<system class>, name=java.util.concurrent.ConcurrentHashMap)
ROOT 5000002c (kind=<system class>, name=java.util.concurrent.ConcurrentMap)
ROOT 5000002d (kind=<system class>, name=java.util.Locale$Cache)
ROOT 5000002e (kind=<system class>, name=sun.util.locale.LocaleObjectCache)
ROOT 5000002f (kind=<system class>, name=java.util.Locale)
ROOT 50000030 (kind=<system class>, name=java.lang.reflect.Array)
ROOT 50000031 (kind=<system class>, name=java.nio.charset.CoderResult$2)
ROOT 50000032 (kind=<system class>, name=java.nio.charset.CoderResult$1)
ROOT 50000033 (kind=<system class>, name=java.nio.charset.CoderResult$Cache)
ROOT 50000034 (kind=<system class>, name=java.nio.charset.CoderResult)
ROOT 50000035 (kind=<system class>, name=java.nio.HeapCharBuffer)
ROOT 50000036 (kind=<system class>, name=java.nio.CharBuffer)
ROOT 50000037 (kind=<system class>, name=sun.nio.cs.SingleByte$Decoder)
ROOT 50000038 (kind=<system class>, name=java.nio.charset.CharsetDecoder)
ROOT 50000039 (kind=<system class>, name=sun.nio.cs.ArrayDecoder)
ROOT 5000003a (kind=<system class>, name=sun.nio.cs.StreamDecoder)
ROOT 5000003b (kind=<system class>, name=java.io.FileReader)
ROOT 5000003c (kind=<system class>, name=java.io.InputStreamReader)
ROOT 5000003d (kind=<system class>, name=java.io.BufferedReader)
ROOT 5000003e (kind=<system class>, name=java.io.Reader)
ROOT 5000003f (kind=<system class>, name=java.lang.Readable)
ROOT 50000040 (kind=<system class>, name=sun.misc.MetaIndex)
ROOT 50000041 (kind=<system class>, name=java.io.File[])
ROOT 5000011b (kind=<system class>, name=java.io.File)
ROOT 50000042 (kind=<system class>, name=java.util.StringTokenizer)
ROOT 50000043 (kind=<system class>, name=sun.misc.Launcher$ExtClassLoader$1)
ROOT 50000044 (kind=<system class>, name=java.net.URLClassLoader$7)
ROOT 50000045 (kind=<system class>, name=sun.misc.JavaNetAccess)
ROOT 50000046 (kind=<system class>, name=java.util.WeakHashMap$KeySet)
ROOT 50000047 (kind=<system class>, name=java.util.Collections$SetFromMap)
ROOT 50000048 (kind=<system class>, name=java.util.WeakHashMap$Entry[])
ROOT 5000004b (kind=<system class>, name=java.util.WeakHashMap$Entry)
ROOT 50000049 (kind=<system class>, name=java.lang.ref.WeakReference[])
ROOT 50000151 (kind=<system class>, name=java.lang.ref.WeakReference)
ROOT 5000004a (kind=<system class>, name=java.lang.ref.Reference[])
ROOT 50000153 (kind=<system class>, name=java.lang.ref.Reference)
ROOT 5000004b (kind=<system class>, name=java.util.WeakHashMap$Entry)
ROOT 5000004c (kind=<system class>, name=java.lang.ClassLoader$ParallelLoaders)
ROOT 5000004d (kind=<system class>, name=sun.security.util.Debug)
ROOT 5000004e (kind=<system class>, name=sun.misc.Launcher$Factory)
ROOT 5000004f (kind=<system class>, name=java.net.URLStreamHandlerFactory)
ROOT 50000050 (kind=<system class>, name=java.lang.Compiler$1)
ROOT 50000051 (kind=<system class>, name=java.lang.Compiler)
ROOT 50000052 (kind=<system class>, name=java.lang.IllegalArgumentException)
ROOT 50000053 (kind=<system class>, name=java.lang.System$2)
ROOT 50000054 (kind=<system class>, name=sun.misc.JavaLangAccess)
ROOT 50000055 (kind=<system class>, name=sun.io.Win32ErrorMode)
ROOT 50000056 (kind=<system class>, name=sun.misc.OSEnvironment)
ROOT 50000057 (kind=<system class>, name=java.lang.Integer[])
ROOT 5000010a (kind=<system class>, name=java.lang.Integer)
ROOT 50000058 (kind=<system class>, name=java.lang.Number[])
ROOT 5000010f (kind=<system class>, name=java.lang.Number)
ROOT 50000059 (kind=<system class>, name=java.lang.Integer$IntegerCache)
ROOT 5000005a (kind=<system class>, name=sun.misc.NativeSignalHandler)
ROOT 5000005b (kind=<system class>, name=sun.misc.Signal)
ROOT 5000005c (kind=<system class>, name=java.lang.Terminator$1)
ROOT 5000005d (kind=<system class>, name=sun.misc.SignalHandler)
ROOT 5000005e (kind=<system class>, name=java.lang.Terminator)
ROOT 5000005f (kind=<system class>, name=java.lang.ClassLoader$NativeLibrary)
ROOT 50000060 (kind=<system class>, name=java.util.LinkedHashMap$Entry)
ROOT 50000061 (kind=<system class>, name=java.io.ExpiringCache$Entry)
ROOT 50000062 (kind=<system class>, name=java.io.File$PathStatus[])
ROOT 50000067 (kind=<system class>, name=java.io.File$PathStatus)
ROOT 50000063 (kind=<system class>, name=java.lang.Enum[])
ROOT 50000068 (kind=<system class>, name=java.lang.Enum)
ROOT 50000064 (kind=<system class>, name=java.lang.ClassLoader$3)
ROOT 50000065 (kind=<system class>, name=java.nio.file.Path)
ROOT 50000066 (kind=<system class>, name=java.nio.file.Watchable)
ROOT 50000067 (kind=<system class>, name=java.io.File$PathStatus)
ROOT 50000068 (kind=<system class>, name=java.lang.Enum)
ROOT 50000069 (kind=<system class>, name=java.io.ExpiringCache$1)
ROOT 5000006a (kind=<system class>, name=java.util.LinkedHashMap)
ROOT 5000006b (kind=<system class>, name=java.io.ExpiringCache)
ROOT 5000006c (kind=<system class>, name=java.io.WinNTFileSystem)
ROOT 5000006d (kind=<system class>, name=java.io.FileSystem)
ROOT 5000006e (kind=<system class>, name=java.io.DefaultFileSystem)
ROOT 5000006f (kind=<system class>, name=java.io.BufferedWriter)
ROOT 50000070 (kind=<system class>, name=java.nio.Bits$1)
ROOT 50000071 (kind=<system class>, name=sun.misc.JavaNioAccess)
ROOT 50000072 (kind=<system class>, name=java.util.concurrent.atomic.AtomicLong)
ROOT 50000073 (kind=<system class>, name=java.nio.ByteOrder)
ROOT 50000074 (kind=<system class>, name=java.nio.Bits)
ROOT 50000075 (kind=<system class>, name=java.nio.HeapByteBuffer)
ROOT 50000076 (kind=<system class>, name=java.nio.ByteBuffer)
ROOT 50000077 (kind=<system class>, name=java.nio.charset.CodingErrorAction)
ROOT 50000078 (kind=<system class>, name=sun.nio.cs.SingleByte$Encoder)
ROOT 50000079 (kind=<system class>, name=java.nio.charset.CharsetEncoder)
ROOT 5000007a (kind=<system class>, name=sun.nio.cs.ArrayEncoder)
ROOT 5000007b (kind=<system class>, name=sun.reflect.DelegatingConstructorAccessorImpl)
ROOT 5000007c (kind=<system class>, name=sun.reflect.NativeConstructorAccessorImpl)
ROOT 5000007d (kind=<system class>, name=sun.reflect.ReflectionFactory$1)
ROOT 5000007e (kind=<system class>, name=java.lang.Class$1)
ROOT 5000007f (kind=<system class>, name=java.lang.reflect.Constructor[])
ROOT 5000013d (kind=<system class>, name=java.lang.reflect.Constructor)
ROOT 50000080 (kind=<system class>, name=java.lang.reflect.Executable[])
ROOT 5000013f (kind=<system class>, name=java.lang.reflect.Executable)
ROOT 50000081 (kind=<system class>, name=sun.nio.cs.SingleByte)
ROOT 50000082 (kind=<system class>, name=sun.nio.cs.MS1252)
ROOT 50000083 (kind=<system class>, name=sun.nio.cs.HistoricallyNamedCharset)
ROOT 50000084 (kind=<system class>, name=sun.security.action.GetPropertyAction)
ROOT 50000085 (kind=<system class>, name=java.util.concurrent.atomic.AtomicInteger)
ROOT 50000086 (kind=<system class>, name=java.lang.ThreadLocal)
ROOT 50000087 (kind=<system class>, name=sun.nio.cs.StandardCharsets$Cache)
ROOT 50000088 (kind=<system class>, name=sun.nio.cs.StandardCharsets$Classes)
ROOT 50000089 (kind=<system class>, name=sun.nio.cs.StandardCharsets$Aliases)
ROOT 5000008a (kind=<system class>, name=sun.util.PreHashedMap)
ROOT 5000008b (kind=<system class>, name=sun.nio.cs.StandardCharsets)
ROOT 5000008c (kind=<system class>, name=sun.nio.cs.FastCharsetProvider)
ROOT 5000008d (kind=<system class>, name=java.nio.charset.spi.CharsetProvider)
ROOT 5000008e (kind=<system class>, name=java.nio.charset.Charset)
ROOT 5000008f (kind=<system class>, name=sun.nio.cs.StreamEncoder)
ROOT 50000090 (kind=<system class>, name=java.io.OutputStreamWriter)
ROOT 50000091 (kind=<system class>, name=java.io.Writer)
ROOT 50000092 (kind=<system class>, name=java.io.BufferedOutputStream)
ROOT 50000093 (kind=<system class>, name=java.io.PrintStream)
ROOT 50000094 (kind=<system class>, name=java.io.FilterOutputStream)
ROOT 50000095 (kind=<system class>, name=java.util.Arrays)
ROOT 50000096 (kind=<system class>, name=sun.reflect.misc.ReflectUtil)
ROOT 50000097 (kind=<system class>, name=java.lang.reflect.ReflectAccess)
ROOT 50000098 (kind=<system class>, name=sun.reflect.LangReflectAccess)
ROOT 50000099 (kind=<system class>, name=java.lang.reflect.Modifier)
ROOT 5000009a (kind=<system class>, name=java.lang.ClassValue$ClassValueMap)
ROOT 5000009b (kind=<system class>, name=java.util.WeakHashMap)
ROOT 5000009c (kind=<system class>, name=sun.reflect.annotation.AnnotationType)
ROOT 5000009d (kind=<system class>, name=java.lang.Class$AnnotationData)
ROOT 5000009e (kind=<system class>, name=sun.reflect.generics.repository.ClassRepository)
ROOT 5000009f (kind=<system class>, name=sun.reflect.generics.repository.GenericDeclRepository)
ROOT 500000a0 (kind=<system class>, name=sun.reflect.generics.repository.AbstractRepository)
ROOT 500000a1 (kind=<system class>, name=java.lang.reflect.Field[])
ROOT 50000141 (kind=<system class>, name=java.lang.reflect.Field)
ROOT 500000a2 (kind=<system class>, name=java.lang.reflect.Member[])
ROOT 50000142 (kind=<system class>, name=java.lang.reflect.Member)
ROOT 500000a3 (kind=<system class>, name=java.lang.reflect.AccessibleObject[])
ROOT 50000143 (kind=<system class>, name=java.lang.reflect.AccessibleObject)
ROOT 500000a4 (kind=<system class>, name=java.lang.Class$Atomic)
ROOT 500000a5 (kind=<system class>, name=java.lang.Class$ReflectionData)
ROOT 500000a6 (kind=<system class>, name=java.lang.Class$3)
ROOT 500000a7 (kind=<system class>, name=java.util.concurrent.atomic.AtomicReferenceFieldUpdater$AtomicReferenceFieldUpdaterImpl$1)
ROOT 500000a8 (kind=<system class>, name=java.security.PrivilegedExceptionAction)
ROOT 500000a9 (kind=<system class>, name=java.util.concurrent.atomic.AtomicReferenceFieldUpdater$AtomicReferenceFieldUpdaterImpl)
ROOT 500000aa (kind=<system class>, name=java.util.concurrent.atomic.AtomicReferenceFieldUpdater)
ROOT 500000ab (kind=<system class>, name=java.io.BufferedInputStream)
ROOT 500000ac (kind=<system class>, name=java.io.FilterInputStream)
ROOT 500000ad (kind=<system class>, name=java.io.FileOutputStream)
ROOT 500000ae (kind=<system class>, name=java.io.OutputStream)
ROOT 500000af (kind=<system class>, name=java.io.Flushable)
ROOT 500000b0 (kind=<system class>, name=java.io.FileDescriptor$1)
ROOT 500000b1 (kind=<system class>, name=sun.misc.JavaIOFileDescriptorAccess)
ROOT 500000b2 (kind=<system class>, name=java.io.FileDescriptor)
ROOT 500000b3 (kind=<system class>, name=java.io.FileInputStream)
ROOT 500000b4 (kind=<system class>, name=sun.misc.Version)
ROOT 500000b5 (kind=<system class>, name=java.lang.Runtime)
ROOT 500000b6 (kind=<system class>, name=java.util.Hashtable$Enumerator)
ROOT 500000b7 (kind=<system class>, name=java.util.Iterator)
ROOT 500000b8 (kind=<system class>, name=java.util.Enumeration)
ROOT 500000b9 (kind=<system class>, name=java.util.Objects)
ROOT 500000ba (kind=<system class>, name=java.util.Collections$SynchronizedSet)
ROOT 500000bb (kind=<system class>, name=java.util.Collections$SynchronizedCollection)
ROOT 500000bc (kind=<system class>, name=java.util.Hashtable$EntrySet)
ROOT 500000bd (kind=<system class>, name=java.lang.ref.Finalizer$FinalizerThread)
ROOT 500000be (kind=<system class>, name=java.lang.Math)
ROOT 500000bf (kind=<system class>, name=java.util.Hashtable$Entry[])
ROOT 500000c0 (kind=<system class>, name=java.util.Hashtable$Entry)
ROOT 500000c0 (kind=<system class>, name=java.util.Hashtable$Entry)
ROOT 500000c1 (kind=<system class>, name=sun.misc.VM)
ROOT 500000c2 (kind=<system class>, name=java.util.HashMap$Node[])
ROOT 500000c4 (kind=<system class>, name=java.util.HashMap$Node)
ROOT 500000c3 (kind=<system class>, name=java.util.Map$Entry[])
ROOT 500000c5 (kind=<system class>, name=java.util.Map$Entry)
ROOT 500000c4 (kind=<system class>, name=java.util.HashMap$Node)
ROOT 500000c5 (kind=<system class>, name=java.util.Map$Entry)
ROOT 500000c6 (kind=<system class>, name=java.util.HashMap)
ROOT 500000c7 (kind=<system class>, name=sun.reflect.Reflection)
ROOT 500000c8 (kind=<system class>, name=java.lang.String[])
ROOT 5000016e (kind=<system class>, name=java.lang.String)
ROOT 500000c9 (kind=<system class>, name=java.lang.CharSequence[])
ROOT 5000016f (kind=<system class>, name=java.lang.CharSequence)
ROOT 500000ca (kind=<system class>, name=java.lang.NoSuchMethodError)
ROOT 500000cb (kind=<system class>, name=java.lang.IncompatibleClassChangeError)
ROOT 500000cc (kind=<system class>, name=sun.misc.SharedSecrets)
ROOT 500000cd (kind=<system class>, name=java.lang.ref.Reference$1)
ROOT 500000ce (kind=<system class>, name=sun.misc.JavaLangRefAccess)
ROOT 500000cf (kind=<system class>, name=java.lang.Thread[])
ROOT 5000014a (kind=<system class>, name=java.lang.Thread)
ROOT 500000d0 (kind=<system class>, name=java.lang.Runnable[])
ROOT 5000014b (kind=<system class>, name=java.lang.Runnable)
ROOT 500000d1 (kind=<system class>, name=java.lang.ref.ReferenceQueue$Lock)
ROOT 500000d2 (kind=<system class>, name=java.lang.ref.ReferenceQueue$Null)
ROOT 500000d3 (kind=<system class>, name=java.util.Collections$UnmodifiableRandomAccessList)
ROOT 500000d4 (kind=<system class>, name=java.util.Collections$UnmodifiableList)
ROOT 500000d5 (kind=<system class>, name=java.util.Collections$UnmodifiableCollection)
ROOT 500000d6 (kind=<system class>, name=java.util.Collections$EmptyMap)
ROOT 500000d7 (kind=<system class>, name=java.util.AbstractMap)
ROOT 500000d8 (kind=<system class>, name=java.util.Collections$EmptyList)
ROOT 500000d9 (kind=<system class>, name=java.util.Collections$EmptySet)
ROOT 500000da (kind=<system class>, name=java.util.AbstractSet)
ROOT 500000db (kind=<system class>, name=java.util.Set)
ROOT 500000dc (kind=<system class>, name=java.util.Collections)
ROOT 500000dd (kind=<system class>, name=java.util.ArrayList)
ROOT 500000de (kind=<system class>, name=java.lang.InterruptedException)
ROOT 500000df (kind=<system class>, name=java.lang.ref.Reference$ReferenceHandler)
ROOT 500000e0 (kind=<system class>, name=java.lang.ref.Reference$Lock)
ROOT 500000e1 (kind=<system class>, name=sun.reflect.ReflectionFactory)
ROOT 500000e2 (kind=<system class>, name=java.util.Stack)
ROOT 500000e3 (kind=<system class>, name=java.util.Vector)
ROOT 500000e4 (kind=<system class>, name=java.util.AbstractList)
ROOT 500000e5 (kind=<system class>, name=java.util.AbstractCollection)
ROOT 500000e6 (kind=<system class>, name=java.util.RandomAccess)
ROOT 500000e7 (kind=<system class>, name=java.util.List)
ROOT 500000e8 (kind=<system class>, name=java.util.Collection)
ROOT 500000e9 (kind=<system class>, name=java.lang.Iterable)
ROOT 500000ea (kind=<system class>, name=java.security.cert.Certificate[])
ROOT 500000eb (kind=<system class>, name=java.security.cert.Certificate)
ROOT 500000eb (kind=<system class>, name=java.security.cert.Certificate)
ROOT 500000ec (kind=<system class>, name=sun.reflect.ReflectionFactory$GetReflectionFactoryAction)
ROOT 500000ed (kind=<system class>, name=java.security.PrivilegedAction)
ROOT 500000ee (kind=<system class>, name=java.lang.reflect.ReflectPermission)
ROOT 500000ef (kind=<system class>, name=java.security.AccessController)
ROOT 500000f0 (kind=<system class>, name=java.lang.RuntimePermission)
ROOT 500000f1 (kind=<system class>, name=java.security.BasicPermission)
ROOT 500000f2 (kind=<system class>, name=java.security.Permission)
ROOT 500000f3 (kind=<system class>, name=java.security.Guard)
ROOT 500000f4 (kind=<system class>, name=java.lang.StackTraceElement[])
ROOT 50000113 (kind=<system class>, name=java.lang.StackTraceElement)
ROOT 500000f5 (kind=<system class>, name=java.lang.ThreadGroup[])
ROOT 50000148 (kind=<system class>, name=java.lang.ThreadGroup)
ROOT 500000f6 (kind=<system class>, name=java.lang.Thread$UncaughtExceptionHandler[])
ROOT 50000149 (kind=<system class>, name=java.lang.Thread$UncaughtExceptionHandler)
ROOT 500000f7 (kind=<system class>, name=com.sun.demo.jvmti.hprof.Tracker)
ROOT 500000f8 (kind=<system class>, name=java.lang.String$CaseInsensitiveComparator)
ROOT 500000f9 (kind=<system class>, name=java.util.Comparator)
ROOT 500000fa (kind=<system class>, name=java.io.ObjectStreamField[])
ROOT 500000fc (kind=<system class>, name=java.io.ObjectStreamField)
ROOT 500000fb (kind=<system class>, name=java.lang.Comparable[])
ROOT 50000170 (kind=<system class>, name=java.lang.Comparable)
ROOT 500000fc (kind=<system class>, name=java.io.ObjectStreamField)
ROOT 500000fd (kind=<system class>, name=java.lang.OutOfMemoryError[])
ROOT 50000156 (kind=<system class>, name=java.lang.OutOfMemoryError)
ROOT 500000fe (kind=<system class>, name=java.lang.VirtualMachineError[])
ROOT 50000157 (kind=<system class>, name=java.lang.VirtualMachineError)
ROOT 500000ff (kind=<system class>, name=java.lang.Error[])
ROOT 50000165 (kind=<system class>, name=java.lang.Error)
ROOT 50000100 (kind=<system class>, name=java.lang.Throwable[])
ROOT 50000166 (kind=<system class>, name=java.lang.Throwable)
ROOT 50000101 (kind=<system class>, name=java.lang.ArithmeticException)
ROOT 50000102 (kind=<system class>, name=java.lang.NullPointerException)
ROOT 50000103 (kind=<system class>, name=java.lang.Class[])
ROOT 5000016a (kind=<system class>, name=java.lang.Class)
ROOT 50000104 (kind=<system class>, name=java.io.Serializable[])
ROOT 50000171 (kind=<system class>, name=java.io.Serializable)
ROOT 50000105 (kind=<system class>, name=java.lang.reflect.GenericDeclaration[])
ROOT 5000016c (kind=<system class>, name=java.lang.reflect.GenericDeclaration)
ROOT 50000106 (kind=<system class>, name=java.lang.reflect.AnnotatedElement[])
ROOT 5000016d (kind=<system class>, name=java.lang.reflect.AnnotatedElement)
ROOT 50000107 (kind=<system class>, name=java.lang.reflect.Type[])
ROOT 5000016b (kind=<system class>, name=java.lang.reflect.Type)
ROOT 50000108 (kind=<system class>, name=java.lang.Object[])
ROOT 50000172 (kind=<system class>, name=java.lang.Object)
ROOT 50000109 (kind=<system class>, name=java.lang.Long)
ROOT 5000010a (kind=<system class>, name=java.lang.Integer)
ROOT 5000010b (kind=<system class>, name=java.lang.Short)
ROOT 5000010c (kind=<system class>, name=java.lang.Byte)
ROOT 5000010d (kind=<system class>, name=java.lang.Double)
ROOT 5000010e (kind=<system class>, name=java.lang.Float)
ROOT 5000010f (kind=<system class>, name=java.lang.Number)
ROOT 50000110 (kind=<system class>, name=java.lang.Character)
ROOT 50000111 (kind=<system class>, name=java.lang.Boolean)
ROOT 50000112 (kind=<system class>, name=java.nio.Buffer)
ROOT 50000113 (kind=<system class>, name=java.lang.StackTraceElement)
ROOT 50000114 (kind=<system class>, name=java.security.CodeSource)
ROOT 50000115 (kind=<system class>, name=sun.misc.Launcher$ExtClassLoader)
ROOT 50000116 (kind=<system class>, name=sun.misc.Launcher$AppClassLoader)
ROOT 50000117 (kind=<system class>, name=sun.misc.Launcher)
ROOT 50000118 (kind=<system class>, name=java.util.jar.Manifest)
ROOT 50000119 (kind=<system class>, name=java.net.URL)
ROOT 5000011a (kind=<system class>, name=java.net.URLClassLoader)
ROOT 5000011b (kind=<system class>, name=java.io.File)
ROOT 5000011c (kind=<system class>, name=java.io.ByteArrayInputStream)
ROOT 5000011d (kind=<system class>, name=java.io.InputStream)
ROOT 5000011e (kind=<system class>, name=java.io.Closeable)
ROOT 5000011f (kind=<system class>, name=java.lang.AutoCloseable)
ROOT 50000120 (kind=<system class>, name=sun.misc.Unsafe)
ROOT 50000121 (kind=<system class>, name=java.lang.StringBuilder)
ROOT 50000122 (kind=<system class>, name=java.lang.StringBuffer)
ROOT 50000123 (kind=<system class>, name=java.lang.AbstractStringBuilder)
ROOT 50000124 (kind=<system class>, name=java.lang.Appendable)
ROOT 50000125 (kind=<system class>, name=java.lang.invoke.VolatileCallSite)
ROOT 50000126 (kind=<system class>, name=java.lang.invoke.MutableCallSite)
ROOT 50000127 (kind=<system class>, name=java.lang.invoke.ConstantCallSite)
ROOT 50000128 (kind=<system class>, name=java.lang.invoke.CallSite)
ROOT 50000129 (kind=<system class>, name=java.lang.BootstrapMethodError)
ROOT 5000012a (kind=<system class>, name=java.lang.invoke.MethodType)
ROOT 5000012b (kind=<system class>, name=java.lang.invoke.LambdaForm)
ROOT 5000012c (kind=<system class>, name=java.lang.invoke.MethodHandleNatives)
ROOT 5000012d (kind=<system class>, name=java.lang.invoke.MemberName)
ROOT 5000012e (kind=<system class>, name=java.lang.invoke.DirectMethodHandle)
ROOT 5000012f (kind=<system class>, name=java.lang.invoke.MethodHandle)
ROOT 50000130 (kind=<system class>, name=sun.reflect.CallerSensitive)
ROOT 50000131 (kind=<system class>, name=java.lang.annotation.Annotation)
ROOT 50000132 (kind=<system class>, name=sun.reflect.UnsafeStaticFieldAccessorImpl)
ROOT 50000133 (kind=<system class>, name=sun.reflect.UnsafeFieldAccessorImpl)
ROOT 50000134 (kind=<system class>, name=sun.reflect.FieldAccessorImpl)
ROOT 50000135 (kind=<system class>, name=sun.reflect.FieldAccessor)
ROOT 50000136 (kind=<system class>, name=sun.reflect.ConstantPool)
ROOT 50000137 (kind=<system class>, name=sun.reflect.DelegatingClassLoader)
ROOT 50000138 (kind=<system class>, name=sun.reflect.ConstructorAccessorImpl)
ROOT 50000139 (kind=<system class>, name=sun.reflect.ConstructorAccessor)
ROOT 5000013a (kind=<system class>, name=sun.reflect.MethodAccessorImpl)
ROOT 5000013b (kind=<system class>, name=sun.reflect.MethodAccessor)
ROOT 5000013c (kind=<system class>, name=sun.reflect.MagicAccessorImpl)
ROOT 5000013d (kind=<system class>, name=java.lang.reflect.Constructor)
ROOT 5000013e (kind=<system class>, name=java.lang.reflect.Method)
ROOT 5000013f (kind=<system class>, name=java.lang.reflect.Executable)
ROOT 50000140 (kind=<system class>, name=java.lang.reflect.Parameter)
ROOT 50000141 (kind=<system class>, name=java.lang.reflect.Field)
ROOT 50000142 (kind=<system class>, name=java.lang.reflect.Member)
ROOT 50000143 (kind=<system class>, name=java.lang.reflect.AccessibleObject)
ROOT 50000144 (kind=<system class>, name=java.util.Properties)
ROOT 50000145 (kind=<system class>, name=java.util.Hashtable)
ROOT 50000146 (kind=<system class>, name=java.util.Dictionary)
ROOT 50000147 (kind=<system class>, name=java.util.Map)
ROOT 50000148 (kind=<system class>, name=java.lang.ThreadGroup)
ROOT 50000149 (kind=<system class>, name=java.lang.Thread$UncaughtExceptionHandler)
ROOT 5000014a (kind=<system class>, name=java.lang.Thread)
ROOT 5000014b (kind=<system class>, name=java.lang.Runnable)
ROOT 5000014c (kind=<system class>, name=java.lang.ref.ReferenceQueue)
ROOT 5000014d (kind=<system class>, name=java.lang.ref.Finalizer)
ROOT 5000014e (kind=<system class>, name=sun.misc.Cleaner)
ROOT 5000014f (kind=<system class>, name=java.lang.ref.PhantomReference)
ROOT 50000150 (kind=<system class>, name=java.lang.ref.FinalReference)
ROOT 50000151 (kind=<system class>, name=java.lang.ref.WeakReference)
ROOT 50000152 (kind=<system class>, name=java.lang.ref.SoftReference)
ROOT 50000153 (kind=<system class>, name=java.lang.ref.Reference)
ROOT 50000154 (kind=<system class>, name=java.lang.IllegalMonitorStateException)
ROOT 50000155 (kind=<system class>, name=java.lang.StackOverflowError)
ROOT 50000156 (kind=<system class>, name=java.lang.OutOfMemoryError)
ROOT 50000157 (kind=<system class>, name=java.lang.VirtualMachineError)
ROOT 50000158 (kind=<system class>, name=java.lang.ArrayStoreException)
ROOT 50000159 (kind=<system class>, name=java.lang.ClassCastException)
ROOT 5000015a (kind=<system class>, name=java.lang.NoClassDefFoundError)
ROOT 5000015b (kind=<system class>, name=java.lang.LinkageError)
ROOT 5000015c (kind=<system class>, name=java.lang.ClassNotFoundException)
ROOT 5000015d (kind=<system class>, name=java.lang.ReflectiveOperationException)
ROOT 5000015e (kind=<system class>, name=java.security.SecureClassLoader)
ROOT 5000015f (kind=<system class>, name=java.security.AccessControlContext)
ROOT 50000160 (kind=<system class>, name=java.security.ProtectionDomain)
ROOT 50000161 (kind=<system class>, name=java.lang.SecurityManager)
ROOT 50000162 (kind=<system class>, name=java.lang.RuntimeException)
ROOT 50000163 (kind=<system class>, name=java.lang.Exception)
ROOT 50000164 (kind=<system class>, name=java.lang.ThreadDeath)
ROOT 50000165 (kind=<system class>, name=java.lang.Error)
ROOT 50000166 (kind=<system class>, name=java.lang.Throwable)
ROOT 50000167 (kind=<system class>, name=java.lang.System)
ROOT 50000168 (kind=<system class>, name=java.lang.ClassLoader)
ROOT 50000169 (kind=<system class>, name=java.lang.Cloneable)
ROOT 5000016a (kind=<system class>, name=java.lang.Class)
ROOT 5000016b (kind=<system class>, name=java.lang.reflect.Type)
ROOT 5000016c (kind=<system class>, name=java.lang.reflect.GenericDeclaration)
ROOT 5000016d (kind=<system class>, name=java.lang.reflect.AnnotatedElement)
ROOT 5000016e (kind=<system class>, name=java.lang.String)
ROOT 5000016f (kind=<system class>, name=java.lang.CharSequence)
ROOT 50000170 (kind=<system class>, name=java.lang.Comparable)
ROOT 50000171 (kind=<system class>, name=java.io.Serializable)
ROOT 50000172 (kind=<system class>, name=java.lang.Object)
ROOT 50000173 (kind=<system class>, name=long[])
ROOT 5000058e (kind=<system class>, name=java.lang.Class)
ROOT 50000174 (kind=<system class>, name=int[])
ROOT 5000058f (kind=<system class>, name=java.lang.Class)
ROOT 50000175 (kind=<system class>, name=short[])
ROOT 50000591 (kind=<system class>, name=java.lang.Class)
ROOT 50000176 (kind=<system class>, name=byte[])
ROOT 5000059c (kind=<system class>, name=java.lang.Class)
ROOT 50000177 (kind=<system class>, name=double[])
ROOT 5000059d (kind=<system class>, name=java.lang.Class)
ROOT 50000178 (kind=<system class>, name=float[])
ROOT 5000059e (kind=<system class>, name=java.lang.Class)
ROOT 50000179 (kind=<system class>, name=char[])
ROOT 5000059f (kind=<system class>, name=java.lang.Class)
ROOT 5000017a (kind=<system class>, name=boolean[])
ROOT 500005a0 (kind=<system class>, name=java.lang.Class)
ROOT 500003cc (kind=<busy monitor>)
ROOT 500003c9 (kind=<busy monitor>)
ROOT 5000058f (kind=<unknown>)
ROOT 5000059e (kind=<unknown>)
ROOT 5000059d (kind=<unknown>)
ROOT 5000059c (kind=<unknown>)
ROOT 500005a0 (kind=<unknown>)
ROOT 5000059f (kind=<unknown>)
ROOT 5000058e (kind=<unknown>)
ROOT 50000591 (kind=<unknown>)
ROOT 500005a2 (kind=<unknown>)
ROOT 500005a0 (kind=<unknown>)
ROOT 5000059f (kind=<unknown>)
ROOT 5000059e (kind=<unknown>)
ROOT 5000059d (kind=<unknown>)
ROOT 5000059c (kind=<unknown>)
ROOT 50000591 (kind=<unknown>)
ROOT 5000058f (kind=<unknown>)
ROOT 5000058e (kind=<unknown>)
ROOT 500005a2 (kind=<unknown>)
ROOT 500005a3 (kind=<unknown>)
ROOT 500005a4 (kind=<unknown>)
ROOT 500005a5 (kind=<unknown>)
ROOT 500005a6 (kind=<unknown>)
ROOT 500005a7 (kind=<unknown>)
ROOT 500005a8 (kind=<unknown>)
ROOT 500005c8 (kind=<unknown>)
ROOT 500005c9 (kind=<unknown>)
ROOT 500005ca (kind=<unknown>)
ROOT 500005cb (kind=<unknown>)
ROOT 500005ce (kind=<unknown>)
ROOT 500005d0 (kind=<unknown>)
ROOT 500005d1 (kind=<unknown>)
ROOT 500005d2 (kind=<unknown>)
ROOT 500005d3 (kind=<unknown>)
ROOT 500005d4 (kind=<unknown>)
ROOT 500000f7 (kind=<unknown>)
ROOT 500005d5 (kind=<unknown>)
ROOT 500000f7 (kind=<unknown>)
ROOT 500000f7 (kind=<unknown>)
ROOT 500005d6 (kind=<unknown>)
ROOT 500005d7 (kind=<unknown>)
ROOT 500000f7 (kind=<unknown>)
ROOT 500005d9 (kind=<unknown>)
ROOT 500005da (kind=<unknown>)
ROOT 500005db (kind=<unknown>)
ROOT 500005e1 (kind=<unknown>)
ROOT 500005e2 (kind=<unknown>)
ROOT 500005da (kind=<unknown>)
ROOT 500005db (kind=<unknown>)
ROOT 500005e1 (kind=<unknown>)
ROOT 500005e2 (kind=<unknown>)
ROOT 500000f7 (kind=<unknown>)
ROOT 500005d5 (kind=<unknown>)
ROOT 500005e3 (kind=<unknown>)
ROOT 500005e3 (kind=<unknown>)
ROOT 500005e3 (kind=<unknown>)
ROOT 500005e3 (kind=<unknown>)
ROOT 500000f7 (kind=<unknown>)
ROOT 500000f7 (kind=<unknown>)
ROOT 500000f7 (kind=<unknown>)
ROOT 500000f7 (kind=<unknown>)
ROOT 500005e4 (kind=<unknown>)
ROOT 500005e3 (kind=<unknown>)
ROOT 50000004 (kind=<unknown>)
ROOT 500000ef (kind=<unknown>)
ROOT 500000f7 (kind=<unknown>)
ROOT 500000f7 (kind=<unknown>)
ROOT 50000012 (kind=<unknown>)
ROOT 500000f7 (kind=<unknown>)
ROOT 5000025e (kind=<unknown>)
ROOT 500000f7 (kind=<unknown>)
ROOT 5000014a (kind=<unknown>)
ROOT 500005e5 (kind=<unknown>)
ROOT 500005e5 (kind=<unknown>)
ROOT 500000f7 (kind=<unknown>)
ROOT 5000002b (kind=<unknown>)
ROOT 500000f7 (kind=<unknown>)
ROOT 500005e6 (kind=<unknown>)
ROOT 500005e7 (kind=<unknown>)
ROOT 500005e8 (kind=<unknown>)
ROOT 500000f7 (kind=<unknown>)
ROOT 500000f7 (kind=<unknown>)
ROOT 5000003d (kind=<unknown>)
ROOT 500005e9 (kind=<unknown>)
ROOT 500000f7 (kind=<unknown>)
ROOT 500000f7 (kind=<unknown>)
ROOT 500000f7 (kind=<unknown>)
ROOT 5000014c (kind=<unknown>)
ROOT 500005d5 (kind=<unknown>)
ROOT 500000f7 (kind=<unknown>)
ROOT 500005d5 (kind=<unknown>)
ROOT 500000f7 (kind=<unknown>)
ROOT 500000c1 (kind=<unknown>)
ROOT 500000c1 (kind=<unknown>)
ROOT 500000f7 (kind=<unknown>)
ROOT 500000f7 (kind=<unknown>)
ROOT 500005d5 (kind=<unknown>)
ROOT 500000f7 (kind=<unknown>)
ROOT 50000167 (kind=<unknown>)
ROOT 500000f7 (kind=<unknown>)
ROOT 500005d5 (kind=<unknown>)
ROOT 500000f7 (kind=<unknown>)
ROOT 50000167 (kind=<unknown>)
ROOT 500000f7 (kind=<unknown>)
ROOT 500005d6 (kind=<unknown>)
ROOT 500005d5 (kind=<unknown>)
ROOT 500000f7 (kind=<unknown>)
ROOT 500005ea (kind=<unknown>)
ROOT 500005ea (kind=<unknown>)
ROOT 500000f7 (kind=<unknown>)
ROOT 500000f7 (kind=<unknown>)
ROOT 500000f7 (kind=<unknown>)
ROOT 500000f7 (kind=<unknown>)
ROOT 500005d5 (kind=<unknown>)
ROOT 500000f7 (kind=<unknown>)
ROOT 500005d5 (kind=<unknown>)
ROOT 500000f7 (kind=<unknown>)
ROOT 500005d5 (kind=<unknown>)
ROOT 50000167 (kind=<unknown>)
OBJ 5000017b (sz=376, trace=300001, class=java.lang.Thread@5000014a)
OBJ 5000017c (sz=16, trace=300002, class=java.lang.Object@50000172)
OBJ 5000017d (sz=376, trace=300000, class=java.lang.Thread@5000014a)
OBJ 5000017e (sz=376, trace=300000, class=java.lang.Thread@5000014a)
OBJ 5000017f (sz=376, trace=300000, class=java.lang.Thread@5000014a)
OBJ 50000180 (sz=376, trace=300001, class=java.lang.Thread@5000014a)
OBJ 50000181 (sz=16, trace=300002, class=java.lang.Object@50000172)
OBJ 50000182 (sz=376, trace=300001, class=java.lang.Thread@5000014a)
OBJ 50000183 (sz=16, trace=300002, class=java.lang.Object@50000172)
OBJ 50000185 (sz=16, trace=300157, class=java.lang.Object@50000172)
OBJ 50000186 (sz=32, trace=300683, class=java.util.concurrent.ConcurrentHashMap$Node@50000024)
	key		50000aff
	val		50000185
	next		500004e5
OBJ 50000188 (sz=16, trace=300160, class=java.lang.Object@50000172)
OBJ 50000189 (sz=32, trace=300683, class=java.util.concurrent.ConcurrentHashMap$Node@50000024)
	key		50000aff
	val		50000188
	next		500004ed
OBJ 5000018d (sz=56, trace=300130, class=java.lang.Class$ReflectionData@500000a5)
OBJ 5000018e (sz=40, trace=300040, class=java.lang.ref.SoftReference@50000152)
OBJ 5000018f (sz=80, trace=300131, class=java.lang.reflect.Constructor@5000013d)
OBJ 50000192 (sz=16, trace=300015, class=java.lang.invoke.MethodHandleImpl$2@50000191)
OBJ 50000194 (sz=16, trace=300017, class=java.lang.invoke.MethodHandleImpl$3@50000193)
ARR 50000196 (sz=24, trace=300018, nelems=0, elem type=java.lang.invoke.MethodHandle[]@50000195)
ARR 50000197 (sz=16, trace=300019, nelems=0, elem type=java.lang.Object[]@50000108)
ARR 50000198 (sz=1040, trace=300020, nelems=0, elem type=java.lang.invoke.MethodHandle[]@50000195)
ARR 5000019d (sz=24, trace=300023, nelems=0, elem type=java.lang.ClassValue$Entry[]@5000019c)
OBJ 5000019e (sz=16, trace=300024, class=java.util.concurrent.atomic.AtomicInteger@50000085)
OBJ 5000019f (sz=16, trace=300025, class=java.lang.Object@50000172)
OBJ 500001a0 (sz=24, trace=300026, class=java.lang.invoke.MethodHandleImpl$4@5000019a)
	identity	500001a2
	version		500001a4
OBJ 500001a2 (sz=16, trace=300028, class=java.lang.ClassValue$Identity@500001a1)
OBJ 500001a4 (sz=24, trace=300030, class=java.lang.ClassValue$Version@500001a3)
	classValue	500001a0
	promise		500001a6
OBJ 500001a5 (sz=32, trace=300031, class=java.lang.ClassValue$Entry@5000019b)
	queue		50000f87
OBJ 500001a6 (sz=32, trace=300032, class=java.lang.ClassValue$Entry@5000019b)
	referent	500001a4
	queue		50000f87
	value		500001a6
OBJ 500001a8 (sz=16, trace=300034, class=java.lang.invoke.MemberName$Factory@500001a7)
OBJ 500001ac (sz=24, trace=300133, class=sun.reflect.NativeConstructorAccessorImpl@5000007c)
OBJ 500001ad (sz=56, trace=300039, class=java.lang.Class$ReflectionData@500000a5)
OBJ 500001ae (sz=40, trace=300040, class=java.lang.ref.SoftReference@50000152)
OBJ 500001af (sz=16, trace=300134, class=sun.reflect.DelegatingConstructorAccessorImpl@5000007b)
OBJ 500001b0 (sz=376, trace=300001, class=java.lang.Thread@5000014a)
OBJ 500001b1 (sz=16, trace=300002, class=java.lang.Object@50000172)
OBJ 500001b4 (sz=16, trace=300043, class=java.lang.Object@50000172)
OBJ 500001b6 (sz=56, trace=300039, class=java.lang.Class$ReflectionData@500000a5)
OBJ 500001b7 (sz=40, trace=300040, class=java.lang.ref.SoftReference@50000152)
OBJ 500001b8 (sz=40, trace=301003, class=com.sun.tools.javac.resources.compiler@5000018b)
	locale		50000f20
	name		50000c59
	cacheKey	50001b7d
	lookup		500023b3
OBJ 500001b9 (sz=16, trace=300045, class=java.util.concurrent.atomic.AtomicBoolean@500001b5)
OBJ 500001bb (sz=32, trace=300999, class=java.util.ResourceBundle$LoaderReference@50002274)
	referent	500003d7
	queue		50001e68
	cacheKey	50001b7d
OBJ 500001bd (sz=48, trace=301005, class=java.util.ResourceBundle$BundleReference@500001bc)
	referent	500001b8
	queue		50001e68
	cacheKey	50001b7d
ARR 500001be (sz=272, trace=301006, nelems=60, elem type=java.util.concurrent.ConcurrentHashMap$Node[]@50000023)
	[6]		50001fd6
	[7]		50000268
	[13]		50002057
	[22]		500020cc
	[29]		50001ebf
	[42]		500002ab
	[43]		50001f14
	[49]		500001bf
	[59]		50002090
OBJ 500001bf (sz=32, trace=301007, class=java.util.concurrent.ConcurrentHashMap$Node@50000024)
	key		50001b7d
	val		500001bd
ARR 500001c1 (sz=40, trace=301850, nelems=5, elem type=java.lang.String[]@500000c8)
	[0]		500005d6
	[1]		50002d42
	[2]		50002d3f
	[3]		50002d45
	[4]		50002d3d
ARR 500001c2 (sz=32, trace=301851, nelems=4, elem type=java.lang.String[]@500000c8)
	[0]		500005d6
	[1]		50002d3e
	[2]		50002d43
	[3]		50002d40
OBJ 500001c3 (sz=24, trace=301010, class=java.lang.String@5000016e)
	value		500001c4
ARR 500001c4 (sz=82, trace=301011, nelems=41, elem type=char[])
OBJ 500001c6 (sz=16, trace=300157, class=java.lang.Object@50000172)
OBJ 500001c7 (sz=32, trace=300159, class=java.util.concurrent.ConcurrentHashMap$Node@50000024)
	key		500001c3
	val		500001c6
OBJ 500001c8 (sz=16, trace=300160, class=java.lang.Object@50000172)
OBJ 500001c9 (sz=32, trace=300159, class=java.util.concurrent.ConcurrentHashMap$Node@50000024)
	key		500001c3
	val		500001c8
ARR 500001ca (sz=40, trace=301852, nelems=5, elem type=java.lang.String[]@500000c8)
	[0]		500005d6
	[1]		50002d44
	[2]		50002d41
	[3]		50000734
	[4]		50002a33
ARR 500001cb (sz=20, trace=301853, nelems=5, elem type=int[])
OBJ 500001cc (sz=40, trace=301854, class=java.text.MessageFormat@500001c0)
ARR 500001ce (sz=56, trace=301855, nelems=0, elem type=java.text.Format[]@500001cd)
ARR 500001cf (sz=56, trace=301856, nelems=0, elem type=int[])
ARR 500001d0 (sz=56, trace=301857, nelems=0, elem type=int[])
OBJ 500001d2 (sz=40, trace=301859, class=java.util.Locale$Category@500001d1)
	name		500010bb
	languageKey	500010bf
	scriptKey	500010c1
	countryKey	500010bd
	variantKey	500010d1
OBJ 500001d4 (sz=40, trace=301860, class=java.util.Locale$Category@500001d1)
	name		500010bc
	languageKey	500010c0
	scriptKey	500010d0
	countryKey	500010be
	variantKey	500010d2
ARR 500001d7 (sz=24, trace=301861, nelems=2, elem type=java.util.Locale$Category[]@500001d6)
	[0]		500001d2
	[1]		500001d4
ARR 500001d9 (sz=8, trace=301863, nelems=2, elem type=int[])
OBJ 500001da (sz=24, trace=301864, class=sun.security.action.GetPropertyAction@50000084)
OBJ 500001db (sz=24, trace=301865, class=sun.security.action.GetPropertyAction@50000084)
OBJ 500001dc (sz=24, trace=301866, class=sun.security.action.GetPropertyAction@50000084)
OBJ 500001dd (sz=24, trace=301867, class=sun.security.action.GetPropertyAction@50000084)
OBJ 500001de (sz=40, trace=300984, class=sun.util.locale.BaseLocale$Key@5000001a)
OBJ 500001df (sz=40, trace=300985, class=java.lang.ref.SoftReference@50000152)
OBJ 500001e0 (sz=40, trace=300986, class=java.lang.ref.SoftReference@50000152)
OBJ 500001e1 (sz=40, trace=300987, class=java.lang.ref.SoftReference@50000152)
OBJ 500001e3 (sz=40, trace=300988, class=java.lang.ref.SoftReference@50000152)
OBJ 500001e4 (sz=32, trace=301868, class=sun.util.locale.BaseLocale@5000001c)
	language	50000f06
	script		500005d6
	region		5000091d
	variant		500005d6
OBJ 500001e5 (sz=40, trace=301869, class=sun.util.locale.BaseLocale$Key@5000001a)
	lang		500001e6
	scrt		500001e7
	regn		500001e8
	vart		500001e9
OBJ 500001e6 (sz=40, trace=300985, class=java.lang.ref.SoftReference@50000152)
	referent	50000f06
	queue		50000f87
OBJ 500001e7 (sz=40, trace=300986, class=java.lang.ref.SoftReference@50000152)
	referent	500005d6
	queue		50000f87
OBJ 500001e8 (sz=40, trace=300987, class=java.lang.ref.SoftReference@50000152)
	referent	5000091d
	queue		50000f87
OBJ 500001e9 (sz=40, trace=300988, class=java.lang.ref.SoftReference@50000152)
	referent	500005d6
	queue		50000f87
OBJ 500001ea (sz=24, trace=300083, class=java.io.ExpiringCache$Entry@50000061)
	val		50000e98
OBJ 500001eb (sz=40, trace=300084, class=java.util.LinkedHashMap$Entry@50000060)
	key		50000a11
	value		500001ea
	before		50000e59
	after		50001eb8
OBJ 500001ec (sz=48, trace=300994, class=sun.util.locale.LocaleObjectCache$CacheEntry@50000019)
	referent	500001e4
	queue		50000f6b
	key		500001e5
OBJ 500001ed (sz=32, trace=300996, class=java.util.concurrent.ConcurrentHashMap$Node@50000024)
	key		500001e5
	val		500001ec
OBJ 500001ee (sz=24, trace=300989, class=java.util.Locale$LocaleKey@50000018)
	base		500001e4
OBJ 500001ef (sz=32, trace=301870, class=java.util.Locale@5000002f)
	baseLocale	500001e4
OBJ 500001f0 (sz=48, trace=300994, class=sun.util.locale.LocaleObjectCache$CacheEntry@50000019)
	referent	500001ef
	queue		50000f4c
	key		500001ee
OBJ 500001f1 (sz=32, trace=300996, class=java.util.concurrent.ConcurrentHashMap$Node@50000024)
	key		500001ee
	val		500001f0
ARR 500001f3 (sz=32, trace=301871, nelems=0, elem type=java.lang.StringBuilder[]@500001f2)
OBJ 500001f4 (sz=24, trace=301872, class=java.lang.StringBuilder@50000121)
ARR 500001f5 (sz=48, trace=301873, nelems=0, elem type=char[])
OBJ 500001f6 (sz=24, trace=301874, class=java.lang.StringBuilder@50000121)
ARR 500001f7 (sz=48, trace=301875, nelems=0, elem type=char[])
ARR 500001f8 (sz=32, trace=301876, nelems=0, elem type=java.lang.String[]@500000c8)
OBJ 500001f9 (sz=24, trace=301877, class=java.lang.String@5000016e)
OBJ 500001fa (sz=24, trace=301877, class=java.lang.String@5000016e)
ARR 500001fb (sz=24, trace=301878, nelems=0, elem type=char[])
OBJ 500001fc (sz=24, trace=301874, class=java.lang.StringBuilder@50000121)
ARR 500001fd (sz=48, trace=301875, nelems=0, elem type=char[])
ARR 500001fe (sz=32, trace=301876, nelems=0, elem type=java.lang.String[]@500000c8)
OBJ 500001ff (sz=24, trace=301877, class=java.lang.String@5000016e)
ARR 50000200 (sz=24, trace=301878, nelems=0, elem type=char[])
OBJ 50000201 (sz=24, trace=301877, class=java.lang.String@5000016e)
ARR 50000202 (sz=24, trace=301878, nelems=0, elem type=char[])
OBJ 50000203 (sz=24, trace=300103, class=java.lang.String@5000016e)
ARR 50000204 (sz=160, trace=300104, nelems=0, elem type=char[])
OBJ 50000205 (sz=32, trace=300105, class=java.io.FileOutputStream@500000ad)
OBJ 50000206 (sz=32, trace=300222, class=java.util.HashMap$Node@500000c4)
	key		50001b20
	value		50001a69
OBJ 50000207 (sz=16, trace=300107, class=java.lang.Object@50000172)
OBJ 50000208 (sz=40, trace=300108, class=java.io.FileDescriptor@500000b2)
OBJ 50000209 (sz=24, trace=301879, class=java.lang.String@5000016e)
ARR 5000020a (sz=24, trace=301880, nelems=0, elem type=char[])
OBJ 5000020b (sz=24, trace=301881, class=java.lang.StringBuffer@50000122)
ARR 5000020c (sz=48, trace=301882, nelems=0, elem type=char[])
OBJ 5000020e (sz=32, trace=301884, class=java.text.FieldPosition@5000020d)
OBJ 50000210 (sz=16, trace=300114, class=java.lang.ThreadLocal@50000086)
OBJ 50000211 (sz=16, trace=300115, class=java.lang.ThreadLocal@50000086)
OBJ 50000213 (sz=24, trace=300117, class=java.lang.ThreadLocal$ThreadLocalMap@50000212)
	table		50000216
ARR 50000216 (sz=80, trace=300119, nelems=15, elem type=java.lang.ThreadLocal$ThreadLocalMap$Entry[]@50000215)
	[5]		5000027d
	[7]		50000241
	[14]		50000217
OBJ 50000217 (sz=32, trace=300120, class=java.lang.ThreadLocal$ThreadLocalMap$Entry@50000214)
	referent	50000211
	queue		50000f87
	value		50000230
OBJ 50000218 (sz=24, trace=301885, class=java.lang.String@5000016e)
OBJ 5000021d (sz=48, trace=301888, class=java.util.HashMap@500000c6)
	table		50000221
OBJ 5000021e (sz=16, trace=301889, class=java.text.AttributedCharacterIterator$Attribute@5000021a)
	name		50000f0d
ARR 50000221 (sz=48, trace=301890, nelems=3, elem type=java.util.HashMap$Node[]@500000c2)
	[1]		5000022d
	[2]		50000225
OBJ 50000222 (sz=56, trace=300130, class=java.lang.Class$ReflectionData@500000a5)
OBJ 50000223 (sz=40, trace=300040, class=java.lang.ref.SoftReference@50000152)
OBJ 50000224 (sz=80, trace=300131, class=java.lang.reflect.Constructor@5000013d)
OBJ 50000225 (sz=32, trace=300221, class=java.util.HashMap$Node@500000c4)
	key		50000f0d
	value		5000021e
	next		50000232
OBJ 50000226 (sz=24, trace=300133, class=sun.reflect.NativeConstructorAccessorImpl@5000007c)
OBJ 50000227 (sz=16, trace=300134, class=sun.reflect.DelegatingConstructorAccessorImpl@5000007b)
OBJ 50000228 (sz=24, trace=300135, class=sun.nio.cs.UTF_8@50000220)
	name		50000dd1
	aliases		500012f9
OBJ 50000229 (sz=16, trace=301891, class=java.text.AttributedCharacterIterator$Attribute@5000021a)
	name		50002d53
OBJ 5000022b (sz=32, trace=300138, class=java.lang.StringCoding$StringEncoder@5000022a)
	cs		50000228
	ce		5000022e
	requestedCharsetName	50000dd1
OBJ 5000022d (sz=32, trace=300221, class=java.util.HashMap$Node@500000c4)
	key		50002d53
	value		50000229
OBJ 5000022e (sz=56, trace=300141, class=sun.nio.cs.UTF_8$Encoder@5000022c)
	charset		50000228
	replacement	5000022f
	malformedInputAction	500017f3
	unmappableCharacterAction	500017f3
ARR 5000022f (sz=1, trace=300142, nelems=1, elem type=byte[])
OBJ 50000230 (sz=40, trace=300143, class=java.lang.ref.SoftReference@50000152)
	referent	5000022b
	queue		50000f87
OBJ 50000231 (sz=16, trace=301892, class=java.text.AttributedCharacterIterator$Attribute@5000021a)
	name		50002d52
OBJ 50000232 (sz=32, trace=300222, class=java.util.HashMap$Node@500000c4)
	key		50002d52
	value		50000231
OBJ 50000234 (sz=16, trace=301893, class=java.text.MessageFormat$Field@5000021c)
	name		50002d50
OBJ 50000235 (sz=376, trace=300000, class=java.lang.Thread@5000014a)
OBJ 50000237 (sz=24, trace=300148, class=sun.launcher.LauncherHelper@50000236)
	name		50002f3d
ARR 50000239 (sz=24, trace=300149, nelems=1, elem type=sun.launcher.LauncherHelper[]@50000238)
	[0]		50000237
OBJ 5000023a (sz=24, trace=300150, class=java.lang.StringBuilder@50000121)
	value		5000023b
ARR 5000023b (sz=32, trace=300151, nelems=16, elem type=char[])
ARR 5000023c (sz=528, trace=301120, nelems=0, elem type=java.util.HashMap$Node[]@500000c2)
OBJ 5000023d (sz=32, trace=300221, class=java.util.HashMap$Node@500000c4)
	key		50001adb
	value		50001ace
OBJ 5000023e (sz=32, trace=300221, class=java.util.HashMap$Node@500000c4)
	key		50001adc
	value		50001a5d
OBJ 5000023f (sz=32, trace=300221, class=java.util.HashMap$Node@500000c4)
	key		50001adf
	value		50001b6c
	next		500002a8
OBJ 50000240 (sz=24, trace=300152, class=java.lang.String@5000016e)
	value		50000246
OBJ 50000241 (sz=32, trace=300120, class=java.lang.ThreadLocal$ThreadLocalMap$Entry@50000214)
	referent	50000210
	queue		50000f87
	value		50000873
OBJ 50000243 (sz=32, trace=300221, class=java.util.HashMap$Node@500000c4)
	key		50001ae4
	value		50001ad3
OBJ 50000244 (sz=32, trace=300222, class=java.util.HashMap$Node@500000c4)
	key		50001ae9
	value		50001b6e
OBJ 50000245 (sz=32, trace=300221, class=java.util.HashMap$Node@500000c4)
	key		50001aed
	value		50001a58
ARR 50000246 (sz=48, trace=300156, nelems=24, elem type=char[])
OBJ 50000247 (sz=16, trace=300157, class=java.lang.Object@50000172)
OBJ 50000248 (sz=32, trace=300221, class=java.util.HashMap$Node@500000c4)
	key		50001aee
	value		50001b6d
OBJ 50000249 (sz=32, trace=300221, class=java.util.HashMap$Node@500000c4)
	key		50001aef
	value		50001a56
	next		5000028d
OBJ 5000024a (sz=16, trace=300160, class=java.lang.Object@50000172)
OBJ 5000024b (sz=32, trace=300221, class=java.util.HashMap$Node@500000c4)
	key		50001af0
	value		50001a57
OBJ 5000024c (sz=32, trace=300221, class=java.util.HashMap$Node@500000c4)
	key		50001af1
	value		50001a59
	next		50000264
OBJ 5000024e (sz=32, trace=300221, class=java.util.HashMap$Node@500000c4)
	key		50001af2
	value		50001ac9
OBJ 5000024f (sz=32, trace=300221, class=java.util.HashMap$Node@500000c4)
	key		50001af3
	value		50001acc
	next		50000293
OBJ 50000250 (sz=32, trace=300221, class=java.util.HashMap$Node@500000c4)
	key		50001af4
	value		50001ac8
OBJ 50000251 (sz=32, trace=300221, class=java.util.HashMap$Node@500000c4)
	key		50001af5
	value		50001a95
OBJ 50000252 (sz=32, trace=300221, class=java.util.HashMap$Node@500000c4)
	key		50001af6
	value		50001aa6
	next		50000298
OBJ 50000255 (sz=32, trace=300221, class=java.util.HashMap$Node@500000c4)
	key		50001af7
	value		50001a9b
	next		5000029e
OBJ 50000257 (sz=24, trace=300170, class=java.lang.String@5000016e)
	value		50000258
ARR 50000258 (sz=154, trace=300171, nelems=77, elem type=char[])
OBJ 5000025a (sz=32, trace=300221, class=java.util.HashMap$Node@500000c4)
	key		50001af8
	value		50001aba
	next		500002d6
OBJ 50000261 (sz=16, trace=300177, class=java.util.zip.ZipFile$1@50000260)
OBJ 50000262 (sz=32, trace=300221, class=java.util.HashMap$Node@500000c4)
	key		50001af9
	value		50001a9d
OBJ 50000263 (sz=32, trace=300221, class=java.util.HashMap$Node@500000c4)
	key		50001afa
	value		50001a7b
OBJ 50000264 (sz=32, trace=300222, class=java.util.HashMap$Node@500000c4)
	key		50001afb
	value		50001a9c
	next		500002ce
OBJ 50000265 (sz=32, trace=300221, class=java.util.HashMap$Node@500000c4)
	key		50001afc
	value		50001a8b
OBJ 50000266 (sz=32, trace=300999, class=java.util.ResourceBundle$LoaderReference@50002274)
	referent	500003d7
	queue		50001e68
	cacheKey	50002b02
OBJ 50000267 (sz=48, trace=301005, class=java.util.ResourceBundle$BundleReference@500001bc)
	referent	50001e66
	queue		50001e68
	cacheKey	50002b02
OBJ 50000268 (sz=32, trace=301007, class=java.util.concurrent.ConcurrentHashMap$Node@50000024)
	key		50002b02
	val		50000267
OBJ 50000269 (sz=32, trace=300221, class=java.util.HashMap$Node@500000c4)
	key		50001afe
	value		50001a5a
OBJ 5000026a (sz=24, trace=300184, class=java.lang.String@5000016e)
	value		5000026b
ARR 5000026b (sz=154, trace=300185, nelems=77, elem type=char[])
OBJ 5000026c (sz=64, trace=300186, class=java.net.URL@50000119)
	protocol	50000dff
	host		500005d6
	file		5000026a
	authority	500005d6
	path		5000026a
	handler		500019dc
OBJ 5000026d (sz=32, trace=300221, class=java.util.HashMap$Node@500000c4)
	key		50001aff
	value		50001a5c
	next		5000029b
OBJ 5000026e (sz=56, trace=300188, class=sun.misc.URLClassPath$JarLoader@5000025c)
	base		5000026c
	csu		500019e2
	metaIndex	500018bc
	handler		500019dc
	lmap		500019dd
	acc		50000ac0
OBJ 5000026f (sz=32, trace=300221, class=java.util.HashMap$Node@500000c4)
	key		50001b00
	value		50001a8c
OBJ 50000270 (sz=24, trace=301010, class=java.lang.String@5000016e)
	value		50000271
ARR 50000271 (sz=88, trace=301011, nelems=44, elem type=char[])
OBJ 50000272 (sz=16, trace=300157, class=java.lang.Object@50000172)
OBJ 50000273 (sz=32, trace=300221, class=java.util.HashMap$Node@500000c4)
	key		50001b01
	value		50001a8a
OBJ 50000274 (sz=16, trace=300160, class=java.lang.Object@50000172)
OBJ 50000278 (sz=24, trace=300197, class=sun.nio.cs.ThreadLocalCoders$1@50000277)
	cache		50000279
OBJ 50000279 (sz=16, trace=300198, class=java.lang.ThreadLocal@50000086)
OBJ 5000027b (sz=24, trace=300200, class=sun.nio.cs.ThreadLocalCoders$2@5000027a)
	cache		5000027c
OBJ 5000027c (sz=16, trace=300201, class=java.lang.ThreadLocal@50000086)
OBJ 5000027d (sz=32, trace=300120, class=java.lang.ThreadLocal$ThreadLocalMap$Entry@50000214)
	referent	50000279
	queue		50000f87
	value		5000027e
ARR 5000027e (sz=32, trace=300202, nelems=1, elem type=java.lang.Object[]@50000108)
	[0]		50000280
OBJ 50000280 (sz=40, trace=300204, class=sun.nio.cs.UTF_8$Decoder@5000027f)
	charset		50000228
	replacement	50001805
	malformedInputAction	500005e3
	unmappableCharacterAction	500005e3
OBJ 50000281 (sz=32, trace=300221, class=java.util.HashMap$Node@500000c4)
	key		50001b02
	value		50001aa7
OBJ 50000282 (sz=32, trace=300221, class=java.util.HashMap$Node@500000c4)
	key		50001b03
	value		50001a60
	next		5000029f
OBJ 50000283 (sz=32, trace=300221, class=java.util.HashMap$Node@500000c4)
	key		50001b04
	value		50001a5f
	next		5000028c
OBJ 50000284 (sz=32, trace=300222, class=java.util.HashMap$Node@500000c4)
	key		50001b05
	value		50001a61
OBJ 50000285 (sz=32, trace=300221, class=java.util.HashMap$Node@500000c4)
	key		50001b06
	value		50001a62
OBJ 50000286 (sz=32, trace=300221, class=java.util.HashMap$Node@500000c4)
	key		50001b07
	value		50001a65
OBJ 50000287 (sz=32, trace=300221, class=java.util.HashMap$Node@500000c4)
	key		50001b08
	value		50001a66
OBJ 50000288 (sz=32, trace=300221, class=java.util.HashMap$Node@500000c4)
	key		50001b1d
	value		50001a67
OBJ 50000289 (sz=32, trace=300221, class=java.util.HashMap$Node@500000c4)
	key		50001b1e
	value		50001b5d
OBJ 5000028a (sz=32, trace=300221, class=java.util.HashMap$Node@500000c4)
	key		50001b1f
	value		50001a68
OBJ 5000028b (sz=32, trace=300221, class=java.util.HashMap$Node@500000c4)
	key		50001b21
	value		50001a77
OBJ 5000028c (sz=32, trace=300222, class=java.util.HashMap$Node@500000c4)
	key		50001b22
	value		50001a5b
OBJ 5000028d (sz=32, trace=300222, class=java.util.HashMap$Node@500000c4)
	key		50001b23
	value		50001a78
OBJ 5000028e (sz=32, trace=300221, class=java.util.HashMap$Node@500000c4)
	key		50001b24
	value		50001a79
OBJ 5000028f (sz=32, trace=300222, class=java.util.HashMap$Node@500000c4)
	key		50001b25
	value		50001a98
ARR 50000290 (sz=80, trace=300220, nelems=15, elem type=java.util.HashMap$Node[]@500000c2)
	[0]		50000291
	[2]		500003f9
	[3]		500002e1
	[5]		50000331
	[10]		50000359
	[12]		500002b9
	[13]		500003a9
	[14]		50000309
OBJ 50000291 (sz=32, trace=300221, class=java.util.HashMap$Node@500000c4)
	key		50000257
	value		5000026e
OBJ 50000292 (sz=32, trace=300222, class=java.util.HashMap$Node@500000c4)
	key		50001b28
	value		50001ab3
OBJ 50000293 (sz=32, trace=300222, class=java.util.HashMap$Node@500000c4)
	key		50001b29
	value		50001ab4
OBJ 50000294 (sz=32, trace=300222, class=java.util.HashMap$Node@500000c4)
	key		50001b2a
	value		50001a97
OBJ 50000295 (sz=24, trace=300170, class=java.lang.String@5000016e)
	value		50000296
ARR 50000296 (sz=138, trace=300171, nelems=69, elem type=char[])
OBJ 50000297 (sz=32, trace=300221, class=java.util.HashMap$Node@500000c4)
	key		50001b2b
	value		50001aab
OBJ 50000298 (sz=32, trace=300222, class=java.util.HashMap$Node@500000c4)
	key		50001b2c
	value		50001aaf
OBJ 50000299 (sz=32, trace=300221, class=java.util.HashMap$Node@500000c4)
	key		50001b2d
	value		50001a99
OBJ 5000029a (sz=32, trace=300221, class=java.util.HashMap$Node@500000c4)
	key		50001b2e
	value		50001a9a
OBJ 5000029b (sz=32, trace=300222, class=java.util.HashMap$Node@500000c4)
	key		50001b2f
	value		50001a8d
OBJ 5000029c (sz=32, trace=300222, class=java.util.HashMap$Node@500000c4)
	key		50001b30
	value		50001a92
OBJ 5000029d (sz=32, trace=300221, class=java.util.HashMap$Node@500000c4)
	key		50001b31
	value		50001a90
OBJ 5000029e (sz=32, trace=300222, class=java.util.HashMap$Node@500000c4)
	key		50001b32
	value		50001ab5
	next		500002bf
OBJ 5000029f (sz=32, trace=300222, class=java.util.HashMap$Node@500000c4)
	key		50001b33
	value		50001a9e
OBJ 500002a0 (sz=24, trace=300184, class=java.lang.String@5000016e)
	value		500002a1
ARR 500002a1 (sz=138, trace=300185, nelems=69, elem type=char[])
OBJ 500002a2 (sz=64, trace=300186, class=java.net.URL@50000119)
	protocol	50000dff
	host		500005d6
	file		500002a0
	authority	500005d6
	path		500002a0
	handler		500019dc
OBJ 500002a3 (sz=32, trace=300222, class=java.util.HashMap$Node@500000c4)
	key		50001b34
	value		50001ab7
OBJ 500002a4 (sz=56, trace=300188, class=sun.misc.URLClassPath$JarLoader@5000025c)
	base		500002a2
	csu		500019e3
	metaIndex	500018b1
	handler		500019dc
	lmap		500019dd
	acc		50000ac0
OBJ 500002a5 (sz=32, trace=300221, class=java.util.HashMap$Node@500000c4)
	key		50001b3a
	value		50001aad
OBJ 500002a6 (sz=32, trace=300221, class=java.util.HashMap$Node@500000c4)
	key		50001b3b
	value		50001aae
OBJ 500002a7 (sz=32, trace=300221, class=java.util.HashMap$Node@500000c4)
	key		50001b3c
	value		50001aa0
OBJ 500002a8 (sz=32, trace=300222, class=java.util.HashMap$Node@500000c4)
	key		50001b3d
	value		50001a88
OBJ 500002a9 (sz=32, trace=300999, class=java.util.ResourceBundle$LoaderReference@50002274)
	referent	500003d7
	queue		50001e68
	cacheKey	50002a30
OBJ 500002aa (sz=48, trace=301005, class=java.util.ResourceBundle$BundleReference@500001bc)
	referent	50001e66
	queue		50001e68
	cacheKey	50002a30
OBJ 500002ab (sz=32, trace=301007, class=java.util.concurrent.ConcurrentHashMap$Node@50000024)
	key		50002a30
	val		500002aa
OBJ 500002ac (sz=32, trace=300222, class=java.util.HashMap$Node@500000c4)
	key		50001b3e
	value		50001a91
OBJ 500002ad (sz=16, trace=300157, class=java.lang.Object@50000172)
OBJ 500002ae (sz=32, trace=300683, class=java.util.concurrent.ConcurrentHashMap$Node@50000024)
	key		50000cf0
	val		500002ad
	next		50001c39
OBJ 500002af (sz=16, trace=300160, class=java.lang.Object@50000172)
OBJ 500002b0 (sz=32, trace=300683, class=java.util.concurrent.ConcurrentHashMap$Node@50000024)
	key		50000cf0
	val		500002af
	next		50001c40
OBJ 500002b1 (sz=32, trace=300221, class=java.util.HashMap$Node@500000c4)
	key		50001b3f
	value		50001a8f
ARR 500002b2 (sz=80, trace=301025, nelems=0, elem type=java.util.HashMap$Node[]@500000c2)
OBJ 500002b3 (sz=32, trace=300221, class=java.util.HashMap$Node@500000c4)
	key		50001b40
	value		50001ab0
OBJ 500002b4 (sz=32, trace=300222, class=java.util.HashMap$Node@500000c4)
OBJ 500002b5 (sz=24, trace=301026, class=com.sun.tools.javac.util.JCDiagnostic$Factory@50001d2d)
OBJ 500002b6 (sz=16, trace=300157, class=java.lang.Object@50000172)
OBJ 500002b7 (sz=32, trace=300683, class=java.util.concurrent.ConcurrentHashMap$Node@50000024)
	key		50000d2b
	val		500002b6
OBJ 500002b8 (sz=16, trace=300160, class=java.lang.Object@50000172)
OBJ 500002b9 (sz=32, trace=300221, class=java.util.HashMap$Node@500000c4)
	key		50000295
	value		500002a4
OBJ 500002ba (sz=32, trace=300683, class=java.util.concurrent.ConcurrentHashMap$Node@50000024)
	key		50000d2b
	val		500002b8
OBJ 500002bb (sz=32, trace=300222, class=java.util.HashMap$Node@500000c4)
	key		50001b41
	value		50001a93
OBJ 500002bc (sz=32, trace=300221, class=java.util.HashMap$Node@500000c4)
	key		50001b42
	value		50001ab8
OBJ 500002bd (sz=24, trace=300170, class=java.lang.String@5000016e)
	value		500002be
ARR 500002be (sz=132, trace=300171, nelems=66, elem type=char[])
OBJ 500002bf (sz=32, trace=300222, class=java.util.HashMap$Node@500000c4)
	key		50001b43
	value		50001aa4
OBJ 500002c0 (sz=32, trace=300221, class=java.util.HashMap$Node@500000c4)
	key		50001b44
	value		50001aa2
OBJ 500002c1 (sz=32, trace=300221, class=java.util.HashMap$Node@500000c4)
	key		50001b45
	value		50001aa1
OBJ 500002c2 (sz=32, trace=300222, class=java.util.HashMap$Node@500000c4)
	key		50001b46
	value		50001a9f
OBJ 500002c3 (sz=32, trace=300221, class=java.util.HashMap$Node@500000c4)
	key		50001b47
	value		50001aa3
	next		500002d7
OBJ 500002c4 (sz=32, trace=300221, class=java.util.HashMap$Node@500000c4)
	key		50001b48
	value		50001a87
OBJ 500002c5 (sz=32, trace=300221, class=java.util.HashMap$Node@500000c4)
	key		50001b49
	value		50001a94
OBJ 500002c6 (sz=32, trace=300221, class=java.util.HashMap$Node@500000c4)
	key		50001b4a
	value		50001ab1
OBJ 500002c7 (sz=32, trace=300222, class=java.util.HashMap$Node@500000c4)
	key		50001b4b
	value		50001a86
OBJ 500002c8 (sz=24, trace=300184, class=java.lang.String@5000016e)
	value		500002c9
ARR 500002c9 (sz=132, trace=300185, nelems=66, elem type=char[])
OBJ 500002ca (sz=64, trace=300186, class=java.net.URL@50000119)
	protocol	50000dff
	host		500005d6
	file		500002c8
	authority	500005d6
	path		500002c8
	handler		500019dc
OBJ 500002cb (sz=32, trace=300221, class=java.util.HashMap$Node@500000c4)
	key		50001b4c
	value		50001ab9
OBJ 500002cc (sz=56, trace=300188, class=sun.misc.URLClassPath$JarLoader@5000025c)
	base		500002ca
	csu		500019e4
	metaIndex	50001926
	handler		500019dc
	lmap		500019dd
	acc		50000ac0
OBJ 500002cd (sz=32, trace=300222, class=java.util.HashMap$Node@500000c4)
	key		50001b4d
	value		50001aa8
OBJ 500002ce (sz=32, trace=300222, class=java.util.HashMap$Node@500000c4)
	key		50001b4e
	value		50001a89
OBJ 500002cf (sz=32, trace=300221, class=java.util.HashMap$Node@500000c4)
	key		50001b4f
	value		50001aaa
	next		500002d0
OBJ 500002d0 (sz=32, trace=300222, class=java.util.HashMap$Node@500000c4)
	key		50001b50
	value		50001aa9
OBJ 500002d1 (sz=32, trace=300221, class=java.util.HashMap$Node@500000c4)
	key		50001b51
	value		50001aa5
OBJ 500002d2 (sz=32, trace=300221, class=java.util.HashMap$Node@500000c4)
	key		50001b53
	value		50001ab6
	next		500002d5
OBJ 500002d3 (sz=32, trace=300221, class=java.util.HashMap$Node@500000c4)
	key		50001b54
	value		50001ab2
OBJ 500002d4 (sz=32, trace=300222, class=java.util.HashMap$Node@500000c4)
	key		50001b55
	value		50001a8e
OBJ 500002d5 (sz=32, trace=300222, class=java.util.HashMap$Node@500000c4)
	key		50001b56
	value		50001a96
OBJ 500002d6 (sz=32, trace=300222, class=java.util.HashMap$Node@500000c4)
	key		50001b57
	value		50001acd
OBJ 500002d7 (sz=32, trace=300222, class=java.util.HashMap$Node@500000c4)
	key		50001b58
	value		50001b76
ARR 500002d8 (sz=1040, trace=301849, nelems=255, elem type=java.util.HashMap$Node[]@500000c2)
	[2]		50000289
	[4]		5000026d
	[7]		5000024f
	[8]		500003f7
	[11]		50000262
	[12]		500002d3
	[14]		500003f3
	[17]		500003f2
	[18]		500003f4
	[20]		5000023e
	[23]		50000250
	[25]		50000255
	[29]		500002b3
	[30]		500003fa
	[34]		50000251
	[41]		50000285
	[49]		500002c7
	[53]		50000245
	[57]		5000028f
	[69]		5000036f
	[72]		500002a6
	[76]		50000287
	[77]		500002d9
	[78]		5000023f
	[80]		50000283
	[84]		50000249
	[85]		500002d2
	[89]		500002c5
	[91]		500002d4
	[92]		50000288
	[95]		500002c4
	[96]		50000252
	[99]		50000263
	[100]		5000029d
	[106]		50000299
	[110]		50000281
	[112]		5000024c
	[113]		500002cb
	[116]		5000026f
	[118]		500002c1
	[119]		5000028e
	[122]		50000269
	[123]		500002da
	[125]		500002b1
	[127]		500003f6
	[130]		500002ac
	[131]		50000243
	[136]		50000244
	[137]		50000265
	[138]		5000024e
	[145]		50000206
	[147]		500002a5
	[153]		50000292
	[160]		50000286
	[163]		5000028b
	[164]		500002db
	[167]		5000025a
	[170]		500002cf
	[175]		50000297
	[177]		5000029a
	[178]		500002a7
	[183]		500002d1
	[184]		5000024b
	[185]		500003f8
	[188]		5000028a
	[192]		500002bc
	[193]		500003fc
	[202]		500003f5
	[203]		50000273
	[204]		500002a3
	[212]		50000284
	[214]		50000282
	[215]		500002c6
	[216]		50000370
	[219]		500002c3
	[224]		50000294
	[225]		500003fb
	[231]		50000248
	[232]		500002c0
	[240]		500002bb
	[251]		5000036e
	[254]		5000023d
OBJ 500002d9 (sz=32, trace=300221, class=java.util.HashMap$Node@500000c4)
	key		50001b59
	value		50001b6f
OBJ 500002da (sz=32, trace=300221, class=java.util.HashMap$Node@500000c4)
	key		50001b5a
	value		50001b70
OBJ 500002db (sz=32, trace=300221, class=java.util.HashMap$Node@500000c4)
	key		50001b5b
	value		50001b71
OBJ 500002dc (sz=16, trace=300157, class=java.lang.Object@50000172)
OBJ 500002dd (sz=32, trace=300159, class=java.util.concurrent.ConcurrentHashMap$Node@50000024)
	key		50000c7f
	val		500002dc
OBJ 500002de (sz=16, trace=300160, class=java.lang.Object@50000172)
OBJ 500002df (sz=32, trace=300159, class=java.util.concurrent.ConcurrentHashMap$Node@50000024)
	key		50000c7f
	val		500002de
OBJ 500002e0 (sz=24, trace=301894, class=java.lang.String@5000016e)
OBJ 500002e1 (sz=32, trace=300221, class=java.util.HashMap$Node@500000c4)
	key		500002bd
	value		500002cc
	next		500003d1
ARR 500002e2 (sz=48, trace=301895, nelems=0, elem type=char[])
OBJ 500002e3 (sz=24, trace=301896, class=java.lang.String@5000016e)
OBJ 500002e4 (sz=48, trace=300896, class=java.nio.HeapCharBuffer@50000035)
OBJ 500002e5 (sz=24, trace=300170, class=java.lang.String@5000016e)
	value		500002e6
ARR 500002e6 (sz=136, trace=300171, nelems=68, elem type=char[])
ARR 500002e7 (sz=80, trace=301897, nelems=0, elem type=java.util.HashMap$Node[]@500000c2)
OBJ 500002e8 (sz=40, trace=300084, class=java.util.LinkedHashMap$Entry@50000060)
OBJ 500002e9 (sz=24, trace=301898, class=com.sun.tools.javac.code.Source@50001b35)
	name		50002b26
	name		50002b1c
OBJ 500002ea (sz=24, trace=301899, class=com.sun.tools.javac.code.Source@50001b35)
	name		50002b27
	name		50002b1d
OBJ 500002eb (sz=24, trace=301900, class=com.sun.tools.javac.code.Source@50001b35)
	name		50002b28
	name		50001651
OBJ 500002ec (sz=24, trace=301901, class=com.sun.tools.javac.code.Source@50001b35)
	name		50002b29
	name		50002b1e
OBJ 500002ed (sz=24, trace=301902, class=com.sun.tools.javac.code.Source@50001b35)
	name		50002b2a
	name		50002b1f
OBJ 500002ee (sz=24, trace=301903, class=com.sun.tools.javac.code.Source@50001b35)
	name		50002b2b
	name		50002b20
OBJ 500002ef (sz=24, trace=301904, class=com.sun.tools.javac.code.Source@50001b35)
	name		50002b2c
	name		50002b21
OBJ 500002f0 (sz=24, trace=300184, class=java.lang.String@5000016e)
	value		500002f1
ARR 500002f1 (sz=136, trace=300185, nelems=68, elem type=char[])
OBJ 500002f2 (sz=64, trace=300186, class=java.net.URL@50000119)
	protocol	50000dff
	host		500005d6
	file		500002f0
	authority	500005d6
	path		500002f0
	handler		500019dc
OBJ 500002f4 (sz=56, trace=300188, class=sun.misc.URLClassPath$JarLoader@5000025c)
	base		500002f2
	csu		500019e5
	metaIndex	500018e7
	handler		500019dc
	lmap		500019dd
	acc		50000ac0
ARR 500002f5 (sz=48, trace=301905, nelems=7, elem type=com.sun.tools.javac.code.Source[]@500002f3)
	[0]		500002e9
	[1]		500002ea
	[2]		500002eb
	[3]		500002ec
	[4]		500002ed
	[5]		500002ee
	[6]		500002ef
OBJ 500002f6 (sz=16, trace=301906, class=com.sun.tools.javac.util.Context$Key@50001506)
OBJ 500002f7 (sz=48, trace=301907, class=java.util.HashMap@500000c6)
	table		500002f8
ARR 500002f8 (sz=80, trace=301908, nelems=12, elem type=java.util.HashMap$Node[]@500000c2)
	[5]		500002f9
	[6]		500002fa
	[7]		500002fb
	[8]		500002fc
	[9]		500002ff
	[10]		50000300
	[11]		50000301
OBJ 500002f9 (sz=32, trace=300221, class=java.util.HashMap$Node@500000c4)
	key		50002b1c
	value		500002e9
	next		50000302
OBJ 500002fa (sz=32, trace=300221, class=java.util.HashMap$Node@500000c4)
	key		50002b1d
	value		500002ea
	next		50000303
OBJ 500002fb (sz=32, trace=300221, class=java.util.HashMap$Node@500000c4)
	key		50001651
	value		500002eb
	next		50000304
OBJ 500002fc (sz=32, trace=300221, class=java.util.HashMap$Node@500000c4)
	key		50002b1e
	value		500002ec
	next		50000305
OBJ 500002fd (sz=56, trace=300687, class=java.util.zip.ZipFile$ZipFileInputStream@5000055e)
	this$0		500004ee
OBJ 500002fe (sz=40, trace=300106, class=java.lang.ref.Finalizer@5000014d)
	referent	500002fd
	queue		500003c8
	next		500022d3
	prev		50000363
OBJ 500002ff (sz=32, trace=300221, class=java.util.HashMap$Node@500000c4)
	key		50002b1f
	value		500002ed
OBJ 50000300 (sz=32, trace=300221, class=java.util.HashMap$Node@500000c4)
	key		50002b20
	value		500002ee
OBJ 50000301 (sz=32, trace=300221, class=java.util.HashMap$Node@500000c4)
	key		50002b21
	value		500002ef
OBJ 50000302 (sz=32, trace=300222, class=java.util.HashMap$Node@500000c4)
	key		50002b22
	value		500002ec
OBJ 50000303 (sz=32, trace=300222, class=java.util.HashMap$Node@500000c4)
	key		50002b23
	value		500002ed
OBJ 50000304 (sz=32, trace=300222, class=java.util.HashMap$Node@500000c4)
	key		50002b24
	value		500002ee
OBJ 50000305 (sz=32, trace=300222, class=java.util.HashMap$Node@500000c4)
	key		50002b25
	value		500002ef
OBJ 50000306 (sz=32, trace=301909, class=com.sun.tools.javac.jvm.Target@50000b36)
	name		50002b3f
	name		50002b3e
OBJ 50000307 (sz=32, trace=301910, class=com.sun.tools.javac.jvm.Target@50000b36)
	name		50002b26
	name		50002b1c
OBJ 50000308 (sz=32, trace=301911, class=com.sun.tools.javac.jvm.Target@50000b36)
	name		50002b27
	name		50002b1d
OBJ 50000309 (sz=32, trace=300221, class=java.util.HashMap$Node@500000c4)
	key		500002e5
	value		500002f4
OBJ 5000030a (sz=32, trace=301912, class=com.sun.tools.javac.jvm.Target@50000b36)
	name		50002b28
	name		50001651
OBJ 5000030b (sz=32, trace=301913, class=com.sun.tools.javac.jvm.Target@50000b36)
	name		50002b29
	name		50002b1e
OBJ 5000030c (sz=32, trace=301914, class=com.sun.tools.javac.jvm.Target@50000b36)
	name		50002b2a
	name		50002b1f
OBJ 5000030d (sz=24, trace=300170, class=java.lang.String@5000016e)
	value		5000030e
ARR 5000030e (sz=132, trace=300171, nelems=66, elem type=char[])
OBJ 5000030f (sz=16, trace=300157, class=java.lang.Object@50000172)
OBJ 50000310 (sz=32, trace=300159, class=java.util.concurrent.ConcurrentHashMap$Node@50000024)
	key		50000b71
	val		5000030f
OBJ 50000311 (sz=16, trace=300160, class=java.lang.Object@50000172)
OBJ 50000312 (sz=32, trace=300159, class=java.util.concurrent.ConcurrentHashMap$Node@50000024)
	key		50000b71
	val		50000311
OBJ 50000313 (sz=32, trace=301915, class=com.sun.tools.javac.jvm.Target@50000b36)
	name		50002b2b
	name		50002b20
OBJ 50000314 (sz=32, trace=301916, class=com.sun.tools.javac.jvm.Target@50000b36)
	name		50002b2c
	name		50002b21
ARR 50000316 (sz=48, trace=301917, nelems=8, elem type=com.sun.tools.javac.jvm.Target[]@50000315)
	[0]		50000306
	[1]		50000307
	[2]		50000308
	[3]		5000030a
	[4]		5000030b
	[5]		5000030c
	[6]		50000313
	[7]		50000314
OBJ 50000317 (sz=16, trace=301918, class=com.sun.tools.javac.util.Context$Key@50001506)
OBJ 50000318 (sz=24, trace=300184, class=java.lang.String@5000016e)
	value		50000319
ARR 50000319 (sz=132, trace=300185, nelems=66, elem type=char[])
OBJ 5000031a (sz=64, trace=300186, class=java.net.URL@50000119)
	protocol	50000dff
	host		500005d6
	file		50000318
	authority	500005d6
	path		50000318
	handler		500019dc
OBJ 5000031b (sz=48, trace=301919, class=java.util.HashMap@500000c6)
	table		5000031d
OBJ 5000031c (sz=56, trace=300188, class=sun.misc.URLClassPath$JarLoader@5000025c)
	base		5000031a
	csu		500019e6
	metaIndex	5000193a
	handler		500019dc
	lmap		500019dd
	acc		50000ac0
ARR 5000031d (sz=80, trace=301920, nelems=12, elem type=java.util.HashMap$Node[]@500000c2)
	[4]		50000321
	[5]		50000322
	[6]		50000323
	[7]		50000324
	[8]		50000325
	[9]		50000326
	[10]		50000327
	[11]		50000328
OBJ 5000031e (sz=24, trace=300668, class=java.lang.String@5000016e)
	value		5000031f
ARR 5000031f (sz=58, trace=300669, nelems=29, elem type=char[])
OBJ 50000320 (sz=32, trace=301000, class=java.util.concurrent.ConcurrentHashMap$Node@50000024)
	key		5000031e
	val		50000a9e
OBJ 50000321 (sz=32, trace=300221, class=java.util.HashMap$Node@500000c4)
	key		50002b3e
	value		50000306
OBJ 50000322 (sz=32, trace=300221, class=java.util.HashMap$Node@500000c4)
	key		50002b1c
	value		50000307
	next		50000329
OBJ 50000323 (sz=32, trace=300221, class=java.util.HashMap$Node@500000c4)
	key		50002b1d
	value		50000308
	next		5000032a
OBJ 50000324 (sz=32, trace=300221, class=java.util.HashMap$Node@500000c4)
	key		50001651
	value		5000030a
	next		5000032b
OBJ 50000325 (sz=32, trace=300221, class=java.util.HashMap$Node@500000c4)
	key		50002b1e
	value		5000030b
	next		5000032c
OBJ 50000326 (sz=32, trace=300221, class=java.util.HashMap$Node@500000c4)
	key		50002b1f
	value		5000030c
OBJ 50000327 (sz=32, trace=300221, class=java.util.HashMap$Node@500000c4)
	key		50002b20
	value		50000313
OBJ 50000328 (sz=32, trace=300221, class=java.util.HashMap$Node@500000c4)
	key		50002b21
	value		50000314
OBJ 50000329 (sz=32, trace=300222, class=java.util.HashMap$Node@500000c4)
	key		50002b22
	value		5000030b
OBJ 5000032a (sz=32, trace=300222, class=java.util.HashMap$Node@500000c4)
	key		50002b23
	value		5000030c
OBJ 5000032b (sz=32, trace=300222, class=java.util.HashMap$Node@500000c4)
	key		50002b24
	value		50000313
OBJ 5000032c (sz=32, trace=300222, class=java.util.HashMap$Node@500000c4)
	key		50002b25
	value		50000314
OBJ 5000032d (sz=16, trace=300157, class=java.lang.Object@50000172)
OBJ 5000032e (sz=32, trace=300159, class=java.util.concurrent.ConcurrentHashMap$Node@50000024)
	key		50000c3b
	val		5000032d
OBJ 5000032f (sz=16, trace=300160, class=java.lang.Object@50000172)
OBJ 50000330 (sz=32, trace=300159, class=java.util.concurrent.ConcurrentHashMap$Node@50000024)
	key		50000c3b
	val		5000032f
OBJ 50000331 (sz=32, trace=300221, class=java.util.HashMap$Node@500000c4)
	key		5000030d
	value		5000031c
	next		50000381
OBJ 50000332 (sz=24, trace=301921, class=com.sun.tools.javac.util.List$3@50001e5e)
OBJ 50000333 (sz=24, trace=301073, class=java.lang.StringBuilder@50000121)
ARR 50000334 (sz=48, trace=301074, nelems=0, elem type=char[])
OBJ 50000335 (sz=24, trace=300170, class=java.lang.String@5000016e)
	value		50000336
ARR 50000336 (sz=142, trace=300171, nelems=71, elem type=char[])
OBJ 50000337 (sz=24, trace=301075, class=java.lang.String@5000016e)
ARR 50000338 (sz=40, trace=301076, nelems=0, elem type=char[])
OBJ 50000339 (sz=32, trace=300815, class=java.util.RegularEnumSet@50001634)
OBJ 5000033a (sz=40, trace=301077, class=com.sun.tools.javac.util.BasicDiagnosticFormatter$BasicConfiguration@50000905)
OBJ 5000033b (sz=48, trace=301078, class=java.util.HashMap@500000c6)
ARR 5000033c (sz=80, trace=301038, nelems=0, elem type=java.util.HashMap$Node[]@500000c2)
OBJ 5000033d (sz=32, trace=300221, class=java.util.HashMap$Node@500000c4)
OBJ 5000033e (sz=32, trace=300221, class=java.util.HashMap$Node@500000c4)
OBJ 5000033f (sz=40, trace=301042, class=java.util.EnumMap@500009e6)
OBJ 50000340 (sz=24, trace=300184, class=java.lang.String@5000016e)
	value		50000341
ARR 50000341 (sz=142, trace=300185, nelems=71, elem type=char[])
OBJ 50000342 (sz=64, trace=300186, class=java.net.URL@50000119)
	protocol	50000dff
	host		500005d6
	file		50000340
	authority	500005d6
	path		50000340
	handler		500019dc
ARR 50000343 (sz=32, trace=301079, nelems=0, elem type=java.lang.Object[]@50000108)
OBJ 50000344 (sz=56, trace=300188, class=sun.misc.URLClassPath$JarLoader@5000025c)
	base		50000342
	csu		500019e7
	metaIndex	500018f9
	handler		500019dc
	lmap		500019dd
	acc		50000ac0
OBJ 50000345 (sz=48, trace=301080, class=java.util.HashMap@500000c6)
ARR 50000346 (sz=80, trace=301052, nelems=0, elem type=java.util.HashMap$Node[]@500000c2)
OBJ 50000347 (sz=32, trace=300221, class=java.util.HashMap$Node@500000c4)
OBJ 50000348 (sz=32, trace=300222, class=java.util.HashMap$Node@500000c4)
OBJ 50000349 (sz=32, trace=300221, class=java.util.HashMap$Node@500000c4)
OBJ 5000034a (sz=32, trace=300221, class=java.util.HashMap$Node@500000c4)
OBJ 5000034b (sz=32, trace=301922, class=com.sun.tools.javac.util.BasicDiagnosticFormatter@50000376)
OBJ 5000034c (sz=24, trace=301085, class=com.sun.tools.javac.util.AbstractDiagnosticFormatter$1@500004e2)
OBJ 5000034d (sz=16, trace=300157, class=java.lang.Object@50000172)
OBJ 5000034e (sz=32, trace=300159, class=java.util.concurrent.ConcurrentHashMap$Node@50000024)
	key		50000c5c
	val		5000034d
OBJ 5000034f (sz=16, trace=300160, class=java.lang.Object@50000172)
OBJ 50000350 (sz=32, trace=300159, class=java.util.concurrent.ConcurrentHashMap$Node@50000024)
	key		50000c5c
	val		5000034f
OBJ 50000351 (sz=24, trace=300162, class=java.net.URLClassLoader$1@5000024d)
ARR 50000352 (sz=88, trace=300163, nelems=0, elem type=char[])
OBJ 50000353 (sz=24, trace=300164, class=java.lang.String@5000016e)
ARR 50000354 (sz=104, trace=300165, nelems=0, elem type=char[])
OBJ 50000355 (sz=24, trace=300166, class=java.lang.String@5000016e)
OBJ 50000356 (sz=40, trace=300223, class=java.lang.ClassNotFoundException@5000015c)
OBJ 50000357 (sz=24, trace=300224, class=java.net.URLClassLoader$1@5000024d)
ARR 50000358 (sz=88, trace=300163, nelems=0, elem type=char[])
OBJ 50000359 (sz=32, trace=300221, class=java.util.HashMap$Node@500000c4)
	key		50000335
	value		50000344
OBJ 5000035a (sz=24, trace=300164, class=java.lang.String@5000016e)
ARR 5000035b (sz=104, trace=300165, nelems=0, elem type=char[])
OBJ 5000035c (sz=24, trace=300166, class=java.lang.String@5000016e)
OBJ 5000035d (sz=24, trace=300170, class=java.lang.String@5000016e)
	value		5000035e
ARR 5000035e (sz=136, trace=300171, nelems=68, elem type=char[])
ARR 5000035f (sz=104, trace=300285, nelems=0, elem type=char[])
ARR 50000360 (sz=144, trace=300286, nelems=0, elem type=byte[])
ARR 50000361 (sz=64, trace=300287, nelems=0, elem type=byte[])
OBJ 50000362 (sz=56, trace=300687, class=java.util.zip.ZipFile$ZipFileInputStream@5000055e)
	this$0		500004ee
OBJ 50000363 (sz=40, trace=300106, class=java.lang.ref.Finalizer@5000014d)
	referent	50000362
	queue		500003c8
	next		500002fe
	prev		500003bf
OBJ 50000364 (sz=80, trace=300332, class=java.util.zip.ZipEntry@50000552)
ARR 50000365 (sz=104, trace=300333, nelems=0, elem type=char[])
OBJ 50000366 (sz=24, trace=300334, class=java.lang.String@5000016e)
ARR 50000367 (sz=104, trace=300335, nelems=0, elem type=char[])
OBJ 50000368 (sz=24, trace=300184, class=java.lang.String@5000016e)
	value		50000369
ARR 50000369 (sz=136, trace=300185, nelems=68, elem type=char[])
OBJ 5000036a (sz=64, trace=300186, class=java.net.URL@50000119)
	protocol	50000dff
	host		500005d6
	file		50000368
	authority	500005d6
	path		50000368
	handler		500019dc
OBJ 5000036b (sz=96, trace=300337, class=java.util.jar.JarFile$JarFileEntry@50000559)
OBJ 5000036c (sz=56, trace=300188, class=sun.misc.URLClassPath$JarLoader@5000025c)
	base		5000036a
	csu		500019e8
	metaIndex	50001918
	handler		500019dc
	lmap		500019dd
	acc		50000ac0
ARR 5000036d (sz=216, trace=300347, nelems=0, elem type=char[])
OBJ 5000036e (sz=32, trace=300221, class=java.util.HashMap$Node@500000c4)
	key		50001aea
	value		50001b75
OBJ 5000036f (sz=32, trace=300221, class=java.util.HashMap$Node@500000c4)
	key		50001aeb
	value		50001b72
	next		5000029c
OBJ 50000370 (sz=32, trace=300221, class=java.util.HashMap$Node@500000c4)
	key		50001aec
	value		50001a7a
ARR 50000371 (sz=104, trace=300348, nelems=0, elem type=char[])
OBJ 50000372 (sz=24, trace=300349, class=java.lang.String@5000016e)
ARR 50000373 (sz=104, trace=300350, nelems=0, elem type=char[])
OBJ 50000374 (sz=64, trace=300351, class=java.net.URL@50000119)
OBJ 50000377 (sz=16, trace=300157, class=java.lang.Object@50000172)
OBJ 50000378 (sz=32, trace=300683, class=java.util.concurrent.ConcurrentHashMap$Node@50000024)
	key		50000ca8
	val		50000377
OBJ 50000379 (sz=16, trace=300160, class=java.lang.Object@50000172)
OBJ 5000037a (sz=32, trace=300683, class=java.util.concurrent.ConcurrentHashMap$Node@50000024)
	key		50000ca8
	val		50000379
OBJ 5000037b (sz=24, trace=300352, class=java.lang.String@5000016e)
ARR 5000037c (sz=24, trace=300353, nelems=0, elem type=char[])
OBJ 5000037d (sz=24, trace=300354, class=java.lang.StringBuilder@50000121)
ARR 5000037e (sz=48, trace=300355, nelems=0, elem type=char[])
ARR 5000037f (sz=136, trace=300010, nelems=0, elem type=char[])
ARR 50000380 (sz=256, trace=300010, nelems=0, elem type=char[])
OBJ 50000381 (sz=32, trace=300222, class=java.util.HashMap$Node@500000c4)
	key		5000035d
	value		5000036c
	next		50000422
OBJ 50000382 (sz=24, trace=300356, class=java.lang.String@5000016e)
ARR 50000383 (sz=216, trace=300357, nelems=0, elem type=char[])
OBJ 50000384 (sz=24, trace=300358, class=java.lang.String@5000016e)
OBJ 50000385 (sz=24, trace=300170, class=java.lang.String@5000016e)
	value		50000386
ARR 50000386 (sz=132, trace=300171, nelems=66, elem type=char[])
ARR 50000387 (sz=136, trace=300359, nelems=0, elem type=char[])
OBJ 50000388 (sz=24, trace=300360, class=java.lang.String@5000016e)
ARR 50000389 (sz=104, trace=300361, nelems=0, elem type=char[])
OBJ 5000038a (sz=16, trace=300362, class=sun.net.www.ParseUtil@50000012)
OBJ 5000038b (sz=24, trace=300363, class=java.lang.StringBuilder@50000121)
ARR 5000038c (sz=48, trace=300364, nelems=0, elem type=char[])
ARR 5000038d (sz=136, trace=300010, nelems=0, elem type=char[])
ARR 5000038e (sz=248, trace=300010, nelems=0, elem type=char[])
OBJ 5000038f (sz=24, trace=300365, class=java.lang.String@5000016e)
OBJ 50000390 (sz=24, trace=300184, class=java.lang.String@5000016e)
	value		50000391
ARR 50000391 (sz=132, trace=300185, nelems=66, elem type=char[])
OBJ 50000392 (sz=64, trace=300186, class=java.net.URL@50000119)
	protocol	50000dff
	host		500005d6
	file		50000390
	authority	500005d6
	path		50000390
	handler		500019dc
ARR 50000393 (sz=216, trace=300366, nelems=0, elem type=char[])
OBJ 50000394 (sz=56, trace=300188, class=sun.misc.URLClassPath$JarLoader@5000025c)
	base		50000392
	csu		500019e9
	metaIndex	500018ee
	handler		500019dc
	lmap		500019dd
	acc		50000ac0
OBJ 50000395 (sz=32, trace=300368, class=sun.misc.URLClassPath$JarLoader$2@50000589)
OBJ 50000396 (sz=24, trace=300369, class=java.lang.String@5000016e)
ARR 50000397 (sz=64, trace=300370, nelems=0, elem type=char[])
ARR 50000398 (sz=64, trace=300688, nelems=0, elem type=char[])
OBJ 50000399 (sz=24, trace=300689, class=java.lang.String@5000016e)
ARR 5000039a (sz=72, trace=300690, nelems=0, elem type=char[])
OBJ 5000039b (sz=24, trace=300691, class=java.lang.String@5000016e)
ARR 5000039c (sz=104, trace=300684, nelems=0, elem type=char[])
ARR 5000039d (sz=144, trace=300685, nelems=0, elem type=byte[])
ARR 5000039e (sz=64, trace=300686, nelems=0, elem type=byte[])
OBJ 5000039f (sz=56, trace=300687, class=java.util.zip.ZipFile$ZipFileInputStream@5000055e)
	this$0		500004ee
OBJ 500003a0 (sz=40, trace=300106, class=java.lang.ref.Finalizer@5000014d)
	referent	5000039f
	queue		500003c8
	next		50002037
OBJ 500003a1 (sz=40, trace=300343, class=java.util.WeakHashMap$Entry@5000004b)
ARR 500003a2 (sz=16, trace=300598, nelems=0, elem type=byte[])
ARR 500003a3 (sz=1040, trace=300599, nelems=0, elem type=byte[])
ARR 500003a4 (sz=1368, trace=300599, nelems=0, elem type=byte[])
OBJ 500003a5 (sz=32, trace=300600, class=java.security.CodeSource@50000114)
OBJ 500003a6 (sz=24, trace=300668, class=java.lang.String@5000016e)
ARR 500003a7 (sz=64, trace=300669, nelems=0, elem type=char[])
OBJ 500003a8 (sz=24, trace=300180, class=java.lang.StringBuffer@50000122)
OBJ 500003a9 (sz=32, trace=300221, class=java.util.HashMap$Node@500000c4)
	key		50000385
	value		50000394
ARR 500003aa (sz=128, trace=300181, nelems=0, elem type=char[])
ARR 500003ab (sz=128, trace=300182, nelems=0, elem type=char[])
OBJ 500003ac (sz=24, trace=300183, class=java.lang.String@5000016e)
OBJ 500003ad (sz=24, trace=300170, class=java.lang.String@5000016e)
	value		500003ae
ARR 500003ae (sz=152, trace=300171, nelems=76, elem type=char[])
OBJ 500003b0 (sz=24, trace=301923, class=com.sun.tools.javac.main.Main$Result@500003af)
	name		50001a4a
OBJ 500003b1 (sz=24, trace=301924, class=com.sun.tools.javac.main.Main$Result@500003af)
	name		50001a49
OBJ 500003b2 (sz=24, trace=301925, class=com.sun.tools.javac.main.Main$Result@500003af)
	name		50001a48
OBJ 500003b3 (sz=24, trace=301926, class=com.sun.tools.javac.main.Main$Result@500003af)
	name		50001a4b
OBJ 500003b4 (sz=24, trace=301927, class=com.sun.tools.javac.main.Main$Result@500003af)
	name		50001a47
ARR 500003b6 (sz=40, trace=301928, nelems=5, elem type=com.sun.tools.javac.main.Main$Result[]@500003b5)
	[0]		500003b0
	[1]		500003b1
	[2]		500003b2
	[3]		500003b3
	[4]		500003b4
OBJ 500003b8 (sz=24, trace=300184, class=java.lang.String@5000016e)
	value		500003b9
ARR 500003b9 (sz=152, trace=300185, nelems=76, elem type=char[])
OBJ 500003ba (sz=64, trace=300186, class=java.net.URL@50000119)
	protocol	50000dff
	host		500005d6
	file		500003b8
	authority	500005d6
	path		500003b8
	handler		500019dc
ARR 500003bb (sz=56, trace=301930, nelems=0, elem type=java.lang.Runnable[]@500000d0)
OBJ 500003bc (sz=56, trace=300188, class=sun.misc.URLClassPath$JarLoader@5000025c)
	base		500003ba
	csu		500019ea
	metaIndex	50001906
	handler		500019dc
	lmap		500019dd
	acc		50000ac0
OBJ 500003be (sz=56, trace=300687, class=java.util.zip.ZipFile$ZipFileInputStream@5000055e)
	this$0		500004ee
OBJ 500003bf (sz=40, trace=300106, class=java.lang.ref.Finalizer@5000014d)
	referent	500003be
	queue		500003c8
	next		50000363
	prev		50000415
OBJ 500003c0 (sz=16, trace=301932, class=java.lang.Shutdown$Lock@500003bd)
OBJ 500003c1 (sz=16, trace=301933, class=java.lang.Shutdown$Lock@500003bd)
OBJ 500003c4 (sz=376, trace=300000, class=java.lang.Thread@5000014a)
	name		50002f5a
	contextClassLoader	500003d7
	blockerLock	50002f59
OBJ 500003c5 (sz=376, trace=300000, class=java.lang.Thread@5000014a)
	name		50002eaa
	group		500005d3
	contextClassLoader	500003d7
	inheritedAccessControlContext	50002ea9
	blockerLock	50002ea8
OBJ 500003c6 (sz=376, trace=300000, class=java.lang.Thread@5000014a)
	name		50002eae
	group		500005d3
	contextClassLoader	500003d7
	inheritedAccessControlContext	50002ead
	blockerLock	50002eac
OBJ 500003c7 (sz=384, trace=300000, class=java.lang.ref.Finalizer$FinalizerThread@500000bd)
	name		50002eb2
	group		500005d3
	inheritedAccessControlContext	50002eb1
	blockerLock	50002eb0
OBJ 500003c8 (sz=32, trace=300000, class=java.lang.ref.ReferenceQueue@5000014c)
	lock		500003c9
OBJ 500003c9 (sz=16, trace=300000, class=java.lang.ref.ReferenceQueue$Lock@500000d1)
OBJ 500003ca (sz=16, trace=300000, class=java.lang.System$2@50000053)
OBJ 500003cb (sz=376, trace=300000, class=java.lang.ref.Reference$ReferenceHandler@500000df)
	name		50000de8
	group		500005d3
	inheritedAccessControlContext	50002eba
	blockerLock	50002eb9
OBJ 500003cc (sz=16, trace=300000, class=java.lang.ref.Reference$Lock@500000e0)
OBJ 500003cd (sz=16, trace=300157, class=java.lang.Object@50000172)
OBJ 500003ce (sz=32, trace=300683, class=java.util.concurrent.ConcurrentHashMap$Node@50000024)
	key		50000c7b
	val		500003cd
OBJ 500003cf (sz=16, trace=300160, class=java.lang.Object@50000172)
OBJ 500003d0 (sz=32, trace=300683, class=java.util.concurrent.ConcurrentHashMap$Node@50000024)
	key		50000c7b
	val		500003cf
OBJ 500003d1 (sz=32, trace=300222, class=java.util.HashMap$Node@500000c4)
	key		500003ad
	value		500003bc
OBJ 500003d2 (sz=376, trace=300000, class=java.lang.Thread@5000014a)
	name		50002ec0
	group		500005d2
	contextClassLoader	500003d7
	inheritedAccessControlContext	50002ebf
	threadLocals	50000213
	blockerLock	50002ebe
OBJ 500003d3 (sz=16, trace=300000, class=java.lang.Runtime@500000b5)
ARR 500003d4 (sz=24, trace=300000, nelems=1, elem type=java.lang.String[]@500000c8)
	[0]		5000086c
OBJ 500003d5 (sz=24, trace=300170, class=java.lang.String@5000016e)
	value		500003d6
ARR 500003d6 (sz=140, trace=300171, nelems=70, elem type=char[])
OBJ 500003d7 (sz=96, trace=300000, class=sun.misc.Launcher$AppClassLoader@50000116)
	parent		500003d9
	parallelLockMap	50000abd
	package2certs	50000abc
	classes		50000ab3
	defaultDomain	50000ab1
	domains		50000aa7
	packages	50000aa6
	nativeLibraries	50000aa5
	assertionLock	50000aa4
	pdcache		50000aa2
	ucp		50000a9f
	acc		50000aa1
	closeables	50000aa0
	ucp		50000a9f
ARR 500003d8 (sz=0, trace=300000, nelems=0, elem type=int[])
OBJ 500003d9 (sz=88, trace=300000, class=sun.misc.Launcher$ExtClassLoader@50000115)
	parallelLockMap	50000ad0
	package2certs	50000acd
	classes		50000acc
	defaultDomain	50000acb
	domains		50000aca
	packages	50000ac8
	nativeLibraries	50000ac7
	assertionLock	50000ac6
	pdcache		50000ac2
	ucp		50000ac1
	acc		50000ac0
	closeables	50000abf
ARR 500003da (sz=24, trace=300000, nelems=0, elem type=java.lang.Object[]@50000108)
ARR 500003db (sz=64, trace=300000, nelems=7, elem type=java.lang.Object[]@50000108)
	[6]		50002b04
ARR 500003dc (sz=40, trace=300000, nelems=5, elem type=java.lang.Object[]@50000108)
	[4]		50002b05
ARR 500003dd (sz=32, trace=300000, nelems=0, elem type=java.lang.Object[]@50000108)
ARR 500003de (sz=24, trace=300000, nelems=0, elem type=java.lang.Object[]@50000108)
ARR 500003df (sz=48, trace=300000, nelems=6, elem type=java.lang.Object[]@50000108)
	[0]		500005d6
	[2]		5000189c
	[3]		50001b7a
	[4]		50002b08
	[5]		50000e41
OBJ 500003e0 (sz=24, trace=300184, class=java.lang.String@5000016e)
	value		500003e1
ARR 500003e1 (sz=140, trace=300185, nelems=70, elem type=char[])
OBJ 500003e2 (sz=64, trace=300186, class=java.net.URL@50000119)
	protocol	50000dff
	host		500005d6
	file		500003e0
	authority	500005d6
	path		500003e0
	handler		500019dc
ARR 500003e3 (sz=72, trace=300000, nelems=14, elem type=java.lang.Object[]@50000108)
	[0]		500005d6
	[10]		50002b0a
	[11]		50002b0b
	[12]		50002b0c
	[13]		50000f18
OBJ 500003e4 (sz=56, trace=300188, class=sun.misc.URLClassPath$JarLoader@5000025c)
	base		500003e2
	csu		500019eb
	metaIndex	500018ca
	handler		500019dc
	lmap		500019dd
	acc		50000ac0
ARR 500003e5 (sz=48, trace=300000, nelems=0, elem type=java.lang.Object[]@50000108)
ARR 500003e6 (sz=24, trace=300000, nelems=0, elem type=java.lang.Object[]@50000108)
ARR 500003e7 (sz=24, trace=300000, nelems=0, elem type=java.lang.Object[]@50000108)
ARR 500003e8 (sz=24, trace=300000, nelems=0, elem type=java.lang.Object[]@50000108)
ARR 500003e9 (sz=24, trace=300000, nelems=0, elem type=java.lang.Object[]@50000108)
ARR 500003ea (sz=32, trace=300000, nelems=0, elem type=java.lang.Object[]@50000108)
ARR 500003eb (sz=24, trace=300000, nelems=0, elem type=java.lang.Object[]@50000108)
ARR 500003ec (sz=152, trace=300000, nelems=30, elem type=java.lang.Object[]@50000108)
	[0]		500005d6
	[16]		50002d3d
	[17]		50002d3e
	[18]		50002d3f
	[20]		50002a33
	[21]		50002d40
	[22]		50000734
	[23]		50002d41
	[26]		50002d42
	[27]		50002d43
	[28]		50002d44
	[29]		50002d45
ARR 500003ed (sz=56, trace=300000, nelems=10, elem type=java.lang.Object[]@50000108)
	[0]		500010bb
	[1]		500010bc
	[2]		500010bd
	[3]		500010be
	[4]		500010bf
	[5]		500010c0
	[6]		500010c1
	[7]		500010d0
	[8]		500010d1
	[9]		500010d2
ARR 500003ee (sz=32, trace=300000, nelems=0, elem type=java.lang.Object[]@50000108)
ARR 500003ef (sz=48, trace=300000, nelems=5, elem type=java.lang.Object[]@50000108)
	[2]		50002d52
	[3]		50000f0d
	[4]		50002d53
ARR 500003f0 (sz=24, trace=300000, nelems=1, elem type=java.lang.Object[]@50000108)
	[0]		50002d50
ARR 500003f1 (sz=32, trace=300000, nelems=0, elem type=java.lang.Object[]@50000108)
OBJ 500003f2 (sz=32, trace=300221, class=java.util.HashMap$Node@500000c4)
	key		50001add
	value		50001acf
OBJ 500003f3 (sz=32, trace=300221, class=java.util.HashMap$Node@500000c4)
	key		50001ade
	value		50001b6b
OBJ 500003f4 (sz=32, trace=300221, class=java.util.HashMap$Node@500000c4)
	key		50001ae0
	value		50001ad0
OBJ 500003f5 (sz=32, trace=300221, class=java.util.HashMap$Node@500000c4)
	key		50001ae1
	value		50001b5c
OBJ 500003f6 (sz=32, trace=300221, class=java.util.HashMap$Node@500000c4)
	key		50001ae2
	value		50001ad1
	next		500002cd
OBJ 500003f7 (sz=32, trace=300221, class=java.util.HashMap$Node@500000c4)
	key		50001ae3
	value		50001ad2
OBJ 500003f8 (sz=32, trace=300221, class=java.util.HashMap$Node@500000c4)
	key		50001ae5
	value		50001ad4
OBJ 500003f9 (sz=32, trace=300221, class=java.util.HashMap$Node@500000c4)
	key		500003d5
	value		500003e4
OBJ 500003fa (sz=32, trace=300221, class=java.util.HashMap$Node@500000c4)
	key		50001ae6
	value		50001ad5
	next		500002c2
OBJ 500003fb (sz=32, trace=300221, class=java.util.HashMap$Node@500000c4)
	key		50001ae7
	value		50001b69
OBJ 500003fc (sz=32, trace=300221, class=java.util.HashMap$Node@500000c4)
	key		50001ae8
	value		50001b6a
OBJ 500003fd (sz=24, trace=300170, class=java.lang.String@5000016e)
	value		500003fe
ARR 500003fe (sz=140, trace=300171, nelems=70, elem type=char[])
ARR 500003ff (sz=216, trace=300000, nelems=47, elem type=java.lang.Object[]@50000108)
	[13]		50000dfe
	[16]		500005da
	[17]		500005e1
	[18]		500005db
	[19]		500005e2
	[45]		50000dff
	[46]		50000e00
ARR 50000400 (sz=24, trace=300000, nelems=1, elem type=java.lang.Object[]@50000108)
	[0]		50000e3d
ARR 50000401 (sz=48, trace=300000, nelems=4, elem type=java.lang.Object[]@50000108)
	[3]		50000e2b
ARR 50000402 (sz=80, trace=300000, nelems=16, elem type=java.lang.Object[]@50000108)
	[0]		500005d6
	[1]		50000dbf
	[2]		50000d9a
	[3]		50000e01
	[4]		50000e03
	[15]		50000e04
ARR 50000403 (sz=296, trace=300000, nelems=0, elem type=java.lang.Object[]@50000108)
ARR 50000404 (sz=200, trace=300000, nelems=42, elem type=java.lang.Object[]@50000108)
	[18]		50000df3
	[19]		50000e3e
	[21]		50000e3f
	[22]		50000e40
	[26]		50000e41
	[29]		50000d67
	[30]		50000e42
	[41]		500006f9
ARR 50000405 (sz=24, trace=300000, nelems=0, elem type=java.lang.Object[]@50000108)
ARR 50000406 (sz=88, trace=300000, nelems=15, elem type=java.lang.Object[]@50000108)
	[2]		50000e29
	[14]		50000e2a
ARR 50000407 (sz=128, trace=300000, nelems=0, elem type=java.lang.Object[]@50000108)
OBJ 50000408 (sz=24, trace=300184, class=java.lang.String@5000016e)
	value		50000409
ARR 50000409 (sz=140, trace=300185, nelems=70, elem type=char[])
OBJ 5000040a (sz=64, trace=300186, class=java.net.URL@50000119)
	protocol	50000dff
	host		500005d6
	file		50000408
	authority	500005d6
	path		50000408
	handler		500019dc
ARR 5000040b (sz=32, trace=300000, nelems=0, elem type=java.lang.Object[]@50000108)
OBJ 5000040c (sz=56, trace=300188, class=sun.misc.URLClassPath$JarLoader@5000025c)
	base		5000040a
	csu		500019ec
	metaIndex	500018d6
	handler		500019dc
	lmap		500019dd
	acc		50000ac0
ARR 5000040d (sz=24, trace=300000, nelems=0, elem type=java.lang.Object[]@50000108)
ARR 5000040e (sz=32, trace=300000, nelems=0, elem type=java.lang.Object[]@50000108)
ARR 5000040f (sz=72, trace=300000, nelems=14, elem type=java.lang.Object[]@50000108)
	[2]		50000e19
	[7]		50000e1a
	[9]		50000e1b
	[10]		50000e1c
	[11]		50000e1d
	[12]		50000e1e
	[13]		50000e1f
ARR 50000410 (sz=56, trace=300000, nelems=10, elem type=java.lang.Object[]@50000108)
	[9]		50000dff
ARR 50000411 (sz=32, trace=300000, nelems=0, elem type=java.lang.Object[]@50000108)
ARR 50000412 (sz=32, trace=300000, nelems=3, elem type=java.lang.Object[]@50000108)
	[0]		5000199c
	[2]		5000199d
ARR 50000413 (sz=144, trace=300000, nelems=0, elem type=java.lang.Object[]@50000108)
OBJ 50000414 (sz=56, trace=300687, class=java.util.zip.ZipFile$ZipFileInputStream@5000055e)
	this$0		500004ee
OBJ 50000415 (sz=40, trace=300106, class=java.lang.ref.Finalizer@5000014d)
	referent	50000414
	queue		500003c8
	next		500003bf
	prev		5000046b
ARR 50000416 (sz=64, trace=300000, nelems=0, elem type=java.lang.Object[]@50000108)
ARR 50000417 (sz=56, trace=300000, nelems=10, elem type=java.lang.Object[]@50000108)
	[5]		50000db0
	[6]		50000db1
	[7]		50000db2
	[8]		50000db3
	[9]		50000db4
ARR 50000418 (sz=56, trace=300000, nelems=0, elem type=java.lang.Object[]@50000108)
ARR 50000419 (sz=56, trace=300000, nelems=8, elem type=java.lang.Object[]@50000108)
	[1]		500019a4
	[7]		50000db3
ARR 5000041a (sz=24, trace=300000, nelems=1, elem type=java.lang.Object[]@50000108)
	[0]		50000728
ARR 5000041b (sz=32, trace=300000, nelems=3, elem type=java.lang.Object[]@50000108)
	[2]		5000072d
ARR 5000041c (sz=48, trace=300000, nelems=7, elem type=java.lang.Object[]@50000108)
	[0]		50000728
	[2]		50000729
	[5]		5000072a
	[6]		5000072d
ARR 5000041d (sz=56, trace=300000, nelems=8, elem type=java.lang.Object[]@50000108)
	[7]		50002f4e
ARR 5000041e (sz=24, trace=300000, nelems=0, elem type=java.lang.Object[]@50000108)
ARR 5000041f (sz=24, trace=300000, nelems=1, elem type=java.lang.Object[]@50000108)
	[0]		50002f4c
ARR 50000420 (sz=40, trace=300000, nelems=4, elem type=java.lang.Object[]@50000108)
	[3]		500005eb
ARR 50000421 (sz=80, trace=300219, nelems=12, elem type=java.lang.Object[]@50000108)
	[0]		5000026e
	[1]		500002a4
	[2]		500002cc
	[3]		500002f4
	[4]		5000031c
	[5]		50000344
	[6]		5000036c
	[7]		50000394
	[8]		500003bc
	[9]		500003e4
	[10]		5000040c
	[11]		50000435
OBJ 50000422 (sz=32, trace=300222, class=java.util.HashMap$Node@500000c4)
	key		500003fd
	value		5000040c
	next		5000044a
OBJ 50000424 (sz=16, trace=300157, class=java.lang.Object@50000172)
OBJ 50000425 (sz=32, trace=300159, class=java.util.concurrent.ConcurrentHashMap$Node@50000024)
	key		50000caa
	val		50000424
OBJ 50000426 (sz=24, trace=300170, class=java.lang.String@5000016e)
	value		50000427
ARR 50000427 (sz=132, trace=300171, nelems=66, elem type=char[])
OBJ 50000428 (sz=16, trace=300160, class=java.lang.Object@50000172)
OBJ 50000429 (sz=32, trace=300159, class=java.util.concurrent.ConcurrentHashMap$Node@50000024)
	key		50000caa
	val		50000428
ARR 5000042a (sz=40, trace=300000, nelems=0, elem type=java.lang.Object[]@50000108)
ARR 5000042b (sz=24, trace=300000, nelems=0, elem type=java.lang.Object[]@50000108)
ARR 5000042c (sz=56, trace=300000, nelems=5, elem type=java.lang.Object[]@50000108)
	[1]		50001b77
	[4]		50001b78
ARR 5000042d (sz=24, trace=300000, nelems=0, elem type=java.lang.Object[]@50000108)
ARR 5000042e (sz=48, trace=300000, nelems=3, elem type=java.lang.Object[]@50000108)
	[2]		5000189c
ARR 5000042f (sz=24, trace=300000, nelems=1, elem type=java.lang.Object[]@50000108)
	[0]		50000d9a
ARR 50000430 (sz=24, trace=300000, nelems=0, elem type=java.lang.Object[]@50000108)
OBJ 50000431 (sz=24, trace=300184, class=java.lang.String@5000016e)
	value		50000432
ARR 50000432 (sz=132, trace=300185, nelems=66, elem type=char[])
OBJ 50000433 (sz=64, trace=300186, class=java.net.URL@50000119)
	protocol	50000dff
	host		500005d6
	file		50000431
	authority	500005d6
	path		50000431
	handler		500019dc
ARR 50000434 (sz=48, trace=300000, nelems=8, elem type=java.lang.Object[]@50000108)
	[0]		500005d6
	[1]		5000189e
	[6]		50000d9c
	[7]		50000dff
OBJ 50000435 (sz=56, trace=300188, class=sun.misc.URLClassPath$JarLoader@5000025c)
	base		50000433
	csu		500019ee
	metaIndex	50001931
	handler		500019dc
	lmap		500019dd
	acc		50000ac0
ARR 50000436 (sz=72, trace=300000, nelems=13, elem type=java.lang.Object[]@50000108)
	[2]		5000116f
	[3]		50001170
	[8]		50001171
	[10]		500008dd
	[12]		50001172
ARR 50000437 (sz=24, trace=300000, nelems=0, elem type=java.lang.Object[]@50000108)
ARR 50000438 (sz=32, trace=300000, nelems=1, elem type=java.lang.Object[]@50000108)
	[0]		500005d6
ARR 50000439 (sz=104, trace=300000, nelems=21, elem type=java.lang.Object[]@50000108)
	[0]		500005da
	[1]		500005e1
	[2]		500005db
	[3]		500005e2
	[4]		50000def
	[5]		50000df0
	[6]		50000df1
	[8]		50000df2
	[11]		50000df3
	[12]		50000df4
	[13]		50000df5
	[14]		50000df6
	[16]		50000df7
	[17]		50000df8
	[18]		50000df9
	[19]		50000dfa
	[20]		50000dfb
ARR 5000043a (sz=48, trace=300000, nelems=7, elem type=java.lang.Object[]@50000108)
	[0]		50001195
	[2]		50001196
	[3]		50001197
	[4]		50001198
	[5]		50001199
	[6]		50000dd1
ARR 5000043b (sz=24, trace=300000, nelems=2, elem type=java.lang.Object[]@50000108)
	[1]		50001196
ARR 5000043c (sz=24, trace=300000, nelems=1, elem type=java.lang.Object[]@50000108)
	[0]		50001195
ARR 5000043d (sz=24, trace=300000, nelems=1, elem type=java.lang.Object[]@50000108)
	[0]		50001198
ARR 5000043e (sz=24, trace=300000, nelems=1, elem type=java.lang.Object[]@50000108)
	[0]		50001199
ARR 5000043f (sz=24, trace=300000, nelems=1, elem type=java.lang.Object[]@50000108)
	[0]		50001197
ARR 50000440 (sz=64, trace=300000, nelems=0, elem type=java.lang.Object[]@50000108)
ARR 50000441 (sz=48, trace=300000, nelems=0, elem type=java.lang.Object[]@50000108)
ARR 50000442 (sz=24, trace=300000, nelems=0, elem type=java.lang.Object[]@50000108)
ARR 50000443 (sz=24, trace=300000, nelems=1, elem type=java.lang.Object[]@50000108)
	[0]		500005e4
ARR 50000444 (sz=24, trace=300000, nelems=0, elem type=java.lang.Object[]@50000108)
ARR 50000445 (sz=40, trace=300000, nelems=0, elem type=java.lang.Object[]@50000108)
ARR 50000446 (sz=40, trace=300000, nelems=6, elem type=java.lang.Object[]@50000108)
	[0]		50001173
	[1]		50001174
	[2]		50001175
	[3]		50001176
	[4]		50001177
	[5]		50001178
ARR 50000447 (sz=32, trace=300000, nelems=0, elem type=java.lang.Object[]@50000108)
ARR 50000448 (sz=56, trace=300000, nelems=10, elem type=java.lang.Object[]@50000108)
	[5]		5000189f
	[8]		500018a0
	[9]		500006f9
ARR 50000449 (sz=160, trace=300000, nelems=0, elem type=java.lang.Object[]@50000108)
OBJ 5000044a (sz=32, trace=300222, class=java.util.HashMap$Node@500000c4)
	key		50000426
	value		50000435
ARR 5000044b (sz=64, trace=300000, nelems=3, elem type=java.lang.Object[]@50000108)
	[0]		50000d9a
	[2]		50001193
ARR 5000044c (sz=24, trace=300000, nelems=0, elem type=java.lang.Object[]@50000108)
ARR 5000044d (sz=24, trace=300000, nelems=0, elem type=java.lang.Object[]@50000108)
ARR 5000044e (sz=56, trace=300000, nelems=5, elem type=java.lang.Object[]@50000108)
	[4]		50001219
ARR 5000044f (sz=88, trace=300000, nelems=17, elem type=java.lang.Object[]@50000108)
	[0]		5000183b
	[1]		5000183e
	[2]		5000183f
	[3]		50001840
	[4]		50001841
	[5]		50001842
	[6]		50001843
	[7]		50001844
	[8]		50001845
	[9]		50001846
	[10]		50001847
	[11]		50001851
	[12]		50001852
	[13]		50001853
	[14]		50001854
	[15]		50001855
	[16]		50001856
ARR 50000450 (sz=72, trace=300000, nelems=11, elem type=java.lang.Object[]@50000108)
	[5]		50001869
	[7]		50000def
	[10]		50000dff
ARR 50000451 (sz=24, trace=300000, nelems=0, elem type=java.lang.Object[]@50000108)
ARR 50000452 (sz=56, trace=300000, nelems=5, elem type=java.lang.Object[]@50000108)
	[4]		50000d9a
ARR 50000453 (sz=40, trace=300000, nelems=5, elem type=java.lang.Object[]@50000108)
	[4]		50002d44
OBJ 50000454 (sz=24, trace=300170, class=java.lang.String@5000016e)
	value		50000455
ARR 50000455 (sz=116, trace=300171, nelems=58, elem type=char[])
ARR 50000456 (sz=112, trace=300000, nelems=24, elem type=java.lang.Object[]@50000108)
	[0]		500005d6
	[1]		50000dbe
	[2]		50000dbf
	[3]		50000dc0
	[4]		50000dc1
	[5]		50000d9a
	[6]		50000dc2
	[7]		50000dc3
	[8]		50000dc4
	[9]		50000dc5
	[14]		50000dc6
	[15]		50000dce
	[16]		50000dcf
	[17]		50000dd0
	[20]		50000dd1
	[23]		50000d9c
ARR 50000457 (sz=80, trace=300000, nelems=4, elem type=java.lang.Object[]@50000108)
	[2]		500005e5
	[3]		50000dd5
ARR 50000458 (sz=120, trace=300000, nelems=25, elem type=java.lang.Object[]@50000108)
	[0]		500005d6
	[1]		50000a93
	[2]		50000d99
	[3]		50000d9a
	[10]		50000d9b
	[12]		50000d9c
	[13]		50000d9d
	[14]		50000d9e
	[15]		50000d9f
	[17]		50000da0
	[18]		50000da1
	[20]		50000da2
	[21]		50000da3
	[23]		50000da4
	[24]		50000da5
ARR 50000459 (sz=80, trace=300000, nelems=10, elem type=java.lang.Object[]@50000108)
	[0]		500005d6
	[9]		500019c5
ARR 5000045a (sz=48, trace=300000, nelems=6, elem type=java.lang.Object[]@50000108)
	[0]		500005d6
	[5]		50000daf
ARR 5000045b (sz=72, trace=300000, nelems=0, elem type=java.lang.Object[]@50000108)
ARR 5000045c (sz=32, trace=300000, nelems=0, elem type=java.lang.Object[]@50000108)
ARR 5000045d (sz=112, trace=300000, nelems=23, elem type=java.lang.Object[]@50000108)
	[14]		50000dff
	[15]		5000188d
	[16]		5000188e
	[18]		500008d8
	[19]		5000188f
	[20]		50001891
	[21]		50001894
	[22]		500006f9
ARR 5000045e (sz=64, trace=300000, nelems=9, elem type=java.lang.Object[]@50000108)
	[0]		500005d6
	[4]		50000d9a
	[7]		50000dff
	[8]		50001a37
OBJ 5000045f (sz=24, trace=300184, class=java.lang.String@5000016e)
	value		50000460
ARR 50000460 (sz=116, trace=300185, nelems=58, elem type=char[])
OBJ 50000461 (sz=64, trace=300186, class=java.net.URL@50000119)
	protocol	50000dff
	host		500005d6
	file		5000045f
	authority	500005d6
	path		5000045f
	handler		50002da4
ARR 50000462 (sz=24, trace=300000, nelems=2, elem type=java.lang.Object[]@50000108)
	[0]		50000725
	[1]		50001a41
OBJ 50000463 (sz=56, trace=300188, class=sun.misc.URLClassPath$JarLoader@5000025c)
	base		50000461
	jar		500004ee
	csu		50001a51
	handler		50002da4
	lmap		50002da5
	acc		50000aa1
ARR 50000464 (sz=24, trace=300000, nelems=1, elem type=java.lang.Object[]@50000108)
	[0]		50002dff
ARR 50000465 (sz=40, trace=300000, nelems=0, elem type=java.lang.Object[]@50000108)
ARR 50000466 (sz=80, trace=300000, nelems=11, elem type=java.lang.Object[]@50000108)
	[10]		50002ed5
ARR 50000467 (sz=120, trace=300000, nelems=0, elem type=java.lang.Object[]@50000108)
ARR 50000468 (sz=24, trace=300000, nelems=1, elem type=java.lang.Object[]@50000108)
	[0]		50002ee8
ARR 50000469 (sz=64, trace=300000, nelems=0, elem type=java.lang.Object[]@50000108)
OBJ 5000046a (sz=56, trace=300687, class=java.util.zip.ZipFile$ZipFileInputStream@5000055e)
	this$0		500004ee
OBJ 5000046b (sz=40, trace=300106, class=java.lang.ref.Finalizer@5000014d)
	referent	5000046a
	queue		500003c8
	next		50000415
	prev		500004cf
ARR 5000046c (sz=24, trace=300000, nelems=0, elem type=java.lang.Object[]@50000108)
ARR 5000046d (sz=24, trace=300000, nelems=0, elem type=java.lang.Object[]@50000108)
ARR 5000046e (sz=40, trace=300000, nelems=0, elem type=java.lang.Object[]@50000108)
ARR 5000046f (sz=56, trace=300000, nelems=10, elem type=java.lang.Object[]@50000108)
	[0]		50002ed6
	[1]		50002ed7
	[2]		50002ed8
	[3]		50002ed9
	[4]		50002eda
	[5]		50002edb
	[6]		50002edc
	[7]		50002edd
	[8]		50002ede
	[9]		500006f9
ARR 50000470 (sz=144, trace=300000, nelems=0, elem type=java.lang.Object[]@50000108)
ARR 50000471 (sz=128, trace=300000, nelems=0, elem type=java.lang.Object[]@50000108)
ARR 50000472 (sz=24, trace=300000, nelems=2, elem type=java.lang.Object[]@50000108)
	[0]		50002ef3
	[1]		50002ef4
ARR 50000473 (sz=240, trace=300000, nelems=53, elem type=java.lang.Object[]@50000108)
	[7]		50002ef5
	[8]		50002ef6
	[9]		50002ef7
	[12]		50002ef8
	[13]		50002ef9
	[14]		50002efa
	[16]		50000dd1
	[17]		50002efb
	[24]		50002efc
	[26]		50002efd
	[40]		50000df3
	[41]		50002efe
	[42]		50000e40
	[44]		50002eff
	[45]		50002f00
	[46]		50002f01
	[47]		50002f02
	[50]		50002f03
	[52]		50002f04
ARR 50000474 (sz=24, trace=300000, nelems=1, elem type=java.lang.Object[]@50000108)
	[0]		50000d56
ARR 50000475 (sz=32, trace=300000, nelems=4, elem type=java.lang.Object[]@50000108)
	[1]		50002f2d
	[2]		50002f15
	[3]		500006f9
ARR 50000476 (sz=32, trace=300000, nelems=0, elem type=java.lang.Object[]@50000108)
OBJ 5000047b (sz=16, trace=300157, class=java.lang.Object@50000172)
OBJ 5000047c (sz=32, trace=300159, class=java.util.concurrent.ConcurrentHashMap$Node@50000024)
	key		50000c47
	val		5000047b
OBJ 5000047d (sz=16, trace=300160, class=java.lang.Object@50000172)
OBJ 5000047e (sz=32, trace=300159, class=java.util.concurrent.ConcurrentHashMap$Node@50000024)
	key		50000c47
	val		5000047d
ARR 5000047f (sz=192, trace=300000, nelems=0, elem type=java.lang.Object[]@50000108)
ARR 50000480 (sz=24, trace=300000, nelems=2, elem type=java.lang.Object[]@50000108)
	[0]		50000dd1
	[1]		50001219
ARR 50000481 (sz=296, trace=300000, nelems=67, elem type=java.lang.Object[]@50000108)
	[25]		50002f3d
	[59]		50002f3e
	[65]		500008d9
	[66]		50002f3f
ARR 50000482 (sz=24, trace=300000, nelems=1, elem type=java.lang.Object[]@50000108)
	[0]		500018a4
ARR 50000483 (sz=48, trace=300000, nelems=8, elem type=java.lang.Object[]@50000108)
	[3]		50002eed
	[6]		50002eee
	[7]		50002eef
ARR 50000484 (sz=48, trace=300000, nelems=8, elem type=java.lang.Object[]@50000108)
	[6]		50001a3d
	[7]		50001a3e
ARR 50000485 (sz=40, trace=300000, nelems=4, elem type=java.lang.Object[]@50000108)
	[0]		50000a93
	[1]		50000d99
	[3]		50000da3
ARR 50000486 (sz=32, trace=300000, nelems=4, elem type=java.lang.Object[]@50000108)
	[3]		5000199a
ARR 50000487 (sz=64, trace=300000, nelems=12, elem type=java.lang.Object[]@50000108)
	[2]		50000d9a
	[11]		500006f9
ARR 50000488 (sz=32, trace=300000, nelems=2, elem type=java.lang.Object[]@50000108)
	[0]		50001a3c
	[1]		500018a5
ARR 50000489 (sz=264, trace=300000, nelems=50, elem type=java.lang.Object[]@50000108)
	[22]		50000e36
	[48]		50000e37
	[49]		50000e38
ARR 5000048a (sz=24, trace=300000, nelems=0, elem type=java.lang.Object[]@50000108)
ARR 5000048b (sz=24, trace=300000, nelems=0, elem type=java.lang.Object[]@50000108)
ARR 5000048c (sz=24, trace=300000, nelems=0, elem type=java.lang.Object[]@50000108)
ARR 5000048d (sz=24, trace=300000, nelems=1, elem type=java.lang.Object[]@50000108)
	[0]		50001115
ARR 5000048e (sz=24, trace=300000, nelems=2, elem type=java.lang.Object[]@50000108)
	[1]		50000e06
OBJ 50000492 (sz=16, trace=300243, class=java.util.jar.JavaUtilJarAccessImpl@50000491)
ARR 50000493 (sz=20, trace=300244, nelems=10, elem type=char[])
ARR 50000494 (sz=512, trace=300245, nelems=128, elem type=int[])
ARR 50000495 (sz=40, trace=300246, nelems=10, elem type=int[])
ARR 50000496 (sz=32, trace=300000, nelems=3, elem type=java.lang.Object[]@50000108)
	[0]		500018a3
	[1]		500018a4
	[2]		500018a5
ARR 50000497 (sz=32, trace=300000, nelems=0, elem type=java.lang.Object[]@50000108)
ARR 50000498 (sz=40, trace=300000, nelems=4, elem type=java.lang.Object[]@50000108)
	[3]		500005e9
ARR 50000499 (sz=96, trace=300239, nelems=48, elem type=char[])
OBJ 5000049a (sz=24, trace=300240, class=java.lang.String@5000016e)
	value		50000499
ARR 5000049c (sz=32, trace=300000, nelems=0, elem type=java.lang.Object[]@50000108)
ARR 5000049d (sz=32, trace=300000, nelems=0, elem type=java.lang.Object[]@50000108)
ARR 5000049e (sz=80, trace=300000, nelems=15, elem type=java.lang.Object[]@50000108)
	[1]		50001651
	[2]		500017dc
	[3]		500017dd
	[6]		500017de
	[11]		500017df
	[14]		50001805
OBJ 500004a0 (sz=24, trace=300250, class=sun.nio.cs.US_ASCII@5000049f)
	name		50001196
	aliases		5000119a
ARR 500004a1 (sz=48, trace=300000, nelems=0, elem type=java.lang.Object[]@50000108)
ARR 500004a2 (sz=40, trace=300000, nelems=4, elem type=java.lang.Object[]@50000108)
	[0]		500005e4
	[1]		500017f8
	[2]		500017f9
	[3]		500017fa
ARR 500004a3 (sz=24, trace=300000, nelems=0, elem type=java.lang.Object[]@50000108)
ARR 500004a4 (sz=256, trace=300000, nelems=60, elem type=java.lang.Object[]@50000108)
	[0]		500005d6
	[5]		50000efe
	[10]		50000eff
	[12]		50000f00
	[14]		50000f01
	[17]		50000f02
	[23]		50000f03
	[28]		50000f04
	[29]		50000f05
	[30]		50000f06
	[31]		50000f07
	[32]		50000f08
	[33]		50000f09
	[37]		50000f0a
	[39]		50000f0b
	[42]		50000f0c
	[43]		50000f0d
	[44]		50000f0e
	[45]		50000f0f
	[46]		50000f10
	[47]		50000f11
	[48]		50000f12
	[49]		50000f13
	[50]		50000f14
	[51]		50000f15
	[55]		50000f18
	[56]		50000f19
	[57]		50000f1a
	[58]		50000f1b
	[59]		50000f1c
ARR 500004a5 (sz=88, trace=300000, nelems=0, elem type=java.lang.Object[]@50000108)
ARR 500004a6 (sz=56, trace=300000, nelems=10, elem type=java.lang.Object[]@50000108)
	[0]		50000d4d
	[1]		50000d4e
	[2]		50000d4f
	[3]		50000d50
	[4]		50000d51
	[5]		50000d52
	[6]		50000d53
	[7]		50000d54
	[8]		50000d55
	[9]		50000d56
ARR 500004a7 (sz=24, trace=300000, nelems=0, elem type=java.lang.Object[]@50000108)
ARR 500004a8 (sz=72, trace=300000, nelems=12, elem type=java.lang.Object[]@50000108)
	[0]		500005d6
	[2]		50000f65
	[3]		50000f66
	[11]		50000f67
ARR 500004a9 (sz=24, trace=300000, nelems=1, elem type=java.lang.Object[]@50000108)
	[0]		500005d6
ARR 500004ab (sz=24, trace=300000, nelems=0, elem type=java.lang.Object[]@50000108)
OBJ 500004ac (sz=56, trace=300130, class=java.lang.Class$ReflectionData@500000a5)
OBJ 500004ad (sz=40, trace=300040, class=java.lang.ref.SoftReference@50000152)
OBJ 500004ae (sz=80, trace=300131, class=java.lang.reflect.Constructor@5000013d)
ARR 500004af (sz=24, trace=300000, nelems=2, elem type=java.lang.Object[]@50000108)
	[0]		50000e07
	[1]		50000e08
OBJ 500004b0 (sz=24, trace=300133, class=sun.reflect.NativeConstructorAccessorImpl@5000007c)
OBJ 500004b1 (sz=16, trace=300134, class=sun.reflect.DelegatingConstructorAccessorImpl@5000007b)
OBJ 500004b2 (sz=24, trace=300252, class=sun.nio.cs.ISO_8859_1@500004aa)
	name		50001195
	aliases		500012ee
ARR 500004b3 (sz=32, trace=300000, nelems=3, elem type=java.lang.Object[]@50000108)
	[0]		500010e4
	[1]		500010e5
	[2]		50000d56
ARR 500004b4 (sz=40, trace=300000, nelems=5, elem type=java.lang.Object[]@50000108)
	[4]		50002e18
ARR 500004b5 (sz=88, trace=300000, nelems=15, elem type=java.lang.Object[]@50000108)
	[14]		50000734
ARR 500004b6 (sz=24, trace=300000, nelems=0, elem type=java.lang.Object[]@50000108)
ARR 500004b7 (sz=48, trace=300000, nelems=7, elem type=java.lang.Object[]@50000108)
	[0]		500005d6
	[1]		50001651
	[5]		50001652
	[6]		50001653
ARR 500004b8 (sz=24, trace=300000, nelems=0, elem type=java.lang.Object[]@50000108)
ARR 500004b9 (sz=24, trace=300000, nelems=2, elem type=java.lang.Object[]@50000108)
	[0]		50000a93
	[1]		5000142a
ARR 500004ba (sz=864, trace=300000, nelems=212, elem type=java.lang.Object[]@50000108)
	[0]		500011cc
	[1]		500011a8
	[2]		500011cd
	[3]		500011ce
	[4]		500011cf
	[5]		500011d0
	[6]		500011d1
	[7]		500011d3
	[8]		500011d4
	[9]		500011d5
	[10]		500011d6
	[11]		500011db
	[12]		500011dc
	[13]		500011dd
	[14]		500011de
	[15]		500011df
	[16]		500011e0
	[17]		500011e1
	[18]		500011e2
	[19]		500011e3
	[20]		500011e4
	[21]		500011e5
	[22]		500011e6
	[23]		500011e7
	[24]		500011e8
	[25]		500011e9
	[26]		500011aa
	[27]		5000119d
	[28]		5000119f
	[29]		500011ea
	[30]		500011eb
	[31]		500011ec
	[32]		500011ed
	[33]		500011ee
	[34]		500011a2
	[35]		500011ef
	[36]		500011f0
	[37]		500011f1
	[38]		500011f2
	[39]		500011a0
	[40]		500011f3
	[41]		500011f4
	[42]		500011f5
	[43]		500011f6
	[44]		500011f7
	[45]		500011f8
	[46]		500011f9
	[47]		500011fb
	[48]		500011fc
	[49]		5000119e
	[50]		500011fd
	[51]		500011fe
	[52]		500011ff
	[53]		50001200
	[54]		50001201
	[55]		50001202
	[56]		50001203
	[57]		50001204
	[58]		50001205
	[59]		50001206
	[60]		5000120c
	[61]		5000120d
	[62]		50001210
	[63]		50001211
	[64]		50001212
	[65]		50001213
	[66]		50001214
	[67]		50001215
	[68]		50001216
	[69]		50001217
	[70]		50001218
	[71]		50001219
	[72]		5000121a
	[73]		5000121b
	[74]		5000121e
	[75]		5000121f
	[76]		50001220
	[77]		50001223
	[78]		50001224
	[79]		50001225
	[80]		50001226
	[81]		50001227
	[82]		50001228
	[83]		50001229
	[84]		5000122e
	[85]		5000122f
	[86]		50001230
	[87]		50001231
	[88]		50001232
	[89]		500011ab
	[90]		50001237
	[91]		50001238
	[92]		50001239
	[93]		5000123a
	[94]		5000123b
	[95]		5000123c
	[96]		5000123d
	[97]		5000123e
	[98]		500011a3
	[99]		5000123f
	[100]		50001240
	[101]		50001242
	[102]		50001243
	[103]		50001244
	[104]		50001245
	[105]		50001246
	[106]		50001247
	[107]		50001248
	[108]		50001249
	[109]		5000124a
	[110]		5000124b
	[111]		5000124c
	[112]		5000124d
	[113]		50001253
	[114]		50001254
	[115]		50001255
	[116]		50001256
	[117]		50001257
	[118]		50001258
	[119]		50001259
	[120]		5000125a
	[121]		5000125b
	[122]		5000125c
	[123]		500011a4
	[124]		5000125d
	[125]		5000125e
	[126]		5000125f
	[127]		50001260
	[128]		50001261
	[129]		50001262
	[130]		50001263
	[131]		50001264
	[132]		50001265
	[133]		50001266
	[134]		50001267
	[135]		50001268
	[136]		50001269
	[137]		5000126c
	[138]		5000126d
	[139]		5000126e
	[140]		5000126f
	[141]		50001270
	[142]		50001271
	[143]		500011a5
	[144]		50001272
	[145]		50001273
	[146]		50001274
	[147]		50001275
	[148]		50001276
	[149]		50001277
	[150]		5000127b
	[151]		5000127c
	[152]		5000127d
	[153]		50001280
	[154]		50001281
	[155]		50001282
	[156]		50001283
	[157]		50001287
	[158]		50001289
	[159]		5000128a
	[160]		5000128b
	[161]		5000128c
	[162]		50001293
	[163]		50001294
	[164]		5000129a
	[165]		5000129b
	[166]		5000129c
	[167]		5000129d
	[168]		5000129e
	[169]		5000129f
	[170]		500012a0
	[171]		500012a1
	[172]		500012a2
	[173]		500012a3
	[174]		500012a4
	[175]		500012a5
	[176]		500012a6
	[177]		500012a7
	[178]		500012a8
	[179]		500012a9
	[180]		5000119c
	[181]		500012aa
	[182]		500012ab
	[183]		500012ac
	[184]		500012ad
	[185]		500012ae
	[186]		500012af
	[187]		500012b0
	[188]		500012b1
	[189]		500011a9
	[190]		500012b2
	[191]		500012b3
	[192]		500012b4
	[193]		500012b5
	[194]		500012b6
	[195]		500012b7
	[196]		500012b8
	[197]		500012b9
	[198]		500012ba
	[199]		500012bb
	[200]		500012bc
	[201]		500012bd
	[202]		500012be
	[203]		500012bf
	[204]		500012c0
	[205]		500012c1
	[206]		500011a1
	[207]		500012c2
	[208]		500012c3
	[209]		500012c4
	[210]		500012c5
	[211]		500012c6
ARR 500004bb (sz=984, trace=300000, nelems=241, elem type=java.lang.Object[]@50000108)
	[0]		500011cc
	[1]		500011a8
	[2]		500011cd
	[3]		500011ce
	[4]		500011cf
	[5]		500011d0
	[6]		500011d1
	[7]		500011d3
	[8]		500011d4
	[9]		500011d5
	[10]		500011d6
	[11]		500011db
	[12]		500011dc
	[13]		500012c4
	[14]		500011dd
	[15]		500011de
	[16]		500011df
	[17]		500011e0
	[18]		500011e1
	[19]		500011e2
	[20]		500011e3
	[21]		500011e4
	[22]		500011e5
	[23]		500011e6
	[24]		500011e7
	[25]		500011e8
	[26]		500011e9
	[27]		50001232
	[28]		500014a8
	[29]		500014a9
	[30]		500014aa
	[31]		500011ab
	[32]		50001237
	[33]		5000142d
	[34]		500014ab
	[35]		50001238
	[36]		50001239
	[37]		5000123a
	[38]		5000123b
	[39]		5000123c
	[40]		5000123d
	[41]		5000123e
	[42]		500011a3
	[43]		5000123f
	[44]		50001240
	[45]		50001242
	[46]		50001243
	[47]		50001244
	[48]		50001245
	[49]		50001246
	[50]		50001247
	[51]		50001248
	[52]		50001249
	[53]		5000124a
	[54]		5000124b
	[55]		5000124c
	[56]		5000124d
	[57]		50001253
	[58]		50001254
	[59]		50001255
	[60]		50001256
	[61]		50001257
	[62]		50001258
	[63]		50001259
	[64]		5000125a
	[65]		5000125b
	[66]		5000125c
	[67]		500014ac
	[68]		500014ad
	[69]		500014ae
	[70]		500014af
	[71]		500014b0
	[72]		500014b1
	[73]		500014b3
	[74]		500014b4
	[75]		500014b5
	[76]		500014b6
	[77]		500014b7
	[78]		500014b8
	[79]		500014b9
	[80]		5000126c
	[81]		5000126d
	[82]		5000126e
	[83]		5000126f
	[84]		500014ba
	[85]		50001270
	[86]		50001271
	[87]		500011a5
	[88]		500014bb
	[89]		500014bc
	[90]		50001272
	[91]		50001273
	[92]		50001274
	[93]		50001275
	[94]		50001276
	[95]		50001277
	[96]		500014bd
	[97]		5000127b
	[98]		5000127c
	[99]		5000127d
	[100]		50001280
	[101]		50001281
	[102]		50001282
	[103]		500012c5
	[104]		50001283
	[105]		50001287
	[106]		50001289
	[107]		5000128a
	[108]		500014be
	[109]		5000142e
	[110]		500014bf
	[111]		5000128b
	[112]		5000128c
	[113]		50001293
	[114]		50001294
	[115]		500014c5
	[116]		5000129a
	[117]		5000129b
	[118]		5000129c
	[119]		5000129d
	[120]		5000129e
	[121]		5000129f
	[122]		500012c6
	[123]		500012a0
	[124]		500012a1
	[125]		500012a2
	[126]		500012a3
	[127]		500014c6
	[128]		500014c7
	[129]		5000142f
	[130]		50001430
	[131]		50001431
	[132]		50001432
	[133]		50001433
	[134]		50001434
	[135]		50001437
	[136]		50001438
	[137]		500012a4
	[138]		500012a5
	[139]		500012a6
	[140]		500012a7
	[141]		500012a8
	[142]		500012a9
	[143]		5000119c
	[144]		500014c8
	[145]		500014c9
	[146]		500014ca
	[147]		500014cb
	[148]		500014cc
	[149]		500012aa
	[150]		500014cd
	[151]		500012ab
	[152]		500014ce
	[153]		500014cf
	[154]		500012ac
	[155]		500014d0
	[156]		500014d1
	[157]		500012ad
	[158]		500012ae
	[159]		500012af
	[160]		500012b0
	[161]		500012b1
	[162]		500011a9
	[163]		500014d2
	[164]		500014d3
	[165]		500012b2
	[166]		500014d4
	[167]		500014d5
	[168]		500014d6
	[169]		500014d7
	[170]		500014d8
	[171]		500014d9
	[172]		500014da
	[173]		500014db
	[174]		500014dc
	[175]		500014dd
	[176]		500014de
	[177]		500014e1
	[178]		500014e2
	[179]		500012b3
	[180]		50001439
	[181]		5000143a
	[182]		500012b4
	[183]		500012b5
	[184]		500012b6
	[185]		500012b7
	[186]		500012b8
	[187]		500012b9
	[188]		500014e3
	[189]		500014e4
	[190]		500012ba
	[191]		500012bb
	[192]		500012bc
	[193]		500012bd
	[194]		500014e5
	[195]		500014e6
	[196]		500012bf
	[197]		500012c0
	[198]		500012c1
	[199]		500014e7
	[200]		500014e8
	[201]		500014e9
	[202]		500014ea
	[203]		500011a1
	[204]		5000143b
	[205]		5000143c
	[206]		5000143d
	[207]		5000143e
	[208]		5000143f
	[209]		50001440
	[210]		500014eb
	[211]		50001441
	[212]		500014f1
	[213]		50001442
	[214]		500012c2
	[215]		500014f2
	[216]		500014f3
	[217]		500014f4
	[218]		500014f5
	[219]		500014f6
	[220]		500014f7
	[221]		500014f8
	[222]		500014f9
	[223]		500014fb
	[224]		500014fc
	[225]		50001443
	[226]		5000144c
	[227]		5000144d
	[228]		5000144e
	[229]		5000144f
	[230]		50001450
	[231]		500012c3
	[232]		50001451
	[233]		50001452
	[234]		500014fd
	[235]		500014fe
	[236]		50001453
	[237]		500014ff
	[238]		50001454
	[239]		50001500
	[240]		50001457
ARR 500004bc (sz=328, trace=300000, nelems=78, elem type=java.lang.Object[]@50000108)
	[0]		500013f6
	[1]		500013f7
	[2]		500013f8
	[3]		500013f9
	[4]		500013fa
	[5]		500013fb
	[6]		500013fc
	[7]		500013fd
	[8]		500013fe
	[9]		500013ff
	[10]		50001401
	[11]		50001402
	[12]		50001211
	[13]		50001403
	[14]		50001404
	[15]		50001405
	[16]		50001406
	[17]		50001407
	[18]		50001408
	[19]		50001409
	[20]		5000140a
	[21]		5000140b
	[22]		5000140c
	[23]		50001412
	[24]		50001423
	[25]		50001426
	[26]		50001428
	[27]		50001429
	[28]		5000142a
	[29]		5000121a
	[30]		5000121b
	[31]		5000121e
	[32]		5000142b
	[33]		5000121f
	[34]		50001220
	[35]		50001223
	[36]		50001224
	[37]		50001225
	[38]		5000142c
	[39]		5000142d
	[40]		5000142e
	[41]		5000128b
	[42]		50001293
	[43]		5000129a
	[44]		5000129b
	[45]		5000129c
	[46]		5000129d
	[47]		5000129e
	[48]		5000129f
	[49]		5000142f
	[50]		50001430
	[51]		50001431
	[52]		50001432
	[53]		50001433
	[54]		50001434
	[55]		50001437
	[56]		50001438
	[57]		50001439
	[58]		5000143a
	[59]		5000143b
	[60]		5000143c
	[61]		5000143d
	[62]		5000143e
	[63]		5000143f
	[64]		50001440
	[65]		50001441
	[66]		50001442
	[67]		50001443
	[68]		5000144c
	[69]		5000144d
	[70]		5000144e
	[71]		5000144f
	[72]		50001450
	[73]		50001451
	[74]		50001452
	[75]		50001453
	[76]		50001454
	[77]		50001457
ARR 500004bd (sz=176, trace=300000, nelems=39, elem type=java.lang.Object[]@50000108)
	[0]		5000142d
	[1]		5000142e
	[2]		5000128b
	[3]		50001293
	[4]		5000129a
	[5]		5000129b
	[6]		5000129c
	[7]		5000129d
	[8]		5000129e
	[9]		5000129f
	[10]		5000142f
	[11]		50001430
	[12]		50001431
	[13]		50001432
	[14]		50001433
	[15]		50001434
	[16]		50001437
	[17]		50001438
	[18]		50001439
	[19]		5000143a
	[20]		5000143b
	[21]		5000143c
	[22]		5000143d
	[23]		5000143e
	[24]		5000143f
	[25]		50001440
	[26]		50001441
	[27]		50001442
	[28]		50001443
	[29]		5000144c
	[30]		5000144d
	[31]		5000144e
	[32]		5000144f
	[33]		50001450
	[34]		50001451
	[35]		50001452
	[36]		50001453
	[37]		50001454
	[38]		50001457
ARR 500004be (sz=24, trace=300000, nelems=1, elem type=java.lang.Object[]@50000108)
	[0]		50000d56
ARR 500004bf (sz=72, trace=300000, nelems=0, elem type=java.lang.Object[]@50000108)
ARR 500004c1 (sz=32, trace=300000, nelems=4, elem type=java.lang.Object[]@50000108)
	[0]		50001810
	[2]		5000144d
	[3]		50001811
OBJ 500004c2 (sz=56, trace=300130, class=java.lang.Class$ReflectionData@500000a5)
OBJ 500004c3 (sz=40, trace=300040, class=java.lang.ref.SoftReference@50000152)
OBJ 500004c4 (sz=80, trace=300131, class=java.lang.reflect.Constructor@5000013d)
ARR 500004c5 (sz=32, trace=300000, nelems=0, elem type=java.lang.Object[]@50000108)
OBJ 500004c6 (sz=24, trace=300133, class=sun.reflect.NativeConstructorAccessorImpl@5000007c)
OBJ 500004c7 (sz=16, trace=300134, class=sun.reflect.DelegatingConstructorAccessorImpl@5000007b)
OBJ 500004c8 (sz=24, trace=300253, class=sun.nio.cs.UTF_16BE@500004c0)
	name		50001198
	aliases		500012f6
ARR 500004c9 (sz=32, trace=300000, nelems=3, elem type=java.lang.Object[]@50000108)
	[1]		50002e1b
	[2]		50002e1c
ARR 500004ca (sz=80, trace=300000, nelems=13, elem type=java.lang.Object[]@50000108)
	[1]		50001651
	[2]		500017dc
	[3]		500017dd
	[6]		500017de
	[12]		500017df
ARR 500004cb (sz=32, trace=300000, nelems=3, elem type=java.lang.Object[]@50000108)
	[0]		500017f0
	[1]		500017f1
	[2]		500017f2
ARR 500004cc (sz=32, trace=300000, nelems=0, elem type=java.lang.Object[]@50000108)
ARR 500004cd (sz=32, trace=300000, nelems=0, elem type=java.lang.Object[]@50000108)
OBJ 500004ce (sz=56, trace=300687, class=java.util.zip.ZipFile$ZipFileInputStream@5000055e)
	this$0		500004ee
OBJ 500004cf (sz=40, trace=300106, class=java.lang.ref.Finalizer@5000014d)
	referent	500004ce
	queue		500003c8
	next		5000046b
	prev		5000057e
ARR 500004d0 (sz=56, trace=300000, nelems=8, elem type=java.lang.Object[]@50000108)
	[2]		50001183
	[3]		50001184
	[4]		50001185
	[7]		50001186
ARR 500004d1 (sz=24, trace=300000, nelems=2, elem type=java.lang.Object[]@50000108)
	[0]		5000117d
	[1]		5000117e
ARR 500004d3 (sz=24, trace=300000, nelems=1, elem type=java.lang.Object[]@50000108)
	[0]		50000d56
OBJ 500004d4 (sz=56, trace=300130, class=java.lang.Class$ReflectionData@500000a5)
OBJ 500004d5 (sz=40, trace=300040, class=java.lang.ref.SoftReference@50000152)
OBJ 500004d6 (sz=80, trace=300131, class=java.lang.reflect.Constructor@5000013d)
ARR 500004d7 (sz=32, trace=300000, nelems=3, elem type=java.lang.Object[]@50000108)
	[2]		500005eb
OBJ 500004d8 (sz=24, trace=300133, class=sun.reflect.NativeConstructorAccessorImpl@5000007c)
OBJ 500004d9 (sz=16, trace=300134, class=sun.reflect.DelegatingConstructorAccessorImpl@5000007b)
OBJ 500004da (sz=24, trace=300254, class=sun.nio.cs.UTF_16LE@500004d2)
	name		50001199
	aliases		500012f5
ARR 500004db (sz=96, trace=300000, nelems=19, elem type=java.lang.Object[]@50000108)
	[0]		500005d6
	[17]		50000e43
	[18]		50000e44
ARR 500004dc (sz=32, trace=300000, nelems=2, elem type=java.lang.Object[]@50000108)
	[0]		500010f5
	[1]		500010f6
ARR 500004dd (sz=48, trace=300000, nelems=7, elem type=java.lang.Object[]@50000108)
	[5]		50000efb
	[6]		50000efc
ARR 500004de (sz=32, trace=300000, nelems=0, elem type=java.lang.Object[]@50000108)
ARR 500004df (sz=24, trace=300000, nelems=2, elem type=java.lang.Object[]@50000108)
	[0]		500010fd
	[1]		500010fe
ARR 500004e0 (sz=32, trace=300000, nelems=3, elem type=java.lang.Object[]@50000108)
	[0]		50000a8c
	[2]		500006f9
ARR 500004e1 (sz=24, trace=300000, nelems=2, elem type=java.lang.Object[]@50000108)
	[0]		50002e92
	[1]		50002e93
OBJ 500004e3 (sz=16, trace=300157, class=java.lang.Object@50000172)
OBJ 500004e5 (sz=32, trace=300683, class=java.util.concurrent.ConcurrentHashMap$Node@50000024)
	key		50000b01
	val		500004e3
	next		500008b1
OBJ 500004e6 (sz=56, trace=300130, class=java.lang.Class$ReflectionData@500000a5)
OBJ 500004e7 (sz=40, trace=300040, class=java.lang.ref.SoftReference@50000152)
OBJ 500004e8 (sz=80, trace=300131, class=java.lang.reflect.Constructor@5000013d)
OBJ 500004e9 (sz=16, trace=300160, class=java.lang.Object@50000172)
OBJ 500004ea (sz=24, trace=300133, class=sun.reflect.NativeConstructorAccessorImpl@5000007c)
OBJ 500004eb (sz=16, trace=300134, class=sun.reflect.DelegatingConstructorAccessorImpl@5000007b)
OBJ 500004ec (sz=24, trace=300255, class=sun.nio.cs.UTF_16@500004e4)
	name		50001197
	aliases		500012f7
OBJ 500004ed (sz=32, trace=300683, class=java.util.concurrent.ConcurrentHashMap$Node@50000024)
	key		50000b01
	val		500004e9
	next		500008b5
OBJ 500004ee (sz=64, trace=300256, class=java.util.jar.JarFile@5000048f)
	name		5000049a
	zc		500004fa
	streams		500004f0
	inflaterCache	500004f7
	manRef		500005dc
	manEntry	5000055a
OBJ 500004ef (sz=40, trace=300106, class=java.lang.ref.Finalizer@5000014d)
	referent	500004ee
	queue		500003c8
	next		50002eb5
	prev		500022d3
OBJ 500004f0 (sz=48, trace=300257, class=java.util.WeakHashMap@5000009b)
	table		500004f3
	queue		500004f1
OBJ 500004f1 (sz=32, trace=300258, class=java.lang.ref.ReferenceQueue@5000014c)
	lock		500004f2
OBJ 500004f2 (sz=16, trace=300259, class=java.lang.ref.ReferenceQueue$Lock@500000d1)
ARR 500004f3 (sz=80, trace=300260, nelems=0, elem type=java.util.WeakHashMap$Entry[]@50000048)
OBJ 500004f7 (sz=24, trace=300262, class=java.util.ArrayDeque@500004f6)
	elements	500004f8
ARR 500004f8 (sz=80, trace=300263, nelems=0, elem type=java.lang.Object[]@50000108)
OBJ 500004fa (sz=32, trace=300265, class=java.util.zip.ZipCoder@500004f9)
	cs		50000228
	dec		50000554
	enc		5000051c
ARR 500004fd (sz=40, trace=300000, nelems=0, elem type=java.lang.Object[]@50000108)
OBJ 500004ff (sz=16, trace=300270, class=sun.misc.Perf@500004fe)
OBJ 50000501 (sz=24, trace=300272, class=sun.misc.PerfCounter@500004fb)
	name		50001175
	lb		50000509
ARR 50000505 (sz=80, trace=300000, nelems=14, elem type=java.lang.Object[]@50000108)
	[13]		50000735
OBJ 50000506 (sz=64, trace=300275, class=java.nio.DirectByteBuffer@50000504)
OBJ 50000509 (sz=56, trace=300277, class=java.nio.DirectLongBufferU@50000508)
	att		50000506
OBJ 5000050a (sz=24, trace=300278, class=sun.misc.PerfCounter@500004fb)
	name		50001174
	lb		5000050c
OBJ 5000050b (sz=64, trace=300275, class=java.nio.DirectByteBuffer@50000504)
OBJ 5000050c (sz=56, trace=300277, class=java.nio.DirectLongBufferU@50000508)
	att		5000050b
OBJ 5000050d (sz=24, trace=300279, class=sun.misc.PerfCounter@500004fb)
	name		50001173
	lb		5000050f
OBJ 5000050e (sz=64, trace=300275, class=java.nio.DirectByteBuffer@50000504)
OBJ 5000050f (sz=56, trace=300277, class=java.nio.DirectLongBufferU@50000508)
	att		5000050e
OBJ 50000510 (sz=24, trace=300280, class=sun.misc.PerfCounter@500004fb)
	name		50001176
	lb		50000512
OBJ 50000511 (sz=64, trace=300275, class=java.nio.DirectByteBuffer@50000504)
OBJ 50000512 (sz=56, trace=300277, class=java.nio.DirectLongBufferU@50000508)
	att		50000511
OBJ 50000513 (sz=24, trace=300281, class=sun.misc.PerfCounter@500004fb)
	name		50001178
	lb		50000515
OBJ 50000514 (sz=64, trace=300275, class=java.nio.DirectByteBuffer@50000504)
OBJ 50000515 (sz=56, trace=300277, class=java.nio.DirectLongBufferU@50000508)
	att		50000514
OBJ 50000516 (sz=24, trace=300282, class=sun.misc.PerfCounter@500004fb)
	name		50001177
	lb		50000518
OBJ 50000517 (sz=64, trace=300275, class=java.nio.DirectByteBuffer@50000504)
OBJ 50000518 (sz=56, trace=300277, class=java.nio.DirectLongBufferU@50000508)
	att		50000517
ARR 5000051a (sz=24, trace=300000, nelems=1, elem type=java.lang.Object[]@50000108)
	[0]		5000073a
ARR 5000051b (sz=24, trace=300000, nelems=1, elem type=java.lang.Object[]@50000108)
	[0]		50000a91
OBJ 5000051c (sz=56, trace=300141, class=sun.nio.cs.UTF_8$Encoder@5000022c)
	charset		50000228
	replacement	5000051d
	malformedInputAction	500005e3
	unmappableCharacterAction	500005e3
ARR 5000051d (sz=1, trace=300142, nelems=1, elem type=byte[])
ARR 5000051e (sz=56, trace=300000, nelems=10, elem type=java.lang.Object[]@50000108)
	[6]		50000d64
	[7]		50000d65
	[8]		50000d66
	[9]		50000d67
ARR 5000051f (sz=32, trace=300000, nelems=0, elem type=java.lang.Object[]@50000108)
ARR 50000520 (sz=152, trace=300000, nelems=0, elem type=java.lang.Object[]@50000108)
ARR 50000522 (sz=24, trace=300000, nelems=0, elem type=java.lang.Object[]@50000108)
ARR 50000523 (sz=64, trace=300290, nelems=11, elem type=java.lang.String[]@500000c8)
	[0]		50000526
	[1]		5000052a
	[2]		5000052e
	[3]		50000532
	[4]		50000536
	[5]		5000053a
	[6]		5000053e
	[7]		50000df1
	[8]		50000543
	[9]		50000548
	[10]		5000054d
ARR 50000524 (sz=64, trace=300000, nelems=11, elem type=java.lang.Object[]@50000108)
	[0]		500008d7
	[3]		5000073a
	[4]		500008d8
	[5]		500008d9
	[6]		500008da
	[7]		500008db
	[8]		500008dc
	[9]		500008dd
	[10]		500006f9
ARR 50000525 (sz=40, trace=300000, nelems=0, elem type=java.lang.Object[]@50000108)
OBJ 50000526 (sz=24, trace=300293, class=java.lang.String@5000016e)
	value		50000527
ARR 50000527 (sz=14, trace=300294, nelems=7, elem type=char[])
ARR 50000528 (sz=48, trace=300000, nelems=0, elem type=java.lang.Object[]@50000108)
ARR 50000529 (sz=32, trace=300000, nelems=1, elem type=java.lang.Object[]@50000108)
	[0]		50000716
OBJ 5000052a (sz=24, trace=300297, class=java.lang.String@5000016e)
	value		5000052b
ARR 5000052b (sz=18, trace=300298, nelems=9, elem type=char[])
ARR 5000052c (sz=24, trace=300000, nelems=0, elem type=java.lang.Object[]@50000108)
ARR 5000052d (sz=56, trace=300000, nelems=10, elem type=java.lang.Object[]@50000108)
	[9]		50002e16
OBJ 5000052e (sz=24, trace=300301, class=java.lang.String@5000016e)
	value		5000052f
ARR 5000052f (sz=16, trace=300302, nelems=8, elem type=char[])
ARR 50000530 (sz=24, trace=300000, nelems=1, elem type=java.lang.Object[]@50000108)
	[0]		50002eb2
ARR 50000531 (sz=24, trace=300000, nelems=0, elem type=java.lang.Object[]@50000108)
OBJ 50000532 (sz=24, trace=300305, class=java.lang.String@5000016e)
	value		50000533
ARR 50000533 (sz=26, trace=300306, nelems=13, elem type=char[])
ARR 50000534 (sz=24, trace=300000, nelems=0, elem type=java.lang.Object[]@50000108)
ARR 50000535 (sz=24, trace=300000, nelems=0, elem type=java.lang.Object[]@50000108)
OBJ 50000536 (sz=24, trace=300309, class=java.lang.String@5000016e)
	value		50000537
ARR 50000537 (sz=20, trace=300310, nelems=10, elem type=char[])
ARR 50000538 (sz=24, trace=300000, nelems=0, elem type=java.lang.Object[]@50000108)
ARR 50000539 (sz=40, trace=300000, nelems=0, elem type=java.lang.Object[]@50000108)
OBJ 5000053a (sz=24, trace=300313, class=java.lang.String@5000016e)
	value		5000053b
ARR 5000053b (sz=20, trace=300314, nelems=10, elem type=char[])
ARR 5000053c (sz=104, trace=300000, nelems=17, elem type=java.lang.Object[]@50000108)
	[7]		50001896
	[8]		50002a32
	[10]		50002e77
	[14]		50002e78
	[15]		50002e82
	[16]		5000188d
ARR 5000053d (sz=24, trace=300000, nelems=0, elem type=java.lang.Object[]@50000108)
OBJ 5000053e (sz=24, trace=300317, class=java.lang.String@5000016e)
	value		5000053f
ARR 5000053f (sz=30, trace=300318, nelems=15, elem type=char[])
ARR 50000540 (sz=24, trace=300000, nelems=0, elem type=java.lang.Object[]@50000108)
ARR 50000541 (sz=24, trace=300000, nelems=0, elem type=java.lang.Object[]@50000108)
ARR 50000542 (sz=40, trace=300000, nelems=5, elem type=java.lang.Object[]@50000108)
	[4]		50001106
OBJ 50000543 (sz=24, trace=300321, class=java.lang.String@5000016e)
	value		50000544
ARR 50000544 (sz=62, trace=300322, nelems=31, elem type=char[])
ARR 50000545 (sz=40, trace=300000, nelems=0, elem type=java.lang.Object[]@50000108)
ARR 50000546 (sz=24, trace=300000, nelems=1, elem type=java.lang.Object[]@50000108)
	[0]		50002e25
ARR 50000547 (sz=40, trace=300000, nelems=5, elem type=java.lang.Object[]@50000108)
	[2]		50002e1f
	[3]		50002e20
	[4]		50002e21
OBJ 50000548 (sz=24, trace=300325, class=java.lang.String@5000016e)
	value		50000549
ARR 50000549 (sz=50, trace=300326, nelems=25, elem type=char[])
ARR 5000054a (sz=32, trace=300000, nelems=0, elem type=java.lang.Object[]@50000108)
ARR 5000054b (sz=72, trace=300000, nelems=0, elem type=java.lang.Object[]@50000108)
ARR 5000054c (sz=56, trace=300000, nelems=0, elem type=java.lang.Object[]@50000108)
OBJ 5000054d (sz=24, trace=300329, class=java.lang.String@5000016e)
	value		5000054e
ARR 5000054e (sz=42, trace=300330, nelems=21, elem type=char[])
ARR 5000054f (sz=104, trace=300000, nelems=1, elem type=java.lang.Object[]@50000108)
	[0]		500005ea
ARR 50000550 (sz=40, trace=300000, nelems=1, elem type=java.lang.Object[]@50000108)
	[0]		50002b58
ARR 50000551 (sz=24, trace=300000, nelems=0, elem type=java.lang.Object[]@50000108)
ARR 50000553 (sz=24, trace=300000, nelems=0, elem type=java.lang.Object[]@50000108)
OBJ 50000554 (sz=40, trace=300204, class=sun.nio.cs.UTF_8$Decoder@5000027f)
	charset		50000228
	replacement	50001805
	malformedInputAction	500005e3
	unmappableCharacterAction	500005e3
ARR 50000555 (sz=32, trace=300000, nelems=0, elem type=java.lang.Object[]@50000108)
OBJ 50000556 (sz=24, trace=300334, class=java.lang.String@5000016e)
	value		50000557
ARR 50000557 (sz=40, trace=300335, nelems=20, elem type=char[])
OBJ 5000055a (sz=96, trace=300337, class=java.util.jar.JarFile$JarFileEntry@50000559)
	name		50000556
	this$0		500004ee
ARR 5000055b (sz=32, trace=300000, nelems=3, elem type=java.lang.Object[]@50000108)
	[0]		50000632
	[1]		50000635
	[2]		50000636
ARR 5000055c (sz=88, trace=300000, nelems=0, elem type=java.lang.Object[]@50000108)
ARR 5000055d (sz=24, trace=300000, nelems=1, elem type=java.lang.Object[]@50000108)
	[0]		50000de8
OBJ 5000055f (sz=56, trace=300342, class=java.util.zip.ZipFile$ZipFileInputStream@5000055e)
ARR 50000560 (sz=24, trace=300000, nelems=2, elem type=java.lang.Object[]@50000108)
	[1]		50000d63
ARR 50000561 (sz=88, trace=300000, nelems=18, elem type=java.lang.Object[]@50000108)
	[0]		500005d6
	[5]		50000a93
	[13]		50000a94
	[14]		50000a95
	[17]		50000a96
ARR 50000563 (sz=56, trace=300000, nelems=10, elem type=java.lang.Object[]@50000108)
	[9]		5000199b
ARR 50000564 (sz=56, trace=300000, nelems=0, elem type=java.lang.Object[]@50000108)
ARR 50000565 (sz=56, trace=300219, nelems=1, elem type=java.lang.Object[]@50000108)
	[0]		50000463
ARR 50000566 (sz=80, trace=300220, nelems=3, elem type=java.util.HashMap$Node[]@500000c2)
	[2]		50000567
OBJ 50000567 (sz=32, trace=300221, class=java.util.HashMap$Node@500000c4)
	key		50000454
	value		50000463
ARR 50000568 (sz=56, trace=300000, nelems=10, elem type=java.lang.Object[]@50000108)
	[0]		500005d6
	[1]		500006f0
	[2]		500005e7
	[3]		500006f4
	[4]		500006f5
	[5]		500006f6
	[6]		500005e8
	[7]		500005a4
	[8]		500005e6
	[9]		500006f9
ARR 50000569 (sz=208, trace=300000, nelems=0, elem type=java.lang.Object[]@50000108)
OBJ 5000056a (sz=24, trace=300369, class=java.lang.String@5000016e)
	value		5000056b
ARR 5000056b (sz=48, trace=300370, nelems=24, elem type=char[])
ARR 5000056c (sz=32, trace=300000, nelems=3, elem type=java.lang.Object[]@50000108)
	[0]		5000063a
	[1]		5000063b
	[2]		500005d5
ARR 5000056d (sz=72, trace=300000, nelems=13, elem type=java.lang.Object[]@50000108)
	[0]		500005d6
	[6]		500005eb
	[9]		500005ec
	[10]		500005ee
	[12]		500005fd
ARR 5000056e (sz=48, trace=300000, nelems=7, elem type=java.lang.Object[]@50000108)
	[6]		500019ac
ARR 5000056f (sz=64, trace=300000, nelems=7, elem type=java.lang.Object[]@50000108)
	[6]		50000668
ARR 50000570 (sz=32, trace=300000, nelems=0, elem type=java.lang.Object[]@50000108)
ARR 50000571 (sz=40, trace=300000, nelems=4, elem type=java.lang.Object[]@50000108)
	[1]		50000725
	[2]		50000726
	[3]		50000727
ARR 50000572 (sz=48, trace=300000, nelems=0, elem type=java.lang.Object[]@50000108)
ARR 50000573 (sz=72, trace=300000, nelems=0, elem type=java.lang.Object[]@50000108)
ARR 50000574 (sz=80, trace=300000, nelems=0, elem type=java.lang.Object[]@50000108)
ARR 50000575 (sz=32, trace=300000, nelems=0, elem type=java.lang.Object[]@50000108)
ARR 50000576 (sz=112, trace=300000, nelems=23, elem type=java.lang.Object[]@50000108)
	[22]		50000718
ARR 50000577 (sz=32, trace=300000, nelems=3, elem type=java.lang.Object[]@50000108)
	[2]		50000d7c
OBJ 50000578 (sz=56, trace=300443, class=java.lang.Package@500005dd)
	pkgName		5000056a
	loader		500003d7
OBJ 50000579 (sz=32, trace=300221, class=java.util.HashMap$Node@500000c4)
	key		5000056a
	value		50000578
ARR 5000057a (sz=72, trace=300000, nelems=0, elem type=java.lang.Object[]@50000108)
ARR 5000057b (sz=32, trace=300000, nelems=0, elem type=java.lang.Object[]@50000108)
ARR 5000057c (sz=32, trace=300000, nelems=0, elem type=java.lang.Object[]@50000108)
OBJ 5000057d (sz=56, trace=300687, class=java.util.zip.ZipFile$ZipFileInputStream@5000055e)
	this$0		500004ee
OBJ 5000057e (sz=40, trace=300106, class=java.lang.ref.Finalizer@5000014d)
	referent	5000057d
	queue		500003c8
	next		500004cf
	prev		500006aa
ARR 5000057f (sz=24, trace=300000, nelems=0, elem type=java.lang.Object[]@50000108)
ARR 50000580 (sz=48, trace=300000, nelems=0, elem type=java.lang.Object[]@50000108)
ARR 50000581 (sz=64, trace=300000, nelems=9, elem type=java.lang.Object[]@50000108)
	[8]		50000721
ARR 50000582 (sz=48, trace=300000, nelems=0, elem type=java.lang.Object[]@50000108)
ARR 50000583 (sz=24, trace=300000, nelems=0, elem type=java.lang.Object[]@50000108)
ARR 50000584 (sz=24, trace=300000, nelems=0, elem type=java.lang.Object[]@50000108)
OBJ 50000585 (sz=24, trace=300668, class=java.lang.String@5000016e)
	value		50000586
ARR 50000586 (sz=48, trace=300669, nelems=24, elem type=char[])
OBJ 50000587 (sz=32, trace=300671, class=java.util.concurrent.ConcurrentHashMap$Node@50000024)
	key		50000585
	val		50000a9e
ARR 5000058a (sz=24, trace=300000, nelems=0, elem type=java.lang.Object[]@50000108)
OBJ 5000058b (sz=24, trace=300369, class=java.lang.String@5000016e)
	value		5000058c
ARR 5000058c (sz=38, trace=300370, nelems=19, elem type=char[])
ARR 5000058d (sz=24, trace=300000, nelems=0, elem type=java.lang.Object[]@50000108)
OBJ 5000058e (sz=104, trace=300000, class=java.lang.Class@5000016a)
OBJ 5000058f (sz=104, trace=300000, class=java.lang.Class@5000016a)
OBJ 50000590 (sz=56, trace=300342, class=java.util.zip.ZipFile$ZipFileInputStream@5000055e)
OBJ 50000591 (sz=104, trace=300000, class=java.lang.Class@5000016a)
OBJ 50000592 (sz=16, trace=300157, class=java.lang.Object@50000172)
OBJ 50000593 (sz=32, trace=300159, class=java.util.concurrent.ConcurrentHashMap$Node@50000024)
	key		50000cee
	val		50000592
OBJ 50000594 (sz=16, trace=300160, class=java.lang.Object@50000172)
OBJ 50000595 (sz=32, trace=300159, class=java.util.concurrent.ConcurrentHashMap$Node@50000024)
	key		50000cee
	val		50000594
OBJ 50000596 (sz=24, trace=300375, class=java.util.jar.Manifest@50000118)
	attr		50000598
	entries		5000059a
OBJ 50000598 (sz=16, trace=300377, class=java.util.jar.Attributes@50000597)
	map		50000599
OBJ 50000599 (sz=48, trace=300378, class=java.util.HashMap@500000c6)
	table		500005bf
OBJ 5000059a (sz=48, trace=300379, class=java.util.HashMap@500000c6)
OBJ 5000059c (sz=104, trace=300000, class=java.lang.Class@5000016a)
OBJ 5000059d (sz=104, trace=300000, class=java.lang.Class@5000016a)
OBJ 5000059e (sz=104, trace=300000, class=java.lang.Class@5000016a)
OBJ 5000059f (sz=104, trace=300000, class=java.lang.Class@5000016a)
OBJ 500005a0 (sz=104, trace=300000, class=java.lang.Class@5000016a)
OBJ 500005a1 (sz=24, trace=300386, class=java.lang.String@5000016e)
	value		500005a9
OBJ 500005a2 (sz=104, trace=300000, class=java.lang.Class@5000016a)
ARR 500005a3 (sz=16, trace=300000, nelems=0, elem type=java.lang.Class[]@50000103)
OBJ 500005a4 (sz=24, trace=300000, class=java.lang.String@5000016e)
	value		50002e2a
OBJ 500005a5 (sz=24, trace=300000, class=java.lang.String@5000016e)
	value		50002ed4
OBJ 500005a6 (sz=32, trace=300000, class=java.lang.OutOfMemoryError@50000156)
	detailMessage	50002ed2
OBJ 500005a7 (sz=32, trace=300000, class=java.lang.OutOfMemoryError@50000156)
	detailMessage	50002ed0
OBJ 500005a8 (sz=32, trace=300000, class=java.lang.OutOfMemoryError@50000156)
	detailMessage	50002ece
ARR 500005a9 (sz=6, trace=300387, nelems=3, elem type=char[])
OBJ 500005ab (sz=24, trace=300389, class=java.util.jar.Attributes$Name@500005aa)
	name		50001851
OBJ 500005ac (sz=24, trace=300390, class=java.util.jar.Attributes$Name@500005aa)
	name		50001853
OBJ 500005ad (sz=24, trace=300391, class=java.util.jar.Attributes$Name@500005aa)
	name		5000183e
OBJ 500005ae (sz=24, trace=300392, class=java.util.jar.Attributes$Name@500005aa)
	name		5000183b
OBJ 500005af (sz=24, trace=300393, class=java.util.jar.Attributes$Name@500005aa)
	name		50001847
OBJ 500005b0 (sz=24, trace=300394, class=java.util.jar.Attributes$Name@500005aa)
	name		50001852
OBJ 500005b1 (sz=24, trace=300395, class=java.util.jar.Attributes$Name@500005aa)
	name		50001840
OBJ 500005b2 (sz=24, trace=300396, class=java.util.jar.Attributes$Name@500005aa)
	name		50001841
OBJ 500005b3 (sz=24, trace=300397, class=java.util.jar.Attributes$Name@500005aa)
	name		5000183f
OBJ 500005b4 (sz=24, trace=300398, class=java.util.jar.Attributes$Name@500005aa)
	name		50001842
OBJ 500005b5 (sz=24, trace=300399, class=java.util.jar.Attributes$Name@500005aa)
	name		50001846
OBJ 500005b6 (sz=24, trace=300400, class=java.util.jar.Attributes$Name@500005aa)
	name		50001844
OBJ 500005b7 (sz=24, trace=300401, class=java.util.jar.Attributes$Name@500005aa)
	name		50001845
OBJ 500005b8 (sz=24, trace=300402, class=java.util.jar.Attributes$Name@500005aa)
	name		50001843
OBJ 500005b9 (sz=24, trace=300403, class=java.util.jar.Attributes$Name@500005aa)
	name		50001854
OBJ 500005ba (sz=24, trace=300404, class=java.util.jar.Attributes$Name@500005aa)
	name		50001856
OBJ 500005bb (sz=24, trace=300405, class=java.util.jar.Attributes$Name@500005aa)
	name		50001855
OBJ 500005bc (sz=24, trace=300406, class=java.util.jar.Attributes$Name@500005aa)
	name		50001851
OBJ 500005be (sz=16, trace=300408, class=sun.misc.ASCIICaseInsensitiveComparator@500005bd)
ARR 500005bf (sz=80, trace=300409, nelems=16, elem type=java.util.HashMap$Node[]@500000c2)
	[14]		500005c6
	[15]		500005c0
OBJ 500005c0 (sz=32, trace=300221, class=java.util.HashMap$Node@500000c4)
	key		500005bc
	value		500005a1
OBJ 500005c1 (sz=24, trace=300384, class=java.lang.String@5000016e)
	value		500005c2
ARR 500005c2 (sz=20, trace=300385, nelems=10, elem type=char[])
OBJ 500005c3 (sz=24, trace=300386, class=java.lang.String@5000016e)
	value		500005c4
ARR 500005c4 (sz=58, trace=300387, nelems=29, elem type=char[])
OBJ 500005c5 (sz=24, trace=300406, class=java.util.jar.Attributes$Name@500005aa)
	name		500005c1
OBJ 500005c6 (sz=32, trace=300221, class=java.util.HashMap$Node@500000c4)
	key		500005c5
	value		500005c3
OBJ 500005c8 (sz=32, trace=300000, class=java.lang.OutOfMemoryError@50000156)
	detailMessage	50002ecc
OBJ 500005c9 (sz=32, trace=300000, class=java.lang.OutOfMemoryError@50000156)
	detailMessage	50002eca
OBJ 500005ca (sz=32, trace=300000, class=java.lang.OutOfMemoryError@50000156)
	detailMessage	50002ec8
ARR 500005cb (sz=32, trace=300000, nelems=4, elem type=java.lang.OutOfMemoryError[]@500000fd)
	[0]		50002ec4
	[1]		50002ec5
	[2]		50002ec6
	[3]		50002ec7
OBJ 500005ce (sz=32, trace=300000, class=java.lang.NullPointerException@50000102)
OBJ 500005d0 (sz=32, trace=300000, class=java.lang.ArithmeticException@50000101)
	detailMessage	50002ec2
OBJ 500005d1 (sz=32, trace=300000, class=java.lang.VirtualMachineError@50000157)
OBJ 500005d2 (sz=48, trace=300000, class=java.lang.ThreadGroup@50000148)
	parent		500005d3
	name		50002ebc
	threads		50002ebb
OBJ 500005d3 (sz=48, trace=300000, class=java.lang.ThreadGroup@50000148)
	name		500019ac
	threads		50002ea7
	groups		50002ea6
OBJ 500005d4 (sz=32, trace=300000, class=java.lang.VirtualMachineError@50000157)
OBJ 500005d5 (sz=24, trace=300000, class=java.lang.String@5000016e)
	value		50002e31
OBJ 500005d6 (sz=24, trace=300000, class=java.lang.String@5000016e)
	value		50000e17
ARR 500005d7 (sz=16, trace=300000, nelems=0, elem type=java.lang.Object[]@50000108)
OBJ 500005d9 (sz=32, trace=300000, class=java.util.Locale@5000002f)
	baseLocale	50001009
OBJ 500005da (sz=24, trace=300000, class=java.lang.String@5000016e)
	value		5000116c
OBJ 500005db (sz=24, trace=300000, class=java.lang.String@5000016e)
	value		50001127
OBJ 500005dc (sz=40, trace=300430, class=java.lang.ref.SoftReference@50000152)
	referent	50000596
	queue		50000f87
OBJ 500005de (sz=48, trace=300432, class=java.util.HashMap@500000c6)
OBJ 500005df (sz=48, trace=300433, class=java.util.HashMap@500000c6)
OBJ 500005e0 (sz=48, trace=300434, class=java.util.HashMap@500000c6)
OBJ 500005e1 (sz=24, trace=300000, class=java.lang.String@5000016e)
	value		50001146
OBJ 500005e2 (sz=24, trace=300000, class=java.lang.String@5000016e)
	value		5000111d
OBJ 500005e3 (sz=16, trace=300000, class=java.nio.charset.CodingErrorAction@50000077)
	name		500017f2
OBJ 500005e4 (sz=24, trace=300000, class=java.lang.String@5000016e)
	value		50001801
OBJ 500005e5 (sz=24, trace=300000, class=java.lang.String@5000016e)
	value		50000de6
OBJ 500005e6 (sz=24, trace=300000, class=java.lang.String@5000016e)
	value		50002e29
OBJ 500005e7 (sz=24, trace=300000, class=java.lang.String@5000016e)
	value		50002e2f
OBJ 500005e8 (sz=24, trace=300000, class=java.lang.String@5000016e)
	value		50002e2b
OBJ 500005e9 (sz=24, trace=300000, class=java.lang.String@5000016e)
	value		50001983
OBJ 500005ea (sz=24, trace=300000, class=java.lang.String@5000016e)
	value		5000072f
OBJ 500005eb (sz=24, trace=300000, class=java.lang.String@5000016e)
	value		50002b59
OBJ 500005ec (sz=24, trace=300000, class=java.lang.String@5000016e)
	value		50002ea5
OBJ 500005ed (sz=56, trace=300443, class=java.lang.Package@500005dd)
	pkgName		5000058b
	loader		500003d7
OBJ 500005ee (sz=24, trace=300000, class=java.lang.String@5000016e)
	value		50002ea4
OBJ 500005ef (sz=32, trace=300221, class=java.util.HashMap$Node@500000c4)
	key		5000058b
	value		500005ed
OBJ 500005f8 (sz=16, trace=300450, class=java.util.regex.Pattern$4@500005f7)
OBJ 500005f9 (sz=16, trace=300451, class=java.util.regex.Pattern$Node@500005f6)
OBJ 500005fb (sz=16, trace=300453, class=java.util.regex.Pattern$LastNode@500005fa)
	next		500005f9
OBJ 500005fc (sz=72, trace=300454, class=java.util.regex.Pattern@500005f5)
	pattern		50000d9a
	normalizedPattern	50000d9a
	root		5000060b
	matchRoot	50000605
OBJ 500005fd (sz=24, trace=300000, class=java.lang.String@5000016e)
	value		50002ea3
OBJ 500005fe (sz=24, trace=300000, class=java.lang.String@5000016e)
	value		50000985
OBJ 50000601 (sz=48, trace=300000, class=java.util.Properties@50000144)
	table		50002e4d
	entrySet	50002e4c
OBJ 50000605 (sz=24, trace=300460, class=java.util.regex.Pattern$Single@50000604)
	next		500005fb
OBJ 5000060b (sz=24, trace=300465, class=java.util.regex.Pattern$Start@5000060a)
	next		50000605
OBJ 5000060d (sz=32, trace=300000, class=java.io.PrintStream@50000093)
	out		50002e44
	textOut		50002e43
	charOut		50002e42
OBJ 5000060e (sz=72, trace=300468, class=java.util.regex.Pattern@500005f5)
	pattern		50000e04
	normalizedPattern	50000e04
	root		5000061f
	matchRoot	5000061c
OBJ 5000060f (sz=24, trace=300369, class=java.lang.String@5000016e)
	value		50000610
ARR 50000610 (sz=38, trace=300370, nelems=19, elem type=char[])
OBJ 50000611 (sz=32, trace=300000, class=java.io.PrintStream@50000093)
	out		50002e3a
	textOut		50002e39
	charOut		50002e38
ARR 50000612 (sz=16, trace=300472, nelems=4, elem type=int[])
ARR 50000614 (sz=512, trace=300474, nelems=128, elem type=int[])
OBJ 50000616 (sz=24, trace=300476, class=java.util.regex.Pattern$SliceI@50000615)
	next		5000061a
	buffer		50000612
ARR 50000617 (sz=12, trace=300472, nelems=3, elem type=int[])
OBJ 50000618 (sz=24, trace=300476, class=java.util.regex.Pattern$SliceI@50000615)
	next		5000061a
	buffer		50000617
OBJ 5000061a (sz=16, trace=300478, class=java.util.regex.Pattern$BranchConn@50000619)
	next		500005fb
OBJ 5000061c (sz=32, trace=300480, class=java.util.regex.Pattern$Branch@5000061b)
	next		500005f9
	atoms		5000061e
	conn		5000061a
ARR 5000061e (sz=24, trace=300481, nelems=2, elem type=java.util.regex.Pattern$Node[]@5000061d)
	[0]		50000616
	[1]		50000618
OBJ 5000061f (sz=24, trace=300465, class=java.util.regex.Pattern$Start@5000060a)
	next		5000061c
OBJ 50000620 (sz=40, trace=300000, class=java.io.BufferedInputStream@500000ab)
	in		50000627
	buf		50000624
OBJ 50000621 (sz=16, trace=300482, class=sun.security.util.AlgorithmDecomposer@500005f4)
OBJ 50000622 (sz=24, trace=300483, class=sun.security.util.DisabledAlgorithmConstraints@500005f3)
	decomposer	50000621
	disabledAlgorithms	500006f7
	algorithmConstraints	50000704
ARR 50000624 (sz=8192, trace=300000, nelems=8192, elem type=byte[])
OBJ 50000627 (sz=32, trace=300000, class=java.io.FileInputStream@500000b3)
	fd		5000062a
	closeLock	50000629
OBJ 50000628 (sz=48, trace=300489, class=java.util.Properties@50000144)
	table		50000696
OBJ 50000629 (sz=16, trace=300000, class=java.lang.Object@50000172)
OBJ 5000062a (sz=40, trace=300000, class=java.io.FileDescriptor@500000b2)
	parent		50000627
OBJ 5000062b (sz=40, trace=300000, class=java.io.FileDescriptor@500000b2)
	parent		50002e36
OBJ 5000062c (sz=40, trace=300000, class=java.io.FileDescriptor@500000b2)
	parent		5000062d
OBJ 5000062d (sz=32, trace=300000, class=java.io.FileOutputStream@500000ad)
	fd		5000062c
	closeLock	50000630
OBJ 5000062e (sz=24, trace=300493, class=java.lang.String@5000016e)
ARR 5000062f (sz=152, trace=300494, nelems=0, elem type=char[])
OBJ 50000630 (sz=16, trace=300000, class=java.lang.Object@50000172)
OBJ 50000631 (sz=32, trace=300496, class=java.io.FileInputStream@500000b3)
OBJ 50000632 (sz=24, trace=300000, class=java.lang.String@5000016e)
	value		50002d11
OBJ 50000633 (sz=16, trace=300497, class=java.lang.Object@50000172)
OBJ 50000634 (sz=40, trace=300498, class=java.io.FileDescriptor@500000b2)
OBJ 50000635 (sz=24, trace=300000, class=java.lang.String@5000016e)
	value		50002e35
OBJ 50000636 (sz=24, trace=300000, class=java.lang.String@5000016e)
	value		50002e34
OBJ 50000638 (sz=56, trace=300443, class=java.lang.Package@500005dd)
	pkgName		5000060f
	loader		500003d7
OBJ 50000639 (sz=32, trace=300222, class=java.util.HashMap$Node@500000c4)
	key		5000060f
	value		50000638
	next		5000121d
OBJ 5000063a (sz=24, trace=300000, class=java.lang.String@5000016e)
	value		50002e33
OBJ 5000063b (sz=24, trace=300000, class=java.lang.String@5000016e)
	value		50002e32
OBJ 5000063c (sz=24, trace=300506, class=java.lang.String@5000016e)
	value		5000063d
ARR 5000063d (sz=38, trace=300507, nelems=19, elem type=char[])
OBJ 5000063e (sz=24, trace=300508, class=java.lang.String@5000016e)
	value		5000063f
ARR 5000063f (sz=50, trace=300509, nelems=25, elem type=char[])
OBJ 50000640 (sz=32, trace=300510, class=java.util.Hashtable$Entry@500000c0)
	key		5000063c
	value		5000063e
OBJ 50000641 (sz=24, trace=300506, class=java.lang.String@5000016e)
	value		50000642
ARR 50000642 (sz=38, trace=300507, nelems=19, elem type=char[])
OBJ 50000643 (sz=24, trace=300508, class=java.lang.String@5000016e)
	value		50000644
ARR 50000644 (sz=54, trace=300509, nelems=27, elem type=char[])
OBJ 50000645 (sz=32, trace=300510, class=java.util.Hashtable$Entry@500000c0)
	key		50000641
	value		50000643
	next		50000673
OBJ 50000646 (sz=24, trace=300506, class=java.lang.String@5000016e)
	value		50000647
ARR 50000647 (sz=38, trace=300507, nelems=19, elem type=char[])
OBJ 50000648 (sz=24, trace=300508, class=java.lang.String@5000016e)
	value		50000649
ARR 50000649 (sz=42, trace=300509, nelems=21, elem type=char[])
OBJ 5000064a (sz=32, trace=300510, class=java.util.Hashtable$Entry@500000c0)
	key		50000646
	value		50000648
OBJ 5000064b (sz=24, trace=300506, class=java.lang.String@5000016e)
	value		5000064c
ARR 5000064c (sz=38, trace=300507, nelems=19, elem type=char[])
OBJ 5000064d (sz=24, trace=300508, class=java.lang.String@5000016e)
	value		5000064e
ARR 5000064e (sz=74, trace=300509, nelems=37, elem type=char[])
OBJ 5000064f (sz=32, trace=300510, class=java.util.Hashtable$Entry@500000c0)
	key		5000064b
	value		5000064d
OBJ 50000650 (sz=24, trace=300506, class=java.lang.String@5000016e)
	value		50000651
ARR 50000651 (sz=38, trace=300507, nelems=19, elem type=char[])
OBJ 50000652 (sz=24, trace=300508, class=java.lang.String@5000016e)
	value		50000653
ARR 50000653 (sz=60, trace=300509, nelems=30, elem type=char[])
OBJ 50000654 (sz=32, trace=300510, class=java.util.Hashtable$Entry@500000c0)
	key		50000650
	value		50000652
OBJ 50000655 (sz=24, trace=300506, class=java.lang.String@5000016e)
	value		50000656
ARR 50000656 (sz=38, trace=300507, nelems=19, elem type=char[])
OBJ 50000657 (sz=24, trace=300508, class=java.lang.String@5000016e)
	value		50000658
ARR 50000658 (sz=58, trace=300509, nelems=29, elem type=char[])
OBJ 50000659 (sz=32, trace=300510, class=java.util.Hashtable$Entry@500000c0)
	key		50000655
	value		50000657
OBJ 5000065a (sz=24, trace=300506, class=java.lang.String@5000016e)
	value		5000065b
ARR 5000065b (sz=38, trace=300507, nelems=19, elem type=char[])
OBJ 5000065c (sz=24, trace=300508, class=java.lang.String@5000016e)
	value		5000065d
ARR 5000065d (sz=60, trace=300509, nelems=30, elem type=char[])
OBJ 5000065e (sz=32, trace=300510, class=java.util.Hashtable$Entry@500000c0)
	key		5000065a
	value		5000065c
	next		5000067d
OBJ 5000065f (sz=24, trace=300506, class=java.lang.String@5000016e)
	value		50000660
ARR 50000660 (sz=38, trace=300507, nelems=19, elem type=char[])
OBJ 50000661 (sz=24, trace=300508, class=java.lang.String@5000016e)
	value		50000662
ARR 50000662 (sz=78, trace=300509, nelems=39, elem type=char[])
OBJ 50000663 (sz=32, trace=300510, class=java.util.Hashtable$Entry@500000c0)
	key		5000065f
	value		50000661
OBJ 50000664 (sz=24, trace=300506, class=java.lang.String@5000016e)
	value		50000665
ARR 50000665 (sz=38, trace=300507, nelems=19, elem type=char[])
OBJ 50000666 (sz=24, trace=300508, class=java.lang.String@5000016e)
	value		50000667
ARR 50000667 (sz=64, trace=300509, nelems=32, elem type=char[])
OBJ 50000668 (sz=24, trace=300000, class=java.lang.String@5000016e)
	value		500006ed
OBJ 50000669 (sz=32, trace=300510, class=java.util.Hashtable$Entry@500000c0)
	key		50000664
	value		50000666
OBJ 5000066a (sz=24, trace=300506, class=java.lang.String@5000016e)
	value		5000066b
ARR 5000066b (sz=40, trace=300507, nelems=20, elem type=char[])
OBJ 5000066c (sz=24, trace=300508, class=java.lang.String@5000016e)
	value		5000066d
ARR 5000066d (sz=58, trace=300509, nelems=29, elem type=char[])
OBJ 5000066e (sz=32, trace=300510, class=java.util.Hashtable$Entry@500000c0)
	key		5000066a
	value		5000066c
OBJ 5000066f (sz=24, trace=300506, class=java.lang.String@5000016e)
	value		50000670
ARR 50000670 (sz=38, trace=300507, nelems=19, elem type=char[])
OBJ 50000671 (sz=24, trace=300508, class=java.lang.String@5000016e)
	value		50000672
ARR 50000672 (sz=32, trace=300509, nelems=16, elem type=char[])
OBJ 50000673 (sz=32, trace=300510, class=java.util.Hashtable$Entry@500000c0)
	key		5000066f
	value		50000671
OBJ 50000674 (sz=24, trace=300506, class=java.lang.String@5000016e)
	value		50000675
ARR 50000675 (sz=58, trace=300507, nelems=29, elem type=char[])
OBJ 50000676 (sz=24, trace=300508, class=java.lang.String@5000016e)
	value		50000677
ARR 50000677 (sz=70, trace=300509, nelems=35, elem type=char[])
OBJ 50000678 (sz=32, trace=300510, class=java.util.Hashtable$Entry@500000c0)
	key		50000674
	value		50000676
OBJ 50000679 (sz=24, trace=300506, class=java.lang.String@5000016e)
	value		5000067a
ARR 5000067a (sz=56, trace=300507, nelems=28, elem type=char[])
OBJ 5000067b (sz=24, trace=300508, class=java.lang.String@5000016e)
	value		5000067c
ARR 5000067c (sz=64, trace=300509, nelems=32, elem type=char[])
OBJ 5000067d (sz=32, trace=300510, class=java.util.Hashtable$Entry@500000c0)
	key		50000679
	value		5000067b
OBJ 5000067e (sz=24, trace=300506, class=java.lang.String@5000016e)
	value		5000067f
ARR 5000067f (sz=30, trace=300507, nelems=15, elem type=char[])
OBJ 50000680 (sz=24, trace=300508, class=java.lang.String@5000016e)
	value		50000681
ARR 50000681 (sz=64, trace=300509, nelems=32, elem type=char[])
OBJ 50000682 (sz=32, trace=300510, class=java.util.Hashtable$Entry@500000c0)
	key		5000067e
	value		50000680
OBJ 50000683 (sz=24, trace=300506, class=java.lang.String@5000016e)
	value		50000684
ARR 50000684 (sz=24, trace=300507, nelems=12, elem type=char[])
OBJ 50000685 (sz=24, trace=300508, class=java.lang.String@5000016e)
	value		50000686
ARR 50000686 (sz=84, trace=300509, nelems=42, elem type=char[])
OBJ 50000687 (sz=32, trace=300510, class=java.util.Hashtable$Entry@500000c0)
	key		50000683
	value		50000685
OBJ 50000688 (sz=24, trace=300506, class=java.lang.String@5000016e)
	value		50000689
ARR 50000689 (sz=24, trace=300507, nelems=12, elem type=char[])
OBJ 5000068a (sz=24, trace=300508, class=java.lang.String@5000016e)
	value		5000068b
ARR 5000068b (sz=60, trace=300509, nelems=30, elem type=char[])
OBJ 5000068c (sz=32, trace=300510, class=java.util.Hashtable$Entry@500000c0)
	key		50000688
	value		5000068a
OBJ 5000068d (sz=24, trace=300506, class=java.lang.String@5000016e)
	value		5000068e
ARR 5000068e (sz=46, trace=300507, nelems=23, elem type=char[])
OBJ 5000068f (sz=24, trace=300508, class=java.lang.String@5000016e)
	value		50000690
ARR 50000690 (sz=8, trace=300509, nelems=4, elem type=char[])
OBJ 50000691 (sz=32, trace=300510, class=java.util.Hashtable$Entry@500000c0)
	key		5000068d
	value		5000068f
OBJ 50000692 (sz=24, trace=300506, class=java.lang.String@5000016e)
	value		50000693
ARR 50000693 (sz=52, trace=300507, nelems=26, elem type=char[])
OBJ 50000694 (sz=24, trace=300508, class=java.lang.String@5000016e)
	value		50000695
ARR 50000695 (sz=8, trace=300509, nelems=4, elem type=char[])
ARR 50000696 (sz=208, trace=300511, nelems=47, elem type=java.util.Hashtable$Entry[]@500000bf)
	[0]		500006a6
	[1]		5000066e
	[2]		500006ad
	[5]		5000069c
	[6]		500006b3
	[7]		500006ea
	[12]		500006b8
	[16]		500006d1
	[18]		50000682
	[20]		50000691
	[24]		500006e0
	[28]		500006db
	[29]		500006bd
	[32]		500006a1
	[33]		500006d6
	[35]		500006c2
	[37]		50000687
	[38]		50000697
	[39]		50000640
	[40]		50000645
	[41]		5000064a
	[42]		5000064f
	[43]		50000654
	[44]		500006e5
	[45]		5000065e
	[46]		50000663
OBJ 50000697 (sz=32, trace=300510, class=java.util.Hashtable$Entry@500000c0)
	key		50000692
	value		50000694
	next		5000068c
OBJ 50000698 (sz=24, trace=300506, class=java.lang.String@5000016e)
	value		50000699
ARR 50000699 (sz=52, trace=300507, nelems=26, elem type=char[])
OBJ 5000069a (sz=24, trace=300508, class=java.lang.String@5000016e)
	value		5000069b
ARR 5000069b (sz=10, trace=300509, nelems=5, elem type=char[])
OBJ 5000069c (sz=32, trace=300510, class=java.util.Hashtable$Entry@500000c0)
	key		50000698
	value		5000069a
OBJ 5000069d (sz=24, trace=300506, class=java.lang.String@5000016e)
	value		5000069e
ARR 5000069e (sz=26, trace=300507, nelems=13, elem type=char[])
OBJ 5000069f (sz=24, trace=300508, class=java.lang.String@5000016e)
	value		500006a0
ARR 500006a0 (sz=6, trace=300509, nelems=3, elem type=char[])
OBJ 500006a1 (sz=32, trace=300510, class=java.util.Hashtable$Entry@500000c0)
	key		5000069d
	value		5000069f
OBJ 500006a2 (sz=24, trace=300506, class=java.lang.String@5000016e)
	value		500006a3
ARR 500006a3 (sz=40, trace=300507, nelems=20, elem type=char[])
OBJ 500006a4 (sz=24, trace=300508, class=java.lang.String@5000016e)
	value		500006a5
ARR 500006a5 (sz=8, trace=300509, nelems=4, elem type=char[])
OBJ 500006a6 (sz=32, trace=300510, class=java.util.Hashtable$Entry@500000c0)
	key		500006a2
	value		500006a4
	next		50000669
OBJ 500006a7 (sz=56, trace=300687, class=java.util.zip.ZipFile$ZipFileInputStream@5000055e)
	this$0		500004ee
OBJ 500006a8 (sz=24, trace=300506, class=java.lang.String@5000016e)
	value		500006a9
ARR 500006a9 (sz=28, trace=300507, nelems=14, elem type=char[])
OBJ 500006aa (sz=40, trace=300106, class=java.lang.ref.Finalizer@5000014d)
	referent	500006a7
	queue		500003c8
	next		5000057e
	prev		50000769
OBJ 500006ab (sz=24, trace=300508, class=java.lang.String@5000016e)
	value		500006ac
ARR 500006ac (sz=2934, trace=300509, nelems=1467, elem type=char[])
OBJ 500006ad (sz=32, trace=300510, class=java.util.Hashtable$Entry@500000c0)
	key		500006a8
	value		500006ab
	next		50000678
OBJ 500006ae (sz=24, trace=300506, class=java.lang.String@5000016e)
	value		500006af
ARR 500006af (sz=36, trace=300507, nelems=18, elem type=char[])
OBJ 500006b0 (sz=24, trace=300000, class=java.lang.RuntimePermission@500000f0)
	name		50000668
	path		50000668
OBJ 500006b1 (sz=24, trace=300508, class=java.lang.String@5000016e)
	value		500006b2
ARR 500006b2 (sz=2934, trace=300509, nelems=1467, elem type=char[])
OBJ 500006b3 (sz=32, trace=300510, class=java.util.Hashtable$Entry@500000c0)
	key		500006ae
	value		500006b1
OBJ 500006b4 (sz=24, trace=300506, class=java.lang.String@5000016e)
	value		500006b5
ARR 500006b5 (sz=62, trace=300507, nelems=31, elem type=char[])
OBJ 500006b6 (sz=24, trace=300508, class=java.lang.String@5000016e)
	value		500006b7
ARR 500006b7 (sz=8, trace=300509, nelems=4, elem type=char[])
OBJ 500006b8 (sz=32, trace=300510, class=java.util.Hashtable$Entry@500000c0)
	key		500006b4
	value		500006b6
OBJ 500006b9 (sz=24, trace=300506, class=java.lang.String@5000016e)
	value		500006ba
ARR 500006ba (sz=62, trace=300507, nelems=31, elem type=char[])
OBJ 500006bb (sz=24, trace=300508, class=java.lang.String@5000016e)
	value		500006bc
ARR 500006bc (sz=14, trace=300509, nelems=7, elem type=char[])
OBJ 500006bd (sz=32, trace=300510, class=java.util.Hashtable$Entry@500000c0)
	key		500006b9
	value		500006bb
OBJ 500006be (sz=24, trace=300506, class=java.lang.String@5000016e)
	value		500006bf
ARR 500006bf (sz=66, trace=300507, nelems=33, elem type=char[])
OBJ 500006c0 (sz=24, trace=300508, class=java.lang.String@5000016e)
	value		500006c1
ARR 500006c1 (sz=8, trace=300509, nelems=4, elem type=char[])
OBJ 500006c2 (sz=32, trace=300510, class=java.util.Hashtable$Entry@500000c0)
	key		500006be
	value		500006c0
OBJ 500006c3 (sz=24, trace=300506, class=java.lang.String@5000016e)
	value		500006c4
ARR 500006c4 (sz=66, trace=300507, nelems=33, elem type=char[])
OBJ 500006c5 (sz=24, trace=300508, class=java.lang.String@5000016e)
	value		500006c6
ARR 500006c6 (sz=4, trace=300509, nelems=2, elem type=char[])
OBJ 500006c7 (sz=32, trace=300510, class=java.util.Hashtable$Entry@500000c0)
	key		500006c3
	value		500006c5
OBJ 500006c8 (sz=24, trace=300506, class=java.lang.String@5000016e)
	value		500006c9
ARR 500006c9 (sz=38, trace=300507, nelems=19, elem type=char[])
OBJ 500006ca (sz=24, trace=300508, class=java.lang.String@5000016e)
	value		500006cb
ARR 500006cb (sz=14, trace=300509, nelems=7, elem type=char[])
OBJ 500006cc (sz=32, trace=300510, class=java.util.Hashtable$Entry@500000c0)
	key		500006c8
	value		500006ca
	next		500006c7
OBJ 500006cd (sz=24, trace=300506, class=java.lang.String@5000016e)
	value		500006ce
ARR 500006ce (sz=62, trace=300507, nelems=31, elem type=char[])
OBJ 500006cf (sz=24, trace=300508, class=java.lang.String@5000016e)
	value		500006d0
ARR 500006d0 (sz=192, trace=300509, nelems=96, elem type=char[])
OBJ 500006d1 (sz=32, trace=300510, class=java.util.Hashtable$Entry@500000c0)
	key		500006cd
	value		500006cf
OBJ 500006d2 (sz=24, trace=300506, class=java.lang.String@5000016e)
	value		500006d3
ARR 500006d3 (sz=52, trace=300507, nelems=26, elem type=char[])
OBJ 500006d4 (sz=24, trace=300508, class=java.lang.String@5000016e)
	value		500006d5
ARR 500006d5 (sz=96, trace=300509, nelems=48, elem type=char[])
OBJ 500006d6 (sz=32, trace=300510, class=java.util.Hashtable$Entry@500000c0)
	key		500006d2
	value		500006d4
OBJ 500006d7 (sz=24, trace=300506, class=java.lang.String@5000016e)
	value		500006d8
ARR 500006d8 (sz=52, trace=300507, nelems=26, elem type=char[])
OBJ 500006d9 (sz=24, trace=300508, class=java.lang.String@5000016e)
	value		500006da
ARR 500006da (sz=184, trace=300509, nelems=92, elem type=char[])
OBJ 500006db (sz=32, trace=300510, class=java.util.Hashtable$Entry@500000c0)
	key		500006d7
	value		500006d9
OBJ 500006dc (sz=24, trace=300506, class=java.lang.String@5000016e)
	value		500006dd
ARR 500006dd (sz=48, trace=300507, nelems=24, elem type=char[])
OBJ 500006de (sz=24, trace=300508, class=java.lang.String@5000016e)
	value		500006df
ARR 500006df (sz=186, trace=300509, nelems=93, elem type=char[])
OBJ 500006e0 (sz=32, trace=300510, class=java.util.Hashtable$Entry@500000c0)
	key		500006dc
	value		500006de
OBJ 500006e1 (sz=24, trace=300506, class=java.lang.String@5000016e)
	value		500006e2
ARR 500006e2 (sz=70, trace=300507, nelems=35, elem type=char[])
OBJ 500006e3 (sz=24, trace=300508, class=java.lang.String@5000016e)
	value		500006e4
ARR 500006e4 (sz=804, trace=300509, nelems=402, elem type=char[])
OBJ 500006e5 (sz=32, trace=300510, class=java.util.Hashtable$Entry@500000c0)
	key		500006e1
	value		500006e3
	next		50000659
OBJ 500006e6 (sz=24, trace=300506, class=java.lang.String@5000016e)
	value		500006e7
ARR 500006e7 (sz=44, trace=300507, nelems=22, elem type=char[])
OBJ 500006e8 (sz=24, trace=300508, class=java.lang.String@5000016e)
	value		500006e9
ARR 500006e9 (sz=192, trace=300509, nelems=96, elem type=char[])
OBJ 500006ea (sz=32, trace=300510, class=java.util.Hashtable$Entry@500000c0)
	key		500006e6
	value		500006e8
	next		500006cc
ARR 500006eb (sz=16, trace=300000, nelems=0, elem type=java.lang.StackTraceElement[]@500000f4)
OBJ 500006ec (sz=64, trace=300515, class=java.util.concurrent.ConcurrentHashMap@5000002b)
ARR 500006ed (sz=64, trace=300000, nelems=32, elem type=char[])
OBJ 500006ee (sz=24, trace=300517, class=java.lang.String@5000016e)
	value		500006ef
ARR 500006ef (sz=6, trace=300518, nelems=3, elem type=char[])
OBJ 500006f0 (sz=24, trace=300000, class=java.lang.String@5000016e)
	value		50002e30
OBJ 500006f1 (sz=24, trace=300668, class=java.lang.String@5000016e)
	value		500006f2
ARR 500006f2 (sz=38, trace=300669, nelems=19, elem type=char[])
OBJ 500006f3 (sz=32, trace=301000, class=java.util.concurrent.ConcurrentHashMap$Node@50000024)
	key		500006f1
	val		50000a9e
	next		5000122c
OBJ 500006f4 (sz=24, trace=300000, class=java.lang.String@5000016e)
	value		50002e2e
OBJ 500006f5 (sz=24, trace=300000, class=java.lang.String@5000016e)
	value		50002e2d
OBJ 500006f6 (sz=24, trace=300000, class=java.lang.String@5000016e)
	value		50002e2c
ARR 500006f7 (sz=32, trace=300521, nelems=4, elem type=java.lang.String[]@500000c8)
	[0]		500006ee
	[1]		500006fd
	[2]		500006ff
	[3]		50000701
OBJ 500006f9 (sz=24, trace=300000, class=java.lang.String@5000016e)
	value		50000a8f
OBJ 500006fd (sz=24, trace=300526, class=java.lang.String@5000016e)
	value		500006fe
ARR 500006fe (sz=6, trace=300527, nelems=3, elem type=char[])
OBJ 500006ff (sz=24, trace=300526, class=java.lang.String@5000016e)
	value		50000700
ARR 50000700 (sz=36, trace=300527, nelems=18, elem type=char[])
OBJ 50000701 (sz=24, trace=300526, class=java.lang.String@5000016e)
	value		50000702
ARR 50000702 (sz=36, trace=300527, nelems=18, elem type=char[])
OBJ 50000704 (sz=16, trace=300529, class=sun.security.util.DisabledAlgorithmConstraints$Constraints@50000703)
	constraintsMap	50000705
OBJ 50000705 (sz=48, trace=300530, class=java.util.HashMap@500000c6)
	table		5000071b
OBJ 50000706 (sz=16, trace=300157, class=java.lang.Object@50000172)
OBJ 50000707 (sz=32, trace=300159, class=java.util.concurrent.ConcurrentHashMap$Node@50000024)
	key		50000b79
	val		50000706
OBJ 50000708 (sz=16, trace=300160, class=java.lang.Object@50000172)
OBJ 50000709 (sz=32, trace=300159, class=java.util.concurrent.ConcurrentHashMap$Node@50000024)
	key		50000b79
	val		50000708
OBJ 5000070b (sz=16, trace=300157, class=java.lang.Object@50000172)
OBJ 5000070d (sz=32, trace=300683, class=java.util.concurrent.ConcurrentHashMap$Node@50000024)
	key		50000cb9
	val		5000070b
OBJ 5000070e (sz=16, trace=300160, class=java.lang.Object@50000172)
OBJ 50000711 (sz=32, trace=300683, class=java.util.concurrent.ConcurrentHashMap$Node@50000024)
	key		50000cb9
	val		5000070e
OBJ 50000712 (sz=16, trace=300000, class=java.lang.String$CaseInsensitiveComparator@500000f8)
ARR 50000713 (sz=16, trace=300000, nelems=0, elem type=java.io.ObjectStreamField[]@500000fa)
OBJ 50000714 (sz=24, trace=300544, class=java.util.ArrayList@500000dd)
	elementData	50000715
ARR 50000715 (sz=24, trace=300545, nelems=1, elem type=java.lang.Object[]@50000108)
	[0]		5000071f
OBJ 50000716 (sz=24, trace=300000, class=java.lang.String@5000016e)
	value		50002e28
OBJ 50000718 (sz=24, trace=300000, class=java.lang.String@5000016e)
	value		50002e27
OBJ 5000071a (sz=16, trace=300000, class=sun.reflect.ReflectionFactory@500000e1)
ARR 5000071b (sz=80, trace=300551, nelems=16, elem type=java.util.HashMap$Node[]@500000c2)
	[1]		50000744
	[3]		5000076f
	[10]		5000071c
	[15]		50000730
OBJ 5000071c (sz=32, trace=300552, class=java.util.HashMap$Node@500000c4)
	key		500006ee
	value		50000714
OBJ 5000071f (sz=24, trace=300554, class=sun.security.util.DisabledAlgorithmConstraints$DisabledConstraint@5000071e)
	algorithm	500006ee
ARR 50000720 (sz=16, trace=300000, nelems=0, elem type=java.io.ObjectStreamField[]@500000fa)
OBJ 50000721 (sz=24, trace=300000, class=java.lang.String@5000016e)
	value		50000724
OBJ 50000722 (sz=16, trace=300000, class=java.lang.reflect.ReflectAccess@50000097)
OBJ 50000723 (sz=24, trace=300000, class=java.lang.RuntimePermission@500000f0)
	name		50000721
	path		50000721
ARR 50000724 (sz=46, trace=300000, nelems=23, elem type=char[])
OBJ 50000725 (sz=24, trace=300000, class=java.lang.String@5000016e)
	value		50001a43
OBJ 50000726 (sz=24, trace=300000, class=java.lang.String@5000016e)
	value		50001a55
OBJ 50000727 (sz=24, trace=300000, class=java.lang.String@5000016e)
	value		50001a54
OBJ 50000728 (sz=24, trace=300000, class=java.lang.String@5000016e)
	value		500019a7
OBJ 50000729 (sz=24, trace=300000, class=java.lang.String@5000016e)
	value		50002e1a
OBJ 5000072a (sz=24, trace=300000, class=java.lang.String@5000016e)
	value		5000072e
OBJ 5000072b (sz=24, trace=300544, class=java.util.ArrayList@500000dd)
	elementData	5000072c
ARR 5000072c (sz=24, trace=300545, nelems=1, elem type=java.lang.Object[]@50000108)
	[0]		50000731
OBJ 5000072d (sz=24, trace=300000, class=java.lang.String@5000016e)
	value		500019a5
ARR 5000072e (sz=18, trace=300000, nelems=9, elem type=char[])
ARR 5000072f (sz=6, trace=300000, nelems=3, elem type=char[])
OBJ 50000730 (sz=32, trace=300552, class=java.util.HashMap$Node@500000c4)
	key		500006fd
	value		5000072b
OBJ 50000731 (sz=24, trace=300554, class=sun.security.util.DisabledAlgorithmConstraints$DisabledConstraint@5000071e)
	algorithm	500006fd
OBJ 50000732 (sz=24, trace=300555, class=java.lang.String@5000016e)
	value		50000733
ARR 50000733 (sz=6, trace=300556, nelems=3, elem type=char[])
OBJ 50000734 (sz=24, trace=300000, class=java.lang.String@5000016e)
	value		50002d4d
OBJ 50000735 (sz=24, trace=300000, class=java.lang.String@5000016e)
	value		50002e15
ARR 50000736 (sz=40, trace=300000, nelems=10, elem type=int[])
ARR 50000737 (sz=200, trace=300000, nelems=100, elem type=char[])
ARR 50000738 (sz=200, trace=300000, nelems=100, elem type=char[])
ARR 50000739 (sz=72, trace=300000, nelems=36, elem type=char[])
OBJ 5000073a (sz=24, trace=300000, class=java.lang.String@5000016e)
	value		50002e13
ARR 5000073b (sz=1040, trace=300000, nelems=256, elem type=java.lang.Integer[]@50000057)
	[0]		5000073c
	[1]		5000073d
	[2]		5000073e
	[3]		50000741
	[4]		50000742
	[5]		50000743
	[6]		50000745
	[7]		50000746
	[8]		50000747
	[9]		50000748
	[10]		50000749
	[11]		5000074a
	[12]		5000074b
	[13]		5000074d
	[14]		5000074e
	[15]		50000758
	[16]		50000759
	[17]		5000075f
	[18]		50000760
	[19]		50000761
	[20]		50000762
	[21]		50000763
	[22]		50000764
	[23]		50000765
	[24]		50000766
	[25]		50000767
	[26]		5000076c
	[27]		5000076d
	[28]		5000076e
	[29]		50000770
	[30]		50000771
	[31]		50000772
	[32]		50000773
	[33]		50000774
	[34]		50000775
	[35]		50000776
	[36]		50000778
	[37]		5000077a
	[38]		5000077c
	[39]		50000780
	[40]		50000781
	[41]		50000782
	[42]		50000783
	[43]		50000784
	[44]		50000785
	[45]		50000786
	[46]		50000787
	[47]		5000078a
	[48]		5000078b
	[49]		5000078c
	[50]		5000078d
	[51]		5000078e
	[52]		5000078f
	[53]		50000790
	[54]		50000792
	[55]		50000793
	[56]		50000794
	[57]		50000795
	[58]		50000796
	[59]		50000797
	[60]		50000798
	[61]		50000799
	[62]		5000079a
	[63]		5000079b
	[64]		5000079c
	[65]		5000079d
	[66]		5000079e
	[67]		5000079f
	[68]		500007a0
	[69]		500007a1
	[70]		500007a2
	[71]		500007a3
	[72]		500007a4
	[73]		500007a5
	[74]		500007a6
	[75]		500007a7
	[76]		500007a9
	[77]		500007aa
	[78]		500007ac
	[79]		500007ad
	[80]		500007b3
	[81]		500007b4
	[82]		500007b5
	[83]		500007b6
	[84]		500007b7
	[85]		500007b8
	[86]		500007b9
	[87]		500007ba
	[88]		500007bb
	[89]		500007bc
	[90]		500007c0
	[91]		500007c1
	[92]		500007c2
	[93]		500007c5
	[94]		500007c6
	[95]		500007c7
	[96]		500007c8
	[97]		500007c9
	[98]		500007ca
	[99]		500007cf
	[100]		500007d0
	[101]		500007d1
	[102]		500007d2
	[103]		500007d9
	[104]		500007da
	[105]		500007db
	[106]		500007dc
	[107]		500007dd
	[108]		500007de
	[109]		500007df
	[110]		500007e0
	[111]		500007e1
	[112]		500007e8
	[113]		500007ea
	[114]		500007eb
	[115]		500007ec
	[116]		500007ed
	[117]		500007ee
	[118]		500007ef
	[119]		500007f0
	[120]		500007f1
	[121]		500007f2
	[122]		500007f3
	[123]		500007f4
	[124]		500007f5
	[125]		500007f6
	[126]		500007f7
	[127]		500007f8
	[128]		500007fe
	[129]		500007ff
	[130]		50000800
	[131]		50000801
	[132]		50000802
	[133]		50000803
	[134]		50000807
	[135]		50000808
	[136]		50000809
	[137]		5000080a
	[138]		5000080b
	[139]		5000080c
	[140]		5000080d
	[141]		5000080e
	[142]		5000080f
	[143]		50000810
	[144]		5000081e
	[145]		5000081f
	[146]		50000820
	[147]		50000821
	[148]		50000822
	[149]		50000823
	[150]		50000824
	[151]		50000825
	[152]		50000826
	[153]		50000827
	[154]		50000828
	[155]		50000829
	[156]		5000082d
	[157]		5000082e
	[158]		50000830
	[159]		50000831
	[160]		50000832
	[161]		50000833
	[162]		50000834
	[163]		50000835
	[164]		50000836
	[165]		50000837
	[166]		50000848
	[167]		5000084f
	[168]		50000851
	[169]		50000856
	[170]		50000858
	[171]		5000085a
	[172]		5000085e
	[173]		50000860
	[174]		50000862
	[175]		50000864
	[176]		50000866
	[177]		50000868
	[178]		5000086a
	[179]		5000086d
	[180]		5000086e
	[181]		5000086f
	[182]		50000876
	[183]		50000878
	[184]		50000879
	[185]		5000087a
	[186]		5000087b
	[187]		5000087c
	[188]		5000087d
	[189]		5000087e
	[190]		5000087f
	[191]		50000880
	[192]		50000881
	[193]		50000882
	[194]		50000883
	[195]		50000884
	[196]		50000885
	[197]		50000886
	[198]		50000887
	[199]		50000888
	[200]		50000889
	[201]		5000088a
	[202]		5000088b
	[203]		5000088c
	[204]		5000088d
	[205]		5000088e
	[206]		5000088f
	[207]		50000890
	[208]		50000891
	[209]		50000892
	[210]		50000893
	[211]		50000894
	[212]		50000895
	[213]		50000896
	[214]		50000897
	[215]		50000898
	[216]		50000899
	[217]		5000089a
	[218]		5000089b
	[219]		5000089c
	[220]		5000089d
	[221]		5000089e
	[222]		500008a1
	[223]		500008a2
	[224]		500008a3
	[225]		500008a4
	[226]		500008a7
	[227]		500008a8
	[228]		500008a9
	[229]		500008aa
	[230]		500008ab
	[231]		500008ac
	[232]		500008ad
	[233]		500008ae
	[234]		500008b6
	[235]		500008b7
	[236]		500008b9
	[237]		500008ba
	[238]		500008bb
	[239]		500008bc
	[240]		500008bd
	[241]		500008be
	[242]		500008bf
	[243]		500008c0
	[244]		500008c1
	[245]		500008c5
	[246]		500008c6
	[247]		500008c7
	[248]		500008c8
	[249]		500008cb
	[250]		500008cd
	[251]		500008cf
	[252]		500008d1
	[253]		500008d3
	[254]		500008d5
	[255]		500008d6
OBJ 5000073c (sz=16, trace=300000, class=java.lang.Integer@5000010a)
OBJ 5000073d (sz=16, trace=300000, class=java.lang.Integer@5000010a)
OBJ 5000073e (sz=16, trace=300000, class=java.lang.Integer@5000010a)
OBJ 5000073f (sz=24, trace=300544, class=java.util.ArrayList@500000dd)
	elementData	50000740
ARR 50000740 (sz=24, trace=300545, nelems=1, elem type=java.lang.Object[]@50000108)
	[0]		5000075a
OBJ 50000741 (sz=16, trace=300000, class=java.lang.Integer@5000010a)
OBJ 50000742 (sz=16, trace=300000, class=java.lang.Integer@5000010a)
OBJ 50000743 (sz=16, trace=300000, class=java.lang.Integer@5000010a)
OBJ 50000744 (sz=32, trace=300552, class=java.util.HashMap$Node@500000c4)
	key		50000732
	value		5000073f
OBJ 50000745 (sz=16, trace=300000, class=java.lang.Integer@5000010a)
OBJ 50000746 (sz=16, trace=300000, class=java.lang.Integer@5000010a)
OBJ 50000747 (sz=16, trace=300000, class=java.lang.Integer@5000010a)
OBJ 50000748 (sz=16, trace=300000, class=java.lang.Integer@5000010a)
OBJ 50000749 (sz=16, trace=300000, class=java.lang.Integer@5000010a)
OBJ 5000074a (sz=16, trace=300000, class=java.lang.Integer@5000010a)
OBJ 5000074b (sz=16, trace=300000, class=java.lang.Integer@5000010a)
OBJ 5000074d (sz=16, trace=300000, class=java.lang.Integer@5000010a)
OBJ 5000074e (sz=16, trace=300000, class=java.lang.Integer@5000010a)
OBJ 50000750 (sz=24, trace=300566, class=sun.security.util.DisabledAlgorithmConstraints$Constraint$Operator@5000074f)
	name		50000e1a
OBJ 50000751 (sz=24, trace=300567, class=sun.security.util.DisabledAlgorithmConstraints$Constraint$Operator@5000074f)
	name		50000e1f
OBJ 50000752 (sz=24, trace=300568, class=sun.security.util.DisabledAlgorithmConstraints$Constraint$Operator@5000074f)
	name		50000e1e
OBJ 50000753 (sz=24, trace=300569, class=sun.security.util.DisabledAlgorithmConstraints$Constraint$Operator@5000074f)
	name		50000e1d
OBJ 50000754 (sz=24, trace=300570, class=sun.security.util.DisabledAlgorithmConstraints$Constraint$Operator@5000074f)
	name		50000e1c
OBJ 50000755 (sz=24, trace=300571, class=sun.security.util.DisabledAlgorithmConstraints$Constraint$Operator@5000074f)
	name		50000e1b
ARR 50000757 (sz=40, trace=300572, nelems=6, elem type=sun.security.util.DisabledAlgorithmConstraints$Constraint$Operator[]@50000756)
	[0]		50000750
	[1]		50000751
	[2]		50000752
	[3]		50000753
	[4]		50000754
	[5]		50000755
OBJ 50000758 (sz=16, trace=300000, class=java.lang.Integer@5000010a)
OBJ 50000759 (sz=16, trace=300000, class=java.lang.Integer@5000010a)
OBJ 5000075a (sz=40, trace=300574, class=sun.security.util.DisabledAlgorithmConstraints$KeySizeConstraint@5000074c)
	algorithm	50000732
ARR 5000075c (sz=24, trace=300576, nelems=6, elem type=int[])
OBJ 5000075d (sz=24, trace=300555, class=java.lang.String@5000016e)
	value		5000075e
ARR 5000075e (sz=6, trace=300556, nelems=3, elem type=char[])
OBJ 5000075f (sz=16, trace=300000, class=java.lang.Integer@5000010a)
OBJ 50000760 (sz=16, trace=300000, class=java.lang.Integer@5000010a)
OBJ 50000761 (sz=16, trace=300000, class=java.lang.Integer@5000010a)
OBJ 50000762 (sz=16, trace=300000, class=java.lang.Integer@5000010a)
OBJ 50000763 (sz=16, trace=300000, class=java.lang.Integer@5000010a)
OBJ 50000764 (sz=16, trace=300000, class=java.lang.Integer@5000010a)
OBJ 50000765 (sz=16, trace=300000, class=java.lang.Integer@5000010a)
OBJ 50000766 (sz=16, trace=300000, class=java.lang.Integer@5000010a)
OBJ 50000767 (sz=16, trace=300000, class=java.lang.Integer@5000010a)
OBJ 50000768 (sz=56, trace=300687, class=java.util.zip.ZipFile$ZipFileInputStream@5000055e)
	this$0		500004ee
OBJ 50000769 (sz=40, trace=300106, class=java.lang.ref.Finalizer@5000014d)
	referent	50000768
	queue		500003c8
	next		500006aa
	prev		500007c4
OBJ 5000076a (sz=24, trace=300544, class=java.util.ArrayList@500000dd)
	elementData	5000076b
ARR 5000076b (sz=24, trace=300545, nelems=1, elem type=java.lang.Object[]@50000108)
	[0]		5000077b
OBJ 5000076c (sz=16, trace=300000, class=java.lang.Integer@5000010a)
OBJ 5000076d (sz=16, trace=300000, class=java.lang.Integer@5000010a)
OBJ 5000076e (sz=16, trace=300000, class=java.lang.Integer@5000010a)
OBJ 5000076f (sz=32, trace=300552, class=java.util.HashMap$Node@500000c4)
	key		5000075d
	value		5000076a
OBJ 50000770 (sz=16, trace=300000, class=java.lang.Integer@5000010a)
OBJ 50000771 (sz=16, trace=300000, class=java.lang.Integer@5000010a)
OBJ 50000772 (sz=16, trace=300000, class=java.lang.Integer@5000010a)
OBJ 50000773 (sz=16, trace=300000, class=java.lang.Integer@5000010a)
OBJ 50000774 (sz=16, trace=300000, class=java.lang.Integer@5000010a)
OBJ 50000775 (sz=16, trace=300000, class=java.lang.Integer@5000010a)
OBJ 50000776 (sz=16, trace=300000, class=java.lang.Integer@5000010a)
OBJ 50000777 (sz=16, trace=300157, class=java.lang.Object@50000172)
OBJ 50000778 (sz=16, trace=300000, class=java.lang.Integer@5000010a)
OBJ 50000779 (sz=16, trace=300160, class=java.lang.Object@50000172)
OBJ 5000077a (sz=16, trace=300000, class=java.lang.Integer@5000010a)
OBJ 5000077b (sz=40, trace=300574, class=sun.security.util.DisabledAlgorithmConstraints$KeySizeConstraint@5000074c)
	algorithm	5000075d
OBJ 5000077c (sz=16, trace=300000, class=java.lang.Integer@5000010a)
OBJ 5000077d (sz=24, trace=300578, class=java.lang.String@5000016e)
	value		5000077e
ARR 5000077e (sz=64, trace=300579, nelems=32, elem type=char[])
ARR 5000077f (sz=32, trace=300580, nelems=16, elem type=char[])
OBJ 50000780 (sz=16, trace=300000, class=java.lang.Integer@5000010a)
OBJ 50000781 (sz=16, trace=300000, class=java.lang.Integer@5000010a)
OBJ 50000782 (sz=16, trace=300000, class=java.lang.Integer@5000010a)
OBJ 50000783 (sz=16, trace=300000, class=java.lang.Integer@5000010a)
OBJ 50000784 (sz=16, trace=300000, class=java.lang.Integer@5000010a)
OBJ 50000785 (sz=16, trace=300000, class=java.lang.Integer@5000010a)
OBJ 50000786 (sz=16, trace=300000, class=java.lang.Integer@5000010a)
OBJ 50000787 (sz=16, trace=300000, class=java.lang.Integer@5000010a)
ARR 50000789 (sz=32, trace=300582, nelems=16, elem type=char[])
OBJ 5000078a (sz=16, trace=300000, class=java.lang.Integer@5000010a)
OBJ 5000078b (sz=16, trace=300000, class=java.lang.Integer@5000010a)
OBJ 5000078c (sz=16, trace=300000, class=java.lang.Integer@5000010a)
OBJ 5000078d (sz=16, trace=300000, class=java.lang.Integer@5000010a)
OBJ 5000078e (sz=16, trace=300000, class=java.lang.Integer@5000010a)
OBJ 5000078f (sz=16, trace=300000, class=java.lang.Integer@5000010a)
OBJ 50000790 (sz=16, trace=300000, class=java.lang.Integer@5000010a)
OBJ 50000791 (sz=56, trace=300342, class=java.util.zip.ZipFile$ZipFileInputStream@5000055e)
OBJ 50000792 (sz=16, trace=300000, class=java.lang.Integer@5000010a)
OBJ 50000793 (sz=16, trace=300000, class=java.lang.Integer@5000010a)
OBJ 50000794 (sz=16, trace=300000, class=java.lang.Integer@5000010a)
OBJ 50000795 (sz=16, trace=300000, class=java.lang.Integer@5000010a)
OBJ 50000796 (sz=16, trace=300000, class=java.lang.Integer@5000010a)
OBJ 50000797 (sz=16, trace=300000, class=java.lang.Integer@5000010a)
OBJ 50000798 (sz=16, trace=300000, class=java.lang.Integer@5000010a)
OBJ 50000799 (sz=16, trace=300000, class=java.lang.Integer@5000010a)
OBJ 5000079a (sz=16, trace=300000, class=java.lang.Integer@5000010a)
OBJ 5000079b (sz=16, trace=300000, class=java.lang.Integer@5000010a)
OBJ 5000079c (sz=16, trace=300000, class=java.lang.Integer@5000010a)
OBJ 5000079d (sz=16, trace=300000, class=java.lang.Integer@5000010a)
OBJ 5000079e (sz=16, trace=300000, class=java.lang.Integer@5000010a)
OBJ 5000079f (sz=16, trace=300000, class=java.lang.Integer@5000010a)
OBJ 500007a0 (sz=16, trace=300000, class=java.lang.Integer@5000010a)
OBJ 500007a1 (sz=16, trace=300000, class=java.lang.Integer@5000010a)
OBJ 500007a2 (sz=16, trace=300000, class=java.lang.Integer@5000010a)
OBJ 500007a3 (sz=16, trace=300000, class=java.lang.Integer@5000010a)
OBJ 500007a4 (sz=16, trace=300000, class=java.lang.Integer@5000010a)
OBJ 500007a5 (sz=16, trace=300000, class=java.lang.Integer@5000010a)
OBJ 500007a6 (sz=16, trace=300000, class=java.lang.Integer@5000010a)
OBJ 500007a7 (sz=16, trace=300000, class=java.lang.Integer@5000010a)
OBJ 500007a8 (sz=56, trace=300596, class=java.util.zip.ZipFile$ZipFileInputStream@5000055e)
OBJ 500007a9 (sz=16, trace=300000, class=java.lang.Integer@5000010a)
OBJ 500007aa (sz=16, trace=300000, class=java.lang.Integer@5000010a)
OBJ 500007ac (sz=16, trace=300000, class=java.lang.Integer@5000010a)
OBJ 500007ad (sz=16, trace=300000, class=java.lang.Integer@5000010a)
OBJ 500007ae (sz=32, trace=300600, class=java.security.CodeSource@50000114)
	location	50001a51
ARR 500007b1 (sz=24, trace=300602, nelems=2, elem type=java.io.ObjectStreamField[]@500000fa)
	[0]		500007b2
	[1]		500007bf
OBJ 500007b2 (sz=40, trace=300603, class=java.io.ObjectStreamField@500000fc)
	name		5000199d
	signature	500007bd
	type		50000145
OBJ 500007b3 (sz=16, trace=300000, class=java.lang.Integer@5000010a)
OBJ 500007b4 (sz=16, trace=300000, class=java.lang.Integer@5000010a)
OBJ 500007b5 (sz=16, trace=300000, class=java.lang.Integer@5000010a)
OBJ 500007b6 (sz=16, trace=300000, class=java.lang.Integer@5000010a)
OBJ 500007b7 (sz=16, trace=300000, class=java.lang.Integer@5000010a)
OBJ 500007b8 (sz=16, trace=300000, class=java.lang.Integer@5000010a)
OBJ 500007b9 (sz=16, trace=300000, class=java.lang.Integer@5000010a)
OBJ 500007ba (sz=16, trace=300000, class=java.lang.Integer@5000010a)
OBJ 500007bb (sz=16, trace=300000, class=java.lang.Integer@5000010a)
OBJ 500007bc (sz=16, trace=300000, class=java.lang.Integer@5000010a)
OBJ 500007bd (sz=24, trace=300612, class=java.lang.String@5000016e)
	value		500007be
ARR 500007be (sz=42, trace=300613, nelems=21, elem type=char[])
OBJ 500007bf (sz=40, trace=300614, class=java.io.ObjectStreamField@500000fc)
	name		5000199c
	signature	500007cb
	type		500007af
OBJ 500007c0 (sz=16, trace=300000, class=java.lang.Integer@5000010a)
OBJ 500007c1 (sz=16, trace=300000, class=java.lang.Integer@5000010a)
OBJ 500007c2 (sz=16, trace=300000, class=java.lang.Integer@5000010a)
OBJ 500007c3 (sz=56, trace=300687, class=java.util.zip.ZipFile$ZipFileInputStream@5000055e)
	this$0		500004ee
OBJ 500007c4 (sz=40, trace=300106, class=java.lang.ref.Finalizer@5000014d)
	referent	500007c3
	queue		500003c8
	next		50000769
	prev		5000082c
OBJ 500007c5 (sz=16, trace=300000, class=java.lang.Integer@5000010a)
OBJ 500007c6 (sz=16, trace=300000, class=java.lang.Integer@5000010a)
OBJ 500007c7 (sz=16, trace=300000, class=java.lang.Integer@5000010a)
OBJ 500007c8 (sz=16, trace=300000, class=java.lang.Integer@5000010a)
OBJ 500007c9 (sz=16, trace=300000, class=java.lang.Integer@5000010a)
OBJ 500007ca (sz=16, trace=300000, class=java.lang.Integer@5000010a)
OBJ 500007cb (sz=24, trace=300612, class=java.lang.String@5000016e)
	value		500007cc
ARR 500007cc (sz=72, trace=300613, nelems=36, elem type=char[])
OBJ 500007cd (sz=32, trace=300616, class=java.security.Permissions@500007b0)
	permsMap	500007ce
OBJ 500007ce (sz=48, trace=300617, class=java.util.HashMap@500000c6)
	table		50000815
OBJ 500007cf (sz=16, trace=300000, class=java.lang.Integer@5000010a)
OBJ 500007d0 (sz=16, trace=300000, class=java.lang.Integer@5000010a)
OBJ 500007d1 (sz=16, trace=300000, class=java.lang.Integer@5000010a)
OBJ 500007d2 (sz=16, trace=300000, class=java.lang.Integer@5000010a)
OBJ 500007d5 (sz=16, trace=300157, class=java.lang.Object@50000172)
OBJ 500007d6 (sz=32, trace=300159, class=java.util.concurrent.ConcurrentHashMap$Node@50000024)
	key		50000d2f
	val		500007d5
OBJ 500007d7 (sz=16, trace=300160, class=java.lang.Object@50000172)
OBJ 500007d8 (sz=32, trace=300159, class=java.util.concurrent.ConcurrentHashMap$Node@50000024)
	key		50000d2f
	val		500007d7
OBJ 500007d9 (sz=16, trace=300000, class=java.lang.Integer@5000010a)
OBJ 500007da (sz=16, trace=300000, class=java.lang.Integer@5000010a)
OBJ 500007db (sz=16, trace=300000, class=java.lang.Integer@5000010a)
OBJ 500007dc (sz=16, trace=300000, class=java.lang.Integer@5000010a)
OBJ 500007dd (sz=16, trace=300000, class=java.lang.Integer@5000010a)
OBJ 500007de (sz=16, trace=300000, class=java.lang.Integer@5000010a)
OBJ 500007df (sz=16, trace=300000, class=java.lang.Integer@5000010a)
OBJ 500007e0 (sz=16, trace=300000, class=java.lang.Integer@5000010a)
OBJ 500007e1 (sz=16, trace=300000, class=java.lang.Integer@5000010a)
OBJ 500007e5 (sz=48, trace=300627, class=java.util.Hashtable@50000145)
	table		500007e6
ARR 500007e6 (sz=64, trace=300628, nelems=0, elem type=java.util.Hashtable$Entry[]@500000bf)
OBJ 500007e7 (sz=48, trace=300629, class=java.util.HashMap@500000c6)
OBJ 500007e8 (sz=16, trace=300000, class=java.lang.Integer@5000010a)
OBJ 500007ea (sz=16, trace=300000, class=java.lang.Integer@5000010a)
OBJ 500007eb (sz=16, trace=300000, class=java.lang.Integer@5000010a)
OBJ 500007ec (sz=16, trace=300000, class=java.lang.Integer@5000010a)
OBJ 500007ed (sz=16, trace=300000, class=java.lang.Integer@5000010a)
OBJ 500007ee (sz=16, trace=300000, class=java.lang.Integer@5000010a)
OBJ 500007ef (sz=16, trace=300000, class=java.lang.Integer@5000010a)
OBJ 500007f0 (sz=16, trace=300000, class=java.lang.Integer@5000010a)
OBJ 500007f1 (sz=16, trace=300000, class=java.lang.Integer@5000010a)
OBJ 500007f2 (sz=16, trace=300000, class=java.lang.Integer@5000010a)
OBJ 500007f3 (sz=16, trace=300000, class=java.lang.Integer@5000010a)
OBJ 500007f4 (sz=16, trace=300000, class=java.lang.Integer@5000010a)
OBJ 500007f5 (sz=16, trace=300000, class=java.lang.Integer@5000010a)
OBJ 500007f6 (sz=16, trace=300000, class=java.lang.Integer@5000010a)
OBJ 500007f7 (sz=16, trace=300000, class=java.lang.Integer@5000010a)
OBJ 500007f8 (sz=16, trace=300000, class=java.lang.Integer@5000010a)
ARR 500007fa (sz=98, trace=300641, nelems=49, elem type=char[])
OBJ 500007fb (sz=24, trace=300642, class=java.lang.String@5000016e)
	value		500007fa
OBJ 500007fc (sz=32, trace=300643, class=java.io.FilePermission@500007f9)
	name		500007fb
	cpath		50000ea8
OBJ 500007fe (sz=16, trace=300000, class=java.lang.Integer@5000010a)
OBJ 500007ff (sz=16, trace=300000, class=java.lang.Integer@5000010a)
OBJ 50000800 (sz=16, trace=300000, class=java.lang.Integer@5000010a)
OBJ 50000801 (sz=16, trace=300000, class=java.lang.Integer@5000010a)
OBJ 50000802 (sz=16, trace=300000, class=java.lang.Integer@5000010a)
OBJ 50000803 (sz=16, trace=300000, class=java.lang.Integer@5000010a)
ARR 50000805 (sz=24, trace=300648, nelems=1, elem type=java.io.ObjectStreamField[]@500000fa)
	[0]		50000806
OBJ 50000806 (sz=40, trace=300649, class=java.io.ObjectStreamField@500000fc)
	name		5000072d
	signature	50000811
	type		500000e3
OBJ 50000807 (sz=16, trace=300000, class=java.lang.Integer@5000010a)
OBJ 50000808 (sz=16, trace=300000, class=java.lang.Integer@5000010a)
OBJ 50000809 (sz=16, trace=300000, class=java.lang.Integer@5000010a)
OBJ 5000080a (sz=16, trace=300000, class=java.lang.Integer@5000010a)
OBJ 5000080b (sz=16, trace=300000, class=java.lang.Integer@5000010a)
OBJ 5000080c (sz=16, trace=300000, class=java.lang.Integer@5000010a)
OBJ 5000080d (sz=16, trace=300000, class=java.lang.Integer@5000010a)
OBJ 5000080e (sz=16, trace=300000, class=java.lang.Integer@5000010a)
OBJ 5000080f (sz=16, trace=300000, class=java.lang.Integer@5000010a)
OBJ 50000810 (sz=16, trace=300000, class=java.lang.Integer@5000010a)
OBJ 50000811 (sz=24, trace=300612, class=java.lang.String@5000016e)
	value		50000812
ARR 50000812 (sz=36, trace=300613, nelems=18, elem type=char[])
OBJ 50000813 (sz=24, trace=300650, class=java.io.FilePermissionCollection@50000804)
	perms		50000814
OBJ 50000814 (sz=24, trace=300651, class=java.util.ArrayList@500000dd)
	elementData	50000817
ARR 50000815 (sz=80, trace=300652, nelems=10, elem type=java.util.HashMap$Node[]@500000c2)
	[6]		50000816
	[9]		5000083e
OBJ 50000816 (sz=32, trace=300221, class=java.util.HashMap$Node@500000c4)
	key		500007f9
	value		50000813
ARR 50000817 (sz=56, trace=300219, nelems=1, elem type=java.lang.Object[]@50000108)
	[0]		500007fc
OBJ 5000081a (sz=24, trace=300655, class=java.lang.RuntimePermission@500000f0)
	name		50000725
	path		50000726
ARR 5000081c (sz=32, trace=300657, nelems=3, elem type=java.io.ObjectStreamField[]@500000fa)
	[0]		5000081d
	[1]		5000082a
	[2]		5000082f
OBJ 5000081d (sz=40, trace=300658, class=java.io.ObjectStreamField@500000fc)
	name		5000072d
	signature	500007bd
	type		50000145
OBJ 5000081e (sz=16, trace=300000, class=java.lang.Integer@5000010a)
OBJ 5000081f (sz=16, trace=300000, class=java.lang.Integer@5000010a)
OBJ 50000820 (sz=16, trace=300000, class=java.lang.Integer@5000010a)
OBJ 50000821 (sz=16, trace=300000, class=java.lang.Integer@5000010a)
OBJ 50000822 (sz=16, trace=300000, class=java.lang.Integer@5000010a)
OBJ 50000823 (sz=16, trace=300000, class=java.lang.Integer@5000010a)
OBJ 50000824 (sz=16, trace=300000, class=java.lang.Integer@5000010a)
OBJ 50000825 (sz=16, trace=300000, class=java.lang.Integer@5000010a)
OBJ 50000826 (sz=16, trace=300000, class=java.lang.Integer@5000010a)
OBJ 50000827 (sz=16, trace=300000, class=java.lang.Integer@5000010a)
OBJ 50000828 (sz=16, trace=300000, class=java.lang.Integer@5000010a)
OBJ 50000829 (sz=16, trace=300000, class=java.lang.Integer@5000010a)
OBJ 5000082a (sz=40, trace=300659, class=java.io.ObjectStreamField@500000fc)
	name		50000729
	signature	500010ea
	type		500005a0
OBJ 5000082b (sz=56, trace=300687, class=java.util.zip.ZipFile$ZipFileInputStream@5000055e)
	this$0		500004ee
OBJ 5000082c (sz=40, trace=300106, class=java.lang.ref.Finalizer@5000014d)
	referent	5000082b
	queue		500003c8
	next		500007c4
	prev		500008a0
OBJ 5000082d (sz=16, trace=300000, class=java.lang.Integer@5000010a)
OBJ 5000082e (sz=16, trace=300000, class=java.lang.Integer@5000010a)
OBJ 5000082f (sz=40, trace=300660, class=java.io.ObjectStreamField@500000fc)
	name		5000072a
	signature	5000083a
	type		5000016a
OBJ 50000830 (sz=16, trace=300000, class=java.lang.Integer@5000010a)
OBJ 50000831 (sz=16, trace=300000, class=java.lang.Integer@5000010a)
OBJ 50000832 (sz=16, trace=300000, class=java.lang.Integer@5000010a)
OBJ 50000833 (sz=16, trace=300000, class=java.lang.Integer@5000010a)
OBJ 50000834 (sz=16, trace=300000, class=java.lang.Integer@5000010a)
OBJ 50000835 (sz=16, trace=300000, class=java.lang.Integer@5000010a)
OBJ 50000836 (sz=16, trace=300000, class=java.lang.Integer@5000010a)
OBJ 50000837 (sz=16, trace=300000, class=java.lang.Integer@5000010a)
ARR 50000838 (sz=656, trace=300708, nelems=142, elem type=java.lang.Object[]@50000108)
	[0]		50000854
	[1]		500008c9
	[2]		50000917
	[3]		5000095e
	[4]		500009bc
	[5]		50000a18
	[6]		50000a69
	[7]		50000aaf
	[8]		50000b36
	[9]		50000b92
	[10]		50000bd9
	[11]		50000c20
	[12]		50000c67
	[13]		50000cae
	[14]		50000cf4
	[15]		50000d3b
	[16]		50000d82
	[17]		50000dc8
	[18]		50000e0e
	[19]		50000e54
	[20]		50000e9c
	[21]		50000ee3
	[22]		50000f2a
	[23]		50000f71
	[24]		50000fb8
	[25]		50001017
	[26]		5000105e
	[27]		500010a5
	[28]		500010ec
	[29]		50001133
	[30]		50001179
	[31]		500011c0
	[32]		50001207
	[33]		5000124e
	[34]		50001295
	[35]		500012dc
	[36]		50001323
	[37]		5000136a
	[38]		500013b5
	[39]		5000140d
	[40]		50001477
	[41]		500014c0
	[42]		50001506
	[43]		50001681
	[44]		5000172d
	[45]		5000172e
	[46]		5000177e
	[47]		50001813
	[48]		50001814
	[49]		5000186c
	[50]		500018db
	[51]		50001921
	[52]		5000196c
	[53]		500019b3
	[54]		500019fa
	[55]		50001a6a
	[56]		50001ac3
	[57]		50001b09
	[58]		50001b5e
	[59]		50001bf4
	[60]		50001bf5
	[61]		50001c3b
	[62]		50001c82
	[63]		50001ce2
	[64]		50001d2d
	[65]		50001d74
	[66]		50001e02
	[67]		50001e03
	[68]		50001e5e
	[69]		5000018b
	[70]		50000375
	[71]		50000376
	[72]		50000423
	[73]		50000477
	[74]		50000479
	[75]		500004e2
	[76]		500006fc
	[77]		5000070a
	[78]		500007d3
	[79]		500007d4
	[80]		50000839
	[81]		500008af
	[82]		50000905
	[83]		50000953
	[84]		500009d6
	[85]		50000a39
	[86]		50000b20
	[87]		50000b21
	[88]		50000b86
	[89]		50000be0
	[90]		50000c89
	[91]		50000c8a
	[92]		50000cde
	[93]		50000d34
	[94]		50000d8b
	[95]		50000de1
	[96]		50000e2d
	[97]		50000e7c
	[98]		50000ed5
	[99]		50000f26
	[100]		50000f8f
	[101]		50000ff4
	[102]		5000106f
	[103]		500010c2
	[104]		50001166
	[105]		500011b5
	[106]		5000128d
	[107]		5000128e
	[108]		500012db
	[109]		50001444
	[110]		50001445
	[111]		50001446
	[112]		50001447
	[113]		5000149e
	[114]		500014ec
	[115]		50001600
	[116]		5000167b
	[117]		500016ec
	[118]		50001744
	[119]		50001799
	[120]		500017e4
	[121]		50001848
	[122]		500018c0
	[123]		50001910
	[124]		500019b0
	[125]		500019b1
	[126]		50001a7c
	[127]		50001a7d
	[128]		50001ad6
	[129]		50001b35
	[130]		50001b93
	[131]		50001be8
	[132]		50001c37
	[133]		50001c98
	[134]		50001d8a
	[135]		50001d8b
	[136]		50001dd7
	[137]		50001dd8
	[138]		50001e3c
	[139]		50001eb2
	[140]		5000204c
	[141]		500003af
OBJ 5000083a (sz=24, trace=300612, class=java.lang.String@5000016e)
	value		5000083b
ARR 5000083b (sz=34, trace=300613, nelems=17, elem type=char[])
OBJ 5000083c (sz=32, trace=300661, class=java.security.BasicPermissionCollection@5000081b)
	perms		5000083d
	permClass	500000f0
OBJ 5000083d (sz=48, trace=300662, class=java.util.HashMap@500000c6)
	table		5000083f
OBJ 5000083e (sz=32, trace=300221, class=java.util.HashMap$Node@500000c4)
	key		500000f0
	value		5000083c
ARR 5000083f (sz=80, trace=300663, nelems=12, elem type=java.util.HashMap$Node[]@500000c2)
	[11]		50000840
OBJ 50000840 (sz=32, trace=300221, class=java.util.HashMap$Node@500000c4)
	key		50000727
	value		5000081a
OBJ 50000841 (sz=40, trace=300664, class=java.security.ProtectionDomain@50000160)
	codesource	500007ae
	classloader	500003d7
	principals	50000843
	permissions	500007cd
	key		50000842
OBJ 50000842 (sz=16, trace=300665, class=java.security.ProtectionDomain$Key@50000008)
	this$0		50000841
ARR 50000843 (sz=16, trace=300666, nelems=0, elem type=java.security.Principal[]@50000006)
ARR 50000844 (sz=80, trace=300667, nelems=13, elem type=java.util.HashMap$Node[]@500000c2)
	[12]		50000845
OBJ 50000845 (sz=32, trace=300221, class=java.util.HashMap$Node@500000c4)
	key		500007ae
	value		50000841
OBJ 50000846 (sz=24, trace=300668, class=java.lang.String@5000016e)
	value		50000847
ARR 50000847 (sz=38, trace=300669, nelems=19, elem type=char[])
OBJ 50000848 (sz=16, trace=300000, class=java.lang.Integer@5000010a)
OBJ 50000849 (sz=32, trace=300671, class=java.util.concurrent.ConcurrentHashMap$Node@50000024)
	key		50000846
	val		50000a9e
OBJ 5000084a (sz=16, trace=300157, class=java.lang.Object@50000172)
OBJ 5000084b (sz=32, trace=300683, class=java.util.concurrent.ConcurrentHashMap$Node@50000024)
	key		50000ce5
	val		5000084a
OBJ 5000084c (sz=16, trace=300160, class=java.lang.Object@50000172)
OBJ 5000084d (sz=32, trace=300683, class=java.util.concurrent.ConcurrentHashMap$Node@50000024)
	key		50000ce5
	val		5000084c
OBJ 5000084e (sz=16, trace=300157, class=java.lang.Object@50000172)
OBJ 5000084f (sz=16, trace=300000, class=java.lang.Integer@5000010a)
OBJ 50000850 (sz=16, trace=300160, class=java.lang.Object@50000172)
OBJ 50000851 (sz=16, trace=300000, class=java.lang.Integer@5000010a)
ARR 50000852 (sz=80, trace=300672, nelems=1, elem type=java.util.HashMap$Node[]@500000c2)
	[0]		50000853
OBJ 50000853 (sz=32, trace=300221, class=java.util.HashMap$Node@500000c4)
	key		50000841
	value		500019da
OBJ 50000856 (sz=16, trace=300000, class=java.lang.Integer@5000010a)
OBJ 50000858 (sz=16, trace=300000, class=java.lang.Integer@5000010a)
OBJ 5000085a (sz=16, trace=300000, class=java.lang.Integer@5000010a)
OBJ 5000085b (sz=56, trace=300679, class=java.lang.Class$ReflectionData@500000a5)
OBJ 5000085c (sz=40, trace=300040, class=java.lang.ref.SoftReference@50000152)
OBJ 5000085d (sz=16, trace=300157, class=java.lang.Object@50000172)
OBJ 5000085e (sz=16, trace=300000, class=java.lang.Integer@5000010a)
OBJ 5000085f (sz=16, trace=300160, class=java.lang.Object@50000172)
OBJ 50000860 (sz=16, trace=300000, class=java.lang.Integer@5000010a)
OBJ 50000861 (sz=16, trace=300157, class=java.lang.Object@50000172)
OBJ 50000862 (sz=16, trace=300000, class=java.lang.Integer@5000010a)
OBJ 50000863 (sz=16, trace=300160, class=java.lang.Object@50000172)
OBJ 50000864 (sz=16, trace=300000, class=java.lang.Integer@5000010a)
OBJ 50000865 (sz=16, trace=300157, class=java.lang.Object@50000172)
OBJ 50000866 (sz=16, trace=300000, class=java.lang.Integer@5000010a)
OBJ 50000867 (sz=16, trace=300160, class=java.lang.Object@50000172)
OBJ 50000868 (sz=16, trace=300000, class=java.lang.Integer@5000010a)
OBJ 5000086a (sz=16, trace=300000, class=java.lang.Integer@5000010a)
OBJ 5000086c (sz=24, trace=300152, class=java.lang.String@5000016e)
	value		50000874
OBJ 5000086d (sz=16, trace=300000, class=java.lang.Integer@5000010a)
OBJ 5000086e (sz=16, trace=300000, class=java.lang.Integer@5000010a)
OBJ 5000086f (sz=16, trace=300000, class=java.lang.Integer@5000010a)
ARR 50000870 (sz=24, trace=300136, nelems=2, elem type=java.lang.Object[]@50000108)
	[0]		50000996
	[1]		50001654
OBJ 50000871 (sz=32, trace=300154, class=java.lang.StringCoding$StringDecoder@50000242)
	requestedCharsetName	50000996
	cs		50001654
	cd		50000872
OBJ 50000872 (sz=48, trace=300155, class=sun.nio.cs.SingleByte$Decoder@50000037)
	charset		50001654
	replacement	50001805
	malformedInputAction	500017f3
	unmappableCharacterAction	500017f3
	b2c		5000181c
OBJ 50000873 (sz=40, trace=300143, class=java.lang.ref.SoftReference@50000152)
	referent	50000871
	queue		50000f87
ARR 50000874 (sz=16, trace=300156, nelems=8, elem type=char[])
OBJ 50000875 (sz=16, trace=300157, class=java.lang.Object@50000172)
OBJ 50000876 (sz=16, trace=300000, class=java.lang.Integer@5000010a)
OBJ 50000877 (sz=16, trace=300160, class=java.lang.Object@50000172)
OBJ 50000878 (sz=16, trace=300000, class=java.lang.Integer@5000010a)
OBJ 50000879 (sz=16, trace=300000, class=java.lang.Integer@5000010a)
OBJ 5000087a (sz=16, trace=300000, class=java.lang.Integer@5000010a)
OBJ 5000087b (sz=16, trace=300000, class=java.lang.Integer@5000010a)
OBJ 5000087c (sz=16, trace=300000, class=java.lang.Integer@5000010a)
OBJ 5000087d (sz=16, trace=300000, class=java.lang.Integer@5000010a)
OBJ 5000087e (sz=16, trace=300000, class=java.lang.Integer@5000010a)
OBJ 5000087f (sz=16, trace=300000, class=java.lang.Integer@5000010a)
OBJ 50000880 (sz=16, trace=300000, class=java.lang.Integer@5000010a)
OBJ 50000881 (sz=16, trace=300000, class=java.lang.Integer@5000010a)
OBJ 50000882 (sz=16, trace=300000, class=java.lang.Integer@5000010a)
OBJ 50000883 (sz=16, trace=300000, class=java.lang.Integer@5000010a)
OBJ 50000884 (sz=16, trace=300000, class=java.lang.Integer@5000010a)
OBJ 50000885 (sz=16, trace=300000, class=java.lang.Integer@5000010a)
OBJ 50000886 (sz=16, trace=300000, class=java.lang.Integer@5000010a)
OBJ 50000887 (sz=16, trace=300000, class=java.lang.Integer@5000010a)
OBJ 50000888 (sz=16, trace=300000, class=java.lang.Integer@5000010a)
OBJ 50000889 (sz=16, trace=300000, class=java.lang.Integer@5000010a)
OBJ 5000088a (sz=16, trace=300000, class=java.lang.Integer@5000010a)
OBJ 5000088b (sz=16, trace=300000, class=java.lang.Integer@5000010a)
OBJ 5000088c (sz=16, trace=300000, class=java.lang.Integer@5000010a)
OBJ 5000088d (sz=16, trace=300000, class=java.lang.Integer@5000010a)
OBJ 5000088e (sz=16, trace=300000, class=java.lang.Integer@5000010a)
OBJ 5000088f (sz=16, trace=300000, class=java.lang.Integer@5000010a)
OBJ 50000890 (sz=16, trace=300000, class=java.lang.Integer@5000010a)
OBJ 50000891 (sz=16, trace=300000, class=java.lang.Integer@5000010a)
OBJ 50000892 (sz=16, trace=300000, class=java.lang.Integer@5000010a)
OBJ 50000893 (sz=16, trace=300000, class=java.lang.Integer@5000010a)
OBJ 50000894 (sz=16, trace=300000, class=java.lang.Integer@5000010a)
OBJ 50000895 (sz=16, trace=300000, class=java.lang.Integer@5000010a)
OBJ 50000896 (sz=16, trace=300000, class=java.lang.Integer@5000010a)
OBJ 50000897 (sz=16, trace=300000, class=java.lang.Integer@5000010a)
OBJ 50000898 (sz=16, trace=300000, class=java.lang.Integer@5000010a)
OBJ 50000899 (sz=16, trace=300000, class=java.lang.Integer@5000010a)
OBJ 5000089a (sz=16, trace=300000, class=java.lang.Integer@5000010a)
OBJ 5000089b (sz=16, trace=300000, class=java.lang.Integer@5000010a)
OBJ 5000089c (sz=16, trace=300000, class=java.lang.Integer@5000010a)
OBJ 5000089d (sz=16, trace=300000, class=java.lang.Integer@5000010a)
OBJ 5000089e (sz=16, trace=300000, class=java.lang.Integer@5000010a)
OBJ 5000089f (sz=56, trace=300687, class=java.util.zip.ZipFile$ZipFileInputStream@5000055e)
	this$0		500004ee
OBJ 500008a0 (sz=40, trace=300106, class=java.lang.ref.Finalizer@5000014d)
	referent	5000089f
	queue		500003c8
	next		5000082c
	prev		500008f8
OBJ 500008a1 (sz=16, trace=300000, class=java.lang.Integer@5000010a)
OBJ 500008a2 (sz=16, trace=300000, class=java.lang.Integer@5000010a)
OBJ 500008a3 (sz=16, trace=300000, class=java.lang.Integer@5000010a)
OBJ 500008a4 (sz=16, trace=300000, class=java.lang.Integer@5000010a)
OBJ 500008a5 (sz=24, trace=300369, class=java.lang.String@5000016e)
	value		500008a6
ARR 500008a6 (sz=48, trace=300370, nelems=24, elem type=char[])
OBJ 500008a7 (sz=16, trace=300000, class=java.lang.Integer@5000010a)
OBJ 500008a8 (sz=16, trace=300000, class=java.lang.Integer@5000010a)
OBJ 500008a9 (sz=16, trace=300000, class=java.lang.Integer@5000010a)
OBJ 500008aa (sz=16, trace=300000, class=java.lang.Integer@5000010a)
OBJ 500008ab (sz=16, trace=300000, class=java.lang.Integer@5000010a)
OBJ 500008ac (sz=16, trace=300000, class=java.lang.Integer@5000010a)
OBJ 500008ad (sz=16, trace=300000, class=java.lang.Integer@5000010a)
OBJ 500008ae (sz=16, trace=300000, class=java.lang.Integer@5000010a)
OBJ 500008b0 (sz=16, trace=300157, class=java.lang.Object@50000172)
OBJ 500008b1 (sz=32, trace=300683, class=java.util.concurrent.ConcurrentHashMap$Node@50000024)
	key		50000b03
	val		500008b0
OBJ 500008b2 (sz=16, trace=300160, class=java.lang.Object@50000172)
OBJ 500008b3 (sz=56, trace=300443, class=java.lang.Package@500005dd)
	pkgName		500008a5
	loader		500003d7
OBJ 500008b4 (sz=32, trace=300221, class=java.util.HashMap$Node@500000c4)
	key		500008a5
	value		500008b3
OBJ 500008b5 (sz=32, trace=300683, class=java.util.concurrent.ConcurrentHashMap$Node@50000024)
	key		50000b03
	val		500008b2
OBJ 500008b6 (sz=16, trace=300000, class=java.lang.Integer@5000010a)
OBJ 500008b7 (sz=16, trace=300000, class=java.lang.Integer@5000010a)
OBJ 500008b8 (sz=56, trace=300687, class=java.util.zip.ZipFile$ZipFileInputStream@5000055e)
OBJ 500008b9 (sz=16, trace=300000, class=java.lang.Integer@5000010a)
OBJ 500008ba (sz=16, trace=300000, class=java.lang.Integer@5000010a)
OBJ 500008bb (sz=16, trace=300000, class=java.lang.Integer@5000010a)
OBJ 500008bc (sz=16, trace=300000, class=java.lang.Integer@5000010a)
OBJ 500008bd (sz=16, trace=300000, class=java.lang.Integer@5000010a)
OBJ 500008be (sz=16, trace=300000, class=java.lang.Integer@5000010a)
OBJ 500008bf (sz=16, trace=300000, class=java.lang.Integer@5000010a)
OBJ 500008c0 (sz=16, trace=300000, class=java.lang.Integer@5000010a)
OBJ 500008c1 (sz=16, trace=300000, class=java.lang.Integer@5000010a)
OBJ 500008c2 (sz=24, trace=300668, class=java.lang.String@5000016e)
	value		500008c3
ARR 500008c3 (sz=48, trace=300669, nelems=24, elem type=char[])
OBJ 500008c4 (sz=32, trace=300671, class=java.util.concurrent.ConcurrentHashMap$Node@50000024)
	key		500008c2
	val		50000a9e
OBJ 500008c5 (sz=16, trace=300000, class=java.lang.Integer@5000010a)
OBJ 500008c6 (sz=16, trace=300000, class=java.lang.Integer@5000010a)
OBJ 500008c7 (sz=16, trace=300000, class=java.lang.Integer@5000010a)
OBJ 500008c8 (sz=16, trace=300000, class=java.lang.Integer@5000010a)
OBJ 500008ca (sz=16, trace=300157, class=java.lang.Object@50000172)
OBJ 500008cb (sz=16, trace=300000, class=java.lang.Integer@5000010a)
OBJ 500008cc (sz=16, trace=300160, class=java.lang.Object@50000172)
OBJ 500008cd (sz=16, trace=300000, class=java.lang.Integer@5000010a)
OBJ 500008ce (sz=16, trace=300157, class=java.lang.Object@50000172)
OBJ 500008cf (sz=16, trace=300000, class=java.lang.Integer@5000010a)
OBJ 500008d0 (sz=16, trace=300160, class=java.lang.Object@50000172)
OBJ 500008d1 (sz=16, trace=300000, class=java.lang.Integer@5000010a)
OBJ 500008d2 (sz=16, trace=300157, class=java.lang.Object@50000172)
OBJ 500008d3 (sz=16, trace=300000, class=java.lang.Integer@5000010a)
OBJ 500008d4 (sz=16, trace=300160, class=java.lang.Object@50000172)
OBJ 500008d5 (sz=16, trace=300000, class=java.lang.Integer@5000010a)
OBJ 500008d6 (sz=16, trace=300000, class=java.lang.Integer@5000010a)
OBJ 500008d7 (sz=24, trace=300000, class=java.lang.String@5000016e)
	value		50002e14
OBJ 500008d8 (sz=24, trace=300000, class=java.lang.String@5000016e)
	value		50001997
OBJ 500008d9 (sz=24, trace=300000, class=java.lang.String@5000016e)
	value		50002e12
OBJ 500008da (sz=24, trace=300000, class=java.lang.String@5000016e)
	value		50002e11
OBJ 500008db (sz=24, trace=300000, class=java.lang.String@5000016e)
	value		50002e10
OBJ 500008dc (sz=24, trace=300000, class=java.lang.String@5000016e)
	value		50002e0f
OBJ 500008dd (sz=24, trace=300000, class=java.lang.String@5000016e)
	value		50001837
OBJ 500008de (sz=48, trace=300000, class=java.util.Properties@50000144)
	table		500008e0
OBJ 500008df (sz=16, trace=300000, class=java.lang.Object@50000172)
ARR 500008e0 (sz=400, trace=300000, nelems=89, elem type=java.util.Hashtable$Entry[]@500000bf)
	[0]		500008e1
	[2]		500008e2
	[9]		500008e3
	[10]		500008e4
	[11]		500008e5
	[13]		500008e6
	[16]		500008e7
	[17]		500008e8
	[18]		500008e9
	[19]		500008ea
	[21]		500008eb
	[22]		500008ec
	[24]		500008ed
	[26]		500008ee
	[27]		500008ef
	[33]		500008f0
	[38]		500008f1
	[39]		500008f2
	[40]		500008f3
	[41]		500008f4
	[44]		500008f5
	[47]		500008f6
	[49]		500008f9
	[53]		500008fa
	[54]		500008fb
	[57]		500008fc
	[62]		500008fd
	[63]		500008fe
	[64]		500008ff
	[65]		50000900
	[67]		50000901
	[70]		50000902
	[72]		50000903
	[76]		50000904
	[79]		5000090a
	[80]		5000090c
	[81]		5000090d
	[82]		5000090e
	[86]		5000090f
	[88]		50000910
OBJ 500008e1 (sz=32, trace=300000, class=java.util.Hashtable$Entry@500000c0)
	key		50000a85
	value		50000a84
OBJ 500008e2 (sz=32, trace=300000, class=java.util.Hashtable$Entry@500000c0)
	key		50000a81
	value		50000a80
OBJ 500008e3 (sz=32, trace=300000, class=java.util.Hashtable$Entry@500000c0)
	key		50000a79
	value		50000a78
	next		50000a77
OBJ 500008e4 (sz=32, trace=300000, class=java.util.Hashtable$Entry@500000c0)
	key		50000a74
	value		50000a73
OBJ 500008e5 (sz=32, trace=300000, class=java.util.Hashtable$Entry@500000c0)
	key		50000a70
	value		50000a6f
OBJ 500008e6 (sz=32, trace=300000, class=java.util.Hashtable$Entry@500000c0)
	key		50000a6b
	value		50000a68
OBJ 500008e7 (sz=32, trace=300000, class=java.util.Hashtable$Entry@500000c0)
	key		50000a65
	value		50000a61
OBJ 500008e8 (sz=32, trace=300000, class=java.util.Hashtable$Entry@500000c0)
	key		50000a5e
	value		50000a5d
OBJ 500008e9 (sz=32, trace=300000, class=java.util.Hashtable$Entry@500000c0)
	key		50000a42
	value		50000a41
OBJ 500008ea (sz=32, trace=300000, class=java.util.Hashtable$Entry@500000c0)
	key		50000a3b
	value		50000a38
OBJ 500008eb (sz=32, trace=300000, class=java.util.Hashtable$Entry@500000c0)
	key		50000a31
	value		50000a30
	next		50000a2f
OBJ 500008ec (sz=32, trace=300000, class=java.util.Hashtable$Entry@500000c0)
	key		50000a2a
	value		50000a29
OBJ 500008ed (sz=32, trace=300000, class=java.util.Hashtable$Entry@500000c0)
	key		50000a22
	value		50000a21
	next		50000a20
OBJ 500008ee (sz=32, trace=300000, class=java.util.Hashtable$Entry@500000c0)
	key		50000a0d
	value		50000a0c
	next		50000a0b
OBJ 500008ef (sz=32, trace=300000, class=java.util.Hashtable$Entry@500000c0)
	key		50000a07
	value		50000a06
OBJ 500008f0 (sz=32, trace=300000, class=java.util.Hashtable$Entry@500000c0)
	key		500009ff
	value		500009fe
	next		500009fd
OBJ 500008f1 (sz=32, trace=300000, class=java.util.Hashtable$Entry@500000c0)
	key		500009f6
	value		500009f5
	next		500009f4
OBJ 500008f2 (sz=32, trace=300000, class=java.util.Hashtable$Entry@500000c0)
	key		500009f1
	value		500009f0
OBJ 500008f3 (sz=32, trace=300000, class=java.util.Hashtable$Entry@500000c0)
	key		500009d5
	value		500009d4
OBJ 500008f4 (sz=32, trace=300000, class=java.util.Hashtable$Entry@500000c0)
	key		500009d0
	value		500009ce
OBJ 500008f5 (sz=32, trace=300000, class=java.util.Hashtable$Entry@500000c0)
	key		500009c4
	value		500009c0
OBJ 500008f6 (sz=32, trace=300000, class=java.util.Hashtable$Entry@500000c0)
	key		500009b6
	value		500009b5
OBJ 500008f7 (sz=56, trace=300687, class=java.util.zip.ZipFile$ZipFileInputStream@5000055e)
	this$0		500004ee
OBJ 500008f8 (sz=40, trace=300106, class=java.lang.ref.Finalizer@5000014d)
	referent	500008f7
	queue		500003c8
	next		500008a0
	prev		50000945
OBJ 500008f9 (sz=32, trace=300000, class=java.util.Hashtable$Entry@500000c0)
	key		500009a8
	value		500009a5
	next		500009a4
OBJ 500008fa (sz=32, trace=300000, class=java.util.Hashtable$Entry@500000c0)
	key		500009a1
	value		500009a0
OBJ 500008fb (sz=32, trace=300000, class=java.util.Hashtable$Entry@500000c0)
	key		5000099d
	value		5000099c
OBJ 500008fc (sz=32, trace=300000, class=java.util.Hashtable$Entry@500000c0)
	key		50000997
	value		50000996
OBJ 500008fd (sz=32, trace=300000, class=java.util.Hashtable$Entry@500000c0)
	key		50000993
	value		50000992
OBJ 500008fe (sz=32, trace=300000, class=java.util.Hashtable$Entry@500000c0)
	key		5000098f
	value		5000098e
OBJ 500008ff (sz=32, trace=300000, class=java.util.Hashtable$Entry@500000c0)
	key		5000098b
	value		5000098a
OBJ 50000900 (sz=32, trace=300000, class=java.util.Hashtable$Entry@500000c0)
	key		50000987
	value		50000986
OBJ 50000901 (sz=32, trace=300000, class=java.util.Hashtable$Entry@500000c0)
	key		50000980
	value		5000097f
	next		5000097e
OBJ 50000902 (sz=32, trace=300000, class=java.util.Hashtable$Entry@500000c0)
	key		50000977
	value		50000976
	next		50000975
OBJ 50000903 (sz=32, trace=300000, class=java.util.Hashtable$Entry@500000c0)
	key		5000096a
	value		50000967
OBJ 50000904 (sz=32, trace=300000, class=java.util.Hashtable$Entry@500000c0)
	key		5000094e
	value		5000094d
	next		5000094c
OBJ 50000906 (sz=16, trace=300157, class=java.lang.Object@50000172)
OBJ 50000907 (sz=32, trace=300159, class=java.util.concurrent.ConcurrentHashMap$Node@50000024)
	key		50000b9a
	val		50000906
OBJ 50000908 (sz=16, trace=300160, class=java.lang.Object@50000172)
OBJ 50000909 (sz=32, trace=300159, class=java.util.concurrent.ConcurrentHashMap$Node@50000024)
	key		50000b9a
	val		50000908
OBJ 5000090a (sz=32, trace=300000, class=java.util.Hashtable$Entry@500000c0)
	key		50000939
	value		50000938
	next		50000937
OBJ 5000090b (sz=56, trace=300687, class=java.util.zip.ZipFile$ZipFileInputStream@5000055e)
OBJ 5000090c (sz=32, trace=300000, class=java.util.Hashtable$Entry@500000c0)
	key		50000930
	value		5000092f
	next		5000092e
OBJ 5000090d (sz=32, trace=300000, class=java.util.Hashtable$Entry@500000c0)
	key		5000092b
	value		5000092a
OBJ 5000090e (sz=32, trace=300000, class=java.util.Hashtable$Entry@500000c0)
	key		50000923
	value		50000922
	next		50000921
OBJ 5000090f (sz=32, trace=300000, class=java.util.Hashtable$Entry@500000c0)
	key		5000091e
	value		5000091d
OBJ 50000910 (sz=32, trace=300000, class=java.util.Hashtable$Entry@500000c0)
	key		50000913
	value		50000912
	next		50000911
OBJ 50000911 (sz=32, trace=300000, class=java.util.Hashtable$Entry@500000c0)
	key		50000919
	value		50000916
OBJ 50000912 (sz=24, trace=300000, class=java.lang.String@5000016e)
	value		50000915
OBJ 50000913 (sz=24, trace=300000, class=java.lang.String@5000016e)
	value		50000914
ARR 50000914 (sz=42, trace=300000, nelems=21, elem type=char[])
ARR 50000915 (sz=84, trace=300000, nelems=42, elem type=char[])
OBJ 50000916 (sz=24, trace=300000, class=java.lang.String@5000016e)
	value		5000091c
OBJ 50000918 (sz=16, trace=300157, class=java.lang.Object@50000172)
OBJ 50000919 (sz=24, trace=300000, class=java.lang.String@5000016e)
	value		5000091b
OBJ 5000091a (sz=16, trace=300160, class=java.lang.Object@50000172)
ARR 5000091b (sz=30, trace=300000, nelems=15, elem type=char[])
ARR 5000091c (sz=20, trace=300000, nelems=10, elem type=char[])
OBJ 5000091d (sz=24, trace=300000, class=java.lang.String@5000016e)
	value		50000920
OBJ 5000091e (sz=24, trace=300000, class=java.lang.String@5000016e)
	value		5000091f
ARR 5000091f (sz=38, trace=300000, nelems=19, elem type=char[])
ARR 50000920 (sz=4, trace=300000, nelems=2, elem type=char[])
OBJ 50000921 (sz=32, trace=300000, class=java.util.Hashtable$Entry@500000c0)
	key		50000927
	value		50000926
OBJ 50000922 (sz=24, trace=300000, class=java.lang.String@5000016e)
	value		50000925
OBJ 50000923 (sz=24, trace=300000, class=java.lang.String@5000016e)
	value		50000924
ARR 50000924 (sz=28, trace=300000, nelems=14, elem type=char[])
ARR 50000925 (sz=36, trace=300000, nelems=18, elem type=char[])
OBJ 50000926 (sz=24, trace=300000, class=java.lang.String@5000016e)
	value		50000929
OBJ 50000927 (sz=24, trace=300000, class=java.lang.String@5000016e)
	value		50000928
ARR 50000928 (sz=30, trace=300000, nelems=15, elem type=char[])
ARR 50000929 (sz=46, trace=300000, nelems=23, elem type=char[])
OBJ 5000092a (sz=24, trace=300000, class=java.lang.String@5000016e)
	value		5000092d
OBJ 5000092b (sz=24, trace=300000, class=java.lang.String@5000016e)
	value		5000092c
ARR 5000092c (sz=28, trace=300000, nelems=14, elem type=char[])
ARR 5000092d (sz=2, trace=300000, nelems=1, elem type=char[])
OBJ 5000092e (sz=32, trace=300000, class=java.util.Hashtable$Entry@500000c0)
	key		50000934
	value		50000933
OBJ 5000092f (sz=24, trace=300000, class=java.lang.String@5000016e)
	value		50000932
OBJ 50000930 (sz=24, trace=300000, class=java.lang.String@5000016e)
	value		50000931
ARR 50000931 (sz=24, trace=300000, nelems=12, elem type=char[])
ARR 50000932 (sz=66, trace=300000, nelems=33, elem type=char[])
OBJ 50000933 (sz=24, trace=300000, class=java.lang.String@5000016e)
	value		50000936
OBJ 50000934 (sz=24, trace=300000, class=java.lang.String@5000016e)
	value		50000935
ARR 50000935 (sz=34, trace=300000, nelems=17, elem type=char[])
ARR 50000936 (sz=12, trace=300000, nelems=6, elem type=char[])
OBJ 50000937 (sz=32, trace=300000, class=java.util.Hashtable$Entry@500000c0)
	key		5000093e
	value		5000093d
	next		5000093c
OBJ 50000938 (sz=24, trace=300000, class=java.lang.String@5000016e)
	value		5000093b
OBJ 50000939 (sz=24, trace=300000, class=java.lang.String@5000016e)
	value		5000093a
ARR 5000093a (sz=22, trace=300000, nelems=11, elem type=char[])
ARR 5000093b (sz=0, trace=300000, nelems=0, elem type=char[])
OBJ 5000093c (sz=32, trace=300000, class=java.util.Hashtable$Entry@500000c0)
	key		50000943
	value		50000942
	next		50000941
OBJ 5000093d (sz=24, trace=300000, class=java.lang.String@5000016e)
	value		50000940
OBJ 5000093e (sz=24, trace=300000, class=java.lang.String@5000016e)
	value		5000093f
ARR 5000093f (sz=24, trace=300000, nelems=12, elem type=char[])
ARR 50000940 (sz=4, trace=300000, nelems=2, elem type=char[])
OBJ 50000941 (sz=32, trace=300000, class=java.util.Hashtable$Entry@500000c0)
	key		50000949
	value		50000948
OBJ 50000942 (sz=24, trace=300000, class=java.lang.String@5000016e)
	value		50000947
OBJ 50000943 (sz=24, trace=300000, class=java.lang.String@5000016e)
	value		50000946
OBJ 50000944 (sz=56, trace=300687, class=java.util.zip.ZipFile$ZipFileInputStream@5000055e)
	this$0		500004ee
OBJ 50000945 (sz=40, trace=300106, class=java.lang.ref.Finalizer@5000014d)
	referent	50000944
	queue		500003c8
	next		500008f8
	prev		500009b0
ARR 50000946 (sz=34, trace=300000, nelems=17, elem type=char[])
ARR 50000947 (sz=24, trace=300000, nelems=12, elem type=char[])
OBJ 50000948 (sz=24, trace=300000, class=java.lang.String@5000016e)
	value		5000094b
OBJ 50000949 (sz=24, trace=300000, class=java.lang.String@5000016e)
	value		5000094a
ARR 5000094a (sz=36, trace=300000, nelems=18, elem type=char[])
ARR 5000094b (sz=0, trace=300000, nelems=0, elem type=char[])
OBJ 5000094c (sz=32, trace=300000, class=java.util.Hashtable$Entry@500000c0)
	key		5000095b
	value		50000952
OBJ 5000094d (sz=24, trace=300000, class=java.lang.String@5000016e)
	value		50000950
OBJ 5000094e (sz=24, trace=300000, class=java.lang.String@5000016e)
	value		5000094f
ARR 5000094f (sz=52, trace=300000, nelems=26, elem type=char[])
ARR 50000950 (sz=68, trace=300000, nelems=34, elem type=char[])
OBJ 50000951 (sz=56, trace=300687, class=java.util.zip.ZipFile$ZipFileInputStream@5000055e)
OBJ 50000952 (sz=24, trace=300000, class=java.lang.String@5000016e)
	value		5000095d
OBJ 50000954 (sz=24, trace=301027, class=com.sun.tools.javac.api.DiagnosticFormatter$Configuration$DiagnosticPart@50000953)
	name		50002d72
OBJ 50000955 (sz=24, trace=301028, class=com.sun.tools.javac.api.DiagnosticFormatter$Configuration$DiagnosticPart@50000953)
	name		50002d6f
OBJ 50000956 (sz=24, trace=301029, class=com.sun.tools.javac.api.DiagnosticFormatter$Configuration$DiagnosticPart@50000953)
	name		50002b93
OBJ 50000957 (sz=24, trace=301030, class=com.sun.tools.javac.api.DiagnosticFormatter$Configuration$DiagnosticPart@50000953)
	name		50002d71
OBJ 50000958 (sz=24, trace=301031, class=com.sun.tools.javac.api.DiagnosticFormatter$Configuration$DiagnosticPart@50000953)
	name		50002d70
ARR 5000095a (sz=40, trace=301032, nelems=5, elem type=com.sun.tools.javac.api.DiagnosticFormatter$Configuration$DiagnosticPart[]@50000959)
	[0]		50000954
	[1]		50000955
	[2]		50000956
	[3]		50000957
	[4]		50000958
OBJ 5000095b (sz=24, trace=300000, class=java.lang.String@5000016e)
	value		5000095c
ARR 5000095c (sz=16, trace=300000, nelems=8, elem type=char[])
ARR 5000095d (sz=70, trace=300000, nelems=35, elem type=char[])
OBJ 5000095f (sz=16, trace=300157, class=java.lang.Object@50000172)
OBJ 50000960 (sz=56, trace=300679, class=java.lang.Class$ReflectionData@500000a5)
OBJ 50000961 (sz=16, trace=300160, class=java.lang.Object@50000172)
OBJ 50000962 (sz=40, trace=300040, class=java.lang.ref.SoftReference@50000152)
OBJ 50000963 (sz=16, trace=300157, class=java.lang.Object@50000172)
OBJ 50000964 (sz=32, trace=300683, class=java.util.concurrent.ConcurrentHashMap$Node@50000024)
	key		50000b17
	val		50000963
	next		50001a26
OBJ 50000965 (sz=88, trace=300681, class=java.lang.reflect.Method@5000013e)
OBJ 50000967 (sz=24, trace=300000, class=java.lang.String@5000016e)
	value		50000974
OBJ 50000968 (sz=16, trace=300160, class=java.lang.Object@50000172)
OBJ 50000969 (sz=32, trace=300683, class=java.util.concurrent.ConcurrentHashMap$Node@50000024)
	key		50000b17
	val		50000968
	next		50001a28
OBJ 5000096a (sz=24, trace=300000, class=java.lang.String@5000016e)
	value		5000096d
OBJ 5000096b (sz=24, trace=300811, class=sun.reflect.NativeMethodAccessorImpl@50001630)
OBJ 5000096c (sz=16, trace=300813, class=sun.reflect.DelegatingMethodAccessorImpl@50001632)
ARR 5000096d (sz=40, trace=300000, nelems=20, elem type=char[])
OBJ 5000096e (sz=40, trace=301033, class=com.sun.tools.javac.util.BasicDiagnosticFormatter$BasicConfiguration@50000905)
OBJ 5000096f (sz=48, trace=301034, class=java.util.HashMap@500000c6)
OBJ 50000970 (sz=16, trace=300157, class=java.lang.Object@50000172)
OBJ 50000971 (sz=32, trace=300683, class=java.util.concurrent.ConcurrentHashMap$Node@50000024)
	key		50000b1b
	val		50000970
OBJ 50000972 (sz=16, trace=300160, class=java.lang.Object@50000172)
OBJ 50000973 (sz=32, trace=300683, class=java.util.concurrent.ConcurrentHashMap$Node@50000024)
	key		50000b1b
	val		50000972
ARR 50000974 (sz=64, trace=300000, nelems=32, elem type=char[])
OBJ 50000975 (sz=32, trace=300000, class=java.util.Hashtable$Entry@500000c0)
	key		5000097b
	value		5000097a
OBJ 50000976 (sz=24, trace=300000, class=java.lang.String@5000016e)
	value		50000979
OBJ 50000977 (sz=24, trace=300000, class=java.lang.String@5000016e)
	value		50000978
ARR 50000978 (sz=36, trace=300000, nelems=18, elem type=char[])
ARR 50000979 (sz=102, trace=300000, nelems=51, elem type=char[])
OBJ 5000097a (sz=24, trace=300000, class=java.lang.String@5000016e)
	value		5000097d
OBJ 5000097b (sz=24, trace=300000, class=java.lang.String@5000016e)
	value		5000097c
ARR 5000097c (sz=14, trace=300000, nelems=7, elem type=char[])
ARR 5000097d (sz=10, trace=300000, nelems=5, elem type=char[])
OBJ 5000097e (sz=32, trace=300000, class=java.util.Hashtable$Entry@500000c0)
	key		50000983
	value		500005fe
OBJ 5000097f (sz=24, trace=300000, class=java.lang.String@5000016e)
	value		50000982
OBJ 50000980 (sz=24, trace=300000, class=java.lang.String@5000016e)
	value		50000981
ARR 50000981 (sz=28, trace=300000, nelems=14, elem type=char[])
ARR 50000982 (sz=74, trace=300000, nelems=37, elem type=char[])
OBJ 50000983 (sz=24, trace=300000, class=java.lang.String@5000016e)
	value		50000984
ARR 50000984 (sz=28, trace=300000, nelems=14, elem type=char[])
ARR 50000985 (sz=4, trace=300000, nelems=2, elem type=char[])
OBJ 50000986 (sz=24, trace=300000, class=java.lang.String@5000016e)
	value		50000989
OBJ 50000987 (sz=24, trace=300000, class=java.lang.String@5000016e)
	value		50000988
ARR 50000988 (sz=56, trace=300000, nelems=28, elem type=char[])
ARR 50000989 (sz=36, trace=300000, nelems=18, elem type=char[])
OBJ 5000098a (sz=24, trace=300000, class=java.lang.String@5000016e)
	value		5000098d
OBJ 5000098b (sz=24, trace=300000, class=java.lang.String@5000016e)
	value		5000098c
ARR 5000098c (sz=24, trace=300000, nelems=12, elem type=char[])
ARR 5000098d (sz=0, trace=300000, nelems=0, elem type=char[])
OBJ 5000098e (sz=24, trace=300000, class=java.lang.String@5000016e)
	value		50000991
OBJ 5000098f (sz=24, trace=300000, class=java.lang.String@5000016e)
	value		50000990
ARR 50000990 (sz=14, trace=300000, nelems=7, elem type=char[])
ARR 50000991 (sz=20, trace=300000, nelems=10, elem type=char[])
OBJ 50000992 (sz=24, trace=300000, class=java.lang.String@5000016e)
	value		50000995
OBJ 50000993 (sz=24, trace=300000, class=java.lang.String@5000016e)
	value		50000994
ARR 50000994 (sz=32, trace=300000, nelems=16, elem type=char[])
ARR 50000995 (sz=68, trace=300000, nelems=34, elem type=char[])
OBJ 50000996 (sz=24, trace=300000, class=java.lang.String@5000016e)
	value		5000099b
OBJ 50000997 (sz=24, trace=300000, class=java.lang.String@5000016e)
	value		5000099a
OBJ 50000998 (sz=24, trace=300369, class=java.lang.String@5000016e)
	value		50000999
ARR 50000999 (sz=48, trace=300370, nelems=24, elem type=char[])
ARR 5000099a (sz=32, trace=300000, nelems=16, elem type=char[])
ARR 5000099b (sz=12, trace=300000, nelems=6, elem type=char[])
OBJ 5000099c (sz=24, trace=300000, class=java.lang.String@5000016e)
	value		5000099f
OBJ 5000099d (sz=24, trace=300000, class=java.lang.String@5000016e)
	value		5000099e
ARR 5000099e (sz=34, trace=300000, nelems=17, elem type=char[])
ARR 5000099f (sz=3044, trace=300000, nelems=1522, elem type=char[])
OBJ 500009a0 (sz=24, trace=300000, class=java.lang.String@5000016e)
	value		500009a3
OBJ 500009a1 (sz=24, trace=300000, class=java.lang.String@5000016e)
	value		500009a2
ARR 500009a2 (sz=28, trace=300000, nelems=14, elem type=char[])
ARR 500009a3 (sz=76, trace=300000, nelems=38, elem type=char[])
OBJ 500009a4 (sz=32, trace=300000, class=java.util.Hashtable$Entry@500000c0)
	key		500009ad
	value		500009ac
OBJ 500009a5 (sz=24, trace=300000, class=java.lang.String@5000016e)
	value		500009aa
OBJ 500009a6 (sz=56, trace=300443, class=java.lang.Package@500005dd)
	pkgName		50000998
	loader		500003d7
OBJ 500009a7 (sz=32, trace=300221, class=java.util.HashMap$Node@500000c4)
	key		50000998
	value		500009a6
OBJ 500009a8 (sz=24, trace=300000, class=java.lang.String@5000016e)
	value		500009a9
ARR 500009a9 (sz=46, trace=300000, nelems=23, elem type=char[])
ARR 500009aa (sz=62, trace=300000, nelems=31, elem type=char[])
OBJ 500009ab (sz=56, trace=300687, class=java.util.zip.ZipFile$ZipFileInputStream@5000055e)
OBJ 500009ac (sz=24, trace=300000, class=java.lang.String@5000016e)
	value		500009b4
OBJ 500009ad (sz=24, trace=300000, class=java.lang.String@5000016e)
	value		500009ae
ARR 500009ae (sz=36, trace=300000, nelems=18, elem type=char[])
OBJ 500009af (sz=56, trace=300687, class=java.util.zip.ZipFile$ZipFileInputStream@5000055e)
	this$0		500004ee
OBJ 500009b0 (sz=40, trace=300106, class=java.lang.ref.Finalizer@5000014d)
	referent	500009af
	queue		500003c8
	next		50000945
	prev		50000a2d
OBJ 500009b1 (sz=24, trace=300668, class=java.lang.String@5000016e)
	value		500009b2
ARR 500009b2 (sz=48, trace=300669, nelems=24, elem type=char[])
OBJ 500009b3 (sz=32, trace=300671, class=java.util.concurrent.ConcurrentHashMap$Node@50000024)
	key		500009b1
	val		50000a9e
ARR 500009b4 (sz=8, trace=300000, nelems=4, elem type=char[])
OBJ 500009b5 (sz=24, trace=300000, class=java.lang.String@5000016e)
	value		500009be
OBJ 500009b6 (sz=24, trace=300000, class=java.lang.String@5000016e)
	value		500009b7
ARR 500009b7 (sz=46, trace=300000, nelems=23, elem type=char[])
OBJ 500009b8 (sz=16, trace=300157, class=java.lang.Object@50000172)
OBJ 500009b9 (sz=32, trace=300159, class=java.util.concurrent.ConcurrentHashMap$Node@50000024)
	key		50000bc2
	val		500009b8
OBJ 500009ba (sz=16, trace=300160, class=java.lang.Object@50000172)
OBJ 500009bb (sz=32, trace=300159, class=java.util.concurrent.ConcurrentHashMap$Node@50000024)
	key		50000bc2
	val		500009ba
OBJ 500009bd (sz=16, trace=300157, class=java.lang.Object@50000172)
ARR 500009be (sz=62, trace=300000, nelems=31, elem type=char[])
OBJ 500009bf (sz=16, trace=300160, class=java.lang.Object@50000172)
OBJ 500009c0 (sz=24, trace=300000, class=java.lang.String@5000016e)
	value		500009cc
OBJ 500009c3 (sz=16, trace=300157, class=java.lang.Object@50000172)
OBJ 500009c4 (sz=24, trace=300000, class=java.lang.String@5000016e)
	value		500009c6
OBJ 500009c5 (sz=16, trace=300160, class=java.lang.Object@50000172)
ARR 500009c6 (sz=20, trace=300000, nelems=10, elem type=char[])
OBJ 500009c7 (sz=16, trace=300157, class=java.lang.Object@50000172)
OBJ 500009c8 (sz=32, trace=300159, class=java.util.concurrent.ConcurrentHashMap$Node@50000024)
	key		50000ba2
	val		500009c7
	next		50000d84
OBJ 500009c9 (sz=16, trace=300160, class=java.lang.Object@50000172)
OBJ 500009ca (sz=32, trace=300159, class=java.util.concurrent.ConcurrentHashMap$Node@50000024)
	key		50000ba2
	val		500009c9
	next		50000d86
OBJ 500009cb (sz=16, trace=300157, class=java.lang.Object@50000172)
ARR 500009cc (sz=8, trace=300000, nelems=4, elem type=char[])
OBJ 500009cd (sz=16, trace=300160, class=java.lang.Object@50000172)
OBJ 500009ce (sz=24, trace=300000, class=java.lang.String@5000016e)
	value		500009d3
OBJ 500009cf (sz=16, trace=300157, class=java.lang.Object@50000172)
OBJ 500009d0 (sz=24, trace=300000, class=java.lang.String@5000016e)
	value		500009d2
OBJ 500009d1 (sz=16, trace=300160, class=java.lang.Object@50000172)
ARR 500009d2 (sz=18, trace=300000, nelems=9, elem type=char[])
ARR 500009d3 (sz=34, trace=300000, nelems=17, elem type=char[])
OBJ 500009d4 (sz=24, trace=300000, class=java.lang.String@5000016e)
	value		500009ef
OBJ 500009d5 (sz=24, trace=300000, class=java.lang.String@5000016e)
	value		500009ee
OBJ 500009d7 (sz=24, trace=301035, class=com.sun.tools.javac.api.DiagnosticFormatter$Configuration$MultilineLimit@500009d6)
	name		50002d67
OBJ 500009d8 (sz=24, trace=301036, class=com.sun.tools.javac.api.DiagnosticFormatter$Configuration$MultilineLimit@500009d6)
	name		50002d68
ARR 500009da (sz=24, trace=301037, nelems=2, elem type=com.sun.tools.javac.api.DiagnosticFormatter$Configuration$MultilineLimit[]@500009d9)
	[0]		500009d7
	[1]		500009d8
OBJ 500009db (sz=16, trace=300157, class=java.lang.Object@50000172)
OBJ 500009dc (sz=32, trace=300159, class=java.util.concurrent.ConcurrentHashMap$Node@50000024)
	key		50000d3f
	val		500009db
OBJ 500009dd (sz=16, trace=300160, class=java.lang.Object@50000172)
OBJ 500009de (sz=32, trace=300159, class=java.util.concurrent.ConcurrentHashMap$Node@50000024)
	key		50000d3f
	val		500009dd
ARR 500009df (sz=80, trace=301038, nelems=0, elem type=java.util.HashMap$Node[]@500000c2)
OBJ 500009e0 (sz=32, trace=300221, class=java.util.HashMap$Node@500000c4)
OBJ 500009e1 (sz=32, trace=300221, class=java.util.HashMap$Node@500000c4)
OBJ 500009e2 (sz=16, trace=300157, class=java.lang.Object@50000172)
OBJ 500009e3 (sz=32, trace=300159, class=java.util.concurrent.ConcurrentHashMap$Node@50000024)
	key		50000c15
	val		500009e2
OBJ 500009e4 (sz=16, trace=300160, class=java.lang.Object@50000172)
OBJ 500009e5 (sz=32, trace=300159, class=java.util.concurrent.ConcurrentHashMap$Node@50000024)
	key		50000c15
	val		500009e4
OBJ 500009e8 (sz=16, trace=301040, class=java.util.EnumMap$1@500009e7)
ARR 500009e9 (sz=16, trace=301041, nelems=0, elem type=java.lang.Enum[]@50000063)
OBJ 500009ea (sz=16, trace=300157, class=java.lang.Object@50000172)
OBJ 500009eb (sz=32, trace=300683, class=java.util.concurrent.ConcurrentHashMap$Node@50000024)
	key		50000cf9
	val		500009ea
OBJ 500009ec (sz=16, trace=300160, class=java.lang.Object@50000172)
OBJ 500009ed (sz=32, trace=300683, class=java.util.concurrent.ConcurrentHashMap$Node@50000024)
	key		50000cf9
	val		500009ec
ARR 500009ee (sz=26, trace=300000, nelems=13, elem type=char[])
ARR 500009ef (sz=0, trace=300000, nelems=0, elem type=char[])
OBJ 500009f0 (sz=24, trace=300000, class=java.lang.String@5000016e)
	value		500009f3
OBJ 500009f1 (sz=24, trace=300000, class=java.lang.String@5000016e)
	value		500009f2
ARR 500009f2 (sz=38, trace=300000, nelems=19, elem type=char[])
ARR 500009f3 (sz=54, trace=300000, nelems=27, elem type=char[])
OBJ 500009f4 (sz=32, trace=300000, class=java.util.Hashtable$Entry@500000c0)
	key		500009fa
	value		500009f9
OBJ 500009f5 (sz=24, trace=300000, class=java.lang.String@5000016e)
	value		500009f8
OBJ 500009f6 (sz=24, trace=300000, class=java.lang.String@5000016e)
	value		500009f7
ARR 500009f7 (sz=26, trace=300000, nelems=13, elem type=char[])
ARR 500009f8 (sz=12, trace=300000, nelems=6, elem type=char[])
OBJ 500009f9 (sz=24, trace=300000, class=java.lang.String@5000016e)
	value		500009fc
OBJ 500009fa (sz=24, trace=300000, class=java.lang.String@5000016e)
	value		500009fb
ARR 500009fb (sz=52, trace=300000, nelems=26, elem type=char[])
ARR 500009fc (sz=6, trace=300000, nelems=3, elem type=char[])
OBJ 500009fd (sz=32, trace=300000, class=java.util.Hashtable$Entry@500000c0)
	key		50000a03
	value		50000a02
OBJ 500009fe (sz=24, trace=300000, class=java.lang.String@5000016e)
	value		50000a01
OBJ 500009ff (sz=24, trace=300000, class=java.lang.String@5000016e)
	value		50000a00
ARR 50000a00 (sz=18, trace=300000, nelems=9, elem type=char[])
ARR 50000a01 (sz=16, trace=300000, nelems=8, elem type=char[])
OBJ 50000a02 (sz=24, trace=300000, class=java.lang.String@5000016e)
	value		50000a05
OBJ 50000a03 (sz=24, trace=300000, class=java.lang.String@5000016e)
	value		50000a04
ARR 50000a04 (sz=30, trace=300000, nelems=15, elem type=char[])
ARR 50000a05 (sz=182, trace=300000, nelems=91, elem type=char[])
OBJ 50000a06 (sz=24, trace=300000, class=java.lang.String@5000016e)
	value		50000a0a
OBJ 50000a07 (sz=24, trace=300000, class=java.lang.String@5000016e)
	value		50000a09
OBJ 50000a08 (sz=56, trace=300687, class=java.util.zip.ZipFile$ZipFileInputStream@5000055e)
ARR 50000a09 (sz=58, trace=300000, nelems=29, elem type=char[])
ARR 50000a0a (sz=6, trace=300000, nelems=3, elem type=char[])
OBJ 50000a0b (sz=32, trace=300000, class=java.util.Hashtable$Entry@500000c0)
	key		50000a12
	value		50000a11
	next		50000a10
OBJ 50000a0c (sz=24, trace=300000, class=java.lang.String@5000016e)
	value		50000a0f
OBJ 50000a0d (sz=24, trace=300000, class=java.lang.String@5000016e)
	value		50000a0e
ARR 50000a0e (sz=38, trace=300000, nelems=19, elem type=char[])
ARR 50000a0f (sz=4, trace=300000, nelems=2, elem type=char[])
OBJ 50000a10 (sz=32, trace=300000, class=java.util.Hashtable$Entry@500000c0)
	key		50000a1d
	value		50000a17
OBJ 50000a11 (sz=24, trace=300000, class=java.lang.String@5000016e)
	value		50000a15
OBJ 50000a12 (sz=24, trace=300000, class=java.lang.String@5000016e)
	value		50000a13
ARR 50000a13 (sz=18, trace=300000, nelems=9, elem type=char[])
OBJ 50000a14 (sz=16, trace=300157, class=java.lang.Object@50000172)
ARR 50000a15 (sz=76, trace=300000, nelems=38, elem type=char[])
OBJ 50000a16 (sz=16, trace=300160, class=java.lang.Object@50000172)
OBJ 50000a17 (sz=24, trace=300000, class=java.lang.String@5000016e)
	value		50000a1f
OBJ 50000a19 (sz=16, trace=300157, class=java.lang.Object@50000172)
OBJ 50000a1a (sz=32, trace=300159, class=java.util.concurrent.ConcurrentHashMap$Node@50000024)
	key		50000d01
	val		50000a19
OBJ 50000a1b (sz=16, trace=300160, class=java.lang.Object@50000172)
OBJ 50000a1c (sz=32, trace=300159, class=java.util.concurrent.ConcurrentHashMap$Node@50000024)
	key		50000d01
	val		50000a1b
OBJ 50000a1d (sz=24, trace=300000, class=java.lang.String@5000016e)
	value		50000a1e
ARR 50000a1e (sz=32, trace=300000, nelems=16, elem type=char[])
ARR 50000a1f (sz=66, trace=300000, nelems=33, elem type=char[])
OBJ 50000a20 (sz=32, trace=300000, class=java.util.Hashtable$Entry@500000c0)
	key		50000a26
	value		50000a25
OBJ 50000a21 (sz=24, trace=300000, class=java.lang.String@5000016e)
	value		50000a24
OBJ 50000a22 (sz=24, trace=300000, class=java.lang.String@5000016e)
	value		50000a23
ARR 50000a23 (sz=50, trace=300000, nelems=25, elem type=char[])
ARR 50000a24 (sz=36, trace=300000, nelems=18, elem type=char[])
OBJ 50000a25 (sz=24, trace=300000, class=java.lang.String@5000016e)
	value		50000a28
OBJ 50000a26 (sz=24, trace=300000, class=java.lang.String@5000016e)
	value		50000a27
ARR 50000a27 (sz=26, trace=300000, nelems=13, elem type=char[])
ARR 50000a28 (sz=4, trace=300000, nelems=2, elem type=char[])
OBJ 50000a29 (sz=24, trace=300000, class=java.lang.String@5000016e)
	value		50000a2e
OBJ 50000a2a (sz=24, trace=300000, class=java.lang.String@5000016e)
	value		50000a2b
ARR 50000a2b (sz=22, trace=300000, nelems=11, elem type=char[])
OBJ 50000a2c (sz=56, trace=300687, class=java.util.zip.ZipFile$ZipFileInputStream@5000055e)
	this$0		500004ee
OBJ 50000a2d (sz=40, trace=300106, class=java.lang.ref.Finalizer@5000014d)
	referent	50000a2c
	queue		500003c8
	next		500009b0
	prev		50000a98
ARR 50000a2e (sz=48, trace=300000, nelems=24, elem type=char[])
OBJ 50000a2f (sz=32, trace=300000, class=java.util.Hashtable$Entry@500000c0)
	key		50000a35
	value		50000a34
OBJ 50000a30 (sz=24, trace=300000, class=java.lang.String@5000016e)
	value		50000a33
OBJ 50000a31 (sz=24, trace=300000, class=java.lang.String@5000016e)
	value		50000a32
ARR 50000a32 (sz=24, trace=300000, nelems=12, elem type=char[])
ARR 50000a33 (sz=38, trace=300000, nelems=19, elem type=char[])
OBJ 50000a34 (sz=24, trace=300000, class=java.lang.String@5000016e)
	value		50000a37
OBJ 50000a35 (sz=24, trace=300000, class=java.lang.String@5000016e)
	value		50000a36
ARR 50000a36 (sz=54, trace=300000, nelems=27, elem type=char[])
ARR 50000a37 (sz=4, trace=300000, nelems=2, elem type=char[])
OBJ 50000a38 (sz=24, trace=300000, class=java.lang.String@5000016e)
	value		50000a3d
OBJ 50000a3a (sz=40, trace=301042, class=java.util.EnumMap@500009e6)
OBJ 50000a3b (sz=24, trace=300000, class=java.lang.String@5000016e)
	value		50000a3c
ARR 50000a3c (sz=24, trace=300000, nelems=12, elem type=char[])
ARR 50000a3d (sz=18, trace=300000, nelems=9, elem type=char[])
OBJ 50000a3e (sz=56, trace=300679, class=java.lang.Class$ReflectionData@500000a5)
OBJ 50000a3f (sz=40, trace=300040, class=java.lang.ref.SoftReference@50000152)
OBJ 50000a40 (sz=88, trace=300681, class=java.lang.reflect.Method@5000013e)
OBJ 50000a41 (sz=24, trace=300000, class=java.lang.String@5000016e)
	value		50000a5b
OBJ 50000a42 (sz=24, trace=300000, class=java.lang.String@5000016e)
	value		50000a5a
OBJ 50000a43 (sz=24, trace=300811, class=sun.reflect.NativeMethodAccessorImpl@50001630)
OBJ 50000a44 (sz=16, trace=300813, class=sun.reflect.DelegatingMethodAccessorImpl@50001632)
OBJ 50000a45 (sz=24, trace=301046, class=com.sun.tools.javac.util.BasicDiagnosticFormatter$BasicConfiguration$BasicFormatKind@50000a39)
	name		50002d79
OBJ 50000a46 (sz=24, trace=301047, class=com.sun.tools.javac.util.BasicDiagnosticFormatter$BasicConfiguration$BasicFormatKind@50000a39)
	name		50002d78
OBJ 50000a47 (sz=24, trace=301048, class=com.sun.tools.javac.util.BasicDiagnosticFormatter$BasicConfiguration$BasicFormatKind@50000a39)
	name		50002d77
OBJ 50000a49 (sz=24, trace=300369, class=java.lang.String@5000016e)
	value		50000a4a
ARR 50000a4a (sz=60, trace=300370, nelems=30, elem type=char[])
ARR 50000a4b (sz=32, trace=301049, nelems=3, elem type=com.sun.tools.javac.util.BasicDiagnosticFormatter$BasicConfiguration$BasicFormatKind[]@50000a48)
	[0]		50000a45
	[1]		50000a46
	[2]		50000a47
ARR 50000a4c (sz=32, trace=301050, nelems=0, elem type=java.lang.Object[]@50000108)
OBJ 50000a4d (sz=48, trace=301051, class=java.util.HashMap@500000c6)
ARR 50000a4e (sz=80, trace=301052, nelems=0, elem type=java.util.HashMap$Node[]@500000c2)
OBJ 50000a4f (sz=32, trace=300221, class=java.util.HashMap$Node@500000c4)
OBJ 50000a50 (sz=32, trace=300222, class=java.util.HashMap$Node@500000c4)
OBJ 50000a51 (sz=32, trace=300221, class=java.util.HashMap$Node@500000c4)
OBJ 50000a52 (sz=32, trace=300221, class=java.util.HashMap$Node@500000c4)
OBJ 50000a53 (sz=32, trace=301053, class=com.sun.tools.javac.util.BasicDiagnosticFormatter@50000376)
OBJ 50000a54 (sz=16, trace=300157, class=java.lang.Object@50000172)
OBJ 50000a55 (sz=32, trace=300683, class=java.util.concurrent.ConcurrentHashMap$Node@50000024)
	key		50000d1b
	val		50000a54
OBJ 50000a56 (sz=16, trace=300160, class=java.lang.Object@50000172)
OBJ 50000a57 (sz=56, trace=300443, class=java.lang.Package@500005dd)
	pkgName		50000a49
	loader		500003d7
OBJ 50000a58 (sz=32, trace=300221, class=java.util.HashMap$Node@500000c4)
	key		50000a49
	value		50000a57
OBJ 50000a59 (sz=32, trace=300683, class=java.util.concurrent.ConcurrentHashMap$Node@50000024)
	key		50000d1b
	val		50000a56
ARR 50000a5a (sz=26, trace=300000, nelems=13, elem type=char[])
ARR 50000a5b (sz=148, trace=300000, nelems=74, elem type=char[])
OBJ 50000a5c (sz=56, trace=300687, class=java.util.zip.ZipFile$ZipFileInputStream@5000055e)
OBJ 50000a5d (sz=24, trace=300000, class=java.lang.String@5000016e)
	value		50000a60
OBJ 50000a5e (sz=24, trace=300000, class=java.lang.String@5000016e)
	value		50000a5f
ARR 50000a5f (sz=38, trace=300000, nelems=19, elem type=char[])
ARR 50000a60 (sz=842, trace=300000, nelems=421, elem type=char[])
OBJ 50000a61 (sz=24, trace=300000, class=java.lang.String@5000016e)
	value		50000a67
OBJ 50000a62 (sz=24, trace=300668, class=java.lang.String@5000016e)
	value		50000a63
ARR 50000a63 (sz=60, trace=300669, nelems=30, elem type=char[])
OBJ 50000a64 (sz=32, trace=300671, class=java.util.concurrent.ConcurrentHashMap$Node@50000024)
	key		50000a62
	val		50000a9e
OBJ 50000a65 (sz=24, trace=300000, class=java.lang.String@5000016e)
	value		50000a66
ARR 50000a66 (sz=22, trace=300000, nelems=11, elem type=char[])
ARR 50000a67 (sz=36, trace=300000, nelems=18, elem type=char[])
OBJ 50000a68 (sz=24, trace=300000, class=java.lang.String@5000016e)
	value		50000a6e
OBJ 50000a6a (sz=16, trace=300157, class=java.lang.Object@50000172)
OBJ 50000a6b (sz=24, trace=300000, class=java.lang.String@5000016e)
	value		50000a6d
OBJ 50000a6c (sz=16, trace=300160, class=java.lang.Object@50000172)
ARR 50000a6d (sz=28, trace=300000, nelems=14, elem type=char[])
ARR 50000a6e (sz=2, trace=300000, nelems=1, elem type=char[])
OBJ 50000a6f (sz=24, trace=300000, class=java.lang.String@5000016e)
	value		50000a72
OBJ 50000a70 (sz=24, trace=300000, class=java.lang.String@5000016e)
	value		50000a71
ARR 50000a71 (sz=38, trace=300000, nelems=19, elem type=char[])
ARR 50000a72 (sz=70, trace=300000, nelems=35, elem type=char[])
OBJ 50000a73 (sz=24, trace=300000, class=java.lang.String@5000016e)
	value		50000a76
OBJ 50000a74 (sz=24, trace=300000, class=java.lang.String@5000016e)
	value		50000a75
ARR 50000a75 (sz=62, trace=300000, nelems=31, elem type=char[])
ARR 50000a76 (sz=10, trace=300000, nelems=5, elem type=char[])
OBJ 50000a77 (sz=32, trace=300000, class=java.util.Hashtable$Entry@500000c0)
	key		50000a7d
	value		50000a7c
OBJ 50000a78 (sz=24, trace=300000, class=java.lang.String@5000016e)
	value		50000a7b
OBJ 50000a79 (sz=24, trace=300000, class=java.lang.String@5000016e)
	value		50000a7a
ARR 50000a7a (sz=28, trace=300000, nelems=14, elem type=char[])
ARR 50000a7b (sz=12, trace=300000, nelems=6, elem type=char[])
OBJ 50000a7c (sz=24, trace=300000, class=java.lang.String@5000016e)
	value		50000a7f
OBJ 50000a7d (sz=24, trace=300000, class=java.lang.String@5000016e)
	value		50000a7e
ARR 50000a7e (sz=46, trace=300000, nelems=23, elem type=char[])
ARR 50000a7f (sz=26, trace=300000, nelems=13, elem type=char[])
OBJ 50000a80 (sz=24, trace=300000, class=java.lang.String@5000016e)
	value		50000a83
OBJ 50000a81 (sz=24, trace=300000, class=java.lang.String@5000016e)
	value		50000a82
ARR 50000a82 (sz=22, trace=300000, nelems=11, elem type=char[])
ARR 50000a83 (sz=14, trace=300000, nelems=7, elem type=char[])
OBJ 50000a84 (sz=24, trace=300000, class=java.lang.String@5000016e)
	value		50000a87
OBJ 50000a85 (sz=24, trace=300000, class=java.lang.String@5000016e)
	value		50000a86
ARR 50000a86 (sz=30, trace=300000, nelems=15, elem type=char[])
ARR 50000a87 (sz=10, trace=300000, nelems=5, elem type=char[])
ARR 50000a88 (sz=32, trace=300000, nelems=16, elem type=char[])
OBJ 50000a89 (sz=24, trace=300000, class=java.util.Collections$EmptyMap@500000d6)
OBJ 50000a8a (sz=16, trace=300000, class=java.util.Collections$EmptyList@500000d8)
OBJ 50000a8b (sz=16, trace=300000, class=java.util.Collections$EmptySet@500000d9)
OBJ 50000a8c (sz=24, trace=300000, class=java.lang.String@5000016e)
	value		50000a90
OBJ 50000a8d (sz=16, trace=300000, class=java.lang.Boolean@50000111)
OBJ 50000a8e (sz=16, trace=300000, class=java.lang.Boolean@50000111)
ARR 50000a8f (sz=8, trace=300000, nelems=4, elem type=char[])
ARR 50000a90 (sz=14, trace=300000, nelems=7, elem type=char[])
OBJ 50000a91 (sz=24, trace=300000, class=java.lang.String@5000016e)
	value		50000a92
ARR 50000a92 (sz=70, trace=300000, nelems=35, elem type=char[])
OBJ 50000a93 (sz=24, trace=300000, class=java.lang.String@5000016e)
	value		50001834
OBJ 50000a94 (sz=24, trace=300000, class=java.lang.String@5000016e)
	value		50002e0e
OBJ 50000a95 (sz=24, trace=300000, class=java.lang.String@5000016e)
	value		50002e0d
OBJ 50000a96 (sz=24, trace=300000, class=java.lang.String@5000016e)
	value		50002e0c
OBJ 50000a97 (sz=56, trace=300687, class=java.util.zip.ZipFile$ZipFileInputStream@5000055e)
	this$0		500004ee
OBJ 50000a98 (sz=40, trace=300106, class=java.lang.ref.Finalizer@5000014d)
	referent	50000a97
	queue		500003c8
	next		50000a2d
	prev		50000b0d
ARR 50000a99 (sz=24, trace=300000, nelems=1, elem type=java.lang.String[]@500000c8)
	[0]		50000912
ARR 50000a9a (sz=168, trace=300000, nelems=38, elem type=java.lang.String[]@500000c8)
	[0]		50002db5
	[1]		50002db6
	[2]		50002db7
	[3]		50002db8
	[4]		50002db9
	[5]		50002dba
	[6]		50002dbb
	[7]		50002dbc
	[8]		50002dbd
	[9]		50002dbe
	[10]		50002dbf
	[11]		50002dc0
	[12]		50002dc1
	[13]		50002dc2
	[14]		50002dc3
	[15]		50002dc4
	[16]		50002dc5
	[17]		50002dc6
	[18]		50002dc7
	[19]		50002dc8
	[20]		50002dc9
	[21]		50002dca
	[22]		50002dcb
	[23]		50002dcc
	[24]		50002dcd
	[25]		50002dce
	[26]		50002dcf
	[27]		50002dd0
	[28]		50002dd1
	[29]		50002dd2
	[30]		50002dd3
	[31]		50002dd4
	[32]		50002dd5
	[33]		50002dd6
	[34]		50002dd7
	[35]		50002dd8
	[36]		50000a93
	[37]		50002dd9
OBJ 50000a9b (sz=32, trace=300000, class=java.util.Stack@500000e2)
	elementData	50002db4
OBJ 50000a9c (sz=32, trace=300000, class=java.util.Vector@500000e3)
	elementData	50002db2
OBJ 50000a9d (sz=32, trace=300000, class=java.util.Vector@500000e3)
	elementData	50002db1
ARR 50000a9e (sz=16, trace=300000, nelems=0, elem type=java.security.cert.Certificate[]@500000ea)
OBJ 50000a9f (sz=48, trace=300000, class=sun.misc.URLClassPath@50000004)
	path		50002da8
	urls		50002da7
	loaders		50002da6
	lmap		50002da5
	jarHandler	50002da4
	acc		50000aa1
OBJ 50000aa0 (sz=48, trace=300000, class=java.util.WeakHashMap@5000009b)
	table		50002daf
	queue		50002dae
OBJ 50000aa1 (sz=40, trace=300000, class=java.security.AccessControlContext@5000015f)
OBJ 50000aa2 (sz=48, trace=300000, class=java.util.HashMap@500000c6)
	table		50000844
OBJ 50000aa3 (sz=56, trace=300687, class=java.util.zip.ZipFile$ZipFileInputStream@5000055e)
OBJ 50000aa4 (sz=16, trace=300000, class=java.lang.Object@50000172)
OBJ 50000aa5 (sz=32, trace=300000, class=java.util.Vector@500000e3)
	elementData	50002da3
OBJ 50000aa6 (sz=48, trace=300000, class=java.util.HashMap@500000c6)
	table		5000127a
OBJ 50000aa7 (sz=24, trace=300000, class=java.util.Collections$SynchronizedSet@500000ba)
	c		50002da1
	mutex		50000aa7
OBJ 50000aa8 (sz=16, trace=300157, class=java.lang.Object@50000172)
OBJ 50000aa9 (sz=32, trace=300159, class=java.util.concurrent.ConcurrentHashMap$Node@50000024)
	key		50000d17
	val		50000aa8
OBJ 50000aaa (sz=16, trace=300160, class=java.lang.Object@50000172)
OBJ 50000aab (sz=32, trace=300159, class=java.util.concurrent.ConcurrentHashMap$Node@50000024)
	key		50000d17
	val		50000aaa
OBJ 50000aae (sz=16, trace=300157, class=java.lang.Object@50000172)
OBJ 50000ab0 (sz=16, trace=300157, class=java.lang.Object@50000172)
OBJ 50000ab1 (sz=40, trace=300000, class=java.security.ProtectionDomain@50000160)
	codesource	50002da0
	classloader	500003d7
	principals	50002d9f
	key		50002d9e
OBJ 50000ab2 (sz=16, trace=300160, class=java.lang.Object@50000172)
OBJ 50000ab3 (sz=32, trace=300000, class=java.util.Vector@500000e3)
	elementData	50000838
OBJ 50000ab4 (sz=16, trace=300157, class=java.lang.Object@50000172)
OBJ 50000ab5 (sz=32, trace=300683, class=java.util.concurrent.ConcurrentHashMap$Node@50000024)
	key		50000c75
	val		50000aae
	next		50001234
OBJ 50000ab6 (sz=16, trace=300160, class=java.lang.Object@50000172)
OBJ 50000ab7 (sz=16, trace=300160, class=java.lang.Object@50000172)
OBJ 50000ab9 (sz=16, trace=300157, class=java.lang.Object@50000172)
OBJ 50000aba (sz=32, trace=300683, class=java.util.concurrent.ConcurrentHashMap$Node@50000024)
	key		50000d1d
	val		50000ab9
	next		5000168b
OBJ 50000abb (sz=32, trace=300683, class=java.util.concurrent.ConcurrentHashMap$Node@50000024)
	key		50000c75
	val		50000ab7
	next		50001236
OBJ 50000abc (sz=64, trace=300000, class=java.util.concurrent.ConcurrentHashMap@5000002b)
	table		5000122d
OBJ 50000abd (sz=64, trace=300000, class=java.util.concurrent.ConcurrentHashMap@5000002b)
	table		5000111c
OBJ 50000abe (sz=32, trace=300696, class=java.util.concurrent.ConcurrentHashMap$Node@50000024)
	key		50000b2a
	val		500008d2
	next		50000ae5
OBJ 50000abf (sz=48, trace=300000, class=java.util.WeakHashMap@5000009b)
	table		50001a3a
	queue		50001a39
OBJ 50000ac0 (sz=40, trace=300000, class=java.security.AccessControlContext@5000015f)
OBJ 50000ac1 (sz=48, trace=300000, class=sun.misc.URLClassPath@50000004)
	path		500019e0
	urls		500019df
	loaders		500019de
	lmap		500019dd
	jarHandler	500019dc
	acc		50000ac0
OBJ 50000ac2 (sz=48, trace=300000, class=java.util.HashMap@500000c6)
OBJ 50000ac3 (sz=32, trace=300696, class=java.util.concurrent.ConcurrentHashMap$Node@50000024)
	key		50000bfa
	val		5000095f
OBJ 50000ac4 (sz=16, trace=300160, class=java.lang.Object@50000172)
OBJ 50000ac5 (sz=32, trace=300683, class=java.util.concurrent.ConcurrentHashMap$Node@50000024)
	key		50000d1d
	val		50000ac4
	next		5000168d
OBJ 50000ac6 (sz=16, trace=300000, class=java.lang.Object@50000172)
OBJ 50000ac7 (sz=32, trace=300000, class=java.util.Vector@500000e3)
	elementData	500019db
OBJ 50000ac8 (sz=48, trace=300000, class=java.util.HashMap@500000c6)
OBJ 50000ac9 (sz=32, trace=300696, class=java.util.concurrent.ConcurrentHashMap$Node@50000024)
	key		50000b2a
	val		500008d4
	next		50000ae7
OBJ 50000aca (sz=24, trace=300000, class=java.util.Collections$SynchronizedSet@500000ba)
	c		500019d8
	mutex		50000aca
OBJ 50000acb (sz=40, trace=300000, class=java.security.ProtectionDomain@50000160)
	codesource	50000d98
	classloader	500003d9
	principals	50000d97
	key		50000d96
OBJ 50000acc (sz=32, trace=300000, class=java.util.Vector@500000e3)
	elementData	50000d95
OBJ 50000acd (sz=64, trace=300000, class=java.util.concurrent.ConcurrentHashMap@5000002b)
OBJ 50000ace (sz=32, trace=300696, class=java.util.concurrent.ConcurrentHashMap$Node@50000024)
	key		50000bfa
	val		50000961
OBJ 50000acf (sz=16, trace=300157, class=java.lang.Object@50000172)
OBJ 50000ad0 (sz=64, trace=300000, class=java.util.concurrent.ConcurrentHashMap@5000002b)
	table		50001145
OBJ 50000ad1 (sz=16, trace=300160, class=java.lang.Object@50000172)
OBJ 50000ad2 (sz=24, trace=300000, class=java.lang.String@5000016e)
	value		50000ae1
OBJ 50000ad3 (sz=16, trace=300157, class=java.lang.Object@50000172)
OBJ 50000ad4 (sz=32, trace=300683, class=java.util.concurrent.ConcurrentHashMap$Node@50000024)
	key		50000b9e
	val		50000ad3
OBJ 50000ad5 (sz=16, trace=300160, class=java.lang.Object@50000172)
OBJ 50000ad6 (sz=32, trace=300683, class=java.util.concurrent.ConcurrentHashMap$Node@50000024)
	key		50000b9e
	val		50000ad5
OBJ 50000ad8 (sz=16, trace=300157, class=java.lang.Object@50000172)
OBJ 50000ad9 (sz=32, trace=300683, class=java.util.concurrent.ConcurrentHashMap$Node@50000024)
	key		50000b8f
	val		50000ad8
OBJ 50000ada (sz=16, trace=300160, class=java.lang.Object@50000172)
OBJ 50000adb (sz=32, trace=300683, class=java.util.concurrent.ConcurrentHashMap$Node@50000024)
	key		50000b8f
	val		50000ada
OBJ 50000adc (sz=16, trace=300157, class=java.lang.Object@50000172)
OBJ 50000add (sz=32, trace=300159, class=java.util.concurrent.ConcurrentHashMap$Node@50000024)
	key		50000ca2
	val		50000adc
OBJ 50000ade (sz=16, trace=300160, class=java.lang.Object@50000172)
OBJ 50000adf (sz=32, trace=300159, class=java.util.concurrent.ConcurrentHashMap$Node@50000024)
	key		50000ca2
	val		50000ade
OBJ 50000ae0 (sz=16, trace=300157, class=java.lang.Object@50000172)
ARR 50000ae1 (sz=68, trace=300000, nelems=34, elem type=char[])
OBJ 50000ae2 (sz=16, trace=300160, class=java.lang.Object@50000172)
OBJ 50000ae3 (sz=24, trace=300000, class=java.lang.String@5000016e)
	value		50000ae8
OBJ 50000ae4 (sz=16, trace=300157, class=java.lang.Object@50000172)
OBJ 50000ae5 (sz=32, trace=300683, class=java.util.concurrent.ConcurrentHashMap$Node@50000024)
	key		50000b2c
	val		50000ae4
OBJ 50000ae6 (sz=16, trace=300160, class=java.lang.Object@50000172)
OBJ 50000ae7 (sz=32, trace=300683, class=java.util.concurrent.ConcurrentHashMap$Node@50000024)
	key		50000b2c
	val		50000ae6
ARR 50000ae8 (sz=42, trace=300000, nelems=21, elem type=char[])
OBJ 50000ae9 (sz=24, trace=300000, class=java.lang.String@5000016e)
	value		50000aea
ARR 50000aea (sz=70, trace=300000, nelems=35, elem type=char[])
OBJ 50000aeb (sz=24, trace=300000, class=java.lang.String@5000016e)
	value		50000aec
ARR 50000aec (sz=98, trace=300000, nelems=49, elem type=char[])
OBJ 50000aed (sz=24, trace=300000, class=java.lang.String@5000016e)
	value		50000aee
ARR 50000aee (sz=68, trace=300000, nelems=34, elem type=char[])
OBJ 50000aef (sz=24, trace=300000, class=java.lang.String@5000016e)
	value		50000af0
ARR 50000af0 (sz=68, trace=300000, nelems=34, elem type=char[])
OBJ 50000af1 (sz=24, trace=300000, class=java.lang.String@5000016e)
	value		50000af2
ARR 50000af2 (sz=68, trace=300000, nelems=34, elem type=char[])
OBJ 50000af3 (sz=24, trace=300000, class=java.lang.String@5000016e)
	value		50000af4
ARR 50000af4 (sz=68, trace=300000, nelems=34, elem type=char[])
OBJ 50000af5 (sz=24, trace=300000, class=java.lang.String@5000016e)
	value		50000af6
ARR 50000af6 (sz=64, trace=300000, nelems=32, elem type=char[])
OBJ 50000af7 (sz=24, trace=300000, class=java.lang.String@5000016e)
	value		50000af8
ARR 50000af8 (sz=68, trace=300000, nelems=34, elem type=char[])
OBJ 50000af9 (sz=24, trace=300000, class=java.lang.String@5000016e)
	value		50000afa
ARR 50000afa (sz=68, trace=300000, nelems=34, elem type=char[])
OBJ 50000afb (sz=24, trace=300000, class=java.lang.String@5000016e)
	value		50000afc
ARR 50000afc (sz=68, trace=300000, nelems=34, elem type=char[])
OBJ 50000afd (sz=24, trace=300000, class=java.lang.String@5000016e)
	value		50000afe
ARR 50000afe (sz=68, trace=300000, nelems=34, elem type=char[])
OBJ 50000aff (sz=24, trace=300000, class=java.lang.String@5000016e)
	value		50000b00
ARR 50000b00 (sz=56, trace=300000, nelems=28, elem type=char[])
OBJ 50000b01 (sz=24, trace=300000, class=java.lang.String@5000016e)
	value		50000b02
ARR 50000b02 (sz=62, trace=300000, nelems=31, elem type=char[])
OBJ 50000b03 (sz=24, trace=300000, class=java.lang.String@5000016e)
	value		50000b04
ARR 50000b04 (sz=136, trace=300000, nelems=68, elem type=char[])
OBJ 50000b05 (sz=24, trace=300000, class=java.lang.String@5000016e)
	value		50000b06
ARR 50000b06 (sz=72, trace=300000, nelems=36, elem type=char[])
OBJ 50000b07 (sz=24, trace=300000, class=java.lang.String@5000016e)
	value		50000b08
ARR 50000b08 (sz=36, trace=300000, nelems=18, elem type=char[])
OBJ 50000b09 (sz=24, trace=300000, class=java.lang.String@5000016e)
	value		50000b0a
ARR 50000b0a (sz=72, trace=300000, nelems=36, elem type=char[])
OBJ 50000b0b (sz=24, trace=300000, class=java.lang.String@5000016e)
	value		50000b0e
OBJ 50000b0c (sz=56, trace=300687, class=java.util.zip.ZipFile$ZipFileInputStream@5000055e)
	this$0		500004ee
OBJ 50000b0d (sz=40, trace=300106, class=java.lang.ref.Finalizer@5000014d)
	referent	50000b0c
	queue		500003c8
	next		50000a98
	prev		50000b77
ARR 50000b0e (sz=60, trace=300000, nelems=30, elem type=char[])
OBJ 50000b0f (sz=24, trace=300000, class=java.lang.String@5000016e)
	value		50000b10
ARR 50000b10 (sz=36, trace=300000, nelems=18, elem type=char[])
OBJ 50000b11 (sz=24, trace=300000, class=java.lang.String@5000016e)
	value		50000b12
ARR 50000b12 (sz=90, trace=300000, nelems=45, elem type=char[])
OBJ 50000b13 (sz=24, trace=300000, class=java.lang.String@5000016e)
	value		50000b16
OBJ 50000b14 (sz=24, trace=300369, class=java.lang.String@5000016e)
	value		50000b15
ARR 50000b15 (sz=46, trace=300370, nelems=23, elem type=char[])
ARR 50000b16 (sz=40, trace=300000, nelems=20, elem type=char[])
OBJ 50000b17 (sz=24, trace=300000, class=java.lang.String@5000016e)
	value		50000b18
ARR 50000b18 (sz=88, trace=300000, nelems=44, elem type=char[])
OBJ 50000b19 (sz=24, trace=300000, class=java.lang.String@5000016e)
	value		50000b1a
ARR 50000b1a (sz=86, trace=300000, nelems=43, elem type=char[])
OBJ 50000b1b (sz=24, trace=300000, class=java.lang.String@5000016e)
	value		50000b28
OBJ 50000b1c (sz=16, trace=300157, class=java.lang.Object@50000172)
OBJ 50000b1d (sz=32, trace=300683, class=java.util.concurrent.ConcurrentHashMap$Node@50000024)
	key		50000d3a
	val		50000b1c
OBJ 50000b1e (sz=16, trace=300160, class=java.lang.Object@50000172)
OBJ 50000b1f (sz=32, trace=300683, class=java.util.concurrent.ConcurrentHashMap$Node@50000024)
	key		50000d3a
	val		50000b1e
OBJ 50000b22 (sz=56, trace=300443, class=java.lang.Package@500005dd)
	pkgName		50000b14
	loader		500003d7
OBJ 50000b23 (sz=32, trace=300221, class=java.util.HashMap$Node@500000c4)
	key		50000b14
	value		50000b22
	next		50000639
OBJ 50000b24 (sz=16, trace=300157, class=java.lang.Object@50000172)
OBJ 50000b25 (sz=32, trace=300159, class=java.util.concurrent.ConcurrentHashMap$Node@50000024)
	key		50000cc9
	val		50000b24
OBJ 50000b26 (sz=16, trace=300160, class=java.lang.Object@50000172)
OBJ 50000b27 (sz=56, trace=300687, class=java.util.zip.ZipFile$ZipFileInputStream@5000055e)
ARR 50000b28 (sz=144, trace=300000, nelems=72, elem type=char[])
OBJ 50000b29 (sz=32, trace=300159, class=java.util.concurrent.ConcurrentHashMap$Node@50000024)
	key		50000cc9
	val		50000b26
OBJ 50000b2a (sz=24, trace=300000, class=java.lang.String@5000016e)
	value		50000b2b
ARR 50000b2b (sz=74, trace=300000, nelems=37, elem type=char[])
OBJ 50000b2c (sz=24, trace=300000, class=java.lang.String@5000016e)
	value		50000b2d
ARR 50000b2d (sz=60, trace=300000, nelems=30, elem type=char[])
OBJ 50000b2e (sz=24, trace=300000, class=java.lang.String@5000016e)
	value		50000b32
OBJ 50000b2f (sz=24, trace=300668, class=java.lang.String@5000016e)
	value		50000b30
ARR 50000b30 (sz=46, trace=300669, nelems=23, elem type=char[])
OBJ 50000b31 (sz=32, trace=300671, class=java.util.concurrent.ConcurrentHashMap$Node@50000024)
	key		50000b2f
	val		50000a9e
	next		500006f3
ARR 50000b32 (sz=68, trace=300000, nelems=34, elem type=char[])
OBJ 50000b33 (sz=24, trace=300000, class=java.lang.String@5000016e)
	value		50000b34
ARR 50000b34 (sz=68, trace=300000, nelems=34, elem type=char[])
OBJ 50000b35 (sz=24, trace=300000, class=java.lang.String@5000016e)
	value		50000b3d
OBJ 50000b37 (sz=16, trace=300157, class=java.lang.Object@50000172)
OBJ 50000b38 (sz=32, trace=300159, class=java.util.concurrent.ConcurrentHashMap$Node@50000024)
	key		50000c45
	val		50000b37
OBJ 50000b39 (sz=16, trace=300160, class=java.lang.Object@50000172)
OBJ 50000b3a (sz=32, trace=300159, class=java.util.concurrent.ConcurrentHashMap$Node@50000024)
	key		50000c45
	val		50000b39
OBJ 50000b3b (sz=24, trace=300697, class=java.io.OutputStreamWriter@50000090)
ARR 50000b3c (sz=24, trace=300136, nelems=2, elem type=java.lang.Object[]@50000108)
	[0]		5000144d
	[1]		50001654
ARR 50000b3d (sz=68, trace=300000, nelems=34, elem type=char[])
OBJ 50000b3e (sz=64, trace=300699, class=sun.nio.cs.SingleByte$Encoder@50000078)
ARR 50000b3f (sz=24, trace=300142, nelems=0, elem type=byte[])
OBJ 50000b40 (sz=48, trace=300700, class=sun.nio.cs.StreamEncoder@5000008f)
ARR 50000b41 (sz=8208, trace=300701, nelems=0, elem type=byte[])
OBJ 50000b42 (sz=48, trace=300192, class=java.nio.HeapByteBuffer@50000075)
OBJ 50000b43 (sz=40, trace=300702, class=java.io.BufferedWriter@5000006f)
ARR 50000b44 (sz=16400, trace=300703, nelems=0, elem type=char[])
OBJ 50000b45 (sz=24, trace=300000, class=java.lang.String@5000016e)
	value		50000b47
OBJ 50000b46 (sz=40, trace=300705, class=java.io.PrintWriter@50000869)
ARR 50000b47 (sz=68, trace=300000, nelems=34, elem type=char[])
OBJ 50000b48 (sz=56, trace=300707, class=com.sun.tools.javac.main.Main@500008c9)
OBJ 50000b49 (sz=16, trace=300157, class=java.lang.Object@50000172)
OBJ 50000b4a (sz=32, trace=300683, class=java.util.concurrent.ConcurrentHashMap$Node@50000024)
	key		50000b7b
	val		50000b49
	next		500013e1
OBJ 50000b4b (sz=16, trace=300160, class=java.lang.Object@50000172)
OBJ 50000b4c (sz=32, trace=300683, class=java.util.concurrent.ConcurrentHashMap$Node@50000024)
	key		50000b7b
	val		50000b4b
	next		500013e3
OBJ 50000b4d (sz=24, trace=300000, class=java.lang.String@5000016e)
	value		50000b4e
ARR 50000b4e (sz=68, trace=300000, nelems=34, elem type=char[])
OBJ 50000b4f (sz=24, trace=300000, class=java.lang.String@5000016e)
	value		50000b50
ARR 50000b50 (sz=68, trace=300000, nelems=34, elem type=char[])
OBJ 50000b51 (sz=24, trace=300000, class=java.lang.String@5000016e)
	value		50000b52
ARR 50000b52 (sz=68, trace=300000, nelems=34, elem type=char[])
OBJ 50000b53 (sz=24, trace=300000, class=java.lang.String@5000016e)
	value		50000b54
ARR 50000b54 (sz=68, trace=300000, nelems=34, elem type=char[])
OBJ 50000b55 (sz=24, trace=300000, class=java.lang.String@5000016e)
	value		50000b56
ARR 50000b56 (sz=36, trace=300000, nelems=18, elem type=char[])
OBJ 50000b57 (sz=24, trace=300000, class=java.lang.String@5000016e)
	value		50000b58
ARR 50000b58 (sz=34, trace=300000, nelems=17, elem type=char[])
OBJ 50000b59 (sz=24, trace=300000, class=java.lang.String@5000016e)
	value		50000b5a
ARR 50000b5a (sz=106, trace=300000, nelems=53, elem type=char[])
OBJ 50000b5b (sz=24, trace=300000, class=java.lang.String@5000016e)
	value		50000b5c
ARR 50000b5c (sz=68, trace=300000, nelems=34, elem type=char[])
OBJ 50000b5d (sz=24, trace=300000, class=java.lang.String@5000016e)
	value		50000b5e
ARR 50000b5e (sz=68, trace=300000, nelems=34, elem type=char[])
OBJ 50000b5f (sz=24, trace=300000, class=java.lang.String@5000016e)
	value		50000b60
ARR 50000b60 (sz=112, trace=300000, nelems=56, elem type=char[])
OBJ 50000b61 (sz=24, trace=300000, class=java.lang.String@5000016e)
	value		50000b62
ARR 50000b62 (sz=84, trace=300000, nelems=42, elem type=char[])
OBJ 50000b63 (sz=24, trace=300000, class=java.lang.String@5000016e)
	value		50000b64
ARR 50000b64 (sz=58, trace=300000, nelems=29, elem type=char[])
OBJ 50000b65 (sz=24, trace=300000, class=java.lang.String@5000016e)
	value		50000b66
ARR 50000b66 (sz=72, trace=300000, nelems=36, elem type=char[])
OBJ 50000b67 (sz=24, trace=300000, class=java.lang.String@5000016e)
	value		50000b68
ARR 50000b68 (sz=64, trace=300000, nelems=32, elem type=char[])
OBJ 50000b69 (sz=24, trace=300000, class=java.lang.String@5000016e)
	value		50000b6a
ARR 50000b6a (sz=96, trace=300000, nelems=48, elem type=char[])
OBJ 50000b6b (sz=24, trace=300000, class=java.lang.String@5000016e)
	value		50000b6c
ARR 50000b6c (sz=28, trace=300000, nelems=14, elem type=char[])
OBJ 50000b6d (sz=24, trace=300000, class=java.lang.String@5000016e)
	value		50000b6e
ARR 50000b6e (sz=66, trace=300000, nelems=33, elem type=char[])
OBJ 50000b6f (sz=24, trace=300000, class=java.lang.String@5000016e)
	value		50000b70
ARR 50000b70 (sz=28, trace=300000, nelems=14, elem type=char[])
OBJ 50000b71 (sz=24, trace=300000, class=java.lang.String@5000016e)
	value		50000b72
ARR 50000b72 (sz=104, trace=300000, nelems=52, elem type=char[])
OBJ 50000b73 (sz=24, trace=300000, class=java.lang.String@5000016e)
	value		50000b74
ARR 50000b74 (sz=58, trace=300000, nelems=29, elem type=char[])
OBJ 50000b75 (sz=24, trace=300000, class=java.lang.String@5000016e)
	value		50000b78
OBJ 50000b76 (sz=56, trace=300687, class=java.util.zip.ZipFile$ZipFileInputStream@5000055e)
	this$0		500004ee
OBJ 50000b77 (sz=40, trace=300106, class=java.lang.ref.Finalizer@5000014d)
	referent	50000b76
	queue		500003c8
	next		50000b0d
	prev		50000bc6
ARR 50000b78 (sz=88, trace=300000, nelems=44, elem type=char[])
OBJ 50000b79 (sz=24, trace=300000, class=java.lang.String@5000016e)
	value		50000b7a
ARR 50000b7a (sz=38, trace=300000, nelems=19, elem type=char[])
OBJ 50000b7b (sz=24, trace=300000, class=java.lang.String@5000016e)
	value		50000b7c
ARR 50000b7c (sz=62, trace=300000, nelems=31, elem type=char[])
OBJ 50000b7d (sz=24, trace=300000, class=java.lang.String@5000016e)
	value		50000b7e
ARR 50000b7e (sz=62, trace=300000, nelems=31, elem type=char[])
OBJ 50000b7f (sz=24, trace=300000, class=java.lang.String@5000016e)
	value		50000b80
ARR 50000b80 (sz=58, trace=300000, nelems=29, elem type=char[])
OBJ 50000b81 (sz=24, trace=300000, class=java.lang.String@5000016e)
	value		50000b83
OBJ 50000b82 (sz=56, trace=300687, class=java.util.zip.ZipFile$ZipFileInputStream@5000055e)
ARR 50000b83 (sz=84, trace=300000, nelems=42, elem type=char[])
OBJ 50000b84 (sz=24, trace=300000, class=java.lang.String@5000016e)
	value		50000b85
ARR 50000b85 (sz=68, trace=300000, nelems=34, elem type=char[])
OBJ 50000b87 (sz=16, trace=300157, class=java.lang.Object@50000172)
OBJ 50000b88 (sz=32, trace=300683, class=java.util.concurrent.ConcurrentHashMap$Node@50000024)
	key		50000b63
	val		50000b87
OBJ 50000b89 (sz=16, trace=300160, class=java.lang.Object@50000172)
OBJ 50000b8a (sz=32, trace=300683, class=java.util.concurrent.ConcurrentHashMap$Node@50000024)
	key		50000b63
	val		50000b89
OBJ 50000b8b (sz=24, trace=300000, class=java.lang.String@5000016e)
	value		50000b8c
ARR 50000b8c (sz=44, trace=300000, nelems=22, elem type=char[])
OBJ 50000b8d (sz=24, trace=300000, class=java.lang.String@5000016e)
	value		50000b8e
ARR 50000b8e (sz=28, trace=300000, nelems=14, elem type=char[])
OBJ 50000b8f (sz=24, trace=300000, class=java.lang.String@5000016e)
	value		50000b90
ARR 50000b90 (sz=60, trace=300000, nelems=30, elem type=char[])
OBJ 50000b91 (sz=24, trace=300000, class=java.lang.String@5000016e)
	value		50000b97
OBJ 50000b93 (sz=16, trace=300157, class=java.lang.Object@50000172)
OBJ 50000b94 (sz=32, trace=300159, class=java.util.concurrent.ConcurrentHashMap$Node@50000024)
	key		50000bb8
	val		50000b93
OBJ 50000b95 (sz=16, trace=300160, class=java.lang.Object@50000172)
OBJ 50000b96 (sz=32, trace=300159, class=java.util.concurrent.ConcurrentHashMap$Node@50000024)
	key		50000bb8
	val		50000b95
ARR 50000b97 (sz=84, trace=300000, nelems=42, elem type=char[])
OBJ 50000b98 (sz=24, trace=300000, class=java.lang.String@5000016e)
	value		50000b99
ARR 50000b99 (sz=66, trace=300000, nelems=33, elem type=char[])
OBJ 50000b9a (sz=24, trace=300000, class=java.lang.String@5000016e)
	value		50000b9b
ARR 50000b9b (sz=144, trace=300000, nelems=72, elem type=char[])
OBJ 50000b9c (sz=24, trace=300000, class=java.lang.String@5000016e)
	value		50000b9d
ARR 50000b9d (sz=54, trace=300000, nelems=27, elem type=char[])
OBJ 50000b9e (sz=24, trace=300000, class=java.lang.String@5000016e)
	value		50000b9f
ARR 50000b9f (sz=62, trace=300000, nelems=31, elem type=char[])
OBJ 50000ba0 (sz=24, trace=300000, class=java.lang.String@5000016e)
	value		50000ba1
ARR 50000ba1 (sz=66, trace=300000, nelems=33, elem type=char[])
OBJ 50000ba2 (sz=24, trace=300000, class=java.lang.String@5000016e)
	value		50000ba3
ARR 50000ba3 (sz=52, trace=300000, nelems=26, elem type=char[])
OBJ 50000ba4 (sz=24, trace=300000, class=java.lang.String@5000016e)
	value		50000ba5
ARR 50000ba5 (sz=66, trace=300000, nelems=33, elem type=char[])
OBJ 50000ba6 (sz=24, trace=300000, class=java.lang.String@5000016e)
	value		50000ba7
ARR 50000ba7 (sz=66, trace=300000, nelems=33, elem type=char[])
OBJ 50000ba8 (sz=24, trace=300000, class=java.lang.String@5000016e)
	value		50000ba9
ARR 50000ba9 (sz=66, trace=300000, nelems=33, elem type=char[])
OBJ 50000baa (sz=24, trace=300000, class=java.lang.String@5000016e)
	value		50000bab
ARR 50000bab (sz=66, trace=300000, nelems=33, elem type=char[])
OBJ 50000bac (sz=24, trace=300000, class=java.lang.String@5000016e)
	value		50000bad
ARR 50000bad (sz=58, trace=300000, nelems=29, elem type=char[])
OBJ 50000bae (sz=24, trace=300000, class=java.lang.String@5000016e)
	value		50000baf
ARR 50000baf (sz=98, trace=300000, nelems=49, elem type=char[])
OBJ 50000bb0 (sz=24, trace=300000, class=java.lang.String@5000016e)
	value		50000bb1
ARR 50000bb1 (sz=60, trace=300000, nelems=30, elem type=char[])
OBJ 50000bb2 (sz=24, trace=300000, class=java.lang.String@5000016e)
	value		50000bb3
ARR 50000bb3 (sz=44, trace=300000, nelems=22, elem type=char[])
OBJ 50000bb4 (sz=24, trace=300000, class=java.lang.String@5000016e)
	value		50000bb5
ARR 50000bb5 (sz=40, trace=300000, nelems=20, elem type=char[])
OBJ 50000bb6 (sz=24, trace=300000, class=java.lang.String@5000016e)
	value		50000bb7
ARR 50000bb7 (sz=66, trace=300000, nelems=33, elem type=char[])
OBJ 50000bb8 (sz=24, trace=300000, class=java.lang.String@5000016e)
	value		50000bb9
ARR 50000bb9 (sz=66, trace=300000, nelems=33, elem type=char[])
OBJ 50000bba (sz=24, trace=300000, class=java.lang.String@5000016e)
	value		50000bbb
ARR 50000bbb (sz=66, trace=300000, nelems=33, elem type=char[])
OBJ 50000bbc (sz=24, trace=300000, class=java.lang.String@5000016e)
	value		50000bbd
ARR 50000bbd (sz=70, trace=300000, nelems=35, elem type=char[])
OBJ 50000bbe (sz=24, trace=300000, class=java.lang.String@5000016e)
	value		50000bbf
ARR 50000bbf (sz=68, trace=300000, nelems=34, elem type=char[])
OBJ 50000bc0 (sz=24, trace=300000, class=java.lang.String@5000016e)
	value		50000bc1
ARR 50000bc1 (sz=24, trace=300000, nelems=12, elem type=char[])
OBJ 50000bc2 (sz=24, trace=300000, class=java.lang.String@5000016e)
	value		50000bc3
ARR 50000bc3 (sz=52, trace=300000, nelems=26, elem type=char[])
OBJ 50000bc4 (sz=24, trace=300000, class=java.lang.String@5000016e)
	value		50000bc7
OBJ 50000bc5 (sz=56, trace=300687, class=java.util.zip.ZipFile$ZipFileInputStream@5000055e)
	this$0		500004ee
OBJ 50000bc6 (sz=40, trace=300106, class=java.lang.ref.Finalizer@5000014d)
	referent	50000bc5
	queue		500003c8
	next		50000b77
	prev		50000c1d
ARR 50000bc7 (sz=62, trace=300000, nelems=31, elem type=char[])
OBJ 50000bc8 (sz=24, trace=300000, class=java.lang.String@5000016e)
	value		50000bc9
ARR 50000bc9 (sz=68, trace=300000, nelems=34, elem type=char[])
OBJ 50000bca (sz=24, trace=300000, class=java.lang.String@5000016e)
	value		50000bcb
ARR 50000bcb (sz=44, trace=300000, nelems=22, elem type=char[])
OBJ 50000bcc (sz=56, trace=300687, class=java.util.zip.ZipFile$ZipFileInputStream@5000055e)
OBJ 50000bcd (sz=24, trace=300000, class=java.lang.String@5000016e)
	value		50000bce
ARR 50000bce (sz=66, trace=300000, nelems=33, elem type=char[])
OBJ 50000bcf (sz=24, trace=300000, class=java.lang.String@5000016e)
	value		50000bd0
ARR 50000bd0 (sz=78, trace=300000, nelems=39, elem type=char[])
OBJ 50000bd1 (sz=24, trace=300000, class=java.lang.String@5000016e)
	value		50000bd2
ARR 50000bd2 (sz=46, trace=300000, nelems=23, elem type=char[])
OBJ 50000bd3 (sz=24, trace=300000, class=java.lang.String@5000016e)
	value		50000bd4
ARR 50000bd4 (sz=84, trace=300000, nelems=42, elem type=char[])
OBJ 50000bd5 (sz=24, trace=300000, class=java.lang.String@5000016e)
	value		50000be5
OBJ 50000bd6 (sz=16, trace=300157, class=java.lang.Object@50000172)
OBJ 50000bd7 (sz=32, trace=300683, class=java.util.concurrent.ConcurrentHashMap$Node@50000024)
	key		50000c57
	val		50000bd6
OBJ 50000bd8 (sz=16, trace=300160, class=java.lang.Object@50000172)
OBJ 50000bda (sz=16, trace=300157, class=java.lang.Object@50000172)
OBJ 50000bdb (sz=32, trace=300683, class=java.util.concurrent.ConcurrentHashMap$Node@50000024)
	key		50000bba
	val		50000bda
OBJ 50000bdc (sz=16, trace=300160, class=java.lang.Object@50000172)
OBJ 50000bdd (sz=32, trace=300683, class=java.util.concurrent.ConcurrentHashMap$Node@50000024)
	key		50000bba
	val		50000bdc
OBJ 50000bde (sz=32, trace=300683, class=java.util.concurrent.ConcurrentHashMap$Node@50000024)
	key		50000c57
	val		50000bd8
OBJ 50000be1 (sz=16, trace=300157, class=java.lang.Object@50000172)
OBJ 50000be2 (sz=32, trace=300159, class=java.util.concurrent.ConcurrentHashMap$Node@50000024)
	key		50000d41
	val		50000be1
	next		50001746
OBJ 50000be3 (sz=16, trace=300160, class=java.lang.Object@50000172)
OBJ 50000be4 (sz=32, trace=300159, class=java.util.concurrent.ConcurrentHashMap$Node@50000024)
	key		50000d41
	val		50000be3
	next		50001748
ARR 50000be5 (sz=32, trace=300000, nelems=16, elem type=char[])
OBJ 50000be6 (sz=24, trace=300000, class=java.lang.String@5000016e)
	value		50000be7
ARR 50000be7 (sz=68, trace=300000, nelems=34, elem type=char[])
OBJ 50000be8 (sz=24, trace=300000, class=java.lang.String@5000016e)
	value		50000be9
ARR 50000be9 (sz=48, trace=300000, nelems=24, elem type=char[])
OBJ 50000bea (sz=24, trace=300000, class=java.lang.String@5000016e)
	value		50000beb
ARR 50000beb (sz=62, trace=300000, nelems=31, elem type=char[])
OBJ 50000bec (sz=24, trace=300000, class=java.lang.String@5000016e)
	value		50000bed
ARR 50000bed (sz=82, trace=300000, nelems=41, elem type=char[])
OBJ 50000bee (sz=24, trace=300000, class=java.lang.String@5000016e)
	value		50000bef
ARR 50000bef (sz=48, trace=300000, nelems=24, elem type=char[])
OBJ 50000bf0 (sz=24, trace=300000, class=java.lang.String@5000016e)
	value		50000bf1
ARR 50000bf1 (sz=30, trace=300000, nelems=15, elem type=char[])
OBJ 50000bf2 (sz=24, trace=300000, class=java.lang.String@5000016e)
	value		50000bf3
ARR 50000bf3 (sz=62, trace=300000, nelems=31, elem type=char[])
OBJ 50000bf4 (sz=24, trace=300000, class=java.lang.String@5000016e)
	value		50000bf5
ARR 50000bf5 (sz=86, trace=300000, nelems=43, elem type=char[])
OBJ 50000bf6 (sz=24, trace=300000, class=java.lang.String@5000016e)
	value		50000bf7
ARR 50000bf7 (sz=62, trace=300000, nelems=31, elem type=char[])
OBJ 50000bf8 (sz=24, trace=300000, class=java.lang.String@5000016e)
	value		50000bf9
ARR 50000bf9 (sz=70, trace=300000, nelems=35, elem type=char[])
OBJ 50000bfa (sz=24, trace=300000, class=java.lang.String@5000016e)
	value		50000bfb
ARR 50000bfb (sz=38, trace=300000, nelems=19, elem type=char[])
OBJ 50000bfc (sz=24, trace=300000, class=java.lang.String@5000016e)
	value		50000bfd
ARR 50000bfd (sz=62, trace=300000, nelems=31, elem type=char[])
OBJ 50000bfe (sz=24, trace=300000, class=java.lang.String@5000016e)
	value		50000bff
ARR 50000bff (sz=62, trace=300000, nelems=31, elem type=char[])
OBJ 50000c00 (sz=24, trace=300000, class=java.lang.String@5000016e)
	value		50000c01
ARR 50000c01 (sz=62, trace=300000, nelems=31, elem type=char[])
OBJ 50000c02 (sz=24, trace=300000, class=java.lang.String@5000016e)
	value		50000c03
ARR 50000c03 (sz=88, trace=300000, nelems=44, elem type=char[])
OBJ 50000c04 (sz=24, trace=300000, class=java.lang.String@5000016e)
	value		50000c05
ARR 50000c05 (sz=80, trace=300000, nelems=40, elem type=char[])
OBJ 50000c06 (sz=24, trace=300000, class=java.lang.String@5000016e)
	value		50000c07
ARR 50000c07 (sz=52, trace=300000, nelems=26, elem type=char[])
OBJ 50000c08 (sz=24, trace=300000, class=java.lang.String@5000016e)
	value		50000c09
ARR 50000c09 (sz=38, trace=300000, nelems=19, elem type=char[])
OBJ 50000c0a (sz=24, trace=300000, class=java.lang.String@5000016e)
	value		50000c0b
ARR 50000c0b (sz=86, trace=300000, nelems=43, elem type=char[])
OBJ 50000c0c (sz=24, trace=300000, class=java.lang.String@5000016e)
	value		50000c0d
ARR 50000c0d (sz=28, trace=300000, nelems=14, elem type=char[])
OBJ 50000c0e (sz=24, trace=300000, class=java.lang.String@5000016e)
	value		50000c0f
ARR 50000c0f (sz=26, trace=300000, nelems=13, elem type=char[])
OBJ 50000c10 (sz=24, trace=300000, class=java.lang.String@5000016e)
	value		50000c11
ARR 50000c11 (sz=92, trace=300000, nelems=46, elem type=char[])
OBJ 50000c12 (sz=24, trace=300000, class=java.lang.String@5000016e)
	value		50000c14
OBJ 50000c13 (sz=56, trace=300687, class=java.util.zip.ZipFile$ZipFileInputStream@5000055e)
ARR 50000c14 (sz=78, trace=300000, nelems=39, elem type=char[])
OBJ 50000c15 (sz=24, trace=300000, class=java.lang.String@5000016e)
	value		50000c16
ARR 50000c16 (sz=34, trace=300000, nelems=17, elem type=char[])
OBJ 50000c17 (sz=24, trace=300000, class=java.lang.String@5000016e)
	value		50000c18
ARR 50000c18 (sz=38, trace=300000, nelems=19, elem type=char[])
OBJ 50000c19 (sz=24, trace=300000, class=java.lang.String@5000016e)
	value		50000c1a
ARR 50000c1a (sz=62, trace=300000, nelems=31, elem type=char[])
OBJ 50000c1b (sz=24, trace=300000, class=java.lang.String@5000016e)
	value		50000c1e
OBJ 50000c1c (sz=56, trace=300687, class=java.util.zip.ZipFile$ZipFileInputStream@5000055e)
	this$0		500004ee
OBJ 50000c1d (sz=40, trace=300106, class=java.lang.ref.Finalizer@5000014d)
	referent	50000c1c
	queue		500003c8
	next		50000bc6
	prev		50000c77
ARR 50000c1e (sz=80, trace=300000, nelems=40, elem type=char[])
OBJ 50000c1f (sz=24, trace=300000, class=java.lang.String@5000016e)
	value		50000c25
OBJ 50000c21 (sz=16, trace=300157, class=java.lang.Object@50000172)
OBJ 50000c22 (sz=32, trace=300159, class=java.util.concurrent.ConcurrentHashMap$Node@50000024)
	key		50000baa
	val		50000c21
	next		5000147a
OBJ 50000c23 (sz=16, trace=300160, class=java.lang.Object@50000172)
OBJ 50000c24 (sz=32, trace=300159, class=java.util.concurrent.ConcurrentHashMap$Node@50000024)
	key		50000baa
	val		50000c23
	next		5000147c
ARR 50000c25 (sz=60, trace=300000, nelems=30, elem type=char[])
OBJ 50000c26 (sz=24, trace=300000, class=java.lang.String@5000016e)
	value		50000c27
ARR 50000c27 (sz=100, trace=300000, nelems=50, elem type=char[])
OBJ 50000c28 (sz=24, trace=300000, class=java.lang.String@5000016e)
	value		50000c29
ARR 50000c29 (sz=86, trace=300000, nelems=43, elem type=char[])
OBJ 50000c2a (sz=24, trace=300000, class=java.lang.String@5000016e)
	value		50000c2b
ARR 50000c2b (sz=46, trace=300000, nelems=23, elem type=char[])
OBJ 50000c2c (sz=24, trace=300000, class=java.lang.String@5000016e)
	value		50000c2d
ARR 50000c2d (sz=74, trace=300000, nelems=37, elem type=char[])
OBJ 50000c2e (sz=24, trace=300000, class=java.lang.String@5000016e)
	value		50000c3a
OBJ 50000c2f (sz=16, trace=300157, class=java.lang.Object@50000172)
OBJ 50000c30 (sz=32, trace=300683, class=java.util.concurrent.ConcurrentHashMap$Node@50000024)
	key		50000bf6
	val		50000c2f
OBJ 50000c31 (sz=16, trace=300160, class=java.lang.Object@50000172)
OBJ 50000c32 (sz=32, trace=300683, class=java.util.concurrent.ConcurrentHashMap$Node@50000024)
	key		50000bf6
	val		50000c31
OBJ 50000c36 (sz=16, trace=300157, class=java.lang.Object@50000172)
OBJ 50000c37 (sz=32, trace=300683, class=java.util.concurrent.ConcurrentHashMap$Node@50000024)
	key		50000c97
	val		50000c36
OBJ 50000c38 (sz=16, trace=300160, class=java.lang.Object@50000172)
OBJ 50000c39 (sz=32, trace=300683, class=java.util.concurrent.ConcurrentHashMap$Node@50000024)
	key		50000c97
	val		50000c38
ARR 50000c3a (sz=62, trace=300000, nelems=31, elem type=char[])
OBJ 50000c3b (sz=24, trace=300000, class=java.lang.String@5000016e)
	value		50000c3c
ARR 50000c3c (sz=38, trace=300000, nelems=19, elem type=char[])
OBJ 50000c3d (sz=24, trace=300000, class=java.lang.String@5000016e)
	value		50000c3e
ARR 50000c3e (sz=46, trace=300000, nelems=23, elem type=char[])
OBJ 50000c3f (sz=24, trace=300000, class=java.lang.String@5000016e)
	value		50000c40
ARR 50000c40 (sz=44, trace=300000, nelems=22, elem type=char[])
OBJ 50000c41 (sz=24, trace=300000, class=java.lang.String@5000016e)
	value		50000c42
ARR 50000c42 (sz=72, trace=300000, nelems=36, elem type=char[])
OBJ 50000c43 (sz=24, trace=300000, class=java.lang.String@5000016e)
	value		50000c44
ARR 50000c44 (sz=46, trace=300000, nelems=23, elem type=char[])
OBJ 50000c45 (sz=24, trace=300000, class=java.lang.String@5000016e)
	value		50000c46
ARR 50000c46 (sz=32, trace=300000, nelems=16, elem type=char[])
OBJ 50000c47 (sz=24, trace=300000, class=java.lang.String@5000016e)
	value		50000c48
ARR 50000c48 (sz=108, trace=300000, nelems=54, elem type=char[])
OBJ 50000c49 (sz=24, trace=300000, class=java.lang.String@5000016e)
	value		50000c4a
ARR 50000c4a (sz=90, trace=300000, nelems=45, elem type=char[])
OBJ 50000c4b (sz=24, trace=300000, class=java.lang.String@5000016e)
	value		50000c4c
ARR 50000c4c (sz=74, trace=300000, nelems=37, elem type=char[])
OBJ 50000c4d (sz=24, trace=300000, class=java.lang.String@5000016e)
	value		50000c4e
ARR 50000c4e (sz=40, trace=300000, nelems=20, elem type=char[])
OBJ 50000c4f (sz=24, trace=300000, class=java.lang.String@5000016e)
	value		50000c50
ARR 50000c50 (sz=36, trace=300000, nelems=18, elem type=char[])
OBJ 50000c51 (sz=24, trace=300000, class=java.lang.String@5000016e)
	value		50000c52
ARR 50000c52 (sz=32, trace=300000, nelems=16, elem type=char[])
OBJ 50000c53 (sz=24, trace=300000, class=java.lang.String@5000016e)
	value		50000c54
ARR 50000c54 (sz=94, trace=300000, nelems=47, elem type=char[])
OBJ 50000c55 (sz=24, trace=300000, class=java.lang.String@5000016e)
	value		50000c56
ARR 50000c56 (sz=74, trace=300000, nelems=37, elem type=char[])
OBJ 50000c57 (sz=24, trace=300000, class=java.lang.String@5000016e)
	value		50000c58
ARR 50000c58 (sz=64, trace=300000, nelems=32, elem type=char[])
OBJ 50000c59 (sz=24, trace=300000, class=java.lang.String@5000016e)
	value		50000c5b
OBJ 50000c5a (sz=56, trace=300687, class=java.util.zip.ZipFile$ZipFileInputStream@5000055e)
ARR 50000c5b (sz=76, trace=300000, nelems=38, elem type=char[])
OBJ 50000c5c (sz=24, trace=300000, class=java.lang.String@5000016e)
	value		50000c5d
ARR 50000c5d (sz=72, trace=300000, nelems=36, elem type=char[])
OBJ 50000c5e (sz=24, trace=300000, class=java.lang.String@5000016e)
	value		50000c5f
ARR 50000c5f (sz=84, trace=300000, nelems=42, elem type=char[])
OBJ 50000c60 (sz=24, trace=300000, class=java.lang.String@5000016e)
	value		50000c61
ARR 50000c61 (sz=64, trace=300000, nelems=32, elem type=char[])
OBJ 50000c62 (sz=24, trace=300000, class=java.lang.String@5000016e)
	value		50000c63
ARR 50000c63 (sz=38, trace=300000, nelems=19, elem type=char[])
OBJ 50000c64 (sz=24, trace=300000, class=java.lang.String@5000016e)
	value		50000c65
ARR 50000c65 (sz=98, trace=300000, nelems=49, elem type=char[])
OBJ 50000c66 (sz=24, trace=300000, class=java.lang.String@5000016e)
	value		50000c69
OBJ 50000c68 (sz=16, trace=300157, class=java.lang.Object@50000172)
ARR 50000c69 (sz=58, trace=300000, nelems=29, elem type=char[])
OBJ 50000c6a (sz=16, trace=300160, class=java.lang.Object@50000172)
OBJ 50000c6b (sz=24, trace=300000, class=java.lang.String@5000016e)
	value		50000c6c
ARR 50000c6c (sz=62, trace=300000, nelems=31, elem type=char[])
OBJ 50000c6d (sz=24, trace=300000, class=java.lang.String@5000016e)
	value		50000c6e
ARR 50000c6e (sz=64, trace=300000, nelems=32, elem type=char[])
OBJ 50000c6f (sz=24, trace=300000, class=java.lang.String@5000016e)
	value		50000c70
ARR 50000c70 (sz=70, trace=300000, nelems=35, elem type=char[])
OBJ 50000c71 (sz=24, trace=300000, class=java.lang.String@5000016e)
	value		50000c72
ARR 50000c72 (sz=88, trace=300000, nelems=44, elem type=char[])
OBJ 50000c73 (sz=24, trace=300000, class=java.lang.String@5000016e)
	value		50000c74
ARR 50000c74 (sz=34, trace=300000, nelems=17, elem type=char[])
OBJ 50000c75 (sz=24, trace=300000, class=java.lang.String@5000016e)
	value		50000c78
OBJ 50000c76 (sz=56, trace=300687, class=java.util.zip.ZipFile$ZipFileInputStream@5000055e)
	this$0		500004ee
OBJ 50000c77 (sz=40, trace=300106, class=java.lang.ref.Finalizer@5000014d)
	referent	50000c76
	queue		500003c8
	next		50000c1d
	prev		50000ccc
ARR 50000c78 (sz=76, trace=300000, nelems=38, elem type=char[])
OBJ 50000c79 (sz=24, trace=300000, class=java.lang.String@5000016e)
	value		50000c7a
ARR 50000c7a (sz=52, trace=300000, nelems=26, elem type=char[])
OBJ 50000c7b (sz=24, trace=300000, class=java.lang.String@5000016e)
	value		50000c7c
ARR 50000c7c (sz=74, trace=300000, nelems=37, elem type=char[])
OBJ 50000c7d (sz=24, trace=300000, class=java.lang.String@5000016e)
	value		50000c7e
ARR 50000c7e (sz=34, trace=300000, nelems=17, elem type=char[])
OBJ 50000c7f (sz=24, trace=300000, class=java.lang.String@5000016e)
	value		50000c80
ARR 50000c80 (sz=46, trace=300000, nelems=23, elem type=char[])
OBJ 50000c81 (sz=24, trace=300000, class=java.lang.String@5000016e)
	value		50000c82
ARR 50000c82 (sz=76, trace=300000, nelems=38, elem type=char[])
OBJ 50000c83 (sz=24, trace=300000, class=java.lang.String@5000016e)
	value		50000c84
ARR 50000c84 (sz=96, trace=300000, nelems=48, elem type=char[])
OBJ 50000c85 (sz=16, trace=300157, class=java.lang.Object@50000172)
OBJ 50000c86 (sz=32, trace=300159, class=java.util.concurrent.ConcurrentHashMap$Node@50000024)
	key		50000be6
	val		50000c85
OBJ 50000c87 (sz=16, trace=300160, class=java.lang.Object@50000172)
OBJ 50000c88 (sz=32, trace=300159, class=java.util.concurrent.ConcurrentHashMap$Node@50000024)
	key		50000be6
	val		50000c87
OBJ 50000c8b (sz=16, trace=300157, class=java.lang.Object@50000172)
OBJ 50000c8c (sz=32, trace=300159, class=java.util.concurrent.ConcurrentHashMap$Node@50000024)
	key		50000ca4
	val		50000c8b
OBJ 50000c8d (sz=16, trace=300160, class=java.lang.Object@50000172)
OBJ 50000c8e (sz=32, trace=300159, class=java.util.concurrent.ConcurrentHashMap$Node@50000024)
	key		50000ca4
	val		50000c8d
OBJ 50000c8f (sz=24, trace=300000, class=java.lang.String@5000016e)
	value		50000c90
ARR 50000c90 (sz=64, trace=300000, nelems=32, elem type=char[])
OBJ 50000c91 (sz=24, trace=300000, class=java.lang.String@5000016e)
	value		50000c92
ARR 50000c92 (sz=30, trace=300000, nelems=15, elem type=char[])
OBJ 50000c93 (sz=24, trace=300000, class=java.lang.String@5000016e)
	value		50000c94
ARR 50000c94 (sz=68, trace=300000, nelems=34, elem type=char[])
OBJ 50000c95 (sz=24, trace=300000, class=java.lang.String@5000016e)
	value		50000c96
ARR 50000c96 (sz=58, trace=300000, nelems=29, elem type=char[])
OBJ 50000c97 (sz=24, trace=300000, class=java.lang.String@5000016e)
	value		50000c98
ARR 50000c98 (sz=78, trace=300000, nelems=39, elem type=char[])
OBJ 50000c99 (sz=24, trace=300000, class=java.lang.String@5000016e)
	value		50000c9a
ARR 50000c9a (sz=78, trace=300000, nelems=39, elem type=char[])
OBJ 50000c9b (sz=24, trace=300000, class=java.lang.String@5000016e)
	value		50000c9c
ARR 50000c9c (sz=74, trace=300000, nelems=37, elem type=char[])
OBJ 50000c9d (sz=24, trace=300000, class=java.lang.String@5000016e)
	value		50000c9e
ARR 50000c9e (sz=102, trace=300000, nelems=51, elem type=char[])
OBJ 50000c9f (sz=24, trace=300000, class=java.lang.String@5000016e)
	value		50000ca0
ARR 50000ca0 (sz=76, trace=300000, nelems=38, elem type=char[])
OBJ 50000ca1 (sz=56, trace=300687, class=java.util.zip.ZipFile$ZipFileInputStream@5000055e)
OBJ 50000ca2 (sz=24, trace=300000, class=java.lang.String@5000016e)
	value		50000ca3
ARR 50000ca3 (sz=40, trace=300000, nelems=20, elem type=char[])
OBJ 50000ca4 (sz=24, trace=300000, class=java.lang.String@5000016e)
	value		50000ca5
ARR 50000ca5 (sz=78, trace=300000, nelems=39, elem type=char[])
OBJ 50000ca6 (sz=24, trace=300000, class=java.lang.String@5000016e)
	value		50000ca7
ARR 50000ca7 (sz=68, trace=300000, nelems=34, elem type=char[])
OBJ 50000ca8 (sz=24, trace=300000, class=java.lang.String@5000016e)
	value		50000ca9
ARR 50000ca9 (sz=64, trace=300000, nelems=32, elem type=char[])
OBJ 50000caa (sz=24, trace=300000, class=java.lang.String@5000016e)
	value		50000cab
ARR 50000cab (sz=78, trace=300000, nelems=39, elem type=char[])
OBJ 50000cac (sz=24, trace=300000, class=java.lang.String@5000016e)
	value		50000cad
ARR 50000cad (sz=92, trace=300000, nelems=46, elem type=char[])
OBJ 50000caf (sz=16, trace=300157, class=java.lang.Object@50000172)
OBJ 50000cb0 (sz=32, trace=300159, class=java.util.concurrent.ConcurrentHashMap$Node@50000024)
	key		50000ba6
	val		50000caf
OBJ 50000cb1 (sz=16, trace=300160, class=java.lang.Object@50000172)
OBJ 50000cb2 (sz=32, trace=300159, class=java.util.concurrent.ConcurrentHashMap$Node@50000024)
	key		50000ba6
	val		50000cb1
OBJ 50000cb3 (sz=24, trace=300000, class=java.lang.String@5000016e)
	value		50000cb4
ARR 50000cb4 (sz=58, trace=300000, nelems=29, elem type=char[])
OBJ 50000cb5 (sz=24, trace=300000, class=java.lang.String@5000016e)
	value		50000cb6
ARR 50000cb6 (sz=110, trace=300000, nelems=55, elem type=char[])
OBJ 50000cb7 (sz=24, trace=300000, class=java.lang.String@5000016e)
	value		50000cb8
ARR 50000cb8 (sz=32, trace=300000, nelems=16, elem type=char[])
OBJ 50000cb9 (sz=24, trace=300000, class=java.lang.String@5000016e)
	value		50000cba
ARR 50000cba (sz=88, trace=300000, nelems=44, elem type=char[])
OBJ 50000cbb (sz=24, trace=300000, class=java.lang.String@5000016e)
	value		50000cbc
ARR 50000cbc (sz=88, trace=300000, nelems=44, elem type=char[])
OBJ 50000cbd (sz=24, trace=300000, class=java.lang.String@5000016e)
	value		50000cbe
ARR 50000cbe (sz=56, trace=300000, nelems=28, elem type=char[])
OBJ 50000cbf (sz=24, trace=300000, class=java.lang.String@5000016e)
	value		50000cc0
ARR 50000cc0 (sz=62, trace=300000, nelems=31, elem type=char[])
OBJ 50000cc1 (sz=24, trace=300000, class=java.lang.String@5000016e)
	value		50000cc2
ARR 50000cc2 (sz=84, trace=300000, nelems=42, elem type=char[])
OBJ 50000cc3 (sz=24, trace=300000, class=java.lang.String@5000016e)
	value		50000cc4
ARR 50000cc4 (sz=78, trace=300000, nelems=39, elem type=char[])
OBJ 50000cc5 (sz=24, trace=300000, class=java.lang.String@5000016e)
	value		50000cc6
ARR 50000cc6 (sz=36, trace=300000, nelems=18, elem type=char[])
OBJ 50000cc7 (sz=24, trace=300000, class=java.lang.String@5000016e)
	value		50000cc8
ARR 50000cc8 (sz=54, trace=300000, nelems=27, elem type=char[])
OBJ 50000cc9 (sz=24, trace=300000, class=java.lang.String@5000016e)
	value		50000cca
ARR 50000cca (sz=84, trace=300000, nelems=42, elem type=char[])
OBJ 50000ccb (sz=56, trace=300687, class=java.util.zip.ZipFile$ZipFileInputStream@5000055e)
	this$0		500004ee
OBJ 50000ccc (sz=40, trace=300106, class=java.lang.ref.Finalizer@5000014d)
	referent	50000ccb
	queue		500003c8
	next		50000c77
	prev		50000d20
OBJ 50000ccd (sz=24, trace=300000, class=java.lang.String@5000016e)
	value		50000cce
ARR 50000cce (sz=82, trace=300000, nelems=41, elem type=char[])
OBJ 50000ccf (sz=24, trace=300000, class=java.lang.String@5000016e)
	value		50000cd0
ARR 50000cd0 (sz=64, trace=300000, nelems=32, elem type=char[])
OBJ 50000cd1 (sz=24, trace=300000, class=java.lang.String@5000016e)
	value		50000cd2
ARR 50000cd2 (sz=104, trace=300000, nelems=52, elem type=char[])
OBJ 50000cd3 (sz=24, trace=300000, class=java.lang.String@5000016e)
	value		50000cd4
ARR 50000cd4 (sz=90, trace=300000, nelems=45, elem type=char[])
OBJ 50000cd5 (sz=24, trace=300000, class=java.lang.String@5000016e)
	value		50000cd6
ARR 50000cd6 (sz=38, trace=300000, nelems=19, elem type=char[])
OBJ 50000cd7 (sz=24, trace=300000, class=java.lang.String@5000016e)
	value		50000cd8
ARR 50000cd8 (sz=112, trace=300000, nelems=56, elem type=char[])
OBJ 50000cd9 (sz=16, trace=300157, class=java.lang.Object@50000172)
OBJ 50000cda (sz=32, trace=300683, class=java.util.concurrent.ConcurrentHashMap$Node@50000024)
	key		50000c19
	val		50000cd9
OBJ 50000cdb (sz=16, trace=300160, class=java.lang.Object@50000172)
OBJ 50000cdc (sz=32, trace=300683, class=java.util.concurrent.ConcurrentHashMap$Node@50000024)
	key		50000c19
	val		50000cdb
OBJ 50000cdf (sz=16, trace=300157, class=java.lang.Object@50000172)
OBJ 50000ce0 (sz=32, trace=300159, class=java.util.concurrent.ConcurrentHashMap$Node@50000024)
	key		50000c9b
	val		50000cdf
OBJ 50000ce1 (sz=16, trace=300160, class=java.lang.Object@50000172)
OBJ 50000ce2 (sz=32, trace=300159, class=java.util.concurrent.ConcurrentHashMap$Node@50000024)
	key		50000c9b
	val		50000ce1
OBJ 50000ce3 (sz=24, trace=300000, class=java.lang.String@5000016e)
	value		50000ce4
ARR 50000ce4 (sz=72, trace=300000, nelems=36, elem type=char[])
OBJ 50000ce5 (sz=24, trace=300000, class=java.lang.String@5000016e)
	value		50000ce6
ARR 50000ce6 (sz=144, trace=300000, nelems=72, elem type=char[])
OBJ 50000ce7 (sz=24, trace=300000, class=java.lang.String@5000016e)
	value		50000ce9
OBJ 50000ce8 (sz=56, trace=300687, class=java.util.zip.ZipFile$ZipFileInputStream@5000055e)
ARR 50000ce9 (sz=70, trace=300000, nelems=35, elem type=char[])
OBJ 50000cea (sz=24, trace=300000, class=java.lang.String@5000016e)
	value		50000ceb
ARR 50000ceb (sz=86, trace=300000, nelems=43, elem type=char[])
OBJ 50000cec (sz=24, trace=300000, class=java.lang.String@5000016e)
	value		50000ced
ARR 50000ced (sz=70, trace=300000, nelems=35, elem type=char[])
OBJ 50000cee (sz=24, trace=300000, class=java.lang.String@5000016e)
	value		50000cef
ARR 50000cef (sz=48, trace=300000, nelems=24, elem type=char[])
OBJ 50000cf0 (sz=24, trace=300000, class=java.lang.String@5000016e)
	value		50000cf1
ARR 50000cf1 (sz=54, trace=300000, nelems=27, elem type=char[])
OBJ 50000cf2 (sz=24, trace=300000, class=java.lang.String@5000016e)
	value		50000cf3
ARR 50000cf3 (sz=108, trace=300000, nelems=54, elem type=char[])
OBJ 50000cf5 (sz=16, trace=300157, class=java.lang.Object@50000172)
OBJ 50000cf6 (sz=32, trace=300159, class=java.util.concurrent.ConcurrentHashMap$Node@50000024)
	key		50000ba8
	val		50000cf5
OBJ 50000cf7 (sz=16, trace=300160, class=java.lang.Object@50000172)
OBJ 50000cf8 (sz=32, trace=300159, class=java.util.concurrent.ConcurrentHashMap$Node@50000024)
	key		50000ba8
	val		50000cf7
OBJ 50000cf9 (sz=24, trace=300000, class=java.lang.String@5000016e)
	value		50000cfa
ARR 50000cfa (sz=168, trace=300000, nelems=84, elem type=char[])
OBJ 50000cfb (sz=24, trace=300000, class=java.lang.String@5000016e)
	value		50000cfc
ARR 50000cfc (sz=46, trace=300000, nelems=23, elem type=char[])
OBJ 50000cfd (sz=24, trace=300000, class=java.lang.String@5000016e)
	value		50000cfe
ARR 50000cfe (sz=166, trace=300000, nelems=83, elem type=char[])
OBJ 50000cff (sz=24, trace=300000, class=java.lang.String@5000016e)
	value		50000d00
ARR 50000d00 (sz=80, trace=300000, nelems=40, elem type=char[])
OBJ 50000d01 (sz=24, trace=300000, class=java.lang.String@5000016e)
	value		50000d02
ARR 50000d02 (sz=112, trace=300000, nelems=56, elem type=char[])
OBJ 50000d03 (sz=24, trace=300000, class=java.lang.String@5000016e)
	value		50000d04
ARR 50000d04 (sz=100, trace=300000, nelems=50, elem type=char[])
OBJ 50000d05 (sz=24, trace=300000, class=java.lang.String@5000016e)
	value		50000d06
ARR 50000d06 (sz=58, trace=300000, nelems=29, elem type=char[])
OBJ 50000d07 (sz=24, trace=300000, class=java.lang.String@5000016e)
	value		50000d08
ARR 50000d08 (sz=78, trace=300000, nelems=39, elem type=char[])
OBJ 50000d09 (sz=24, trace=300000, class=java.lang.String@5000016e)
	value		50000d0a
ARR 50000d0a (sz=86, trace=300000, nelems=43, elem type=char[])
OBJ 50000d0b (sz=24, trace=300000, class=java.lang.String@5000016e)
	value		50000d0c
ARR 50000d0c (sz=56, trace=300000, nelems=28, elem type=char[])
OBJ 50000d0d (sz=24, trace=300000, class=java.lang.String@5000016e)
	value		50000d0e
ARR 50000d0e (sz=42, trace=300000, nelems=21, elem type=char[])
OBJ 50000d0f (sz=24, trace=300000, class=java.lang.String@5000016e)
	value		50000d10
ARR 50000d10 (sz=46, trace=300000, nelems=23, elem type=char[])
OBJ 50000d11 (sz=24, trace=300000, class=java.lang.String@5000016e)
	value		50000d12
ARR 50000d12 (sz=62, trace=300000, nelems=31, elem type=char[])
OBJ 50000d13 (sz=24, trace=300000, class=java.lang.String@5000016e)
	value		50000d14
ARR 50000d14 (sz=72, trace=300000, nelems=36, elem type=char[])
OBJ 50000d15 (sz=24, trace=300000, class=java.lang.String@5000016e)
	value		50000d16
ARR 50000d16 (sz=72, trace=300000, nelems=36, elem type=char[])
OBJ 50000d17 (sz=24, trace=300000, class=java.lang.String@5000016e)
	value		50000d18
ARR 50000d18 (sz=64, trace=300000, nelems=32, elem type=char[])
OBJ 50000d19 (sz=24, trace=300000, class=java.lang.String@5000016e)
	value		50000d1a
ARR 50000d1a (sz=68, trace=300000, nelems=34, elem type=char[])
OBJ 50000d1b (sz=24, trace=300000, class=java.lang.String@5000016e)
	value		50000d1c
ARR 50000d1c (sz=62, trace=300000, nelems=31, elem type=char[])
OBJ 50000d1d (sz=24, trace=300000, class=java.lang.String@5000016e)
	value		50000d1e
ARR 50000d1e (sz=44, trace=300000, nelems=22, elem type=char[])
OBJ 50000d1f (sz=56, trace=300687, class=java.util.zip.ZipFile$ZipFileInputStream@5000055e)
	this$0		500004ee
OBJ 50000d20 (sz=40, trace=300106, class=java.lang.ref.Finalizer@5000014d)
	referent	50000d1f
	queue		500003c8
	next		50000ccc
	prev		50000d72
OBJ 50000d21 (sz=24, trace=300000, class=java.lang.String@5000016e)
	value		50000d22
ARR 50000d22 (sz=82, trace=300000, nelems=41, elem type=char[])
OBJ 50000d23 (sz=24, trace=300000, class=java.lang.String@5000016e)
	value		50000d24
ARR 50000d24 (sz=34, trace=300000, nelems=17, elem type=char[])
OBJ 50000d25 (sz=24, trace=300000, class=java.lang.String@5000016e)
	value		50000d26
ARR 50000d26 (sz=56, trace=300000, nelems=28, elem type=char[])
OBJ 50000d27 (sz=24, trace=300000, class=java.lang.String@5000016e)
	value		50000d28
ARR 50000d28 (sz=74, trace=300000, nelems=37, elem type=char[])
OBJ 50000d29 (sz=24, trace=300000, class=java.lang.String@5000016e)
	value		50000d2a
ARR 50000d2a (sz=26, trace=300000, nelems=13, elem type=char[])
OBJ 50000d2b (sz=24, trace=300000, class=java.lang.String@5000016e)
	value		50000d2c
ARR 50000d2c (sz=98, trace=300000, nelems=49, elem type=char[])
OBJ 50000d2d (sz=16, trace=300157, class=java.lang.Object@50000172)
OBJ 50000d2e (sz=56, trace=300687, class=java.util.zip.ZipFile$ZipFileInputStream@5000055e)
OBJ 50000d2f (sz=24, trace=300000, class=java.lang.String@5000016e)
	value		50000d39
OBJ 50000d30 (sz=32, trace=300159, class=java.util.concurrent.ConcurrentHashMap$Node@50000024)
	key		50000c93
	val		50000d2d
OBJ 50000d31 (sz=16, trace=300160, class=java.lang.Object@50000172)
OBJ 50000d32 (sz=32, trace=300159, class=java.util.concurrent.ConcurrentHashMap$Node@50000024)
	key		50000c93
	val		50000d31
OBJ 50000d35 (sz=16, trace=300157, class=java.lang.Object@50000172)
OBJ 50000d36 (sz=32, trace=300159, class=java.util.concurrent.ConcurrentHashMap$Node@50000024)
	key		50000ccd
	val		50000d35
OBJ 50000d37 (sz=16, trace=300160, class=java.lang.Object@50000172)
OBJ 50000d38 (sz=32, trace=300159, class=java.util.concurrent.ConcurrentHashMap$Node@50000024)
	key		50000ccd
	val		50000d37
ARR 50000d39 (sz=114, trace=300000, nelems=57, elem type=char[])
OBJ 50000d3a (sz=24, trace=300000, class=java.lang.String@5000016e)
	value		50000d3d
OBJ 50000d3c (sz=16, trace=300157, class=java.lang.Object@50000172)
ARR 50000d3d (sz=70, trace=300000, nelems=35, elem type=char[])
OBJ 50000d3e (sz=16, trace=300160, class=java.lang.Object@50000172)
OBJ 50000d3f (sz=24, trace=300000, class=java.lang.String@5000016e)
	value		50000d40
ARR 50000d40 (sz=34, trace=300000, nelems=17, elem type=char[])
OBJ 50000d41 (sz=24, trace=300000, class=java.lang.String@5000016e)
	value		50000d42
ARR 50000d42 (sz=78, trace=300000, nelems=39, elem type=char[])
OBJ 50000d43 (sz=24, trace=300000, class=java.lang.String@5000016e)
	value		50000d44
ARR 50000d44 (sz=100, trace=300000, nelems=50, elem type=char[])
OBJ 50000d45 (sz=24, trace=300000, class=java.lang.String@5000016e)
	value		50000d46
ARR 50000d46 (sz=60, trace=300000, nelems=30, elem type=char[])
OBJ 50000d47 (sz=24, trace=300000, class=java.lang.String@5000016e)
	value		50000d48
ARR 50000d48 (sz=86, trace=300000, nelems=43, elem type=char[])
OBJ 50000d49 (sz=24, trace=300000, class=java.lang.String@5000016e)
	value		50000d4a
ARR 50000d4a (sz=70, trace=300000, nelems=35, elem type=char[])
OBJ 50000d4b (sz=24, trace=300000, class=java.lang.String@5000016e)
	value		50000d4c
ARR 50000d4c (sz=102, trace=300000, nelems=51, elem type=char[])
OBJ 50000d4d (sz=24, trace=300000, class=java.lang.String@5000016e)
	value		50000d94
OBJ 50000d4e (sz=24, trace=300000, class=java.lang.String@5000016e)
	value		50000d5f
OBJ 50000d4f (sz=24, trace=300000, class=java.lang.String@5000016e)
	value		50000d5d
OBJ 50000d50 (sz=24, trace=300000, class=java.lang.String@5000016e)
	value		50000d61
OBJ 50000d51 (sz=24, trace=300000, class=java.lang.String@5000016e)
	value		50000d93
OBJ 50000d52 (sz=24, trace=300000, class=java.lang.String@5000016e)
	value		50000d92
OBJ 50000d53 (sz=24, trace=300000, class=java.lang.String@5000016e)
	value		50000d91
OBJ 50000d54 (sz=24, trace=300000, class=java.lang.String@5000016e)
	value		50000d90
OBJ 50000d55 (sz=24, trace=300000, class=java.lang.String@5000016e)
	value		50000d80
OBJ 50000d56 (sz=24, trace=300000, class=java.lang.String@5000016e)
	value		50000d7f
OBJ 50000d57 (sz=16, trace=300000, class=sun.misc.Unsafe@50000120)
ARR 50000d58 (sz=32, trace=300000, nelems=3, elem type=java.io.ObjectStreamField[]@500000fa)
	[0]		50000d59
	[1]		50000d5a
	[2]		50000d5b
OBJ 50000d59 (sz=40, trace=300000, class=java.io.ObjectStreamField@500000fc)
	name		50000d50
	signature	50000d60
	type		50000025
OBJ 50000d5a (sz=40, trace=300000, class=java.io.ObjectStreamField@500000fc)
	name		50000d4e
	signature	50000d5c
	type		5000058f
OBJ 50000d5b (sz=40, trace=300000, class=java.io.ObjectStreamField@500000fc)
	name		50000d4f
	signature	50000d5c
	type		5000058f
OBJ 50000d5c (sz=24, trace=300000, class=java.lang.String@5000016e)
	value		50000d5e
ARR 50000d5d (sz=24, trace=300000, nelems=12, elem type=char[])
ARR 50000d5e (sz=2, trace=300000, nelems=1, elem type=char[])
ARR 50000d5f (sz=22, trace=300000, nelems=11, elem type=char[])
OBJ 50000d60 (sz=24, trace=300000, class=java.lang.String@5000016e)
	value		50000d62
ARR 50000d61 (sz=16, trace=300000, nelems=8, elem type=char[])
ARR 50000d62 (sz=98, trace=300000, nelems=49, elem type=char[])
OBJ 50000d63 (sz=24, trace=300000, class=java.lang.String@5000016e)
	value		50000d7b
OBJ 50000d64 (sz=24, trace=300000, class=java.lang.String@5000016e)
	value		50000d6f
OBJ 50000d65 (sz=24, trace=300000, class=java.lang.String@5000016e)
	value		50000d77
OBJ 50000d66 (sz=24, trace=300000, class=java.lang.String@5000016e)
	value		50000d76
OBJ 50000d67 (sz=24, trace=300000, class=java.lang.String@5000016e)
	value		50000d73
OBJ 50000d68 (sz=48, trace=300000, class=java.util.HashMap@500000c6)
	table		50000d78
OBJ 50000d69 (sz=48, trace=300000, class=java.util.HashMap@500000c6)
	table		50000d6a
ARR 50000d6a (sz=80, trace=300000, nelems=11, elem type=java.util.HashMap$Node[]@500000c2)
	[2]		50000d6b
	[5]		50000d6c
	[10]		50000d6d
OBJ 50000d6b (sz=32, trace=300000, class=java.util.HashMap$Node@500000c4)
	key		500000c7
	value		50000d74
OBJ 50000d6c (sz=32, trace=300000, class=java.util.HashMap$Node@500000c4)
	key		50000167
	value		50000d70
OBJ 50000d6d (sz=32, trace=300000, class=java.util.HashMap$Node@500000c4)
	key		5000016a
	value		50000d6e
ARR 50000d6e (sz=24, trace=300000, nelems=1, elem type=java.lang.String[]@500000c8)
	[0]		50000d64
ARR 50000d6f (sz=22, trace=300000, nelems=11, elem type=char[])
ARR 50000d70 (sz=24, trace=300000, nelems=1, elem type=java.lang.String[]@500000c8)
	[0]		50000d67
OBJ 50000d71 (sz=56, trace=300687, class=java.util.zip.ZipFile$ZipFileInputStream@5000055e)
	this$0		500004ee
OBJ 50000d72 (sz=40, trace=300106, class=java.lang.ref.Finalizer@5000014d)
	referent	50000d71
	queue		500003c8
	next		50000d20
	prev		50000dcd
ARR 50000d73 (sz=16, trace=300000, nelems=8, elem type=char[])
ARR 50000d74 (sz=24, trace=300000, nelems=2, elem type=java.lang.String[]@500000c8)
	[0]		50000d65
	[1]		50000d66
OBJ 50000d75 (sz=56, trace=300687, class=java.util.zip.ZipFile$ZipFileInputStream@5000055e)
ARR 50000d76 (sz=30, trace=300000, nelems=15, elem type=char[])
ARR 50000d77 (sz=28, trace=300000, nelems=14, elem type=char[])
ARR 50000d78 (sz=80, trace=300000, nelems=4, elem type=java.util.HashMap$Node[]@500000c2)
	[3]		50000d79
OBJ 50000d79 (sz=32, trace=300000, class=java.util.HashMap$Node@500000c4)
	key		50000120
	value		50000d7a
ARR 50000d7a (sz=24, trace=300000, nelems=1, elem type=java.lang.String[]@500000c8)
	[0]		50000d63
ARR 50000d7b (sz=18, trace=300000, nelems=9, elem type=char[])
OBJ 50000d7c (sz=24, trace=300000, class=java.lang.String@5000016e)
	value		50000d7e
OBJ 50000d7d (sz=24, trace=300000, class=java.lang.reflect.ReflectPermission@500000ee)
	name		50000d7c
	path		50000d7c
ARR 50000d7e (sz=40, trace=300000, nelems=20, elem type=char[])
ARR 50000d7f (sz=10, trace=300000, nelems=5, elem type=char[])
ARR 50000d80 (sz=26, trace=300000, nelems=13, elem type=char[])
OBJ 50000d81 (sz=16, trace=300157, class=java.lang.Object@50000172)
OBJ 50000d83 (sz=16, trace=300157, class=java.lang.Object@50000172)
OBJ 50000d84 (sz=32, trace=300683, class=java.util.concurrent.ConcurrentHashMap$Node@50000024)
	key		50000ba4
	val		50000d83
OBJ 50000d85 (sz=16, trace=300160, class=java.lang.Object@50000172)
OBJ 50000d86 (sz=32, trace=300683, class=java.util.concurrent.ConcurrentHashMap$Node@50000024)
	key		50000ba4
	val		50000d85
OBJ 50000d87 (sz=32, trace=300159, class=java.util.concurrent.ConcurrentHashMap$Node@50000024)
	key		50000cff
	val		50000d81
OBJ 50000d88 (sz=16, trace=300160, class=java.lang.Object@50000172)
OBJ 50000d89 (sz=32, trace=300159, class=java.util.concurrent.ConcurrentHashMap$Node@50000024)
	key		50000cff
	val		50000d88
OBJ 50000d8c (sz=16, trace=300157, class=java.lang.Object@50000172)
OBJ 50000d8d (sz=32, trace=300159, class=java.util.concurrent.ConcurrentHashMap$Node@50000024)
	key		50000cbb
	val		50000d8c
OBJ 50000d8e (sz=16, trace=300160, class=java.lang.Object@50000172)
OBJ 50000d8f (sz=32, trace=300159, class=java.util.concurrent.ConcurrentHashMap$Node@50000024)
	key		50000cbb
	val		50000d8e
ARR 50000d90 (sz=14, trace=300000, nelems=7, elem type=char[])
ARR 50000d91 (sz=68, trace=300000, nelems=34, elem type=char[])
ARR 50000d92 (sz=18, trace=300000, nelems=9, elem type=char[])
ARR 50000d93 (sz=18, trace=300000, nelems=9, elem type=char[])
ARR 50000d94 (sz=20, trace=300000, nelems=10, elem type=char[])
ARR 50000d95 (sz=56, trace=300000, nelems=0, elem type=java.lang.Object[]@50000108)
OBJ 50000d96 (sz=16, trace=300000, class=java.security.ProtectionDomain$Key@50000008)
	this$0		50000acb
ARR 50000d97 (sz=16, trace=300000, nelems=0, elem type=java.security.Principal[]@50000006)
OBJ 50000d98 (sz=32, trace=300000, class=java.security.CodeSource@50000114)
OBJ 50000d99 (sz=24, trace=300000, class=java.lang.String@5000016e)
	value		500019d7
OBJ 50000d9a (sz=24, trace=300000, class=java.lang.String@5000016e)
	value		50000e05
OBJ 50000d9b (sz=24, trace=300000, class=java.lang.String@5000016e)
	value		500019d1
OBJ 50000d9c (sz=24, trace=300000, class=java.lang.String@5000016e)
	value		50000dae
OBJ 50000d9d (sz=24, trace=300000, class=java.lang.String@5000016e)
	value		500019cf
OBJ 50000d9e (sz=24, trace=300000, class=java.lang.String@5000016e)
	value		500019d3
OBJ 50000d9f (sz=24, trace=300000, class=java.lang.String@5000016e)
	value		50000daa
OBJ 50000da0 (sz=24, trace=300000, class=java.lang.String@5000016e)
	value		500019d2
OBJ 50000da1 (sz=24, trace=300000, class=java.lang.String@5000016e)
	value		500019d4
OBJ 50000da2 (sz=24, trace=300000, class=java.lang.String@5000016e)
	value		500019d0
OBJ 50000da3 (sz=24, trace=300000, class=java.lang.String@5000016e)
	value		50000da9
OBJ 50000da4 (sz=24, trace=300000, class=java.lang.String@5000016e)
	value		500019d6
OBJ 50000da5 (sz=24, trace=300000, class=java.lang.String@5000016e)
	value		500019d5
ARR 50000da6 (sz=48, trace=300000, nelems=7, elem type=java.io.ObjectStreamField[]@500000fa)
	[0]		500019c8
	[1]		500019c9
	[2]		500019ca
	[3]		500019cb
	[4]		500019cc
	[5]		500019cd
	[6]		500019ce
OBJ 50000da7 (sz=16, trace=300000, class=java.lang.Object@50000172)
OBJ 50000da8 (sz=48, trace=300000, class=java.util.Hashtable@50000145)
	table		50000dab
ARR 50000da9 (sz=40, trace=300000, nelems=20, elem type=char[])
ARR 50000daa (sz=52, trace=300000, nelems=26, elem type=char[])
ARR 50000dab (sz=64, trace=300000, nelems=7, elem type=java.util.Hashtable$Entry[]@500000bf)
	[6]		50000dac
OBJ 50000dac (sz=32, trace=300000, class=java.util.Hashtable$Entry@500000c0)
	key		50000d9c
	value		50000dad
OBJ 50000dad (sz=16, trace=300000, class=sun.net.www.protocol.file.Handler@5000000e)
ARR 50000dae (sz=8, trace=300000, nelems=4, elem type=char[])
OBJ 50000daf (sz=24, trace=300000, class=java.lang.String@5000016e)
	value		500019c7
OBJ 50000db0 (sz=24, trace=300000, class=java.lang.String@5000016e)
	value		50000db5
OBJ 50000db1 (sz=24, trace=300000, class=java.lang.String@5000016e)
	value		50000db6
OBJ 50000db2 (sz=24, trace=300000, class=java.lang.String@5000016e)
	value		50000db8
OBJ 50000db3 (sz=24, trace=300000, class=java.lang.String@5000016e)
	value		500019a8
OBJ 50000db4 (sz=24, trace=300000, class=java.lang.String@5000016e)
	value		50000db7
ARR 50000db5 (sz=28, trace=300000, nelems=14, elem type=char[])
ARR 50000db6 (sz=24, trace=300000, nelems=12, elem type=char[])
ARR 50000db7 (sz=20, trace=300000, nelems=10, elem type=char[])
ARR 50000db8 (sz=26, trace=300000, nelems=13, elem type=char[])
OBJ 50000db9 (sz=24, trace=300000, class=java.lang.String@5000016e)
	value		50000dbd
OBJ 50000dba (sz=24, trace=300000, class=java.lang.String@5000016e)
	value		50000dbb
ARR 50000dbb (sz=38, trace=300000, nelems=19, elem type=char[])
OBJ 50000dbc (sz=56, trace=300687, class=java.util.zip.ZipFile$ZipFileInputStream@5000055e)
ARR 50000dbd (sz=50, trace=300000, nelems=25, elem type=char[])
OBJ 50000dbe (sz=24, trace=300000, class=java.lang.String@5000016e)
	value		500019c4
OBJ 50000dbf (sz=24, trace=300000, class=java.lang.String@5000016e)
	value		50000e16
OBJ 50000dc0 (sz=24, trace=300000, class=java.lang.String@5000016e)
	value		500019c3
OBJ 50000dc1 (sz=24, trace=300000, class=java.lang.String@5000016e)
	value		500019c2
OBJ 50000dc2 (sz=24, trace=300000, class=java.lang.String@5000016e)
	value		500019c1
OBJ 50000dc3 (sz=24, trace=300000, class=java.lang.String@5000016e)
	value		500019c0
OBJ 50000dc4 (sz=24, trace=300000, class=java.lang.String@5000016e)
	value		500019bf
OBJ 50000dc5 (sz=24, trace=300000, class=java.lang.String@5000016e)
	value		500019be
OBJ 50000dc6 (sz=24, trace=300000, class=java.lang.String@5000016e)
	value		500019bd
OBJ 50000dc7 (sz=56, trace=300687, class=java.util.zip.ZipFile$ZipFileInputStream@5000055e)
	this$0		500004ee
OBJ 50000dc9 (sz=16, trace=300157, class=java.lang.Object@50000172)
OBJ 50000dca (sz=32, trace=300159, class=java.util.concurrent.ConcurrentHashMap$Node@50000024)
	key		50000bcd
	val		50000dc9
	next		50001b0f
OBJ 50000dcb (sz=16, trace=300160, class=java.lang.Object@50000172)
OBJ 50000dcc (sz=32, trace=300159, class=java.util.concurrent.ConcurrentHashMap$Node@50000024)
	key		50000bcd
	val		50000dcb
	next		50001b11
OBJ 50000dcd (sz=40, trace=300106, class=java.lang.ref.Finalizer@5000014d)
	referent	50000dc7
	queue		500003c8
	next		50000d72
	prev		50000e21
OBJ 50000dce (sz=24, trace=300000, class=java.lang.String@5000016e)
	value		500019bc
OBJ 50000dcf (sz=24, trace=300000, class=java.lang.String@5000016e)
	value		500019bb
OBJ 50000dd0 (sz=24, trace=300000, class=java.lang.String@5000016e)
	value		500019af
OBJ 50000dd1 (sz=24, trace=300000, class=java.lang.String@5000016e)
	value		500017db
ARR 50000dd2 (sz=32, trace=300000, nelems=16, elem type=char[])
OBJ 50000dd3 (sz=24, trace=300000, class=java.util.BitSet@50000011)
	words		50000dd4
ARR 50000dd4 (sz=32, trace=300000, nelems=4, elem type=long[])
OBJ 50000dd5 (sz=24, trace=300000, class=java.lang.String@5000016e)
	value		50000dd9
ARR 50000dd6 (sz=24, trace=300000, nelems=1, elem type=java.io.ObjectStreamField[]@500000fa)
	[0]		50000dd7
OBJ 50000dd7 (sz=40, trace=300000, class=java.io.ObjectStreamField@500000fc)
	name		50000dd5
	signature	50000dd8
	type		50000173
OBJ 50000dd8 (sz=24, trace=300000, class=java.lang.String@5000016e)
	value		50000dda
ARR 50000dd9 (sz=8, trace=300000, nelems=4, elem type=char[])
ARR 50000dda (sz=4, trace=300000, nelems=2, elem type=char[])
OBJ 50000ddb (sz=16, trace=300157, class=java.lang.Object@50000172)
OBJ 50000ddc (sz=32, trace=300683, class=java.util.concurrent.ConcurrentHashMap$Node@50000024)
	key		50000c5e
	val		50000ddb
	next		500014ee
OBJ 50000ddd (sz=16, trace=300160, class=java.lang.Object@50000172)
OBJ 50000dde (sz=32, trace=300683, class=java.util.concurrent.ConcurrentHashMap$Node@50000024)
	key		50000c5e
	val		50000ddd
	next		500014f0
OBJ 50000de2 (sz=16, trace=300157, class=java.lang.Object@50000172)
OBJ 50000de3 (sz=32, trace=300159, class=java.util.concurrent.ConcurrentHashMap$Node@50000024)
	key		50000c10
	val		50000de2
OBJ 50000de4 (sz=16, trace=300160, class=java.lang.Object@50000172)
OBJ 50000de5 (sz=32, trace=300159, class=java.util.concurrent.ConcurrentHashMap$Node@50000024)
	key		50000c10
	val		50000de4
ARR 50000de6 (sz=28, trace=300000, nelems=14, elem type=char[])
OBJ 50000de7 (sz=16, trace=300000, class=java.util.concurrent.atomic.AtomicInteger@50000085)
OBJ 50000de8 (sz=24, trace=300000, class=java.lang.String@5000016e)
	value		500019ae
OBJ 50000de9 (sz=16, trace=300000, class=java.security.ProtectionDomain$JavaSecurityAccessImpl@5000000b)
OBJ 50000dea (sz=16, trace=300000, class=java.security.ProtectionDomain$2@50000009)
OBJ 50000deb (sz=16, trace=300000, class=java.io.FileDescriptor$1@500000b0)
OBJ 50000dec (sz=16, trace=300000, class=java.nio.Bits$1@50000070)
OBJ 50000ded (sz=16, trace=300000, class=java.net.URLClassLoader$7@50000044)
OBJ 50000dee (sz=16, trace=300000, class=java.lang.ref.Reference$1@500000cd)
OBJ 50000def (sz=24, trace=300000, class=java.lang.String@5000016e)
	value		50000dfc
OBJ 50000df0 (sz=24, trace=300000, class=java.lang.String@5000016e)
	value		50001888
OBJ 50000df1 (sz=24, trace=300000, class=java.lang.String@5000016e)
	value		50000dfd
OBJ 50000df2 (sz=24, trace=300000, class=java.lang.String@5000016e)
	value		50001887
OBJ 50000df3 (sz=24, trace=300000, class=java.lang.String@5000016e)
	value		50001112
OBJ 50000df4 (sz=24, trace=300000, class=java.lang.String@5000016e)
	value		50001885
OBJ 50000df5 (sz=24, trace=300000, class=java.lang.String@5000016e)
	value		50001882
OBJ 50000df6 (sz=24, trace=300000, class=java.lang.String@5000016e)
	value		50001880
OBJ 50000df7 (sz=24, trace=300000, class=java.lang.String@5000016e)
	value		5000187f
OBJ 50000df8 (sz=24, trace=300000, class=java.lang.String@5000016e)
	value		5000187e
OBJ 50000df9 (sz=24, trace=300000, class=java.lang.String@5000016e)
	value		50001876
OBJ 50000dfa (sz=24, trace=300000, class=java.lang.String@5000016e)
	value		50001874
OBJ 50000dfb (sz=24, trace=300000, class=java.lang.String@5000016e)
	value		5000186b
ARR 50000dfc (sz=40, trace=300000, nelems=20, elem type=char[])
ARR 50000dfd (sz=24, trace=300000, nelems=12, elem type=char[])
OBJ 50000dfe (sz=24, trace=300000, class=java.lang.String@5000016e)
	value		5000116e
OBJ 50000dff (sz=24, trace=300000, class=java.lang.String@5000016e)
	value		50001119
OBJ 50000e00 (sz=24, trace=300000, class=java.lang.String@5000016e)
	value		50000e35
OBJ 50000e01 (sz=24, trace=300000, class=java.lang.String@5000016e)
	value		50000e15
OBJ 50000e02 (sz=56, trace=300687, class=java.util.zip.ZipFile$ZipFileInputStream@5000055e)
OBJ 50000e03 (sz=24, trace=300000, class=java.lang.String@5000016e)
	value		50000e14
OBJ 50000e04 (sz=24, trace=300000, class=java.lang.String@5000016e)
	value		50000e13
ARR 50000e05 (sz=2, trace=300000, nelems=1, elem type=char[])
OBJ 50000e06 (sz=24, trace=300000, class=java.lang.String@5000016e)
	value		50000e12
OBJ 50000e07 (sz=24, trace=300000, class=java.lang.String@5000016e)
	value		50000e10
OBJ 50000e08 (sz=24, trace=300000, class=java.lang.String@5000016e)
	value		50000e0d
ARR 50000e09 (sz=512, trace=300000, nelems=256, elem type=char[])
ARR 50000e0a (sz=1024, trace=300000, nelems=256, elem type=int[])
OBJ 50000e0b (sz=16, trace=300000, class=java.lang.CharacterDataLatin1@50000015)
ARR 50000e0c (sz=4, trace=300000, nelems=2, elem type=char[])
ARR 50000e0d (sz=1024, trace=300000, nelems=512, elem type=char[])
OBJ 50000e0f (sz=16, trace=300157, class=java.lang.Object@50000172)
ARR 50000e10 (sz=512, trace=300000, nelems=256, elem type=char[])
OBJ 50000e11 (sz=16, trace=300160, class=java.lang.Object@50000172)
ARR 50000e12 (sz=8, trace=300000, nelems=4, elem type=char[])
ARR 50000e13 (sz=16, trace=300000, nelems=8, elem type=char[])
ARR 50000e14 (sz=26, trace=300000, nelems=13, elem type=char[])
ARR 50000e15 (sz=4, trace=300000, nelems=2, elem type=char[])
ARR 50000e16 (sz=2, trace=300000, nelems=1, elem type=char[])
ARR 50000e17 (sz=0, trace=300000, nelems=0, elem type=char[])
ARR 50000e18 (sz=16, trace=300000, nelems=0, elem type=java.lang.Object[]@50000108)
OBJ 50000e19 (sz=24, trace=300000, class=java.lang.String@5000016e)
	value		50000e28
OBJ 50000e1a (sz=24, trace=300000, class=java.lang.String@5000016e)
	value		50000e22
OBJ 50000e1b (sz=24, trace=300000, class=java.lang.String@5000016e)
	value		50000e27
OBJ 50000e1c (sz=24, trace=300000, class=java.lang.String@5000016e)
	value		50000e26
OBJ 50000e1d (sz=24, trace=300000, class=java.lang.String@5000016e)
	value		50000e25
OBJ 50000e1e (sz=24, trace=300000, class=java.lang.String@5000016e)
	value		50000e24
OBJ 50000e1f (sz=24, trace=300000, class=java.lang.String@5000016e)
	value		50000e23
OBJ 50000e20 (sz=56, trace=300687, class=java.util.zip.ZipFile$ZipFileInputStream@5000055e)
	this$0		500004ee
OBJ 50000e21 (sz=40, trace=300106, class=java.lang.ref.Finalizer@5000014d)
	referent	50000e20
	queue		500003c8
	next		50000dcd
	prev		50000e6f
ARR 50000e22 (sz=4, trace=300000, nelems=2, elem type=char[])
ARR 50000e23 (sz=4, trace=300000, nelems=2, elem type=char[])
ARR 50000e24 (sz=4, trace=300000, nelems=2, elem type=char[])
ARR 50000e25 (sz=4, trace=300000, nelems=2, elem type=char[])
ARR 50000e26 (sz=4, trace=300000, nelems=2, elem type=char[])
ARR 50000e27 (sz=4, trace=300000, nelems=2, elem type=char[])
ARR 50000e28 (sz=2, trace=300000, nelems=1, elem type=char[])
OBJ 50000e29 (sz=24, trace=300000, class=java.lang.String@5000016e)
	value		50001118
OBJ 50000e2a (sz=24, trace=300000, class=java.lang.String@5000016e)
	value		50001117
OBJ 50000e2b (sz=24, trace=300000, class=java.lang.String@5000016e)
	value		50001114
OBJ 50000e2c (sz=24, trace=300000, class=java.lang.String@5000016e)
	value		50000e34
OBJ 50000e2e (sz=16, trace=300157, class=java.lang.Object@50000172)
OBJ 50000e2f (sz=32, trace=300683, class=java.util.concurrent.ConcurrentHashMap$Node@50000024)
	key		50000bbe
	val		50000e2e
OBJ 50000e30 (sz=16, trace=300160, class=java.lang.Object@50000172)
OBJ 50000e31 (sz=32, trace=300683, class=java.util.concurrent.ConcurrentHashMap$Node@50000024)
	key		50000bbe
	val		50000e30
OBJ 50000e32 (sz=24, trace=300000, class=java.lang.String@5000016e)
	value		50000e33
ARR 50000e33 (sz=62, trace=300000, nelems=31, elem type=char[])
ARR 50000e34 (sz=52, trace=300000, nelems=26, elem type=char[])
ARR 50000e35 (sz=52, trace=300000, nelems=26, elem type=char[])
OBJ 50000e36 (sz=24, trace=300000, class=java.lang.String@5000016e)
	value		50000e3c
OBJ 50000e37 (sz=24, trace=300000, class=java.lang.String@5000016e)
	value		50000e3b
OBJ 50000e38 (sz=24, trace=300000, class=java.lang.String@5000016e)
	value		50000e3a
ARR 50000e39 (sz=32, trace=300000, nelems=16, elem type=char[])
ARR 50000e3a (sz=38, trace=300000, nelems=19, elem type=char[])
ARR 50000e3b (sz=48, trace=300000, nelems=24, elem type=char[])
ARR 50000e3c (sz=32, trace=300000, nelems=16, elem type=char[])
OBJ 50000e3d (sz=24, trace=300000, class=java.lang.String@5000016e)
	value		50001113
OBJ 50000e3e (sz=24, trace=300000, class=java.lang.String@5000016e)
	value		50001111
OBJ 50000e3f (sz=24, trace=300000, class=java.lang.String@5000016e)
	value		50001110
OBJ 50000e40 (sz=24, trace=300000, class=java.lang.String@5000016e)
	value		5000110f
OBJ 50000e41 (sz=24, trace=300000, class=java.lang.String@5000016e)
	value		5000110e
OBJ 50000e42 (sz=24, trace=300000, class=java.lang.String@5000016e)
	value		5000110b
OBJ 50000e43 (sz=24, trace=300000, class=java.lang.String@5000016e)
	value		50001105
OBJ 50000e44 (sz=24, trace=300000, class=java.lang.String@5000016e)
	value		50001104
OBJ 50000e45 (sz=24, trace=300000, class=java.lang.String@5000016e)
	value		500010fc
OBJ 50000e46 (sz=24, trace=300000, class=java.lang.String@5000016e)
	value		500010fb
OBJ 50000e47 (sz=32, trace=300000, class=java.io.WinNTFileSystem@5000006c)
	cache		50000e4a
	prefixCache	50000e49
OBJ 50000e48 (sz=56, trace=300687, class=java.util.zip.ZipFile$ZipFileInputStream@5000055e)
OBJ 50000e49 (sz=40, trace=300000, class=java.io.ExpiringCache@5000006b)
	map		50000ee7
OBJ 50000e4a (sz=40, trace=300000, class=java.io.ExpiringCache@5000006b)
	map		50000e4b
OBJ 50000e4b (sz=64, trace=300000, class=java.io.ExpiringCache$1@50000069)
	table		500020b7
	head		50000e4c
	tail		500020c7
	this$0		50000e4a
OBJ 50000e4c (sz=40, trace=300000, class=java.util.LinkedHashMap$Entry@50000060)
	key		50000e72
	value		50000e71
	after		50000e53
OBJ 50000e4d (sz=40, trace=300000, class=java.util.LinkedHashMap$Entry@50000060)
	key		50000e81
	value		50000e7b
	next		500020c7
	before		50000e51
	after		50000e52
OBJ 50000e4e (sz=40, trace=300000, class=java.util.LinkedHashMap$Entry@50000060)
	key		50000e66
	value		50000e65
	before		50000e53
	after		50000e5f
OBJ 50000e4f (sz=40, trace=300000, class=java.util.LinkedHashMap$Entry@50000060)
	key		50000eb5
	value		50000eb4
	before		50000e5b
	after		50000e5c
OBJ 50000e50 (sz=40, trace=300000, class=java.util.LinkedHashMap$Entry@50000060)
	key		50000ed7
	value		50000eca
	before		50000e52
	after		50000e5d
OBJ 50000e51 (sz=40, trace=300000, class=java.util.LinkedHashMap$Entry@50000060)
	key		50000e77
	value		50000e76
	before		50000e5f
	after		50000e4d
OBJ 50000e52 (sz=40, trace=300000, class=java.util.LinkedHashMap$Entry@50000060)
	key		50000ee0
	value		50000edf
	before		50000e4d
	after		50000e50
OBJ 50000e53 (sz=40, trace=300000, class=java.util.LinkedHashMap$Entry@50000060)
	key		50000e6b
	value		50000e6a
	before		50000e4c
	after		50000e4e
OBJ 50000e55 (sz=16, trace=300157, class=java.lang.Object@50000172)
OBJ 50000e56 (sz=32, trace=300683, class=java.util.concurrent.ConcurrentHashMap$Node@50000024)
	key		50000b51
	val		50000e55
OBJ 50000e57 (sz=16, trace=300160, class=java.lang.Object@50000172)
OBJ 50000e58 (sz=32, trace=300683, class=java.util.concurrent.ConcurrentHashMap$Node@50000024)
	key		50000b51
	val		50000e57
OBJ 50000e59 (sz=40, trace=300000, class=java.util.LinkedHashMap$Entry@50000060)
	key		50000e9b
	value		50000e9a
	before		50000e5a
	after		500001eb
OBJ 50000e5a (sz=40, trace=300000, class=java.util.LinkedHashMap$Entry@50000060)
	key		50000ea6
	value		50000ea5
	before		50000ea4
	after		50000e59
OBJ 50000e5b (sz=40, trace=300000, class=java.util.LinkedHashMap$Entry@50000060)
	key		50000eba
	value		50000eb9
	before		50000e5e
	after		50000e4f
OBJ 50000e5c (sz=40, trace=300000, class=java.util.LinkedHashMap$Entry@50000060)
	key		50000eb0
	value		50000eaf
	before		50000e4f
	after		50000ea4
OBJ 50000e5d (sz=40, trace=300000, class=java.util.LinkedHashMap$Entry@50000060)
	key		50000ec6
	value		50000ec5
	before		50000e50
	after		50000e5e
OBJ 50000e5e (sz=40, trace=300000, class=java.util.LinkedHashMap$Entry@50000060)
	key		50000ec1
	value		50000ec0
	next		50000ea4
	before		50000e5d
	after		50000e5b
OBJ 50000e5f (sz=40, trace=300000, class=java.util.LinkedHashMap$Entry@50000060)
	key		50000e61
	value		50000e60
	before		50000e4e
	after		50000e51
OBJ 50000e60 (sz=24, trace=300000, class=java.io.ExpiringCache$Entry@50000061)
	val		50000e63
OBJ 50000e61 (sz=24, trace=300000, class=java.lang.String@5000016e)
	value		50000e62
ARR 50000e62 (sz=118, trace=300000, nelems=59, elem type=char[])
OBJ 50000e63 (sz=24, trace=300000, class=java.lang.String@5000016e)
	value		50000e64
ARR 50000e64 (sz=118, trace=300000, nelems=59, elem type=char[])
OBJ 50000e65 (sz=24, trace=300000, class=java.io.ExpiringCache$Entry@50000061)
	val		50000e68
OBJ 50000e66 (sz=24, trace=300000, class=java.lang.String@5000016e)
	value		50000e67
ARR 50000e67 (sz=134, trace=300000, nelems=67, elem type=char[])
OBJ 50000e68 (sz=24, trace=300000, class=java.lang.String@5000016e)
	value		50000e69
ARR 50000e69 (sz=134, trace=300000, nelems=67, elem type=char[])
OBJ 50000e6a (sz=24, trace=300000, class=java.io.ExpiringCache$Entry@50000061)
	val		50000e6d
OBJ 50000e6b (sz=24, trace=300000, class=java.lang.String@5000016e)
	value		50000e6c
ARR 50000e6c (sz=92, trace=300000, nelems=46, elem type=char[])
OBJ 50000e6d (sz=24, trace=300000, class=java.lang.String@5000016e)
	value		50000e70
OBJ 50000e6e (sz=56, trace=300687, class=java.util.zip.ZipFile$ZipFileInputStream@5000055e)
	this$0		500004ee
OBJ 50000e6f (sz=40, trace=300106, class=java.lang.ref.Finalizer@5000014d)
	referent	50000e6e
	queue		500003c8
	next		50000e21
	prev		50000ebe
ARR 50000e70 (sz=92, trace=300000, nelems=46, elem type=char[])
OBJ 50000e71 (sz=24, trace=300000, class=java.io.ExpiringCache$Entry@50000061)
	val		50000e74
OBJ 50000e72 (sz=24, trace=300000, class=java.lang.String@5000016e)
	value		50000e73
ARR 50000e73 (sz=100, trace=300000, nelems=50, elem type=char[])
OBJ 50000e74 (sz=24, trace=300000, class=java.lang.String@5000016e)
	value		50000e75
ARR 50000e75 (sz=100, trace=300000, nelems=50, elem type=char[])
OBJ 50000e76 (sz=24, trace=300000, class=java.io.ExpiringCache$Entry@50000061)
	val		50000e79
OBJ 50000e77 (sz=24, trace=300000, class=java.lang.String@5000016e)
	value		50000e78
ARR 50000e78 (sz=112, trace=300000, nelems=56, elem type=char[])
OBJ 50000e79 (sz=24, trace=300000, class=java.lang.String@5000016e)
	value		50000e7a
ARR 50000e7a (sz=112, trace=300000, nelems=56, elem type=char[])
OBJ 50000e7b (sz=24, trace=300000, class=java.io.ExpiringCache$Entry@50000061)
	val		50000e83
OBJ 50000e7d (sz=16, trace=300157, class=java.lang.Object@50000172)
OBJ 50000e7e (sz=32, trace=300159, class=java.util.concurrent.ConcurrentHashMap$Node@50000024)
	key		50000d47
	val		50000e7d
OBJ 50000e7f (sz=16, trace=300160, class=java.lang.Object@50000172)
OBJ 50000e80 (sz=32, trace=300159, class=java.util.concurrent.ConcurrentHashMap$Node@50000024)
	key		50000d47
	val		50000e7f
OBJ 50000e81 (sz=24, trace=300000, class=java.lang.String@5000016e)
	value		50000e82
ARR 50000e82 (sz=116, trace=300000, nelems=58, elem type=char[])
OBJ 50000e83 (sz=24, trace=300000, class=java.lang.String@5000016e)
	value		50000e84
ARR 50000e84 (sz=116, trace=300000, nelems=58, elem type=char[])
OBJ 50000e85 (sz=24, trace=300000, class=java.lang.String@5000016e)
	value		50000e86
ARR 50000e86 (sz=92, trace=300000, nelems=46, elem type=char[])
OBJ 50000e87 (sz=24, trace=300000, class=java.lang.String@5000016e)
	value		50000e88
ARR 50000e88 (sz=100, trace=300000, nelems=50, elem type=char[])
OBJ 50000e89 (sz=24, trace=300000, class=java.lang.String@5000016e)
	value		50000e8a
ARR 50000e8a (sz=110, trace=300000, nelems=55, elem type=char[])
OBJ 50000e8b (sz=24, trace=300000, class=java.lang.String@5000016e)
	value		50000e8c
ARR 50000e8c (sz=100, trace=300000, nelems=50, elem type=char[])
OBJ 50000e8d (sz=24, trace=300000, class=java.lang.String@5000016e)
	value		50000e8f
OBJ 50000e8e (sz=56, trace=300687, class=java.util.zip.ZipFile$ZipFileInputStream@5000055e)
ARR 50000e8f (sz=102, trace=300000, nelems=51, elem type=char[])
OBJ 50000e90 (sz=24, trace=300000, class=java.lang.String@5000016e)
	value		50000e91
ARR 50000e91 (sz=114, trace=300000, nelems=57, elem type=char[])
OBJ 50000e92 (sz=24, trace=300000, class=java.lang.String@5000016e)
	value		50000e93
ARR 50000e93 (sz=98, trace=300000, nelems=49, elem type=char[])
OBJ 50000e94 (sz=24, trace=300000, class=java.lang.String@5000016e)
	value		50000e95
ARR 50000e95 (sz=112, trace=300000, nelems=56, elem type=char[])
OBJ 50000e96 (sz=24, trace=300000, class=java.lang.String@5000016e)
	value		50000e97
ARR 50000e97 (sz=84, trace=300000, nelems=42, elem type=char[])
OBJ 50000e98 (sz=24, trace=300000, class=java.lang.String@5000016e)
	value		50000e99
ARR 50000e99 (sz=76, trace=300000, nelems=38, elem type=char[])
OBJ 50000e9a (sz=24, trace=300000, class=java.io.ExpiringCache$Entry@50000061)
	val		50000ea2
OBJ 50000e9b (sz=24, trace=300000, class=java.lang.String@5000016e)
	value		50000ea1
OBJ 50000e9d (sz=16, trace=300157, class=java.lang.Object@50000172)
OBJ 50000e9e (sz=32, trace=300159, class=java.util.concurrent.ConcurrentHashMap$Node@50000024)
	key		50000b4f
	val		50000e9d
OBJ 50000e9f (sz=16, trace=300160, class=java.lang.Object@50000172)
OBJ 50000ea0 (sz=32, trace=300159, class=java.util.concurrent.ConcurrentHashMap$Node@50000024)
	key		50000b4f
	val		50000e9f
ARR 50000ea1 (sz=84, trace=300000, nelems=42, elem type=char[])
OBJ 50000ea2 (sz=24, trace=300000, class=java.lang.String@5000016e)
	value		50000ea3
ARR 50000ea3 (sz=84, trace=300000, nelems=42, elem type=char[])
OBJ 50000ea4 (sz=40, trace=300000, class=java.util.LinkedHashMap$Entry@50000060)
	key		50000eab
	value		50000eaa
	before		50000e5c
	after		50000e5a
OBJ 50000ea5 (sz=24, trace=300000, class=java.io.ExpiringCache$Entry@50000061)
	val		50000ea8
OBJ 50000ea6 (sz=24, trace=300000, class=java.lang.String@5000016e)
	value		50000ea7
ARR 50000ea7 (sz=96, trace=300000, nelems=48, elem type=char[])
OBJ 50000ea8 (sz=24, trace=300000, class=java.lang.String@5000016e)
	value		50000ea9
ARR 50000ea9 (sz=96, trace=300000, nelems=48, elem type=char[])
OBJ 50000eaa (sz=24, trace=300000, class=java.io.ExpiringCache$Entry@50000061)
	val		50000ead
OBJ 50000eab (sz=24, trace=300000, class=java.lang.String@5000016e)
	value		50000eac
ARR 50000eac (sz=112, trace=300000, nelems=56, elem type=char[])
OBJ 50000ead (sz=24, trace=300000, class=java.lang.String@5000016e)
	value		50000eae
ARR 50000eae (sz=112, trace=300000, nelems=56, elem type=char[])
OBJ 50000eaf (sz=24, trace=300000, class=java.io.ExpiringCache$Entry@50000061)
	val		50000eb2
OBJ 50000eb0 (sz=24, trace=300000, class=java.lang.String@5000016e)
	value		50000eb1
ARR 50000eb1 (sz=120, trace=300000, nelems=60, elem type=char[])
OBJ 50000eb2 (sz=24, trace=300000, class=java.lang.String@5000016e)
	value		50000eb3
ARR 50000eb3 (sz=120, trace=300000, nelems=60, elem type=char[])
OBJ 50000eb4 (sz=24, trace=300000, class=java.io.ExpiringCache$Entry@50000061)
	val		50000eb7
OBJ 50000eb5 (sz=24, trace=300000, class=java.lang.String@5000016e)
	value		50000eb6
ARR 50000eb6 (sz=120, trace=300000, nelems=60, elem type=char[])
OBJ 50000eb7 (sz=24, trace=300000, class=java.lang.String@5000016e)
	value		50000eb8
ARR 50000eb8 (sz=120, trace=300000, nelems=60, elem type=char[])
OBJ 50000eb9 (sz=24, trace=300000, class=java.io.ExpiringCache$Entry@50000061)
	val		50000ebc
OBJ 50000eba (sz=24, trace=300000, class=java.lang.String@5000016e)
	value		50000ebb
ARR 50000ebb (sz=132, trace=300000, nelems=66, elem type=char[])
OBJ 50000ebc (sz=24, trace=300000, class=java.lang.String@5000016e)
	value		50000ebf
OBJ 50000ebd (sz=56, trace=300687, class=java.util.zip.ZipFile$ZipFileInputStream@5000055e)
	this$0		500004ee
OBJ 50000ebe (sz=40, trace=300106, class=java.lang.ref.Finalizer@5000014d)
	referent	50000ebd
	queue		500003c8
	next		50000e6f
	prev		50000f17
ARR 50000ebf (sz=132, trace=300000, nelems=66, elem type=char[])
OBJ 50000ec0 (sz=24, trace=300000, class=java.io.ExpiringCache$Entry@50000061)
	val		50000ec3
OBJ 50000ec1 (sz=24, trace=300000, class=java.lang.String@5000016e)
	value		50000ec2
ARR 50000ec2 (sz=112, trace=300000, nelems=56, elem type=char[])
OBJ 50000ec3 (sz=24, trace=300000, class=java.lang.String@5000016e)
	value		50000ec4
ARR 50000ec4 (sz=112, trace=300000, nelems=56, elem type=char[])
OBJ 50000ec5 (sz=24, trace=300000, class=java.io.ExpiringCache$Entry@50000061)
	val		50000ec8
OBJ 50000ec6 (sz=24, trace=300000, class=java.lang.String@5000016e)
	value		50000ec7
ARR 50000ec7 (sz=116, trace=300000, nelems=58, elem type=char[])
OBJ 50000ec8 (sz=24, trace=300000, class=java.lang.String@5000016e)
	value		50000ec9
ARR 50000ec9 (sz=116, trace=300000, nelems=58, elem type=char[])
OBJ 50000eca (sz=24, trace=300000, class=java.io.ExpiringCache$Entry@50000061)
	val		50000edd
OBJ 50000ecb (sz=16, trace=300157, class=java.lang.Object@50000172)
OBJ 50000ecc (sz=32, trace=300159, class=java.util.concurrent.ConcurrentHashMap$Node@50000024)
	key		50000ae9
	val		50000ecb
OBJ 50000ecd (sz=16, trace=300160, class=java.lang.Object@50000172)
OBJ 50000ece (sz=32, trace=300159, class=java.util.concurrent.ConcurrentHashMap$Node@50000024)
	key		50000ae9
	val		50000ecd
OBJ 50000ed0 (sz=16, trace=300157, class=java.lang.Object@50000172)
OBJ 50000ed1 (sz=32, trace=300159, class=java.util.concurrent.ConcurrentHashMap$Node@50000024)
	key		50000ca6
	val		50000ed0
OBJ 50000ed2 (sz=16, trace=300160, class=java.lang.Object@50000172)
OBJ 50000ed3 (sz=32, trace=300159, class=java.util.concurrent.ConcurrentHashMap$Node@50000024)
	key		50000ca6
	val		50000ed2
OBJ 50000ed6 (sz=56, trace=300687, class=java.util.zip.ZipFile$ZipFileInputStream@5000055e)
OBJ 50000ed7 (sz=24, trace=300000, class=java.lang.String@5000016e)
	value		50000edc
OBJ 50000ed8 (sz=16, trace=300157, class=java.lang.Object@50000172)
OBJ 50000ed9 (sz=32, trace=300683, class=java.util.concurrent.ConcurrentHashMap$Node@50000024)
	key		50000cc1
	val		50000ed8
OBJ 50000eda (sz=16, trace=300160, class=java.lang.Object@50000172)
OBJ 50000edb (sz=32, trace=300683, class=java.util.concurrent.ConcurrentHashMap$Node@50000024)
	key		50000cc1
	val		50000eda
ARR 50000edc (sz=122, trace=300000, nelems=61, elem type=char[])
OBJ 50000edd (sz=24, trace=300000, class=java.lang.String@5000016e)
	value		50000ede
ARR 50000ede (sz=122, trace=300000, nelems=61, elem type=char[])
OBJ 50000edf (sz=24, trace=300000, class=java.io.ExpiringCache$Entry@50000061)
	val		50000ee2
OBJ 50000ee0 (sz=24, trace=300000, class=java.lang.String@5000016e)
	value		50000ee1
ARR 50000ee1 (sz=112, trace=300000, nelems=56, elem type=char[])
OBJ 50000ee2 (sz=24, trace=300000, class=java.lang.String@5000016e)
	value		50000ee5
OBJ 50000ee4 (sz=16, trace=300157, class=java.lang.Object@50000172)
ARR 50000ee5 (sz=112, trace=300000, nelems=56, elem type=char[])
OBJ 50000ee6 (sz=16, trace=300160, class=java.lang.Object@50000172)
OBJ 50000ee7 (sz=64, trace=300000, class=java.io.ExpiringCache$1@50000069)
	table		50000ee9
	head		50000ee8
	tail		50002002
	this$0		50000e49
OBJ 50000ee8 (sz=40, trace=300000, class=java.util.LinkedHashMap$Entry@50000060)
	key		50000eed
	value		50000eec
	after		50000eea
ARR 50000ee9 (sz=80, trace=300000, nelems=12, elem type=java.util.HashMap$Node[]@500000c2)
	[2]		50000eea
	[4]		50000eeb
	[8]		50002002
	[11]		50000ee8
OBJ 50000eea (sz=40, trace=300000, class=java.util.LinkedHashMap$Entry@50000060)
	key		50000ef2
	value		50000ef1
	before		50000ee8
	after		50000eeb
OBJ 50000eeb (sz=40, trace=300000, class=java.util.LinkedHashMap$Entry@50000060)
	key		50000ef7
	value		50000ef6
	before		50000eea
	after		50002002
OBJ 50000eec (sz=24, trace=300000, class=java.io.ExpiringCache$Entry@50000061)
	val		50000eef
OBJ 50000eed (sz=24, trace=300000, class=java.lang.String@5000016e)
	value		50000eee
ARR 50000eee (sz=84, trace=300000, nelems=42, elem type=char[])
OBJ 50000eef (sz=24, trace=300000, class=java.lang.String@5000016e)
	value		50000ef0
ARR 50000ef0 (sz=84, trace=300000, nelems=42, elem type=char[])
OBJ 50000ef1 (sz=24, trace=300000, class=java.io.ExpiringCache$Entry@50000061)
	val		50000ef4
OBJ 50000ef2 (sz=24, trace=300000, class=java.lang.String@5000016e)
	value		50000ef3
ARR 50000ef3 (sz=92, trace=300000, nelems=46, elem type=char[])
OBJ 50000ef4 (sz=24, trace=300000, class=java.lang.String@5000016e)
	value		50000ef5
ARR 50000ef5 (sz=92, trace=300000, nelems=46, elem type=char[])
OBJ 50000ef6 (sz=24, trace=300000, class=java.io.ExpiringCache$Entry@50000061)
	val		50000ef9
OBJ 50000ef7 (sz=24, trace=300000, class=java.lang.String@5000016e)
	value		50000ef8
ARR 50000ef8 (sz=76, trace=300000, nelems=38, elem type=char[])
OBJ 50000ef9 (sz=24, trace=300000, class=java.lang.String@5000016e)
	value		50000efa
ARR 50000efa (sz=76, trace=300000, nelems=38, elem type=char[])
OBJ 50000efb (sz=24, trace=300000, class=java.lang.String@5000016e)
	value		500010fa
OBJ 50000efc (sz=24, trace=300000, class=java.lang.String@5000016e)
	value		500010f9
ARR 50000efd (sz=120, trace=300000, nelems=0, elem type=java.lang.String[]@500000c8)
OBJ 50000efe (sz=24, trace=300000, class=java.lang.String@5000016e)
	value		50001066
OBJ 50000eff (sz=24, trace=300000, class=java.lang.String@5000016e)
	value		50000fce
OBJ 50000f00 (sz=24, trace=300000, class=java.lang.String@5000016e)
	value		5000102f
OBJ 50000f01 (sz=24, trace=300000, class=java.lang.String@5000016e)
	value		50001047
OBJ 50000f02 (sz=24, trace=300000, class=java.lang.String@5000016e)
	value		50000fdb
OBJ 50000f03 (sz=24, trace=300000, class=java.lang.String@5000016e)
	value		50001026
OBJ 50000f04 (sz=24, trace=300000, class=java.lang.String@5000016e)
	value		500010b9
OBJ 50000f05 (sz=24, trace=300000, class=java.lang.String@5000016e)
	value		50000fcc
OBJ 50000f06 (sz=24, trace=300000, class=java.lang.String@5000016e)
	value		50000f62
OBJ 50000f07 (sz=24, trace=300000, class=java.lang.String@5000016e)
	value		500010b2
OBJ 50000f08 (sz=24, trace=300000, class=java.lang.String@5000016e)
	value		50000f88
OBJ 50000f09 (sz=24, trace=300000, class=java.lang.String@5000016e)
	value		500010b5
OBJ 50000f0a (sz=24, trace=300000, class=java.lang.String@5000016e)
	value		50000fe4
OBJ 50000f0b (sz=24, trace=300000, class=java.lang.String@5000016e)
	value		50000fa7
OBJ 50000f0c (sz=24, trace=300000, class=java.lang.String@5000016e)
	value		50000f9e
OBJ 50000f0d (sz=24, trace=300000, class=java.lang.String@5000016e)
	value		500010ba
OBJ 50000f0e (sz=24, trace=300000, class=java.lang.String@5000016e)
	value		500010b4
OBJ 50000f0f (sz=24, trace=300000, class=java.lang.String@5000016e)
	value		500010e3
OBJ 50000f10 (sz=24, trace=300000, class=java.lang.String@5000016e)
	value		500010e2
OBJ 50000f11 (sz=24, trace=300000, class=java.lang.String@5000016e)
	value		500010e1
OBJ 50000f12 (sz=24, trace=300000, class=java.lang.String@5000016e)
	value		500010e0
OBJ 50000f13 (sz=24, trace=300000, class=java.lang.String@5000016e)
	value		500010de
OBJ 50000f14 (sz=24, trace=300000, class=java.lang.String@5000016e)
	value		500010dd
OBJ 50000f15 (sz=24, trace=300000, class=java.lang.String@5000016e)
	value		500010b8
OBJ 50000f16 (sz=56, trace=300687, class=java.util.zip.ZipFile$ZipFileInputStream@5000055e)
	this$0		500004ee
OBJ 50000f17 (sz=40, trace=300106, class=java.lang.ref.Finalizer@5000014d)
	referent	50000f16
	queue		500003c8
	next		50000ebe
	prev		50000f82
OBJ 50000f18 (sz=24, trace=300000, class=java.lang.String@5000016e)
	value		50000fb0
OBJ 50000f19 (sz=24, trace=300000, class=java.lang.String@5000016e)
	value		50000f8c
OBJ 50000f1a (sz=24, trace=300000, class=java.lang.String@5000016e)
	value		50000f63
OBJ 50000f1b (sz=24, trace=300000, class=java.lang.String@5000016e)
	value		50000f9f
OBJ 50000f1c (sz=24, trace=300000, class=java.lang.String@5000016e)
	value		50001038
OBJ 50000f1d (sz=56, trace=300687, class=java.util.zip.ZipFile$ZipFileInputStream@5000055e)
ARR 50000f1e (sz=40, trace=300000, nelems=6, elem type=java.io.ObjectStreamField[]@500000fa)
	[0]		500010ab
	[1]		500010ac
	[2]		500010ad
	[3]		500010ae
	[4]		500010af
	[5]		500010b0
OBJ 50000f1f (sz=32, trace=300000, class=java.util.Locale@5000002f)
	baseLocale	50001039
OBJ 50000f20 (sz=32, trace=300000, class=java.util.Locale@5000002f)
	baseLocale	5000106e
OBJ 50000f21 (sz=32, trace=300000, class=java.util.Locale@5000002f)
	baseLocale	50000f8d
OBJ 50000f22 (sz=32, trace=300000, class=java.util.Locale@5000002f)
	baseLocale	50001040
OBJ 50000f23 (sz=32, trace=300000, class=java.util.Locale@5000002f)
	baseLocale	50000f61
OBJ 50000f24 (sz=32, trace=300000, class=java.util.Locale@5000002f)
	baseLocale	50001027
OBJ 50000f25 (sz=32, trace=300000, class=java.util.Locale@5000002f)
	baseLocale	50001067
OBJ 50000f27 (sz=24, trace=301054, class=com.sun.tools.javac.util.AbstractDiagnosticFormatter$1@500004e2)
OBJ 50000f28 (sz=24, trace=301055, class=com.sun.tools.javac.util.JCDiagnostic$DiagnosticFlag@50001d74)
	name		50002d85
OBJ 50000f29 (sz=24, trace=301056, class=com.sun.tools.javac.util.JCDiagnostic$DiagnosticFlag@50001d74)
	name		50002d88
OBJ 50000f2b (sz=16, trace=300157, class=java.lang.Object@50000172)
OBJ 50000f2c (sz=32, trace=300683, class=java.util.concurrent.ConcurrentHashMap$Node@50000024)
	key		50000b45
	val		50000f2b
OBJ 50000f2d (sz=16, trace=300160, class=java.lang.Object@50000172)
OBJ 50000f2e (sz=32, trace=300683, class=java.util.concurrent.ConcurrentHashMap$Node@50000024)
	key		50000b45
	val		50000f2d
OBJ 50000f2f (sz=24, trace=301057, class=com.sun.tools.javac.util.JCDiagnostic$DiagnosticFlag@50001d74)
	name		50002d89
OBJ 50000f30 (sz=24, trace=301058, class=com.sun.tools.javac.util.JCDiagnostic$DiagnosticFlag@50001d74)
	name		50002d87
OBJ 50000f31 (sz=24, trace=301059, class=com.sun.tools.javac.util.JCDiagnostic$DiagnosticFlag@50001d74)
	name		50002d86
OBJ 50000f32 (sz=24, trace=301060, class=com.sun.tools.javac.util.JCDiagnostic$DiagnosticFlag@50001d74)
	name		50002d84
ARR 50000f34 (sz=40, trace=301061, nelems=6, elem type=com.sun.tools.javac.util.JCDiagnostic$DiagnosticFlag[]@50000f33)
	[0]		50000f28
	[1]		50000f29
	[2]		50000f2f
	[3]		50000f30
	[4]		50000f31
	[5]		50000f32
OBJ 50000f35 (sz=32, trace=300000, class=java.util.Locale@5000002f)
	baseLocale	50000fa0
OBJ 50000f36 (sz=32, trace=300000, class=java.util.Locale@5000002f)
	baseLocale	50000fdc
OBJ 50000f37 (sz=32, trace=300000, class=java.util.Locale@5000002f)
	baseLocale	50001048
OBJ 50000f38 (sz=56, trace=300679, class=java.lang.Class$ReflectionData@500000a5)
OBJ 50000f39 (sz=40, trace=300040, class=java.lang.ref.SoftReference@50000152)
OBJ 50000f3a (sz=88, trace=300681, class=java.lang.reflect.Method@5000013e)
OBJ 50000f3b (sz=32, trace=300000, class=java.util.Locale@5000002f)
	baseLocale	50000fd4
OBJ 50000f3c (sz=32, trace=300000, class=java.util.Locale@5000002f)
	baseLocale	50001030
OBJ 50000f3d (sz=24, trace=300811, class=sun.reflect.NativeMethodAccessorImpl@50001630)
OBJ 50000f3e (sz=16, trace=300813, class=sun.reflect.DelegatingMethodAccessorImpl@50001632)
OBJ 50000f3f (sz=32, trace=300815, class=java.util.RegularEnumSet@50001634)
OBJ 50000f40 (sz=32, trace=300221, class=java.util.HashMap$Node@500000c4)
OBJ 50000f41 (sz=16, trace=300157, class=java.lang.Object@50000172)
OBJ 50000f42 (sz=32, trace=300683, class=java.util.concurrent.ConcurrentHashMap$Node@50000024)
	key		50000ccf
	val		50000f41
OBJ 50000f43 (sz=16, trace=300160, class=java.lang.Object@50000172)
OBJ 50000f44 (sz=32, trace=300683, class=java.util.concurrent.ConcurrentHashMap$Node@50000024)
	key		50000ccf
	val		50000f43
OBJ 50000f45 (sz=32, trace=300000, class=java.util.Locale@5000002f)
	baseLocale	50000fb1
OBJ 50000f46 (sz=32, trace=300000, class=java.util.Locale@5000002f)
	baseLocale	5000104f
OBJ 50000f47 (sz=32, trace=300000, class=java.util.Locale@5000002f)
	baseLocale	50000fa8
OBJ 50000f48 (sz=32, trace=300000, class=java.util.Locale@5000002f)
	baseLocale	50000fe5
OBJ 50000f49 (sz=32, trace=300000, class=java.util.Locale@5000002f)
	baseLocale	50001057
OBJ 50000f4a (sz=32, trace=300000, class=java.util.Locale@5000002f)
	baseLocale	50000fbc
OBJ 50000f4b (sz=24, trace=300000, class=java.util.Locale$Cache@5000002d)
	map		50000f4d
	queue		50000f4c
OBJ 50000f4c (sz=32, trace=300000, class=java.lang.ref.ReferenceQueue@5000014c)
	lock		5000107d
OBJ 50000f4d (sz=64, trace=300000, class=java.util.concurrent.ConcurrentHashMap@5000002b)
	table		50000f4e
ARR 50000f4e (sz=144, trace=300000, nelems=31, elem type=java.util.concurrent.ConcurrentHashMap$Node[]@50000023)
	[0]		50000f4f
	[1]		50000f50
	[2]		50000f51
	[4]		50000f52
	[5]		50000f53
	[8]		50000f54
	[9]		50000f55
	[10]		50000f56
	[14]		50000f57
	[16]		50000f58
	[20]		50000f59
	[22]		50000f5a
	[23]		50000f5b
	[26]		50000f5c
	[27]		50000f5d
	[28]		500001f1
	[30]		50000f5e
OBJ 50000f4f (sz=32, trace=300000, class=java.util.concurrent.ConcurrentHashMap$Node@50000024)
	key		500010a3
	val		500010a2
	next		500010a1
OBJ 50000f50 (sz=32, trace=300000, class=java.util.concurrent.ConcurrentHashMap$Node@50000024)
	key		500010a0
	val		5000109f
OBJ 50000f51 (sz=32, trace=300000, class=java.util.concurrent.ConcurrentHashMap$Node@50000024)
	key		5000109e
	val		5000109d
OBJ 50000f52 (sz=32, trace=300000, class=java.util.concurrent.ConcurrentHashMap$Node@50000024)
	key		5000109c
	val		5000109b
OBJ 50000f53 (sz=32, trace=300000, class=java.util.concurrent.ConcurrentHashMap$Node@50000024)
	key		5000109a
	val		50001099
OBJ 50000f54 (sz=32, trace=300000, class=java.util.concurrent.ConcurrentHashMap$Node@50000024)
	key		50001095
	val		50001094
	next		50001093
OBJ 50000f55 (sz=32, trace=300000, class=java.util.concurrent.ConcurrentHashMap$Node@50000024)
	key		50001092
	val		50001091
OBJ 50000f56 (sz=32, trace=300000, class=java.util.concurrent.ConcurrentHashMap$Node@50000024)
	key		50001090
	val		5000108f
OBJ 50000f57 (sz=32, trace=300000, class=java.util.concurrent.ConcurrentHashMap$Node@50000024)
	key		5000108e
	val		5000108d
OBJ 50000f58 (sz=32, trace=300000, class=java.util.concurrent.ConcurrentHashMap$Node@50000024)
	key		5000108c
	val		5000108b
OBJ 50000f59 (sz=32, trace=300000, class=java.util.concurrent.ConcurrentHashMap$Node@50000024)
	key		5000108a
	val		50001089
OBJ 50000f5a (sz=32, trace=300000, class=java.util.concurrent.ConcurrentHashMap$Node@50000024)
	key		50001088
	val		50001087
OBJ 50000f5b (sz=32, trace=300000, class=java.util.concurrent.ConcurrentHashMap$Node@50000024)
	key		50001086
	val		50001085
OBJ 50000f5c (sz=32, trace=300000, class=java.util.concurrent.ConcurrentHashMap$Node@50000024)
	key		50001084
	val		50001083
OBJ 50000f5d (sz=32, trace=300000, class=java.util.concurrent.ConcurrentHashMap$Node@50000024)
	key		50001080
	val		5000107f
	next		5000107e
OBJ 50000f5e (sz=32, trace=300000, class=java.util.concurrent.ConcurrentHashMap$Node@50000024)
	key		50000f60
	val		50000f5f
OBJ 50000f5f (sz=48, trace=300000, class=sun.util.locale.LocaleObjectCache$CacheEntry@50000019)
	referent	50000f23
	queue		50000f4c
	key		50000f60
OBJ 50000f60 (sz=24, trace=300000, class=java.util.Locale$LocaleKey@50000018)
	base		50000f61
OBJ 50000f61 (sz=32, trace=300000, class=sun.util.locale.BaseLocale@5000001c)
	language	50000f06
	script		500005d6
	region		50000f1a
	variant		500005d6
ARR 50000f62 (sz=4, trace=300000, nelems=2, elem type=char[])
ARR 50000f63 (sz=4, trace=300000, nelems=2, elem type=char[])
OBJ 50000f64 (sz=56, trace=300687, class=java.util.zip.ZipFile$ZipFileInputStream@5000055e)
OBJ 50000f65 (sz=24, trace=300000, class=java.lang.String@5000016e)
	value		5000107c
OBJ 50000f66 (sz=24, trace=300000, class=java.lang.String@5000016e)
	value		5000107b
OBJ 50000f67 (sz=24, trace=300000, class=java.lang.String@5000016e)
	value		5000107a
OBJ 50000f68 (sz=24, trace=300000, class=sun.util.locale.BaseLocale$Cache@5000001b)
	map		50000f6c
	queue		50000f6b
OBJ 50000f69 (sz=24, trace=300000, class=java.lang.String@5000016e)
	value		50000f6a
ARR 50000f6a (sz=2, trace=300000, nelems=1, elem type=char[])
OBJ 50000f6b (sz=32, trace=300000, class=java.lang.ref.ReferenceQueue@5000014c)
	lock		50000f8e
OBJ 50000f6c (sz=64, trace=300000, class=java.util.concurrent.ConcurrentHashMap@5000002b)
	table		50000f6d
ARR 50000f6d (sz=144, trace=300000, nelems=27, elem type=java.util.concurrent.ConcurrentHashMap$Node[]@50000023)
	[0]		50000f6e
	[1]		50000f6f
	[4]		50000f70
	[7]		50000f76
	[8]		50000f77
	[9]		50000f78
	[11]		50000f79
	[12]		50000f7a
	[13]		500001ed
	[14]		50000f7b
	[23]		50000f7c
	[25]		50000f7d
	[26]		50000f7e
OBJ 50000f6e (sz=32, trace=300000, class=java.util.concurrent.ConcurrentHashMap$Node@50000024)
	key		5000105a
	val		50001059
	next		50001058
OBJ 50000f6f (sz=32, trace=300000, class=java.util.concurrent.ConcurrentHashMap$Node@50000024)
	key		50001052
	val		50001050
OBJ 50000f70 (sz=32, trace=300000, class=java.util.concurrent.ConcurrentHashMap$Node@50000024)
	key		5000104a
	val		50001049
OBJ 50000f72 (sz=16, trace=300157, class=java.lang.Object@50000172)
OBJ 50000f73 (sz=32, trace=300159, class=java.util.concurrent.ConcurrentHashMap$Node@50000024)
	key		50000b35
	val		50000f72
OBJ 50000f74 (sz=16, trace=300160, class=java.lang.Object@50000172)
OBJ 50000f75 (sz=32, trace=300159, class=java.util.concurrent.ConcurrentHashMap$Node@50000024)
	key		50000b35
	val		50000f74
OBJ 50000f76 (sz=32, trace=300000, class=java.util.concurrent.ConcurrentHashMap$Node@50000024)
	key		50001042
	val		50001041
OBJ 50000f77 (sz=32, trace=300000, class=java.util.concurrent.ConcurrentHashMap$Node@50000024)
	key		5000100d
	val		5000100c
	next		5000100b
OBJ 50000f78 (sz=32, trace=300000, class=java.util.concurrent.ConcurrentHashMap$Node@50000024)
	key		50000fef
	val		50000fee
OBJ 50000f79 (sz=32, trace=300000, class=java.util.concurrent.ConcurrentHashMap$Node@50000024)
	key		50000fdf
	val		50000fde
	next		50000fdd
OBJ 50000f7a (sz=32, trace=300000, class=java.util.concurrent.ConcurrentHashMap$Node@50000024)
	key		50000fb4
	val		50000fb3
	next		50000fb2
OBJ 50000f7b (sz=32, trace=300000, class=java.util.concurrent.ConcurrentHashMap$Node@50000024)
	key		50000faa
	val		50000fa9
OBJ 50000f7c (sz=32, trace=300000, class=java.util.concurrent.ConcurrentHashMap$Node@50000024)
	key		50000fa2
	val		50000fa1
OBJ 50000f7d (sz=32, trace=300000, class=java.util.concurrent.ConcurrentHashMap$Node@50000024)
	key		50000f99
	val		50000f98
OBJ 50000f7e (sz=32, trace=300000, class=java.util.concurrent.ConcurrentHashMap$Node@50000024)
	key		50000f80
	val		50000f7f
OBJ 50000f7f (sz=48, trace=300000, class=sun.util.locale.LocaleObjectCache$CacheEntry@50000019)
	referent	50000f8d
	queue		50000f6b
	key		50000f80
OBJ 50000f80 (sz=40, trace=300000, class=sun.util.locale.BaseLocale$Key@5000001a)
	lang		50000f86
	scrt		50000f85
	regn		50000f84
	vart		50000f83
OBJ 50000f81 (sz=56, trace=300687, class=java.util.zip.ZipFile$ZipFileInputStream@5000055e)
	this$0		500004ee
OBJ 50000f82 (sz=40, trace=300106, class=java.lang.ref.Finalizer@5000014d)
	referent	50000f81
	queue		500003c8
	next		50000f17
	prev		50000fe9
OBJ 50000f83 (sz=40, trace=300000, class=java.lang.ref.SoftReference@50000152)
	referent	500005d6
	queue		50000f87
OBJ 50000f84 (sz=40, trace=300000, class=java.lang.ref.SoftReference@50000152)
	referent	50000f19
	queue		50000f87
OBJ 50000f85 (sz=40, trace=300000, class=java.lang.ref.SoftReference@50000152)
	referent	500005d6
	queue		50000f87
OBJ 50000f86 (sz=40, trace=300000, class=java.lang.ref.SoftReference@50000152)
	referent	50000f08
	queue		50000f87
OBJ 50000f87 (sz=32, trace=300000, class=java.lang.ref.ReferenceQueue$Null@500000d2)
	lock		50000f89
ARR 50000f88 (sz=4, trace=300000, nelems=2, elem type=char[])
OBJ 50000f89 (sz=16, trace=300000, class=java.lang.ref.ReferenceQueue$Lock@500000d1)
OBJ 50000f8a (sz=32, trace=300000, class=java.lang.ref.ReferenceQueue$Null@500000d2)
	lock		50000f8b
OBJ 50000f8b (sz=16, trace=300000, class=java.lang.ref.ReferenceQueue$Lock@500000d1)
ARR 50000f8c (sz=4, trace=300000, nelems=2, elem type=char[])
OBJ 50000f8d (sz=32, trace=300000, class=sun.util.locale.BaseLocale@5000001c)
	language	50000f08
	script		500005d6
	region		50000f19
	variant		500005d6
OBJ 50000f8e (sz=16, trace=300000, class=java.lang.ref.ReferenceQueue$Lock@500000d1)
OBJ 50000f90 (sz=16, trace=301062, class=com.sun.tools.javac.util.Context$Key@50001506)
OBJ 50000f91 (sz=24, trace=301063, class=com.sun.tools.javac.util.Options@50000f8f)
OBJ 50000f92 (sz=56, trace=301064, class=java.util.LinkedHashMap@5000006a)
OBJ 50000f93 (sz=32, trace=300221, class=java.util.HashMap$Node@500000c4)
OBJ 50000f94 (sz=16, trace=300157, class=java.lang.Object@50000172)
OBJ 50000f95 (sz=32, trace=300683, class=java.util.concurrent.ConcurrentHashMap$Node@50000024)
	key		50000c53
	val		50000f94
OBJ 50000f96 (sz=16, trace=300160, class=java.lang.Object@50000172)
OBJ 50000f97 (sz=32, trace=300683, class=java.util.concurrent.ConcurrentHashMap$Node@50000024)
	key		50000c53
	val		50000f96
OBJ 50000f98 (sz=48, trace=300000, class=sun.util.locale.LocaleObjectCache$CacheEntry@50000019)
	referent	50000fa0
	queue		50000f6b
	key		50000f99
OBJ 50000f99 (sz=40, trace=300000, class=sun.util.locale.BaseLocale$Key@5000001a)
	lang		50000f9d
	scrt		50000f9c
	regn		50000f9b
	vart		50000f9a
OBJ 50000f9a (sz=40, trace=300000, class=java.lang.ref.SoftReference@50000152)
	referent	500005d6
	queue		50000f87
OBJ 50000f9b (sz=40, trace=300000, class=java.lang.ref.SoftReference@50000152)
	referent	50000f1b
	queue		50000f87
OBJ 50000f9c (sz=40, trace=300000, class=java.lang.ref.SoftReference@50000152)
	referent	500005d6
	queue		50000f87
OBJ 50000f9d (sz=40, trace=300000, class=java.lang.ref.SoftReference@50000152)
	referent	50000f0c
	queue		50000f87
ARR 50000f9e (sz=4, trace=300000, nelems=2, elem type=char[])
ARR 50000f9f (sz=4, trace=300000, nelems=2, elem type=char[])
OBJ 50000fa0 (sz=32, trace=300000, class=sun.util.locale.BaseLocale@5000001c)
	language	50000f0c
	script		500005d6
	region		50000f1b
	variant		500005d6
OBJ 50000fa1 (sz=48, trace=300000, class=sun.util.locale.LocaleObjectCache$CacheEntry@50000019)
	referent	50000fa8
	queue		50000f6b
	key		50000fa2
OBJ 50000fa2 (sz=40, trace=300000, class=sun.util.locale.BaseLocale$Key@5000001a)
	lang		50000fa6
	scrt		50000fa5
	regn		50000fa4
	vart		50000fa3
OBJ 50000fa3 (sz=40, trace=300000, class=java.lang.ref.SoftReference@50000152)
	referent	500005d6
	queue		50000f87
OBJ 50000fa4 (sz=40, trace=300000, class=java.lang.ref.SoftReference@50000152)
	referent	500005d6
	queue		50000f87
OBJ 50000fa5 (sz=40, trace=300000, class=java.lang.ref.SoftReference@50000152)
	referent	500005d6
	queue		50000f87
OBJ 50000fa6 (sz=40, trace=300000, class=java.lang.ref.SoftReference@50000152)
	referent	50000f0b
	queue		50000f87
ARR 50000fa7 (sz=4, trace=300000, nelems=2, elem type=char[])
OBJ 50000fa8 (sz=32, trace=300000, class=sun.util.locale.BaseLocale@5000001c)
	language	50000f0b
	script		500005d6
	region		500005d6
	variant		500005d6
OBJ 50000fa9 (sz=48, trace=300000, class=sun.util.locale.LocaleObjectCache$CacheEntry@50000019)
	referent	50000fb1
	queue		50000f6b
	key		50000faa
OBJ 50000faa (sz=40, trace=300000, class=sun.util.locale.BaseLocale$Key@5000001a)
	lang		50000faf
	scrt		50000fae
	regn		50000fad
	vart		50000fac
OBJ 50000fab (sz=56, trace=300687, class=java.util.zip.ZipFile$ZipFileInputStream@5000055e)
OBJ 50000fac (sz=40, trace=300000, class=java.lang.ref.SoftReference@50000152)
	referent	500005d6
	queue		50000f87
OBJ 50000fad (sz=40, trace=300000, class=java.lang.ref.SoftReference@50000152)
	referent	500005d6
	queue		50000f87
OBJ 50000fae (sz=40, trace=300000, class=java.lang.ref.SoftReference@50000152)
	referent	500005d6
	queue		50000f87
OBJ 50000faf (sz=40, trace=300000, class=java.lang.ref.SoftReference@50000152)
	referent	50000f18
	queue		50000f87
ARR 50000fb0 (sz=4, trace=300000, nelems=2, elem type=char[])
OBJ 50000fb1 (sz=32, trace=300000, class=sun.util.locale.BaseLocale@5000001c)
	language	50000f18
	script		500005d6
	region		500005d6
	variant		500005d6
OBJ 50000fb2 (sz=32, trace=300000, class=java.util.concurrent.ConcurrentHashMap$Node@50000024)
	key		50000fc0
	val		50000fbe
	next		50000fbd
OBJ 50000fb3 (sz=48, trace=300000, class=sun.util.locale.LocaleObjectCache$CacheEntry@50000019)
	referent	50000fbc
	queue		50000f6b
	key		50000fb4
OBJ 50000fb4 (sz=40, trace=300000, class=sun.util.locale.BaseLocale$Key@5000001a)
	lang		50000fbb
	scrt		50000fb7
	regn		50000fb6
	vart		50000fb5
OBJ 50000fb5 (sz=40, trace=300000, class=java.lang.ref.SoftReference@50000152)
	referent	500005d6
	queue		50000f87
OBJ 50000fb6 (sz=40, trace=300000, class=java.lang.ref.SoftReference@50000152)
	referent	500005d6
	queue		50000f87
OBJ 50000fb7 (sz=40, trace=300000, class=java.lang.ref.SoftReference@50000152)
	referent	500005d6
	queue		50000f87
OBJ 50000fb9 (sz=16, trace=300157, class=java.lang.Object@50000172)
OBJ 50000fba (sz=32, trace=300159, class=java.util.concurrent.ConcurrentHashMap$Node@50000024)
	key		50000b33
	val		50000fb9
OBJ 50000fbb (sz=40, trace=300000, class=java.lang.ref.SoftReference@50000152)
	referent	50000f08
	queue		50000f87
OBJ 50000fbc (sz=32, trace=300000, class=sun.util.locale.BaseLocale@5000001c)
	language	50000f08
	script		500005d6
	region		500005d6
	variant		500005d6
OBJ 50000fbd (sz=32, trace=300000, class=java.util.concurrent.ConcurrentHashMap$Node@50000024)
	key		50000fd6
	val		50000fd5
OBJ 50000fbe (sz=48, trace=300000, class=sun.util.locale.LocaleObjectCache$CacheEntry@50000019)
	referent	50000fd4
	queue		50000f6b
	key		50000fc0
OBJ 50000fbf (sz=32, trace=300696, class=java.util.concurrent.ConcurrentHashMap$Node@50000024)
	key		50000c17
	val		50000865
	next		50000cda
OBJ 50000fc0 (sz=40, trace=300000, class=sun.util.locale.BaseLocale$Key@5000001a)
	lang		50000fcb
	scrt		50000fca
	regn		50000fc9
	vart		50000fc6
OBJ 50000fc1 (sz=32, trace=300696, class=java.util.concurrent.ConcurrentHashMap$Node@50000024)
	key		50000b8d
	val		50000ae0
OBJ 50000fc2 (sz=32, trace=300696, class=java.util.concurrent.ConcurrentHashMap$Node@50000024)
	key		50000240
	val		50000247
OBJ 50000fc3 (sz=32, trace=300696, class=java.util.concurrent.ConcurrentHashMap$Node@50000024)
	key		50000cbf
	val		50000918
	next		50000ed9
OBJ 50000fc4 (sz=32, trace=300695, class=java.util.concurrent.ConcurrentHashMap$Node@50000024)
	key		50000b55
	val		50000acf
OBJ 50000fc5 (sz=32, trace=300695, class=java.util.concurrent.ConcurrentHashMap$Node@50000024)
	key		50000d0b
	val		500009cb
OBJ 50000fc6 (sz=40, trace=300000, class=java.lang.ref.SoftReference@50000152)
	referent	500005d6
	queue		50000f87
OBJ 50000fc7 (sz=16, trace=300160, class=java.lang.Object@50000172)
OBJ 50000fc8 (sz=32, trace=300159, class=java.util.concurrent.ConcurrentHashMap$Node@50000024)
	key		50000b33
	val		50000fc7
OBJ 50000fc9 (sz=40, trace=300000, class=java.lang.ref.SoftReference@50000152)
	referent	50000eff
	queue		50000f87
OBJ 50000fca (sz=40, trace=300000, class=java.lang.ref.SoftReference@50000152)
	referent	500005d6
	queue		50000f87
OBJ 50000fcb (sz=40, trace=300000, class=java.lang.ref.SoftReference@50000152)
	referent	50000f05
	queue		50000f87
ARR 50000fcc (sz=4, trace=300000, nelems=2, elem type=char[])
OBJ 50000fcd (sz=32, trace=300696, class=java.util.concurrent.ConcurrentHashMap$Node@50000024)
	key		50000c17
	val		50000867
	next		50000cdc
ARR 50000fce (sz=4, trace=300000, nelems=2, elem type=char[])
OBJ 50000fcf (sz=32, trace=300696, class=java.util.concurrent.ConcurrentHashMap$Node@50000024)
	key		50000b8d
	val		50000ae2
OBJ 50000fd0 (sz=32, trace=300696, class=java.util.concurrent.ConcurrentHashMap$Node@50000024)
	key		50000240
	val		5000024a
OBJ 50000fd1 (sz=32, trace=300696, class=java.util.concurrent.ConcurrentHashMap$Node@50000024)
	key		50000cbf
	val		5000091a
	next		50000edb
OBJ 50000fd2 (sz=32, trace=300695, class=java.util.concurrent.ConcurrentHashMap$Node@50000024)
	key		50000b55
	val		50000ad1
OBJ 50000fd3 (sz=32, trace=300695, class=java.util.concurrent.ConcurrentHashMap$Node@50000024)
	key		50000d0b
	val		500009cd
OBJ 50000fd4 (sz=32, trace=300000, class=sun.util.locale.BaseLocale@5000001c)
	language	50000f05
	script		500005d6
	region		50000eff
	variant		500005d6
OBJ 50000fd5 (sz=48, trace=300000, class=sun.util.locale.LocaleObjectCache$CacheEntry@50000019)
	referent	50000fdc
	queue		50000f6b
	key		50000fd6
OBJ 50000fd6 (sz=40, trace=300000, class=sun.util.locale.BaseLocale$Key@5000001a)
	lang		50000fda
	scrt		50000fd9
	regn		50000fd8
	vart		50000fd7
OBJ 50000fd7 (sz=40, trace=300000, class=java.lang.ref.SoftReference@50000152)
	referent	500005d6
	queue		50000f87
OBJ 50000fd8 (sz=40, trace=300000, class=java.lang.ref.SoftReference@50000152)
	referent	50000f02
	queue		50000f87
OBJ 50000fd9 (sz=40, trace=300000, class=java.lang.ref.SoftReference@50000152)
	referent	500005d6
	queue		50000f87
OBJ 50000fda (sz=40, trace=300000, class=java.lang.ref.SoftReference@50000152)
	referent	50000f0b
	queue		50000f87
ARR 50000fdb (sz=4, trace=300000, nelems=2, elem type=char[])
OBJ 50000fdc (sz=32, trace=300000, class=sun.util.locale.BaseLocale@5000001c)
	language	50000f0b
	script		500005d6
	region		50000f02
	variant		500005d6
OBJ 50000fdd (sz=32, trace=300000, class=java.util.concurrent.ConcurrentHashMap$Node@50000024)
	key		50000fe7
	val		50000fe6
OBJ 50000fde (sz=48, trace=300000, class=sun.util.locale.LocaleObjectCache$CacheEntry@50000019)
	referent	50000fe5
	queue		50000f6b
	key		50000fdf
OBJ 50000fdf (sz=40, trace=300000, class=sun.util.locale.BaseLocale$Key@5000001a)
	lang		50000fe3
	scrt		50000fe2
	regn		50000fe1
	vart		50000fe0
OBJ 50000fe0 (sz=40, trace=300000, class=java.lang.ref.SoftReference@50000152)
	referent	500005d6
	queue		50000f87
OBJ 50000fe1 (sz=40, trace=300000, class=java.lang.ref.SoftReference@50000152)
	referent	500005d6
	queue		50000f87
OBJ 50000fe2 (sz=40, trace=300000, class=java.lang.ref.SoftReference@50000152)
	referent	500005d6
	queue		50000f87
OBJ 50000fe3 (sz=40, trace=300000, class=java.lang.ref.SoftReference@50000152)
	referent	50000f0a
	queue		50000f87
ARR 50000fe4 (sz=4, trace=300000, nelems=2, elem type=char[])
OBJ 50000fe5 (sz=32, trace=300000, class=sun.util.locale.BaseLocale@5000001c)
	language	50000f0a
	script		500005d6
	region		500005d6
	variant		500005d6
OBJ 50000fe6 (sz=48, trace=300000, class=sun.util.locale.LocaleObjectCache$CacheEntry@50000019)
	referent	50000f61
	queue		50000f6b
	key		50000fe7
OBJ 50000fe7 (sz=40, trace=300000, class=sun.util.locale.BaseLocale$Key@5000001a)
	lang		50000fed
	scrt		50000fec
	regn		50000feb
	vart		50000fea
OBJ 50000fe8 (sz=56, trace=300687, class=java.util.zip.ZipFile$ZipFileInputStream@5000055e)
	this$0		500004ee
OBJ 50000fe9 (sz=40, trace=300106, class=java.lang.ref.Finalizer@5000014d)
	referent	50000fe8
	queue		500003c8
	next		50000f82
	prev		50001063
OBJ 50000fea (sz=40, trace=300000, class=java.lang.ref.SoftReference@50000152)
	referent	500005d6
	queue		50000f87
OBJ 50000feb (sz=40, trace=300000, class=java.lang.ref.SoftReference@50000152)
	referent	50000f1a
	queue		50000f87
OBJ 50000fec (sz=40, trace=300000, class=java.lang.ref.SoftReference@50000152)
	referent	500005d6
	queue		50000f87
OBJ 50000fed (sz=40, trace=300000, class=java.lang.ref.SoftReference@50000152)
	referent	50000f06
	queue		50000f87
OBJ 50000fee (sz=48, trace=300000, class=sun.util.locale.LocaleObjectCache$CacheEntry@50000019)
	referent	50001009
	queue		50000f6b
	key		50000fef
OBJ 50000fef (sz=40, trace=300000, class=sun.util.locale.BaseLocale$Key@5000001a)
	lang		50000ff3
	scrt		50000ff2
	regn		50000ff1
	vart		50000ff0
OBJ 50000ff0 (sz=40, trace=300000, class=java.lang.ref.SoftReference@50000152)
	referent	500005d6
	queue		50000f87
OBJ 50000ff1 (sz=40, trace=300000, class=java.lang.ref.SoftReference@50000152)
	referent	500005d6
	queue		50000f87
OBJ 50000ff2 (sz=40, trace=300000, class=java.lang.ref.SoftReference@50000152)
	referent	500005d6
	queue		50000f87
OBJ 50000ff3 (sz=40, trace=300000, class=java.lang.ref.SoftReference@50000152)
	referent	50000f06
	queue		50000f87
OBJ 50000ff5 (sz=24, trace=301065, class=com.sun.tools.javac.util.JCDiagnostic$Factory$1@50000ff4)
OBJ 50000ff6 (sz=24, trace=301066, class=com.sun.tools.javac.util.List@50001ac3)
OBJ 50000ff7 (sz=88, trace=301067, class=com.sun.tools.javac.util.Log@50001bf5)
OBJ 50000ff8 (sz=48, trace=301068, class=java.util.HashMap@500000c6)
OBJ 50000ff9 (sz=16, trace=300157, class=java.lang.Object@50000172)
OBJ 50000ffa (sz=32, trace=300683, class=java.util.concurrent.ConcurrentHashMap$Node@50000024)
	key		50000c7d
	val		50000ff9
OBJ 50000ffb (sz=16, trace=300160, class=java.lang.Object@50000172)
OBJ 50000ffc (sz=32, trace=300683, class=java.util.concurrent.ConcurrentHashMap$Node@50000024)
	key		50000c7d
	val		50000ffb
OBJ 50000ffd (sz=16, trace=301069, class=java.util.HashSet@50000005)
OBJ 50000ffe (sz=48, trace=301070, class=java.util.HashMap@500000c6)
OBJ 50000fff (sz=32, trace=300221, class=java.util.HashMap$Node@500000c4)
OBJ 50001000 (sz=16, trace=300157, class=java.lang.Object@50000172)
OBJ 50001001 (sz=32, trace=300683, class=java.util.concurrent.ConcurrentHashMap$Node@50000024)
	key		50000bb0
	val		50001000
	next		500011bf
OBJ 50001002 (sz=16, trace=300160, class=java.lang.Object@50000172)
OBJ 50001003 (sz=32, trace=300683, class=java.util.concurrent.ConcurrentHashMap$Node@50000024)
	key		50000bb0
	val		50001002
	next		500011c6
OBJ 50001005 (sz=16, trace=301071, class=com.sun.tools.javac.util.Context$Key@50001506)
OBJ 50001006 (sz=32, trace=300221, class=java.util.HashMap$Node@500000c4)
OBJ 50001007 (sz=24, trace=301072, class=com.sun.tools.javac.util.Log$DefaultDiagnosticHandler@50001c82)
OBJ 50001008 (sz=24, trace=300842, class=com.sun.tools.javac.util.List@50001ac3)
OBJ 50001009 (sz=32, trace=300000, class=sun.util.locale.BaseLocale@5000001c)
	language	50000f06
	script		500005d6
	region		500005d6
	variant		500005d6
OBJ 5000100a (sz=56, trace=300687, class=java.util.zip.ZipFile$ZipFileInputStream@5000055e)
OBJ 5000100b (sz=32, trace=300000, class=java.util.concurrent.ConcurrentHashMap$Node@50000024)
	key		5000102a
	val		50001029
	next		50001028
OBJ 5000100c (sz=48, trace=300000, class=sun.util.locale.LocaleObjectCache$CacheEntry@50000019)
	referent	50001027
	queue		50000f6b
	key		5000100d
OBJ 5000100d (sz=40, trace=300000, class=sun.util.locale.BaseLocale$Key@5000001a)
	lang		5000101b
	scrt		50001019
	regn		5000100f
	vart		5000100e
OBJ 5000100e (sz=40, trace=300000, class=java.lang.ref.SoftReference@50000152)
	referent	500005d6
	queue		50000f87
OBJ 5000100f (sz=40, trace=300000, class=java.lang.ref.SoftReference@50000152)
	referent	50000f03
	queue		50000f87
OBJ 50001010 (sz=40, trace=301077, class=com.sun.tools.javac.util.BasicDiagnosticFormatter$BasicConfiguration@50000905)
OBJ 50001011 (sz=48, trace=301078, class=java.util.HashMap@500000c6)
ARR 50001012 (sz=80, trace=301038, nelems=0, elem type=java.util.HashMap$Node[]@500000c2)
OBJ 50001013 (sz=32, trace=300221, class=java.util.HashMap$Node@500000c4)
OBJ 50001014 (sz=32, trace=300221, class=java.util.HashMap$Node@500000c4)
OBJ 50001015 (sz=40, trace=301042, class=java.util.EnumMap@500009e6)
ARR 50001016 (sz=32, trace=301079, nelems=0, elem type=java.lang.Object[]@50000108)
OBJ 50001018 (sz=16, trace=300157, class=java.lang.Object@50000172)
OBJ 50001019 (sz=40, trace=300000, class=java.lang.ref.SoftReference@50000152)
	referent	500005d6
	queue		50000f87
OBJ 5000101a (sz=16, trace=300160, class=java.lang.Object@50000172)
OBJ 5000101b (sz=40, trace=300000, class=java.lang.ref.SoftReference@50000152)
	referent	50000f18
	queue		50000f87
OBJ 5000101c (sz=48, trace=301080, class=java.util.HashMap@500000c6)
ARR 5000101d (sz=80, trace=301052, nelems=0, elem type=java.util.HashMap$Node[]@500000c2)
OBJ 5000101e (sz=32, trace=300221, class=java.util.HashMap$Node@500000c4)
OBJ 5000101f (sz=32, trace=300222, class=java.util.HashMap$Node@500000c4)
OBJ 50001020 (sz=32, trace=300221, class=java.util.HashMap$Node@500000c4)
OBJ 50001021 (sz=32, trace=300221, class=java.util.HashMap$Node@500000c4)
OBJ 50001022 (sz=16, trace=300157, class=java.lang.Object@50000172)
OBJ 50001023 (sz=32, trace=300159, class=java.util.concurrent.ConcurrentHashMap$Node@50000024)
	key		50000cfd
	val		50001022
	next		50002062
OBJ 50001024 (sz=16, trace=300160, class=java.lang.Object@50000172)
OBJ 50001025 (sz=32, trace=300159, class=java.util.concurrent.ConcurrentHashMap$Node@50000024)
	key		50000cfd
	val		50001024
	next		50002064
ARR 50001026 (sz=4, trace=300000, nelems=2, elem type=char[])
OBJ 50001027 (sz=32, trace=300000, class=sun.util.locale.BaseLocale@5000001c)
	language	50000f18
	script		500005d6
	region		50000f03
	variant		500005d6
OBJ 50001028 (sz=32, trace=300000, class=java.util.concurrent.ConcurrentHashMap$Node@50000024)
	key		50001033
	val		50001032
	next		50001031
OBJ 50001029 (sz=48, trace=300000, class=sun.util.locale.LocaleObjectCache$CacheEntry@50000019)
	referent	50001030
	queue		50000f6b
	key		5000102a
OBJ 5000102a (sz=40, trace=300000, class=sun.util.locale.BaseLocale$Key@5000001a)
	lang		5000102e
	scrt		5000102d
	regn		5000102c
	vart		5000102b
OBJ 5000102b (sz=40, trace=300000, class=java.lang.ref.SoftReference@50000152)
	referent	500005d6
	queue		50000f87
OBJ 5000102c (sz=40, trace=300000, class=java.lang.ref.SoftReference@50000152)
	referent	50000f00
	queue		50000f87
OBJ 5000102d (sz=40, trace=300000, class=java.lang.ref.SoftReference@50000152)
	referent	500005d6
	queue		50000f87
OBJ 5000102e (sz=40, trace=300000, class=java.lang.ref.SoftReference@50000152)
	referent	50000f08
	queue		50000f87
ARR 5000102f (sz=4, trace=300000, nelems=2, elem type=char[])
OBJ 50001030 (sz=32, trace=300000, class=sun.util.locale.BaseLocale@5000001c)
	language	50000f08
	script		500005d6
	region		50000f00
	variant		500005d6
OBJ 50001031 (sz=32, trace=300000, class=java.util.concurrent.ConcurrentHashMap$Node@50000024)
	key		5000103b
	val		5000103a
OBJ 50001032 (sz=48, trace=300000, class=sun.util.locale.LocaleObjectCache$CacheEntry@50000019)
	referent	50001039
	queue		50000f6b
	key		50001033
OBJ 50001033 (sz=40, trace=300000, class=sun.util.locale.BaseLocale$Key@5000001a)
	lang		50001037
	scrt		50001036
	regn		50001035
	vart		50001034
OBJ 50001034 (sz=40, trace=300000, class=java.lang.ref.SoftReference@50000152)
	referent	500005d6
	queue		50000f87
OBJ 50001035 (sz=40, trace=300000, class=java.lang.ref.SoftReference@50000152)
	referent	50000f1c
	queue		50000f87
OBJ 50001036 (sz=40, trace=300000, class=java.lang.ref.SoftReference@50000152)
	referent	500005d6
	queue		50000f87
OBJ 50001037 (sz=40, trace=300000, class=java.lang.ref.SoftReference@50000152)
	referent	50000f06
	queue		50000f87
ARR 50001038 (sz=4, trace=300000, nelems=2, elem type=char[])
OBJ 50001039 (sz=32, trace=300000, class=sun.util.locale.BaseLocale@5000001c)
	language	50000f06
	script		500005d6
	region		50000f1c
	variant		500005d6
OBJ 5000103a (sz=48, trace=300000, class=sun.util.locale.LocaleObjectCache$CacheEntry@50000019)
	referent	50001040
	queue		50000f6b
	key		5000103b
OBJ 5000103b (sz=40, trace=300000, class=sun.util.locale.BaseLocale$Key@5000001a)
	lang		5000103f
	scrt		5000103e
	regn		5000103d
	vart		5000103c
OBJ 5000103c (sz=40, trace=300000, class=java.lang.ref.SoftReference@50000152)
	referent	500005d6
	queue		50000f87
OBJ 5000103d (sz=40, trace=300000, class=java.lang.ref.SoftReference@50000152)
	referent	50000f19
	queue		50000f87
OBJ 5000103e (sz=40, trace=300000, class=java.lang.ref.SoftReference@50000152)
	referent	500005d6
	queue		50000f87
OBJ 5000103f (sz=40, trace=300000, class=java.lang.ref.SoftReference@50000152)
	referent	50000f06
	queue		50000f87
OBJ 50001040 (sz=32, trace=300000, class=sun.util.locale.BaseLocale@5000001c)
	language	50000f06
	script		500005d6
	region		50000f19
	variant		500005d6
OBJ 50001041 (sz=48, trace=300000, class=sun.util.locale.LocaleObjectCache$CacheEntry@50000019)
	referent	50001048
	queue		50000f6b
	key		50001042
OBJ 50001042 (sz=40, trace=300000, class=sun.util.locale.BaseLocale$Key@5000001a)
	lang		50001046
	scrt		50001045
	regn		50001044
	vart		50001043
OBJ 50001043 (sz=40, trace=300000, class=java.lang.ref.SoftReference@50000152)
	referent	500005d6
	queue		50000f87
OBJ 50001044 (sz=40, trace=300000, class=java.lang.ref.SoftReference@50000152)
	referent	50000f01
	queue		50000f87
OBJ 50001045 (sz=40, trace=300000, class=java.lang.ref.SoftReference@50000152)
	referent	500005d6
	queue		50000f87
OBJ 50001046 (sz=40, trace=300000, class=java.lang.ref.SoftReference@50000152)
	referent	50000f0a
	queue		50000f87
ARR 50001047 (sz=4, trace=300000, nelems=2, elem type=char[])
OBJ 50001048 (sz=32, trace=300000, class=sun.util.locale.BaseLocale@5000001c)
	language	50000f0a
	script		500005d6
	region		50000f01
	variant		500005d6
OBJ 50001049 (sz=48, trace=300000, class=sun.util.locale.LocaleObjectCache$CacheEntry@50000019)
	referent	5000104f
	queue		50000f6b
	key		5000104a
OBJ 5000104a (sz=40, trace=300000, class=sun.util.locale.BaseLocale$Key@5000001a)
	lang		5000104e
	scrt		5000104d
	regn		5000104c
	vart		5000104b
OBJ 5000104b (sz=40, trace=300000, class=java.lang.ref.SoftReference@50000152)
	referent	500005d6
	queue		50000f87
OBJ 5000104c (sz=40, trace=300000, class=java.lang.ref.SoftReference@50000152)
	referent	500005d6
	queue		50000f87
OBJ 5000104d (sz=40, trace=300000, class=java.lang.ref.SoftReference@50000152)
	referent	500005d6
	queue		50000f87
OBJ 5000104e (sz=40, trace=300000, class=java.lang.ref.SoftReference@50000152)
	referent	50000f0c
	queue		50000f87
OBJ 5000104f (sz=32, trace=300000, class=sun.util.locale.BaseLocale@5000001c)
	language	50000f0c
	script		500005d6
	region		500005d6
	variant		500005d6
OBJ 50001050 (sz=48, trace=300000, class=sun.util.locale.LocaleObjectCache$CacheEntry@50000019)
	referent	50001057
	queue		50000f6b
	key		50001052
OBJ 50001051 (sz=56, trace=300687, class=java.util.zip.ZipFile$ZipFileInputStream@5000055e)
OBJ 50001052 (sz=40, trace=300000, class=sun.util.locale.BaseLocale$Key@5000001a)
	lang		50001056
	scrt		50001055
	regn		50001054
	vart		50001053
OBJ 50001053 (sz=40, trace=300000, class=java.lang.ref.SoftReference@50000152)
	referent	500005d6
	queue		50000f87
OBJ 50001054 (sz=40, trace=300000, class=java.lang.ref.SoftReference@50000152)
	referent	500005d6
	queue		50000f87
OBJ 50001055 (sz=40, trace=300000, class=java.lang.ref.SoftReference@50000152)
	referent	500005d6
	queue		50000f87
OBJ 50001056 (sz=40, trace=300000, class=java.lang.ref.SoftReference@50000152)
	referent	50000f05
	queue		50000f87
OBJ 50001057 (sz=32, trace=300000, class=sun.util.locale.BaseLocale@5000001c)
	language	50000f05
	script		500005d6
	region		500005d6
	variant		500005d6
OBJ 50001058 (sz=32, trace=300000, class=java.util.concurrent.ConcurrentHashMap$Node@50000024)
	key		50001069
	val		50001068
OBJ 50001059 (sz=48, trace=300000, class=sun.util.locale.LocaleObjectCache$CacheEntry@50000019)
	referent	50001067
	queue		50000f6b
	key		5000105a
OBJ 5000105a (sz=40, trace=300000, class=sun.util.locale.BaseLocale$Key@5000001a)
	lang		50001065
	scrt		50001064
	regn		5000105c
	vart		5000105b
OBJ 5000105b (sz=40, trace=300000, class=java.lang.ref.SoftReference@50000152)
	referent	500005d6
	queue		50000f87
OBJ 5000105c (sz=40, trace=300000, class=java.lang.ref.SoftReference@50000152)
	referent	50000efe
	queue		50000f87
OBJ 5000105d (sz=56, trace=300687, class=java.util.zip.ZipFile$ZipFileInputStream@5000055e)
	this$0		500004ee
OBJ 5000105f (sz=16, trace=300157, class=java.lang.Object@50000172)
OBJ 50001060 (sz=32, trace=300159, class=java.util.concurrent.ConcurrentHashMap$Node@50000024)
	key		50000b5d
	val		5000105f
OBJ 50001061 (sz=16, trace=300160, class=java.lang.Object@50000172)
OBJ 50001062 (sz=32, trace=300159, class=java.util.concurrent.ConcurrentHashMap$Node@50000024)
	key		50000b5d
	val		50001061
OBJ 50001063 (sz=40, trace=300106, class=java.lang.ref.Finalizer@5000014d)
	referent	5000105d
	queue		500003c8
	next		50000fe9
	prev		500010b7
OBJ 50001064 (sz=40, trace=300000, class=java.lang.ref.SoftReference@50000152)
	referent	500005d6
	queue		50000f87
OBJ 50001065 (sz=40, trace=300000, class=java.lang.ref.SoftReference@50000152)
	referent	50000f18
	queue		50000f87
ARR 50001066 (sz=4, trace=300000, nelems=2, elem type=char[])
OBJ 50001067 (sz=32, trace=300000, class=sun.util.locale.BaseLocale@5000001c)
	language	50000f18
	script		500005d6
	region		50000efe
	variant		500005d6
OBJ 50001068 (sz=48, trace=300000, class=sun.util.locale.LocaleObjectCache$CacheEntry@50000019)
	referent	5000106e
	queue		50000f6b
	key		50001069
OBJ 50001069 (sz=40, trace=300000, class=sun.util.locale.BaseLocale$Key@5000001a)
	lang		5000106d
	scrt		5000106c
	regn		5000106b
	vart		5000106a
OBJ 5000106a (sz=40, trace=300000, class=java.lang.ref.SoftReference@50000152)
	referent	500005d6
	queue		50000f87
OBJ 5000106b (sz=40, trace=300000, class=java.lang.ref.SoftReference@50000152)
	referent	500005d6
	queue		50000f87
OBJ 5000106c (sz=40, trace=300000, class=java.lang.ref.SoftReference@50000152)
	referent	500005d6
	queue		50000f87
OBJ 5000106d (sz=40, trace=300000, class=java.lang.ref.SoftReference@50000152)
	referent	500005d6
	queue		50000f87
OBJ 5000106e (sz=32, trace=300000, class=sun.util.locale.BaseLocale@5000001c)
	language	500005d6
	script		500005d6
	region		500005d6
	variant		500005d6
OBJ 50001070 (sz=24, trace=301081, class=com.sun.tools.javac.util.BasicDiagnosticFormatter$BasicConfiguration$SourcePosition@5000106f)
	name		50002d60
OBJ 50001071 (sz=24, trace=301082, class=com.sun.tools.javac.util.BasicDiagnosticFormatter$BasicConfiguration$SourcePosition@5000106f)
	name		50002d5f
ARR 50001073 (sz=24, trace=301083, nelems=2, elem type=com.sun.tools.javac.util.BasicDiagnosticFormatter$BasicConfiguration$SourcePosition[]@50001072)
	[0]		50001070
	[1]		50001071
OBJ 50001074 (sz=32, trace=301084, class=com.sun.tools.javac.util.BasicDiagnosticFormatter@50000376)
OBJ 50001075 (sz=24, trace=301085, class=com.sun.tools.javac.util.AbstractDiagnosticFormatter$1@500004e2)
OBJ 50001076 (sz=16, trace=300157, class=java.lang.Object@50000172)
OBJ 50001077 (sz=32, trace=300159, class=java.util.concurrent.ConcurrentHashMap$Node@50000024)
	key		50000d45
	val		50001076
OBJ 50001078 (sz=16, trace=300160, class=java.lang.Object@50000172)
OBJ 50001079 (sz=32, trace=300159, class=java.util.concurrent.ConcurrentHashMap$Node@50000024)
	key		50000d45
	val		50001078
ARR 5000107a (sz=4, trace=300000, nelems=2, elem type=char[])
ARR 5000107b (sz=4, trace=300000, nelems=2, elem type=char[])
ARR 5000107c (sz=4, trace=300000, nelems=2, elem type=char[])
OBJ 5000107d (sz=16, trace=300000, class=java.lang.ref.ReferenceQueue$Lock@500000d1)
OBJ 5000107e (sz=32, trace=300000, class=java.util.concurrent.ConcurrentHashMap$Node@50000024)
	key		50001082
	val		50001081
OBJ 5000107f (sz=48, trace=300000, class=sun.util.locale.LocaleObjectCache$CacheEntry@50000019)
	referent	50000f1f
	queue		50000f4c
	key		50001080
OBJ 50001080 (sz=24, trace=300000, class=java.util.Locale$LocaleKey@50000018)
	base		50001039
OBJ 50001081 (sz=48, trace=300000, class=sun.util.locale.LocaleObjectCache$CacheEntry@50000019)
	referent	50000f22
	queue		50000f4c
	key		50001082
OBJ 50001082 (sz=24, trace=300000, class=java.util.Locale$LocaleKey@50000018)
	base		50001040
OBJ 50001083 (sz=48, trace=300000, class=sun.util.locale.LocaleObjectCache$CacheEntry@50000019)
	referent	50000f3c
	queue		50000f4c
	key		50001084
OBJ 50001084 (sz=24, trace=300000, class=java.util.Locale$LocaleKey@50000018)
	base		50001030
OBJ 50001085 (sz=48, trace=300000, class=sun.util.locale.LocaleObjectCache$CacheEntry@50000019)
	referent	50000f37
	queue		50000f4c
	key		50001086
OBJ 50001086 (sz=24, trace=300000, class=java.util.Locale$LocaleKey@50000018)
	base		50001048
OBJ 50001087 (sz=48, trace=300000, class=sun.util.locale.LocaleObjectCache$CacheEntry@50000019)
	referent	500005d9
	queue		50000f4c
	key		50001088
OBJ 50001088 (sz=24, trace=300000, class=java.util.Locale$LocaleKey@50000018)
	base		50001009
OBJ 50001089 (sz=48, trace=300000, class=sun.util.locale.LocaleObjectCache$CacheEntry@50000019)
	referent	50000f45
	queue		50000f4c
	key		5000108a
OBJ 5000108a (sz=24, trace=300000, class=java.util.Locale$LocaleKey@50000018)
	base		50000fb1
OBJ 5000108b (sz=48, trace=300000, class=sun.util.locale.LocaleObjectCache$CacheEntry@50000019)
	referent	50000f49
	queue		50000f4c
	key		5000108c
OBJ 5000108c (sz=24, trace=300000, class=java.util.Locale$LocaleKey@50000018)
	base		50001057
OBJ 5000108d (sz=48, trace=300000, class=sun.util.locale.LocaleObjectCache$CacheEntry@50000019)
	referent	50000f3b
	queue		50000f4c
	key		5000108e
OBJ 5000108e (sz=24, trace=300000, class=java.util.Locale$LocaleKey@50000018)
	base		50000fd4
OBJ 5000108f (sz=48, trace=300000, class=sun.util.locale.LocaleObjectCache$CacheEntry@50000019)
	referent	50000f46
	queue		50000f4c
	key		50001090
OBJ 50001090 (sz=24, trace=300000, class=java.util.Locale$LocaleKey@50000018)
	base		5000104f
OBJ 50001091 (sz=48, trace=300000, class=sun.util.locale.LocaleObjectCache$CacheEntry@50000019)
	referent	50000f48
	queue		50000f4c
	key		50001092
OBJ 50001092 (sz=24, trace=300000, class=java.util.Locale$LocaleKey@50000018)
	base		50000fe5
OBJ 50001093 (sz=32, trace=300000, class=java.util.concurrent.ConcurrentHashMap$Node@50000024)
	key		50001097
	val		50001096
OBJ 50001094 (sz=48, trace=300000, class=sun.util.locale.LocaleObjectCache$CacheEntry@50000019)
	referent	50000f47
	queue		50000f4c
	key		50001095
OBJ 50001095 (sz=24, trace=300000, class=java.util.Locale$LocaleKey@50000018)
	base		50000fa8
OBJ 50001096 (sz=48, trace=300000, class=sun.util.locale.LocaleObjectCache$CacheEntry@50000019)
	referent	50000f24
	queue		50000f4c
	key		50001097
OBJ 50001097 (sz=24, trace=300000, class=java.util.Locale$LocaleKey@50000018)
	base		50001027
OBJ 50001098 (sz=56, trace=300687, class=java.util.zip.ZipFile$ZipFileInputStream@5000055e)
OBJ 50001099 (sz=48, trace=300000, class=sun.util.locale.LocaleObjectCache$CacheEntry@50000019)
	referent	50000f4a
	queue		50000f4c
	key		5000109a
OBJ 5000109a (sz=24, trace=300000, class=java.util.Locale$LocaleKey@50000018)
	base		50000fbc
OBJ 5000109b (sz=48, trace=300000, class=sun.util.locale.LocaleObjectCache$CacheEntry@50000019)
	referent	50000f21
	queue		50000f4c
	key		5000109c
OBJ 5000109c (sz=24, trace=300000, class=java.util.Locale$LocaleKey@50000018)
	base		50000f8d
OBJ 5000109d (sz=48, trace=300000, class=sun.util.locale.LocaleObjectCache$CacheEntry@50000019)
	referent	50000f35
	queue		50000f4c
	key		5000109e
OBJ 5000109e (sz=24, trace=300000, class=java.util.Locale$LocaleKey@50000018)
	base		50000fa0
OBJ 5000109f (sz=48, trace=300000, class=sun.util.locale.LocaleObjectCache$CacheEntry@50000019)
	referent	50000f36
	queue		50000f4c
	key		500010a0
OBJ 500010a0 (sz=24, trace=300000, class=java.util.Locale$LocaleKey@50000018)
	base		50000fdc
OBJ 500010a1 (sz=32, trace=300000, class=java.util.concurrent.ConcurrentHashMap$Node@50000024)
	key		500010aa
	val		500010a4
OBJ 500010a2 (sz=48, trace=300000, class=sun.util.locale.LocaleObjectCache$CacheEntry@50000019)
	referent	50000f25
	queue		50000f4c
	key		500010a3
OBJ 500010a3 (sz=24, trace=300000, class=java.util.Locale$LocaleKey@50000018)
	base		50001067
OBJ 500010a4 (sz=48, trace=300000, class=sun.util.locale.LocaleObjectCache$CacheEntry@50000019)
	referent	50000f20
	queue		50000f4c
	key		500010aa
OBJ 500010a6 (sz=16, trace=300157, class=java.lang.Object@50000172)
OBJ 500010a7 (sz=32, trace=300683, class=java.util.concurrent.ConcurrentHashMap$Node@50000024)
	key		50000b5b
	val		500010a6
OBJ 500010a8 (sz=16, trace=300160, class=java.lang.Object@50000172)
OBJ 500010a9 (sz=32, trace=300683, class=java.util.concurrent.ConcurrentHashMap$Node@50000024)
	key		50000b5b
	val		500010a8
OBJ 500010aa (sz=24, trace=300000, class=java.util.Locale$LocaleKey@50000018)
	base		5000106e
OBJ 500010ab (sz=40, trace=300000, class=java.io.ObjectStreamField@500000fc)
	name		50000f0d
	signature	500010b1
	type		5000016e
OBJ 500010ac (sz=40, trace=300000, class=java.io.ObjectStreamField@500000fc)
	name		50000f04
	signature	500010b1
	type		5000016e
OBJ 500010ad (sz=40, trace=300000, class=java.io.ObjectStreamField@500000fc)
	name		50000f15
	signature	500010b1
	type		5000016e
OBJ 500010ae (sz=40, trace=300000, class=java.io.ObjectStreamField@500000fc)
	name		50000f09
	signature	50000d5c
	type		5000058f
OBJ 500010af (sz=40, trace=300000, class=java.io.ObjectStreamField@500000fc)
	name		50000f0e
	signature	500010b1
	type		5000016e
OBJ 500010b0 (sz=40, trace=300000, class=java.io.ObjectStreamField@500000fc)
	name		50000f07
	signature	500010b1
	type		5000016e
OBJ 500010b1 (sz=24, trace=300000, class=java.lang.String@5000016e)
	value		500010b3
ARR 500010b2 (sz=20, trace=300000, nelems=10, elem type=char[])
ARR 500010b3 (sz=36, trace=300000, nelems=18, elem type=char[])
ARR 500010b4 (sz=12, trace=300000, nelems=6, elem type=char[])
ARR 500010b5 (sz=16, trace=300000, nelems=8, elem type=char[])
OBJ 500010b6 (sz=56, trace=300687, class=java.util.zip.ZipFile$ZipFileInputStream@5000055e)
	this$0		500004ee
OBJ 500010b7 (sz=40, trace=300106, class=java.lang.ref.Finalizer@5000014d)
	referent	500010b6
	queue		500003c8
	next		50001063
	prev		5000110d
ARR 500010b8 (sz=14, trace=300000, nelems=7, elem type=char[])
ARR 500010b9 (sz=14, trace=300000, nelems=7, elem type=char[])
ARR 500010ba (sz=16, trace=300000, nelems=8, elem type=char[])
OBJ 500010bb (sz=24, trace=300000, class=java.lang.String@5000016e)
	value		500010d3
OBJ 500010bc (sz=24, trace=300000, class=java.lang.String@5000016e)
	value		500010d8
OBJ 500010bd (sz=24, trace=300000, class=java.lang.String@5000016e)
	value		500010d6
OBJ 500010be (sz=24, trace=300000, class=java.lang.String@5000016e)
	value		500010db
OBJ 500010bf (sz=24, trace=300000, class=java.lang.String@5000016e)
	value		500010d4
OBJ 500010c0 (sz=24, trace=300000, class=java.lang.String@5000016e)
	value		500010d9
OBJ 500010c1 (sz=24, trace=300000, class=java.lang.String@5000016e)
	value		500010d5
OBJ 500010c3 (sz=24, trace=301086, class=com.sun.tools.javac.util.Log$1@500010c2)
OBJ 500010c4 (sz=24, trace=301066, class=com.sun.tools.javac.util.List@50001ac3)
OBJ 500010c5 (sz=16, trace=300157, class=java.lang.Object@50000172)
OBJ 500010c6 (sz=32, trace=300159, class=java.util.concurrent.ConcurrentHashMap$Node@50000024)
	key		50000bd1
	val		500010c5
OBJ 500010c7 (sz=16, trace=300160, class=java.lang.Object@50000172)
OBJ 500010c8 (sz=32, trace=300159, class=java.util.concurrent.ConcurrentHashMap$Node@50000024)
	key		50000bd1
	val		500010c7
OBJ 500010ca (sz=16, trace=301087, class=java.util.LinkedHashSet@500010c9)
OBJ 500010cb (sz=56, trace=301088, class=java.util.LinkedHashMap@5000006a)
OBJ 500010cc (sz=16, trace=300157, class=java.lang.Object@50000172)
OBJ 500010cd (sz=32, trace=300159, class=java.util.concurrent.ConcurrentHashMap$Node@50000024)
	key		50000cec
	val		500010cc
OBJ 500010ce (sz=16, trace=300160, class=java.lang.Object@50000172)
OBJ 500010cf (sz=32, trace=300159, class=java.util.concurrent.ConcurrentHashMap$Node@50000024)
	key		50000cec
	val		500010ce
OBJ 500010d0 (sz=24, trace=300000, class=java.lang.String@5000016e)
	value		500010da
OBJ 500010d1 (sz=24, trace=300000, class=java.lang.String@5000016e)
	value		500010d7
OBJ 500010d2 (sz=24, trace=300000, class=java.lang.String@5000016e)
	value		500010dc
ARR 500010d3 (sz=14, trace=300000, nelems=7, elem type=char[])
ARR 500010d4 (sz=42, trace=300000, nelems=21, elem type=char[])
ARR 500010d5 (sz=38, trace=300000, nelems=19, elem type=char[])
ARR 500010d6 (sz=40, trace=300000, nelems=20, elem type=char[])
ARR 500010d7 (sz=40, trace=300000, nelems=20, elem type=char[])
ARR 500010d8 (sz=12, trace=300000, nelems=6, elem type=char[])
ARR 500010d9 (sz=40, trace=300000, nelems=20, elem type=char[])
ARR 500010da (sz=36, trace=300000, nelems=18, elem type=char[])
ARR 500010db (sz=38, trace=300000, nelems=19, elem type=char[])
ARR 500010dc (sz=38, trace=300000, nelems=19, elem type=char[])
ARR 500010dd (sz=24, trace=300000, nelems=12, elem type=char[])
ARR 500010de (sz=22, trace=300000, nelems=11, elem type=char[])
OBJ 500010df (sz=56, trace=300687, class=java.util.zip.ZipFile$ZipFileInputStream@5000055e)
ARR 500010e0 (sz=22, trace=300000, nelems=11, elem type=char[])
ARR 500010e1 (sz=26, trace=300000, nelems=13, elem type=char[])
ARR 500010e2 (sz=24, trace=300000, nelems=12, elem type=char[])
ARR 500010e3 (sz=4, trace=300000, nelems=2, elem type=char[])
OBJ 500010e4 (sz=24, trace=300000, class=java.lang.String@5000016e)
	value		500010f2
OBJ 500010e5 (sz=24, trace=300000, class=java.lang.String@5000016e)
	value		500010eb
ARR 500010e6 (sz=32, trace=300000, nelems=3, elem type=java.io.ObjectStreamField[]@500000fa)
	[0]		500010e7
	[1]		500010e8
	[2]		500010e9
OBJ 500010e7 (sz=40, trace=300000, class=java.io.ObjectStreamField@500000fc)
	name		50000d56
	signature	500010f3
	type		50000179
OBJ 500010e8 (sz=40, trace=300000, class=java.io.ObjectStreamField@500000fc)
	name		500010e4
	signature	50000d5c
	type		5000058f
OBJ 500010e9 (sz=40, trace=300000, class=java.io.ObjectStreamField@500000fc)
	name		500010e5
	signature	500010ea
	type		500005a0
OBJ 500010ea (sz=24, trace=300000, class=java.lang.String@5000016e)
	value		500010f1
ARR 500010eb (sz=12, trace=300000, nelems=6, elem type=char[])
OBJ 500010ed (sz=16, trace=300157, class=java.lang.Object@50000172)
OBJ 500010ee (sz=32, trace=300683, class=java.util.concurrent.ConcurrentHashMap$Node@50000024)
	key		50000ad2
	val		500010ed
OBJ 500010ef (sz=16, trace=300160, class=java.lang.Object@50000172)
OBJ 500010f0 (sz=32, trace=300683, class=java.util.concurrent.ConcurrentHashMap$Node@50000024)
	key		50000ad2
	val		500010ef
ARR 500010f1 (sz=2, trace=300000, nelems=1, elem type=char[])
ARR 500010f2 (sz=10, trace=300000, nelems=5, elem type=char[])
OBJ 500010f3 (sz=24, trace=300000, class=java.lang.String@5000016e)
	value		500010f4
ARR 500010f4 (sz=4, trace=300000, nelems=2, elem type=char[])
OBJ 500010f5 (sz=24, trace=300000, class=java.lang.String@5000016e)
	value		500010f8
OBJ 500010f6 (sz=24, trace=300000, class=java.lang.String@5000016e)
	value		500010f7
ARR 500010f7 (sz=52, trace=300000, nelems=26, elem type=char[])
ARR 500010f8 (sz=42, trace=300000, nelems=21, elem type=char[])
ARR 500010f9 (sz=28, trace=300000, nelems=14, elem type=char[])
ARR 500010fa (sz=28, trace=300000, nelems=14, elem type=char[])
ARR 500010fb (sz=2, trace=300000, nelems=1, elem type=char[])
ARR 500010fc (sz=2, trace=300000, nelems=1, elem type=char[])
OBJ 500010fd (sz=24, trace=300000, class=java.lang.String@5000016e)
	value		50001103
OBJ 500010fe (sz=24, trace=300000, class=java.lang.String@5000016e)
	value		50001102
ARR 500010ff (sz=24, trace=300000, nelems=2, elem type=java.io.File$PathStatus[]@50000062)
	[0]		50001101
	[1]		50001100
OBJ 50001100 (sz=24, trace=300000, class=java.io.File$PathStatus@50000067)
	name		500010fd
OBJ 50001101 (sz=24, trace=300000, class=java.io.File$PathStatus@50000067)
	name		500010fe
ARR 50001102 (sz=14, trace=300000, nelems=7, elem type=char[])
ARR 50001103 (sz=14, trace=300000, nelems=7, elem type=char[])
ARR 50001104 (sz=24, trace=300000, nelems=12, elem type=char[])
ARR 50001105 (sz=8, trace=300000, nelems=4, elem type=char[])
OBJ 50001106 (sz=24, trace=300000, class=java.lang.String@5000016e)
	value		5000110a
OBJ 50001107 (sz=32, trace=300000, class=java.util.concurrent.atomic.AtomicReferenceFieldUpdater$AtomicReferenceFieldUpdaterImpl@500000a9)
	cclass		500000ab
	tclass		500000ab
	vclass		50000176
OBJ 50001108 (sz=24, trace=300000, class=java.lang.String@5000016e)
	value		50001109
ARR 50001109 (sz=26, trace=300000, nelems=13, elem type=char[])
ARR 5000110a (sz=6, trace=300000, nelems=3, elem type=char[])
ARR 5000110b (sz=62, trace=300000, nelems=31, elem type=char[])
OBJ 5000110c (sz=56, trace=300687, class=java.util.zip.ZipFile$ZipFileInputStream@5000055e)
	this$0		500004ee
OBJ 5000110d (sz=40, trace=300106, class=java.lang.ref.Finalizer@5000014d)
	referent	5000110c
	queue		500003c8
	next		500010b7
	prev		500011a7
ARR 5000110e (sz=20, trace=300000, nelems=10, elem type=char[])
ARR 5000110f (sz=6, trace=300000, nelems=3, elem type=char[])
ARR 50001110 (sz=48, trace=300000, nelems=24, elem type=char[])
ARR 50001111 (sz=26, trace=300000, nelems=13, elem type=char[])
ARR 50001112 (sz=18, trace=300000, nelems=9, elem type=char[])
ARR 50001113 (sz=2, trace=300000, nelems=1, elem type=char[])
ARR 50001114 (sz=16, trace=300000, nelems=8, elem type=char[])
OBJ 50001115 (sz=24, trace=300000, class=java.lang.String@5000016e)
	value		50001116
ARR 50001116 (sz=10, trace=300000, nelems=5, elem type=char[])
ARR 50001117 (sz=14, trace=300000, nelems=7, elem type=char[])
ARR 50001118 (sz=2, trace=300000, nelems=1, elem type=char[])
ARR 50001119 (sz=6, trace=300000, nelems=3, elem type=char[])
OBJ 5000111a (sz=16, trace=300157, class=java.lang.Object@50000172)
OBJ 5000111b (sz=32, trace=300159, class=java.util.concurrent.ConcurrentHashMap$Node@50000024)
	key		50000c43
	val		5000111a
ARR 5000111c (sz=2064, trace=300692, nelems=512, elem type=java.util.concurrent.ConcurrentHashMap$Node[]@50000023)
	[1]		50001b14
	[2]		50000e7e
	[4]		50001077
	[7]		50000be2
	[13]		500009dc
	[16]		50000b1d
	[20]		500007d6
	[23]		5000136c
	[24]		50001b66
	[30]		50001622
	[36]		50000aba
	[41]		50001e05
	[42]		50000aa9
	[43]		50001a29
	[44]		50001878
	[48]		50001380
	[58]		50001550
	[59]		50001780
	[65]		50000fc5
	[66]		50001325
	[68]		5000113d
	[71]		50000a1a
	[72]		50000d87
	[79]		50001023
	[80]		50001414
	[84]		500009eb
	[91]		500002ae
	[92]		50000593
	[95]		500010cd
	[96]		50001c9a
	[98]		50001fec
	[102]		5000084b
	[103]		500014c2
	[104]		5000173a
	[106]		50001132
	[118]		50001ce7
	[122]		50001d2f
	[127]		50000f42
	[128]		50000d36
	[132]		50000b25
	[135]		50001a05
	[141]		50001c84
	[144]		5000160c
	[145]		50000fc3
	[146]		50001ac0
	[147]		50000d8d
	[150]		5000112d
	[152]		50001bf7
	[153]		50000425
	[154]		50000378
	[156]		50000ed1
	[161]		50000c8c
	[167]		50000add
	[168]		50001509
	[170]		50001ddb
	[172]		50000ce0
	[173]		500017ec
	[174]		50001a74
	[185]		50000d30
	[187]		5000184a
	[190]		50001129
	[191]		50001bea
	[204]		50001d77
	[207]		500002dd
	[208]		50000ffa
	[211]		500003ce
	[215]		50000ab5
	[217]		50001419
	[218]		50001730
	[219]		5000132f
	[220]		50001b60
	[221]		5000181e
	[222]		50001cf2
	[223]		5000179b
	[224]		50001122
	[231]		50000ddc
	[233]		500001c7
	[235]		5000034e
	[237]		50002290
	[242]		50000bd7
	[245]		5000168f
	[248]		50000f95
	[250]		50001881
	[251]		500011bb
	[252]		500019fc
	[258]		50001290
	[260]		500019b8
	[261]		5000047c
	[262]		50000b38
	[265]		5000111b
	[266]		500017e6
	[272]		50001142
	[274]		50001784
	[275]		50000fc2
	[276]		5000032e
	[279]		50001ad8
	[280]		50001141
	[281]		50001e0a
	[282]		500019b5
	[284]		5000184e
	[285]		50001828
	[288]		50000fbf
	[293]		500009e3
	[294]		50001912
	[296]		50000de3
	[297]		50001140
	[299]		500011b7
	[301]		50001c92
	[302]		50001889
	[304]		5000186e
	[309]		500016e6
	[315]		5000113f
	[316]		50001b1a
	[317]		50001ac5
	[319]		50001e19
	[320]		50000ac3
	[321]		5000113e
	[324]		50000c30
	[327]		500018c2
	[328]		500014a0
	[329]		50001886
	[331]		500015ec
	[334]		500012e2
	[335]		50001449
	[340]		5000113b
	[343]		50000c86
	[347]		5000113a
	[350]		500010c6
	[353]		50000dca
	[358]		50001138
	[362]		50001c88
	[363]		500009b9
	[366]		50001a1c
	[369]		500016df
	[376]		50000bdb
	[377]		50000b94
	[378]		50001131
	[379]		50000c22
	[380]		50000cf6
	[381]		50000cb0
	[382]		500009c8
	[383]		5000112f
	[384]		50001ec6
	[385]		50000ad4
	[389]		50001a22
	[390]		50000907
	[392]		50001370
	[398]		50000ad9
	[403]		50001f1c
	[404]		50000fc1
	[406]		5000112e
	[407]		50001961
	[408]		5000112c
	[410]		5000112b
	[411]		50000b4a
	[418]		50000707
	[420]		5000188a
	[427]		5000209b
	[430]		5000112a
	[432]		50000310
	[434]		50001abc
	[439]		50001d3e
	[440]		500015fa
	[442]		500016ee
	[444]		5000163b
	[445]		50001a00
	[446]		50000b88
	[447]		50001788
	[452]		5000187d
	[456]		50001060
	[457]		500010a7
	[458]		50001684
	[462]		50000fc4
	[464]		50001125
	[465]		50000e56
	[466]		50000e9e
	[467]		50001124
	[468]		50000f2c
	[469]		50000f73
	[470]		50000fba
	[471]		50001123
	[472]		50000abe
	[480]		50001121
	[481]		50001b95
	[484]		50001b0b
	[485]		50001823
	[487]		50001120
	[488]		50001884
	[490]		50001169
	[492]		50001816
	[496]		50001135
	[497]		50001883
	[498]		5000111f
	[499]		50001209
	[500]		50001250
	[501]		50001297
	[502]		500012de
	[504]		5000111e
	[505]		50000ecc
	[509]		50001a16
	[511]		500010ee
ARR 5000111d (sz=6, trace=300000, nelems=3, elem type=char[])
OBJ 5000111e (sz=32, trace=300695, class=java.util.concurrent.ConcurrentHashMap$Node@50000024)
	key		50000aeb
	val		50000ab4
OBJ 5000111f (sz=32, trace=300695, class=java.util.concurrent.ConcurrentHashMap$Node@50000024)
	key		50000af7
	val		500011c1
OBJ 50001120 (sz=32, trace=300695, class=java.util.concurrent.ConcurrentHashMap$Node@50000024)
	key		50000b09
	val		50001bad
OBJ 50001121 (sz=32, trace=300695, class=java.util.concurrent.ConcurrentHashMap$Node@50000024)
	key		50000b13
	val		500008ca
	next		50000964
OBJ 50001122 (sz=32, trace=300696, class=java.util.concurrent.ConcurrentHashMap$Node@50000024)
	key		50000c62
	val		500008ce
OBJ 50001123 (sz=32, trace=300695, class=java.util.concurrent.ConcurrentHashMap$Node@50000024)
	key		50000b2e
	val		50001018
OBJ 50001124 (sz=32, trace=300695, class=java.util.concurrent.ConcurrentHashMap$Node@50000024)
	key		50000b4d
	val		50000ee4
OBJ 50001125 (sz=32, trace=300695, class=java.util.concurrent.ConcurrentHashMap$Node@50000024)
	key		50000b53
	val		50000e0f
OBJ 50001126 (sz=56, trace=300687, class=java.util.zip.ZipFile$ZipFileInputStream@5000055e)
ARR 50001127 (sz=8, trace=300000, nelems=4, elem type=char[])
OBJ 50001128 (sz=32, trace=300696, class=java.util.concurrent.ConcurrentHashMap$Node@50000024)
	key		50000c8f
	val		50001dbd
OBJ 50001129 (sz=32, trace=300696, class=java.util.concurrent.ConcurrentHashMap$Node@50000024)
	key		50000270
	val		50000272
	next		50001128
OBJ 5000112a (sz=32, trace=300695, class=java.util.concurrent.ConcurrentHashMap$Node@50000024)
	key		50000b73
	val		500009bd
OBJ 5000112b (sz=32, trace=300695, class=java.util.concurrent.ConcurrentHashMap$Node@50000024)
	key		50000b7f
	val		50000875
OBJ 5000112c (sz=32, trace=300695, class=java.util.concurrent.ConcurrentHashMap$Node@50000024)
	key		50000b81
	val		500013c7
OBJ 5000112d (sz=32, trace=300696, class=java.util.concurrent.ConcurrentHashMap$Node@50000024)
	key		50000cb5
	val		5000196d
	next		50001e10
OBJ 5000112e (sz=32, trace=300695, class=java.util.concurrent.ConcurrentHashMap$Node@50000024)
	key		50000b8b
	val		50001c8c
OBJ 5000112f (sz=32, trace=300695, class=java.util.concurrent.ConcurrentHashMap$Node@50000024)
	key		50000ba0
	val		50000d3c
OBJ 50001130 (sz=32, trace=300695, class=java.util.concurrent.ConcurrentHashMap$Node@50000024)
	key		50000bb6
	val		50000c68
OBJ 50001131 (sz=32, trace=300695, class=java.util.concurrent.ConcurrentHashMap$Node@50000024)
	key		50000bb4
	val		50001968
	next		50001130
OBJ 50001132 (sz=32, trace=300696, class=java.util.concurrent.ConcurrentHashMap$Node@50000024)
	key		50000cd5
	val		500009c3
OBJ 50001134 (sz=16, trace=300157, class=java.lang.Object@50000172)
OBJ 50001135 (sz=32, trace=300159, class=java.util.concurrent.ConcurrentHashMap$Node@50000024)
	key		50000afb
	val		50001134
OBJ 50001136 (sz=16, trace=300160, class=java.lang.Object@50000172)
OBJ 50001137 (sz=32, trace=300159, class=java.util.concurrent.ConcurrentHashMap$Node@50000024)
	key		50000afb
	val		50001136
OBJ 50001138 (sz=32, trace=300695, class=java.util.concurrent.ConcurrentHashMap$Node@50000024)
	key		50000bc8
	val		50000777
	next		50001a7f
OBJ 50001139 (sz=32, trace=300695, class=java.util.concurrent.ConcurrentHashMap$Node@50000024)
	key		50000bd5
	val		5000085d
OBJ 5000113a (sz=32, trace=300695, class=java.util.concurrent.ConcurrentHashMap$Node@50000024)
	key		50000bd3
	val		50001425
	next		50001139
OBJ 5000113b (sz=32, trace=300695, class=java.util.concurrent.ConcurrentHashMap$Node@50000024)
	key		50000be8
	val		50001e60
OBJ 5000113c (sz=32, trace=300696, class=java.util.concurrent.ConcurrentHashMap$Node@50000024)
	key		50000d05
	val		50001819
	next		50001be2
OBJ 5000113d (sz=32, trace=300696, class=java.util.concurrent.ConcurrentHashMap$Node@50000024)
	key		50000d03
	val		500017cd
	next		5000113c
OBJ 5000113e (sz=32, trace=300695, class=java.util.concurrent.ConcurrentHashMap$Node@50000024)
	key		50000bf8
	val		500009cf
OBJ 5000113f (sz=32, trace=300695, class=java.util.concurrent.ConcurrentHashMap$Node@50000024)
	key		50000c02
	val		50001734
OBJ 50001140 (sz=32, trace=300695, class=java.util.concurrent.ConcurrentHashMap$Node@50000024)
	key		50000c0e
	val		50000ab0
OBJ 50001141 (sz=32, trace=300695, class=java.util.concurrent.ConcurrentHashMap$Node@50000024)
	key		50000c2c
	val		50001922
OBJ 50001142 (sz=32, trace=300695, class=java.util.concurrent.ConcurrentHashMap$Node@50000024)
	key		50000c3f
	val		50001873
OBJ 50001143 (sz=16, trace=300160, class=java.lang.Object@50000172)
OBJ 50001144 (sz=32, trace=300159, class=java.util.concurrent.ConcurrentHashMap$Node@50000024)
	key		50000c43
	val		50001143
ARR 50001145 (sz=2064, trace=300692, nelems=512, elem type=java.util.concurrent.ConcurrentHashMap$Node[]@50000023)
	[1]		50001b16
	[2]		50000e80
	[4]		50001079
	[7]		50000be4
	[13]		500009de
	[16]		50000b1f
	[20]		500007d8
	[23]		5000136e
	[24]		50001b68
	[30]		50001624
	[36]		50000ac5
	[41]		50001e07
	[42]		50000aab
	[43]		50001a2b
	[44]		5000187a
	[48]		50001382
	[58]		50001552
	[59]		50001782
	[65]		50000fd3
	[66]		50001327
	[68]		5000115f
	[71]		50000a1c
	[72]		50000d89
	[79]		50001025
	[80]		50001416
	[84]		500009ed
	[91]		500002b0
	[92]		50000595
	[95]		500010cf
	[96]		50001c9c
	[98]		50001fee
	[102]		5000084d
	[103]		500014c4
	[104]		5000173c
	[106]		50001159
	[118]		50001ce9
	[122]		50001d31
	[127]		50000f44
	[128]		50000d38
	[132]		50000b29
	[135]		50001a07
	[141]		50001c86
	[144]		50001627
	[145]		50000fd1
	[146]		50001ac2
	[147]		50000d8f
	[150]		50001154
	[152]		50001bf9
	[153]		50000429
	[154]		5000037a
	[156]		50000ed3
	[161]		50000c8e
	[167]		50000adf
	[168]		5000150b
	[170]		50001ddd
	[172]		50000ce2
	[173]		500017ee
	[174]		50001a76
	[185]		50000d32
	[187]		5000184c
	[190]		50001150
	[191]		50001bec
	[204]		50001d79
	[207]		500002df
	[208]		50000ffc
	[211]		500003d0
	[215]		50000abb
	[217]		5000141b
	[218]		50001732
	[219]		50001331
	[220]		50001b62
	[221]		50001820
	[222]		50001cf4
	[223]		5000179d
	[224]		5000114b
	[231]		50000dde
	[233]		500001c9
	[235]		50000350
	[237]		50002292
	[242]		50000bde
	[245]		50001691
	[248]		50000f97
	[250]		50001890
	[251]		500011bd
	[252]		500019fe
	[258]		50001292
	[260]		500019ba
	[261]		5000047e
	[262]		50000b3a
	[265]		50001144
	[266]		500017e8
	[272]		50001164
	[274]		50001786
	[275]		50000fd0
	[276]		50000330
	[279]		50001ada
	[280]		50001163
	[281]		50001e0c
	[282]		500019b7
	[284]		50001850
	[285]		5000182a
	[288]		50000fcd
	[293]		500009e5
	[294]		50001914
	[296]		50000de5
	[297]		50001162
	[299]		500011b9
	[301]		50001c94
	[302]		50001898
	[304]		50001870
	[309]		500016e8
	[315]		50001161
	[316]		50001b1c
	[317]		50001ac7
	[319]		50001e1b
	[320]		50000ace
	[321]		50001160
	[324]		50000c32
	[327]		500018c4
	[328]		500014a2
	[329]		50001895
	[331]		500015ee
	[334]		500012e4
	[335]		5000144b
	[340]		5000115d
	[343]		50000c88
	[347]		5000115c
	[350]		500010c8
	[353]		50000dcc
	[358]		5000115a
	[362]		50001c8a
	[363]		500009bb
	[366]		50001a1e
	[369]		500016e1
	[376]		50000bdd
	[377]		50000b96
	[378]		50001158
	[379]		50000c24
	[380]		50000cf8
	[381]		50000cb2
	[382]		500009ca
	[383]		50001156
	[384]		50001ec8
	[385]		50000ad6
	[389]		50001a24
	[390]		50000909
	[392]		50001372
	[398]		50000adb
	[403]		50001f34
	[404]		50000fcf
	[406]		50001155
	[407]		50001963
	[408]		50001153
	[410]		50001152
	[411]		50000b4c
	[418]		50000709
	[420]		50001899
	[427]		5000209d
	[430]		50001151
	[432]		50000312
	[434]		50001abe
	[439]		50001d40
	[440]		500015fc
	[442]		500016f0
	[444]		5000163d
	[445]		50001a02
	[446]		50000b8a
	[447]		5000178a
	[452]		5000188c
	[456]		50001062
	[457]		500010a9
	[458]		50001686
	[462]		50000fd2
	[464]		5000114e
	[465]		50000e58
	[466]		50000ea0
	[467]		5000114d
	[468]		50000f2e
	[469]		50000f75
	[470]		50000fc8
	[471]		5000114c
	[472]		50000ac9
	[480]		5000114a
	[481]		50001b97
	[484]		50001b0d
	[485]		50001825
	[487]		50001149
	[488]		50001893
	[490]		5000116b
	[492]		50001818
	[496]		50001137
	[497]		50001892
	[498]		50001148
	[499]		5000120b
	[500]		50001252
	[501]		50001299
	[502]		500012e0
	[504]		50001147
	[505]		50000ece
	[509]		50001a18
	[511]		500010f0
ARR 50001146 (sz=6, trace=300000, nelems=3, elem type=char[])
OBJ 50001147 (sz=32, trace=300695, class=java.util.concurrent.ConcurrentHashMap$Node@50000024)
	key		50000aeb
	val		50000ab6
OBJ 50001148 (sz=32, trace=300695, class=java.util.concurrent.ConcurrentHashMap$Node@50000024)
	key		50000af7
	val		500011c3
OBJ 50001149 (sz=32, trace=300695, class=java.util.concurrent.ConcurrentHashMap$Node@50000024)
	key		50000b09
	val		50001baf
OBJ 5000114a (sz=32, trace=300695, class=java.util.concurrent.ConcurrentHashMap$Node@50000024)
	key		50000b13
	val		500008cc
	next		50000969
OBJ 5000114b (sz=32, trace=300696, class=java.util.concurrent.ConcurrentHashMap$Node@50000024)
	key		50000c62
	val		500008d0
OBJ 5000114c (sz=32, trace=300695, class=java.util.concurrent.ConcurrentHashMap$Node@50000024)
	key		50000b2e
	val		5000101a
OBJ 5000114d (sz=32, trace=300695, class=java.util.concurrent.ConcurrentHashMap$Node@50000024)
	key		50000b4d
	val		50000ee6
OBJ 5000114e (sz=32, trace=300695, class=java.util.concurrent.ConcurrentHashMap$Node@50000024)
	key		50000b53
	val		50000e11
OBJ 5000114f (sz=32, trace=300696, class=java.util.concurrent.ConcurrentHashMap$Node@50000024)
	key		50000c8f
	val		50001dbf
OBJ 50001150 (sz=32, trace=300696, class=java.util.concurrent.ConcurrentHashMap$Node@50000024)
	key		50000270
	val		50000274
	next		5000114f
OBJ 50001151 (sz=32, trace=300695, class=java.util.concurrent.ConcurrentHashMap$Node@50000024)
	key		50000b73
	val		500009bf
OBJ 50001152 (sz=32, trace=300695, class=java.util.concurrent.ConcurrentHashMap$Node@50000024)
	key		50000b7f
	val		50000877
OBJ 50001153 (sz=32, trace=300695, class=java.util.concurrent.ConcurrentHashMap$Node@50000024)
	key		50000b81
	val		500013c9
OBJ 50001154 (sz=32, trace=300696, class=java.util.concurrent.ConcurrentHashMap$Node@50000024)
	key		50000cb5
	val		5000196f
	next		50001e12
OBJ 50001155 (sz=32, trace=300695, class=java.util.concurrent.ConcurrentHashMap$Node@50000024)
	key		50000b8b
	val		50001c8e
OBJ 50001156 (sz=32, trace=300695, class=java.util.concurrent.ConcurrentHashMap$Node@50000024)
	key		50000ba0
	val		50000d3e
OBJ 50001157 (sz=32, trace=300695, class=java.util.concurrent.ConcurrentHashMap$Node@50000024)
	key		50000bb6
	val		50000c6a
OBJ 50001158 (sz=32, trace=300695, class=java.util.concurrent.ConcurrentHashMap$Node@50000024)
	key		50000bb4
	val		5000196a
	next		50001157
OBJ 50001159 (sz=32, trace=300696, class=java.util.concurrent.ConcurrentHashMap$Node@50000024)
	key		50000cd5
	val		500009c5
OBJ 5000115a (sz=32, trace=300695, class=java.util.concurrent.ConcurrentHashMap$Node@50000024)
	key		50000bc8
	val		50000779
	next		50001a81
OBJ 5000115b (sz=32, trace=300695, class=java.util.concurrent.ConcurrentHashMap$Node@50000024)
	key		50000bd5
	val		5000085f
OBJ 5000115c (sz=32, trace=300695, class=java.util.concurrent.ConcurrentHashMap$Node@50000024)
	key		50000bd3
	val		50001427
	next		5000115b
OBJ 5000115d (sz=32, trace=300695, class=java.util.concurrent.ConcurrentHashMap$Node@50000024)
	key		50000be8
	val		50001e62
OBJ 5000115e (sz=32, trace=300696, class=java.util.concurrent.ConcurrentHashMap$Node@50000024)
	key		50000d05
	val		5000181b
	next		50001be4
OBJ 5000115f (sz=32, trace=300696, class=java.util.concurrent.ConcurrentHashMap$Node@50000024)
	key		50000d03
	val		500017cf
	next		5000115e
OBJ 50001160 (sz=32, trace=300695, class=java.util.concurrent.ConcurrentHashMap$Node@50000024)
	key		50000bf8
	val		500009d1
OBJ 50001161 (sz=32, trace=300695, class=java.util.concurrent.ConcurrentHashMap$Node@50000024)
	key		50000c02
	val		50001736
OBJ 50001162 (sz=32, trace=300695, class=java.util.concurrent.ConcurrentHashMap$Node@50000024)
	key		50000c0e
	val		50000ab2
OBJ 50001163 (sz=32, trace=300695, class=java.util.concurrent.ConcurrentHashMap$Node@50000024)
	key		50000c2c
	val		50001924
OBJ 50001164 (sz=32, trace=300695, class=java.util.concurrent.ConcurrentHashMap$Node@50000024)
	key		50000c3f
	val		50001875
OBJ 50001167 (sz=32, trace=301089, class=com.sun.tools.javac.util.ListBuffer@50001166)
OBJ 50001168 (sz=16, trace=300157, class=java.lang.Object@50000172)
OBJ 50001169 (sz=32, trace=300159, class=java.util.concurrent.ConcurrentHashMap$Node@50000024)
	key		50000b05
	val		50001168
OBJ 5000116a (sz=16, trace=300160, class=java.lang.Object@50000172)
OBJ 5000116b (sz=32, trace=300159, class=java.util.concurrent.ConcurrentHashMap$Node@50000024)
	key		50000b05
	val		5000116a
ARR 5000116c (sz=8, trace=300000, nelems=4, elem type=char[])
OBJ 5000116d (sz=56, trace=300687, class=java.util.zip.ZipFile$ZipFileInputStream@5000055e)
ARR 5000116e (sz=64, trace=300000, nelems=32, elem type=char[])
OBJ 5000116f (sz=24, trace=300000, class=java.lang.String@5000016e)
	value		5000183a
OBJ 50001170 (sz=24, trace=300000, class=java.lang.String@5000016e)
	value		50001839
OBJ 50001171 (sz=24, trace=300000, class=java.lang.String@5000016e)
	value		50001838
OBJ 50001172 (sz=24, trace=300000, class=java.lang.String@5000016e)
	value		50001836
OBJ 50001173 (sz=24, trace=300000, class=java.lang.String@5000016e)
	value		5000118f
OBJ 50001174 (sz=24, trace=300000, class=java.lang.String@5000016e)
	value		5000118e
OBJ 50001175 (sz=24, trace=300000, class=java.lang.String@5000016e)
	value		5000117b
OBJ 50001176 (sz=24, trace=300000, class=java.lang.String@5000016e)
	value		50001190
OBJ 50001177 (sz=24, trace=300000, class=java.lang.String@5000016e)
	value		50001192
OBJ 50001178 (sz=24, trace=300000, class=java.lang.String@5000016e)
	value		50001191
OBJ 5000117a (sz=16, trace=300157, class=java.lang.Object@50000172)
ARR 5000117b (sz=72, trace=300000, nelems=36, elem type=char[])
OBJ 5000117c (sz=16, trace=300160, class=java.lang.Object@50000172)
OBJ 5000117d (sz=24, trace=300000, class=java.lang.String@5000016e)
	value		50001181
OBJ 5000117e (sz=24, trace=300000, class=java.lang.String@5000016e)
	value		50001182
OBJ 5000117f (sz=16, trace=300000, class=java.nio.ByteOrder@50000073)
	name		5000117e
OBJ 50001180 (sz=16, trace=300000, class=java.nio.ByteOrder@50000073)
	name		5000117d
ARR 50001181 (sz=20, trace=300000, nelems=10, elem type=char[])
ARR 50001182 (sz=26, trace=300000, nelems=13, elem type=char[])
OBJ 50001183 (sz=24, trace=300000, class=java.lang.String@5000016e)
	value		5000118d
OBJ 50001184 (sz=24, trace=300000, class=java.lang.String@5000016e)
	value		5000118c
OBJ 50001185 (sz=24, trace=300000, class=java.lang.String@5000016e)
	value		5000118b
OBJ 50001186 (sz=24, trace=300000, class=java.lang.String@5000016e)
	value		5000118a
OBJ 50001187 (sz=24, trace=300000, class=java.util.concurrent.atomic.AtomicLong@50000072)
OBJ 50001188 (sz=24, trace=300000, class=java.util.concurrent.atomic.AtomicLong@50000072)
OBJ 50001189 (sz=24, trace=300000, class=java.util.concurrent.atomic.AtomicLong@50000072)
ARR 5000118a (sz=6, trace=300000, nelems=3, elem type=char[])
ARR 5000118b (sz=14, trace=300000, nelems=7, elem type=char[])
ARR 5000118c (sz=8, trace=300000, nelems=4, elem type=char[])
ARR 5000118d (sz=10, trace=300000, nelems=5, elem type=char[])
ARR 5000118e (sz=54, trace=300000, nelems=27, elem type=char[])
ARR 5000118f (sz=58, trace=300000, nelems=29, elem type=char[])
ARR 50001190 (sz=74, trace=300000, nelems=37, elem type=char[])
ARR 50001191 (sz=32, trace=300000, nelems=16, elem type=char[])
ARR 50001192 (sz=48, trace=300000, nelems=24, elem type=char[])
OBJ 50001193 (sz=24, trace=300000, class=java.lang.String@5000016e)
	value		50001194
ARR 50001194 (sz=10, trace=300000, nelems=5, elem type=char[])
OBJ 50001195 (sz=24, trace=300000, class=java.lang.String@5000016e)
	value		5000180a
OBJ 50001196 (sz=24, trace=300000, class=java.lang.String@5000016e)
	value		5000119b
OBJ 50001197 (sz=24, trace=300000, class=java.lang.String@5000016e)
	value		5000180d
OBJ 50001198 (sz=24, trace=300000, class=java.lang.String@5000016e)
	value		5000180b
OBJ 50001199 (sz=24, trace=300000, class=java.lang.String@5000016e)
	value		50001830
ARR 5000119a (sz=72, trace=300000, nelems=14, elem type=java.lang.String[]@500000c8)
	[0]		5000119c
	[1]		5000119d
	[2]		5000119e
	[3]		5000119f
	[4]		500011a0
	[5]		500011a1
	[6]		500011a2
	[7]		500011a3
	[8]		500011a4
	[9]		500011a5
	[10]		500011a8
	[11]		500011a9
	[12]		500011aa
	[13]		500011ab
ARR 5000119b (sz=16, trace=300000, nelems=8, elem type=char[])
OBJ 5000119c (sz=24, trace=300000, class=java.lang.String@5000016e)
	value		500011cb
OBJ 5000119d (sz=24, trace=300000, class=java.lang.String@5000016e)
	value		500011ca
OBJ 5000119e (sz=24, trace=300000, class=java.lang.String@5000016e)
	value		500011c8
OBJ 5000119f (sz=24, trace=300000, class=java.lang.String@5000016e)
	value		500011c7
OBJ 500011a0 (sz=24, trace=300000, class=java.lang.String@5000016e)
	value		500011c4
OBJ 500011a1 (sz=24, trace=300000, class=java.lang.String@5000016e)
	value		500011c2
OBJ 500011a2 (sz=24, trace=300000, class=java.lang.String@5000016e)
	value		500011b4
OBJ 500011a3 (sz=24, trace=300000, class=java.lang.String@5000016e)
	value		500011b2
OBJ 500011a4 (sz=24, trace=300000, class=java.lang.String@5000016e)
	value		500011b1
OBJ 500011a5 (sz=24, trace=300000, class=java.lang.String@5000016e)
	value		500011b0
OBJ 500011a6 (sz=56, trace=300687, class=java.util.zip.ZipFile$ZipFileInputStream@5000055e)
	this$0		500004ee
OBJ 500011a7 (sz=40, trace=300106, class=java.lang.ref.Finalizer@5000014d)
	referent	500011a6
	queue		500003c8
	next		5000110d
	prev		50001222
OBJ 500011a8 (sz=24, trace=300000, class=java.lang.String@5000016e)
	value		500011af
OBJ 500011a9 (sz=24, trace=300000, class=java.lang.String@5000016e)
	value		500011ae
OBJ 500011aa (sz=24, trace=300000, class=java.lang.String@5000016e)
	value		500011ad
OBJ 500011ab (sz=24, trace=300000, class=java.lang.String@5000016e)
	value		500011ac
ARR 500011ac (sz=12, trace=300000, nelems=6, elem type=char[])
ARR 500011ad (sz=28, trace=300000, nelems=14, elem type=char[])
ARR 500011ae (sz=32, trace=300000, nelems=16, elem type=char[])
ARR 500011af (sz=6, trace=300000, nelems=3, elem type=char[])
ARR 500011b0 (sz=14, trace=300000, nelems=7, elem type=char[])
ARR 500011b1 (sz=14, trace=300000, nelems=7, elem type=char[])
ARR 500011b2 (sz=10, trace=300000, nelems=5, elem type=char[])
OBJ 500011b3 (sz=56, trace=300687, class=java.util.zip.ZipFile$ZipFileInputStream@5000055e)
ARR 500011b4 (sz=12, trace=300000, nelems=6, elem type=char[])
OBJ 500011b6 (sz=16, trace=300157, class=java.lang.Object@50000172)
OBJ 500011b7 (sz=32, trace=300159, class=java.util.concurrent.ConcurrentHashMap$Node@50000024)
	key		50000c0c
	val		500011b6
OBJ 500011b8 (sz=16, trace=300160, class=java.lang.Object@50000172)
OBJ 500011b9 (sz=32, trace=300159, class=java.util.concurrent.ConcurrentHashMap$Node@50000024)
	key		50000c0c
	val		500011b8
OBJ 500011ba (sz=16, trace=300157, class=java.lang.Object@50000172)
OBJ 500011bb (sz=32, trace=300159, class=java.util.concurrent.ConcurrentHashMap$Node@50000024)
	key		50000c4f
	val		500011ba
OBJ 500011bc (sz=16, trace=300160, class=java.lang.Object@50000172)
OBJ 500011bd (sz=32, trace=300159, class=java.util.concurrent.ConcurrentHashMap$Node@50000024)
	key		50000c4f
	val		500011bc
OBJ 500011be (sz=16, trace=300157, class=java.lang.Object@50000172)
OBJ 500011bf (sz=32, trace=300683, class=java.util.concurrent.ConcurrentHashMap$Node@50000024)
	key		50000bb2
	val		500011be
OBJ 500011c1 (sz=16, trace=300157, class=java.lang.Object@50000172)
ARR 500011c2 (sz=4, trace=300000, nelems=2, elem type=char[])
OBJ 500011c3 (sz=16, trace=300160, class=java.lang.Object@50000172)
ARR 500011c4 (sz=18, trace=300000, nelems=9, elem type=char[])
OBJ 500011c5 (sz=16, trace=300160, class=java.lang.Object@50000172)
OBJ 500011c6 (sz=32, trace=300683, class=java.util.concurrent.ConcurrentHashMap$Node@50000024)
	key		50000bb2
	val		500011c5
ARR 500011c7 (sz=10, trace=300000, nelems=5, elem type=char[])
ARR 500011c8 (sz=32, trace=300000, nelems=16, elem type=char[])
ARR 500011c9 (sz=24, trace=301092, nelems=0, elem type=java.lang.String[]@500000c8)
ARR 500011ca (sz=28, trace=300000, nelems=14, elem type=char[])
ARR 500011cb (sz=16, trace=300000, nelems=8, elem type=char[])
OBJ 500011cc (sz=24, trace=300000, class=java.lang.String@5000016e)
	value		500013a7
OBJ 500011cd (sz=24, trace=300000, class=java.lang.String@5000016e)
	value		500013ac
OBJ 500011ce (sz=24, trace=300000, class=java.lang.String@5000016e)
	value		500013b0
OBJ 500011cf (sz=24, trace=300000, class=java.lang.String@5000016e)
	value		50001356
OBJ 500011d0 (sz=24, trace=300000, class=java.lang.String@5000016e)
	value		5000131b
OBJ 500011d1 (sz=24, trace=300000, class=java.lang.String@5000016e)
	value		500013c8
OBJ 500011d3 (sz=24, trace=300000, class=java.lang.String@5000016e)
	value		500013ce
OBJ 500011d4 (sz=24, trace=300000, class=java.lang.String@5000016e)
	value		500013d5
OBJ 500011d5 (sz=24, trace=300000, class=java.lang.String@5000016e)
	value		500013da
OBJ 500011d6 (sz=24, trace=300000, class=java.lang.String@5000016e)
	value		500013df
OBJ 500011d7 (sz=16, trace=300157, class=java.lang.Object@50000172)
OBJ 500011d8 (sz=32, trace=300683, class=java.util.concurrent.ConcurrentHashMap$Node@50000024)
	key		50000cb3
	val		500011d7
OBJ 500011d9 (sz=16, trace=300160, class=java.lang.Object@50000172)
OBJ 500011da (sz=32, trace=300683, class=java.util.concurrent.ConcurrentHashMap$Node@50000024)
	key		50000cb3
	val		500011d9
OBJ 500011db (sz=24, trace=300000, class=java.lang.String@5000016e)
	value		500013e9
OBJ 500011dc (sz=24, trace=300000, class=java.lang.String@5000016e)
	value		500013ee
OBJ 500011dd (sz=24, trace=300000, class=java.lang.String@5000016e)
	value		50001315
OBJ 500011de (sz=24, trace=300000, class=java.lang.String@5000016e)
	value		50001383
OBJ 500011df (sz=24, trace=300000, class=java.lang.String@5000016e)
	value		50001392
OBJ 500011e0 (sz=24, trace=300000, class=java.lang.String@5000016e)
	value		50001339
OBJ 500011e1 (sz=24, trace=300000, class=java.lang.String@5000016e)
	value		50001345
OBJ 500011e2 (sz=24, trace=300000, class=java.lang.String@5000016e)
	value		50001352
OBJ 500011e3 (sz=24, trace=300000, class=java.lang.String@5000016e)
	value		50001363
OBJ 500011e4 (sz=24, trace=300000, class=java.lang.String@5000016e)
	value		5000137b
OBJ 500011e5 (sz=24, trace=300000, class=java.lang.String@5000016e)
	value		5000132b
OBJ 500011e6 (sz=24, trace=300000, class=java.lang.String@5000016e)
	value		5000133c
OBJ 500011e7 (sz=24, trace=300000, class=java.lang.String@5000016e)
	value		50001349
OBJ 500011e8 (sz=24, trace=300000, class=java.lang.String@5000016e)
	value		50001367
OBJ 500011e9 (sz=24, trace=300000, class=java.lang.String@5000016e)
	value		5000138b
OBJ 500011ea (sz=24, trace=300000, class=java.lang.String@5000016e)
	value		500012fd
OBJ 500011eb (sz=24, trace=300000, class=java.lang.String@5000016e)
	value		5000135e
OBJ 500011ec (sz=24, trace=300000, class=java.lang.String@5000016e)
	value		5000135f
OBJ 500011ed (sz=24, trace=300000, class=java.lang.String@5000016e)
	value		5000131a
OBJ 500011ee (sz=24, trace=300000, class=java.lang.String@5000016e)
	value		5000138d
OBJ 500011ef (sz=24, trace=300000, class=java.lang.String@5000016e)
	value		50001320
OBJ 500011f0 (sz=24, trace=300000, class=java.lang.String@5000016e)
	value		5000138e
OBJ 500011f1 (sz=24, trace=300000, class=java.lang.String@5000016e)
	value		50001304
OBJ 500011f2 (sz=24, trace=300000, class=java.lang.String@5000016e)
	value		50001391
OBJ 500011f3 (sz=24, trace=300000, class=java.lang.String@5000016e)
	value		50001314
OBJ 500011f4 (sz=24, trace=300000, class=java.lang.String@5000016e)
	value		5000137d
OBJ 500011f5 (sz=24, trace=300000, class=java.lang.String@5000016e)
	value		5000138f
OBJ 500011f6 (sz=24, trace=300000, class=java.lang.String@5000016e)
	value		50001335
OBJ 500011f7 (sz=24, trace=300000, class=java.lang.String@5000016e)
	value		5000134e
OBJ 500011f8 (sz=24, trace=300000, class=java.lang.String@5000016e)
	value		50001377
OBJ 500011f9 (sz=24, trace=300000, class=java.lang.String@5000016e)
	value		50001319
OBJ 500011fa (sz=56, trace=300687, class=java.util.zip.ZipFile$ZipFileInputStream@5000055e)
OBJ 500011fb (sz=24, trace=300000, class=java.lang.String@5000016e)
	value		50001390
OBJ 500011fc (sz=24, trace=300000, class=java.lang.String@5000016e)
	value		50001385
OBJ 500011fd (sz=24, trace=300000, class=java.lang.String@5000016e)
	value		50001328
OBJ 500011fe (sz=24, trace=300000, class=java.lang.String@5000016e)
	value		50001393
OBJ 500011ff (sz=24, trace=300000, class=java.lang.String@5000016e)
	value		50001318
OBJ 50001200 (sz=24, trace=300000, class=java.lang.String@5000016e)
	value		50001337
OBJ 50001201 (sz=24, trace=300000, class=java.lang.String@5000016e)
	value		50001336
OBJ 50001202 (sz=24, trace=300000, class=java.lang.String@5000016e)
	value		50001343
OBJ 50001203 (sz=24, trace=300000, class=java.lang.String@5000016e)
	value		50001342
OBJ 50001204 (sz=24, trace=300000, class=java.lang.String@5000016e)
	value		50001350
OBJ 50001205 (sz=24, trace=300000, class=java.lang.String@5000016e)
	value		5000134f
OBJ 50001206 (sz=24, trace=300000, class=java.lang.String@5000016e)
	value		50001361
OBJ 50001208 (sz=16, trace=300157, class=java.lang.Object@50000172)
OBJ 50001209 (sz=32, trace=300159, class=java.util.concurrent.ConcurrentHashMap$Node@50000024)
	key		50000af3
	val		50001208
	next		500013ba
OBJ 5000120a (sz=16, trace=300160, class=java.lang.Object@50000172)
OBJ 5000120b (sz=32, trace=300159, class=java.util.concurrent.ConcurrentHashMap$Node@50000024)
	key		50000af3
	val		5000120a
	next		500013bc
OBJ 5000120c (sz=24, trace=300000, class=java.lang.String@5000016e)
	value		50001360
OBJ 5000120d (sz=24, trace=300000, class=java.lang.String@5000016e)
	value		50001379
OBJ 5000120e (sz=24, trace=300369, class=java.lang.String@5000016e)
	value		5000120f
ARR 5000120f (sz=42, trace=300370, nelems=21, elem type=char[])
OBJ 50001210 (sz=24, trace=300000, class=java.lang.String@5000016e)
	value		50001378
OBJ 50001211 (sz=24, trace=300000, class=java.lang.String@5000016e)
	value		50001317
OBJ 50001212 (sz=24, trace=300000, class=java.lang.String@5000016e)
	value		50001388
OBJ 50001213 (sz=24, trace=300000, class=java.lang.String@5000016e)
	value		5000138a
OBJ 50001214 (sz=24, trace=300000, class=java.lang.String@5000016e)
	value		50001389
OBJ 50001215 (sz=24, trace=300000, class=java.lang.String@5000016e)
	value		500013de
OBJ 50001216 (sz=24, trace=300000, class=java.lang.String@5000016e)
	value		50001312
OBJ 50001217 (sz=24, trace=300000, class=java.lang.String@5000016e)
	value		50001310
OBJ 50001218 (sz=24, trace=300000, class=java.lang.String@5000016e)
	value		5000130a
OBJ 50001219 (sz=24, trace=300000, class=java.lang.String@5000016e)
	value		500012fb
OBJ 5000121a (sz=24, trace=300000, class=java.lang.String@5000016e)
	value		50001301
OBJ 5000121b (sz=24, trace=300000, class=java.lang.String@5000016e)
	value		50001305
OBJ 5000121c (sz=56, trace=300443, class=java.lang.Package@500005dd)
	pkgName		5000120e
	loader		500003d7
OBJ 5000121d (sz=32, trace=300222, class=java.util.HashMap$Node@500000c4)
	key		5000120e
	value		5000121c
OBJ 5000121e (sz=24, trace=300000, class=java.lang.String@5000016e)
	value		50001308
OBJ 5000121f (sz=24, trace=300000, class=java.lang.String@5000016e)
	value		5000130b
OBJ 50001220 (sz=24, trace=300000, class=java.lang.String@5000016e)
	value		5000130f
OBJ 50001221 (sz=56, trace=300687, class=java.util.zip.ZipFile$ZipFileInputStream@5000055e)
	this$0		500004ee
OBJ 50001222 (sz=40, trace=300106, class=java.lang.ref.Finalizer@5000014d)
	referent	50001221
	queue		500003c8
	next		500011a7
	prev		5000127f
OBJ 50001223 (sz=24, trace=300000, class=java.lang.String@5000016e)
	value		50001313
OBJ 50001224 (sz=24, trace=300000, class=java.lang.String@5000016e)
	value		5000130d
OBJ 50001225 (sz=24, trace=300000, class=java.lang.String@5000016e)
	value		50001311
OBJ 50001226 (sz=24, trace=300000, class=java.lang.String@5000016e)
	value		500012fe
OBJ 50001227 (sz=24, trace=300000, class=java.lang.String@5000016e)
	value		50001302
OBJ 50001228 (sz=24, trace=300000, class=java.lang.String@5000016e)
	value		50001309
OBJ 50001229 (sz=24, trace=300000, class=java.lang.String@5000016e)
	value		50001306
OBJ 5000122a (sz=24, trace=300668, class=java.lang.String@5000016e)
	value		5000122b
ARR 5000122b (sz=42, trace=300669, nelems=21, elem type=char[])
OBJ 5000122c (sz=32, trace=301000, class=java.util.concurrent.ConcurrentHashMap$Node@50000024)
	key		5000122a
	val		50000a9e
ARR 5000122d (sz=144, trace=300692, nelems=32, elem type=java.util.concurrent.ConcurrentHashMap$Node[]@50000023)
	[0]		50000587
	[2]		500008c4
	[3]		50001b8e
	[11]		50000a64
	[12]		500016d9
	[13]		50001cdd
	[17]		50001286
	[20]		50000b31
	[24]		50000849
	[26]		50001471
	[31]		500009b3
OBJ 5000122e (sz=24, trace=300000, class=java.lang.String@5000016e)
	value		50001303
OBJ 5000122f (sz=24, trace=300000, class=java.lang.String@5000016e)
	value		50001307
OBJ 50001230 (sz=24, trace=300000, class=java.lang.String@5000016e)
	value		5000130e
OBJ 50001231 (sz=24, trace=300000, class=java.lang.String@5000016e)
	value		5000130c
OBJ 50001232 (sz=24, trace=300000, class=java.lang.String@5000016e)
	value		5000139a
OBJ 50001233 (sz=16, trace=300157, class=java.lang.Object@50000172)
OBJ 50001234 (sz=32, trace=300683, class=java.util.concurrent.ConcurrentHashMap$Node@50000024)
	key		50000c79
	val		50001233
OBJ 50001235 (sz=16, trace=300160, class=java.lang.Object@50000172)
OBJ 50001236 (sz=32, trace=300683, class=java.util.concurrent.ConcurrentHashMap$Node@50000024)
	key		50000c79
	val		50001235
OBJ 50001237 (sz=24, trace=300000, class=java.lang.String@5000016e)
	value		500013e5
OBJ 50001238 (sz=24, trace=300000, class=java.lang.String@5000016e)
	value		500013e4
OBJ 50001239 (sz=24, trace=300000, class=java.lang.String@5000016e)
	value		50001399
OBJ 5000123a (sz=24, trace=300000, class=java.lang.String@5000016e)
	value		5000139c
OBJ 5000123b (sz=24, trace=300000, class=java.lang.String@5000016e)
	value		5000139e
OBJ 5000123c (sz=24, trace=300000, class=java.lang.String@5000016e)
	value		500013a0
OBJ 5000123d (sz=24, trace=300000, class=java.lang.String@5000016e)
	value		500013a2
OBJ 5000123e (sz=24, trace=300000, class=java.lang.String@5000016e)
	value		500013a4
OBJ 5000123f (sz=24, trace=300000, class=java.lang.String@5000016e)
	value		500013ab
OBJ 50001240 (sz=24, trace=300000, class=java.lang.String@5000016e)
	value		50001398
OBJ 50001241 (sz=56, trace=300687, class=java.util.zip.ZipFile$ZipFileInputStream@5000055e)
OBJ 50001242 (sz=24, trace=300000, class=java.lang.String@5000016e)
	value		5000139b
OBJ 50001243 (sz=24, trace=300000, class=java.lang.String@5000016e)
	value		5000139d
OBJ 50001244 (sz=24, trace=300000, class=java.lang.String@5000016e)
	value		5000139f
OBJ 50001245 (sz=24, trace=300000, class=java.lang.String@5000016e)
	value		500013a1
OBJ 50001246 (sz=24, trace=300000, class=java.lang.String@5000016e)
	value		500013a3
OBJ 50001247 (sz=24, trace=300000, class=java.lang.String@5000016e)
	value		500013af
OBJ 50001248 (sz=24, trace=300000, class=java.lang.String@5000016e)
	value		500013b3
OBJ 50001249 (sz=24, trace=300000, class=java.lang.String@5000016e)
	value		50001355
OBJ 5000124a (sz=24, trace=300000, class=java.lang.String@5000016e)
	value		5000131f
OBJ 5000124b (sz=24, trace=300000, class=java.lang.String@5000016e)
	value		500013cc
OBJ 5000124c (sz=24, trace=300000, class=java.lang.String@5000016e)
	value		500013d3
OBJ 5000124d (sz=24, trace=300000, class=java.lang.String@5000016e)
	value		500013d8
OBJ 5000124f (sz=16, trace=300157, class=java.lang.Object@50000172)
OBJ 50001250 (sz=32, trace=300159, class=java.util.concurrent.ConcurrentHashMap$Node@50000024)
	key		50000af1
	val		5000124f
OBJ 50001251 (sz=16, trace=300160, class=java.lang.Object@50000172)
OBJ 50001252 (sz=32, trace=300159, class=java.util.concurrent.ConcurrentHashMap$Node@50000024)
	key		50000af1
	val		50001251
OBJ 50001253 (sz=24, trace=300000, class=java.lang.String@5000016e)
	value		500013dd
OBJ 50001254 (sz=24, trace=300000, class=java.lang.String@5000016e)
	value		500013e6
OBJ 50001255 (sz=24, trace=300000, class=java.lang.String@5000016e)
	value		500013ec
OBJ 50001256 (sz=24, trace=300000, class=java.lang.String@5000016e)
	value		500013f1
OBJ 50001257 (sz=24, trace=300000, class=java.lang.String@5000016e)
	value		500013f5
OBJ 50001258 (sz=24, trace=300000, class=java.lang.String@5000016e)
	value		5000132c
OBJ 50001259 (sz=24, trace=300000, class=java.lang.String@5000016e)
	value		5000133d
OBJ 5000125a (sz=24, trace=300000, class=java.lang.String@5000016e)
	value		5000134a
OBJ 5000125b (sz=24, trace=300000, class=java.lang.String@5000016e)
	value		50001366
OBJ 5000125c (sz=24, trace=300000, class=java.lang.String@5000016e)
	value		5000138c
OBJ 5000125d (sz=24, trace=300000, class=java.lang.String@5000016e)
	value		500012fc
OBJ 5000125e (sz=24, trace=300000, class=java.lang.String@5000016e)
	value		500013d9
OBJ 5000125f (sz=24, trace=300000, class=java.lang.String@5000016e)
	value		500013e8
OBJ 50001260 (sz=24, trace=300000, class=java.lang.String@5000016e)
	value		500013ed
OBJ 50001261 (sz=24, trace=300000, class=java.lang.String@5000016e)
	value		5000131e
OBJ 50001262 (sz=24, trace=300000, class=java.lang.String@5000016e)
	value		5000132a
OBJ 50001263 (sz=24, trace=300000, class=java.lang.String@5000016e)
	value		5000133b
OBJ 50001264 (sz=24, trace=300000, class=java.lang.String@5000016e)
	value		50001365
OBJ 50001265 (sz=24, trace=300000, class=java.lang.String@5000016e)
	value		50001348
OBJ 50001266 (sz=24, trace=300000, class=java.lang.String@5000016e)
	value		5000135a
OBJ 50001267 (sz=24, trace=300000, class=java.lang.String@5000016e)
	value		50001387
OBJ 50001268 (sz=24, trace=300000, class=java.lang.String@5000016e)
	value		50001386
OBJ 50001269 (sz=24, trace=300000, class=java.lang.String@5000016e)
	value		500013cd
OBJ 5000126a (sz=24, trace=300369, class=java.lang.String@5000016e)
	value		5000126b
ARR 5000126b (sz=38, trace=300370, nelems=19, elem type=char[])
OBJ 5000126c (sz=24, trace=300000, class=java.lang.String@5000016e)
	value		50001394
OBJ 5000126d (sz=24, trace=300000, class=java.lang.String@5000016e)
	value		500013b4
OBJ 5000126e (sz=24, trace=300000, class=java.lang.String@5000016e)
	value		500013e7
OBJ 5000126f (sz=24, trace=300000, class=java.lang.String@5000016e)
	value		500013a6
OBJ 50001270 (sz=24, trace=300000, class=java.lang.String@5000016e)
	value		500013d4
OBJ 50001271 (sz=24, trace=300000, class=java.lang.String@5000016e)
	value		5000134d
OBJ 50001272 (sz=24, trace=300000, class=java.lang.String@5000016e)
	value		5000135c
OBJ 50001273 (sz=24, trace=300000, class=java.lang.String@5000016e)
	value		5000135b
OBJ 50001274 (sz=24, trace=300000, class=java.lang.String@5000016e)
	value		500013a9
OBJ 50001275 (sz=24, trace=300000, class=java.lang.String@5000016e)
	value		500013ad
OBJ 50001276 (sz=24, trace=300000, class=java.lang.String@5000016e)
	value		500013b1
OBJ 50001277 (sz=24, trace=300000, class=java.lang.String@5000016e)
	value		50001357
OBJ 50001278 (sz=56, trace=300443, class=java.lang.Package@500005dd)
	pkgName		5000126a
	loader		500003d7
OBJ 50001279 (sz=32, trace=300221, class=java.util.HashMap$Node@500000c4)
	key		5000126a
	value		50001278
ARR 5000127a (sz=144, trace=301101, nelems=32, elem type=java.util.HashMap$Node[]@500000c2)
	[0]		50000579
	[2]		500008b4
	[3]		50001b82
	[11]		50000a58
	[12]		500016c9
	[13]		50001cd0
	[17]		50001279
	[20]		50000b23
	[24]		500005ef
	[26]		50001464
	[31]		500009a7
OBJ 5000127b (sz=24, trace=300000, class=java.lang.String@5000016e)
	value		500013cb
OBJ 5000127c (sz=24, trace=300000, class=java.lang.String@5000016e)
	value		500013cf
OBJ 5000127d (sz=24, trace=300000, class=java.lang.String@5000016e)
	value		500013d7
OBJ 5000127e (sz=56, trace=300687, class=java.util.zip.ZipFile$ZipFileInputStream@5000055e)
	this$0		500004ee
OBJ 5000127f (sz=40, trace=300106, class=java.lang.ref.Finalizer@5000014d)
	referent	5000127e
	queue		500003c8
	next		50001222
	prev		500012ce
OBJ 50001280 (sz=24, trace=300000, class=java.lang.String@5000016e)
	value		500013db
OBJ 50001281 (sz=24, trace=300000, class=java.lang.String@5000016e)
	value		500013ea
OBJ 50001282 (sz=24, trace=300000, class=java.lang.String@5000016e)
	value		500013ef
OBJ 50001283 (sz=24, trace=300000, class=java.lang.String@5000016e)
	value		5000132d
OBJ 50001284 (sz=24, trace=300668, class=java.lang.String@5000016e)
	value		50001285
ARR 50001285 (sz=38, trace=300669, nelems=19, elem type=char[])
OBJ 50001286 (sz=32, trace=300671, class=java.util.concurrent.ConcurrentHashMap$Node@50000024)
	key		50001284
	val		50000a9e
OBJ 50001287 (sz=24, trace=300000, class=java.lang.String@5000016e)
	value		5000133e
OBJ 50001288 (sz=56, trace=300687, class=java.util.zip.ZipFile$ZipFileInputStream@5000055e)
OBJ 50001289 (sz=24, trace=300000, class=java.lang.String@5000016e)
	value		5000134b
OBJ 5000128a (sz=24, trace=300000, class=java.lang.String@5000016e)
	value		50001368
OBJ 5000128b (sz=24, trace=300000, class=java.lang.String@5000016e)
	value		500013aa
OBJ 5000128c (sz=24, trace=300000, class=java.lang.String@5000016e)
	value		500013ae
OBJ 5000128f (sz=16, trace=300157, class=java.lang.Object@50000172)
OBJ 50001290 (sz=32, trace=300159, class=java.util.concurrent.ConcurrentHashMap$Node@50000024)
	key		50000c4b
	val		5000128f
OBJ 50001291 (sz=16, trace=300160, class=java.lang.Object@50000172)
OBJ 50001292 (sz=32, trace=300159, class=java.util.concurrent.ConcurrentHashMap$Node@50000024)
	key		50000c4b
	val		50001291
OBJ 50001293 (sz=24, trace=300000, class=java.lang.String@5000016e)
	value		500013b2
OBJ 50001294 (sz=24, trace=300000, class=java.lang.String@5000016e)
	value		50001358
OBJ 50001296 (sz=16, trace=300157, class=java.lang.Object@50000172)
OBJ 50001297 (sz=32, trace=300159, class=java.util.concurrent.ConcurrentHashMap$Node@50000024)
	key		50000aef
	val		50001296
OBJ 50001298 (sz=16, trace=300160, class=java.lang.Object@50000172)
OBJ 50001299 (sz=32, trace=300159, class=java.util.concurrent.ConcurrentHashMap$Node@50000024)
	key		50000aef
	val		50001298
OBJ 5000129a (sz=24, trace=300000, class=java.lang.String@5000016e)
	value		500013ca
OBJ 5000129b (sz=24, trace=300000, class=java.lang.String@5000016e)
	value		500013d2
OBJ 5000129c (sz=24, trace=300000, class=java.lang.String@5000016e)
	value		500013d6
OBJ 5000129d (sz=24, trace=300000, class=java.lang.String@5000016e)
	value		500013dc
OBJ 5000129e (sz=24, trace=300000, class=java.lang.String@5000016e)
	value		500013eb
OBJ 5000129f (sz=24, trace=300000, class=java.lang.String@5000016e)
	value		500013f0
OBJ 500012a0 (sz=24, trace=300000, class=java.lang.String@5000016e)
	value		50001332
OBJ 500012a1 (sz=24, trace=300000, class=java.lang.String@5000016e)
	value		5000133f
OBJ 500012a2 (sz=24, trace=300000, class=java.lang.String@5000016e)
	value		5000134c
OBJ 500012a3 (sz=24, trace=300000, class=java.lang.String@5000016e)
	value		50001374
OBJ 500012a4 (sz=24, trace=300000, class=java.lang.String@5000016e)
	value		50001329
OBJ 500012a5 (sz=24, trace=300000, class=java.lang.String@5000016e)
	value		50001338
OBJ 500012a6 (sz=24, trace=300000, class=java.lang.String@5000016e)
	value		50001344
OBJ 500012a7 (sz=24, trace=300000, class=java.lang.String@5000016e)
	value		50001362
OBJ 500012a8 (sz=24, trace=300000, class=java.lang.String@5000016e)
	value		50001351
OBJ 500012a9 (sz=24, trace=300000, class=java.lang.String@5000016e)
	value		5000137a
OBJ 500012aa (sz=24, trace=300000, class=java.lang.String@5000016e)
	value		50001346
OBJ 500012ab (sz=24, trace=300000, class=java.lang.String@5000016e)
	value		50001354
OBJ 500012ac (sz=24, trace=300000, class=java.lang.String@5000016e)
	value		50001384
OBJ 500012ad (sz=24, trace=300000, class=java.lang.String@5000016e)
	value		5000133a
OBJ 500012ae (sz=24, trace=300000, class=java.lang.String@5000016e)
	value		50001347
OBJ 500012af (sz=24, trace=300000, class=java.lang.String@5000016e)
	value		50001353
OBJ 500012b0 (sz=24, trace=300000, class=java.lang.String@5000016e)
	value		50001364
OBJ 500012b1 (sz=24, trace=300000, class=java.lang.String@5000016e)
	value		5000137c
OBJ 500012b2 (sz=24, trace=300000, class=java.lang.String@5000016e)
	value		5000137e
OBJ 500012b3 (sz=24, trace=300000, class=java.lang.String@5000016e)
	value		50001395
OBJ 500012b4 (sz=24, trace=300000, class=java.lang.String@5000016e)
	value		50001396
OBJ 500012b5 (sz=24, trace=300000, class=java.lang.String@5000016e)
	value		50001397
OBJ 500012b6 (sz=24, trace=300000, class=java.lang.String@5000016e)
	value		50001321
OBJ 500012b7 (sz=24, trace=300000, class=java.lang.String@5000016e)
	value		50001333
OBJ 500012b8 (sz=24, trace=300000, class=java.lang.String@5000016e)
	value		50001340
OBJ 500012b9 (sz=24, trace=300000, class=java.lang.String@5000016e)
	value		50001375
OBJ 500012ba (sz=24, trace=300000, class=java.lang.String@5000016e)
	value		50001322
OBJ 500012bb (sz=24, trace=300000, class=java.lang.String@5000016e)
	value		50001334
OBJ 500012bc (sz=24, trace=300000, class=java.lang.String@5000016e)
	value		50001341
OBJ 500012bd (sz=24, trace=300000, class=java.lang.String@5000016e)
	value		50001376
OBJ 500012be (sz=24, trace=300000, class=java.lang.String@5000016e)
	value		50001831
OBJ 500012bf (sz=24, trace=300000, class=java.lang.String@5000016e)
	value		50001359
OBJ 500012c0 (sz=24, trace=300000, class=java.lang.String@5000016e)
	value		500012ff
OBJ 500012c1 (sz=24, trace=300000, class=java.lang.String@5000016e)
	value		500012fa
OBJ 500012c2 (sz=24, trace=300000, class=java.lang.String@5000016e)
	value		50001300
OBJ 500012c3 (sz=24, trace=300000, class=java.lang.String@5000016e)
	value		500013a5
OBJ 500012c4 (sz=24, trace=300000, class=java.lang.String@5000016e)
	value		500013f2
OBJ 500012c5 (sz=24, trace=300000, class=java.lang.String@5000016e)
	value		500013f3
OBJ 500012c6 (sz=24, trace=300000, class=java.lang.String@5000016e)
	value		500013f4
ARR 500012c7 (sz=32, trace=300000, nelems=4, elem type=java.lang.String[]@500000c8)
	[0]		50001257
	[1]		500012c6
	[2]		500012c5
	[3]		500012c4
ARR 500012c8 (sz=40, trace=300000, nelems=5, elem type=java.lang.String[]@500000c8)
	[0]		50001256
	[1]		5000129f
	[2]		50001282
	[3]		500011dc
	[4]		50001260
ARR 500012c9 (sz=40, trace=300000, nelems=6, elem type=java.lang.String[]@500000c8)
	[0]		50001255
	[1]		5000129e
	[2]		50001281
	[3]		500011db
	[4]		5000125f
	[5]		5000126e
ARR 500012ca (sz=40, trace=300000, nelems=5, elem type=java.lang.String[]@500000c8)
	[0]		50001254
	[1]		50001237
	[2]		50001238
	[3]		500011d6
	[4]		50001215
ARR 500012cb (sz=40, trace=300000, nelems=5, elem type=java.lang.String[]@500000c8)
	[0]		50001253
	[1]		5000129d
	[2]		50001280
	[3]		500011d5
	[4]		5000125e
ARR 500012cc (sz=40, trace=300000, nelems=5, elem type=java.lang.String[]@500000c8)
	[0]		5000124d
	[1]		5000127d
	[2]		5000129c
	[3]		500011d4
	[4]		50001270
OBJ 500012cd (sz=56, trace=300687, class=java.util.zip.ZipFile$ZipFileInputStream@5000055e)
	this$0		500004ee
OBJ 500012ce (sz=40, trace=300106, class=java.lang.ref.Finalizer@5000014d)
	referent	500012cd
	queue		500003c8
	next		5000127f
	prev		5000131d
OBJ 500012cf (sz=56, trace=300687, class=java.util.zip.ZipFile$ZipFileInputStream@5000055e)
ARR 500012d0 (sz=40, trace=300000, nelems=5, elem type=java.lang.String[]@500000c8)
	[0]		5000124c
	[1]		5000129b
	[2]		5000127c
	[3]		500011d3
	[4]		50001269
ARR 500012d1 (sz=40, trace=300000, nelems=5, elem type=java.lang.String[]@500000c8)
	[0]		5000124b
	[1]		5000127b
	[2]		5000129a
	[3]		500011d1
	[4]		5000126d
ARR 500012d2 (sz=32, trace=300000, nelems=4, elem type=java.lang.String[]@500000c8)
	[0]		50001248
	[1]		50001293
	[2]		50001276
	[3]		500011ce
ARR 500012d3 (sz=32, trace=300000, nelems=4, elem type=java.lang.String[]@500000c8)
	[0]		50001247
	[1]		5000128c
	[2]		50001275
	[3]		500011cd
ARR 500012d4 (sz=40, trace=300000, nelems=6, elem type=java.lang.String[]@500000c8)
	[0]		5000123f
	[1]		5000128b
	[2]		50001274
	[3]		500011cc
	[4]		5000126f
	[5]		500012c3
ARR 500012d5 (sz=24, trace=300000, nelems=2, elem type=java.lang.String[]@500000c8)
	[0]		5000123e
	[1]		50001246
ARR 500012d6 (sz=24, trace=300000, nelems=2, elem type=java.lang.String[]@500000c8)
	[0]		5000123d
	[1]		50001245
ARR 500012d7 (sz=24, trace=300000, nelems=2, elem type=java.lang.String[]@500000c8)
	[0]		5000123c
	[1]		50001244
ARR 500012d8 (sz=24, trace=300000, nelems=2, elem type=java.lang.String[]@500000c8)
	[0]		5000123b
	[1]		50001243
ARR 500012d9 (sz=32, trace=300000, nelems=3, elem type=java.lang.String[]@500000c8)
	[0]		5000123a
	[1]		50001242
	[2]		50001232
ARR 500012da (sz=24, trace=300000, nelems=2, elem type=java.lang.String[]@500000c8)
	[0]		50001239
	[1]		50001240
OBJ 500012dd (sz=16, trace=300157, class=java.lang.Object@50000172)
OBJ 500012de (sz=32, trace=300159, class=java.util.concurrent.ConcurrentHashMap$Node@50000024)
	key		50000aed
	val		500012dd
OBJ 500012df (sz=16, trace=300160, class=java.lang.Object@50000172)
OBJ 500012e0 (sz=32, trace=300159, class=java.util.concurrent.ConcurrentHashMap$Node@50000024)
	key		50000aed
	val		500012df
OBJ 500012e1 (sz=16, trace=300157, class=java.lang.Object@50000172)
OBJ 500012e2 (sz=32, trace=300159, class=java.util.concurrent.ConcurrentHashMap$Node@50000024)
	key		50000bec
	val		500012e1
OBJ 500012e3 (sz=16, trace=300160, class=java.lang.Object@50000172)
OBJ 500012e4 (sz=32, trace=300159, class=java.util.concurrent.ConcurrentHashMap$Node@50000024)
	key		50000bec
	val		500012e3
ARR 500012e5 (sz=24, trace=300000, nelems=1, elem type=java.lang.String[]@500000c8)
	[0]		500012b5
ARR 500012e6 (sz=32, trace=300000, nelems=3, elem type=java.lang.String[]@500000c8)
	[0]		500012b4
	[1]		500012b3
	[2]		5000126c
ARR 500012e7 (sz=80, trace=300000, nelems=15, elem type=java.lang.String[]@500000c8)
	[0]		500011fe
	[1]		500011df
	[2]		500011f2
	[3]		500011fb
	[4]		500011f5
	[5]		500011f0
	[6]		500011ee
	[7]		5000125c
	[8]		500011e9
	[9]		50001213
	[10]		50001214
	[11]		50001212
	[12]		50001267
	[13]		50001268
	[14]		500011fc
ARR 500012e8 (sz=32, trace=300000, nelems=4, elem type=java.lang.String[]@500000c8)
	[0]		500012ac
	[1]		500011de
	[2]		500012b2
	[3]		500011f4
ARR 500012e9 (sz=72, trace=300000, nelems=13, elem type=java.lang.String[]@500000c8)
	[0]		500012b1
	[1]		500011e4
	[2]		500012a9
	[3]		5000120d
	[4]		50001210
	[5]		500011f8
	[6]		500012bd
	[7]		500012b9
	[8]		500012a3
	[9]		5000128a
	[10]		500011e8
	[11]		5000125b
	[12]		50001264
ARR 500012ea (sz=80, trace=300000, nelems=16, elem type=java.lang.String[]@500000c8)
	[0]		500012b0
	[1]		500011e3
	[2]		500012a7
	[3]		50001206
	[4]		5000120c
	[5]		500011ec
	[6]		500011eb
	[7]		50001272
	[8]		50001273
	[9]		50001266
	[10]		500012bf
	[11]		50001294
	[12]		50001277
	[13]		500011cf
	[14]		50001249
	[15]		500012ab
ARR 500012eb (sz=64, trace=300000, nelems=12, elem type=java.lang.String[]@500000c8)
	[0]		500012af
	[1]		500011e2
	[2]		500012a8
	[3]		50001204
	[4]		50001205
	[5]		500011f7
	[6]		50001271
	[7]		500012a2
	[8]		50001289
	[9]		5000125a
	[10]		500011e7
	[11]		50001265
ARR 500012ec (sz=72, trace=300000, nelems=13, elem type=java.lang.String[]@500000c8)
	[0]		500012ae
	[1]		500012aa
	[2]		500011e1
	[3]		500012a6
	[4]		50001202
	[5]		50001203
	[6]		500012bc
	[7]		500012b8
	[8]		500012a1
	[9]		50001287
	[10]		50001259
	[11]		500011e6
	[12]		50001263
ARR 500012ed (sz=72, trace=300000, nelems=13, elem type=java.lang.String[]@500000c8)
	[0]		500012ad
	[1]		500011e0
	[2]		500012a5
	[3]		50001200
	[4]		50001201
	[5]		500011f6
	[6]		500012bb
	[7]		500012b7
	[8]		500012a0
	[9]		50001283
	[10]		50001258
	[11]		500011e5
	[12]		50001262
ARR 500012ee (sz=72, trace=300000, nelems=14, elem type=java.lang.String[]@500000c8)
	[0]		500012a4
	[1]		500011fd
	[2]		500012ba
	[3]		500012b6
	[4]		500011ef
	[5]		5000124a
	[6]		50001261
	[7]		500011d0
	[8]		500011ed
	[9]		500011f9
	[10]		500011ff
	[11]		50001211
	[12]		500011dd
	[13]		500011f3
ARR 500012ef (sz=24, trace=300000, nelems=2, elem type=java.lang.String[]@500000c8)
	[0]		50001223
	[1]		50001216
ARR 500012f0 (sz=24, trace=300000, nelems=2, elem type=java.lang.String[]@500000c8)
	[0]		50001225
	[1]		50001217
ARR 500012f1 (sz=24, trace=300000, nelems=2, elem type=java.lang.String[]@500000c8)
	[0]		50001220
	[1]		50001230
ARR 500012f2 (sz=24, trace=300000, nelems=2, elem type=java.lang.String[]@500000c8)
	[0]		50001224
	[1]		50001231
ARR 500012f3 (sz=24, trace=300000, nelems=2, elem type=java.lang.String[]@500000c8)
	[0]		5000121f
	[1]		50001218
ARR 500012f4 (sz=24, trace=300000, nelems=1, elem type=java.lang.String[]@500000c8)
	[0]		50001228
ARR 500012f5 (sz=32, trace=300000, nelems=3, elem type=java.lang.String[]@500000c8)
	[0]		5000121e
	[1]		5000122f
	[2]		50001229
ARR 500012f6 (sz=32, trace=300000, nelems=4, elem type=java.lang.String[]@500000c8)
	[0]		5000121b
	[1]		500011f1
	[2]		5000122e
	[3]		50001227
ARR 500012f7 (sz=32, trace=300000, nelems=4, elem type=java.lang.String[]@500000c8)
	[0]		5000121a
	[1]		500012c2
	[2]		500012c0
	[3]		50001226
ARR 500012f8 (sz=24, trace=300000, nelems=2, elem type=java.lang.String[]@500000c8)
	[0]		500011ea
	[1]		5000125d
ARR 500012f9 (sz=24, trace=300000, nelems=2, elem type=java.lang.String[]@500000c8)
	[0]		50001219
	[1]		500012c1
ARR 500012fa (sz=34, trace=300000, nelems=17, elem type=char[])
ARR 500012fb (sz=8, trace=300000, nelems=4, elem type=char[])
ARR 500012fc (sz=16, trace=300000, nelems=8, elem type=char[])
ARR 500012fd (sz=10, trace=300000, nelems=5, elem type=char[])
ARR 500012fe (sz=20, trace=300000, nelems=10, elem type=char[])
ARR 500012ff (sz=14, trace=300000, nelems=7, elem type=char[])
ARR 50001300 (sz=10, trace=300000, nelems=5, elem type=char[])
ARR 50001301 (sz=12, trace=300000, nelems=6, elem type=char[])
ARR 50001302 (sz=36, trace=300000, nelems=18, elem type=char[])
ARR 50001303 (sz=20, trace=300000, nelems=10, elem type=char[])
ARR 50001304 (sz=30, trace=300000, nelems=15, elem type=char[])
ARR 50001305 (sz=16, trace=300000, nelems=8, elem type=char[])
ARR 50001306 (sz=42, trace=300000, nelems=21, elem type=char[])
ARR 50001307 (sz=20, trace=300000, nelems=10, elem type=char[])
ARR 50001308 (sz=16, trace=300000, nelems=8, elem type=char[])
ARR 50001309 (sz=26, trace=300000, nelems=13, elem type=char[])
ARR 5000130a (sz=10, trace=300000, nelems=5, elem type=char[])
ARR 5000130b (sz=12, trace=300000, nelems=6, elem type=char[])
ARR 5000130c (sz=20, trace=300000, nelems=10, elem type=char[])
ARR 5000130d (sz=16, trace=300000, nelems=8, elem type=char[])
ARR 5000130e (sz=20, trace=300000, nelems=10, elem type=char[])
ARR 5000130f (sz=16, trace=300000, nelems=8, elem type=char[])
ARR 50001310 (sz=24, trace=300000, nelems=12, elem type=char[])
ARR 50001311 (sz=24, trace=300000, nelems=12, elem type=char[])
ARR 50001312 (sz=24, trace=300000, nelems=12, elem type=char[])
ARR 50001313 (sz=24, trace=300000, nelems=12, elem type=char[])
ARR 50001314 (sz=18, trace=300000, nelems=9, elem type=char[])
ARR 50001315 (sz=12, trace=300000, nelems=6, elem type=char[])
OBJ 50001316 (sz=56, trace=300687, class=java.util.zip.ZipFile$ZipFileInputStream@5000055e)
ARR 50001317 (sz=20, trace=300000, nelems=10, elem type=char[])
ARR 50001318 (sz=30, trace=300000, nelems=15, elem type=char[])
ARR 50001319 (sz=18, trace=300000, nelems=9, elem type=char[])
ARR 5000131a (sz=14, trace=300000, nelems=7, elem type=char[])
ARR 5000131b (sz=6, trace=300000, nelems=3, elem type=char[])
OBJ 5000131c (sz=56, trace=300687, class=java.util.zip.ZipFile$ZipFileInputStream@5000055e)
	this$0		500004ee
OBJ 5000131d (sz=40, trace=300106, class=java.lang.ref.Finalizer@5000014d)
	referent	5000131c
	queue		500003c8
	next		500012ce
	prev		50001373
ARR 5000131e (sz=22, trace=300000, nelems=11, elem type=char[])
ARR 5000131f (sz=10, trace=300000, nelems=5, elem type=char[])
ARR 50001320 (sz=12, trace=300000, nelems=6, elem type=char[])
ARR 50001321 (sz=4, trace=300000, nelems=2, elem type=char[])
ARR 50001322 (sz=12, trace=300000, nelems=6, elem type=char[])
OBJ 50001324 (sz=16, trace=300157, class=java.lang.Object@50000172)
OBJ 50001325 (sz=32, trace=300159, class=java.util.concurrent.ConcurrentHashMap$Node@50000024)
	key		50000d09
	val		50001324
OBJ 50001326 (sz=16, trace=300160, class=java.lang.Object@50000172)
OBJ 50001327 (sz=32, trace=300159, class=java.util.concurrent.ConcurrentHashMap$Node@50000024)
	key		50000d09
	val		50001326
ARR 50001328 (sz=20, trace=300000, nelems=10, elem type=char[])
ARR 50001329 (sz=20, trace=300000, nelems=10, elem type=char[])
ARR 5000132a (sz=22, trace=300000, nelems=11, elem type=char[])
ARR 5000132b (sz=6, trace=300000, nelems=3, elem type=char[])
ARR 5000132c (sz=10, trace=300000, nelems=5, elem type=char[])
ARR 5000132d (sz=14, trace=300000, nelems=7, elem type=char[])
OBJ 5000132e (sz=16, trace=300157, class=java.lang.Object@50000172)
OBJ 5000132f (sz=32, trace=300159, class=java.util.concurrent.ConcurrentHashMap$Node@50000024)
	key		50000c6f
	val		5000132e
OBJ 50001330 (sz=16, trace=300160, class=java.lang.Object@50000172)
OBJ 50001331 (sz=32, trace=300159, class=java.util.concurrent.ConcurrentHashMap$Node@50000024)
	key		50000c6f
	val		50001330
ARR 50001332 (sz=12, trace=300000, nelems=6, elem type=char[])
ARR 50001333 (sz=4, trace=300000, nelems=2, elem type=char[])
ARR 50001334 (sz=12, trace=300000, nelems=6, elem type=char[])
ARR 50001335 (sz=18, trace=300000, nelems=9, elem type=char[])
ARR 50001336 (sz=30, trace=300000, nelems=15, elem type=char[])
ARR 50001337 (sz=20, trace=300000, nelems=10, elem type=char[])
ARR 50001338 (sz=20, trace=300000, nelems=10, elem type=char[])
ARR 50001339 (sz=12, trace=300000, nelems=6, elem type=char[])
ARR 5000133a (sz=18, trace=300000, nelems=9, elem type=char[])
ARR 5000133b (sz=22, trace=300000, nelems=11, elem type=char[])
ARR 5000133c (sz=6, trace=300000, nelems=3, elem type=char[])
ARR 5000133d (sz=10, trace=300000, nelems=5, elem type=char[])
ARR 5000133e (sz=14, trace=300000, nelems=7, elem type=char[])
ARR 5000133f (sz=12, trace=300000, nelems=6, elem type=char[])
ARR 50001340 (sz=4, trace=300000, nelems=2, elem type=char[])
ARR 50001341 (sz=12, trace=300000, nelems=6, elem type=char[])
ARR 50001342 (sz=30, trace=300000, nelems=15, elem type=char[])
ARR 50001343 (sz=20, trace=300000, nelems=10, elem type=char[])
ARR 50001344 (sz=20, trace=300000, nelems=10, elem type=char[])
ARR 50001345 (sz=12, trace=300000, nelems=6, elem type=char[])
ARR 50001346 (sz=18, trace=300000, nelems=9, elem type=char[])
ARR 50001347 (sz=18, trace=300000, nelems=9, elem type=char[])
ARR 50001348 (sz=36, trace=300000, nelems=18, elem type=char[])
ARR 50001349 (sz=6, trace=300000, nelems=3, elem type=char[])
ARR 5000134a (sz=10, trace=300000, nelems=5, elem type=char[])
ARR 5000134b (sz=14, trace=300000, nelems=7, elem type=char[])
ARR 5000134c (sz=12, trace=300000, nelems=6, elem type=char[])
ARR 5000134d (sz=16, trace=300000, nelems=8, elem type=char[])
ARR 5000134e (sz=18, trace=300000, nelems=9, elem type=char[])
ARR 5000134f (sz=30, trace=300000, nelems=15, elem type=char[])
ARR 50001350 (sz=20, trace=300000, nelems=10, elem type=char[])
ARR 50001351 (sz=20, trace=300000, nelems=10, elem type=char[])
ARR 50001352 (sz=12, trace=300000, nelems=6, elem type=char[])
ARR 50001353 (sz=18, trace=300000, nelems=9, elem type=char[])
ARR 50001354 (sz=18, trace=300000, nelems=9, elem type=char[])
ARR 50001355 (sz=10, trace=300000, nelems=5, elem type=char[])
ARR 50001356 (sz=6, trace=300000, nelems=3, elem type=char[])
ARR 50001357 (sz=14, trace=300000, nelems=7, elem type=char[])
ARR 50001358 (sz=12, trace=300000, nelems=6, elem type=char[])
ARR 50001359 (sz=24, trace=300000, nelems=12, elem type=char[])
ARR 5000135a (sz=30, trace=300000, nelems=15, elem type=char[])
ARR 5000135b (sz=12, trace=300000, nelems=6, elem type=char[])
ARR 5000135c (sz=10, trace=300000, nelems=5, elem type=char[])
OBJ 5000135d (sz=56, trace=300687, class=java.util.zip.ZipFile$ZipFileInputStream@5000055e)
ARR 5000135e (sz=16, trace=300000, nelems=8, elem type=char[])
ARR 5000135f (sz=16, trace=300000, nelems=8, elem type=char[])
ARR 50001360 (sz=30, trace=300000, nelems=15, elem type=char[])
ARR 50001361 (sz=20, trace=300000, nelems=10, elem type=char[])
ARR 50001362 (sz=20, trace=300000, nelems=10, elem type=char[])
ARR 50001363 (sz=12, trace=300000, nelems=6, elem type=char[])
ARR 50001364 (sz=18, trace=300000, nelems=9, elem type=char[])
ARR 50001365 (sz=22, trace=300000, nelems=11, elem type=char[])
ARR 50001366 (sz=10, trace=300000, nelems=5, elem type=char[])
ARR 50001367 (sz=6, trace=300000, nelems=3, elem type=char[])
ARR 50001368 (sz=14, trace=300000, nelems=7, elem type=char[])
OBJ 50001369 (sz=56, trace=300687, class=java.util.zip.ZipFile$ZipFileInputStream@5000055e)
	this$0		500004ee
OBJ 5000136b (sz=16, trace=300157, class=java.lang.Object@50000172)
OBJ 5000136c (sz=32, trace=300159, class=java.util.concurrent.ConcurrentHashMap$Node@50000024)
	key		50000d29
	val		5000136b
	next		500002b7
OBJ 5000136d (sz=16, trace=300160, class=java.lang.Object@50000172)
OBJ 5000136e (sz=32, trace=300159, class=java.util.concurrent.ConcurrentHashMap$Node@50000024)
	key		50000d29
	val		5000136d
	next		500002ba
OBJ 5000136f (sz=16, trace=300157, class=java.lang.Object@50000172)
OBJ 50001370 (sz=32, trace=300159, class=java.util.concurrent.ConcurrentHashMap$Node@50000024)
	key		50000b91
	val		5000136f
	next		50001b37
OBJ 50001371 (sz=16, trace=300160, class=java.lang.Object@50000172)
OBJ 50001372 (sz=32, trace=300159, class=java.util.concurrent.ConcurrentHashMap$Node@50000024)
	key		50000b91
	val		50001371
	next		50001b39
OBJ 50001373 (sz=40, trace=300106, class=java.lang.ref.Finalizer@5000014d)
	referent	50001369
	queue		500003c8
	next		5000131d
	prev		500013d1
ARR 50001374 (sz=12, trace=300000, nelems=6, elem type=char[])
ARR 50001375 (sz=4, trace=300000, nelems=2, elem type=char[])
ARR 50001376 (sz=12, trace=300000, nelems=6, elem type=char[])
ARR 50001377 (sz=18, trace=300000, nelems=9, elem type=char[])
ARR 50001378 (sz=30, trace=300000, nelems=15, elem type=char[])
ARR 50001379 (sz=20, trace=300000, nelems=10, elem type=char[])
ARR 5000137a (sz=20, trace=300000, nelems=10, elem type=char[])
ARR 5000137b (sz=12, trace=300000, nelems=6, elem type=char[])
ARR 5000137c (sz=18, trace=300000, nelems=9, elem type=char[])
ARR 5000137d (sz=20, trace=300000, nelems=10, elem type=char[])
ARR 5000137e (sz=22, trace=300000, nelems=11, elem type=char[])
OBJ 5000137f (sz=16, trace=300157, class=java.lang.Object@50000172)
OBJ 50001380 (sz=32, trace=300159, class=java.util.concurrent.ConcurrentHashMap$Node@50000024)
	key		50000d11
	val		5000137f
OBJ 50001381 (sz=16, trace=300160, class=java.lang.Object@50000172)
OBJ 50001382 (sz=32, trace=300159, class=java.util.concurrent.ConcurrentHashMap$Node@50000024)
	key		50000d11
	val		50001381
ARR 50001383 (sz=14, trace=300000, nelems=7, elem type=char[])
ARR 50001384 (sz=20, trace=300000, nelems=10, elem type=char[])
ARR 50001385 (sz=30, trace=300000, nelems=15, elem type=char[])
ARR 50001386 (sz=22, trace=300000, nelems=11, elem type=char[])
ARR 50001387 (sz=22, trace=300000, nelems=11, elem type=char[])
ARR 50001388 (sz=4, trace=300000, nelems=2, elem type=char[])
ARR 50001389 (sz=12, trace=300000, nelems=6, elem type=char[])
ARR 5000138a (sz=12, trace=300000, nelems=6, elem type=char[])
ARR 5000138b (sz=6, trace=300000, nelems=3, elem type=char[])
ARR 5000138c (sz=10, trace=300000, nelems=5, elem type=char[])
ARR 5000138d (sz=14, trace=300000, nelems=7, elem type=char[])
ARR 5000138e (sz=12, trace=300000, nelems=6, elem type=char[])
ARR 5000138f (sz=20, trace=300000, nelems=10, elem type=char[])
ARR 50001390 (sz=20, trace=300000, nelems=10, elem type=char[])
ARR 50001391 (sz=22, trace=300000, nelems=11, elem type=char[])
ARR 50001392 (sz=14, trace=300000, nelems=7, elem type=char[])
ARR 50001393 (sz=22, trace=300000, nelems=11, elem type=char[])
ARR 50001394 (sz=14, trace=300000, nelems=7, elem type=char[])
ARR 50001395 (sz=8, trace=300000, nelems=4, elem type=char[])
ARR 50001396 (sz=12, trace=300000, nelems=6, elem type=char[])
ARR 50001397 (sz=12, trace=300000, nelems=6, elem type=char[])
ARR 50001398 (sz=12, trace=300000, nelems=6, elem type=char[])
ARR 50001399 (sz=12, trace=300000, nelems=6, elem type=char[])
ARR 5000139a (sz=18, trace=300000, nelems=9, elem type=char[])
ARR 5000139b (sz=12, trace=300000, nelems=6, elem type=char[])
ARR 5000139c (sz=12, trace=300000, nelems=6, elem type=char[])
ARR 5000139d (sz=12, trace=300000, nelems=6, elem type=char[])
ARR 5000139e (sz=12, trace=300000, nelems=6, elem type=char[])
ARR 5000139f (sz=12, trace=300000, nelems=6, elem type=char[])
ARR 500013a0 (sz=12, trace=300000, nelems=6, elem type=char[])
ARR 500013a1 (sz=12, trace=300000, nelems=6, elem type=char[])
ARR 500013a2 (sz=12, trace=300000, nelems=6, elem type=char[])
ARR 500013a3 (sz=12, trace=300000, nelems=6, elem type=char[])
ARR 500013a4 (sz=12, trace=300000, nelems=6, elem type=char[])
ARR 500013a5 (sz=22, trace=300000, nelems=11, elem type=char[])
ARR 500013a6 (sz=32, trace=300000, nelems=16, elem type=char[])
ARR 500013a7 (sz=6, trace=300000, nelems=3, elem type=char[])
OBJ 500013a8 (sz=56, trace=300687, class=java.util.zip.ZipFile$ZipFileInputStream@5000055e)
ARR 500013a9 (sz=14, trace=300000, nelems=7, elem type=char[])
ARR 500013aa (sz=12, trace=300000, nelems=6, elem type=char[])
ARR 500013ab (sz=10, trace=300000, nelems=5, elem type=char[])
ARR 500013ac (sz=6, trace=300000, nelems=3, elem type=char[])
ARR 500013ad (sz=14, trace=300000, nelems=7, elem type=char[])
ARR 500013ae (sz=12, trace=300000, nelems=6, elem type=char[])
ARR 500013af (sz=10, trace=300000, nelems=5, elem type=char[])
ARR 500013b0 (sz=6, trace=300000, nelems=3, elem type=char[])
ARR 500013b1 (sz=14, trace=300000, nelems=7, elem type=char[])
ARR 500013b2 (sz=12, trace=300000, nelems=6, elem type=char[])
ARR 500013b3 (sz=10, trace=300000, nelems=5, elem type=char[])
ARR 500013b4 (sz=38, trace=300000, nelems=19, elem type=char[])
OBJ 500013b6 (sz=24, trace=300709, class=com.sun.tools.javac.main.Option$OptionKind@500013b5)
	name		50002c1c
OBJ 500013b7 (sz=24, trace=300710, class=com.sun.tools.javac.main.Option$OptionKind@500013b5)
	name		50002c1e
OBJ 500013b8 (sz=24, trace=300711, class=com.sun.tools.javac.main.Option$OptionKind@500013b5)
	name		50002c1f
OBJ 500013b9 (sz=16, trace=300157, class=java.lang.Object@50000172)
OBJ 500013ba (sz=32, trace=300683, class=java.util.concurrent.ConcurrentHashMap$Node@50000024)
	key		50000af5
	val		500013b9
OBJ 500013bb (sz=16, trace=300160, class=java.lang.Object@50000172)
OBJ 500013bc (sz=32, trace=300683, class=java.util.concurrent.ConcurrentHashMap$Node@50000024)
	key		50000af5
	val		500013bb
ARR 500013be (sz=32, trace=300712, nelems=3, elem type=com.sun.tools.javac.main.Option$OptionKind[]@500013bd)
	[0]		500013b6
	[1]		500013b7
	[2]		500013b8
OBJ 500013bf (sz=24, trace=300713, class=com.sun.tools.javac.main.Option$OptionGroup@5000136a)
	name		50002c22
OBJ 500013c0 (sz=24, trace=300714, class=com.sun.tools.javac.main.Option$OptionGroup@5000136a)
	name		50002c24
OBJ 500013c1 (sz=24, trace=300715, class=com.sun.tools.javac.main.Option$OptionGroup@5000136a)
	name		50002c25
OBJ 500013c2 (sz=24, trace=300716, class=com.sun.tools.javac.main.Option$OptionGroup@5000136a)
	name		50002c26
ARR 500013c4 (sz=32, trace=300717, nelems=4, elem type=com.sun.tools.javac.main.Option$OptionGroup[]@500013c3)
	[0]		500013bf
	[1]		500013c0
	[2]		500013c1
	[3]		500013c2
OBJ 500013c5 (sz=56, trace=300718, class=com.sun.tools.javac.main.Option@50000b92)
	name		50002b87
	text		50002b6c
	kind		500013b6
	group		500013bf
	descrKey	50002bb7
OBJ 500013c6 (sz=56, trace=300719, class=com.sun.tools.javac.main.Option$1@50000bd9)
	name		50002b89
	text		50002b6e
	kind		500013b6
	group		500013bf
	descrKey	50002bb9
OBJ 500013c7 (sz=16, trace=300157, class=java.lang.Object@50000172)
ARR 500013c8 (sz=6, trace=300000, nelems=3, elem type=char[])
OBJ 500013c9 (sz=16, trace=300160, class=java.lang.Object@50000172)
ARR 500013ca (sz=12, trace=300000, nelems=6, elem type=char[])
ARR 500013cb (sz=14, trace=300000, nelems=7, elem type=char[])
ARR 500013cc (sz=10, trace=300000, nelems=5, elem type=char[])
ARR 500013cd (sz=16, trace=300000, nelems=8, elem type=char[])
ARR 500013ce (sz=6, trace=300000, nelems=3, elem type=char[])
ARR 500013cf (sz=14, trace=300000, nelems=7, elem type=char[])
OBJ 500013d0 (sz=56, trace=300687, class=java.util.zip.ZipFile$ZipFileInputStream@5000055e)
	this$0		500004ee
OBJ 500013d1 (sz=40, trace=300106, class=java.lang.ref.Finalizer@5000014d)
	referent	500013d0
	queue		500003c8
	next		50001373
	prev		50001436
ARR 500013d2 (sz=12, trace=300000, nelems=6, elem type=char[])
ARR 500013d3 (sz=10, trace=300000, nelems=5, elem type=char[])
ARR 500013d4 (sz=16, trace=300000, nelems=8, elem type=char[])
ARR 500013d5 (sz=6, trace=300000, nelems=3, elem type=char[])
ARR 500013d6 (sz=12, trace=300000, nelems=6, elem type=char[])
ARR 500013d7 (sz=14, trace=300000, nelems=7, elem type=char[])
ARR 500013d8 (sz=10, trace=300000, nelems=5, elem type=char[])
ARR 500013d9 (sz=16, trace=300000, nelems=8, elem type=char[])
ARR 500013da (sz=6, trace=300000, nelems=3, elem type=char[])
ARR 500013db (sz=14, trace=300000, nelems=7, elem type=char[])
ARR 500013dc (sz=12, trace=300000, nelems=6, elem type=char[])
ARR 500013dd (sz=10, trace=300000, nelems=5, elem type=char[])
ARR 500013de (sz=48, trace=300000, nelems=24, elem type=char[])
ARR 500013df (sz=6, trace=300000, nelems=3, elem type=char[])
OBJ 500013e0 (sz=16, trace=300157, class=java.lang.Object@50000172)
OBJ 500013e1 (sz=32, trace=300683, class=java.util.concurrent.ConcurrentHashMap$Node@50000024)
	key		50000b7d
	val		500013e0
OBJ 500013e2 (sz=16, trace=300160, class=java.lang.Object@50000172)
OBJ 500013e3 (sz=32, trace=300683, class=java.util.concurrent.ConcurrentHashMap$Node@50000024)
	key		50000b7d
	val		500013e2
ARR 500013e4 (sz=14, trace=300000, nelems=7, elem type=char[])
ARR 500013e5 (sz=20, trace=300000, nelems=10, elem type=char[])
ARR 500013e6 (sz=10, trace=300000, nelems=5, elem type=char[])
ARR 500013e7 (sz=36, trace=300000, nelems=18, elem type=char[])
ARR 500013e8 (sz=16, trace=300000, nelems=8, elem type=char[])
ARR 500013e9 (sz=6, trace=300000, nelems=3, elem type=char[])
ARR 500013ea (sz=14, trace=300000, nelems=7, elem type=char[])
ARR 500013eb (sz=12, trace=300000, nelems=6, elem type=char[])
ARR 500013ec (sz=10, trace=300000, nelems=5, elem type=char[])
ARR 500013ed (sz=16, trace=300000, nelems=8, elem type=char[])
ARR 500013ee (sz=6, trace=300000, nelems=3, elem type=char[])
ARR 500013ef (sz=14, trace=300000, nelems=7, elem type=char[])
ARR 500013f0 (sz=12, trace=300000, nelems=6, elem type=char[])
ARR 500013f1 (sz=10, trace=300000, nelems=5, elem type=char[])
ARR 500013f2 (sz=6, trace=300000, nelems=3, elem type=char[])
ARR 500013f3 (sz=14, trace=300000, nelems=7, elem type=char[])
ARR 500013f4 (sz=12, trace=300000, nelems=6, elem type=char[])
ARR 500013f5 (sz=10, trace=300000, nelems=5, elem type=char[])
OBJ 500013f6 (sz=24, trace=300000, class=java.lang.String@5000016e)
	value		500014a7
OBJ 500013f7 (sz=24, trace=300000, class=java.lang.String@5000016e)
	value		500014a6
OBJ 500013f8 (sz=24, trace=300000, class=java.lang.String@5000016e)
	value		500014a5
OBJ 500013f9 (sz=24, trace=300000, class=java.lang.String@5000016e)
	value		500014a4
OBJ 500013fa (sz=24, trace=300000, class=java.lang.String@5000016e)
	value		500014a3
OBJ 500013fb (sz=24, trace=300000, class=java.lang.String@5000016e)
	value		5000149d
OBJ 500013fc (sz=24, trace=300000, class=java.lang.String@5000016e)
	value		5000149c
OBJ 500013fd (sz=24, trace=300000, class=java.lang.String@5000016e)
	value		5000149b
OBJ 500013fe (sz=24, trace=300000, class=java.lang.String@5000016e)
	value		5000149a
OBJ 500013ff (sz=24, trace=300000, class=java.lang.String@5000016e)
	value		50001499
OBJ 50001400 (sz=56, trace=300687, class=java.util.zip.ZipFile$ZipFileInputStream@5000055e)
OBJ 50001401 (sz=24, trace=300000, class=java.lang.String@5000016e)
	value		50001498
OBJ 50001402 (sz=24, trace=300000, class=java.lang.String@5000016e)
	value		50001497
OBJ 50001403 (sz=24, trace=300000, class=java.lang.String@5000016e)
	value		50001496
OBJ 50001404 (sz=24, trace=300000, class=java.lang.String@5000016e)
	value		50001495
OBJ 50001405 (sz=24, trace=300000, class=java.lang.String@5000016e)
	value		50001494
OBJ 50001406 (sz=24, trace=300000, class=java.lang.String@5000016e)
	value		50001493
OBJ 50001407 (sz=24, trace=300000, class=java.lang.String@5000016e)
	value		50001490
OBJ 50001408 (sz=24, trace=300000, class=java.lang.String@5000016e)
	value		5000148f
OBJ 50001409 (sz=24, trace=300000, class=java.lang.String@5000016e)
	value		5000148e
OBJ 5000140a (sz=24, trace=300000, class=java.lang.String@5000016e)
	value		5000148d
OBJ 5000140b (sz=24, trace=300000, class=java.lang.String@5000016e)
	value		5000148c
OBJ 5000140c (sz=24, trace=300000, class=java.lang.String@5000016e)
	value		5000148b
OBJ 5000140e (sz=24, trace=300720, class=com.sun.tools.javac.main.Option$ChoiceKind@5000140d)
	name		50002c33
OBJ 5000140f (sz=24, trace=300721, class=com.sun.tools.javac.main.Option$ChoiceKind@5000140d)
	name		50002c31
ARR 50001411 (sz=24, trace=300722, nelems=2, elem type=com.sun.tools.javac.main.Option$ChoiceKind[]@50001410)
	[0]		5000140e
	[1]		5000140f
OBJ 50001412 (sz=24, trace=300000, class=java.lang.String@5000016e)
	value		5000148a
OBJ 50001413 (sz=16, trace=300157, class=java.lang.Object@50000172)
OBJ 50001414 (sz=32, trace=300683, class=java.util.concurrent.ConcurrentHashMap$Node@50000024)
	key		50000cfb
	val		50001413
OBJ 50001415 (sz=16, trace=300160, class=java.lang.Object@50000172)
OBJ 50001416 (sz=32, trace=300683, class=java.util.concurrent.ConcurrentHashMap$Node@50000024)
	key		50000cfb
	val		50001415
OBJ 50001417 (sz=56, trace=300724, class=java.util.LinkedHashMap@5000006a)
	table		5000141c
	head		5000141d
	tail		5000141f
OBJ 50001418 (sz=16, trace=300157, class=java.lang.Object@50000172)
OBJ 50001419 (sz=32, trace=300159, class=java.util.concurrent.ConcurrentHashMap$Node@50000024)
	key		50000c73
	val		50001418
OBJ 5000141a (sz=16, trace=300160, class=java.lang.Object@50000172)
OBJ 5000141b (sz=32, trace=300159, class=java.util.concurrent.ConcurrentHashMap$Node@50000024)
	key		50000c73
	val		5000141a
ARR 5000141c (sz=80, trace=300725, nelems=13, elem type=java.util.HashMap$Node[]@500000c2)
	[11]		5000141e
	[12]		5000141d
OBJ 5000141d (sz=40, trace=300084, class=java.util.LinkedHashMap$Entry@50000060)
	key		50002ba0
	value		50000a8d
	after		5000141e
OBJ 5000141e (sz=40, trace=300084, class=java.util.LinkedHashMap$Entry@50000060)
	key		50002bc9
	value		50000a8d
	next		5000141f
	before		5000141d
	after		5000141f
OBJ 5000141f (sz=40, trace=300726, class=java.util.LinkedHashMap$Entry@50000060)
	key		50002bc8
	value		50000a8d
	before		5000141e
OBJ 50001420 (sz=56, trace=300727, class=com.sun.tools.javac.main.Option@50000b92)
	name		50002b88
	text		50002b6d
	kind		500013b6
	group		500013bf
	descrKey	50002bb8
	choiceKind	5000140f
	choices		50001417
OBJ 50001421 (sz=56, trace=300728, class=com.sun.tools.javac.main.Option@50000b92)
	name		50002b9d
	text		50002b62
	kind		500013b7
	group		500013bf
	descrKey	50002ba7
OBJ 50001422 (sz=56, trace=300729, class=java.util.LinkedHashMap@5000006a)
	table		50001562
	head		50001424
	tail		500015bd
OBJ 50001423 (sz=24, trace=300000, class=java.lang.String@5000016e)
	value		50001489
OBJ 50001424 (sz=40, trace=300084, class=java.util.LinkedHashMap$Entry@50000060)
	key		50002b9f
	value		50000a8d
	after		50001539
OBJ 50001425 (sz=16, trace=300157, class=java.lang.Object@50000172)
OBJ 50001426 (sz=24, trace=300000, class=java.lang.String@5000016e)
	value		50001488
OBJ 50001427 (sz=16, trace=300160, class=java.lang.Object@50000172)
OBJ 50001428 (sz=24, trace=300000, class=java.lang.String@5000016e)
	value		50001487
OBJ 50001429 (sz=24, trace=300000, class=java.lang.String@5000016e)
	value		50001486
OBJ 5000142a (sz=24, trace=300000, class=java.lang.String@5000016e)
	value		50001485
OBJ 5000142b (sz=24, trace=300000, class=java.lang.String@5000016e)
	value		50001484
OBJ 5000142c (sz=24, trace=300000, class=java.lang.String@5000016e)
	value		50001483
OBJ 5000142d (sz=24, trace=300000, class=java.lang.String@5000016e)
	value		50001482
OBJ 5000142e (sz=24, trace=300000, class=java.lang.String@5000016e)
	value		50001481
OBJ 5000142f (sz=24, trace=300000, class=java.lang.String@5000016e)
	value		50001480
OBJ 50001430 (sz=24, trace=300000, class=java.lang.String@5000016e)
	value		5000147f
OBJ 50001431 (sz=24, trace=300000, class=java.lang.String@5000016e)
	value		5000147e
OBJ 50001432 (sz=24, trace=300000, class=java.lang.String@5000016e)
	value		5000147d
OBJ 50001433 (sz=24, trace=300000, class=java.lang.String@5000016e)
	value		50001476
OBJ 50001434 (sz=24, trace=300000, class=java.lang.String@5000016e)
	value		50001475
OBJ 50001435 (sz=56, trace=300687, class=java.util.zip.ZipFile$ZipFileInputStream@5000055e)
	this$0		500004ee
OBJ 50001436 (sz=40, trace=300106, class=java.lang.ref.Finalizer@5000014d)
	referent	50001435
	queue		500003c8
	next		500013d1
	prev		50001492
OBJ 50001437 (sz=24, trace=300000, class=java.lang.String@5000016e)
	value		50001474
OBJ 50001438 (sz=24, trace=300000, class=java.lang.String@5000016e)
	value		50001473
OBJ 50001439 (sz=24, trace=300000, class=java.lang.String@5000016e)
	value		50001472
OBJ 5000143a (sz=24, trace=300000, class=java.lang.String@5000016e)
	value		5000146e
OBJ 5000143b (sz=24, trace=300000, class=java.lang.String@5000016e)
	value		5000146d
OBJ 5000143c (sz=24, trace=300000, class=java.lang.String@5000016e)
	value		5000146c
OBJ 5000143d (sz=24, trace=300000, class=java.lang.String@5000016e)
	value		5000146b
OBJ 5000143e (sz=24, trace=300000, class=java.lang.String@5000016e)
	value		5000146a
OBJ 5000143f (sz=24, trace=300000, class=java.lang.String@5000016e)
	value		50001469
OBJ 50001440 (sz=24, trace=300000, class=java.lang.String@5000016e)
	value		50001467
OBJ 50001441 (sz=24, trace=300000, class=java.lang.String@5000016e)
	value		50001466
OBJ 50001442 (sz=24, trace=300000, class=java.lang.String@5000016e)
	value		50001465
OBJ 50001443 (sz=24, trace=300000, class=java.lang.String@5000016e)
	value		50001462
OBJ 50001448 (sz=16, trace=300157, class=java.lang.Object@50000172)
OBJ 50001449 (sz=32, trace=300159, class=java.util.concurrent.ConcurrentHashMap$Node@50000024)
	key		50000bea
	val		50001448
OBJ 5000144a (sz=16, trace=300160, class=java.lang.Object@50000172)
OBJ 5000144b (sz=32, trace=300159, class=java.util.concurrent.ConcurrentHashMap$Node@50000024)
	key		50000bea
	val		5000144a
OBJ 5000144c (sz=24, trace=300000, class=java.lang.String@5000016e)
	value		50001461
OBJ 5000144d (sz=24, trace=300000, class=java.lang.String@5000016e)
	value		50001460
OBJ 5000144e (sz=24, trace=300000, class=java.lang.String@5000016e)
	value		5000145f
OBJ 5000144f (sz=24, trace=300000, class=java.lang.String@5000016e)
	value		5000145e
OBJ 50001450 (sz=24, trace=300000, class=java.lang.String@5000016e)
	value		5000145d
OBJ 50001451 (sz=24, trace=300000, class=java.lang.String@5000016e)
	value		5000145c
OBJ 50001452 (sz=24, trace=300000, class=java.lang.String@5000016e)
	value		5000145b
OBJ 50001453 (sz=24, trace=300000, class=java.lang.String@5000016e)
	value		5000145a
OBJ 50001454 (sz=24, trace=300000, class=java.lang.String@5000016e)
	value		50001459
OBJ 50001455 (sz=24, trace=300369, class=java.lang.String@5000016e)
	value		50001456
ARR 50001456 (sz=48, trace=300370, nelems=24, elem type=char[])
OBJ 50001457 (sz=24, trace=300000, class=java.lang.String@5000016e)
	value		50001458
ARR 50001458 (sz=28, trace=300000, nelems=14, elem type=char[])
ARR 50001459 (sz=28, trace=300000, nelems=14, elem type=char[])
ARR 5000145a (sz=28, trace=300000, nelems=14, elem type=char[])
ARR 5000145b (sz=16, trace=300000, nelems=8, elem type=char[])
ARR 5000145c (sz=16, trace=300000, nelems=8, elem type=char[])
ARR 5000145d (sz=24, trace=300000, nelems=12, elem type=char[])
ARR 5000145e (sz=24, trace=300000, nelems=12, elem type=char[])
ARR 5000145f (sz=24, trace=300000, nelems=12, elem type=char[])
ARR 50001460 (sz=24, trace=300000, nelems=12, elem type=char[])
ARR 50001461 (sz=24, trace=300000, nelems=12, elem type=char[])
ARR 50001462 (sz=24, trace=300000, nelems=12, elem type=char[])
OBJ 50001463 (sz=56, trace=300443, class=java.lang.Package@500005dd)
	pkgName		50001455
	loader		500003d7
OBJ 50001464 (sz=32, trace=300221, class=java.util.HashMap$Node@500000c4)
	key		50001455
	value		50001463
	next		500022ce
ARR 50001465 (sz=10, trace=300000, nelems=5, elem type=char[])
ARR 50001466 (sz=16, trace=300000, nelems=8, elem type=char[])
ARR 50001467 (sz=16, trace=300000, nelems=8, elem type=char[])
OBJ 50001468 (sz=56, trace=300687, class=java.util.zip.ZipFile$ZipFileInputStream@5000055e)
ARR 50001469 (sz=12, trace=300000, nelems=6, elem type=char[])
ARR 5000146a (sz=16, trace=300000, nelems=8, elem type=char[])
ARR 5000146b (sz=16, trace=300000, nelems=8, elem type=char[])
ARR 5000146c (sz=12, trace=300000, nelems=6, elem type=char[])
ARR 5000146d (sz=16, trace=300000, nelems=8, elem type=char[])
ARR 5000146e (sz=12, trace=300000, nelems=6, elem type=char[])
OBJ 5000146f (sz=24, trace=300668, class=java.lang.String@5000016e)
	value		50001470
ARR 50001470 (sz=48, trace=300669, nelems=24, elem type=char[])
OBJ 50001471 (sz=32, trace=300671, class=java.util.concurrent.ConcurrentHashMap$Node@50000024)
	key		5000146f
	val		50000a9e
	next		50000320
ARR 50001472 (sz=12, trace=300000, nelems=6, elem type=char[])
ARR 50001473 (sz=20, trace=300000, nelems=10, elem type=char[])
ARR 50001474 (sz=20, trace=300000, nelems=10, elem type=char[])
ARR 50001475 (sz=20, trace=300000, nelems=10, elem type=char[])
ARR 50001476 (sz=20, trace=300000, nelems=10, elem type=char[])
OBJ 50001478 (sz=32, trace=300731, class=com.sun.tools.javac.code.Lint$LintCategory@50001477)
	name		50002d15
	option		50002c63
OBJ 50001479 (sz=16, trace=300157, class=java.lang.Object@50000172)
OBJ 5000147a (sz=32, trace=300683, class=java.util.concurrent.ConcurrentHashMap$Node@50000024)
	key		50000bac
	val		50001479
	next		500018dd
OBJ 5000147b (sz=16, trace=300160, class=java.lang.Object@50000172)
OBJ 5000147c (sz=32, trace=300683, class=java.util.concurrent.ConcurrentHashMap$Node@50000024)
	key		50000bac
	val		5000147b
	next		500018df
ARR 5000147d (sz=20, trace=300000, nelems=10, elem type=char[])
ARR 5000147e (sz=22, trace=300000, nelems=11, elem type=char[])
ARR 5000147f (sz=22, trace=300000, nelems=11, elem type=char[])
ARR 50001480 (sz=20, trace=300000, nelems=10, elem type=char[])
ARR 50001481 (sz=16, trace=300000, nelems=8, elem type=char[])
ARR 50001482 (sz=12, trace=300000, nelems=6, elem type=char[])
ARR 50001483 (sz=10, trace=300000, nelems=5, elem type=char[])
ARR 50001484 (sz=24, trace=300000, nelems=12, elem type=char[])
ARR 50001485 (sz=16, trace=300000, nelems=8, elem type=char[])
ARR 50001486 (sz=12, trace=300000, nelems=6, elem type=char[])
ARR 50001487 (sz=12, trace=300000, nelems=6, elem type=char[])
ARR 50001488 (sz=12, trace=300000, nelems=6, elem type=char[])
ARR 50001489 (sz=12, trace=300000, nelems=6, elem type=char[])
ARR 5000148a (sz=12, trace=300000, nelems=6, elem type=char[])
ARR 5000148b (sz=12, trace=300000, nelems=6, elem type=char[])
ARR 5000148c (sz=12, trace=300000, nelems=6, elem type=char[])
ARR 5000148d (sz=12, trace=300000, nelems=6, elem type=char[])
ARR 5000148e (sz=20, trace=300000, nelems=10, elem type=char[])
ARR 5000148f (sz=20, trace=300000, nelems=10, elem type=char[])
ARR 50001490 (sz=20, trace=300000, nelems=10, elem type=char[])
OBJ 50001491 (sz=56, trace=300687, class=java.util.zip.ZipFile$ZipFileInputStream@5000055e)
	this$0		500004ee
OBJ 50001492 (sz=40, trace=300106, class=java.lang.ref.Finalizer@5000014d)
	referent	50001491
	queue		500003c8
	next		50001436
	prev		500014e0
ARR 50001493 (sz=20, trace=300000, nelems=10, elem type=char[])
ARR 50001494 (sz=20, trace=300000, nelems=10, elem type=char[])
ARR 50001495 (sz=22, trace=300000, nelems=11, elem type=char[])
ARR 50001496 (sz=22, trace=300000, nelems=11, elem type=char[])
ARR 50001497 (sz=12, trace=300000, nelems=6, elem type=char[])
ARR 50001498 (sz=12, trace=300000, nelems=6, elem type=char[])
ARR 50001499 (sz=12, trace=300000, nelems=6, elem type=char[])
ARR 5000149a (sz=12, trace=300000, nelems=6, elem type=char[])
ARR 5000149b (sz=12, trace=300000, nelems=6, elem type=char[])
ARR 5000149c (sz=12, trace=300000, nelems=6, elem type=char[])
ARR 5000149d (sz=12, trace=300000, nelems=6, elem type=char[])
OBJ 5000149f (sz=16, trace=300157, class=java.lang.Object@50000172)
OBJ 500014a0 (sz=32, trace=300159, class=java.util.concurrent.ConcurrentHashMap$Node@50000024)
	key		50000bf2
	val		5000149f
OBJ 500014a1 (sz=16, trace=300160, class=java.lang.Object@50000172)
OBJ 500014a2 (sz=32, trace=300159, class=java.util.concurrent.ConcurrentHashMap$Node@50000024)
	key		50000bf2
	val		500014a1
ARR 500014a3 (sz=12, trace=300000, nelems=6, elem type=char[])
ARR 500014a4 (sz=12, trace=300000, nelems=6, elem type=char[])
ARR 500014a5 (sz=12, trace=300000, nelems=6, elem type=char[])
ARR 500014a6 (sz=12, trace=300000, nelems=6, elem type=char[])
ARR 500014a7 (sz=12, trace=300000, nelems=6, elem type=char[])
OBJ 500014a8 (sz=24, trace=300000, class=java.lang.String@5000016e)
	value		50001650
OBJ 500014a9 (sz=24, trace=300000, class=java.lang.String@5000016e)
	value		5000164f
OBJ 500014aa (sz=24, trace=300000, class=java.lang.String@5000016e)
	value		5000164e
OBJ 500014ab (sz=24, trace=300000, class=java.lang.String@5000016e)
	value		5000164d
OBJ 500014ac (sz=24, trace=300000, class=java.lang.String@5000016e)
	value		5000164c
OBJ 500014ad (sz=24, trace=300000, class=java.lang.String@5000016e)
	value		5000164b
OBJ 500014ae (sz=24, trace=300000, class=java.lang.String@5000016e)
	value		5000164a
OBJ 500014af (sz=24, trace=300000, class=java.lang.String@5000016e)
	value		50001649
OBJ 500014b0 (sz=24, trace=300000, class=java.lang.String@5000016e)
	value		50001648
OBJ 500014b1 (sz=24, trace=300000, class=java.lang.String@5000016e)
	value		50001647
OBJ 500014b2 (sz=56, trace=300687, class=java.util.zip.ZipFile$ZipFileInputStream@5000055e)
OBJ 500014b3 (sz=24, trace=300000, class=java.lang.String@5000016e)
	value		50001646
OBJ 500014b4 (sz=24, trace=300000, class=java.lang.String@5000016e)
	value		50001645
OBJ 500014b5 (sz=24, trace=300000, class=java.lang.String@5000016e)
	value		50001644
OBJ 500014b6 (sz=24, trace=300000, class=java.lang.String@5000016e)
	value		50001643
OBJ 500014b7 (sz=24, trace=300000, class=java.lang.String@5000016e)
	value		50001642
OBJ 500014b8 (sz=24, trace=300000, class=java.lang.String@5000016e)
	value		50001641
OBJ 500014b9 (sz=24, trace=300000, class=java.lang.String@5000016e)
	value		50001640
OBJ 500014ba (sz=24, trace=300000, class=java.lang.String@5000016e)
	value		5000163f
OBJ 500014bb (sz=24, trace=300000, class=java.lang.String@5000016e)
	value		5000163e
OBJ 500014bc (sz=24, trace=300000, class=java.lang.String@5000016e)
	value		50001638
OBJ 500014bd (sz=24, trace=300000, class=java.lang.String@5000016e)
	value		50001636
OBJ 500014be (sz=24, trace=300000, class=java.lang.String@5000016e)
	value		50001635
OBJ 500014bf (sz=24, trace=300000, class=java.lang.String@5000016e)
	value		5000162f
OBJ 500014c1 (sz=16, trace=300157, class=java.lang.Object@50000172)
OBJ 500014c2 (sz=32, trace=300159, class=java.util.concurrent.ConcurrentHashMap$Node@50000024)
	key		50000ce3
	val		500014c1
OBJ 500014c3 (sz=16, trace=300160, class=java.lang.Object@50000172)
OBJ 500014c4 (sz=32, trace=300159, class=java.util.concurrent.ConcurrentHashMap$Node@50000024)
	key		50000ce3
	val		500014c3
OBJ 500014c5 (sz=24, trace=300000, class=java.lang.String@5000016e)
	value		5000162e
OBJ 500014c6 (sz=24, trace=300000, class=java.lang.String@5000016e)
	value		50001629
OBJ 500014c7 (sz=24, trace=300000, class=java.lang.String@5000016e)
	value		50001628
OBJ 500014c8 (sz=24, trace=300000, class=java.lang.String@5000016e)
	value		500015fe
OBJ 500014c9 (sz=24, trace=300000, class=java.lang.String@5000016e)
	value		500015db
OBJ 500014ca (sz=24, trace=300000, class=java.lang.String@5000016e)
	value		500015cf
OBJ 500014cb (sz=24, trace=300000, class=java.lang.String@5000016e)
	value		500015b9
OBJ 500014cc (sz=24, trace=300000, class=java.lang.String@5000016e)
	value		500015b8
OBJ 500014cd (sz=24, trace=300000, class=java.lang.String@5000016e)
	value		500015b4
OBJ 500014ce (sz=24, trace=300000, class=java.lang.String@5000016e)
	value		500015b3
OBJ 500014cf (sz=24, trace=300000, class=java.lang.String@5000016e)
	value		500015af
OBJ 500014d0 (sz=24, trace=300000, class=java.lang.String@5000016e)
	value		500015ae
OBJ 500014d1 (sz=24, trace=300000, class=java.lang.String@5000016e)
	value		500015aa
OBJ 500014d2 (sz=24, trace=300000, class=java.lang.String@5000016e)
	value		500015a4
OBJ 500014d3 (sz=24, trace=300000, class=java.lang.String@5000016e)
	value		500015a0
OBJ 500014d4 (sz=24, trace=300000, class=java.lang.String@5000016e)
	value		5000159f
OBJ 500014d5 (sz=24, trace=300000, class=java.lang.String@5000016e)
	value		5000159b
OBJ 500014d6 (sz=24, trace=300000, class=java.lang.String@5000016e)
	value		5000159a
OBJ 500014d7 (sz=24, trace=300000, class=java.lang.String@5000016e)
	value		50001596
OBJ 500014d8 (sz=24, trace=300000, class=java.lang.String@5000016e)
	value		50001595
OBJ 500014d9 (sz=24, trace=300000, class=java.lang.String@5000016e)
	value		50001591
OBJ 500014da (sz=24, trace=300000, class=java.lang.String@5000016e)
	value		50001590
OBJ 500014db (sz=24, trace=300000, class=java.lang.String@5000016e)
	value		5000158c
OBJ 500014dc (sz=24, trace=300000, class=java.lang.String@5000016e)
	value		5000158b
OBJ 500014dd (sz=24, trace=300000, class=java.lang.String@5000016e)
	value		50001587
OBJ 500014de (sz=24, trace=300000, class=java.lang.String@5000016e)
	value		50001586
OBJ 500014df (sz=56, trace=300687, class=java.util.zip.ZipFile$ZipFileInputStream@5000055e)
	this$0		500004ee
OBJ 500014e0 (sz=40, trace=300106, class=java.lang.ref.Finalizer@5000014d)
	referent	500014df
	queue		500003c8
	next		50001492
	prev		500015a9
OBJ 500014e1 (sz=24, trace=300000, class=java.lang.String@5000016e)
	value		50001582
OBJ 500014e2 (sz=24, trace=300000, class=java.lang.String@5000016e)
	value		50001581
OBJ 500014e3 (sz=24, trace=300000, class=java.lang.String@5000016e)
	value		5000157d
OBJ 500014e4 (sz=24, trace=300000, class=java.lang.String@5000016e)
	value		5000157c
OBJ 500014e5 (sz=24, trace=300000, class=java.lang.String@5000016e)
	value		50001578
OBJ 500014e6 (sz=24, trace=300000, class=java.lang.String@5000016e)
	value		50001577
OBJ 500014e7 (sz=24, trace=300000, class=java.lang.String@5000016e)
	value		50001573
OBJ 500014e8 (sz=24, trace=300000, class=java.lang.String@5000016e)
	value		50001572
OBJ 500014e9 (sz=24, trace=300000, class=java.lang.String@5000016e)
	value		5000156e
OBJ 500014ea (sz=24, trace=300000, class=java.lang.String@5000016e)
	value		5000156d
OBJ 500014eb (sz=24, trace=300000, class=java.lang.String@5000016e)
	value		50001569
OBJ 500014ed (sz=16, trace=300157, class=java.lang.Object@50000172)
OBJ 500014ee (sz=32, trace=300683, class=java.util.concurrent.ConcurrentHashMap$Node@50000024)
	key		50000c60
	val		500014ed
OBJ 500014ef (sz=16, trace=300160, class=java.lang.Object@50000172)
OBJ 500014f0 (sz=32, trace=300683, class=java.util.concurrent.ConcurrentHashMap$Node@50000024)
	key		50000c60
	val		500014ef
OBJ 500014f1 (sz=24, trace=300000, class=java.lang.String@5000016e)
	value		50001568
OBJ 500014f2 (sz=24, trace=300000, class=java.lang.String@5000016e)
	value		50001564
OBJ 500014f3 (sz=24, trace=300000, class=java.lang.String@5000016e)
	value		50001563
OBJ 500014f4 (sz=24, trace=300000, class=java.lang.String@5000016e)
	value		5000155e
OBJ 500014f5 (sz=24, trace=300000, class=java.lang.String@5000016e)
	value		5000155d
OBJ 500014f6 (sz=24, trace=300000, class=java.lang.String@5000016e)
	value		50001559
OBJ 500014f7 (sz=24, trace=300000, class=java.lang.String@5000016e)
	value		50001558
OBJ 500014f8 (sz=24, trace=300000, class=java.lang.String@5000016e)
	value		50001554
OBJ 500014f9 (sz=24, trace=300000, class=java.lang.String@5000016e)
	value		50001553
OBJ 500014fa (sz=56, trace=300687, class=java.util.zip.ZipFile$ZipFileInputStream@5000055e)
OBJ 500014fb (sz=24, trace=300000, class=java.lang.String@5000016e)
	value		50001545
OBJ 500014fc (sz=24, trace=300000, class=java.lang.String@5000016e)
	value		50001505
OBJ 500014fd (sz=24, trace=300000, class=java.lang.String@5000016e)
	value		50001504
OBJ 500014fe (sz=24, trace=300000, class=java.lang.String@5000016e)
	value		50001503
OBJ 500014ff (sz=24, trace=300000, class=java.lang.String@5000016e)
	value		50001502
OBJ 50001500 (sz=24, trace=300000, class=java.lang.String@5000016e)
	value		50001501
ARR 50001501 (sz=20, trace=300000, nelems=10, elem type=char[])
ARR 50001502 (sz=20, trace=300000, nelems=10, elem type=char[])
ARR 50001503 (sz=20, trace=300000, nelems=10, elem type=char[])
ARR 50001504 (sz=20, trace=300000, nelems=10, elem type=char[])
ARR 50001505 (sz=24, trace=300000, nelems=12, elem type=char[])
OBJ 50001507 (sz=16, trace=300732, class=com.sun.tools.javac.util.Context$Key@50001506)
OBJ 50001508 (sz=16, trace=300157, class=java.lang.Object@50000172)
OBJ 50001509 (sz=32, trace=300159, class=java.util.concurrent.ConcurrentHashMap$Node@50000024)
	key		50000c9f
	val		50001508
OBJ 5000150a (sz=16, trace=300160, class=java.lang.Object@50000172)
OBJ 5000150b (sz=32, trace=300159, class=java.util.concurrent.ConcurrentHashMap$Node@50000024)
	key		50000c9f
	val		5000150a
OBJ 5000150c (sz=64, trace=300733, class=java.util.concurrent.ConcurrentHashMap@5000002b)
	table		5000150d
ARR 5000150d (sz=144, trace=300734, nelems=32, elem type=java.util.concurrent.ConcurrentHashMap$Node[]@50000023)
	[0]		50001512
	[3]		50001522
	[7]		5000151e
	[8]		50001534
	[10]		50001518
	[11]		50001516
	[12]		50001514
	[15]		5000151a
	[17]		5000150e
	[21]		5000152c
	[24]		50001520
	[25]		50001528
	[26]		50001532
	[28]		5000151c
	[29]		50001536
	[31]		5000152a
OBJ 5000150e (sz=32, trace=300735, class=java.util.concurrent.ConcurrentHashMap$Node@50000024)
	key		50002c63
	val		50001478
	next		50001510
OBJ 5000150f (sz=32, trace=300736, class=com.sun.tools.javac.code.Lint$LintCategory@50001477)
	name		50002d16
	option		50002c61
OBJ 50001510 (sz=32, trace=300737, class=java.util.concurrent.ConcurrentHashMap$Node@50000024)
	key		50002c61
	val		5000150f
	next		50001526
OBJ 50001511 (sz=32, trace=300738, class=com.sun.tools.javac.code.Lint$LintCategory@50001477)
	name		50002d17
	option		50002c5f
OBJ 50001512 (sz=32, trace=300735, class=java.util.concurrent.ConcurrentHashMap$Node@50000024)
	key		50002c5f
	val		50001511
OBJ 50001513 (sz=32, trace=300739, class=com.sun.tools.javac.code.Lint$LintCategory@50001477)
	name		50002b81
	option		50002c5d
OBJ 50001514 (sz=32, trace=300735, class=java.util.concurrent.ConcurrentHashMap$Node@50000024)
	key		50002c5d
	val		50001513
OBJ 50001515 (sz=32, trace=300740, class=com.sun.tools.javac.code.Lint$LintCategory@50001477)
	name		50002d18
	option		50002c5b
OBJ 50001516 (sz=32, trace=300735, class=java.util.concurrent.ConcurrentHashMap$Node@50000024)
	key		50002c5b
	val		50001515
	next		50001524
OBJ 50001517 (sz=32, trace=300741, class=com.sun.tools.javac.code.Lint$LintCategory@50001477)
	name		50002d19
	option		50002c59
OBJ 50001518 (sz=32, trace=300735, class=java.util.concurrent.ConcurrentHashMap$Node@50000024)
	key		50002c59
	val		50001517
OBJ 50001519 (sz=32, trace=300742, class=com.sun.tools.javac.code.Lint$LintCategory@50001477)
	name		50002d1a
	option		50002c57
OBJ 5000151a (sz=32, trace=300735, class=java.util.concurrent.ConcurrentHashMap$Node@50000024)
	key		50002c57
	val		50001519
	next		50001530
OBJ 5000151b (sz=32, trace=300743, class=com.sun.tools.javac.code.Lint$LintCategory@50001477)
	name		50002d1b
	option		50002c4a
OBJ 5000151c (sz=32, trace=300735, class=java.util.concurrent.ConcurrentHashMap$Node@50000024)
	key		50002c4a
	val		5000151b
OBJ 5000151d (sz=32, trace=300744, class=com.sun.tools.javac.code.Lint$LintCategory@50001477)
	name		50002d1c
	option		50002c48
OBJ 5000151e (sz=32, trace=300735, class=java.util.concurrent.ConcurrentHashMap$Node@50000024)
	key		50002c48
	val		5000151d
OBJ 5000151f (sz=32, trace=300745, class=com.sun.tools.javac.code.Lint$LintCategory@50001477)
	name		50002d1d
	option		50002c46
OBJ 50001520 (sz=32, trace=300735, class=java.util.concurrent.ConcurrentHashMap$Node@50000024)
	key		50002c46
	val		5000151f
OBJ 50001521 (sz=32, trace=300746, class=com.sun.tools.javac.code.Lint$LintCategory@50001477)
	name		50002d1e
	option		50002c44
OBJ 50001522 (sz=32, trace=300735, class=java.util.concurrent.ConcurrentHashMap$Node@50000024)
	key		50002c44
	val		50001521
	next		5000152e
OBJ 50001523 (sz=32, trace=300747, class=com.sun.tools.javac.code.Lint$LintCategory@50001477)
	name		50002d1f
	option		50002c42
OBJ 50001524 (sz=32, trace=300737, class=java.util.concurrent.ConcurrentHashMap$Node@50000024)
	key		50002c42
	val		50001523
OBJ 50001525 (sz=32, trace=300748, class=com.sun.tools.javac.code.Lint$LintCategory@50001477)
	name		50002d20
	option		50000e43
OBJ 50001526 (sz=32, trace=300737, class=java.util.concurrent.ConcurrentHashMap$Node@50000024)
	key		50000e43
	val		50001525
OBJ 50001527 (sz=32, trace=300749, class=com.sun.tools.javac.code.Lint$LintCategory@50001477)
	name		50002d21
	option		50002c40
OBJ 50001528 (sz=32, trace=300735, class=java.util.concurrent.ConcurrentHashMap$Node@50000024)
	key		50002c40
	val		50001527
OBJ 50001529 (sz=32, trace=300750, class=com.sun.tools.javac.code.Lint$LintCategory@50001477)
	name		50002d22
	option		50002c3e
OBJ 5000152a (sz=32, trace=300735, class=java.util.concurrent.ConcurrentHashMap$Node@50000024)
	key		50002c3e
	val		50001529
OBJ 5000152b (sz=32, trace=300751, class=com.sun.tools.javac.code.Lint$LintCategory@50001477)
	name		50002d23
	option		50002c55
OBJ 5000152c (sz=32, trace=300735, class=java.util.concurrent.ConcurrentHashMap$Node@50000024)
	key		50002c55
	val		5000152b
OBJ 5000152d (sz=32, trace=300752, class=com.sun.tools.javac.code.Lint$LintCategory@50001477)
	name		50002d24
	option		500022b4
OBJ 5000152e (sz=32, trace=300737, class=java.util.concurrent.ConcurrentHashMap$Node@50000024)
	key		500022b4
	val		5000152d
OBJ 5000152f (sz=32, trace=300753, class=com.sun.tools.javac.code.Lint$LintCategory@50001477)
	name		50002d25
	option		50002c53
OBJ 50001530 (sz=32, trace=300737, class=java.util.concurrent.ConcurrentHashMap$Node@50000024)
	key		50002c53
	val		5000152f
OBJ 50001531 (sz=32, trace=300754, class=com.sun.tools.javac.code.Lint$LintCategory@50001477)
	name		50002d26
	option		50002c51
OBJ 50001532 (sz=32, trace=300735, class=java.util.concurrent.ConcurrentHashMap$Node@50000024)
	key		50002c51
	val		50001531
OBJ 50001533 (sz=32, trace=300755, class=com.sun.tools.javac.code.Lint$LintCategory@50001477)
	name		50002d27
	option		50002c4f
OBJ 50001534 (sz=32, trace=300735, class=java.util.concurrent.ConcurrentHashMap$Node@50000024)
	key		50002c4f
	val		50001533
OBJ 50001535 (sz=32, trace=300756, class=com.sun.tools.javac.code.Lint$LintCategory@50001477)
	name		50002d28
	option		50002c4d
OBJ 50001536 (sz=32, trace=300735, class=java.util.concurrent.ConcurrentHashMap$Node@50000024)
	key		50002c4d
	val		50001535
ARR 50001538 (sz=104, trace=300757, nelems=21, elem type=com.sun.tools.javac.code.Lint$LintCategory[]@50001537)
	[0]		50001478
	[1]		5000150f
	[2]		50001511
	[3]		50001513
	[4]		50001515
	[5]		50001517
	[6]		50001519
	[7]		5000151b
	[8]		5000151d
	[9]		5000151f
	[10]		50001521
	[11]		50001523
	[12]		50001525
	[13]		50001527
	[14]		50001529
	[15]		5000152b
	[16]		5000152d
	[17]		5000152f
	[18]		50001531
	[19]		50001533
	[20]		50001535
OBJ 50001539 (sz=40, trace=300084, class=java.util.LinkedHashMap$Entry@50000060)
	key		50002c63
	value		50000a8d
	before		50001424
	after		5000153a
OBJ 5000153a (sz=40, trace=300726, class=java.util.LinkedHashMap$Entry@50000060)
	key		50002c61
	value		50000a8d
	next		50001546
	before		50001539
	after		5000153b
OBJ 5000153b (sz=40, trace=300726, class=java.util.LinkedHashMap$Entry@50000060)
	key		50002c5f
	value		50000a8d
	before		5000153a
	after		5000153c
OBJ 5000153c (sz=40, trace=300084, class=java.util.LinkedHashMap$Entry@50000060)
	key		50002c5d
	value		50000a8d
	before		5000153b
	after		5000153d
OBJ 5000153d (sz=40, trace=300084, class=java.util.LinkedHashMap$Entry@50000060)
	key		50002c5b
	value		50000a8d
	next		50001544
	before		5000153c
	after		5000153e
OBJ 5000153e (sz=40, trace=300084, class=java.util.LinkedHashMap$Entry@50000060)
	key		50002c59
	value		50000a8d
	before		5000153d
	after		5000153f
OBJ 5000153f (sz=40, trace=300084, class=java.util.LinkedHashMap$Entry@50000060)
	key		50002c57
	value		50000a8d
	next		50001580
	before		5000153e
	after		50001540
OBJ 50001540 (sz=40, trace=300726, class=java.util.LinkedHashMap$Entry@50000060)
	key		50002c4a
	value		50000a8d
	next		50001594
	before		5000153f
	after		50001541
OBJ 50001541 (sz=40, trace=300084, class=java.util.LinkedHashMap$Entry@50000060)
	key		50002c48
	value		50000a8d
	before		50001540
	after		50001542
OBJ 50001542 (sz=40, trace=300084, class=java.util.LinkedHashMap$Entry@50000060)
	key		50002c46
	value		50000a8d
	before		50001541
	after		50001543
OBJ 50001543 (sz=40, trace=300084, class=java.util.LinkedHashMap$Entry@50000060)
	key		50002c44
	value		50000a8d
	before		50001542
	after		50001544
OBJ 50001544 (sz=40, trace=300726, class=java.util.LinkedHashMap$Entry@50000060)
	key		50002c42
	value		50000a8d
	before		50001543
	after		50001546
ARR 50001545 (sz=16, trace=300000, nelems=8, elem type=char[])
OBJ 50001546 (sz=40, trace=300726, class=java.util.LinkedHashMap$Entry@50000060)
	key		50000e43
	value		50000a8d
	before		50001544
	after		50001547
OBJ 50001547 (sz=40, trace=300084, class=java.util.LinkedHashMap$Entry@50000060)
	key		50002c40
	value		50000a8d
	before		50001546
	after		50001548
OBJ 50001548 (sz=40, trace=300084, class=java.util.LinkedHashMap$Entry@50000060)
	key		50002c3e
	value		50000a8d
	before		50001547
	after		50001549
OBJ 50001549 (sz=40, trace=300084, class=java.util.LinkedHashMap$Entry@50000060)
	key		50002c55
	value		50000a8d
	next		50001567
	before		50001548
	after		5000154a
OBJ 5000154a (sz=40, trace=300726, class=java.util.LinkedHashMap$Entry@50000060)
	key		500022b4
	value		50000a8d
	before		50001549
	after		5000154b
OBJ 5000154b (sz=40, trace=300726, class=java.util.LinkedHashMap$Entry@50000060)
	key		50002c53
	value		50000a8e
	next		5000158f
	before		5000154a
	after		5000154c
OBJ 5000154c (sz=40, trace=300084, class=java.util.LinkedHashMap$Entry@50000060)
	key		50002c51
	value		50000a8d
	next		50001561
	before		5000154b
	after		5000154d
OBJ 5000154d (sz=40, trace=300084, class=java.util.LinkedHashMap$Entry@50000060)
	key		50002c4f
	value		50000a8d
	before		5000154c
	after		5000154e
OBJ 5000154e (sz=40, trace=300084, class=java.util.LinkedHashMap$Entry@50000060)
	key		50002c4d
	value		50000a8d
	next		50001599
	before		5000154d
	after		50001557
OBJ 5000154f (sz=16, trace=300157, class=java.lang.Object@50000172)
OBJ 50001550 (sz=32, trace=300159, class=java.util.concurrent.ConcurrentHashMap$Node@50000024)
	key		50000d0f
	val		5000154f
OBJ 50001551 (sz=16, trace=300160, class=java.lang.Object@50000172)
OBJ 50001552 (sz=32, trace=300159, class=java.util.concurrent.ConcurrentHashMap$Node@50000024)
	key		50000d0f
	val		50001551
ARR 50001553 (sz=24, trace=300000, nelems=12, elem type=char[])
ARR 50001554 (sz=16, trace=300000, nelems=8, elem type=char[])
OBJ 50001555 (sz=24, trace=300761, class=java.lang.String@5000016e)
	value		50001556
ARR 50001556 (sz=30, trace=300762, nelems=15, elem type=char[])
OBJ 50001557 (sz=40, trace=300726, class=java.util.LinkedHashMap$Entry@50000060)
	key		50001555
	value		50000a8d
	next		50001585
	before		5000154e
	after		5000155c
ARR 50001558 (sz=12, trace=300000, nelems=6, elem type=char[])
ARR 50001559 (sz=16, trace=300000, nelems=8, elem type=char[])
OBJ 5000155a (sz=24, trace=300761, class=java.lang.String@5000016e)
	value		5000155b
ARR 5000155b (sz=10, trace=300762, nelems=5, elem type=char[])
OBJ 5000155c (sz=40, trace=300084, class=java.util.LinkedHashMap$Entry@50000060)
	key		5000155a
	value		50000a8d
	next		50001571
	before		50001557
	after		50001561
ARR 5000155d (sz=16, trace=300000, nelems=8, elem type=char[])
ARR 5000155e (sz=12, trace=300000, nelems=6, elem type=char[])
OBJ 5000155f (sz=24, trace=300761, class=java.lang.String@5000016e)
	value		50001560
ARR 50001560 (sz=20, trace=300762, nelems=10, elem type=char[])
OBJ 50001561 (sz=40, trace=300726, class=java.util.LinkedHashMap$Entry@50000060)
	key		5000155f
	value		50000a8d
	before		5000155c
	after		50001567
ARR 50001562 (sz=272, trace=300763, nelems=64, elem type=java.util.HashMap$Node[]@500000c2)
	[0]		5000153b
	[3]		50001543
	[4]		5000155c
	[10]		50001557
	[11]		5000156c
	[12]		50001576
	[13]		5000157b
	[14]		500015b7
	[15]		5000153f
	[17]		5000153a
	[24]		50001542
	[25]		500015bc
	[27]		500015a3
	[29]		5000154e
	[32]		50001424
	[34]		500015ad
	[35]		5000154a
	[39]		50001541
	[40]		5000154d
	[42]		5000153e
	[43]		5000153d
	[44]		5000153c
	[47]		5000154b
	[49]		50001539
	[53]		50001549
	[56]		500015b2
	[57]		50001547
	[58]		5000154c
	[60]		50001540
	[63]		50001548
ARR 50001563 (sz=8, trace=300000, nelems=4, elem type=char[])
ARR 50001564 (sz=10, trace=300000, nelems=5, elem type=char[])
OBJ 50001565 (sz=24, trace=300761, class=java.lang.String@5000016e)
	value		50001566
ARR 50001566 (sz=24, trace=300762, nelems=12, elem type=char[])
OBJ 50001567 (sz=40, trace=300726, class=java.util.LinkedHashMap$Entry@50000060)
	key		50001565
	value		50000a8d
	before		50001561
	after		5000156c
ARR 50001568 (sz=24, trace=300000, nelems=12, elem type=char[])
ARR 50001569 (sz=24, trace=300000, nelems=12, elem type=char[])
OBJ 5000156a (sz=24, trace=300761, class=java.lang.String@5000016e)
	value		5000156b
ARR 5000156b (sz=16, trace=300762, nelems=8, elem type=char[])
OBJ 5000156c (sz=40, trace=300084, class=java.util.LinkedHashMap$Entry@50000060)
	key		5000156a
	value		50000a8d
	next		5000159e
	before		50001567
	after		50001571
ARR 5000156d (sz=42, trace=300000, nelems=21, elem type=char[])
ARR 5000156e (sz=26, trace=300000, nelems=13, elem type=char[])
OBJ 5000156f (sz=24, trace=300761, class=java.lang.String@5000016e)
	value		50001570
ARR 50001570 (sz=16, trace=300762, nelems=8, elem type=char[])
OBJ 50001571 (sz=40, trace=300726, class=java.util.LinkedHashMap$Entry@50000060)
	key		5000156f
	value		50000a8d
	before		5000156c
	after		50001576
ARR 50001572 (sz=36, trace=300000, nelems=18, elem type=char[])
ARR 50001573 (sz=20, trace=300000, nelems=10, elem type=char[])
OBJ 50001574 (sz=24, trace=300761, class=java.lang.String@5000016e)
	value		50001575
ARR 50001575 (sz=12, trace=300762, nelems=6, elem type=char[])
OBJ 50001576 (sz=40, trace=300084, class=java.util.LinkedHashMap$Entry@50000060)
	key		50001574
	value		50000a8d
	before		50001571
	after		5000157b
ARR 50001577 (sz=48, trace=300000, nelems=24, elem type=char[])
ARR 50001578 (sz=12, trace=300000, nelems=6, elem type=char[])
OBJ 50001579 (sz=24, trace=300761, class=java.lang.String@5000016e)
	value		5000157a
ARR 5000157a (sz=24, trace=300762, nelems=12, elem type=char[])
OBJ 5000157b (sz=40, trace=300084, class=java.util.LinkedHashMap$Entry@50000060)
	key		50001579
	value		50000a8d
	before		50001576
	after		50001580
ARR 5000157c (sz=12, trace=300000, nelems=6, elem type=char[])
ARR 5000157d (sz=4, trace=300000, nelems=2, elem type=char[])
OBJ 5000157e (sz=24, trace=300761, class=java.lang.String@5000016e)
	value		5000157f
ARR 5000157f (sz=16, trace=300762, nelems=8, elem type=char[])
OBJ 50001580 (sz=40, trace=300726, class=java.util.LinkedHashMap$Entry@50000060)
	key		5000157e
	value		50000a8d
	next		5000158a
	before		5000157b
	after		50001585
ARR 50001581 (sz=20, trace=300000, nelems=10, elem type=char[])
ARR 50001582 (sz=30, trace=300000, nelems=15, elem type=char[])
OBJ 50001583 (sz=24, trace=300761, class=java.lang.String@5000016e)
	value		50001584
ARR 50001584 (sz=16, trace=300762, nelems=8, elem type=char[])
OBJ 50001585 (sz=40, trace=300726, class=java.util.LinkedHashMap$Entry@50000060)
	key		50001583
	value		50000a8d
	before		50001580
	after		5000158a
ARR 50001586 (sz=20, trace=300000, nelems=10, elem type=char[])
ARR 50001587 (sz=30, trace=300000, nelems=15, elem type=char[])
OBJ 50001588 (sz=24, trace=300761, class=java.lang.String@5000016e)
	value		50001589
ARR 50001589 (sz=20, trace=300762, nelems=10, elem type=char[])
OBJ 5000158a (sz=40, trace=300726, class=java.util.LinkedHashMap$Entry@50000060)
	key		50001588
	value		50000a8d
	before		50001585
	after		5000158f
ARR 5000158b (sz=20, trace=300000, nelems=10, elem type=char[])
ARR 5000158c (sz=30, trace=300000, nelems=15, elem type=char[])
OBJ 5000158d (sz=24, trace=300761, class=java.lang.String@5000016e)
	value		5000158e
ARR 5000158e (sz=20, trace=300762, nelems=10, elem type=char[])
OBJ 5000158f (sz=40, trace=300726, class=java.util.LinkedHashMap$Entry@50000060)
	key		5000158d
	value		50000a8d
	before		5000158a
	after		50001594
ARR 50001590 (sz=20, trace=300000, nelems=10, elem type=char[])
ARR 50001591 (sz=30, trace=300000, nelems=15, elem type=char[])
OBJ 50001592 (sz=24, trace=300761, class=java.lang.String@5000016e)
	value		50001593
ARR 50001593 (sz=10, trace=300762, nelems=5, elem type=char[])
OBJ 50001594 (sz=40, trace=300726, class=java.util.LinkedHashMap$Entry@50000060)
	key		50001592
	value		50000a8d
	before		5000158f
	after		50001599
ARR 50001595 (sz=20, trace=300000, nelems=10, elem type=char[])
ARR 50001596 (sz=30, trace=300000, nelems=15, elem type=char[])
OBJ 50001597 (sz=24, trace=300761, class=java.lang.String@5000016e)
	value		50001598
ARR 50001598 (sz=22, trace=300762, nelems=11, elem type=char[])
OBJ 50001599 (sz=40, trace=300726, class=java.util.LinkedHashMap$Entry@50000060)
	key		50001597
	value		50000a8d
	next		500015a8
	before		50001594
	after		5000159e
ARR 5000159a (sz=20, trace=300000, nelems=10, elem type=char[])
ARR 5000159b (sz=30, trace=300000, nelems=15, elem type=char[])
OBJ 5000159c (sz=24, trace=300761, class=java.lang.String@5000016e)
	value		5000159d
ARR 5000159d (sz=18, trace=300762, nelems=9, elem type=char[])
OBJ 5000159e (sz=40, trace=300726, class=java.util.LinkedHashMap$Entry@50000060)
	key		5000159c
	value		50000a8d
	next		500015bd
	before		50001599
	after		500015a3
ARR 5000159f (sz=22, trace=300000, nelems=11, elem type=char[])
ARR 500015a0 (sz=20, trace=300000, nelems=10, elem type=char[])
OBJ 500015a1 (sz=24, trace=300761, class=java.lang.String@5000016e)
	value		500015a2
ARR 500015a2 (sz=14, trace=300762, nelems=7, elem type=char[])
OBJ 500015a3 (sz=40, trace=300084, class=java.util.LinkedHashMap$Entry@50000060)
	key		500015a1
	value		50000a8d
	before		5000159e
	after		500015a8
ARR 500015a4 (sz=32, trace=300000, nelems=16, elem type=char[])
OBJ 500015a5 (sz=56, trace=300687, class=java.util.zip.ZipFile$ZipFileInputStream@5000055e)
	this$0		500004ee
OBJ 500015a6 (sz=24, trace=300761, class=java.lang.String@5000016e)
	value		500015a7
ARR 500015a7 (sz=14, trace=300762, nelems=7, elem type=char[])
OBJ 500015a8 (sz=40, trace=300726, class=java.util.LinkedHashMap$Entry@50000060)
	key		500015a6
	value		50000a8d
	before		500015a3
	after		500015ad
OBJ 500015a9 (sz=40, trace=300106, class=java.lang.ref.Finalizer@5000014d)
	referent	500015a5
	queue		500003c8
	next		500014e0
	prev		5000166d
ARR 500015aa (sz=30, trace=300000, nelems=15, elem type=char[])
OBJ 500015ab (sz=24, trace=300761, class=java.lang.String@5000016e)
	value		500015ac
ARR 500015ac (sz=14, trace=300762, nelems=7, elem type=char[])
OBJ 500015ad (sz=40, trace=300084, class=java.util.LinkedHashMap$Entry@50000060)
	key		500015ab
	value		50000a8e
	before		500015a8
	after		500015b2
ARR 500015ae (sz=20, trace=300000, nelems=10, elem type=char[])
ARR 500015af (sz=18, trace=300000, nelems=9, elem type=char[])
OBJ 500015b0 (sz=24, trace=300761, class=java.lang.String@5000016e)
	value		500015b1
ARR 500015b1 (sz=8, trace=300762, nelems=4, elem type=char[])
OBJ 500015b2 (sz=40, trace=300084, class=java.util.LinkedHashMap$Entry@50000060)
	key		500015b0
	value		50000a8d
	before		500015ad
	after		500015b7
ARR 500015b3 (sz=18, trace=300000, nelems=9, elem type=char[])
ARR 500015b4 (sz=18, trace=300000, nelems=9, elem type=char[])
OBJ 500015b5 (sz=24, trace=300761, class=java.lang.String@5000016e)
	value		500015b6
ARR 500015b6 (sz=20, trace=300762, nelems=10, elem type=char[])
OBJ 500015b7 (sz=40, trace=300084, class=java.util.LinkedHashMap$Entry@50000060)
	key		500015b5
	value		50000a8d
	before		500015b2
	after		500015bc
ARR 500015b8 (sz=18, trace=300000, nelems=9, elem type=char[])
ARR 500015b9 (sz=20, trace=300000, nelems=10, elem type=char[])
OBJ 500015ba (sz=24, trace=300761, class=java.lang.String@5000016e)
	value		500015bb
ARR 500015bb (sz=16, trace=300762, nelems=8, elem type=char[])
OBJ 500015bc (sz=40, trace=300084, class=java.util.LinkedHashMap$Entry@50000060)
	key		500015ba
	value		50000a8d
	before		500015b7
	after		500015bd
OBJ 500015bd (sz=40, trace=300726, class=java.util.LinkedHashMap$Entry@50000060)
	key		50002b55
	value		50000a8d
	before		500015bc
OBJ 500015be (sz=56, trace=300764, class=com.sun.tools.javac.main.Option@50000b92)
	name		50002b9e
	text		50002b63
	kind		500013b7
	group		500013bf
	descrKey	50002ba8
	choiceKind	5000140f
	choices		50001422
OBJ 500015bf (sz=56, trace=300765, class=com.sun.tools.javac.main.Option@50000b92)
	name		50002b9b
	text		50002b60
	kind		500013b7
	group		500013bf
	descrKey	50002ba4
OBJ 500015c0 (sz=56, trace=300766, class=com.sun.tools.javac.main.Option$2@50000c20)
	name		50002b9c
	text		50002b61
	kind		500013b7
	group		500013bf
	argsNameKey	50002ba6
	descrKey	50002ba5
OBJ 500015c1 (sz=56, trace=300719, class=com.sun.tools.javac.main.Option$3@50000c67)
	name		50002b8c
	text		50002b71
	kind		500013b6
	group		500013bf
	descrKey	50002bbc
OBJ 500015c2 (sz=56, trace=300767, class=com.sun.tools.javac.main.Option@50000b92)
	name		50002b96
	text		50002b7b
	kind		500013b6
	group		500013bf
	descrKey	50002bc6
OBJ 500015c3 (sz=56, trace=300719, class=com.sun.tools.javac.main.Option$4@50000cae)
	name		50002b81
	text		50002b68
	kind		500013b6
	group		500013bf
	descrKey	50002bb3
OBJ 500015c4 (sz=56, trace=300768, class=com.sun.tools.javac.main.Option@50000b92)
	name		50002b7e
	text		50002b65
	kind		500013b6
	group		500013c0
	argsNameKey	50002bad
	descrKey	50002bb1
OBJ 500015c5 (sz=56, trace=300766, class=com.sun.tools.javac.main.Option$5@50000cf4)
	name		50002b7f
	text		50002b66
	kind		500013b6
	group		500013c0
	argsNameKey	50002bad
	descrKey	50002bb1
OBJ 500015c6 (sz=56, trace=300769, class=com.sun.tools.javac.main.Option@50000b92)
	name		50002b94
	text		50002b79
	kind		500013b6
	group		500013c0
	argsNameKey	50002bad
	descrKey	50002bc4
OBJ 500015c7 (sz=56, trace=300766, class=com.sun.tools.javac.main.Option$6@50000d3b)
	name		50002b7d
	text		50002b64
	kind		500013b6
	group		500013c0
	argsNameKey	50002bad
	descrKey	50002bb0
OBJ 500015c8 (sz=56, trace=300770, class=com.sun.tools.javac.main.Option@50000b92)
	name		50002b9a
	text		50002b5e
	kind		500013b7
	group		500013c0
	argsNameKey	50002bad
	descrKey	50002ba3
OBJ 500015c9 (sz=56, trace=300771, class=com.sun.tools.javac.main.Option@50000b92)
	name		50002b99
	text		50002b5d
	kind		500013b7
	group		500013c0
	argsNameKey	50002bad
	descrKey	50002ba2
OBJ 500015ca (sz=56, trace=300766, class=com.sun.tools.javac.main.Option$7@50000d82)
	name		50002b98
	text		50002b5f
	kind		500013b7
	group		500013c0
	argsNameKey	50002bad
	descrKey	50002bb0
OBJ 500015cb (sz=56, trace=300772, class=com.sun.tools.javac.main.Option@50000b92)
	name		50002b86
	text		50002b6b
	kind		500013b6
	group		500013c0
	argsNameKey	50002bab
	descrKey	50002bb6
OBJ 500015cc (sz=56, trace=300766, class=com.sun.tools.javac.main.Option$8@50000dc8)
	name		50002b83
	text		50002b5c
	kind		500013b7
	group		500013c0
	argsNameKey	50002bab
	descrKey	50002bb6
OBJ 500015cd (sz=56, trace=300773, class=com.sun.tools.javac.main.Option@50000b92)
	name		50002b85
	text		50002b6a
	kind		500013b6
	group		500013c0
	argsNameKey	50002bab
	descrKey	50002bb5
OBJ 500015ce (sz=56, trace=300766, class=com.sun.tools.javac.main.Option$9@50000e0e)
	name		50002b82
	text		50002b5b
	kind		500013b7
	group		500013c0
	argsNameKey	50002bab
	descrKey	50002bb5
ARR 500015cf (sz=20, trace=300000, nelems=10, elem type=char[])
OBJ 500015d0 (sz=56, trace=300724, class=java.util.LinkedHashMap@5000006a)
	table		500015d1
	head		500015d2
	tail		500015d3
ARR 500015d1 (sz=80, trace=300725, nelems=12, elem type=java.util.HashMap$Node[]@500000c2)
	[8]		500015d3
	[11]		500015d2
OBJ 500015d2 (sz=40, trace=300084, class=java.util.LinkedHashMap$Entry@50000060)
	key		50002b55
	value		50000a8d
	after		500015d3
OBJ 500015d3 (sz=40, trace=300084, class=java.util.LinkedHashMap$Entry@50000060)
	key		50002ba1
	value		50000a8d
	before		500015d2
OBJ 500015d4 (sz=56, trace=300775, class=com.sun.tools.javac.main.Option@50000b92)
	name		50002b8e
	text		50002b73
	kind		500013b6
	group		500013bf
	descrKey	50002bbe
	choiceKind	5000140e
	choices		500015d0
OBJ 500015d5 (sz=56, trace=300776, class=com.sun.tools.javac.main.Option@50000b92)
	name		50002b8f
	text		50002b74
	kind		500013b6
	group		500013bf
	argsNameKey	50002ba9
	descrKey	50002bbf
OBJ 500015d6 (sz=56, trace=300777, class=com.sun.tools.javac.main.Option@50000b92)
	name		50002b90
	text		50002b75
	kind		500013b6
	group		500013c0
	argsNameKey	50002bad
	descrKey	50002bc0
OBJ 500015d7 (sz=56, trace=300778, class=com.sun.tools.javac.main.Option@50000b92)
	name		50002b8d
	text		50002b72
	kind		500013b6
	group		500013bf
	descrKey	50002bbd
OBJ 500015d8 (sz=56, trace=300779, class=com.sun.tools.javac.main.Option@50000b92)
	name		50002b80
	text		50002b67
	kind		500013b6
	group		500013c0
	argsNameKey	50002baa
	descrKey	50002bb2
OBJ 500015d9 (sz=56, trace=300780, class=com.sun.tools.javac.main.Option@50000b92)
	name		50002b92
	text		50002b77
	kind		500013b6
	group		500013c0
	argsNameKey	50002baa
	descrKey	50002bc3
OBJ 500015da (sz=56, trace=300781, class=com.sun.tools.javac.main.Option@50000b92)
	name		50002b8a
	text		50002b6f
	kind		500013b6
	group		500013c0
	argsNameKey	50002baa
	descrKey	50002bba
ARR 500015db (sz=18, trace=300000, nelems=9, elem type=char[])
OBJ 500015dc (sz=56, trace=300724, class=java.util.LinkedHashMap@5000006a)
	table		500015dd
	head		500015de
	tail		500015df
ARR 500015dd (sz=80, trace=300725, nelems=14, elem type=java.util.HashMap$Node[]@500000c2)
	[11]		500015de
	[13]		500015df
OBJ 500015de (sz=40, trace=300084, class=java.util.LinkedHashMap$Entry@50000060)
	key		50002b55
	value		50000a8d
	after		500015df
OBJ 500015df (sz=40, trace=300084, class=java.util.LinkedHashMap$Entry@50000060)
	key		5000206b
	value		50000a8d
	before		500015de
OBJ 500015e0 (sz=56, trace=300783, class=com.sun.tools.javac.main.Option@50000b92)
	name		50002b8b
	text		50002b70
	kind		500013b6
	group		500013bf
	descrKey	50002bbb
	choiceKind	5000140e
	choices		500015dc
OBJ 500015e1 (sz=56, trace=300766, class=com.sun.tools.javac.main.Option$10@50000e54)
	name		50002b84
	text		50002b69
	kind		500013b6
	group		500013c0
	argsNameKey	50002bac
	descrKey	50002bb4
OBJ 500015e2 (sz=56, trace=300766, class=com.sun.tools.javac.main.Option$11@50000e9c)
	name		50002b93
	text		50002b78
	kind		500013b6
	group		500013bf
	argsNameKey	50002baf
	descrKey	50002bc2
OBJ 500015e3 (sz=56, trace=300766, class=com.sun.tools.javac.main.Option$12@50000ee3)
	name		50002b95
	text		50002b7a
	kind		500013b6
	group		500013bf
	argsNameKey	50002baf
	descrKey	50002bc5
OBJ 500015e4 (sz=56, trace=300766, class=com.sun.tools.javac.main.Option$13@50000f2a)
	name		50002b91
	text		50002b76
	kind		500013b6
	group		500013bf
	argsNameKey	50002bae
	descrKey	50002bc1
OBJ 500015e5 (sz=56, trace=300719, class=com.sun.tools.javac.main.Option$14@50000f71)
	name		50002b97
	text		50002b7c
	kind		500013b6
	group		500013c1
	descrKey	50002bc7
OBJ 500015e6 (sz=56, trace=300719, class=com.sun.tools.javac.main.Option$15@50000fb8)
	name		50002be7
	text		50002bdd
	kind		500013b8
	group		500013c1
OBJ 500015e7 (sz=56, trace=300719, class=com.sun.tools.javac.main.Option$16@50001017)
	name		50002be5
	text		50002bd0
	kind		500013b8
	group		500013c1
OBJ 500015e8 (sz=56, trace=300719, class=com.sun.tools.javac.main.Option$17@5000105e)
	name		50002be8
	text		50002bde
	kind		500013b6
	group		500013c1
	descrKey	50002c0f
OBJ 500015e9 (sz=56, trace=300784, class=com.sun.tools.javac.main.Option$18@500010a5)
	name		50002be3
	text		50002bca
	kind		500013b6
	group		500013bf
	argsNameKey	50002c0b
	descrKey	50002c03
OBJ 500015ea (sz=56, trace=300719, class=com.sun.tools.javac.main.Option$19@500010ec)
	name		50002bf2
	text		50002bce
	kind		500013b6
	group		500013c1
	descrKey	50002c07
OBJ 500015eb (sz=16, trace=300157, class=java.lang.Object@50000172)
OBJ 500015ec (sz=32, trace=300159, class=java.util.concurrent.ConcurrentHashMap$Node@50000024)
	key		50000bee
	val		500015eb
OBJ 500015ed (sz=16, trace=300160, class=java.lang.Object@50000172)
OBJ 500015ee (sz=32, trace=300159, class=java.util.concurrent.ConcurrentHashMap$Node@50000024)
	key		50000bee
	val		500015ed
OBJ 500015f0 (sz=56, trace=300784, class=com.sun.tools.javac.main.Option$20@50001133)
	name		50002be9
	text		50002bcb
	kind		500013b6
	group		500013c1
	argsNameKey	50002c0a
	descrKey	50002c05
OBJ 500015f1 (sz=56, trace=300719, class=com.sun.tools.javac.main.Option$21@50001179)
	name		50002bea
	text		50002bdf
	kind		500013b8
	group		500013bf
OBJ 500015f2 (sz=56, trace=300785, class=com.sun.tools.javac.main.Option@50000b92)
	name		50002bf1
	text		50002bcd
	kind		500013b6
	group		500013bf
	descrKey	50002c06
OBJ 500015f3 (sz=56, trace=300786, class=com.sun.tools.javac.main.Option@50000b92)
	name		50002bee
	text		50002be1
	kind		500013b8
	group		500013bf
OBJ 500015f4 (sz=56, trace=300787, class=com.sun.tools.javac.main.Option@50000b92)
	name		50002be6
	text		50002bdc
	kind		500013b8
	group		500013bf
OBJ 500015f5 (sz=56, trace=300788, class=com.sun.tools.javac.main.Option@50000b92)
	name		50002bed
	text		50002be0
	kind		500013b8
	group		500013bf
OBJ 500015f6 (sz=56, trace=300719, class=com.sun.tools.javac.main.Option$22@500011c0)
	name		50002bf0
	text		50002be2
	kind		500013b8
	group		500013bf
OBJ 500015f7 (sz=56, trace=300789, class=com.sun.tools.javac.main.Option@50000b92)
	name		50002bf6
	text		50002bd3
	kind		500013b7
	group		500013bf
	argsNameKey	50002c0c
	descrKey	50002c10
OBJ 500015f8 (sz=56, trace=300790, class=com.sun.tools.javac.main.Option@50000b92)
	name		50002bf7
	text		50002bd4
	kind		500013b7
	group		500013bf
	argsNameKey	50002c0c
	descrKey	50002c11
OBJ 500015f9 (sz=16, trace=300157, class=java.lang.Object@50000172)
OBJ 500015fa (sz=32, trace=300159, class=java.util.concurrent.ConcurrentHashMap$Node@50000024)
	key		50000b6b
	val		500015f9
OBJ 500015fb (sz=16, trace=300160, class=java.lang.Object@50000172)
OBJ 500015fc (sz=32, trace=300159, class=java.util.concurrent.ConcurrentHashMap$Node@50000024)
	key		50000b6b
	val		500015fb
OBJ 500015fd (sz=16, trace=300157, class=java.lang.Object@50000172)
ARR 500015fe (sz=18, trace=300000, nelems=9, elem type=char[])
OBJ 500015ff (sz=16, trace=300160, class=java.lang.Object@50000172)
OBJ 50001602 (sz=56, trace=300766, class=com.sun.tools.javac.main.Option$23@50001207)
	name		50002bfd
	text		50002bdb
	kind		500013b7
	group		500013c1
	argsNameKey	50002c09
	descrKey	50002c08
OBJ 50001603 (sz=56, trace=300791, class=com.sun.tools.javac.main.Option@50000b92)
	name		50002bfa
	text		50002bd8
	kind		500013b7
	group		500013bf
	descrKey	50002c15
OBJ 50001604 (sz=56, trace=300792, class=com.sun.tools.javac.main.Option@50000b92)
	name		50002bfc
	text		50002bda
	kind		500013b7
	group		500013bf
	descrKey	50002c17
OBJ 50001605 (sz=56, trace=300793, class=com.sun.tools.javac.main.Option@50000b92)
	name		50002bfb
	text		50002bd9
	kind		500013b7
	group		500013bf
	descrKey	50002c16
OBJ 50001606 (sz=16, trace=300157, class=java.lang.Object@50000172)
OBJ 50001607 (sz=56, trace=300724, class=java.util.LinkedHashMap@5000006a)
	table		50001608
	head		50001609
	tail		5000160a
ARR 50001608 (sz=80, trace=300725, nelems=12, elem type=java.util.HashMap$Node[]@500000c2)
	[0]		5000160a
	[11]		50001609
OBJ 50001609 (sz=40, trace=300084, class=java.util.LinkedHashMap$Entry@50000060)
	key		50002bc8
	value		50000a8d
	after		5000160a
OBJ 5000160a (sz=40, trace=300084, class=java.util.LinkedHashMap$Entry@50000060)
	key		50002c01
	value		50000a8d
	before		50001609
OBJ 5000160b (sz=56, trace=300795, class=com.sun.tools.javac.main.Option@50000b92)
	name		50002bf9
	text		50002bd7
	kind		500013b7
	group		500013bf
	descrKey	50002c14
	choiceKind	5000140e
	choices		50001607
OBJ 5000160c (sz=32, trace=300159, class=java.util.concurrent.ConcurrentHashMap$Node@50000024)
	key		50000cc3
	val		50001606
OBJ 5000160d (sz=56, trace=300724, class=java.util.LinkedHashMap@5000006a)
	table		5000160e
	head		5000160f
	tail		50001611
ARR 5000160e (sz=80, trace=300725, nelems=13, elem type=java.util.HashMap$Node[]@500000c2)
	[0]		5000160f
	[3]		50001610
	[12]		50001611
OBJ 5000160f (sz=40, trace=300084, class=java.util.LinkedHashMap$Entry@50000060)
	key		50002bfe
	value		50000a8d
	after		50001610
OBJ 50001610 (sz=40, trace=300084, class=java.util.LinkedHashMap$Entry@50000060)
	key		50002c00
	value		50000a8d
	before		5000160f
	after		50001611
OBJ 50001611 (sz=40, trace=300084, class=java.util.LinkedHashMap$Entry@50000060)
	key		50002c02
	value		50000a8d
	before		50001610
OBJ 50001612 (sz=56, trace=300797, class=com.sun.tools.javac.main.Option@50000b92)
	name		50002bf8
	text		50002bd5
	kind		500013b7
	group		500013bf
	descrKey	50002c12
	choiceKind	5000140e
	choices		5000160d
OBJ 50001613 (sz=56, trace=300798, class=com.sun.tools.javac.main.Option@50000b92)
	name		50002beb
	text		50002bcc
	kind		500013b8
	group		500013bf
OBJ 50001614 (sz=56, trace=300799, class=com.sun.tools.javac.main.Option@50000b92)
	name		50002bf5
	text		50002bd2
	kind		500013b8
	group		500013bf
OBJ 50001615 (sz=56, trace=300766, class=com.sun.tools.javac.main.Option$24@5000124e)
	name		50002bec
	text		50002bd6
	kind		500013b7
	group		500013bf
	argsNameKey	50002c0d
	descrKey	50002c13
OBJ 50001616 (sz=16, trace=300160, class=java.lang.Object@50000172)
OBJ 50001617 (sz=56, trace=300724, class=java.util.LinkedHashMap@5000006a)
	table		50001618
	head		50001619
	tail		5000161a
ARR 50001618 (sz=80, trace=300725, nelems=16, elem type=java.util.HashMap$Node[]@500000c2)
	[4]		50001619
	[15]		5000161a
OBJ 50001619 (sz=40, trace=300084, class=java.util.LinkedHashMap$Entry@50000060)
	key		50002bff
	value		50000a8d
	after		5000161a
OBJ 5000161a (sz=40, trace=300084, class=java.util.LinkedHashMap$Entry@50000060)
	key		50002c19
	value		50000a8d
	before		50001619
OBJ 5000161b (sz=56, trace=300801, class=com.sun.tools.javac.main.Option@50000b92)
	name		50002bf4
	text		50002bd1
	kind		500013b7
	group		500013bf
	descrKey	50002c0e
	choiceKind	5000140e
	choices		50001617
OBJ 5000161c (sz=56, trace=300719, class=com.sun.tools.javac.main.Option$25@50001295)
	name		50002bf3
	text		50002bcf
	kind		500013b8
	group		500013bf
OBJ 5000161d (sz=56, trace=300784, class=com.sun.tools.javac.main.Option$26@500012dc)
	name		50002be4
	text		50000632
	kind		500013b6
	group		500013c1
	argsNameKey	50002c09
	descrKey	50002c04
OBJ 5000161e (sz=56, trace=300719, class=com.sun.tools.javac.main.Option$27@50001323)
	name		50002bef
	text		50002c18
	kind		500013b8
	group		500013c1
ARR 50001620 (sz=264, trace=300802, nelems=61, elem type=com.sun.tools.javac.main.Option[]@5000161f)
	[0]		500013c5
	[1]		500013c6
	[2]		50001420
	[3]		50001421
	[4]		500015be
	[5]		500015bf
	[6]		500015c0
	[7]		500015c1
	[8]		500015c2
	[9]		500015c3
	[10]		500015c4
	[11]		500015c5
	[12]		500015c6
	[13]		500015c7
	[14]		500015c8
	[15]		500015c9
	[16]		500015ca
	[17]		500015cb
	[18]		500015cc
	[19]		500015cd
	[20]		500015ce
	[21]		500015d4
	[22]		500015d5
	[23]		500015d6
	[24]		500015d7
	[25]		500015d8
	[26]		500015d9
	[27]		500015da
	[28]		500015e0
	[29]		500015e1
	[30]		500015e2
	[31]		500015e3
	[32]		500015e4
	[33]		500015e5
	[34]		500015e6
	[35]		500015e7
	[36]		500015e8
	[37]		500015e9
	[38]		500015ea
	[39]		500015f0
	[40]		500015f1
	[41]		500015f2
	[42]		500015f3
	[43]		500015f4
	[44]		500015f5
	[45]		500015f6
	[46]		500015f7
	[47]		500015f8
	[48]		50001602
	[49]		50001603
	[50]		50001604
	[51]		50001605
	[52]		5000160b
	[53]		50001612
	[54]		50001613
	[55]		50001614
	[56]		50001615
	[57]		5000161b
	[58]		5000161c
	[59]		5000161d
	[60]		5000161e
OBJ 50001621 (sz=16, trace=300157, class=java.lang.Object@50000172)
OBJ 50001622 (sz=32, trace=300159, class=java.util.concurrent.ConcurrentHashMap$Node@50000024)
	key		50000d23
	val		50001621
OBJ 50001623 (sz=16, trace=300160, class=java.lang.Object@50000172)
OBJ 50001624 (sz=32, trace=300159, class=java.util.concurrent.ConcurrentHashMap$Node@50000024)
	key		50000d23
	val		50001623
ARR 50001626 (sz=16, trace=300803, nelems=0, elem type=java.lang.Enum[]@50000063)
OBJ 50001627 (sz=32, trace=300159, class=java.util.concurrent.ConcurrentHashMap$Node@50000024)
	key		50000cc3
	val		50001616
ARR 50001628 (sz=30, trace=300000, nelems=15, elem type=char[])
ARR 50001629 (sz=12, trace=300000, nelems=6, elem type=char[])
OBJ 5000162a (sz=56, trace=300679, class=java.lang.Class$ReflectionData@500000a5)
OBJ 5000162b (sz=40, trace=300040, class=java.lang.ref.SoftReference@50000152)
OBJ 5000162c (sz=88, trace=300681, class=java.lang.reflect.Method@5000013e)
ARR 5000162e (sz=12, trace=300000, nelems=6, elem type=char[])
ARR 5000162f (sz=12, trace=300000, nelems=6, elem type=char[])
OBJ 50001631 (sz=24, trace=300811, class=sun.reflect.NativeMethodAccessorImpl@50001630)
OBJ 50001633 (sz=16, trace=300813, class=sun.reflect.DelegatingMethodAccessorImpl@50001632)
ARR 50001635 (sz=14, trace=300000, nelems=7, elem type=char[])
ARR 50001636 (sz=14, trace=300000, nelems=7, elem type=char[])
ARR 50001638 (sz=16, trace=300000, nelems=8, elem type=char[])
OBJ 50001639 (sz=16, trace=300819, class=com.sun.tools.javac.main.Main$1@5000095e)
OBJ 5000163a (sz=16, trace=300157, class=java.lang.Object@50000172)
OBJ 5000163b (sz=32, trace=300159, class=java.util.concurrent.ConcurrentHashMap$Node@50000024)
	key		50000b67
	val		5000163a
OBJ 5000163c (sz=16, trace=300160, class=java.lang.Object@50000172)
OBJ 5000163d (sz=32, trace=300159, class=java.util.concurrent.ConcurrentHashMap$Node@50000024)
	key		50000b67
	val		5000163c
ARR 5000163e (sz=16, trace=300000, nelems=8, elem type=char[])
ARR 5000163f (sz=16, trace=300000, nelems=8, elem type=char[])
ARR 50001640 (sz=30, trace=300000, nelems=15, elem type=char[])
ARR 50001641 (sz=36, trace=300000, nelems=18, elem type=char[])
ARR 50001642 (sz=22, trace=300000, nelems=11, elem type=char[])
ARR 50001643 (sz=22, trace=300000, nelems=11, elem type=char[])
ARR 50001644 (sz=22, trace=300000, nelems=11, elem type=char[])
ARR 50001645 (sz=22, trace=300000, nelems=11, elem type=char[])
ARR 50001646 (sz=22, trace=300000, nelems=11, elem type=char[])
ARR 50001647 (sz=22, trace=300000, nelems=11, elem type=char[])
ARR 50001648 (sz=16, trace=300000, nelems=8, elem type=char[])
ARR 50001649 (sz=16, trace=300000, nelems=8, elem type=char[])
ARR 5000164a (sz=16, trace=300000, nelems=8, elem type=char[])
ARR 5000164b (sz=16, trace=300000, nelems=8, elem type=char[])
ARR 5000164c (sz=14, trace=300000, nelems=7, elem type=char[])
ARR 5000164d (sz=10, trace=300000, nelems=5, elem type=char[])
ARR 5000164e (sz=10, trace=300000, nelems=5, elem type=char[])
ARR 5000164f (sz=28, trace=300000, nelems=14, elem type=char[])
ARR 50001650 (sz=28, trace=300000, nelems=14, elem type=char[])
OBJ 50001651 (sz=24, trace=300000, class=java.lang.String@5000016e)
	value		50001804
OBJ 50001652 (sz=24, trace=300000, class=java.lang.String@5000016e)
	value		50001833
OBJ 50001653 (sz=24, trace=300000, class=java.lang.String@5000016e)
	value		50001832
OBJ 50001654 (sz=24, trace=300000, class=sun.nio.cs.MS1252@50000082)
	name		5000144d
	aliases		500012d8
OBJ 50001655 (sz=16, trace=300000, class=java.lang.ThreadLocal@50000086)
OBJ 50001656 (sz=32, trace=300000, class=sun.nio.cs.StandardCharsets@5000008b)
	classMap	50001659
	aliasMap	50001658
	cache		50001657
	packagePrefix	500012be
OBJ 50001657 (sz=40, trace=300000, class=sun.nio.cs.StandardCharsets$Cache@50000087)
	ht		500017b5
OBJ 50001658 (sz=40, trace=300000, class=sun.nio.cs.StandardCharsets$Aliases@50000089)
	ht		5000169c
OBJ 50001659 (sz=40, trace=300000, class=sun.nio.cs.StandardCharsets$Classes@50000088)
	ht		5000165a
ARR 5000165a (sz=144, trace=300000, nelems=32, elem type=java.lang.Object[]@50000108)
	[0]		5000165b
	[2]		5000165c
	[3]		5000165d
	[4]		5000165e
	[5]		5000165f
	[6]		50001660
	[7]		50001661
	[8]		50001662
	[9]		50001663
	[10]		50001664
	[11]		50001665
	[12]		50001666
	[14]		50001667
	[15]		50001668
	[16]		50001669
	[17]		5000166a
	[18]		5000166b
	[19]		5000166e
	[22]		5000166f
	[23]		50001670
	[24]		50001671
	[28]		50001672
	[29]		50001674
	[31]		50001675
ARR 5000165b (sz=24, trace=300000, nelems=2, elem type=java.lang.Object[]@50000108)
	[0]		5000129e
	[1]		500013ff
ARR 5000165c (sz=32, trace=300000, nelems=3, elem type=java.lang.Object[]@50000108)
	[0]		5000129f
	[1]		50001401
	[2]		5000169a
ARR 5000165d (sz=32, trace=300000, nelems=3, elem type=java.lang.Object[]@50000108)
	[0]		5000144c
	[1]		50001412
	[2]		50001699
ARR 5000165e (sz=32, trace=300000, nelems=3, elem type=java.lang.Object[]@50000108)
	[0]		5000144e
	[1]		50001426
	[2]		50001697
ARR 5000165f (sz=32, trace=300000, nelems=3, elem type=java.lang.Object[]@50000108)
	[0]		5000144f
	[1]		50001428
	[2]		50001696
ARR 50001660 (sz=24, trace=300000, nelems=2, elem type=java.lang.Object[]@50000108)
	[0]		50001450
	[1]		50001429
ARR 50001661 (sz=24, trace=300000, nelems=2, elem type=java.lang.Object[]@50000108)
	[0]		5000143d
	[1]		5000121b
ARR 50001662 (sz=32, trace=300000, nelems=3, elem type=java.lang.Object[]@50000108)
	[0]		50001432
	[1]		50001405
	[2]		50001695
ARR 50001663 (sz=32, trace=300000, nelems=3, elem type=java.lang.Object[]@50000108)
	[0]		50001433
	[1]		50001406
	[2]		50001694
ARR 50001664 (sz=24, trace=300000, nelems=2, elem type=java.lang.Object[]@50000108)
	[0]		50001434
	[1]		50001407
ARR 50001665 (sz=32, trace=300000, nelems=3, elem type=java.lang.Object[]@50000108)
	[0]		50001452
	[1]		50001402
	[2]		50001693
ARR 50001666 (sz=24, trace=300000, nelems=2, elem type=java.lang.Object[]@50000108)
	[0]		50001438
	[1]		50001409
ARR 50001667 (sz=24, trace=300000, nelems=2, elem type=java.lang.Object[]@50000108)
	[0]		50001451
	[1]		500013f8
ARR 50001668 (sz=24, trace=300000, nelems=2, elem type=java.lang.Object[]@50000108)
	[0]		5000129a
	[1]		500013fa
ARR 50001669 (sz=32, trace=300000, nelems=3, elem type=java.lang.Object[]@50000108)
	[0]		5000129b
	[1]		500013fb
	[2]		50001692
ARR 5000166a (sz=32, trace=300000, nelems=3, elem type=java.lang.Object[]@50000108)
	[0]		50001430
	[1]		50001403
	[2]		5000167a
ARR 5000166b (sz=32, trace=300000, nelems=3, elem type=java.lang.Object[]@50000108)
	[0]		5000129c
	[1]		500013fc
	[2]		50001678
OBJ 5000166c (sz=56, trace=300687, class=java.util.zip.ZipFile$ZipFileInputStream@5000055e)
	this$0		500004ee
OBJ 5000166d (sz=40, trace=300106, class=java.lang.ref.Finalizer@5000014d)
	referent	5000166c
	queue		500003c8
	next		500015a9
	prev		500016cc
ARR 5000166e (sz=32, trace=300000, nelems=3, elem type=java.lang.Object[]@50000108)
	[0]		5000142e
	[1]		500013fe
	[2]		50001676
ARR 5000166f (sz=24, trace=300000, nelems=2, elem type=java.lang.Object[]@50000108)
	[0]		50001453
	[1]		5000142b
ARR 50001670 (sz=24, trace=300000, nelems=2, elem type=java.lang.Object[]@50000108)
	[0]		5000142d
	[1]		500013f6
ARR 50001671 (sz=24, trace=300000, nelems=2, elem type=java.lang.Object[]@50000108)
	[0]		50001454
	[1]		50001223
ARR 50001672 (sz=24, trace=300000, nelems=2, elem type=java.lang.Object[]@50000108)
	[0]		50001439
	[1]		5000140a
OBJ 50001673 (sz=56, trace=300687, class=java.util.zip.ZipFile$ZipFileInputStream@5000055e)
ARR 50001674 (sz=24, trace=300000, nelems=2, elem type=java.lang.Object[]@50000108)
	[0]		5000143a
	[1]		5000140b
ARR 50001675 (sz=24, trace=300000, nelems=2, elem type=java.lang.Object[]@50000108)
	[0]		50001441
	[1]		50001224
ARR 50001676 (sz=32, trace=300000, nelems=3, elem type=java.lang.Object[]@50000108)
	[0]		5000129d
	[1]		500013fd
	[2]		50001677
ARR 50001677 (sz=24, trace=300000, nelems=2, elem type=java.lang.Object[]@50000108)
	[0]		50001457
	[1]		50001225
ARR 50001678 (sz=32, trace=300000, nelems=3, elem type=java.lang.Object[]@50000108)
	[0]		5000128b
	[1]		500013f7
	[2]		50001679
ARR 50001679 (sz=24, trace=300000, nelems=2, elem type=java.lang.Object[]@50000108)
	[0]		50001431
	[1]		50001404
ARR 5000167a (sz=24, trace=300000, nelems=2, elem type=java.lang.Object[]@50000108)
	[0]		5000143b
	[1]		5000142a
OBJ 5000167c (sz=24, trace=301102, class=com.sun.tools.javac.util.Log$PrefixKind@5000167b)
	name		50002b43
	value		50002b45
OBJ 5000167d (sz=24, trace=301103, class=com.sun.tools.javac.util.Log$PrefixKind@5000167b)
	name		50002b42
	value		50002b44
ARR 5000167f (sz=24, trace=301104, nelems=2, elem type=com.sun.tools.javac.util.Log$PrefixKind[]@5000167e)
	[0]		5000167c
	[1]		5000167d
ARR 50001680 (sz=24, trace=301105, nelems=0, elem type=java.lang.Object[]@50000108)
OBJ 50001682 (sz=24, trace=300820, class=com.sun.tools.javac.util.Context@50001681)
OBJ 50001683 (sz=16, trace=300157, class=java.lang.Object@50000172)
OBJ 50001684 (sz=32, trace=300159, class=java.util.concurrent.ConcurrentHashMap$Node@50000024)
	key		50000b57
	val		50001683
	next		50001c3d
OBJ 50001685 (sz=16, trace=300160, class=java.lang.Object@50000172)
OBJ 50001686 (sz=32, trace=300159, class=java.util.concurrent.ConcurrentHashMap$Node@50000024)
	key		50000b57
	val		50001685
	next		50001c3f
OBJ 50001687 (sz=48, trace=300821, class=java.util.HashMap@500000c6)
OBJ 50001688 (sz=48, trace=300822, class=java.util.HashMap@500000c6)
OBJ 50001689 (sz=48, trace=300823, class=java.util.HashMap@500000c6)
OBJ 5000168a (sz=16, trace=300157, class=java.lang.Object@50000172)
OBJ 5000168b (sz=32, trace=300683, class=java.util.concurrent.ConcurrentHashMap$Node@50000024)
	key		50000d21
	val		5000168a
OBJ 5000168c (sz=16, trace=300160, class=java.lang.Object@50000172)
OBJ 5000168d (sz=32, trace=300683, class=java.util.concurrent.ConcurrentHashMap$Node@50000024)
	key		50000d21
	val		5000168c
OBJ 5000168e (sz=16, trace=300157, class=java.lang.Object@50000172)
OBJ 5000168f (sz=32, trace=300159, class=java.util.concurrent.ConcurrentHashMap$Node@50000024)
	key		50000c55
	val		5000168e
OBJ 50001690 (sz=16, trace=300160, class=java.lang.Object@50000172)
OBJ 50001691 (sz=32, trace=300159, class=java.util.concurrent.ConcurrentHashMap$Node@50000024)
	key		50000c55
	val		50001690
ARR 50001692 (sz=24, trace=300000, nelems=2, elem type=java.lang.Object[]@50000108)
	[0]		50001293
	[1]		500013f9
ARR 50001693 (sz=24, trace=300000, nelems=2, elem type=java.lang.Object[]@50000108)
	[0]		50001437
	[1]		50001408
ARR 50001694 (sz=24, trace=300000, nelems=2, elem type=java.lang.Object[]@50000108)
	[0]		50001442
	[1]		5000142c
ARR 50001695 (sz=24, trace=300000, nelems=2, elem type=java.lang.Object[]@50000108)
	[0]		5000142f
	[1]		50001211
ARR 50001696 (sz=24, trace=300000, nelems=2, elem type=java.lang.Object[]@50000108)
	[0]		5000143c
	[1]		5000121a
ARR 50001697 (sz=32, trace=300000, nelems=3, elem type=java.lang.Object[]@50000108)
	[0]		5000144d
	[1]		50001423
	[2]		50001698
ARR 50001698 (sz=24, trace=300000, nelems=2, elem type=java.lang.Object[]@50000108)
	[0]		50001440
	[1]		50001220
ARR 50001699 (sz=24, trace=300000, nelems=2, elem type=java.lang.Object[]@50000108)
	[0]		50001443
	[1]		5000140c
ARR 5000169a (sz=32, trace=300000, nelems=3, elem type=java.lang.Object[]@50000108)
	[0]		5000143f
	[1]		5000121f
	[2]		5000169b
ARR 5000169b (sz=24, trace=300000, nelems=2, elem type=java.lang.Object[]@50000108)
	[0]		5000143e
	[1]		5000121e
ARR 5000169c (sz=4112, trace=300000, nelems=1016, elem type=java.lang.Object[]@50000108)
	[1]		5000169d
	[2]		5000169e
	[3]		5000169f
	[5]		500016a0
	[6]		500016a1
	[10]		500016a2
	[19]		500016a3
	[24]		500016a4
	[25]		500016a5
	[26]		500016a6
	[28]		500016a7
	[29]		500016a8
	[55]		500016a9
	[58]		500016aa
	[86]		500016ab
	[87]		500016ac
	[89]		500016ad
	[90]		500016ae
	[92]		500016af
	[94]		500016b0
	[95]		500016b1
	[96]		500016b2
	[106]		500016b3
	[121]		500016b4
	[125]		500016b5
	[134]		500016b6
	[137]		500016b7
	[141]		500016b8
	[143]		500016b9
	[144]		500016bc
	[170]		500016bd
	[173]		500016be
	[177]		500016bf
	[192]		500016c0
	[199]		500016c1
	[205]		500016c2
	[211]		500016c3
	[213]		500016c4
	[216]		500016c5
	[218]		500016c6
	[219]		500016c7
	[225]		500016ca
	[244]		500016ce
	[248]		500016cf
	[253]		500016d0
	[254]		500016d1
	[259]		500016d2
	[269]		500016d3
	[277]		500016d4
	[280]		500016d5
	[283]		500016d6
	[284]		500016da
	[286]		500016db
	[287]		500016dc
	[289]		500016dd
	[291]		500016e9
	[294]		500016ea
	[296]		500016eb
	[297]		500016f1
	[305]		500016f2
	[307]		500016f3
	[312]		500016f4
	[321]		500016f5
	[323]		500016f6
	[324]		500016f7
	[325]		500016f8
	[326]		500016f9
	[327]		500016fa
	[328]		500016fb
	[329]		500016fc
	[331]		500016fd
	[333]		500016fe
	[334]		500016ff
	[336]		50001700
	[339]		50001701
	[341]		50001702
	[345]		50001703
	[350]		50001704
	[353]		50001705
	[358]		50001706
	[359]		50001707
	[363]		50001708
	[364]		50001709
	[378]		5000170a
	[385]		5000170b
	[391]		5000170c
	[392]		5000170d
	[405]		5000170e
	[406]		5000170f
	[408]		50001710
	[421]		50001711
	[428]		50001712
	[429]		50001713
	[430]		50001714
	[432]		50001715
	[433]		50001716
	[436]		50001717
	[437]		50001718
	[438]		50001719
	[443]		5000171a
	[456]		5000171b
	[473]		5000171c
	[479]		5000171d
	[481]		5000171f
	[484]		50001720
	[486]		50001721
	[487]		50001722
	[502]		50001723
	[506]		50001724
	[508]		50001725
	[511]		50001726
	[512]		50001727
	[513]		5000172a
	[514]		5000172b
	[516]		5000172c
	[520]		50001735
	[523]		50001737
	[524]		5000173d
	[533]		5000173e
	[537]		5000173f
	[539]		50001740
	[543]		50001741
	[545]		50001742
	[563]		50001743
	[572]		50001749
	[573]		5000174a
	[577]		5000174b
	[582]		5000174c
	[583]		5000174d
	[588]		5000174e
	[593]		5000174f
	[598]		50001750
	[609]		50001751
	[617]		50001752
	[618]		50001753
	[619]		50001754
	[620]		50001755
	[621]		50001756
	[624]		50001757
	[628]		50001758
	[632]		50001759
	[634]		5000175a
	[635]		5000175b
	[636]		5000175c
	[654]		5000175d
	[669]		5000175e
	[670]		5000175f
	[671]		50001760
	[676]		50001761
	[679]		50001762
	[686]		50001763
	[703]		50001764
	[710]		50001765
	[712]		50001766
	[732]		50001767
	[733]		50001768
	[768]		50001769
	[774]		5000176a
	[781]		5000176b
	[782]		5000176c
	[783]		5000176d
	[784]		5000176e
	[785]		5000176f
	[787]		50001770
	[789]		50001771
	[813]		50001773
	[818]		50001774
	[832]		50001775
	[834]		50001776
	[835]		50001777
	[836]		50001778
	[837]		50001779
	[838]		5000177a
	[840]		5000177b
	[842]		5000177c
	[843]		5000177d
	[846]		5000178b
	[849]		5000178c
	[863]		5000178f
	[881]		50001790
	[896]		50001791
	[909]		50001792
	[910]		50001793
	[911]		50001794
	[912]		50001795
	[925]		50001796
	[934]		50001797
	[937]		50001798
	[944]		5000179e
	[957]		5000179f
	[993]		500017a0
	[1009]		500017a1
	[1015]		500017a2
ARR 5000169d (sz=24, trace=300000, nelems=2, elem type=java.lang.Object[]@50000108)
	[0]		500014b1
	[1]		50001431
ARR 5000169e (sz=24, trace=300000, nelems=2, elem type=java.lang.Object[]@50000108)
	[0]		500014b3
	[1]		5000142f
ARR 5000169f (sz=24, trace=300000, nelems=2, elem type=java.lang.Object[]@50000108)
	[0]		500014b4
	[1]		50001432
ARR 500016a0 (sz=24, trace=300000, nelems=2, elem type=java.lang.Object[]@50000108)
	[0]		500014b5
	[1]		50001433
ARR 500016a1 (sz=24, trace=300000, nelems=2, elem type=java.lang.Object[]@50000108)
	[0]		500014b6
	[1]		50001438
ARR 500016a2 (sz=24, trace=300000, nelems=2, elem type=java.lang.Object[]@50000108)
	[0]		500014b7
	[1]		50001431
ARR 500016a3 (sz=24, trace=300000, nelems=2, elem type=java.lang.Object[]@50000108)
	[0]		500014e9
	[1]		50001453
ARR 500016a4 (sz=24, trace=300000, nelems=2, elem type=java.lang.Object[]@50000108)
	[0]		500014c8
	[1]		5000143b
ARR 500016a5 (sz=24, trace=300000, nelems=2, elem type=java.lang.Object[]@50000108)
	[0]		500014dd
	[1]		50001437
ARR 500016a6 (sz=24, trace=300000, nelems=2, elem type=java.lang.Object[]@50000108)
	[0]		500011e5
	[1]		50001432
ARR 500016a7 (sz=24, trace=300000, nelems=2, elem type=java.lang.Object[]@50000108)
	[0]		500011e6
	[1]		50001433
ARR 500016a8 (sz=24, trace=300000, nelems=2, elem type=java.lang.Object[]@50000108)
	[0]		500011e7
	[1]		50001434
ARR 500016a9 (sz=24, trace=300000, nelems=2, elem type=java.lang.Object[]@50000108)
	[0]		500011e8
	[1]		50001438
ARR 500016aa (sz=24, trace=300000, nelems=2, elem type=java.lang.Object[]@50000108)
	[0]		500011e9
	[1]		50001431
ARR 500016ab (sz=32, trace=300000, nelems=3, elem type=java.lang.Object[]@50000108)
	[0]		500014b8
	[1]		50001434
	[2]		500017b4
ARR 500016ac (sz=24, trace=300000, nelems=2, elem type=java.lang.Object[]@50000108)
	[0]		500011e0
	[1]		50001432
ARR 500016ad (sz=24, trace=300000, nelems=2, elem type=java.lang.Object[]@50000108)
	[0]		500011e1
	[1]		50001433
ARR 500016ae (sz=32, trace=300000, nelems=3, elem type=java.lang.Object[]@50000108)
	[0]		500011cf
	[1]		50001437
	[2]		500017b3
ARR 500016af (sz=24, trace=300000, nelems=2, elem type=java.lang.Object[]@50000108)
	[0]		500011e3
	[1]		50001437
ARR 500016b0 (sz=24, trace=300000, nelems=2, elem type=java.lang.Object[]@50000108)
	[0]		500011e4
	[1]		50001438
ARR 500016b1 (sz=24, trace=300000, nelems=2, elem type=java.lang.Object[]@50000108)
	[0]		500014d5
	[1]		5000142f
ARR 500016b2 (sz=24, trace=300000, nelems=2, elem type=java.lang.Object[]@50000108)
	[0]		500011d0
	[1]		5000142f
ARR 500016b3 (sz=24, trace=300000, nelems=2, elem type=java.lang.Object[]@50000108)
	[0]		500012c1
	[1]		50001442
ARR 500016b4 (sz=24, trace=300000, nelems=2, elem type=java.lang.Object[]@50000108)
	[0]		500014fe
	[1]		5000143e
ARR 500016b5 (sz=24, trace=300000, nelems=2, elem type=java.lang.Object[]@50000108)
	[0]		500014bb
	[1]		50001437
ARR 500016b6 (sz=24, trace=300000, nelems=2, elem type=java.lang.Object[]@50000108)
	[0]		500012b4
	[1]		50001439
ARR 500016b7 (sz=24, trace=300000, nelems=2, elem type=java.lang.Object[]@50000108)
	[0]		500012b5
	[1]		5000143a
ARR 500016b8 (sz=24, trace=300000, nelems=2, elem type=java.lang.Object[]@50000108)
	[0]		50001258
	[1]		50001432
ARR 500016b9 (sz=24, trace=300000, nelems=2, elem type=java.lang.Object[]@50000108)
	[0]		50001259
	[1]		50001433
OBJ 500016ba (sz=24, trace=300369, class=java.lang.String@5000016e)
	value		500016bb
ARR 500016bb (sz=48, trace=300370, nelems=24, elem type=char[])
ARR 500016bc (sz=24, trace=300000, nelems=2, elem type=java.lang.Object[]@50000108)
	[0]		5000125a
	[1]		50001434
ARR 500016bd (sz=24, trace=300000, nelems=2, elem type=java.lang.Object[]@50000108)
	[0]		5000125b
	[1]		50001438
ARR 500016be (sz=24, trace=300000, nelems=2, elem type=java.lang.Object[]@50000108)
	[0]		5000125c
	[1]		50001431
ARR 500016bf (sz=24, trace=300000, nelems=2, elem type=java.lang.Object[]@50000108)
	[0]		500014fc
	[1]		50001457
ARR 500016c0 (sz=24, trace=300000, nelems=2, elem type=java.lang.Object[]@50000108)
	[0]		500014f5
	[1]		5000143d
ARR 500016c1 (sz=32, trace=300000, nelems=3, elem type=java.lang.Object[]@50000108)
	[0]		5000126f
	[1]		5000128b
	[2]		500017b2
ARR 500016c2 (sz=24, trace=300000, nelems=2, elem type=java.lang.Object[]@50000108)
	[0]		50001249
	[1]		50001437
ARR 500016c3 (sz=32, trace=300000, nelems=3, elem type=java.lang.Object[]@50000108)
	[0]		500011d1
	[1]		5000129a
	[2]		500017b1
ARR 500016c4 (sz=24, trace=300000, nelems=2, elem type=java.lang.Object[]@50000108)
	[0]		500011d3
	[1]		5000129b
ARR 500016c5 (sz=24, trace=300000, nelems=2, elem type=java.lang.Object[]@50000108)
	[0]		500011d4
	[1]		5000129c
ARR 500016c6 (sz=32, trace=300000, nelems=3, elem type=java.lang.Object[]@50000108)
	[0]		500011d5
	[1]		5000129d
	[2]		500017b0
ARR 500016c7 (sz=32, trace=300000, nelems=3, elem type=java.lang.Object[]@50000108)
	[0]		500011d6
	[1]		5000142e
	[2]		500017af
OBJ 500016c8 (sz=56, trace=300443, class=java.lang.Package@500005dd)
	pkgName		500016ba
	loader		500003d7
OBJ 500016c9 (sz=32, trace=300221, class=java.util.HashMap$Node@500000c4)
	key		500016ba
	value		500016c8
ARR 500016ca (sz=24, trace=300000, nelems=2, elem type=java.lang.Object[]@50000108)
	[0]		500014ac
	[1]		5000143b
OBJ 500016cb (sz=56, trace=300687, class=java.util.zip.ZipFile$ZipFileInputStream@5000055e)
	this$0		500004ee
OBJ 500016cc (sz=40, trace=300106, class=java.lang.ref.Finalizer@5000014d)
	referent	500016cb
	queue		500003c8
	next		5000166d
	prev		50001729
OBJ 500016cd (sz=56, trace=300687, class=java.util.zip.ZipFile$ZipFileInputStream@5000055e)
ARR 500016ce (sz=24, trace=300000, nelems=2, elem type=java.lang.Object[]@50000108)
	[0]		500011db
	[1]		5000129e
ARR 500016cf (sz=24, trace=300000, nelems=2, elem type=java.lang.Object[]@50000108)
	[0]		500011dc
	[1]		5000129f
ARR 500016d0 (sz=24, trace=300000, nelems=2, elem type=java.lang.Object[]@50000108)
	[0]		500014ff
	[1]		50001440
ARR 500016d1 (sz=24, trace=300000, nelems=2, elem type=java.lang.Object[]@50000108)
	[0]		500014d7
	[1]		50001432
ARR 500016d2 (sz=24, trace=300000, nelems=2, elem type=java.lang.Object[]@50000108)
	[0]		500014e7
	[1]		5000143c
ARR 500016d3 (sz=24, trace=300000, nelems=2, elem type=java.lang.Object[]@50000108)
	[0]		500014d1
	[1]		50001431
ARR 500016d4 (sz=24, trace=300000, nelems=2, elem type=java.lang.Object[]@50000108)
	[0]		500012c4
	[1]		50001452
ARR 500016d5 (sz=24, trace=300000, nelems=2, elem type=java.lang.Object[]@50000108)
	[0]		500014ea
	[1]		5000143e
ARR 500016d6 (sz=24, trace=300000, nelems=2, elem type=java.lang.Object[]@50000108)
	[0]		500014cf
	[1]		5000142f
OBJ 500016d7 (sz=24, trace=300668, class=java.lang.String@5000016e)
	value		500016d8
ARR 500016d8 (sz=48, trace=300669, nelems=24, elem type=char[])
OBJ 500016d9 (sz=32, trace=300671, class=java.util.concurrent.ConcurrentHashMap$Node@50000024)
	key		500016d7
	val		50000a9e
ARR 500016da (sz=24, trace=300000, nelems=2, elem type=java.lang.Object[]@50000108)
	[0]		500012ad
	[1]		50001432
ARR 500016db (sz=24, trace=300000, nelems=2, elem type=java.lang.Object[]@50000108)
	[0]		500012ae
	[1]		50001433
ARR 500016dc (sz=24, trace=300000, nelems=2, elem type=java.lang.Object[]@50000108)
	[0]		500012af
	[1]		50001434
ARR 500016dd (sz=24, trace=300000, nelems=2, elem type=java.lang.Object[]@50000108)
	[0]		500012b0
	[1]		50001437
OBJ 500016de (sz=16, trace=300157, class=java.lang.Object@50000172)
OBJ 500016df (sz=32, trace=300683, class=java.util.concurrent.ConcurrentHashMap$Node@50000024)
	key		50000bbc
	val		500016de
	next		50000e2f
OBJ 500016e0 (sz=16, trace=300160, class=java.lang.Object@50000172)
OBJ 500016e1 (sz=32, trace=300683, class=java.util.concurrent.ConcurrentHashMap$Node@50000024)
	key		50000bbc
	val		500016e0
	next		50000e31
OBJ 500016e5 (sz=16, trace=300157, class=java.lang.Object@50000172)
OBJ 500016e6 (sz=32, trace=300159, class=java.util.concurrent.ConcurrentHashMap$Node@50000024)
	key		50000c04
	val		500016e5
OBJ 500016e7 (sz=16, trace=300160, class=java.lang.Object@50000172)
OBJ 500016e8 (sz=32, trace=300159, class=java.util.concurrent.ConcurrentHashMap$Node@50000024)
	key		50000c04
	val		500016e7
ARR 500016e9 (sz=24, trace=300000, nelems=2, elem type=java.lang.Object[]@50000108)
	[0]		500012b1
	[1]		50001438
ARR 500016ea (sz=24, trace=300000, nelems=2, elem type=java.lang.Object[]@50000108)
	[0]		500012a0
	[1]		50001432
ARR 500016eb (sz=24, trace=300000, nelems=2, elem type=java.lang.Object[]@50000108)
	[0]		500012a1
	[1]		50001433
OBJ 500016ed (sz=16, trace=300157, class=java.lang.Object@50000172)
OBJ 500016ee (sz=32, trace=300159, class=java.util.concurrent.ConcurrentHashMap$Node@50000024)
	key		50000b69
	val		500016ed
OBJ 500016ef (sz=16, trace=300160, class=java.lang.Object@50000172)
OBJ 500016f0 (sz=32, trace=300159, class=java.util.concurrent.ConcurrentHashMap$Node@50000024)
	key		50000b69
	val		500016ef
ARR 500016f1 (sz=24, trace=300000, nelems=2, elem type=java.lang.Object[]@50000108)
	[0]		500012a2
	[1]		50001434
ARR 500016f2 (sz=24, trace=300000, nelems=2, elem type=java.lang.Object[]@50000108)
	[0]		500012b2
	[1]		50001430
ARR 500016f3 (sz=24, trace=300000, nelems=2, elem type=java.lang.Object[]@50000108)
	[0]		500014d4
	[1]		50001431
ARR 500016f4 (sz=32, trace=300000, nelems=3, elem type=java.lang.Object[]@50000108)
	[0]		50001273
	[1]		50001437
	[2]		500017ae
ARR 500016f5 (sz=24, trace=300000, nelems=2, elem type=java.lang.Object[]@50000108)
	[0]		50001283
	[1]		50001432
ARR 500016f6 (sz=32, trace=300000, nelems=3, elem type=java.lang.Object[]@50000108)
	[0]		500012a3
	[1]		50001438
	[2]		500017ad
ARR 500016f7 (sz=24, trace=300000, nelems=2, elem type=java.lang.Object[]@50000108)
	[0]		50001289
	[1]		50001434
ARR 500016f8 (sz=24, trace=300000, nelems=2, elem type=java.lang.Object[]@50000108)
	[0]		500012b6
	[1]		5000142f
ARR 500016f9 (sz=32, trace=300000, nelems=3, elem type=java.lang.Object[]@50000108)
	[0]		5000124b
	[1]		5000129a
	[2]		500017ab
ARR 500016fa (sz=24, trace=300000, nelems=2, elem type=java.lang.Object[]@50000108)
	[0]		50001271
	[1]		50001434
ARR 500016fb (sz=32, trace=300000, nelems=3, elem type=java.lang.Object[]@50000108)
	[0]		5000124c
	[1]		5000129b
	[2]		500017aa
ARR 500016fc (sz=24, trace=300000, nelems=2, elem type=java.lang.Object[]@50000108)
	[0]		500012b9
	[1]		50001438
ARR 500016fd (sz=24, trace=300000, nelems=2, elem type=java.lang.Object[]@50000108)
	[0]		5000124d
	[1]		5000129c
ARR 500016fe (sz=32, trace=300000, nelems=3, elem type=java.lang.Object[]@50000108)
	[0]		50001253
	[1]		5000129d
	[2]		500017a9
ARR 500016ff (sz=32, trace=300000, nelems=3, elem type=java.lang.Object[]@50000108)
	[0]		50001254
	[1]		5000142e
	[2]		500017a8
ARR 50001700 (sz=24, trace=300000, nelems=2, elem type=java.lang.Object[]@50000108)
	[0]		500014e2
	[1]		5000142f
ARR 50001701 (sz=24, trace=300000, nelems=2, elem type=java.lang.Object[]@50000108)
	[0]		500012b3
	[1]		50001439
ARR 50001702 (sz=24, trace=300000, nelems=2, elem type=java.lang.Object[]@50000108)
	[0]		500011ce
	[1]		50001293
ARR 50001703 (sz=24, trace=300000, nelems=2, elem type=java.lang.Object[]@50000108)
	[0]		500014e1
	[1]		50001438
ARR 50001704 (sz=24, trace=300000, nelems=2, elem type=java.lang.Object[]@50000108)
	[0]		5000128a
	[1]		50001438
ARR 50001705 (sz=24, trace=300000, nelems=2, elem type=java.lang.Object[]@50000108)
	[0]		500014be
	[1]		50001431
ARR 50001706 (sz=24, trace=300000, nelems=2, elem type=java.lang.Object[]@50000108)
	[0]		50001294
	[1]		50001437
ARR 50001707 (sz=24, trace=300000, nelems=2, elem type=java.lang.Object[]@50000108)
	[0]		50001255
	[1]		5000129e
ARR 50001708 (sz=24, trace=300000, nelems=2, elem type=java.lang.Object[]@50000108)
	[0]		50001256
	[1]		5000129f
ARR 50001709 (sz=24, trace=300000, nelems=2, elem type=java.lang.Object[]@50000108)
	[0]		500014c5
	[1]		5000142f
ARR 5000170a (sz=24, trace=300000, nelems=2, elem type=java.lang.Object[]@50000108)
	[0]		500014a8
	[1]		5000143b
ARR 5000170b (sz=24, trace=300000, nelems=2, elem type=java.lang.Object[]@50000108)
	[0]		50001277
	[1]		50001437
ARR 5000170c (sz=24, trace=300000, nelems=2, elem type=java.lang.Object[]@50000108)
	[0]		500014bd
	[1]		5000142f
ARR 5000170d (sz=24, trace=300000, nelems=2, elem type=java.lang.Object[]@50000108)
	[0]		50001257
	[1]		50001452
ARR 5000170e (sz=24, trace=300000, nelems=2, elem type=java.lang.Object[]@50000108)
	[0]		500012a4
	[1]		5000142f
ARR 5000170f (sz=24, trace=300000, nelems=2, elem type=java.lang.Object[]@50000108)
	[0]		500012a5
	[1]		50001432
ARR 50001710 (sz=24, trace=300000, nelems=2, elem type=java.lang.Object[]@50000108)
	[0]		500011cc
	[1]		5000128b
ARR 50001711 (sz=24, trace=300000, nelems=2, elem type=java.lang.Object[]@50000108)
	[0]		50001431
	[1]		50001431
ARR 50001712 (sz=24, trace=300000, nelems=2, elem type=java.lang.Object[]@50000108)
	[0]		500014e4
	[1]		50001431
ARR 50001713 (sz=24, trace=300000, nelems=2, elem type=java.lang.Object[]@50000108)
	[0]		500012ba
	[1]		5000142f
ARR 50001714 (sz=24, trace=300000, nelems=2, elem type=java.lang.Object[]@50000108)
	[0]		500012bb
	[1]		50001432
ARR 50001715 (sz=24, trace=300000, nelems=2, elem type=java.lang.Object[]@50000108)
	[0]		500012bc
	[1]		50001433
ARR 50001716 (sz=24, trace=300000, nelems=2, elem type=java.lang.Object[]@50000108)
	[0]		500012bd
	[1]		50001438
ARR 50001717 (sz=24, trace=300000, nelems=2, elem type=java.lang.Object[]@50000108)
	[0]		500012a6
	[1]		50001433
ARR 50001718 (sz=24, trace=300000, nelems=2, elem type=java.lang.Object[]@50000108)
	[0]		500014e5
	[1]		50001431
ARR 50001719 (sz=24, trace=300000, nelems=2, elem type=java.lang.Object[]@50000108)
	[0]		500014a9
	[1]		5000143b
ARR 5000171a (sz=24, trace=300000, nelems=2, elem type=java.lang.Object[]@50000108)
	[0]		500014eb
	[1]		50001454
ARR 5000171b (sz=24, trace=300000, nelems=2, elem type=java.lang.Object[]@50000108)
	[0]		50001248
	[1]		50001293
ARR 5000171c (sz=24, trace=300000, nelems=2, elem type=java.lang.Object[]@50000108)
	[0]		500012a7
	[1]		50001437
ARR 5000171d (sz=24, trace=300000, nelems=2, elem type=java.lang.Object[]@50000108)
	[0]		5000129a
	[1]		5000129a
OBJ 5000171e (sz=56, trace=300687, class=java.util.zip.ZipFile$ZipFileInputStream@5000055e)
ARR 5000171f (sz=24, trace=300000, nelems=2, elem type=java.lang.Object[]@50000108)
	[0]		5000129b
	[1]		5000129b
ARR 50001720 (sz=24, trace=300000, nelems=2, elem type=java.lang.Object[]@50000108)
	[0]		5000129c
	[1]		5000129c
ARR 50001721 (sz=24, trace=300000, nelems=2, elem type=java.lang.Object[]@50000108)
	[0]		5000129d
	[1]		5000129d
ARR 50001722 (sz=24, trace=300000, nelems=2, elem type=java.lang.Object[]@50000108)
	[0]		5000128c
	[1]		50001451
ARR 50001723 (sz=24, trace=300000, nelems=2, elem type=java.lang.Object[]@50000108)
	[0]		500014f6
	[1]		5000143e
ARR 50001724 (sz=24, trace=300000, nelems=2, elem type=java.lang.Object[]@50000108)
	[0]		5000127b
	[1]		5000129a
ARR 50001725 (sz=24, trace=300000, nelems=2, elem type=java.lang.Object[]@50000108)
	[0]		5000127c
	[1]		5000129b
ARR 50001726 (sz=24, trace=300000, nelems=2, elem type=java.lang.Object[]@50000108)
	[0]		5000127d
	[1]		5000129c
ARR 50001727 (sz=24, trace=300000, nelems=2, elem type=java.lang.Object[]@50000108)
	[0]		5000129e
	[1]		5000129e
OBJ 50001728 (sz=56, trace=300687, class=java.util.zip.ZipFile$ZipFileInputStream@5000055e)
	this$0		500004ee
OBJ 50001729 (sz=40, trace=300106, class=java.lang.ref.Finalizer@5000014d)
	referent	50001728
	queue		500003c8
	next		500016cc
	prev		5000178e
ARR 5000172a (sz=24, trace=300000, nelems=2, elem type=java.lang.Object[]@50000108)
	[0]		50001280
	[1]		5000129d
ARR 5000172b (sz=24, trace=300000, nelems=2, elem type=java.lang.Object[]@50000108)
	[0]		50001275
	[1]		50001451
ARR 5000172c (sz=24, trace=300000, nelems=2, elem type=java.lang.Object[]@50000108)
	[0]		5000129f
	[1]		5000129f
OBJ 5000172f (sz=16, trace=300157, class=java.lang.Object@50000172)
OBJ 50001730 (sz=32, trace=300159, class=java.util.concurrent.ConcurrentHashMap$Node@50000024)
	key		50000c71
	val		5000172f
OBJ 50001731 (sz=16, trace=300160, class=java.lang.Object@50000172)
OBJ 50001732 (sz=32, trace=300159, class=java.util.concurrent.ConcurrentHashMap$Node@50000024)
	key		50000c71
	val		50001731
OBJ 50001734 (sz=16, trace=300157, class=java.lang.Object@50000172)
ARR 50001735 (sz=24, trace=300000, nelems=2, elem type=java.lang.Object[]@50000108)
	[0]		500014e8
	[1]		5000143d
OBJ 50001736 (sz=16, trace=300160, class=java.lang.Object@50000172)
ARR 50001737 (sz=24, trace=300000, nelems=2, elem type=java.lang.Object[]@50000108)
	[0]		5000123f
	[1]		5000128b
OBJ 50001739 (sz=16, trace=300157, class=java.lang.Object@50000172)
OBJ 5000173a (sz=32, trace=300683, class=java.util.concurrent.ConcurrentHashMap$Node@50000024)
	key		50000cd7
	val		50001739
OBJ 5000173b (sz=16, trace=300160, class=java.lang.Object@50000172)
OBJ 5000173c (sz=32, trace=300683, class=java.util.concurrent.ConcurrentHashMap$Node@50000024)
	key		50000cd7
	val		5000173b
ARR 5000173d (sz=24, trace=300000, nelems=2, elem type=java.lang.Object[]@50000108)
	[0]		500012c2
	[1]		5000143c
ARR 5000173e (sz=24, trace=300000, nelems=2, elem type=java.lang.Object[]@50000108)
	[0]		500012a8
	[1]		50001434
ARR 5000173f (sz=24, trace=300000, nelems=2, elem type=java.lang.Object[]@50000108)
	[0]		500012a9
	[1]		50001438
ARR 50001740 (sz=24, trace=300000, nelems=2, elem type=java.lang.Object[]@50000108)
	[0]		50001281
	[1]		5000129e
ARR 50001741 (sz=24, trace=300000, nelems=2, elem type=java.lang.Object[]@50000108)
	[0]		50001282
	[1]		5000129f
ARR 50001742 (sz=24, trace=300000, nelems=2, elem type=java.lang.Object[]@50000108)
	[0]		500012c6
	[1]		50001452
ARR 50001743 (sz=24, trace=300000, nelems=2, elem type=java.lang.Object[]@50000108)
	[0]		50001500
	[1]		50001441
OBJ 50001745 (sz=16, trace=300157, class=java.lang.Object@50000172)
OBJ 50001746 (sz=32, trace=300683, class=java.util.concurrent.ConcurrentHashMap$Node@50000024)
	key		50000d43
	val		50001745
OBJ 50001747 (sz=16, trace=300160, class=java.lang.Object@50000172)
OBJ 50001748 (sz=32, trace=300683, class=java.util.concurrent.ConcurrentHashMap$Node@50000024)
	key		50000d43
	val		50001747
ARR 50001749 (sz=24, trace=300000, nelems=2, elem type=java.lang.Object[]@50000108)
	[0]		500012c5
	[1]		50001452
ARR 5000174a (sz=24, trace=300000, nelems=2, elem type=java.lang.Object[]@50000108)
	[0]		500014d9
	[1]		50001433
ARR 5000174b (sz=24, trace=300000, nelems=2, elem type=java.lang.Object[]@50000108)
	[0]		500011a5
	[1]		5000143b
ARR 5000174c (sz=24, trace=300000, nelems=2, elem type=java.lang.Object[]@50000108)
	[0]		500014f2
	[1]		5000143f
ARR 5000174d (sz=24, trace=300000, nelems=2, elem type=java.lang.Object[]@50000108)
	[0]		500014e6
	[1]		5000142e
ARR 5000174e (sz=24, trace=300000, nelems=2, elem type=java.lang.Object[]@50000108)
	[0]		500014bc
	[1]		50001437
ARR 5000174f (sz=24, trace=300000, nelems=2, elem type=java.lang.Object[]@50000108)
	[0]		500014b9
	[1]		50001437
ARR 50001750 (sz=24, trace=300000, nelems=2, elem type=java.lang.Object[]@50000108)
	[0]		500014ae
	[1]		5000129d
ARR 50001751 (sz=24, trace=300000, nelems=2, elem type=java.lang.Object[]@50000108)
	[0]		50001293
	[1]		50001293
ARR 50001752 (sz=24, trace=300000, nelems=2, elem type=java.lang.Object[]@50000108)
	[0]		50001239
	[1]		50001443
ARR 50001753 (sz=24, trace=300000, nelems=2, elem type=java.lang.Object[]@50000108)
	[0]		5000123a
	[1]		5000144c
ARR 50001754 (sz=24, trace=300000, nelems=2, elem type=java.lang.Object[]@50000108)
	[0]		5000123b
	[1]		5000144d
ARR 50001755 (sz=24, trace=300000, nelems=2, elem type=java.lang.Object[]@50000108)
	[0]		5000123c
	[1]		5000144e
ARR 50001756 (sz=24, trace=300000, nelems=2, elem type=java.lang.Object[]@50000108)
	[0]		5000123d
	[1]		5000144f
ARR 50001757 (sz=32, trace=300000, nelems=3, elem type=java.lang.Object[]@50000108)
	[0]		500014af
	[1]		5000129e
	[2]		500017a7
ARR 50001758 (sz=32, trace=300000, nelems=3, elem type=java.lang.Object[]@50000108)
	[0]		500014b0
	[1]		5000129f
	[2]		500017a6
ARR 50001759 (sz=24, trace=300000, nelems=2, elem type=java.lang.Object[]@50000108)
	[0]		500012ac
	[1]		50001430
ARR 5000175a (sz=32, trace=300000, nelems=3, elem type=java.lang.Object[]@50000108)
	[0]		500014d0
	[1]		50001431
	[2]		500017a5
ARR 5000175b (sz=24, trace=300000, nelems=2, elem type=java.lang.Object[]@50000108)
	[0]		500014f9
	[1]		50001454
ARR 5000175c (sz=24, trace=300000, nelems=2, elem type=java.lang.Object[]@50000108)
	[0]		50001276
	[1]		50001293
ARR 5000175d (sz=24, trace=300000, nelems=2, elem type=java.lang.Object[]@50000108)
	[0]		50001238
	[1]		5000142e
ARR 5000175e (sz=24, trace=300000, nelems=2, elem type=java.lang.Object[]@50000108)
	[0]		500011de
	[1]		50001430
ARR 5000175f (sz=24, trace=300000, nelems=2, elem type=java.lang.Object[]@50000108)
	[0]		500011a1
	[1]		5000143b
ARR 50001760 (sz=24, trace=300000, nelems=2, elem type=java.lang.Object[]@50000108)
	[0]		500011df
	[1]		50001431
ARR 50001761 (sz=24, trace=300000, nelems=2, elem type=java.lang.Object[]@50000108)
	[0]		5000128b
	[1]		5000128b
ARR 50001762 (sz=24, trace=300000, nelems=2, elem type=java.lang.Object[]@50000108)
	[0]		500011a3
	[1]		5000143b
ARR 50001763 (sz=24, trace=300000, nelems=2, elem type=java.lang.Object[]@50000108)
	[0]		500014c7
	[1]		5000143d
ARR 50001764 (sz=24, trace=300000, nelems=2, elem type=java.lang.Object[]@50000108)
	[0]		50001274
	[1]		5000128b
ARR 50001765 (sz=24, trace=300000, nelems=2, elem type=java.lang.Object[]@50000108)
	[0]		500014ca
	[1]		50001430
ARR 50001766 (sz=24, trace=300000, nelems=2, elem type=java.lang.Object[]@50000108)
	[0]		500014cb
	[1]		50001431
ARR 50001767 (sz=24, trace=300000, nelems=2, elem type=java.lang.Object[]@50000108)
	[0]		500014db
	[1]		50001434
ARR 50001768 (sz=24, trace=300000, nelems=2, elem type=java.lang.Object[]@50000108)
	[0]		500012c0
	[1]		5000143c
ARR 50001769 (sz=24, trace=300000, nelems=2, elem type=java.lang.Object[]@50000108)
	[0]		50001272
	[1]		50001437
ARR 5000176a (sz=24, trace=300000, nelems=2, elem type=java.lang.Object[]@50000108)
	[0]		500011ab
	[1]		5000143b
ARR 5000176b (sz=24, trace=300000, nelems=2, elem type=java.lang.Object[]@50000108)
	[0]		500014c9
	[1]		5000142f
ARR 5000176c (sz=24, trace=300000, nelems=2, elem type=java.lang.Object[]@50000108)
	[0]		500014cc
	[1]		50001432
ARR 5000176d (sz=24, trace=300000, nelems=2, elem type=java.lang.Object[]@50000108)
	[0]		5000126c
	[1]		50001439
ARR 5000176e (sz=24, trace=300000, nelems=2, elem type=java.lang.Object[]@50000108)
	[0]		500012aa
	[1]		50001433
ARR 5000176f (sz=24, trace=300000, nelems=2, elem type=java.lang.Object[]@50000108)
	[0]		500014cd
	[1]		50001434
ARR 50001770 (sz=24, trace=300000, nelems=2, elem type=java.lang.Object[]@50000108)
	[0]		500012ab
	[1]		50001437
ARR 50001771 (sz=24, trace=300000, nelems=2, elem type=java.lang.Object[]@50000108)
	[0]		500014ce
	[1]		50001438
OBJ 50001772 (sz=56, trace=300687, class=java.util.zip.ZipFile$ZipFileInputStream@5000055e)
ARR 50001773 (sz=24, trace=300000, nelems=2, elem type=java.lang.Object[]@50000108)
	[0]		50001237
	[1]		5000142e
ARR 50001774 (sz=24, trace=300000, nelems=2, elem type=java.lang.Object[]@50000108)
	[0]		5000126e
	[1]		5000129e
ARR 50001775 (sz=24, trace=300000, nelems=2, elem type=java.lang.Object[]@50000108)
	[0]		500014bf
	[1]		5000143b
ARR 50001776 (sz=24, trace=300000, nelems=2, elem type=java.lang.Object[]@50000108)
	[0]		500014d3
	[1]		5000142f
ARR 50001777 (sz=32, trace=300000, nelems=3, elem type=java.lang.Object[]@50000108)
	[0]		500014d6
	[1]		50001432
	[2]		500017a4
ARR 50001778 (sz=24, trace=300000, nelems=2, elem type=java.lang.Object[]@50000108)
	[0]		500012bf
	[1]		50001437
ARR 50001779 (sz=24, trace=300000, nelems=2, elem type=java.lang.Object[]@50000108)
	[0]		500014d8
	[1]		50001433
ARR 5000177a (sz=24, trace=300000, nelems=2, elem type=java.lang.Object[]@50000108)
	[0]		500014da
	[1]		50001434
ARR 5000177b (sz=32, trace=300000, nelems=3, elem type=java.lang.Object[]@50000108)
	[0]		500014ba
	[1]		5000129b
	[2]		500017a3
ARR 5000177c (sz=24, trace=300000, nelems=2, elem type=java.lang.Object[]@50000108)
	[0]		500014de
	[1]		50001438
ARR 5000177d (sz=24, trace=300000, nelems=2, elem type=java.lang.Object[]@50000108)
	[0]		50001270
	[1]		5000129c
OBJ 5000177f (sz=16, trace=300157, class=java.lang.Object@50000172)
OBJ 50001780 (sz=32, trace=300683, class=java.util.concurrent.ConcurrentHashMap$Node@50000024)
	key		50000d0d
	val		5000177f
OBJ 50001781 (sz=16, trace=300160, class=java.lang.Object@50000172)
OBJ 50001782 (sz=32, trace=300683, class=java.util.concurrent.ConcurrentHashMap$Node@50000024)
	key		50000d0d
	val		50001781
OBJ 50001783 (sz=16, trace=300157, class=java.lang.Object@50000172)
OBJ 50001784 (sz=32, trace=300159, class=java.util.concurrent.ConcurrentHashMap$Node@50000024)
	key		50000c3d
	val		50001783
OBJ 50001785 (sz=16, trace=300160, class=java.lang.Object@50000172)
OBJ 50001786 (sz=32, trace=300159, class=java.util.concurrent.ConcurrentHashMap$Node@50000024)
	key		50000c3d
	val		50001785
OBJ 50001787 (sz=16, trace=300157, class=java.lang.Object@50000172)
OBJ 50001788 (sz=32, trace=300159, class=java.util.concurrent.ConcurrentHashMap$Node@50000024)
	key		50000b61
	val		50001787
OBJ 50001789 (sz=16, trace=300160, class=java.lang.Object@50000172)
OBJ 5000178a (sz=32, trace=300159, class=java.util.concurrent.ConcurrentHashMap$Node@50000024)
	key		50000b61
	val		50001789
ARR 5000178b (sz=24, trace=300000, nelems=2, elem type=java.lang.Object[]@50000108)
	[0]		500012c3
	[1]		5000128b
ARR 5000178c (sz=24, trace=300000, nelems=2, elem type=java.lang.Object[]@50000108)
	[0]		500014aa
	[1]		5000143b
OBJ 5000178d (sz=56, trace=300687, class=java.util.zip.ZipFile$ZipFileInputStream@5000055e)
	this$0		500004ee
OBJ 5000178e (sz=40, trace=300106, class=java.lang.ref.Finalizer@5000014d)
	referent	5000178d
	queue		500003c8
	next		50001729
	prev		500017d8
ARR 5000178f (sz=24, trace=300000, nelems=2, elem type=java.lang.Object[]@50000108)
	[0]		500014ad
	[1]		5000142d
ARR 50001790 (sz=24, trace=300000, nelems=2, elem type=java.lang.Object[]@50000108)
	[0]		500014f3
	[1]		50001442
ARR 50001791 (sz=24, trace=300000, nelems=2, elem type=java.lang.Object[]@50000108)
	[0]		500011a9
	[1]		5000143b
ARR 50001792 (sz=24, trace=300000, nelems=2, elem type=java.lang.Object[]@50000108)
	[0]		50001240
	[1]		50001443
ARR 50001793 (sz=24, trace=300000, nelems=2, elem type=java.lang.Object[]@50000108)
	[0]		50001242
	[1]		5000144c
ARR 50001794 (sz=24, trace=300000, nelems=2, elem type=java.lang.Object[]@50000108)
	[0]		50001243
	[1]		5000144d
ARR 50001795 (sz=24, trace=300000, nelems=2, elem type=java.lang.Object[]@50000108)
	[0]		50001244
	[1]		5000144e
ARR 50001796 (sz=24, trace=300000, nelems=2, elem type=java.lang.Object[]@50000108)
	[0]		500014d2
	[1]		5000143b
ARR 50001797 (sz=24, trace=300000, nelems=2, elem type=java.lang.Object[]@50000108)
	[0]		50001245
	[1]		5000144f
ARR 50001798 (sz=24, trace=300000, nelems=2, elem type=java.lang.Object[]@50000108)
	[0]		50001246
	[1]		50001450
OBJ 5000179a (sz=16, trace=300157, class=java.lang.Object@50000172)
OBJ 5000179b (sz=32, trace=300159, class=java.util.concurrent.ConcurrentHashMap$Node@50000024)
	key		50000c64
	val		5000179a
OBJ 5000179c (sz=16, trace=300160, class=java.lang.Object@50000172)
OBJ 5000179d (sz=32, trace=300159, class=java.util.concurrent.ConcurrentHashMap$Node@50000024)
	key		50000c64
	val		5000179c
ARR 5000179e (sz=24, trace=300000, nelems=2, elem type=java.lang.Object[]@50000108)
	[0]		500014fb
	[1]		50001441
ARR 5000179f (sz=24, trace=300000, nelems=2, elem type=java.lang.Object[]@50000108)
	[0]		500014f4
	[1]		5000143c
ARR 500017a0 (sz=24, trace=300000, nelems=2, elem type=java.lang.Object[]@50000108)
	[0]		5000126d
	[1]		5000129a
ARR 500017a1 (sz=24, trace=300000, nelems=2, elem type=java.lang.Object[]@50000108)
	[0]		500014f1
	[1]		50001457
ARR 500017a2 (sz=24, trace=300000, nelems=2, elem type=java.lang.Object[]@50000108)
	[0]		500014f7
	[1]		5000143f
ARR 500017a3 (sz=24, trace=300000, nelems=2, elem type=java.lang.Object[]@50000108)
	[0]		500014dc
	[1]		50001437
ARR 500017a4 (sz=24, trace=300000, nelems=2, elem type=java.lang.Object[]@50000108)
	[0]		500014fd
	[1]		5000143d
ARR 500017a5 (sz=24, trace=300000, nelems=2, elem type=java.lang.Object[]@50000108)
	[0]		500014f8
	[1]		50001440
ARR 500017a6 (sz=24, trace=300000, nelems=2, elem type=java.lang.Object[]@50000108)
	[0]		500014ab
	[1]		5000142d
ARR 500017a7 (sz=24, trace=300000, nelems=2, elem type=java.lang.Object[]@50000108)
	[0]		5000123e
	[1]		50001450
ARR 500017a8 (sz=24, trace=300000, nelems=2, elem type=java.lang.Object[]@50000108)
	[0]		50001247
	[1]		50001451
ARR 500017a9 (sz=24, trace=300000, nelems=2, elem type=java.lang.Object[]@50000108)
	[0]		500014e3
	[1]		50001431
ARR 500017aa (sz=24, trace=300000, nelems=2, elem type=java.lang.Object[]@50000108)
	[0]		500012b8
	[1]		50001433
ARR 500017ab (sz=32, trace=300000, nelems=3, elem type=java.lang.Object[]@50000108)
	[0]		500014c6
	[1]		50001431
	[2]		500017ac
ARR 500017ac (sz=24, trace=300000, nelems=2, elem type=java.lang.Object[]@50000108)
	[0]		500012b7
	[1]		50001432
ARR 500017ad (sz=24, trace=300000, nelems=2, elem type=java.lang.Object[]@50000108)
	[0]		50001287
	[1]		50001433
ARR 500017ae (sz=24, trace=300000, nelems=2, elem type=java.lang.Object[]@50000108)
	[0]		500011a8
	[1]		5000143b
ARR 500017af (sz=24, trace=300000, nelems=2, elem type=java.lang.Object[]@50000108)
	[0]		500011cd
	[1]		50001451
ARR 500017b0 (sz=24, trace=300000, nelems=2, elem type=java.lang.Object[]@50000108)
	[0]		5000119c
	[1]		5000143b
ARR 500017b1 (sz=24, trace=300000, nelems=2, elem type=java.lang.Object[]@50000108)
	[0]		5000124a
	[1]		5000142f
ARR 500017b2 (sz=24, trace=300000, nelems=2, elem type=java.lang.Object[]@50000108)
	[0]		50001232
	[1]		5000144c
ARR 500017b3 (sz=24, trace=300000, nelems=2, elem type=java.lang.Object[]@50000108)
	[0]		500011e2
	[1]		50001434
ARR 500017b4 (sz=24, trace=300000, nelems=2, elem type=java.lang.Object[]@50000108)
	[0]		500011dd
	[1]		5000142f
ARR 500017b5 (sz=144, trace=300000, nelems=32, elem type=java.lang.Object[]@50000108)
	[0]		500017b6
	[2]		500017b7
	[3]		500017b8
	[4]		500017b9
	[5]		500017ba
	[6]		500017bb
	[7]		500017bc
	[8]		500017bd
	[9]		500017be
	[10]		500017bf
	[11]		500017c1
	[12]		500017c2
	[14]		500017c3
	[15]		500017c4
	[16]		500017c5
	[17]		500017c6
	[18]		500017c7
	[19]		500017c8
	[22]		500017c9
	[23]		500017ca
	[24]		500017cb
	[28]		500017cc
	[29]		500017ce
	[31]		500017d0
ARR 500017b6 (sz=24, trace=300000, nelems=1, elem type=java.lang.Object[]@50000108)
	[0]		5000129e
ARR 500017b7 (sz=32, trace=300000, nelems=3, elem type=java.lang.Object[]@50000108)
	[0]		5000129f
	[2]		5000182e
ARR 500017b8 (sz=32, trace=300000, nelems=3, elem type=java.lang.Object[]@50000108)
	[0]		5000144c
	[2]		5000182d
ARR 500017b9 (sz=32, trace=300000, nelems=3, elem type=java.lang.Object[]@50000108)
	[0]		5000144e
	[2]		5000180e
ARR 500017ba (sz=32, trace=300000, nelems=3, elem type=java.lang.Object[]@50000108)
	[0]		5000144f
	[2]		5000180c
ARR 500017bb (sz=24, trace=300000, nelems=1, elem type=java.lang.Object[]@50000108)
	[0]		50001450
ARR 500017bc (sz=24, trace=300000, nelems=2, elem type=java.lang.Object[]@50000108)
	[0]		5000143d
	[1]		500004c8
ARR 500017bd (sz=32, trace=300000, nelems=3, elem type=java.lang.Object[]@50000108)
	[0]		50001432
	[2]		50001809
ARR 500017be (sz=32, trace=300000, nelems=3, elem type=java.lang.Object[]@50000108)
	[0]		50001433
	[2]		500017da
ARR 500017bf (sz=24, trace=300000, nelems=1, elem type=java.lang.Object[]@50000108)
	[0]		50001434
OBJ 500017c0 (sz=56, trace=300687, class=java.util.zip.ZipFile$ZipFileInputStream@5000055e)
ARR 500017c1 (sz=32, trace=300000, nelems=3, elem type=java.lang.Object[]@50000108)
	[0]		50001452
	[2]		500017d9
ARR 500017c2 (sz=24, trace=300000, nelems=1, elem type=java.lang.Object[]@50000108)
	[0]		50001438
ARR 500017c3 (sz=24, trace=300000, nelems=1, elem type=java.lang.Object[]@50000108)
	[0]		50001451
ARR 500017c4 (sz=24, trace=300000, nelems=1, elem type=java.lang.Object[]@50000108)
	[0]		5000129a
ARR 500017c5 (sz=32, trace=300000, nelems=3, elem type=java.lang.Object[]@50000108)
	[0]		5000129b
	[2]		500017d6
ARR 500017c6 (sz=32, trace=300000, nelems=3, elem type=java.lang.Object[]@50000108)
	[0]		50001430
	[2]		500017d5
ARR 500017c7 (sz=32, trace=300000, nelems=3, elem type=java.lang.Object[]@50000108)
	[0]		5000129c
	[2]		500017d3
ARR 500017c8 (sz=32, trace=300000, nelems=3, elem type=java.lang.Object[]@50000108)
	[0]		5000142e
	[2]		500017d1
ARR 500017c9 (sz=24, trace=300000, nelems=1, elem type=java.lang.Object[]@50000108)
	[0]		50001453
ARR 500017ca (sz=24, trace=300000, nelems=1, elem type=java.lang.Object[]@50000108)
	[0]		5000142d
ARR 500017cb (sz=24, trace=300000, nelems=1, elem type=java.lang.Object[]@50000108)
	[0]		50001454
ARR 500017cc (sz=24, trace=300000, nelems=1, elem type=java.lang.Object[]@50000108)
	[0]		50001439
OBJ 500017cd (sz=16, trace=300157, class=java.lang.Object@50000172)
ARR 500017ce (sz=24, trace=300000, nelems=1, elem type=java.lang.Object[]@50000108)
	[0]		5000143a
OBJ 500017cf (sz=16, trace=300160, class=java.lang.Object@50000172)
ARR 500017d0 (sz=24, trace=300000, nelems=1, elem type=java.lang.Object[]@50000108)
	[0]		50001441
ARR 500017d1 (sz=32, trace=300000, nelems=3, elem type=java.lang.Object[]@50000108)
	[0]		5000129d
	[2]		500017d2
ARR 500017d2 (sz=24, trace=300000, nelems=1, elem type=java.lang.Object[]@50000108)
	[0]		50001457
ARR 500017d3 (sz=32, trace=300000, nelems=3, elem type=java.lang.Object[]@50000108)
	[0]		5000128b
	[2]		500017d4
ARR 500017d4 (sz=24, trace=300000, nelems=1, elem type=java.lang.Object[]@50000108)
	[0]		50001431
ARR 500017d5 (sz=24, trace=300000, nelems=2, elem type=java.lang.Object[]@50000108)
	[0]		5000143b
	[1]		500004a0
ARR 500017d6 (sz=24, trace=300000, nelems=1, elem type=java.lang.Object[]@50000108)
	[0]		50001293
OBJ 500017d7 (sz=56, trace=300687, class=java.util.zip.ZipFile$ZipFileInputStream@5000055e)
	this$0		500004ee
OBJ 500017d8 (sz=40, trace=300106, class=java.lang.ref.Finalizer@5000014d)
	referent	500017d7
	queue		500003c8
	next		5000178e
	prev		5000183d
ARR 500017d9 (sz=24, trace=300000, nelems=1, elem type=java.lang.Object[]@50000108)
	[0]		50001437
ARR 500017da (sz=24, trace=300000, nelems=2, elem type=java.lang.Object[]@50000108)
	[0]		50001442
	[1]		50000228
ARR 500017db (sz=10, trace=300000, nelems=5, elem type=char[])
OBJ 500017dc (sz=24, trace=300000, class=java.lang.String@5000016e)
	value		500017e3
OBJ 500017dd (sz=24, trace=300000, class=java.lang.String@5000016e)
	value		500017e2
OBJ 500017de (sz=24, trace=300000, class=java.lang.String@5000016e)
	value		500017e1
OBJ 500017df (sz=24, trace=300000, class=java.lang.String@5000016e)
	value		500017ef
ARR 500017e0 (sz=32, trace=300000, nelems=4, elem type=java.lang.String[]@500000c8)
	[0]		500017df
	[1]		500017dc
	[2]		500017dd
	[3]		500017de
ARR 500017e1 (sz=14, trace=300000, nelems=7, elem type=char[])
ARR 500017e2 (sz=20, trace=300000, nelems=10, elem type=char[])
ARR 500017e3 (sz=12, trace=300000, nelems=6, elem type=char[])
OBJ 500017e5 (sz=16, trace=300157, class=java.lang.Object@50000172)
OBJ 500017e6 (sz=32, trace=300159, class=java.util.concurrent.ConcurrentHashMap$Node@50000024)
	key		50000c41
	val		500017e5
OBJ 500017e7 (sz=16, trace=300160, class=java.lang.Object@50000172)
OBJ 500017e8 (sz=32, trace=300159, class=java.util.concurrent.ConcurrentHashMap$Node@50000024)
	key		50000c41
	val		500017e7
OBJ 500017eb (sz=16, trace=300157, class=java.lang.Object@50000172)
OBJ 500017ec (sz=32, trace=300159, class=java.util.concurrent.ConcurrentHashMap$Node@50000024)
	key		50000c99
	val		500017eb
OBJ 500017ed (sz=16, trace=300160, class=java.lang.Object@50000172)
OBJ 500017ee (sz=32, trace=300159, class=java.util.concurrent.ConcurrentHashMap$Node@50000024)
	key		50000c99
	val		500017ed
ARR 500017ef (sz=10, trace=300000, nelems=5, elem type=char[])
OBJ 500017f0 (sz=24, trace=300000, class=java.lang.String@5000016e)
	value		500017f5
OBJ 500017f1 (sz=24, trace=300000, class=java.lang.String@5000016e)
	value		500017f6
OBJ 500017f2 (sz=24, trace=300000, class=java.lang.String@5000016e)
	value		500017f7
OBJ 500017f3 (sz=16, trace=300000, class=java.nio.charset.CodingErrorAction@50000077)
	name		500017f1
OBJ 500017f4 (sz=16, trace=300000, class=java.nio.charset.CodingErrorAction@50000077)
	name		500017f0
ARR 500017f5 (sz=12, trace=300000, nelems=6, elem type=char[])
ARR 500017f6 (sz=14, trace=300000, nelems=7, elem type=char[])
ARR 500017f7 (sz=12, trace=300000, nelems=6, elem type=char[])
OBJ 500017f8 (sz=24, trace=300000, class=java.lang.String@5000016e)
	value		50001802
OBJ 500017f9 (sz=24, trace=300000, class=java.lang.String@5000016e)
	value		50001803
OBJ 500017fa (sz=24, trace=300000, class=java.lang.String@5000016e)
	value		50001800
OBJ 500017fb (sz=16, trace=300000, class=java.nio.charset.CoderResult$2@50000031)
OBJ 500017fc (sz=16, trace=300000, class=java.nio.charset.CoderResult$1@50000032)
OBJ 500017fd (sz=24, trace=300000, class=java.nio.charset.CoderResult@50000034)
OBJ 500017fe (sz=24, trace=300000, class=java.nio.charset.CoderResult@50000034)
ARR 500017ff (sz=32, trace=300000, nelems=4, elem type=java.lang.String[]@500000c8)
	[0]		500017f9
	[1]		500017f8
	[2]		500005e4
	[3]		500017fa
ARR 50001800 (sz=20, trace=300000, nelems=10, elem type=char[])
ARR 50001801 (sz=18, trace=300000, nelems=9, elem type=char[])
ARR 50001802 (sz=16, trace=300000, nelems=8, elem type=char[])
ARR 50001803 (sz=18, trace=300000, nelems=9, elem type=char[])
ARR 50001804 (sz=6, trace=300000, nelems=3, elem type=char[])
OBJ 50001805 (sz=24, trace=300000, class=java.lang.String@5000016e)
	value		50001808
OBJ 50001806 (sz=56, trace=300687, class=java.util.zip.ZipFile$ZipFileInputStream@5000055e)
ARR 50001807 (sz=32, trace=300000, nelems=4, elem type=java.lang.String[]@500000c8)
	[0]		500017df
	[1]		500017dc
	[2]		500017dd
	[3]		500017de
ARR 50001808 (sz=2, trace=300000, nelems=1, elem type=char[])
ARR 50001809 (sz=24, trace=300000, nelems=2, elem type=java.lang.Object[]@50000108)
	[0]		5000142f
	[1]		500004b2
ARR 5000180a (sz=20, trace=300000, nelems=10, elem type=char[])
ARR 5000180b (sz=16, trace=300000, nelems=8, elem type=char[])
ARR 5000180c (sz=24, trace=300000, nelems=2, elem type=java.lang.Object[]@50000108)
	[0]		5000143c
	[1]		500004ec
ARR 5000180d (sz=12, trace=300000, nelems=6, elem type=char[])
ARR 5000180e (sz=32, trace=300000, nelems=3, elem type=java.lang.Object[]@50000108)
	[0]		5000144d
	[1]		50001654
	[2]		5000180f
ARR 5000180f (sz=24, trace=300000, nelems=1, elem type=java.lang.Object[]@50000108)
	[0]		50001440
OBJ 50001810 (sz=24, trace=300000, class=java.lang.String@5000016e)
	value		5000182c
OBJ 50001811 (sz=24, trace=300000, class=java.lang.String@5000016e)
	value		5000182b
ARR 50001812 (sz=512, trace=300000, nelems=256, elem type=char[])
OBJ 50001815 (sz=16, trace=300157, class=java.lang.Object@50000172)
OBJ 50001816 (sz=32, trace=300159, class=java.util.concurrent.ConcurrentHashMap$Node@50000024)
	key		50000afd
	val		50001815
	next		50000186
OBJ 50001817 (sz=16, trace=300160, class=java.lang.Object@50000172)
OBJ 50001818 (sz=32, trace=300159, class=java.util.concurrent.ConcurrentHashMap$Node@50000024)
	key		50000afd
	val		50001817
	next		50000189
OBJ 50001819 (sz=16, trace=300157, class=java.lang.Object@50000172)
ARR 5000181a (sz=3072, trace=300000, nelems=1536, elem type=char[])
OBJ 5000181b (sz=16, trace=300160, class=java.lang.Object@50000172)
ARR 5000181c (sz=512, trace=300000, nelems=256, elem type=char[])
OBJ 5000181d (sz=16, trace=300157, class=java.lang.Object@50000172)
OBJ 5000181e (sz=32, trace=300159, class=java.util.concurrent.ConcurrentHashMap$Node@50000024)
	key		50000c6b
	val		5000181d
OBJ 5000181f (sz=16, trace=300160, class=java.lang.Object@50000172)
OBJ 50001820 (sz=32, trace=300159, class=java.util.concurrent.ConcurrentHashMap$Node@50000024)
	key		50000c6b
	val		5000181f
OBJ 50001822 (sz=16, trace=300157, class=java.lang.Object@50000172)
OBJ 50001823 (sz=32, trace=300159, class=java.util.concurrent.ConcurrentHashMap$Node@50000024)
	key		50000b0b
	val		50001822
OBJ 50001824 (sz=16, trace=300160, class=java.lang.Object@50000172)
OBJ 50001825 (sz=32, trace=300159, class=java.util.concurrent.ConcurrentHashMap$Node@50000024)
	key		50000b0b
	val		50001824
OBJ 50001827 (sz=16, trace=300157, class=java.lang.Object@50000172)
OBJ 50001828 (sz=32, trace=300159, class=java.util.concurrent.ConcurrentHashMap$Node@50000024)
	key		50000c1b
	val		50001827
OBJ 50001829 (sz=16, trace=300160, class=java.lang.Object@50000172)
OBJ 5000182a (sz=32, trace=300159, class=java.util.concurrent.ConcurrentHashMap$Node@50000024)
	key		50000c1b
	val		50001829
ARR 5000182b (sz=512, trace=300000, nelems=256, elem type=char[])
ARR 5000182c (sz=12, trace=300000, nelems=6, elem type=char[])
ARR 5000182d (sz=24, trace=300000, nelems=1, elem type=java.lang.Object[]@50000108)
	[0]		50001443
ARR 5000182e (sz=32, trace=300000, nelems=3, elem type=java.lang.Object[]@50000108)
	[0]		5000143f
	[2]		5000182f
ARR 5000182f (sz=24, trace=300000, nelems=2, elem type=java.lang.Object[]@50000108)
	[0]		5000143e
	[1]		500004da
ARR 50001830 (sz=16, trace=300000, nelems=8, elem type=char[])
ARR 50001831 (sz=20, trace=300000, nelems=10, elem type=char[])
ARR 50001832 (sz=38, trace=300000, nelems=19, elem type=char[])
ARR 50001833 (sz=26, trace=300000, nelems=13, elem type=char[])
ARR 50001834 (sz=2, trace=300000, nelems=1, elem type=char[])
OBJ 50001835 (sz=16, trace=300000, class=java.lang.Object@50000172)
ARR 50001836 (sz=30, trace=300000, nelems=15, elem type=char[])
ARR 50001837 (sz=56, trace=300000, nelems=28, elem type=char[])
ARR 50001838 (sz=64, trace=300000, nelems=32, elem type=char[])
ARR 50001839 (sz=28, trace=300000, nelems=14, elem type=char[])
ARR 5000183a (sz=60, trace=300000, nelems=30, elem type=char[])
OBJ 5000183b (sz=24, trace=300000, class=java.lang.String@5000016e)
	value		5000185a
OBJ 5000183c (sz=56, trace=300687, class=java.util.zip.ZipFile$ZipFileInputStream@5000055e)
	this$0		500004ee
OBJ 5000183d (sz=40, trace=300106, class=java.lang.ref.Finalizer@5000014d)
	referent	5000183c
	queue		500003c8
	next		500017d8
	prev		500018b5
OBJ 5000183e (sz=24, trace=300000, class=java.lang.String@5000016e)
	value		50001859
OBJ 5000183f (sz=24, trace=300000, class=java.lang.String@5000016e)
	value		5000185f
OBJ 50001840 (sz=24, trace=300000, class=java.lang.String@5000016e)
	value		5000185d
OBJ 50001841 (sz=24, trace=300000, class=java.lang.String@5000016e)
	value		5000185e
OBJ 50001842 (sz=24, trace=300000, class=java.lang.String@5000016e)
	value		50001861
OBJ 50001843 (sz=24, trace=300000, class=java.lang.String@5000016e)
	value		50001865
OBJ 50001844 (sz=24, trace=300000, class=java.lang.String@5000016e)
	value		50001863
OBJ 50001845 (sz=24, trace=300000, class=java.lang.String@5000016e)
	value		50001864
OBJ 50001846 (sz=24, trace=300000, class=java.lang.String@5000016e)
	value		50001862
OBJ 50001847 (sz=24, trace=300000, class=java.lang.String@5000016e)
	value		5000185b
OBJ 50001849 (sz=16, trace=300157, class=java.lang.Object@50000172)
OBJ 5000184a (sz=32, trace=300159, class=java.util.concurrent.ConcurrentHashMap$Node@50000024)
	key		50000c91
	val		50001849
OBJ 5000184b (sz=16, trace=300160, class=java.lang.Object@50000172)
OBJ 5000184c (sz=32, trace=300159, class=java.util.concurrent.ConcurrentHashMap$Node@50000024)
	key		50000c91
	val		5000184b
OBJ 5000184d (sz=16, trace=300157, class=java.lang.Object@50000172)
OBJ 5000184e (sz=32, trace=300159, class=java.util.concurrent.ConcurrentHashMap$Node@50000024)
	key		50000c1f
	val		5000184d
OBJ 5000184f (sz=16, trace=300160, class=java.lang.Object@50000172)
OBJ 50001850 (sz=32, trace=300159, class=java.util.concurrent.ConcurrentHashMap$Node@50000024)
	key		50000c1f
	val		5000184f
OBJ 50001851 (sz=24, trace=300000, class=java.lang.String@5000016e)
	value		50001857
OBJ 50001852 (sz=24, trace=300000, class=java.lang.String@5000016e)
	value		5000185c
OBJ 50001853 (sz=24, trace=300000, class=java.lang.String@5000016e)
	value		50001858
OBJ 50001854 (sz=24, trace=300000, class=java.lang.String@5000016e)
	value		50001866
OBJ 50001855 (sz=24, trace=300000, class=java.lang.String@5000016e)
	value		50001868
OBJ 50001856 (sz=24, trace=300000, class=java.lang.String@5000016e)
	value		50001867
ARR 50001857 (sz=32, trace=300000, nelems=16, elem type=char[])
ARR 50001858 (sz=34, trace=300000, nelems=17, elem type=char[])
ARR 50001859 (sz=24, trace=300000, nelems=12, elem type=char[])
ARR 5000185a (sz=20, trace=300000, nelems=10, elem type=char[])
ARR 5000185b (sz=20, trace=300000, nelems=10, elem type=char[])
ARR 5000185c (sz=12, trace=300000, nelems=6, elem type=char[])
ARR 5000185d (sz=28, trace=300000, nelems=14, elem type=char[])
ARR 5000185e (sz=28, trace=300000, nelems=14, elem type=char[])
ARR 5000185f (sz=44, trace=300000, nelems=22, elem type=char[])
OBJ 50001860 (sz=56, trace=300687, class=java.util.zip.ZipFile$ZipFileInputStream@5000055e)
ARR 50001861 (sz=40, trace=300000, nelems=20, elem type=char[])
ARR 50001862 (sz=44, trace=300000, nelems=22, elem type=char[])
ARR 50001863 (sz=42, trace=300000, nelems=21, elem type=char[])
ARR 50001864 (sz=48, trace=300000, nelems=24, elem type=char[])
ARR 50001865 (sz=36, trace=300000, nelems=18, elem type=char[])
ARR 50001866 (sz=38, trace=300000, nelems=19, elem type=char[])
ARR 50001867 (sz=42, trace=300000, nelems=21, elem type=char[])
ARR 50001868 (sz=40, trace=300000, nelems=20, elem type=char[])
OBJ 50001869 (sz=24, trace=300000, class=java.lang.String@5000016e)
	value		5000186a
ARR 5000186a (sz=18, trace=300000, nelems=9, elem type=char[])
ARR 5000186b (sz=18, trace=300000, nelems=9, elem type=char[])
OBJ 5000186d (sz=16, trace=300157, class=java.lang.Object@50000172)
OBJ 5000186e (sz=32, trace=300159, class=java.util.concurrent.ConcurrentHashMap$Node@50000024)
	key		50000c06
	val		5000186d
OBJ 5000186f (sz=16, trace=300160, class=java.lang.Object@50000172)
OBJ 50001870 (sz=32, trace=300159, class=java.util.concurrent.ConcurrentHashMap$Node@50000024)
	key		50000c06
	val		5000186f
OBJ 50001873 (sz=16, trace=300157, class=java.lang.Object@50000172)
ARR 50001874 (sz=26, trace=300000, nelems=13, elem type=char[])
OBJ 50001875 (sz=16, trace=300160, class=java.lang.Object@50000172)
ARR 50001876 (sz=38, trace=300000, nelems=19, elem type=char[])
OBJ 50001877 (sz=16, trace=300157, class=java.lang.Object@50000172)
OBJ 50001878 (sz=32, trace=300159, class=java.util.concurrent.ConcurrentHashMap$Node@50000024)
	key		50000d13
	val		50001877
OBJ 50001879 (sz=16, trace=300160, class=java.lang.Object@50000172)
OBJ 5000187a (sz=32, trace=300159, class=java.util.concurrent.ConcurrentHashMap$Node@50000024)
	key		50000d13
	val		50001879
OBJ 5000187c (sz=16, trace=300157, class=java.lang.Object@50000172)
OBJ 5000187d (sz=32, trace=300683, class=java.util.concurrent.ConcurrentHashMap$Node@50000024)
	key		50000b5f
	val		5000187c
ARR 5000187e (sz=18, trace=300000, nelems=9, elem type=char[])
ARR 5000187f (sz=12, trace=300000, nelems=6, elem type=char[])
ARR 50001880 (sz=28, trace=300000, nelems=14, elem type=char[])
OBJ 50001881 (sz=32, trace=300695, class=java.util.concurrent.ConcurrentHashMap$Node@50000024)
	key		50000c51
	val		5000084e
ARR 50001882 (sz=16, trace=300000, nelems=8, elem type=char[])
OBJ 50001883 (sz=32, trace=300695, class=java.util.concurrent.ConcurrentHashMap$Node@50000024)
	key		50000af9
	val		5000117a
OBJ 50001884 (sz=32, trace=300695, class=java.util.concurrent.ConcurrentHashMap$Node@50000024)
	key		50000b07
	val		500015fd
ARR 50001885 (sz=14, trace=300000, nelems=7, elem type=char[])
OBJ 50001886 (sz=32, trace=300696, class=java.util.concurrent.ConcurrentHashMap$Node@50000024)
	key		50000bf0
	val		50000a14
ARR 50001887 (sz=18, trace=300000, nelems=9, elem type=char[])
ARR 50001888 (sz=24, trace=300000, nelems=12, elem type=char[])
OBJ 50001889 (sz=32, trace=300696, class=java.util.concurrent.ConcurrentHashMap$Node@50000024)
	key		50000c08
	val		50000861
OBJ 5000188a (sz=32, trace=300695, class=java.util.concurrent.ConcurrentHashMap$Node@50000024)
	key		50000b75
	val		50000a6a
OBJ 5000188b (sz=16, trace=300160, class=java.lang.Object@50000172)
OBJ 5000188c (sz=32, trace=300683, class=java.util.concurrent.ConcurrentHashMap$Node@50000024)
	key		50000b5f
	val		5000188b
OBJ 5000188d (sz=24, trace=300000, class=java.lang.String@5000016e)
	value		50001999
OBJ 5000188e (sz=24, trace=300000, class=java.lang.String@5000016e)
	value		50001998
OBJ 5000188f (sz=24, trace=300000, class=java.lang.String@5000016e)
	value		50001996
OBJ 50001890 (sz=32, trace=300695, class=java.util.concurrent.ConcurrentHashMap$Node@50000024)
	key		50000c51
	val		50000850
OBJ 50001891 (sz=24, trace=300000, class=java.lang.String@5000016e)
	value		50001995
OBJ 50001892 (sz=32, trace=300695, class=java.util.concurrent.ConcurrentHashMap$Node@50000024)
	key		50000af9
	val		5000117c
OBJ 50001893 (sz=32, trace=300695, class=java.util.concurrent.ConcurrentHashMap$Node@50000024)
	key		50000b07
	val		500015ff
OBJ 50001894 (sz=24, trace=300000, class=java.lang.String@5000016e)
	value		50001994
OBJ 50001895 (sz=32, trace=300696, class=java.util.concurrent.ConcurrentHashMap$Node@50000024)
	key		50000bf0
	val		50000a16
OBJ 50001896 (sz=24, trace=300000, class=java.lang.String@5000016e)
	value		5000189b
OBJ 50001897 (sz=24, trace=300000, class=java.lang.String@5000016e)
	value		5000189a
OBJ 50001898 (sz=32, trace=300696, class=java.util.concurrent.ConcurrentHashMap$Node@50000024)
	key		50000c08
	val		50000863
OBJ 50001899 (sz=32, trace=300695, class=java.util.concurrent.ConcurrentHashMap$Node@50000024)
	key		50000b75
	val		50000a6c
ARR 5000189a (sz=30, trace=300000, nelems=15, elem type=char[])
ARR 5000189b (sz=18, trace=300000, nelems=9, elem type=char[])
OBJ 5000189c (sz=24, trace=300000, class=java.lang.String@5000016e)
	value		5000189d
ARR 5000189d (sz=6, trace=300000, nelems=3, elem type=char[])
OBJ 5000189e (sz=24, trace=300000, class=java.lang.String@5000016e)
	value		50001993
OBJ 5000189f (sz=24, trace=300000, class=java.lang.String@5000016e)
	value		500018a1
OBJ 500018a0 (sz=24, trace=300000, class=java.lang.String@5000016e)
	value		500018a2
ARR 500018a1 (sz=38, trace=300000, nelems=19, elem type=char[])
ARR 500018a2 (sz=68, trace=300000, nelems=34, elem type=char[])
OBJ 500018a3 (sz=24, trace=300000, class=java.lang.String@5000016e)
	value		50001986
OBJ 500018a4 (sz=24, trace=300000, class=java.lang.String@5000016e)
	value		50001985
OBJ 500018a5 (sz=24, trace=300000, class=java.lang.String@5000016e)
	value		50001984
OBJ 500018a6 (sz=48, trace=300000, class=java.util.HashMap@500000c6)
	table		50001edb
OBJ 500018a7 (sz=32, trace=300000, class=java.util.HashMap$Node@500000c4)
	key		50001932
	value		50001931
	next		50001930
OBJ 500018a8 (sz=32, trace=300000, class=java.util.HashMap$Node@500000c4)
	key		50001927
	value		50001926
OBJ 500018a9 (sz=32, trace=300000, class=java.util.HashMap$Node@500000c4)
	key		50001919
	value		50001918
OBJ 500018aa (sz=32, trace=300000, class=java.util.HashMap$Node@500000c4)
	key		50001907
	value		50001906
OBJ 500018ab (sz=32, trace=300000, class=java.util.HashMap$Node@500000c4)
	key		500018fa
	value		500018f9
OBJ 500018ac (sz=32, trace=300000, class=java.util.HashMap$Node@500000c4)
	key		500018e8
	value		500018e7
	next		500018e6
OBJ 500018ad (sz=32, trace=300000, class=java.util.HashMap$Node@500000c4)
	key		500018d7
	value		500018d6
OBJ 500018ae (sz=32, trace=300000, class=java.util.HashMap$Node@500000c4)
	key		500018cb
	value		500018ca
OBJ 500018af (sz=32, trace=300000, class=java.util.HashMap$Node@500000c4)
	key		500018bd
	value		500018bc
OBJ 500018b0 (sz=32, trace=300000, class=java.util.HashMap$Node@500000c4)
	key		500018b2
	value		500018b1
OBJ 500018b1 (sz=24, trace=300000, class=sun.misc.MetaIndex@50000040)
	contents	500018b7
OBJ 500018b2 (sz=32, trace=300000, class=java.io.File@5000011b)
	path		500018b3
OBJ 500018b3 (sz=24, trace=300000, class=java.lang.String@5000016e)
	value		500018b6
OBJ 500018b4 (sz=56, trace=300687, class=java.util.zip.ZipFile$ZipFileInputStream@5000055e)
	this$0		500004ee
OBJ 500018b5 (sz=40, trace=300106, class=java.lang.ref.Finalizer@5000014d)
	referent	500018b4
	queue		500003c8
	next		5000183d
	prev		50001902
ARR 500018b6 (sz=118, trace=300000, nelems=59, elem type=char[])
ARR 500018b7 (sz=24, trace=300000, nelems=2, elem type=java.lang.String[]@500000c8)
	[0]		500018b8
	[1]		500018b9
OBJ 500018b8 (sz=24, trace=300000, class=java.lang.String@5000016e)
	value		500018bb
OBJ 500018b9 (sz=24, trace=300000, class=java.lang.String@5000016e)
	value		500018ba
ARR 500018ba (sz=16, trace=300000, nelems=8, elem type=char[])
ARR 500018bb (sz=16, trace=300000, nelems=8, elem type=char[])
OBJ 500018bc (sz=24, trace=300000, class=sun.misc.MetaIndex@50000040)
	contents	500018c5
OBJ 500018bd (sz=32, trace=300000, class=java.io.File@5000011b)
	path		500018be
OBJ 500018be (sz=24, trace=300000, class=java.lang.String@5000016e)
	value		500018bf
ARR 500018bf (sz=134, trace=300000, nelems=67, elem type=char[])
OBJ 500018c1 (sz=16, trace=300157, class=java.lang.Object@50000172)
OBJ 500018c2 (sz=32, trace=300159, class=java.util.concurrent.ConcurrentHashMap$Node@50000024)
	key		50000bf4
	val		500018c1
OBJ 500018c3 (sz=16, trace=300160, class=java.lang.Object@50000172)
OBJ 500018c4 (sz=32, trace=300159, class=java.util.concurrent.ConcurrentHashMap$Node@50000024)
	key		50000bf4
	val		500018c3
ARR 500018c5 (sz=24, trace=300000, nelems=1, elem type=java.lang.String[]@500000c8)
	[0]		500018c6
OBJ 500018c6 (sz=24, trace=300000, class=java.lang.String@5000016e)
	value		500018c7
ARR 500018c7 (sz=54, trace=300000, nelems=27, elem type=char[])
ARR 500018c8 (sz=32, trace=300000, nelems=3, elem type=java.lang.String[]@500000c8)
	[0]		50001ef4
	[1]		50001ef6
	[2]		50001ef8
ARR 500018c9 (sz=152, trace=300000, nelems=33, elem type=java.lang.String[]@500000c8)
	[0]		50001f1e
	[1]		50001f20
	[2]		50001f22
	[3]		50001f24
	[4]		50001f26
	[5]		50001f28
	[6]		50001f2a
	[7]		50001f2c
	[8]		50001f2e
	[9]		50001f30
	[10]		50001f32
	[11]		50001f35
	[12]		50001f37
	[13]		50001f39
	[14]		50001f3b
	[15]		50001f3d
	[16]		50001f40
	[17]		50001f42
	[18]		50001f44
	[19]		50001f46
	[20]		50001f48
	[21]		50001f4a
	[22]		50001f4c
	[23]		50001f4f
	[24]		50001f51
	[25]		50001f53
	[26]		50001f55
	[27]		50001f57
	[28]		50001f59
	[29]		50001f5b
	[30]		50001f5d
	[31]		50001f5f
	[32]		50001f61
OBJ 500018ca (sz=24, trace=300000, class=sun.misc.MetaIndex@50000040)
	contents	500018ce
OBJ 500018cb (sz=32, trace=300000, class=java.io.File@5000011b)
	path		500018cc
OBJ 500018cc (sz=24, trace=300000, class=java.lang.String@5000016e)
	value		500018cd
ARR 500018cd (sz=120, trace=300000, nelems=60, elem type=char[])
ARR 500018ce (sz=32, trace=300000, nelems=3, elem type=java.lang.String[]@500000c8)
	[0]		500018d0
	[1]		500018d1
	[2]		500018d2
OBJ 500018cf (sz=56, trace=300687, class=java.util.zip.ZipFile$ZipFileInputStream@5000055e)
OBJ 500018d0 (sz=24, trace=300000, class=java.lang.String@5000016e)
	value		500018d5
OBJ 500018d1 (sz=24, trace=300000, class=java.lang.String@5000016e)
	value		500018d4
OBJ 500018d2 (sz=24, trace=300000, class=java.lang.String@5000016e)
	value		500018d3
ARR 500018d3 (sz=40, trace=300000, nelems=20, elem type=char[])
ARR 500018d4 (sz=42, trace=300000, nelems=21, elem type=char[])
ARR 500018d5 (sz=24, trace=300000, nelems=12, elem type=char[])
OBJ 500018d6 (sz=24, trace=300000, class=sun.misc.MetaIndex@50000040)
	contents	500018da
OBJ 500018d7 (sz=32, trace=300000, class=java.io.File@5000011b)
	path		500018d8
OBJ 500018d8 (sz=24, trace=300000, class=java.lang.String@5000016e)
	value		500018d9
ARR 500018d9 (sz=120, trace=300000, nelems=60, elem type=char[])
ARR 500018da (sz=32, trace=300000, nelems=3, elem type=java.lang.String[]@500000c8)
	[0]		500018e0
	[1]		500018e1
	[2]		500018e2
OBJ 500018dc (sz=16, trace=300157, class=java.lang.Object@50000172)
OBJ 500018dd (sz=32, trace=300683, class=java.util.concurrent.ConcurrentHashMap$Node@50000024)
	key		50000bae
	val		500018dc
	next		50001001
OBJ 500018de (sz=16, trace=300160, class=java.lang.Object@50000172)
OBJ 500018df (sz=32, trace=300683, class=java.util.concurrent.ConcurrentHashMap$Node@50000024)
	key		50000bae
	val		500018de
	next		50001003
OBJ 500018e0 (sz=24, trace=300000, class=java.lang.String@5000016e)
	value		500018e5
OBJ 500018e1 (sz=24, trace=300000, class=java.lang.String@5000016e)
	value		500018e4
OBJ 500018e2 (sz=24, trace=300000, class=java.lang.String@5000016e)
	value		500018e3
ARR 500018e3 (sz=40, trace=300000, nelems=20, elem type=char[])
ARR 500018e4 (sz=42, trace=300000, nelems=21, elem type=char[])
ARR 500018e5 (sz=24, trace=300000, nelems=12, elem type=char[])
OBJ 500018e6 (sz=32, trace=300000, class=java.util.HashMap$Node@500000c4)
	key		500018ef
	value		500018ee
OBJ 500018e7 (sz=24, trace=300000, class=sun.misc.MetaIndex@50000040)
	contents	500018eb
OBJ 500018e8 (sz=32, trace=300000, class=java.io.File@5000011b)
	path		500018e9
OBJ 500018e9 (sz=24, trace=300000, class=java.lang.String@5000016e)
	value		500018ea
ARR 500018ea (sz=116, trace=300000, nelems=58, elem type=char[])
ARR 500018eb (sz=24, trace=300000, nelems=1, elem type=java.lang.String[]@500000c8)
	[0]		500018ec
OBJ 500018ec (sz=24, trace=300000, class=java.lang.String@5000016e)
	value		500018ed
ARR 500018ed (sz=54, trace=300000, nelems=27, elem type=char[])
OBJ 500018ee (sz=24, trace=300000, class=sun.misc.MetaIndex@50000040)
	contents	500018f2
OBJ 500018ef (sz=32, trace=300000, class=java.io.File@5000011b)
	path		500018f0
OBJ 500018f0 (sz=24, trace=300000, class=java.lang.String@5000016e)
	value		500018f1
ARR 500018f1 (sz=112, trace=300000, nelems=56, elem type=char[])
ARR 500018f2 (sz=32, trace=300000, nelems=3, elem type=java.lang.String[]@500000c8)
	[0]		500018f3
	[1]		500018f4
	[2]		500018f5
OBJ 500018f3 (sz=24, trace=300000, class=java.lang.String@5000016e)
	value		500018f8
OBJ 500018f4 (sz=24, trace=300000, class=java.lang.String@5000016e)
	value		500018f7
OBJ 500018f5 (sz=24, trace=300000, class=java.lang.String@5000016e)
	value		500018f6
ARR 500018f6 (sz=40, trace=300000, nelems=20, elem type=char[])
ARR 500018f7 (sz=42, trace=300000, nelems=21, elem type=char[])
ARR 500018f8 (sz=24, trace=300000, nelems=12, elem type=char[])
OBJ 500018f9 (sz=24, trace=300000, class=sun.misc.MetaIndex@50000040)
	contents	500018fd
OBJ 500018fa (sz=32, trace=300000, class=java.io.File@5000011b)
	path		500018fb
OBJ 500018fb (sz=24, trace=300000, class=java.lang.String@5000016e)
	value		500018fc
ARR 500018fc (sz=122, trace=300000, nelems=61, elem type=char[])
ARR 500018fd (sz=24, trace=300000, nelems=2, elem type=java.lang.String[]@500000c8)
	[0]		500018fe
	[1]		500018ff
OBJ 500018fe (sz=24, trace=300000, class=java.lang.String@5000016e)
	value		50001903
OBJ 500018ff (sz=24, trace=300000, class=java.lang.String@5000016e)
	value		50001900
ARR 50001900 (sz=16, trace=300000, nelems=8, elem type=char[])
OBJ 50001901 (sz=56, trace=300687, class=java.util.zip.ZipFile$ZipFileInputStream@5000055e)
	this$0		500004ee
OBJ 50001902 (sz=40, trace=300106, class=java.lang.ref.Finalizer@5000014d)
	referent	50001901
	queue		500003c8
	next		500018b5
	prev		50001952
ARR 50001903 (sz=16, trace=300000, nelems=8, elem type=char[])
ARR 50001904 (sz=24, trace=300000, nelems=2, elem type=java.lang.String[]@500000c8)
	[0]		50001f08
	[1]		50001f0a
ARR 50001905 (sz=168, trace=300000, nelems=37, elem type=java.lang.String[]@500000c8)
	[0]		50001f71
	[1]		50001f73
	[2]		50001f75
	[3]		50001f77
	[4]		50001f79
	[5]		50001f7b
	[6]		50001f7d
	[7]		50001f7f
	[8]		50001f81
	[9]		50001f83
	[10]		50001f85
	[11]		50001f87
	[12]		50001f89
	[13]		50001f8b
	[14]		50001f8d
	[15]		50001f8f
	[16]		50001f91
	[17]		50001f93
	[18]		50001f95
	[19]		50001f97
	[20]		50001f99
	[21]		50001f9b
	[22]		50001f9d
	[23]		50001f9f
	[24]		50001fa1
	[25]		50001fa3
	[26]		50001fa5
	[27]		50001fa7
	[28]		50001fa9
	[29]		50001fab
	[30]		50001fad
	[31]		50001faf
	[32]		50001fb1
	[33]		50001fb3
	[34]		50001fb6
	[35]		50001fb8
	[36]		50001fba
OBJ 50001906 (sz=24, trace=300000, class=sun.misc.MetaIndex@50000040)
	contents	5000190a
OBJ 50001907 (sz=32, trace=300000, class=java.io.File@5000011b)
	path		50001908
OBJ 50001908 (sz=24, trace=300000, class=java.lang.String@5000016e)
	value		50001909
ARR 50001909 (sz=132, trace=300000, nelems=66, elem type=char[])
ARR 5000190a (sz=32, trace=300000, nelems=3, elem type=java.lang.String[]@500000c8)
	[0]		5000190b
	[1]		5000190c
	[2]		5000190d
OBJ 5000190b (sz=24, trace=300000, class=java.lang.String@5000016e)
	value		50001916
OBJ 5000190c (sz=24, trace=300000, class=java.lang.String@5000016e)
	value		5000190f
OBJ 5000190d (sz=24, trace=300000, class=java.lang.String@5000016e)
	value		5000190e
ARR 5000190e (sz=40, trace=300000, nelems=20, elem type=char[])
ARR 5000190f (sz=42, trace=300000, nelems=21, elem type=char[])
OBJ 50001911 (sz=16, trace=300157, class=java.lang.Object@50000172)
OBJ 50001912 (sz=32, trace=300159, class=java.util.concurrent.ConcurrentHashMap$Node@50000024)
	key		50000c12
	val		50001911
OBJ 50001913 (sz=16, trace=300160, class=java.lang.Object@50000172)
OBJ 50001914 (sz=32, trace=300159, class=java.util.concurrent.ConcurrentHashMap$Node@50000024)
	key		50000c12
	val		50001913
OBJ 50001915 (sz=56, trace=300687, class=java.util.zip.ZipFile$ZipFileInputStream@5000055e)
ARR 50001916 (sz=30, trace=300000, nelems=15, elem type=char[])
ARR 50001917 (sz=24, trace=300000, nelems=2, elem type=java.lang.String[]@500000c8)
	[0]		50001eca
	[1]		50001ecd
OBJ 50001918 (sz=24, trace=300000, class=sun.misc.MetaIndex@50000040)
	contents	5000191c
OBJ 50001919 (sz=32, trace=300000, class=java.io.File@5000011b)
	path		5000191a
OBJ 5000191a (sz=24, trace=300000, class=java.lang.String@5000016e)
	value		5000191b
ARR 5000191b (sz=116, trace=300000, nelems=58, elem type=char[])
ARR 5000191c (sz=32, trace=300000, nelems=3, elem type=java.lang.String[]@500000c8)
	[0]		5000191d
	[1]		5000191e
	[2]		5000191f
OBJ 5000191d (sz=24, trace=300000, class=java.lang.String@5000016e)
	value		50001925
OBJ 5000191e (sz=24, trace=300000, class=java.lang.String@5000016e)
	value		50001923
OBJ 5000191f (sz=24, trace=300000, class=java.lang.String@5000016e)
	value		50001920
ARR 50001920 (sz=24, trace=300000, nelems=12, elem type=char[])
OBJ 50001922 (sz=16, trace=300157, class=java.lang.Object@50000172)
ARR 50001923 (sz=100, trace=300000, nelems=50, elem type=char[])
OBJ 50001924 (sz=16, trace=300160, class=java.lang.Object@50000172)
ARR 50001925 (sz=22, trace=300000, nelems=11, elem type=char[])
OBJ 50001926 (sz=24, trace=300000, class=sun.misc.MetaIndex@50000040)
	contents	5000192a
OBJ 50001927 (sz=32, trace=300000, class=java.io.File@5000011b)
	path		50001928
OBJ 50001928 (sz=24, trace=300000, class=java.lang.String@5000016e)
	value		50001929
ARR 50001929 (sz=112, trace=300000, nelems=56, elem type=char[])
ARR 5000192a (sz=24, trace=300000, nelems=2, elem type=java.lang.String[]@500000c8)
	[0]		5000192b
	[1]		5000192c
OBJ 5000192b (sz=24, trace=300000, class=java.lang.String@5000016e)
	value		5000192e
OBJ 5000192c (sz=24, trace=300000, class=java.lang.String@5000016e)
	value		5000192d
ARR 5000192d (sz=14, trace=300000, nelems=7, elem type=char[])
ARR 5000192e (sz=126, trace=300000, nelems=63, elem type=char[])
ARR 5000192f (sz=32, trace=300000, nelems=4, elem type=java.lang.String[]@500000c8)
	[0]		50001ede
	[1]		50001ee0
	[2]		50001ee2
	[3]		50001ee4
OBJ 50001930 (sz=32, trace=300000, class=java.util.HashMap$Node@500000c4)
	key		5000193b
	value		5000193a
OBJ 50001931 (sz=24, trace=300000, class=sun.misc.MetaIndex@50000040)
	contents	50001935
OBJ 50001932 (sz=32, trace=300000, class=java.io.File@5000011b)
	path		50001933
OBJ 50001933 (sz=24, trace=300000, class=java.lang.String@5000016e)
	value		50001934
ARR 50001934 (sz=112, trace=300000, nelems=56, elem type=char[])
ARR 50001935 (sz=24, trace=300000, nelems=2, elem type=java.lang.String[]@500000c8)
	[0]		50001936
	[1]		50001937
OBJ 50001936 (sz=24, trace=300000, class=java.lang.String@5000016e)
	value		50001939
OBJ 50001937 (sz=24, trace=300000, class=java.lang.String@5000016e)
	value		50001938
ARR 50001938 (sz=24, trace=300000, nelems=12, elem type=char[])
ARR 50001939 (sz=108, trace=300000, nelems=54, elem type=char[])
OBJ 5000193a (sz=24, trace=300000, class=sun.misc.MetaIndex@50000040)
	contents	5000193e
OBJ 5000193b (sz=32, trace=300000, class=java.io.File@5000011b)
	path		5000193c
OBJ 5000193c (sz=24, trace=300000, class=java.lang.String@5000016e)
	value		5000193d
ARR 5000193d (sz=112, trace=300000, nelems=56, elem type=char[])
ARR 5000193e (sz=128, trace=300000, nelems=28, elem type=java.lang.String[]@500000c8)
	[0]		5000193f
	[1]		50001940
	[2]		50001941
	[3]		50001942
	[4]		50001943
	[5]		50001944
	[6]		50001945
	[7]		50001946
	[8]		50001947
	[9]		50001948
	[10]		50001949
	[11]		5000194a
	[12]		5000194b
	[13]		5000194c
	[14]		5000194d
	[15]		5000194e
	[16]		5000194f
	[17]		50001950
	[18]		50001953
	[19]		50001954
	[20]		50001955
	[21]		50001956
	[22]		50001957
	[23]		50001958
	[24]		50001959
	[25]		5000195a
	[26]		5000195c
	[27]		5000195d
OBJ 5000193f (sz=24, trace=300000, class=java.lang.String@5000016e)
	value		50001982
OBJ 50001940 (sz=24, trace=300000, class=java.lang.String@5000016e)
	value		50001981
OBJ 50001941 (sz=24, trace=300000, class=java.lang.String@5000016e)
	value		50001980
OBJ 50001942 (sz=24, trace=300000, class=java.lang.String@5000016e)
	value		5000197f
OBJ 50001943 (sz=24, trace=300000, class=java.lang.String@5000016e)
	value		5000197e
OBJ 50001944 (sz=24, trace=300000, class=java.lang.String@5000016e)
	value		5000197d
OBJ 50001945 (sz=24, trace=300000, class=java.lang.String@5000016e)
	value		5000197c
OBJ 50001946 (sz=24, trace=300000, class=java.lang.String@5000016e)
	value		5000197b
OBJ 50001947 (sz=24, trace=300000, class=java.lang.String@5000016e)
	value		5000197a
OBJ 50001948 (sz=24, trace=300000, class=java.lang.String@5000016e)
	value		50001979
OBJ 50001949 (sz=24, trace=300000, class=java.lang.String@5000016e)
	value		50001978
OBJ 5000194a (sz=24, trace=300000, class=java.lang.String@5000016e)
	value		50001977
OBJ 5000194b (sz=24, trace=300000, class=java.lang.String@5000016e)
	value		50001976
OBJ 5000194c (sz=24, trace=300000, class=java.lang.String@5000016e)
	value		50001975
OBJ 5000194d (sz=24, trace=300000, class=java.lang.String@5000016e)
	value		50001974
OBJ 5000194e (sz=24, trace=300000, class=java.lang.String@5000016e)
	value		50001973
OBJ 5000194f (sz=24, trace=300000, class=java.lang.String@5000016e)
	value		50001972
OBJ 50001950 (sz=24, trace=300000, class=java.lang.String@5000016e)
	value		50001971
OBJ 50001951 (sz=56, trace=300687, class=java.util.zip.ZipFile$ZipFileInputStream@5000055e)
	this$0		500004ee
OBJ 50001952 (sz=40, trace=300106, class=java.lang.ref.Finalizer@5000014d)
	referent	50001951
	queue		500003c8
	next		50001902
	prev		500019a3
OBJ 50001953 (sz=24, trace=300000, class=java.lang.String@5000016e)
	value		50001970
OBJ 50001954 (sz=24, trace=300000, class=java.lang.String@5000016e)
	value		5000196e
OBJ 50001955 (sz=24, trace=300000, class=java.lang.String@5000016e)
	value		5000196b
OBJ 50001956 (sz=24, trace=300000, class=java.lang.String@5000016e)
	value		50001969
OBJ 50001957 (sz=24, trace=300000, class=java.lang.String@5000016e)
	value		50001967
OBJ 50001958 (sz=24, trace=300000, class=java.lang.String@5000016e)
	value		50001966
OBJ 50001959 (sz=24, trace=300000, class=java.lang.String@5000016e)
	value		50001965
OBJ 5000195a (sz=24, trace=300000, class=java.lang.String@5000016e)
	value		50001964
OBJ 5000195b (sz=56, trace=300687, class=java.util.zip.ZipFile$ZipFileInputStream@5000055e)
OBJ 5000195c (sz=24, trace=300000, class=java.lang.String@5000016e)
	value		5000195f
OBJ 5000195d (sz=24, trace=300000, class=java.lang.String@5000016e)
	value		5000195e
ARR 5000195e (sz=40, trace=300000, nelems=20, elem type=char[])
ARR 5000195f (sz=24, trace=300000, nelems=12, elem type=char[])
OBJ 50001960 (sz=16, trace=300157, class=java.lang.Object@50000172)
OBJ 50001961 (sz=32, trace=300159, class=java.util.concurrent.ConcurrentHashMap$Node@50000024)
	key		50000b84
	val		50001960
OBJ 50001962 (sz=16, trace=300160, class=java.lang.Object@50000172)
OBJ 50001963 (sz=32, trace=300159, class=java.util.concurrent.ConcurrentHashMap$Node@50000024)
	key		50000b84
	val		50001962
ARR 50001964 (sz=26, trace=300000, nelems=13, elem type=char[])
ARR 50001965 (sz=26, trace=300000, nelems=13, elem type=char[])
ARR 50001966 (sz=26, trace=300000, nelems=13, elem type=char[])
ARR 50001967 (sz=32, trace=300000, nelems=16, elem type=char[])
OBJ 50001968 (sz=16, trace=300157, class=java.lang.Object@50000172)
ARR 50001969 (sz=24, trace=300000, nelems=12, elem type=char[])
OBJ 5000196a (sz=16, trace=300160, class=java.lang.Object@50000172)
ARR 5000196b (sz=26, trace=300000, nelems=13, elem type=char[])
OBJ 5000196d (sz=16, trace=300157, class=java.lang.Object@50000172)
ARR 5000196e (sz=38, trace=300000, nelems=19, elem type=char[])
OBJ 5000196f (sz=16, trace=300160, class=java.lang.Object@50000172)
ARR 50001970 (sz=22, trace=300000, nelems=11, elem type=char[])
ARR 50001971 (sz=36, trace=300000, nelems=18, elem type=char[])
ARR 50001972 (sz=38, trace=300000, nelems=19, elem type=char[])
ARR 50001973 (sz=26, trace=300000, nelems=13, elem type=char[])
ARR 50001974 (sz=38, trace=300000, nelems=19, elem type=char[])
ARR 50001975 (sz=34, trace=300000, nelems=17, elem type=char[])
ARR 50001976 (sz=30, trace=300000, nelems=15, elem type=char[])
ARR 50001977 (sz=34, trace=300000, nelems=17, elem type=char[])
ARR 50001978 (sz=28, trace=300000, nelems=14, elem type=char[])
ARR 50001979 (sz=30, trace=300000, nelems=15, elem type=char[])
ARR 5000197a (sz=38, trace=300000, nelems=19, elem type=char[])
ARR 5000197b (sz=54, trace=300000, nelems=27, elem type=char[])
ARR 5000197c (sz=46, trace=300000, nelems=23, elem type=char[])
ARR 5000197d (sz=30, trace=300000, nelems=15, elem type=char[])
ARR 5000197e (sz=40, trace=300000, nelems=20, elem type=char[])
ARR 5000197f (sz=34, trace=300000, nelems=17, elem type=char[])
ARR 50001980 (sz=42, trace=300000, nelems=21, elem type=char[])
ARR 50001981 (sz=66, trace=300000, nelems=33, elem type=char[])
ARR 50001982 (sz=38, trace=300000, nelems=19, elem type=char[])
ARR 50001983 (sz=26, trace=300000, nelems=13, elem type=char[])
ARR 50001984 (sz=20, trace=300000, nelems=10, elem type=char[])
ARR 50001985 (sz=12, trace=300000, nelems=6, elem type=char[])
ARR 50001986 (sz=22, trace=300000, nelems=11, elem type=char[])
ARR 50001987 (sz=16, trace=300000, nelems=0, elem type=java.lang.Throwable[]@50000100)
OBJ 50001988 (sz=24, trace=300000, class=java.lang.String@5000016e)
	value		50001992
OBJ 50001989 (sz=24, trace=300000, class=java.lang.String@5000016e)
	value		50001991
OBJ 5000198a (sz=24, trace=300000, class=java.lang.String@5000016e)
	value		50001990
OBJ 5000198b (sz=24, trace=300000, class=java.lang.String@5000016e)
	value		5000198f
OBJ 5000198c (sz=24, trace=300000, class=java.util.Collections$UnmodifiableRandomAccessList@500000d3)
	c		5000198e
	list		5000198e
ARR 5000198d (sz=16, trace=300000, nelems=0, elem type=java.lang.StackTraceElement[]@500000f4)
OBJ 5000198e (sz=24, trace=300000, class=java.util.ArrayList@500000dd)
	elementData	50000e18
ARR 5000198f (sz=66, trace=300000, nelems=33, elem type=char[])
ARR 50001990 (sz=60, trace=300000, nelems=30, elem type=char[])
ARR 50001991 (sz=22, trace=300000, nelems=11, elem type=char[])
ARR 50001992 (sz=24, trace=300000, nelems=12, elem type=char[])
ARR 50001993 (sz=4, trace=300000, nelems=2, elem type=char[])
ARR 50001994 (sz=80, trace=300000, nelems=40, elem type=char[])
ARR 50001995 (sz=76, trace=300000, nelems=38, elem type=char[])
ARR 50001996 (sz=54, trace=300000, nelems=27, elem type=char[])
ARR 50001997 (sz=62, trace=300000, nelems=31, elem type=char[])
ARR 50001998 (sz=98, trace=300000, nelems=49, elem type=char[])
ARR 50001999 (sz=24, trace=300000, nelems=12, elem type=char[])
OBJ 5000199a (sz=24, trace=300000, class=java.lang.String@5000016e)
	value		500019a1
OBJ 5000199b (sz=24, trace=300000, class=java.lang.String@5000016e)
	value		500019a0
OBJ 5000199c (sz=24, trace=300000, class=java.lang.String@5000016e)
	value		5000199e
OBJ 5000199d (sz=24, trace=300000, class=java.lang.String@5000016e)
	value		5000199f
ARR 5000199e (sz=26, trace=300000, nelems=13, elem type=char[])
ARR 5000199f (sz=10, trace=300000, nelems=5, elem type=char[])
ARR 500019a0 (sz=12, trace=300000, nelems=6, elem type=char[])
ARR 500019a1 (sz=6, trace=300000, nelems=3, elem type=char[])
OBJ 500019a2 (sz=56, trace=300687, class=java.util.zip.ZipFile$ZipFileInputStream@5000055e)
	this$0		500004ee
OBJ 500019a3 (sz=40, trace=300106, class=java.lang.ref.Finalizer@5000014d)
	referent	500019a2
	queue		500003c8
	next		50001952
	prev		500019f3
OBJ 500019a4 (sz=24, trace=300000, class=java.lang.String@5000016e)
	value		500019a9
ARR 500019a5 (sz=22, trace=300000, nelems=11, elem type=char[])
OBJ 500019a6 (sz=56, trace=300687, class=java.util.zip.ZipFile$ZipFileInputStream@5000055e)
ARR 500019a7 (sz=2, trace=300000, nelems=1, elem type=char[])
ARR 500019a8 (sz=8, trace=300000, nelems=4, elem type=char[])
ARR 500019a9 (sz=26, trace=300000, nelems=13, elem type=char[])
OBJ 500019aa (sz=32, trace=300000, class=java.lang.ref.ReferenceQueue@5000014c)
	lock		500019ab
OBJ 500019ab (sz=16, trace=300000, class=java.lang.ref.ReferenceQueue$Lock@500000d1)
OBJ 500019ac (sz=24, trace=300000, class=java.lang.String@5000016e)
	value		500019ad
ARR 500019ad (sz=12, trace=300000, nelems=6, elem type=char[])
ARR 500019ae (sz=34, trace=300000, nelems=17, elem type=char[])
ARR 500019af (sz=14, trace=300000, nelems=7, elem type=char[])
OBJ 500019b2 (sz=16, trace=300157, class=java.lang.Object@50000172)
OBJ 500019b4 (sz=16, trace=300157, class=java.lang.Object@50000172)
OBJ 500019b5 (sz=32, trace=300159, class=java.util.concurrent.ConcurrentHashMap$Node@50000024)
	key		50000c26
	val		500019b4
	next		50001d8d
OBJ 500019b6 (sz=16, trace=300160, class=java.lang.Object@50000172)
OBJ 500019b7 (sz=32, trace=300159, class=java.util.concurrent.ConcurrentHashMap$Node@50000024)
	key		50000c26
	val		500019b6
	next		50001d8f
OBJ 500019b8 (sz=32, trace=300159, class=java.util.concurrent.ConcurrentHashMap$Node@50000024)
	key		50000c49
	val		500019b2
OBJ 500019b9 (sz=16, trace=300160, class=java.lang.Object@50000172)
OBJ 500019ba (sz=32, trace=300159, class=java.util.concurrent.ConcurrentHashMap$Node@50000024)
	key		50000c49
	val		500019b9
ARR 500019bb (sz=24, trace=300000, nelems=12, elem type=char[])
ARR 500019bc (sz=4, trace=300000, nelems=2, elem type=char[])
ARR 500019bd (sz=14, trace=300000, nelems=7, elem type=char[])
ARR 500019be (sz=6, trace=300000, nelems=3, elem type=char[])
ARR 500019bf (sz=8, trace=300000, nelems=4, elem type=char[])
ARR 500019c0 (sz=6, trace=300000, nelems=3, elem type=char[])
ARR 500019c1 (sz=4, trace=300000, nelems=2, elem type=char[])
ARR 500019c2 (sz=10, trace=300000, nelems=5, elem type=char[])
ARR 500019c3 (sz=18, trace=300000, nelems=9, elem type=char[])
ARR 500019c4 (sz=16, trace=300000, nelems=8, elem type=char[])
OBJ 500019c5 (sz=24, trace=300000, class=java.lang.String@5000016e)
	value		500019c6
ARR 500019c6 (sz=2, trace=300000, nelems=1, elem type=char[])
ARR 500019c7 (sz=18, trace=300000, nelems=9, elem type=char[])
OBJ 500019c8 (sz=40, trace=300000, class=java.io.ObjectStreamField@500000fc)
	name		50000da1
	signature	500010b1
	type		5000016e
OBJ 500019c9 (sz=40, trace=300000, class=java.io.ObjectStreamField@500000fc)
	name		50000d9e
	signature	500010b1
	type		5000016e
OBJ 500019ca (sz=40, trace=300000, class=java.io.ObjectStreamField@500000fc)
	name		50000da0
	signature	50000d5c
	type		5000058f
OBJ 500019cb (sz=40, trace=300000, class=java.io.ObjectStreamField@500000fc)
	name		50000d9b
	signature	500010b1
	type		5000016e
OBJ 500019cc (sz=40, trace=300000, class=java.io.ObjectStreamField@500000fc)
	name		50000d9c
	signature	500010b1
	type		5000016e
OBJ 500019cd (sz=40, trace=300000, class=java.io.ObjectStreamField@500000fc)
	name		50000da2
	signature	500010b1
	type		5000016e
OBJ 500019ce (sz=40, trace=300000, class=java.io.ObjectStreamField@500000fc)
	name		50000d9d
	signature	50000d5c
	type		5000058f
ARR 500019cf (sz=16, trace=300000, nelems=8, elem type=char[])
ARR 500019d0 (sz=6, trace=300000, nelems=3, elem type=char[])
ARR 500019d1 (sz=18, trace=300000, nelems=9, elem type=char[])
ARR 500019d2 (sz=8, trace=300000, nelems=4, elem type=char[])
ARR 500019d3 (sz=8, trace=300000, nelems=4, elem type=char[])
ARR 500019d4 (sz=16, trace=300000, nelems=8, elem type=char[])
ARR 500019d5 (sz=2, trace=300000, nelems=1, elem type=char[])
ARR 500019d6 (sz=8, trace=300000, nelems=4, elem type=char[])
ARR 500019d7 (sz=16, trace=300000, nelems=8, elem type=char[])
OBJ 500019d8 (sz=16, trace=300000, class=java.util.HashSet@50000005)
	map		500019d9
OBJ 500019d9 (sz=48, trace=300000, class=java.util.HashMap@500000c6)
OBJ 500019da (sz=16, trace=300000, class=java.lang.Object@50000172)
ARR 500019db (sz=56, trace=300000, nelems=0, elem type=java.lang.Object[]@50000108)
OBJ 500019dc (sz=16, trace=300000, class=sun.net.www.protocol.jar.Handler@50000003)
OBJ 500019dd (sz=48, trace=300000, class=java.util.HashMap@500000c6)
	table		50000290
OBJ 500019de (sz=24, trace=300000, class=java.util.ArrayList@500000dd)
	elementData	50000421
OBJ 500019df (sz=32, trace=300000, class=java.util.Stack@500000e2)
	elementData	50001a36
OBJ 500019e0 (sz=24, trace=300000, class=java.util.ArrayList@500000dd)
	elementData	500019e1
ARR 500019e1 (sz=80, trace=300000, nelems=12, elem type=java.lang.Object[]@50000108)
	[0]		500019e2
	[1]		500019e3
	[2]		500019e4
	[3]		500019e5
	[4]		500019e6
	[5]		500019e7
	[6]		500019e8
	[7]		500019e9
	[8]		500019ea
	[9]		500019eb
	[10]		500019ec
	[11]		500019ee
OBJ 500019e2 (sz=64, trace=300000, class=java.net.URL@50000119)
	protocol	50000d9c
	host		500005d6
	file		50001a34
	authority	500005d6
	path		50001a34
	handler		50000dad
OBJ 500019e3 (sz=64, trace=300000, class=java.net.URL@50000119)
	protocol	50000d9c
	host		500005d6
	file		50001a32
	authority	500005d6
	path		50001a32
	handler		50000dad
OBJ 500019e4 (sz=64, trace=300000, class=java.net.URL@50000119)
	protocol	50000d9c
	host		500005d6
	file		50001a30
	authority	500005d6
	path		50001a30
	handler		50000dad
OBJ 500019e5 (sz=64, trace=300000, class=java.net.URL@50000119)
	protocol	50000d9c
	host		500005d6
	file		50001a2e
	authority	500005d6
	path		50001a2e
	handler		50000dad
OBJ 500019e6 (sz=64, trace=300000, class=java.net.URL@50000119)
	protocol	50000d9c
	host		500005d6
	file		50001a2c
	authority	500005d6
	path		50001a2c
	handler		50000dad
OBJ 500019e7 (sz=64, trace=300000, class=java.net.URL@50000119)
	protocol	50000d9c
	host		500005d6
	file		50001a0f
	authority	500005d6
	path		50001a0f
	handler		50000dad
OBJ 500019e8 (sz=64, trace=300000, class=java.net.URL@50000119)
	protocol	50000d9c
	host		500005d6
	file		50001a0a
	authority	500005d6
	path		50001a0a
	handler		50000dad
OBJ 500019e9 (sz=64, trace=300000, class=java.net.URL@50000119)
	protocol	50000d9c
	host		500005d6
	file		500019f9
	authority	500005d6
	path		500019f9
	handler		50000dad
OBJ 500019ea (sz=64, trace=300000, class=java.net.URL@50000119)
	protocol	50000d9c
	host		500005d6
	file		500019f7
	authority	500005d6
	path		500019f7
	handler		50000dad
OBJ 500019eb (sz=64, trace=300000, class=java.net.URL@50000119)
	protocol	50000d9c
	host		500005d6
	file		500019f5
	authority	500005d6
	path		500019f5
	handler		50000dad
OBJ 500019ec (sz=64, trace=300000, class=java.net.URL@50000119)
	protocol	50000d9c
	host		500005d6
	file		500019f1
	authority	500005d6
	path		500019f1
	handler		50000dad
OBJ 500019ed (sz=56, trace=300687, class=java.util.zip.ZipFile$ZipFileInputStream@5000055e)
OBJ 500019ee (sz=64, trace=300000, class=java.net.URL@50000119)
	protocol	50000d9c
	host		500005d6
	file		500019ef
	authority	500005d6
	path		500019ef
	handler		50000dad
OBJ 500019ef (sz=24, trace=300000, class=java.lang.String@5000016e)
	value		500019f0
ARR 500019f0 (sz=118, trace=300000, nelems=59, elem type=char[])
OBJ 500019f1 (sz=24, trace=300000, class=java.lang.String@5000016e)
	value		500019f4
OBJ 500019f2 (sz=56, trace=300687, class=java.util.zip.ZipFile$ZipFileInputStream@5000055e)
	this$0		500004ee
OBJ 500019f3 (sz=40, trace=300106, class=java.lang.ref.Finalizer@5000014d)
	referent	500019f2
	queue		500003c8
	next		500019a3
	prev		50001a64
ARR 500019f4 (sz=126, trace=300000, nelems=63, elem type=char[])
OBJ 500019f5 (sz=24, trace=300000, class=java.lang.String@5000016e)
	value		500019f6
ARR 500019f6 (sz=126, trace=300000, nelems=63, elem type=char[])
OBJ 500019f7 (sz=24, trace=300000, class=java.lang.String@5000016e)
	value		500019f8
ARR 500019f8 (sz=138, trace=300000, nelems=69, elem type=char[])
OBJ 500019f9 (sz=24, trace=300000, class=java.lang.String@5000016e)
	value		50001a09
OBJ 500019fb (sz=16, trace=300157, class=java.lang.Object@50000172)
OBJ 500019fc (sz=32, trace=300159, class=java.util.concurrent.ConcurrentHashMap$Node@50000024)
	key		50000c4d
	val		500019fb
OBJ 500019fd (sz=16, trace=300160, class=java.lang.Object@50000172)
OBJ 500019fe (sz=32, trace=300159, class=java.util.concurrent.ConcurrentHashMap$Node@50000024)
	key		50000c4d
	val		500019fd
OBJ 500019ff (sz=16, trace=300157, class=java.lang.Object@50000172)
OBJ 50001a00 (sz=32, trace=300159, class=java.util.concurrent.ConcurrentHashMap$Node@50000024)
	key		50000b65
	val		500019ff
OBJ 50001a01 (sz=16, trace=300160, class=java.lang.Object@50000172)
OBJ 50001a02 (sz=32, trace=300159, class=java.util.concurrent.ConcurrentHashMap$Node@50000024)
	key		50000b65
	val		50001a01
OBJ 50001a04 (sz=16, trace=300157, class=java.lang.Object@50000172)
OBJ 50001a05 (sz=32, trace=300159, class=java.util.concurrent.ConcurrentHashMap$Node@50000024)
	key		50000cc7
	val		50001a04
OBJ 50001a06 (sz=16, trace=300160, class=java.lang.Object@50000172)
OBJ 50001a07 (sz=32, trace=300159, class=java.util.concurrent.ConcurrentHashMap$Node@50000024)
	key		50000cc7
	val		50001a06
ARR 50001a09 (sz=118, trace=300000, nelems=59, elem type=char[])
OBJ 50001a0a (sz=24, trace=300000, class=java.lang.String@5000016e)
	value		50001a0b
ARR 50001a0b (sz=122, trace=300000, nelems=61, elem type=char[])
OBJ 50001a0c (sz=56, trace=300679, class=java.lang.Class$ReflectionData@500000a5)
OBJ 50001a0d (sz=40, trace=300040, class=java.lang.ref.SoftReference@50000152)
OBJ 50001a0e (sz=88, trace=300681, class=java.lang.reflect.Method@5000013e)
OBJ 50001a0f (sz=24, trace=300000, class=java.lang.String@5000016e)
	value		50001a10
ARR 50001a10 (sz=128, trace=300000, nelems=64, elem type=char[])
OBJ 50001a11 (sz=24, trace=300811, class=sun.reflect.NativeMethodAccessorImpl@50001630)
OBJ 50001a12 (sz=16, trace=300813, class=sun.reflect.DelegatingMethodAccessorImpl@50001632)
OBJ 50001a13 (sz=16, trace=300157, class=java.lang.Object@50000172)
OBJ 50001a14 (sz=32, trace=300815, class=java.util.RegularEnumSet@50001634)
	elementType	50000b92
	universe	50002d99
OBJ 50001a15 (sz=16, trace=300157, class=java.lang.Object@50000172)
OBJ 50001a16 (sz=32, trace=300159, class=java.util.concurrent.ConcurrentHashMap$Node@50000024)
	key		50000ae3
	val		50001a15
OBJ 50001a17 (sz=16, trace=300160, class=java.lang.Object@50000172)
OBJ 50001a18 (sz=32, trace=300159, class=java.util.concurrent.ConcurrentHashMap$Node@50000024)
	key		50000ae3
	val		50001a17
OBJ 50001a1a (sz=16, trace=300825, class=java.util.Collections$UnmodifiableSet@50001a19)
	c		50001a14
OBJ 50001a1b (sz=16, trace=300157, class=java.lang.Object@50000172)
OBJ 50001a1c (sz=32, trace=300159, class=java.util.concurrent.ConcurrentHashMap$Node@50000024)
	key		50000bc0
	val		50001a1b
OBJ 50001a1d (sz=16, trace=300160, class=java.lang.Object@50000172)
OBJ 50001a1e (sz=32, trace=300159, class=java.util.concurrent.ConcurrentHashMap$Node@50000024)
	key		50000bc0
	val		50001a1d
ARR 50001a1f (sz=24, trace=300826, nelems=2, elem type=java.lang.String[]@500000c8)
	[0]		50000e40
	[1]		50002d96
OBJ 50001a20 (sz=16, trace=300827, class=com.sun.tools.javac.file.RelativePath$RelativeDirectory@500019b3)
	path		50002d95
OBJ 50001a21 (sz=16, trace=300157, class=java.lang.Object@50000172)
OBJ 50001a22 (sz=32, trace=300159, class=java.util.concurrent.ConcurrentHashMap$Node@50000024)
	key		50000b9c
	val		50001a21
OBJ 50001a23 (sz=16, trace=300160, class=java.lang.Object@50000172)
OBJ 50001a24 (sz=32, trace=300159, class=java.util.concurrent.ConcurrentHashMap$Node@50000024)
	key		50000b9c
	val		50001a23
OBJ 50001a25 (sz=16, trace=300157, class=java.lang.Object@50000172)
OBJ 50001a26 (sz=32, trace=300683, class=java.util.concurrent.ConcurrentHashMap$Node@50000024)
	key		50000b19
	val		50001a25
	next		50000971
OBJ 50001a27 (sz=16, trace=300160, class=java.lang.Object@50000172)
OBJ 50001a28 (sz=32, trace=300683, class=java.util.concurrent.ConcurrentHashMap$Node@50000024)
	key		50000b19
	val		50001a27
	next		50000973
OBJ 50001a29 (sz=32, trace=300159, class=java.util.concurrent.ConcurrentHashMap$Node@50000024)
	key		50000d15
	val		50001a13
OBJ 50001a2a (sz=16, trace=300160, class=java.lang.Object@50000172)
OBJ 50001a2b (sz=32, trace=300159, class=java.util.concurrent.ConcurrentHashMap$Node@50000024)
	key		50000d15
	val		50001a2a
OBJ 50001a2c (sz=24, trace=300000, class=java.lang.String@5000016e)
	value		50001a2d
ARR 50001a2d (sz=118, trace=300000, nelems=59, elem type=char[])
OBJ 50001a2e (sz=24, trace=300000, class=java.lang.String@5000016e)
	value		50001a2f
ARR 50001a2f (sz=122, trace=300000, nelems=61, elem type=char[])
OBJ 50001a30 (sz=24, trace=300000, class=java.lang.String@5000016e)
	value		50001a31
ARR 50001a31 (sz=118, trace=300000, nelems=59, elem type=char[])
OBJ 50001a32 (sz=24, trace=300000, class=java.lang.String@5000016e)
	value		50001a33
ARR 50001a33 (sz=124, trace=300000, nelems=62, elem type=char[])
OBJ 50001a34 (sz=24, trace=300000, class=java.lang.String@5000016e)
	value		50001a35
ARR 50001a35 (sz=140, trace=300000, nelems=70, elem type=char[])
ARR 50001a36 (sz=96, trace=300000, nelems=0, elem type=java.lang.Object[]@50000108)
OBJ 50001a37 (sz=24, trace=300000, class=java.lang.String@5000016e)
	value		50001a38
ARR 50001a38 (sz=8, trace=300000, nelems=4, elem type=char[])
OBJ 50001a39 (sz=32, trace=300000, class=java.lang.ref.ReferenceQueue@5000014c)
	lock		50001a3b
ARR 50001a3a (sz=80, trace=300000, nelems=0, elem type=java.util.WeakHashMap$Entry[]@50000048)
OBJ 50001a3b (sz=16, trace=300000, class=java.lang.ref.ReferenceQueue$Lock@500000d1)
OBJ 50001a3c (sz=24, trace=300000, class=java.lang.String@5000016e)
	value		50001a46
OBJ 50001a3d (sz=24, trace=300000, class=java.lang.String@5000016e)
	value		50001a45
OBJ 50001a3e (sz=24, trace=300000, class=java.lang.String@5000016e)
	value		50001a44
OBJ 50001a3f (sz=16, trace=300000, class=sun.misc.Launcher@50000117)
	loader		500003d7
OBJ 50001a40 (sz=16, trace=300000, class=sun.misc.Launcher$Factory@5000004e)
OBJ 50001a41 (sz=24, trace=300000, class=java.lang.String@5000016e)
	value		50001a42
ARR 50001a42 (sz=30, trace=300000, nelems=15, elem type=char[])
ARR 50001a43 (sz=12, trace=300000, nelems=6, elem type=char[])
ARR 50001a44 (sz=38, trace=300000, nelems=19, elem type=char[])
ARR 50001a45 (sz=42, trace=300000, nelems=21, elem type=char[])
ARR 50001a46 (sz=26, trace=300000, nelems=13, elem type=char[])
OBJ 50001a47 (sz=24, trace=300000, class=java.lang.String@5000016e)
	value		50001a50
OBJ 50001a48 (sz=24, trace=300000, class=java.lang.String@5000016e)
	value		50001a4e
OBJ 50001a49 (sz=24, trace=300000, class=java.lang.String@5000016e)
	value		50001a4d
OBJ 50001a4a (sz=24, trace=300000, class=java.lang.String@5000016e)
	value		50001a4c
OBJ 50001a4b (sz=24, trace=300000, class=java.lang.String@5000016e)
	value		50001a4f
ARR 50001a4c (sz=4, trace=300000, nelems=2, elem type=char[])
ARR 50001a4d (sz=10, trace=300000, nelems=5, elem type=char[])
ARR 50001a4e (sz=12, trace=300000, nelems=6, elem type=char[])
ARR 50001a4f (sz=12, trace=300000, nelems=6, elem type=char[])
ARR 50001a50 (sz=16, trace=300000, nelems=8, elem type=char[])
OBJ 50001a51 (sz=64, trace=300000, class=java.net.URL@50000119)
	protocol	50000d9c
	host		500005d6
	file		50001a52
	authority	500005d6
	path		50001a52
	handler		50000dad
OBJ 50001a52 (sz=24, trace=300000, class=java.lang.String@5000016e)
	value		50001a53
ARR 50001a53 (sz=102, trace=300000, nelems=51, elem type=char[])
ARR 50001a54 (sz=16, trace=300000, nelems=8, elem type=char[])
ARR 50001a55 (sz=14, trace=300000, nelems=7, elem type=char[])
OBJ 50001a56 (sz=24, trace=300000, class=java.lang.String@5000016e)
	value		50002abd
OBJ 50001a57 (sz=24, trace=300000, class=java.lang.String@5000016e)
	value		50002a65
OBJ 50001a58 (sz=24, trace=300000, class=java.lang.String@5000016e)
	value		50002ad5
OBJ 50001a59 (sz=24, trace=300000, class=java.lang.String@5000016e)
	value		50002a9f
OBJ 50001a5a (sz=24, trace=300000, class=java.lang.String@5000016e)
	value		50002a95
OBJ 50001a5b (sz=24, trace=300000, class=java.lang.String@5000016e)
	value		50002ac3
OBJ 50001a5c (sz=24, trace=300000, class=java.lang.String@5000016e)
	value		50002afd
OBJ 50001a5d (sz=24, trace=300000, class=java.lang.String@5000016e)
	value		50002aeb
OBJ 50001a5e (sz=56, trace=300687, class=java.util.zip.ZipFile$ZipFileInputStream@5000055e)
OBJ 50001a5f (sz=24, trace=300000, class=java.lang.String@5000016e)
	value		50002ac1
OBJ 50001a60 (sz=24, trace=300000, class=java.lang.String@5000016e)
	value		50002a51
OBJ 50001a61 (sz=24, trace=300000, class=java.lang.String@5000016e)
	value		50002a55
OBJ 50001a62 (sz=24, trace=300000, class=java.lang.String@5000016e)
	value		50002ad9
OBJ 50001a63 (sz=56, trace=300687, class=java.util.zip.ZipFile$ZipFileInputStream@5000055e)
	this$0		500004ee
OBJ 50001a64 (sz=40, trace=300106, class=java.lang.ref.Finalizer@5000014d)
	referent	50001a63
	queue		500003c8
	next		500019f3
	prev		50001acb
OBJ 50001a65 (sz=24, trace=300000, class=java.lang.String@5000016e)
	value		50002a7b
OBJ 50001a66 (sz=24, trace=300000, class=java.lang.String@5000016e)
	value		50002acb
OBJ 50001a67 (sz=24, trace=300000, class=java.lang.String@5000016e)
	value		50002ab3
OBJ 50001a68 (sz=24, trace=300000, class=java.lang.String@5000016e)
	value		50002a61
OBJ 50001a69 (sz=24, trace=300000, class=java.lang.String@5000016e)
	value		50002a81
OBJ 50001a6b (sz=16, trace=300828, class=com.sun.tools.javac.file.JavacFileManager$1@50001a6a)
OBJ 50001a6c (sz=16, trace=300829, class=com.sun.tools.javac.util.Context$Key@50001506)
ARR 50001a6d (sz=80, trace=300830, nelems=0, elem type=java.util.HashMap$Node[]@500000c2)
OBJ 50001a6e (sz=32, trace=300221, class=java.util.HashMap$Node@500000c4)
ARR 50001a6f (sz=80, trace=300831, nelems=0, elem type=java.util.HashMap$Node[]@500000c2)
OBJ 50001a70 (sz=32, trace=300221, class=java.util.HashMap$Node@500000c4)
ARR 50001a71 (sz=80, trace=300832, nelems=0, elem type=java.util.HashMap$Node[]@500000c2)
OBJ 50001a72 (sz=32, trace=300221, class=java.util.HashMap$Node@500000c4)
OBJ 50001a73 (sz=16, trace=300157, class=java.lang.Object@50000172)
OBJ 50001a74 (sz=32, trace=300683, class=java.util.concurrent.ConcurrentHashMap$Node@50000024)
	key		50000c95
	val		50001a73
	next		50000c37
OBJ 50001a75 (sz=16, trace=300160, class=java.lang.Object@50000172)
OBJ 50001a76 (sz=32, trace=300683, class=java.util.concurrent.ConcurrentHashMap$Node@50000024)
	key		50000c95
	val		50001a75
	next		50000c39
OBJ 50001a77 (sz=24, trace=300000, class=java.lang.String@5000016e)
	value		50002a79
OBJ 50001a78 (sz=24, trace=300000, class=java.lang.String@5000016e)
	value		50002abf
OBJ 50001a79 (sz=24, trace=300000, class=java.lang.String@5000016e)
	value		50002a97
OBJ 50001a7a (sz=24, trace=300000, class=java.lang.String@5000016e)
	value		50002a4d
OBJ 50001a7b (sz=24, trace=300000, class=java.lang.String@5000016e)
	value		50002aab
OBJ 50001a7e (sz=16, trace=300157, class=java.lang.Object@50000172)
OBJ 50001a7f (sz=32, trace=300683, class=java.util.concurrent.ConcurrentHashMap$Node@50000024)
	key		50000bca
	val		50001a7e
OBJ 50001a80 (sz=16, trace=300160, class=java.lang.Object@50000172)
OBJ 50001a81 (sz=32, trace=300683, class=java.util.concurrent.ConcurrentHashMap$Node@50000024)
	key		50000bca
	val		50001a80
OBJ 50001a82 (sz=16, trace=300157, class=java.lang.Object@50000172)
OBJ 50001a83 (sz=32, trace=300683, class=java.util.concurrent.ConcurrentHashMap$Node@50000024)
	key		50000d4b
	val		50001a82
OBJ 50001a84 (sz=16, trace=300160, class=java.lang.Object@50000172)
OBJ 50001a85 (sz=32, trace=300683, class=java.util.concurrent.ConcurrentHashMap$Node@50000024)
	key		50000d4b
	val		50001a84
OBJ 50001a86 (sz=24, trace=300000, class=java.lang.String@5000016e)
	value		50002ad7
OBJ 50001a87 (sz=24, trace=300000, class=java.lang.String@5000016e)
	value		50002ab1
OBJ 50001a88 (sz=24, trace=300000, class=java.lang.String@5000016e)
	value		50002ac7
OBJ 50001a89 (sz=24, trace=300000, class=java.lang.String@5000016e)
	value		50002aa3
OBJ 50001a8a (sz=24, trace=300000, class=java.lang.String@5000016e)
	value		50002a59
OBJ 50001a8b (sz=24, trace=300000, class=java.lang.String@5000016e)
	value		50002a85
OBJ 50001a8c (sz=24, trace=300000, class=java.lang.String@5000016e)
	value		50002a9b
OBJ 50001a8d (sz=24, trace=300000, class=java.lang.String@5000016e)
	value		50002aff
OBJ 50001a8e (sz=24, trace=300000, class=java.lang.String@5000016e)
	value		50002ab5
OBJ 50001a8f (sz=24, trace=300000, class=java.lang.String@5000016e)
	value		50002a91
OBJ 50001a90 (sz=24, trace=300000, class=java.lang.String@5000016e)
	value		50002aa9
OBJ 50001a91 (sz=24, trace=300000, class=java.lang.String@5000016e)
	value		50002a8b
OBJ 50001a92 (sz=24, trace=300000, class=java.lang.String@5000016e)
	value		50002ad1
OBJ 50001a93 (sz=24, trace=300000, class=java.lang.String@5000016e)
	value		50002a40
OBJ 50001a94 (sz=24, trace=300000, class=java.lang.String@5000016e)
	value		50002ab7
OBJ 50001a95 (sz=24, trace=300000, class=java.lang.String@5000016e)
	value		50002adb
OBJ 50001a96 (sz=24, trace=300000, class=java.lang.String@5000016e)
	value		50002abb
OBJ 50001a97 (sz=24, trace=300000, class=java.lang.String@5000016e)
	value		50002a48
OBJ 50001a98 (sz=24, trace=300000, class=java.lang.String@5000016e)
	value		50002ad3
OBJ 50001a99 (sz=24, trace=300000, class=java.lang.String@5000016e)
	value		50002aa7
OBJ 50001a9a (sz=24, trace=300000, class=java.lang.String@5000016e)
	value		50002a6b
OBJ 50001a9b (sz=24, trace=300000, class=java.lang.String@5000016e)
	value		50002ae3
OBJ 50001a9c (sz=24, trace=300000, class=java.lang.String@5000016e)
	value		50002aa1
OBJ 50001a9d (sz=24, trace=300000, class=java.lang.String@5000016e)
	value		50002af5
OBJ 50001a9e (sz=24, trace=300000, class=java.lang.String@5000016e)
	value		50002a53
OBJ 50001a9f (sz=24, trace=300000, class=java.lang.String@5000016e)
	value		50002adf
OBJ 50001aa0 (sz=24, trace=300000, class=java.lang.String@5000016e)
	value		50002a69
OBJ 50001aa1 (sz=24, trace=300000, class=java.lang.String@5000016e)
	value		50002a99
OBJ 50001aa2 (sz=24, trace=300000, class=java.lang.String@5000016e)
	value		50002a42
OBJ 50001aa3 (sz=24, trace=300000, class=java.lang.String@5000016e)
	value		50002a4a
OBJ 50001aa4 (sz=24, trace=300000, class=java.lang.String@5000016e)
	value		50002ae7
OBJ 50001aa5 (sz=24, trace=300000, class=java.lang.String@5000016e)
	value		50002a67
OBJ 50001aa6 (sz=24, trace=300000, class=java.lang.String@5000016e)
	value		50002aad
OBJ 50001aa7 (sz=24, trace=300000, class=java.lang.String@5000016e)
	value		50002aa5
OBJ 50001aa8 (sz=24, trace=300000, class=java.lang.String@5000016e)
	value		50002a8f
OBJ 50001aa9 (sz=24, trace=300000, class=java.lang.String@5000016e)
	value		50002a71
OBJ 50001aaa (sz=24, trace=300000, class=java.lang.String@5000016e)
	value		50002a6f
OBJ 50001aab (sz=24, trace=300000, class=java.lang.String@5000016e)
	value		50002a6d
OBJ 50001aac (sz=56, trace=300687, class=java.util.zip.ZipFile$ZipFileInputStream@5000055e)
OBJ 50001aad (sz=24, trace=300000, class=java.lang.String@5000016e)
	value		50002a7f
OBJ 50001aae (sz=24, trace=300000, class=java.lang.String@5000016e)
	value		50002acd
OBJ 50001aaf (sz=24, trace=300000, class=java.lang.String@5000016e)
	value		50002aaf
OBJ 50001ab0 (sz=24, trace=300000, class=java.lang.String@5000016e)
	value		50002ae1
OBJ 50001ab1 (sz=24, trace=300000, class=java.lang.String@5000016e)
	value		50002a4f
OBJ 50001ab2 (sz=24, trace=300000, class=java.lang.String@5000016e)
	value		50002af3
OBJ 50001ab3 (sz=24, trace=300000, class=java.lang.String@5000016e)
	value		50002a7d
OBJ 50001ab4 (sz=24, trace=300000, class=java.lang.String@5000016e)
	value		50002afb
OBJ 50001ab5 (sz=24, trace=300000, class=java.lang.String@5000016e)
	value		50002ae5
OBJ 50001ab6 (sz=24, trace=300000, class=java.lang.String@5000016e)
	value		50002ab9
OBJ 50001ab7 (sz=24, trace=300000, class=java.lang.String@5000016e)
	value		50002a57
OBJ 50001ab8 (sz=24, trace=300000, class=java.lang.String@5000016e)
	value		50002a5f
OBJ 50001ab9 (sz=24, trace=300000, class=java.lang.String@5000016e)
	value		50002a9d
OBJ 50001aba (sz=24, trace=300000, class=java.lang.String@5000016e)
	value		50002a73
OBJ 50001abb (sz=16, trace=300157, class=java.lang.Object@50000172)
OBJ 50001abc (sz=32, trace=300159, class=java.util.concurrent.ConcurrentHashMap$Node@50000024)
	key		50000b6f
	val		50001abb
OBJ 50001abd (sz=16, trace=300160, class=java.lang.Object@50000172)
OBJ 50001abe (sz=32, trace=300159, class=java.util.concurrent.ConcurrentHashMap$Node@50000024)
	key		50000b6f
	val		50001abd
OBJ 50001abf (sz=16, trace=300157, class=java.lang.Object@50000172)
OBJ 50001ac0 (sz=32, trace=300159, class=java.util.concurrent.ConcurrentHashMap$Node@50000024)
	key		50000cbd
	val		50001abf
OBJ 50001ac1 (sz=16, trace=300160, class=java.lang.Object@50000172)
OBJ 50001ac2 (sz=32, trace=300159, class=java.util.concurrent.ConcurrentHashMap$Node@50000024)
	key		50000cbd
	val		50001ac1
OBJ 50001ac4 (sz=16, trace=300157, class=java.lang.Object@50000172)
OBJ 50001ac5 (sz=32, trace=300159, class=java.util.concurrent.ConcurrentHashMap$Node@50000024)
	key		50000bfe
	val		50001ac4
OBJ 50001ac6 (sz=16, trace=300160, class=java.lang.Object@50000172)
OBJ 50001ac7 (sz=32, trace=300159, class=java.util.concurrent.ConcurrentHashMap$Node@50000024)
	key		50000bfe
	val		50001ac6
OBJ 50001ac8 (sz=24, trace=300000, class=java.lang.String@5000016e)
	value		50002ae9
OBJ 50001ac9 (sz=24, trace=300000, class=java.lang.String@5000016e)
	value		50002a83
OBJ 50001aca (sz=56, trace=300687, class=java.util.zip.ZipFile$ZipFileInputStream@5000055e)
	this$0		500004ee
OBJ 50001acb (sz=40, trace=300106, class=java.lang.ref.Finalizer@5000014d)
	referent	50001aca
	queue		500003c8
	next		50001a64
	prev		50001b27
OBJ 50001acc (sz=24, trace=300000, class=java.lang.String@5000016e)
	value		50002af9
OBJ 50001acd (sz=24, trace=300000, class=java.lang.String@5000016e)
	value		50002a75
OBJ 50001ace (sz=24, trace=300000, class=java.lang.String@5000016e)
	value		50002a3c
OBJ 50001acf (sz=24, trace=300000, class=java.lang.String@5000016e)
	value		50002aef
OBJ 50001ad0 (sz=24, trace=300000, class=java.lang.String@5000016e)
	value		50002aed
OBJ 50001ad1 (sz=24, trace=300000, class=java.lang.String@5000016e)
	value		50002a8d
OBJ 50001ad2 (sz=24, trace=300000, class=java.lang.String@5000016e)
	value		50002af7
OBJ 50001ad3 (sz=24, trace=300000, class=java.lang.String@5000016e)
	value		50002a89
OBJ 50001ad4 (sz=24, trace=300000, class=java.lang.String@5000016e)
	value		50002a63
OBJ 50001ad5 (sz=24, trace=300000, class=java.lang.String@5000016e)
	value		50002add
OBJ 50001ad7 (sz=16, trace=300157, class=java.lang.Object@50000172)
OBJ 50001ad8 (sz=32, trace=300159, class=java.util.concurrent.ConcurrentHashMap$Node@50000024)
	key		50000c2e
	val		50001ad7
OBJ 50001ad9 (sz=16, trace=300160, class=java.lang.Object@50000172)
OBJ 50001ada (sz=32, trace=300159, class=java.util.concurrent.ConcurrentHashMap$Node@50000024)
	key		50000c2e
	val		50001ad9
OBJ 50001adb (sz=24, trace=300000, class=java.lang.String@5000016e)
	value		50002a3b
OBJ 50001adc (sz=24, trace=300000, class=java.lang.String@5000016e)
	value		50002aea
OBJ 50001add (sz=24, trace=300000, class=java.lang.String@5000016e)
	value		50002aee
OBJ 50001ade (sz=24, trace=300000, class=java.lang.String@5000016e)
	value		50002af0
OBJ 50001adf (sz=24, trace=300000, class=java.lang.String@5000016e)
	value		50002ac4
OBJ 50001ae0 (sz=24, trace=300000, class=java.lang.String@5000016e)
	value		50002aec
OBJ 50001ae1 (sz=24, trace=300000, class=java.lang.String@5000016e)
	value		50002a5a
OBJ 50001ae2 (sz=24, trace=300000, class=java.lang.String@5000016e)
	value		50002a8c
OBJ 50001ae3 (sz=24, trace=300000, class=java.lang.String@5000016e)
	value		50002af6
OBJ 50001ae4 (sz=24, trace=300000, class=java.lang.String@5000016e)
	value		50002a88
OBJ 50001ae5 (sz=24, trace=300000, class=java.lang.String@5000016e)
	value		50002a62
OBJ 50001ae6 (sz=24, trace=300000, class=java.lang.String@5000016e)
	value		50002adc
OBJ 50001ae7 (sz=24, trace=300000, class=java.lang.String@5000016e)
	value		50002a45
OBJ 50001ae8 (sz=24, trace=300000, class=java.lang.String@5000016e)
	value		50002a5c
OBJ 50001ae9 (sz=24, trace=300000, class=java.lang.String@5000016e)
	value		50002a86
OBJ 50001aea (sz=24, trace=300000, class=java.lang.String@5000016e)
	value		50002a3d
OBJ 50001aeb (sz=24, trace=300000, class=java.lang.String@5000016e)
	value		50002ace
OBJ 50001aec (sz=24, trace=300000, class=java.lang.String@5000016e)
	value		50002a4c
OBJ 50001aed (sz=24, trace=300000, class=java.lang.String@5000016e)
	value		50002ad4
OBJ 50001aee (sz=24, trace=300000, class=java.lang.String@5000016e)
	value		50002a43
OBJ 50001aef (sz=24, trace=300000, class=java.lang.String@5000016e)
	value		50002abc
OBJ 50001af0 (sz=24, trace=300000, class=java.lang.String@5000016e)
	value		50002a64
OBJ 50001af1 (sz=24, trace=300000, class=java.lang.String@5000016e)
	value		50002a9e
OBJ 50001af2 (sz=24, trace=300000, class=java.lang.String@5000016e)
	value		50002a82
OBJ 50001af3 (sz=24, trace=300000, class=java.lang.String@5000016e)
	value		50002af8
OBJ 50001af4 (sz=24, trace=300000, class=java.lang.String@5000016e)
	value		50002ae8
OBJ 50001af5 (sz=24, trace=300000, class=java.lang.String@5000016e)
	value		50002ada
OBJ 50001af6 (sz=24, trace=300000, class=java.lang.String@5000016e)
	value		50002aac
OBJ 50001af7 (sz=24, trace=300000, class=java.lang.String@5000016e)
	value		50002ae2
OBJ 50001af8 (sz=24, trace=300000, class=java.lang.String@5000016e)
	value		50002a72
OBJ 50001af9 (sz=24, trace=300000, class=java.lang.String@5000016e)
	value		50002af4
OBJ 50001afa (sz=24, trace=300000, class=java.lang.String@5000016e)
	value		50002aaa
OBJ 50001afb (sz=24, trace=300000, class=java.lang.String@5000016e)
	value		50002aa0
OBJ 50001afc (sz=24, trace=300000, class=java.lang.String@5000016e)
	value		50002a84
OBJ 50001afd (sz=56, trace=300687, class=java.util.zip.ZipFile$ZipFileInputStream@5000055e)
OBJ 50001afe (sz=24, trace=300000, class=java.lang.String@5000016e)
	value		50002a94
OBJ 50001aff (sz=24, trace=300000, class=java.lang.String@5000016e)
	value		50002afc
OBJ 50001b00 (sz=24, trace=300000, class=java.lang.String@5000016e)
	value		50002a9a
OBJ 50001b01 (sz=24, trace=300000, class=java.lang.String@5000016e)
	value		50002a58
OBJ 50001b02 (sz=24, trace=300000, class=java.lang.String@5000016e)
	value		50002aa4
OBJ 50001b03 (sz=24, trace=300000, class=java.lang.String@5000016e)
	value		50002a50
OBJ 50001b04 (sz=24, trace=300000, class=java.lang.String@5000016e)
	value		50002ac0
OBJ 50001b05 (sz=24, trace=300000, class=java.lang.String@5000016e)
	value		50002a54
OBJ 50001b06 (sz=24, trace=300000, class=java.lang.String@5000016e)
	value		50002ad8
OBJ 50001b07 (sz=24, trace=300000, class=java.lang.String@5000016e)
	value		50002a7a
OBJ 50001b08 (sz=24, trace=300000, class=java.lang.String@5000016e)
	value		50002aca
OBJ 50001b0a (sz=16, trace=300157, class=java.lang.Object@50000172)
OBJ 50001b0b (sz=32, trace=300159, class=java.util.concurrent.ConcurrentHashMap$Node@50000024)
	key		50000b0f
	val		50001b0a
OBJ 50001b0c (sz=16, trace=300160, class=java.lang.Object@50000172)
OBJ 50001b0d (sz=32, trace=300159, class=java.util.concurrent.ConcurrentHashMap$Node@50000024)
	key		50000b0f
	val		50001b0c
OBJ 50001b0e (sz=16, trace=300157, class=java.lang.Object@50000172)
OBJ 50001b0f (sz=32, trace=300683, class=java.util.concurrent.ConcurrentHashMap$Node@50000024)
	key		50000bcf
	val		50001b0e
OBJ 50001b10 (sz=16, trace=300160, class=java.lang.Object@50000172)
OBJ 50001b11 (sz=32, trace=300683, class=java.util.concurrent.ConcurrentHashMap$Node@50000024)
	key		50000bcf
	val		50001b10
OBJ 50001b13 (sz=16, trace=300157, class=java.lang.Object@50000172)
OBJ 50001b14 (sz=32, trace=300159, class=java.util.concurrent.ConcurrentHashMap$Node@50000024)
	key		50000d49
	val		50001b13
	next		50001a83
OBJ 50001b15 (sz=16, trace=300160, class=java.lang.Object@50000172)
OBJ 50001b16 (sz=32, trace=300159, class=java.util.concurrent.ConcurrentHashMap$Node@50000024)
	key		50000d49
	val		50001b15
	next		50001a85
OBJ 50001b18 (sz=24, trace=300833, class=com.sun.tools.javac.util.List$1@50001b09)
OBJ 50001b19 (sz=16, trace=300157, class=java.lang.Object@50000172)
OBJ 50001b1a (sz=32, trace=300159, class=java.util.concurrent.ConcurrentHashMap$Node@50000024)
	key		50000c00
	val		50001b19
OBJ 50001b1b (sz=16, trace=300160, class=java.lang.Object@50000172)
OBJ 50001b1c (sz=32, trace=300159, class=java.util.concurrent.ConcurrentHashMap$Node@50000024)
	key		50000c00
	val		50001b1b
OBJ 50001b1d (sz=24, trace=300000, class=java.lang.String@5000016e)
	value		50002ab2
OBJ 50001b1e (sz=24, trace=300000, class=java.lang.String@5000016e)
	value		50002b00
OBJ 50001b1f (sz=24, trace=300000, class=java.lang.String@5000016e)
	value		50002a60
OBJ 50001b20 (sz=24, trace=300000, class=java.lang.String@5000016e)
	value		50002a80
OBJ 50001b21 (sz=24, trace=300000, class=java.lang.String@5000016e)
	value		50002a78
OBJ 50001b22 (sz=24, trace=300000, class=java.lang.String@5000016e)
	value		50002ac2
OBJ 50001b23 (sz=24, trace=300000, class=java.lang.String@5000016e)
	value		50002abe
OBJ 50001b24 (sz=24, trace=300000, class=java.lang.String@5000016e)
	value		50002a96
OBJ 50001b25 (sz=24, trace=300000, class=java.lang.String@5000016e)
	value		50002ad2
OBJ 50001b26 (sz=56, trace=300687, class=java.util.zip.ZipFile$ZipFileInputStream@5000055e)
	this$0		500004ee
OBJ 50001b27 (sz=40, trace=300106, class=java.lang.ref.Finalizer@5000014d)
	referent	50001b26
	queue		500003c8
	next		50001acb
	prev		50001b87
OBJ 50001b28 (sz=24, trace=300000, class=java.lang.String@5000016e)
	value		50002a7c
OBJ 50001b29 (sz=24, trace=300000, class=java.lang.String@5000016e)
	value		50002afa
OBJ 50001b2a (sz=24, trace=300000, class=java.lang.String@5000016e)
	value		50002a47
OBJ 50001b2b (sz=24, trace=300000, class=java.lang.String@5000016e)
	value		50002a6c
OBJ 50001b2c (sz=24, trace=300000, class=java.lang.String@5000016e)
	value		50002aae
OBJ 50001b2d (sz=24, trace=300000, class=java.lang.String@5000016e)
	value		50002aa6
OBJ 50001b2e (sz=24, trace=300000, class=java.lang.String@5000016e)
	value		50002a6a
OBJ 50001b2f (sz=24, trace=300000, class=java.lang.String@5000016e)
	value		50002afe
OBJ 50001b30 (sz=24, trace=300000, class=java.lang.String@5000016e)
	value		50002ad0
OBJ 50001b31 (sz=24, trace=300000, class=java.lang.String@5000016e)
	value		50002aa8
OBJ 50001b32 (sz=24, trace=300000, class=java.lang.String@5000016e)
	value		50002ae4
OBJ 50001b33 (sz=24, trace=300000, class=java.lang.String@5000016e)
	value		50002a52
OBJ 50001b34 (sz=24, trace=300000, class=java.lang.String@5000016e)
	value		50002a56
OBJ 50001b36 (sz=16, trace=300157, class=java.lang.Object@50000172)
OBJ 50001b37 (sz=32, trace=300683, class=java.util.concurrent.ConcurrentHashMap$Node@50000024)
	key		50000b98
	val		50001b36
OBJ 50001b38 (sz=16, trace=300160, class=java.lang.Object@50000172)
OBJ 50001b39 (sz=32, trace=300683, class=java.util.concurrent.ConcurrentHashMap$Node@50000024)
	key		50000b98
	val		50001b38
OBJ 50001b3a (sz=24, trace=300000, class=java.lang.String@5000016e)
	value		50002a7e
OBJ 50001b3b (sz=24, trace=300000, class=java.lang.String@5000016e)
	value		50002acc
OBJ 50001b3c (sz=24, trace=300000, class=java.lang.String@5000016e)
	value		50002a68
OBJ 50001b3d (sz=24, trace=300000, class=java.lang.String@5000016e)
	value		50002ac6
OBJ 50001b3e (sz=24, trace=300000, class=java.lang.String@5000016e)
	value		50002a8a
OBJ 50001b3f (sz=24, trace=300000, class=java.lang.String@5000016e)
	value		50002a90
OBJ 50001b40 (sz=24, trace=300000, class=java.lang.String@5000016e)
	value		50002ae0
OBJ 50001b41 (sz=24, trace=300000, class=java.lang.String@5000016e)
	value		50002a3f
OBJ 50001b42 (sz=24, trace=300000, class=java.lang.String@5000016e)
	value		50002a5e
OBJ 50001b43 (sz=24, trace=300000, class=java.lang.String@5000016e)
	value		50002ae6
OBJ 50001b44 (sz=24, trace=300000, class=java.lang.String@5000016e)
	value		50002a41
OBJ 50001b45 (sz=24, trace=300000, class=java.lang.String@5000016e)
	value		50002a98
OBJ 50001b46 (sz=24, trace=300000, class=java.lang.String@5000016e)
	value		50002ade
OBJ 50001b47 (sz=24, trace=300000, class=java.lang.String@5000016e)
	value		50002a49
OBJ 50001b48 (sz=24, trace=300000, class=java.lang.String@5000016e)
	value		50002ab0
OBJ 50001b49 (sz=24, trace=300000, class=java.lang.String@5000016e)
	value		50002ab6
OBJ 50001b4a (sz=24, trace=300000, class=java.lang.String@5000016e)
	value		50002a4e
OBJ 50001b4b (sz=24, trace=300000, class=java.lang.String@5000016e)
	value		50002ad6
OBJ 50001b4c (sz=24, trace=300000, class=java.lang.String@5000016e)
	value		50002a9c
OBJ 50001b4d (sz=24, trace=300000, class=java.lang.String@5000016e)
	value		50002a8e
OBJ 50001b4e (sz=24, trace=300000, class=java.lang.String@5000016e)
	value		50002aa2
OBJ 50001b4f (sz=24, trace=300000, class=java.lang.String@5000016e)
	value		50002a6e
OBJ 50001b50 (sz=24, trace=300000, class=java.lang.String@5000016e)
	value		50002a70
OBJ 50001b51 (sz=24, trace=300000, class=java.lang.String@5000016e)
	value		50002a66
OBJ 50001b52 (sz=56, trace=300687, class=java.util.zip.ZipFile$ZipFileInputStream@5000055e)
OBJ 50001b53 (sz=24, trace=300000, class=java.lang.String@5000016e)
	value		50002ab8
OBJ 50001b54 (sz=24, trace=300000, class=java.lang.String@5000016e)
	value		50002af2
OBJ 50001b55 (sz=24, trace=300000, class=java.lang.String@5000016e)
	value		50002ab4
OBJ 50001b56 (sz=24, trace=300000, class=java.lang.String@5000016e)
	value		50002aba
OBJ 50001b57 (sz=24, trace=300000, class=java.lang.String@5000016e)
	value		50002a74
OBJ 50001b58 (sz=24, trace=300000, class=java.lang.String@5000016e)
	value		50002a4b
OBJ 50001b59 (sz=24, trace=300000, class=java.lang.String@5000016e)
	value		50002ac8
OBJ 50001b5a (sz=24, trace=300000, class=java.lang.String@5000016e)
	value		50002a92
OBJ 50001b5b (sz=24, trace=300000, class=java.lang.String@5000016e)
	value		50002a76
OBJ 50001b5c (sz=24, trace=300000, class=java.lang.String@5000016e)
	value		50002a5b
OBJ 50001b5d (sz=24, trace=300000, class=java.lang.String@5000016e)
	value		50002b01
OBJ 50001b5f (sz=16, trace=300157, class=java.lang.Object@50000172)
OBJ 50001b60 (sz=32, trace=300159, class=java.util.concurrent.ConcurrentHashMap$Node@50000024)
	key		50000c6d
	val		50001b5f
OBJ 50001b61 (sz=16, trace=300160, class=java.lang.Object@50000172)
OBJ 50001b62 (sz=32, trace=300159, class=java.util.concurrent.ConcurrentHashMap$Node@50000024)
	key		50000c6d
	val		50001b61
OBJ 50001b64 (sz=16, trace=300834, class=com.sun.tools.javac.util.List$2@50001b5e)
OBJ 50001b65 (sz=16, trace=300157, class=java.lang.Object@50000172)
OBJ 50001b66 (sz=32, trace=300683, class=java.util.concurrent.ConcurrentHashMap$Node@50000024)
	key		50000d25
	val		50001b65
	next		50001e4a
OBJ 50001b67 (sz=16, trace=300160, class=java.lang.Object@50000172)
OBJ 50001b68 (sz=32, trace=300683, class=java.util.concurrent.ConcurrentHashMap$Node@50000024)
	key		50000d25
	val		50001b67
	next		50001e4c
OBJ 50001b69 (sz=24, trace=300000, class=java.lang.String@5000016e)
	value		50002a46
OBJ 50001b6a (sz=24, trace=300000, class=java.lang.String@5000016e)
	value		50002a5d
OBJ 50001b6b (sz=24, trace=300000, class=java.lang.String@5000016e)
	value		50002af1
OBJ 50001b6c (sz=24, trace=300000, class=java.lang.String@5000016e)
	value		50002ac5
OBJ 50001b6d (sz=24, trace=300000, class=java.lang.String@5000016e)
	value		50002a44
OBJ 50001b6e (sz=24, trace=300000, class=java.lang.String@5000016e)
	value		50002a87
OBJ 50001b6f (sz=24, trace=300000, class=java.lang.String@5000016e)
	value		50002ac9
OBJ 50001b70 (sz=24, trace=300000, class=java.lang.String@5000016e)
	value		50002a93
OBJ 50001b71 (sz=24, trace=300000, class=java.lang.String@5000016e)
	value		50002a77
OBJ 50001b72 (sz=24, trace=300000, class=java.lang.String@5000016e)
	value		50002acf
OBJ 50001b73 (sz=24, trace=300369, class=java.lang.String@5000016e)
	value		50001b74
ARR 50001b74 (sz=52, trace=300370, nelems=26, elem type=char[])
OBJ 50001b75 (sz=24, trace=300000, class=java.lang.String@5000016e)
	value		50002a3e
OBJ 50001b76 (sz=24, trace=300000, class=java.lang.String@5000016e)
	value		50001e5d
OBJ 50001b77 (sz=24, trace=300000, class=java.lang.String@5000016e)
	value		50002b11
OBJ 50001b78 (sz=24, trace=300000, class=java.lang.String@5000016e)
	value		50002b10
OBJ 50001b79 (sz=56, trace=300000, class=java.util.ResourceBundle$CacheKey@50002271)
	name		50000ce7
	locale		50000f1f
	loaderRef	500020ca
	format		50001b7a
OBJ 50001b7a (sz=24, trace=300000, class=java.lang.String@5000016e)
	value		50001b7b
ARR 50001b7b (sz=20, trace=300000, nelems=10, elem type=char[])
OBJ 50001b7c (sz=56, trace=300000, class=java.util.ResourceBundle$CacheKey@50002271)
	name		50000ce7
	locale		500005d9
	loaderRef	5000208e
	format		50001b7a
OBJ 50001b7d (sz=56, trace=300000, class=java.util.ResourceBundle$CacheKey@50002271)
	name		50000c59
	locale		50000f20
	loaderRef	500001bb
	format		50001b7a
OBJ 50001b7e (sz=24, trace=300000, class=java.lang.String@5000016e)
	value		50001b83
OBJ 50001b7f (sz=24, trace=300000, class=java.lang.String@5000016e)
	value		50001b80
ARR 50001b80 (sz=116, trace=300000, nelems=58, elem type=char[])
OBJ 50001b81 (sz=56, trace=300443, class=java.lang.Package@500005dd)
	pkgName		50001b73
	loader		500003d7
OBJ 50001b82 (sz=32, trace=300221, class=java.util.HashMap$Node@500000c4)
	key		50001b73
	value		50001b81
ARR 50001b83 (sz=156, trace=300000, nelems=78, elem type=char[])
OBJ 50001b84 (sz=24, trace=300000, class=java.lang.String@5000016e)
	value		50001b89
OBJ 50001b85 (sz=24, trace=300000, class=java.lang.String@5000016e)
	value		50001b88
OBJ 50001b86 (sz=56, trace=300687, class=java.util.zip.ZipFile$ZipFileInputStream@5000055e)
	this$0		500004ee
OBJ 50001b87 (sz=40, trace=300106, class=java.lang.ref.Finalizer@5000014d)
	referent	50001b86
	queue		500003c8
	next		50001b27
	prev		50001bd4
ARR 50001b88 (sz=114, trace=300000, nelems=57, elem type=char[])
ARR 50001b89 (sz=126, trace=300000, nelems=63, elem type=char[])
OBJ 50001b8a (sz=24, trace=300000, class=java.lang.String@5000016e)
	value		50001b90
OBJ 50001b8b (sz=24, trace=300000, class=java.lang.String@5000016e)
	value		50001b8f
OBJ 50001b8c (sz=24, trace=300668, class=java.lang.String@5000016e)
	value		50001b8d
ARR 50001b8d (sz=52, trace=300669, nelems=26, elem type=char[])
OBJ 50001b8e (sz=32, trace=300671, class=java.util.concurrent.ConcurrentHashMap$Node@50000024)
	key		50001b8c
	val		50000a9e
ARR 50001b8f (sz=90, trace=300000, nelems=45, elem type=char[])
ARR 50001b90 (sz=62, trace=300000, nelems=31, elem type=char[])
OBJ 50001b91 (sz=24, trace=300000, class=java.lang.String@5000016e)
	value		50001b99
OBJ 50001b92 (sz=24, trace=300000, class=java.lang.String@5000016e)
	value		50001b98
OBJ 50001b94 (sz=16, trace=300157, class=java.lang.Object@50000172)
OBJ 50001b95 (sz=32, trace=300159, class=java.util.concurrent.ConcurrentHashMap$Node@50000024)
	key		50000b11
	val		50001b94
OBJ 50001b96 (sz=16, trace=300160, class=java.lang.Object@50000172)
OBJ 50001b97 (sz=32, trace=300159, class=java.util.concurrent.ConcurrentHashMap$Node@50000024)
	key		50000b11
	val		50001b96
ARR 50001b98 (sz=106, trace=300000, nelems=53, elem type=char[])
ARR 50001b99 (sz=146, trace=300000, nelems=73, elem type=char[])
OBJ 50001b9a (sz=24, trace=300000, class=java.lang.String@5000016e)
	value		50001b9d
OBJ 50001b9b (sz=24, trace=300000, class=java.lang.String@5000016e)
	value		50001b9c
ARR 50001b9c (sz=50, trace=300000, nelems=25, elem type=char[])
ARR 50001b9d (sz=160, trace=300000, nelems=80, elem type=char[])
OBJ 50001b9e (sz=56, trace=300687, class=java.util.zip.ZipFile$ZipFileInputStream@5000055e)
OBJ 50001b9f (sz=24, trace=300000, class=java.lang.String@5000016e)
	value		50001ba2
OBJ 50001ba0 (sz=24, trace=300000, class=java.lang.String@5000016e)
	value		50001ba1
ARR 50001ba1 (sz=88, trace=300000, nelems=44, elem type=char[])
ARR 50001ba2 (sz=108, trace=300000, nelems=54, elem type=char[])
OBJ 50001ba3 (sz=24, trace=300000, class=java.lang.String@5000016e)
	value		50001ba6
OBJ 50001ba4 (sz=24, trace=300000, class=java.lang.String@5000016e)
	value		50001ba5
ARR 50001ba5 (sz=72, trace=300000, nelems=36, elem type=char[])
ARR 50001ba6 (sz=120, trace=300000, nelems=60, elem type=char[])
OBJ 50001ba7 (sz=24, trace=300000, class=java.lang.String@5000016e)
	value		50001baa
OBJ 50001ba8 (sz=24, trace=300000, class=java.lang.String@5000016e)
	value		50001ba9
ARR 50001ba9 (sz=82, trace=300000, nelems=41, elem type=char[])
ARR 50001baa (sz=80, trace=300000, nelems=40, elem type=char[])
OBJ 50001bab (sz=24, trace=300000, class=java.lang.String@5000016e)
	value		50001bb0
OBJ 50001bac (sz=24, trace=300000, class=java.lang.String@5000016e)
	value		50001bae
OBJ 50001bad (sz=16, trace=300157, class=java.lang.Object@50000172)
ARR 50001bae (sz=70, trace=300000, nelems=35, elem type=char[])
OBJ 50001baf (sz=16, trace=300160, class=java.lang.Object@50000172)
ARR 50001bb0 (sz=66, trace=300000, nelems=33, elem type=char[])
OBJ 50001bb1 (sz=24, trace=300000, class=java.lang.String@5000016e)
	value		50001bb4
OBJ 50001bb2 (sz=24, trace=300000, class=java.lang.String@5000016e)
	value		50001bb3
ARR 50001bb3 (sz=98, trace=300000, nelems=49, elem type=char[])
ARR 50001bb4 (sz=100, trace=300000, nelems=50, elem type=char[])
OBJ 50001bb5 (sz=24, trace=300000, class=java.lang.String@5000016e)
	value		50001bb8
OBJ 50001bb6 (sz=24, trace=300000, class=java.lang.String@5000016e)
	value		50001bb7
ARR 50001bb7 (sz=68, trace=300000, nelems=34, elem type=char[])
ARR 50001bb8 (sz=94, trace=300000, nelems=47, elem type=char[])
OBJ 50001bb9 (sz=24, trace=300000, class=java.lang.String@5000016e)
	value		50001bbc
OBJ 50001bba (sz=24, trace=300000, class=java.lang.String@5000016e)
	value		50001bbb
ARR 50001bbb (sz=50, trace=300000, nelems=25, elem type=char[])
ARR 50001bbc (sz=120, trace=300000, nelems=60, elem type=char[])
OBJ 50001bbd (sz=24, trace=300000, class=java.lang.String@5000016e)
	value		50001bc0
OBJ 50001bbe (sz=24, trace=300000, class=java.lang.String@5000016e)
	value		50001bbf
ARR 50001bbf (sz=54, trace=300000, nelems=27, elem type=char[])
ARR 50001bc0 (sz=92, trace=300000, nelems=46, elem type=char[])
OBJ 50001bc1 (sz=24, trace=300000, class=java.lang.String@5000016e)
	value		50001bc4
OBJ 50001bc2 (sz=24, trace=300000, class=java.lang.String@5000016e)
	value		50001bc3
ARR 50001bc3 (sz=100, trace=300000, nelems=50, elem type=char[])
ARR 50001bc4 (sz=98, trace=300000, nelems=49, elem type=char[])
OBJ 50001bc5 (sz=24, trace=300000, class=java.lang.String@5000016e)
	value		50001bc8
OBJ 50001bc6 (sz=24, trace=300000, class=java.lang.String@5000016e)
	value		50001bc7
ARR 50001bc7 (sz=76, trace=300000, nelems=38, elem type=char[])
ARR 50001bc8 (sz=88, trace=300000, nelems=44, elem type=char[])
OBJ 50001bc9 (sz=24, trace=300000, class=java.lang.String@5000016e)
	value		50001bcc
OBJ 50001bca (sz=24, trace=300000, class=java.lang.String@5000016e)
	value		50001bcb
ARR 50001bcb (sz=76, trace=300000, nelems=38, elem type=char[])
ARR 50001bcc (sz=198, trace=300000, nelems=99, elem type=char[])
OBJ 50001bcd (sz=24, trace=300000, class=java.lang.String@5000016e)
	value		50001bd0
OBJ 50001bce (sz=24, trace=300000, class=java.lang.String@5000016e)
	value		50001bcf
ARR 50001bcf (sz=56, trace=300000, nelems=28, elem type=char[])
ARR 50001bd0 (sz=86, trace=300000, nelems=43, elem type=char[])
OBJ 50001bd1 (sz=24, trace=300000, class=java.lang.String@5000016e)
	value		50001bd6
OBJ 50001bd2 (sz=24, trace=300000, class=java.lang.String@5000016e)
	value		50001bd5
OBJ 50001bd3 (sz=56, trace=300687, class=java.util.zip.ZipFile$ZipFileInputStream@5000055e)
	this$0		500004ee
OBJ 50001bd4 (sz=40, trace=300106, class=java.lang.ref.Finalizer@5000014d)
	referent	50001bd3
	queue		500003c8
	next		50001b87
	prev		50001c29
ARR 50001bd5 (sz=52, trace=300000, nelems=26, elem type=char[])
ARR 50001bd6 (sz=66, trace=300000, nelems=33, elem type=char[])
OBJ 50001bd7 (sz=24, trace=300000, class=java.lang.String@5000016e)
	value		50001bda
OBJ 50001bd8 (sz=24, trace=300000, class=java.lang.String@5000016e)
	value		50001bd9
ARR 50001bd9 (sz=62, trace=300000, nelems=31, elem type=char[])
ARR 50001bda (sz=44, trace=300000, nelems=22, elem type=char[])
OBJ 50001bdb (sz=24, trace=300000, class=java.lang.String@5000016e)
	value		50001bde
OBJ 50001bdc (sz=24, trace=300000, class=java.lang.String@5000016e)
	value		50001bdd
ARR 50001bdd (sz=66, trace=300000, nelems=33, elem type=char[])
ARR 50001bde (sz=88, trace=300000, nelems=44, elem type=char[])
OBJ 50001bdf (sz=24, trace=300000, class=java.lang.String@5000016e)
	value		50001bed
OBJ 50001be0 (sz=24, trace=300000, class=java.lang.String@5000016e)
	value		50001be7
OBJ 50001be1 (sz=16, trace=300157, class=java.lang.Object@50000172)
OBJ 50001be2 (sz=32, trace=300683, class=java.util.concurrent.ConcurrentHashMap$Node@50000024)
	key		50000d07
	val		50001be1
OBJ 50001be3 (sz=16, trace=300160, class=java.lang.Object@50000172)
OBJ 50001be4 (sz=32, trace=300683, class=java.util.concurrent.ConcurrentHashMap$Node@50000024)
	key		50000d07
	val		50001be3
OBJ 50001be6 (sz=56, trace=300687, class=java.util.zip.ZipFile$ZipFileInputStream@5000055e)
ARR 50001be7 (sz=70, trace=300000, nelems=35, elem type=char[])
OBJ 50001be9 (sz=16, trace=300157, class=java.lang.Object@50000172)
OBJ 50001bea (sz=32, trace=300159, class=java.util.concurrent.ConcurrentHashMap$Node@50000024)
	key		50000c83
	val		50001be9
OBJ 50001beb (sz=16, trace=300160, class=java.lang.Object@50000172)
OBJ 50001bec (sz=32, trace=300159, class=java.util.concurrent.ConcurrentHashMap$Node@50000024)
	key		50000c83
	val		50001beb
ARR 50001bed (sz=44, trace=300000, nelems=22, elem type=char[])
OBJ 50001bee (sz=24, trace=300000, class=java.lang.String@5000016e)
	value		50001bf1
OBJ 50001bef (sz=24, trace=300000, class=java.lang.String@5000016e)
	value		50001bf0
ARR 50001bf0 (sz=60, trace=300000, nelems=30, elem type=char[])
ARR 50001bf1 (sz=52, trace=300000, nelems=26, elem type=char[])
OBJ 50001bf2 (sz=24, trace=300000, class=java.lang.String@5000016e)
	value		50001bfb
OBJ 50001bf3 (sz=24, trace=300000, class=java.lang.String@5000016e)
	value		50001bfa
OBJ 50001bf6 (sz=16, trace=300157, class=java.lang.Object@50000172)
OBJ 50001bf7 (sz=32, trace=300683, class=java.util.concurrent.ConcurrentHashMap$Node@50000024)
	key		50000cac
	val		50001bf6
	next		500011d8
OBJ 50001bf8 (sz=16, trace=300160, class=java.lang.Object@50000172)
OBJ 50001bf9 (sz=32, trace=300683, class=java.util.concurrent.ConcurrentHashMap$Node@50000024)
	key		50000cac
	val		50001bf8
	next		500011da
ARR 50001bfa (sz=54, trace=300000, nelems=27, elem type=char[])
ARR 50001bfb (sz=26, trace=300000, nelems=13, elem type=char[])
OBJ 50001bfc (sz=24, trace=300000, class=java.lang.String@5000016e)
	value		50001bff
OBJ 50001bfd (sz=24, trace=300000, class=java.lang.String@5000016e)
	value		50001bfe
ARR 50001bfe (sz=60, trace=300000, nelems=30, elem type=char[])
ARR 50001bff (sz=82, trace=300000, nelems=41, elem type=char[])
OBJ 50001c00 (sz=24, trace=300000, class=java.lang.String@5000016e)
	value		50001c03
OBJ 50001c01 (sz=24, trace=300000, class=java.lang.String@5000016e)
	value		50001c02
ARR 50001c02 (sz=52, trace=300000, nelems=26, elem type=char[])
ARR 50001c03 (sz=18, trace=300000, nelems=9, elem type=char[])
OBJ 50001c04 (sz=24, trace=300000, class=java.lang.String@5000016e)
	value		50001c07
OBJ 50001c05 (sz=24, trace=300000, class=java.lang.String@5000016e)
	value		50001c06
ARR 50001c06 (sz=66, trace=300000, nelems=33, elem type=char[])
ARR 50001c07 (sz=74, trace=300000, nelems=37, elem type=char[])
OBJ 50001c08 (sz=24, trace=300000, class=java.lang.String@5000016e)
	value		50001c0b
OBJ 50001c09 (sz=24, trace=300000, class=java.lang.String@5000016e)
	value		50001c0a
ARR 50001c0a (sz=54, trace=300000, nelems=27, elem type=char[])
ARR 50001c0b (sz=14, trace=300000, nelems=7, elem type=char[])
OBJ 50001c0c (sz=24, trace=300000, class=java.lang.String@5000016e)
	value		50001c0f
OBJ 50001c0d (sz=24, trace=300000, class=java.lang.String@5000016e)
	value		50001c0e
ARR 50001c0e (sz=74, trace=300000, nelems=37, elem type=char[])
ARR 50001c0f (sz=42, trace=300000, nelems=21, elem type=char[])
OBJ 50001c10 (sz=24, trace=300000, class=java.lang.String@5000016e)
	value		50001c13
OBJ 50001c11 (sz=24, trace=300000, class=java.lang.String@5000016e)
	value		50001c12
ARR 50001c12 (sz=76, trace=300000, nelems=38, elem type=char[])
ARR 50001c13 (sz=58, trace=300000, nelems=29, elem type=char[])
OBJ 50001c14 (sz=24, trace=300000, class=java.lang.String@5000016e)
	value		50001c17
OBJ 50001c15 (sz=24, trace=300000, class=java.lang.String@5000016e)
	value		50001c16
ARR 50001c16 (sz=54, trace=300000, nelems=27, elem type=char[])
ARR 50001c17 (sz=32, trace=300000, nelems=16, elem type=char[])
OBJ 50001c18 (sz=24, trace=300000, class=java.lang.String@5000016e)
	value		50001c1b
OBJ 50001c19 (sz=24, trace=300000, class=java.lang.String@5000016e)
	value		50001c1a
ARR 50001c1a (sz=56, trace=300000, nelems=28, elem type=char[])
ARR 50001c1b (sz=40, trace=300000, nelems=20, elem type=char[])
OBJ 50001c1c (sz=24, trace=300000, class=java.lang.String@5000016e)
	value		50001c1f
OBJ 50001c1d (sz=24, trace=300000, class=java.lang.String@5000016e)
	value		50001c1e
ARR 50001c1e (sz=54, trace=300000, nelems=27, elem type=char[])
ARR 50001c1f (sz=42, trace=300000, nelems=21, elem type=char[])
OBJ 50001c20 (sz=24, trace=300000, class=java.lang.String@5000016e)
	value		50001c23
OBJ 50001c21 (sz=24, trace=300000, class=java.lang.String@5000016e)
	value		50001c22
ARR 50001c22 (sz=96, trace=300000, nelems=48, elem type=char[])
ARR 50001c23 (sz=78, trace=300000, nelems=39, elem type=char[])
OBJ 50001c24 (sz=24, trace=300000, class=java.lang.String@5000016e)
	value		50001c27
OBJ 50001c25 (sz=24, trace=300000, class=java.lang.String@5000016e)
	value		50001c26
ARR 50001c26 (sz=72, trace=300000, nelems=36, elem type=char[])
ARR 50001c27 (sz=90, trace=300000, nelems=45, elem type=char[])
OBJ 50001c28 (sz=56, trace=300687, class=java.util.zip.ZipFile$ZipFileInputStream@5000055e)
	this$0		500004ee
OBJ 50001c29 (sz=40, trace=300106, class=java.lang.ref.Finalizer@5000014d)
	referent	50001c28
	queue		500003c8
	next		50001bd4
	prev		50001c79
OBJ 50001c2a (sz=24, trace=300000, class=java.lang.String@5000016e)
	value		50001c2d
OBJ 50001c2b (sz=24, trace=300000, class=java.lang.String@5000016e)
	value		50001c2c
ARR 50001c2c (sz=66, trace=300000, nelems=33, elem type=char[])
ARR 50001c2d (sz=100, trace=300000, nelems=50, elem type=char[])
OBJ 50001c2e (sz=24, trace=300000, class=java.lang.String@5000016e)
	value		50001c32
OBJ 50001c2f (sz=56, trace=300687, class=java.util.zip.ZipFile$ZipFileInputStream@5000055e)
OBJ 50001c30 (sz=24, trace=300000, class=java.lang.String@5000016e)
	value		50001c31
ARR 50001c31 (sz=64, trace=300000, nelems=32, elem type=char[])
ARR 50001c32 (sz=262, trace=300000, nelems=131, elem type=char[])
OBJ 50001c33 (sz=24, trace=300000, class=java.lang.String@5000016e)
	value		50001c36
OBJ 50001c34 (sz=24, trace=300000, class=java.lang.String@5000016e)
	value		50001c35
ARR 50001c35 (sz=94, trace=300000, nelems=47, elem type=char[])
ARR 50001c36 (sz=162, trace=300000, nelems=81, elem type=char[])
OBJ 50001c38 (sz=16, trace=300157, class=java.lang.Object@50000172)
OBJ 50001c39 (sz=32, trace=300683, class=java.util.concurrent.ConcurrentHashMap$Node@50000024)
	key		50000cf2
	val		50001c38
OBJ 50001c3a (sz=16, trace=300160, class=java.lang.Object@50000172)
OBJ 50001c3c (sz=16, trace=300157, class=java.lang.Object@50000172)
OBJ 50001c3d (sz=32, trace=300683, class=java.util.concurrent.ConcurrentHashMap$Node@50000024)
	key		50000b59
	val		50001c3c
OBJ 50001c3e (sz=16, trace=300160, class=java.lang.Object@50000172)
OBJ 50001c3f (sz=32, trace=300683, class=java.util.concurrent.ConcurrentHashMap$Node@50000024)
	key		50000b59
	val		50001c3e
OBJ 50001c40 (sz=32, trace=300683, class=java.util.concurrent.ConcurrentHashMap$Node@50000024)
	key		50000cf2
	val		50001c3a
OBJ 50001c41 (sz=24, trace=300000, class=java.lang.String@5000016e)
	value		50001c44
OBJ 50001c42 (sz=24, trace=300000, class=java.lang.String@5000016e)
	value		50001c43
ARR 50001c43 (sz=98, trace=300000, nelems=49, elem type=char[])
ARR 50001c44 (sz=134, trace=300000, nelems=67, elem type=char[])
OBJ 50001c45 (sz=24, trace=300000, class=java.lang.String@5000016e)
	value		50001c48
OBJ 50001c46 (sz=24, trace=300000, class=java.lang.String@5000016e)
	value		50001c47
ARR 50001c47 (sz=56, trace=300000, nelems=28, elem type=char[])
ARR 50001c48 (sz=46, trace=300000, nelems=23, elem type=char[])
OBJ 50001c49 (sz=24, trace=300000, class=java.lang.String@5000016e)
	value		50001c4c
OBJ 50001c4a (sz=24, trace=300000, class=java.lang.String@5000016e)
	value		50001c4b
ARR 50001c4b (sz=92, trace=300000, nelems=46, elem type=char[])
ARR 50001c4c (sz=132, trace=300000, nelems=66, elem type=char[])
OBJ 50001c4d (sz=24, trace=300000, class=java.lang.String@5000016e)
	value		50001c50
OBJ 50001c4e (sz=24, trace=300000, class=java.lang.String@5000016e)
	value		50001c4f
ARR 50001c4f (sz=60, trace=300000, nelems=30, elem type=char[])
ARR 50001c50 (sz=24, trace=300000, nelems=12, elem type=char[])
OBJ 50001c51 (sz=24, trace=300000, class=java.lang.String@5000016e)
	value		50001c54
OBJ 50001c52 (sz=24, trace=300000, class=java.lang.String@5000016e)
	value		50001c53
ARR 50001c53 (sz=106, trace=300000, nelems=53, elem type=char[])
ARR 50001c54 (sz=90, trace=300000, nelems=45, elem type=char[])
OBJ 50001c55 (sz=24, trace=300000, class=java.lang.String@5000016e)
	value		50001c58
OBJ 50001c56 (sz=24, trace=300000, class=java.lang.String@5000016e)
	value		50001c57
ARR 50001c57 (sz=78, trace=300000, nelems=39, elem type=char[])
ARR 50001c58 (sz=136, trace=300000, nelems=68, elem type=char[])
OBJ 50001c59 (sz=24, trace=300000, class=java.lang.String@5000016e)
	value		50001c5c
OBJ 50001c5a (sz=24, trace=300000, class=java.lang.String@5000016e)
	value		50001c5b
ARR 50001c5b (sz=52, trace=300000, nelems=26, elem type=char[])
ARR 50001c5c (sz=16, trace=300000, nelems=8, elem type=char[])
OBJ 50001c5d (sz=24, trace=300000, class=java.lang.String@5000016e)
	value		50001c60
OBJ 50001c5e (sz=24, trace=300000, class=java.lang.String@5000016e)
	value		50001c5f
ARR 50001c5f (sz=62, trace=300000, nelems=31, elem type=char[])
ARR 50001c60 (sz=280, trace=300000, nelems=140, elem type=char[])
OBJ 50001c61 (sz=24, trace=300000, class=java.lang.String@5000016e)
	value		50001c64
OBJ 50001c62 (sz=24, trace=300000, class=java.lang.String@5000016e)
	value		50001c63
ARR 50001c63 (sz=62, trace=300000, nelems=31, elem type=char[])
ARR 50001c64 (sz=128, trace=300000, nelems=64, elem type=char[])
OBJ 50001c65 (sz=24, trace=300000, class=java.lang.String@5000016e)
	value		50001c68
OBJ 50001c66 (sz=24, trace=300000, class=java.lang.String@5000016e)
	value		50001c67
ARR 50001c67 (sz=112, trace=300000, nelems=56, elem type=char[])
ARR 50001c68 (sz=184, trace=300000, nelems=92, elem type=char[])
OBJ 50001c69 (sz=24, trace=300000, class=java.lang.String@5000016e)
	value		50001c6c
OBJ 50001c6a (sz=24, trace=300000, class=java.lang.String@5000016e)
	value		50001c6b
ARR 50001c6b (sz=52, trace=300000, nelems=26, elem type=char[])
ARR 50001c6c (sz=44, trace=300000, nelems=22, elem type=char[])
OBJ 50001c6d (sz=24, trace=300000, class=java.lang.String@5000016e)
	value		50001c70
OBJ 50001c6e (sz=24, trace=300000, class=java.lang.String@5000016e)
	value		50001c6f
ARR 50001c6f (sz=106, trace=300000, nelems=53, elem type=char[])
ARR 50001c70 (sz=204, trace=300000, nelems=102, elem type=char[])
OBJ 50001c71 (sz=24, trace=300000, class=java.lang.String@5000016e)
	value		50001c74
OBJ 50001c72 (sz=24, trace=300000, class=java.lang.String@5000016e)
	value		50001c73
ARR 50001c73 (sz=50, trace=300000, nelems=25, elem type=char[])
ARR 50001c74 (sz=14, trace=300000, nelems=7, elem type=char[])
OBJ 50001c75 (sz=56, trace=300687, class=java.util.zip.ZipFile$ZipFileInputStream@5000055e)
OBJ 50001c76 (sz=24, trace=300000, class=java.lang.String@5000016e)
	value		50001c7b
OBJ 50001c77 (sz=24, trace=300000, class=java.lang.String@5000016e)
	value		50001c7a
OBJ 50001c78 (sz=56, trace=300687, class=java.util.zip.ZipFile$ZipFileInputStream@5000055e)
	this$0		500004ee
OBJ 50001c79 (sz=40, trace=300106, class=java.lang.ref.Finalizer@5000014d)
	referent	50001c78
	queue		500003c8
	next		50001c29
	prev		50001cd9
ARR 50001c7a (sz=62, trace=300000, nelems=31, elem type=char[])
ARR 50001c7b (sz=68, trace=300000, nelems=34, elem type=char[])
OBJ 50001c7c (sz=24, trace=300000, class=java.lang.String@5000016e)
	value		50001c7f
OBJ 50001c7d (sz=24, trace=300000, class=java.lang.String@5000016e)
	value		50001c7e
ARR 50001c7e (sz=80, trace=300000, nelems=40, elem type=char[])
ARR 50001c7f (sz=168, trace=300000, nelems=84, elem type=char[])
OBJ 50001c80 (sz=24, trace=300000, class=java.lang.String@5000016e)
	value		50001c8f
OBJ 50001c81 (sz=24, trace=300000, class=java.lang.String@5000016e)
	value		50001c8d
OBJ 50001c83 (sz=16, trace=300157, class=java.lang.Object@50000172)
OBJ 50001c84 (sz=32, trace=300159, class=java.util.concurrent.ConcurrentHashMap$Node@50000024)
	key		50000cc5
	val		50001c83
OBJ 50001c85 (sz=16, trace=300160, class=java.lang.Object@50000172)
OBJ 50001c86 (sz=32, trace=300159, class=java.util.concurrent.ConcurrentHashMap$Node@50000024)
	key		50000cc5
	val		50001c85
OBJ 50001c87 (sz=16, trace=300157, class=java.lang.Object@50000172)
OBJ 50001c88 (sz=32, trace=300683, class=java.util.concurrent.ConcurrentHashMap$Node@50000024)
	key		50000bc4
	val		50001c87
OBJ 50001c89 (sz=16, trace=300160, class=java.lang.Object@50000172)
OBJ 50001c8a (sz=32, trace=300683, class=java.util.concurrent.ConcurrentHashMap$Node@50000024)
	key		50000bc4
	val		50001c89
OBJ 50001c8c (sz=16, trace=300157, class=java.lang.Object@50000172)
ARR 50001c8d (sz=58, trace=300000, nelems=29, elem type=char[])
OBJ 50001c8e (sz=16, trace=300160, class=java.lang.Object@50000172)
ARR 50001c8f (sz=58, trace=300000, nelems=29, elem type=char[])
OBJ 50001c91 (sz=16, trace=300157, class=java.lang.Object@50000172)
OBJ 50001c92 (sz=32, trace=300159, class=java.util.concurrent.ConcurrentHashMap$Node@50000024)
	key		50000c0a
	val		50001c91
OBJ 50001c93 (sz=16, trace=300160, class=java.lang.Object@50000172)
OBJ 50001c94 (sz=32, trace=300159, class=java.util.concurrent.ConcurrentHashMap$Node@50000024)
	key		50000c0a
	val		50001c93
OBJ 50001c95 (sz=24, trace=300000, class=java.lang.String@5000016e)
	value		50001c9d
OBJ 50001c96 (sz=24, trace=300000, class=java.lang.String@5000016e)
	value		50001c97
ARR 50001c97 (sz=86, trace=300000, nelems=43, elem type=char[])
OBJ 50001c99 (sz=16, trace=300157, class=java.lang.Object@50000172)
OBJ 50001c9a (sz=32, trace=300159, class=java.util.concurrent.ConcurrentHashMap$Node@50000024)
	key		50000cea
	val		50001c99
OBJ 50001c9b (sz=16, trace=300160, class=java.lang.Object@50000172)
OBJ 50001c9c (sz=32, trace=300159, class=java.util.concurrent.ConcurrentHashMap$Node@50000024)
	key		50000cea
	val		50001c9b
ARR 50001c9d (sz=106, trace=300000, nelems=53, elem type=char[])
OBJ 50001c9e (sz=24, trace=300000, class=java.lang.String@5000016e)
	value		50001ca1
OBJ 50001c9f (sz=24, trace=300000, class=java.lang.String@5000016e)
	value		50001ca0
ARR 50001ca0 (sz=66, trace=300000, nelems=33, elem type=char[])
ARR 50001ca1 (sz=78, trace=300000, nelems=39, elem type=char[])
OBJ 50001ca2 (sz=24, trace=300000, class=java.lang.String@5000016e)
	value		50001ca5
OBJ 50001ca3 (sz=24, trace=300000, class=java.lang.String@5000016e)
	value		50001ca4
ARR 50001ca4 (sz=44, trace=300000, nelems=22, elem type=char[])
ARR 50001ca5 (sz=32, trace=300000, nelems=16, elem type=char[])
OBJ 50001ca6 (sz=24, trace=300000, class=java.lang.String@5000016e)
	value		50001ca9
OBJ 50001ca7 (sz=24, trace=300000, class=java.lang.String@5000016e)
	value		50001ca8
ARR 50001ca8 (sz=102, trace=300000, nelems=51, elem type=char[])
ARR 50001ca9 (sz=90, trace=300000, nelems=45, elem type=char[])
OBJ 50001caa (sz=24, trace=300000, class=java.lang.String@5000016e)
	value		50001cad
OBJ 50001cab (sz=24, trace=300000, class=java.lang.String@5000016e)
	value		50001cac
ARR 50001cac (sz=132, trace=300000, nelems=66, elem type=char[])
ARR 50001cad (sz=300, trace=300000, nelems=150, elem type=char[])
OBJ 50001cae (sz=24, trace=300000, class=java.lang.String@5000016e)
	value		50001cb1
OBJ 50001caf (sz=24, trace=300000, class=java.lang.String@5000016e)
	value		50001cb0
ARR 50001cb0 (sz=62, trace=300000, nelems=31, elem type=char[])
ARR 50001cb1 (sz=38, trace=300000, nelems=19, elem type=char[])
OBJ 50001cb2 (sz=24, trace=300000, class=java.lang.String@5000016e)
	value		50001cb5
OBJ 50001cb3 (sz=24, trace=300000, class=java.lang.String@5000016e)
	value		50001cb4
ARR 50001cb4 (sz=66, trace=300000, nelems=33, elem type=char[])
ARR 50001cb5 (sz=76, trace=300000, nelems=38, elem type=char[])
OBJ 50001cb6 (sz=24, trace=300000, class=java.lang.String@5000016e)
	value		50001cb9
OBJ 50001cb7 (sz=24, trace=300000, class=java.lang.String@5000016e)
	value		50001cb8
ARR 50001cb8 (sz=146, trace=300000, nelems=73, elem type=char[])
ARR 50001cb9 (sz=136, trace=300000, nelems=68, elem type=char[])
OBJ 50001cba (sz=24, trace=300000, class=java.lang.String@5000016e)
	value		50001cbd
OBJ 50001cbb (sz=24, trace=300000, class=java.lang.String@5000016e)
	value		50001cbc
ARR 50001cbc (sz=76, trace=300000, nelems=38, elem type=char[])
ARR 50001cbd (sz=96, trace=300000, nelems=48, elem type=char[])
OBJ 50001cbe (sz=24, trace=300000, class=java.lang.String@5000016e)
	value		50001cc3
OBJ 50001cbf (sz=24, trace=300000, class=java.lang.String@5000016e)
	value		50001cc0
ARR 50001cc0 (sz=74, trace=300000, nelems=37, elem type=char[])
OBJ 50001cc1 (sz=24, trace=300369, class=java.lang.String@5000016e)
	value		50001cc2
ARR 50001cc2 (sz=46, trace=300370, nelems=23, elem type=char[])
ARR 50001cc3 (sz=146, trace=300000, nelems=73, elem type=char[])
OBJ 50001cc4 (sz=24, trace=300000, class=java.lang.String@5000016e)
	value		50001cc7
OBJ 50001cc5 (sz=24, trace=300000, class=java.lang.String@5000016e)
	value		50001cc6
ARR 50001cc6 (sz=72, trace=300000, nelems=36, elem type=char[])
ARR 50001cc7 (sz=150, trace=300000, nelems=75, elem type=char[])
OBJ 50001cc8 (sz=24, trace=300000, class=java.lang.String@5000016e)
	value		50001ccb
OBJ 50001cc9 (sz=24, trace=300000, class=java.lang.String@5000016e)
	value		50001cca
ARR 50001cca (sz=68, trace=300000, nelems=34, elem type=char[])
ARR 50001ccb (sz=52, trace=300000, nelems=26, elem type=char[])
OBJ 50001ccc (sz=24, trace=300000, class=java.lang.String@5000016e)
	value		50001cd1
OBJ 50001ccd (sz=24, trace=300000, class=java.lang.String@5000016e)
	value		50001cce
ARR 50001cce (sz=94, trace=300000, nelems=47, elem type=char[])
OBJ 50001ccf (sz=56, trace=300443, class=java.lang.Package@500005dd)
	pkgName		50001cc1
	loader		500003d7
OBJ 50001cd0 (sz=32, trace=300221, class=java.util.HashMap$Node@500000c4)
	key		50001cc1
	value		50001ccf
ARR 50001cd1 (sz=188, trace=300000, nelems=94, elem type=char[])
OBJ 50001cd2 (sz=24, trace=300000, class=java.lang.String@5000016e)
	value		50001cd6
OBJ 50001cd3 (sz=24, trace=300000, class=java.lang.String@5000016e)
	value		50001cd5
OBJ 50001cd4 (sz=56, trace=300687, class=java.util.zip.ZipFile$ZipFileInputStream@5000055e)
ARR 50001cd5 (sz=78, trace=300000, nelems=39, elem type=char[])
ARR 50001cd6 (sz=46, trace=300000, nelems=23, elem type=char[])
OBJ 50001cd7 (sz=24, trace=300000, class=java.lang.String@5000016e)
	value		50001cdf
OBJ 50001cd8 (sz=56, trace=300687, class=java.util.zip.ZipFile$ZipFileInputStream@5000055e)
	this$0		500004ee
OBJ 50001cd9 (sz=40, trace=300106, class=java.lang.ref.Finalizer@5000014d)
	referent	50001cd8
	queue		500003c8
	next		50001c79
	prev		50001d32
OBJ 50001cda (sz=24, trace=300000, class=java.lang.String@5000016e)
	value		50001cde
OBJ 50001cdb (sz=24, trace=300668, class=java.lang.String@5000016e)
	value		50001cdc
ARR 50001cdc (sz=46, trace=300669, nelems=23, elem type=char[])
OBJ 50001cdd (sz=32, trace=300671, class=java.util.concurrent.ConcurrentHashMap$Node@50000024)
	key		50001cdb
	val		50000a9e
ARR 50001cde (sz=68, trace=300000, nelems=34, elem type=char[])
ARR 50001cdf (sz=52, trace=300000, nelems=26, elem type=char[])
OBJ 50001ce0 (sz=24, trace=300000, class=java.lang.String@5000016e)
	value		50001ceb
OBJ 50001ce1 (sz=24, trace=300000, class=java.lang.String@5000016e)
	value		50001cea
OBJ 50001ce3 (sz=16, trace=300835, class=com.sun.tools.javac.util.Context$Key@50001506)
OBJ 50001ce4 (sz=16, trace=300836, class=com.sun.tools.javac.util.Context$Key@50001506)
OBJ 50001ce5 (sz=32, trace=300221, class=java.util.HashMap$Node@500000c4)
OBJ 50001ce6 (sz=16, trace=300157, class=java.lang.Object@50000172)
OBJ 50001ce7 (sz=32, trace=300159, class=java.util.concurrent.ConcurrentHashMap$Node@50000024)
	key		50000cd3
	val		50001ce6
OBJ 50001ce8 (sz=16, trace=300160, class=java.lang.Object@50000172)
OBJ 50001ce9 (sz=32, trace=300159, class=java.util.concurrent.ConcurrentHashMap$Node@50000024)
	key		50000cd3
	val		50001ce8
ARR 50001cea (sz=56, trace=300000, nelems=28, elem type=char[])
ARR 50001ceb (sz=118, trace=300000, nelems=59, elem type=char[])
OBJ 50001cec (sz=24, trace=300000, class=java.lang.String@5000016e)
	value		50001cef
OBJ 50001ced (sz=24, trace=300000, class=java.lang.String@5000016e)
	value		50001cee
ARR 50001cee (sz=80, trace=300000, nelems=40, elem type=char[])
ARR 50001cef (sz=106, trace=300000, nelems=53, elem type=char[])
OBJ 50001cf0 (sz=24, trace=300000, class=java.lang.String@5000016e)
	value		50001cf7
OBJ 50001cf1 (sz=16, trace=300157, class=java.lang.Object@50000172)
OBJ 50001cf2 (sz=32, trace=300159, class=java.util.concurrent.ConcurrentHashMap$Node@50000024)
	key		50000c66
	val		50001cf1
OBJ 50001cf3 (sz=16, trace=300160, class=java.lang.Object@50000172)
OBJ 50001cf4 (sz=32, trace=300159, class=java.util.concurrent.ConcurrentHashMap$Node@50000024)
	key		50000c66
	val		50001cf3
OBJ 50001cf5 (sz=24, trace=300000, class=java.lang.String@5000016e)
	value		50001cf6
ARR 50001cf6 (sz=54, trace=300000, nelems=27, elem type=char[])
ARR 50001cf7 (sz=110, trace=300000, nelems=55, elem type=char[])
OBJ 50001cf8 (sz=24, trace=300000, class=java.lang.String@5000016e)
	value		50001cfb
OBJ 50001cf9 (sz=24, trace=300000, class=java.lang.String@5000016e)
	value		50001cfa
ARR 50001cfa (sz=58, trace=300000, nelems=29, elem type=char[])
ARR 50001cfb (sz=40, trace=300000, nelems=20, elem type=char[])
OBJ 50001cfc (sz=24, trace=300000, class=java.lang.String@5000016e)
	value		50001cff
OBJ 50001cfd (sz=24, trace=300000, class=java.lang.String@5000016e)
	value		50001cfe
ARR 50001cfe (sz=76, trace=300000, nelems=38, elem type=char[])
ARR 50001cff (sz=44, trace=300000, nelems=22, elem type=char[])
OBJ 50001d00 (sz=24, trace=300000, class=java.lang.String@5000016e)
	value		50001d03
OBJ 50001d01 (sz=24, trace=300000, class=java.lang.String@5000016e)
	value		50001d02
ARR 50001d02 (sz=88, trace=300000, nelems=44, elem type=char[])
ARR 50001d03 (sz=204, trace=300000, nelems=102, elem type=char[])
OBJ 50001d04 (sz=24, trace=300000, class=java.lang.String@5000016e)
	value		50001d07
OBJ 50001d05 (sz=24, trace=300000, class=java.lang.String@5000016e)
	value		50001d06
ARR 50001d06 (sz=46, trace=300000, nelems=23, elem type=char[])
ARR 50001d07 (sz=114, trace=300000, nelems=57, elem type=char[])
OBJ 50001d08 (sz=24, trace=300000, class=java.lang.String@5000016e)
	value		50001d0b
OBJ 50001d09 (sz=24, trace=300000, class=java.lang.String@5000016e)
	value		50001d0a
ARR 50001d0a (sz=94, trace=300000, nelems=47, elem type=char[])
ARR 50001d0b (sz=102, trace=300000, nelems=51, elem type=char[])
OBJ 50001d0c (sz=24, trace=300000, class=java.lang.String@5000016e)
	value		50001d0f
OBJ 50001d0d (sz=24, trace=300000, class=java.lang.String@5000016e)
	value		50001d0e
ARR 50001d0e (sz=60, trace=300000, nelems=30, elem type=char[])
ARR 50001d0f (sz=34, trace=300000, nelems=17, elem type=char[])
OBJ 50001d10 (sz=24, trace=300000, class=java.lang.String@5000016e)
	value		50001d13
OBJ 50001d11 (sz=24, trace=300000, class=java.lang.String@5000016e)
	value		50001d12
ARR 50001d12 (sz=98, trace=300000, nelems=49, elem type=char[])
ARR 50001d13 (sz=186, trace=300000, nelems=93, elem type=char[])
OBJ 50001d14 (sz=24, trace=300000, class=java.lang.String@5000016e)
	value		50001d17
OBJ 50001d15 (sz=24, trace=300000, class=java.lang.String@5000016e)
	value		50001d16
ARR 50001d16 (sz=60, trace=300000, nelems=30, elem type=char[])
ARR 50001d17 (sz=170, trace=300000, nelems=85, elem type=char[])
OBJ 50001d18 (sz=24, trace=300000, class=java.lang.String@5000016e)
	value		50001d1b
OBJ 50001d19 (sz=24, trace=300000, class=java.lang.String@5000016e)
	value		50001d1a
ARR 50001d1a (sz=54, trace=300000, nelems=27, elem type=char[])
ARR 50001d1b (sz=6, trace=300000, nelems=3, elem type=char[])
OBJ 50001d1c (sz=24, trace=300000, class=java.lang.String@5000016e)
	value		50001d20
OBJ 50001d1d (sz=24, trace=300000, class=java.lang.String@5000016e)
	value		50001d1e
ARR 50001d1e (sz=70, trace=300000, nelems=35, elem type=char[])
OBJ 50001d1f (sz=56, trace=300687, class=java.util.zip.ZipFile$ZipFileInputStream@5000055e)
ARR 50001d20 (sz=124, trace=300000, nelems=62, elem type=char[])
OBJ 50001d21 (sz=24, trace=300000, class=java.lang.String@5000016e)
	value		50001d24
OBJ 50001d22 (sz=24, trace=300000, class=java.lang.String@5000016e)
	value		50001d23
ARR 50001d23 (sz=56, trace=300000, nelems=28, elem type=char[])
ARR 50001d24 (sz=62, trace=300000, nelems=31, elem type=char[])
OBJ 50001d25 (sz=24, trace=300000, class=java.lang.String@5000016e)
	value		50001d28
OBJ 50001d26 (sz=24, trace=300000, class=java.lang.String@5000016e)
	value		50001d27
ARR 50001d27 (sz=72, trace=300000, nelems=36, elem type=char[])
ARR 50001d28 (sz=100, trace=300000, nelems=50, elem type=char[])
OBJ 50001d29 (sz=24, trace=300000, class=java.lang.String@5000016e)
	value		50001d33
OBJ 50001d2a (sz=24, trace=300000, class=java.lang.String@5000016e)
	value		50001d2b
ARR 50001d2b (sz=68, trace=300000, nelems=34, elem type=char[])
OBJ 50001d2c (sz=56, trace=300687, class=java.util.zip.ZipFile$ZipFileInputStream@5000055e)
	this$0		500004ee
OBJ 50001d2e (sz=16, trace=300157, class=java.lang.Object@50000172)
OBJ 50001d2f (sz=32, trace=300683, class=java.util.concurrent.ConcurrentHashMap$Node@50000024)
	key		50000cd1
	val		50001d2e
OBJ 50001d30 (sz=16, trace=300160, class=java.lang.Object@50000172)
OBJ 50001d31 (sz=32, trace=300683, class=java.util.concurrent.ConcurrentHashMap$Node@50000024)
	key		50000cd1
	val		50001d30
OBJ 50001d32 (sz=40, trace=300106, class=java.lang.ref.Finalizer@5000014d)
	referent	50001d2c
	queue		500003c8
	next		50001cd9
	prev		50001d7f
ARR 50001d33 (sz=36, trace=300000, nelems=18, elem type=char[])
OBJ 50001d34 (sz=24, trace=300000, class=java.lang.String@5000016e)
	value		50001d35
ARR 50001d35 (sz=56, trace=300000, nelems=28, elem type=char[])
OBJ 50001d36 (sz=24, trace=300000, class=java.lang.String@5000016e)
	value		50001d39
OBJ 50001d37 (sz=24, trace=300000, class=java.lang.String@5000016e)
	value		50001d38
ARR 50001d38 (sz=64, trace=300000, nelems=32, elem type=char[])
ARR 50001d39 (sz=58, trace=300000, nelems=29, elem type=char[])
OBJ 50001d3a (sz=24, trace=300000, class=java.lang.String@5000016e)
	value		50001d41
OBJ 50001d3b (sz=24, trace=300000, class=java.lang.String@5000016e)
	value		50001d3c
ARR 50001d3c (sz=76, trace=300000, nelems=38, elem type=char[])
OBJ 50001d3d (sz=16, trace=300157, class=java.lang.Object@50000172)
OBJ 50001d3e (sz=32, trace=300159, class=java.util.concurrent.ConcurrentHashMap$Node@50000024)
	key		50000b6d
	val		50001d3d
OBJ 50001d3f (sz=16, trace=300160, class=java.lang.Object@50000172)
OBJ 50001d40 (sz=32, trace=300159, class=java.util.concurrent.ConcurrentHashMap$Node@50000024)
	key		50000b6d
	val		50001d3f
ARR 50001d41 (sz=220, trace=300000, nelems=110, elem type=char[])
OBJ 50001d42 (sz=24, trace=300000, class=java.lang.String@5000016e)
	value		50001d45
OBJ 50001d43 (sz=24, trace=300000, class=java.lang.String@5000016e)
	value		50001d44
ARR 50001d44 (sz=92, trace=300000, nelems=46, elem type=char[])
ARR 50001d45 (sz=64, trace=300000, nelems=32, elem type=char[])
OBJ 50001d46 (sz=24, trace=300000, class=java.lang.String@5000016e)
	value		50001d49
OBJ 50001d47 (sz=24, trace=300000, class=java.lang.String@5000016e)
	value		50001d48
ARR 50001d48 (sz=58, trace=300000, nelems=29, elem type=char[])
ARR 50001d49 (sz=56, trace=300000, nelems=28, elem type=char[])
OBJ 50001d4a (sz=24, trace=300000, class=java.lang.String@5000016e)
	value		50001d4d
OBJ 50001d4b (sz=24, trace=300000, class=java.lang.String@5000016e)
	value		50001d4c
ARR 50001d4c (sz=72, trace=300000, nelems=36, elem type=char[])
ARR 50001d4d (sz=148, trace=300000, nelems=74, elem type=char[])
OBJ 50001d4e (sz=24, trace=300000, class=java.lang.String@5000016e)
	value		50001d51
OBJ 50001d4f (sz=24, trace=300000, class=java.lang.String@5000016e)
	value		50001d50
ARR 50001d50 (sz=96, trace=300000, nelems=48, elem type=char[])
ARR 50001d51 (sz=184, trace=300000, nelems=92, elem type=char[])
OBJ 50001d52 (sz=24, trace=300000, class=java.lang.String@5000016e)
	value		50001d55
OBJ 50001d53 (sz=24, trace=300000, class=java.lang.String@5000016e)
	value		50001d54
ARR 50001d54 (sz=84, trace=300000, nelems=42, elem type=char[])
ARR 50001d55 (sz=44, trace=300000, nelems=22, elem type=char[])
OBJ 50001d56 (sz=24, trace=300000, class=java.lang.String@5000016e)
	value		50001d59
OBJ 50001d57 (sz=24, trace=300000, class=java.lang.String@5000016e)
	value		50001d58
ARR 50001d58 (sz=64, trace=300000, nelems=32, elem type=char[])
ARR 50001d59 (sz=58, trace=300000, nelems=29, elem type=char[])
OBJ 50001d5a (sz=24, trace=300000, class=java.lang.String@5000016e)
	value		50001d5d
OBJ 50001d5b (sz=24, trace=300000, class=java.lang.String@5000016e)
	value		50001d5c
ARR 50001d5c (sz=84, trace=300000, nelems=42, elem type=char[])
ARR 50001d5d (sz=150, trace=300000, nelems=75, elem type=char[])
OBJ 50001d5e (sz=24, trace=300000, class=java.lang.String@5000016e)
	value		50001d61
OBJ 50001d5f (sz=24, trace=300000, class=java.lang.String@5000016e)
	value		50001d60
ARR 50001d60 (sz=60, trace=300000, nelems=30, elem type=char[])
ARR 50001d61 (sz=70, trace=300000, nelems=35, elem type=char[])
OBJ 50001d62 (sz=24, trace=300000, class=java.lang.String@5000016e)
	value		50001d65
OBJ 50001d63 (sz=24, trace=300000, class=java.lang.String@5000016e)
	value		50001d64
ARR 50001d64 (sz=90, trace=300000, nelems=45, elem type=char[])
ARR 50001d65 (sz=104, trace=300000, nelems=52, elem type=char[])
OBJ 50001d66 (sz=24, trace=300000, class=java.lang.String@5000016e)
	value		50001d6a
OBJ 50001d67 (sz=56, trace=300687, class=java.util.zip.ZipFile$ZipFileInputStream@5000055e)
OBJ 50001d68 (sz=24, trace=300000, class=java.lang.String@5000016e)
	value		50001d69
ARR 50001d69 (sz=96, trace=300000, nelems=48, elem type=char[])
ARR 50001d6a (sz=88, trace=300000, nelems=44, elem type=char[])
OBJ 50001d6b (sz=24, trace=300000, class=java.lang.String@5000016e)
	value		50001d6e
OBJ 50001d6c (sz=24, trace=300000, class=java.lang.String@5000016e)
	value		50001d6d
ARR 50001d6d (sz=114, trace=300000, nelems=57, elem type=char[])
ARR 50001d6e (sz=186, trace=300000, nelems=93, elem type=char[])
OBJ 50001d6f (sz=24, trace=300000, class=java.lang.String@5000016e)
	value		50001d72
OBJ 50001d70 (sz=24, trace=300000, class=java.lang.String@5000016e)
	value		50001d71
ARR 50001d71 (sz=46, trace=300000, nelems=23, elem type=char[])
ARR 50001d72 (sz=28, trace=300000, nelems=14, elem type=char[])
OBJ 50001d73 (sz=24, trace=300000, class=java.lang.String@5000016e)
	value		50001d7c
OBJ 50001d75 (sz=16, trace=300837, class=com.sun.tools.javac.util.Context$Key@50001506)
OBJ 50001d76 (sz=16, trace=300157, class=java.lang.Object@50000172)
OBJ 50001d77 (sz=32, trace=300159, class=java.util.concurrent.ConcurrentHashMap$Node@50000024)
	key		50000c81
	val		50001d76
OBJ 50001d78 (sz=16, trace=300160, class=java.lang.Object@50000172)
OBJ 50001d79 (sz=32, trace=300159, class=java.util.concurrent.ConcurrentHashMap$Node@50000024)
	key		50000c81
	val		50001d78
OBJ 50001d7a (sz=24, trace=300000, class=java.lang.String@5000016e)
	value		50001d7b
ARR 50001d7b (sz=60, trace=300000, nelems=30, elem type=char[])
ARR 50001d7c (sz=70, trace=300000, nelems=35, elem type=char[])
OBJ 50001d7d (sz=24, trace=300000, class=java.lang.String@5000016e)
	value		50001d82
OBJ 50001d7e (sz=56, trace=300687, class=java.util.zip.ZipFile$ZipFileInputStream@5000055e)
	this$0		500004ee
OBJ 50001d7f (sz=40, trace=300106, class=java.lang.ref.Finalizer@5000014d)
	referent	50001d7e
	queue		500003c8
	next		50001d32
	prev		50001dcc
OBJ 50001d80 (sz=24, trace=300000, class=java.lang.String@5000016e)
	value		50001d81
ARR 50001d81 (sz=82, trace=300000, nelems=41, elem type=char[])
ARR 50001d82 (sz=54, trace=300000, nelems=27, elem type=char[])
OBJ 50001d83 (sz=24, trace=300000, class=java.lang.String@5000016e)
	value		50001d86
OBJ 50001d84 (sz=24, trace=300000, class=java.lang.String@5000016e)
	value		50001d85
ARR 50001d85 (sz=72, trace=300000, nelems=36, elem type=char[])
ARR 50001d86 (sz=26, trace=300000, nelems=13, elem type=char[])
OBJ 50001d87 (sz=24, trace=300000, class=java.lang.String@5000016e)
	value		50001d90
OBJ 50001d88 (sz=24, trace=300000, class=java.lang.String@5000016e)
	value		50001d89
ARR 50001d89 (sz=52, trace=300000, nelems=26, elem type=char[])
OBJ 50001d8c (sz=16, trace=300157, class=java.lang.Object@50000172)
OBJ 50001d8d (sz=32, trace=300683, class=java.util.concurrent.ConcurrentHashMap$Node@50000024)
	key		50000c28
	val		50001d8c
OBJ 50001d8e (sz=16, trace=300160, class=java.lang.Object@50000172)
OBJ 50001d8f (sz=32, trace=300683, class=java.util.concurrent.ConcurrentHashMap$Node@50000024)
	key		50000c28
	val		50001d8e
ARR 50001d90 (sz=32, trace=300000, nelems=16, elem type=char[])
OBJ 50001d91 (sz=24, trace=300000, class=java.lang.String@5000016e)
	value		50001d94
OBJ 50001d92 (sz=24, trace=300000, class=java.lang.String@5000016e)
	value		50001d93
ARR 50001d93 (sz=110, trace=300000, nelems=55, elem type=char[])
ARR 50001d94 (sz=110, trace=300000, nelems=55, elem type=char[])
OBJ 50001d95 (sz=24, trace=300000, class=java.lang.String@5000016e)
	value		50001d98
OBJ 50001d96 (sz=24, trace=300000, class=java.lang.String@5000016e)
	value		50001d97
ARR 50001d97 (sz=62, trace=300000, nelems=31, elem type=char[])
ARR 50001d98 (sz=68, trace=300000, nelems=34, elem type=char[])
OBJ 50001d99 (sz=24, trace=300000, class=java.lang.String@5000016e)
	value		50001d9c
OBJ 50001d9a (sz=24, trace=300000, class=java.lang.String@5000016e)
	value		50001d9b
ARR 50001d9b (sz=72, trace=300000, nelems=36, elem type=char[])
ARR 50001d9c (sz=84, trace=300000, nelems=42, elem type=char[])
OBJ 50001d9d (sz=24, trace=300000, class=java.lang.String@5000016e)
	value		50001da0
OBJ 50001d9e (sz=24, trace=300000, class=java.lang.String@5000016e)
	value		50001d9f
ARR 50001d9f (sz=80, trace=300000, nelems=40, elem type=char[])
ARR 50001da0 (sz=130, trace=300000, nelems=65, elem type=char[])
OBJ 50001da1 (sz=24, trace=300000, class=java.lang.String@5000016e)
	value		50001da4
OBJ 50001da2 (sz=24, trace=300000, class=java.lang.String@5000016e)
	value		50001da3
ARR 50001da3 (sz=62, trace=300000, nelems=31, elem type=char[])
ARR 50001da4 (sz=36, trace=300000, nelems=18, elem type=char[])
OBJ 50001da5 (sz=24, trace=300000, class=java.lang.String@5000016e)
	value		50001da8
OBJ 50001da6 (sz=24, trace=300000, class=java.lang.String@5000016e)
	value		50001da7
ARR 50001da7 (sz=54, trace=300000, nelems=27, elem type=char[])
ARR 50001da8 (sz=120, trace=300000, nelems=60, elem type=char[])
OBJ 50001da9 (sz=24, trace=300000, class=java.lang.String@5000016e)
	value		50001dac
OBJ 50001daa (sz=24, trace=300000, class=java.lang.String@5000016e)
	value		50001dab
ARR 50001dab (sz=68, trace=300000, nelems=34, elem type=char[])
ARR 50001dac (sz=100, trace=300000, nelems=50, elem type=char[])
OBJ 50001dad (sz=24, trace=300000, class=java.lang.String@5000016e)
	value		50001db1
OBJ 50001dae (sz=24, trace=300000, class=java.lang.String@5000016e)
	value		50001db0
OBJ 50001daf (sz=56, trace=300687, class=java.util.zip.ZipFile$ZipFileInputStream@5000055e)
ARR 50001db0 (sz=70, trace=300000, nelems=35, elem type=char[])
ARR 50001db1 (sz=200, trace=300000, nelems=100, elem type=char[])
OBJ 50001db2 (sz=24, trace=300000, class=java.lang.String@5000016e)
	value		50001db5
OBJ 50001db3 (sz=24, trace=300000, class=java.lang.String@5000016e)
	value		50001db4
ARR 50001db4 (sz=66, trace=300000, nelems=33, elem type=char[])
ARR 50001db5 (sz=34, trace=300000, nelems=17, elem type=char[])
OBJ 50001db6 (sz=24, trace=300000, class=java.lang.String@5000016e)
	value		50001db9
OBJ 50001db7 (sz=24, trace=300000, class=java.lang.String@5000016e)
	value		50001db8
ARR 50001db8 (sz=90, trace=300000, nelems=45, elem type=char[])
ARR 50001db9 (sz=76, trace=300000, nelems=38, elem type=char[])
OBJ 50001dba (sz=24, trace=300000, class=java.lang.String@5000016e)
	value		50001dbe
OBJ 50001dbb (sz=24, trace=300000, class=java.lang.String@5000016e)
	value		50001dbc
ARR 50001dbc (sz=62, trace=300000, nelems=31, elem type=char[])
OBJ 50001dbd (sz=16, trace=300157, class=java.lang.Object@50000172)
ARR 50001dbe (sz=100, trace=300000, nelems=50, elem type=char[])
OBJ 50001dbf (sz=16, trace=300160, class=java.lang.Object@50000172)
OBJ 50001dc0 (sz=24, trace=300000, class=java.lang.String@5000016e)
	value		50001dc3
OBJ 50001dc1 (sz=24, trace=300000, class=java.lang.String@5000016e)
	value		50001dc2
ARR 50001dc2 (sz=96, trace=300000, nelems=48, elem type=char[])
ARR 50001dc3 (sz=146, trace=300000, nelems=73, elem type=char[])
OBJ 50001dc4 (sz=24, trace=300000, class=java.lang.String@5000016e)
	value		50001dc7
OBJ 50001dc5 (sz=24, trace=300000, class=java.lang.String@5000016e)
	value		50001dc6
ARR 50001dc6 (sz=60, trace=300000, nelems=30, elem type=char[])
ARR 50001dc7 (sz=78, trace=300000, nelems=39, elem type=char[])
OBJ 50001dc8 (sz=24, trace=300000, class=java.lang.String@5000016e)
	value		50001dcd
OBJ 50001dc9 (sz=24, trace=300000, class=java.lang.String@5000016e)
	value		50001dca
ARR 50001dca (sz=96, trace=300000, nelems=48, elem type=char[])
OBJ 50001dcb (sz=56, trace=300687, class=java.util.zip.ZipFile$ZipFileInputStream@5000055e)
	this$0		500004ee
OBJ 50001dcc (sz=40, trace=300106, class=java.lang.ref.Finalizer@5000014d)
	referent	50001dcb
	queue		500003c8
	next		50001d7f
	prev		50001e30
ARR 50001dcd (sz=76, trace=300000, nelems=38, elem type=char[])
OBJ 50001dce (sz=24, trace=300000, class=java.lang.String@5000016e)
	value		50001dd1
OBJ 50001dcf (sz=24, trace=300000, class=java.lang.String@5000016e)
	value		50001dd0
ARR 50001dd0 (sz=64, trace=300000, nelems=32, elem type=char[])
ARR 50001dd1 (sz=44, trace=300000, nelems=22, elem type=char[])
OBJ 50001dd2 (sz=24, trace=300000, class=java.lang.String@5000016e)
	value		50001dd5
OBJ 50001dd3 (sz=24, trace=300000, class=java.lang.String@5000016e)
	value		50001dd4
ARR 50001dd4 (sz=72, trace=300000, nelems=36, elem type=char[])
ARR 50001dd5 (sz=136, trace=300000, nelems=68, elem type=char[])
OBJ 50001dd6 (sz=24, trace=300000, class=java.lang.String@5000016e)
	value		50001de0
OBJ 50001dd9 (sz=16, trace=301106, class=com.sun.tools.javac.util.Context$Key@50001506)
OBJ 50001dda (sz=16, trace=300157, class=java.lang.Object@50000172)
OBJ 50001ddb (sz=32, trace=300159, class=java.util.concurrent.ConcurrentHashMap$Node@50000024)
	key		50000c9d
	val		50001dda
OBJ 50001ddc (sz=16, trace=300160, class=java.lang.Object@50000172)
OBJ 50001ddd (sz=32, trace=300159, class=java.util.concurrent.ConcurrentHashMap$Node@50000024)
	key		50000c9d
	val		50001ddc
OBJ 50001dde (sz=24, trace=300000, class=java.lang.String@5000016e)
	value		50001ddf
ARR 50001ddf (sz=46, trace=300000, nelems=23, elem type=char[])
ARR 50001de0 (sz=28, trace=300000, nelems=14, elem type=char[])
OBJ 50001de1 (sz=24, trace=300000, class=java.lang.String@5000016e)
	value		50001de4
OBJ 50001de2 (sz=24, trace=300000, class=java.lang.String@5000016e)
	value		50001de3
ARR 50001de3 (sz=80, trace=300000, nelems=40, elem type=char[])
ARR 50001de4 (sz=130, trace=300000, nelems=65, elem type=char[])
OBJ 50001de5 (sz=24, trace=300000, class=java.lang.String@5000016e)
	value		50001de8
OBJ 50001de6 (sz=24, trace=300000, class=java.lang.String@5000016e)
	value		50001de7
ARR 50001de7 (sz=58, trace=300000, nelems=29, elem type=char[])
ARR 50001de8 (sz=46, trace=300000, nelems=23, elem type=char[])
OBJ 50001de9 (sz=24, trace=300000, class=java.lang.String@5000016e)
	value		50001dec
OBJ 50001dea (sz=24, trace=300000, class=java.lang.String@5000016e)
	value		50001deb
ARR 50001deb (sz=62, trace=300000, nelems=31, elem type=char[])
ARR 50001dec (sz=176, trace=300000, nelems=88, elem type=char[])
OBJ 50001ded (sz=24, trace=300000, class=java.lang.String@5000016e)
	value		50001df0
OBJ 50001dee (sz=24, trace=300000, class=java.lang.String@5000016e)
	value		50001def
ARR 50001def (sz=72, trace=300000, nelems=36, elem type=char[])
ARR 50001df0 (sz=132, trace=300000, nelems=66, elem type=char[])
OBJ 50001df1 (sz=24, trace=300000, class=java.lang.String@5000016e)
	value		50001df4
OBJ 50001df2 (sz=24, trace=300000, class=java.lang.String@5000016e)
	value		50001df3
ARR 50001df3 (sz=56, trace=300000, nelems=28, elem type=char[])
ARR 50001df4 (sz=76, trace=300000, nelems=38, elem type=char[])
OBJ 50001df5 (sz=24, trace=300000, class=java.lang.String@5000016e)
	value		50001df9
OBJ 50001df6 (sz=56, trace=300687, class=java.util.zip.ZipFile$ZipFileInputStream@5000055e)
OBJ 50001df7 (sz=24, trace=300000, class=java.lang.String@5000016e)
	value		50001df8
ARR 50001df8 (sz=62, trace=300000, nelems=31, elem type=char[])
ARR 50001df9 (sz=70, trace=300000, nelems=35, elem type=char[])
OBJ 50001dfa (sz=24, trace=300000, class=java.lang.String@5000016e)
	value		50001dfd
OBJ 50001dfb (sz=24, trace=300000, class=java.lang.String@5000016e)
	value		50001dfc
ARR 50001dfc (sz=74, trace=300000, nelems=37, elem type=char[])
ARR 50001dfd (sz=128, trace=300000, nelems=64, elem type=char[])
OBJ 50001dfe (sz=24, trace=300000, class=java.lang.String@5000016e)
	value		50001e01
OBJ 50001dff (sz=24, trace=300000, class=java.lang.String@5000016e)
	value		50001e00
ARR 50001e00 (sz=72, trace=300000, nelems=36, elem type=char[])
ARR 50001e01 (sz=92, trace=300000, nelems=46, elem type=char[])
OBJ 50001e04 (sz=16, trace=300157, class=java.lang.Object@50000172)
OBJ 50001e05 (sz=32, trace=300683, class=java.util.concurrent.ConcurrentHashMap$Node@50000024)
	key		50000d19
	val		50001e04
	next		50000a55
OBJ 50001e06 (sz=16, trace=300160, class=java.lang.Object@50000172)
OBJ 50001e07 (sz=32, trace=300683, class=java.util.concurrent.ConcurrentHashMap$Node@50000024)
	key		50000d19
	val		50001e06
	next		50000a59
OBJ 50001e09 (sz=16, trace=300157, class=java.lang.Object@50000172)
OBJ 50001e0a (sz=32, trace=300159, class=java.util.concurrent.ConcurrentHashMap$Node@50000024)
	key		50000c2a
	val		50001e09
OBJ 50001e0b (sz=16, trace=300160, class=java.lang.Object@50000172)
OBJ 50001e0c (sz=32, trace=300159, class=java.util.concurrent.ConcurrentHashMap$Node@50000024)
	key		50000c2a
	val		50001e0b
OBJ 50001e0e (sz=16, trace=300838, class=com.sun.tools.javac.util.Context$Key@50001506)
OBJ 50001e0f (sz=16, trace=300157, class=java.lang.Object@50000172)
OBJ 50001e10 (sz=32, trace=300683, class=java.util.concurrent.ConcurrentHashMap$Node@50000024)
	key		50000cb7
	val		50001e0f
	next		5000070d
OBJ 50001e11 (sz=16, trace=300160, class=java.lang.Object@50000172)
OBJ 50001e12 (sz=32, trace=300683, class=java.util.concurrent.ConcurrentHashMap$Node@50000024)
	key		50000cb7
	val		50001e11
	next		50000711
OBJ 50001e13 (sz=16, trace=300839, class=com.sun.tools.javac.util.Context$Key@50001506)
OBJ 50001e14 (sz=32, trace=300221, class=java.util.HashMap$Node@500000c4)
OBJ 50001e15 (sz=32, trace=300840, class=com.sun.tools.javac.util.JavacMessages@50001e03)
OBJ 50001e16 (sz=48, trace=300841, class=java.util.HashMap@500000c6)
OBJ 50001e17 (sz=24, trace=300842, class=com.sun.tools.javac.util.List@50001ac3)
OBJ 50001e18 (sz=16, trace=300157, class=java.lang.Object@50000172)
OBJ 50001e19 (sz=32, trace=300159, class=java.util.concurrent.ConcurrentHashMap$Node@50000024)
	key		50000bfc
	val		50001e18
OBJ 50001e1a (sz=16, trace=300160, class=java.lang.Object@50000172)
OBJ 50001e1b (sz=32, trace=300159, class=java.util.concurrent.ConcurrentHashMap$Node@50000024)
	key		50000bfc
	val		50001e1a
OBJ 50001e1c (sz=24, trace=300000, class=java.lang.String@5000016e)
	value		50001e1f
OBJ 50001e1d (sz=24, trace=300000, class=java.lang.String@5000016e)
	value		50001e1e
ARR 50001e1e (sz=84, trace=300000, nelems=42, elem type=char[])
ARR 50001e1f (sz=82, trace=300000, nelems=41, elem type=char[])
OBJ 50001e20 (sz=24, trace=300000, class=java.lang.String@5000016e)
	value		50001e23
OBJ 50001e21 (sz=24, trace=300000, class=java.lang.String@5000016e)
	value		50001e22
ARR 50001e22 (sz=72, trace=300000, nelems=36, elem type=char[])
ARR 50001e23 (sz=122, trace=300000, nelems=61, elem type=char[])
OBJ 50001e24 (sz=24, trace=300000, class=java.lang.String@5000016e)
	value		50001e27
OBJ 50001e25 (sz=24, trace=300000, class=java.lang.String@5000016e)
	value		50001e26
ARR 50001e26 (sz=82, trace=300000, nelems=41, elem type=char[])
ARR 50001e27 (sz=110, trace=300000, nelems=55, elem type=char[])
OBJ 50001e28 (sz=24, trace=300000, class=java.lang.String@5000016e)
	value		50001e2b
OBJ 50001e29 (sz=24, trace=300000, class=java.lang.String@5000016e)
	value		50001e2a
ARR 50001e2a (sz=96, trace=300000, nelems=48, elem type=char[])
ARR 50001e2b (sz=176, trace=300000, nelems=88, elem type=char[])
OBJ 50001e2c (sz=24, trace=300000, class=java.lang.String@5000016e)
	value		50001e31
OBJ 50001e2d (sz=24, trace=300000, class=java.lang.String@5000016e)
	value		50001e2e
ARR 50001e2e (sz=68, trace=300000, nelems=34, elem type=char[])
OBJ 50001e2f (sz=56, trace=300687, class=java.util.zip.ZipFile$ZipFileInputStream@5000055e)
	this$0		500004ee
OBJ 50001e30 (sz=40, trace=300106, class=java.lang.ref.Finalizer@5000014d)
	referent	50001e2f
	queue		500003c8
	next		50001dcc
	prev		50001ea1
ARR 50001e31 (sz=130, trace=300000, nelems=65, elem type=char[])
OBJ 50001e32 (sz=24, trace=300000, class=java.lang.String@5000016e)
	value		50001e35
OBJ 50001e33 (sz=24, trace=300000, class=java.lang.String@5000016e)
	value		50001e34
ARR 50001e34 (sz=82, trace=300000, nelems=41, elem type=char[])
ARR 50001e35 (sz=54, trace=300000, nelems=27, elem type=char[])
OBJ 50001e36 (sz=24, trace=300000, class=java.lang.String@5000016e)
	value		50001e39
OBJ 50001e37 (sz=24, trace=300000, class=java.lang.String@5000016e)
	value		50001e38
ARR 50001e38 (sz=62, trace=300000, nelems=31, elem type=char[])
ARR 50001e39 (sz=42, trace=300000, nelems=21, elem type=char[])
OBJ 50001e3a (sz=24, trace=300000, class=java.lang.String@5000016e)
	value		50001e45
OBJ 50001e3b (sz=24, trace=300000, class=java.lang.String@5000016e)
	value		50001e44
OBJ 50001e3d (sz=24, trace=301107, class=com.sun.tools.javac.main.JavaCompiler$CompilePolicy@50001e3c)
	name		50002b12
OBJ 50001e3e (sz=24, trace=301108, class=com.sun.tools.javac.main.JavaCompiler$CompilePolicy@50001e3c)
	name		50002b15
OBJ 50001e3f (sz=24, trace=301109, class=com.sun.tools.javac.main.JavaCompiler$CompilePolicy@50001e3c)
	name		50002b16
OBJ 50001e40 (sz=24, trace=301110, class=com.sun.tools.javac.main.JavaCompiler$CompilePolicy@50001e3c)
	name		50002b13
OBJ 50001e41 (sz=24, trace=301111, class=com.sun.tools.javac.main.JavaCompiler$CompilePolicy@50001e3c)
	name		50002b14
ARR 50001e43 (sz=40, trace=301112, nelems=5, elem type=com.sun.tools.javac.main.JavaCompiler$CompilePolicy[]@50001e42)
	[0]		50001e3d
	[1]		50001e3e
	[2]		50001e3f
	[3]		50001e40
	[4]		50001e41
ARR 50001e44 (sz=82, trace=300000, nelems=41, elem type=char[])
ARR 50001e45 (sz=70, trace=300000, nelems=35, elem type=char[])
OBJ 50001e46 (sz=24, trace=300000, class=java.lang.String@5000016e)
	value		50001e4d
OBJ 50001e47 (sz=24, trace=300000, class=java.lang.String@5000016e)
	value		50001e48
ARR 50001e48 (sz=44, trace=300000, nelems=22, elem type=char[])
OBJ 50001e49 (sz=16, trace=300157, class=java.lang.Object@50000172)
OBJ 50001e4a (sz=32, trace=300683, class=java.util.concurrent.ConcurrentHashMap$Node@50000024)
	key		50000d27
	val		50001e49
OBJ 50001e4b (sz=16, trace=300160, class=java.lang.Object@50000172)
OBJ 50001e4c (sz=32, trace=300683, class=java.util.concurrent.ConcurrentHashMap$Node@50000024)
	key		50000d27
	val		50001e4b
ARR 50001e4d (sz=50, trace=300000, nelems=25, elem type=char[])
OBJ 50001e4e (sz=24, trace=300000, class=java.lang.String@5000016e)
	value		50001e52
OBJ 50001e4f (sz=24, trace=300000, class=java.lang.String@5000016e)
	value		50001e50
ARR 50001e50 (sz=82, trace=300000, nelems=41, elem type=char[])
OBJ 50001e51 (sz=56, trace=300687, class=java.util.zip.ZipFile$ZipFileInputStream@5000055e)
ARR 50001e52 (sz=118, trace=300000, nelems=59, elem type=char[])
OBJ 50001e53 (sz=24, trace=300000, class=java.lang.String@5000016e)
	value		50001e56
OBJ 50001e54 (sz=24, trace=300000, class=java.lang.String@5000016e)
	value		50001e55
ARR 50001e55 (sz=44, trace=300000, nelems=22, elem type=char[])
ARR 50001e56 (sz=38, trace=300000, nelems=19, elem type=char[])
OBJ 50001e57 (sz=24, trace=300000, class=java.lang.String@5000016e)
	value		50001e5a
OBJ 50001e58 (sz=24, trace=300000, class=java.lang.String@5000016e)
	value		50001e59
ARR 50001e59 (sz=90, trace=300000, nelems=45, elem type=char[])
ARR 50001e5a (sz=132, trace=300000, nelems=66, elem type=char[])
OBJ 50001e5b (sz=24, trace=300000, class=java.lang.String@5000016e)
	value		50001e5c
ARR 50001e5c (sz=44, trace=300000, nelems=22, elem type=char[])
ARR 50001e5d (sz=14, trace=300000, nelems=7, elem type=char[])
OBJ 50001e5f (sz=24, trace=300000, class=java.lang.String@5000016e)
	value		50001e6c
OBJ 50001e60 (sz=16, trace=300157, class=java.lang.Object@50000172)
OBJ 50001e61 (sz=24, trace=300000, class=java.lang.String@5000016e)
	value		50001e63
OBJ 50001e62 (sz=16, trace=300160, class=java.lang.Object@50000172)
ARR 50001e63 (sz=60, trace=300000, nelems=30, elem type=char[])
OBJ 50001e66 (sz=40, trace=300845, class=java.util.ResourceBundle$1@50001e65)
	cacheKey	50001b79
OBJ 50001e67 (sz=64, trace=300846, class=java.util.concurrent.ConcurrentHashMap@5000002b)
	table		500001be
OBJ 50001e68 (sz=32, trace=300847, class=java.lang.ref.ReferenceQueue@5000014c)
	lock		50001e69
OBJ 50001e69 (sz=16, trace=300848, class=java.lang.ref.ReferenceQueue$Lock@500000d1)
ARR 50001e6c (sz=106, trace=300000, nelems=53, elem type=char[])
OBJ 50001e6d (sz=24, trace=300000, class=java.lang.String@5000016e)
	value		50001e73
OBJ 50001e6f (sz=24, trace=300000, class=java.lang.String@5000016e)
	value		50001e71
ARR 50001e71 (sz=68, trace=300000, nelems=34, elem type=char[])
ARR 50001e73 (sz=22, trace=300000, nelems=11, elem type=char[])
OBJ 50001e76 (sz=24, trace=300000, class=java.lang.String@5000016e)
	value		50001e79
OBJ 50001e77 (sz=24, trace=300000, class=java.lang.String@5000016e)
	value		50001e78
ARR 50001e78 (sz=72, trace=300000, nelems=36, elem type=char[])
ARR 50001e79 (sz=46, trace=300000, nelems=23, elem type=char[])
OBJ 50001e7a (sz=24, trace=300000, class=java.lang.String@5000016e)
	value		50001e7e
OBJ 50001e7b (sz=24, trace=300000, class=java.lang.String@5000016e)
	value		50001e7c
ARR 50001e7c (sz=50, trace=300000, nelems=25, elem type=char[])
ARR 50001e7e (sz=50, trace=300000, nelems=25, elem type=char[])
OBJ 50001e81 (sz=24, trace=300000, class=java.lang.String@5000016e)
	value		50001e86
OBJ 50001e82 (sz=24, trace=300000, class=java.lang.String@5000016e)
	value		50001e85
OBJ 50001e83 (sz=24, trace=300870, class=java.lang.String@5000016e)
	value		50001e84
ARR 50001e84 (sz=112, trace=300871, nelems=56, elem type=char[])
ARR 50001e85 (sz=114, trace=300000, nelems=57, elem type=char[])
ARR 50001e86 (sz=102, trace=300000, nelems=51, elem type=char[])
OBJ 50001e87 (sz=24, trace=300000, class=java.lang.String@5000016e)
	value		50001e8a
OBJ 50001e88 (sz=24, trace=300000, class=java.lang.String@5000016e)
	value		50001e89
ARR 50001e89 (sz=54, trace=300000, nelems=27, elem type=char[])
ARR 50001e8a (sz=74, trace=300000, nelems=37, elem type=char[])
OBJ 50001e8b (sz=24, trace=300000, class=java.lang.String@5000016e)
	value		50001e8e
OBJ 50001e8c (sz=24, trace=300000, class=java.lang.String@5000016e)
	value		50001e8d
ARR 50001e8d (sz=54, trace=300000, nelems=27, elem type=char[])
ARR 50001e8e (sz=54, trace=300000, nelems=27, elem type=char[])
OBJ 50001e8f (sz=24, trace=300000, class=java.lang.String@5000016e)
	value		50001e92
OBJ 50001e90 (sz=24, trace=300000, class=java.lang.String@5000016e)
	value		50001e91
ARR 50001e91 (sz=60, trace=300000, nelems=30, elem type=char[])
ARR 50001e92 (sz=76, trace=300000, nelems=38, elem type=char[])
OBJ 50001e93 (sz=24, trace=300000, class=java.lang.String@5000016e)
	value		50001e96
OBJ 50001e94 (sz=24, trace=300000, class=java.lang.String@5000016e)
	value		50001e95
ARR 50001e95 (sz=84, trace=300000, nelems=42, elem type=char[])
ARR 50001e96 (sz=126, trace=300000, nelems=63, elem type=char[])
OBJ 50001e97 (sz=24, trace=300000, class=java.lang.String@5000016e)
	value		50001e9c
OBJ 50001e98 (sz=24, trace=300873, class=java.lang.String@5000016e)
	value		50001e99
ARR 50001e99 (sz=92, trace=300874, nelems=46, elem type=char[])
OBJ 50001e9a (sz=24, trace=300000, class=java.lang.String@5000016e)
	value		50001e9b
ARR 50001e9b (sz=72, trace=300000, nelems=36, elem type=char[])
ARR 50001e9c (sz=82, trace=300000, nelems=41, elem type=char[])
OBJ 50001e9d (sz=24, trace=300878, class=java.lang.String@5000016e)
	value		50001e9e
ARR 50001e9e (sz=84, trace=300879, nelems=42, elem type=char[])
OBJ 50001e9f (sz=24, trace=300000, class=java.lang.String@5000016e)
	value		50001ea4
OBJ 50001ea0 (sz=56, trace=300687, class=java.util.zip.ZipFile$ZipFileInputStream@5000055e)
	this$0		500004ee
OBJ 50001ea1 (sz=40, trace=300106, class=java.lang.ref.Finalizer@5000014d)
	referent	50001ea0
	queue		500003c8
	next		50001e30
	prev		50002037
OBJ 50001ea2 (sz=24, trace=300000, class=java.lang.String@5000016e)
	value		50001ea3
ARR 50001ea3 (sz=50, trace=300000, nelems=25, elem type=char[])
ARR 50001ea4 (sz=48, trace=300000, nelems=24, elem type=char[])
OBJ 50001ea5 (sz=24, trace=300000, class=java.lang.String@5000016e)
	value		50001ead
OBJ 50001ea6 (sz=24, trace=300000, class=java.lang.String@5000016e)
	value		50001eaa
OBJ 50001ea7 (sz=24, trace=300883, class=java.lang.String@5000016e)
ARR 50001ea8 (sz=128, trace=300884, nelems=0, elem type=char[])
OBJ 50001ea9 (sz=32, trace=300885, class=java.io.FileInputStream@500000b3)
ARR 50001eaa (sz=100, trace=300000, nelems=50, elem type=char[])
OBJ 50001eab (sz=16, trace=300886, class=java.lang.Object@50000172)
OBJ 50001eac (sz=40, trace=300887, class=java.io.FileDescriptor@500000b2)
ARR 50001ead (sz=102, trace=300000, nelems=51, elem type=char[])
OBJ 50001eae (sz=24, trace=300000, class=java.lang.String@5000016e)
	value		50001eb1
OBJ 50001eaf (sz=24, trace=300000, class=java.lang.String@5000016e)
	value		50001eb0
ARR 50001eb0 (sz=88, trace=300000, nelems=44, elem type=char[])
ARR 50001eb1 (sz=68, trace=300000, nelems=34, elem type=char[])
OBJ 50001eb3 (sz=24, trace=300000, class=java.lang.String@5000016e)
	value		50001ec1
OBJ 50001eb4 (sz=56, trace=300130, class=java.lang.Class$ReflectionData@500000a5)
OBJ 50001eb5 (sz=40, trace=300040, class=java.lang.ref.SoftReference@50000152)
OBJ 50001eb6 (sz=80, trace=300131, class=java.lang.reflect.Constructor@5000013d)
OBJ 50001eb7 (sz=24, trace=300083, class=java.io.ExpiringCache$Entry@50000061)
	val		50000e96
OBJ 50001eb8 (sz=40, trace=300726, class=java.util.LinkedHashMap$Entry@50000060)
	key		50001e9d
	value		50001eb7
	before		500001eb
	after		50001ffd
OBJ 50001eb9 (sz=24, trace=300000, class=java.lang.String@5000016e)
	value		50001ec0
OBJ 50001eba (sz=24, trace=300133, class=sun.reflect.NativeConstructorAccessorImpl@5000007c)
OBJ 50001ebb (sz=16, trace=300134, class=sun.reflect.DelegatingConstructorAccessorImpl@5000007b)
OBJ 50001ebc (sz=40, trace=301114, class=com.sun.tools.javac.resources.version@50001eb2)
	locale		50000f20
	name		50000d27
	cacheKey	50002a31
	lookup		50001fdc
OBJ 50001ebd (sz=32, trace=300999, class=java.util.ResourceBundle$LoaderReference@50002274)
	referent	500003d7
	queue		50001e68
	cacheKey	50002a31
OBJ 50001ebe (sz=48, trace=301005, class=java.util.ResourceBundle$BundleReference@500001bc)
	referent	50001ebc
	queue		50001e68
	cacheKey	50002a31
OBJ 50001ebf (sz=32, trace=301007, class=java.util.concurrent.ConcurrentHashMap$Node@50000024)
	key		50002a31
	val		50001ebe
ARR 50001ec0 (sz=74, trace=300000, nelems=37, elem type=char[])
ARR 50001ec1 (sz=216, trace=300000, nelems=108, elem type=char[])
OBJ 50001ec2 (sz=24, trace=300000, class=java.lang.String@5000016e)
	value		50001ecf
OBJ 50001ec3 (sz=24, trace=301010, class=java.lang.String@5000016e)
	value		50001ec4
ARR 50001ec4 (sz=80, trace=301011, nelems=40, elem type=char[])
OBJ 50001ec5 (sz=16, trace=300157, class=java.lang.Object@50000172)
OBJ 50001ec6 (sz=32, trace=300159, class=java.util.concurrent.ConcurrentHashMap$Node@50000024)
	key		50001ec3
	val		50001ec5
OBJ 50001ec7 (sz=16, trace=300160, class=java.lang.Object@50000172)
OBJ 50001ec8 (sz=32, trace=300159, class=java.util.concurrent.ConcurrentHashMap$Node@50000024)
	key		50001ec3
	val		50001ec7
OBJ 50001ec9 (sz=24, trace=300000, class=java.lang.String@5000016e)
	value		50001ecc
OBJ 50001eca (sz=24, trace=300899, class=java.lang.String@5000016e)
	value		50001ecb
ARR 50001ecb (sz=14, trace=300898, nelems=7, elem type=char[])
ARR 50001ecc (sz=54, trace=300000, nelems=27, elem type=char[])
OBJ 50001ecd (sz=24, trace=300899, class=java.lang.String@5000016e)
	value		50001ece
ARR 50001ece (sz=14, trace=300898, nelems=7, elem type=char[])
ARR 50001ecf (sz=56, trace=300000, nelems=28, elem type=char[])
OBJ 50001ed0 (sz=24, trace=300000, class=java.lang.String@5000016e)
	value		50001ed7
OBJ 50001ed1 (sz=32, trace=300902, class=java.io.File@5000011b)
	path		50001ed3
OBJ 50001ed2 (sz=24, trace=300000, class=java.lang.String@5000016e)
	value		50001ed6
OBJ 50001ed3 (sz=24, trace=300904, class=java.lang.String@5000016e)
	value		50001ed4
ARR 50001ed4 (sz=110, trace=300884, nelems=55, elem type=char[])
OBJ 50001ed5 (sz=24, trace=300905, class=sun.misc.MetaIndex@50000040)
	contents	50001917
ARR 50001ed6 (sz=62, trace=300000, nelems=31, elem type=char[])
ARR 50001ed7 (sz=46, trace=300000, nelems=23, elem type=char[])
OBJ 50001ed8 (sz=24, trace=300000, class=java.lang.String@5000016e)
	value		50001edd
OBJ 50001ed9 (sz=24, trace=300000, class=java.lang.String@5000016e)
	value		50001edc
OBJ 50001eda (sz=32, trace=300221, class=java.util.HashMap$Node@500000c4)
	key		50001ed1
	value		50001ed5
ARR 50001edb (sz=144, trace=300907, nelems=30, elem type=java.util.HashMap$Node[]@500000c2)
	[0]		500018a7
	[1]		50001ef1
	[2]		500018a8
	[3]		500018a9
	[4]		50001eda
	[10]		500018aa
	[11]		50001f17
	[15]		500018ab
	[17]		500018ac
	[18]		500018ad
	[23]		500018ae
	[24]		50001f6e
	[26]		50001f05
	[28]		500018af
	[29]		500018b0
ARR 50001edc (sz=84, trace=300000, nelems=42, elem type=char[])
ARR 50001edd (sz=168, trace=300000, nelems=84, elem type=char[])
OBJ 50001ede (sz=24, trace=300899, class=java.lang.String@5000016e)
	value		50001edf
ARR 50001edf (sz=24, trace=300898, nelems=12, elem type=char[])
OBJ 50001ee0 (sz=24, trace=300899, class=java.lang.String@5000016e)
	value		50001ee1
ARR 50001ee1 (sz=24, trace=300898, nelems=12, elem type=char[])
OBJ 50001ee2 (sz=24, trace=300899, class=java.lang.String@5000016e)
	value		50001ee3
ARR 50001ee3 (sz=42, trace=300898, nelems=21, elem type=char[])
OBJ 50001ee4 (sz=24, trace=300899, class=java.lang.String@5000016e)
	value		50001ee5
ARR 50001ee5 (sz=40, trace=300898, nelems=20, elem type=char[])
OBJ 50001ee6 (sz=24, trace=300000, class=java.lang.String@5000016e)
	value		50001eed
OBJ 50001ee7 (sz=24, trace=300000, class=java.lang.String@5000016e)
	value		50001ee9
OBJ 50001ee8 (sz=32, trace=300902, class=java.io.File@5000011b)
	path		50001eea
ARR 50001ee9 (sz=64, trace=300000, nelems=32, elem type=char[])
OBJ 50001eea (sz=24, trace=300904, class=java.lang.String@5000016e)
	value		50001eeb
ARR 50001eeb (sz=100, trace=300884, nelems=50, elem type=char[])
OBJ 50001eec (sz=24, trace=300905, class=sun.misc.MetaIndex@50000040)
	contents	5000192f
ARR 50001eed (sz=62, trace=300000, nelems=31, elem type=char[])
OBJ 50001eee (sz=24, trace=300000, class=java.lang.String@5000016e)
	value		50001ef2
OBJ 50001eef (sz=24, trace=300000, class=java.lang.String@5000016e)
	value		50001ef0
ARR 50001ef0 (sz=90, trace=300000, nelems=45, elem type=char[])
OBJ 50001ef1 (sz=32, trace=300221, class=java.util.HashMap$Node@500000c4)
	key		50001ee8
	value		50001eec
ARR 50001ef2 (sz=172, trace=300000, nelems=86, elem type=char[])
OBJ 50001ef3 (sz=24, trace=300000, class=java.lang.String@5000016e)
	value		50001efd
OBJ 50001ef4 (sz=24, trace=300899, class=java.lang.String@5000016e)
	value		50001ef5
ARR 50001ef5 (sz=30, trace=300898, nelems=15, elem type=char[])
OBJ 50001ef6 (sz=24, trace=300899, class=java.lang.String@5000016e)
	value		50001ef7
ARR 50001ef7 (sz=14, trace=300898, nelems=7, elem type=char[])
OBJ 50001ef8 (sz=24, trace=300899, class=java.lang.String@5000016e)
	value		50001ef9
ARR 50001ef9 (sz=38, trace=300898, nelems=19, elem type=char[])
OBJ 50001efa (sz=24, trace=300000, class=java.lang.String@5000016e)
	value		50001efb
ARR 50001efb (sz=42, trace=300000, nelems=21, elem type=char[])
OBJ 50001efc (sz=32, trace=300902, class=java.io.File@5000011b)
	path		50001efe
ARR 50001efd (sz=24, trace=300000, nelems=12, elem type=char[])
OBJ 50001efe (sz=24, trace=300904, class=java.lang.String@5000016e)
	value		50001eff
ARR 50001eff (sz=100, trace=300884, nelems=50, elem type=char[])
OBJ 50001f00 (sz=24, trace=300905, class=sun.misc.MetaIndex@50000040)
	contents	500018c8
OBJ 50001f01 (sz=24, trace=300000, class=java.lang.String@5000016e)
	value		50001f04
OBJ 50001f02 (sz=24, trace=300000, class=java.lang.String@5000016e)
	value		50001f03
ARR 50001f03 (sz=50, trace=300000, nelems=25, elem type=char[])
ARR 50001f04 (sz=68, trace=300000, nelems=34, elem type=char[])
OBJ 50001f05 (sz=32, trace=300221, class=java.util.HashMap$Node@500000c4)
	key		50001efc
	value		50001f00
OBJ 50001f06 (sz=24, trace=300000, class=java.lang.String@5000016e)
	value		50001f0d
OBJ 50001f07 (sz=24, trace=300000, class=java.lang.String@5000016e)
	value		50001f0c
OBJ 50001f08 (sz=24, trace=300899, class=java.lang.String@5000016e)
	value		50001f09
ARR 50001f09 (sz=24, trace=300898, nelems=12, elem type=char[])
OBJ 50001f0a (sz=24, trace=300899, class=java.lang.String@5000016e)
	value		50001f0b
ARR 50001f0b (sz=24, trace=300898, nelems=12, elem type=char[])
ARR 50001f0c (sz=76, trace=300000, nelems=38, elem type=char[])
ARR 50001f0d (sz=138, trace=300000, nelems=69, elem type=char[])
OBJ 50001f0e (sz=32, trace=300902, class=java.io.File@5000011b)
	path		50001f10
OBJ 50001f0f (sz=32, trace=300999, class=java.util.ResourceBundle$LoaderReference@50002274)
	referent	500003d7
	queue		50001e68
	cacheKey	50002a2f
OBJ 50001f10 (sz=24, trace=300904, class=java.lang.String@5000016e)
	value		50001f11
ARR 50001f11 (sz=102, trace=300884, nelems=51, elem type=char[])
OBJ 50001f12 (sz=24, trace=300905, class=sun.misc.MetaIndex@50000040)
	contents	50001904
OBJ 50001f13 (sz=48, trace=301005, class=java.util.ResourceBundle$BundleReference@500001bc)
	referent	50001e66
	queue		50001e68
	cacheKey	50002a2f
OBJ 50001f14 (sz=32, trace=301007, class=java.util.concurrent.ConcurrentHashMap$Node@50000024)
	key		50002a2f
	val		50001f13
OBJ 50001f15 (sz=24, trace=300000, class=java.lang.String@5000016e)
	value		50001f16
ARR 50001f16 (sz=68, trace=300000, nelems=34, elem type=char[])
OBJ 50001f17 (sz=32, trace=300221, class=java.util.HashMap$Node@500000c4)
	key		50001f0e
	value		50001f12
	next		50001fc8
OBJ 50001f18 (sz=24, trace=300000, class=java.lang.String@5000016e)
	value		50001f63
OBJ 50001f19 (sz=24, trace=301010, class=java.lang.String@5000016e)
	value		50001f1a
ARR 50001f1a (sz=86, trace=301011, nelems=43, elem type=char[])
OBJ 50001f1b (sz=16, trace=300157, class=java.lang.Object@50000172)
OBJ 50001f1c (sz=32, trace=300159, class=java.util.concurrent.ConcurrentHashMap$Node@50000024)
	key		50001f19
	val		50001f1b
OBJ 50001f1d (sz=16, trace=300160, class=java.lang.Object@50000172)
OBJ 50001f1e (sz=24, trace=300899, class=java.lang.String@5000016e)
	value		50001f1f
ARR 50001f1f (sz=54, trace=300898, nelems=27, elem type=char[])
OBJ 50001f20 (sz=24, trace=300899, class=java.lang.String@5000016e)
	value		50001f21
ARR 50001f21 (sz=104, trace=300898, nelems=52, elem type=char[])
OBJ 50001f22 (sz=24, trace=300899, class=java.lang.String@5000016e)
	value		50001f23
ARR 50001f23 (sz=96, trace=300898, nelems=48, elem type=char[])
OBJ 50001f24 (sz=24, trace=300899, class=java.lang.String@5000016e)
	value		50001f25
ARR 50001f25 (sz=28, trace=300898, nelems=14, elem type=char[])
OBJ 50001f26 (sz=24, trace=300899, class=java.lang.String@5000016e)
	value		50001f27
ARR 50001f27 (sz=108, trace=300898, nelems=54, elem type=char[])
OBJ 50001f28 (sz=24, trace=300899, class=java.lang.String@5000016e)
	value		50001f29
ARR 50001f29 (sz=18, trace=300898, nelems=9, elem type=char[])
OBJ 50001f2a (sz=24, trace=300899, class=java.lang.String@5000016e)
	value		50001f2b
ARR 50001f2b (sz=106, trace=300898, nelems=53, elem type=char[])
OBJ 50001f2c (sz=24, trace=300899, class=java.lang.String@5000016e)
	value		50001f2d
ARR 50001f2d (sz=102, trace=300898, nelems=51, elem type=char[])
OBJ 50001f2e (sz=24, trace=300899, class=java.lang.String@5000016e)
	value		50001f2f
ARR 50001f2f (sz=22, trace=300898, nelems=11, elem type=char[])
OBJ 50001f30 (sz=24, trace=300899, class=java.lang.String@5000016e)
	value		50001f31
ARR 50001f31 (sz=114, trace=300898, nelems=57, elem type=char[])
OBJ 50001f32 (sz=24, trace=300899, class=java.lang.String@5000016e)
	value		50001f33
ARR 50001f33 (sz=114, trace=300898, nelems=57, elem type=char[])
OBJ 50001f34 (sz=32, trace=300159, class=java.util.concurrent.ConcurrentHashMap$Node@50000024)
	key		50001f19
	val		50001f1d
OBJ 50001f35 (sz=24, trace=300899, class=java.lang.String@5000016e)
	value		50001f36
ARR 50001f36 (sz=14, trace=300898, nelems=7, elem type=char[])
OBJ 50001f37 (sz=24, trace=300899, class=java.lang.String@5000016e)
	value		50001f38
ARR 50001f38 (sz=114, trace=300898, nelems=57, elem type=char[])
OBJ 50001f39 (sz=24, trace=300899, class=java.lang.String@5000016e)
	value		50001f3a
ARR 50001f3a (sz=32, trace=300898, nelems=16, elem type=char[])
OBJ 50001f3b (sz=24, trace=300899, class=java.lang.String@5000016e)
	value		50001f3c
ARR 50001f3c (sz=98, trace=300898, nelems=49, elem type=char[])
OBJ 50001f3d (sz=24, trace=300899, class=java.lang.String@5000016e)
	value		50001f3e
ARR 50001f3e (sz=52, trace=300898, nelems=26, elem type=char[])
OBJ 50001f3f (sz=24, trace=300000, class=java.lang.String@5000016e)
	value		50001f4e
OBJ 50001f40 (sz=24, trace=300899, class=java.lang.String@5000016e)
	value		50001f41
ARR 50001f41 (sz=106, trace=300898, nelems=53, elem type=char[])
OBJ 50001f42 (sz=24, trace=300899, class=java.lang.String@5000016e)
	value		50001f43
ARR 50001f43 (sz=14, trace=300898, nelems=7, elem type=char[])
OBJ 50001f44 (sz=24, trace=300899, class=java.lang.String@5000016e)
	value		50001f45
ARR 50001f45 (sz=18, trace=300898, nelems=9, elem type=char[])
OBJ 50001f46 (sz=24, trace=300899, class=java.lang.String@5000016e)
	value		50001f47
ARR 50001f47 (sz=120, trace=300898, nelems=60, elem type=char[])
OBJ 50001f48 (sz=24, trace=300899, class=java.lang.String@5000016e)
	value		50001f49
ARR 50001f49 (sz=30, trace=300898, nelems=15, elem type=char[])
OBJ 50001f4a (sz=24, trace=300899, class=java.lang.String@5000016e)
	value		50001f4b
ARR 50001f4b (sz=110, trace=300898, nelems=55, elem type=char[])
OBJ 50001f4c (sz=24, trace=300899, class=java.lang.String@5000016e)
	value		50001f4d
ARR 50001f4d (sz=48, trace=300898, nelems=24, elem type=char[])
ARR 50001f4e (sz=68, trace=300000, nelems=34, elem type=char[])
OBJ 50001f4f (sz=24, trace=300899, class=java.lang.String@5000016e)
	value		50001f50
ARR 50001f50 (sz=18, trace=300898, nelems=9, elem type=char[])
OBJ 50001f51 (sz=24, trace=300899, class=java.lang.String@5000016e)
	value		50001f52
ARR 50001f52 (sz=16, trace=300898, nelems=8, elem type=char[])
OBJ 50001f53 (sz=24, trace=300899, class=java.lang.String@5000016e)
	value		50001f54
ARR 50001f54 (sz=18, trace=300898, nelems=9, elem type=char[])
OBJ 50001f55 (sz=24, trace=300899, class=java.lang.String@5000016e)
	value		50001f56
ARR 50001f56 (sz=110, trace=300898, nelems=55, elem type=char[])
OBJ 50001f57 (sz=24, trace=300899, class=java.lang.String@5000016e)
	value		50001f58
ARR 50001f58 (sz=24, trace=300898, nelems=12, elem type=char[])
OBJ 50001f59 (sz=24, trace=300899, class=java.lang.String@5000016e)
	value		50001f5a
ARR 50001f5a (sz=102, trace=300898, nelems=51, elem type=char[])
OBJ 50001f5b (sz=24, trace=300899, class=java.lang.String@5000016e)
	value		50001f5c
ARR 50001f5c (sz=38, trace=300898, nelems=19, elem type=char[])
OBJ 50001f5d (sz=24, trace=300899, class=java.lang.String@5000016e)
	value		50001f5e
ARR 50001f5e (sz=26, trace=300898, nelems=13, elem type=char[])
OBJ 50001f5f (sz=24, trace=300899, class=java.lang.String@5000016e)
	value		50001f60
ARR 50001f60 (sz=24, trace=300898, nelems=12, elem type=char[])
OBJ 50001f61 (sz=24, trace=300899, class=java.lang.String@5000016e)
	value		50001f62
ARR 50001f62 (sz=132, trace=300898, nelems=66, elem type=char[])
ARR 50001f63 (sz=162, trace=300000, nelems=81, elem type=char[])
OBJ 50001f64 (sz=24, trace=300000, class=java.lang.String@5000016e)
	value		50001f6b
OBJ 50001f65 (sz=32, trace=300902, class=java.io.File@5000011b)
	path		50001f67
OBJ 50001f66 (sz=24, trace=300000, class=java.lang.String@5000016e)
	value		50001f6a
OBJ 50001f67 (sz=24, trace=300904, class=java.lang.String@5000016e)
	value		50001f68
ARR 50001f68 (sz=112, trace=300884, nelems=56, elem type=char[])
OBJ 50001f69 (sz=24, trace=300905, class=sun.misc.MetaIndex@50000040)
	contents	500018c9
ARR 50001f6a (sz=116, trace=300000, nelems=58, elem type=char[])
ARR 50001f6b (sz=152, trace=300000, nelems=76, elem type=char[])
OBJ 50001f6c (sz=24, trace=300000, class=java.lang.String@5000016e)
	value		50001f70
OBJ 50001f6d (sz=24, trace=300000, class=java.lang.String@5000016e)
	value		50001f6f
OBJ 50001f6e (sz=32, trace=300221, class=java.util.HashMap$Node@500000c4)
	key		50001f65
	value		50001f69
ARR 50001f6f (sz=74, trace=300000, nelems=37, elem type=char[])
ARR 50001f70 (sz=88, trace=300000, nelems=44, elem type=char[])
OBJ 50001f71 (sz=24, trace=300899, class=java.lang.String@5000016e)
	value		50001f72
ARR 50001f72 (sz=54, trace=300898, nelems=27, elem type=char[])
OBJ 50001f73 (sz=24, trace=300899, class=java.lang.String@5000016e)
	value		50001f74
ARR 50001f74 (sz=10, trace=300898, nelems=5, elem type=char[])
OBJ 50001f75 (sz=24, trace=300899, class=java.lang.String@5000016e)
	value		50001f76
ARR 50001f76 (sz=18, trace=300898, nelems=9, elem type=char[])
OBJ 50001f77 (sz=24, trace=300899, class=java.lang.String@5000016e)
	value		50001f78
ARR 50001f78 (sz=28, trace=300898, nelems=14, elem type=char[])
OBJ 50001f79 (sz=24, trace=300899, class=java.lang.String@5000016e)
	value		50001f7a
ARR 50001f7a (sz=32, trace=300898, nelems=16, elem type=char[])
OBJ 50001f7b (sz=24, trace=300899, class=java.lang.String@5000016e)
	value		50001f7c
ARR 50001f7c (sz=42, trace=300898, nelems=21, elem type=char[])
OBJ 50001f7d (sz=24, trace=300899, class=java.lang.String@5000016e)
	value		50001f7e
ARR 50001f7e (sz=28, trace=300898, nelems=14, elem type=char[])
OBJ 50001f7f (sz=24, trace=300899, class=java.lang.String@5000016e)
	value		50001f80
ARR 50001f80 (sz=28, trace=300898, nelems=14, elem type=char[])
OBJ 50001f81 (sz=24, trace=300899, class=java.lang.String@5000016e)
	value		50001f82
ARR 50001f82 (sz=24, trace=300898, nelems=12, elem type=char[])
OBJ 50001f83 (sz=24, trace=300899, class=java.lang.String@5000016e)
	value		50001f84
ARR 50001f84 (sz=38, trace=300898, nelems=19, elem type=char[])
OBJ 50001f85 (sz=24, trace=300899, class=java.lang.String@5000016e)
	value		50001f86
ARR 50001f86 (sz=8, trace=300898, nelems=4, elem type=char[])
OBJ 50001f87 (sz=24, trace=300899, class=java.lang.String@5000016e)
	value		50001f88
ARR 50001f88 (sz=24, trace=300898, nelems=12, elem type=char[])
OBJ 50001f89 (sz=24, trace=300899, class=java.lang.String@5000016e)
	value		50001f8a
ARR 50001f8a (sz=26, trace=300898, nelems=13, elem type=char[])
OBJ 50001f8b (sz=24, trace=300899, class=java.lang.String@5000016e)
	value		50001f8c
ARR 50001f8c (sz=32, trace=300898, nelems=16, elem type=char[])
OBJ 50001f8d (sz=24, trace=300899, class=java.lang.String@5000016e)
	value		50001f8e
ARR 50001f8e (sz=24, trace=300898, nelems=12, elem type=char[])
OBJ 50001f8f (sz=24, trace=300899, class=java.lang.String@5000016e)
	value		50001f90
ARR 50001f90 (sz=24, trace=300898, nelems=12, elem type=char[])
OBJ 50001f91 (sz=24, trace=300899, class=java.lang.String@5000016e)
	value		50001f92
ARR 50001f92 (sz=16, trace=300898, nelems=8, elem type=char[])
OBJ 50001f93 (sz=24, trace=300899, class=java.lang.String@5000016e)
	value		50001f94
ARR 50001f94 (sz=28, trace=300898, nelems=14, elem type=char[])
OBJ 50001f95 (sz=24, trace=300899, class=java.lang.String@5000016e)
	value		50001f96
ARR 50001f96 (sz=38, trace=300898, nelems=19, elem type=char[])
OBJ 50001f97 (sz=24, trace=300899, class=java.lang.String@5000016e)
	value		50001f98
ARR 50001f98 (sz=24, trace=300898, nelems=12, elem type=char[])
OBJ 50001f99 (sz=24, trace=300899, class=java.lang.String@5000016e)
	value		50001f9a
ARR 50001f9a (sz=30, trace=300898, nelems=15, elem type=char[])
OBJ 50001f9b (sz=24, trace=300899, class=java.lang.String@5000016e)
	value		50001f9c
ARR 50001f9c (sz=16, trace=300898, nelems=8, elem type=char[])
OBJ 50001f9d (sz=24, trace=300899, class=java.lang.String@5000016e)
	value		50001f9e
ARR 50001f9e (sz=30, trace=300898, nelems=15, elem type=char[])
OBJ 50001f9f (sz=24, trace=300899, class=java.lang.String@5000016e)
	value		50001fa0
ARR 50001fa0 (sz=8, trace=300898, nelems=4, elem type=char[])
OBJ 50001fa1 (sz=24, trace=300899, class=java.lang.String@5000016e)
	value		50001fa2
ARR 50001fa2 (sz=30, trace=300898, nelems=15, elem type=char[])
OBJ 50001fa3 (sz=24, trace=300899, class=java.lang.String@5000016e)
	value		50001fa4
ARR 50001fa4 (sz=16, trace=300898, nelems=8, elem type=char[])
OBJ 50001fa5 (sz=24, trace=300899, class=java.lang.String@5000016e)
	value		50001fa6
ARR 50001fa6 (sz=16, trace=300898, nelems=8, elem type=char[])
OBJ 50001fa7 (sz=24, trace=300899, class=java.lang.String@5000016e)
	value		50001fa8
ARR 50001fa8 (sz=34, trace=300898, nelems=17, elem type=char[])
OBJ 50001fa9 (sz=24, trace=300899, class=java.lang.String@5000016e)
	value		50001faa
ARR 50001faa (sz=28, trace=300898, nelems=14, elem type=char[])
OBJ 50001fab (sz=24, trace=300899, class=java.lang.String@5000016e)
	value		50001fac
ARR 50001fac (sz=24, trace=300898, nelems=12, elem type=char[])
OBJ 50001fad (sz=24, trace=300899, class=java.lang.String@5000016e)
	value		50001fae
ARR 50001fae (sz=38, trace=300898, nelems=19, elem type=char[])
OBJ 50001faf (sz=24, trace=300899, class=java.lang.String@5000016e)
	value		50001fb0
ARR 50001fb0 (sz=22, trace=300898, nelems=11, elem type=char[])
OBJ 50001fb1 (sz=24, trace=300899, class=java.lang.String@5000016e)
	value		50001fb2
ARR 50001fb2 (sz=34, trace=300898, nelems=17, elem type=char[])
OBJ 50001fb3 (sz=24, trace=300899, class=java.lang.String@5000016e)
	value		50001fb4
ARR 50001fb4 (sz=26, trace=300898, nelems=13, elem type=char[])
OBJ 50001fb5 (sz=24, trace=300000, class=java.lang.String@5000016e)
	value		50001fbe
OBJ 50001fb6 (sz=24, trace=300899, class=java.lang.String@5000016e)
	value		50001fb7
ARR 50001fb7 (sz=44, trace=300898, nelems=22, elem type=char[])
OBJ 50001fb8 (sz=24, trace=300899, class=java.lang.String@5000016e)
	value		50001fb9
ARR 50001fb9 (sz=24, trace=300898, nelems=12, elem type=char[])
OBJ 50001fba (sz=24, trace=300899, class=java.lang.String@5000016e)
	value		50001fbb
ARR 50001fbb (sz=12, trace=300898, nelems=6, elem type=char[])
OBJ 50001fbc (sz=24, trace=300000, class=java.lang.String@5000016e)
	value		50001fbd
ARR 50001fbd (sz=66, trace=300000, nelems=33, elem type=char[])
ARR 50001fbe (sz=58, trace=300000, nelems=29, elem type=char[])
OBJ 50001fbf (sz=32, trace=300910, class=java.io.File@5000011b)
	path		50001fc1
OBJ 50001fc0 (sz=24, trace=300000, class=java.lang.String@5000016e)
	value		50001fc6
OBJ 50001fc1 (sz=24, trace=300912, class=java.lang.String@5000016e)
	value		50001fc2
ARR 50001fc2 (sz=98, trace=300884, nelems=49, elem type=char[])
OBJ 50001fc3 (sz=24, trace=300913, class=sun.misc.MetaIndex@50000040)
	contents	50001905
OBJ 50001fc4 (sz=24, trace=300000, class=java.lang.String@5000016e)
	value		50001fc5
ARR 50001fc5 (sz=70, trace=300000, nelems=35, elem type=char[])
ARR 50001fc6 (sz=38, trace=300000, nelems=19, elem type=char[])
OBJ 50001fc7 (sz=24, trace=300000, class=java.lang.String@5000016e)
	value		50001fc9
OBJ 50001fc8 (sz=32, trace=300222, class=java.util.HashMap$Node@500000c4)
	key		50001fbf
	value		50001fc3
ARR 50001fc9 (sz=78, trace=300000, nelems=39, elem type=char[])
OBJ 50001fca (sz=24, trace=300000, class=java.lang.String@5000016e)
	value		50001fcb
ARR 50001fcb (sz=64, trace=300000, nelems=32, elem type=char[])
OBJ 50001fcc (sz=24, trace=300000, class=java.lang.String@5000016e)
	value		50001fcf
OBJ 50001fcd (sz=24, trace=300000, class=java.lang.String@5000016e)
	value		50001fce
ARR 50001fce (sz=104, trace=300000, nelems=52, elem type=char[])
ARR 50001fcf (sz=78, trace=300000, nelems=39, elem type=char[])
OBJ 50001fd0 (sz=24, trace=300000, class=java.lang.String@5000016e)
	value		50001fd3
OBJ 50001fd1 (sz=24, trace=300000, class=java.lang.String@5000016e)
	value		50001fd2
ARR 50001fd2 (sz=64, trace=300000, nelems=32, elem type=char[])
ARR 50001fd3 (sz=62, trace=300000, nelems=31, elem type=char[])
OBJ 50001fd4 (sz=32, trace=300999, class=java.util.ResourceBundle$LoaderReference@50002274)
	referent	500003d7
	queue		50001e68
	cacheKey	50002b03
OBJ 50001fd5 (sz=48, trace=301005, class=java.util.ResourceBundle$BundleReference@500001bc)
	referent	50001e66
	queue		50001e68
	cacheKey	50002b03
OBJ 50001fd6 (sz=32, trace=301007, class=java.util.concurrent.ConcurrentHashMap$Node@50000024)
	key		50002b03
	val		50001fd5
OBJ 50001fd8 (sz=24, trace=300000, class=java.lang.String@5000016e)
	value		50001fdb
OBJ 50001fd9 (sz=24, trace=300000, class=java.lang.String@5000016e)
	value		50001fda
ARR 50001fda (sz=62, trace=300000, nelems=31, elem type=char[])
ARR 50001fdb (sz=288, trace=300000, nelems=144, elem type=char[])
OBJ 50001fdc (sz=48, trace=301119, class=java.util.HashMap@500000c6)
	table		50001fdd
ARR 50001fdd (sz=32, trace=301120, nelems=4, elem type=java.util.HashMap$Node[]@500000c2)
	[0]		50001fdf
	[2]		50001fe0
	[3]		50001fde
OBJ 50001fde (sz=32, trace=300221, class=java.util.HashMap$Node@500000c4)
	key		50002a33
	value		50002a32
OBJ 50001fdf (sz=32, trace=300221, class=java.util.HashMap$Node@500000c4)
	key		50002a38
	value		50001896
OBJ 50001fe0 (sz=32, trace=300221, class=java.util.HashMap$Node@500000c4)
	key		50002a36
	value		50001896
OBJ 50001fe1 (sz=24, trace=300000, class=java.lang.String@5000016e)
	value		50001fe6
OBJ 50001fe2 (sz=24, trace=300000, class=java.lang.String@5000016e)
	value		50001fe5
OBJ 50001fe3 (sz=24, trace=301123, class=java.lang.String@5000016e)
ARR 50001fe4 (sz=48, trace=301124, nelems=0, elem type=char[])
ARR 50001fe5 (sz=84, trace=300000, nelems=42, elem type=char[])
ARR 50001fe6 (sz=78, trace=300000, nelems=39, elem type=char[])
OBJ 50001fe7 (sz=24, trace=300000, class=java.lang.String@5000016e)
	value		50001fea
OBJ 50001fe8 (sz=24, trace=300000, class=java.lang.String@5000016e)
	value		50001fe9
ARR 50001fe9 (sz=60, trace=300000, nelems=30, elem type=char[])
ARR 50001fea (sz=178, trace=300000, nelems=89, elem type=char[])
OBJ 50001feb (sz=16, trace=300157, class=java.lang.Object@50000172)
OBJ 50001fec (sz=32, trace=300159, class=java.util.concurrent.ConcurrentHashMap$Node@50000024)
	key		50000ce7
	val		50001feb
OBJ 50001fed (sz=16, trace=300160, class=java.lang.Object@50000172)
OBJ 50001fee (sz=32, trace=300159, class=java.util.concurrent.ConcurrentHashMap$Node@50000024)
	key		50000ce7
	val		50001fed
OBJ 50001fef (sz=24, trace=300000, class=java.lang.String@5000016e)
	value		50001ff2
OBJ 50001ff0 (sz=24, trace=300000, class=java.lang.String@5000016e)
	value		50001ff1
ARR 50001ff1 (sz=86, trace=300000, nelems=43, elem type=char[])
ARR 50001ff2 (sz=140, trace=300000, nelems=70, elem type=char[])
OBJ 50001ff3 (sz=24, trace=300000, class=java.lang.String@5000016e)
	value		50001ff6
OBJ 50001ff4 (sz=24, trace=300000, class=java.lang.String@5000016e)
	value		50001ff5
ARR 50001ff5 (sz=64, trace=300000, nelems=32, elem type=char[])
ARR 50001ff6 (sz=62, trace=300000, nelems=31, elem type=char[])
OBJ 50001ff7 (sz=24, trace=300000, class=java.lang.String@5000016e)
	value		50002000
OBJ 50001ff8 (sz=24, trace=300000, class=java.lang.String@5000016e)
	value		50001ff9
ARR 50001ff9 (sz=116, trace=300000, nelems=58, elem type=char[])
OBJ 50001ffa (sz=24, trace=300081, class=java.lang.String@5000016e)
	value		50001ffb
ARR 50001ffb (sz=84, trace=300082, nelems=42, elem type=char[])
OBJ 50001ffc (sz=24, trace=300083, class=java.io.ExpiringCache$Entry@50000061)
	val		50000e94
OBJ 50001ffd (sz=40, trace=300084, class=java.util.LinkedHashMap$Entry@50000060)
	key		50001e83
	value		50001ffc
	before		50001eb8
	after		50002020
OBJ 50001ffe (sz=24, trace=300085, class=java.lang.String@5000016e)
	value		50001fff
ARR 50001fff (sz=84, trace=300082, nelems=42, elem type=char[])
ARR 50002000 (sz=90, trace=300000, nelems=45, elem type=char[])
OBJ 50002001 (sz=24, trace=300917, class=java.io.ExpiringCache$Entry@50000061)
	val		50001ffe
OBJ 50002002 (sz=40, trace=300084, class=java.util.LinkedHashMap$Entry@50000060)
	key		50001ffa
	value		50002001
	before		50000eeb
OBJ 50002003 (sz=24, trace=300000, class=java.lang.String@5000016e)
	value		50002006
OBJ 50002004 (sz=24, trace=300000, class=java.lang.String@5000016e)
	value		50002005
ARR 50002005 (sz=86, trace=300000, nelems=43, elem type=char[])
ARR 50002006 (sz=66, trace=300000, nelems=33, elem type=char[])
OBJ 50002007 (sz=24, trace=300000, class=java.lang.String@5000016e)
	value		5000200a
OBJ 50002008 (sz=24, trace=300000, class=java.lang.String@5000016e)
	value		50002009
ARR 50002009 (sz=66, trace=300000, nelems=33, elem type=char[])
ARR 5000200a (sz=88, trace=300000, nelems=44, elem type=char[])
OBJ 5000200b (sz=24, trace=300925, class=java.lang.String@5000016e)
	value		5000200c
ARR 5000200c (sz=118, trace=300926, nelems=59, elem type=char[])
OBJ 5000200d (sz=64, trace=300927, class=java.net.URL@50000119)
	protocol	50000d9c
	host		500005d6
	file		5000200b
	authority	500005d6
	path		5000200b
	handler		50000dad
OBJ 5000200e (sz=24, trace=300000, class=java.lang.String@5000016e)
	value		50002011
OBJ 5000200f (sz=24, trace=300000, class=java.lang.String@5000016e)
	value		50002010
ARR 50002010 (sz=90, trace=300000, nelems=45, elem type=char[])
ARR 50002011 (sz=172, trace=300000, nelems=86, elem type=char[])
OBJ 50002012 (sz=24, trace=300000, class=java.lang.String@5000016e)
	value		50002013
ARR 50002013 (sz=74, trace=300000, nelems=37, elem type=char[])
OBJ 50002014 (sz=24, trace=300000, class=java.lang.String@5000016e)
	value		50002017
OBJ 50002015 (sz=24, trace=300000, class=java.lang.String@5000016e)
	value		50002016
ARR 50002016 (sz=96, trace=300000, nelems=48, elem type=char[])
ARR 50002017 (sz=104, trace=300000, nelems=52, elem type=char[])
OBJ 50002018 (sz=24, trace=300000, class=java.lang.String@5000016e)
	value		5000201b
OBJ 50002019 (sz=24, trace=300000, class=java.lang.String@5000016e)
	value		5000201a
ARR 5000201a (sz=66, trace=300000, nelems=33, elem type=char[])
ARR 5000201b (sz=60, trace=300000, nelems=30, elem type=char[])
OBJ 5000201c (sz=24, trace=300000, class=java.lang.String@5000016e)
	value		50002023
OBJ 5000201d (sz=24, trace=300937, class=java.lang.String@5000016e)
	value		5000201e
ARR 5000201e (sz=98, trace=300938, nelems=49, elem type=char[])
OBJ 5000201f (sz=24, trace=300939, class=java.io.ExpiringCache$Entry@50000061)
	val		50000e92
OBJ 50002020 (sz=40, trace=300084, class=java.util.LinkedHashMap$Entry@50000060)
	key		5000201d
	value		5000201f
	before		50001ffd
	after		5000203e
OBJ 50002021 (sz=24, trace=300000, class=java.lang.String@5000016e)
	value		50002022
ARR 50002022 (sz=46, trace=300000, nelems=23, elem type=char[])
ARR 50002023 (sz=12, trace=300000, nelems=6, elem type=char[])
OBJ 50002024 (sz=24, trace=300000, class=java.lang.String@5000016e)
	value		50002027
OBJ 50002025 (sz=24, trace=300000, class=java.lang.String@5000016e)
	value		50002026
ARR 50002026 (sz=56, trace=300000, nelems=28, elem type=char[])
ARR 50002027 (sz=42, trace=300000, nelems=21, elem type=char[])
OBJ 50002028 (sz=24, trace=300000, class=java.lang.String@5000016e)
	value		5000202e
OBJ 50002029 (sz=24, trace=300925, class=java.lang.String@5000016e)
	value		5000202a
ARR 5000202a (sz=104, trace=300926, nelems=52, elem type=char[])
OBJ 5000202b (sz=64, trace=300927, class=java.net.URL@50000119)
	protocol	50000d9c
	host		500005d6
	file		50002029
	authority	500005d6
	path		50002029
	handler		50000dad
OBJ 5000202c (sz=24, trace=300000, class=java.lang.String@5000016e)
	value		5000202d
ARR 5000202d (sz=76, trace=300000, nelems=38, elem type=char[])
ARR 5000202e (sz=76, trace=300000, nelems=38, elem type=char[])
OBJ 5000202f (sz=24, trace=300000, class=java.lang.String@5000016e)
	value		50002032
OBJ 50002030 (sz=24, trace=300000, class=java.lang.String@5000016e)
	value		50002031
ARR 50002031 (sz=94, trace=300000, nelems=47, elem type=char[])
ARR 50002032 (sz=154, trace=300000, nelems=77, elem type=char[])
OBJ 50002033 (sz=24, trace=300000, class=java.lang.String@5000016e)
	value		50002038
OBJ 50002034 (sz=24, trace=300000, class=java.lang.String@5000016e)
	value		50002035
ARR 50002035 (sz=84, trace=300000, nelems=42, elem type=char[])
OBJ 50002036 (sz=56, trace=300687, class=java.util.zip.ZipFile$ZipFileInputStream@5000055e)
	this$0		500004ee
OBJ 50002037 (sz=40, trace=300106, class=java.lang.ref.Finalizer@5000014d)
	referent	50002036
	queue		500003c8
	next		50001ea1
	prev		500003a0
ARR 50002038 (sz=154, trace=300000, nelems=77, elem type=char[])
OBJ 50002039 (sz=24, trace=300000, class=java.lang.String@5000016e)
	value		50002040
OBJ 5000203a (sz=24, trace=300000, class=java.lang.String@5000016e)
	value		5000203f
OBJ 5000203b (sz=24, trace=300937, class=java.lang.String@5000016e)
	value		5000203c
ARR 5000203c (sz=114, trace=300938, nelems=57, elem type=char[])
OBJ 5000203d (sz=24, trace=300939, class=java.io.ExpiringCache$Entry@50000061)
	val		50000e90
OBJ 5000203e (sz=40, trace=300084, class=java.util.LinkedHashMap$Entry@50000060)
	key		5000203b
	value		5000203d
	before		50002020
	after		5000205c
ARR 5000203f (sz=82, trace=300000, nelems=41, elem type=char[])
ARR 50002040 (sz=74, trace=300000, nelems=37, elem type=char[])
OBJ 50002041 (sz=24, trace=300000, class=java.lang.String@5000016e)
	value		50002044
OBJ 50002042 (sz=24, trace=300000, class=java.lang.String@5000016e)
	value		50002043
ARR 50002043 (sz=48, trace=300000, nelems=24, elem type=char[])
ARR 50002044 (sz=40, trace=300000, nelems=20, elem type=char[])
OBJ 50002045 (sz=24, trace=300000, class=java.lang.String@5000016e)
	value		5000204b
OBJ 50002046 (sz=24, trace=300000, class=java.lang.String@5000016e)
	value		5000204a
OBJ 50002047 (sz=24, trace=300925, class=java.lang.String@5000016e)
	value		50002048
ARR 50002048 (sz=120, trace=300926, nelems=60, elem type=char[])
OBJ 50002049 (sz=64, trace=300927, class=java.net.URL@50000119)
	protocol	50000d9c
	host		500005d6
	file		50002047
	authority	500005d6
	path		50002047
	handler		50000dad
ARR 5000204a (sz=80, trace=300000, nelems=40, elem type=char[])
ARR 5000204b (sz=112, trace=300000, nelems=56, elem type=char[])
OBJ 5000204d (sz=24, trace=300000, class=java.lang.String@5000016e)
	value		5000205d
OBJ 5000204e (sz=56, trace=300130, class=java.lang.Class$ReflectionData@500000a5)
OBJ 5000204f (sz=40, trace=300040, class=java.lang.ref.SoftReference@50000152)
OBJ 50002050 (sz=80, trace=300131, class=java.lang.reflect.Constructor@5000013d)
OBJ 50002051 (sz=24, trace=300000, class=java.lang.String@5000016e)
	value		50002058
OBJ 50002052 (sz=24, trace=300133, class=sun.reflect.NativeConstructorAccessorImpl@5000007c)
OBJ 50002053 (sz=16, trace=300134, class=sun.reflect.DelegatingConstructorAccessorImpl@5000007b)
OBJ 50002054 (sz=40, trace=301126, class=com.sun.tools.javac.resources.javac@5000204c)
	locale		50000f20
	name		50000ce7
	cacheKey	50002a3a
	lookup		50002689
OBJ 50002055 (sz=32, trace=300999, class=java.util.ResourceBundle$LoaderReference@50002274)
	referent	500003d7
	queue		50001e68
	cacheKey	50002a3a
OBJ 50002056 (sz=48, trace=301005, class=java.util.ResourceBundle$BundleReference@500001bc)
	referent	50002054
	queue		50001e68
	cacheKey	50002a3a
OBJ 50002057 (sz=32, trace=301007, class=java.util.concurrent.ConcurrentHashMap$Node@50000024)
	key		50002a3a
	val		50002056
ARR 50002058 (sz=82, trace=300000, nelems=41, elem type=char[])
OBJ 50002059 (sz=24, trace=300937, class=java.lang.String@5000016e)
	value		5000205a
ARR 5000205a (sz=102, trace=300938, nelems=51, elem type=char[])
OBJ 5000205b (sz=24, trace=300939, class=java.io.ExpiringCache$Entry@50000061)
	val		50000e8d
OBJ 5000205c (sz=40, trace=300084, class=java.util.LinkedHashMap$Entry@50000060)
	key		50002059
	value		5000205b
	before		5000203e
	after		5000207a
ARR 5000205d (sz=130, trace=300000, nelems=65, elem type=char[])
OBJ 5000205e (sz=24, trace=300000, class=java.lang.String@5000016e)
	value		5000206a
OBJ 5000205f (sz=24, trace=301010, class=java.lang.String@5000016e)
	value		50002060
ARR 50002060 (sz=76, trace=301011, nelems=38, elem type=char[])
OBJ 50002061 (sz=16, trace=300157, class=java.lang.Object@50000172)
OBJ 50002062 (sz=32, trace=300683, class=java.util.concurrent.ConcurrentHashMap$Node@50000024)
	key		5000205f
	val		50002061
OBJ 50002063 (sz=16, trace=300160, class=java.lang.Object@50000172)
OBJ 50002064 (sz=32, trace=300683, class=java.util.concurrent.ConcurrentHashMap$Node@50000024)
	key		5000205f
	val		50002063
OBJ 50002065 (sz=24, trace=300925, class=java.lang.String@5000016e)
	value		50002066
ARR 50002066 (sz=108, trace=300926, nelems=54, elem type=char[])
OBJ 50002067 (sz=64, trace=300927, class=java.net.URL@50000119)
	protocol	50000d9c
	host		500005d6
	file		50002065
	authority	500005d6
	path		50002065
	handler		50000dad
OBJ 50002068 (sz=24, trace=300000, class=java.lang.String@5000016e)
	value		50002069
ARR 50002069 (sz=102, trace=300000, nelems=51, elem type=char[])
ARR 5000206a (sz=116, trace=300000, nelems=58, elem type=char[])
OBJ 5000206b (sz=24, trace=300000, class=java.lang.String@5000016e)
	value		5000206e
OBJ 5000206c (sz=24, trace=300000, class=java.lang.String@5000016e)
	value		5000206d
ARR 5000206d (sz=56, trace=300000, nelems=28, elem type=char[])
ARR 5000206e (sz=10, trace=300000, nelems=5, elem type=char[])
OBJ 5000206f (sz=24, trace=300000, class=java.lang.String@5000016e)
	value		50002072
OBJ 50002070 (sz=24, trace=300000, class=java.lang.String@5000016e)
	value		50002071
ARR 50002071 (sz=64, trace=300000, nelems=32, elem type=char[])
ARR 50002072 (sz=28, trace=300000, nelems=14, elem type=char[])
OBJ 50002073 (sz=24, trace=300000, class=java.lang.String@5000016e)
	value		50002076
OBJ 50002074 (sz=24, trace=300000, class=java.lang.String@5000016e)
	value		50002075
ARR 50002075 (sz=44, trace=300000, nelems=22, elem type=char[])
ARR 50002076 (sz=32, trace=300000, nelems=16, elem type=char[])
OBJ 50002077 (sz=24, trace=300937, class=java.lang.String@5000016e)
	value		50002078
ARR 50002078 (sz=100, trace=300938, nelems=50, elem type=char[])
OBJ 50002079 (sz=24, trace=300939, class=java.io.ExpiringCache$Entry@50000061)
	val		50000e8b
OBJ 5000207a (sz=40, trace=300084, class=java.util.LinkedHashMap$Entry@50000060)
	key		50002077
	value		50002079
	before		5000205c
	after		50002098
OBJ 5000207b (sz=24, trace=300000, class=java.lang.String@5000016e)
	value		5000207c
ARR 5000207c (sz=52, trace=300000, nelems=26, elem type=char[])
OBJ 5000207d (sz=24, trace=300000, class=java.lang.String@5000016e)
	value		50002080
OBJ 5000207e (sz=24, trace=300000, class=java.lang.String@5000016e)
	value		5000207f
ARR 5000207f (sz=64, trace=300000, nelems=32, elem type=char[])
ARR 50002080 (sz=112, trace=300000, nelems=56, elem type=char[])
OBJ 50002081 (sz=24, trace=300000, class=java.lang.String@5000016e)
	value		50002087
OBJ 50002082 (sz=24, trace=300000, class=java.lang.String@5000016e)
	value		50002086
OBJ 50002083 (sz=24, trace=300925, class=java.lang.String@5000016e)
	value		50002084
ARR 50002084 (sz=106, trace=300926, nelems=53, elem type=char[])
OBJ 50002085 (sz=64, trace=300927, class=java.net.URL@50000119)
	protocol	50000d9c
	host		500005d6
	file		50002083
	authority	500005d6
	path		50002083
	handler		50000dad
ARR 50002086 (sz=84, trace=300000, nelems=42, elem type=char[])
ARR 50002087 (sz=28, trace=300000, nelems=14, elem type=char[])
OBJ 50002088 (sz=24, trace=300000, class=java.lang.String@5000016e)
	value		5000208b
OBJ 50002089 (sz=24, trace=300000, class=java.lang.String@5000016e)
	value		5000208a
ARR 5000208a (sz=58, trace=300000, nelems=29, elem type=char[])
ARR 5000208b (sz=58, trace=300000, nelems=29, elem type=char[])
OBJ 5000208c (sz=24, trace=300000, class=java.lang.String@5000016e)
	value		50002092
OBJ 5000208d (sz=24, trace=300000, class=java.lang.String@5000016e)
	value		50002091
OBJ 5000208e (sz=32, trace=300999, class=java.util.ResourceBundle$LoaderReference@50002274)
	referent	500003d7
	queue		50001e68
	cacheKey	50001b7c
OBJ 5000208f (sz=48, trace=301005, class=java.util.ResourceBundle$BundleReference@500001bc)
	referent	50001e66
	queue		50001e68
	cacheKey	50001b7c
OBJ 50002090 (sz=32, trace=301007, class=java.util.concurrent.ConcurrentHashMap$Node@50000024)
	key		50001b7c
	val		5000208f
ARR 50002091 (sz=72, trace=300000, nelems=36, elem type=char[])
ARR 50002092 (sz=100, trace=300000, nelems=50, elem type=char[])
OBJ 50002093 (sz=24, trace=300000, class=java.lang.String@5000016e)
	value		500020a0
OBJ 50002094 (sz=24, trace=301010, class=java.lang.String@5000016e)
	value		50002099
OBJ 50002095 (sz=24, trace=300937, class=java.lang.String@5000016e)
	value		50002096
ARR 50002096 (sz=110, trace=300938, nelems=55, elem type=char[])
OBJ 50002097 (sz=24, trace=300939, class=java.io.ExpiringCache$Entry@50000061)
	val		50000e89
OBJ 50002098 (sz=40, trace=300084, class=java.util.LinkedHashMap$Entry@50000060)
	key		50002095
	value		50002097
	before		5000207a
	after		500020b6
ARR 50002099 (sz=82, trace=301011, nelems=41, elem type=char[])
OBJ 5000209a (sz=16, trace=300157, class=java.lang.Object@50000172)
OBJ 5000209b (sz=32, trace=300159, class=java.util.concurrent.ConcurrentHashMap$Node@50000024)
	key		50002094
	val		5000209a
OBJ 5000209c (sz=16, trace=300160, class=java.lang.Object@50000172)
OBJ 5000209d (sz=32, trace=300159, class=java.util.concurrent.ConcurrentHashMap$Node@50000024)
	key		50002094
	val		5000209c
OBJ 5000209e (sz=24, trace=300000, class=java.lang.String@5000016e)
	value		5000209f
ARR 5000209f (sz=64, trace=300000, nelems=32, elem type=char[])
ARR 500020a0 (sz=52, trace=300000, nelems=26, elem type=char[])
OBJ 500020a1 (sz=24, trace=300925, class=java.lang.String@5000016e)
	value		500020a2
ARR 500020a2 (sz=116, trace=300926, nelems=58, elem type=char[])
OBJ 500020a3 (sz=64, trace=300927, class=java.net.URL@50000119)
	protocol	50000d9c
	host		500005d6
	file		500020a1
	authority	500005d6
	path		500020a1
	handler		50000dad
OBJ 500020a4 (sz=24, trace=300000, class=java.lang.String@5000016e)
	value		500020a7
OBJ 500020a5 (sz=24, trace=300000, class=java.lang.String@5000016e)
	value		500020a6
ARR 500020a6 (sz=62, trace=300000, nelems=31, elem type=char[])
ARR 500020a7 (sz=110, trace=300000, nelems=55, elem type=char[])
OBJ 500020a8 (sz=24, trace=300000, class=java.lang.String@5000016e)
	value		500020ab
OBJ 500020a9 (sz=24, trace=300000, class=java.lang.String@5000016e)
	value		500020aa
ARR 500020aa (sz=78, trace=300000, nelems=39, elem type=char[])
ARR 500020ab (sz=96, trace=300000, nelems=48, elem type=char[])
OBJ 500020ac (sz=24, trace=300000, class=java.lang.String@5000016e)
	value		500020af
OBJ 500020ad (sz=24, trace=300000, class=java.lang.String@5000016e)
	value		500020ae
ARR 500020ae (sz=102, trace=300000, nelems=51, elem type=char[])
ARR 500020af (sz=116, trace=300000, nelems=58, elem type=char[])
OBJ 500020b0 (sz=24, trace=300000, class=java.lang.String@5000016e)
	value		500020b8
OBJ 500020b1 (sz=24, trace=300000, class=java.lang.String@5000016e)
	value		500020b2
ARR 500020b2 (sz=56, trace=300000, nelems=28, elem type=char[])
OBJ 500020b3 (sz=24, trace=300937, class=java.lang.String@5000016e)
	value		500020b4
ARR 500020b4 (sz=100, trace=300938, nelems=50, elem type=char[])
OBJ 500020b5 (sz=24, trace=300939, class=java.io.ExpiringCache$Entry@50000061)
	val		50000e87
OBJ 500020b6 (sz=40, trace=300726, class=java.util.LinkedHashMap$Entry@50000060)
	key		500020b3
	value		500020b5
	before		50002098
	after		500020c7
ARR 500020b7 (sz=272, trace=300940, nelems=64, elem type=java.util.HashMap$Node[]@500000c2)
	[9]		500020b6
	[12]		500001eb
	[13]		50000e4d
	[15]		50000e4e
	[16]		50000e4c
	[17]		50000e4f
	[19]		50001ffd
	[21]		50000e50
	[22]		5000205c
	[24]		50001eb8
	[25]		50000e51
	[27]		50000e52
	[34]		50000e53
	[35]		50000e59
	[36]		50000e5a
	[38]		50002098
	[40]		50002020
	[41]		50000e5b
	[50]		5000207a
	[53]		50000e5c
	[56]		50000e5d
	[58]		50000e5e
	[60]		5000203e
	[63]		50000e5f
ARR 500020b8 (sz=36, trace=300000, nelems=18, elem type=char[])
OBJ 500020b9 (sz=24, trace=300000, class=java.lang.String@5000016e)
	value		500020bc
OBJ 500020ba (sz=24, trace=300000, class=java.lang.String@5000016e)
	value		500020bb
ARR 500020bb (sz=68, trace=300000, nelems=34, elem type=char[])
ARR 500020bc (sz=112, trace=300000, nelems=56, elem type=char[])
OBJ 500020bd (sz=24, trace=300000, class=java.lang.String@5000016e)
	value		500020c3
OBJ 500020be (sz=24, trace=300000, class=java.lang.String@5000016e)
	value		500020bf
ARR 500020bf (sz=64, trace=300000, nelems=32, elem type=char[])
OBJ 500020c0 (sz=24, trace=300925, class=java.lang.String@5000016e)
	value		500020c1
ARR 500020c1 (sz=106, trace=300926, nelems=53, elem type=char[])
OBJ 500020c2 (sz=64, trace=300927, class=java.net.URL@50000119)
	protocol	50000d9c
	host		500005d6
	file		500020c0
	authority	500005d6
	path		500020c0
	handler		50000dad
ARR 500020c3 (sz=62, trace=300000, nelems=31, elem type=char[])
OBJ 500020c4 (sz=24, trace=300000, class=java.lang.String@5000016e)
	value		500020c9
OBJ 500020c5 (sz=24, trace=300000, class=java.lang.String@5000016e)
	value		500020c8
OBJ 500020c6 (sz=24, trace=300083, class=java.io.ExpiringCache$Entry@50000061)
	val		50000e85
OBJ 500020c7 (sz=40, trace=300726, class=java.util.LinkedHashMap$Entry@50000060)
	key		50001e98
	value		500020c6
	before		500020b6
ARR 500020c8 (sz=62, trace=300000, nelems=31, elem type=char[])
ARR 500020c9 (sz=58, trace=300000, nelems=29, elem type=char[])
OBJ 500020ca (sz=32, trace=300999, class=java.util.ResourceBundle$LoaderReference@50002274)
	referent	500003d7
	queue		50001e68
	cacheKey	50001b79
OBJ 500020cb (sz=48, trace=301005, class=java.util.ResourceBundle$BundleReference@500001bc)
	referent	50001e66
	queue		50001e68
	cacheKey	50001b79
OBJ 500020cc (sz=32, trace=301007, class=java.util.concurrent.ConcurrentHashMap$Node@50000024)
	key		50001b79
	val		500020cb
OBJ 500020cd (sz=24, trace=301023, class=com.sun.tools.javac.util.List@50001ac3)
OBJ 500020ce (sz=24, trace=300000, class=java.lang.String@5000016e)
	value		500020d1
OBJ 500020cf (sz=24, trace=300000, class=java.lang.String@5000016e)
	value		500020d0
ARR 500020d0 (sz=54, trace=300000, nelems=27, elem type=char[])
ARR 500020d1 (sz=28, trace=300000, nelems=14, elem type=char[])
OBJ 500020d2 (sz=24, trace=301023, class=com.sun.tools.javac.util.List@50001ac3)
OBJ 500020d3 (sz=24, trace=300925, class=java.lang.String@5000016e)
	value		500020d4
ARR 500020d4 (sz=98, trace=300926, nelems=49, elem type=char[])
OBJ 500020d5 (sz=64, trace=300927, class=java.net.URL@50000119)
	protocol	50000d9c
	host		500005d6
	file		500020d3
	authority	500005d6
	path		500020d3
	handler		50000dad
OBJ 500020d6 (sz=40, trace=301024, class=java.lang.ref.SoftReference@50000152)
OBJ 500020d7 (sz=48, trace=300941, class=sun.misc.URLClassPath@50000004)
	path		500020d8
	urls		500020d9
	loaders		500020db
	lmap		500020dc
	jarHandler	500020e3
OBJ 500020d8 (sz=24, trace=300942, class=java.util.ArrayList@500000dd)
	elementData	500020dd
OBJ 500020d9 (sz=32, trace=300943, class=java.util.Stack@500000e2)
	elementData	500020da
ARR 500020da (sz=56, trace=300944, nelems=0, elem type=java.lang.Object[]@50000108)
OBJ 500020db (sz=24, trace=300945, class=java.util.ArrayList@500000dd)
	elementData	50002115
OBJ 500020dc (sz=48, trace=300946, class=java.util.HashMap@500000c6)
	table		50002116
ARR 500020dd (sz=56, trace=300219, nelems=8, elem type=java.lang.Object[]@50000108)
	[0]		5000200d
	[1]		5000202b
	[2]		50002049
	[3]		50002067
	[4]		50002085
	[5]		500020a3
	[6]		500020c2
	[7]		500020d5
OBJ 500020de (sz=32, trace=300221, class=java.util.HashMap$Node@500000c4)
OBJ 500020df (sz=24, trace=300000, class=java.lang.String@5000016e)
	value		500020e2
OBJ 500020e0 (sz=24, trace=300000, class=java.lang.String@5000016e)
	value		500020e1
ARR 500020e1 (sz=108, trace=300000, nelems=54, elem type=char[])
ARR 500020e2 (sz=120, trace=300000, nelems=60, elem type=char[])
OBJ 500020e3 (sz=16, trace=300951, class=sun.net.www.protocol.jar.Handler@50000003)
OBJ 500020e5 (sz=24, trace=300000, class=java.lang.String@5000016e)
	value		500020eb
OBJ 500020e7 (sz=24, trace=300000, class=java.lang.String@5000016e)
	value		500020e9
ARR 500020e9 (sz=60, trace=300000, nelems=30, elem type=char[])
ARR 500020eb (sz=52, trace=300000, nelems=26, elem type=char[])
OBJ 500020ed (sz=24, trace=300000, class=java.lang.String@5000016e)
	value		500020f0
OBJ 500020ee (sz=24, trace=300000, class=java.lang.String@5000016e)
	value		500020ef
ARR 500020ef (sz=94, trace=300000, nelems=47, elem type=char[])
ARR 500020f0 (sz=116, trace=300000, nelems=58, elem type=char[])
OBJ 500020f1 (sz=24, trace=300170, class=java.lang.String@5000016e)
	value		500020f2
ARR 500020f2 (sz=132, trace=300171, nelems=66, elem type=char[])
OBJ 500020f3 (sz=24, trace=300000, class=java.lang.String@5000016e)
	value		500020f6
OBJ 500020f4 (sz=24, trace=300000, class=java.lang.String@5000016e)
	value		500020f5
ARR 500020f5 (sz=92, trace=300000, nelems=46, elem type=char[])
ARR 500020f6 (sz=164, trace=300000, nelems=82, elem type=char[])
OBJ 500020f7 (sz=24, trace=300000, class=java.lang.String@5000016e)
	value		500020fa
OBJ 500020f8 (sz=24, trace=300000, class=java.lang.String@5000016e)
	value		500020f9
ARR 500020f9 (sz=42, trace=300000, nelems=21, elem type=char[])
ARR 500020fa (sz=24, trace=300000, nelems=12, elem type=char[])
OBJ 500020fb (sz=24, trace=300000, class=java.lang.String@5000016e)
	value		50002102
OBJ 500020fc (sz=24, trace=300184, class=java.lang.String@5000016e)
	value		500020fd
ARR 500020fd (sz=132, trace=300185, nelems=66, elem type=char[])
OBJ 500020fe (sz=64, trace=300186, class=java.net.URL@50000119)
	protocol	50000dff
	host		500005d6
	file		500020fc
	authority	500005d6
	path		500020fc
	handler		500020e3
OBJ 500020ff (sz=24, trace=300000, class=java.lang.String@5000016e)
	value		50002101
OBJ 50002100 (sz=56, trace=300188, class=sun.misc.URLClassPath$JarLoader@5000025c)
	base		500020fe
	csu		5000200d
	metaIndex	50001f69
	handler		500020e3
	lmap		500020dc
ARR 50002101 (sz=66, trace=300000, nelems=33, elem type=char[])
ARR 50002102 (sz=20, trace=300000, nelems=10, elem type=char[])
OBJ 50002103 (sz=24, trace=300000, class=java.lang.String@5000016e)
	value		50002106
OBJ 50002104 (sz=24, trace=300000, class=java.lang.String@5000016e)
	value		50002105
ARR 50002105 (sz=54, trace=300000, nelems=27, elem type=char[])
ARR 50002106 (sz=8, trace=300000, nelems=4, elem type=char[])
OBJ 50002107 (sz=24, trace=300000, class=java.lang.String@5000016e)
	value		5000210a
OBJ 50002108 (sz=24, trace=300000, class=java.lang.String@5000016e)
	value		50002109
ARR 50002109 (sz=94, trace=300000, nelems=47, elem type=char[])
ARR 5000210a (sz=154, trace=300000, nelems=77, elem type=char[])
OBJ 5000210b (sz=24, trace=300000, class=java.lang.String@5000016e)
	value		5000210e
OBJ 5000210c (sz=24, trace=300000, class=java.lang.String@5000016e)
	value		5000210d
ARR 5000210d (sz=48, trace=300000, nelems=24, elem type=char[])
ARR 5000210e (sz=26, trace=300000, nelems=13, elem type=char[])
OBJ 5000210f (sz=24, trace=300000, class=java.lang.String@5000016e)
	value		50002112
OBJ 50002110 (sz=24, trace=300000, class=java.lang.String@5000016e)
	value		50002111
ARR 50002111 (sz=66, trace=300000, nelems=33, elem type=char[])
ARR 50002112 (sz=184, trace=300000, nelems=92, elem type=char[])
OBJ 50002113 (sz=24, trace=300000, class=java.lang.String@5000016e)
	value		50002119
OBJ 50002114 (sz=24, trace=300000, class=java.lang.String@5000016e)
	value		50002118
ARR 50002115 (sz=56, trace=300219, nelems=6, elem type=java.lang.Object[]@50000108)
	[0]		50002100
	[1]		5000212a
	[2]		50002192
	[3]		500021ba
	[4]		500021e2
	[5]		5000220a
ARR 50002116 (sz=80, trace=300220, nelems=12, elem type=java.util.HashMap$Node[]@500000c2)
	[0]		500021a7
	[5]		500021cf
	[6]		50002117
	[9]		5000221f
	[10]		5000213f
	[11]		500021f7
OBJ 50002117 (sz=32, trace=300221, class=java.util.HashMap$Node@500000c4)
	key		500020f1
	value		50002100
ARR 50002118 (sz=54, trace=300000, nelems=27, elem type=char[])
ARR 50002119 (sz=70, trace=300000, nelems=35, elem type=char[])
OBJ 5000211a (sz=24, trace=300000, class=java.lang.String@5000016e)
	value		5000211f
OBJ 5000211b (sz=24, trace=300170, class=java.lang.String@5000016e)
	value		5000211c
ARR 5000211c (sz=118, trace=300171, nelems=59, elem type=char[])
OBJ 5000211d (sz=24, trace=300000, class=java.lang.String@5000016e)
	value		5000211e
ARR 5000211e (sz=64, trace=300000, nelems=32, elem type=char[])
ARR 5000211f (sz=80, trace=300000, nelems=40, elem type=char[])
OBJ 50002120 (sz=24, trace=300000, class=java.lang.String@5000016e)
	value		50002123
OBJ 50002121 (sz=24, trace=300000, class=java.lang.String@5000016e)
	value		50002122
ARR 50002122 (sz=82, trace=300000, nelems=41, elem type=char[])
ARR 50002123 (sz=54, trace=300000, nelems=27, elem type=char[])
OBJ 50002124 (sz=24, trace=300000, class=java.lang.String@5000016e)
	value		5000212b
OBJ 50002125 (sz=24, trace=300000, class=java.lang.String@5000016e)
	value		50002129
OBJ 50002126 (sz=24, trace=300184, class=java.lang.String@5000016e)
	value		50002127
ARR 50002127 (sz=118, trace=300185, nelems=59, elem type=char[])
OBJ 50002128 (sz=64, trace=300186, class=java.net.URL@50000119)
	protocol	50000dff
	host		500005d6
	file		50002126
	authority	500005d6
	path		50002126
	handler		500020e3
ARR 50002129 (sz=72, trace=300000, nelems=36, elem type=char[])
OBJ 5000212a (sz=56, trace=300188, class=sun.misc.URLClassPath$JarLoader@5000025c)
	base		50002128
	csu		5000202b
	metaIndex	50001fc3
	handler		500020e3
	lmap		500020dc
ARR 5000212b (sz=72, trace=300000, nelems=36, elem type=char[])
OBJ 5000212c (sz=24, trace=300000, class=java.lang.String@5000016e)
	value		5000212f
OBJ 5000212d (sz=24, trace=300000, class=java.lang.String@5000016e)
	value		5000212e
ARR 5000212e (sz=80, trace=300000, nelems=40, elem type=char[])
ARR 5000212f (sz=54, trace=300000, nelems=27, elem type=char[])
OBJ 50002130 (sz=24, trace=300000, class=java.lang.String@5000016e)
	value		50002133
OBJ 50002131 (sz=24, trace=300000, class=java.lang.String@5000016e)
	value		50002132
ARR 50002132 (sz=54, trace=300000, nelems=27, elem type=char[])
ARR 50002133 (sz=50, trace=300000, nelems=25, elem type=char[])
OBJ 50002134 (sz=24, trace=300000, class=java.lang.String@5000016e)
	value		50002137
OBJ 50002135 (sz=24, trace=300000, class=java.lang.String@5000016e)
	value		50002136
ARR 50002136 (sz=70, trace=300000, nelems=35, elem type=char[])
ARR 50002137 (sz=88, trace=300000, nelems=44, elem type=char[])
OBJ 50002138 (sz=24, trace=300000, class=java.lang.String@5000016e)
	value		5000213b
OBJ 50002139 (sz=24, trace=300000, class=java.lang.String@5000016e)
	value		5000213a
ARR 5000213a (sz=122, trace=300000, nelems=61, elem type=char[])
ARR 5000213b (sz=176, trace=300000, nelems=88, elem type=char[])
OBJ 5000213c (sz=24, trace=300000, class=java.lang.String@5000016e)
	value		50002140
OBJ 5000213d (sz=24, trace=300000, class=java.lang.String@5000016e)
	value		5000213e
ARR 5000213e (sz=58, trace=300000, nelems=29, elem type=char[])
OBJ 5000213f (sz=32, trace=300221, class=java.util.HashMap$Node@500000c4)
	key		5000211b
	value		5000212a
ARR 50002140 (sz=30, trace=300000, nelems=15, elem type=char[])
OBJ 50002141 (sz=24, trace=300000, class=java.lang.String@5000016e)
	value		50002144
OBJ 50002142 (sz=24, trace=300000, class=java.lang.String@5000016e)
	value		50002143
ARR 50002143 (sz=76, trace=300000, nelems=38, elem type=char[])
ARR 50002144 (sz=204, trace=300000, nelems=102, elem type=char[])
OBJ 50002145 (sz=24, trace=300000, class=java.lang.String@5000016e)
	value		50002148
OBJ 50002146 (sz=24, trace=300000, class=java.lang.String@5000016e)
	value		50002147
ARR 50002147 (sz=78, trace=300000, nelems=39, elem type=char[])
ARR 50002148 (sz=136, trace=300000, nelems=68, elem type=char[])
OBJ 50002149 (sz=24, trace=300000, class=java.lang.String@5000016e)
	value		5000214c
OBJ 5000214a (sz=24, trace=300000, class=java.lang.String@5000016e)
	value		5000214b
ARR 5000214b (sz=64, trace=300000, nelems=32, elem type=char[])
ARR 5000214c (sz=30, trace=300000, nelems=15, elem type=char[])
OBJ 5000214d (sz=24, trace=300000, class=java.lang.String@5000016e)
	value		50002150
OBJ 5000214e (sz=24, trace=300000, class=java.lang.String@5000016e)
	value		5000214f
ARR 5000214f (sz=60, trace=300000, nelems=30, elem type=char[])
ARR 50002150 (sz=68, trace=300000, nelems=34, elem type=char[])
OBJ 50002151 (sz=24, trace=300000, class=java.lang.String@5000016e)
	value		50002154
OBJ 50002152 (sz=24, trace=300000, class=java.lang.String@5000016e)
	value		50002153
ARR 50002153 (sz=70, trace=300000, nelems=35, elem type=char[])
ARR 50002154 (sz=56, trace=300000, nelems=28, elem type=char[])
OBJ 50002155 (sz=24, trace=300000, class=java.lang.String@5000016e)
	value		50002158
OBJ 50002156 (sz=24, trace=300000, class=java.lang.String@5000016e)
	value		50002157
ARR 50002157 (sz=84, trace=300000, nelems=42, elem type=char[])
ARR 50002158 (sz=154, trace=300000, nelems=77, elem type=char[])
OBJ 50002159 (sz=24, trace=300000, class=java.lang.String@5000016e)
	value		5000215c
OBJ 5000215a (sz=24, trace=300000, class=java.lang.String@5000016e)
	value		5000215b
ARR 5000215b (sz=64, trace=300000, nelems=32, elem type=char[])
ARR 5000215c (sz=62, trace=300000, nelems=31, elem type=char[])
OBJ 5000215d (sz=24, trace=300000, class=java.lang.String@5000016e)
	value		50002160
OBJ 5000215e (sz=24, trace=300000, class=java.lang.String@5000016e)
	value		5000215f
ARR 5000215f (sz=90, trace=300000, nelems=45, elem type=char[])
ARR 50002160 (sz=128, trace=300000, nelems=64, elem type=char[])
OBJ 50002161 (sz=24, trace=300000, class=java.lang.String@5000016e)
	value		50002164
OBJ 50002162 (sz=24, trace=300000, class=java.lang.String@5000016e)
	value		50002163
ARR 50002163 (sz=100, trace=300000, nelems=50, elem type=char[])
ARR 50002164 (sz=94, trace=300000, nelems=47, elem type=char[])
OBJ 50002165 (sz=24, trace=300000, class=java.lang.String@5000016e)
	value		50002166
ARR 50002166 (sz=56, trace=300000, nelems=28, elem type=char[])
OBJ 50002167 (sz=24, trace=300000, class=java.lang.String@5000016e)
	value		5000216a
OBJ 50002168 (sz=24, trace=300000, class=java.lang.String@5000016e)
	value		50002169
ARR 50002169 (sz=82, trace=300000, nelems=41, elem type=char[])
ARR 5000216a (sz=186, trace=300000, nelems=93, elem type=char[])
OBJ 5000216b (sz=24, trace=300000, class=java.lang.String@5000016e)
	value		5000216e
OBJ 5000216c (sz=24, trace=300000, class=java.lang.String@5000016e)
	value		5000216d
ARR 5000216d (sz=60, trace=300000, nelems=30, elem type=char[])
ARR 5000216e (sz=118, trace=300000, nelems=59, elem type=char[])
OBJ 5000216f (sz=24, trace=300000, class=java.lang.String@5000016e)
	value		50002172
OBJ 50002170 (sz=24, trace=300000, class=java.lang.String@5000016e)
	value		50002171
ARR 50002171 (sz=62, trace=300000, nelems=31, elem type=char[])
ARR 50002172 (sz=70, trace=300000, nelems=35, elem type=char[])
OBJ 50002173 (sz=24, trace=300000, class=java.lang.String@5000016e)
	value		50002176
OBJ 50002174 (sz=24, trace=300000, class=java.lang.String@5000016e)
	value		50002175
ARR 50002175 (sz=78, trace=300000, nelems=39, elem type=char[])
ARR 50002176 (sz=158, trace=300000, nelems=79, elem type=char[])
OBJ 50002177 (sz=24, trace=300000, class=java.lang.String@5000016e)
	value		5000217a
OBJ 50002178 (sz=24, trace=300000, class=java.lang.String@5000016e)
	value		50002179
ARR 50002179 (sz=66, trace=300000, nelems=33, elem type=char[])
ARR 5000217a (sz=64, trace=300000, nelems=32, elem type=char[])
OBJ 5000217b (sz=24, trace=300000, class=java.lang.String@5000016e)
	value		5000217f
OBJ 5000217c (sz=24, trace=300000, class=java.lang.String@5000016e)
	value		5000217e
ARR 5000217e (sz=88, trace=300000, nelems=44, elem type=char[])
ARR 5000217f (sz=176, trace=300000, nelems=88, elem type=char[])
OBJ 50002180 (sz=24, trace=300000, class=java.lang.String@5000016e)
	value		50002185
OBJ 50002181 (sz=24, trace=300000, class=java.lang.String@5000016e)
	value		50002182
ARR 50002182 (sz=60, trace=300000, nelems=30, elem type=char[])
OBJ 50002183 (sz=24, trace=300170, class=java.lang.String@5000016e)
	value		50002184
ARR 50002184 (sz=122, trace=300171, nelems=61, elem type=char[])
ARR 50002185 (sz=54, trace=300000, nelems=27, elem type=char[])
OBJ 50002186 (sz=24, trace=300000, class=java.lang.String@5000016e)
	value		50002189
OBJ 50002187 (sz=24, trace=300000, class=java.lang.String@5000016e)
	value		50002188
ARR 50002188 (sz=56, trace=300000, nelems=28, elem type=char[])
ARR 50002189 (sz=62, trace=300000, nelems=31, elem type=char[])
OBJ 5000218a (sz=24, trace=300000, class=java.lang.String@5000016e)
	value		5000218d
OBJ 5000218b (sz=24, trace=300000, class=java.lang.String@5000016e)
	value		5000218c
ARR 5000218c (sz=100, trace=300000, nelems=50, elem type=char[])
ARR 5000218d (sz=74, trace=300000, nelems=37, elem type=char[])
OBJ 5000218e (sz=24, trace=300184, class=java.lang.String@5000016e)
	value		5000218f
ARR 5000218f (sz=122, trace=300185, nelems=61, elem type=char[])
OBJ 50002190 (sz=64, trace=300186, class=java.net.URL@50000119)
	protocol	50000dff
	host		500005d6
	file		5000218e
	authority	500005d6
	path		5000218e
	handler		500020e3
OBJ 50002191 (sz=24, trace=300000, class=java.lang.String@5000016e)
	value		50002195
OBJ 50002192 (sz=56, trace=300188, class=sun.misc.URLClassPath$JarLoader@5000025c)
	base		50002190
	csu		50002067
	metaIndex	50001f12
	handler		500020e3
	lmap		500020dc
OBJ 50002193 (sz=24, trace=300000, class=java.lang.String@5000016e)
	value		50002194
ARR 50002194 (sz=58, trace=300000, nelems=29, elem type=char[])
ARR 50002195 (sz=70, trace=300000, nelems=35, elem type=char[])
OBJ 50002196 (sz=24, trace=300000, class=java.lang.String@5000016e)
	value		50002197
ARR 50002197 (sz=64, trace=300000, nelems=32, elem type=char[])
OBJ 50002198 (sz=24, trace=300000, class=java.lang.String@5000016e)
	value		5000219b
OBJ 50002199 (sz=24, trace=300000, class=java.lang.String@5000016e)
	value		5000219a
ARR 5000219a (sz=76, trace=300000, nelems=38, elem type=char[])
ARR 5000219b (sz=56, trace=300000, nelems=28, elem type=char[])
OBJ 5000219c (sz=24, trace=300000, class=java.lang.String@5000016e)
	value		5000219f
OBJ 5000219d (sz=24, trace=300000, class=java.lang.String@5000016e)
	value		5000219e
ARR 5000219e (sz=76, trace=300000, nelems=38, elem type=char[])
ARR 5000219f (sz=170, trace=300000, nelems=85, elem type=char[])
OBJ 500021a0 (sz=24, trace=300000, class=java.lang.String@5000016e)
	value		500021a3
OBJ 500021a1 (sz=24, trace=300000, class=java.lang.String@5000016e)
	value		500021a2
ARR 500021a2 (sz=74, trace=300000, nelems=37, elem type=char[])
ARR 500021a3 (sz=74, trace=300000, nelems=37, elem type=char[])
OBJ 500021a4 (sz=24, trace=300000, class=java.lang.String@5000016e)
	value		500021a8
OBJ 500021a5 (sz=24, trace=300000, class=java.lang.String@5000016e)
	value		500021a6
ARR 500021a6 (sz=64, trace=300000, nelems=32, elem type=char[])
OBJ 500021a7 (sz=32, trace=300221, class=java.util.HashMap$Node@500000c4)
	key		50002183
	value		50002192
ARR 500021a8 (sz=50, trace=300000, nelems=25, elem type=char[])
OBJ 500021a9 (sz=24, trace=300000, class=java.lang.String@5000016e)
	value		500021ae
OBJ 500021aa (sz=24, trace=300000, class=java.lang.String@5000016e)
	value		500021ad
OBJ 500021ab (sz=24, trace=300170, class=java.lang.String@5000016e)
	value		500021ac
ARR 500021ac (sz=120, trace=300171, nelems=60, elem type=char[])
ARR 500021ad (sz=78, trace=300000, nelems=39, elem type=char[])
ARR 500021ae (sz=350, trace=300000, nelems=175, elem type=char[])
OBJ 500021af (sz=24, trace=300000, class=java.lang.String@5000016e)
	value		500021b2
OBJ 500021b0 (sz=24, trace=300000, class=java.lang.String@5000016e)
	value		500021b1
ARR 500021b1 (sz=60, trace=300000, nelems=30, elem type=char[])
ARR 500021b2 (sz=60, trace=300000, nelems=30, elem type=char[])
OBJ 500021b3 (sz=24, trace=300000, class=java.lang.String@5000016e)
	value		500021b9
OBJ 500021b4 (sz=24, trace=300000, class=java.lang.String@5000016e)
	value		500021b5
ARR 500021b5 (sz=68, trace=300000, nelems=34, elem type=char[])
OBJ 500021b6 (sz=24, trace=300184, class=java.lang.String@5000016e)
	value		500021b7
ARR 500021b7 (sz=120, trace=300185, nelems=60, elem type=char[])
OBJ 500021b8 (sz=64, trace=300186, class=java.net.URL@50000119)
	protocol	50000dff
	host		500005d6
	file		500021b6
	authority	500005d6
	path		500021b6
	handler		500020e3
ARR 500021b9 (sz=50, trace=300000, nelems=25, elem type=char[])
OBJ 500021ba (sz=56, trace=300188, class=sun.misc.URLClassPath$JarLoader@5000025c)
	base		500021b8
	csu		50002085
	metaIndex	50001eec
	handler		500020e3
	lmap		500020dc
OBJ 500021bb (sz=24, trace=300000, class=java.lang.String@5000016e)
	value		500021be
OBJ 500021bc (sz=24, trace=300000, class=java.lang.String@5000016e)
	value		500021bd
ARR 500021bd (sz=64, trace=300000, nelems=32, elem type=char[])
ARR 500021be (sz=50, trace=300000, nelems=25, elem type=char[])
OBJ 500021bf (sz=24, trace=300000, class=java.lang.String@5000016e)
	value		500021c2
OBJ 500021c0 (sz=24, trace=300000, class=java.lang.String@5000016e)
	value		500021c1
ARR 500021c1 (sz=84, trace=300000, nelems=42, elem type=char[])
ARR 500021c2 (sz=180, trace=300000, nelems=90, elem type=char[])
OBJ 500021c3 (sz=24, trace=300000, class=java.lang.String@5000016e)
	value		500021c6
OBJ 500021c4 (sz=24, trace=300000, class=java.lang.String@5000016e)
	value		500021c5
ARR 500021c5 (sz=86, trace=300000, nelems=43, elem type=char[])
ARR 500021c6 (sz=116, trace=300000, nelems=58, elem type=char[])
OBJ 500021c7 (sz=24, trace=300000, class=java.lang.String@5000016e)
	value		500021ca
OBJ 500021c8 (sz=24, trace=300000, class=java.lang.String@5000016e)
	value		500021c9
ARR 500021c9 (sz=112, trace=300000, nelems=56, elem type=char[])
ARR 500021ca (sz=184, trace=300000, nelems=92, elem type=char[])
OBJ 500021cb (sz=24, trace=300000, class=java.lang.String@5000016e)
	value		500021ce
OBJ 500021cc (sz=24, trace=300000, class=java.lang.String@5000016e)
	value		500021cd
ARR 500021cd (sz=60, trace=300000, nelems=30, elem type=char[])
ARR 500021ce (sz=22, trace=300000, nelems=11, elem type=char[])
OBJ 500021cf (sz=32, trace=300221, class=java.util.HashMap$Node@500000c4)
	key		500021ab
	value		500021ba
OBJ 500021d0 (sz=24, trace=300000, class=java.lang.String@5000016e)
	value		500021d5
OBJ 500021d1 (sz=24, trace=300000, class=java.lang.String@5000016e)
	value		500021d2
ARR 500021d2 (sz=88, trace=300000, nelems=44, elem type=char[])
OBJ 500021d3 (sz=24, trace=300170, class=java.lang.String@5000016e)
	value		500021d4
ARR 500021d4 (sz=130, trace=300171, nelems=65, elem type=char[])
ARR 500021d5 (sz=96, trace=300000, nelems=48, elem type=char[])
OBJ 500021d6 (sz=24, trace=300000, class=java.lang.String@5000016e)
	value		500021d9
OBJ 500021d7 (sz=24, trace=300000, class=java.lang.String@5000016e)
	value		500021d8
ARR 500021d8 (sz=92, trace=300000, nelems=46, elem type=char[])
ARR 500021d9 (sz=242, trace=300000, nelems=121, elem type=char[])
OBJ 500021da (sz=24, trace=300000, class=java.lang.String@5000016e)
	value		500021dd
OBJ 500021db (sz=24, trace=300000, class=java.lang.String@5000016e)
	value		500021dc
ARR 500021dc (sz=76, trace=300000, nelems=38, elem type=char[])
ARR 500021dd (sz=74, trace=300000, nelems=37, elem type=char[])
OBJ 500021de (sz=24, trace=300184, class=java.lang.String@5000016e)
	value		500021df
ARR 500021df (sz=130, trace=300185, nelems=65, elem type=char[])
OBJ 500021e0 (sz=64, trace=300186, class=java.net.URL@50000119)
	protocol	50000dff
	host		500005d6
	file		500021de
	authority	500005d6
	path		500021de
	handler		500020e3
OBJ 500021e1 (sz=24, trace=300000, class=java.lang.String@5000016e)
	value		500021e5
OBJ 500021e2 (sz=56, trace=300188, class=sun.misc.URLClassPath$JarLoader@5000025c)
	base		500021e0
	csu		500020a3
	metaIndex	50001ed5
	handler		500020e3
	lmap		500020dc
OBJ 500021e3 (sz=24, trace=300000, class=java.lang.String@5000016e)
	value		500021e4
ARR 500021e4 (sz=96, trace=300000, nelems=48, elem type=char[])
ARR 500021e5 (sz=176, trace=300000, nelems=88, elem type=char[])
OBJ 500021e6 (sz=24, trace=300000, class=java.lang.String@5000016e)
	value		500021e9
OBJ 500021e7 (sz=24, trace=300000, class=java.lang.String@5000016e)
	value		500021e8
ARR 500021e8 (sz=60, trace=300000, nelems=30, elem type=char[])
ARR 500021e9 (sz=50, trace=300000, nelems=25, elem type=char[])
OBJ 500021ea (sz=24, trace=300000, class=java.lang.String@5000016e)
	value		500021ed
OBJ 500021eb (sz=24, trace=300000, class=java.lang.String@5000016e)
	value		500021ec
ARR 500021ec (sz=72, trace=300000, nelems=36, elem type=char[])
ARR 500021ed (sz=98, trace=300000, nelems=49, elem type=char[])
OBJ 500021ee (sz=24, trace=300000, class=java.lang.String@5000016e)
	value		500021f1
OBJ 500021ef (sz=24, trace=300000, class=java.lang.String@5000016e)
	value		500021f0
ARR 500021f0 (sz=106, trace=300000, nelems=53, elem type=char[])
ARR 500021f1 (sz=108, trace=300000, nelems=54, elem type=char[])
OBJ 500021f2 (sz=24, trace=300000, class=java.lang.String@5000016e)
	value		500021f5
OBJ 500021f3 (sz=24, trace=300000, class=java.lang.String@5000016e)
	value		500021f4
ARR 500021f4 (sz=112, trace=300000, nelems=56, elem type=char[])
ARR 500021f5 (sz=106, trace=300000, nelems=53, elem type=char[])
OBJ 500021f6 (sz=24, trace=300000, class=java.lang.String@5000016e)
	value		500021fa
OBJ 500021f7 (sz=32, trace=300221, class=java.util.HashMap$Node@500000c4)
	key		500021d3
	value		500021e2
OBJ 500021f8 (sz=24, trace=300000, class=java.lang.String@5000016e)
	value		500021f9
ARR 500021f9 (sz=64, trace=300000, nelems=32, elem type=char[])
ARR 500021fa (sz=40, trace=300000, nelems=20, elem type=char[])
OBJ 500021fb (sz=24, trace=300170, class=java.lang.String@5000016e)
	value		500021fc
ARR 500021fc (sz=120, trace=300171, nelems=60, elem type=char[])
OBJ 500021fd (sz=24, trace=300000, class=java.lang.String@5000016e)
	value		50002200
OBJ 500021fe (sz=24, trace=300000, class=java.lang.String@5000016e)
	value		500021ff
ARR 500021ff (sz=64, trace=300000, nelems=32, elem type=char[])
ARR 50002200 (sz=70, trace=300000, nelems=35, elem type=char[])
OBJ 50002201 (sz=24, trace=300000, class=java.lang.String@5000016e)
	value		50002204
OBJ 50002202 (sz=24, trace=300000, class=java.lang.String@5000016e)
	value		50002203
ARR 50002203 (sz=90, trace=300000, nelems=45, elem type=char[])
ARR 50002204 (sz=80, trace=300000, nelems=40, elem type=char[])
OBJ 50002205 (sz=24, trace=300000, class=java.lang.String@5000016e)
	value		5000220c
OBJ 50002206 (sz=24, trace=300184, class=java.lang.String@5000016e)
	value		50002207
ARR 50002207 (sz=120, trace=300185, nelems=60, elem type=char[])
OBJ 50002208 (sz=64, trace=300186, class=java.net.URL@50000119)
	protocol	50000dff
	host		500005d6
	file		50002206
	authority	500005d6
	path		50002206
	handler		500020e3
OBJ 50002209 (sz=24, trace=300000, class=java.lang.String@5000016e)
	value		5000220b
OBJ 5000220a (sz=56, trace=300188, class=sun.misc.URLClassPath$JarLoader@5000025c)
	base		50002208
	csu		500020c2
	metaIndex	50001f00
	handler		500020e3
	lmap		500020dc
ARR 5000220b (sz=50, trace=300000, nelems=25, elem type=char[])
ARR 5000220c (sz=18, trace=300000, nelems=9, elem type=char[])
OBJ 5000220d (sz=24, trace=300000, class=java.lang.String@5000016e)
	value		50002210
OBJ 5000220e (sz=24, trace=300000, class=java.lang.String@5000016e)
	value		5000220f
ARR 5000220f (sz=76, trace=300000, nelems=38, elem type=char[])
ARR 50002210 (sz=58, trace=300000, nelems=29, elem type=char[])
OBJ 50002211 (sz=24, trace=300000, class=java.lang.String@5000016e)
	value		50002214
OBJ 50002212 (sz=24, trace=300000, class=java.lang.String@5000016e)
	value		50002213
ARR 50002213 (sz=116, trace=300000, nelems=58, elem type=char[])
ARR 50002214 (sz=96, trace=300000, nelems=48, elem type=char[])
OBJ 50002215 (sz=24, trace=300000, class=java.lang.String@5000016e)
	value		50002218
OBJ 50002216 (sz=24, trace=300000, class=java.lang.String@5000016e)
	value		50002217
ARR 50002217 (sz=102, trace=300000, nelems=51, elem type=char[])
ARR 50002218 (sz=118, trace=300000, nelems=59, elem type=char[])
OBJ 50002219 (sz=24, trace=300000, class=java.lang.String@5000016e)
	value		5000221c
OBJ 5000221a (sz=24, trace=300000, class=java.lang.String@5000016e)
	value		5000221b
ARR 5000221b (sz=64, trace=300000, nelems=32, elem type=char[])
ARR 5000221c (sz=22, trace=300000, nelems=11, elem type=char[])
OBJ 5000221d (sz=24, trace=300000, class=java.lang.String@5000016e)
	value		50002221
OBJ 5000221e (sz=24, trace=300000, class=java.lang.String@5000016e)
	value		50002220
OBJ 5000221f (sz=32, trace=300221, class=java.util.HashMap$Node@500000c4)
	key		500021fb
	value		5000220a
ARR 50002220 (sz=78, trace=300000, nelems=39, elem type=char[])
ARR 50002221 (sz=230, trace=300000, nelems=115, elem type=char[])
OBJ 50002222 (sz=24, trace=300000, class=java.lang.String@5000016e)
	value		50002225
OBJ 50002223 (sz=24, trace=300000, class=java.lang.String@5000016e)
	value		50002224
ARR 50002224 (sz=110, trace=300000, nelems=55, elem type=char[])
ARR 50002225 (sz=168, trace=300000, nelems=84, elem type=char[])
OBJ 50002226 (sz=24, trace=300000, class=java.lang.String@5000016e)
	value		50002229
OBJ 50002227 (sz=24, trace=300000, class=java.lang.String@5000016e)
	value		50002228
ARR 50002228 (sz=56, trace=300000, nelems=28, elem type=char[])
ARR 50002229 (sz=92, trace=300000, nelems=46, elem type=char[])
OBJ 5000222a (sz=24, trace=300000, class=java.lang.String@5000016e)
	value		5000222d
OBJ 5000222b (sz=24, trace=300000, class=java.lang.String@5000016e)
	value		5000222c
ARR 5000222c (sz=70, trace=300000, nelems=35, elem type=char[])
ARR 5000222d (sz=122, trace=300000, nelems=61, elem type=char[])
OBJ 5000222e (sz=24, trace=300000, class=java.lang.String@5000016e)
	value		50002231
OBJ 5000222f (sz=24, trace=300000, class=java.lang.String@5000016e)
	value		50002230
ARR 50002230 (sz=72, trace=300000, nelems=36, elem type=char[])
ARR 50002231 (sz=88, trace=300000, nelems=44, elem type=char[])
OBJ 50002232 (sz=24, trace=300000, class=java.lang.String@5000016e)
	value		50002235
OBJ 50002233 (sz=24, trace=300000, class=java.lang.String@5000016e)
	value		50002234
ARR 50002234 (sz=72, trace=300000, nelems=36, elem type=char[])
ARR 50002235 (sz=58, trace=300000, nelems=29, elem type=char[])
OBJ 50002236 (sz=24, trace=300000, class=java.lang.String@5000016e)
	value		50002239
OBJ 50002237 (sz=24, trace=300000, class=java.lang.String@5000016e)
	value		50002238
ARR 50002238 (sz=92, trace=300000, nelems=46, elem type=char[])
ARR 50002239 (sz=90, trace=300000, nelems=45, elem type=char[])
OBJ 5000223a (sz=24, trace=300000, class=java.lang.String@5000016e)
	value		5000223d
OBJ 5000223b (sz=24, trace=300000, class=java.lang.String@5000016e)
	value		5000223c
ARR 5000223c (sz=124, trace=300000, nelems=62, elem type=char[])
ARR 5000223d (sz=200, trace=300000, nelems=100, elem type=char[])
OBJ 5000223e (sz=24, trace=300000, class=java.lang.String@5000016e)
	value		50002241
OBJ 5000223f (sz=24, trace=300000, class=java.lang.String@5000016e)
	value		50002240
ARR 50002240 (sz=92, trace=300000, nelems=46, elem type=char[])
ARR 50002241 (sz=174, trace=300000, nelems=87, elem type=char[])
OBJ 50002242 (sz=24, trace=300000, class=java.lang.String@5000016e)
	value		50002245
OBJ 50002243 (sz=24, trace=300000, class=java.lang.String@5000016e)
	value		50002244
ARR 50002244 (sz=72, trace=300000, nelems=36, elem type=char[])
ARR 50002245 (sz=52, trace=300000, nelems=26, elem type=char[])
OBJ 50002246 (sz=24, trace=300000, class=java.lang.String@5000016e)
	value		50002249
OBJ 50002247 (sz=24, trace=300000, class=java.lang.String@5000016e)
	value		50002248
ARR 50002248 (sz=36, trace=300000, nelems=18, elem type=char[])
ARR 50002249 (sz=12, trace=300000, nelems=6, elem type=char[])
OBJ 5000224a (sz=24, trace=300000, class=java.lang.String@5000016e)
	value		5000224d
OBJ 5000224b (sz=24, trace=300000, class=java.lang.String@5000016e)
	value		5000224c
ARR 5000224c (sz=86, trace=300000, nelems=43, elem type=char[])
ARR 5000224d (sz=100, trace=300000, nelems=50, elem type=char[])
OBJ 5000224e (sz=24, trace=300000, class=java.lang.String@5000016e)
	value		50002251
OBJ 5000224f (sz=24, trace=300000, class=java.lang.String@5000016e)
	value		50002250
ARR 50002250 (sz=58, trace=300000, nelems=29, elem type=char[])
ARR 50002251 (sz=30, trace=300000, nelems=15, elem type=char[])
OBJ 50002252 (sz=24, trace=300000, class=java.lang.String@5000016e)
	value		50002255
OBJ 50002253 (sz=24, trace=300000, class=java.lang.String@5000016e)
	value		50002254
ARR 50002254 (sz=70, trace=300000, nelems=35, elem type=char[])
ARR 50002255 (sz=52, trace=300000, nelems=26, elem type=char[])
OBJ 50002256 (sz=24, trace=300000, class=java.lang.String@5000016e)
	value		50002257
ARR 50002257 (sz=100, trace=300000, nelems=50, elem type=char[])
OBJ 50002258 (sz=24, trace=300000, class=java.lang.String@5000016e)
	value		5000225b
OBJ 50002259 (sz=24, trace=300000, class=java.lang.String@5000016e)
	value		5000225a
ARR 5000225a (sz=62, trace=300000, nelems=31, elem type=char[])
ARR 5000225b (sz=244, trace=300000, nelems=122, elem type=char[])
OBJ 5000225c (sz=24, trace=300000, class=java.lang.String@5000016e)
	value		50002260
OBJ 5000225d (sz=24, trace=300000, class=java.lang.String@5000016e)
	value		5000225e
ARR 5000225e (sz=86, trace=300000, nelems=43, elem type=char[])
ARR 50002260 (sz=212, trace=300000, nelems=106, elem type=char[])
ARR 50002262 (sz=24, trace=300968, nelems=2, elem type=java.lang.String[]@500000c8)
	[0]		50001b7a
	[1]		50002b08
OBJ 50002263 (sz=24, trace=300548, class=java.util.Arrays$ArrayList@50000717)
	a		50002262
OBJ 50002264 (sz=24, trace=300969, class=java.util.Collections$UnmodifiableRandomAccessList@500000d3)
	c		50002263
	list		50002263
ARR 50002265 (sz=24, trace=300970, nelems=1, elem type=java.lang.String[]@500000c8)
	[0]		50001b7a
OBJ 50002266 (sz=24, trace=300548, class=java.util.Arrays$ArrayList@50000717)
	a		50002265
OBJ 50002267 (sz=24, trace=300969, class=java.util.Collections$UnmodifiableRandomAccessList@500000d3)
	c		50002266
	list		50002266
ARR 50002268 (sz=24, trace=300971, nelems=1, elem type=java.lang.String[]@500000c8)
	[0]		50002b08
OBJ 50002269 (sz=24, trace=300548, class=java.util.Arrays$ArrayList@50000717)
	a		50002268
OBJ 5000226a (sz=24, trace=300969, class=java.util.Collections$UnmodifiableRandomAccessList@500000d3)
	c		50002269
	list		50002269
OBJ 5000226b (sz=16, trace=300972, class=java.util.ResourceBundle$Control@50002261)
OBJ 5000226d (sz=24, trace=300974, class=java.util.ResourceBundle$Control$CandidateListCache@5000226c)
	map		50002270
	queue		5000226e
OBJ 5000226e (sz=32, trace=300975, class=java.lang.ref.ReferenceQueue@5000014c)
	lock		5000226f
OBJ 5000226f (sz=16, trace=300976, class=java.lang.ref.ReferenceQueue$Lock@500000d1)
OBJ 50002270 (sz=64, trace=300977, class=java.util.concurrent.ConcurrentHashMap@5000002b)
	table		5000228a
OBJ 50002272 (sz=24, trace=300000, class=java.lang.String@5000016e)
	value		50002275
ARR 50002275 (sz=66, trace=300000, nelems=33, elem type=char[])
OBJ 50002278 (sz=32, trace=300983, class=java.util.LinkedList@50002277)
	first		50002280
	last		50002288
OBJ 50002279 (sz=24, trace=300000, class=java.lang.String@5000016e)
	value		5000227c
OBJ 5000227a (sz=24, trace=300000, class=java.lang.String@5000016e)
	value		5000227b
ARR 5000227b (sz=50, trace=300000, nelems=25, elem type=char[])
ARR 5000227c (sz=60, trace=300000, nelems=30, elem type=char[])
OBJ 5000227d (sz=24, trace=300000, class=java.lang.String@5000016e)
	value		50002282
OBJ 5000227e (sz=24, trace=300000, class=java.lang.String@5000016e)
	value		50002281
OBJ 50002280 (sz=24, trace=300991, class=java.util.LinkedList$Node@5000227f)
	item		50000f1f
	next		50002287
ARR 50002281 (sz=58, trace=300000, nelems=29, elem type=char[])
ARR 50002282 (sz=140, trace=300000, nelems=70, elem type=char[])
OBJ 50002283 (sz=24, trace=300000, class=java.lang.String@5000016e)
	value		50002286
OBJ 50002284 (sz=24, trace=300000, class=java.lang.String@5000016e)
	value		50002285
ARR 50002285 (sz=68, trace=300000, nelems=34, elem type=char[])
ARR 50002286 (sz=146, trace=300000, nelems=73, elem type=char[])
OBJ 50002287 (sz=24, trace=300992, class=java.util.LinkedList$Node@5000227f)
	item		500005d9
	next		50002288
	prev		50002280
OBJ 50002288 (sz=24, trace=300993, class=java.util.LinkedList$Node@5000227f)
	item		50000f20
	prev		50002287
OBJ 50002289 (sz=48, trace=300994, class=sun.util.locale.LocaleObjectCache$CacheEntry@50000019)
	referent	50002278
	queue		5000226e
	key		50001039
ARR 5000228a (sz=144, trace=300995, nelems=28, elem type=java.util.concurrent.ConcurrentHashMap$Node[]@50000023)
	[27]		5000228b
OBJ 5000228b (sz=32, trace=300996, class=java.util.concurrent.ConcurrentHashMap$Node@50000024)
	key		50001039
	val		50002289
OBJ 5000228c (sz=24, trace=300000, class=java.lang.String@5000016e)
	value		50002293
OBJ 5000228d (sz=24, trace=300000, class=java.lang.String@5000016e)
	value		5000228e
ARR 5000228e (sz=68, trace=300000, nelems=34, elem type=char[])
OBJ 5000228f (sz=16, trace=300157, class=java.lang.Object@50000172)
OBJ 50002290 (sz=32, trace=300159, class=java.util.concurrent.ConcurrentHashMap$Node@50000024)
	key		50000c59
	val		5000228f
OBJ 50002291 (sz=16, trace=300160, class=java.lang.Object@50000172)
OBJ 50002292 (sz=32, trace=300159, class=java.util.concurrent.ConcurrentHashMap$Node@50000024)
	key		50000c59
	val		50002291
ARR 50002293 (sz=42, trace=300000, nelems=21, elem type=char[])
OBJ 50002294 (sz=24, trace=300000, class=java.lang.String@5000016e)
	value		50002297
OBJ 50002295 (sz=24, trace=300000, class=java.lang.String@5000016e)
	value		50002296
ARR 50002296 (sz=96, trace=300000, nelems=48, elem type=char[])
ARR 50002297 (sz=184, trace=300000, nelems=92, elem type=char[])
OBJ 50002298 (sz=24, trace=300000, class=java.lang.String@5000016e)
	value		5000229b
OBJ 50002299 (sz=24, trace=300000, class=java.lang.String@5000016e)
	value		5000229a
ARR 5000229a (sz=86, trace=300000, nelems=43, elem type=char[])
ARR 5000229b (sz=98, trace=300000, nelems=49, elem type=char[])
OBJ 5000229c (sz=24, trace=300000, class=java.lang.String@5000016e)
	value		5000229f
OBJ 5000229d (sz=24, trace=300000, class=java.lang.String@5000016e)
	value		5000229e
ARR 5000229e (sz=46, trace=300000, nelems=23, elem type=char[])
ARR 5000229f (sz=56, trace=300000, nelems=28, elem type=char[])
OBJ 500022a0 (sz=24, trace=300000, class=java.lang.String@5000016e)
	value		500022a3
OBJ 500022a1 (sz=24, trace=300000, class=java.lang.String@5000016e)
	value		500022a2
ARR 500022a2 (sz=70, trace=300000, nelems=35, elem type=char[])
ARR 500022a3 (sz=58, trace=300000, nelems=29, elem type=char[])
OBJ 500022a4 (sz=24, trace=300000, class=java.lang.String@5000016e)
	value		500022a7
OBJ 500022a5 (sz=24, trace=300000, class=java.lang.String@5000016e)
	value		500022a6
ARR 500022a6 (sz=78, trace=300000, nelems=39, elem type=char[])
ARR 500022a7 (sz=98, trace=300000, nelems=49, elem type=char[])
OBJ 500022a8 (sz=24, trace=300000, class=java.lang.String@5000016e)
	value		500022ab
OBJ 500022a9 (sz=24, trace=300000, class=java.lang.String@5000016e)
	value		500022aa
ARR 500022aa (sz=58, trace=300000, nelems=29, elem type=char[])
ARR 500022ab (sz=46, trace=300000, nelems=23, elem type=char[])
OBJ 500022ac (sz=24, trace=300000, class=java.lang.String@5000016e)
	value		500022af
OBJ 500022ad (sz=24, trace=300000, class=java.lang.String@5000016e)
	value		500022ae
ARR 500022ae (sz=76, trace=300000, nelems=38, elem type=char[])
ARR 500022af (sz=64, trace=300000, nelems=32, elem type=char[])
OBJ 500022b0 (sz=24, trace=300000, class=java.lang.String@5000016e)
	value		500022b3
OBJ 500022b1 (sz=24, trace=300000, class=java.lang.String@5000016e)
	value		500022b2
ARR 500022b2 (sz=68, trace=300000, nelems=34, elem type=char[])
ARR 500022b3 (sz=60, trace=300000, nelems=30, elem type=char[])
OBJ 500022b4 (sz=24, trace=300000, class=java.lang.String@5000016e)
	value		500022b7
OBJ 500022b5 (sz=24, trace=300000, class=java.lang.String@5000016e)
	value		500022b6
ARR 500022b6 (sz=58, trace=300000, nelems=29, elem type=char[])
ARR 500022b7 (sz=12, trace=300000, nelems=6, elem type=char[])
OBJ 500022b8 (sz=24, trace=300000, class=java.lang.String@5000016e)
	value		500022bb
OBJ 500022b9 (sz=24, trace=300000, class=java.lang.String@5000016e)
	value		500022ba
ARR 500022ba (sz=74, trace=300000, nelems=37, elem type=char[])
ARR 500022bb (sz=94, trace=300000, nelems=47, elem type=char[])
OBJ 500022bc (sz=24, trace=300000, class=java.lang.String@5000016e)
	value		500022c1
OBJ 500022bd (sz=24, trace=300000, class=java.lang.String@5000016e)
	value		500022be
ARR 500022be (sz=56, trace=300000, nelems=28, elem type=char[])
OBJ 500022bf (sz=24, trace=300369, class=java.lang.String@5000016e)
	value		500022c0
ARR 500022c0 (sz=58, trace=300370, nelems=29, elem type=char[])
ARR 500022c1 (sz=36, trace=300000, nelems=18, elem type=char[])
OBJ 500022c2 (sz=24, trace=300000, class=java.lang.String@5000016e)
	value		500022c5
OBJ 500022c3 (sz=24, trace=300000, class=java.lang.String@5000016e)
	value		500022c4
ARR 500022c4 (sz=60, trace=300000, nelems=30, elem type=char[])
ARR 500022c5 (sz=14, trace=300000, nelems=7, elem type=char[])
OBJ 500022c6 (sz=24, trace=300000, class=java.lang.String@5000016e)
	value		500022c9
OBJ 500022c7 (sz=24, trace=300000, class=java.lang.String@5000016e)
	value		500022c8
ARR 500022c8 (sz=96, trace=300000, nelems=48, elem type=char[])
ARR 500022c9 (sz=120, trace=300000, nelems=60, elem type=char[])
OBJ 500022ca (sz=24, trace=300000, class=java.lang.String@5000016e)
	value		500022cf
OBJ 500022cb (sz=24, trace=300000, class=java.lang.String@5000016e)
	value		500022cc
ARR 500022cc (sz=64, trace=300000, nelems=32, elem type=char[])
OBJ 500022cd (sz=56, trace=300443, class=java.lang.Package@500005dd)
	pkgName		500022bf
	loader		500003d7
OBJ 500022ce (sz=32, trace=300222, class=java.util.HashMap$Node@500000c4)
	key		500022bf
	value		500022cd
ARR 500022cf (sz=54, trace=300000, nelems=27, elem type=char[])
OBJ 500022d0 (sz=24, trace=300000, class=java.lang.String@5000016e)
	value		500022d5
OBJ 500022d1 (sz=24, trace=300000, class=java.lang.String@5000016e)
	value		500022d4
OBJ 500022d2 (sz=56, trace=300687, class=java.util.zip.ZipFile$ZipFileInputStream@5000055e)
	this$0		500004ee
OBJ 500022d3 (sz=40, trace=300106, class=java.lang.ref.Finalizer@5000014d)
	referent	500022d2
	queue		500003c8
	next		500004ef
	prev		500002fe
ARR 500022d4 (sz=92, trace=300000, nelems=46, elem type=char[])
ARR 500022d5 (sz=170, trace=300000, nelems=85, elem type=char[])
OBJ 500022d6 (sz=24, trace=300000, class=java.lang.String@5000016e)
	value		500022d9
OBJ 500022d7 (sz=24, trace=300000, class=java.lang.String@5000016e)
	value		500022d8
ARR 500022d8 (sz=68, trace=300000, nelems=34, elem type=char[])
ARR 500022d9 (sz=36, trace=300000, nelems=18, elem type=char[])
OBJ 500022da (sz=24, trace=300000, class=java.lang.String@5000016e)
	value		500022dd
OBJ 500022db (sz=24, trace=300000, class=java.lang.String@5000016e)
	value		500022dc
ARR 500022dc (sz=84, trace=300000, nelems=42, elem type=char[])
ARR 500022dd (sz=58, trace=300000, nelems=29, elem type=char[])
OBJ 500022de (sz=24, trace=300000, class=java.lang.String@5000016e)
	value		500022e1
OBJ 500022df (sz=24, trace=300000, class=java.lang.String@5000016e)
	value		500022e0
ARR 500022e0 (sz=58, trace=300000, nelems=29, elem type=char[])
ARR 500022e1 (sz=32, trace=300000, nelems=16, elem type=char[])
OBJ 500022e2 (sz=24, trace=300000, class=java.lang.String@5000016e)
	value		500022e5
OBJ 500022e3 (sz=24, trace=300000, class=java.lang.String@5000016e)
	value		500022e4
ARR 500022e4 (sz=88, trace=300000, nelems=44, elem type=char[])
ARR 500022e5 (sz=136, trace=300000, nelems=68, elem type=char[])
OBJ 500022e6 (sz=24, trace=300000, class=java.lang.String@5000016e)
	value		500022e9
OBJ 500022e7 (sz=24, trace=300000, class=java.lang.String@5000016e)
	value		500022e8
ARR 500022e8 (sz=66, trace=300000, nelems=33, elem type=char[])
ARR 500022e9 (sz=60, trace=300000, nelems=30, elem type=char[])
OBJ 500022ea (sz=24, trace=300000, class=java.lang.String@5000016e)
	value		500022ed
OBJ 500022eb (sz=24, trace=300000, class=java.lang.String@5000016e)
	value		500022ec
ARR 500022ec (sz=86, trace=300000, nelems=43, elem type=char[])
ARR 500022ed (sz=128, trace=300000, nelems=64, elem type=char[])
OBJ 500022ee (sz=24, trace=300000, class=java.lang.String@5000016e)
	value		500022f1
OBJ 500022ef (sz=24, trace=300000, class=java.lang.String@5000016e)
	value		500022f0
ARR 500022f0 (sz=140, trace=300000, nelems=70, elem type=char[])
ARR 500022f1 (sz=164, trace=300000, nelems=82, elem type=char[])
OBJ 500022f2 (sz=24, trace=300000, class=java.lang.String@5000016e)
	value		500022f5
OBJ 500022f3 (sz=24, trace=300000, class=java.lang.String@5000016e)
	value		500022f4
ARR 500022f4 (sz=58, trace=300000, nelems=29, elem type=char[])
ARR 500022f5 (sz=22, trace=300000, nelems=11, elem type=char[])
OBJ 500022f6 (sz=24, trace=300000, class=java.lang.String@5000016e)
	value		500022f9
OBJ 500022f7 (sz=24, trace=300000, class=java.lang.String@5000016e)
	value		500022f8
ARR 500022f8 (sz=88, trace=300000, nelems=44, elem type=char[])
ARR 500022f9 (sz=114, trace=300000, nelems=57, elem type=char[])
OBJ 500022fa (sz=24, trace=300000, class=java.lang.String@5000016e)
	value		500022fd
OBJ 500022fb (sz=24, trace=300000, class=java.lang.String@5000016e)
	value		500022fc
ARR 500022fc (sz=84, trace=300000, nelems=42, elem type=char[])
ARR 500022fd (sz=180, trace=300000, nelems=90, elem type=char[])
OBJ 500022fe (sz=24, trace=300000, class=java.lang.String@5000016e)
	value		50002301
OBJ 500022ff (sz=24, trace=300000, class=java.lang.String@5000016e)
	value		50002300
ARR 50002300 (sz=52, trace=300000, nelems=26, elem type=char[])
ARR 50002301 (sz=148, trace=300000, nelems=74, elem type=char[])
OBJ 50002302 (sz=24, trace=300000, class=java.lang.String@5000016e)
	value		50002305
OBJ 50002303 (sz=24, trace=300000, class=java.lang.String@5000016e)
	value		50002304
ARR 50002304 (sz=50, trace=300000, nelems=25, elem type=char[])
ARR 50002305 (sz=152, trace=300000, nelems=76, elem type=char[])
OBJ 50002306 (sz=24, trace=300000, class=java.lang.String@5000016e)
	value		50002309
OBJ 50002307 (sz=24, trace=300000, class=java.lang.String@5000016e)
	value		50002308
ARR 50002308 (sz=88, trace=300000, nelems=44, elem type=char[])
ARR 50002309 (sz=100, trace=300000, nelems=50, elem type=char[])
OBJ 5000230a (sz=24, trace=300000, class=java.lang.String@5000016e)
	value		5000230d
OBJ 5000230b (sz=24, trace=300000, class=java.lang.String@5000016e)
	value		5000230c
ARR 5000230c (sz=98, trace=300000, nelems=49, elem type=char[])
ARR 5000230d (sz=144, trace=300000, nelems=72, elem type=char[])
OBJ 5000230e (sz=24, trace=300000, class=java.lang.String@5000016e)
	value		50002311
OBJ 5000230f (sz=24, trace=300000, class=java.lang.String@5000016e)
	value		50002310
ARR 50002310 (sz=78, trace=300000, nelems=39, elem type=char[])
ARR 50002311 (sz=78, trace=300000, nelems=39, elem type=char[])
OBJ 50002312 (sz=24, trace=300000, class=java.lang.String@5000016e)
	value		50002315
OBJ 50002313 (sz=24, trace=300000, class=java.lang.String@5000016e)
	value		50002314
ARR 50002314 (sz=64, trace=300000, nelems=32, elem type=char[])
ARR 50002315 (sz=52, trace=300000, nelems=26, elem type=char[])
OBJ 50002316 (sz=24, trace=300000, class=java.lang.String@5000016e)
	value		50002319
OBJ 50002317 (sz=24, trace=300000, class=java.lang.String@5000016e)
	value		50002318
ARR 50002318 (sz=86, trace=300000, nelems=43, elem type=char[])
ARR 50002319 (sz=168, trace=300000, nelems=84, elem type=char[])
OBJ 5000231a (sz=24, trace=300000, class=java.lang.String@5000016e)
	value		5000231d
OBJ 5000231b (sz=24, trace=300000, class=java.lang.String@5000016e)
	value		5000231c
ARR 5000231c (sz=98, trace=300000, nelems=49, elem type=char[])
ARR 5000231d (sz=102, trace=300000, nelems=51, elem type=char[])
OBJ 5000231e (sz=24, trace=300000, class=java.lang.String@5000016e)
	value		50002321
OBJ 5000231f (sz=24, trace=300000, class=java.lang.String@5000016e)
	value		50002320
ARR 50002320 (sz=90, trace=300000, nelems=45, elem type=char[])
ARR 50002321 (sz=106, trace=300000, nelems=53, elem type=char[])
OBJ 50002322 (sz=24, trace=300000, class=java.lang.String@5000016e)
	value		50002325
OBJ 50002323 (sz=24, trace=300000, class=java.lang.String@5000016e)
	value		50002324
ARR 50002324 (sz=54, trace=300000, nelems=27, elem type=char[])
ARR 50002325 (sz=86, trace=300000, nelems=43, elem type=char[])
OBJ 50002326 (sz=24, trace=300000, class=java.lang.String@5000016e)
	value		50002329
OBJ 50002327 (sz=24, trace=300000, class=java.lang.String@5000016e)
	value		50002328
ARR 50002328 (sz=92, trace=300000, nelems=46, elem type=char[])
ARR 50002329 (sz=134, trace=300000, nelems=67, elem type=char[])
OBJ 5000232a (sz=24, trace=300000, class=java.lang.String@5000016e)
	value		5000232d
OBJ 5000232b (sz=24, trace=300000, class=java.lang.String@5000016e)
	value		5000232c
ARR 5000232c (sz=60, trace=300000, nelems=30, elem type=char[])
ARR 5000232d (sz=48, trace=300000, nelems=24, elem type=char[])
OBJ 5000232e (sz=24, trace=300000, class=java.lang.String@5000016e)
	value		50002331
OBJ 5000232f (sz=24, trace=300000, class=java.lang.String@5000016e)
	value		50002330
ARR 50002330 (sz=98, trace=300000, nelems=49, elem type=char[])
ARR 50002331 (sz=70, trace=300000, nelems=35, elem type=char[])
OBJ 50002332 (sz=24, trace=300000, class=java.lang.String@5000016e)
	value		50002335
OBJ 50002333 (sz=24, trace=300000, class=java.lang.String@5000016e)
	value		50002334
ARR 50002334 (sz=62, trace=300000, nelems=31, elem type=char[])
ARR 50002335 (sz=64, trace=300000, nelems=32, elem type=char[])
OBJ 50002336 (sz=24, trace=300000, class=java.lang.String@5000016e)
	value		50002339
OBJ 50002337 (sz=24, trace=300000, class=java.lang.String@5000016e)
	value		50002338
ARR 50002338 (sz=90, trace=300000, nelems=45, elem type=char[])
ARR 50002339 (sz=62, trace=300000, nelems=31, elem type=char[])
OBJ 5000233a (sz=24, trace=300000, class=java.lang.String@5000016e)
	value		5000233d
OBJ 5000233b (sz=24, trace=300000, class=java.lang.String@5000016e)
	value		5000233c
ARR 5000233c (sz=82, trace=300000, nelems=41, elem type=char[])
ARR 5000233d (sz=134, trace=300000, nelems=67, elem type=char[])
OBJ 5000233e (sz=24, trace=300000, class=java.lang.String@5000016e)
	value		50002341
OBJ 5000233f (sz=24, trace=300000, class=java.lang.String@5000016e)
	value		50002340
ARR 50002340 (sz=68, trace=300000, nelems=34, elem type=char[])
ARR 50002341 (sz=106, trace=300000, nelems=53, elem type=char[])
OBJ 50002342 (sz=24, trace=300000, class=java.lang.String@5000016e)
	value		50002345
OBJ 50002343 (sz=24, trace=300000, class=java.lang.String@5000016e)
	value		50002344
ARR 50002344 (sz=52, trace=300000, nelems=26, elem type=char[])
ARR 50002345 (sz=16, trace=300000, nelems=8, elem type=char[])
OBJ 50002346 (sz=24, trace=300000, class=java.lang.String@5000016e)
	value		50002349
OBJ 50002347 (sz=24, trace=300000, class=java.lang.String@5000016e)
	value		50002348
ARR 50002348 (sz=88, trace=300000, nelems=44, elem type=char[])
ARR 50002349 (sz=106, trace=300000, nelems=53, elem type=char[])
OBJ 5000234a (sz=24, trace=300000, class=java.lang.String@5000016e)
	value		5000234d
OBJ 5000234b (sz=24, trace=300000, class=java.lang.String@5000016e)
	value		5000234c
ARR 5000234c (sz=72, trace=300000, nelems=36, elem type=char[])
ARR 5000234d (sz=150, trace=300000, nelems=75, elem type=char[])
OBJ 5000234e (sz=24, trace=300000, class=java.lang.String@5000016e)
	value		50002351
OBJ 5000234f (sz=24, trace=300000, class=java.lang.String@5000016e)
	value		50002350
ARR 50002350 (sz=68, trace=300000, nelems=34, elem type=char[])
ARR 50002351 (sz=74, trace=300000, nelems=37, elem type=char[])
OBJ 50002352 (sz=24, trace=300000, class=java.lang.String@5000016e)
	value		50002355
OBJ 50002353 (sz=24, trace=300000, class=java.lang.String@5000016e)
	value		50002354
ARR 50002354 (sz=102, trace=300000, nelems=51, elem type=char[])
ARR 50002355 (sz=92, trace=300000, nelems=46, elem type=char[])
OBJ 50002356 (sz=24, trace=300000, class=java.lang.String@5000016e)
	value		50002359
OBJ 50002357 (sz=24, trace=300000, class=java.lang.String@5000016e)
	value		50002358
ARR 50002358 (sz=72, trace=300000, nelems=36, elem type=char[])
ARR 50002359 (sz=164, trace=300000, nelems=82, elem type=char[])
OBJ 5000235a (sz=24, trace=300000, class=java.lang.String@5000016e)
	value		5000235d
OBJ 5000235b (sz=24, trace=300000, class=java.lang.String@5000016e)
	value		5000235c
ARR 5000235c (sz=80, trace=300000, nelems=40, elem type=char[])
ARR 5000235d (sz=70, trace=300000, nelems=35, elem type=char[])
OBJ 5000235e (sz=24, trace=300000, class=java.lang.String@5000016e)
	value		50002361
OBJ 5000235f (sz=24, trace=300000, class=java.lang.String@5000016e)
	value		50002360
ARR 50002360 (sz=58, trace=300000, nelems=29, elem type=char[])
ARR 50002361 (sz=42, trace=300000, nelems=21, elem type=char[])
OBJ 50002362 (sz=24, trace=300000, class=java.lang.String@5000016e)
	value		50002365
OBJ 50002363 (sz=24, trace=300000, class=java.lang.String@5000016e)
	value		50002364
ARR 50002364 (sz=80, trace=300000, nelems=40, elem type=char[])
ARR 50002365 (sz=78, trace=300000, nelems=39, elem type=char[])
OBJ 50002366 (sz=24, trace=300000, class=java.lang.String@5000016e)
	value		50002369
OBJ 50002367 (sz=24, trace=300000, class=java.lang.String@5000016e)
	value		50002368
ARR 50002368 (sz=70, trace=300000, nelems=35, elem type=char[])
ARR 50002369 (sz=66, trace=300000, nelems=33, elem type=char[])
OBJ 5000236a (sz=24, trace=300000, class=java.lang.String@5000016e)
	value		5000236d
OBJ 5000236b (sz=24, trace=300000, class=java.lang.String@5000016e)
	value		5000236c
ARR 5000236c (sz=76, trace=300000, nelems=38, elem type=char[])
ARR 5000236d (sz=74, trace=300000, nelems=37, elem type=char[])
OBJ 5000236e (sz=24, trace=300000, class=java.lang.String@5000016e)
	value		50002371
OBJ 5000236f (sz=24, trace=300000, class=java.lang.String@5000016e)
	value		50002370
ARR 50002370 (sz=72, trace=300000, nelems=36, elem type=char[])
ARR 50002371 (sz=28, trace=300000, nelems=14, elem type=char[])
OBJ 50002372 (sz=24, trace=300000, class=java.lang.String@5000016e)
	value		50002375
OBJ 50002373 (sz=24, trace=300000, class=java.lang.String@5000016e)
	value		50002374
ARR 50002374 (sz=108, trace=300000, nelems=54, elem type=char[])
ARR 50002375 (sz=208, trace=300000, nelems=104, elem type=char[])
OBJ 50002376 (sz=24, trace=300000, class=java.lang.String@5000016e)
	value		50002379
OBJ 50002377 (sz=24, trace=300000, class=java.lang.String@5000016e)
	value		50002378
ARR 50002378 (sz=78, trace=300000, nelems=39, elem type=char[])
ARR 50002379 (sz=84, trace=300000, nelems=42, elem type=char[])
OBJ 5000237a (sz=24, trace=300000, class=java.lang.String@5000016e)
	value		5000237d
OBJ 5000237b (sz=24, trace=300000, class=java.lang.String@5000016e)
	value		5000237c
ARR 5000237c (sz=72, trace=300000, nelems=36, elem type=char[])
ARR 5000237d (sz=136, trace=300000, nelems=68, elem type=char[])
OBJ 5000237e (sz=24, trace=300000, class=java.lang.String@5000016e)
	value		50002381
OBJ 5000237f (sz=24, trace=300000, class=java.lang.String@5000016e)
	value		50002380
ARR 50002380 (sz=74, trace=300000, nelems=37, elem type=char[])
ARR 50002381 (sz=76, trace=300000, nelems=38, elem type=char[])
OBJ 50002382 (sz=24, trace=300000, class=java.lang.String@5000016e)
	value		50002385
OBJ 50002383 (sz=24, trace=300000, class=java.lang.String@5000016e)
	value		50002384
ARR 50002384 (sz=88, trace=300000, nelems=44, elem type=char[])
ARR 50002385 (sz=102, trace=300000, nelems=51, elem type=char[])
OBJ 50002386 (sz=24, trace=300000, class=java.lang.String@5000016e)
	value		50002389
OBJ 50002387 (sz=24, trace=300000, class=java.lang.String@5000016e)
	value		50002388
ARR 50002388 (sz=82, trace=300000, nelems=41, elem type=char[])
ARR 50002389 (sz=172, trace=300000, nelems=86, elem type=char[])
OBJ 5000238a (sz=24, trace=300000, class=java.lang.String@5000016e)
	value		5000238d
OBJ 5000238b (sz=24, trace=300000, class=java.lang.String@5000016e)
	value		5000238c
ARR 5000238c (sz=62, trace=300000, nelems=31, elem type=char[])
ARR 5000238d (sz=36, trace=300000, nelems=18, elem type=char[])
OBJ 5000238e (sz=24, trace=300000, class=java.lang.String@5000016e)
	value		50002391
OBJ 5000238f (sz=24, trace=300000, class=java.lang.String@5000016e)
	value		50002390
ARR 50002390 (sz=112, trace=300000, nelems=56, elem type=char[])
ARR 50002391 (sz=236, trace=300000, nelems=118, elem type=char[])
OBJ 50002392 (sz=24, trace=300000, class=java.lang.String@5000016e)
	value		50002395
OBJ 50002393 (sz=24, trace=300000, class=java.lang.String@5000016e)
	value		50002394
ARR 50002394 (sz=48, trace=300000, nelems=24, elem type=char[])
ARR 50002395 (sz=38, trace=300000, nelems=19, elem type=char[])
OBJ 50002396 (sz=24, trace=300000, class=java.lang.String@5000016e)
	value		50002399
OBJ 50002397 (sz=24, trace=300000, class=java.lang.String@5000016e)
	value		50002398
ARR 50002398 (sz=42, trace=300000, nelems=21, elem type=char[])
ARR 50002399 (sz=18, trace=300000, nelems=9, elem type=char[])
OBJ 5000239a (sz=24, trace=300000, class=java.lang.String@5000016e)
	value		5000239d
OBJ 5000239b (sz=24, trace=300000, class=java.lang.String@5000016e)
	value		5000239c
ARR 5000239c (sz=44, trace=300000, nelems=22, elem type=char[])
ARR 5000239d (sz=98, trace=300000, nelems=49, elem type=char[])
OBJ 5000239e (sz=24, trace=300000, class=java.lang.String@5000016e)
	value		500023a1
OBJ 5000239f (sz=24, trace=300000, class=java.lang.String@5000016e)
	value		500023a0
ARR 500023a0 (sz=56, trace=300000, nelems=28, elem type=char[])
ARR 500023a1 (sz=46, trace=300000, nelems=23, elem type=char[])
OBJ 500023a2 (sz=24, trace=300000, class=java.lang.String@5000016e)
	value		500023a5
OBJ 500023a3 (sz=24, trace=300000, class=java.lang.String@5000016e)
	value		500023a4
ARR 500023a4 (sz=66, trace=300000, nelems=33, elem type=char[])
ARR 500023a5 (sz=102, trace=300000, nelems=51, elem type=char[])
OBJ 500023a6 (sz=24, trace=300000, class=java.lang.String@5000016e)
	value		500023a9
OBJ 500023a7 (sz=24, trace=300000, class=java.lang.String@5000016e)
	value		500023a8
ARR 500023a8 (sz=74, trace=300000, nelems=37, elem type=char[])
ARR 500023a9 (sz=86, trace=300000, nelems=43, elem type=char[])
OBJ 500023aa (sz=24, trace=300000, class=java.lang.String@5000016e)
	value		500023ad
OBJ 500023ab (sz=24, trace=300000, class=java.lang.String@5000016e)
	value		500023ac
ARR 500023ac (sz=102, trace=300000, nelems=51, elem type=char[])
ARR 500023ad (sz=100, trace=300000, nelems=50, elem type=char[])
OBJ 500023ae (sz=24, trace=300000, class=java.lang.String@5000016e)
	value		500023b1
OBJ 500023af (sz=24, trace=300000, class=java.lang.String@5000016e)
	value		500023b0
ARR 500023b0 (sz=80, trace=300000, nelems=40, elem type=char[])
ARR 500023b1 (sz=112, trace=300000, nelems=56, elem type=char[])
OBJ 500023b2 (sz=24, trace=300000, class=java.lang.String@5000016e)
	value		5000261e
OBJ 500023b3 (sz=48, trace=301119, class=java.util.HashMap@500000c6)
	table		500023b4
ARR 500023b4 (sz=4112, trace=301120, nelems=1021, elem type=java.util.HashMap$Node[]@500000c2)
	[2]		5000241b
	[8]		50002567
	[12]		500024fb
	[13]		5000253f
	[15]		50002422
	[16]		50002480
	[18]		50002455
	[19]		500023bc
	[20]		50002582
	[26]		500024cd
	[30]		5000252c
	[32]		5000250e
	[34]		50002468
	[37]		500024d9
	[38]		500023db
	[45]		50002514
	[46]		50002452
	[47]		5000250f
	[48]		500023f1
	[51]		500024ea
	[56]		50002589
	[58]		500024a0
	[59]		50002414
	[62]		50002618
	[63]		50002528
	[65]		50002498
	[67]		5000240f
	[69]		50002421
	[71]		500023ec
	[72]		500024a3
	[73]		500023fa
	[76]		50002592
	[78]		500024af
	[81]		5000240b
	[82]		500025f8
	[84]		500024e4
	[88]		500025c0
	[93]		50002489
	[94]		50002473
	[97]		5000243e
	[99]		5000247a
	[100]		5000252a
	[104]		50002561
	[105]		50002477
	[108]		500025c8
	[110]		500023f9
	[111]		50002453
	[112]		5000251b
	[114]		5000255a
	[117]		50002581
	[120]		500023bb
	[121]		500024ad
	[124]		50002416
	[125]		500024cc
	[128]		50002418
	[132]		5000253a
	[135]		50002465
	[137]		5000251d
	[138]		5000241e
	[142]		50002469
	[146]		5000241c
	[148]		5000255d
	[149]		500025ee
	[150]		5000245a
	[153]		500025e6
	[154]		5000248d
	[155]		500023d1
	[156]		50002507
	[157]		5000243a
	[161]		5000249a
	[162]		500024f8
	[163]		500025b0
	[165]		5000253b
	[168]		500023eb
	[170]		50002522
	[172]		500023c0
	[174]		500023ff
	[176]		5000245d
	[177]		50002519
	[181]		500024fa
	[182]		50002488
	[184]		50002611
	[187]		500024c5
	[189]		50002533
	[190]		50002405
	[192]		50002419
	[195]		50002474
	[198]		500024e8
	[202]		5000251f
	[204]		50002535
	[209]		500025a9
	[210]		50002614
	[214]		500024fc
	[215]		5000247c
	[218]		500025d7
	[220]		500024c4
	[222]		500025a8
	[223]		50002431
	[225]		500023d9
	[228]		500025c5
	[232]		50002501
	[234]		50002584
	[235]		500024eb
	[236]		5000252b
	[239]		5000259b
	[242]		5000241d
	[244]		50002499
	[247]		500024a7
	[249]		50002568
	[252]		5000249f
	[253]		500024ec
	[259]		50002505
	[262]		5000246c
	[264]		500023c3
	[265]		50002548
	[269]		50002559
	[270]		50002586
	[271]		50002619
	[279]		50002457
	[280]		500024d3
	[281]		500023e6
	[282]		50002609
	[283]		500024c8
	[284]		50002436
	[290]		500025e9
	[293]		500024ce
	[296]		50002595
	[297]		5000240d
	[298]		50002423
	[301]		50002442
	[304]		500025cd
	[305]		50002503
	[306]		500025a5
	[307]		5000253d
	[310]		5000248b
	[313]		5000248e
	[321]		5000245b
	[322]		500025db
	[324]		50002427
	[325]		500024a9
	[327]		500024d1
	[328]		500023c5
	[331]		500023de
	[332]		5000247d
	[335]		500023cf
	[337]		50002534
	[340]		50002445
	[341]		500024e5
	[342]		500023d0
	[343]		50002401
	[344]		50002413
	[346]		50002450
	[348]		500024ba
	[349]		5000244b
	[350]		50002471
	[353]		500024a4
	[356]		5000243f
	[357]		5000258d
	[363]		500024a1
	[364]		50002482
	[365]		5000247b
	[367]		50002605
	[370]		500025dd
	[372]		500024a5
	[373]		50002602
	[374]		500024f5
	[375]		50002523
	[377]		5000260c
	[378]		500025fe
	[379]		5000251a
	[380]		5000254a
	[390]		500023fe
	[391]		50002426
	[395]		5000245e
	[397]		500023b9
	[398]		5000244c
	[399]		50002476
	[401]		500025d9
	[402]		500023d2
	[403]		50002513
	[404]		50002570
	[406]		500024bd
	[409]		5000248c
	[412]		50002504
	[415]		50002521
	[416]		500025e0
	[417]		50002440
	[421]		50002598
	[422]		500025de
	[424]		500025fb
	[425]		50002459
	[438]		50002417
	[439]		50002604
	[441]		5000261b
	[447]		500024c6
	[449]		500024bb
	[451]		5000260a
	[454]		500024b2
	[455]		5000247e
	[460]		50002587
	[461]		50002435
	[462]		500023e0
	[467]		500024be
	[470]		5000244f
	[471]		500024c3
	[473]		50002425
	[474]		500025bc
	[475]		50002578
	[477]		500023ef
	[479]		50002591
	[482]		500023f7
	[484]		5000244a
	[485]		50002541
	[486]		500024f9
	[487]		50002539
	[489]		500023d5
	[490]		500024b8
	[493]		50002530
	[494]		50002571
	[495]		500025ce
	[496]		500023f4
	[498]		500025da
	[499]		5000240c
	[500]		500024db
	[502]		500024b5
	[509]		5000254d
	[511]		5000242b
	[512]		5000254b
	[514]		5000249c
	[515]		5000254c
	[516]		500024b7
	[518]		500024dc
	[520]		50002540
	[521]		50002479
	[523]		50002487
	[529]		50002444
	[530]		50002478
	[531]		5000246b
	[535]		500025aa
	[537]		5000246e
	[540]		500024ca
	[541]		50002495
	[543]		50002585
	[545]		500024f7
	[547]		500025bb
	[553]		50002412
	[554]		500023e3
	[555]		500025f5
	[558]		50002493
	[560]		500025d0
	[561]		50002433
	[563]		500025a0
	[565]		5000246d
	[566]		500023f8
	[571]		50002517
	[573]		50002532
	[574]		5000259e
	[576]		50002463
	[577]		500023ed
	[579]		500025ec
	[583]		500023f0
	[584]		5000244d
	[586]		50002484
	[588]		5000252e
	[589]		5000257b
	[591]		500023c1
	[593]		50002531
	[594]		50002404
	[596]		50002599
	[598]		50002565
	[608]		50002601
	[610]		5000243b
	[612]		500023d4
	[615]		5000258a
	[619]		50002454
	[621]		500024a2
	[623]		500023fc
	[631]		50002486
	[632]		500023da
	[634]		5000249b
	[639]		50002545
	[640]		500024cb
	[641]		500023ca
	[642]		50002475
	[643]		500023b8
	[644]		500025ab
	[646]		5000240e
	[647]		500025d2
	[648]		5000258e
	[649]		500024ae
	[650]		500024f6
	[651]		50002512
	[655]		50002515
	[656]		50002529
	[658]		500025ac
	[659]		50002438
	[661]		5000255c
	[663]		50002547
	[664]		50002544
	[667]		5000249e
	[668]		500023bf
	[671]		500024da
	[673]		500023fd
	[674]		5000256d
	[677]		50002564
	[681]		500024fd
	[682]		50002538
	[684]		50002437
	[689]		500023cb
	[693]		5000256f
	[694]		5000258b
	[695]		50002596
	[696]		500025fd
	[697]		50002542
	[700]		500025d4
	[701]		50002577
	[703]		50002449
	[704]		500025e4
	[709]		50002579
	[710]		500024dd
	[712]		50002524
	[714]		50002460
	[715]		50002448
	[719]		50002603
	[720]		500023c4
	[723]		50002608
	[729]		50002432
	[730]		500025c7
	[731]		50002527
	[734]		50002451
	[735]		5000242c
	[743]		500023dc
	[744]		500023b6
	[745]		500025cf
	[746]		500023d8
	[747]		5000250b
	[750]		50002409
	[751]		500023e9
	[752]		50002464
	[754]		50002588
	[758]		500025fc
	[759]		500023e7
	[760]		50002558
	[761]		500025f6
	[765]		50002508
	[769]		50002458
	[770]		500023f6
	[771]		50002411
	[773]		50002472
	[774]		500025b6
	[780]		500023cc
	[781]		50002497
	[783]		5000245f
	[787]		500023cd
	[788]		500023f3
	[789]		50002553
	[791]		500023be
	[794]		500023c8
	[795]		50002429
	[799]		500023b7
	[800]		500024aa
	[801]		5000243d
	[803]		500023e1
	[804]		5000244e
	[806]		500025cb
	[811]		500025e8
	[812]		5000251e
	[813]		500024e7
	[817]		5000250c
	[818]		500024c9
	[820]		5000250a
	[825]		500025ad
	[827]		500023e5
	[831]		5000253e
	[835]		500023c2
	[838]		500023e8
	[841]		500024d7
	[843]		500025b5
	[852]		5000256e
	[853]		50002400
	[854]		500024e6
	[856]		500023ea
	[860]		500025e1
	[861]		50002446
	[862]		50002563
	[864]		500023dd
	[867]		500024ee
	[868]		5000256b
	[869]		500024f1
	[870]		5000246f
	[871]		50002466
	[872]		500024ed
	[875]		500024c0
	[879]		500024df
	[880]		500023f5
	[882]		500023ce
	[883]		500023c7
	[884]		500025d1
	[885]		500023f2
	[887]		50002470
	[892]		50002494
	[895]		50002406
	[898]		50002439
	[901]		500025f1
	[904]		500025ed
	[907]		500025f7
	[909]		500025b1
	[911]		500023b5
	[912]		5000242d
	[913]		50002408
	[916]		50002555
	[918]		500025ae
	[919]		500024bf
	[920]		500025dc
	[923]		50002490
	[926]		50002407
	[927]		500024de
	[928]		50002443
	[929]		50002526
	[931]		5000259d
	[933]		500024ac
	[935]		50002410
	[940]		500023c6
	[942]		500023d6
	[944]		500023fb
	[949]		50002441
	[950]		500024d8
	[952]		50002467
	[953]		50002617
	[954]		500024e9
	[957]		50002572
	[958]		500023ee
	[962]		50002483
	[963]		50002575
	[964]		50002610
	[965]		500023d3
	[966]		500023c9
	[967]		500025d6
	[972]		50002402
	[973]		500023e4
	[974]		50002420
	[975]		50002510
	[977]		500024f3
	[978]		50002583
	[979]		500025c2
	[980]		5000259f
	[981]		50002403
	[983]		50002430
	[985]		50002520
	[986]		50002424
	[990]		500024a6
	[991]		500024e1
	[992]		500023ba
	[993]		5000241a
	[996]		50002491
	[1000]		500025d8
	[1003]		50002509
	[1005]		500024ff
	[1011]		500024ab
	[1013]		500024b1
	[1015]		500025b8
	[1019]		500023d7
	[1020]		50002461
OBJ 500023b5 (sz=32, trace=300221, class=java.util.HashMap$Node@500000c4)
	key		50001d09
	value		50001d08
	next		500024bc
OBJ 500023b6 (sz=32, trace=300221, class=java.util.HashMap$Node@500000c4)
	key		50001fe2
	value		50001fe1
OBJ 500023b7 (sz=32, trace=300221, class=java.util.HashMap$Node@500000c4)
	key		50001e3b
	value		50001e3a
OBJ 500023b8 (sz=32, trace=300221, class=java.util.HashMap$Node@500000c4)
	key		5000214e
	value		5000214d
	next		500025a1
OBJ 500023b9 (sz=32, trace=300221, class=java.util.HashMap$Node@500000c4)
	key		500026c0
	value		500026bf
OBJ 500023ba (sz=32, trace=300221, class=java.util.HashMap$Node@500000c4)
	key		50001bc6
	value		50001bc5
	next		500025c1
OBJ 500023bb (sz=32, trace=300221, class=java.util.HashMap$Node@500000c4)
	key		5000293a
	value		50002939
OBJ 500023bc (sz=32, trace=300221, class=java.util.HashMap$Node@500000c4)
	key		500029fe
	value		500029fd
	next		500023bd
OBJ 500023bd (sz=32, trace=300222, class=java.util.HashMap$Node@500000c4)
	key		50002a02
	value		50002a01
	next		5000253c
OBJ 500023be (sz=32, trace=300221, class=java.util.HashMap$Node@500000c4)
	key		50001e58
	value		50001e57
OBJ 500023bf (sz=32, trace=300221, class=java.util.HashMap$Node@500000c4)
	key		500020ee
	value		500020ed
	next		5000261a
OBJ 500023c0 (sz=32, trace=300221, class=java.util.HashMap$Node@500000c4)
	key		500028ba
	value		500028b9
OBJ 500023c1 (sz=32, trace=300221, class=java.util.HashMap$Node@500000c4)
	key		500021c4
	value		500021c3
	next		500025fa
OBJ 500023c2 (sz=32, trace=300221, class=java.util.HashMap$Node@500000c4)
	key		50001dc9
	value		50001dc8
	next		50002447
OBJ 500023c3 (sz=32, trace=300221, class=java.util.HashMap$Node@500000c4)
	key		500027f0
	value		500027ef
	next		500024f2
OBJ 500023c4 (sz=32, trace=300221, class=java.util.HashMap$Node@500000c4)
	key		50002015
	value		50002014
	next		50002536
OBJ 500023c5 (sz=32, trace=300221, class=java.util.HashMap$Node@500000c4)
	key		50002764
	value		50002763
	next		500023e2
OBJ 500023c6 (sz=32, trace=300221, class=java.util.HashMap$Node@500000c4)
	key		50001cab
	value		50001caa
OBJ 500023c7 (sz=32, trace=300221, class=java.util.HashMap$Node@500000c4)
	key		50001d4f
	value		50001d4e
	next		5000254f
OBJ 500023c8 (sz=32, trace=300221, class=java.util.HashMap$Node@500000c4)
	key		50001e4f
	value		50001e4e
	next		50002428
OBJ 500023c9 (sz=32, trace=300221, class=java.util.HashMap$Node@500000c4)
	key		50001c42
	value		50001c41
OBJ 500023ca (sz=32, trace=300221, class=java.util.HashMap$Node@500000c4)
	key		5000215e
	value		5000215d
OBJ 500023cb (sz=32, trace=300221, class=java.util.HashMap$Node@500000c4)
	key		500020a5
	value		500020a4
OBJ 500023cc (sz=32, trace=300221, class=java.util.HashMap$Node@500000c4)
	key		50001e90
	value		50001e8f
OBJ 500023cd (sz=32, trace=300221, class=java.util.HashMap$Node@500000c4)
	key		50001e77
	value		50001e76
OBJ 500023ce (sz=32, trace=300221, class=java.util.HashMap$Node@500000c4)
	key		50001d57
	value		50001d56
OBJ 500023cf (sz=32, trace=300221, class=java.util.HashMap$Node@500000c4)
	key		50002758
	value		50002757
OBJ 500023d0 (sz=32, trace=300221, class=java.util.HashMap$Node@500000c4)
	key		50002744
	value		50002743
OBJ 500023d1 (sz=32, trace=300221, class=java.util.HashMap$Node@500000c4)
	key		500028ee
	value		500028ed
	next		5000260d
OBJ 500023d2 (sz=32, trace=300221, class=java.util.HashMap$Node@500000c4)
	key		500026ac
	value		500026ab
	next		500023df
OBJ 500023d3 (sz=32, trace=300221, class=java.util.HashMap$Node@500000c4)
	key		50001c46
	value		50001c45
OBJ 500023d4 (sz=32, trace=300221, class=java.util.HashMap$Node@500000c4)
	key		50002199
	value		50002198
	next		500024b3
OBJ 500023d5 (sz=32, trace=300221, class=java.util.HashMap$Node@500000c4)
	key		50002307
	value		50002306
OBJ 500023d6 (sz=32, trace=300221, class=java.util.HashMap$Node@500000c4)
	key		50001ca7
	value		50001ca6
OBJ 500023d7 (sz=32, trace=300221, class=java.util.HashMap$Node@500000c4)
	key		50001b8b
	value		50001b8a
	next		50002456
OBJ 500023d8 (sz=32, trace=300221, class=java.util.HashMap$Node@500000c4)
	key		50001fcd
	value		50001fcc
	next		5000242f
OBJ 500023d9 (sz=32, trace=300221, class=java.util.HashMap$Node@500000c4)
	key		50002845
	value		50001e36
OBJ 500023da (sz=32, trace=300221, class=java.util.HashMap$Node@500000c4)
	key		50002170
	value		5000216f
	next		5000249d
OBJ 500023db (sz=32, trace=300221, class=java.util.HashMap$Node@500000c4)
	key		500029e5
	value		50001bb5
OBJ 500023dc (sz=32, trace=300221, class=java.util.HashMap$Node@500000c4)
	key		50001fe8
	value		50001fe7
OBJ 500023dd (sz=32, trace=300221, class=java.util.HashMap$Node@500000c4)
	key		50001d96
	value		50001d95
	next		500025af
OBJ 500023de (sz=32, trace=300221, class=java.util.HashMap$Node@500000c4)
	key		50002760
	value		5000275f
OBJ 500023df (sz=32, trace=300222, class=java.util.HashMap$Node@500000c4)
	key		500026b0
	value		500026af
OBJ 500023e0 (sz=32, trace=300221, class=java.util.HashMap$Node@500000c4)
	key		50002363
	value		50002362
	next		5000255e
OBJ 500023e1 (sz=32, trace=300221, class=java.util.HashMap$Node@500000c4)
	key		50001e2d
	value		50001e2c
OBJ 500023e2 (sz=32, trace=300222, class=java.util.HashMap$Node@500000c4)
	key		50002768
	value		50002767
	next		50002511
OBJ 500023e3 (sz=32, trace=300221, class=java.util.HashMap$Node@500000c4)
	key		50002233
	value		50002232
OBJ 500023e4 (sz=32, trace=300221, class=java.util.HashMap$Node@500000c4)
	key		50001c15
	value		50001c14
	next		50002415
OBJ 500023e5 (sz=32, trace=300221, class=java.util.HashMap$Node@500000c4)
	key		50001de2
	value		50001de1
OBJ 500023e6 (sz=32, trace=300221, class=java.util.HashMap$Node@500000c4)
	key		500027d4
	value		500027d3
OBJ 500023e7 (sz=32, trace=300221, class=java.util.HashMap$Node@500000c4)
	key		50001f02
	value		50001f01
OBJ 500023e8 (sz=32, trace=300221, class=java.util.HashMap$Node@500000c4)
	key		50001dc5
	value		50001dc4
OBJ 500023e9 (sz=32, trace=300221, class=java.util.HashMap$Node@500000c4)
	key		50001f6d
	value		50001f6c
	next		50002481
OBJ 500023ea (sz=32, trace=300221, class=java.util.HashMap$Node@500000c4)
	key		50001daa
	value		50001da9
OBJ 500023eb (sz=32, trace=300221, class=java.util.HashMap$Node@500000c4)
	key		500028c6
	value		500028c5
OBJ 500023ec (sz=32, trace=300221, class=java.util.HashMap$Node@500000c4)
	key		500029a8
	value		500029a7
OBJ 500023ed (sz=32, trace=300221, class=java.util.HashMap$Node@500000c4)
	key		500021ef
	value		500021ee
OBJ 500023ee (sz=32, trace=300221, class=java.util.HashMap$Node@500000c4)
	key		50001c56
	value		50001c55
OBJ 500023ef (sz=32, trace=300221, class=java.util.HashMap$Node@500000c4)
	key		5000233b
	value		5000233a
	next		5000245c
OBJ 500023f0 (sz=32, trace=300221, class=java.util.HashMap$Node@500000c4)
	key		500021e7
	value		500021e6
OBJ 500023f1 (sz=32, trace=300221, class=java.util.HashMap$Node@500000c4)
	key		500029d4
	value		500029d3
OBJ 500023f2 (sz=32, trace=300221, class=java.util.HashMap$Node@500000c4)
	key		50001d47
	value		50001d46
OBJ 500023f3 (sz=32, trace=300221, class=java.util.HashMap$Node@500000c4)
	key		50001e61
	value		50001e5f
	next		50002546
OBJ 500023f4 (sz=32, trace=300221, class=java.util.HashMap$Node@500000c4)
	key		500022eb
	value		500022ea
OBJ 500023f5 (sz=32, trace=300221, class=java.util.HashMap$Node@500000c4)
	key		50001d5b
	value		50001d5a
OBJ 500023f6 (sz=32, trace=300221, class=java.util.HashMap$Node@500000c4)
	key		50001ec9
	value		50001ec2
OBJ 500023f7 (sz=32, trace=300221, class=java.util.HashMap$Node@500000c4)
	key		5000232b
	value		5000232a
	next		50002593
OBJ 500023f8 (sz=32, trace=300221, class=java.util.HashMap$Node@500000c4)
	key		5000220e
	value		5000220d
OBJ 500023f9 (sz=32, trace=300221, class=java.util.HashMap$Node@500000c4)
	key		50002952
	value		50002951
OBJ 500023fa (sz=32, trace=300221, class=java.util.HashMap$Node@500000c4)
	key		50002998
	value		50002997
	next		50002434
OBJ 500023fb (sz=32, trace=300221, class=java.util.HashMap$Node@500000c4)
	key		50001ca3
	value		50001ca2
OBJ 500023fc (sz=32, trace=300221, class=java.util.HashMap$Node@500000c4)
	key		50002181
	value		50002180
OBJ 500023fd (sz=32, trace=300221, class=java.util.HashMap$Node@500000c4)
	key		500020cf
	value		500020ce
	next		5000240a
OBJ 500023fe (sz=32, trace=300221, class=java.util.HashMap$Node@500000c4)
	key		500026d0
	value		500026cf
OBJ 500023ff (sz=32, trace=300221, class=java.util.HashMap$Node@500000c4)
	key		500028b0
	value		500028af
	next		50002552
OBJ 50002400 (sz=32, trace=300221, class=java.util.HashMap$Node@500000c4)
	key		50001db3
	value		50001db2
OBJ 50002401 (sz=32, trace=300221, class=java.util.HashMap$Node@500000c4)
	key		5000273c
	value		5000273b
	next		500024e0
OBJ 50002402 (sz=32, trace=300221, class=java.util.HashMap$Node@500000c4)
	key		50001c1d
	value		50001c1c
	next		5000242a
OBJ 50002403 (sz=32, trace=300221, class=java.util.HashMap$Node@500000c4)
	key		50001bef
	value		50001bee
OBJ 50002404 (sz=32, trace=300221, class=java.util.HashMap$Node@500000c4)
	key		500021bc
	value		500021bb
OBJ 50002405 (sz=32, trace=300221, class=java.util.HashMap$Node@500000c4)
	key		50002884
	value		50002883
OBJ 50002406 (sz=32, trace=300221, class=java.util.HashMap$Node@500000c4)
	key		50001d2a
	value		50001d29
	next		50002550
OBJ 50002407 (sz=32, trace=300221, class=java.util.HashMap$Node@500000c4)
	key		50001cd3
	value		50001cd2
OBJ 50002408 (sz=32, trace=300221, class=java.util.HashMap$Node@500000c4)
	key		50001cfd
	value		50001cfc
OBJ 50002409 (sz=32, trace=300221, class=java.util.HashMap$Node@500000c4)
	key		50001fc4
	value		50001fc0
	next		50002496
OBJ 5000240a (sz=32, trace=300222, class=java.util.HashMap$Node@500000c4)
	key		500020e0
	value		500020df
OBJ 5000240b (sz=32, trace=300221, class=java.util.HashMap$Node@500000c4)
	key		5000298a
	value		50002989
OBJ 5000240c (sz=32, trace=300221, class=java.util.HashMap$Node@500000c4)
	key		500022e3
	value		500022e2
OBJ 5000240d (sz=32, trace=300221, class=java.util.HashMap$Node@500000c4)
	key		500027b6
	value		500027b5
	next		5000243c
OBJ 5000240e (sz=32, trace=300221, class=java.util.HashMap$Node@500000c4)
	key		50002146
	value		50002145
OBJ 5000240f (sz=32, trace=300221, class=java.util.HashMap$Node@500000c4)
	key		500029af
	value		50002985
OBJ 50002410 (sz=32, trace=300221, class=java.util.HashMap$Node@500000c4)
	key		50001caf
	value		50001cae
OBJ 50002411 (sz=32, trace=300221, class=java.util.HashMap$Node@500000c4)
	key		50001ea6
	value		50001ea5
	next		500025a6
OBJ 50002412 (sz=32, trace=300221, class=java.util.HashMap$Node@500000c4)
	key		50002237
	value		50002236
	next		50002462
OBJ 50002413 (sz=32, trace=300221, class=java.util.HashMap$Node@500000c4)
	key		50002738
	value		50002737
OBJ 50002414 (sz=32, trace=300221, class=java.util.HashMap$Node@500000c4)
	key		500029be
	value		500029bd
OBJ 50002415 (sz=32, trace=300222, class=java.util.HashMap$Node@500000c4)
	key		50001c19
	value		50001c18
OBJ 50002416 (sz=32, trace=300221, class=java.util.HashMap$Node@500000c4)
	key		50002930
	value		5000292f
	next		5000248f
OBJ 50002417 (sz=32, trace=300221, class=java.util.HashMap$Node@500000c4)
	key		5000239f
	value		5000239e
	next		500025f4
OBJ 50002418 (sz=32, trace=300221, class=java.util.HashMap$Node@500000c4)
	key		50002924
	value		50002923
	next		50002557
OBJ 50002419 (sz=32, trace=300221, class=java.util.HashMap$Node@500000c4)
	key		50002880
	value		5000287f
OBJ 5000241a (sz=32, trace=300221, class=java.util.HashMap$Node@500000c4)
	key		50001bc2
	value		50001bc1
OBJ 5000241b (sz=32, trace=300221, class=java.util.HashMap$Node@500000c4)
	key		50002a28
	value		50002a27
	next		5000258f
OBJ 5000241c (sz=32, trace=300221, class=java.util.HashMap$Node@500000c4)
	key		50002908
	value		50002907
OBJ 5000241d (sz=32, trace=300221, class=java.util.HashMap$Node@500000c4)
	key		50002822
	value		50002821
OBJ 5000241e (sz=32, trace=300221, class=java.util.HashMap$Node@500000c4)
	key		50002910
	value		5000290f
	next		5000241f
OBJ 5000241f (sz=32, trace=300222, class=java.util.HashMap$Node@500000c4)
	key		50002914
	value		50002913
OBJ 50002420 (sz=32, trace=300221, class=java.util.HashMap$Node@500000c4)
	key		50001c11
	value		50001c10
OBJ 50002421 (sz=32, trace=300221, class=java.util.HashMap$Node@500000c4)
	key		500029ac
	value		500029ab
OBJ 50002422 (sz=32, trace=300221, class=java.util.HashMap$Node@500000c4)
	key		50002a16
	value		50002a15
	next		50002573
OBJ 50002423 (sz=32, trace=300221, class=java.util.HashMap$Node@500000c4)
	key		500027ae
	value		500027ad
	next		500025c6
OBJ 50002424 (sz=32, trace=300221, class=java.util.HashMap$Node@500000c4)
	key		50001bd8
	value		50001bd7
OBJ 50002425 (sz=32, trace=300221, class=java.util.HashMap$Node@500000c4)
	key		5000234f
	value		5000234e
OBJ 50002426 (sz=32, trace=300221, class=java.util.HashMap$Node@500000c4)
	key		500026cc
	value		500026cb
OBJ 50002427 (sz=32, trace=300221, class=java.util.HashMap$Node@500000c4)
	key		5000277c
	value		5000277b
OBJ 50002428 (sz=32, trace=300222, class=java.util.HashMap$Node@500000c4)
	key		50001e54
	value		50001e53
OBJ 50002429 (sz=32, trace=300221, class=java.util.HashMap$Node@500000c4)
	key		50001e47
	value		50001e46
OBJ 5000242a (sz=32, trace=300222, class=java.util.HashMap$Node@500000c4)
	key		50001c21
	value		50001c20
	next		50002485
OBJ 5000242b (sz=32, trace=300221, class=java.util.HashMap$Node@500000c4)
	key		500022cb
	value		500022ca
	next		500024d6
OBJ 5000242c (sz=32, trace=300221, class=java.util.HashMap$Node@500000c4)
	key		50001ff0
	value		50001fef
	next		5000242e
OBJ 5000242d (sz=32, trace=300221, class=java.util.HashMap$Node@500000c4)
	key		50001d01
	value		50001d00
	next		500025b9
OBJ 5000242e (sz=32, trace=300222, class=java.util.HashMap$Node@500000c4)
	key		50001ff4
	value		50001ff3
OBJ 5000242f (sz=32, trace=300222, class=java.util.HashMap$Node@500000c4)
	key		50001fd1
	value		50001fd0
OBJ 50002430 (sz=32, trace=300221, class=java.util.HashMap$Node@500000c4)
	key		50001be0
	value		50001bdf
OBJ 50002431 (sz=32, trace=300221, class=java.util.HashMap$Node@500000c4)
	key		50002848
	value		50002847
OBJ 50002432 (sz=32, trace=300221, class=java.util.HashMap$Node@500000c4)
	key		5000200f
	value		5000200e
OBJ 50002433 (sz=32, trace=300221, class=java.util.HashMap$Node@500000c4)
	key		5000221e
	value		5000221d
	next		5000246a
OBJ 50002434 (sz=32, trace=300222, class=java.util.HashMap$Node@500000c4)
	key		5000299c
	value		5000299b
OBJ 50002435 (sz=32, trace=300221, class=java.util.HashMap$Node@500000c4)
	key		5000236b
	value		5000236a
OBJ 50002436 (sz=32, trace=300221, class=java.util.HashMap$Node@500000c4)
	key		500027c8
	value		500027c7
OBJ 50002437 (sz=32, trace=300221, class=java.util.HashMap$Node@500000c4)
	key		500020a9
	value		500020a8
OBJ 50002438 (sz=32, trace=300221, class=java.util.HashMap$Node@500000c4)
	key		5000210c
	value		5000210b
	next		500024a8
OBJ 50002439 (sz=32, trace=300221, class=java.util.HashMap$Node@500000c4)
	key		50001d26
	value		50001d25
OBJ 5000243a (sz=32, trace=300221, class=java.util.HashMap$Node@500000c4)
	key		500028e6
	value		500028e5
OBJ 5000243b (sz=32, trace=300221, class=java.util.HashMap$Node@500000c4)
	key		500021a5
	value		500021a4
OBJ 5000243c (sz=32, trace=300222, class=java.util.HashMap$Node@500000c4)
	key		500027ba
	value		500027b9
OBJ 5000243d (sz=32, trace=300221, class=java.util.HashMap$Node@500000c4)
	key		50001e33
	value		50001e32
OBJ 5000243e (sz=32, trace=300221, class=java.util.HashMap$Node@500000c4)
	key		5000296e
	value		5000296d
OBJ 5000243f (sz=32, trace=300221, class=java.util.HashMap$Node@500000c4)
	key		50002718
	value		50002717
	next		5000247f
OBJ 50002440 (sz=32, trace=300221, class=java.util.HashMap$Node@500000c4)
	key		5000268a
	value		50002623
	next		5000258c
OBJ 50002441 (sz=32, trace=300221, class=java.util.HashMap$Node@500000c4)
	key		50001c81
	value		50001c80
	next		500024b0
OBJ 50002442 (sz=32, trace=300221, class=java.util.HashMap$Node@500000c4)
	key		500027a6
	value		500027a5
	next		50002518
OBJ 50002443 (sz=32, trace=300221, class=java.util.HashMap$Node@500000c4)
	key		50001cc9
	value		50001cc8
OBJ 50002444 (sz=32, trace=300221, class=java.util.HashMap$Node@500000c4)
	key		5000228d
	value		5000228c
OBJ 50002445 (sz=32, trace=300221, class=java.util.HashMap$Node@500000c4)
	key		50002750
	value		5000274f
OBJ 50002446 (sz=32, trace=300221, class=java.util.HashMap$Node@500000c4)
	key		50001da2
	value		50001da1
OBJ 50002447 (sz=32, trace=300222, class=java.util.HashMap$Node@500000c4)
	key		50001dcf
	value		50001dce
	next		500025e3
OBJ 50002448 (sz=32, trace=300221, class=java.util.HashMap$Node@500000c4)
	key		5000202c
	value		50002028
	next		5000255b
OBJ 50002449 (sz=32, trace=300221, class=java.util.HashMap$Node@500000c4)
	key		50002068
	value		5000205e
	next		50002580
OBJ 5000244a (sz=32, trace=300221, class=java.util.HashMap$Node@500000c4)
	key		5000231b
	value		5000231a
	next		500024c1
OBJ 5000244b (sz=32, trace=300221, class=java.util.HashMap$Node@500000c4)
	key		50002728
	value		50002727
	next		50002576
OBJ 5000244c (sz=32, trace=300221, class=java.util.HashMap$Node@500000c4)
	key		500026bc
	value		500026bb
OBJ 5000244d (sz=32, trace=300221, class=java.util.HashMap$Node@500000c4)
	key		500021e3
	value		500021e1
OBJ 5000244e (sz=32, trace=300221, class=java.util.HashMap$Node@500000c4)
	key		50001e29
	value		50001e28
OBJ 5000244f (sz=32, trace=300221, class=java.util.HashMap$Node@500000c4)
	key		50002357
	value		50002356
	next		500025a4
OBJ 50002450 (sz=32, trace=300221, class=java.util.HashMap$Node@500000c4)
	key		50002734
	value		50002733
OBJ 50002451 (sz=32, trace=300221, class=java.util.HashMap$Node@500000c4)
	key		50001ff8
	value		50001ff7
OBJ 50002452 (sz=32, trace=300221, class=java.util.HashMap$Node@500000c4)
	key		500029da
	value		500029d9
	next		500025d5
OBJ 50002453 (sz=32, trace=300221, class=java.util.HashMap$Node@500000c4)
	key		5000294e
	value		5000294d
OBJ 50002454 (sz=32, trace=300221, class=java.util.HashMap$Node@500000c4)
	key		5000218b
	value		5000218a
	next		500024c7
OBJ 50002455 (sz=32, trace=300221, class=java.util.HashMap$Node@500000c4)
	key		50002a0a
	value		50002a09
	next		5000248a
OBJ 50002456 (sz=32, trace=300222, class=java.util.HashMap$Node@500000c4)
	key		50001b92
	value		50001b91
OBJ 50002457 (sz=32, trace=300221, class=java.util.HashMap$Node@500000c4)
	key		500027dc
	value		500027db
OBJ 50002458 (sz=32, trace=300221, class=java.util.HashMap$Node@500000c4)
	key		50001ed2
	value		50001ed0
OBJ 50002459 (sz=32, trace=300221, class=java.util.HashMap$Node@500000c4)
	key		500023a7
	value		500023a6
	next		5000252f
OBJ 5000245a (sz=32, trace=300221, class=java.util.HashMap$Node@500000c4)
	key		500028fe
	value		500028fd
OBJ 5000245b (sz=32, trace=300221, class=java.util.HashMap$Node@500000c4)
	key		50002782
	value		50002781
OBJ 5000245c (sz=32, trace=300222, class=java.util.HashMap$Node@500000c4)
	key		5000233f
	value		5000233e
OBJ 5000245d (sz=32, trace=300221, class=java.util.HashMap$Node@500000c4)
	key		500028a4
	value		500028a3
	next		500025be
OBJ 5000245e (sz=32, trace=300221, class=java.util.HashMap$Node@500000c4)
	key		500026c4
	value		500026c3
	next		50002516
OBJ 5000245f (sz=32, trace=300221, class=java.util.HashMap$Node@500000c4)
	key		50001e7b
	value		50001e7a
	next		500024d4
OBJ 50002460 (sz=32, trace=300221, class=java.util.HashMap$Node@500000c4)
	key		50002034
	value		50002033
OBJ 50002461 (sz=32, trace=300221, class=java.util.HashMap$Node@500000c4)
	key		50001b7f
	value		50001b7e
	next		50002502
OBJ 50002462 (sz=32, trace=300222, class=java.util.HashMap$Node@500000c4)
	key		5000223b
	value		5000223a
	next		500025e7
OBJ 50002463 (sz=32, trace=300221, class=java.util.HashMap$Node@500000c4)
	key		500021f3
	value		500021f2
	next		5000256c
OBJ 50002464 (sz=32, trace=300221, class=java.util.HashMap$Node@500000c4)
	key		50001f66
	value		50001f64
OBJ 50002465 (sz=32, trace=300221, class=java.util.HashMap$Node@500000c4)
	key		5000291c
	value		5000291b
OBJ 50002466 (sz=32, trace=300221, class=java.util.HashMap$Node@500000c4)
	key		50001d6c
	value		50001d6b
OBJ 50002467 (sz=32, trace=300221, class=java.util.HashMap$Node@500000c4)
	key		50001c66
	value		50001c65
	next		50002492
OBJ 50002468 (sz=32, trace=300221, class=java.util.HashMap$Node@500000c4)
	key		500029ec
	value		500029eb
OBJ 50002469 (sz=32, trace=300221, class=java.util.HashMap$Node@500000c4)
	key		5000290c
	value		5000290b
OBJ 5000246a (sz=32, trace=300222, class=java.util.HashMap$Node@500000c4)
	key		50002223
	value		50002222
OBJ 5000246b (sz=32, trace=300221, class=java.util.HashMap$Node@500000c4)
	key		5000227a
	value		50002279
	next		50002607
OBJ 5000246c (sz=32, trace=300221, class=java.util.HashMap$Node@500000c4)
	key		50002800
	value		500027ff
OBJ 5000246d (sz=32, trace=300221, class=java.util.HashMap$Node@500000c4)
	key		50002212
	value		50002211
	next		50002562
OBJ 5000246e (sz=32, trace=300221, class=java.util.HashMap$Node@500000c4)
	key		5000225d
	value		5000225c
OBJ 5000246f (sz=32, trace=300221, class=java.util.HashMap$Node@500000c4)
	key		50001d70
	value		50001d6f
	next		500025a3
OBJ 50002470 (sz=32, trace=300221, class=java.util.HashMap$Node@500000c4)
	key		50001d43
	value		50001d42
OBJ 50002471 (sz=32, trace=300221, class=java.util.HashMap$Node@500000c4)
	key		50002724
	value		50002723
OBJ 50002472 (sz=32, trace=300221, class=java.util.HashMap$Node@500000c4)
	key		50001ea2
	value		50001e9f
OBJ 50002473 (sz=32, trace=300221, class=java.util.HashMap$Node@500000c4)
	key		50002972
	value		50002971
OBJ 50002474 (sz=32, trace=300221, class=java.util.HashMap$Node@500000c4)
	key		50002878
	value		50002877
	next		500024b9
OBJ 50002475 (sz=32, trace=300221, class=java.util.HashMap$Node@500000c4)
	key		5000215a
	value		50002159
OBJ 50002476 (sz=32, trace=300221, class=java.util.HashMap$Node@500000c4)
	key		500026b8
	value		500026b7
OBJ 50002477 (sz=32, trace=300221, class=java.util.HashMap$Node@500000c4)
	key		5000295a
	value		50002959
OBJ 50002478 (sz=32, trace=300221, class=java.util.HashMap$Node@500000c4)
	key		50002284
	value		50002283
OBJ 50002479 (sz=32, trace=300221, class=java.util.HashMap$Node@500000c4)
	key		5000229d
	value		5000229c
	next		50002615
OBJ 5000247a (sz=32, trace=300221, class=java.util.HashMap$Node@500000c4)
	key		50002966
	value		50002965
	next		50002560
OBJ 5000247b (sz=32, trace=300221, class=java.util.HashMap$Node@500000c4)
	key		50002708
	value		50002707
OBJ 5000247c (sz=32, trace=300221, class=java.util.HashMap$Node@500000c4)
	key		5000285c
	value		5000285b
OBJ 5000247d (sz=32, trace=300221, class=java.util.HashMap$Node@500000c4)
	key		5000275c
	value		5000275b
OBJ 5000247e (sz=32, trace=300221, class=java.util.HashMap$Node@500000c4)
	key		50002373
	value		50002372
	next		50002506
OBJ 5000247f (sz=32, trace=300222, class=java.util.HashMap$Node@500000c4)
	key		5000271c
	value		5000271b
OBJ 50002480 (sz=32, trace=300221, class=java.util.HashMap$Node@500000c4)
	key		50002a12
	value		50002a11
OBJ 50002481 (sz=32, trace=300222, class=java.util.HashMap$Node@500000c4)
	key		50001fbc
	value		50001fb5
OBJ 50002482 (sz=32, trace=300221, class=java.util.HashMap$Node@500000c4)
	key		5000270c
	value		5000270b
OBJ 50002483 (sz=32, trace=300221, class=java.util.HashMap$Node@500000c4)
	key		50001c52
	value		50001c51
OBJ 50002484 (sz=32, trace=300221, class=java.util.HashMap$Node@500000c4)
	key		500021d7
	value		500021d6
	next		500025eb
OBJ 50002485 (sz=32, trace=300222, class=java.util.HashMap$Node@500000c4)
	key		50001c25
	value		50001c24
	next		500024f0
OBJ 50002486 (sz=32, trace=300221, class=java.util.HashMap$Node@500000c4)
	key		5000217c
	value		5000217b
OBJ 50002487 (sz=32, trace=300221, class=java.util.HashMap$Node@500000c4)
	key		50002295
	value		50002294
	next		500025e2
OBJ 50002488 (sz=32, trace=300221, class=java.util.HashMap$Node@500000c4)
	key		50002898
	value		50002897
OBJ 50002489 (sz=32, trace=300221, class=java.util.HashMap$Node@500000c4)
	key		50002976
	value		50002975
	next		500024b4
OBJ 5000248a (sz=32, trace=300222, class=java.util.HashMap$Node@500000c4)
	key		50002a0e
	value		50002a0d
OBJ 5000248b (sz=32, trace=300221, class=java.util.HashMap$Node@500000c4)
	key		5000278e
	value		5000278d
OBJ 5000248c (sz=32, trace=300221, class=java.util.HashMap$Node@500000c4)
	key		5000269e
	value		5000269d
OBJ 5000248d (sz=32, trace=300221, class=java.util.HashMap$Node@500000c4)
	key		500028f6
	value		500028f5
OBJ 5000248e (sz=32, trace=300221, class=java.util.HashMap$Node@500000c4)
	key		50002786
	value		50002785
	next		500024c2
OBJ 5000248f (sz=32, trace=300222, class=java.util.HashMap$Node@500000c4)
	key		50002934
	value		50002933
OBJ 50002490 (sz=32, trace=300221, class=java.util.HashMap$Node@500000c4)
	key		50001cda
	value		50001cd7
OBJ 50002491 (sz=32, trace=300221, class=java.util.HashMap$Node@500000c4)
	key		50001bbe
	value		50001bbd
OBJ 50002492 (sz=32, trace=300222, class=java.util.HashMap$Node@500000c4)
	key		50001c6a
	value		50001c69
	next		500024d0
OBJ 50002493 (sz=32, trace=300221, class=java.util.HashMap$Node@500000c4)
	key		5000222b
	value		5000222a
OBJ 50002494 (sz=32, trace=300221, class=java.util.HashMap$Node@500000c4)
	key		50001d37
	value		50001d36
	next		50002613
OBJ 50002495 (sz=32, trace=300221, class=java.util.HashMap$Node@500000c4)
	key		50002256
	value		50002215
OBJ 50002496 (sz=32, trace=300222, class=java.util.HashMap$Node@500000c4)
	key		50001fc7
	value		50001d9d
OBJ 50002497 (sz=32, trace=300221, class=java.util.HashMap$Node@500000c4)
	key		50001e8c
	value		50001e8b
OBJ 50002498 (sz=32, trace=300221, class=java.util.HashMap$Node@500000c4)
	key		500029b2
	value		500029b1
OBJ 50002499 (sz=32, trace=300221, class=java.util.HashMap$Node@500000c4)
	key		5000281e
	value		5000281d
OBJ 5000249a (sz=32, trace=300221, class=java.util.HashMap$Node@500000c4)
	key		500028d6
	value		500028d5
	next		5000257d
OBJ 5000249b (sz=32, trace=300221, class=java.util.HashMap$Node@500000c4)
	key		5000216c
	value		5000216b
OBJ 5000249c (sz=32, trace=300221, class=java.util.HashMap$Node@500000c4)
	key		500022b9
	value		500022b8
	next		5000257a
OBJ 5000249d (sz=32, trace=300222, class=java.util.HashMap$Node@500000c4)
	key		50002174
	value		50002173
	next		50002500
OBJ 5000249e (sz=32, trace=300221, class=java.util.HashMap$Node@500000c4)
	key		500020f8
	value		500020f7
OBJ 5000249f (sz=32, trace=300221, class=java.util.HashMap$Node@500000c4)
	key		5000280e
	value		5000280d
	next		500024d5
OBJ 500024a0 (sz=32, trace=300221, class=java.util.HashMap$Node@500000c4)
	key		500029c2
	value		500029c1
	next		500024e2
OBJ 500024a1 (sz=32, trace=300221, class=java.util.HashMap$Node@500000c4)
	key		50002710
	value		5000270f
OBJ 500024a2 (sz=32, trace=300221, class=java.util.HashMap$Node@500000c4)
	key		50002187
	value		50002186
OBJ 500024a3 (sz=32, trace=300221, class=java.util.HashMap$Node@500000c4)
	key		500029a0
	value		5000299f
	next		50002556
OBJ 500024a4 (sz=32, trace=300221, class=java.util.HashMap$Node@500000c4)
	key		50002720
	value		5000271f
OBJ 500024a5 (sz=32, trace=300221, class=java.util.HashMap$Node@500000c4)
	key		500026f4
	value		500026f3
	next		50002549
OBJ 500024a6 (sz=32, trace=300221, class=java.util.HashMap$Node@500000c4)
	key		50001bd2
	value		50001bd1
OBJ 500024a7 (sz=32, trace=300221, class=java.util.HashMap$Node@500000c4)
	key		5000281a
	value		50002819
OBJ 500024a8 (sz=32, trace=300222, class=java.util.HashMap$Node@500000c4)
	key		50002110
	value		5000210f
OBJ 500024a9 (sz=32, trace=300221, class=java.util.HashMap$Node@500000c4)
	key		50002774
	value		50002773
	next		50002566
OBJ 500024aa (sz=32, trace=300221, class=java.util.HashMap$Node@500000c4)
	key		50001e37
	value		50001e36
OBJ 500024ab (sz=32, trace=300221, class=java.util.HashMap$Node@500000c4)
	key		50001ba4
	value		50001ba3
	next		500024cf
OBJ 500024ac (sz=32, trace=300221, class=java.util.HashMap$Node@500000c4)
	key		50001cb3
	value		50001cb2
	next		500024b6
OBJ 500024ad (sz=32, trace=300221, class=java.util.HashMap$Node@500000c4)
	key		50002937
	value		50001d18
OBJ 500024ae (sz=32, trace=300221, class=java.util.HashMap$Node@500000c4)
	key		50002139
	value		50002138
OBJ 500024af (sz=32, trace=300221, class=java.util.HashMap$Node@500000c4)
	key		5000298e
	value		5000298d
	next		500024e3
OBJ 500024b0 (sz=32, trace=300222, class=java.util.HashMap$Node@500000c4)
	key		50001c96
	value		50001c95
	next		500025b3
OBJ 500024b1 (sz=32, trace=300221, class=java.util.HashMap$Node@500000c4)
	key		50001ba0
	value		50001b9f
OBJ 500024b2 (sz=32, trace=300221, class=java.util.HashMap$Node@500000c4)
	key		5000237f
	value		5000237e
	next		500025f0
OBJ 500024b3 (sz=32, trace=300222, class=java.util.HashMap$Node@500000c4)
	key		5000219d
	value		5000219c
	next		5000255f
OBJ 500024b4 (sz=32, trace=300222, class=java.util.HashMap$Node@500000c4)
	key		5000297a
	value		50002979
OBJ 500024b5 (sz=32, trace=300221, class=java.util.HashMap$Node@500000c4)
	key		500022db
	value		500022da
OBJ 500024b6 (sz=32, trace=300222, class=java.util.HashMap$Node@500000c4)
	key		50001cb7
	value		50001cb6
	next		50002543
OBJ 500024b7 (sz=32, trace=300221, class=java.util.HashMap$Node@500000c4)
	key		500022ad
	value		500022ac
	next		500024f4
OBJ 500024b8 (sz=32, trace=300221, class=java.util.HashMap$Node@500000c4)
	key		500022ff
	value		500022fe
	next		500025ba
OBJ 500024b9 (sz=32, trace=300222, class=java.util.HashMap$Node@500000c4)
	key		5000287c
	value		5000287b
OBJ 500024ba (sz=32, trace=300221, class=java.util.HashMap$Node@500000c4)
	key		50002730
	value		5000272f
OBJ 500024bb (sz=32, trace=300221, class=java.util.HashMap$Node@500000c4)
	key		5000238b
	value		5000238a
OBJ 500024bc (sz=32, trace=300222, class=java.util.HashMap$Node@500000c4)
	key		50001d0d
	value		50001d0c
	next		5000260b
OBJ 500024bd (sz=32, trace=300221, class=java.util.HashMap$Node@500000c4)
	key		500026a1
	value		50002130
OBJ 500024be (sz=32, trace=300221, class=java.util.HashMap$Node@500000c4)
	key		5000235f
	value		5000235e
OBJ 500024bf (sz=32, trace=300221, class=java.util.HashMap$Node@500000c4)
	key		50001ced
	value		50001cec
OBJ 500024c0 (sz=32, trace=300221, class=java.util.HashMap$Node@500000c4)
	key		50001d63
	value		50001d62
OBJ 500024c1 (sz=32, trace=300222, class=java.util.HashMap$Node@500000c4)
	key		5000231f
	value		5000231e
	next		500024d2
OBJ 500024c2 (sz=32, trace=300222, class=java.util.HashMap$Node@500000c4)
	key		5000278a
	value		50002789
OBJ 500024c3 (sz=32, trace=300221, class=java.util.HashMap$Node@500000c4)
	key		50002353
	value		50002352
OBJ 500024c4 (sz=32, trace=300221, class=java.util.HashMap$Node@500000c4)
	key		50002850
	value		5000284f
	next		500025b7
OBJ 500024c5 (sz=32, trace=300221, class=java.util.HashMap$Node@500000c4)
	key		5000288c
	value		5000288b
	next		500025a7
OBJ 500024c6 (sz=32, trace=300221, class=java.util.HashMap$Node@500000c4)
	key		5000238f
	value		5000238e
	next		50002554
OBJ 500024c7 (sz=32, trace=300222, class=java.util.HashMap$Node@500000c4)
	key		50002193
	value		50002191
OBJ 500024c8 (sz=32, trace=300221, class=java.util.HashMap$Node@500000c4)
	key		500027cc
	value		500027cb
OBJ 500024c9 (sz=32, trace=300221, class=java.util.HashMap$Node@500000c4)
	key		50001dee
	value		50001ded
OBJ 500024ca (sz=32, trace=300221, class=java.util.HashMap$Node@500000c4)
	key		50002259
	value		50002258
OBJ 500024cb (sz=32, trace=300221, class=java.util.HashMap$Node@500000c4)
	key		50002162
	value		50002161
OBJ 500024cc (sz=32, trace=300221, class=java.util.HashMap$Node@500000c4)
	key		5000292c
	value		5000292b
OBJ 500024cd (sz=32, trace=300221, class=java.util.HashMap$Node@500000c4)
	key		500029f6
	value		500029f5
OBJ 500024ce (sz=32, trace=300221, class=java.util.HashMap$Node@500000c4)
	key		500027c2
	value		500027c1
OBJ 500024cf (sz=32, trace=300222, class=java.util.HashMap$Node@500000c4)
	key		50001ba8
	value		50001ba7
OBJ 500024d0 (sz=32, trace=300222, class=java.util.HashMap$Node@500000c4)
	key		50001c6e
	value		50001c6d
	next		50002574
OBJ 500024d1 (sz=32, trace=300221, class=java.util.HashMap$Node@500000c4)
	key		50002770
	value		5000276f
OBJ 500024d2 (sz=32, trace=300222, class=java.util.HashMap$Node@500000c4)
	key		50002323
	value		50002322
	next		500025ff
OBJ 500024d3 (sz=32, trace=300221, class=java.util.HashMap$Node@500000c4)
	key		500027d8
	value		500027d7
OBJ 500024d4 (sz=32, trace=300222, class=java.util.HashMap$Node@500000c4)
	key		50001e82
	value		50001e81
	next		5000250d
OBJ 500024d5 (sz=32, trace=300222, class=java.util.HashMap$Node@500000c4)
	key		50002812
	value		50002811
OBJ 500024d6 (sz=32, trace=300222, class=java.util.HashMap$Node@500000c4)
	key		500022d1
	value		500022d0
OBJ 500024d7 (sz=32, trace=300221, class=java.util.HashMap$Node@500000c4)
	key		50001dc1
	value		50001dc0
OBJ 500024d8 (sz=32, trace=300221, class=java.util.HashMap$Node@500000c4)
	key		50001c7d
	value		50001c7c
OBJ 500024d9 (sz=32, trace=300221, class=java.util.HashMap$Node@500000c4)
	key		500029e8
	value		500029e7
OBJ 500024da (sz=32, trace=300221, class=java.util.HashMap$Node@500000c4)
	key		500020e7
	value		500020e5
OBJ 500024db (sz=32, trace=300221, class=java.util.HashMap$Node@500000c4)
	key		500022df
	value		500022de
OBJ 500024dc (sz=32, trace=300221, class=java.util.HashMap$Node@500000c4)
	key		500022a9
	value		500022a8
OBJ 500024dd (sz=32, trace=300221, class=java.util.HashMap$Node@500000c4)
	key		50002042
	value		50002041
OBJ 500024de (sz=32, trace=300221, class=java.util.HashMap$Node@500000c4)
	key		50001ccd
	value		50001ccc
OBJ 500024df (sz=32, trace=300221, class=java.util.HashMap$Node@500000c4)
	key		50001d5f
	value		50001d5e
OBJ 500024e0 (sz=32, trace=300222, class=java.util.HashMap$Node@500000c4)
	key		50002740
	value		5000273f
OBJ 500024e1 (sz=32, trace=300221, class=java.util.HashMap$Node@500000c4)
	key		50001bce
	value		50001bcd
OBJ 500024e2 (sz=32, trace=300222, class=java.util.HashMap$Node@500000c4)
	key		500029c6
	value		500029c5
OBJ 500024e3 (sz=32, trace=300222, class=java.util.HashMap$Node@500000c4)
	key		50002992
	value		50002991
OBJ 500024e4 (sz=32, trace=300221, class=java.util.HashMap$Node@500000c4)
	key		50002982
	value		50002981
OBJ 500024e5 (sz=32, trace=300221, class=java.util.HashMap$Node@500000c4)
	key		50002748
	value		50002747
	next		500024ef
OBJ 500024e6 (sz=32, trace=300221, class=java.util.HashMap$Node@500000c4)
	key		50001dae
	value		50001dad
OBJ 500024e7 (sz=32, trace=300221, class=java.util.HashMap$Node@500000c4)
	key		50001dfb
	value		50001dfa
OBJ 500024e8 (sz=32, trace=300221, class=java.util.HashMap$Node@500000c4)
	key		50002874
	value		50002873
OBJ 500024e9 (sz=32, trace=300221, class=java.util.HashMap$Node@500000c4)
	key		50001c5e
	value		50001c5d
OBJ 500024ea (sz=32, trace=300221, class=java.util.HashMap$Node@500000c4)
	key		500029d0
	value		500029cf
OBJ 500024eb (sz=32, trace=300221, class=java.util.HashMap$Node@500000c4)
	key		5000282e
	value		5000282d
	next		50002551
OBJ 500024ec (sz=32, trace=300221, class=java.util.HashMap$Node@500000c4)
	key		50002808
	value		50002807
	next		50002569
OBJ 500024ed (sz=32, trace=300221, class=java.util.HashMap$Node@500000c4)
	key		50001d68
	value		50001d66
OBJ 500024ee (sz=32, trace=300221, class=java.util.HashMap$Node@500000c4)
	key		50001d92
	value		50001d91
OBJ 500024ef (sz=32, trace=300222, class=java.util.HashMap$Node@500000c4)
	key		5000274c
	value		5000274b
OBJ 500024f0 (sz=32, trace=300222, class=java.util.HashMap$Node@500000c4)
	key		50001c2b
	value		50001c2a
OBJ 500024f1 (sz=32, trace=300221, class=java.util.HashMap$Node@500000c4)
	key		50001d80
	value		50001d7d
	next		5000254e
OBJ 500024f2 (sz=32, trace=300222, class=java.util.HashMap$Node@500000c4)
	key		500027f4
	value		500027f3
	next		5000257f
OBJ 500024f3 (sz=32, trace=300221, class=java.util.HashMap$Node@500000c4)
	key		50001c05
	value		50001c04
OBJ 500024f4 (sz=32, trace=300222, class=java.util.HashMap$Node@500000c4)
	key		500022b1
	value		500022b0
OBJ 500024f5 (sz=32, trace=300221, class=java.util.HashMap$Node@500000c4)
	key		500026ec
	value		500026eb
OBJ 500024f6 (sz=32, trace=300221, class=java.util.HashMap$Node@500000c4)
	key		50002135
	value		50002134
OBJ 500024f7 (sz=32, trace=300221, class=java.util.HashMap$Node@500000c4)
	key		5000224f
	value		5000224e
OBJ 500024f8 (sz=32, trace=300221, class=java.util.HashMap$Node@500000c4)
	key		500028d2
	value		500028d1
OBJ 500024f9 (sz=32, trace=300221, class=java.util.HashMap$Node@500000c4)
	key		5000230f
	value		5000230e
	next		500024fe
OBJ 500024fa (sz=32, trace=300221, class=java.util.HashMap$Node@500000c4)
	key		5000289c
	value		5000289b
OBJ 500024fb (sz=32, trace=300221, class=java.util.HashMap$Node@500000c4)
	key		50002a22
	value		50002a21
OBJ 500024fc (sz=32, trace=300221, class=java.util.HashMap$Node@500000c4)
	key		50002860
	value		5000285f
OBJ 500024fd (sz=32, trace=300221, class=java.util.HashMap$Node@500000c4)
	key		500020ba
	value		500020b9
OBJ 500024fe (sz=32, trace=300222, class=java.util.HashMap$Node@500000c4)
	key		50002313
	value		50002312
OBJ 500024ff (sz=32, trace=300221, class=java.util.HashMap$Node@500000c4)
	key		50001bac
	value		50001bab
	next		500025f2
OBJ 50002500 (sz=32, trace=300222, class=java.util.HashMap$Node@500000c4)
	key		50002178
	value		50002177
OBJ 50002501 (sz=32, trace=300221, class=java.util.HashMap$Node@500000c4)
	key		5000283e
	value		5000283d
OBJ 50002502 (sz=32, trace=300222, class=java.util.HashMap$Node@500000c4)
	key		50001b85
	value		50001b84
OBJ 50002503 (sz=32, trace=300221, class=java.util.HashMap$Node@500000c4)
	key		5000279e
	value		5000279d
OBJ 50002504 (sz=32, trace=300221, class=java.util.HashMap$Node@500000c4)
	key		5000269a
	value		50002699
OBJ 50002505 (sz=32, trace=300221, class=java.util.HashMap$Node@500000c4)
	key		50002804
	value		50002803
OBJ 50002506 (sz=32, trace=300222, class=java.util.HashMap$Node@500000c4)
	key		50002377
	value		50002376
	next		500025e5
OBJ 50002507 (sz=32, trace=300221, class=java.util.HashMap$Node@500000c4)
	key		500028ea
	value		500028e9
OBJ 50002508 (sz=32, trace=300221, class=java.util.HashMap$Node@500000c4)
	key		50001ed9
	value		50001ed8
	next		50002590
OBJ 50002509 (sz=32, trace=300221, class=java.util.HashMap$Node@500000c4)
	key		50001bb6
	value		50001bb5
OBJ 5000250a (sz=32, trace=300221, class=java.util.HashMap$Node@500000c4)
	key		50001dea
	value		50001de9
OBJ 5000250b (sz=32, trace=300221, class=java.util.HashMap$Node@500000c4)
	key		50001fca
	value		50001d95
OBJ 5000250c (sz=32, trace=300221, class=java.util.HashMap$Node@500000c4)
	key		50001df2
	value		50001df1
	next		5000251c
OBJ 5000250d (sz=32, trace=300222, class=java.util.HashMap$Node@500000c4)
	key		50001e88
	value		50001e87
OBJ 5000250e (sz=32, trace=300221, class=java.util.HashMap$Node@500000c4)
	key		500029ef
	value		500028c5
OBJ 5000250f (sz=32, trace=300221, class=java.util.HashMap$Node@500000c4)
	key		500029d7
	value		500029a7
OBJ 50002510 (sz=32, trace=300221, class=java.util.HashMap$Node@500000c4)
	key		50001c09
	value		50001c08
	next		5000259a
OBJ 50002511 (sz=32, trace=300222, class=java.util.HashMap$Node@500000c4)
	key		5000276c
	value		5000276b
OBJ 50002512 (sz=32, trace=300221, class=java.util.HashMap$Node@500000c4)
	key		5000212d
	value		5000212c
	next		5000256a
OBJ 50002513 (sz=32, trace=300221, class=java.util.HashMap$Node@500000c4)
	key		500026a8
	value		500026a7
OBJ 50002514 (sz=32, trace=300221, class=java.util.HashMap$Node@500000c4)
	key		500029e2
	value		500029e1
OBJ 50002515 (sz=32, trace=300221, class=java.util.HashMap$Node@500000c4)
	key		50002125
	value		50002124
OBJ 50002516 (sz=32, trace=300222, class=java.util.HashMap$Node@500000c4)
	key		500026c8
	value		500026c7
OBJ 50002517 (sz=32, trace=300221, class=java.util.HashMap$Node@500000c4)
	key		50002209
	value		50002205
OBJ 50002518 (sz=32, trace=300222, class=java.util.HashMap$Node@500000c4)
	key		500027aa
	value		500027a9
OBJ 50002519 (sz=32, trace=300221, class=java.util.HashMap$Node@500000c4)
	key		500028a0
	value		5000289f
OBJ 5000251a (sz=32, trace=300221, class=java.util.HashMap$Node@500000c4)
	key		500026d8
	value		500026d7
	next		50002525
OBJ 5000251b (sz=32, trace=300221, class=java.util.HashMap$Node@500000c4)
	key		50002946
	value		50002945
	next		50002537
OBJ 5000251c (sz=32, trace=300222, class=java.util.HashMap$Node@500000c4)
	key		50001df7
	value		50001df5
OBJ 5000251d (sz=32, trace=300221, class=java.util.HashMap$Node@500000c4)
	key		50002918
	value		50002917
OBJ 5000251e (sz=32, trace=300221, class=java.util.HashMap$Node@500000c4)
	key		50001dff
	value		50001dfe
	next		50002616
OBJ 5000251f (sz=32, trace=300221, class=java.util.HashMap$Node@500000c4)
	key		50002870
	value		5000286f
OBJ 50002520 (sz=32, trace=300221, class=java.util.HashMap$Node@500000c4)
	key		50001bdc
	value		50001bdb
OBJ 50002521 (sz=32, trace=300221, class=java.util.HashMap$Node@500000c4)
	key		50002696
	value		50002695
OBJ 50002522 (sz=32, trace=300221, class=java.util.HashMap$Node@500000c4)
	key		500028be
	value		500028bd
	next		5000252d
OBJ 50002523 (sz=32, trace=300221, class=java.util.HashMap$Node@500000c4)
	key		500026e8
	value		500026e7
OBJ 50002524 (sz=32, trace=300221, class=java.util.HashMap$Node@500000c4)
	key		5000203a
	value		50002039
OBJ 50002525 (sz=32, trace=300222, class=java.util.HashMap$Node@500000c4)
	key		500026dc
	value		500026db
OBJ 50002526 (sz=32, trace=300221, class=java.util.HashMap$Node@500000c4)
	key		50001cc5
	value		50001cc4
OBJ 50002527 (sz=32, trace=300221, class=java.util.HashMap$Node@500000c4)
	key		50002004
	value		50002003
OBJ 50002528 (sz=32, trace=300221, class=java.util.HashMap$Node@500000c4)
	key		500029b6
	value		500029b5
OBJ 50002529 (sz=32, trace=300221, class=java.util.HashMap$Node@500000c4)
	key		50002121
	value		50002120
OBJ 5000252a (sz=32, trace=300221, class=java.util.HashMap$Node@500000c4)
	key		50002962
	value		50002961
OBJ 5000252b (sz=32, trace=300221, class=java.util.HashMap$Node@500000c4)
	key		5000282a
	value		50002829
OBJ 5000252c (sz=32, trace=300221, class=java.util.HashMap$Node@500000c4)
	key		500029f2
	value		500029f1
OBJ 5000252d (sz=32, trace=300222, class=java.util.HashMap$Node@500000c4)
	key		500028c2
	value		500028c1
OBJ 5000252e (sz=32, trace=300221, class=java.util.HashMap$Node@500000c4)
	key		500021d1
	value		500021d0
OBJ 5000252f (sz=32, trace=300222, class=java.util.HashMap$Node@500000c4)
	key		500023ab
	value		500023aa
OBJ 50002530 (sz=32, trace=300221, class=java.util.HashMap$Node@500000c4)
	key		500022fb
	value		500022fa
OBJ 50002531 (sz=32, trace=300221, class=java.util.HashMap$Node@500000c4)
	key		500021c0
	value		500021bf
OBJ 50002532 (sz=32, trace=300221, class=java.util.HashMap$Node@500000c4)
	key		50002202
	value		50002201
OBJ 50002533 (sz=32, trace=300221, class=java.util.HashMap$Node@500000c4)
	key		50002888
	value		50002887
OBJ 50002534 (sz=32, trace=300221, class=java.util.HashMap$Node@500000c4)
	key		50002754
	value		50002753
OBJ 50002535 (sz=32, trace=300221, class=java.util.HashMap$Node@500000c4)
	key		5000286c
	value		5000286b
OBJ 50002536 (sz=32, trace=300222, class=java.util.HashMap$Node@500000c4)
	key		50002019
	value		50002018
	next		5000257c
OBJ 50002537 (sz=32, trace=300222, class=java.util.HashMap$Node@500000c4)
	key		5000294a
	value		50002949
OBJ 50002538 (sz=32, trace=300221, class=java.util.HashMap$Node@500000c4)
	key		500020ad
	value		500020ac
	next		5000257e
OBJ 50002539 (sz=32, trace=300221, class=java.util.HashMap$Node@500000c4)
	key		5000230b
	value		5000230a
OBJ 5000253a (sz=32, trace=300221, class=java.util.HashMap$Node@500000c4)
	key		50002920
	value		5000291f
OBJ 5000253b (sz=32, trace=300221, class=java.util.HashMap$Node@500000c4)
	key		500028ca
	value		500028c9
OBJ 5000253c (sz=32, trace=300222, class=java.util.HashMap$Node@500000c4)
	key		50002a06
	value		50002a05
OBJ 5000253d (sz=32, trace=300221, class=java.util.HashMap$Node@500000c4)
	key		50002792
	value		50002791
OBJ 5000253e (sz=32, trace=300221, class=java.util.HashMap$Node@500000c4)
	key		50001dde
	value		50001dd6
OBJ 5000253f (sz=32, trace=300221, class=java.util.HashMap$Node@500000c4)
	key		50002a1e
	value		50002a1d
OBJ 50002540 (sz=32, trace=300221, class=java.util.HashMap$Node@500000c4)
	key		500022a5
	value		500022a4
OBJ 50002541 (sz=32, trace=300221, class=java.util.HashMap$Node@500000c4)
	key		50002317
	value		50002316
OBJ 50002542 (sz=32, trace=300221, class=java.util.HashMap$Node@500000c4)
	key		5000207b
	value		50001e7a
OBJ 50002543 (sz=32, trace=300222, class=java.util.HashMap$Node@500000c4)
	key		50001cbb
	value		50001cba
OBJ 50002544 (sz=32, trace=300221, class=java.util.HashMap$Node@500000c4)
	key		500020ff
	value		500020fb
OBJ 50002545 (sz=32, trace=300221, class=java.util.HashMap$Node@500000c4)
	key		50002165
	value		5000206b
	next		500025f3
OBJ 50002546 (sz=32, trace=300222, class=java.util.HashMap$Node@500000c4)
	key		50001e6f
	value		50001e6d
OBJ 50002547 (sz=32, trace=300221, class=java.util.HashMap$Node@500000c4)
	key		50002104
	value		50002103
OBJ 50002548 (sz=32, trace=300221, class=java.util.HashMap$Node@500000c4)
	key		500027ec
	value		500027eb
OBJ 50002549 (sz=32, trace=300222, class=java.util.HashMap$Node@500000c4)
	key		500026f8
	value		500026f7
	next		50002594
OBJ 5000254a (sz=32, trace=300221, class=java.util.HashMap$Node@500000c4)
	key		500026d4
	value		500026d3
OBJ 5000254b (sz=32, trace=300221, class=java.util.HashMap$Node@500000c4)
	key		500022c3
	value		500022c2
	next		500025cc
OBJ 5000254c (sz=32, trace=300221, class=java.util.HashMap$Node@500000c4)
	key		500022b5
	value		500022b4
OBJ 5000254d (sz=32, trace=300221, class=java.util.HashMap$Node@500000c4)
	key		500022d7
	value		500022d6
OBJ 5000254e (sz=32, trace=300222, class=java.util.HashMap$Node@500000c4)
	key		50001d84
	value		50001d83
OBJ 5000254f (sz=32, trace=300222, class=java.util.HashMap$Node@500000c4)
	key		50001d53
	value		50001d52
OBJ 50002550 (sz=32, trace=300222, class=java.util.HashMap$Node@500000c4)
	key		50001d34
	value		50000d56
OBJ 50002551 (sz=32, trace=300222, class=java.util.HashMap$Node@500000c4)
	key		50002832
	value		50002831
	next		50002600
OBJ 50002552 (sz=32, trace=300222, class=java.util.HashMap$Node@500000c4)
	key		500028b4
	value		500028b3
	next		500025bd
OBJ 50002553 (sz=32, trace=300221, class=java.util.HashMap$Node@500000c4)
	key		50001e5b
	value		50001b76
OBJ 50002554 (sz=32, trace=300222, class=java.util.HashMap$Node@500000c4)
	key		50002393
	value		50002392
OBJ 50002555 (sz=32, trace=300221, class=java.util.HashMap$Node@500000c4)
	key		50001cf9
	value		50001cf8
OBJ 50002556 (sz=32, trace=300222, class=java.util.HashMap$Node@500000c4)
	key		500029a4
	value		500029a3
OBJ 50002557 (sz=32, trace=300222, class=java.util.HashMap$Node@500000c4)
	key		50002928
	value		50002927
OBJ 50002558 (sz=32, trace=300221, class=java.util.HashMap$Node@500000c4)
	key		50001efa
	value		50001ef3
OBJ 50002559 (sz=32, trace=300221, class=java.util.HashMap$Node@500000c4)
	key		500027e8
	value		500027e7
OBJ 5000255a (sz=32, trace=300221, class=java.util.HashMap$Node@500000c4)
	key		50002942
	value		50002941
OBJ 5000255b (sz=32, trace=300222, class=java.util.HashMap$Node@500000c4)
	key		50002030
	value		5000202f
OBJ 5000255c (sz=32, trace=300221, class=java.util.HashMap$Node@500000c4)
	key		50002108
	value		50002107
OBJ 5000255d (sz=32, trace=300221, class=java.util.HashMap$Node@500000c4)
	key		50002905
	value		5000222a
OBJ 5000255e (sz=32, trace=300222, class=java.util.HashMap$Node@500000c4)
	key		50002367
	value		50002366
OBJ 5000255f (sz=32, trace=300222, class=java.util.HashMap$Node@500000c4)
	key		500021a1
	value		500021a0
OBJ 50002560 (sz=32, trace=300222, class=java.util.HashMap$Node@500000c4)
	key		5000296a
	value		50002969
OBJ 50002561 (sz=32, trace=300221, class=java.util.HashMap$Node@500000c4)
	key		5000295e
	value		5000295d
OBJ 50002562 (sz=32, trace=300222, class=java.util.HashMap$Node@500000c4)
	key		50002216
	value		50002215
OBJ 50002563 (sz=32, trace=300221, class=java.util.HashMap$Node@500000c4)
	key		50001d9e
	value		50001d9d
OBJ 50002564 (sz=32, trace=300221, class=java.util.HashMap$Node@500000c4)
	key		500020be
	value		500020bd
OBJ 50002565 (sz=32, trace=300221, class=java.util.HashMap$Node@500000c4)
	key		500021b0
	value		500021af
OBJ 50002566 (sz=32, trace=300222, class=java.util.HashMap$Node@500000c4)
	key		50002778
	value		50002777
OBJ 50002567 (sz=32, trace=300221, class=java.util.HashMap$Node@500000c4)
	key		50002a25
	value		50002819
OBJ 50002568 (sz=32, trace=300221, class=java.util.HashMap$Node@500000c4)
	key		50002816
	value		50002815
OBJ 50002569 (sz=32, trace=300222, class=java.util.HashMap$Node@500000c4)
	key		5000280b
	value		500022fe
OBJ 5000256a (sz=32, trace=300222, class=java.util.HashMap$Node@500000c4)
	key		50002131
	value		50002130
OBJ 5000256b (sz=32, trace=300221, class=java.util.HashMap$Node@500000c4)
	key		50001d88
	value		50001d87
OBJ 5000256c (sz=32, trace=300222, class=java.util.HashMap$Node@500000c4)
	key		500021f8
	value		500021f6
OBJ 5000256d (sz=32, trace=300221, class=java.util.HashMap$Node@500000c4)
	key		500020c5
	value		500020c4
OBJ 5000256e (sz=32, trace=300221, class=java.util.HashMap$Node@500000c4)
	key		50001db7
	value		50001db6
OBJ 5000256f (sz=32, trace=300221, class=java.util.HashMap$Node@500000c4)
	key		5000208d
	value		5000208c
	next		5000259c
OBJ 50002570 (sz=32, trace=300221, class=java.util.HashMap$Node@500000c4)
	key		500026a4
	value		500026a3
OBJ 50002571 (sz=32, trace=300221, class=java.util.HashMap$Node@500000c4)
	key		500022f3
	value		500022f2
	next		500025b4
OBJ 50002572 (sz=32, trace=300221, class=java.util.HashMap$Node@500000c4)
	key		50001c5a
	value		50001c59
OBJ 50002573 (sz=32, trace=300222, class=java.util.HashMap$Node@500000c4)
	key		50002a1a
	value		50002a19
OBJ 50002574 (sz=32, trace=300222, class=java.util.HashMap$Node@500000c4)
	key		50001c72
	value		50001c71
	next		50002597
OBJ 50002575 (sz=32, trace=300221, class=java.util.HashMap$Node@500000c4)
	key		50001c4e
	value		50001c4d
OBJ 50002576 (sz=32, trace=300222, class=java.util.HashMap$Node@500000c4)
	key		5000272c
	value		5000272b
OBJ 50002577 (sz=32, trace=300221, class=java.util.HashMap$Node@500000c4)
	key		50002070
	value		5000206f
OBJ 50002578 (sz=32, trace=300221, class=java.util.HashMap$Node@500000c4)
	key		50002343
	value		50002342
	next		5000260e
OBJ 50002579 (sz=32, trace=300221, class=java.util.HashMap$Node@500000c4)
	key		50002046
	value		50002045
OBJ 5000257a (sz=32, trace=300222, class=java.util.HashMap$Node@500000c4)
	key		500022bd
	value		500022bc
OBJ 5000257b (sz=32, trace=300221, class=java.util.HashMap$Node@500000c4)
	key		500021cc
	value		500021cb
OBJ 5000257c (sz=32, trace=300222, class=java.util.HashMap$Node@500000c4)
	key		50002021
	value		5000201c
OBJ 5000257d (sz=32, trace=300222, class=java.util.HashMap$Node@500000c4)
	key		500028da
	value		500028d9
	next		500025ca
OBJ 5000257e (sz=32, trace=300222, class=java.util.HashMap$Node@500000c4)
	key		500020b1
	value		500020b0
OBJ 5000257f (sz=32, trace=300222, class=java.util.HashMap$Node@500000c4)
	key		500027f8
	value		500027f7
	next		500025bf
OBJ 50002580 (sz=32, trace=300222, class=java.util.HashMap$Node@500000c4)
	key		5000206c
	value		5000206b
OBJ 50002581 (sz=32, trace=300221, class=java.util.HashMap$Node@500000c4)
	key		5000293e
	value		5000293d
OBJ 50002582 (sz=32, trace=300221, class=java.util.HashMap$Node@500000c4)
	key		500029fa
	value		500029f9
OBJ 50002583 (sz=32, trace=300221, class=java.util.HashMap$Node@500000c4)
	key		50001c01
	value		50001c00
OBJ 50002584 (sz=32, trace=300221, class=java.util.HashMap$Node@500000c4)
	key		5000283a
	value		50002839
OBJ 50002585 (sz=32, trace=300221, class=java.util.HashMap$Node@500000c4)
	key		50002253
	value		50002252
OBJ 50002586 (sz=32, trace=300221, class=java.util.HashMap$Node@500000c4)
	key		500027e4
	value		500027e3
OBJ 50002587 (sz=32, trace=300221, class=java.util.HashMap$Node@500000c4)
	key		5000236f
	value		5000236e
OBJ 50002588 (sz=32, trace=300221, class=java.util.HashMap$Node@500000c4)
	key		50001f15
	value		50001ee6
	next		500025b2
OBJ 50002589 (sz=32, trace=300221, class=java.util.HashMap$Node@500000c4)
	key		500029c9
	value		50002332
	next		500025a2
OBJ 5000258a (sz=32, trace=300221, class=java.util.HashMap$Node@500000c4)
	key		50002196
	value		50001ee6
OBJ 5000258b (sz=32, trace=300221, class=java.util.HashMap$Node@500000c4)
	key		50002089
	value		50002088
OBJ 5000258c (sz=32, trace=300222, class=java.util.HashMap$Node@500000c4)
	key		5000268e
	value		5000268d
OBJ 5000258d (sz=32, trace=300221, class=java.util.HashMap$Node@500000c4)
	key		50002714
	value		50002713
OBJ 5000258e (sz=32, trace=300221, class=java.util.HashMap$Node@500000c4)
	key		5000213d
	value		5000213c
OBJ 5000258f (sz=32, trace=300222, class=java.util.HashMap$Node@500000c4)
	key		50002a2c
	value		50002a2b
OBJ 50002590 (sz=32, trace=300222, class=java.util.HashMap$Node@500000c4)
	key		50001ee7
	value		50001ee6
OBJ 50002591 (sz=32, trace=300221, class=java.util.HashMap$Node@500000c4)
	key		50002333
	value		50002332
	next		500025ef
OBJ 50002592 (sz=32, trace=300221, class=java.util.HashMap$Node@500000c4)
	key		50002995
	value		50001ee6
OBJ 50002593 (sz=32, trace=300222, class=java.util.HashMap$Node@500000c4)
	key		5000232f
	value		5000232e
OBJ 50002594 (sz=32, trace=300222, class=java.util.HashMap$Node@500000c4)
	key		500026fc
	value		500026fb
OBJ 50002595 (sz=32, trace=300221, class=java.util.HashMap$Node@500000c4)
	key		500027be
	value		500027bd
OBJ 50002596 (sz=32, trace=300221, class=java.util.HashMap$Node@500000c4)
	key		50002082
	value		50002081
OBJ 50002597 (sz=32, trace=300222, class=java.util.HashMap$Node@500000c4)
	key		50001c77
	value		50001c76
OBJ 50002598 (sz=32, trace=300221, class=java.util.HashMap$Node@500000c4)
	key		50002620
	value		5000261f
OBJ 50002599 (sz=32, trace=300221, class=java.util.HashMap$Node@500000c4)
	key		500021b4
	value		500021b3
OBJ 5000259a (sz=32, trace=300222, class=java.util.HashMap$Node@500000c4)
	key		50001c0d
	value		50001c0c
OBJ 5000259b (sz=32, trace=300221, class=java.util.HashMap$Node@500000c4)
	key		50002826
	value		50002825
OBJ 5000259c (sz=32, trace=300222, class=java.util.HashMap$Node@500000c4)
	key		5000209e
	value		50002093
OBJ 5000259d (sz=32, trace=300221, class=java.util.HashMap$Node@500000c4)
	key		50001cbf
	value		50001cbe
OBJ 5000259e (sz=32, trace=300221, class=java.util.HashMap$Node@500000c4)
	key		500021fe
	value		500021fd
OBJ 5000259f (sz=32, trace=300221, class=java.util.HashMap$Node@500000c4)
	key		50001bf3
	value		50001bf2
OBJ 500025a0 (sz=32, trace=300221, class=java.util.HashMap$Node@500000c4)
	key		5000221a
	value		50002219
OBJ 500025a1 (sz=32, trace=300222, class=java.util.HashMap$Node@500000c4)
	key		50002152
	value		50002151
	next		50002606
OBJ 500025a2 (sz=32, trace=300222, class=java.util.HashMap$Node@500000c4)
	key		500029cc
	value		500029cb
OBJ 500025a3 (sz=32, trace=300222, class=java.util.HashMap$Node@500000c4)
	key		50001d7a
	value		50001d73
OBJ 500025a4 (sz=32, trace=300222, class=java.util.HashMap$Node@500000c4)
	key		5000235b
	value		5000235a
OBJ 500025a5 (sz=32, trace=300221, class=java.util.HashMap$Node@500000c4)
	key		50002796
	value		50002795
	next		500025d3
OBJ 500025a6 (sz=32, trace=300222, class=java.util.HashMap$Node@500000c4)
	key		50001eaf
	value		50001eae
	next		500025c9
OBJ 500025a7 (sz=32, trace=300222, class=java.util.HashMap$Node@500000c4)
	key		50002890
	value		5000288f
OBJ 500025a8 (sz=32, trace=300221, class=java.util.HashMap$Node@500000c4)
	key		5000284c
	value		5000284b
OBJ 500025a9 (sz=32, trace=300221, class=java.util.HashMap$Node@500000c4)
	key		50002868
	value		50002867
OBJ 500025aa (sz=32, trace=300221, class=java.util.HashMap$Node@500000c4)
	key		50002272
	value		50002149
OBJ 500025ab (sz=32, trace=300221, class=java.util.HashMap$Node@500000c4)
	key		5000214a
	value		50002149
OBJ 500025ac (sz=32, trace=300221, class=java.util.HashMap$Node@500000c4)
	key		50002114
	value		50002113
	next		500025c3
OBJ 500025ad (sz=32, trace=300221, class=java.util.HashMap$Node@500000c4)
	key		50001de6
	value		50001de5
OBJ 500025ae (sz=32, trace=300221, class=java.util.HashMap$Node@500000c4)
	key		50001cf5
	value		50001cf0
OBJ 500025af (sz=32, trace=300222, class=java.util.HashMap$Node@500000c4)
	key		50001d9a
	value		50001d99
OBJ 500025b0 (sz=32, trace=300221, class=java.util.HashMap$Node@500000c4)
	key		500028ce
	value		500028cd
OBJ 500025b1 (sz=32, trace=300221, class=java.util.HashMap$Node@500000c4)
	key		50001d15
	value		50001d14
OBJ 500025b2 (sz=32, trace=300222, class=java.util.HashMap$Node@500000c4)
	key		50001f3f
	value		50001f18
OBJ 500025b3 (sz=32, trace=300222, class=java.util.HashMap$Node@500000c4)
	key		50001c9f
	value		50001c9e
OBJ 500025b4 (sz=32, trace=300222, class=java.util.HashMap$Node@500000c4)
	key		500022f7
	value		500022f6
OBJ 500025b5 (sz=32, trace=300221, class=java.util.HashMap$Node@500000c4)
	key		50001dbb
	value		50001dba
OBJ 500025b6 (sz=32, trace=300221, class=java.util.HashMap$Node@500000c4)
	key		50001e94
	value		50001e93
	next		500025ea
OBJ 500025b7 (sz=32, trace=300222, class=java.util.HashMap$Node@500000c4)
	key		50002854
	value		50002853
OBJ 500025b8 (sz=32, trace=300221, class=java.util.HashMap$Node@500000c4)
	key		50001b9b
	value		50001b9a
OBJ 500025b9 (sz=32, trace=300222, class=java.util.HashMap$Node@500000c4)
	key		50001d05
	value		50001d04
OBJ 500025ba (sz=32, trace=300222, class=java.util.HashMap$Node@500000c4)
	key		50002303
	value		50002302
OBJ 500025bb (sz=32, trace=300221, class=java.util.HashMap$Node@500000c4)
	key		50002247
	value		50002246
	next		500025c4
OBJ 500025bc (sz=32, trace=300221, class=java.util.HashMap$Node@500000c4)
	key		5000234b
	value		5000234a
OBJ 500025bd (sz=32, trace=300222, class=java.util.HashMap$Node@500000c4)
	key		500028b7
	value		50001d18
OBJ 500025be (sz=32, trace=300222, class=java.util.HashMap$Node@500000c4)
	key		500028a8
	value		500028a7
	next		500025df
OBJ 500025bf (sz=32, trace=300222, class=java.util.HashMap$Node@500000c4)
	key		500027fc
	value		500027fb
OBJ 500025c0 (sz=32, trace=300221, class=java.util.HashMap$Node@500000c4)
	key		5000297e
	value		5000297d
OBJ 500025c1 (sz=32, trace=300222, class=java.util.HashMap$Node@500000c4)
	key		50001bca
	value		50001bc9
OBJ 500025c2 (sz=32, trace=300221, class=java.util.HashMap$Node@500000c4)
	key		50001bfd
	value		50001bfc
OBJ 500025c3 (sz=32, trace=300222, class=java.util.HashMap$Node@500000c4)
	key		5000211d
	value		5000211a
OBJ 500025c4 (sz=32, trace=300222, class=java.util.HashMap$Node@500000c4)
	key		5000224b
	value		5000224a
OBJ 500025c5 (sz=32, trace=300221, class=java.util.HashMap$Node@500000c4)
	key		50002842
	value		50002841
OBJ 500025c6 (sz=32, trace=300222, class=java.util.HashMap$Node@500000c4)
	key		500027b2
	value		500027b1
OBJ 500025c7 (sz=32, trace=300221, class=java.util.HashMap$Node@500000c4)
	key		50002008
	value		50002007
OBJ 500025c8 (sz=32, trace=300221, class=java.util.HashMap$Node@500000c4)
	key		50002956
	value		50002955
OBJ 500025c9 (sz=32, trace=300222, class=java.util.HashMap$Node@500000c4)
	key		50001eb9
	value		50001eb3
OBJ 500025ca (sz=32, trace=300222, class=java.util.HashMap$Node@500000c4)
	key		500028de
	value		500028dd
	next		50002612
OBJ 500025cb (sz=32, trace=300221, class=java.util.HashMap$Node@500000c4)
	key		50001e25
	value		50001e24
OBJ 500025cc (sz=32, trace=300222, class=java.util.HashMap$Node@500000c4)
	key		500022c7
	value		500022c6
OBJ 500025cd (sz=32, trace=300221, class=java.util.HashMap$Node@500000c4)
	key		500027a2
	value		500027a1
OBJ 500025ce (sz=32, trace=300221, class=java.util.HashMap$Node@500000c4)
	key		500022ef
	value		500022ee
OBJ 500025cf (sz=32, trace=300221, class=java.util.HashMap$Node@500000c4)
	key		50001fd9
	value		50001fd8
OBJ 500025d0 (sz=32, trace=300221, class=java.util.HashMap$Node@500000c4)
	key		50002227
	value		50002226
OBJ 500025d1 (sz=32, trace=300221, class=java.util.HashMap$Node@500000c4)
	key		50001d4b
	value		50001d4a
OBJ 500025d2 (sz=32, trace=300221, class=java.util.HashMap$Node@500000c4)
	key		50002142
	value		50002141
OBJ 500025d3 (sz=32, trace=300222, class=java.util.HashMap$Node@500000c4)
	key		5000279a
	value		50002799
OBJ 500025d4 (sz=32, trace=300221, class=java.util.HashMap$Node@500000c4)
	key		50002074
	value		50002073
OBJ 500025d5 (sz=32, trace=300222, class=java.util.HashMap$Node@500000c4)
	key		500029de
	value		500029dd
OBJ 500025d6 (sz=32, trace=300221, class=java.util.HashMap$Node@500000c4)
	key		50001c30
	value		50001c2e
	next		500025f9
OBJ 500025d7 (sz=32, trace=300221, class=java.util.HashMap$Node@500000c4)
	key		50002858
	value		50002857
OBJ 500025d8 (sz=32, trace=300221, class=java.util.HashMap$Node@500000c4)
	key		50001bba
	value		50001bb9
OBJ 500025d9 (sz=32, trace=300221, class=java.util.HashMap$Node@500000c4)
	key		500026b4
	value		500026b3
OBJ 500025da (sz=32, trace=300221, class=java.util.HashMap$Node@500000c4)
	key		500022e7
	value		500022e6
OBJ 500025db (sz=32, trace=300221, class=java.util.HashMap$Node@500000c4)
	key		5000277f
	value		5000236a
OBJ 500025dc (sz=32, trace=300221, class=java.util.HashMap$Node@500000c4)
	key		50001ce1
	value		50001ce0
OBJ 500025dd (sz=32, trace=300221, class=java.util.HashMap$Node@500000c4)
	key		50002700
	value		500026ff
OBJ 500025de (sz=32, trace=300221, class=java.util.HashMap$Node@500000c4)
	key		5000261c
	value		500023b2
OBJ 500025df (sz=32, trace=300222, class=java.util.HashMap$Node@500000c4)
	key		500028ac
	value		500028ab
OBJ 500025e0 (sz=32, trace=300221, class=java.util.HashMap$Node@500000c4)
	key		50002692
	value		50002691
OBJ 500025e1 (sz=32, trace=300221, class=java.util.HashMap$Node@500000c4)
	key		50001da6
	value		50001da5
OBJ 500025e2 (sz=32, trace=300222, class=java.util.HashMap$Node@500000c4)
	key		50002299
	value		50002298
OBJ 500025e3 (sz=32, trace=300222, class=java.util.HashMap$Node@500000c4)
	key		50001dd3
	value		50001dd2
OBJ 500025e4 (sz=32, trace=300221, class=java.util.HashMap$Node@500000c4)
	key		50002051
	value		5000204d
OBJ 500025e5 (sz=32, trace=300222, class=java.util.HashMap$Node@500000c4)
	key		5000237b
	value		5000237a
OBJ 500025e6 (sz=32, trace=300221, class=java.util.HashMap$Node@500000c4)
	key		500028fa
	value		500028f9
OBJ 500025e7 (sz=32, trace=300222, class=java.util.HashMap$Node@500000c4)
	key		5000223f
	value		5000223e
	next		5000260f
OBJ 500025e8 (sz=32, trace=300221, class=java.util.HashMap$Node@500000c4)
	key		50001e21
	value		50001e20
OBJ 500025e9 (sz=32, trace=300221, class=java.util.HashMap$Node@500000c4)
	key		500027c5
	value		5000270f
OBJ 500025ea (sz=32, trace=300222, class=java.util.HashMap$Node@500000c4)
	key		50001e9a
	value		50001e97
OBJ 500025eb (sz=32, trace=300222, class=java.util.HashMap$Node@500000c4)
	key		500021db
	value		500021da
OBJ 500025ec (sz=32, trace=300221, class=java.util.HashMap$Node@500000c4)
	key		500021eb
	value		500021ea
OBJ 500025ed (sz=32, trace=300221, class=java.util.HashMap$Node@500000c4)
	key		50001d1d
	value		50001d1c
OBJ 500025ee (sz=32, trace=300221, class=java.util.HashMap$Node@500000c4)
	key		50002902
	value		50002901
OBJ 500025ef (sz=32, trace=300222, class=java.util.HashMap$Node@500000c4)
	key		50002337
	value		50002336
OBJ 500025f0 (sz=32, trace=300222, class=java.util.HashMap$Node@500000c4)
	key		50002383
	value		50002382
OBJ 500025f1 (sz=32, trace=300221, class=java.util.HashMap$Node@500000c4)
	key		50001d22
	value		50001d21
OBJ 500025f2 (sz=32, trace=300222, class=java.util.HashMap$Node@500000c4)
	key		50001bb2
	value		50001bb1
OBJ 500025f3 (sz=32, trace=300222, class=java.util.HashMap$Node@500000c4)
	key		50002168
	value		50002167
OBJ 500025f4 (sz=32, trace=300222, class=java.util.HashMap$Node@500000c4)
	key		500023a3
	value		500023a2
OBJ 500025f5 (sz=32, trace=300221, class=java.util.HashMap$Node@500000c4)
	key		5000222f
	value		5000222e
OBJ 500025f6 (sz=32, trace=300221, class=java.util.HashMap$Node@500000c4)
	key		50001eef
	value		50001eee
OBJ 500025f7 (sz=32, trace=300221, class=java.util.HashMap$Node@500000c4)
	key		50001d19
	value		50001d18
OBJ 500025f8 (sz=32, trace=300221, class=java.util.HashMap$Node@500000c4)
	key		50002986
	value		50002985
OBJ 500025f9 (sz=32, trace=300222, class=java.util.HashMap$Node@500000c4)
	key		50001c34
	value		50001c33
OBJ 500025fa (sz=32, trace=300222, class=java.util.HashMap$Node@500000c4)
	key		500021c8
	value		500021c7
OBJ 500025fb (sz=32, trace=300221, class=java.util.HashMap$Node@500000c4)
	key		500023af
	value		500023ae
OBJ 500025fc (sz=32, trace=300221, class=java.util.HashMap$Node@500000c4)
	key		50001f07
	value		50001f06
OBJ 500025fd (sz=32, trace=300221, class=java.util.HashMap$Node@500000c4)
	key		5000207e
	value		5000207d
OBJ 500025fe (sz=32, trace=300221, class=java.util.HashMap$Node@500000c4)
	key		500026e0
	value		500026df
OBJ 500025ff (sz=32, trace=300222, class=java.util.HashMap$Node@500000c4)
	key		50002327
	value		50002326
OBJ 50002600 (sz=32, trace=300222, class=java.util.HashMap$Node@500000c4)
	key		50002836
	value		50002835
OBJ 50002601 (sz=32, trace=300221, class=java.util.HashMap$Node@500000c4)
	key		500021aa
	value		500021a9
OBJ 50002602 (sz=32, trace=300221, class=java.util.HashMap$Node@500000c4)
	key		500026f0
	value		500026ef
OBJ 50002603 (sz=32, trace=300221, class=java.util.HashMap$Node@500000c4)
	key		50002025
	value		50002024
OBJ 50002604 (sz=32, trace=300221, class=java.util.HashMap$Node@500000c4)
	key		5000239b
	value		5000239a
OBJ 50002605 (sz=32, trace=300221, class=java.util.HashMap$Node@500000c4)
	key		50002704
	value		50002703
OBJ 50002606 (sz=32, trace=300222, class=java.util.HashMap$Node@500000c4)
	key		50002156
	value		50002155
OBJ 50002607 (sz=32, trace=300222, class=java.util.HashMap$Node@500000c4)
	key		5000227e
	value		5000227d
OBJ 50002608 (sz=32, trace=300221, class=java.util.HashMap$Node@500000c4)
	key		50002012
	value		50001ded
OBJ 50002609 (sz=32, trace=300221, class=java.util.HashMap$Node@500000c4)
	key		500027d0
	value		500027cf
OBJ 5000260a (sz=32, trace=300221, class=java.util.HashMap$Node@500000c4)
	key		50002387
	value		50002386
OBJ 5000260b (sz=32, trace=300222, class=java.util.HashMap$Node@500000c4)
	key		50001d11
	value		50001d10
OBJ 5000260c (sz=32, trace=300221, class=java.util.HashMap$Node@500000c4)
	key		500026e4
	value		500026e3
OBJ 5000260d (sz=32, trace=300222, class=java.util.HashMap$Node@500000c4)
	key		500028f2
	value		500028f1
OBJ 5000260e (sz=32, trace=300222, class=java.util.HashMap$Node@500000c4)
	key		50002347
	value		50002346
OBJ 5000260f (sz=32, trace=300222, class=java.util.HashMap$Node@500000c4)
	key		50002243
	value		50002242
OBJ 50002610 (sz=32, trace=300221, class=java.util.HashMap$Node@500000c4)
	key		50001c4a
	value		50001c49
OBJ 50002611 (sz=32, trace=300221, class=java.util.HashMap$Node@500000c4)
	key		50002894
	value		50002893
OBJ 50002612 (sz=32, trace=300222, class=java.util.HashMap$Node@500000c4)
	key		500028e2
	value		500028e1
OBJ 50002613 (sz=32, trace=300222, class=java.util.HashMap$Node@500000c4)
	key		50001d3b
	value		50001d3a
OBJ 50002614 (sz=32, trace=300221, class=java.util.HashMap$Node@500000c4)
	key		50002864
	value		50002863
OBJ 50002615 (sz=32, trace=300222, class=java.util.HashMap$Node@500000c4)
	key		500022a1
	value		500022a0
OBJ 50002616 (sz=32, trace=300222, class=java.util.HashMap$Node@500000c4)
	key		50001e1d
	value		50001e1c
OBJ 50002617 (sz=32, trace=300221, class=java.util.HashMap$Node@500000c4)
	key		50001c62
	value		50001c61
OBJ 50002618 (sz=32, trace=300221, class=java.util.HashMap$Node@500000c4)
	key		500029ba
	value		500029b9
OBJ 50002619 (sz=32, trace=300221, class=java.util.HashMap$Node@500000c4)
	key		500027e0
	value		500027df
OBJ 5000261a (sz=32, trace=300222, class=java.util.HashMap$Node@500000c4)
	key		500020f4
	value		500020f3
OBJ 5000261b (sz=32, trace=300221, class=java.util.HashMap$Node@500000c4)
	key		50002397
	value		50002396
OBJ 5000261c (sz=24, trace=300000, class=java.lang.String@5000016e)
	value		5000261d
ARR 5000261d (sz=68, trace=300000, nelems=34, elem type=char[])
ARR 5000261e (sz=56, trace=300000, nelems=28, elem type=char[])
OBJ 5000261f (sz=24, trace=300000, class=java.lang.String@5000016e)
	value		50002622
OBJ 50002620 (sz=24, trace=300000, class=java.lang.String@5000016e)
	value		50002621
ARR 50002621 (sz=58, trace=300000, nelems=29, elem type=char[])
ARR 50002622 (sz=26, trace=300000, nelems=13, elem type=char[])
OBJ 50002623 (sz=24, trace=300000, class=java.lang.String@5000016e)
	value		5000268c
ARR 50002624 (sz=416, trace=301748, nelems=0, elem type=java.lang.Object[][]@50001fd7)
ARR 50002625 (sz=24, trace=301749, nelems=0, elem type=java.lang.Object[]@50000108)
ARR 50002626 (sz=24, trace=301750, nelems=0, elem type=java.lang.Object[]@50000108)
ARR 50002627 (sz=24, trace=301751, nelems=0, elem type=java.lang.Object[]@50000108)
ARR 50002628 (sz=24, trace=301752, nelems=0, elem type=java.lang.Object[]@50000108)
ARR 50002629 (sz=24, trace=301753, nelems=0, elem type=java.lang.Object[]@50000108)
ARR 5000262a (sz=24, trace=301754, nelems=0, elem type=java.lang.Object[]@50000108)
ARR 5000262b (sz=24, trace=301755, nelems=0, elem type=java.lang.Object[]@50000108)
ARR 5000262c (sz=24, trace=301756, nelems=0, elem type=java.lang.Object[]@50000108)
ARR 5000262d (sz=24, trace=301757, nelems=0, elem type=java.lang.Object[]@50000108)
ARR 5000262e (sz=24, trace=301758, nelems=0, elem type=java.lang.Object[]@50000108)
ARR 5000262f (sz=24, trace=301759, nelems=0, elem type=java.lang.Object[]@50000108)
ARR 50002630 (sz=24, trace=301760, nelems=0, elem type=java.lang.Object[]@50000108)
ARR 50002631 (sz=24, trace=301761, nelems=0, elem type=java.lang.Object[]@50000108)
ARR 50002632 (sz=24, trace=301762, nelems=0, elem type=java.lang.Object[]@50000108)
ARR 50002633 (sz=24, trace=301763, nelems=0, elem type=java.lang.Object[]@50000108)
ARR 50002634 (sz=24, trace=301764, nelems=0, elem type=java.lang.Object[]@50000108)
ARR 50002635 (sz=24, trace=301765, nelems=0, elem type=java.lang.Object[]@50000108)
ARR 50002636 (sz=24, trace=301766, nelems=0, elem type=java.lang.Object[]@50000108)
ARR 50002637 (sz=24, trace=301767, nelems=0, elem type=java.lang.Object[]@50000108)
ARR 50002638 (sz=24, trace=301768, nelems=0, elem type=java.lang.Object[]@50000108)
ARR 50002639 (sz=24, trace=301769, nelems=0, elem type=java.lang.Object[]@50000108)
ARR 5000263a (sz=24, trace=301770, nelems=0, elem type=java.lang.Object[]@50000108)
ARR 5000263b (sz=24, trace=301771, nelems=0, elem type=java.lang.Object[]@50000108)
ARR 5000263c (sz=24, trace=301772, nelems=0, elem type=java.lang.Object[]@50000108)
ARR 5000263d (sz=24, trace=301773, nelems=0, elem type=java.lang.Object[]@50000108)
ARR 5000263e (sz=24, trace=301774, nelems=0, elem type=java.lang.Object[]@50000108)
ARR 5000263f (sz=24, trace=301775, nelems=0, elem type=java.lang.Object[]@50000108)
ARR 50002640 (sz=24, trace=301776, nelems=0, elem type=java.lang.Object[]@50000108)
ARR 50002641 (sz=24, trace=301777, nelems=0, elem type=java.lang.Object[]@50000108)
ARR 50002642 (sz=24, trace=301778, nelems=0, elem type=java.lang.Object[]@50000108)
ARR 50002643 (sz=24, trace=301779, nelems=0, elem type=java.lang.Object[]@50000108)
ARR 50002644 (sz=24, trace=301780, nelems=0, elem type=java.lang.Object[]@50000108)
ARR 50002645 (sz=24, trace=301781, nelems=0, elem type=java.lang.Object[]@50000108)
ARR 50002646 (sz=24, trace=301782, nelems=0, elem type=java.lang.Object[]@50000108)
ARR 50002647 (sz=24, trace=301783, nelems=0, elem type=java.lang.Object[]@50000108)
ARR 50002648 (sz=24, trace=301784, nelems=0, elem type=java.lang.Object[]@50000108)
ARR 50002649 (sz=24, trace=301785, nelems=0, elem type=java.lang.Object[]@50000108)
ARR 5000264a (sz=24, trace=301786, nelems=0, elem type=java.lang.Object[]@50000108)
ARR 5000264b (sz=24, trace=301787, nelems=0, elem type=java.lang.Object[]@50000108)
ARR 5000264c (sz=24, trace=301788, nelems=0, elem type=java.lang.Object[]@50000108)
ARR 5000264d (sz=24, trace=301789, nelems=0, elem type=java.lang.Object[]@50000108)
ARR 5000264e (sz=24, trace=301790, nelems=0, elem type=java.lang.Object[]@50000108)
ARR 5000264f (sz=24, trace=301791, nelems=0, elem type=java.lang.Object[]@50000108)
ARR 50002650 (sz=24, trace=301792, nelems=0, elem type=java.lang.Object[]@50000108)
ARR 50002651 (sz=24, trace=301793, nelems=0, elem type=java.lang.Object[]@50000108)
ARR 50002652 (sz=24, trace=301794, nelems=0, elem type=java.lang.Object[]@50000108)
ARR 50002653 (sz=24, trace=301795, nelems=0, elem type=java.lang.Object[]@50000108)
ARR 50002654 (sz=24, trace=301796, nelems=0, elem type=java.lang.Object[]@50000108)
ARR 50002655 (sz=24, trace=301797, nelems=0, elem type=java.lang.Object[]@50000108)
ARR 50002656 (sz=24, trace=301798, nelems=0, elem type=java.lang.Object[]@50000108)
ARR 50002657 (sz=24, trace=301799, nelems=0, elem type=java.lang.Object[]@50000108)
ARR 50002658 (sz=24, trace=301800, nelems=0, elem type=java.lang.Object[]@50000108)
ARR 50002659 (sz=24, trace=301801, nelems=0, elem type=java.lang.Object[]@50000108)
ARR 5000265a (sz=24, trace=301802, nelems=0, elem type=java.lang.Object[]@50000108)
ARR 5000265b (sz=24, trace=301803, nelems=0, elem type=java.lang.Object[]@50000108)
ARR 5000265c (sz=24, trace=301804, nelems=0, elem type=java.lang.Object[]@50000108)
ARR 5000265d (sz=24, trace=301805, nelems=0, elem type=java.lang.Object[]@50000108)
ARR 5000265e (sz=24, trace=301806, nelems=0, elem type=java.lang.Object[]@50000108)
ARR 5000265f (sz=24, trace=301807, nelems=0, elem type=java.lang.Object[]@50000108)
ARR 50002660 (sz=24, trace=301808, nelems=0, elem type=java.lang.Object[]@50000108)
ARR 50002661 (sz=24, trace=301809, nelems=0, elem type=java.lang.Object[]@50000108)
ARR 50002662 (sz=24, trace=301810, nelems=0, elem type=java.lang.Object[]@50000108)
ARR 50002663 (sz=24, trace=301811, nelems=0, elem type=java.lang.Object[]@50000108)
ARR 50002664 (sz=24, trace=301812, nelems=0, elem type=java.lang.Object[]@50000108)
ARR 50002665 (sz=24, trace=301813, nelems=0, elem type=java.lang.Object[]@50000108)
ARR 50002666 (sz=24, trace=301814, nelems=0, elem type=java.lang.Object[]@50000108)
ARR 50002667 (sz=24, trace=301815, nelems=0, elem type=java.lang.Object[]@50000108)
ARR 50002668 (sz=24, trace=301816, nelems=0, elem type=java.lang.Object[]@50000108)
ARR 50002669 (sz=24, trace=301817, nelems=0, elem type=java.lang.Object[]@50000108)
ARR 5000266a (sz=24, trace=301818, nelems=0, elem type=java.lang.Object[]@50000108)
ARR 5000266b (sz=24, trace=301819, nelems=0, elem type=java.lang.Object[]@50000108)
ARR 5000266c (sz=24, trace=301820, nelems=0, elem type=java.lang.Object[]@50000108)
ARR 5000266d (sz=24, trace=301821, nelems=0, elem type=java.lang.Object[]@50000108)
ARR 5000266e (sz=24, trace=301822, nelems=0, elem type=java.lang.Object[]@50000108)
ARR 5000266f (sz=24, trace=301823, nelems=0, elem type=java.lang.Object[]@50000108)
ARR 50002670 (sz=24, trace=301824, nelems=0, elem type=java.lang.Object[]@50000108)
ARR 50002671 (sz=24, trace=301825, nelems=0, elem type=java.lang.Object[]@50000108)
ARR 50002672 (sz=24, trace=301826, nelems=0, elem type=java.lang.Object[]@50000108)
ARR 50002673 (sz=24, trace=301827, nelems=0, elem type=java.lang.Object[]@50000108)
ARR 50002674 (sz=24, trace=301828, nelems=0, elem type=java.lang.Object[]@50000108)
ARR 50002675 (sz=24, trace=301829, nelems=0, elem type=java.lang.Object[]@50000108)
ARR 50002676 (sz=24, trace=301830, nelems=0, elem type=java.lang.Object[]@50000108)
ARR 50002677 (sz=24, trace=301831, nelems=0, elem type=java.lang.Object[]@50000108)
ARR 50002678 (sz=24, trace=301832, nelems=0, elem type=java.lang.Object[]@50000108)
ARR 50002679 (sz=24, trace=301833, nelems=0, elem type=java.lang.Object[]@50000108)
ARR 5000267a (sz=24, trace=301834, nelems=0, elem type=java.lang.Object[]@50000108)
ARR 5000267b (sz=24, trace=301835, nelems=0, elem type=java.lang.Object[]@50000108)
ARR 5000267c (sz=24, trace=301836, nelems=0, elem type=java.lang.Object[]@50000108)
ARR 5000267d (sz=24, trace=301837, nelems=0, elem type=java.lang.Object[]@50000108)
ARR 5000267e (sz=24, trace=301838, nelems=0, elem type=java.lang.Object[]@50000108)
ARR 5000267f (sz=24, trace=301839, nelems=0, elem type=java.lang.Object[]@50000108)
ARR 50002680 (sz=24, trace=301840, nelems=0, elem type=java.lang.Object[]@50000108)
ARR 50002681 (sz=24, trace=301841, nelems=0, elem type=java.lang.Object[]@50000108)
ARR 50002682 (sz=24, trace=301842, nelems=0, elem type=java.lang.Object[]@50000108)
ARR 50002683 (sz=24, trace=301843, nelems=0, elem type=java.lang.Object[]@50000108)
ARR 50002684 (sz=24, trace=301844, nelems=0, elem type=java.lang.Object[]@50000108)
ARR 50002685 (sz=24, trace=301845, nelems=0, elem type=java.lang.Object[]@50000108)
ARR 50002686 (sz=24, trace=301846, nelems=0, elem type=java.lang.Object[]@50000108)
ARR 50002687 (sz=24, trace=301847, nelems=0, elem type=java.lang.Object[]@50000108)
ARR 50002688 (sz=24, trace=301848, nelems=0, elem type=java.lang.Object[]@50000108)
OBJ 50002689 (sz=48, trace=301119, class=java.util.HashMap@500000c6)
	table		500002d8
OBJ 5000268a (sz=24, trace=300000, class=java.lang.String@5000016e)
	value		5000268b
ARR 5000268b (sz=68, trace=300000, nelems=34, elem type=char[])
ARR 5000268c (sz=88, trace=300000, nelems=44, elem type=char[])
OBJ 5000268d (sz=24, trace=300000, class=java.lang.String@5000016e)
	value		50002690
OBJ 5000268e (sz=24, trace=300000, class=java.lang.String@5000016e)
	value		5000268f
ARR 5000268f (sz=64, trace=300000, nelems=32, elem type=char[])
ARR 50002690 (sz=46, trace=300000, nelems=23, elem type=char[])
OBJ 50002691 (sz=24, trace=300000, class=java.lang.String@5000016e)
	value		50002694
OBJ 50002692 (sz=24, trace=300000, class=java.lang.String@5000016e)
	value		50002693
ARR 50002693 (sz=48, trace=300000, nelems=24, elem type=char[])
ARR 50002694 (sz=100, trace=300000, nelems=50, elem type=char[])
OBJ 50002695 (sz=24, trace=300000, class=java.lang.String@5000016e)
	value		50002698
OBJ 50002696 (sz=24, trace=300000, class=java.lang.String@5000016e)
	value		50002697
ARR 50002697 (sz=106, trace=300000, nelems=53, elem type=char[])
ARR 50002698 (sz=136, trace=300000, nelems=68, elem type=char[])
OBJ 50002699 (sz=24, trace=300000, class=java.lang.String@5000016e)
	value		5000269c
OBJ 5000269a (sz=24, trace=300000, class=java.lang.String@5000016e)
	value		5000269b
ARR 5000269b (sz=54, trace=300000, nelems=27, elem type=char[])
ARR 5000269c (sz=36, trace=300000, nelems=18, elem type=char[])
OBJ 5000269d (sz=24, trace=300000, class=java.lang.String@5000016e)
	value		500026a0
OBJ 5000269e (sz=24, trace=300000, class=java.lang.String@5000016e)
	value		5000269f
ARR 5000269f (sz=84, trace=300000, nelems=42, elem type=char[])
ARR 500026a0 (sz=72, trace=300000, nelems=36, elem type=char[])
OBJ 500026a1 (sz=24, trace=300000, class=java.lang.String@5000016e)
	value		500026a2
ARR 500026a2 (sz=52, trace=300000, nelems=26, elem type=char[])
OBJ 500026a3 (sz=24, trace=300000, class=java.lang.String@5000016e)
	value		500026a6
OBJ 500026a4 (sz=24, trace=300000, class=java.lang.String@5000016e)
	value		500026a5
ARR 500026a5 (sz=60, trace=300000, nelems=30, elem type=char[])
ARR 500026a6 (sz=24, trace=300000, nelems=12, elem type=char[])
OBJ 500026a7 (sz=24, trace=300000, class=java.lang.String@5000016e)
	value		500026aa
OBJ 500026a8 (sz=24, trace=300000, class=java.lang.String@5000016e)
	value		500026a9
ARR 500026a9 (sz=52, trace=300000, nelems=26, elem type=char[])
ARR 500026aa (sz=68, trace=300000, nelems=34, elem type=char[])
OBJ 500026ab (sz=24, trace=300000, class=java.lang.String@5000016e)
	value		500026ae
OBJ 500026ac (sz=24, trace=300000, class=java.lang.String@5000016e)
	value		500026ad
ARR 500026ad (sz=78, trace=300000, nelems=39, elem type=char[])
ARR 500026ae (sz=92, trace=300000, nelems=46, elem type=char[])
OBJ 500026af (sz=24, trace=300000, class=java.lang.String@5000016e)
	value		500026b2
OBJ 500026b0 (sz=24, trace=300000, class=java.lang.String@5000016e)
	value		500026b1
ARR 500026b1 (sz=46, trace=300000, nelems=23, elem type=char[])
ARR 500026b2 (sz=52, trace=300000, nelems=26, elem type=char[])
OBJ 500026b3 (sz=24, trace=300000, class=java.lang.String@5000016e)
	value		500026b6
OBJ 500026b4 (sz=24, trace=300000, class=java.lang.String@5000016e)
	value		500026b5
ARR 500026b5 (sz=50, trace=300000, nelems=25, elem type=char[])
ARR 500026b6 (sz=194, trace=300000, nelems=97, elem type=char[])
OBJ 500026b7 (sz=24, trace=300000, class=java.lang.String@5000016e)
	value		500026ba
OBJ 500026b8 (sz=24, trace=300000, class=java.lang.String@5000016e)
	value		500026b9
ARR 500026b9 (sz=48, trace=300000, nelems=24, elem type=char[])
ARR 500026ba (sz=56, trace=300000, nelems=28, elem type=char[])
OBJ 500026bb (sz=24, trace=300000, class=java.lang.String@5000016e)
	value		500026be
OBJ 500026bc (sz=24, trace=300000, class=java.lang.String@5000016e)
	value		500026bd
ARR 500026bd (sz=92, trace=300000, nelems=46, elem type=char[])
ARR 500026be (sz=98, trace=300000, nelems=49, elem type=char[])
OBJ 500026bf (sz=24, trace=300000, class=java.lang.String@5000016e)
	value		500026c2
OBJ 500026c0 (sz=24, trace=300000, class=java.lang.String@5000016e)
	value		500026c1
ARR 500026c1 (sz=56, trace=300000, nelems=28, elem type=char[])
ARR 500026c2 (sz=74, trace=300000, nelems=37, elem type=char[])
OBJ 500026c3 (sz=24, trace=300000, class=java.lang.String@5000016e)
	value		500026c6
OBJ 500026c4 (sz=24, trace=300000, class=java.lang.String@5000016e)
	value		500026c5
ARR 500026c5 (sz=86, trace=300000, nelems=43, elem type=char[])
ARR 500026c6 (sz=96, trace=300000, nelems=48, elem type=char[])
OBJ 500026c7 (sz=24, trace=300000, class=java.lang.String@5000016e)
	value		500026ca
OBJ 500026c8 (sz=24, trace=300000, class=java.lang.String@5000016e)
	value		500026c9
ARR 500026c9 (sz=90, trace=300000, nelems=45, elem type=char[])
ARR 500026ca (sz=106, trace=300000, nelems=53, elem type=char[])
OBJ 500026cb (sz=24, trace=300000, class=java.lang.String@5000016e)
	value		500026ce
OBJ 500026cc (sz=24, trace=300000, class=java.lang.String@5000016e)
	value		500026cd
ARR 500026cd (sz=78, trace=300000, nelems=39, elem type=char[])
ARR 500026ce (sz=136, trace=300000, nelems=68, elem type=char[])
OBJ 500026cf (sz=24, trace=300000, class=java.lang.String@5000016e)
	value		500026d2
OBJ 500026d0 (sz=24, trace=300000, class=java.lang.String@5000016e)
	value		500026d1
ARR 500026d1 (sz=70, trace=300000, nelems=35, elem type=char[])
ARR 500026d2 (sz=38, trace=300000, nelems=19, elem type=char[])
OBJ 500026d3 (sz=24, trace=300000, class=java.lang.String@5000016e)
	value		500026d6
OBJ 500026d4 (sz=24, trace=300000, class=java.lang.String@5000016e)
	value		500026d5
ARR 500026d5 (sz=58, trace=300000, nelems=29, elem type=char[])
ARR 500026d6 (sz=12, trace=300000, nelems=6, elem type=char[])
OBJ 500026d7 (sz=24, trace=300000, class=java.lang.String@5000016e)
	value		500026da
OBJ 500026d8 (sz=24, trace=300000, class=java.lang.String@5000016e)
	value		500026d9
ARR 500026d9 (sz=62, trace=300000, nelems=31, elem type=char[])
ARR 500026da (sz=24, trace=300000, nelems=12, elem type=char[])
OBJ 500026db (sz=24, trace=300000, class=java.lang.String@5000016e)
	value		500026de
OBJ 500026dc (sz=24, trace=300000, class=java.lang.String@5000016e)
	value		500026dd
ARR 500026dd (sz=80, trace=300000, nelems=40, elem type=char[])
ARR 500026de (sz=76, trace=300000, nelems=38, elem type=char[])
OBJ 500026df (sz=24, trace=300000, class=java.lang.String@5000016e)
	value		500026e2
OBJ 500026e0 (sz=24, trace=300000, class=java.lang.String@5000016e)
	value		500026e1
ARR 500026e1 (sz=76, trace=300000, nelems=38, elem type=char[])
ARR 500026e2 (sz=176, trace=300000, nelems=88, elem type=char[])
OBJ 500026e3 (sz=24, trace=300000, class=java.lang.String@5000016e)
	value		500026e6
OBJ 500026e4 (sz=24, trace=300000, class=java.lang.String@5000016e)
	value		500026e5
ARR 500026e5 (sz=60, trace=300000, nelems=30, elem type=char[])
ARR 500026e6 (sz=64, trace=300000, nelems=32, elem type=char[])
OBJ 500026e7 (sz=24, trace=300000, class=java.lang.String@5000016e)
	value		500026ea
OBJ 500026e8 (sz=24, trace=300000, class=java.lang.String@5000016e)
	value		500026e9
ARR 500026e9 (sz=80, trace=300000, nelems=40, elem type=char[])
ARR 500026ea (sz=94, trace=300000, nelems=47, elem type=char[])
OBJ 500026eb (sz=24, trace=300000, class=java.lang.String@5000016e)
	value		500026ee
OBJ 500026ec (sz=24, trace=300000, class=java.lang.String@5000016e)
	value		500026ed
ARR 500026ed (sz=64, trace=300000, nelems=32, elem type=char[])
ARR 500026ee (sz=72, trace=300000, nelems=36, elem type=char[])
OBJ 500026ef (sz=24, trace=300000, class=java.lang.String@5000016e)
	value		500026f2
OBJ 500026f0 (sz=24, trace=300000, class=java.lang.String@5000016e)
	value		500026f1
ARR 500026f1 (sz=54, trace=300000, nelems=27, elem type=char[])
ARR 500026f2 (sz=128, trace=300000, nelems=64, elem type=char[])
OBJ 500026f3 (sz=24, trace=300000, class=java.lang.String@5000016e)
	value		500026f6
OBJ 500026f4 (sz=24, trace=300000, class=java.lang.String@5000016e)
	value		500026f5
ARR 500026f5 (sz=96, trace=300000, nelems=48, elem type=char[])
ARR 500026f6 (sz=86, trace=300000, nelems=43, elem type=char[])
OBJ 500026f7 (sz=24, trace=300000, class=java.lang.String@5000016e)
	value		500026fa
OBJ 500026f8 (sz=24, trace=300000, class=java.lang.String@5000016e)
	value		500026f9
ARR 500026f9 (sz=64, trace=300000, nelems=32, elem type=char[])
ARR 500026fa (sz=18, trace=300000, nelems=9, elem type=char[])
OBJ 500026fb (sz=24, trace=300000, class=java.lang.String@5000016e)
	value		500026fe
OBJ 500026fc (sz=24, trace=300000, class=java.lang.String@5000016e)
	value		500026fd
ARR 500026fd (sz=100, trace=300000, nelems=50, elem type=char[])
ARR 500026fe (sz=76, trace=300000, nelems=38, elem type=char[])
OBJ 500026ff (sz=24, trace=300000, class=java.lang.String@5000016e)
	value		50002702
OBJ 50002700 (sz=24, trace=300000, class=java.lang.String@5000016e)
	value		50002701
ARR 50002701 (sz=76, trace=300000, nelems=38, elem type=char[])
ARR 50002702 (sz=352, trace=300000, nelems=176, elem type=char[])
OBJ 50002703 (sz=24, trace=300000, class=java.lang.String@5000016e)
	value		50002706
OBJ 50002704 (sz=24, trace=300000, class=java.lang.String@5000016e)
	value		50002705
ARR 50002705 (sz=74, trace=300000, nelems=37, elem type=char[])
ARR 50002706 (sz=120, trace=300000, nelems=60, elem type=char[])
OBJ 50002707 (sz=24, trace=300000, class=java.lang.String@5000016e)
	value		5000270a
OBJ 50002708 (sz=24, trace=300000, class=java.lang.String@5000016e)
	value		50002709
ARR 50002709 (sz=58, trace=300000, nelems=29, elem type=char[])
ARR 5000270a (sz=64, trace=300000, nelems=32, elem type=char[])
OBJ 5000270b (sz=24, trace=300000, class=java.lang.String@5000016e)
	value		5000270e
OBJ 5000270c (sz=24, trace=300000, class=java.lang.String@5000016e)
	value		5000270d
ARR 5000270d (sz=94, trace=300000, nelems=47, elem type=char[])
ARR 5000270e (sz=222, trace=300000, nelems=111, elem type=char[])
OBJ 5000270f (sz=24, trace=300000, class=java.lang.String@5000016e)
	value		50002712
OBJ 50002710 (sz=24, trace=300000, class=java.lang.String@5000016e)
	value		50002711
ARR 50002711 (sz=78, trace=300000, nelems=39, elem type=char[])
ARR 50002712 (sz=80, trace=300000, nelems=40, elem type=char[])
OBJ 50002713 (sz=24, trace=300000, class=java.lang.String@5000016e)
	value		50002716
OBJ 50002714 (sz=24, trace=300000, class=java.lang.String@5000016e)
	value		50002715
ARR 50002715 (sz=78, trace=300000, nelems=39, elem type=char[])
ARR 50002716 (sz=84, trace=300000, nelems=42, elem type=char[])
OBJ 50002717 (sz=24, trace=300000, class=java.lang.String@5000016e)
	value		5000271a
OBJ 50002718 (sz=24, trace=300000, class=java.lang.String@5000016e)
	value		50002719
ARR 50002719 (sz=70, trace=300000, nelems=35, elem type=char[])
ARR 5000271a (sz=46, trace=300000, nelems=23, elem type=char[])
OBJ 5000271b (sz=24, trace=300000, class=java.lang.String@5000016e)
	value		5000271e
OBJ 5000271c (sz=24, trace=300000, class=java.lang.String@5000016e)
	value		5000271d
ARR 5000271d (sz=94, trace=300000, nelems=47, elem type=char[])
ARR 5000271e (sz=80, trace=300000, nelems=40, elem type=char[])
OBJ 5000271f (sz=24, trace=300000, class=java.lang.String@5000016e)
	value		50002722
OBJ 50002720 (sz=24, trace=300000, class=java.lang.String@5000016e)
	value		50002721
ARR 50002721 (sz=104, trace=300000, nelems=52, elem type=char[])
ARR 50002722 (sz=110, trace=300000, nelems=55, elem type=char[])
OBJ 50002723 (sz=24, trace=300000, class=java.lang.String@5000016e)
	value		50002726
OBJ 50002724 (sz=24, trace=300000, class=java.lang.String@5000016e)
	value		50002725
ARR 50002725 (sz=58, trace=300000, nelems=29, elem type=char[])
ARR 50002726 (sz=68, trace=300000, nelems=34, elem type=char[])
OBJ 50002727 (sz=24, trace=300000, class=java.lang.String@5000016e)
	value		5000272a
OBJ 50002728 (sz=24, trace=300000, class=java.lang.String@5000016e)
	value		50002729
ARR 50002729 (sz=62, trace=300000, nelems=31, elem type=char[])
ARR 5000272a (sz=62, trace=300000, nelems=31, elem type=char[])
OBJ 5000272b (sz=24, trace=300000, class=java.lang.String@5000016e)
	value		5000272e
OBJ 5000272c (sz=24, trace=300000, class=java.lang.String@5000016e)
	value		5000272d
ARR 5000272d (sz=54, trace=300000, nelems=27, elem type=char[])
ARR 5000272e (sz=18, trace=300000, nelems=9, elem type=char[])
OBJ 5000272f (sz=24, trace=300000, class=java.lang.String@5000016e)
	value		50002732
OBJ 50002730 (sz=24, trace=300000, class=java.lang.String@5000016e)
	value		50002731
ARR 50002731 (sz=78, trace=300000, nelems=39, elem type=char[])
ARR 50002732 (sz=52, trace=300000, nelems=26, elem type=char[])
OBJ 50002733 (sz=24, trace=300000, class=java.lang.String@5000016e)
	value		50002736
OBJ 50002734 (sz=24, trace=300000, class=java.lang.String@5000016e)
	value		50002735
ARR 50002735 (sz=72, trace=300000, nelems=36, elem type=char[])
ARR 50002736 (sz=164, trace=300000, nelems=82, elem type=char[])
OBJ 50002737 (sz=24, trace=300000, class=java.lang.String@5000016e)
	value		5000273a
OBJ 50002738 (sz=24, trace=300000, class=java.lang.String@5000016e)
	value		50002739
ARR 50002739 (sz=102, trace=300000, nelems=51, elem type=char[])
ARR 5000273a (sz=78, trace=300000, nelems=39, elem type=char[])
OBJ 5000273b (sz=24, trace=300000, class=java.lang.String@5000016e)
	value		5000273e
OBJ 5000273c (sz=24, trace=300000, class=java.lang.String@5000016e)
	value		5000273d
ARR 5000273d (sz=52, trace=300000, nelems=26, elem type=char[])
ARR 5000273e (sz=20, trace=300000, nelems=10, elem type=char[])
OBJ 5000273f (sz=24, trace=300000, class=java.lang.String@5000016e)
	value		50002742
OBJ 50002740 (sz=24, trace=300000, class=java.lang.String@5000016e)
	value		50002741
ARR 50002741 (sz=56, trace=300000, nelems=28, elem type=char[])
ARR 50002742 (sz=68, trace=300000, nelems=34, elem type=char[])
OBJ 50002743 (sz=24, trace=300000, class=java.lang.String@5000016e)
	value		50002746
OBJ 50002744 (sz=24, trace=300000, class=java.lang.String@5000016e)
	value		50002745
ARR 50002745 (sz=90, trace=300000, nelems=45, elem type=char[])
ARR 50002746 (sz=86, trace=300000, nelems=43, elem type=char[])
OBJ 50002747 (sz=24, trace=300000, class=java.lang.String@5000016e)
	value		5000274a
OBJ 50002748 (sz=24, trace=300000, class=java.lang.String@5000016e)
	value		50002749
ARR 50002749 (sz=112, trace=300000, nelems=56, elem type=char[])
ARR 5000274a (sz=130, trace=300000, nelems=65, elem type=char[])
OBJ 5000274b (sz=24, trace=300000, class=java.lang.String@5000016e)
	value		5000274e
OBJ 5000274c (sz=24, trace=300000, class=java.lang.String@5000016e)
	value		5000274d
ARR 5000274d (sz=82, trace=300000, nelems=41, elem type=char[])
ARR 5000274e (sz=122, trace=300000, nelems=61, elem type=char[])
OBJ 5000274f (sz=24, trace=300000, class=java.lang.String@5000016e)
	value		50002752
OBJ 50002750 (sz=24, trace=300000, class=java.lang.String@5000016e)
	value		50002751
ARR 50002751 (sz=84, trace=300000, nelems=42, elem type=char[])
ARR 50002752 (sz=222, trace=300000, nelems=111, elem type=char[])
OBJ 50002753 (sz=24, trace=300000, class=java.lang.String@5000016e)
	value		50002756
OBJ 50002754 (sz=24, trace=300000, class=java.lang.String@5000016e)
	value		50002755
ARR 50002755 (sz=92, trace=300000, nelems=46, elem type=char[])
ARR 50002756 (sz=76, trace=300000, nelems=38, elem type=char[])
OBJ 50002757 (sz=24, trace=300000, class=java.lang.String@5000016e)
	value		5000275a
OBJ 50002758 (sz=24, trace=300000, class=java.lang.String@5000016e)
	value		50002759
ARR 50002759 (sz=66, trace=300000, nelems=33, elem type=char[])
ARR 5000275a (sz=284, trace=300000, nelems=142, elem type=char[])
OBJ 5000275b (sz=24, trace=300000, class=java.lang.String@5000016e)
	value		5000275e
OBJ 5000275c (sz=24, trace=300000, class=java.lang.String@5000016e)
	value		5000275d
ARR 5000275d (sz=118, trace=300000, nelems=59, elem type=char[])
ARR 5000275e (sz=148, trace=300000, nelems=74, elem type=char[])
OBJ 5000275f (sz=24, trace=300000, class=java.lang.String@5000016e)
	value		50002762
OBJ 50002760 (sz=24, trace=300000, class=java.lang.String@5000016e)
	value		50002761
ARR 50002761 (sz=82, trace=300000, nelems=41, elem type=char[])
ARR 50002762 (sz=86, trace=300000, nelems=43, elem type=char[])
OBJ 50002763 (sz=24, trace=300000, class=java.lang.String@5000016e)
	value		50002766
OBJ 50002764 (sz=24, trace=300000, class=java.lang.String@5000016e)
	value		50002765
ARR 50002765 (sz=96, trace=300000, nelems=48, elem type=char[])
ARR 50002766 (sz=82, trace=300000, nelems=41, elem type=char[])
OBJ 50002767 (sz=24, trace=300000, class=java.lang.String@5000016e)
	value		5000276a
OBJ 50002768 (sz=24, trace=300000, class=java.lang.String@5000016e)
	value		50002769
ARR 50002769 (sz=70, trace=300000, nelems=35, elem type=char[])
ARR 5000276a (sz=70, trace=300000, nelems=35, elem type=char[])
OBJ 5000276b (sz=24, trace=300000, class=java.lang.String@5000016e)
	value		5000276e
OBJ 5000276c (sz=24, trace=300000, class=java.lang.String@5000016e)
	value		5000276d
ARR 5000276d (sz=74, trace=300000, nelems=37, elem type=char[])
ARR 5000276e (sz=94, trace=300000, nelems=47, elem type=char[])
OBJ 5000276f (sz=24, trace=300000, class=java.lang.String@5000016e)
	value		50002772
OBJ 50002770 (sz=24, trace=300000, class=java.lang.String@5000016e)
	value		50002771
ARR 50002771 (sz=72, trace=300000, nelems=36, elem type=char[])
ARR 50002772 (sz=66, trace=300000, nelems=33, elem type=char[])
OBJ 50002773 (sz=24, trace=300000, class=java.lang.String@5000016e)
	value		50002776
OBJ 50002774 (sz=24, trace=300000, class=java.lang.String@5000016e)
	value		50002775
ARR 50002775 (sz=58, trace=300000, nelems=29, elem type=char[])
ARR 50002776 (sz=144, trace=300000, nelems=72, elem type=char[])
OBJ 50002777 (sz=24, trace=300000, class=java.lang.String@5000016e)
	value		5000277a
OBJ 50002778 (sz=24, trace=300000, class=java.lang.String@5000016e)
	value		50002779
ARR 50002779 (sz=80, trace=300000, nelems=40, elem type=char[])
ARR 5000277a (sz=82, trace=300000, nelems=41, elem type=char[])
OBJ 5000277b (sz=24, trace=300000, class=java.lang.String@5000016e)
	value		5000277e
OBJ 5000277c (sz=24, trace=300000, class=java.lang.String@5000016e)
	value		5000277d
ARR 5000277d (sz=42, trace=300000, nelems=21, elem type=char[])
ARR 5000277e (sz=24, trace=300000, nelems=12, elem type=char[])
OBJ 5000277f (sz=24, trace=300000, class=java.lang.String@5000016e)
	value		50002780
ARR 50002780 (sz=78, trace=300000, nelems=39, elem type=char[])
OBJ 50002781 (sz=24, trace=300000, class=java.lang.String@5000016e)
	value		50002784
OBJ 50002782 (sz=24, trace=300000, class=java.lang.String@5000016e)
	value		50002783
ARR 50002783 (sz=86, trace=300000, nelems=43, elem type=char[])
ARR 50002784 (sz=94, trace=300000, nelems=47, elem type=char[])
OBJ 50002785 (sz=24, trace=300000, class=java.lang.String@5000016e)
	value		50002788
OBJ 50002786 (sz=24, trace=300000, class=java.lang.String@5000016e)
	value		50002787
ARR 50002787 (sz=80, trace=300000, nelems=40, elem type=char[])
ARR 50002788 (sz=114, trace=300000, nelems=57, elem type=char[])
OBJ 50002789 (sz=24, trace=300000, class=java.lang.String@5000016e)
	value		5000278c
OBJ 5000278a (sz=24, trace=300000, class=java.lang.String@5000016e)
	value		5000278b
ARR 5000278b (sz=56, trace=300000, nelems=28, elem type=char[])
ARR 5000278c (sz=76, trace=300000, nelems=38, elem type=char[])
OBJ 5000278d (sz=24, trace=300000, class=java.lang.String@5000016e)
	value		50002790
OBJ 5000278e (sz=24, trace=300000, class=java.lang.String@5000016e)
	value		5000278f
ARR 5000278f (sz=80, trace=300000, nelems=40, elem type=char[])
ARR 50002790 (sz=198, trace=300000, nelems=99, elem type=char[])
OBJ 50002791 (sz=24, trace=300000, class=java.lang.String@5000016e)
	value		50002794
OBJ 50002792 (sz=24, trace=300000, class=java.lang.String@5000016e)
	value		50002793
ARR 50002793 (sz=106, trace=300000, nelems=53, elem type=char[])
ARR 50002794 (sz=164, trace=300000, nelems=82, elem type=char[])
OBJ 50002795 (sz=24, trace=300000, class=java.lang.String@5000016e)
	value		50002798
OBJ 50002796 (sz=24, trace=300000, class=java.lang.String@5000016e)
	value		50002797
ARR 50002797 (sz=84, trace=300000, nelems=42, elem type=char[])
ARR 50002798 (sz=70, trace=300000, nelems=35, elem type=char[])
OBJ 50002799 (sz=24, trace=300000, class=java.lang.String@5000016e)
	value		5000279c
OBJ 5000279a (sz=24, trace=300000, class=java.lang.String@5000016e)
	value		5000279b
ARR 5000279b (sz=80, trace=300000, nelems=40, elem type=char[])
ARR 5000279c (sz=82, trace=300000, nelems=41, elem type=char[])
OBJ 5000279d (sz=24, trace=300000, class=java.lang.String@5000016e)
	value		500027a0
OBJ 5000279e (sz=24, trace=300000, class=java.lang.String@5000016e)
	value		5000279f
ARR 5000279f (sz=106, trace=300000, nelems=53, elem type=char[])
ARR 500027a0 (sz=110, trace=300000, nelems=55, elem type=char[])
OBJ 500027a1 (sz=24, trace=300000, class=java.lang.String@5000016e)
	value		500027a4
OBJ 500027a2 (sz=24, trace=300000, class=java.lang.String@5000016e)
	value		500027a3
ARR 500027a3 (sz=68, trace=300000, nelems=34, elem type=char[])
ARR 500027a4 (sz=278, trace=300000, nelems=139, elem type=char[])
OBJ 500027a5 (sz=24, trace=300000, class=java.lang.String@5000016e)
	value		500027a8
OBJ 500027a6 (sz=24, trace=300000, class=java.lang.String@5000016e)
	value		500027a7
ARR 500027a7 (sz=68, trace=300000, nelems=34, elem type=char[])
ARR 500027a8 (sz=54, trace=300000, nelems=27, elem type=char[])
OBJ 500027a9 (sz=24, trace=300000, class=java.lang.String@5000016e)
	value		500027ac
OBJ 500027aa (sz=24, trace=300000, class=java.lang.String@5000016e)
	value		500027ab
ARR 500027ab (sz=64, trace=300000, nelems=32, elem type=char[])
ARR 500027ac (sz=20, trace=300000, nelems=10, elem type=char[])
OBJ 500027ad (sz=24, trace=300000, class=java.lang.String@5000016e)
	value		500027b0
OBJ 500027ae (sz=24, trace=300000, class=java.lang.String@5000016e)
	value		500027af
ARR 500027af (sz=36, trace=300000, nelems=18, elem type=char[])
ARR 500027b0 (sz=14, trace=300000, nelems=7, elem type=char[])
OBJ 500027b1 (sz=24, trace=300000, class=java.lang.String@5000016e)
	value		500027b4
OBJ 500027b2 (sz=24, trace=300000, class=java.lang.String@5000016e)
	value		500027b3
ARR 500027b3 (sz=82, trace=300000, nelems=41, elem type=char[])
ARR 500027b4 (sz=130, trace=300000, nelems=65, elem type=char[])
OBJ 500027b5 (sz=24, trace=300000, class=java.lang.String@5000016e)
	value		500027b8
OBJ 500027b6 (sz=24, trace=300000, class=java.lang.String@5000016e)
	value		500027b7
ARR 500027b7 (sz=88, trace=300000, nelems=44, elem type=char[])
ARR 500027b8 (sz=202, trace=300000, nelems=101, elem type=char[])
OBJ 500027b9 (sz=24, trace=300000, class=java.lang.String@5000016e)
	value		500027bc
OBJ 500027ba (sz=24, trace=300000, class=java.lang.String@5000016e)
	value		500027bb
ARR 500027bb (sz=88, trace=300000, nelems=44, elem type=char[])
ARR 500027bc (sz=70, trace=300000, nelems=35, elem type=char[])
OBJ 500027bd (sz=24, trace=300000, class=java.lang.String@5000016e)
	value		500027c0
OBJ 500027be (sz=24, trace=300000, class=java.lang.String@5000016e)
	value		500027bf
ARR 500027bf (sz=96, trace=300000, nelems=48, elem type=char[])
ARR 500027c0 (sz=66, trace=300000, nelems=33, elem type=char[])
OBJ 500027c1 (sz=24, trace=300000, class=java.lang.String@5000016e)
	value		500027c4
OBJ 500027c2 (sz=24, trace=300000, class=java.lang.String@5000016e)
	value		500027c3
ARR 500027c3 (sz=112, trace=300000, nelems=56, elem type=char[])
ARR 500027c4 (sz=126, trace=300000, nelems=63, elem type=char[])
OBJ 500027c5 (sz=24, trace=300000, class=java.lang.String@5000016e)
	value		500027c6
ARR 500027c6 (sz=78, trace=300000, nelems=39, elem type=char[])
OBJ 500027c7 (sz=24, trace=300000, class=java.lang.String@5000016e)
	value		500027ca
OBJ 500027c8 (sz=24, trace=300000, class=java.lang.String@5000016e)
	value		500027c9
ARR 500027c9 (sz=90, trace=300000, nelems=45, elem type=char[])
ARR 500027ca (sz=90, trace=300000, nelems=45, elem type=char[])
OBJ 500027cb (sz=24, trace=300000, class=java.lang.String@5000016e)
	value		500027ce
OBJ 500027cc (sz=24, trace=300000, class=java.lang.String@5000016e)
	value		500027cd
ARR 500027cd (sz=100, trace=300000, nelems=50, elem type=char[])
ARR 500027ce (sz=208, trace=300000, nelems=104, elem type=char[])
OBJ 500027cf (sz=24, trace=300000, class=java.lang.String@5000016e)
	value		500027d2
OBJ 500027d0 (sz=24, trace=300000, class=java.lang.String@5000016e)
	value		500027d1
ARR 500027d1 (sz=74, trace=300000, nelems=37, elem type=char[])
ARR 500027d2 (sz=108, trace=300000, nelems=54, elem type=char[])
OBJ 500027d3 (sz=24, trace=300000, class=java.lang.String@5000016e)
	value		500027d6
OBJ 500027d4 (sz=24, trace=300000, class=java.lang.String@5000016e)
	value		500027d5
ARR 500027d5 (sz=94, trace=300000, nelems=47, elem type=char[])
ARR 500027d6 (sz=140, trace=300000, nelems=70, elem type=char[])
OBJ 500027d7 (sz=24, trace=300000, class=java.lang.String@5000016e)
	value		500027da
OBJ 500027d8 (sz=24, trace=300000, class=java.lang.String@5000016e)
	value		500027d9
ARR 500027d9 (sz=70, trace=300000, nelems=35, elem type=char[])
ARR 500027da (sz=68, trace=300000, nelems=34, elem type=char[])
OBJ 500027db (sz=24, trace=300000, class=java.lang.String@5000016e)
	value		500027de
OBJ 500027dc (sz=24, trace=300000, class=java.lang.String@5000016e)
	value		500027dd
ARR 500027dd (sz=116, trace=300000, nelems=58, elem type=char[])
ARR 500027de (sz=132, trace=300000, nelems=66, elem type=char[])
OBJ 500027df (sz=24, trace=300000, class=java.lang.String@5000016e)
	value		500027e2
OBJ 500027e0 (sz=24, trace=300000, class=java.lang.String@5000016e)
	value		500027e1
ARR 500027e1 (sz=88, trace=300000, nelems=44, elem type=char[])
ARR 500027e2 (sz=58, trace=300000, nelems=29, elem type=char[])
OBJ 500027e3 (sz=24, trace=300000, class=java.lang.String@5000016e)
	value		500027e6
OBJ 500027e4 (sz=24, trace=300000, class=java.lang.String@5000016e)
	value		500027e5
ARR 500027e5 (sz=60, trace=300000, nelems=30, elem type=char[])
ARR 500027e6 (sz=40, trace=300000, nelems=20, elem type=char[])
OBJ 500027e7 (sz=24, trace=300000, class=java.lang.String@5000016e)
	value		500027ea
OBJ 500027e8 (sz=24, trace=300000, class=java.lang.String@5000016e)
	value		500027e9
ARR 500027e9 (sz=90, trace=300000, nelems=45, elem type=char[])
ARR 500027ea (sz=44, trace=300000, nelems=22, elem type=char[])
OBJ 500027eb (sz=24, trace=300000, class=java.lang.String@5000016e)
	value		500027ee
OBJ 500027ec (sz=24, trace=300000, class=java.lang.String@5000016e)
	value		500027ed
ARR 500027ed (sz=72, trace=300000, nelems=36, elem type=char[])
ARR 500027ee (sz=40, trace=300000, nelems=20, elem type=char[])
OBJ 500027ef (sz=24, trace=300000, class=java.lang.String@5000016e)
	value		500027f2
OBJ 500027f0 (sz=24, trace=300000, class=java.lang.String@5000016e)
	value		500027f1
ARR 500027f1 (sz=102, trace=300000, nelems=51, elem type=char[])
ARR 500027f2 (sz=80, trace=300000, nelems=40, elem type=char[])
OBJ 500027f3 (sz=24, trace=300000, class=java.lang.String@5000016e)
	value		500027f6
OBJ 500027f4 (sz=24, trace=300000, class=java.lang.String@5000016e)
	value		500027f5
ARR 500027f5 (sz=88, trace=300000, nelems=44, elem type=char[])
ARR 500027f6 (sz=228, trace=300000, nelems=114, elem type=char[])
OBJ 500027f7 (sz=24, trace=300000, class=java.lang.String@5000016e)
	value		500027fa
OBJ 500027f8 (sz=24, trace=300000, class=java.lang.String@5000016e)
	value		500027f9
ARR 500027f9 (sz=80, trace=300000, nelems=40, elem type=char[])
ARR 500027fa (sz=54, trace=300000, nelems=27, elem type=char[])
OBJ 500027fb (sz=24, trace=300000, class=java.lang.String@5000016e)
	value		500027fe
OBJ 500027fc (sz=24, trace=300000, class=java.lang.String@5000016e)
	value		500027fd
ARR 500027fd (sz=80, trace=300000, nelems=40, elem type=char[])
ARR 500027fe (sz=170, trace=300000, nelems=85, elem type=char[])
OBJ 500027ff (sz=24, trace=300000, class=java.lang.String@5000016e)
	value		50002802
OBJ 50002800 (sz=24, trace=300000, class=java.lang.String@5000016e)
	value		50002801
ARR 50002801 (sz=66, trace=300000, nelems=33, elem type=char[])
ARR 50002802 (sz=48, trace=300000, nelems=24, elem type=char[])
OBJ 50002803 (sz=24, trace=300000, class=java.lang.String@5000016e)
	value		50002806
OBJ 50002804 (sz=24, trace=300000, class=java.lang.String@5000016e)
	value		50002805
ARR 50002805 (sz=72, trace=300000, nelems=36, elem type=char[])
ARR 50002806 (sz=218, trace=300000, nelems=109, elem type=char[])
OBJ 50002807 (sz=24, trace=300000, class=java.lang.String@5000016e)
	value		5000280a
OBJ 50002808 (sz=24, trace=300000, class=java.lang.String@5000016e)
	value		50002809
ARR 50002809 (sz=84, trace=300000, nelems=42, elem type=char[])
ARR 5000280a (sz=76, trace=300000, nelems=38, elem type=char[])
OBJ 5000280b (sz=24, trace=300000, class=java.lang.String@5000016e)
	value		5000280c
ARR 5000280c (sz=54, trace=300000, nelems=27, elem type=char[])
OBJ 5000280d (sz=24, trace=300000, class=java.lang.String@5000016e)
	value		50002810
OBJ 5000280e (sz=24, trace=300000, class=java.lang.String@5000016e)
	value		5000280f
ARR 5000280f (sz=76, trace=300000, nelems=38, elem type=char[])
ARR 50002810 (sz=92, trace=300000, nelems=46, elem type=char[])
OBJ 50002811 (sz=24, trace=300000, class=java.lang.String@5000016e)
	value		50002814
OBJ 50002812 (sz=24, trace=300000, class=java.lang.String@5000016e)
	value		50002813
ARR 50002813 (sz=72, trace=300000, nelems=36, elem type=char[])
ARR 50002814 (sz=184, trace=300000, nelems=92, elem type=char[])
OBJ 50002815 (sz=24, trace=300000, class=java.lang.String@5000016e)
	value		50002818
OBJ 50002816 (sz=24, trace=300000, class=java.lang.String@5000016e)
	value		50002817
ARR 50002817 (sz=66, trace=300000, nelems=33, elem type=char[])
ARR 50002818 (sz=84, trace=300000, nelems=42, elem type=char[])
OBJ 50002819 (sz=24, trace=300000, class=java.lang.String@5000016e)
	value		5000281c
OBJ 5000281a (sz=24, trace=300000, class=java.lang.String@5000016e)
	value		5000281b
ARR 5000281b (sz=54, trace=300000, nelems=27, elem type=char[])
ARR 5000281c (sz=46, trace=300000, nelems=23, elem type=char[])
OBJ 5000281d (sz=24, trace=300000, class=java.lang.String@5000016e)
	value		50002820
OBJ 5000281e (sz=24, trace=300000, class=java.lang.String@5000016e)
	value		5000281f
ARR 5000281f (sz=54, trace=300000, nelems=27, elem type=char[])
ARR 50002820 (sz=42, trace=300000, nelems=21, elem type=char[])
OBJ 50002821 (sz=24, trace=300000, class=java.lang.String@5000016e)
	value		50002824
OBJ 50002822 (sz=24, trace=300000, class=java.lang.String@5000016e)
	value		50002823
ARR 50002823 (sz=96, trace=300000, nelems=48, elem type=char[])
ARR 50002824 (sz=162, trace=300000, nelems=81, elem type=char[])
OBJ 50002825 (sz=24, trace=300000, class=java.lang.String@5000016e)
	value		50002828
OBJ 50002826 (sz=24, trace=300000, class=java.lang.String@5000016e)
	value		50002827
ARR 50002827 (sz=54, trace=300000, nelems=27, elem type=char[])
ARR 50002828 (sz=36, trace=300000, nelems=18, elem type=char[])
OBJ 50002829 (sz=24, trace=300000, class=java.lang.String@5000016e)
	value		5000282c
OBJ 5000282a (sz=24, trace=300000, class=java.lang.String@5000016e)
	value		5000282b
ARR 5000282b (sz=66, trace=300000, nelems=33, elem type=char[])
ARR 5000282c (sz=70, trace=300000, nelems=35, elem type=char[])
OBJ 5000282d (sz=24, trace=300000, class=java.lang.String@5000016e)
	value		50002830
OBJ 5000282e (sz=24, trace=300000, class=java.lang.String@5000016e)
	value		5000282f
ARR 5000282f (sz=84, trace=300000, nelems=42, elem type=char[])
ARR 50002830 (sz=90, trace=300000, nelems=45, elem type=char[])
OBJ 50002831 (sz=24, trace=300000, class=java.lang.String@5000016e)
	value		50002834
OBJ 50002832 (sz=24, trace=300000, class=java.lang.String@5000016e)
	value		50002833
ARR 50002833 (sz=62, trace=300000, nelems=31, elem type=char[])
ARR 50002834 (sz=16, trace=300000, nelems=8, elem type=char[])
OBJ 50002835 (sz=24, trace=300000, class=java.lang.String@5000016e)
	value		50002838
OBJ 50002836 (sz=24, trace=300000, class=java.lang.String@5000016e)
	value		50002837
ARR 50002837 (sz=62, trace=300000, nelems=31, elem type=char[])
ARR 50002838 (sz=256, trace=300000, nelems=128, elem type=char[])
OBJ 50002839 (sz=24, trace=300000, class=java.lang.String@5000016e)
	value		5000283c
OBJ 5000283a (sz=24, trace=300000, class=java.lang.String@5000016e)
	value		5000283b
ARR 5000283b (sz=44, trace=300000, nelems=22, elem type=char[])
ARR 5000283c (sz=14, trace=300000, nelems=7, elem type=char[])
OBJ 5000283d (sz=24, trace=300000, class=java.lang.String@5000016e)
	value		50002840
OBJ 5000283e (sz=24, trace=300000, class=java.lang.String@5000016e)
	value		5000283f
ARR 5000283f (sz=68, trace=300000, nelems=34, elem type=char[])
ARR 50002840 (sz=88, trace=300000, nelems=44, elem type=char[])
OBJ 50002841 (sz=24, trace=300000, class=java.lang.String@5000016e)
	value		50002844
OBJ 50002842 (sz=24, trace=300000, class=java.lang.String@5000016e)
	value		50002843
ARR 50002843 (sz=60, trace=300000, nelems=30, elem type=char[])
ARR 50002844 (sz=104, trace=300000, nelems=52, elem type=char[])
OBJ 50002845 (sz=24, trace=300000, class=java.lang.String@5000016e)
	value		50002846
ARR 50002846 (sz=48, trace=300000, nelems=24, elem type=char[])
OBJ 50002847 (sz=24, trace=300000, class=java.lang.String@5000016e)
	value		5000284a
OBJ 50002848 (sz=24, trace=300000, class=java.lang.String@5000016e)
	value		50002849
ARR 50002849 (sz=60, trace=300000, nelems=30, elem type=char[])
ARR 5000284a (sz=100, trace=300000, nelems=50, elem type=char[])
OBJ 5000284b (sz=24, trace=300000, class=java.lang.String@5000016e)
	value		5000284e
OBJ 5000284c (sz=24, trace=300000, class=java.lang.String@5000016e)
	value		5000284d
ARR 5000284d (sz=78, trace=300000, nelems=39, elem type=char[])
ARR 5000284e (sz=58, trace=300000, nelems=29, elem type=char[])
OBJ 5000284f (sz=24, trace=300000, class=java.lang.String@5000016e)
	value		50002852
OBJ 50002850 (sz=24, trace=300000, class=java.lang.String@5000016e)
	value		50002851
ARR 50002851 (sz=100, trace=300000, nelems=50, elem type=char[])
ARR 50002852 (sz=244, trace=300000, nelems=122, elem type=char[])
OBJ 50002853 (sz=24, trace=300000, class=java.lang.String@5000016e)
	value		50002856
OBJ 50002854 (sz=24, trace=300000, class=java.lang.String@5000016e)
	value		50002855
ARR 50002855 (sz=68, trace=300000, nelems=34, elem type=char[])
ARR 50002856 (sz=92, trace=300000, nelems=46, elem type=char[])
OBJ 50002857 (sz=24, trace=300000, class=java.lang.String@5000016e)
	value		5000285a
OBJ 50002858 (sz=24, trace=300000, class=java.lang.String@5000016e)
	value		50002859
ARR 50002859 (sz=74, trace=300000, nelems=37, elem type=char[])
ARR 5000285a (sz=78, trace=300000, nelems=39, elem type=char[])
OBJ 5000285b (sz=24, trace=300000, class=java.lang.String@5000016e)
	value		5000285e
OBJ 5000285c (sz=24, trace=300000, class=java.lang.String@5000016e)
	value		5000285d
ARR 5000285d (sz=96, trace=300000, nelems=48, elem type=char[])
ARR 5000285e (sz=126, trace=300000, nelems=63, elem type=char[])
OBJ 5000285f (sz=24, trace=300000, class=java.lang.String@5000016e)
	value		50002862
OBJ 50002860 (sz=24, trace=300000, class=java.lang.String@5000016e)
	value		50002861
ARR 50002861 (sz=66, trace=300000, nelems=33, elem type=char[])
ARR 50002862 (sz=48, trace=300000, nelems=24, elem type=char[])
OBJ 50002863 (sz=24, trace=300000, class=java.lang.String@5000016e)
	value		50002866
OBJ 50002864 (sz=24, trace=300000, class=java.lang.String@5000016e)
	value		50002865
ARR 50002865 (sz=74, trace=300000, nelems=37, elem type=char[])
ARR 50002866 (sz=84, trace=300000, nelems=42, elem type=char[])
OBJ 50002867 (sz=24, trace=300000, class=java.lang.String@5000016e)
	value		5000286a
OBJ 50002868 (sz=24, trace=300000, class=java.lang.String@5000016e)
	value		50002869
ARR 50002869 (sz=82, trace=300000, nelems=41, elem type=char[])
ARR 5000286a (sz=58, trace=300000, nelems=29, elem type=char[])
OBJ 5000286b (sz=24, trace=300000, class=java.lang.String@5000016e)
	value		5000286e
OBJ 5000286c (sz=24, trace=300000, class=java.lang.String@5000016e)
	value		5000286d
ARR 5000286d (sz=78, trace=300000, nelems=39, elem type=char[])
ARR 5000286e (sz=112, trace=300000, nelems=56, elem type=char[])
OBJ 5000286f (sz=24, trace=300000, class=java.lang.String@5000016e)
	value		50002872
OBJ 50002870 (sz=24, trace=300000, class=java.lang.String@5000016e)
	value		50002871
ARR 50002871 (sz=82, trace=300000, nelems=41, elem type=char[])
ARR 50002872 (sz=126, trace=300000, nelems=63, elem type=char[])
OBJ 50002873 (sz=24, trace=300000, class=java.lang.String@5000016e)
	value		50002876
OBJ 50002874 (sz=24, trace=300000, class=java.lang.String@5000016e)
	value		50002875
ARR 50002875 (sz=66, trace=300000, nelems=33, elem type=char[])
ARR 50002876 (sz=50, trace=300000, nelems=25, elem type=char[])
OBJ 50002877 (sz=24, trace=300000, class=java.lang.String@5000016e)
	value		5000287a
OBJ 50002878 (sz=24, trace=300000, class=java.lang.String@5000016e)
	value		50002879
ARR 50002879 (sz=46, trace=300000, nelems=23, elem type=char[])
ARR 5000287a (sz=36, trace=300000, nelems=18, elem type=char[])
OBJ 5000287b (sz=24, trace=300000, class=java.lang.String@5000016e)
	value		5000287e
OBJ 5000287c (sz=24, trace=300000, class=java.lang.String@5000016e)
	value		5000287d
ARR 5000287d (sz=118, trace=300000, nelems=59, elem type=char[])
ARR 5000287e (sz=220, trace=300000, nelems=110, elem type=char[])
OBJ 5000287f (sz=24, trace=300000, class=java.lang.String@5000016e)
	value		50002882
OBJ 50002880 (sz=24, trace=300000, class=java.lang.String@5000016e)
	value		50002881
ARR 50002881 (sz=64, trace=300000, nelems=32, elem type=char[])
ARR 50002882 (sz=102, trace=300000, nelems=51, elem type=char[])
OBJ 50002883 (sz=24, trace=300000, class=java.lang.String@5000016e)
	value		50002886
OBJ 50002884 (sz=24, trace=300000, class=java.lang.String@5000016e)
	value		50002885
ARR 50002885 (sz=72, trace=300000, nelems=36, elem type=char[])
ARR 50002886 (sz=30, trace=300000, nelems=15, elem type=char[])
OBJ 50002887 (sz=24, trace=300000, class=java.lang.String@5000016e)
	value		5000288a
OBJ 50002888 (sz=24, trace=300000, class=java.lang.String@5000016e)
	value		50002889
ARR 50002889 (sz=86, trace=300000, nelems=43, elem type=char[])
ARR 5000288a (sz=78, trace=300000, nelems=39, elem type=char[])
OBJ 5000288b (sz=24, trace=300000, class=java.lang.String@5000016e)
	value		5000288e
OBJ 5000288c (sz=24, trace=300000, class=java.lang.String@5000016e)
	value		5000288d
ARR 5000288d (sz=124, trace=300000, nelems=62, elem type=char[])
ARR 5000288e (sz=280, trace=300000, nelems=140, elem type=char[])
OBJ 5000288f (sz=24, trace=300000, class=java.lang.String@5000016e)
	value		50002892
OBJ 50002890 (sz=24, trace=300000, class=java.lang.String@5000016e)
	value		50002891
ARR 50002891 (sz=92, trace=300000, nelems=46, elem type=char[])
ARR 50002892 (sz=66, trace=300000, nelems=33, elem type=char[])
OBJ 50002893 (sz=24, trace=300000, class=java.lang.String@5000016e)
	value		50002896
OBJ 50002894 (sz=24, trace=300000, class=java.lang.String@5000016e)
	value		50002895
ARR 50002895 (sz=94, trace=300000, nelems=47, elem type=char[])
ARR 50002896 (sz=196, trace=300000, nelems=98, elem type=char[])
OBJ 50002897 (sz=24, trace=300000, class=java.lang.String@5000016e)
	value		5000289a
OBJ 50002898 (sz=24, trace=300000, class=java.lang.String@5000016e)
	value		50002899
ARR 50002899 (sz=100, trace=300000, nelems=50, elem type=char[])
ARR 5000289a (sz=340, trace=300000, nelems=170, elem type=char[])
OBJ 5000289b (sz=24, trace=300000, class=java.lang.String@5000016e)
	value		5000289e
OBJ 5000289c (sz=24, trace=300000, class=java.lang.String@5000016e)
	value		5000289d
ARR 5000289d (sz=66, trace=300000, nelems=33, elem type=char[])
ARR 5000289e (sz=98, trace=300000, nelems=49, elem type=char[])
OBJ 5000289f (sz=24, trace=300000, class=java.lang.String@5000016e)
	value		500028a2
OBJ 500028a0 (sz=24, trace=300000, class=java.lang.String@5000016e)
	value		500028a1
ARR 500028a1 (sz=48, trace=300000, nelems=24, elem type=char[])
ARR 500028a2 (sz=22, trace=300000, nelems=11, elem type=char[])
OBJ 500028a3 (sz=24, trace=300000, class=java.lang.String@5000016e)
	value		500028a6
OBJ 500028a4 (sz=24, trace=300000, class=java.lang.String@5000016e)
	value		500028a5
ARR 500028a5 (sz=62, trace=300000, nelems=31, elem type=char[])
ARR 500028a6 (sz=126, trace=300000, nelems=63, elem type=char[])
OBJ 500028a7 (sz=24, trace=300000, class=java.lang.String@5000016e)
	value		500028aa
OBJ 500028a8 (sz=24, trace=300000, class=java.lang.String@5000016e)
	value		500028a9
ARR 500028a9 (sz=58, trace=300000, nelems=29, elem type=char[])
ARR 500028aa (sz=148, trace=300000, nelems=74, elem type=char[])
OBJ 500028ab (sz=24, trace=300000, class=java.lang.String@5000016e)
	value		500028ae
OBJ 500028ac (sz=24, trace=300000, class=java.lang.String@5000016e)
	value		500028ad
ARR 500028ad (sz=48, trace=300000, nelems=24, elem type=char[])
ARR 500028ae (sz=12, trace=300000, nelems=6, elem type=char[])
OBJ 500028af (sz=24, trace=300000, class=java.lang.String@5000016e)
	value		500028b2
OBJ 500028b0 (sz=24, trace=300000, class=java.lang.String@5000016e)
	value		500028b1
ARR 500028b1 (sz=60, trace=300000, nelems=30, elem type=char[])
ARR 500028b2 (sz=28, trace=300000, nelems=14, elem type=char[])
OBJ 500028b3 (sz=24, trace=300000, class=java.lang.String@5000016e)
	value		500028b6
OBJ 500028b4 (sz=24, trace=300000, class=java.lang.String@5000016e)
	value		500028b5
ARR 500028b5 (sz=40, trace=300000, nelems=20, elem type=char[])
ARR 500028b6 (sz=38, trace=300000, nelems=19, elem type=char[])
OBJ 500028b7 (sz=24, trace=300000, class=java.lang.String@5000016e)
	value		500028b8
ARR 500028b8 (sz=54, trace=300000, nelems=27, elem type=char[])
OBJ 500028b9 (sz=24, trace=300000, class=java.lang.String@5000016e)
	value		500028bc
OBJ 500028ba (sz=24, trace=300000, class=java.lang.String@5000016e)
	value		500028bb
ARR 500028bb (sz=84, trace=300000, nelems=42, elem type=char[])
ARR 500028bc (sz=94, trace=300000, nelems=47, elem type=char[])
OBJ 500028bd (sz=24, trace=300000, class=java.lang.String@5000016e)
	value		500028c0
OBJ 500028be (sz=24, trace=300000, class=java.lang.String@5000016e)
	value		500028bf
ARR 500028bf (sz=68, trace=300000, nelems=34, elem type=char[])
ARR 500028c0 (sz=88, trace=300000, nelems=44, elem type=char[])
OBJ 500028c1 (sz=24, trace=300000, class=java.lang.String@5000016e)
	value		500028c4
OBJ 500028c2 (sz=24, trace=300000, class=java.lang.String@5000016e)
	value		500028c3
ARR 500028c3 (sz=92, trace=300000, nelems=46, elem type=char[])
ARR 500028c4 (sz=98, trace=300000, nelems=49, elem type=char[])
OBJ 500028c5 (sz=24, trace=300000, class=java.lang.String@5000016e)
	value		500028c8
OBJ 500028c6 (sz=24, trace=300000, class=java.lang.String@5000016e)
	value		500028c7
ARR 500028c7 (sz=78, trace=300000, nelems=39, elem type=char[])
ARR 500028c8 (sz=110, trace=300000, nelems=55, elem type=char[])
OBJ 500028c9 (sz=24, trace=300000, class=java.lang.String@5000016e)
	value		500028cc
OBJ 500028ca (sz=24, trace=300000, class=java.lang.String@5000016e)
	value		500028cb
ARR 500028cb (sz=100, trace=300000, nelems=50, elem type=char[])
ARR 500028cc (sz=198, trace=300000, nelems=99, elem type=char[])
OBJ 500028cd (sz=24, trace=300000, class=java.lang.String@5000016e)
	value		500028d0
OBJ 500028ce (sz=24, trace=300000, class=java.lang.String@5000016e)
	value		500028cf
ARR 500028cf (sz=56, trace=300000, nelems=28, elem type=char[])
ARR 500028d0 (sz=126, trace=300000, nelems=63, elem type=char[])
OBJ 500028d1 (sz=24, trace=300000, class=java.lang.String@5000016e)
	value		500028d4
OBJ 500028d2 (sz=24, trace=300000, class=java.lang.String@5000016e)
	value		500028d3
ARR 500028d3 (sz=74, trace=300000, nelems=37, elem type=char[])
ARR 500028d4 (sz=66, trace=300000, nelems=33, elem type=char[])
OBJ 500028d5 (sz=24, trace=300000, class=java.lang.String@5000016e)
	value		500028d8
OBJ 500028d6 (sz=24, trace=300000, class=java.lang.String@5000016e)
	value		500028d7
ARR 500028d7 (sz=42, trace=300000, nelems=21, elem type=char[])
ARR 500028d8 (sz=30, trace=300000, nelems=15, elem type=char[])
OBJ 500028d9 (sz=24, trace=300000, class=java.lang.String@5000016e)
	value		500028dc
OBJ 500028da (sz=24, trace=300000, class=java.lang.String@5000016e)
	value		500028db
ARR 500028db (sz=46, trace=300000, nelems=23, elem type=char[])
ARR 500028dc (sz=12, trace=300000, nelems=6, elem type=char[])
OBJ 500028dd (sz=24, trace=300000, class=java.lang.String@5000016e)
	value		500028e0
OBJ 500028de (sz=24, trace=300000, class=java.lang.String@5000016e)
	value		500028df
ARR 500028df (sz=132, trace=300000, nelems=66, elem type=char[])
ARR 500028e0 (sz=202, trace=300000, nelems=101, elem type=char[])
OBJ 500028e1 (sz=24, trace=300000, class=java.lang.String@5000016e)
	value		500028e4
OBJ 500028e2 (sz=24, trace=300000, class=java.lang.String@5000016e)
	value		500028e3
ARR 500028e3 (sz=100, trace=300000, nelems=50, elem type=char[])
ARR 500028e4 (sz=116, trace=300000, nelems=58, elem type=char[])
OBJ 500028e5 (sz=24, trace=300000, class=java.lang.String@5000016e)
	value		500028e8
OBJ 500028e6 (sz=24, trace=300000, class=java.lang.String@5000016e)
	value		500028e7
ARR 500028e7 (sz=58, trace=300000, nelems=29, elem type=char[])
ARR 500028e8 (sz=48, trace=300000, nelems=24, elem type=char[])
OBJ 500028e9 (sz=24, trace=300000, class=java.lang.String@5000016e)
	value		500028ec
OBJ 500028ea (sz=24, trace=300000, class=java.lang.String@5000016e)
	value		500028eb
ARR 500028eb (sz=58, trace=300000, nelems=29, elem type=char[])
ARR 500028ec (sz=72, trace=300000, nelems=36, elem type=char[])
OBJ 500028ed (sz=24, trace=300000, class=java.lang.String@5000016e)
	value		500028f0
OBJ 500028ee (sz=24, trace=300000, class=java.lang.String@5000016e)
	value		500028ef
ARR 500028ef (sz=74, trace=300000, nelems=37, elem type=char[])
ARR 500028f0 (sz=84, trace=300000, nelems=42, elem type=char[])
OBJ 500028f1 (sz=24, trace=300000, class=java.lang.String@5000016e)
	value		500028f4
OBJ 500028f2 (sz=24, trace=300000, class=java.lang.String@5000016e)
	value		500028f3
ARR 500028f3 (sz=74, trace=300000, nelems=37, elem type=char[])
ARR 500028f4 (sz=124, trace=300000, nelems=62, elem type=char[])
OBJ 500028f5 (sz=24, trace=300000, class=java.lang.String@5000016e)
	value		500028f8
OBJ 500028f6 (sz=24, trace=300000, class=java.lang.String@5000016e)
	value		500028f7
ARR 500028f7 (sz=66, trace=300000, nelems=33, elem type=char[])
ARR 500028f8 (sz=62, trace=300000, nelems=31, elem type=char[])
OBJ 500028f9 (sz=24, trace=300000, class=java.lang.String@5000016e)
	value		500028fc
OBJ 500028fa (sz=24, trace=300000, class=java.lang.String@5000016e)
	value		500028fb
ARR 500028fb (sz=58, trace=300000, nelems=29, elem type=char[])
ARR 500028fc (sz=82, trace=300000, nelems=41, elem type=char[])
OBJ 500028fd (sz=24, trace=300000, class=java.lang.String@5000016e)
	value		50002900
OBJ 500028fe (sz=24, trace=300000, class=java.lang.String@5000016e)
	value		500028ff
ARR 500028ff (sz=68, trace=300000, nelems=34, elem type=char[])
ARR 50002900 (sz=52, trace=300000, nelems=26, elem type=char[])
OBJ 50002901 (sz=24, trace=300000, class=java.lang.String@5000016e)
	value		50002904
OBJ 50002902 (sz=24, trace=300000, class=java.lang.String@5000016e)
	value		50002903
ARR 50002903 (sz=62, trace=300000, nelems=31, elem type=char[])
ARR 50002904 (sz=78, trace=300000, nelems=39, elem type=char[])
OBJ 50002905 (sz=24, trace=300000, class=java.lang.String@5000016e)
	value		50002906
ARR 50002906 (sz=72, trace=300000, nelems=36, elem type=char[])
OBJ 50002907 (sz=24, trace=300000, class=java.lang.String@5000016e)
	value		5000290a
OBJ 50002908 (sz=24, trace=300000, class=java.lang.String@5000016e)
	value		50002909
ARR 50002909 (sz=76, trace=300000, nelems=38, elem type=char[])
ARR 5000290a (sz=68, trace=300000, nelems=34, elem type=char[])
OBJ 5000290b (sz=24, trace=300000, class=java.lang.String@5000016e)
	value		5000290e
OBJ 5000290c (sz=24, trace=300000, class=java.lang.String@5000016e)
	value		5000290d
ARR 5000290d (sz=104, trace=300000, nelems=52, elem type=char[])
ARR 5000290e (sz=222, trace=300000, nelems=111, elem type=char[])
OBJ 5000290f (sz=24, trace=300000, class=java.lang.String@5000016e)
	value		50002912
OBJ 50002910 (sz=24, trace=300000, class=java.lang.String@5000016e)
	value		50002911
ARR 50002911 (sz=58, trace=300000, nelems=29, elem type=char[])
ARR 50002912 (sz=68, trace=300000, nelems=34, elem type=char[])
OBJ 50002913 (sz=24, trace=300000, class=java.lang.String@5000016e)
	value		50002916
OBJ 50002914 (sz=24, trace=300000, class=java.lang.String@5000016e)
	value		50002915
ARR 50002915 (sz=64, trace=300000, nelems=32, elem type=char[])
ARR 50002916 (sz=90, trace=300000, nelems=45, elem type=char[])
OBJ 50002917 (sz=24, trace=300000, class=java.lang.String@5000016e)
	value		5000291a
OBJ 50002918 (sz=24, trace=300000, class=java.lang.String@5000016e)
	value		50002919
ARR 50002919 (sz=42, trace=300000, nelems=21, elem type=char[])
ARR 5000291a (sz=10, trace=300000, nelems=5, elem type=char[])
OBJ 5000291b (sz=24, trace=300000, class=java.lang.String@5000016e)
	value		5000291e
OBJ 5000291c (sz=24, trace=300000, class=java.lang.String@5000016e)
	value		5000291d
ARR 5000291d (sz=102, trace=300000, nelems=51, elem type=char[])
ARR 5000291e (sz=128, trace=300000, nelems=64, elem type=char[])
OBJ 5000291f (sz=24, trace=300000, class=java.lang.String@5000016e)
	value		50002922
OBJ 50002920 (sz=24, trace=300000, class=java.lang.String@5000016e)
	value		50002921
ARR 50002921 (sz=90, trace=300000, nelems=45, elem type=char[])
ARR 50002922 (sz=114, trace=300000, nelems=57, elem type=char[])
OBJ 50002923 (sz=24, trace=300000, class=java.lang.String@5000016e)
	value		50002926
OBJ 50002924 (sz=24, trace=300000, class=java.lang.String@5000016e)
	value		50002925
ARR 50002925 (sz=54, trace=300000, nelems=27, elem type=char[])
ARR 50002926 (sz=46, trace=300000, nelems=23, elem type=char[])
OBJ 50002927 (sz=24, trace=300000, class=java.lang.String@5000016e)
	value		5000292a
OBJ 50002928 (sz=24, trace=300000, class=java.lang.String@5000016e)
	value		50002929
ARR 50002929 (sz=52, trace=300000, nelems=26, elem type=char[])
ARR 5000292a (sz=70, trace=300000, nelems=35, elem type=char[])
OBJ 5000292b (sz=24, trace=300000, class=java.lang.String@5000016e)
	value		5000292e
OBJ 5000292c (sz=24, trace=300000, class=java.lang.String@5000016e)
	value		5000292d
ARR 5000292d (sz=90, trace=300000, nelems=45, elem type=char[])
ARR 5000292e (sz=94, trace=300000, nelems=47, elem type=char[])
OBJ 5000292f (sz=24, trace=300000, class=java.lang.String@5000016e)
	value		50002932
OBJ 50002930 (sz=24, trace=300000, class=java.lang.String@5000016e)
	value		50002931
ARR 50002931 (sz=72, trace=300000, nelems=36, elem type=char[])
ARR 50002932 (sz=46, trace=300000, nelems=23, elem type=char[])
OBJ 50002933 (sz=24, trace=300000, class=java.lang.String@5000016e)
	value		50002936
OBJ 50002934 (sz=24, trace=300000, class=java.lang.String@5000016e)
	value		50002935
ARR 50002935 (sz=92, trace=300000, nelems=46, elem type=char[])
ARR 50002936 (sz=90, trace=300000, nelems=45, elem type=char[])
OBJ 50002937 (sz=24, trace=300000, class=java.lang.String@5000016e)
	value		50002938
ARR 50002938 (sz=52, trace=300000, nelems=26, elem type=char[])
OBJ 50002939 (sz=24, trace=300000, class=java.lang.String@5000016e)
	value		5000293c
OBJ 5000293a (sz=24, trace=300000, class=java.lang.String@5000016e)
	value		5000293b
ARR 5000293b (sz=84, trace=300000, nelems=42, elem type=char[])
ARR 5000293c (sz=168, trace=300000, nelems=84, elem type=char[])
OBJ 5000293d (sz=24, trace=300000, class=java.lang.String@5000016e)
	value		50002940
OBJ 5000293e (sz=24, trace=300000, class=java.lang.String@5000016e)
	value		5000293f
ARR 5000293f (sz=68, trace=300000, nelems=34, elem type=char[])
ARR 50002940 (sz=28, trace=300000, nelems=14, elem type=char[])
OBJ 50002941 (sz=24, trace=300000, class=java.lang.String@5000016e)
	value		50002944
OBJ 50002942 (sz=24, trace=300000, class=java.lang.String@5000016e)
	value		50002943
ARR 50002943 (sz=92, trace=300000, nelems=46, elem type=char[])
ARR 50002944 (sz=104, trace=300000, nelems=52, elem type=char[])
OBJ 50002945 (sz=24, trace=300000, class=java.lang.String@5000016e)
	value		50002948
OBJ 50002946 (sz=24, trace=300000, class=java.lang.String@5000016e)
	value		50002947
ARR 50002947 (sz=48, trace=300000, nelems=24, elem type=char[])
ARR 50002948 (sz=48, trace=300000, nelems=24, elem type=char[])
OBJ 50002949 (sz=24, trace=300000, class=java.lang.String@5000016e)
	value		5000294c
OBJ 5000294a (sz=24, trace=300000, class=java.lang.String@5000016e)
	value		5000294b
ARR 5000294b (sz=78, trace=300000, nelems=39, elem type=char[])
ARR 5000294c (sz=170, trace=300000, nelems=85, elem type=char[])
OBJ 5000294d (sz=24, trace=300000, class=java.lang.String@5000016e)
	value		50002950
OBJ 5000294e (sz=24, trace=300000, class=java.lang.String@5000016e)
	value		5000294f
ARR 5000294f (sz=126, trace=300000, nelems=63, elem type=char[])
ARR 50002950 (sz=222, trace=300000, nelems=111, elem type=char[])
OBJ 50002951 (sz=24, trace=300000, class=java.lang.String@5000016e)
	value		50002954
OBJ 50002952 (sz=24, trace=300000, class=java.lang.String@5000016e)
	value		50002953
ARR 50002953 (sz=62, trace=300000, nelems=31, elem type=char[])
ARR 50002954 (sz=64, trace=300000, nelems=32, elem type=char[])
OBJ 50002955 (sz=24, trace=300000, class=java.lang.String@5000016e)
	value		50002958
OBJ 50002956 (sz=24, trace=300000, class=java.lang.String@5000016e)
	value		50002957
ARR 50002957 (sz=70, trace=300000, nelems=35, elem type=char[])
ARR 50002958 (sz=220, trace=300000, nelems=110, elem type=char[])
OBJ 50002959 (sz=24, trace=300000, class=java.lang.String@5000016e)
	value		5000295c
OBJ 5000295a (sz=24, trace=300000, class=java.lang.String@5000016e)
	value		5000295b
ARR 5000295b (sz=50, trace=300000, nelems=25, elem type=char[])
ARR 5000295c (sz=48, trace=300000, nelems=24, elem type=char[])
OBJ 5000295d (sz=24, trace=300000, class=java.lang.String@5000016e)
	value		50002960
OBJ 5000295e (sz=24, trace=300000, class=java.lang.String@5000016e)
	value		5000295f
ARR 5000295f (sz=82, trace=300000, nelems=41, elem type=char[])
ARR 50002960 (sz=86, trace=300000, nelems=43, elem type=char[])
OBJ 50002961 (sz=24, trace=300000, class=java.lang.String@5000016e)
	value		50002964
OBJ 50002962 (sz=24, trace=300000, class=java.lang.String@5000016e)
	value		50002963
ARR 50002963 (sz=78, trace=300000, nelems=39, elem type=char[])
ARR 50002964 (sz=124, trace=300000, nelems=62, elem type=char[])
OBJ 50002965 (sz=24, trace=300000, class=java.lang.String@5000016e)
	value		50002968
OBJ 50002966 (sz=24, trace=300000, class=java.lang.String@5000016e)
	value		50002967
ARR 50002967 (sz=106, trace=300000, nelems=53, elem type=char[])
ARR 50002968 (sz=164, trace=300000, nelems=82, elem type=char[])
OBJ 50002969 (sz=24, trace=300000, class=java.lang.String@5000016e)
	value		5000296c
OBJ 5000296a (sz=24, trace=300000, class=java.lang.String@5000016e)
	value		5000296b
ARR 5000296b (sz=70, trace=300000, nelems=35, elem type=char[])
ARR 5000296c (sz=76, trace=300000, nelems=38, elem type=char[])
OBJ 5000296d (sz=24, trace=300000, class=java.lang.String@5000016e)
	value		50002970
OBJ 5000296e (sz=24, trace=300000, class=java.lang.String@5000016e)
	value		5000296f
ARR 5000296f (sz=82, trace=300000, nelems=41, elem type=char[])
ARR 50002970 (sz=74, trace=300000, nelems=37, elem type=char[])
OBJ 50002971 (sz=24, trace=300000, class=java.lang.String@5000016e)
	value		50002974
OBJ 50002972 (sz=24, trace=300000, class=java.lang.String@5000016e)
	value		50002973
ARR 50002973 (sz=58, trace=300000, nelems=29, elem type=char[])
ARR 50002974 (sz=38, trace=300000, nelems=19, elem type=char[])
OBJ 50002975 (sz=24, trace=300000, class=java.lang.String@5000016e)
	value		50002978
OBJ 50002976 (sz=24, trace=300000, class=java.lang.String@5000016e)
	value		50002977
ARR 50002977 (sz=86, trace=300000, nelems=43, elem type=char[])
ARR 50002978 (sz=64, trace=300000, nelems=32, elem type=char[])
OBJ 50002979 (sz=24, trace=300000, class=java.lang.String@5000016e)
	value		5000297c
OBJ 5000297a (sz=24, trace=300000, class=java.lang.String@5000016e)
	value		5000297b
ARR 5000297b (sz=66, trace=300000, nelems=33, elem type=char[])
ARR 5000297c (sz=102, trace=300000, nelems=51, elem type=char[])
OBJ 5000297d (sz=24, trace=300000, class=java.lang.String@5000016e)
	value		50002980
OBJ 5000297e (sz=24, trace=300000, class=java.lang.String@5000016e)
	value		5000297f
ARR 5000297f (sz=54, trace=300000, nelems=27, elem type=char[])
ARR 50002980 (sz=172, trace=300000, nelems=86, elem type=char[])
OBJ 50002981 (sz=24, trace=300000, class=java.lang.String@5000016e)
	value		50002984
OBJ 50002982 (sz=24, trace=300000, class=java.lang.String@5000016e)
	value		50002983
ARR 50002983 (sz=96, trace=300000, nelems=48, elem type=char[])
ARR 50002984 (sz=282, trace=300000, nelems=141, elem type=char[])
OBJ 50002985 (sz=24, trace=300000, class=java.lang.String@5000016e)
	value		50002988
OBJ 50002986 (sz=24, trace=300000, class=java.lang.String@5000016e)
	value		50002987
ARR 50002987 (sz=82, trace=300000, nelems=41, elem type=char[])
ARR 50002988 (sz=52, trace=300000, nelems=26, elem type=char[])
OBJ 50002989 (sz=24, trace=300000, class=java.lang.String@5000016e)
	value		5000298c
OBJ 5000298a (sz=24, trace=300000, class=java.lang.String@5000016e)
	value		5000298b
ARR 5000298b (sz=104, trace=300000, nelems=52, elem type=char[])
ARR 5000298c (sz=200, trace=300000, nelems=100, elem type=char[])
OBJ 5000298d (sz=24, trace=300000, class=java.lang.String@5000016e)
	value		50002990
OBJ 5000298e (sz=24, trace=300000, class=java.lang.String@5000016e)
	value		5000298f
ARR 5000298f (sz=56, trace=300000, nelems=28, elem type=char[])
ARR 50002990 (sz=146, trace=300000, nelems=73, elem type=char[])
OBJ 50002991 (sz=24, trace=300000, class=java.lang.String@5000016e)
	value		50002994
OBJ 50002992 (sz=24, trace=300000, class=java.lang.String@5000016e)
	value		50002993
ARR 50002993 (sz=106, trace=300000, nelems=53, elem type=char[])
ARR 50002994 (sz=94, trace=300000, nelems=47, elem type=char[])
OBJ 50002995 (sz=24, trace=300000, class=java.lang.String@5000016e)
	value		50002996
ARR 50002996 (sz=60, trace=300000, nelems=30, elem type=char[])
OBJ 50002997 (sz=24, trace=300000, class=java.lang.String@5000016e)
	value		5000299a
OBJ 50002998 (sz=24, trace=300000, class=java.lang.String@5000016e)
	value		50002999
ARR 50002999 (sz=52, trace=300000, nelems=26, elem type=char[])
ARR 5000299a (sz=30, trace=300000, nelems=15, elem type=char[])
OBJ 5000299b (sz=24, trace=300000, class=java.lang.String@5000016e)
	value		5000299e
OBJ 5000299c (sz=24, trace=300000, class=java.lang.String@5000016e)
	value		5000299d
ARR 5000299d (sz=50, trace=300000, nelems=25, elem type=char[])
ARR 5000299e (sz=52, trace=300000, nelems=26, elem type=char[])
OBJ 5000299f (sz=24, trace=300000, class=java.lang.String@5000016e)
	value		500029a2
OBJ 500029a0 (sz=24, trace=300000, class=java.lang.String@5000016e)
	value		500029a1
ARR 500029a1 (sz=70, trace=300000, nelems=35, elem type=char[])
ARR 500029a2 (sz=116, trace=300000, nelems=58, elem type=char[])
OBJ 500029a3 (sz=24, trace=300000, class=java.lang.String@5000016e)
	value		500029a6
OBJ 500029a4 (sz=24, trace=300000, class=java.lang.String@5000016e)
	value		500029a5
ARR 500029a5 (sz=88, trace=300000, nelems=44, elem type=char[])
ARR 500029a6 (sz=164, trace=300000, nelems=82, elem type=char[])
OBJ 500029a7 (sz=24, trace=300000, class=java.lang.String@5000016e)
	value		500029aa
OBJ 500029a8 (sz=24, trace=300000, class=java.lang.String@5000016e)
	value		500029a9
ARR 500029a9 (sz=92, trace=300000, nelems=46, elem type=char[])
ARR 500029aa (sz=120, trace=300000, nelems=60, elem type=char[])
OBJ 500029ab (sz=24, trace=300000, class=java.lang.String@5000016e)
	value		500029ae
OBJ 500029ac (sz=24, trace=300000, class=java.lang.String@5000016e)
	value		500029ad
ARR 500029ad (sz=66, trace=300000, nelems=33, elem type=char[])
ARR 500029ae (sz=98, trace=300000, nelems=49, elem type=char[])
OBJ 500029af (sz=24, trace=300000, class=java.lang.String@5000016e)
	value		500029b0
ARR 500029b0 (sz=50, trace=300000, nelems=25, elem type=char[])
OBJ 500029b1 (sz=24, trace=300000, class=java.lang.String@5000016e)
	value		500029b4
OBJ 500029b2 (sz=24, trace=300000, class=java.lang.String@5000016e)
	value		500029b3
ARR 500029b3 (sz=54, trace=300000, nelems=27, elem type=char[])
ARR 500029b4 (sz=78, trace=300000, nelems=39, elem type=char[])
OBJ 500029b5 (sz=24, trace=300000, class=java.lang.String@5000016e)
	value		500029b8
OBJ 500029b6 (sz=24, trace=300000, class=java.lang.String@5000016e)
	value		500029b7
ARR 500029b7 (sz=78, trace=300000, nelems=39, elem type=char[])
ARR 500029b8 (sz=62, trace=300000, nelems=31, elem type=char[])
OBJ 500029b9 (sz=24, trace=300000, class=java.lang.String@5000016e)
	value		500029bc
OBJ 500029ba (sz=24, trace=300000, class=java.lang.String@5000016e)
	value		500029bb
ARR 500029bb (sz=66, trace=300000, nelems=33, elem type=char[])
ARR 500029bc (sz=132, trace=300000, nelems=66, elem type=char[])
OBJ 500029bd (sz=24, trace=300000, class=java.lang.String@5000016e)
	value		500029c0
OBJ 500029be (sz=24, trace=300000, class=java.lang.String@5000016e)
	value		500029bf
ARR 500029bf (sz=66, trace=300000, nelems=33, elem type=char[])
ARR 500029c0 (sz=40, trace=300000, nelems=20, elem type=char[])
OBJ 500029c1 (sz=24, trace=300000, class=java.lang.String@5000016e)
	value		500029c4
OBJ 500029c2 (sz=24, trace=300000, class=java.lang.String@5000016e)
	value		500029c3
ARR 500029c3 (sz=52, trace=300000, nelems=26, elem type=char[])
ARR 500029c4 (sz=56, trace=300000, nelems=28, elem type=char[])
OBJ 500029c5 (sz=24, trace=300000, class=java.lang.String@5000016e)
	value		500029c8
OBJ 500029c6 (sz=24, trace=300000, class=java.lang.String@5000016e)
	value		500029c7
ARR 500029c7 (sz=58, trace=300000, nelems=29, elem type=char[])
ARR 500029c8 (sz=42, trace=300000, nelems=21, elem type=char[])
OBJ 500029c9 (sz=24, trace=300000, class=java.lang.String@5000016e)
	value		500029ca
ARR 500029ca (sz=66, trace=300000, nelems=33, elem type=char[])
OBJ 500029cb (sz=24, trace=300000, class=java.lang.String@5000016e)
	value		500029ce
OBJ 500029cc (sz=24, trace=300000, class=java.lang.String@5000016e)
	value		500029cd
ARR 500029cd (sz=56, trace=300000, nelems=28, elem type=char[])
ARR 500029ce (sz=92, trace=300000, nelems=46, elem type=char[])
OBJ 500029cf (sz=24, trace=300000, class=java.lang.String@5000016e)
	value		500029d2
OBJ 500029d0 (sz=24, trace=300000, class=java.lang.String@5000016e)
	value		500029d1
ARR 500029d1 (sz=78, trace=300000, nelems=39, elem type=char[])
ARR 500029d2 (sz=232, trace=300000, nelems=116, elem type=char[])
OBJ 500029d3 (sz=24, trace=300000, class=java.lang.String@5000016e)
	value		500029d6
OBJ 500029d4 (sz=24, trace=300000, class=java.lang.String@5000016e)
	value		500029d5
ARR 500029d5 (sz=80, trace=300000, nelems=40, elem type=char[])
ARR 500029d6 (sz=82, trace=300000, nelems=41, elem type=char[])
OBJ 500029d7 (sz=24, trace=300000, class=java.lang.String@5000016e)
	value		500029d8
ARR 500029d8 (sz=94, trace=300000, nelems=47, elem type=char[])
OBJ 500029d9 (sz=24, trace=300000, class=java.lang.String@5000016e)
	value		500029dc
OBJ 500029da (sz=24, trace=300000, class=java.lang.String@5000016e)
	value		500029db
ARR 500029db (sz=66, trace=300000, nelems=33, elem type=char[])
ARR 500029dc (sz=58, trace=300000, nelems=29, elem type=char[])
OBJ 500029dd (sz=24, trace=300000, class=java.lang.String@5000016e)
	value		500029e0
OBJ 500029de (sz=24, trace=300000, class=java.lang.String@5000016e)
	value		500029df
ARR 500029df (sz=44, trace=300000, nelems=22, elem type=char[])
ARR 500029e0 (sz=48, trace=300000, nelems=24, elem type=char[])
OBJ 500029e1 (sz=24, trace=300000, class=java.lang.String@5000016e)
	value		500029e4
OBJ 500029e2 (sz=24, trace=300000, class=java.lang.String@5000016e)
	value		500029e3
ARR 500029e3 (sz=68, trace=300000, nelems=34, elem type=char[])
ARR 500029e4 (sz=56, trace=300000, nelems=28, elem type=char[])
OBJ 500029e5 (sz=24, trace=300000, class=java.lang.String@5000016e)
	value		500029e6
ARR 500029e6 (sz=66, trace=300000, nelems=33, elem type=char[])
OBJ 500029e7 (sz=24, trace=300000, class=java.lang.String@5000016e)
	value		500029ea
OBJ 500029e8 (sz=24, trace=300000, class=java.lang.String@5000016e)
	value		500029e9
ARR 500029e9 (sz=100, trace=300000, nelems=50, elem type=char[])
ARR 500029ea (sz=142, trace=300000, nelems=71, elem type=char[])
OBJ 500029eb (sz=24, trace=300000, class=java.lang.String@5000016e)
	value		500029ee
OBJ 500029ec (sz=24, trace=300000, class=java.lang.String@5000016e)
	value		500029ed
ARR 500029ed (sz=146, trace=300000, nelems=73, elem type=char[])
ARR 500029ee (sz=154, trace=300000, nelems=77, elem type=char[])
OBJ 500029ef (sz=24, trace=300000, class=java.lang.String@5000016e)
	value		500029f0
ARR 500029f0 (sz=80, trace=300000, nelems=40, elem type=char[])
OBJ 500029f1 (sz=24, trace=300000, class=java.lang.String@5000016e)
	value		500029f4
OBJ 500029f2 (sz=24, trace=300000, class=java.lang.String@5000016e)
	value		500029f3
ARR 500029f3 (sz=72, trace=300000, nelems=36, elem type=char[])
ARR 500029f4 (sz=114, trace=300000, nelems=57, elem type=char[])
OBJ 500029f5 (sz=24, trace=300000, class=java.lang.String@5000016e)
	value		500029f8
OBJ 500029f6 (sz=24, trace=300000, class=java.lang.String@5000016e)
	value		500029f7
ARR 500029f7 (sz=110, trace=300000, nelems=55, elem type=char[])
ARR 500029f8 (sz=210, trace=300000, nelems=105, elem type=char[])
OBJ 500029f9 (sz=24, trace=300000, class=java.lang.String@5000016e)
	value		500029fc
OBJ 500029fa (sz=24, trace=300000, class=java.lang.String@5000016e)
	value		500029fb
ARR 500029fb (sz=56, trace=300000, nelems=28, elem type=char[])
ARR 500029fc (sz=66, trace=300000, nelems=33, elem type=char[])
OBJ 500029fd (sz=24, trace=300000, class=java.lang.String@5000016e)
	value		50002a00
OBJ 500029fe (sz=24, trace=300000, class=java.lang.String@5000016e)
	value		500029ff
ARR 500029ff (sz=98, trace=300000, nelems=49, elem type=char[])
ARR 50002a00 (sz=182, trace=300000, nelems=91, elem type=char[])
OBJ 50002a01 (sz=24, trace=300000, class=java.lang.String@5000016e)
	value		50002a04
OBJ 50002a02 (sz=24, trace=300000, class=java.lang.String@5000016e)
	value		50002a03
ARR 50002a03 (sz=76, trace=300000, nelems=38, elem type=char[])
ARR 50002a04 (sz=94, trace=300000, nelems=47, elem type=char[])
OBJ 50002a05 (sz=24, trace=300000, class=java.lang.String@5000016e)
	value		50002a08
OBJ 50002a06 (sz=24, trace=300000, class=java.lang.String@5000016e)
	value		50002a07
ARR 50002a07 (sz=106, trace=300000, nelems=53, elem type=char[])
ARR 50002a08 (sz=164, trace=300000, nelems=82, elem type=char[])
OBJ 50002a09 (sz=24, trace=300000, class=java.lang.String@5000016e)
	value		50002a0c
OBJ 50002a0a (sz=24, trace=300000, class=java.lang.String@5000016e)
	value		50002a0b
ARR 50002a0b (sz=82, trace=300000, nelems=41, elem type=char[])
ARR 50002a0c (sz=144, trace=300000, nelems=72, elem type=char[])
OBJ 50002a0d (sz=24, trace=300000, class=java.lang.String@5000016e)
	value		50002a10
OBJ 50002a0e (sz=24, trace=300000, class=java.lang.String@5000016e)
	value		50002a0f
ARR 50002a0f (sz=78, trace=300000, nelems=39, elem type=char[])
ARR 50002a10 (sz=66, trace=300000, nelems=33, elem type=char[])
OBJ 50002a11 (sz=24, trace=300000, class=java.lang.String@5000016e)
	value		50002a14
OBJ 50002a12 (sz=24, trace=300000, class=java.lang.String@5000016e)
	value		50002a13
ARR 50002a13 (sz=58, trace=300000, nelems=29, elem type=char[])
ARR 50002a14 (sz=48, trace=300000, nelems=24, elem type=char[])
OBJ 50002a15 (sz=24, trace=300000, class=java.lang.String@5000016e)
	value		50002a18
OBJ 50002a16 (sz=24, trace=300000, class=java.lang.String@5000016e)
	value		50002a17
ARR 50002a17 (sz=84, trace=300000, nelems=42, elem type=char[])
ARR 50002a18 (sz=160, trace=300000, nelems=80, elem type=char[])
OBJ 50002a19 (sz=24, trace=300000, class=java.lang.String@5000016e)
	value		50002a1c
OBJ 50002a1a (sz=24, trace=300000, class=java.lang.String@5000016e)
	value		50002a1b
ARR 50002a1b (sz=64, trace=300000, nelems=32, elem type=char[])
ARR 50002a1c (sz=28, trace=300000, nelems=14, elem type=char[])
OBJ 50002a1d (sz=24, trace=300000, class=java.lang.String@5000016e)
	value		50002a20
OBJ 50002a1e (sz=24, trace=300000, class=java.lang.String@5000016e)
	value		50002a1f
ARR 50002a1f (sz=62, trace=300000, nelems=31, elem type=char[])
ARR 50002a20 (sz=14, trace=300000, nelems=7, elem type=char[])
OBJ 50002a21 (sz=24, trace=300000, class=java.lang.String@5000016e)
	value		50002a24
OBJ 50002a22 (sz=24, trace=300000, class=java.lang.String@5000016e)
	value		50002a23
ARR 50002a23 (sz=70, trace=300000, nelems=35, elem type=char[])
ARR 50002a24 (sz=214, trace=300000, nelems=107, elem type=char[])
OBJ 50002a25 (sz=24, trace=300000, class=java.lang.String@5000016e)
	value		50002a26
ARR 50002a26 (sz=56, trace=300000, nelems=28, elem type=char[])
OBJ 50002a27 (sz=24, trace=300000, class=java.lang.String@5000016e)
	value		50002a2a
OBJ 50002a28 (sz=24, trace=300000, class=java.lang.String@5000016e)
	value		50002a29
ARR 50002a29 (sz=62, trace=300000, nelems=31, elem type=char[])
ARR 50002a2a (sz=272, trace=300000, nelems=136, elem type=char[])
OBJ 50002a2b (sz=24, trace=300000, class=java.lang.String@5000016e)
	value		50002a2e
OBJ 50002a2c (sz=24, trace=300000, class=java.lang.String@5000016e)
	value		50002a2d
ARR 50002a2d (sz=78, trace=300000, nelems=39, elem type=char[])
ARR 50002a2e (sz=42, trace=300000, nelems=21, elem type=char[])
OBJ 50002a2f (sz=56, trace=300000, class=java.util.ResourceBundle$CacheKey@50002271)
	name		50000d27
	locale		500005d9
	loaderRef	50001f0f
	format		50001b7a
OBJ 50002a30 (sz=56, trace=300000, class=java.util.ResourceBundle$CacheKey@50002271)
	name		50000c59
	locale		50000f1f
	loaderRef	500002a9
	format		50001b7a
OBJ 50002a31 (sz=56, trace=300000, class=java.util.ResourceBundle$CacheKey@50002271)
	name		50000d27
	locale		50000f20
	loaderRef	50001ebd
	format		50001b7a
OBJ 50002a32 (sz=24, trace=300000, class=java.lang.String@5000016e)
	value		50002a35
OBJ 50002a33 (sz=24, trace=300000, class=java.lang.String@5000016e)
	value		50002a34
ARR 50002a34 (sz=8, trace=300000, nelems=4, elem type=char[])
ARR 50002a35 (sz=26, trace=300000, nelems=13, elem type=char[])
OBJ 50002a36 (sz=24, trace=300000, class=java.lang.String@5000016e)
	value		50002a37
ARR 50002a37 (sz=14, trace=300000, nelems=7, elem type=char[])
OBJ 50002a38 (sz=24, trace=300000, class=java.lang.String@5000016e)
	value		50002a39
ARR 50002a39 (sz=6, trace=300000, nelems=3, elem type=char[])
OBJ 50002a3a (sz=56, trace=300000, class=java.util.ResourceBundle$CacheKey@50002271)
	name		50000ce7
	locale		50000f20
	loaderRef	50002055
	format		50001b7a
ARR 50002a3b (sz=46, trace=300000, nelems=23, elem type=char[])
ARR 50002a3c (sz=48, trace=300000, nelems=24, elem type=char[])
ARR 50002a3d (sz=34, trace=300000, nelems=17, elem type=char[])
ARR 50002a3e (sz=48, trace=300000, nelems=24, elem type=char[])
ARR 50002a3f (sz=32, trace=300000, nelems=16, elem type=char[])
ARR 50002a40 (sz=102, trace=300000, nelems=51, elem type=char[])
ARR 50002a41 (sz=56, trace=300000, nelems=28, elem type=char[])
ARR 50002a42 (sz=146, trace=300000, nelems=73, elem type=char[])
ARR 50002a43 (sz=52, trace=300000, nelems=26, elem type=char[])
ARR 50002a44 (sz=44, trace=300000, nelems=22, elem type=char[])
ARR 50002a45 (sz=50, trace=300000, nelems=25, elem type=char[])
ARR 50002a46 (sz=30, trace=300000, nelems=15, elem type=char[])
ARR 50002a47 (sz=42, trace=300000, nelems=21, elem type=char[])
ARR 50002a48 (sz=108, trace=300000, nelems=54, elem type=char[])
ARR 50002a49 (sz=42, trace=300000, nelems=21, elem type=char[])
ARR 50002a4a (sz=94, trace=300000, nelems=47, elem type=char[])
ARR 50002a4b (sz=26, trace=300000, nelems=13, elem type=char[])
ARR 50002a4c (sz=26, trace=300000, nelems=13, elem type=char[])
ARR 50002a4d (sz=600, trace=300000, nelems=300, elem type=char[])
ARR 50002a4e (sz=46, trace=300000, nelems=23, elem type=char[])
ARR 50002a4f (sz=86, trace=300000, nelems=43, elem type=char[])
ARR 50002a50 (sz=38, trace=300000, nelems=19, elem type=char[])
ARR 50002a51 (sz=14, trace=300000, nelems=7, elem type=char[])
ARR 50002a52 (sz=28, trace=300000, nelems=14, elem type=char[])
ARR 50002a53 (sz=72, trace=300000, nelems=36, elem type=char[])
ARR 50002a54 (sz=46, trace=300000, nelems=23, elem type=char[])
ARR 50002a55 (sz=22, trace=300000, nelems=11, elem type=char[])
ARR 50002a56 (sz=36, trace=300000, nelems=18, elem type=char[])
ARR 50002a57 (sz=156, trace=300000, nelems=78, elem type=char[])
ARR 50002a58 (sz=52, trace=300000, nelems=26, elem type=char[])
ARR 50002a59 (sz=70, trace=300000, nelems=35, elem type=char[])
ARR 50002a5a (sz=46, trace=300000, nelems=23, elem type=char[])
ARR 50002a5b (sz=178, trace=300000, nelems=89, elem type=char[])
ARR 50002a5c (sz=66, trace=300000, nelems=33, elem type=char[])
ARR 50002a5d (sz=60, trace=300000, nelems=30, elem type=char[])
ARR 50002a5e (sz=32, trace=300000, nelems=16, elem type=char[])
ARR 50002a5f (sz=216, trace=300000, nelems=108, elem type=char[])
ARR 50002a60 (sz=40, trace=300000, nelems=20, elem type=char[])
ARR 50002a61 (sz=16, trace=300000, nelems=8, elem type=char[])
ARR 50002a62 (sz=48, trace=300000, nelems=24, elem type=char[])
ARR 50002a63 (sz=54, trace=300000, nelems=27, elem type=char[])
ARR 50002a64 (sz=88, trace=300000, nelems=44, elem type=char[])
ARR 50002a65 (sz=204, trace=300000, nelems=102, elem type=char[])
ARR 50002a66 (sz=32, trace=300000, nelems=16, elem type=char[])
ARR 50002a67 (sz=102, trace=300000, nelems=51, elem type=char[])
ARR 50002a68 (sz=36, trace=300000, nelems=18, elem type=char[])
ARR 50002a69 (sz=90, trace=300000, nelems=45, elem type=char[])
ARR 50002a6a (sz=34, trace=300000, nelems=17, elem type=char[])
ARR 50002a6b (sz=82, trace=300000, nelems=41, elem type=char[])
ARR 50002a6c (sz=30, trace=300000, nelems=15, elem type=char[])
ARR 50002a6d (sz=48, trace=300000, nelems=24, elem type=char[])
ARR 50002a6e (sz=36, trace=300000, nelems=18, elem type=char[])
ARR 50002a6f (sz=80, trace=300000, nelems=40, elem type=char[])
ARR 50002a70 (sz=42, trace=300000, nelems=21, elem type=char[])
ARR 50002a71 (sz=96, trace=300000, nelems=48, elem type=char[])
ARR 50002a72 (sz=32, trace=300000, nelems=16, elem type=char[])
ARR 50002a73 (sz=78, trace=300000, nelems=39, elem type=char[])
ARR 50002a74 (sz=34, trace=300000, nelems=17, elem type=char[])
ARR 50002a75 (sz=38, trace=300000, nelems=19, elem type=char[])
ARR 50002a76 (sz=82, trace=300000, nelems=41, elem type=char[])
ARR 50002a77 (sz=120, trace=300000, nelems=60, elem type=char[])
ARR 50002a78 (sz=44, trace=300000, nelems=22, elem type=char[])
ARR 50002a79 (sz=20, trace=300000, nelems=10, elem type=char[])
ARR 50002a7a (sz=44, trace=300000, nelems=22, elem type=char[])
ARR 50002a7b (sz=20, trace=300000, nelems=10, elem type=char[])
ARR 50002a7c (sz=38, trace=300000, nelems=19, elem type=char[])
ARR 50002a7d (sz=128, trace=300000, nelems=64, elem type=char[])
ARR 50002a7e (sz=34, trace=300000, nelems=17, elem type=char[])
ARR 50002a7f (sz=82, trace=300000, nelems=41, elem type=char[])
ARR 50002a80 (sz=36, trace=300000, nelems=18, elem type=char[])
ARR 50002a81 (sz=12, trace=300000, nelems=6, elem type=char[])
ARR 50002a82 (sz=30, trace=300000, nelems=15, elem type=char[])
ARR 50002a83 (sz=152, trace=300000, nelems=76, elem type=char[])
ARR 50002a84 (sz=36, trace=300000, nelems=18, elem type=char[])
ARR 50002a85 (sz=116, trace=300000, nelems=58, elem type=char[])
ARR 50002a86 (sz=80, trace=300000, nelems=40, elem type=char[])
ARR 50002a87 (sz=114, trace=300000, nelems=57, elem type=char[])
ARR 50002a88 (sz=50, trace=300000, nelems=25, elem type=char[])
ARR 50002a89 (sz=40, trace=300000, nelems=20, elem type=char[])
ARR 50002a8a (sz=32, trace=300000, nelems=16, elem type=char[])
ARR 50002a8b (sz=40, trace=300000, nelems=20, elem type=char[])
ARR 50002a8c (sz=42, trace=300000, nelems=21, elem type=char[])
ARR 50002a8d (sz=42, trace=300000, nelems=21, elem type=char[])
ARR 50002a8e (sz=36, trace=300000, nelems=18, elem type=char[])
ARR 50002a8f (sz=94, trace=300000, nelems=47, elem type=char[])
ARR 50002a90 (sz=40, trace=300000, nelems=20, elem type=char[])
ARR 50002a91 (sz=106, trace=300000, nelems=53, elem type=char[])
ARR 50002a92 (sz=66, trace=300000, nelems=33, elem type=char[])
ARR 50002a93 (sz=92, trace=300000, nelems=46, elem type=char[])
ARR 50002a94 (sz=50, trace=300000, nelems=25, elem type=char[])
ARR 50002a95 (sz=462, trace=300000, nelems=231, elem type=char[])
ARR 50002a96 (sz=42, trace=300000, nelems=21, elem type=char[])
ARR 50002a97 (sz=18, trace=300000, nelems=9, elem type=char[])
ARR 50002a98 (sz=42, trace=300000, nelems=21, elem type=char[])
ARR 50002a99 (sz=110, trace=300000, nelems=55, elem type=char[])
ARR 50002a9a (sz=30, trace=300000, nelems=15, elem type=char[])
ARR 50002a9b (sz=54, trace=300000, nelems=27, elem type=char[])
ARR 50002a9c (sz=32, trace=300000, nelems=16, elem type=char[])
ARR 50002a9d (sz=42, trace=300000, nelems=21, elem type=char[])
ARR 50002a9e (sz=36, trace=300000, nelems=18, elem type=char[])
ARR 50002a9f (sz=162, trace=300000, nelems=81, elem type=char[])
ARR 50002aa0 (sz=52, trace=300000, nelems=26, elem type=char[])
ARR 50002aa1 (sz=70, trace=300000, nelems=35, elem type=char[])
ARR 50002aa2 (sz=22, trace=300000, nelems=11, elem type=char[])
ARR 50002aa3 (sz=78, trace=300000, nelems=39, elem type=char[])
ARR 50002aa4 (sz=34, trace=300000, nelems=17, elem type=char[])
ARR 50002aa5 (sz=48, trace=300000, nelems=24, elem type=char[])
ARR 50002aa6 (sz=44, trace=300000, nelems=22, elem type=char[])
ARR 50002aa7 (sz=88, trace=300000, nelems=44, elem type=char[])
ARR 50002aa8 (sz=32, trace=300000, nelems=16, elem type=char[])
ARR 50002aa9 (sz=52, trace=300000, nelems=26, elem type=char[])
ARR 50002aaa (sz=52, trace=300000, nelems=26, elem type=char[])
ARR 50002aab (sz=68, trace=300000, nelems=34, elem type=char[])
ARR 50002aac (sz=24, trace=300000, nelems=12, elem type=char[])
ARR 50002aad (sz=72, trace=300000, nelems=36, elem type=char[])
ARR 50002aae (sz=36, trace=300000, nelems=18, elem type=char[])
ARR 50002aaf (sz=94, trace=300000, nelems=47, elem type=char[])
ARR 50002ab0 (sz=48, trace=300000, nelems=24, elem type=char[])
ARR 50002ab1 (sz=130, trace=300000, nelems=65, elem type=char[])
ARR 50002ab2 (sz=36, trace=300000, nelems=18, elem type=char[])
ARR 50002ab3 (sz=12, trace=300000, nelems=6, elem type=char[])
ARR 50002ab4 (sz=32, trace=300000, nelems=16, elem type=char[])
ARR 50002ab5 (sz=88, trace=300000, nelems=44, elem type=char[])
ARR 50002ab6 (sz=38, trace=300000, nelems=19, elem type=char[])
ARR 50002ab7 (sz=154, trace=300000, nelems=77, elem type=char[])
ARR 50002ab8 (sz=40, trace=300000, nelems=20, elem type=char[])
ARR 50002ab9 (sz=90, trace=300000, nelems=45, elem type=char[])
ARR 50002aba (sz=34, trace=300000, nelems=17, elem type=char[])
ARR 50002abb (sz=96, trace=300000, nelems=48, elem type=char[])
ARR 50002abc (sz=70, trace=300000, nelems=35, elem type=char[])
ARR 50002abd (sz=174, trace=300000, nelems=87, elem type=char[])
ARR 50002abe (sz=42, trace=300000, nelems=21, elem type=char[])
ARR 50002abf (sz=18, trace=300000, nelems=9, elem type=char[])
ARR 50002ac0 (sz=48, trace=300000, nelems=24, elem type=char[])
ARR 50002ac1 (sz=62, trace=300000, nelems=31, elem type=char[])
ARR 50002ac2 (sz=40, trace=300000, nelems=20, elem type=char[])
ARR 50002ac3 (sz=22, trace=300000, nelems=11, elem type=char[])
ARR 50002ac4 (sz=46, trace=300000, nelems=23, elem type=char[])
ARR 50002ac5 (sz=30, trace=300000, nelems=15, elem type=char[])
ARR 50002ac6 (sz=28, trace=300000, nelems=14, elem type=char[])
ARR 50002ac7 (sz=74, trace=300000, nelems=37, elem type=char[])
ARR 50002ac8 (sz=68, trace=300000, nelems=34, elem type=char[])
ARR 50002ac9 (sz=94, trace=300000, nelems=47, elem type=char[])
ARR 50002aca (sz=36, trace=300000, nelems=18, elem type=char[])
ARR 50002acb (sz=20, trace=300000, nelems=10, elem type=char[])
ARR 50002acc (sz=36, trace=300000, nelems=18, elem type=char[])
ARR 50002acd (sz=86, trace=300000, nelems=43, elem type=char[])
ARR 50002ace (sz=34, trace=300000, nelems=17, elem type=char[])
ARR 50002acf (sz=44, trace=300000, nelems=22, elem type=char[])
ARR 50002ad0 (sz=58, trace=300000, nelems=29, elem type=char[])
ARR 50002ad1 (sz=66, trace=300000, nelems=33, elem type=char[])
ARR 50002ad2 (sz=46, trace=300000, nelems=23, elem type=char[])
ARR 50002ad3 (sz=84, trace=300000, nelems=42, elem type=char[])
ARR 50002ad4 (sz=24, trace=300000, nelems=12, elem type=char[])
ARR 50002ad5 (sz=162, trace=300000, nelems=81, elem type=char[])
ARR 50002ad6 (sz=34, trace=300000, nelems=17, elem type=char[])
ARR 50002ad7 (sz=114, trace=300000, nelems=57, elem type=char[])
ARR 50002ad8 (sz=36, trace=300000, nelems=18, elem type=char[])
ARR 50002ad9 (sz=12, trace=300000, nelems=6, elem type=char[])
ARR 50002ada (sz=22, trace=300000, nelems=11, elem type=char[])
ARR 50002adb (sz=80, trace=300000, nelems=40, elem type=char[])
ARR 50002adc (sz=48, trace=300000, nelems=24, elem type=char[])
ARR 50002add (sz=54, trace=300000, nelems=27, elem type=char[])
ARR 50002ade (sz=38, trace=300000, nelems=19, elem type=char[])
ARR 50002adf (sz=110, trace=300000, nelems=55, elem type=char[])
ARR 50002ae0 (sz=34, trace=300000, nelems=17, elem type=char[])
ARR 50002ae1 (sz=76, trace=300000, nelems=38, elem type=char[])
ARR 50002ae2 (sz=22, trace=300000, nelems=11, elem type=char[])
ARR 50002ae3 (sz=84, trace=300000, nelems=42, elem type=char[])
ARR 50002ae4 (sz=40, trace=300000, nelems=20, elem type=char[])
ARR 50002ae5 (sz=104, trace=300000, nelems=52, elem type=char[])
ARR 50002ae6 (sz=30, trace=300000, nelems=15, elem type=char[])
ARR 50002ae7 (sz=106, trace=300000, nelems=53, elem type=char[])
ARR 50002ae8 (sz=68, trace=300000, nelems=34, elem type=char[])
ARR 50002ae9 (sz=136, trace=300000, nelems=68, elem type=char[])
ARR 50002aea (sz=52, trace=300000, nelems=26, elem type=char[])
ARR 50002aeb (sz=114, trace=300000, nelems=57, elem type=char[])
ARR 50002aec (sz=48, trace=300000, nelems=24, elem type=char[])
ARR 50002aed (sz=38, trace=300000, nelems=19, elem type=char[])
ARR 50002aee (sz=56, trace=300000, nelems=28, elem type=char[])
ARR 50002aef (sz=44, trace=300000, nelems=22, elem type=char[])
ARR 50002af0 (sz=56, trace=300000, nelems=28, elem type=char[])
ARR 50002af1 (sz=40, trace=300000, nelems=20, elem type=char[])
ARR 50002af2 (sz=40, trace=300000, nelems=20, elem type=char[])
ARR 50002af3 (sz=80, trace=300000, nelems=40, elem type=char[])
ARR 50002af4 (sz=22, trace=300000, nelems=11, elem type=char[])
ARR 50002af5 (sz=78, trace=300000, nelems=39, elem type=char[])
ARR 50002af6 (sz=44, trace=300000, nelems=22, elem type=char[])
ARR 50002af7 (sz=34, trace=300000, nelems=17, elem type=char[])
ARR 50002af8 (sz=44, trace=300000, nelems=22, elem type=char[])
ARR 50002af9 (sz=134, trace=300000, nelems=67, elem type=char[])
ARR 50002afa (sz=22, trace=300000, nelems=11, elem type=char[])
ARR 50002afb (sz=88, trace=300000, nelems=44, elem type=char[])
ARR 50002afc (sz=52, trace=300000, nelems=26, elem type=char[])
ARR 50002afd (sz=64, trace=300000, nelems=32, elem type=char[])
ARR 50002afe (sz=22, trace=300000, nelems=11, elem type=char[])
ARR 50002aff (sz=54, trace=300000, nelems=27, elem type=char[])
ARR 50002b00 (sz=60, trace=300000, nelems=30, elem type=char[])
ARR 50002b01 (sz=22, trace=300000, nelems=11, elem type=char[])
OBJ 50002b02 (sz=56, trace=300000, class=java.util.ResourceBundle$CacheKey@50002271)
	name		50000c59
	locale		500005d9
	loaderRef	50000266
	format		50001b7a
OBJ 50002b03 (sz=56, trace=300000, class=java.util.ResourceBundle$CacheKey@50002271)
	name		50000d27
	locale		50000f1f
	loaderRef	50001fd4
	format		50001b7a
OBJ 50002b04 (sz=24, trace=300000, class=java.lang.String@5000016e)
	value		50002b07
OBJ 50002b05 (sz=24, trace=300000, class=java.lang.String@5000016e)
	value		50002b06
ARR 50002b06 (sz=36, trace=300000, nelems=18, elem type=char[])
ARR 50002b07 (sz=64, trace=300000, nelems=32, elem type=char[])
OBJ 50002b08 (sz=24, trace=300000, class=java.lang.String@5000016e)
	value		50002b09
ARR 50002b09 (sz=30, trace=300000, nelems=15, elem type=char[])
OBJ 50002b0a (sz=24, trace=300000, class=java.lang.String@5000016e)
	value		50002b0f
OBJ 50002b0b (sz=24, trace=300000, class=java.lang.String@5000016e)
	value		50002b0e
OBJ 50002b0c (sz=24, trace=300000, class=java.lang.String@5000016e)
	value		50002b0d
ARR 50002b0d (sz=4, trace=300000, nelems=2, elem type=char[])
ARR 50002b0e (sz=4, trace=300000, nelems=2, elem type=char[])
ARR 50002b0f (sz=4, trace=300000, nelems=2, elem type=char[])
ARR 50002b10 (sz=62, trace=300000, nelems=31, elem type=char[])
ARR 50002b11 (sz=12, trace=300000, nelems=6, elem type=char[])
OBJ 50002b12 (sz=24, trace=300000, class=java.lang.String@5000016e)
	value		50002b17
OBJ 50002b13 (sz=24, trace=300000, class=java.lang.String@5000016e)
	value		50002b1a
OBJ 50002b14 (sz=24, trace=300000, class=java.lang.String@5000016e)
	value		50002b1b
OBJ 50002b15 (sz=24, trace=300000, class=java.lang.String@5000016e)
	value		50002b18
OBJ 50002b16 (sz=24, trace=300000, class=java.lang.String@5000016e)
	value		50002b19
ARR 50002b17 (sz=18, trace=300000, nelems=9, elem type=char[])
ARR 50002b18 (sz=20, trace=300000, nelems=10, elem type=char[])
ARR 50002b19 (sz=12, trace=300000, nelems=6, elem type=char[])
ARR 50002b1a (sz=14, trace=300000, nelems=7, elem type=char[])
ARR 50002b1b (sz=14, trace=300000, nelems=7, elem type=char[])
OBJ 50002b1c (sz=24, trace=300000, class=java.lang.String@5000016e)
	value		50002b2e
OBJ 50002b1d (sz=24, trace=300000, class=java.lang.String@5000016e)
	value		50002b30
OBJ 50002b1e (sz=24, trace=300000, class=java.lang.String@5000016e)
	value		50002b33
OBJ 50002b1f (sz=24, trace=300000, class=java.lang.String@5000016e)
	value		50002b35
OBJ 50002b20 (sz=24, trace=300000, class=java.lang.String@5000016e)
	value		50002b37
OBJ 50002b21 (sz=24, trace=300000, class=java.lang.String@5000016e)
	value		50002b39
OBJ 50002b22 (sz=24, trace=300000, class=java.lang.String@5000016e)
	value		50002b3d
OBJ 50002b23 (sz=24, trace=300000, class=java.lang.String@5000016e)
	value		50002b3c
OBJ 50002b24 (sz=24, trace=300000, class=java.lang.String@5000016e)
	value		50002b3b
OBJ 50002b25 (sz=24, trace=300000, class=java.lang.String@5000016e)
	value		50002b3a
OBJ 50002b26 (sz=24, trace=300000, class=java.lang.String@5000016e)
	value		50002b2d
OBJ 50002b27 (sz=24, trace=300000, class=java.lang.String@5000016e)
	value		50002b2f
OBJ 50002b28 (sz=24, trace=300000, class=java.lang.String@5000016e)
	value		50002b31
OBJ 50002b29 (sz=24, trace=300000, class=java.lang.String@5000016e)
	value		50002b32
OBJ 50002b2a (sz=24, trace=300000, class=java.lang.String@5000016e)
	value		50002b34
OBJ 50002b2b (sz=24, trace=300000, class=java.lang.String@5000016e)
	value		50002b36
OBJ 50002b2c (sz=24, trace=300000, class=java.lang.String@5000016e)
	value		50002b38
ARR 50002b2d (sz=12, trace=300000, nelems=6, elem type=char[])
ARR 50002b2e (sz=6, trace=300000, nelems=3, elem type=char[])
ARR 50002b2f (sz=12, trace=300000, nelems=6, elem type=char[])
ARR 50002b30 (sz=6, trace=300000, nelems=3, elem type=char[])
ARR 50002b31 (sz=12, trace=300000, nelems=6, elem type=char[])
ARR 50002b32 (sz=12, trace=300000, nelems=6, elem type=char[])
ARR 50002b33 (sz=6, trace=300000, nelems=3, elem type=char[])
ARR 50002b34 (sz=12, trace=300000, nelems=6, elem type=char[])
ARR 50002b35 (sz=6, trace=300000, nelems=3, elem type=char[])
ARR 50002b36 (sz=12, trace=300000, nelems=6, elem type=char[])
ARR 50002b37 (sz=6, trace=300000, nelems=3, elem type=char[])
ARR 50002b38 (sz=12, trace=300000, nelems=6, elem type=char[])
ARR 50002b39 (sz=6, trace=300000, nelems=3, elem type=char[])
ARR 50002b3a (sz=2, trace=300000, nelems=1, elem type=char[])
ARR 50002b3b (sz=2, trace=300000, nelems=1, elem type=char[])
ARR 50002b3c (sz=2, trace=300000, nelems=1, elem type=char[])
ARR 50002b3d (sz=2, trace=300000, nelems=1, elem type=char[])
OBJ 50002b3e (sz=24, trace=300000, class=java.lang.String@5000016e)
	value		50002b41
OBJ 50002b3f (sz=24, trace=300000, class=java.lang.String@5000016e)
	value		50002b40
ARR 50002b40 (sz=12, trace=300000, nelems=6, elem type=char[])
ARR 50002b41 (sz=6, trace=300000, nelems=3, elem type=char[])
OBJ 50002b42 (sz=24, trace=300000, class=java.lang.String@5000016e)
	value		50002b48
OBJ 50002b43 (sz=24, trace=300000, class=java.lang.String@5000016e)
	value		50002b46
OBJ 50002b44 (sz=24, trace=300000, class=java.lang.String@5000016e)
	value		50002b49
OBJ 50002b45 (sz=24, trace=300000, class=java.lang.String@5000016e)
	value		50002b47
ARR 50002b46 (sz=10, trace=300000, nelems=5, elem type=char[])
ARR 50002b47 (sz=12, trace=300000, nelems=6, elem type=char[])
ARR 50002b48 (sz=26, trace=300000, nelems=13, elem type=char[])
ARR 50002b49 (sz=28, trace=300000, nelems=14, elem type=char[])
OBJ 50002b4a (sz=24, trace=300000, class=java.lang.String@5000016e)
	value		50002b4f
OBJ 50002b4b (sz=24, trace=300000, class=java.lang.String@5000016e)
	value		50002b50
OBJ 50002b4c (sz=24, trace=300000, class=java.lang.String@5000016e)
	value		50002b53
OBJ 50002b4d (sz=24, trace=300000, class=java.lang.String@5000016e)
	value		50002b52
OBJ 50002b4e (sz=24, trace=300000, class=java.lang.String@5000016e)
	value		50002b51
ARR 50002b4f (sz=12, trace=300000, nelems=6, elem type=char[])
ARR 50002b50 (sz=14, trace=300000, nelems=7, elem type=char[])
ARR 50002b51 (sz=12, trace=300000, nelems=6, elem type=char[])
ARR 50002b52 (sz=36, trace=300000, nelems=18, elem type=char[])
ARR 50002b53 (sz=26, trace=300000, nelems=13, elem type=char[])
OBJ 50002b54 (sz=24, trace=300000, class=java.lang.String@5000016e)
	value		50002d94
OBJ 50002b55 (sz=24, trace=300000, class=java.lang.String@5000016e)
	value		50002c4c
OBJ 50002b56 (sz=24, trace=300000, class=java.lang.String@5000016e)
	value		50002d93
OBJ 50002b57 (sz=24, trace=300000, class=java.lang.String@5000016e)
	value		50002d92
OBJ 50002b58 (sz=24, trace=300000, class=java.lang.String@5000016e)
	value		50002b5a
ARR 50002b59 (sz=28, trace=300000, nelems=14, elem type=char[])
ARR 50002b5a (sz=36, trace=300000, nelems=18, elem type=char[])
OBJ 50002b5b (sz=24, trace=300000, class=java.lang.String@5000016e)
	value		50002c94
OBJ 50002b5c (sz=24, trace=300000, class=java.lang.String@5000016e)
	value		50002c8f
OBJ 50002b5d (sz=24, trace=300000, class=java.lang.String@5000016e)
	value		50002c86
OBJ 50002b5e (sz=24, trace=300000, class=java.lang.String@5000016e)
	value		50002c83
OBJ 50002b5f (sz=24, trace=300000, class=java.lang.String@5000016e)
	value		50002c89
OBJ 50002b60 (sz=24, trace=300000, class=java.lang.String@5000016e)
	value		50002c67
OBJ 50002b61 (sz=24, trace=300000, class=java.lang.String@5000016e)
	value		50002c6a
OBJ 50002b62 (sz=24, trace=300000, class=java.lang.String@5000016e)
	value		50002c39
OBJ 50002b63 (sz=24, trace=300000, class=java.lang.String@5000016e)
	value		50002c3c
OBJ 50002b64 (sz=24, trace=300000, class=java.lang.String@5000016e)
	value		50002c80
OBJ 50002b65 (sz=24, trace=300000, class=java.lang.String@5000016e)
	value		50002c77
OBJ 50002b66 (sz=24, trace=300000, class=java.lang.String@5000016e)
	value		50002c7b
OBJ 50002b67 (sz=24, trace=300000, class=java.lang.String@5000016e)
	value		50002ca4
OBJ 50002b68 (sz=24, trace=300000, class=java.lang.String@5000016e)
	value		50002c74
OBJ 50002b69 (sz=24, trace=300000, class=java.lang.String@5000016e)
	value		50002cb1
OBJ 50002b6a (sz=24, trace=300000, class=java.lang.String@5000016e)
	value		50002c91
OBJ 50002b6b (sz=24, trace=300000, class=java.lang.String@5000016e)
	value		50002c8b
OBJ 50002b6c (sz=24, trace=300000, class=java.lang.String@5000016e)
	value		50002c1b
OBJ 50002b6d (sz=24, trace=300000, class=java.lang.String@5000016e)
	value		50002c2f
OBJ 50002b6e (sz=24, trace=300000, class=java.lang.String@5000016e)
	value		50002c2c
OBJ 50002b6f (sz=24, trace=300000, class=java.lang.String@5000016e)
	value		50002cab
OBJ 50002b70 (sz=24, trace=300000, class=java.lang.String@5000016e)
	value		50002cae
OBJ 50002b71 (sz=24, trace=300000, class=java.lang.String@5000016e)
	value		50002c6e
OBJ 50002b72 (sz=24, trace=300000, class=java.lang.String@5000016e)
	value		50002ca1
OBJ 50002b73 (sz=24, trace=300000, class=java.lang.String@5000016e)
	value		50002c96
OBJ 50002b74 (sz=24, trace=300000, class=java.lang.String@5000016e)
	value		50002c9a
OBJ 50002b75 (sz=24, trace=300000, class=java.lang.String@5000016e)
	value		50002c9e
OBJ 50002b76 (sz=24, trace=300000, class=java.lang.String@5000016e)
	value		50002cbc
OBJ 50002b77 (sz=24, trace=300000, class=java.lang.String@5000016e)
	value		50002ca8
OBJ 50002b78 (sz=24, trace=300000, class=java.lang.String@5000016e)
	value		50002cb5
OBJ 50002b79 (sz=24, trace=300000, class=java.lang.String@5000016e)
	value		50002c7d
OBJ 50002b7a (sz=24, trace=300000, class=java.lang.String@5000016e)
	value		50002cb9
OBJ 50002b7b (sz=24, trace=300000, class=java.lang.String@5000016e)
	value		50002c71
OBJ 50002b7c (sz=24, trace=300000, class=java.lang.String@5000016e)
	value		50002cc0
OBJ 50002b7d (sz=24, trace=300000, class=java.lang.String@5000016e)
	value		50002c7f
OBJ 50002b7e (sz=24, trace=300000, class=java.lang.String@5000016e)
	value		50002c76
OBJ 50002b7f (sz=24, trace=300000, class=java.lang.String@5000016e)
	value		50002c7a
OBJ 50002b80 (sz=24, trace=300000, class=java.lang.String@5000016e)
	value		50002ca3
OBJ 50002b81 (sz=24, trace=300000, class=java.lang.String@5000016e)
	value		50002c73
OBJ 50002b82 (sz=24, trace=300000, class=java.lang.String@5000016e)
	value		50002c93
OBJ 50002b83 (sz=24, trace=300000, class=java.lang.String@5000016e)
	value		50002c8e
OBJ 50002b84 (sz=24, trace=300000, class=java.lang.String@5000016e)
	value		50002cb0
OBJ 50002b85 (sz=24, trace=300000, class=java.lang.String@5000016e)
	value		50002c90
OBJ 50002b86 (sz=24, trace=300000, class=java.lang.String@5000016e)
	value		50002c8a
OBJ 50002b87 (sz=24, trace=300000, class=java.lang.String@5000016e)
	value		50002c1a
OBJ 50002b88 (sz=24, trace=300000, class=java.lang.String@5000016e)
	value		50002c2e
OBJ 50002b89 (sz=24, trace=300000, class=java.lang.String@5000016e)
	value		50002c2b
OBJ 50002b8a (sz=24, trace=300000, class=java.lang.String@5000016e)
	value		50002caa
OBJ 50002b8b (sz=24, trace=300000, class=java.lang.String@5000016e)
	value		50002cad
OBJ 50002b8c (sz=24, trace=300000, class=java.lang.String@5000016e)
	value		50002c6d
OBJ 50002b8d (sz=24, trace=300000, class=java.lang.String@5000016e)
	value		50002ca0
OBJ 50002b8e (sz=24, trace=300000, class=java.lang.String@5000016e)
	value		50002c95
OBJ 50002b8f (sz=24, trace=300000, class=java.lang.String@5000016e)
	value		50002c99
OBJ 50002b90 (sz=24, trace=300000, class=java.lang.String@5000016e)
	value		50002c9d
OBJ 50002b91 (sz=24, trace=300000, class=java.lang.String@5000016e)
	value		50002cbb
OBJ 50002b92 (sz=24, trace=300000, class=java.lang.String@5000016e)
	value		50002ca7
OBJ 50002b93 (sz=24, trace=300000, class=java.lang.String@5000016e)
	value		50002cb4
OBJ 50002b94 (sz=24, trace=300000, class=java.lang.String@5000016e)
	value		50002c7c
OBJ 50002b95 (sz=24, trace=300000, class=java.lang.String@5000016e)
	value		50002cb8
OBJ 50002b96 (sz=24, trace=300000, class=java.lang.String@5000016e)
	value		50002c70
OBJ 50002b97 (sz=24, trace=300000, class=java.lang.String@5000016e)
	value		50002cbf
OBJ 50002b98 (sz=24, trace=300000, class=java.lang.String@5000016e)
	value		50002c88
OBJ 50002b99 (sz=24, trace=300000, class=java.lang.String@5000016e)
	value		50002c85
OBJ 50002b9a (sz=24, trace=300000, class=java.lang.String@5000016e)
	value		50002c82
OBJ 50002b9b (sz=24, trace=300000, class=java.lang.String@5000016e)
	value		50002c66
OBJ 50002b9c (sz=24, trace=300000, class=java.lang.String@5000016e)
	value		50002c69
OBJ 50002b9d (sz=24, trace=300000, class=java.lang.String@5000016e)
	value		50002c38
OBJ 50002b9e (sz=24, trace=300000, class=java.lang.String@5000016e)
	value		50002c3b
OBJ 50002b9f (sz=24, trace=300000, class=java.lang.String@5000016e)
	value		50002c65
OBJ 50002ba0 (sz=24, trace=300000, class=java.lang.String@5000016e)
	value		50002c35
OBJ 50002ba1 (sz=24, trace=300000, class=java.lang.String@5000016e)
	value		50002c98
OBJ 50002ba2 (sz=24, trace=300000, class=java.lang.String@5000016e)
	value		50002c87
OBJ 50002ba3 (sz=24, trace=300000, class=java.lang.String@5000016e)
	value		50002c84
OBJ 50002ba4 (sz=24, trace=300000, class=java.lang.String@5000016e)
	value		50002c68
OBJ 50002ba5 (sz=24, trace=300000, class=java.lang.String@5000016e)
	value		50002c6c
OBJ 50002ba6 (sz=24, trace=300000, class=java.lang.String@5000016e)
	value		50002c6b
OBJ 50002ba7 (sz=24, trace=300000, class=java.lang.String@5000016e)
	value		50002c3a
OBJ 50002ba8 (sz=24, trace=300000, class=java.lang.String@5000016e)
	value		50002c3d
OBJ 50002ba9 (sz=24, trace=300000, class=java.lang.String@5000016e)
	value		50002c9b
OBJ 50002baa (sz=24, trace=300000, class=java.lang.String@5000016e)
	value		50002ca5
OBJ 50002bab (sz=24, trace=300000, class=java.lang.String@5000016e)
	value		50002c8c
OBJ 50002bac (sz=24, trace=300000, class=java.lang.String@5000016e)
	value		50002cb2
OBJ 50002bad (sz=24, trace=300000, class=java.lang.String@5000016e)
	value		50002c78
OBJ 50002bae (sz=24, trace=300000, class=java.lang.String@5000016e)
	value		50002cbd
OBJ 50002baf (sz=24, trace=300000, class=java.lang.String@5000016e)
	value		50002cb6
OBJ 50002bb0 (sz=24, trace=300000, class=java.lang.String@5000016e)
	value		50002c81
OBJ 50002bb1 (sz=24, trace=300000, class=java.lang.String@5000016e)
	value		50002c79
OBJ 50002bb2 (sz=24, trace=300000, class=java.lang.String@5000016e)
	value		50002ca6
OBJ 50002bb3 (sz=24, trace=300000, class=java.lang.String@5000016e)
	value		50002c75
OBJ 50002bb4 (sz=24, trace=300000, class=java.lang.String@5000016e)
	value		50002cb3
OBJ 50002bb5 (sz=24, trace=300000, class=java.lang.String@5000016e)
	value		50002c92
OBJ 50002bb6 (sz=24, trace=300000, class=java.lang.String@5000016e)
	value		50002c8d
OBJ 50002bb7 (sz=24, trace=300000, class=java.lang.String@5000016e)
	value		50002c2a
OBJ 50002bb8 (sz=24, trace=300000, class=java.lang.String@5000016e)
	value		50002c30
OBJ 50002bb9 (sz=24, trace=300000, class=java.lang.String@5000016e)
	value		50002c2d
OBJ 50002bba (sz=24, trace=300000, class=java.lang.String@5000016e)
	value		50002cac
OBJ 50002bbb (sz=24, trace=300000, class=java.lang.String@5000016e)
	value		50002caf
OBJ 50002bbc (sz=24, trace=300000, class=java.lang.String@5000016e)
	value		50002c6f
OBJ 50002bbd (sz=24, trace=300000, class=java.lang.String@5000016e)
	value		50002ca2
OBJ 50002bbe (sz=24, trace=300000, class=java.lang.String@5000016e)
	value		50002c97
OBJ 50002bbf (sz=24, trace=300000, class=java.lang.String@5000016e)
	value		50002c9c
OBJ 50002bc0 (sz=24, trace=300000, class=java.lang.String@5000016e)
	value		50002c9f
OBJ 50002bc1 (sz=24, trace=300000, class=java.lang.String@5000016e)
	value		50002cbe
OBJ 50002bc2 (sz=24, trace=300000, class=java.lang.String@5000016e)
	value		50002cb7
OBJ 50002bc3 (sz=24, trace=300000, class=java.lang.String@5000016e)
	value		50002ca9
OBJ 50002bc4 (sz=24, trace=300000, class=java.lang.String@5000016e)
	value		50002c7e
OBJ 50002bc5 (sz=24, trace=300000, class=java.lang.String@5000016e)
	value		50002cba
OBJ 50002bc6 (sz=24, trace=300000, class=java.lang.String@5000016e)
	value		50002c72
OBJ 50002bc7 (sz=24, trace=300000, class=java.lang.String@5000016e)
	value		50002cc1
OBJ 50002bc8 (sz=24, trace=300000, class=java.lang.String@5000016e)
	value		50002c37
OBJ 50002bc9 (sz=24, trace=300000, class=java.lang.String@5000016e)
	value		50002c36
OBJ 50002bca (sz=24, trace=300000, class=java.lang.String@5000016e)
	value		50002ccc
OBJ 50002bcb (sz=24, trace=300000, class=java.lang.String@5000016e)
	value		50002cd3
OBJ 50002bcc (sz=24, trace=300000, class=java.lang.String@5000016e)
	value		50002d02
OBJ 50002bcd (sz=24, trace=300000, class=java.lang.String@5000016e)
	value		50002cd9
OBJ 50002bce (sz=24, trace=300000, class=java.lang.String@5000016e)
	value		50002cd0
OBJ 50002bcf (sz=24, trace=300000, class=java.lang.String@5000016e)
	value		50002d0f
OBJ 50002bd0 (sz=24, trace=300000, class=java.lang.String@5000016e)
	value		50002cc7
OBJ 50002bd1 (sz=24, trace=300000, class=java.lang.String@5000016e)
	value		50002d0a
OBJ 50002bd2 (sz=24, trace=300000, class=java.lang.String@5000016e)
	value		50002d04
OBJ 50002bd3 (sz=24, trace=300000, class=java.lang.String@5000016e)
	value		50002ce4
OBJ 50002bd4 (sz=24, trace=300000, class=java.lang.String@5000016e)
	value		50002ce8
OBJ 50002bd5 (sz=24, trace=300000, class=java.lang.String@5000016e)
	value		50002cfc
OBJ 50002bd6 (sz=24, trace=300000, class=java.lang.String@5000016e)
	value		50002d06
OBJ 50002bd7 (sz=24, trace=300000, class=java.lang.String@5000016e)
	value		50002cf8
OBJ 50002bd8 (sz=24, trace=300000, class=java.lang.String@5000016e)
	value		50002cef
OBJ 50002bd9 (sz=24, trace=300000, class=java.lang.String@5000016e)
	value		50002cf5
OBJ 50002bda (sz=24, trace=300000, class=java.lang.String@5000016e)
	value		50002cf2
OBJ 50002bdb (sz=24, trace=300000, class=java.lang.String@5000016e)
	value		50002ceb
OBJ 50002bdc (sz=24, trace=300000, class=java.lang.String@5000016e)
	value		50002cde
OBJ 50002bdd (sz=24, trace=300000, class=java.lang.String@5000016e)
	value		50002cc5
OBJ 50002bde (sz=24, trace=300000, class=java.lang.String@5000016e)
	value		50002cc9
OBJ 50002bdf (sz=24, trace=300000, class=java.lang.String@5000016e)
	value		50002cd7
OBJ 50002be0 (sz=24, trace=300000, class=java.lang.String@5000016e)
	value		50002ce0
OBJ 50002be1 (sz=24, trace=300000, class=java.lang.String@5000016e)
	value		50002cdc
OBJ 50002be2 (sz=24, trace=300000, class=java.lang.String@5000016e)
	value		50002ce2
OBJ 50002be3 (sz=24, trace=300000, class=java.lang.String@5000016e)
	value		50002ccb
OBJ 50002be4 (sz=24, trace=300000, class=java.lang.String@5000016e)
	value		50002d10
OBJ 50002be5 (sz=24, trace=300000, class=java.lang.String@5000016e)
	value		50002cc6
OBJ 50002be6 (sz=24, trace=300000, class=java.lang.String@5000016e)
	value		50002cdd
OBJ 50002be7 (sz=24, trace=300000, class=java.lang.String@5000016e)
	value		50002cc4
OBJ 50002be8 (sz=24, trace=300000, class=java.lang.String@5000016e)
	value		50002cc8
OBJ 50002be9 (sz=24, trace=300000, class=java.lang.String@5000016e)
	value		50002cd2
OBJ 50002bea (sz=24, trace=300000, class=java.lang.String@5000016e)
	value		50002cd6
OBJ 50002beb (sz=24, trace=300000, class=java.lang.String@5000016e)
	value		50002d01
OBJ 50002bec (sz=24, trace=300000, class=java.lang.String@5000016e)
	value		50002d05
OBJ 50002bed (sz=24, trace=300000, class=java.lang.String@5000016e)
	value		50002cdf
OBJ 50002bee (sz=24, trace=300000, class=java.lang.String@5000016e)
	value		50002cdb
OBJ 50002bef (sz=24, trace=300000, class=java.lang.String@5000016e)
	value		50002d13
OBJ 50002bf0 (sz=24, trace=300000, class=java.lang.String@5000016e)
	value		50002ce1
OBJ 50002bf1 (sz=24, trace=300000, class=java.lang.String@5000016e)
	value		50002cd8
OBJ 50002bf2 (sz=24, trace=300000, class=java.lang.String@5000016e)
	value		50002ccf
OBJ 50002bf3 (sz=24, trace=300000, class=java.lang.String@5000016e)
	value		50002d0e
OBJ 50002bf4 (sz=24, trace=300000, class=java.lang.String@5000016e)
	value		50002d09
OBJ 50002bf5 (sz=24, trace=300000, class=java.lang.String@5000016e)
	value		50002d03
OBJ 50002bf6 (sz=24, trace=300000, class=java.lang.String@5000016e)
	value		50002ce3
OBJ 50002bf7 (sz=24, trace=300000, class=java.lang.String@5000016e)
	value		50002ce7
OBJ 50002bf8 (sz=24, trace=300000, class=java.lang.String@5000016e)
	value		50002cfb
OBJ 50002bf9 (sz=24, trace=300000, class=java.lang.String@5000016e)
	value		50002cf7
OBJ 50002bfa (sz=24, trace=300000, class=java.lang.String@5000016e)
	value		50002cee
OBJ 50002bfb (sz=24, trace=300000, class=java.lang.String@5000016e)
	value		50002cf4
OBJ 50002bfc (sz=24, trace=300000, class=java.lang.String@5000016e)
	value		50002cf1
OBJ 50002bfd (sz=24, trace=300000, class=java.lang.String@5000016e)
	value		50002cea
OBJ 50002bfe (sz=24, trace=300000, class=java.lang.String@5000016e)
	value		50002d00
OBJ 50002bff (sz=24, trace=300000, class=java.lang.String@5000016e)
	value		50002d0d
OBJ 50002c00 (sz=24, trace=300000, class=java.lang.String@5000016e)
	value		50002cff
OBJ 50002c01 (sz=24, trace=300000, class=java.lang.String@5000016e)
	value		50002cfa
OBJ 50002c02 (sz=24, trace=300000, class=java.lang.String@5000016e)
	value		50002cfe
OBJ 50002c03 (sz=24, trace=300000, class=java.lang.String@5000016e)
	value		50002cce
OBJ 50002c04 (sz=24, trace=300000, class=java.lang.String@5000016e)
	value		50002d12
OBJ 50002c05 (sz=24, trace=300000, class=java.lang.String@5000016e)
	value		50002cd5
OBJ 50002c06 (sz=24, trace=300000, class=java.lang.String@5000016e)
	value		50002cda
OBJ 50002c07 (sz=24, trace=300000, class=java.lang.String@5000016e)
	value		50002cd1
OBJ 50002c08 (sz=24, trace=300000, class=java.lang.String@5000016e)
	value		50002ced
OBJ 50002c09 (sz=24, trace=300000, class=java.lang.String@5000016e)
	value		50002cec
OBJ 50002c0a (sz=24, trace=300000, class=java.lang.String@5000016e)
	value		50002cd4
OBJ 50002c0b (sz=24, trace=300000, class=java.lang.String@5000016e)
	value		50002ccd
OBJ 50002c0c (sz=24, trace=300000, class=java.lang.String@5000016e)
	value		50002ce5
OBJ 50002c0d (sz=24, trace=300000, class=java.lang.String@5000016e)
	value		50002d07
OBJ 50002c0e (sz=24, trace=300000, class=java.lang.String@5000016e)
	value		50002d0b
OBJ 50002c0f (sz=24, trace=300000, class=java.lang.String@5000016e)
	value		50002cca
OBJ 50002c10 (sz=24, trace=300000, class=java.lang.String@5000016e)
	value		50002ce6
OBJ 50002c11 (sz=24, trace=300000, class=java.lang.String@5000016e)
	value		50002ce9
OBJ 50002c12 (sz=24, trace=300000, class=java.lang.String@5000016e)
	value		50002cfd
OBJ 50002c13 (sz=24, trace=300000, class=java.lang.String@5000016e)
	value		50002d08
OBJ 50002c14 (sz=24, trace=300000, class=java.lang.String@5000016e)
	value		50002cf9
OBJ 50002c15 (sz=24, trace=300000, class=java.lang.String@5000016e)
	value		50002cf0
OBJ 50002c16 (sz=24, trace=300000, class=java.lang.String@5000016e)
	value		50002cf6
OBJ 50002c17 (sz=24, trace=300000, class=java.lang.String@5000016e)
	value		50002cf3
OBJ 50002c18 (sz=24, trace=300000, class=java.lang.String@5000016e)
	value		50002d14
OBJ 50002c19 (sz=24, trace=300000, class=java.lang.String@5000016e)
	value		50002d0c
ARR 50002c1a (sz=2, trace=300000, nelems=1, elem type=char[])
ARR 50002c1b (sz=4, trace=300000, nelems=2, elem type=char[])
OBJ 50002c1c (sz=24, trace=300000, class=java.lang.String@5000016e)
	value		50002c1d
ARR 50002c1d (sz=16, trace=300000, nelems=8, elem type=char[])
OBJ 50002c1e (sz=24, trace=300000, class=java.lang.String@5000016e)
	value		50002c20
OBJ 50002c1f (sz=24, trace=300000, class=java.lang.String@5000016e)
	value		50002c21
ARR 50002c20 (sz=16, trace=300000, nelems=8, elem type=char[])
ARR 50002c21 (sz=12, trace=300000, nelems=6, elem type=char[])
OBJ 50002c22 (sz=24, trace=300000, class=java.lang.String@5000016e)
	value		50002c23
ARR 50002c23 (sz=10, trace=300000, nelems=5, elem type=char[])
OBJ 50002c24 (sz=24, trace=300000, class=java.lang.String@5000016e)
	value		50002c27
OBJ 50002c25 (sz=24, trace=300000, class=java.lang.String@5000016e)
	value		50002c28
OBJ 50002c26 (sz=24, trace=300000, class=java.lang.String@5000016e)
	value		50002c29
ARR 50002c27 (sz=22, trace=300000, nelems=11, elem type=char[])
ARR 50002c28 (sz=8, trace=300000, nelems=4, elem type=char[])
ARR 50002c29 (sz=14, trace=300000, nelems=7, elem type=char[])
ARR 50002c2a (sz=10, trace=300000, nelems=5, elem type=char[])
ARR 50002c2b (sz=12, trace=300000, nelems=6, elem type=char[])
ARR 50002c2c (sz=14, trace=300000, nelems=7, elem type=char[])
ARR 50002c2d (sz=20, trace=300000, nelems=10, elem type=char[])
ARR 50002c2e (sz=16, trace=300000, nelems=8, elem type=char[])
ARR 50002c2f (sz=6, trace=300000, nelems=3, elem type=char[])
ARR 50002c30 (sz=46, trace=300000, nelems=23, elem type=char[])
OBJ 50002c31 (sz=24, trace=300000, class=java.lang.String@5000016e)
	value		50002c32
ARR 50002c32 (sz=10, trace=300000, nelems=5, elem type=char[])
OBJ 50002c33 (sz=24, trace=300000, class=java.lang.String@5000016e)
	value		50002c34
ARR 50002c34 (sz=10, trace=300000, nelems=5, elem type=char[])
ARR 50002c35 (sz=10, trace=300000, nelems=5, elem type=char[])
ARR 50002c36 (sz=8, trace=300000, nelems=4, elem type=char[])
ARR 50002c37 (sz=12, trace=300000, nelems=6, elem type=char[])
ARR 50002c38 (sz=10, trace=300000, nelems=5, elem type=char[])
ARR 50002c39 (sz=12, trace=300000, nelems=6, elem type=char[])
ARR 50002c3a (sz=18, trace=300000, nelems=9, elem type=char[])
ARR 50002c3b (sz=24, trace=300000, nelems=12, elem type=char[])
ARR 50002c3c (sz=14, trace=300000, nelems=7, elem type=char[])
ARR 50002c3d (sz=40, trace=300000, nelems=20, elem type=char[])
OBJ 50002c3e (sz=24, trace=300000, class=java.lang.String@5000016e)
	value		50002c3f
ARR 50002c3f (sz=16, trace=300000, nelems=8, elem type=char[])
OBJ 50002c40 (sz=24, trace=300000, class=java.lang.String@5000016e)
	value		50002c41
ARR 50002c41 (sz=20, trace=300000, nelems=10, elem type=char[])
OBJ 50002c42 (sz=24, trace=300000, class=java.lang.String@5000016e)
	value		50002c43
ARR 50002c43 (sz=18, trace=300000, nelems=9, elem type=char[])
OBJ 50002c44 (sz=24, trace=300000, class=java.lang.String@5000016e)
	value		50002c45
ARR 50002c45 (sz=18, trace=300000, nelems=9, elem type=char[])
OBJ 50002c46 (sz=24, trace=300000, class=java.lang.String@5000016e)
	value		50002c47
ARR 50002c47 (sz=14, trace=300000, nelems=7, elem type=char[])
OBJ 50002c48 (sz=24, trace=300000, class=java.lang.String@5000016e)
	value		50002c49
ARR 50002c49 (sz=14, trace=300000, nelems=7, elem type=char[])
OBJ 50002c4a (sz=24, trace=300000, class=java.lang.String@5000016e)
	value		50002c4b
ARR 50002c4b (sz=22, trace=300000, nelems=11, elem type=char[])
ARR 50002c4c (sz=8, trace=300000, nelems=4, elem type=char[])
OBJ 50002c4d (sz=24, trace=300000, class=java.lang.String@5000016e)
	value		50002c4e
ARR 50002c4e (sz=14, trace=300000, nelems=7, elem type=char[])
OBJ 50002c4f (sz=24, trace=300000, class=java.lang.String@5000016e)
	value		50002c50
ARR 50002c50 (sz=18, trace=300000, nelems=9, elem type=char[])
OBJ 50002c51 (sz=24, trace=300000, class=java.lang.String@5000016e)
	value		50002c52
ARR 50002c52 (sz=6, trace=300000, nelems=3, elem type=char[])
OBJ 50002c53 (sz=24, trace=300000, class=java.lang.String@5000016e)
	value		50002c54
ARR 50002c54 (sz=12, trace=300000, nelems=6, elem type=char[])
OBJ 50002c55 (sz=24, trace=300000, class=java.lang.String@5000016e)
	value		50002c56
ARR 50002c56 (sz=12, trace=300000, nelems=6, elem type=char[])
OBJ 50002c57 (sz=24, trace=300000, class=java.lang.String@5000016e)
	value		50002c58
ARR 50002c58 (sz=10, trace=300000, nelems=5, elem type=char[])
OBJ 50002c59 (sz=24, trace=300000, class=java.lang.String@5000016e)
	value		50002c5a
ARR 50002c5a (sz=14, trace=300000, nelems=7, elem type=char[])
OBJ 50002c5b (sz=24, trace=300000, class=java.lang.String@5000016e)
	value		50002c5c
ARR 50002c5c (sz=14, trace=300000, nelems=7, elem type=char[])
OBJ 50002c5d (sz=24, trace=300000, class=java.lang.String@5000016e)
	value		50002c5e
ARR 50002c5e (sz=22, trace=300000, nelems=11, elem type=char[])
OBJ 50002c5f (sz=24, trace=300000, class=java.lang.String@5000016e)
	value		50002c60
ARR 50002c60 (sz=18, trace=300000, nelems=9, elem type=char[])
OBJ 50002c61 (sz=24, trace=300000, class=java.lang.String@5000016e)
	value		50002c62
ARR 50002c62 (sz=8, trace=300000, nelems=4, elem type=char[])
OBJ 50002c63 (sz=24, trace=300000, class=java.lang.String@5000016e)
	value		50002c64
ARR 50002c64 (sz=28, trace=300000, nelems=14, elem type=char[])
ARR 50002c65 (sz=6, trace=300000, nelems=3, elem type=char[])
ARR 50002c66 (sz=16, trace=300000, nelems=8, elem type=char[])
ARR 50002c67 (sz=18, trace=300000, nelems=9, elem type=char[])
ARR 50002c68 (sz=24, trace=300000, nelems=12, elem type=char[])
ARR 50002c69 (sz=30, trace=300000, nelems=15, elem type=char[])
ARR 50002c6a (sz=20, trace=300000, nelems=10, elem type=char[])
ARR 50002c6b (sz=40, trace=300000, nelems=20, elem type=char[])
ARR 50002c6c (sz=38, trace=300000, nelems=19, elem type=char[])
ARR 50002c6d (sz=12, trace=300000, nelems=6, elem type=char[])
ARR 50002c6e (sz=14, trace=300000, nelems=7, elem type=char[])
ARR 50002c6f (sz=20, trace=300000, nelems=10, elem type=char[])
ARR 50002c70 (sz=14, trace=300000, nelems=7, elem type=char[])
ARR 50002c71 (sz=16, trace=300000, nelems=8, elem type=char[])
ARR 50002c72 (sz=22, trace=300000, nelems=11, elem type=char[])
ARR 50002c73 (sz=22, trace=300000, nelems=11, elem type=char[])
ARR 50002c74 (sz=24, trace=300000, nelems=12, elem type=char[])
ARR 50002c75 (sz=30, trace=300000, nelems=15, elem type=char[])
ARR 50002c76 (sz=18, trace=300000, nelems=9, elem type=char[])
ARR 50002c77 (sz=20, trace=300000, nelems=10, elem type=char[])
ARR 50002c78 (sz=24, trace=300000, nelems=12, elem type=char[])
ARR 50002c79 (sz=26, trace=300000, nelems=13, elem type=char[])
ARR 50002c7a (sz=4, trace=300000, nelems=2, elem type=char[])
ARR 50002c7b (sz=6, trace=300000, nelems=3, elem type=char[])
ARR 50002c7c (sz=20, trace=300000, nelems=10, elem type=char[])
ARR 50002c7d (sz=22, trace=300000, nelems=11, elem type=char[])
ARR 50002c7e (sz=28, trace=300000, nelems=14, elem type=char[])
ARR 50002c7f (sz=26, trace=300000, nelems=13, elem type=char[])
ARR 50002c80 (sz=28, trace=300000, nelems=14, elem type=char[])
ARR 50002c81 (sz=34, trace=300000, nelems=17, elem type=char[])
ARR 50002c82 (sz=44, trace=300000, nelems=22, elem type=char[])
ARR 50002c83 (sz=36, trace=300000, nelems=18, elem type=char[])
ARR 50002c84 (sz=40, trace=300000, nelems=20, elem type=char[])
ARR 50002c85 (sz=42, trace=300000, nelems=21, elem type=char[])
ARR 50002c86 (sz=36, trace=300000, nelems=18, elem type=char[])
ARR 50002c87 (sz=40, trace=300000, nelems=20, elem type=char[])
ARR 50002c88 (sz=28, trace=300000, nelems=14, elem type=char[])
ARR 50002c89 (sz=32, trace=300000, nelems=16, elem type=char[])
ARR 50002c8a (sz=14, trace=300000, nelems=7, elem type=char[])
ARR 50002c8b (sz=16, trace=300000, nelems=8, elem type=char[])
ARR 50002c8c (sz=24, trace=300000, nelems=12, elem type=char[])
ARR 50002c8d (sz=22, trace=300000, nelems=11, elem type=char[])
ARR 50002c8e (sz=28, trace=300000, nelems=14, elem type=char[])
ARR 50002c8f (sz=32, trace=300000, nelems=16, elem type=char[])
ARR 50002c90 (sz=24, trace=300000, nelems=12, elem type=char[])
ARR 50002c91 (sz=26, trace=300000, nelems=13, elem type=char[])
ARR 50002c92 (sz=32, trace=300000, nelems=16, elem type=char[])
ARR 50002c93 (sz=38, trace=300000, nelems=19, elem type=char[])
ARR 50002c94 (sz=42, trace=300000, nelems=21, elem type=char[])
ARR 50002c95 (sz=8, trace=300000, nelems=4, elem type=char[])
ARR 50002c96 (sz=12, trace=300000, nelems=6, elem type=char[])
ARR 50002c97 (sz=36, trace=300000, nelems=18, elem type=char[])
ARR 50002c98 (sz=8, trace=300000, nelems=4, elem type=char[])
ARR 50002c99 (sz=18, trace=300000, nelems=9, elem type=char[])
ARR 50002c9a (sz=20, trace=300000, nelems=10, elem type=char[])
ARR 50002c9b (sz=36, trace=300000, nelems=18, elem type=char[])
ARR 50002c9c (sz=26, trace=300000, nelems=13, elem type=char[])
ARR 50002c9d (sz=26, trace=300000, nelems=13, elem type=char[])
ARR 50002c9e (sz=28, trace=300000, nelems=14, elem type=char[])
ARR 50002c9f (sz=34, trace=300000, nelems=17, elem type=char[])
ARR 50002ca0 (sz=20, trace=300000, nelems=10, elem type=char[])
ARR 50002ca1 (sz=22, trace=300000, nelems=11, elem type=char[])
ARR 50002ca2 (sz=28, trace=300000, nelems=14, elem type=char[])
ARR 50002ca3 (sz=2, trace=300000, nelems=1, elem type=char[])
ARR 50002ca4 (sz=4, trace=300000, nelems=2, elem type=char[])
ARR 50002ca5 (sz=34, trace=300000, nelems=17, elem type=char[])
ARR 50002ca6 (sz=10, trace=300000, nelems=5, elem type=char[])
ARR 50002ca7 (sz=2, trace=300000, nelems=1, elem type=char[])
ARR 50002ca8 (sz=4, trace=300000, nelems=2, elem type=char[])
ARR 50002ca9 (sz=28, trace=300000, nelems=14, elem type=char[])
ARR 50002caa (sz=2, trace=300000, nelems=1, elem type=char[])
ARR 50002cab (sz=4, trace=300000, nelems=2, elem type=char[])
ARR 50002cac (sz=28, trace=300000, nelems=14, elem type=char[])
ARR 50002cad (sz=16, trace=300000, nelems=8, elem type=char[])
ARR 50002cae (sz=20, trace=300000, nelems=10, elem type=char[])
ARR 50002caf (sz=24, trace=300000, nelems=12, elem type=char[])
ARR 50002cb0 (sz=16, trace=300000, nelems=8, elem type=char[])
ARR 50002cb1 (sz=18, trace=300000, nelems=9, elem type=char[])
ARR 50002cb2 (sz=32, trace=300000, nelems=16, elem type=char[])
ARR 50002cb3 (sz=24, trace=300000, nelems=12, elem type=char[])
ARR 50002cb4 (sz=12, trace=300000, nelems=6, elem type=char[])
ARR 50002cb5 (sz=14, trace=300000, nelems=7, elem type=char[])
ARR 50002cb6 (sz=30, trace=300000, nelems=15, elem type=char[])
ARR 50002cb7 (sz=20, trace=300000, nelems=10, elem type=char[])
ARR 50002cb8 (sz=12, trace=300000, nelems=6, elem type=char[])
ARR 50002cb9 (sz=14, trace=300000, nelems=7, elem type=char[])
ARR 50002cba (sz=20, trace=300000, nelems=10, elem type=char[])
ARR 50002cbb (sz=14, trace=300000, nelems=7, elem type=char[])
ARR 50002cbc (sz=16, trace=300000, nelems=8, elem type=char[])
ARR 50002cbd (sz=30, trace=300000, nelems=15, elem type=char[])
ARR 50002cbe (sz=22, trace=300000, nelems=11, elem type=char[])
ARR 50002cbf (sz=14, trace=300000, nelems=7, elem type=char[])
ARR 50002cc0 (sz=16, trace=300000, nelems=8, elem type=char[])
ARR 50002cc1 (sz=22, trace=300000, nelems=11, elem type=char[])
OBJ 50002cc2 (sz=24, trace=300000, class=java.lang.String@5000016e)
	value		50002cc3
ARR 50002cc3 (sz=14, trace=300000, nelems=7, elem type=char[])
ARR 50002cc4 (sz=22, trace=300000, nelems=11, elem type=char[])
ARR 50002cc5 (sz=24, trace=300000, nelems=12, elem type=char[])
ARR 50002cc6 (sz=10, trace=300000, nelems=5, elem type=char[])
ARR 50002cc7 (sz=18, trace=300000, nelems=9, elem type=char[])
ARR 50002cc8 (sz=8, trace=300000, nelems=4, elem type=char[])
ARR 50002cc9 (sz=10, trace=300000, nelems=5, elem type=char[])
ARR 50002cca (sz=16, trace=300000, nelems=8, elem type=char[])
ARR 50002ccb (sz=2, trace=300000, nelems=1, elem type=char[])
ARR 50002ccc (sz=4, trace=300000, nelems=2, elem type=char[])
ARR 50002ccd (sz=48, trace=300000, nelems=24, elem type=char[])
ARR 50002cce (sz=10, trace=300000, nelems=5, elem type=char[])
ARR 50002ccf (sz=2, trace=300000, nelems=1, elem type=char[])
ARR 50002cd0 (sz=4, trace=300000, nelems=2, elem type=char[])
ARR 50002cd1 (sz=10, trace=300000, nelems=5, elem type=char[])
ARR 50002cd2 (sz=2, trace=300000, nelems=1, elem type=char[])
ARR 50002cd3 (sz=4, trace=300000, nelems=2, elem type=char[])
ARR 50002cd4 (sz=24, trace=300000, nelems=12, elem type=char[])
ARR 50002cd5 (sz=10, trace=300000, nelems=5, elem type=char[])
ARR 50002cd6 (sz=16, trace=300000, nelems=8, elem type=char[])
ARR 50002cd7 (sz=18, trace=300000, nelems=9, elem type=char[])
ARR 50002cd8 (sz=12, trace=300000, nelems=6, elem type=char[])
ARR 50002cd9 (sz=14, trace=300000, nelems=7, elem type=char[])
ARR 50002cda (sz=20, trace=300000, nelems=10, elem type=char[])
ARR 50002cdb (sz=12, trace=300000, nelems=6, elem type=char[])
ARR 50002cdc (sz=14, trace=300000, nelems=7, elem type=char[])
ARR 50002cdd (sz=6, trace=300000, nelems=3, elem type=char[])
ARR 50002cde (sz=8, trace=300000, nelems=4, elem type=char[])
ARR 50002cdf (sz=22, trace=300000, nelems=11, elem type=char[])
ARR 50002ce0 (sz=24, trace=300000, nelems=12, elem type=char[])
ARR 50002ce1 (sz=26, trace=300000, nelems=13, elem type=char[])
ARR 50002ce2 (sz=28, trace=300000, nelems=14, elem type=char[])
ARR 50002ce3 (sz=16, trace=300000, nelems=8, elem type=char[])
ARR 50002ce4 (sz=18, trace=300000, nelems=9, elem type=char[])
ARR 50002ce5 (sz=28, trace=300000, nelems=14, elem type=char[])
ARR 50002ce6 (sz=22, trace=300000, nelems=11, elem type=char[])
ARR 50002ce7 (sz=18, trace=300000, nelems=9, elem type=char[])
ARR 50002ce8 (sz=20, trace=300000, nelems=10, elem type=char[])
ARR 50002ce9 (sz=24, trace=300000, nelems=12, elem type=char[])
ARR 50002cea (sz=14, trace=300000, nelems=7, elem type=char[])
ARR 50002ceb (sz=16, trace=300000, nelems=8, elem type=char[])
ARR 50002cec (sz=24, trace=300000, nelems=12, elem type=char[])
ARR 50002ced (sz=22, trace=300000, nelems=11, elem type=char[])
ARR 50002cee (sz=12, trace=300000, nelems=6, elem type=char[])
ARR 50002cef (sz=14, trace=300000, nelems=7, elem type=char[])
ARR 50002cf0 (sz=18, trace=300000, nelems=9, elem type=char[])
ARR 50002cf1 (sz=24, trace=300000, nelems=12, elem type=char[])
ARR 50002cf2 (sz=26, trace=300000, nelems=13, elem type=char[])
ARR 50002cf3 (sz=30, trace=300000, nelems=15, elem type=char[])
ARR 50002cf4 (sz=38, trace=300000, nelems=19, elem type=char[])
ARR 50002cf5 (sz=40, trace=300000, nelems=20, elem type=char[])
ARR 50002cf6 (sz=44, trace=300000, nelems=22, elem type=char[])
ARR 50002cf7 (sz=14, trace=300000, nelems=7, elem type=char[])
ARR 50002cf8 (sz=18, trace=300000, nelems=9, elem type=char[])
ARR 50002cf9 (sz=20, trace=300000, nelems=10, elem type=char[])
ARR 50002cfa (sz=10, trace=300000, nelems=5, elem type=char[])
ARR 50002cfb (sz=16, trace=300000, nelems=8, elem type=char[])
ARR 50002cfc (sz=20, trace=300000, nelems=10, elem type=char[])
ARR 50002cfd (sz=22, trace=300000, nelems=11, elem type=char[])
ARR 50002cfe (sz=16, trace=300000, nelems=8, elem type=char[])
ARR 50002cff (sz=12, trace=300000, nelems=6, elem type=char[])
ARR 50002d00 (sz=12, trace=300000, nelems=6, elem type=char[])
ARR 50002d01 (sz=2, trace=300000, nelems=1, elem type=char[])
ARR 50002d02 (sz=4, trace=300000, nelems=2, elem type=char[])
ARR 50002d03 (sz=10, trace=300000, nelems=5, elem type=char[])
ARR 50002d04 (sz=12, trace=300000, nelems=6, elem type=char[])
ARR 50002d05 (sz=12, trace=300000, nelems=6, elem type=char[])
ARR 50002d06 (sz=18, trace=300000, nelems=9, elem type=char[])
ARR 50002d07 (sz=28, trace=300000, nelems=14, elem type=char[])
ARR 50002d08 (sz=20, trace=300000, nelems=10, elem type=char[])
ARR 50002d09 (sz=12, trace=300000, nelems=6, elem type=char[])
ARR 50002d0a (sz=16, trace=300000, nelems=8, elem type=char[])
ARR 50002d0b (sz=18, trace=300000, nelems=9, elem type=char[])
ARR 50002d0c (sz=14, trace=300000, nelems=7, elem type=char[])
ARR 50002d0d (sz=14, trace=300000, nelems=7, elem type=char[])
ARR 50002d0e (sz=4, trace=300000, nelems=2, elem type=char[])
ARR 50002d0f (sz=6, trace=300000, nelems=3, elem type=char[])
ARR 50002d10 (sz=4, trace=300000, nelems=2, elem type=char[])
ARR 50002d11 (sz=2, trace=300000, nelems=1, elem type=char[])
ARR 50002d12 (sz=12, trace=300000, nelems=6, elem type=char[])
ARR 50002d13 (sz=20, trace=300000, nelems=10, elem type=char[])
ARR 50002d14 (sz=20, trace=300000, nelems=10, elem type=char[])
OBJ 50002d15 (sz=24, trace=300000, class=java.lang.String@5000016e)
	value		50002d29
OBJ 50002d16 (sz=24, trace=300000, class=java.lang.String@5000016e)
	value		50002d2a
OBJ 50002d17 (sz=24, trace=300000, class=java.lang.String@5000016e)
	value		50002d2b
OBJ 50002d18 (sz=24, trace=300000, class=java.lang.String@5000016e)
	value		50002d2c
OBJ 50002d19 (sz=24, trace=300000, class=java.lang.String@5000016e)
	value		50002d2d
OBJ 50002d1a (sz=24, trace=300000, class=java.lang.String@5000016e)
	value		50002d2e
OBJ 50002d1b (sz=24, trace=300000, class=java.lang.String@5000016e)
	value		50002d2f
OBJ 50002d1c (sz=24, trace=300000, class=java.lang.String@5000016e)
	value		50002d30
OBJ 50002d1d (sz=24, trace=300000, class=java.lang.String@5000016e)
	value		50002d31
OBJ 50002d1e (sz=24, trace=300000, class=java.lang.String@5000016e)
	value		50002d32
OBJ 50002d1f (sz=24, trace=300000, class=java.lang.String@5000016e)
	value		50002d33
OBJ 50002d20 (sz=24, trace=300000, class=java.lang.String@5000016e)
	value		50002d34
OBJ 50002d21 (sz=24, trace=300000, class=java.lang.String@5000016e)
	value		50002d35
OBJ 50002d22 (sz=24, trace=300000, class=java.lang.String@5000016e)
	value		50002d36
OBJ 50002d23 (sz=24, trace=300000, class=java.lang.String@5000016e)
	value		50002d37
OBJ 50002d24 (sz=24, trace=300000, class=java.lang.String@5000016e)
	value		50002d38
OBJ 50002d25 (sz=24, trace=300000, class=java.lang.String@5000016e)
	value		50002d39
OBJ 50002d26 (sz=24, trace=300000, class=java.lang.String@5000016e)
	value		50002d3a
OBJ 50002d27 (sz=24, trace=300000, class=java.lang.String@5000016e)
	value		50002d3b
OBJ 50002d28 (sz=24, trace=300000, class=java.lang.String@5000016e)
	value		50002d3c
ARR 50002d29 (sz=28, trace=300000, nelems=14, elem type=char[])
ARR 50002d2a (sz=8, trace=300000, nelems=4, elem type=char[])
ARR 50002d2b (sz=18, trace=300000, nelems=9, elem type=char[])
ARR 50002d2c (sz=14, trace=300000, nelems=7, elem type=char[])
ARR 50002d2d (sz=14, trace=300000, nelems=7, elem type=char[])
ARR 50002d2e (sz=10, trace=300000, nelems=5, elem type=char[])
ARR 50002d2f (sz=22, trace=300000, nelems=11, elem type=char[])
ARR 50002d30 (sz=14, trace=300000, nelems=7, elem type=char[])
ARR 50002d31 (sz=14, trace=300000, nelems=7, elem type=char[])
ARR 50002d32 (sz=18, trace=300000, nelems=9, elem type=char[])
ARR 50002d33 (sz=18, trace=300000, nelems=9, elem type=char[])
ARR 50002d34 (sz=8, trace=300000, nelems=4, elem type=char[])
ARR 50002d35 (sz=20, trace=300000, nelems=10, elem type=char[])
ARR 50002d36 (sz=6, trace=300000, nelems=3, elem type=char[])
ARR 50002d37 (sz=12, trace=300000, nelems=6, elem type=char[])
ARR 50002d38 (sz=12, trace=300000, nelems=6, elem type=char[])
ARR 50002d39 (sz=12, trace=300000, nelems=6, elem type=char[])
ARR 50002d3a (sz=6, trace=300000, nelems=3, elem type=char[])
ARR 50002d3b (sz=18, trace=300000, nelems=9, elem type=char[])
ARR 50002d3c (sz=14, trace=300000, nelems=7, elem type=char[])
OBJ 50002d3d (sz=24, trace=300000, class=java.lang.String@5000016e)
	value		50002d46
OBJ 50002d3e (sz=24, trace=300000, class=java.lang.String@5000016e)
	value		50002d4c
OBJ 50002d3f (sz=24, trace=300000, class=java.lang.String@5000016e)
	value		50002d48
OBJ 50002d40 (sz=24, trace=300000, class=java.lang.String@5000016e)
	value		50002d4a
OBJ 50002d41 (sz=24, trace=300000, class=java.lang.String@5000016e)
	value		50002d4e
OBJ 50002d42 (sz=24, trace=300000, class=java.lang.String@5000016e)
	value		50002d49
OBJ 50002d43 (sz=24, trace=300000, class=java.lang.String@5000016e)
	value		50002d4b
OBJ 50002d44 (sz=24, trace=300000, class=java.lang.String@5000016e)
	value		50002d4f
OBJ 50002d45 (sz=24, trace=300000, class=java.lang.String@5000016e)
	value		50002d47
ARR 50002d46 (sz=12, trace=300000, nelems=6, elem type=char[])
ARR 50002d47 (sz=8, trace=300000, nelems=4, elem type=char[])
ARR 50002d48 (sz=8, trace=300000, nelems=4, elem type=char[])
ARR 50002d49 (sz=12, trace=300000, nelems=6, elem type=char[])
ARR 50002d4a (sz=14, trace=300000, nelems=7, elem type=char[])
ARR 50002d4b (sz=14, trace=300000, nelems=7, elem type=char[])
ARR 50002d4c (sz=16, trace=300000, nelems=8, elem type=char[])
ARR 50002d4d (sz=8, trace=300000, nelems=4, elem type=char[])
ARR 50002d4e (sz=12, trace=300000, nelems=6, elem type=char[])
ARR 50002d4f (sz=10, trace=300000, nelems=5, elem type=char[])
OBJ 50002d50 (sz=24, trace=300000, class=java.lang.String@5000016e)
	value		50002d51
ARR 50002d51 (sz=44, trace=300000, nelems=22, elem type=char[])
OBJ 50002d52 (sz=24, trace=300000, class=java.lang.String@5000016e)
	value		50002d54
OBJ 50002d53 (sz=24, trace=300000, class=java.lang.String@5000016e)
	value		50002d55
ARR 50002d54 (sz=40, trace=300000, nelems=20, elem type=char[])
ARR 50002d55 (sz=14, trace=300000, nelems=7, elem type=char[])
OBJ 50002d56 (sz=24, trace=300000, class=java.lang.String@5000016e)
	value		50002d91
OBJ 50002d57 (sz=24, trace=300000, class=java.lang.String@5000016e)
	value		50002d90
OBJ 50002d58 (sz=24, trace=300000, class=java.lang.String@5000016e)
	value		50002d83
OBJ 50002d59 (sz=24, trace=300000, class=java.lang.String@5000016e)
	value		50002d82
OBJ 50002d5a (sz=24, trace=300000, class=java.lang.String@5000016e)
	value		50002d81
OBJ 50002d5b (sz=24, trace=300000, class=java.lang.String@5000016e)
	value		50002d80
OBJ 50002d5c (sz=24, trace=300000, class=java.lang.String@5000016e)
	value		50002d7f
OBJ 50002d5d (sz=24, trace=300000, class=java.lang.String@5000016e)
	value		50002d7e
OBJ 50002d5e (sz=24, trace=300000, class=java.lang.String@5000016e)
	value		50002d7d
OBJ 50002d5f (sz=24, trace=300000, class=java.lang.String@5000016e)
	value		50002d62
OBJ 50002d60 (sz=24, trace=300000, class=java.lang.String@5000016e)
	value		50002d61
ARR 50002d61 (sz=12, trace=300000, nelems=6, elem type=char[])
ARR 50002d62 (sz=26, trace=300000, nelems=13, elem type=char[])
OBJ 50002d63 (sz=24, trace=300000, class=java.lang.String@5000016e)
	value		50002d6e
OBJ 50002d64 (sz=24, trace=300000, class=java.lang.String@5000016e)
	value		50002d6d
OBJ 50002d65 (sz=24, trace=300000, class=java.lang.String@5000016e)
	value		50002d6c
OBJ 50002d66 (sz=24, trace=300000, class=java.lang.String@5000016e)
	value		50002d6b
OBJ 50002d67 (sz=24, trace=300000, class=java.lang.String@5000016e)
	value		50002d69
OBJ 50002d68 (sz=24, trace=300000, class=java.lang.String@5000016e)
	value		50002d6a
ARR 50002d69 (sz=10, trace=300000, nelems=5, elem type=char[])
ARR 50002d6a (sz=12, trace=300000, nelems=6, elem type=char[])
ARR 50002d6b (sz=20, trace=300000, nelems=10, elem type=char[])
ARR 50002d6c (sz=18, trace=300000, nelems=9, elem type=char[])
ARR 50002d6d (sz=30, trace=300000, nelems=15, elem type=char[])
ARR 50002d6e (sz=10, trace=300000, nelems=5, elem type=char[])
OBJ 50002d6f (sz=24, trace=300000, class=java.lang.String@5000016e)
	value		50002d74
OBJ 50002d70 (sz=24, trace=300000, class=java.lang.String@5000016e)
	value		50002d76
OBJ 50002d71 (sz=24, trace=300000, class=java.lang.String@5000016e)
	value		50002d75
OBJ 50002d72 (sz=24, trace=300000, class=java.lang.String@5000016e)
	value		50002d73
ARR 50002d73 (sz=14, trace=300000, nelems=7, elem type=char[])
ARR 50002d74 (sz=14, trace=300000, nelems=7, elem type=char[])
ARR 50002d75 (sz=28, trace=300000, nelems=14, elem type=char[])
ARR 50002d76 (sz=6, trace=300000, nelems=3, elem type=char[])
OBJ 50002d77 (sz=24, trace=300000, class=java.lang.String@5000016e)
	value		50002d7c
OBJ 50002d78 (sz=24, trace=300000, class=java.lang.String@5000016e)
	value		50002d7b
OBJ 50002d79 (sz=24, trace=300000, class=java.lang.String@5000016e)
	value		50002d7a
ARR 50002d7a (sz=36, trace=300000, nelems=18, elem type=char[])
ARR 50002d7b (sz=42, trace=300000, nelems=21, elem type=char[])
ARR 50002d7c (sz=40, trace=300000, nelems=20, elem type=char[])
ARR 50002d7d (sz=28, trace=300000, nelems=14, elem type=char[])
ARR 50002d7e (sz=16, trace=300000, nelems=8, elem type=char[])
ARR 50002d7f (sz=32, trace=300000, nelems=16, elem type=char[])
ARR 50002d80 (sz=22, trace=300000, nelems=11, elem type=char[])
ARR 50002d81 (sz=12, trace=300000, nelems=6, elem type=char[])
ARR 50002d82 (sz=28, trace=300000, nelems=14, elem type=char[])
ARR 50002d83 (sz=22, trace=300000, nelems=11, elem type=char[])
OBJ 50002d84 (sz=24, trace=300000, class=java.lang.String@5000016e)
	value		50002d8f
OBJ 50002d85 (sz=24, trace=300000, class=java.lang.String@5000016e)
	value		50002d8a
OBJ 50002d86 (sz=24, trace=300000, class=java.lang.String@5000016e)
	value		50002d8e
OBJ 50002d87 (sz=24, trace=300000, class=java.lang.String@5000016e)
	value		50002d8d
OBJ 50002d88 (sz=24, trace=300000, class=java.lang.String@5000016e)
	value		50002d8b
OBJ 50002d89 (sz=24, trace=300000, class=java.lang.String@5000016e)
	value		50002d8c
ARR 50002d8a (sz=18, trace=300000, nelems=9, elem type=char[])
ARR 50002d8b (sz=26, trace=300000, nelems=13, elem type=char[])
ARR 50002d8c (sz=12, trace=300000, nelems=6, elem type=char[])
ARR 50002d8d (sz=22, trace=300000, nelems=11, elem type=char[])
ARR 50002d8e (sz=28, trace=300000, nelems=14, elem type=char[])
ARR 50002d8f (sz=20, trace=300000, nelems=10, elem type=char[])
ARR 50002d90 (sz=58, trace=300000, nelems=29, elem type=char[])
ARR 50002d91 (sz=16, trace=300000, nelems=8, elem type=char[])
ARR 50002d92 (sz=26, trace=300000, nelems=13, elem type=char[])
ARR 50002d93 (sz=28, trace=300000, nelems=14, elem type=char[])
ARR 50002d94 (sz=20, trace=300000, nelems=10, elem type=char[])
OBJ 50002d95 (sz=24, trace=300000, class=java.lang.String@5000016e)
	value		50002d98
OBJ 50002d96 (sz=24, trace=300000, class=java.lang.String@5000016e)
	value		50002d97
ARR 50002d97 (sz=12, trace=300000, nelems=6, elem type=char[])
ARR 50002d98 (sz=40, trace=300000, nelems=20, elem type=char[])
ARR 50002d99 (sz=264, trace=300000, nelems=61, elem type=com.sun.tools.javac.main.Option[]@5000161f)
	[0]		500013c5
	[1]		500013c6
	[2]		50001420
	[3]		50001421
	[4]		500015be
	[5]		500015bf
	[6]		500015c0
	[7]		500015c1
	[8]		500015c2
	[9]		500015c3
	[10]		500015c4
	[11]		500015c5
	[12]		500015c6
	[13]		500015c7
	[14]		500015c8
	[15]		500015c9
	[16]		500015ca
	[17]		500015cb
	[18]		500015cc
	[19]		500015cd
	[20]		500015ce
	[21]		500015d4
	[22]		500015d5
	[23]		500015d6
	[24]		500015d7
	[25]		500015d8
	[26]		500015d9
	[27]		500015da
	[28]		500015e0
	[29]		500015e1
	[30]		500015e2
	[31]		500015e3
	[32]		500015e4
	[33]		500015e5
	[34]		500015e6
	[35]		500015e7
	[36]		500015e8
	[37]		500015e9
	[38]		500015ea
	[39]		500015f0
	[40]		500015f1
	[41]		500015f2
	[42]		500015f3
	[43]		500015f4
	[44]		500015f5
	[45]		500015f6
	[46]		500015f7
	[47]		500015f8
	[48]		50001602
	[49]		50001603
	[50]		50001604
	[51]		50001605
	[52]		5000160b
	[53]		50001612
	[54]		50001613
	[55]		50001614
	[56]		50001615
	[57]		5000161b
	[58]		5000161c
	[59]		5000161d
	[60]		5000161e
OBJ 50002d9a (sz=24, trace=300000, class=java.lang.String@5000016e)
	value		50002d9b
ARR 50002d9b (sz=18, trace=300000, nelems=9, elem type=char[])
OBJ 50002d9c (sz=24, trace=300000, class=java.lang.String@5000016e)
	value		50002d9d
ARR 50002d9d (sz=10, trace=300000, nelems=5, elem type=char[])
OBJ 50002d9e (sz=16, trace=300000, class=java.security.ProtectionDomain$Key@50000008)
	this$0		50000ab1
ARR 50002d9f (sz=16, trace=300000, nelems=0, elem type=java.security.Principal[]@50000006)
OBJ 50002da0 (sz=32, trace=300000, class=java.security.CodeSource@50000114)
OBJ 50002da1 (sz=16, trace=300000, class=java.util.HashSet@50000005)
	map		50002da2
OBJ 50002da2 (sz=48, trace=300000, class=java.util.HashMap@500000c6)
	table		50000852
ARR 50002da3 (sz=56, trace=300000, nelems=0, elem type=java.lang.Object[]@50000108)
OBJ 50002da4 (sz=16, trace=300000, class=sun.net.www.protocol.jar.Handler@50000003)
OBJ 50002da5 (sz=48, trace=300000, class=java.util.HashMap@500000c6)
	table		50000566
OBJ 50002da6 (sz=24, trace=300000, class=java.util.ArrayList@500000dd)
	elementData	50000565
OBJ 50002da7 (sz=32, trace=300000, class=java.util.Stack@500000e2)
	elementData	50002dad
OBJ 50002da8 (sz=24, trace=300000, class=java.util.ArrayList@500000dd)
	elementData	50002da9
ARR 50002da9 (sz=56, trace=300000, nelems=2, elem type=java.lang.Object[]@50000108)
	[0]		50001a51
	[1]		50002daa
OBJ 50002daa (sz=64, trace=300000, class=java.net.URL@50000119)
	protocol	50000d9c
	host		500005d6
	file		50002dab
	authority	500005d6
	path		50002dab
	handler		50000dad
OBJ 50002dab (sz=24, trace=300000, class=java.lang.String@5000016e)
	value		50002dac
ARR 50002dac (sz=90, trace=300000, nelems=45, elem type=char[])
ARR 50002dad (sz=56, trace=300000, nelems=0, elem type=java.lang.Object[]@50000108)
OBJ 50002dae (sz=32, trace=300000, class=java.lang.ref.ReferenceQueue@5000014c)
	lock		50002db0
ARR 50002daf (sz=80, trace=300000, nelems=0, elem type=java.util.WeakHashMap$Entry[]@50000048)
OBJ 50002db0 (sz=16, trace=300000, class=java.lang.ref.ReferenceQueue$Lock@500000d1)
ARR 50002db1 (sz=56, trace=300000, nelems=1, elem type=java.lang.Object[]@50000108)
	[0]		50000e74
ARR 50002db2 (sz=56, trace=300000, nelems=1, elem type=java.lang.Object[]@50000108)
	[0]		50002db3
OBJ 50002db3 (sz=40, trace=300000, class=java.lang.ClassLoader$NativeLibrary@5000005f)
	fromClass	50000167
	name		50000e74
ARR 50002db4 (sz=56, trace=300000, nelems=0, elem type=java.lang.Object[]@50000108)
OBJ 50002db5 (sz=24, trace=300000, class=java.lang.String@5000016e)
	value		50002dfe
OBJ 50002db6 (sz=24, trace=300000, class=java.lang.String@5000016e)
	value		50002dfd
OBJ 50002db7 (sz=24, trace=300000, class=java.lang.String@5000016e)
	value		50002dfc
OBJ 50002db8 (sz=24, trace=300000, class=java.lang.String@5000016e)
	value		50002dfb
OBJ 50002db9 (sz=24, trace=300000, class=java.lang.String@5000016e)
	value		50002dfa
OBJ 50002dba (sz=24, trace=300000, class=java.lang.String@5000016e)
	value		50002df9
OBJ 50002dbb (sz=24, trace=300000, class=java.lang.String@5000016e)
	value		50002df8
OBJ 50002dbc (sz=24, trace=300000, class=java.lang.String@5000016e)
	value		50002df7
OBJ 50002dbd (sz=24, trace=300000, class=java.lang.String@5000016e)
	value		50002df6
OBJ 50002dbe (sz=24, trace=300000, class=java.lang.String@5000016e)
	value		50002df5
OBJ 50002dbf (sz=24, trace=300000, class=java.lang.String@5000016e)
	value		50002df4
OBJ 50002dc0 (sz=24, trace=300000, class=java.lang.String@5000016e)
	value		50002df3
OBJ 50002dc1 (sz=24, trace=300000, class=java.lang.String@5000016e)
	value		50002df2
OBJ 50002dc2 (sz=24, trace=300000, class=java.lang.String@5000016e)
	value		50002df1
OBJ 50002dc3 (sz=24, trace=300000, class=java.lang.String@5000016e)
	value		50002df0
OBJ 50002dc4 (sz=24, trace=300000, class=java.lang.String@5000016e)
	value		50002def
OBJ 50002dc5 (sz=24, trace=300000, class=java.lang.String@5000016e)
	value		50002dee
OBJ 50002dc6 (sz=24, trace=300000, class=java.lang.String@5000016e)
	value		50002ded
OBJ 50002dc7 (sz=24, trace=300000, class=java.lang.String@5000016e)
	value		50002dec
OBJ 50002dc8 (sz=24, trace=300000, class=java.lang.String@5000016e)
	value		50002deb
OBJ 50002dc9 (sz=24, trace=300000, class=java.lang.String@5000016e)
	value		50002dea
OBJ 50002dca (sz=24, trace=300000, class=java.lang.String@5000016e)
	value		50002de9
OBJ 50002dcb (sz=24, trace=300000, class=java.lang.String@5000016e)
	value		50002de8
OBJ 50002dcc (sz=24, trace=300000, class=java.lang.String@5000016e)
	value		50002de7
OBJ 50002dcd (sz=24, trace=300000, class=java.lang.String@5000016e)
	value		50002de6
OBJ 50002dce (sz=24, trace=300000, class=java.lang.String@5000016e)
	value		50002de5
OBJ 50002dcf (sz=24, trace=300000, class=java.lang.String@5000016e)
	value		50002de4
OBJ 50002dd0 (sz=24, trace=300000, class=java.lang.String@5000016e)
	value		50002de3
OBJ 50002dd1 (sz=24, trace=300000, class=java.lang.String@5000016e)
	value		50002de2
OBJ 50002dd2 (sz=24, trace=300000, class=java.lang.String@5000016e)
	value		50002de1
OBJ 50002dd3 (sz=24, trace=300000, class=java.lang.String@5000016e)
	value		50002de0
OBJ 50002dd4 (sz=24, trace=300000, class=java.lang.String@5000016e)
	value		50002ddf
OBJ 50002dd5 (sz=24, trace=300000, class=java.lang.String@5000016e)
	value		50002dde
OBJ 50002dd6 (sz=24, trace=300000, class=java.lang.String@5000016e)
	value		50002ddd
OBJ 50002dd7 (sz=24, trace=300000, class=java.lang.String@5000016e)
	value		50002ddc
OBJ 50002dd8 (sz=24, trace=300000, class=java.lang.String@5000016e)
	value		50002ddb
OBJ 50002dd9 (sz=24, trace=300000, class=java.lang.String@5000016e)
	value		50002dda
ARR 50002dda (sz=2, trace=300000, nelems=1, elem type=char[])
ARR 50002ddb (sz=74, trace=300000, nelems=37, elem type=char[])
ARR 50002ddc (sz=76, trace=300000, nelems=38, elem type=char[])
ARR 50002ddd (sz=98, trace=300000, nelems=49, elem type=char[])
ARR 50002dde (sz=106, trace=300000, nelems=53, elem type=char[])
ARR 50002ddf (sz=24, trace=300000, nelems=12, elem type=char[])
ARR 50002de0 (sz=106, trace=300000, nelems=53, elem type=char[])
ARR 50002de1 (sz=114, trace=300000, nelems=57, elem type=char[])
ARR 50002de2 (sz=130, trace=300000, nelems=65, elem type=char[])
ARR 50002de3 (sz=106, trace=300000, nelems=53, elem type=char[])
ARR 50002de4 (sz=110, trace=300000, nelems=55, elem type=char[])
ARR 50002de5 (sz=104, trace=300000, nelems=52, elem type=char[])
ARR 50002de6 (sz=124, trace=300000, nelems=62, elem type=char[])
ARR 50002de7 (sz=96, trace=300000, nelems=48, elem type=char[])
ARR 50002de8 (sz=116, trace=300000, nelems=58, elem type=char[])
ARR 50002de9 (sz=40, trace=300000, nelems=20, elem type=char[])
ARR 50002dea (sz=76, trace=300000, nelems=38, elem type=char[])
ARR 50002deb (sz=58, trace=300000, nelems=29, elem type=char[])
ARR 50002dec (sz=48, trace=300000, nelems=24, elem type=char[])
ARR 50002ded (sz=76, trace=300000, nelems=38, elem type=char[])
ARR 50002dee (sz=64, trace=300000, nelems=32, elem type=char[])
ARR 50002def (sz=48, trace=300000, nelems=24, elem type=char[])
ARR 50002df0 (sz=86, trace=300000, nelems=43, elem type=char[])
ARR 50002df1 (sz=48, trace=300000, nelems=24, elem type=char[])
ARR 50002df2 (sz=20, trace=300000, nelems=10, elem type=char[])
ARR 50002df3 (sz=38, trace=300000, nelems=19, elem type=char[])
ARR 50002df4 (sz=70, trace=300000, nelems=35, elem type=char[])
ARR 50002df5 (sz=112, trace=300000, nelems=56, elem type=char[])
ARR 50002df6 (sz=32, trace=300000, nelems=16, elem type=char[])
ARR 50002df7 (sz=106, trace=300000, nelems=53, elem type=char[])
ARR 50002df8 (sz=188, trace=300000, nelems=94, elem type=char[])
ARR 50002df9 (sz=106, trace=300000, nelems=53, elem type=char[])
ARR 50002dfa (sz=188, trace=300000, nelems=94, elem type=char[])
ARR 50002dfb (sz=20, trace=300000, nelems=10, elem type=char[])
ARR 50002dfc (sz=38, trace=300000, nelems=19, elem type=char[])
ARR 50002dfd (sz=46, trace=300000, nelems=23, elem type=char[])
ARR 50002dfe (sz=76, trace=300000, nelems=38, elem type=char[])
OBJ 50002dff (sz=24, trace=300000, class=java.lang.String@5000016e)
	value		50002e00
ARR 50002e00 (sz=48, trace=300000, nelems=24, elem type=char[])
OBJ 50002e01 (sz=24, trace=300000, class=java.util.Collections$SetFromMap@50000047)
	m		50002e03
	s		50002e02
OBJ 50002e02 (sz=16, trace=300000, class=java.util.WeakHashMap$KeySet@50000046)
	this$0		50002e03
OBJ 50002e03 (sz=48, trace=300000, class=java.util.WeakHashMap@5000009b)
	keySet		50002e02
	table		50002e05
	queue		50002e04
OBJ 50002e04 (sz=32, trace=300000, class=java.lang.ref.ReferenceQueue@5000014c)
	lock		50002e0a
ARR 50002e05 (sz=80, trace=300000, nelems=14, elem type=java.util.WeakHashMap$Entry[]@50000048)
	[4]		50002e06
	[6]		50002e07
	[13]		50002e08
OBJ 50002e06 (sz=40, trace=300000, class=java.util.WeakHashMap$Entry@5000004b)
	referent	5000011a
	queue		50002e04
	value		50000a8e
OBJ 50002e07 (sz=40, trace=300000, class=java.util.WeakHashMap$Entry@5000004b)
	referent	5000015e
	queue		50002e04
	value		50000a8e
	next		50002e0b
OBJ 50002e08 (sz=40, trace=300000, class=java.util.WeakHashMap$Entry@5000004b)
	referent	50000116
	queue		50002e04
	value		50000a8e
	next		50002e09
OBJ 50002e09 (sz=40, trace=300000, class=java.util.WeakHashMap$Entry@5000004b)
	referent	50000115
	queue		50002e04
	value		50000a8e
OBJ 50002e0a (sz=16, trace=300000, class=java.lang.ref.ReferenceQueue$Lock@500000d1)
OBJ 50002e0b (sz=40, trace=300000, class=java.util.WeakHashMap$Entry@5000004b)
	referent	50000168
	queue		50002e04
	value		50000a8e
ARR 50002e0c (sz=42, trace=300000, nelems=21, elem type=char[])
ARR 50002e0d (sz=34, trace=300000, nelems=17, elem type=char[])
ARR 50002e0e (sz=10, trace=300000, nelems=5, elem type=char[])
ARR 50002e0f (sz=58, trace=300000, nelems=29, elem type=char[])
ARR 50002e10 (sz=54, trace=300000, nelems=27, elem type=char[])
ARR 50002e11 (sz=74, trace=300000, nelems=37, elem type=char[])
ARR 50002e12 (sz=44, trace=300000, nelems=22, elem type=char[])
ARR 50002e13 (sz=70, trace=300000, nelems=35, elem type=char[])
ARR 50002e14 (sz=4, trace=300000, nelems=2, elem type=char[])
ARR 50002e15 (sz=6, trace=300000, nelems=3, elem type=char[])
OBJ 50002e16 (sz=24, trace=300000, class=java.lang.String@5000016e)
	value		50002e17
ARR 50002e17 (sz=12, trace=300000, nelems=6, elem type=char[])
OBJ 50002e18 (sz=24, trace=300000, class=java.lang.String@5000016e)
	value		50002e19
ARR 50002e19 (sz=8, trace=300000, nelems=4, elem type=char[])
ARR 50002e1a (sz=22, trace=300000, nelems=11, elem type=char[])
OBJ 50002e1b (sz=24, trace=300000, class=java.lang.String@5000016e)
	value		50002e1e
OBJ 50002e1c (sz=24, trace=300000, class=java.lang.String@5000016e)
	value		50002e1d
ARR 50002e1d (sz=46, trace=300000, nelems=23, elem type=char[])
ARR 50002e1e (sz=60, trace=300000, nelems=30, elem type=char[])
OBJ 50002e1f (sz=24, trace=300000, class=java.lang.String@5000016e)
	value		50002e24
OBJ 50002e20 (sz=24, trace=300000, class=java.lang.String@5000016e)
	value		50002e23
OBJ 50002e21 (sz=24, trace=300000, class=java.lang.String@5000016e)
	value		50002e22
ARR 50002e22 (sz=28, trace=300000, nelems=14, elem type=char[])
ARR 50002e23 (sz=28, trace=300000, nelems=14, elem type=char[])
ARR 50002e24 (sz=28, trace=300000, nelems=14, elem type=char[])
OBJ 50002e25 (sz=24, trace=300000, class=java.lang.String@5000016e)
	value		50002e26
ARR 50002e26 (sz=40, trace=300000, nelems=20, elem type=char[])
ARR 50002e27 (sz=12, trace=300000, nelems=6, elem type=char[])
ARR 50002e28 (sz=10, trace=300000, nelems=5, elem type=char[])
ARR 50002e29 (sz=4, trace=300000, nelems=2, elem type=char[])
ARR 50002e2a (sz=8, trace=300000, nelems=4, elem type=char[])
ARR 50002e2b (sz=4, trace=300000, nelems=2, elem type=char[])
ARR 50002e2c (sz=10, trace=300000, nelems=5, elem type=char[])
ARR 50002e2d (sz=22, trace=300000, nelems=11, elem type=char[])
ARR 50002e2e (sz=14, trace=300000, nelems=7, elem type=char[])
ARR 50002e2f (sz=4, trace=300000, nelems=2, elem type=char[])
ARR 50002e30 (sz=24, trace=300000, nelems=12, elem type=char[])
ARR 50002e31 (sz=24, trace=300000, nelems=12, elem type=char[])
ARR 50002e32 (sz=42, trace=300000, nelems=21, elem type=char[])
ARR 50002e33 (sz=40, trace=300000, nelems=20, elem type=char[])
ARR 50002e34 (sz=50, trace=300000, nelems=25, elem type=char[])
ARR 50002e35 (sz=74, trace=300000, nelems=37, elem type=char[])
OBJ 50002e36 (sz=32, trace=300000, class=java.io.FileOutputStream@500000ad)
	fd		5000062b
	closeLock	50002e37
OBJ 50002e37 (sz=16, trace=300000, class=java.lang.Object@50000172)
OBJ 50002e38 (sz=24, trace=300000, class=java.io.OutputStreamWriter@50000090)
	lock		50000611
	se		50002e3d
OBJ 50002e39 (sz=40, trace=300000, class=java.io.BufferedWriter@5000006f)
	lock		50002e38
	out		50002e38
	cb		50002e3c
	lineSeparator	500005fe
OBJ 50002e3a (sz=24, trace=300000, class=java.io.BufferedOutputStream@50000092)
	out		5000062d
	buf		50002e3b
ARR 50002e3b (sz=128, trace=300000, nelems=128, elem type=byte[])
ARR 50002e3c (sz=16384, trace=300000, nelems=8192, elem type=char[])
OBJ 50002e3d (sz=48, trace=300000, class=sun.nio.cs.StreamEncoder@5000008f)
	lock		50002e38
	cs		50001654
	encoder		50002e3f
	bb		50002e3e
	out		50000611
OBJ 50002e3e (sz=48, trace=300000, class=java.nio.HeapByteBuffer@50000075)
	hb		50002e41
OBJ 50002e3f (sz=64, trace=300000, class=sun.nio.cs.SingleByte$Encoder@50000078)
	charset		50001654
	replacement	50002e40
	malformedInputAction	500017f3
	unmappableCharacterAction	500017f3
	c2b		5000181a
	c2bIndex	50001812
ARR 50002e40 (sz=1, trace=300000, nelems=1, elem type=byte[])
ARR 50002e41 (sz=8192, trace=300000, nelems=8192, elem type=byte[])
OBJ 50002e42 (sz=24, trace=300000, class=java.io.OutputStreamWriter@50000090)
	lock		5000060d
	se		50002e47
OBJ 50002e43 (sz=40, trace=300000, class=java.io.BufferedWriter@5000006f)
	lock		50002e42
	out		50002e42
	cb		50002e46
	lineSeparator	500005fe
OBJ 50002e44 (sz=24, trace=300000, class=java.io.BufferedOutputStream@50000092)
	out		50002e36
	buf		50002e45
ARR 50002e45 (sz=128, trace=300000, nelems=128, elem type=byte[])
ARR 50002e46 (sz=16384, trace=300000, nelems=8192, elem type=char[])
OBJ 50002e47 (sz=48, trace=300000, class=sun.nio.cs.StreamEncoder@5000008f)
	lock		50002e42
	cs		50001654
	encoder		50002e49
	bb		50002e48
	out		5000060d
OBJ 50002e48 (sz=48, trace=300000, class=java.nio.HeapByteBuffer@50000075)
	hb		50002e4b
OBJ 50002e49 (sz=64, trace=300000, class=sun.nio.cs.SingleByte$Encoder@50000078)
	charset		50001654
	replacement	50002e4a
	malformedInputAction	500017f3
	unmappableCharacterAction	500017f3
	c2b		5000181a
	c2bIndex	50001812
ARR 50002e4a (sz=1, trace=300000, nelems=1, elem type=byte[])
ARR 50002e4b (sz=8192, trace=300000, nelems=8192, elem type=byte[])
OBJ 50002e4c (sz=24, trace=300000, class=java.util.Collections$SynchronizedSet@500000ba)
	c		50002e8f
	mutex		50000601
ARR 50002e4d (sz=400, trace=300000, nelems=92, elem type=java.util.Hashtable$Entry[]@500000bf)
	[0]		50002e4e
	[2]		50002e4f
	[9]		50002e50
	[11]		50002e51
	[13]		50002e52
	[16]		50002e53
	[17]		50002e54
	[18]		50002e55
	[19]		50002e56
	[21]		50002e57
	[22]		50002e58
	[24]		50002e59
	[26]		50002e5a
	[27]		50002e5b
	[33]		50002e5c
	[38]		50002e5d
	[39]		50002e5e
	[40]		50002e5f
	[41]		50002e60
	[44]		50002e61
	[47]		50002e62
	[49]		50002e63
	[53]		50002e64
	[54]		50002e65
	[57]		50002e66
	[62]		50002e67
	[63]		50002e68
	[64]		50002e69
	[65]		50002e6a
	[67]		50002e6b
	[70]		50002e6c
	[72]		50002e6d
	[74]		50002e6e
	[76]		50002e6f
	[79]		50002e70
	[80]		50002e71
	[81]		50002e72
	[82]		50002e73
	[86]		50002e74
	[88]		50002e75
	[91]		50002e76
OBJ 50002e4e (sz=32, trace=300000, class=java.util.Hashtable$Entry@500000c0)
	key		50000a85
	value		50000a84
OBJ 50002e4f (sz=32, trace=300000, class=java.util.Hashtable$Entry@500000c0)
	key		50000a81
	value		50000a80
OBJ 50002e50 (sz=32, trace=300000, class=java.util.Hashtable$Entry@500000c0)
	key		50000a7d
	value		50000a7c
	next		50002e8e
OBJ 50002e51 (sz=32, trace=300000, class=java.util.Hashtable$Entry@500000c0)
	key		50000a70
	value		50000a6f
OBJ 50002e52 (sz=32, trace=300000, class=java.util.Hashtable$Entry@500000c0)
	key		50000a6b
	value		50000a68
OBJ 50002e53 (sz=32, trace=300000, class=java.util.Hashtable$Entry@500000c0)
	key		50000a65
	value		50000a61
OBJ 50002e54 (sz=32, trace=300000, class=java.util.Hashtable$Entry@500000c0)
	key		50000a5e
	value		50000a5d
OBJ 50002e55 (sz=32, trace=300000, class=java.util.Hashtable$Entry@500000c0)
	key		50000a42
	value		50000a41
OBJ 50002e56 (sz=32, trace=300000, class=java.util.Hashtable$Entry@500000c0)
	key		50000a3b
	value		50001896
OBJ 50002e57 (sz=32, trace=300000, class=java.util.Hashtable$Entry@500000c0)
	key		50000a31
	value		50002e8c
OBJ 50002e58 (sz=32, trace=300000, class=java.util.Hashtable$Entry@500000c0)
	key		50000a2a
	value		50000a29
OBJ 50002e59 (sz=32, trace=300000, class=java.util.Hashtable$Entry@500000c0)
	key		50000a26
	value		50000a25
	next		50002e8b
OBJ 50002e5a (sz=32, trace=300000, class=java.util.Hashtable$Entry@500000c0)
	key		50000a1d
	value		50000a17
	next		50002e89
OBJ 50002e5b (sz=32, trace=300000, class=java.util.Hashtable$Entry@500000c0)
	key		50000a07
	value		50000a06
OBJ 50002e5c (sz=32, trace=300000, class=java.util.Hashtable$Entry@500000c0)
	key		50000a03
	value		50000a02
	next		50002e88
OBJ 50002e5d (sz=32, trace=300000, class=java.util.Hashtable$Entry@500000c0)
	key		500009f6
	value		500009f5
	next		50002e87
OBJ 50002e5e (sz=32, trace=300000, class=java.util.Hashtable$Entry@500000c0)
	key		500009f1
	value		500009f0
OBJ 50002e5f (sz=32, trace=300000, class=java.util.Hashtable$Entry@500000c0)
	key		500009d5
	value		500009d4
OBJ 50002e60 (sz=32, trace=300000, class=java.util.Hashtable$Entry@500000c0)
	key		500009d0
	value		500009ce
OBJ 50002e61 (sz=32, trace=300000, class=java.util.Hashtable$Entry@500000c0)
	key		500009c4
	value		500009c0
OBJ 50002e62 (sz=32, trace=300000, class=java.util.Hashtable$Entry@500000c0)
	key		500009b6
	value		500009b5
OBJ 50002e63 (sz=32, trace=300000, class=java.util.Hashtable$Entry@500000c0)
	key		500009a8
	value		500009a5
	next		50002e86
OBJ 50002e64 (sz=32, trace=300000, class=java.util.Hashtable$Entry@500000c0)
	key		500009a1
	value		500009a0
OBJ 50002e65 (sz=32, trace=300000, class=java.util.Hashtable$Entry@500000c0)
	key		5000099d
	value		5000099c
OBJ 50002e66 (sz=32, trace=300000, class=java.util.Hashtable$Entry@500000c0)
	key		50000997
	value		50000996
OBJ 50002e67 (sz=32, trace=300000, class=java.util.Hashtable$Entry@500000c0)
	key		50000993
	value		50000992
OBJ 50002e68 (sz=32, trace=300000, class=java.util.Hashtable$Entry@500000c0)
	key		5000098f
	value		5000098e
OBJ 50002e69 (sz=32, trace=300000, class=java.util.Hashtable$Entry@500000c0)
	key		5000098b
	value		5000098a
OBJ 50002e6a (sz=32, trace=300000, class=java.util.Hashtable$Entry@500000c0)
	key		50000987
	value		50000986
OBJ 50002e6b (sz=32, trace=300000, class=java.util.Hashtable$Entry@500000c0)
	key		50000980
	value		5000097f
	next		50002e85
OBJ 50002e6c (sz=32, trace=300000, class=java.util.Hashtable$Entry@500000c0)
	key		50000977
	value		50000976
	next		50002e84
OBJ 50002e6d (sz=32, trace=300000, class=java.util.Hashtable$Entry@500000c0)
	key		5000096a
	value		50000967
OBJ 50002e6e (sz=32, trace=300000, class=java.util.Hashtable$Entry@500000c0)
	key		50002e82
	value		50002a32
OBJ 50002e6f (sz=32, trace=300000, class=java.util.Hashtable$Entry@500000c0)
	key		5000094e
	value		5000094d
	next		50002e81
OBJ 50002e70 (sz=32, trace=300000, class=java.util.Hashtable$Entry@500000c0)
	key		5000093e
	value		5000093d
	next		50002e7e
OBJ 50002e71 (sz=32, trace=300000, class=java.util.Hashtable$Entry@500000c0)
	key		50000930
	value		5000092f
	next		50002e7d
OBJ 50002e72 (sz=32, trace=300000, class=java.util.Hashtable$Entry@500000c0)
	key		5000092b
	value		5000092a
OBJ 50002e73 (sz=32, trace=300000, class=java.util.Hashtable$Entry@500000c0)
	key		50000923
	value		50000922
	next		50002e7c
OBJ 50002e74 (sz=32, trace=300000, class=java.util.Hashtable$Entry@500000c0)
	key		5000091e
	value		5000091d
OBJ 50002e75 (sz=32, trace=300000, class=java.util.Hashtable$Entry@500000c0)
	key		50000913
	value		50000912
	next		50002e7b
OBJ 50002e76 (sz=32, trace=300000, class=java.util.Hashtable$Entry@500000c0)
	key		50002e78
	value		50002e77
OBJ 50002e77 (sz=24, trace=300000, class=java.lang.String@5000016e)
	value		50002e7a
OBJ 50002e78 (sz=24, trace=300000, class=java.lang.String@5000016e)
	value		50002e79
ARR 50002e79 (sz=34, trace=300000, nelems=17, elem type=char[])
ARR 50002e7a (sz=62, trace=300000, nelems=31, elem type=char[])
OBJ 50002e7b (sz=32, trace=300000, class=java.util.Hashtable$Entry@500000c0)
	key		50000919
	value		50000916
OBJ 50002e7c (sz=32, trace=300000, class=java.util.Hashtable$Entry@500000c0)
	key		50000927
	value		50000926
OBJ 50002e7d (sz=32, trace=300000, class=java.util.Hashtable$Entry@500000c0)
	key		50000934
	value		50000933
OBJ 50002e7e (sz=32, trace=300000, class=java.util.Hashtable$Entry@500000c0)
	key		50000939
	value		50000938
	next		50002e7f
OBJ 50002e7f (sz=32, trace=300000, class=java.util.Hashtable$Entry@500000c0)
	key		50000943
	value		50000942
	next		50002e80
OBJ 50002e80 (sz=32, trace=300000, class=java.util.Hashtable$Entry@500000c0)
	key		50000949
	value		50000948
OBJ 50002e81 (sz=32, trace=300000, class=java.util.Hashtable$Entry@500000c0)
	key		5000095b
	value		50000952
OBJ 50002e82 (sz=24, trace=300000, class=java.lang.String@5000016e)
	value		50002e83
ARR 50002e83 (sz=40, trace=300000, nelems=20, elem type=char[])
OBJ 50002e84 (sz=32, trace=300000, class=java.util.Hashtable$Entry@500000c0)
	key		5000097b
	value		5000097a
OBJ 50002e85 (sz=32, trace=300000, class=java.util.Hashtable$Entry@500000c0)
	key		50000983
	value		500005fe
OBJ 50002e86 (sz=32, trace=300000, class=java.util.Hashtable$Entry@500000c0)
	key		500009ad
	value		500009ac
OBJ 50002e87 (sz=32, trace=300000, class=java.util.Hashtable$Entry@500000c0)
	key		500009fa
	value		500009f9
OBJ 50002e88 (sz=32, trace=300000, class=java.util.Hashtable$Entry@500000c0)
	key		500009ff
	value		500009fe
OBJ 50002e89 (sz=32, trace=300000, class=java.util.Hashtable$Entry@500000c0)
	key		50000a12
	value		50000a11
	next		50002e8a
OBJ 50002e8a (sz=32, trace=300000, class=java.util.Hashtable$Entry@500000c0)
	key		50000a0d
	value		50000a0c
OBJ 50002e8b (sz=32, trace=300000, class=java.util.Hashtable$Entry@500000c0)
	key		50000a22
	value		50000a21
OBJ 50002e8c (sz=24, trace=300000, class=java.lang.String@5000016e)
	value		50002e8d
ARR 50002e8d (sz=20, trace=300000, nelems=10, elem type=char[])
OBJ 50002e8e (sz=32, trace=300000, class=java.util.Hashtable$Entry@500000c0)
	key		50000a79
	value		50000a78
OBJ 50002e8f (sz=16, trace=300000, class=java.util.Hashtable$EntrySet@500000bc)
	this$0		50000601
OBJ 50002e90 (sz=24, trace=300000, class=java.lang.String@5000016e)
	value		50002e91
ARR 50002e91 (sz=8, trace=300000, nelems=4, elem type=char[])
OBJ 50002e92 (sz=24, trace=300000, class=java.lang.String@5000016e)
	value		50002e9f
OBJ 50002e93 (sz=24, trace=300000, class=java.lang.String@5000016e)
	value		50002e9d
OBJ 50002e94 (sz=16, trace=300000, class=java.lang.Terminator$1@5000005c)
OBJ 50002e95 (sz=24, trace=300000, class=sun.misc.NativeSignalHandler@5000005a)
OBJ 50002e96 (sz=24, trace=300000, class=sun.misc.NativeSignalHandler@5000005a)
OBJ 50002e97 (sz=48, trace=300000, class=java.util.Hashtable@50000145)
	table		50002ea0
OBJ 50002e98 (sz=48, trace=300000, class=java.util.Hashtable@50000145)
	table		50002e99
ARR 50002e99 (sz=32, trace=300000, nelems=4, elem type=java.util.Hashtable$Entry[]@500000bf)
	[2]		50002e9a
	[3]		50002e9b
OBJ 50002e9a (sz=32, trace=300000, class=java.util.Hashtable$Entry@500000c0)
	key		50002e9e
	value		50002e94
OBJ 50002e9b (sz=32, trace=300000, class=java.util.Hashtable$Entry@500000c0)
	key		50002e9c
	value		50002e94
OBJ 50002e9c (sz=24, trace=300000, class=sun.misc.Signal@5000005b)
	name		50002e93
ARR 50002e9d (sz=8, trace=300000, nelems=4, elem type=char[])
OBJ 50002e9e (sz=24, trace=300000, class=sun.misc.Signal@5000005b)
	name		50002e92
ARR 50002e9f (sz=6, trace=300000, nelems=3, elem type=char[])
ARR 50002ea0 (sz=32, trace=300000, nelems=4, elem type=java.util.Hashtable$Entry[]@500000bf)
	[2]		50002ea1
	[3]		50002ea2
OBJ 50002ea1 (sz=32, trace=300000, class=java.util.Hashtable$Entry@500000c0)
	key		50000800
	value		50002e9e
OBJ 50002ea2 (sz=32, trace=300000, class=java.util.Hashtable$Entry@500000c0)
	key		50000810
	value		50002e9c
ARR 50002ea3 (sz=6, trace=300000, nelems=3, elem type=char[])
ARR 50002ea4 (sz=38, trace=300000, nelems=19, elem type=char[])
ARR 50002ea5 (sz=38, trace=300000, nelems=19, elem type=char[])
ARR 50002ea6 (sz=32, trace=300000, nelems=1, elem type=java.lang.ThreadGroup[]@500000f5)
	[0]		500005d2
ARR 50002ea7 (sz=32, trace=300000, nelems=4, elem type=java.lang.Thread[]@500000cf)
	[0]		500003cb
	[1]		500003c7
	[2]		500003c6
	[3]		500003c5
OBJ 50002ea8 (sz=16, trace=300000, class=java.lang.Object@50000172)
OBJ 50002ea9 (sz=40, trace=300000, class=java.security.AccessControlContext@5000015f)
OBJ 50002eaa (sz=24, trace=300000, class=java.lang.String@5000016e)
	value		50002eab
ARR 50002eab (sz=30, trace=300000, nelems=15, elem type=char[])
OBJ 50002eac (sz=16, trace=300000, class=java.lang.Object@50000172)
OBJ 50002ead (sz=40, trace=300000, class=java.security.AccessControlContext@5000015f)
OBJ 50002eae (sz=24, trace=300000, class=java.lang.String@5000016e)
	value		50002eaf
ARR 50002eaf (sz=34, trace=300000, nelems=17, elem type=char[])
OBJ 50002eb0 (sz=16, trace=300000, class=java.lang.Object@50000172)
OBJ 50002eb1 (sz=40, trace=300000, class=java.security.AccessControlContext@5000015f)
OBJ 50002eb2 (sz=24, trace=300000, class=java.lang.String@5000016e)
	value		50002eb3
ARR 50002eb3 (sz=18, trace=300000, nelems=9, elem type=char[])
OBJ 50002eb4 (sz=16, trace=300000, class=java.lang.Object@50000172)
OBJ 50002eb5 (sz=40, trace=300000, class=java.lang.ref.Finalizer@5000014d)
	referent	50002db3
	queue		500003c8
	next		50002eb6
	prev		500004ef
OBJ 50002eb6 (sz=40, trace=300000, class=java.lang.ref.Finalizer@5000014d)
	referent	50002e36
	queue		500003c8
	next		50002eb7
	prev		50002eb5
OBJ 50002eb7 (sz=40, trace=300000, class=java.lang.ref.Finalizer@5000014d)
	referent	5000062d
	queue		500003c8
	next		50002eb8
	prev		50002eb6
OBJ 50002eb8 (sz=40, trace=300000, class=java.lang.ref.Finalizer@5000014d)
	referent	50000627
	queue		500003c8
	prev		50002eb7
OBJ 50002eb9 (sz=16, trace=300000, class=java.lang.Object@50000172)
OBJ 50002eba (sz=40, trace=300000, class=java.security.AccessControlContext@5000015f)
ARR 50002ebb (sz=32, trace=300000, nelems=1, elem type=java.lang.Thread[]@500000cf)
	[0]		500003d2
OBJ 50002ebc (sz=24, trace=300000, class=java.lang.String@5000016e)
	value		50002ebd
ARR 50002ebd (sz=8, trace=300000, nelems=4, elem type=char[])
OBJ 50002ebe (sz=16, trace=300000, class=java.lang.Object@50000172)
OBJ 50002ebf (sz=40, trace=300000, class=java.security.AccessControlContext@5000015f)
OBJ 50002ec0 (sz=24, trace=300000, class=java.lang.String@5000016e)
	value		50002ec1
ARR 50002ec1 (sz=8, trace=300000, nelems=4, elem type=char[])
OBJ 50002ec2 (sz=24, trace=300000, class=java.lang.String@5000016e)
	value		50002ec3
ARR 50002ec3 (sz=18, trace=300000, nelems=9, elem type=char[])
OBJ 50002ec4 (sz=32, trace=300000, class=java.lang.OutOfMemoryError@50000156)
OBJ 50002ec5 (sz=32, trace=300000, class=java.lang.OutOfMemoryError@50000156)
OBJ 50002ec6 (sz=32, trace=300000, class=java.lang.OutOfMemoryError@50000156)
OBJ 50002ec7 (sz=32, trace=300000, class=java.lang.OutOfMemoryError@50000156)
OBJ 50002ec8 (sz=24, trace=300000, class=java.lang.String@5000016e)
	value		50002ec9
ARR 50002ec9 (sz=126, trace=300000, nelems=63, elem type=char[])
OBJ 50002eca (sz=24, trace=300000, class=java.lang.String@5000016e)
	value		50002ecb
ARR 50002ecb (sz=52, trace=300000, nelems=26, elem type=char[])
OBJ 50002ecc (sz=24, trace=300000, class=java.lang.String@5000016e)
	value		50002ecd
ARR 50002ecd (sz=74, trace=300000, nelems=37, elem type=char[])
OBJ 50002ece (sz=24, trace=300000, class=java.lang.String@5000016e)
	value		50002ecf
ARR 50002ecf (sz=44, trace=300000, nelems=22, elem type=char[])
OBJ 50002ed0 (sz=24, trace=300000, class=java.lang.String@5000016e)
	value		50002ed1
ARR 50002ed1 (sz=18, trace=300000, nelems=9, elem type=char[])
OBJ 50002ed2 (sz=24, trace=300000, class=java.lang.String@5000016e)
	value		50002ed3
ARR 50002ed3 (sz=30, trace=300000, nelems=15, elem type=char[])
ARR 50002ed4 (sz=22, trace=300000, nelems=11, elem type=char[])
OBJ 50002ed5 (sz=24, trace=300000, class=java.lang.String@5000016e)
	value		50002eec
OBJ 50002ed6 (sz=24, trace=300000, class=java.lang.String@5000016e)
	value		50002ee7
OBJ 50002ed7 (sz=24, trace=300000, class=java.lang.String@5000016e)
	value		50002ee6
OBJ 50002ed8 (sz=24, trace=300000, class=java.lang.String@5000016e)
	value		50002ee5
OBJ 50002ed9 (sz=24, trace=300000, class=java.lang.String@5000016e)
	value		50002ee4
OBJ 50002eda (sz=24, trace=300000, class=java.lang.String@5000016e)
	value		50002ee3
OBJ 50002edb (sz=24, trace=300000, class=java.lang.String@5000016e)
	value		50002ee2
OBJ 50002edc (sz=24, trace=300000, class=java.lang.String@5000016e)
	value		50002ee1
OBJ 50002edd (sz=24, trace=300000, class=java.lang.String@5000016e)
	value		50002ee0
OBJ 50002ede (sz=24, trace=300000, class=java.lang.String@5000016e)
	value		50002edf
ARR 50002edf (sz=100, trace=300000, nelems=50, elem type=char[])
ARR 50002ee0 (sz=94, trace=300000, nelems=47, elem type=char[])
ARR 50002ee1 (sz=86, trace=300000, nelems=43, elem type=char[])
ARR 50002ee2 (sz=82, trace=300000, nelems=41, elem type=char[])
ARR 50002ee3 (sz=92, trace=300000, nelems=46, elem type=char[])
ARR 50002ee4 (sz=102, trace=300000, nelems=51, elem type=char[])
ARR 50002ee5 (sz=82, trace=300000, nelems=41, elem type=char[])
ARR 50002ee6 (sz=98, trace=300000, nelems=49, elem type=char[])
ARR 50002ee7 (sz=94, trace=300000, nelems=47, elem type=char[])
OBJ 50002ee8 (sz=24, trace=300000, class=java.lang.String@5000016e)
	value		50002ee9
ARR 50002ee9 (sz=20, trace=300000, nelems=10, elem type=char[])
OBJ 50002eea (sz=24, trace=300000, class=java.lang.String@5000016e)
	value		50002eeb
ARR 50002eeb (sz=12, trace=300000, nelems=6, elem type=char[])
ARR 50002eec (sz=8, trace=300000, nelems=4, elem type=char[])
OBJ 50002eed (sz=24, trace=300000, class=java.lang.String@5000016e)
	value		50002ef2
OBJ 50002eee (sz=24, trace=300000, class=java.lang.String@5000016e)
	value		50002ef1
OBJ 50002eef (sz=24, trace=300000, class=java.lang.String@5000016e)
	value		50002ef0
ARR 50002ef0 (sz=24, trace=300000, nelems=12, elem type=char[])
ARR 50002ef1 (sz=26, trace=300000, nelems=13, elem type=char[])
ARR 50002ef2 (sz=14, trace=300000, nelems=7, elem type=char[])
OBJ 50002ef3 (sz=24, trace=300000, class=java.lang.String@5000016e)
	value		50002f3c
OBJ 50002ef4 (sz=24, trace=300000, class=java.lang.String@5000016e)
	value		50002f3b
OBJ 50002ef5 (sz=24, trace=300000, class=java.lang.String@5000016e)
	value		50002f3a
OBJ 50002ef6 (sz=24, trace=300000, class=java.lang.String@5000016e)
	value		50002f18
OBJ 50002ef7 (sz=24, trace=300000, class=java.lang.String@5000016e)
	value		50002f39
OBJ 50002ef8 (sz=24, trace=300000, class=java.lang.String@5000016e)
	value		50002f38
OBJ 50002ef9 (sz=24, trace=300000, class=java.lang.String@5000016e)
	value		50002f37
OBJ 50002efa (sz=24, trace=300000, class=java.lang.String@5000016e)
	value		50002f36
OBJ 50002efb (sz=24, trace=300000, class=java.lang.String@5000016e)
	value		50002f35
OBJ 50002efc (sz=24, trace=300000, class=java.lang.String@5000016e)
	value		50002f34
OBJ 50002efd (sz=24, trace=300000, class=java.lang.String@5000016e)
	value		50002f1b
OBJ 50002efe (sz=24, trace=300000, class=java.lang.String@5000016e)
	value		50002f29
OBJ 50002eff (sz=24, trace=300000, class=java.lang.String@5000016e)
	value		50002f33
OBJ 50002f00 (sz=24, trace=300000, class=java.lang.String@5000016e)
	value		50002f32
OBJ 50002f01 (sz=24, trace=300000, class=java.lang.String@5000016e)
	value		50002f31
OBJ 50002f02 (sz=24, trace=300000, class=java.lang.String@5000016e)
	value		50002f30
OBJ 50002f03 (sz=24, trace=300000, class=java.lang.String@5000016e)
	value		50002f17
OBJ 50002f04 (sz=24, trace=300000, class=java.lang.String@5000016e)
	value		50002f2f
OBJ 50002f05 (sz=24, trace=300000, class=java.lang.String@5000016e)
	value		50002f2c
OBJ 50002f06 (sz=24, trace=300000, class=java.lang.String@5000016e)
	value		50002f2b
OBJ 50002f07 (sz=24, trace=300000, class=java.lang.String@5000016e)
	value		50002f2a
OBJ 50002f08 (sz=24, trace=300000, class=java.lang.String@5000016e)
	value		50002f28
OBJ 50002f09 (sz=24, trace=300000, class=java.lang.String@5000016e)
	value		50002f27
OBJ 50002f0a (sz=24, trace=300000, class=java.lang.String@5000016e)
	value		50002f26
OBJ 50002f0b (sz=24, trace=300000, class=java.lang.String@5000016e)
	value		50002f25
OBJ 50002f0c (sz=24, trace=300000, class=java.lang.String@5000016e)
	value		50002f24
OBJ 50002f0d (sz=24, trace=300000, class=java.lang.String@5000016e)
	value		50002f23
OBJ 50002f0e (sz=24, trace=300000, class=java.lang.String@5000016e)
	value		50002f22
OBJ 50002f0f (sz=24, trace=300000, class=java.lang.String@5000016e)
	value		50002f21
OBJ 50002f10 (sz=24, trace=300000, class=java.lang.String@5000016e)
	value		50002f20
OBJ 50002f11 (sz=24, trace=300000, class=java.lang.String@5000016e)
	value		50002f1f
OBJ 50002f12 (sz=24, trace=300000, class=java.lang.String@5000016e)
	value		50002f1e
OBJ 50002f13 (sz=24, trace=300000, class=java.lang.String@5000016e)
	value		50002f1d
OBJ 50002f14 (sz=24, trace=300000, class=java.lang.String@5000016e)
	value		50002f1c
OBJ 50002f15 (sz=24, trace=300000, class=java.lang.String@5000016e)
	value		50002f1a
OBJ 50002f16 (sz=24, trace=300000, class=java.lang.String@5000016e)
	value		50002f19
ARR 50002f17 (sz=46, trace=300000, nelems=23, elem type=char[])
ARR 50002f18 (sz=34, trace=300000, nelems=17, elem type=char[])
ARR 50002f19 (sz=48, trace=300000, nelems=24, elem type=char[])
ARR 50002f1a (sz=78, trace=300000, nelems=39, elem type=char[])
ARR 50002f1b (sz=70, trace=300000, nelems=35, elem type=char[])
ARR 50002f1c (sz=66, trace=300000, nelems=33, elem type=char[])
ARR 50002f1d (sz=76, trace=300000, nelems=38, elem type=char[])
ARR 50002f1e (sz=64, trace=300000, nelems=32, elem type=char[])
ARR 50002f1f (sz=62, trace=300000, nelems=31, elem type=char[])
ARR 50002f20 (sz=72, trace=300000, nelems=36, elem type=char[])
ARR 50002f21 (sz=88, trace=300000, nelems=44, elem type=char[])
ARR 50002f22 (sz=80, trace=300000, nelems=40, elem type=char[])
ARR 50002f23 (sz=62, trace=300000, nelems=31, elem type=char[])
ARR 50002f24 (sz=58, trace=300000, nelems=29, elem type=char[])
ARR 50002f25 (sz=88, trace=300000, nelems=44, elem type=char[])
ARR 50002f26 (sz=66, trace=300000, nelems=33, elem type=char[])
ARR 50002f27 (sz=58, trace=300000, nelems=29, elem type=char[])
ARR 50002f28 (sz=68, trace=300000, nelems=34, elem type=char[])
ARR 50002f29 (sz=56, trace=300000, nelems=28, elem type=char[])
ARR 50002f2a (sz=2, trace=300000, nelems=1, elem type=char[])
ARR 50002f2b (sz=2, trace=300000, nelems=1, elem type=char[])
ARR 50002f2c (sz=24, trace=300000, nelems=12, elem type=char[])
OBJ 50002f2d (sz=24, trace=300000, class=java.lang.String@5000016e)
	value		50002f2e
ARR 50002f2e (sz=68, trace=300000, nelems=34, elem type=char[])
ARR 50002f2f (sz=6, trace=300000, nelems=3, elem type=char[])
ARR 50002f30 (sz=10, trace=300000, nelems=5, elem type=char[])
ARR 50002f31 (sz=14, trace=300000, nelems=7, elem type=char[])
ARR 50002f32 (sz=20, trace=300000, nelems=10, elem type=char[])
ARR 50002f33 (sz=6, trace=300000, nelems=3, elem type=char[])
ARR 50002f34 (sz=26, trace=300000, nelems=13, elem type=char[])
ARR 50002f35 (sz=36, trace=300000, nelems=18, elem type=char[])
ARR 50002f36 (sz=22, trace=300000, nelems=11, elem type=char[])
ARR 50002f37 (sz=12, trace=300000, nelems=6, elem type=char[])
ARR 50002f38 (sz=8, trace=300000, nelems=4, elem type=char[])
ARR 50002f39 (sz=20, trace=300000, nelems=10, elem type=char[])
ARR 50002f3a (sz=30, trace=300000, nelems=15, elem type=char[])
ARR 50002f3b (sz=32, trace=300000, nelems=16, elem type=char[])
ARR 50002f3c (sz=16, trace=300000, nelems=8, elem type=char[])
OBJ 50002f3d (sz=24, trace=300000, class=java.lang.String@5000016e)
	value		50002f45
OBJ 50002f3e (sz=24, trace=300000, class=java.lang.String@5000016e)
	value		50002f58
OBJ 50002f3f (sz=24, trace=300000, class=java.lang.String@5000016e)
	value		50002f4b
OBJ 50002f40 (sz=24, trace=300000, class=java.lang.String@5000016e)
	value		50002f4a
OBJ 50002f41 (sz=24, trace=300000, class=java.lang.String@5000016e)
	value		50002f49
OBJ 50002f42 (sz=24, trace=300000, class=java.lang.String@5000016e)
	value		50002f48
OBJ 50002f43 (sz=24, trace=300000, class=java.lang.String@5000016e)
	value		50002f47
OBJ 50002f44 (sz=24, trace=300000, class=java.lang.String@5000016e)
	value		50002f46
ARR 50002f45 (sz=16, trace=300000, nelems=8, elem type=char[])
ARR 50002f46 (sz=8, trace=300000, nelems=4, elem type=char[])
ARR 50002f47 (sz=24, trace=300000, nelems=12, elem type=char[])
ARR 50002f48 (sz=36, trace=300000, nelems=18, elem type=char[])
ARR 50002f49 (sz=32, trace=300000, nelems=16, elem type=char[])
ARR 50002f4a (sz=62, trace=300000, nelems=31, elem type=char[])
ARR 50002f4b (sz=32, trace=300000, nelems=16, elem type=char[])
OBJ 50002f4c (sz=24, trace=300000, class=java.lang.String@5000016e)
	value		50002f4d
ARR 50002f4d (sz=8, trace=300000, nelems=4, elem type=char[])
OBJ 50002f4e (sz=24, trace=300000, class=java.lang.String@5000016e)
	value		50002f54
OBJ 50002f4f (sz=24, trace=300000, class=java.lang.String@5000016e)
	value		50002f57
OBJ 50002f50 (sz=24, trace=300000, class=java.lang.String@5000016e)
	value		50002f56
OBJ 50002f51 (sz=24, trace=300000, class=java.lang.String@5000016e)
	value		50002f55
OBJ 50002f52 (sz=24, trace=300000, class=java.lang.String@5000016e)
	value		50002f53
ARR 50002f53 (sz=48, trace=300000, nelems=24, elem type=char[])
ARR 50002f54 (sz=60, trace=300000, nelems=30, elem type=char[])
ARR 50002f55 (sz=78, trace=300000, nelems=39, elem type=char[])
ARR 50002f56 (sz=16, trace=300000, nelems=8, elem type=char[])
ARR 50002f57 (sz=12, trace=300000, nelems=6, elem type=char[])
ARR 50002f58 (sz=8, trace=300000, nelems=4, elem type=char[])
OBJ 50002f59 (sz=16, trace=300000, class=java.lang.Object@50000172)
OBJ 50002f5a (sz=24, trace=300000, class=java.lang.String@5000016e)
	value		50002f5b
ARR 50002f5b (sz=46, trace=300000, nelems=23, elem type=char[])
CLS 50000172 (name=java.lang.Object, trace=300000)
	constant pool entry 79	500000f7
	constant pool entry 51	50000172
	constant pool entry 4	50000636
	constant pool entry 3	50000635
	constant pool entry 2	50000632
CLS 50000001 (name=java.lang.SystemClassLoaderAction, trace=300000)
	super		50000172
	constant pool entry 39	50000001
	constant pool entry 38	50000167
	constant pool entry 36	50000172
	constant pool entry 1	50002dff
CLS 50000002 (name=sun.misc.Launcher$AppClassLoader$1, trace=300000)
	super		50000172
	constant pool entry 33	50000002
	constant pool entry 32	50000116
	constant pool entry 31	50000117
	constant pool entry 28	50000172
CLS 5000000f (name=java.net.URLStreamHandler, trace=300000)
	super		50000172
	constant pool entry 114	5000000f
	constant pool entry 113	50000119
	constant pool entry 109	50000122
	constant pool entry 108	5000016e
	constant pool entry 106	50000172
	constant pool entry 10	500019c5
	constant pool entry 1	500005d6
CLS 50000003 (name=sun.net.www.protocol.jar.Handler, trace=300000)
	super		5000000f
	static separator	5000189e
	constant pool entry 85	50000003
	constant pool entry 84	50000012
	constant pool entry 83	5000000f
	constant pool entry 82	50000119
	constant pool entry 80	50000121
	constant pool entry 79	5000016e
	constant pool entry 9	50001a37
	constant pool entry 8	50000dff
	constant pool entry 5	50000d9a
	constant pool entry 1	500005d6
CLS 50000004 (name=sun.misc.URLClassPath, trace=300000)
	super		50000172
	static USER_AGENT_JAVA_VERSION	50001897
	static JAVA_VERSION	50001896
	constant pool entry 248	50000084
	constant pool entry 246	50000253
	constant pool entry 245	500000c1
	constant pool entry 244	5000025b
	constant pool entry 241	50000259
	constant pool entry 240	500020e4
	constant pool entry 239	500020e8
	constant pool entry 238	50000004
	constant pool entry 236	500000e2
	constant pool entry 232	500000c6
	constant pool entry 230	500000dd
	constant pool entry 229	5000217d
	constant pool entry 227	500000ef
	constant pool entry 225	5000004f
	constant pool entry 223	50000119
	constant pool entry 217	5000016e
	constant pool entry 214	50000172
	constant pool entry 211	500009c1
	constant pool entry 23	500006f9
	constant pool entry 22	50001894
	constant pool entry 21	50001891
	constant pool entry 20	5000188f
	constant pool entry 19	500008d8
	constant pool entry 17	5000188e
	constant pool entry 16	5000188d
	constant pool entry 15	50000dff
CLS 500000e5 (name=java.util.AbstractCollection, trace=300000)
	super		50000172
	constant pool entry 77	500000b7
	constant pool entry 74	500000e5
	constant pool entry 73	50000030
	constant pool entry 68	50000172
	constant pool entry 67	5000016a
	constant pool entry 66	50000108
CLS 500000da (name=java.util.AbstractSet, trace=300000)
	super		500000e5
	constant pool entry 36	500000e5
CLS 50000005 (name=java.util.HashSet, trace=300000)
	super		500000da
	static PRESENT	500019da
	constant pool entry 129	5000006a
	constant pool entry 127	50000005
	constant pool entry 125	500000c6
	constant pool entry 123	500000da
	constant pool entry 121	50000172
CLS 50000006 (name=java.security.Principal[], trace=300000)
	super		50000172
CLS 50000007 (name=java.security.Principal, trace=300000)
CLS 50000008 (name=java.security.ProtectionDomain$Key, trace=300000)
	super		50000172
	constant pool entry 14	50000008
	constant pool entry 12	50000172
CLS 50000009 (name=java.security.ProtectionDomain$2, trace=300000)
	super		50000172
	constant pool entry 17	50000172
CLS 5000000a (name=sun.misc.JavaSecurityProtectionDomainAccess, trace=300000)
CLS 5000000b (name=java.security.ProtectionDomain$JavaSecurityAccessImpl, trace=300000)
	super		50000172
	constant pool entry 29	5000000b
	constant pool entry 24	50000172
CLS 5000000c (name=sun.misc.JavaSecurityAccess, trace=300000)
CLS 5000000d (name=java.net.URL[], trace=300000)
	super		50000172
CLS 5000000e (name=sun.net.www.protocol.file.Handler, trace=300000)
	super		5000000f
	constant pool entry 66	5000000e
	constant pool entry 65	500007e4
	constant pool entry 64	50000012
	constant pool entry 63	5000000f
	constant pool entry 61	50000119
	constant pool entry 58	5000016e
	constant pool entry 56	5000011b
	constant pool entry 6	50000daf
	constant pool entry 1	500005d6
CLS 50000010 (name=java.net.Parts, trace=300000)
	super		50000172
	constant pool entry 28	50000010
	constant pool entry 27	5000016e
	constant pool entry 26	50000172
CLS 50000011 (name=java.util.BitSet, trace=300000)
	super		50000172
	static serialPersistentFields	50000dd6
	constant pool entry 394	500000f7
	constant pool entry 198	50000172
	constant pool entry 189	5000016a
	constant pool entry 186	500000fc
	constant pool entry 11	50000011
	constant pool entry 10	50000173
	constant pool entry 4	50000dd5
	constant pool entry 3	500005e5
CLS 50000012 (name=sun.net.www.ParseUtil, trace=300000)
	super		50000172
	static encodedInPath	50000dd3
	static hexDigits	50000dd2
	constant pool entry 508	500000f7
	constant pool entry 244	50000275
	constant pool entry 243	50000011
	constant pool entry 242	50000077
	constant pool entry 241	50000034
	constant pool entry 239	50000038
	constant pool entry 237	50000036
	constant pool entry 236	50000076
	constant pool entry 235	50000119
	constant pool entry 230	50000121
	constant pool entry 228	5000016e
	constant pool entry 227	50000172
	constant pool entry 225	500000be
	constant pool entry 224	5000010a
	constant pool entry 222	5000016a
	constant pool entry 221	50000110
	constant pool entry 219	5000011b
	constant pool entry 26	50000012
	constant pool entry 25	50000d9c
	constant pool entry 22	50000dd1
	constant pool entry 19	50000dd0
	constant pool entry 18	50000dcf
	constant pool entry 17	50000dce
	constant pool entry 16	50000dc6
	constant pool entry 11	50000dc5
	constant pool entry 10	50000dc4
	constant pool entry 9	50000dc3
	constant pool entry 8	50000dc2
	constant pool entry 7	50000d9a
	constant pool entry 6	50000dc1
	constant pool entry 5	50000dc0
	constant pool entry 4	50000dbf
	constant pool entry 3	50000dbe
	constant pool entry 2	500005d6
CLS 50000013 (name=java.io.FileInputStream$1, trace=300000)
	super		50000172
	constant pool entry 21	50000172
	constant pool entry 19	50000013
	constant pool entry 18	500000b3
CLS 500000c4 (name=java.util.HashMap$Node, trace=300000)
	super		50000172
	constant pool entry 46	500000c4
	constant pool entry 43	50000172
CLS 50000060 (name=java.util.LinkedHashMap$Entry, trace=300000)
	super		500000c4
	constant pool entry 16	500000c4
CLS 50000014 (name=java.util.HashMap$TreeNode, trace=300000)
	super		50000060
CLS 50000016 (name=java.lang.CharacterData, trace=300000)
	super		50000172
	constant pool entry 52	50000172
	constant pool entry 49	50000015
CLS 50000015 (name=java.lang.CharacterDataLatin1, trace=300000)
	super		50000016
	static sharpsMap	50000e0c
	static instance	50000e0b
	static A	50000e0a
	static A_DATA	50000e08
	static B	50000e09
	constant pool entry 97	500000f7
	constant pool entry 69	5000016e
	constant pool entry 68	5000016a
	constant pool entry 67	50000016
	constant pool entry 8	50000015
	constant pool entry 7	50000e08
	constant pool entry 6	50000e07
CLS 50000017 (name=sun.util.locale.LocaleUtils, trace=300000)
	super		50000172
	constant pool entry 49	50000017
	constant pool entry 45	5000016e
CLS 50000018 (name=java.util.Locale$LocaleKey, trace=300000)
	super		50000172
	constant pool entry 28	5000001c
	constant pool entry 27	50000018
	constant pool entry 24	50000172
CLS 50000153 (name=java.lang.ref.Reference, trace=300000)
	super		50000172
	static lock	500003cc
	constant pool entry 69	500000cc
	constant pool entry 68	5000014e
	constant pool entry 67	5000014c
	constant pool entry 66	500000df
	constant pool entry 65	500000e0
	constant pool entry 64	500000cd
	constant pool entry 63	50000153
	constant pool entry 61	50000148
	constant pool entry 60	5000014a
	constant pool entry 58	50000172
	constant pool entry 1	50000de8
CLS 50000152 (name=java.lang.ref.SoftReference, trace=300000)
	super		50000153
	constant pool entry 19	50000152
	constant pool entry 18	50000153
CLS 50000019 (name=sun.util.locale.LocaleObjectCache$CacheEntry, trace=300000)
	super		50000152
	constant pool entry 18	50000019
	constant pool entry 16	50000152
CLS 5000001a (name=sun.util.locale.BaseLocale$Key, trace=300000)
	super		50000172
	constant pool entry 65	50000017
	constant pool entry 64	5000001a
	constant pool entry 62	50000152
	constant pool entry 61	5000016e
	constant pool entry 60	50000172
	constant pool entry 59	5000016a
	constant pool entry 2	5000001c
	constant pool entry 1	500005d6
CLS 5000002e (name=sun.util.locale.LocaleObjectCache, trace=300000)
	super		50000172
	constant pool entry 38	50000019
	constant pool entry 37	5000002e
	constant pool entry 36	5000002c
	constant pool entry 35	5000002b
	constant pool entry 34	5000014c
	constant pool entry 33	50000172
CLS 5000001b (name=sun.util.locale.BaseLocale$Cache, trace=300000)
	super		5000002e
	constant pool entry 42	5000002e
	constant pool entry 41	5000001a
	constant pool entry 40	5000001b
	constant pool entry 38	50000152
	constant pool entry 37	5000016e
	constant pool entry 36	5000016a
	constant pool entry 1	5000001c
CLS 5000001c (name=sun.util.locale.BaseLocale, trace=300000)
	super		50000172
	static SEP	50000f69
	static CACHE	50000f68
	constant pool entry 85	50000017
	constant pool entry 84	5000001a
	constant pool entry 83	5000001b
	constant pool entry 81	5000001c
	constant pool entry 79	5000016e
	constant pool entry 78	50000172
	constant pool entry 12	50000f67
	constant pool entry 4	50000f66
	constant pool entry 3	50000f65
	constant pool entry 1	500005d6
CLS 50000020 (name=java.util.concurrent.ConcurrentHashMap$CollectionView, trace=300000)
	super		50000172
CLS 5000001d (name=java.util.concurrent.ConcurrentHashMap$EntrySetView, trace=300000)
	super		50000020
CLS 5000001e (name=java.util.concurrent.ConcurrentHashMap$ValuesView, trace=300000)
	super		50000020
CLS 5000001f (name=java.util.concurrent.ConcurrentHashMap$KeySetView, trace=300000)
	super		50000020
CLS 50000021 (name=java.util.concurrent.ConcurrentHashMap$CounterCell[], trace=300000)
	super		50000172
CLS 50000022 (name=java.util.concurrent.ConcurrentHashMap$CounterCell, trace=300000)
	super		50000172
CLS 50000023 (name=java.util.concurrent.ConcurrentHashMap$Node[], trace=300000)
	super		50000172
CLS 50000024 (name=java.util.concurrent.ConcurrentHashMap$Node, trace=300000)
	super		50000172
	constant pool entry 50	50000024
	constant pool entry 44	50000172
CLS 50000025 (name=java.util.concurrent.ConcurrentHashMap$Segment[], trace=300000)
	super		50000172
CLS 50000026 (name=java.util.concurrent.locks.ReentrantLock[], trace=300000)
	super		50000172
CLS 50000027 (name=java.util.concurrent.locks.Lock[], trace=300000)
	super		50000172
CLS 50000029 (name=java.util.concurrent.locks.ReentrantLock, trace=300000)
	super		50000172
CLS 50000028 (name=java.util.concurrent.ConcurrentHashMap$Segment, trace=300000)
	super		50000029
CLS 5000002a (name=java.util.concurrent.locks.Lock, trace=300000)
CLS 500000d7 (name=java.util.AbstractMap, trace=300000)
	super		50000172
	constant pool entry 65	50000172
CLS 5000002b (name=java.util.concurrent.ConcurrentHashMap, trace=300000)
	super		500000d7
	static serialPersistentFields	50000d58
	static U	50000d57
	constant pool entry 1013	500000f7
	constant pool entry 437	50000120
	constant pool entry 413	50000024
	constant pool entry 392	50000966
	constant pool entry 372	500000d7
	constant pool entry 366	500000b5
	constant pool entry 365	50000172
	constant pool entry 362	5000010a
	constant pool entry 356	5000016a
	constant pool entry 353	500000fc
	constant pool entry 346	50000d56
	constant pool entry 345	50000d55
	constant pool entry 344	50000d54
	constant pool entry 343	50000d53
	constant pool entry 342	50000d52
	constant pool entry 341	50000d51
	constant pool entry 14	50000022
	constant pool entry 13	5000002b
	constant pool entry 10	50000025
	constant pool entry 9	50000023
	constant pool entry 8	50000d50
	constant pool entry 7	50000d4f
	constant pool entry 6	50000d4e
	constant pool entry 5	50000d4d
CLS 5000002c (name=java.util.concurrent.ConcurrentMap, trace=300000)
CLS 5000002d (name=java.util.Locale$Cache, trace=300000)
	super		5000002e
	constant pool entry 21	5000002e
	constant pool entry 20	50000018
	constant pool entry 19	5000002d
	constant pool entry 17	5000002f
CLS 5000002f (name=java.util.Locale, trace=300000)
	super		50000172
	static LOCALECACHE	50000f4b
	static ENGLISH	500005d9
	static FRENCH	50000f4a
	static GERMAN	50000f49
	static ITALIAN	50000f48
	static JAPANESE	50000f47
	static KOREAN	50000f46
	static CHINESE	50000f45
	static SIMPLIFIED_CHINESE	50000f25
	static TRADITIONAL_CHINESE	50000f24
	static FRANCE	50000f3c
	static GERMANY	50000f3b
	static ITALY	50000f37
	static JAPAN	50000f36
	static KOREA	50000f35
	static CHINA	50000f25
	static PRC	50000f25
	static TAIWAN	50000f24
	static UK	50000f23
	static US	50000f1f
	static CANADA	50000f22
	static CANADA_FRENCH	50000f21
	static ROOT	50000f20
	static defaultLocale	50000f1f
	static defaultFormatLocale	500001ef
	static serialPersistentFields	50000f1e
	constant pool entry 892	500000f7
	constant pool entry 445	50000017
	constant pool entry 439	5000001c
	constant pool entry 438	50000084
	constant pool entry 433	50000018
	constant pool entry 430	500001d1
	constant pool entry 429	5000002d
	constant pool entry 427	500001d8
	constant pool entry 419	500000ef
	constant pool entry 414	50000172
	constant pool entry 411	5000010a
	constant pool entry 406	5000016a
	constant pool entry 402	500000fc
	constant pool entry 393	50000f1c
	constant pool entry 392	50000f1b
	constant pool entry 391	50000f1a
	constant pool entry 390	50000f19
	constant pool entry 58	5000002f
	constant pool entry 57	5000016e
	constant pool entry 56	50000f18
	constant pool entry 52	50000f15
	constant pool entry 51	50000f14
	constant pool entry 50	50000f13
	constant pool entry 49	50000f12
	constant pool entry 48	50000f11
	constant pool entry 47	50000f10
	constant pool entry 46	50000f0f
	constant pool entry 45	50000f0e
	constant pool entry 44	50000f0d
	constant pool entry 43	50000f0c
	constant pool entry 40	50000f0b
	constant pool entry 38	50000f0a
	constant pool entry 34	50000f09
	constant pool entry 33	50000f08
	constant pool entry 32	50000f07
	constant pool entry 31	50000f06
	constant pool entry 30	50000f05
	constant pool entry 29	50000f04
	constant pool entry 24	50000f03
	constant pool entry 18	50000f02
	constant pool entry 15	50000f01
	constant pool entry 13	50000f00
	constant pool entry 11	50000eff
	constant pool entry 6	50000efe
	constant pool entry 1	500005d6
CLS 50000030 (name=java.lang.reflect.Array, trace=300000)
	super		50000172
	constant pool entry 39	50000030
CLS 50000033 (name=java.nio.charset.CoderResult$Cache, trace=300000)
	super		50000172
	constant pool entry 35	50000033
	constant pool entry 31	50000172
CLS 50000031 (name=java.nio.charset.CoderResult$2, trace=300000)
	super		50000033
	constant pool entry 16	50000033
CLS 50000032 (name=java.nio.charset.CoderResult$1, trace=300000)
	super		50000033
	constant pool entry 14	50000033
CLS 50000034 (name=java.nio.charset.CoderResult, trace=300000)
	super		50000172
	static names	500017ff
	static UNDERFLOW	500017fe
	static OVERFLOW	500017fd
	static malformedCache	500017fc
	static unmappableCache	500017fb
	constant pool entry 140	500000f7
	constant pool entry 84	50000031
	constant pool entry 83	50000032
	constant pool entry 77	5000016e
	constant pool entry 76	50000172
	constant pool entry 75	5000016a
	constant pool entry 7	50000034
	constant pool entry 4	500017fa
	constant pool entry 3	500017f9
	constant pool entry 2	500017f8
	constant pool entry 1	500005e4
CLS 50000112 (name=java.nio.Buffer, trace=300000)
	super		50000172
	constant pool entry 66	50000112
	constant pool entry 64	50000172
CLS 50000036 (name=java.nio.CharBuffer, trace=300000)
	super		50000112
	constant pool entry 116	50000035
	constant pool entry 114	50000036
	constant pool entry 111	50000112
CLS 50000035 (name=java.nio.HeapCharBuffer, trace=300000)
	super		50000036
	constant pool entry 139	500000f7
	constant pool entry 68	50000035
	constant pool entry 67	50000036
	constant pool entry 61	5000016e
CLS 50000038 (name=java.nio.charset.CharsetDecoder, trace=300000)
	super		50000172
	static stateNames	50001807
	constant pool entry 276	500000f7
	constant pool entry 142	50000077
	constant pool entry 141	50000034
	constant pool entry 139	5000008e
	constant pool entry 136	50000076
	constant pool entry 131	5000016e
	constant pool entry 130	50000172
	constant pool entry 127	5000016a
	constant pool entry 16	50000038
	constant pool entry 15	50001805
	constant pool entry 12	500017df
	constant pool entry 7	500017de
	constant pool entry 4	500017dd
	constant pool entry 3	500017dc
	constant pool entry 2	50001651
CLS 50000037 (name=sun.nio.cs.SingleByte$Decoder, trace=300000)
	super		50000038
	constant pool entry 58	50000037
	constant pool entry 57	50000081
	constant pool entry 55	50000034
	constant pool entry 54	50000038
	constant pool entry 53	50000036
	constant pool entry 52	50000076
	constant pool entry 50	5000016e
CLS 50000039 (name=sun.nio.cs.ArrayDecoder, trace=300000)
CLS 5000003e (name=java.io.Reader, trace=300000)
	super		50000172
	constant pool entry 59	50000172
	constant pool entry 55	5000003e
CLS 5000003a (name=sun.nio.cs.StreamDecoder, trace=300000)
	super		5000003e
	constant pool entry 138	50000077
	constant pool entry 137	50000034
	constant pool entry 136	50000038
	constant pool entry 135	5000008e
	constant pool entry 132	50000036
	constant pool entry 131	50000076
	constant pool entry 124	5000016a
	constant pool entry 121	5000003e
	constant pool entry 120	5000011d
	constant pool entry 5	5000003a
CLS 5000003c (name=java.io.InputStreamReader, trace=300000)
	super		5000003e
	constant pool entry 47	5000003a
	constant pool entry 40	5000003e
	constant pool entry 39	5000003c
CLS 5000003b (name=java.io.FileReader, trace=300000)
	super		5000003c
	constant pool entry 14	5000003c
	constant pool entry 11	500000b3
CLS 5000003d (name=java.io.BufferedReader, trace=300000)
	super		5000003e
	constant pool entry 179	500000f7
	constant pool entry 95	50000122
	constant pool entry 94	5000016e
	constant pool entry 89	5000003e
	constant pool entry 86	5000003d
	constant pool entry 4	500005e9
CLS 5000003f (name=java.lang.Readable, trace=300000)
CLS 50000040 (name=sun.misc.MetaIndex, trace=300000)
	super		50000172
	static jarMap	500018a6
	constant pool entry 152	500000f7
	constant pool entry 80	50000147
	constant pool entry 79	500000e7
	constant pool entry 78	500000c6
	constant pool entry 77	500000dd
	constant pool entry 75	5000016e
	constant pool entry 74	50000172
	constant pool entry 72	5000016a
	constant pool entry 69	5000003b
	constant pool entry 68	5000011b
	constant pool entry 67	5000003d
	constant pool entry 66	500000c8
	constant pool entry 4	50000040
	constant pool entry 3	500018a5
	constant pool entry 2	500018a4
	constant pool entry 1	500018a3
CLS 50000041 (name=java.io.File[], trace=300000)
	super		50000172
CLS 50000042 (name=java.util.StringTokenizer, trace=300000)
	super		50000172
	constant pool entry 65	50000042
	constant pool entry 62	5000016e
	constant pool entry 61	50000172
	constant pool entry 59	50000110
	constant pool entry 3	50001115
CLS 50000043 (name=sun.misc.Launcher$ExtClassLoader$1, trace=300000)
	super		50000172
	constant pool entry 34	50000040
	constant pool entry 33	50000043
	constant pool entry 32	50000115
	constant pool entry 29	50000172
CLS 50000044 (name=java.net.URLClassLoader$7, trace=300000)
	super		50000172
	constant pool entry 23	5000011a
	constant pool entry 20	50000172
CLS 50000045 (name=sun.misc.JavaNetAccess, trace=300000)
CLS 50000046 (name=java.util.WeakHashMap$KeySet, trace=300000)
	super		500000da
	constant pool entry 30	50000046
	constant pool entry 26	500000da
CLS 50000047 (name=java.util.Collections$SetFromMap, trace=300000)
	super		500000da
	constant pool entry 74	50000147
	constant pool entry 73	50000047
	constant pool entry 71	500000da
	constant pool entry 67	50000111
CLS 50000048 (name=java.util.WeakHashMap$Entry[], trace=300000)
	super		50000172
CLS 50000049 (name=java.lang.ref.WeakReference[], trace=300000)
	super		50000172
CLS 5000004a (name=java.lang.ref.Reference[], trace=300000)
	super		50000172
CLS 50000151 (name=java.lang.ref.WeakReference, trace=300000)
	super		50000153
	constant pool entry 9	50000153
CLS 5000004b (name=java.util.WeakHashMap$Entry, trace=300000)
	super		50000151
	constant pool entry 50	5000004b
	constant pool entry 45	50000151
CLS 5000004c (name=java.lang.ClassLoader$ParallelLoaders, trace=300000)
	super		50000172
	static loaderTypes	50002e01
	constant pool entry 34	5000009b
	constant pool entry 33	500000db
	constant pool entry 32	500000dc
	constant pool entry 29	5000004c
	constant pool entry 28	5000016a
	constant pool entry 1	50000168
CLS 5000004d (name=sun.security.util.Debug, trace=300000)
	super		50000172
	static hexDigits	50000e39
	constant pool entry 204	5000004d
	constant pool entry 203	50000084
	constant pool entry 199	500000ef
	constant pool entry 194	5000016e
	constant pool entry 50	50000e38
	constant pool entry 49	50000e37
	constant pool entry 23	50000e36
CLS 5000004e (name=sun.misc.Launcher$Factory, trace=300000)
	super		50000172
	static PREFIX	50000da3
	constant pool entry 51	5000004e
	constant pool entry 47	5000000f
	constant pool entry 46	50000121
	constant pool entry 43	50000172
	constant pool entry 41	5000016a
	constant pool entry 4	50000da3
	constant pool entry 2	50000d99
	constant pool entry 1	50000a93
CLS 5000004f (name=java.net.URLStreamHandlerFactory, trace=300000)
CLS 50000050 (name=java.lang.Compiler$1, trace=300000)
	super		50000172
	constant pool entry 57	50000167
	constant pool entry 56	50000121
	constant pool entry 54	50000172
	constant pool entry 53	50000050
	constant pool entry 8	50002eef
	constant pool entry 7	50002eee
	constant pool entry 4	50002eed
CLS 50000051 (name=java.lang.Compiler, trace=300000)
	super		50000172
	constant pool entry 27	500000ef
	constant pool entry 25	50000050
	constant pool entry 24	50000051
CLS 50000166 (name=java.lang.Throwable, trace=300000)
	super		50000172
	static UNASSIGNED_STACK	5000198d
	static SUPPRESSED_SENTINEL	5000198c
	static NULL_CAUSE_MESSAGE	5000198b
	static SELF_SUPPRESSION_MESSAGE	5000198a
	static CAUSE_CAPTION	50001989
	static SUPPRESSED_CAPTION	50001988
	static EMPTY_THROWABLE_ARRAY	50001987
	constant pool entry 328	500000f7
	constant pool entry 173	500000dc
	constant pool entry 172	500000dd
	constant pool entry 162	50000113
	constant pool entry 161	50000172
	constant pool entry 156	5000016a
	constant pool entry 18	50000166
CLS 50000163 (name=java.lang.Exception, trace=300000)
	super		50000166
	constant pool entry 16	50000166
CLS 50000162 (name=java.lang.RuntimeException, trace=300000)
	super		50000163
	constant pool entry 15	50000163
CLS 50000052 (name=java.lang.IllegalArgumentException, trace=300000)
	super		50000162
CLS 50000053 (name=java.lang.System$2, trace=300000)
	super		50000172
	constant pool entry 46	50000172
	constant pool entry 45	5000016a
	constant pool entry 44	50000063
CLS 50000054 (name=sun.misc.JavaLangAccess, trace=300000)
CLS 50000055 (name=sun.io.Win32ErrorMode, trace=300000)
	super		50000172
	constant pool entry 46	500000c1
	constant pool entry 45	50000055
	constant pool entry 44	50000167
	constant pool entry 1	50000a91
CLS 50000056 (name=sun.misc.OSEnvironment, trace=300000)
	super		50000172
	constant pool entry 11	50000055
CLS 50000057 (name=java.lang.Integer[], trace=300000)
	super		50000172
CLS 50000058 (name=java.lang.Number[], trace=300000)
	super		50000172
CLS 50000059 (name=java.lang.Integer$IntegerCache, trace=300000)
	super		50000172
	static cache	5000073b
	constant pool entry 73	500000f7
	constant pool entry 48	500000c1
	constant pool entry 43	50000059
	constant pool entry 42	5000016a
	constant pool entry 3	5000010a
	constant pool entry 2	5000073a
CLS 5000005a (name=sun.misc.NativeSignalHandler, trace=300000)
	super		50000172
	constant pool entry 21	5000005a
	constant pool entry 20	50000172
CLS 5000005b (name=sun.misc.Signal, trace=300000)
	super		50000172
	static handlers	50002e98
	static signals	50002e97
	constant pool entry 86	5000005d
	constant pool entry 84	5000005b
	constant pool entry 83	5000005a
	constant pool entry 82	50000145
	constant pool entry 76	50000172
	constant pool entry 75	5000010a
CLS 5000005c (name=java.lang.Terminator$1, trace=300000)
	super		50000172
	constant pool entry 20	50000172
CLS 5000005d (name=sun.misc.SignalHandler, trace=300000)
	static SIG_DFL	50002e96
	static SIG_IGN	50002e95
	constant pool entry 16	5000005d
	constant pool entry 15	5000005a
CLS 5000005e (name=java.lang.Terminator, trace=300000)
	super		50000172
	static handler	50002e94
	constant pool entry 28	5000005b
	constant pool entry 27	5000005c
	constant pool entry 26	5000005e
	constant pool entry 2	50002e93
	constant pool entry 1	50002e92
CLS 5000005f (name=java.lang.ClassLoader$NativeLibrary, trace=300000)
	super		50000172
	constant pool entry 57	500000e2
	constant pool entry 54	50000172
	constant pool entry 53	5000005f
	constant pool entry 52	50000168
CLS 50000061 (name=java.io.ExpiringCache$Entry, trace=300000)
	super		50000172
	constant pool entry 23	50000172
	constant pool entry 22	50000061
CLS 50000062 (name=java.io.File$PathStatus[], trace=300000)
	super		50000172
CLS 50000063 (name=java.lang.Enum[], trace=300000)
	super		50000172
CLS 50000064 (name=java.lang.ClassLoader$3, trace=300000)
	super		50000172
	constant pool entry 28	50000172
	constant pool entry 27	50000064
	constant pool entry 25	50000111
	constant pool entry 24	5000011b
CLS 50000065 (name=java.nio.file.Path, trace=300000)
CLS 50000066 (name=java.nio.file.Watchable, trace=300000)
CLS 50000068 (name=java.lang.Enum, trace=300000)
	super		50000172
	constant pool entry 72	50000172
	constant pool entry 65	5000016a
	constant pool entry 5	50000068
CLS 50000067 (name=java.io.File$PathStatus, trace=300000)
	super		50000068
	static INVALID	50001101
	static CHECKED	50001100
	static $VALUES	500010ff
	constant pool entry 48	500000f7
	constant pool entry 25	50000068
	constant pool entry 3	50000067
	constant pool entry 2	500010fe
	constant pool entry 1	500010fd
CLS 500000c6 (name=java.util.HashMap, trace=300000)
	super		500000d7
	constant pool entry 483	500000f7
	constant pool entry 235	50000147
	constant pool entry 230	50000014
	constant pool entry 229	500000c4
	constant pool entry 220	500000c6
	constant pool entry 217	500000d7
	constant pool entry 213	50000172
	constant pool entry 208	5000010e
	constant pool entry 198	500000c2
CLS 5000006a (name=java.util.LinkedHashMap, trace=300000)
	super		500000c6
	constant pool entry 100	50001e72
	constant pool entry 98	50000060
	constant pool entry 97	5000006a
	constant pool entry 95	500000c4
	constant pool entry 94	500000c6
CLS 50000069 (name=java.io.ExpiringCache$1, trace=300000)
	super		5000006a
	constant pool entry 26	5000006a
	constant pool entry 24	50000069
	constant pool entry 23	5000006b
CLS 5000006b (name=java.io.ExpiringCache, trace=300000)
	super		50000172
	constant pool entry 64	50000147
	constant pool entry 62	50000167
	constant pool entry 60	50000172
	constant pool entry 59	50000061
	constant pool entry 58	50000069
	constant pool entry 57	5000006b
CLS 5000006d (name=java.io.FileSystem, trace=300000)
	super		50000172
	constant pool entry 77	50000167
	constant pool entry 75	50000172
	constant pool entry 73	5000006d
	constant pool entry 2	500010f6
	constant pool entry 1	500010f5
CLS 5000006c (name=java.io.WinNTFileSystem, trace=300000)
	super		5000006d
	static driveDirCache	50000efd
	constant pool entry 313	500000f7
	constant pool entry 155	50000084
	constant pool entry 154	5000002f
	constant pool entry 153	500000ef
	constant pool entry 151	50000121
	constant pool entry 150	50000122
	constant pool entry 149	5000016e
	constant pool entry 145	5000006c
	constant pool entry 143	5000006d
	constant pool entry 142	5000011b
	constant pool entry 141	5000006b
	constant pool entry 8	50000efc
	constant pool entry 7	50000efb
CLS 5000006e (name=java.io.DefaultFileSystem, trace=300000)
	super		50000172
	constant pool entry 11	5000006c
CLS 50000091 (name=java.io.Writer, trace=300000)
	super		50000172
	constant pool entry 52	5000016e
	constant pool entry 51	50000172
	constant pool entry 47	50000091
CLS 5000006f (name=java.io.BufferedWriter, trace=300000)
	super		50000091
	constant pool entry 120	500000f7
	constant pool entry 66	50000084
	constant pool entry 65	500000ef
	constant pool entry 62	5000016e
	constant pool entry 58	50000091
	constant pool entry 56	5000006f
	constant pool entry 3	500005eb
CLS 50000070 (name=java.nio.Bits$1, trace=300000)
	super		50000172
	constant pool entry 20	50000172
CLS 50000071 (name=sun.misc.JavaNioAccess, trace=300000)
CLS 5000010f (name=java.lang.Number, trace=300000)
	super		50000172
	constant pool entry 28	50000172
CLS 50000072 (name=java.util.concurrent.atomic.AtomicLong, trace=300000)
	super		5000010f
	static unsafe	50000d57
	constant pool entry 81	50000120
	constant pool entry 78	5000010f
	constant pool entry 74	5000016a
	constant pool entry 2	50000072
	constant pool entry 1	50000d56
CLS 50000073 (name=java.nio.ByteOrder, trace=300000)
	super		50000172
	static BIG_ENDIAN	50001180
	static LITTLE_ENDIAN	5000117f
	constant pool entry 23	50000073
	constant pool entry 22	50000074
	constant pool entry 21	50000172
	constant pool entry 2	5000117e
	constant pool entry 1	5000117d
CLS 50000074 (name=java.nio.Bits, trace=300000)
	super		50000172
	static unsafe	50000d57
	static byteOrder	5000117f
	static reservedMemory	50001189
	static totalCapacity	50001188
	static count	50001187
	constant pool entry 275	50000084
	constant pool entry 274	500000c1
	constant pool entry 273	50000120
	constant pool entry 272	500000cc
	constant pool entry 270	50000072
	constant pool entry 269	500000ef
	constant pool entry 268	50000073
	constant pool entry 266	50000070
	constant pool entry 262	5000016e
	constant pool entry 252	5000016a
	constant pool entry 10	50000074
	constant pool entry 8	50001186
	constant pool entry 5	50001185
	constant pool entry 4	50001184
	constant pool entry 3	50001183
CLS 50000076 (name=java.nio.ByteBuffer, trace=300000)
	super		50000112
	constant pool entry 140	50000075
	constant pool entry 138	50000073
	constant pool entry 137	50000076
	constant pool entry 134	50000112
	constant pool entry 133	50000074
CLS 50000075 (name=java.nio.HeapByteBuffer, trace=300000)
	super		50000076
	constant pool entry 260	500000f7
	constant pool entry 122	50000075
	constant pool entry 106	50000076
	constant pool entry 102	50000167
CLS 50000077 (name=java.nio.charset.CodingErrorAction, trace=300000)
	super		50000172
	static IGNORE	500017f4
	static REPLACE	500017f3
	static REPORT	500005e3
	constant pool entry 21	50000077
	constant pool entry 20	50000172
	constant pool entry 3	500017f2
	constant pool entry 2	500017f1
	constant pool entry 1	500017f0
CLS 50000079 (name=java.nio.charset.CharsetEncoder, trace=300000)
	super		50000172
	static stateNames	500017e0
	constant pool entry 358	500000f7
	constant pool entry 166	50000095
	constant pool entry 165	50000077
	constant pool entry 164	50000034
	constant pool entry 161	5000008e
	constant pool entry 152	5000016e
	constant pool entry 151	50000172
	constant pool entry 148	5000016a
	constant pool entry 16	50000079
	constant pool entry 13	500017df
	constant pool entry 7	500017de
	constant pool entry 4	500017dd
	constant pool entry 3	500017dc
	constant pool entry 2	50001651
CLS 50000078 (name=sun.nio.cs.SingleByte$Encoder, trace=300000)
	super		50000079
	constant pool entry 77	50000078
	constant pool entry 76	50000081
	constant pool entry 74	50000034
	constant pool entry 73	50000079
	constant pool entry 72	50000036
	constant pool entry 71	50000076
CLS 5000007a (name=sun.nio.cs.ArrayEncoder, trace=300000)
CLS 5000013c (name=sun.reflect.MagicAccessorImpl, trace=300000)
	super		50000172
	constant pool entry 8	50000172
CLS 50000138 (name=sun.reflect.ConstructorAccessorImpl, trace=300000)
	super		5000013c
	constant pool entry 20	5000013c
CLS 5000007b (name=sun.reflect.DelegatingConstructorAccessorImpl, trace=300000)
	super		50000138
	constant pool entry 20	5000007b
	constant pool entry 19	50000138
CLS 5000007c (name=sun.reflect.NativeConstructorAccessorImpl, trace=300000)
	super		50000138
	constant pool entry 44	500000e1
	constant pool entry 43	5000007c
	constant pool entry 40	50000138
CLS 5000007d (name=sun.reflect.ReflectionFactory$1, trace=300000)
	super		50000172
	constant pool entry 51	5000007d
	constant pool entry 50	500000e1
	constant pool entry 48	50000167
	constant pool entry 45	50000172
	constant pool entry 3	50002e1c
	constant pool entry 2	50002e1b
CLS 5000007e (name=java.lang.Class$1, trace=300000)
	super		50000172
	constant pool entry 25	5000013d
	constant pool entry 24	50000172
	constant pool entry 23	5000007e
CLS 5000007f (name=java.lang.reflect.Constructor[], trace=300000)
	super		50000172
CLS 50000080 (name=java.lang.reflect.Executable[], trace=300000)
	super		50000172
CLS 50000081 (name=sun.nio.cs.SingleByte, trace=300000)
	super		50000172
	constant pool entry 25	50000081
	constant pool entry 24	50000112
CLS 5000008e (name=java.nio.charset.Charset, trace=300000)
	super		50000172
	static bugLevel	500005d6
	static standardProvider	50001656
	static cache1	50000b3c
	static cache2	50000870
	static gate	50001655
	static defaultCharset	50001654
	constant pool entry 319	500000f7
	constant pool entry 159	50000084
	constant pool entry 157	5000008b
	constant pool entry 156	500000c1
	constant pool entry 150	500000ef
	constant pool entry 149	5000008d
	constant pool entry 136	50000086
	constant pool entry 135	5000016e
	constant pool entry 134	50000172
	constant pool entry 9	5000008e
	constant pool entry 7	50001653
	constant pool entry 6	50001652
	constant pool entry 2	50001651
	constant pool entry 1	500005d6
CLS 50000082 (name=sun.nio.cs.MS1252, trace=300000)
	super		5000008e
	static b2cTable	50001811
	static b2c	5000181c
	static c2b	5000181a
	static c2bIndex	50001812
	constant pool entry 86	500000f7
	constant pool entry 53	5000008b
	constant pool entry 52	50000078
	constant pool entry 51	50000037
	constant pool entry 50	50000081
	constant pool entry 49	50000082
	constant pool entry 47	5000008e
	constant pool entry 46	5000016e
	constant pool entry 4	50001811
	constant pool entry 3	5000144d
	constant pool entry 1	50001810
CLS 50000083 (name=sun.nio.cs.HistoricallyNamedCharset, trace=300000)
CLS 50000084 (name=sun.security.action.GetPropertyAction, trace=300000)
	super		50000172
	constant pool entry 32	50000084
	constant pool entry 29	50000167
	constant pool entry 27	50000172
CLS 50000085 (name=java.util.concurrent.atomic.AtomicInteger, trace=300000)
	super		5000010f
	static unsafe	50000d57
	constant pool entry 77	50000120
	constant pool entry 74	5000010f
	constant pool entry 70	5000016a
	constant pool entry 2	50000085
	constant pool entry 1	50000d56
CLS 50000086 (name=java.lang.ThreadLocal, trace=300000)
	super		50000172
	static nextHashCode	50000de7
	constant pool entry 60	50000085
	constant pool entry 58	50000214
	constant pool entry 57	50000212
	constant pool entry 54	50000086
	constant pool entry 53	5000014a
	constant pool entry 52	50000172
CLS 5000008a (name=sun.util.PreHashedMap, trace=300000)
	super		500000d7
	constant pool entry 94	500000f7
	constant pool entry 49	5000008a
	constant pool entry 46	500000d7
	constant pool entry 44	5000016e
	constant pool entry 43	50000172
	constant pool entry 42	50000108
CLS 50000087 (name=sun.nio.cs.StandardCharsets$Cache, trace=300000)
	super		5000008a
	constant pool entry 118	500000f7
	constant pool entry 107	5000008a
	constant pool entry 106	50000087
	constant pool entry 103	50000172
	constant pool entry 39	50001457
	constant pool entry 38	50001454
	constant pool entry 37	50001453
	constant pool entry 36	50001452
	constant pool entry 35	50001451
	constant pool entry 34	50001450
	constant pool entry 33	5000144f
	constant pool entry 32	5000144e
	constant pool entry 31	5000144d
	constant pool entry 30	5000144c
	constant pool entry 29	50001443
	constant pool entry 28	50001442
	constant pool entry 27	50001441
	constant pool entry 26	50001440
	constant pool entry 25	5000143f
	constant pool entry 24	5000143e
	constant pool entry 23	5000143d
	constant pool entry 22	5000143c
	constant pool entry 21	5000143b
	constant pool entry 20	5000143a
	constant pool entry 19	50001439
	constant pool entry 18	50001438
	constant pool entry 17	50001437
	constant pool entry 16	50001434
	constant pool entry 15	50001433
	constant pool entry 14	50001432
	constant pool entry 13	50001431
	constant pool entry 12	50001430
	constant pool entry 11	5000142f
	constant pool entry 10	5000129f
	constant pool entry 9	5000129e
	constant pool entry 8	5000129d
	constant pool entry 7	5000129c
	constant pool entry 6	5000129b
	constant pool entry 5	5000129a
	constant pool entry 4	50001293
	constant pool entry 3	5000128b
	constant pool entry 2	5000142e
	constant pool entry 1	5000142d
CLS 50000088 (name=sun.nio.cs.StandardCharsets$Classes, trace=300000)
	super		5000008a
	constant pool entry 196	500000f7
	constant pool entry 185	5000008a
	constant pool entry 184	50000088
	constant pool entry 181	50000172
	constant pool entry 78	50001457
	constant pool entry 77	50001454
	constant pool entry 76	50001453
	constant pool entry 75	50001452
	constant pool entry 74	50001451
	constant pool entry 73	50001450
	constant pool entry 72	5000144f
	constant pool entry 71	5000144e
	constant pool entry 70	5000144d
	constant pool entry 69	5000144c
	constant pool entry 68	50001443
	constant pool entry 67	50001442
	constant pool entry 66	50001441
	constant pool entry 65	50001440
	constant pool entry 64	5000143f
	constant pool entry 63	5000143e
	constant pool entry 62	5000143d
	constant pool entry 61	5000143c
	constant pool entry 60	5000143b
	constant pool entry 59	5000143a
	constant pool entry 58	50001439
	constant pool entry 57	50001438
	constant pool entry 56	50001437
	constant pool entry 55	50001434
	constant pool entry 54	50001433
	constant pool entry 53	50001432
	constant pool entry 52	50001431
	constant pool entry 51	50001430
	constant pool entry 50	5000142f
	constant pool entry 49	5000129f
	constant pool entry 48	5000129e
	constant pool entry 47	5000129d
	constant pool entry 46	5000129c
	constant pool entry 45	5000129b
	constant pool entry 44	5000129a
	constant pool entry 43	50001293
	constant pool entry 42	5000128b
	constant pool entry 41	5000142e
	constant pool entry 40	5000142d
	constant pool entry 39	5000142c
	constant pool entry 38	50001225
	constant pool entry 37	50001224
	constant pool entry 36	50001223
	constant pool entry 35	50001220
	constant pool entry 34	5000121f
	constant pool entry 33	5000142b
	constant pool entry 32	5000121e
	constant pool entry 31	5000121b
	constant pool entry 30	5000121a
	constant pool entry 29	5000142a
	constant pool entry 28	50001429
	constant pool entry 27	50001428
	constant pool entry 26	50001426
	constant pool entry 25	50001423
	constant pool entry 24	50001412
	constant pool entry 23	5000140c
	constant pool entry 22	5000140b
	constant pool entry 21	5000140a
	constant pool entry 20	50001409
	constant pool entry 19	50001408
	constant pool entry 18	50001407
	constant pool entry 17	50001406
	constant pool entry 16	50001405
	constant pool entry 15	50001404
	constant pool entry 14	50001403
	constant pool entry 13	50001211
	constant pool entry 12	50001402
	constant pool entry 11	50001401
	constant pool entry 10	500013ff
	constant pool entry 9	500013fe
	constant pool entry 8	500013fd
	constant pool entry 7	500013fc
	constant pool entry 6	500013fb
	constant pool entry 5	500013fa
	constant pool entry 4	500013f9
	constant pool entry 3	500013f8
	constant pool entry 2	500013f7
	constant pool entry 1	500013f6
CLS 50000089 (name=sun.nio.cs.StandardCharsets$Aliases, trace=300000)
	super		5000008a
	constant pool entry 522	500000f7
	constant pool entry 511	5000008a
	constant pool entry 510	50000089
	constant pool entry 507	50000172
	constant pool entry 241	50001457
	constant pool entry 240	50001500
	constant pool entry 239	50001454
	constant pool entry 238	500014ff
	constant pool entry 237	50001453
	constant pool entry 236	500014fe
	constant pool entry 235	500014fd
	constant pool entry 234	50001452
	constant pool entry 233	50001451
	constant pool entry 232	500012c3
	constant pool entry 231	50001450
	constant pool entry 230	5000144f
	constant pool entry 229	5000144e
	constant pool entry 228	5000144d
	constant pool entry 227	5000144c
	constant pool entry 226	50001443
	constant pool entry 225	500014fc
	constant pool entry 224	500014fb
	constant pool entry 223	500014f9
	constant pool entry 222	500014f8
	constant pool entry 221	500014f7
	constant pool entry 220	500014f6
	constant pool entry 219	500014f5
	constant pool entry 218	500014f4
	constant pool entry 217	500014f3
	constant pool entry 216	500014f2
	constant pool entry 215	500012c2
	constant pool entry 214	50001442
	constant pool entry 213	500014f1
	constant pool entry 212	50001441
	constant pool entry 211	500014eb
	constant pool entry 210	50001440
	constant pool entry 209	5000143f
	constant pool entry 208	5000143e
	constant pool entry 207	5000143d
	constant pool entry 206	5000143c
	constant pool entry 205	5000143b
	constant pool entry 204	500011a1
	constant pool entry 203	500014ea
	constant pool entry 202	500014e9
	constant pool entry 201	500014e8
	constant pool entry 200	500014e7
	constant pool entry 199	500012c1
	constant pool entry 198	500012c0
	constant pool entry 197	500012bf
	constant pool entry 196	500014e6
	constant pool entry 195	500014e5
	constant pool entry 194	500012bd
	constant pool entry 193	500012bc
	constant pool entry 192	500012bb
	constant pool entry 191	500012ba
	constant pool entry 190	500014e4
	constant pool entry 189	500014e3
	constant pool entry 188	500012b9
	constant pool entry 187	500012b8
	constant pool entry 186	500012b7
	constant pool entry 185	500012b6
	constant pool entry 184	500012b5
	constant pool entry 183	500012b4
	constant pool entry 182	5000143a
	constant pool entry 181	50001439
	constant pool entry 180	500012b3
	constant pool entry 179	500014e2
	constant pool entry 178	500014e1
	constant pool entry 177	500014de
	constant pool entry 176	500014dd
	constant pool entry 175	500014dc
	constant pool entry 174	500014db
	constant pool entry 173	500014da
	constant pool entry 172	500014d9
	constant pool entry 171	500014d8
	constant pool entry 170	500014d7
	constant pool entry 169	500014d6
	constant pool entry 168	500014d5
	constant pool entry 167	500014d4
	constant pool entry 166	500012b2
	constant pool entry 165	500014d3
	constant pool entry 164	500014d2
	constant pool entry 163	500011a9
	constant pool entry 162	500012b1
	constant pool entry 161	500012b0
	constant pool entry 160	500012af
	constant pool entry 159	500012ae
	constant pool entry 158	500012ad
	constant pool entry 157	500014d1
	constant pool entry 156	500014d0
	constant pool entry 155	500012ac
	constant pool entry 154	500014cf
	constant pool entry 153	500014ce
	constant pool entry 152	500012ab
	constant pool entry 151	500014cd
	constant pool entry 150	500012aa
	constant pool entry 149	500014cc
	constant pool entry 148	500014cb
	constant pool entry 147	500014ca
	constant pool entry 146	500014c9
	constant pool entry 145	500014c8
	constant pool entry 144	5000119c
	constant pool entry 143	500012a9
	constant pool entry 142	500012a8
	constant pool entry 141	500012a7
	constant pool entry 140	500012a6
	constant pool entry 139	500012a5
	constant pool entry 138	500012a4
	constant pool entry 137	50001438
	constant pool entry 136	50001437
	constant pool entry 135	50001434
	constant pool entry 134	50001433
	constant pool entry 133	50001432
	constant pool entry 132	50001431
	constant pool entry 131	50001430
	constant pool entry 130	5000142f
	constant pool entry 129	500014c7
	constant pool entry 128	500014c6
	constant pool entry 127	500012a3
	constant pool entry 126	500012a2
	constant pool entry 125	500012a1
	constant pool entry 124	500012a0
	constant pool entry 123	500012c6
	constant pool entry 122	5000129f
	constant pool entry 121	5000129e
	constant pool entry 120	5000129d
	constant pool entry 119	5000129c
	constant pool entry 118	5000129b
	constant pool entry 117	5000129a
	constant pool entry 116	500014c5
	constant pool entry 115	50001294
	constant pool entry 114	50001293
	constant pool entry 113	5000128c
	constant pool entry 112	5000128b
	constant pool entry 111	500014bf
	constant pool entry 110	5000142e
	constant pool entry 109	500014be
	constant pool entry 108	5000128a
	constant pool entry 107	50001289
	constant pool entry 106	50001287
	constant pool entry 105	50001283
	constant pool entry 104	500012c5
	constant pool entry 103	50001282
	constant pool entry 102	50001281
	constant pool entry 101	50001280
	constant pool entry 100	5000127d
	constant pool entry 99	5000127c
	constant pool entry 98	5000127b
	constant pool entry 97	500014bd
	constant pool entry 96	50001277
	constant pool entry 95	50001276
	constant pool entry 94	50001275
	constant pool entry 93	50001274
	constant pool entry 92	50001273
	constant pool entry 91	50001272
	constant pool entry 90	500014bc
	constant pool entry 89	500014bb
	constant pool entry 88	500011a5
	constant pool entry 87	50001271
	constant pool entry 86	50001270
	constant pool entry 85	500014ba
	constant pool entry 84	5000126f
	constant pool entry 83	5000126e
	constant pool entry 82	5000126d
	constant pool entry 81	5000126c
	constant pool entry 80	500014b9
	constant pool entry 79	500014b8
	constant pool entry 78	500014b7
	constant pool entry 77	500014b6
	constant pool entry 76	500014b5
	constant pool entry 75	500014b4
	constant pool entry 74	500014b3
	constant pool entry 73	500014b1
	constant pool entry 72	500014b0
	constant pool entry 71	500014af
	constant pool entry 70	500014ae
	constant pool entry 69	500014ad
	constant pool entry 68	500014ac
	constant pool entry 67	5000125c
	constant pool entry 66	5000125b
	constant pool entry 65	5000125a
	constant pool entry 64	50001259
	constant pool entry 63	50001258
	constant pool entry 62	50001257
	constant pool entry 61	50001256
	constant pool entry 60	50001255
	constant pool entry 59	50001254
	constant pool entry 58	50001253
	constant pool entry 57	5000124d
	constant pool entry 56	5000124c
	constant pool entry 55	5000124b
	constant pool entry 54	5000124a
	constant pool entry 53	50001249
	constant pool entry 52	50001248
	constant pool entry 51	50001247
	constant pool entry 50	50001246
	constant pool entry 49	50001245
	constant pool entry 48	50001244
	constant pool entry 47	50001243
	constant pool entry 46	50001242
	constant pool entry 45	50001240
	constant pool entry 44	5000123f
	constant pool entry 43	500011a3
	constant pool entry 42	5000123e
	constant pool entry 41	5000123d
	constant pool entry 40	5000123c
	constant pool entry 39	5000123b
	constant pool entry 38	5000123a
	constant pool entry 37	50001239
	constant pool entry 36	50001238
	constant pool entry 35	500014ab
	constant pool entry 34	5000142d
	constant pool entry 33	50001237
	constant pool entry 32	500011ab
	constant pool entry 31	500014aa
	constant pool entry 30	500014a9
	constant pool entry 29	500014a8
	constant pool entry 28	50001232
	constant pool entry 27	500011e9
	constant pool entry 26	500011e8
	constant pool entry 25	500011e7
	constant pool entry 24	500011e6
	constant pool entry 23	500011e5
	constant pool entry 22	500011e4
	constant pool entry 21	500011e3
	constant pool entry 20	500011e2
	constant pool entry 19	500011e1
	constant pool entry 18	500011e0
	constant pool entry 17	500011df
	constant pool entry 16	500011de
	constant pool entry 15	500011dd
	constant pool entry 14	500012c4
	constant pool entry 13	500011dc
	constant pool entry 12	500011db
	constant pool entry 11	500011d6
	constant pool entry 10	500011d5
	constant pool entry 9	500011d4
	constant pool entry 8	500011d3
	constant pool entry 7	500011d1
	constant pool entry 6	500011d0
	constant pool entry 5	500011cf
	constant pool entry 4	500011ce
	constant pool entry 3	500011cd
	constant pool entry 2	500011a8
	constant pool entry 1	500011cc
CLS 5000008d (name=java.nio.charset.spi.CharsetProvider, trace=300000)
	super		50000172
	constant pool entry 23	50000167
	constant pool entry 20	50000172
CLS 5000008c (name=sun.nio.cs.FastCharsetProvider, trace=300000)
	super		5000008d
	constant pool entry 138	500000f7
	constant pool entry 75	5000049f
	constant pool entry 73	5000008c
	constant pool entry 72	50000147
	constant pool entry 71	5000008d
	constant pool entry 70	5000008e
	constant pool entry 68	50000121
	constant pool entry 67	5000016e
	constant pool entry 65	50000172
	constant pool entry 61	5000016a
	constant pool entry 2	5000142a
	constant pool entry 1	50000a93
CLS 5000008b (name=sun.nio.cs.StandardCharsets, trace=300000)
	super		5000008c
	static aliases_US_ASCII	5000119a
	static aliases_UTF_8	500012f9
	static aliases_CESU_8	500012f8
	static aliases_UTF_16	500012f7
	static aliases_UTF_16BE	500012f6
	static aliases_UTF_16LE	500012f5
	static aliases_UTF_16LE_BOM	500012f4
	static aliases_UTF_32	500012f3
	static aliases_UTF_32LE	500012f2
	static aliases_UTF_32BE	500012f1
	static aliases_UTF_32LE_BOM	500012f0
	static aliases_UTF_32BE_BOM	500012ef
	static aliases_ISO_8859_1	500012ee
	static aliases_ISO_8859_2	500012ed
	static aliases_ISO_8859_4	500012ec
	static aliases_ISO_8859_5	500012eb
	static aliases_ISO_8859_7	500012ea
	static aliases_ISO_8859_9	500012e9
	static aliases_ISO_8859_13	500012e8
	static aliases_ISO_8859_15	500012e7
	static aliases_KOI8_R	500012e6
	static aliases_KOI8_U	500012e5
	static aliases_MS1250	500012da
	static aliases_MS1251	500012d9
	static aliases_MS1252	500012d8
	static aliases_MS1253	500012d7
	static aliases_MS1254	500012d6
	static aliases_MS1257	500012d5
	static aliases_IBM437	500012d4
	static aliases_IBM737	500012d3
	static aliases_IBM775	500012d2
	static aliases_IBM850	500012d1
	static aliases_IBM852	500012d0
	static aliases_IBM855	500012cc
	static aliases_IBM857	500012cb
	static aliases_IBM858	500012ca
	static aliases_IBM862	500012c9
	static aliases_IBM866	500012c8
	static aliases_IBM874	500012c7
	constant pool entry 577	500000f7
	constant pool entry 485	50000088
	constant pool entry 484	50000087
	constant pool entry 483	50000089
	constant pool entry 481	5000008b
	constant pool entry 480	5000008c
	constant pool entry 479	5000016e
	constant pool entry 478	500012c6
	constant pool entry 477	500012c5
	constant pool entry 476	500012c4
	constant pool entry 209	500012c3
	constant pool entry 208	500012c2
	constant pool entry 207	500011a1
	constant pool entry 206	500012c1
	constant pool entry 205	500012c0
	constant pool entry 204	500012bf
	constant pool entry 203	500012be
	constant pool entry 202	500012bd
	constant pool entry 201	500012bc
	constant pool entry 200	500012bb
	constant pool entry 199	500012ba
	constant pool entry 198	500012b9
	constant pool entry 197	500012b8
	constant pool entry 196	500012b7
	constant pool entry 195	500012b6
	constant pool entry 194	500012b5
	constant pool entry 193	500012b4
	constant pool entry 192	500012b3
	constant pool entry 191	500012b2
	constant pool entry 190	500011a9
	constant pool entry 189	500012b1
	constant pool entry 188	500012b0
	constant pool entry 187	500012af
	constant pool entry 186	500012ae
	constant pool entry 185	500012ad
	constant pool entry 184	500012ac
	constant pool entry 183	500012ab
	constant pool entry 182	500012aa
	constant pool entry 181	5000119c
	constant pool entry 180	500012a9
	constant pool entry 179	500012a8
	constant pool entry 178	500012a7
	constant pool entry 177	500012a6
	constant pool entry 176	500012a5
	constant pool entry 175	500012a4
	constant pool entry 174	500012a3
	constant pool entry 173	500012a2
	constant pool entry 172	500012a1
	constant pool entry 171	500012a0
	constant pool entry 170	5000129f
	constant pool entry 169	5000129e
	constant pool entry 168	5000129d
	constant pool entry 167	5000129c
	constant pool entry 166	5000129b
	constant pool entry 165	5000129a
	constant pool entry 164	50001294
	constant pool entry 163	50001293
	constant pool entry 162	5000128c
	constant pool entry 161	5000128b
	constant pool entry 160	5000128a
	constant pool entry 159	50001289
	constant pool entry 158	50001287
	constant pool entry 157	50001283
	constant pool entry 156	50001282
	constant pool entry 155	50001281
	constant pool entry 154	50001280
	constant pool entry 153	5000127d
	constant pool entry 152	5000127c
	constant pool entry 151	5000127b
	constant pool entry 150	50001277
	constant pool entry 149	50001276
	constant pool entry 148	50001275
	constant pool entry 147	50001274
	constant pool entry 146	50001273
	constant pool entry 145	50001272
	constant pool entry 144	500011a5
	constant pool entry 143	50001271
	constant pool entry 142	50001270
	constant pool entry 141	5000126f
	constant pool entry 140	5000126e
	constant pool entry 139	5000126d
	constant pool entry 138	5000126c
	constant pool entry 137	50001269
	constant pool entry 136	50001268
	constant pool entry 135	50001267
	constant pool entry 134	50001266
	constant pool entry 133	50001265
	constant pool entry 132	50001264
	constant pool entry 131	50001263
	constant pool entry 130	50001262
	constant pool entry 129	50001261
	constant pool entry 128	50001260
	constant pool entry 127	5000125f
	constant pool entry 126	5000125e
	constant pool entry 125	5000125d
	constant pool entry 124	500011a4
	constant pool entry 123	5000125c
	constant pool entry 122	5000125b
	constant pool entry 121	5000125a
	constant pool entry 120	50001259
	constant pool entry 119	50001258
	constant pool entry 118	50001257
	constant pool entry 117	50001256
	constant pool entry 116	50001255
	constant pool entry 115	50001254
	constant pool entry 114	50001253
	constant pool entry 113	5000124d
	constant pool entry 112	5000124c
	constant pool entry 111	5000124b
	constant pool entry 110	5000124a
	constant pool entry 109	50001249
	constant pool entry 108	50001248
	constant pool entry 107	50001247
	constant pool entry 106	50001246
	constant pool entry 105	50001245
	constant pool entry 104	50001244
	constant pool entry 103	50001243
	constant pool entry 102	50001242
	constant pool entry 101	50001240
	constant pool entry 100	5000123f
	constant pool entry 99	500011a3
	constant pool entry 98	5000123e
	constant pool entry 97	5000123d
	constant pool entry 96	5000123c
	constant pool entry 95	5000123b
	constant pool entry 94	5000123a
	constant pool entry 93	50001239
	constant pool entry 92	50001238
	constant pool entry 91	50001237
	constant pool entry 90	500011ab
	constant pool entry 89	50001232
	constant pool entry 88	50001231
	constant pool entry 87	50001230
	constant pool entry 86	5000122f
	constant pool entry 85	5000122e
	constant pool entry 84	50001229
	constant pool entry 83	50001228
	constant pool entry 82	50001227
	constant pool entry 81	50001226
	constant pool entry 80	50001225
	constant pool entry 79	50001224
	constant pool entry 78	50001223
	constant pool entry 77	50001220
	constant pool entry 76	5000121f
	constant pool entry 75	5000121e
	constant pool entry 74	5000121b
	constant pool entry 73	5000121a
	constant pool entry 72	50001219
	constant pool entry 71	50001218
	constant pool entry 70	50001217
	constant pool entry 69	50001216
	constant pool entry 68	50001215
	constant pool entry 67	50001214
	constant pool entry 66	50001213
	constant pool entry 65	50001212
	constant pool entry 64	50001211
	constant pool entry 63	50001210
	constant pool entry 62	5000120d
	constant pool entry 61	5000120c
	constant pool entry 60	50001206
	constant pool entry 59	50001205
	constant pool entry 58	50001204
	constant pool entry 57	50001203
	constant pool entry 56	50001202
	constant pool entry 55	50001201
	constant pool entry 54	50001200
	constant pool entry 53	500011ff
	constant pool entry 52	500011fe
	constant pool entry 51	500011fd
	constant pool entry 50	5000119e
	constant pool entry 49	500011fc
	constant pool entry 48	500011fb
	constant pool entry 47	500011f9
	constant pool entry 46	500011f8
	constant pool entry 45	500011f7
	constant pool entry 44	500011f6
	constant pool entry 43	500011f5
	constant pool entry 42	500011f4
	constant pool entry 41	500011f3
	constant pool entry 40	500011a0
	constant pool entry 39	500011f2
	constant pool entry 38	500011f1
	constant pool entry 37	500011f0
	constant pool entry 36	500011ef
	constant pool entry 35	500011a2
	constant pool entry 34	500011ee
	constant pool entry 33	500011ed
	constant pool entry 32	500011ec
	constant pool entry 31	500011eb
	constant pool entry 30	500011ea
	constant pool entry 29	5000119f
	constant pool entry 28	5000119d
	constant pool entry 27	500011aa
	constant pool entry 26	500011e9
	constant pool entry 25	500011e8
	constant pool entry 24	500011e7
	constant pool entry 23	500011e6
	constant pool entry 22	500011e5
	constant pool entry 21	500011e4
	constant pool entry 20	500011e3
	constant pool entry 19	500011e2
	constant pool entry 18	500011e1
	constant pool entry 17	500011e0
	constant pool entry 16	500011df
	constant pool entry 15	500011de
	constant pool entry 14	500011dd
	constant pool entry 13	500011dc
	constant pool entry 12	500011db
	constant pool entry 11	500011d6
	constant pool entry 10	500011d5
	constant pool entry 9	500011d4
	constant pool entry 8	500011d3
	constant pool entry 7	500011d1
	constant pool entry 6	500011d0
	constant pool entry 5	500011cf
	constant pool entry 4	500011ce
	constant pool entry 3	500011cd
	constant pool entry 2	500011a8
	constant pool entry 1	500011cc
CLS 5000008f (name=sun.nio.cs.StreamEncoder, trace=300000)
	super		50000091
	constant pool entry 121	50000077
	constant pool entry 120	50000034
	constant pool entry 119	50000079
	constant pool entry 118	5000008e
	constant pool entry 116	50000036
	constant pool entry 115	50000076
	constant pool entry 110	5000016a
	constant pool entry 108	50000091
	constant pool entry 106	500000ae
	constant pool entry 2	5000008f
CLS 50000090 (name=java.io.OutputStreamWriter, trace=300000)
	super		50000091
	constant pool entry 47	5000008f
	constant pool entry 41	50000091
	constant pool entry 39	50000090
CLS 500000ae (name=java.io.OutputStream, trace=300000)
	super		50000172
	constant pool entry 27	50000172
CLS 50000094 (name=java.io.FilterOutputStream, trace=300000)
	super		500000ae
	constant pool entry 24	500000ae
	constant pool entry 22	50000094
CLS 50000092 (name=java.io.BufferedOutputStream, trace=300000)
	super		50000094
	constant pool entry 60	500000f7
	constant pool entry 33	50000167
	constant pool entry 31	500000ae
	constant pool entry 29	50000094
	constant pool entry 28	50000092
CLS 50000093 (name=java.io.PrintStream, trace=300000)
	super		50000094
	constant pool entry 105	50000093
	constant pool entry 104	50000090
	constant pool entry 103	500000ae
	constant pool entry 100	50000094
	constant pool entry 96	5000006f
	constant pool entry 1	50002b58
CLS 50000095 (name=java.util.Arrays, trace=300000)
	super		50000172
	constant pool entry 801	500000f7
	constant pool entry 300	50000717
	constant pool entry 294	50000030
	constant pool entry 290	50000167
	constant pool entry 287	50000172
	constant pool entry 286	500000be
	constant pool entry 281	5000016a
	constant pool entry 19	50000095
	constant pool entry 16	50000108
	constant pool entry 2	500005ea
CLS 50000096 (name=sun.reflect.misc.ReflectUtil, trace=300000)
	super		50000172
	static PROXY_PACKAGE	50001108
	constant pool entry 117	500000c7
	constant pool entry 115	50000099
CLS 50000097 (name=java.lang.reflect.ReflectAccess, trace=300000)
	super		50000172
	constant pool entry 42	5000013e
	constant pool entry 41	50000141
	constant pool entry 39	5000013d
	constant pool entry 38	50000172
CLS 50000098 (name=sun.reflect.LangReflectAccess, trace=300000)
CLS 50000099 (name=java.lang.reflect.Modifier, trace=300000)
	super		50000172
	constant pool entry 129	500000ec
	constant pool entry 128	500000e1
	constant pool entry 127	500000ef
	constant pool entry 126	50000097
CLS 5000009b (name=java.util.WeakHashMap, trace=300000)
	super		500000d7
	static NULL_KEY	50001835
	constant pool entry 321	500000f7
	constant pool entry 147	50000046
	constant pool entry 141	5000004b
	constant pool entry 139	5000009b
	constant pool entry 130	500000d7
	constant pool entry 129	5000014c
	constant pool entry 126	50000172
	constant pool entry 123	5000010e
	constant pool entry 122	50000048
CLS 5000009a (name=java.lang.ClassValue$ClassValueMap, trace=300000)
	super		5000009b
CLS 5000009c (name=sun.reflect.annotation.AnnotationType, trace=300000)
	super		50000172
CLS 5000009d (name=java.lang.Class$AnnotationData, trace=300000)
	super		50000172
CLS 500000a0 (name=sun.reflect.generics.repository.AbstractRepository, trace=300000)
	super		50000172
CLS 5000009f (name=sun.reflect.generics.repository.GenericDeclRepository, trace=300000)
	super		500000a0
CLS 5000009e (name=sun.reflect.generics.repository.ClassRepository, trace=300000)
	super		5000009f
CLS 500000a1 (name=java.lang.reflect.Field[], trace=300000)
	super		50000172
CLS 500000a2 (name=java.lang.reflect.Member[], trace=300000)
	super		50000172
CLS 500000a3 (name=java.lang.reflect.AccessibleObject[], trace=300000)
	super		50000172
CLS 500000a4 (name=java.lang.Class$Atomic, trace=300000)
	super		50000172
	static unsafe	50000d57
	constant pool entry 54	50000120
	constant pool entry 48	500000a4
	constant pool entry 6	5000016a
	constant pool entry 5	50002e21
	constant pool entry 4	50002e20
	constant pool entry 3	50002e1f
CLS 500000a5 (name=java.lang.Class$ReflectionData, trace=300000)
	super		50000172
	constant pool entry 29	50000172
	constant pool entry 28	500000a5
CLS 500000a6 (name=java.lang.Class$3, trace=300000)
	super		50000172
	constant pool entry 36	50000167
	constant pool entry 34	50000172
	constant pool entry 33	500000a6
	constant pool entry 32	5000016a
	constant pool entry 1	50002e25
CLS 500000a7 (name=java.util.concurrent.atomic.AtomicReferenceFieldUpdater$AtomicReferenceFieldUpdaterImpl$1, trace=300000)
	super		50000172
	constant pool entry 33	500000a7
	constant pool entry 29	50000172
	constant pool entry 26	5000016a
CLS 500000a8 (name=java.security.PrivilegedExceptionAction, trace=300000)
CLS 500000aa (name=java.util.concurrent.atomic.AtomicReferenceFieldUpdater, trace=300000)
	super		50000172
	constant pool entry 40	500000c7
	constant pool entry 37	500000a9
	constant pool entry 35	50000172
CLS 500000a9 (name=java.util.concurrent.atomic.AtomicReferenceFieldUpdater$AtomicReferenceFieldUpdaterImpl, trace=300000)
	super		500000aa
	static U	50000d57
	constant pool entry 125	50000096
	constant pool entry 124	50000120
	constant pool entry 123	500000a7
	constant pool entry 122	500000a9
	constant pool entry 121	500000aa
	constant pool entry 120	500000b9
	constant pool entry 118	500000ef
	constant pool entry 117	50000099
	constant pool entry 116	50000141
	constant pool entry 114	5000016e
	constant pool entry 106	5000016a
CLS 5000011d (name=java.io.InputStream, trace=300000)
	super		50000172
	constant pool entry 47	50000172
CLS 500000ac (name=java.io.FilterInputStream, trace=300000)
	super		5000011d
	constant pool entry 26	5000011d
	constant pool entry 24	500000ac
CLS 500000ab (name=java.io.BufferedInputStream, trace=300000)
	super		500000ac
	static bufUpdater	50001107
	constant pool entry 133	500000f7
	constant pool entry 71	500000aa
	constant pool entry 66	5000011d
	constant pool entry 64	500000ac
	constant pool entry 9	500000ab
	constant pool entry 8	50000176
	constant pool entry 7	50001106
CLS 500000ad (name=java.io.FileOutputStream, trace=300000)
	super		500000ae
	constant pool entry 76	50000167
	constant pool entry 73	50000172
	constant pool entry 71	500000ae
	constant pool entry 69	50000233
	constant pool entry 68	500000ad
	constant pool entry 66	500000b2
	constant pool entry 65	5000011b
CLS 500000af (name=java.io.Flushable, trace=300000)
CLS 500000b0 (name=java.io.FileDescriptor$1, trace=300000)
	super		50000172
	constant pool entry 22	50000172
CLS 500000b1 (name=sun.misc.JavaIOFileDescriptorAccess, trace=300000)
CLS 500000b2 (name=java.io.FileDescriptor, trace=300000)
	super		50000172
	static in	5000062a
	static out	5000062c
	static err	5000062b
	constant pool entry 68	500000cc
	constant pool entry 63	50000172
	constant pool entry 60	500000b0
	constant pool entry 59	500000b2
	constant pool entry 58	5000011e
CLS 500000b3 (name=java.io.FileInputStream, trace=300000)
	super		5000011d
	constant pool entry 76	50000167
	constant pool entry 73	50000172
	constant pool entry 71	5000011d
	constant pool entry 68	50000013
	constant pool entry 67	500000b3
	constant pool entry 66	500000b2
	constant pool entry 65	5000011b
CLS 500000b4 (name=sun.misc.Version, trace=300000)
	super		50000172
	static launcher_name	50002e90
	static java_version	50001896
	static java_runtime_name	50002e77
	static java_profile_name	500005d6
	static java_runtime_version	50002a32
	constant pool entry 145	500000b4
	constant pool entry 144	50000167
	constant pool entry 17	5000188d
	constant pool entry 16	50002e82
	constant pool entry 15	50002e78
	constant pool entry 11	50002e77
	constant pool entry 9	50002a32
	constant pool entry 8	50001896
CLS 500000b5 (name=java.lang.Runtime, trace=300000)
	super		50000172
	static currentRuntime	500003d3
	constant pool entry 107	50000167
	constant pool entry 105	5000016e
	constant pool entry 104	500003b7
	constant pool entry 100	500000b5
	constant pool entry 98	50000172
	constant pool entry 96	50000168
	constant pool entry 93	5000011b
CLS 500000b6 (name=java.util.Hashtable$Enumerator, trace=300000)
	super		50000172
	constant pool entry 61	500000b6
	constant pool entry 60	500000c0
	constant pool entry 59	50000145
	constant pool entry 54	50000172
CLS 500000b7 (name=java.util.Iterator, trace=300000)
CLS 500000b8 (name=java.util.Enumeration, trace=300000)
CLS 500000b9 (name=java.util.Objects, trace=300000)
	super		50000172
	constant pool entry 39	50000172
CLS 500000bb (name=java.util.Collections$SynchronizedCollection, trace=300000)
	super		50000172
	constant pool entry 67	500000b9
	constant pool entry 66	500000bb
	constant pool entry 64	500000e8
	constant pool entry 62	50000172
CLS 500000ba (name=java.util.Collections$SynchronizedSet, trace=300000)
	super		500000bb
	constant pool entry 31	500000bb
CLS 500000bc (name=java.util.Hashtable$EntrySet, trace=300000)
	super		500000da
	constant pool entry 49	500000bc
	constant pool entry 46	50000145
	constant pool entry 45	500000da
CLS 5000014a (name=java.lang.Thread, trace=300000)
	super		50000172
	static EMPTY_STACK_TRACE	500006eb
	static SUBCLASS_IMPLEMENTATION_PERMISSION	500006b0
	constant pool entry 540	500000f7
	constant pool entry 262	500000ef
	constant pool entry 254	50000148
	constant pool entry 247	50000167
	constant pool entry 244	50000113
	constant pool entry 242	500000f0
	constant pool entry 240	50000172
	constant pool entry 15	5000014a
	constant pool entry 9	50000668
CLS 500000bd (name=java.lang.ref.Finalizer$FinalizerThread, trace=300000)
	super		5000014a
	constant pool entry 35	500000c1
	constant pool entry 34	500000cc
	constant pool entry 32	5000014c
	constant pool entry 31	500000bd
	constant pool entry 30	5000014d
	constant pool entry 29	5000014a
	constant pool entry 1	50002eb2
CLS 500000be (name=java.lang.Math, trace=300000)
	super		50000172
	constant pool entry 168	5000010e
	constant pool entry 167	5000010d
	constant pool entry 166	5000016a
	constant pool entry 14	500000be
CLS 500000bf (name=java.util.Hashtable$Entry[], trace=300000)
	super		50000172
CLS 500000c0 (name=java.util.Hashtable$Entry, trace=300000)
	super		50000172
	constant pool entry 48	500000c0
	constant pool entry 45	50000172
CLS 500000c1 (name=sun.misc.VM, trace=300000)
	super		50000172
	static lock	500008df
	static savedProps	500008de
	constant pool entry 158	500000c1
	constant pool entry 157	50000056
	constant pool entry 154	50000144
	constant pool entry 149	5000016e
	constant pool entry 148	500000b5
	constant pool entry 147	50000172
	constant pool entry 11	500006f9
	constant pool entry 10	500008dd
	constant pool entry 9	500008dc
	constant pool entry 8	500008db
	constant pool entry 7	500008da
	constant pool entry 6	500008d9
	constant pool entry 5	500008d8
	constant pool entry 4	5000073a
	constant pool entry 1	500008d7
CLS 500000c2 (name=java.util.HashMap$Node[], trace=300000)
	super		50000172
CLS 500000c3 (name=java.util.Map$Entry[], trace=300000)
	super		50000172
CLS 500000c5 (name=java.util.Map$Entry, trace=300000)
CLS 500000c7 (name=sun.reflect.Reflection, trace=300000)
	super		50000172
	static fieldFilterMap	50000d69
	static methodFilterMap	50000d68
	constant pool entry 234	500000f7
	constant pool entry 116	50000147
	constant pool entry 115	500000c6
	constant pool entry 114	50000099
	constant pool entry 109	5000016e
	constant pool entry 103	50000859
	constant pool entry 101	500000a1
	constant pool entry 14	500000c7
	constant pool entry 12	50000167
	constant pool entry 11	5000016a
	constant pool entry 10	50000d67
	constant pool entry 9	50000d66
	constant pool entry 8	50000d65
	constant pool entry 7	50000d64
CLS 500000c8 (name=java.lang.String[], trace=300000)
	super		50000172
CLS 500000c9 (name=java.lang.CharSequence[], trace=300000)
	super		50000172
CLS 50000165 (name=java.lang.Error, trace=300000)
	super		50000166
	constant pool entry 16	50000166
CLS 5000015b (name=java.lang.LinkageError, trace=300000)
	super		50000165
	constant pool entry 14	50000165
CLS 500000cb (name=java.lang.IncompatibleClassChangeError, trace=300000)
	super		5000015b
	constant pool entry 15	5000015b
CLS 500000ca (name=java.lang.NoSuchMethodError, trace=300000)
	super		500000cb
	constant pool entry 14	500000cb
CLS 500000cc (name=sun.misc.SharedSecrets, trace=300000)
	super		50000172
	static unsafe	50000d57
	static javaUtilJarAccess	50000492
	static javaLangAccess	500003ca
	static javaLangRefAccess	50000dee
	static javaNetAccess	50000ded
	static javaNioAccess	50000dec
	static javaIOFileDescriptorAccess	50000deb
	static javaSecurityProtectionDomainAccess	50000dea
	static javaSecurityAccess	50000de9
	static javaUtilZipFileAccess	50000261
	constant pool entry 80	50000120
	constant pool entry 79	500000cc
	constant pool entry 9	5000025e
CLS 500000cd (name=java.lang.ref.Reference$1, trace=300000)
	super		50000172
	constant pool entry 16	50000172
CLS 500000ce (name=sun.misc.JavaLangRefAccess, trace=300000)
CLS 500000cf (name=java.lang.Thread[], trace=300000)
	super		50000172
CLS 500000d0 (name=java.lang.Runnable[], trace=300000)
	super		50000172
CLS 500000d1 (name=java.lang.ref.ReferenceQueue$Lock, trace=300000)
	super		50000172
	constant pool entry 14	500000d1
	constant pool entry 11	50000172
CLS 5000014c (name=java.lang.ref.ReferenceQueue, trace=300000)
	super		50000172
	static NULL	50000f87
	static ENQUEUED	50000f8a
	constant pool entry 71	500000c1
	constant pool entry 69	500000d2
	constant pool entry 68	500000d1
	constant pool entry 66	50000153
	constant pool entry 65	50000150
	constant pool entry 62	50000172
	constant pool entry 59	5000016a
	constant pool entry 2	5000014c
CLS 500000d2 (name=java.lang.ref.ReferenceQueue$Null, trace=300000)
	super		5000014c
	constant pool entry 15	500000d2
	constant pool entry 13	5000014c
CLS 500000d5 (name=java.util.Collections$UnmodifiableCollection, trace=300000)
	super		50000172
	constant pool entry 52	500000d5
	constant pool entry 50	500000e8
	constant pool entry 48	50000172
CLS 500000d4 (name=java.util.Collections$UnmodifiableList, trace=300000)
	super		500000d5
	constant pool entry 51	500000e7
	constant pool entry 48	500000d4
	constant pool entry 47	500000d5
CLS 500000d3 (name=java.util.Collections$UnmodifiableRandomAccessList, trace=300000)
	super		500000d4
	constant pool entry 22	500000d4
CLS 500000d6 (name=java.util.Collections$EmptyMap, trace=300000)
	super		500000d7
	constant pool entry 60	500000d6
	constant pool entry 57	500000d7
CLS 500000e4 (name=java.util.AbstractList, trace=300000)
	super		500000e5
	constant pool entry 77	50000719
	constant pool entry 75	500000e4
	constant pool entry 74	500000e5
CLS 500000d8 (name=java.util.Collections$EmptyList, trace=300000)
	super		500000e4
	constant pool entry 69	500000d8
	constant pool entry 65	500000e4
CLS 500000d9 (name=java.util.Collections$EmptySet, trace=300000)
	super		500000da
	constant pool entry 48	500000d9
	constant pool entry 44	500000da
CLS 500000db (name=java.util.Set, trace=300000)
CLS 500000dc (name=java.util.Collections, trace=300000)
	super		50000172
	static EMPTY_SET	50000a8b
	static EMPTY_LIST	50000a8a
	static EMPTY_MAP	50000a89
	constant pool entry 269	500000e6
	constant pool entry 260	50001a19
	constant pool entry 259	500000d3
	constant pool entry 250	500000ba
	constant pool entry 240	50000047
	constant pool entry 237	500000d9
	constant pool entry 236	500000d6
	constant pool entry 234	500000d8
	constant pool entry 216	500000dc
CLS 500000dd (name=java.util.ArrayList, trace=300000)
	super		500000e4
	static EMPTY_ELEMENTDATA	50000e18
	static DEFAULTCAPACITY_EMPTY_ELEMENTDATA	500005d7
	constant pool entry 357	500000f7
	constant pool entry 180	500000e8
	constant pool entry 178	50000095
	constant pool entry 177	500006f8
	constant pool entry 173	500000dd
	constant pool entry 172	500000e4
	constant pool entry 167	50000172
	constant pool entry 166	500000be
	constant pool entry 11	50000108
CLS 500000de (name=java.lang.InterruptedException, trace=300000)
	super		50000163
CLS 500000df (name=java.lang.ref.Reference$ReferenceHandler, trace=300000)
	super		5000014a
	constant pool entry 38	500000df
	constant pool entry 37	50000153
	constant pool entry 36	5000014a
	constant pool entry 32	5000016a
	constant pool entry 2	5000014e
	constant pool entry 1	500000de
CLS 500000e0 (name=java.lang.ref.Reference$Lock, trace=300000)
	super		50000172
	constant pool entry 14	500000e0
	constant pool entry 11	50000172
CLS 500000e1 (name=sun.reflect.ReflectionFactory, trace=300000)
	super		50000172
	static reflectionFactoryAccessPerm	50000723
	static soleInstance	5000071a
	static langReflectAccess	50000722
	constant pool entry 212	5000007d
	constant pool entry 211	500000e1
	constant pool entry 210	500000c7
	constant pool entry 209	50001630
	constant pool entry 208	5000007c
	constant pool entry 206	50000098
	constant pool entry 204	50001632
	constant pool entry 203	5000007b
	constant pool entry 200	500000ef
	constant pool entry 199	50000099
	constant pool entry 196	5000013d
	constant pool entry 192	50000167
	constant pool entry 188	500000f0
	constant pool entry 21	50000138
	constant pool entry 20	50000172
	constant pool entry 19	5000016a
	constant pool entry 9	50000721
CLS 500000e3 (name=java.util.Vector, trace=300000)
	super		500000e4
	constant pool entry 378	500000f7
	constant pool entry 186	500000e3
	constant pool entry 177	50000095
	constant pool entry 176	500000e4
	constant pool entry 174	50000167
	constant pool entry 171	50000172
CLS 500000e2 (name=java.util.Stack, trace=300000)
	super		500000e3
	constant pool entry 35	500000e3
	constant pool entry 34	500000e2
CLS 500000e6 (name=java.util.RandomAccess, trace=300000)
CLS 500000e7 (name=java.util.List, trace=300000)
CLS 500000e8 (name=java.util.Collection, trace=300000)
CLS 500000e9 (name=java.lang.Iterable, trace=300000)
CLS 500000ea (name=java.security.cert.Certificate[], trace=300000)
	super		50000172
CLS 500000eb (name=java.security.cert.Certificate, trace=300000)
	super		50000172
CLS 500000ec (name=sun.reflect.ReflectionFactory$GetReflectionFactoryAction, trace=300000)
	super		50000172
	constant pool entry 18	500000ec
	constant pool entry 17	500000e1
	constant pool entry 15	50000172
CLS 500000ed (name=java.security.PrivilegedAction, trace=300000)
CLS 500000f2 (name=java.security.Permission, trace=300000)
	super		50000172
	constant pool entry 57	500000f2
	constant pool entry 50	50000172
CLS 500000f1 (name=java.security.BasicPermission, trace=300000)
	super		500000f2
	constant pool entry 75	500000f2
	constant pool entry 74	5000081b
	constant pool entry 73	500000f1
	constant pool entry 72	5000016e
	constant pool entry 71	50000172
	constant pool entry 4	50000727
	constant pool entry 3	50000726
	constant pool entry 2	50000725
CLS 500000ee (name=java.lang.reflect.ReflectPermission, trace=300000)
	super		500000f1
	constant pool entry 15	500000f1
CLS 500000ef (name=java.security.AccessController, trace=300000)
	super		50000172
	constant pool entry 79	500000ef
	constant pool entry 77	5000015f
CLS 500000f0 (name=java.lang.RuntimePermission, trace=300000)
	super		500000f1
	constant pool entry 15	500000f1
CLS 500000f3 (name=java.security.Guard, trace=300000)
CLS 500000f4 (name=java.lang.StackTraceElement[], trace=300000)
	super		50000172
CLS 500000f5 (name=java.lang.ThreadGroup[], trace=300000)
	super		50000172
CLS 500000f6 (name=java.lang.Thread$UncaughtExceptionHandler[], trace=300000)
	super		50000172
CLS 500000f7 (name=com.sun.demo.jvmti.hprof.Tracker, trace=300000)
	super		50000172
	constant pool entry 35	5000014a
	constant pool entry 32	500000f7
	constant pool entry 3	500005d5
	constant pool entry 2	5000063b
	constant pool entry 1	5000063a
CLS 500000f8 (name=java.lang.String$CaseInsensitiveComparator, trace=300000)
	super		50000172
	constant pool entry 42	500000f8
	constant pool entry 40	5000016e
	constant pool entry 39	50000172
	constant pool entry 38	500000be
CLS 500000f9 (name=java.util.Comparator, trace=300000)
CLS 500000fa (name=java.io.ObjectStreamField[], trace=300000)
	super		50000172
CLS 500000fb (name=java.lang.Comparable[], trace=300000)
	super		50000172
CLS 500000fc (name=java.io.ObjectStreamField, trace=300000)
	super		50000172
	constant pool entry 92	50000121
	constant pool entry 91	5000016e
	constant pool entry 90	5000010b
	constant pool entry 88	50000109
	constant pool entry 86	5000010a
	constant pool entry 84	5000010e
	constant pool entry 83	5000010d
	constant pool entry 81	5000016a
	constant pool entry 80	50000110
	constant pool entry 79	5000010c
	constant pool entry 78	50000111
	constant pool entry 77	500000fc
	constant pool entry 2	50000172
CLS 500000fd (name=java.lang.OutOfMemoryError[], trace=300000)
	super		50000172
CLS 500000fe (name=java.lang.VirtualMachineError[], trace=300000)
	super		50000172
CLS 500000ff (name=java.lang.Error[], trace=300000)
	super		50000172
CLS 50000100 (name=java.lang.Throwable[], trace=300000)
	super		50000172
CLS 50000101 (name=java.lang.ArithmeticException, trace=300000)
	super		50000162
CLS 50000102 (name=java.lang.NullPointerException, trace=300000)
	super		50000162
CLS 50000103 (name=java.lang.Class[], trace=300000)
	super		50000172
CLS 50000104 (name=java.io.Serializable[], trace=300000)
	super		50000172
CLS 50000105 (name=java.lang.reflect.GenericDeclaration[], trace=300000)
	super		50000172
CLS 50000106 (name=java.lang.reflect.AnnotatedElement[], trace=300000)
	super		50000172
CLS 50000107 (name=java.lang.reflect.Type[], trace=300000)
	super		50000172
CLS 50000108 (name=java.lang.Object[], trace=300000)
	super		50000172
CLS 50000109 (name=java.lang.Long, trace=300000)
	super		5000010f
	static TYPE	5000058e
	constant pool entry 357	500000f7
	constant pool entry 210	5000016e
	constant pool entry 204	500000be
	constant pool entry 202	50000109
	constant pool entry 201	5000010a
	constant pool entry 198	5000016a
	constant pool entry 17	50000734
CLS 5000010a (name=java.lang.Integer, trace=300000)
	super		5000010f
	static TYPE	5000058f
	static digits	50000739
	static DigitTens	50000738
	static DigitOnes	50000737
	static sizeTable	50000736
	constant pool entry 310	500000f7
	constant pool entry 194	50000167
	constant pool entry 192	5000016e
	constant pool entry 188	5000010f
	constant pool entry 184	50000059
	constant pool entry 183	5000010a
	constant pool entry 180	5000016a
	constant pool entry 179	50000110
	constant pool entry 29	50000735
CLS 5000010b (name=java.lang.Short, trace=300000)
	super		5000010f
	static TYPE	50000591
	constant pool entry 95	5000010b
	constant pool entry 90	5000016a
	constant pool entry 7	50002d44
CLS 5000010c (name=java.lang.Byte, trace=300000)
	super		5000010f
	static TYPE	5000059c
	constant pool entry 88	5000016a
	constant pool entry 86	5000010c
	constant pool entry 5	50002e18
CLS 5000010d (name=java.lang.Double, trace=300000)
	super		5000010f
	static TYPE	5000059d
	constant pool entry 142	5000010d
	constant pool entry 140	5000016a
	constant pool entry 10	50002e16
CLS 5000010e (name=java.lang.Float, trace=300000)
	super		5000010f
	static TYPE	5000059e
	constant pool entry 110	5000010e
	constant pool entry 107	5000016a
	constant pool entry 8	50000716
CLS 50000110 (name=java.lang.Character, trace=300000)
	super		50000172
	static TYPE	5000059f
	constant pool entry 275	5000016a
	constant pool entry 273	50000016
	constant pool entry 11	50000110
	constant pool entry 10	50000e06
CLS 50000111 (name=java.lang.Boolean, trace=300000)
	super		50000172
	static TRUE	50000a8e
	static FALSE	50000a8d
	static TYPE	500005a0
	constant pool entry 72	50000167
	constant pool entry 71	5000016e
	constant pool entry 69	50000172
	constant pool entry 65	5000016a
	constant pool entry 64	50000111
	constant pool entry 3	500006f9
	constant pool entry 1	50000a8c
CLS 50000113 (name=java.lang.StackTraceElement, trace=300000)
	super		50000172
CLS 50000114 (name=java.security.CodeSource, trace=300000)
	super		50000172
	constant pool entry 154	50000114
	constant pool entry 152	50000119
	constant pool entry 148	50000172
CLS 50000168 (name=java.lang.ClassLoader, trace=300000)
	super		50000172
	static nocerts	50000a9e
	static scl	500003d7
	static loadedLibraryNames	50000a9d
	static systemNativeLibraries	50000a9c
	static nativeLibraryContext	50000a9b
	static usr_paths	50000a9a
	static sys_paths	50000a99
	constant pool entry 843	500000f7
	constant pool entry 359	500000c7
	constant pool entry 358	500000c1
	constant pool entry 357	50000004
	constant pool entry 355	500004fb
	constant pool entry 354	50000117
	constant pool entry 353	500020ec
	constant pool entry 352	5000002b
	constant pool entry 351	500000e3
	constant pool entry 350	500000e2
	constant pool entry 349	500000db
	constant pool entry 346	50000005
	constant pool entry 345	500000c6
	constant pool entry 344	500000b8
	constant pool entry 343	500000dc
	constant pool entry 341	500000eb
	constant pool entry 340	50000160
	constant pool entry 338	50000114
	constant pool entry 337	500000ef
	constant pool entry 334	50000119
	constant pool entry 329	50000001
	constant pool entry 328	50000167
	constant pool entry 326	5000016e
	constant pool entry 323	500005dd
	constant pool entry 322	50000172
	constant pool entry 317	5000015c
	constant pool entry 315	5000004c
	constant pool entry 314	5000005f
	constant pool entry 313	50000064
	constant pool entry 312	500020e6
	constant pool entry 309	5000016a
	constant pool entry 304	5000011b
	constant pool entry 303	50001e7d
	constant pool entry 302	500000ea
	constant pool entry 19	50000168
	constant pool entry 18	50000a96
	constant pool entry 15	50000a95
	constant pool entry 14	50000a94
	constant pool entry 6	50000a93
	constant pool entry 1	500005d6
CLS 5000015e (name=java.security.SecureClassLoader, trace=300000)
	super		50000168
	constant pool entry 62	5000004d
	constant pool entry 61	500000c6
	constant pool entry 60	5000015e
	constant pool entry 59	50000160
	constant pool entry 58	500007b0
	constant pool entry 56	50000167
	constant pool entry 51	50000168
	constant pool entry 4	5000199a
CLS 5000011a (name=java.net.URLClassLoader, trace=300000)
	super		5000015e
	constant pool entry 246	50000004
	constant pool entry 245	500000cc
	constant pool entry 244	50000588
	constant pool entry 243	500004fb
	constant pool entry 242	50000118
	constant pool entry 240	500005aa
	constant pool entry 239	50000597
	constant pool entry 238	5000009b
	constant pool entry 234	5000015e
	constant pool entry 232	500007af
	constant pool entry 231	500000f2
	constant pool entry 230	50000114
	constant pool entry 229	500000ef
	constant pool entry 225	500007e2
	constant pool entry 224	50000044
	constant pool entry 220	500020ea
	constant pool entry 219	50000256
	constant pool entry 218	5000024d
	constant pool entry 217	5000011a
	constant pool entry 216	50000119
	constant pool entry 212	50000167
	constant pool entry 210	5000016e
	constant pool entry 206	500005dd
	constant pool entry 203	5000015c
	constant pool entry 202	50000168
	constant pool entry 201	5000016a
	constant pool entry 197	500007f9
	constant pool entry 196	5000011b
	constant pool entry 12	500006f9
	constant pool entry 3	50000d9a
CLS 50000115 (name=sun.misc.Launcher$ExtClassLoader, trace=300000)
	super		5000011a
	static instance	500003d9
	constant pool entry 238	500000f7
	constant pool entry 124	50000004
	constant pool entry 123	500000cc
	constant pool entry 121	50000043
	constant pool entry 120	50000117
	constant pool entry 119	50000045
	constant pool entry 118	500000e3
	constant pool entry 117	50000042
	constant pool entry 113	500000ef
	constant pool entry 109	5000011a
	constant pool entry 108	50000119
	constant pool entry 104	50000167
	constant pool entry 103	5000016e
	constant pool entry 101	50000168
	constant pool entry 99	5000011b
	constant pool entry 4	50000115
	constant pool entry 2	500018a5
	constant pool entry 1	50001a3c
CLS 50000116 (name=sun.misc.Launcher$AppClassLoader, trace=300000)
	super		5000011a
	constant pool entry 106	50000004
	constant pool entry 105	500000cc
	constant pool entry 103	50000002
	constant pool entry 102	50000116
	constant pool entry 101	50000045
	constant pool entry 99	500007af
	constant pool entry 97	500000ef
	constant pool entry 95	5000011a
	constant pool entry 92	50000167
	constant pool entry 91	5000016e
	constant pool entry 89	500000f0
	constant pool entry 87	50000168
	constant pool entry 86	5000016a
	constant pool entry 3	50000117
	constant pool entry 2	50001a41
	constant pool entry 1	50000725
CLS 50000117 (name=sun.misc.Launcher, trace=300000)
	super		50000172
	static factory	50001a40
	static launcher	50001a3f
	static bootClassPath	50000a5d
	constant pool entry 219	500000f7
	constant pool entry 122	50000012
	constant pool entry 121	5000004e
	constant pool entry 120	50000115
	constant pool entry 119	50001e7f
	constant pool entry 118	50000116
	constant pool entry 116	50000117
	constant pool entry 115	50000119
	constant pool entry 113	5000014a
	constant pool entry 112	50000167
	constant pool entry 110	5000016e
	constant pool entry 108	50000172
	constant pool entry 99	5000011b
	constant pool entry 8	50001a3e
	constant pool entry 7	50001a3d
CLS 50000118 (name=java.util.jar.Manifest, trace=300000)
	super		50000172
	constant pool entry 231	500000f7
	constant pool entry 110	5000059b
	constant pool entry 109	50000118
	constant pool entry 108	50000597
	constant pool entry 105	50000147
	constant pool entry 103	500000c6
	constant pool entry 99	50000172
CLS 50000119 (name=java.net.URL, trace=300000)
	super		50000172
	static BUILTIN_HANDLERS_PREFIX	50000da3
	static protocolPathProp	50000d9f
	static handlers	50000da8
	static streamHandlerLock	50000da7
	static serialPersistentFields	50000da6
	constant pool entry 551	500000f7
	constant pool entry 264	50000084
	constant pool entry 262	50000042
	constant pool entry 261	50000145
	constant pool entry 260	500000ef
	constant pool entry 257	5000000f
	constant pool entry 255	50000119
	constant pool entry 250	50000010
	constant pool entry 245	50000167
	constant pool entry 244	50000121
	constant pool entry 242	50000172
	constant pool entry 241	5000010a
	constant pool entry 235	5000016a
	constant pool entry 232	500000fc
	constant pool entry 26	5000016e
	constant pool entry 25	50000da5
	constant pool entry 24	50000da4
	constant pool entry 22	50000da3
	constant pool entry 21	50000da2
	constant pool entry 19	50000da1
	constant pool entry 18	50000da0
	constant pool entry 16	50000d9f
	constant pool entry 15	50000d9e
	constant pool entry 14	50000d9d
	constant pool entry 13	50000d9c
	constant pool entry 11	50000d9b
	constant pool entry 4	50000d9a
	constant pool entry 3	50000d99
	constant pool entry 2	50000a93
	constant pool entry 1	500005d6
CLS 5000011b (name=java.io.File, trace=300000)
	super		50000172
	static fs	50000e47
	static separator	50000e46
	static pathSeparator	50000e45
	static UNSAFE	50000d57
	constant pool entry 279	50000120
	constant pool entry 268	50000167
	constant pool entry 267	50000121
	constant pool entry 266	5000016e
	constant pool entry 261	50000172
	constant pool entry 255	5000016a
	constant pool entry 247	5000006d
	constant pool entry 244	50000067
	constant pool entry 242	5000006e
	constant pool entry 20	5000011b
	constant pool entry 19	50000e44
	constant pool entry 18	50000e43
	constant pool entry 1	500005d6
CLS 5000011c (name=java.io.ByteArrayInputStream, trace=300000)
	super		5000011d
	constant pool entry 43	50000167
	constant pool entry 39	5000011d
	constant pool entry 37	5000011c
CLS 5000011e (name=java.io.Closeable, trace=300000)
CLS 5000011f (name=java.lang.AutoCloseable, trace=300000)
CLS 50000120 (name=sun.misc.Unsafe, trace=300000)
	super		50000172
	static theUnsafe	50000d57
	constant pool entry 390	500000f7
	constant pool entry 192	500000c7
	constant pool entry 191	500000c1
	constant pool entry 188	5000016e
	constant pool entry 186	50000172
	constant pool entry 183	5000016a
	constant pool entry 12	50000120
	constant pool entry 11	5000017a
	constant pool entry 10	50000175
	constant pool entry 9	50000108
	constant pool entry 8	50000173
	constant pool entry 7	50000174
	constant pool entry 6	50000178
	constant pool entry 5	50000177
	constant pool entry 4	50000179
	constant pool entry 3	50000176
	constant pool entry 2	50000d63
CLS 50000123 (name=java.lang.AbstractStringBuilder, trace=300000)
	super		50000172
	constant pool entry 319	500000f7
	constant pool entry 151	50000095
	constant pool entry 150	50000167
	constant pool entry 146	5000016e
	constant pool entry 144	50000172
	constant pool entry 143	50000109
	constant pool entry 136	50000123
CLS 50000121 (name=java.lang.StringBuilder, trace=300000)
	super		50000123
	constant pool entry 81	50000121
	constant pool entry 80	5000016e
	constant pool entry 77	50000123
CLS 50000122 (name=java.lang.StringBuffer, trace=300000)
	super		50000123
	static serialPersistentFields	500010e6
	constant pool entry 372	500000f7
	constant pool entry 111	50000095
	constant pool entry 109	50000122
	constant pool entry 108	5000016e
	constant pool entry 107	5000010a
	constant pool entry 104	50000111
	constant pool entry 103	50000123
	constant pool entry 101	500000fc
	constant pool entry 4	50000179
	constant pool entry 3	50000d56
	constant pool entry 2	500010e5
	constant pool entry 1	500010e4
CLS 50000124 (name=java.lang.Appendable, trace=300000)
CLS 50000128 (name=java.lang.invoke.CallSite, trace=300000)
	super		50000172
CLS 50000125 (name=java.lang.invoke.VolatileCallSite, trace=300000)
	super		50000128
CLS 50000126 (name=java.lang.invoke.MutableCallSite, trace=300000)
	super		50000128
CLS 50000127 (name=java.lang.invoke.ConstantCallSite, trace=300000)
	super		50000128
CLS 50000129 (name=java.lang.BootstrapMethodError, trace=300000)
	super		5000015b
CLS 5000012a (name=java.lang.invoke.MethodType, trace=300000)
	super		50000172
CLS 5000012b (name=java.lang.invoke.LambdaForm, trace=300000)
	super		50000172
CLS 5000012c (name=java.lang.invoke.MethodHandleNatives, trace=300000)
	super		50000172
	constant pool entry 229	50000184
	constant pool entry 205	5000016a
	constant pool entry 32	5000012c
CLS 5000012d (name=java.lang.invoke.MemberName, trace=300000)
	super		50000172
	static CONSTRUCTOR_NAME	50002eea
	constant pool entry 292	5000016a
	constant pool entry 45	5000012d
CLS 5000012f (name=java.lang.invoke.MethodHandle, trace=300000)
	super		50000172
	constant pool entry 196	50000120
	constant pool entry 191	500001a9
	constant pool entry 189	50000184
	constant pool entry 173	5000016a
	constant pool entry 14	5000012f
	constant pool entry 11	50002ed5
CLS 5000012e (name=java.lang.invoke.DirectMethodHandle, trace=300000)
	super		5000012f
CLS 50000130 (name=sun.reflect.CallerSensitive, trace=300000)
CLS 50000131 (name=java.lang.annotation.Annotation, trace=300000)
CLS 50000134 (name=sun.reflect.FieldAccessorImpl, trace=300000)
	super		5000013c
CLS 50000133 (name=sun.reflect.UnsafeFieldAccessorImpl, trace=300000)
	super		50000134
CLS 50000132 (name=sun.reflect.UnsafeStaticFieldAccessorImpl, trace=300000)
	super		50000133
CLS 50000135 (name=sun.reflect.FieldAccessor, trace=300000)
CLS 50000136 (name=sun.reflect.ConstantPool, trace=300000)
	super		50000172
CLS 50000137 (name=sun.reflect.DelegatingClassLoader, trace=300000)
	super		50000168
CLS 50000139 (name=sun.reflect.ConstructorAccessor, trace=300000)
CLS 5000013a (name=sun.reflect.MethodAccessorImpl, trace=300000)
	super		5000013c
	constant pool entry 16	5000013c
CLS 5000013b (name=sun.reflect.MethodAccessor, trace=300000)
CLS 50000143 (name=java.lang.reflect.AccessibleObject, trace=300000)
	super		50000172
	static ACCESS_PERMISSION	50000d7d
	static reflectionFactory	5000071a
	constant pool entry 79	500000ec
	constant pool entry 78	500000e1
	constant pool entry 76	500000ef
	constant pool entry 75	500000ee
	constant pool entry 73	5000013d
	constant pool entry 71	50000143
	constant pool entry 70	50000167
	constant pool entry 67	50000172
	constant pool entry 4	5000016a
	constant pool entry 3	50000d7c
CLS 5000013f (name=java.lang.reflect.Executable, trace=300000)
	super		50000143
	constant pool entry 165	50000143
CLS 5000013d (name=java.lang.reflect.Constructor, trace=300000)
	super		5000013f
	constant pool entry 148	500000e1
	constant pool entry 146	50000139
	constant pool entry 140	5000013f
	constant pool entry 139	5000013d
	constant pool entry 132	5000016a
	constant pool entry 130	50000103
CLS 5000013e (name=java.lang.reflect.Method, trace=300000)
	super		5000013f
	constant pool entry 152	500000e1
	constant pool entry 150	5000013b
	constant pool entry 143	5000013e
	constant pool entry 141	5000013f
	constant pool entry 132	50000103
CLS 50000140 (name=java.lang.reflect.Parameter, trace=300000)
	super		50000172
CLS 50000141 (name=java.lang.reflect.Field, trace=300000)
	super		50000143
	constant pool entry 140	50000141
	constant pool entry 139	50000143
CLS 50000142 (name=java.lang.reflect.Member, trace=300000)
CLS 50000146 (name=java.util.Dictionary, trace=300000)
	super		50000172
	constant pool entry 20	50000172
CLS 50000145 (name=java.util.Hashtable, trace=300000)
	super		50000146
	constant pool entry 417	500000f7
	constant pool entry 206	500000db
	constant pool entry 204	500000c5
	constant pool entry 203	50000147
	constant pool entry 202	500000b7
	constant pool entry 199	500000b6
	constant pool entry 198	500000bc
	constant pool entry 197	500000c0
	constant pool entry 195	50000145
	constant pool entry 194	50000146
	constant pool entry 192	500000dc
	constant pool entry 188	50000172
	constant pool entry 186	500000be
	constant pool entry 183	5000010e
CLS 50000144 (name=java.util.Properties, trace=300000)
	super		50000145
	static hexDigit	50000a88
	constant pool entry 264	500000f7
	constant pool entry 129	50000637
	constant pool entry 128	50000144
	constant pool entry 125	50000145
	constant pool entry 119	5000016e
CLS 50000147 (name=java.util.Map, trace=300000)
CLS 50000148 (name=java.lang.ThreadGroup, trace=300000)
	super		50000172
	constant pool entry 269	500000f7
	constant pool entry 122	50000148
	constant pool entry 119	5000014a
	constant pool entry 118	50000167
	constant pool entry 115	50000172
	constant pool entry 7	500019ac
CLS 50000149 (name=java.lang.Thread$UncaughtExceptionHandler, trace=300000)
CLS 5000014b (name=java.lang.Runnable, trace=300000)
CLS 50000150 (name=java.lang.ref.FinalReference, trace=300000)
	super		50000153
	constant pool entry 9	50000153
CLS 5000014d (name=java.lang.ref.Finalizer, trace=300000)
	super		50000150
	static queue	500003c8
	static unfinalized	500003a0
	static lock	50002eb4
	constant pool entry 74	50000054
	constant pool entry 72	5000014c
	constant pool entry 71	500000bd
	constant pool entry 67	5000014d
	constant pool entry 66	50000150
	constant pool entry 64	50000148
	constant pool entry 63	5000014a
	constant pool entry 62	50000172
	constant pool entry 61	50000068
CLS 5000014f (name=java.lang.ref.PhantomReference, trace=300000)
	super		50000153
CLS 5000014e (name=sun.misc.Cleaner, trace=300000)
	super		5000014f
	static dummyQueue	500019aa
	constant pool entry 33	5000014e
	constant pool entry 31	5000014c
CLS 50000154 (name=java.lang.IllegalMonitorStateException, trace=300000)
	super		50000162
CLS 50000157 (name=java.lang.VirtualMachineError, trace=300000)
	super		50000165
CLS 50000155 (name=java.lang.StackOverflowError, trace=300000)
	super		50000157
CLS 50000156 (name=java.lang.OutOfMemoryError, trace=300000)
	super		50000157
CLS 50000158 (name=java.lang.ArrayStoreException, trace=300000)
	super		50000162
CLS 50000159 (name=java.lang.ClassCastException, trace=300000)
	super		50000162
CLS 5000015a (name=java.lang.NoClassDefFoundError, trace=300000)
	super		5000015b
CLS 5000015d (name=java.lang.ReflectiveOperationException, trace=300000)
	super		50000163
	constant pool entry 15	50000163
CLS 5000015c (name=java.lang.ClassNotFoundException, trace=300000)
	super		5000015d
	constant pool entry 20	5000015d
CLS 5000015f (name=java.security.AccessControlContext, trace=300000)
	super		50000172
	constant pool entry 137	500000ef
	constant pool entry 134	5000015f
	constant pool entry 128	50000172
CLS 50000160 (name=java.security.ProtectionDomain, trace=300000)
	super		50000172
	constant pool entry 273	500000f7
	constant pool entry 136	5000004d
	constant pool entry 135	500000cc
	constant pool entry 131	50000008
	constant pool entry 130	5000000b
	constant pool entry 129	50000009
	constant pool entry 127	50000160
	constant pool entry 126	50000007
	constant pool entry 124	500007b0
	constant pool entry 123	500007af
	constant pool entry 113	50000172
	constant pool entry 10	5000199b
CLS 50000161 (name=java.lang.SecurityManager, trace=300000)
	super		50000172
CLS 50000164 (name=java.lang.ThreadDeath, trace=300000)
	super		50000165
CLS 50000167 (name=java.lang.System, trace=300000)
	super		50000172
	static in	50000620
	static out	50000611
	static err	5000060d
	static props	50000601
	static lineSeparator	500005fe
	constant pool entry 185	500000c7
	constant pool entry 184	500000b4
	constant pool entry 183	500000c1
	constant pool entry 182	500000cc
	constant pool entry 179	50000144
	constant pool entry 175	50000148
	constant pool entry 174	5000014a
	constant pool entry 173	5000005e
	constant pool entry 172	50000053
	constant pool entry 169	5000016e
	constant pool entry 166	500000b5
	constant pool entry 158	50000093
	constant pool entry 156	500000ad
	constant pool entry 155	500000b3
	constant pool entry 154	500000b2
	constant pool entry 153	50000092
	constant pool entry 152	500000ab
	constant pool entry 14	50000167
	constant pool entry 13	500005fd
	constant pool entry 11	500005ee
	constant pool entry 10	500005ec
	constant pool entry 7	500005eb
	constant pool entry 1	500005d6
CLS 50000169 (name=java.lang.Cloneable, trace=300000)
CLS 5000016a (name=java.lang.Class, trace=300000)
	super		50000172
	static serialPersistentFields	50000720
	static reflectionFactory	5000071a
	constant pool entry 1191	500000f7
	constant pool entry 506	500000ec
	constant pool entry 505	500000e1
	constant pool entry 504	500000c7
	constant pool entry 488	500000ef
	constant pool entry 483	5000013e
	constant pool entry 479	50000141
	constant pool entry 478	5000013d
	constant pool entry 475	50000152
	constant pool entry 471	50000167
	constant pool entry 469	5000016e
	constant pool entry 464	50000172
	constant pool entry 455	50000068
	constant pool entry 451	50000168
	constant pool entry 449	500000a5
	constant pool entry 448	50000857
	constant pool entry 446	500000a4
	constant pool entry 444	5000162d
	constant pool entry 443	500000a6
	constant pool entry 441	5000007e
	constant pool entry 439	500000fc
	constant pool entry 433	50000108
	constant pool entry 431	50000718
	constant pool entry 19	5000016a
CLS 5000016b (name=java.lang.reflect.Type, trace=300000)
CLS 5000016c (name=java.lang.reflect.GenericDeclaration, trace=300000)
CLS 5000016d (name=java.lang.reflect.AnnotatedElement, trace=300000)
CLS 5000016e (name=java.lang.String, trace=300000)
	super		50000172
	static serialPersistentFields	50000713
	static CASE_INSENSITIVE_ORDER	50000712
	constant pool entry 541	500000f7
	constant pool entry 259	500005f5
	constant pool entry 258	50000710
	constant pool entry 255	5000002f
	constant pool entry 254	500000e7
	constant pool entry 251	500000f9
	constant pool entry 250	50000095
	constant pool entry 249	500000dd
	constant pool entry 246	50000167
	constant pool entry 244	5000020f
	constant pool entry 241	500000f8
	constant pool entry 239	5000016e
	constant pool entry 238	50000172
	constant pool entry 236	500000be
	constant pool entry 226	50000110
	constant pool entry 225	5000016f
	constant pool entry 221	500000fc
	constant pool entry 220	500000c8
	constant pool entry 14	500006f9
	constant pool entry 13	500005e6
	constant pool entry 12	500005a4
	constant pool entry 11	500005e8
	constant pool entry 10	500006f6
	constant pool entry 9	500006f5
	constant pool entry 8	500006f4
	constant pool entry 7	500005e7
	constant pool entry 6	500006f0
	constant pool entry 5	500005d6
CLS 5000016f (name=java.lang.CharSequence, trace=300000)
CLS 50000170 (name=java.lang.Comparable, trace=300000)
CLS 50000171 (name=java.io.Serializable, trace=300000)
CLS 50000173 (name=long[], trace=300000)
	super		50000172
CLS 50000174 (name=int[], trace=300000)
	super		50000172
CLS 50000175 (name=short[], trace=300000)
	super		50000172
CLS 50000176 (name=byte[], trace=300000)
	super		50000172
CLS 50000177 (name=double[], trace=300000)
	super		50000172
CLS 50000178 (name=float[], trace=300000)
	super		50000172
CLS 50000179 (name=char[], trace=300000)
	super		50000172
CLS 5000017a (name=boolean[], trace=300000)
	super		50000172
CLS 50000184 (name=java.lang.invoke.MethodHandleImpl, trace=300003)
	super		50000172
	static PRODUCE_BLOCK_INLINING_FORM	50000192
	static PRODUCE_REINVOKER_FORM	50000194
	static FAKE_METHOD_HANDLE_INVOKE	50000196
	static NO_ARGS_ARRAY	50000197
	static FILL_ARRAY_TO_RIGHT	50000198
	static TYPED_COLLECTORS	500001a0
	constant pool entry 969	500000f7
	constant pool entry 382	500000ef
	constant pool entry 366	5000019a
	constant pool entry 365	50000193
	constant pool entry 364	50000191
	constant pool entry 363	50000187
	constant pool entry 362	500001a7
	constant pool entry 342	5000016a
	constant pool entry 27	50000184
	constant pool entry 26	5000012f
	constant pool entry 23	50000172
	constant pool entry 22	5000010a
CLS 50000187 (name=java.lang.invoke.MethodHandleImpl$1, trace=300006)
	super		50000172
	constant pool entry 32	50000187
	constant pool entry 31	50000121
	constant pool entry 30	50000172
	constant pool entry 29	5000010a
	constant pool entry 28	5000016a
	constant pool entry 2	50000184
	constant pool entry 1	50002ee8
CLS 50001e64 (name=java.util.ResourceBundle, trace=300680)
	super		50000172
	static NONEXISTENT_BUNDLE	50001e66
	static cacheList	50001e67
	static referenceQueue	50001e68
	constant pool entry 216	500000c7
	constant pool entry 215	5000002c
	constant pool entry 214	5000002b
	constant pool entry 212	50001e6b
	constant pool entry 207	50002261
	constant pool entry 205	50002271
	constant pool entry 204	500001bc
	constant pool entry 203	50001e65
	constant pool entry 202	50001e08
	constant pool entry 201	5000002f
	constant pool entry 200	500000e7
	constant pool entry 199	500000b7
	constant pool entry 195	5000014c
	constant pool entry 191	50000121
	constant pool entry 190	5000016e
	constant pool entry 189	50000172
	constant pool entry 182	5000016a
	constant pool entry 11	50001e6a
	constant pool entry 10	50001e64
	constant pool entry 5	50001b78
	constant pool entry 2	50001b77
CLS 5000018a (name=java.util.ListResourceBundle, trace=300680)
	super		50001e64
	constant pool entry 40	50001e64
	constant pool entry 39	50000147
	constant pool entry 38	5000018a
	constant pool entry 37	500000c6
	constant pool entry 35	5000016e
CLS 5000018b (name=com.sun.tools.javac.resources.compiler, trace=300673)
	super		5000018a
	loader		500003d7
	domain		50000841
	constant pool entry 2432	500000f7
	constant pool entry 2426	5000018a
	constant pool entry 2425	50000172
	constant pool entry 2423	50000108
	constant pool entry 2422	50002917
	constant pool entry 2421	50001e97
	constant pool entry 2420	500028f9
	constant pool entry 2419	500021da
	constant pool entry 2418	50001fd8
	constant pool entry 2417	50002839
	constant pool entry 2416	50002829
	constant pool entry 2415	50002392
	constant pool entry 2414	500029e7
	constant pool entry 2413	50001dc0
	constant pool entry 2412	50001de9
	constant pool entry 2411	50001b76
	constant pool entry 2410	500026d7
	constant pool entry 2409	5000289f
	constant pool entry 2408	5000211a
	constant pool entry 2407	50001c9e
	constant pool entry 2406	500028a7
	constant pool entry 2405	500027fb
	constant pool entry 2404	50002975
	constant pool entry 2403	50001d9d
	constant pool entry 2402	500029b1
	constant pool entry 2401	50001d36
	constant pool entry 2400	500021f2
	constant pool entry 2399	50001f64
	constant pool entry 2398	5000291b
	constant pool entry 2397	500021a0
	constant pool entry 2396	50002366
	constant pool entry 2395	5000227d
	constant pool entry 2394	50001ee6
	constant pool entry 2393	50002382
	constant pool entry 2392	50002215
	constant pool entry 2391	50002332
	constant pool entry 2390	500022e6
	constant pool entry 2389	500026a7
	constant pool entry 2388	50001e87
	constant pool entry 2387	50001df1
	constant pool entry 2386	50002130
	constant pool entry 2385	50001c69
	constant pool entry 2384	50001bbd
	constant pool entry 2383	500022f6
	constant pool entry 2382	5000224a
	constant pool entry 2381	500029cb
	constant pool entry 2380	50001d73
	constant pool entry 2379	50002113
	constant pool entry 2378	50002149
	constant pool entry 2377	500027a9
	constant pool entry 2376	50002205
	constant pool entry 2375	50001de5
	constant pool entry 2374	50002018
	constant pool entry 2373	500026b3
	constant pool entry 2372	5000280d
	constant pool entry 2371	50001e20
	constant pool entry 2370	50001d21
	constant pool entry 2369	50002186
	constant pool entry 2368	500029c1
	constant pool entry 2367	5000270f
	constant pool entry 2366	5000299f
	constant pool entry 2365	50001d18
	constant pool entry 2364	50002134
	constant pool entry 2363	50001eae
	constant pool entry 2362	5000284b
	constant pool entry 2361	5000235a
	constant pool entry 2360	50002867
	constant pool entry 2359	5000288f
	constant pool entry 2358	50002795
	constant pool entry 2357	500026eb
	constant pool entry 2356	50002396
	constant pool entry 2355	500027f3
	constant pool entry 2354	50001d91
	constant pool entry 2353	50001d66
	constant pool entry 2352	50002807
	constant pool entry 2351	5000282d
	constant pool entry 2350	50001c04
	constant pool entry 2349	50002831
	constant pool entry 2348	50001c2a
	constant pool entry 2347	50002a2b
	constant pool entry 2346	50000d56
	constant pool entry 2345	50002873
	constant pool entry 2344	50002981
	constant pool entry 2343	50002747
	constant pool entry 2342	50002991
	constant pool entry 2341	5000212c
	constant pool entry 2340	500029c5
	constant pool entry 2339	500029b9
	constant pool entry 2338	50001c61
	constant pool entry 2337	5000213c
	constant pool entry 2336	5000236a
	constant pool entry 2335	50001e1c
	constant pool entry 2334	500022a0
	constant pool entry 2333	50002713
	constant pool entry 2332	50002322
	constant pool entry 2331	50001bcd
	constant pool entry 2330	5000268d
	constant pool entry 2329	500029cf
	constant pool entry 2328	50002041
	constant pool entry 2327	50002088
	constant pool entry 2326	500022a8
	constant pool entry 2325	500022de
	constant pool entry 2324	500020e5
	constant pool entry 2323	50002893
	constant pool entry 2322	50001c49
	constant pool entry 2321	500027e3
	constant pool entry 2320	50002242
	constant pool entry 2319	5000236e
	constant pool entry 2318	50002346
	constant pool entry 2317	500026e3
	constant pool entry 2316	500028f1
	constant pool entry 2315	50002252
	constant pool entry 2314	50001c7c
	constant pool entry 2313	5000276f
	constant pool entry 2312	500022d0
	constant pool entry 2311	50002811
	constant pool entry 2310	50001d83
	constant pool entry 2309	500020b0
	constant pool entry 2308	5000216b
	constant pool entry 2307	50001c6d
	constant pool entry 2306	50002045
	constant pool entry 2305	500029f5
	constant pool entry 2304	50002971
	constant pool entry 2303	50001e9f
	constant pool entry 2302	50002159
	constant pool entry 2301	50002877
	constant pool entry 2300	50002161
	constant pool entry 2299	50001ded
	constant pool entry 2298	50001e28
	constant pool entry 2297	50002733
	constant pool entry 2296	500021e1
	constant pool entry 2295	50002356
	constant pool entry 2294	500026c7
	constant pool entry 2293	5000237a
	constant pool entry 2292	500027cb
	constant pool entry 2291	50001db6
	constant pool entry 2290	50002155
	constant pool entry 2289	50001cba
	constant pool entry 2288	5000238e
	constant pool entry 2287	5000288b
	constant pool entry 2286	500022d6
	constant pool entry 2285	50002352
	constant pool entry 2284	5000284f
	constant pool entry 2283	500020c4
	constant pool entry 2282	500022b4
	constant pool entry 2281	50001dd2
	constant pool entry 2280	50001d62
	constant pool entry 2279	50001cec
	constant pool entry 2278	50001da5
	constant pool entry 2277	50002691
	constant pool entry 2276	50001ce0
	constant pool entry 2275	50002226
	constant pool entry 2274	5000239a
	constant pool entry 2273	50001c80
	constant pool entry 2272	5000235e
	constant pool entry 2271	5000290b
	constant pool entry 2270	50002955
	constant pool entry 2269	50001d0c
	constant pool entry 2268	5000238a
	constant pool entry 2267	5000287b
	constant pool entry 2266	5000272f
	constant pool entry 2265	50001c65
	constant pool entry 2264	50001d6b
	constant pool entry 2263	500022fe
	constant pool entry 2262	50001bb9
	constant pool entry 2261	50001c00
	constant pool entry 2260	50002141
	constant pool entry 2259	50001d4a
	constant pool entry 2258	50002815
	constant pool entry 2257	50002024
	constant pool entry 2256	500022ac
	constant pool entry 2255	50001cb6
	constant pool entry 2254	50001bd1
	constant pool entry 2253	500022da
	constant pool entry 2252	50002777
	constant pool entry 2251	50002336
	constant pool entry 2250	500021af
	constant pool entry 2249	5000208c
	constant pool entry 2248	500026f3
	constant pool entry 2247	5000271f
	constant pool entry 2246	500022c2
	constant pool entry 2245	500020f7
	constant pool entry 2244	50001e8b
	constant pool entry 2243	500028d5
	constant pool entry 2242	5000281d
	constant pool entry 2241	500026ff
	constant pool entry 2240	5000222a
	constant pool entry 2239	50002107
	constant pool entry 2238	5000202f
	constant pool entry 2237	50001cd7
	constant pool entry 2236	5000230a
	constant pool entry 2235	50002933
	constant pool entry 2234	50001ef3
	constant pool entry 2233	50002785
	constant pool entry 2232	500028f5
	constant pool entry 2231	50002927
	constant pool entry 2230	50002a0d
	constant pool entry 2229	50002897
	constant pool entry 2228	50002294
	constant pool entry 2227	5000217b
	constant pool entry 2226	50001c24
	constant pool entry 2225	500029f1
	constant pool entry 2224	5000270b
	constant pool entry 2223	50001c51
	constant pool entry 2222	50001fb5
	constant pool entry 2221	50001cf8
	constant pool entry 2220	50002a11
	constant pool entry 2219	5000271b
	constant pool entry 2218	500020bd
	constant pool entry 2217	50002372
	constant pool entry 2216	5000273f
	constant pool entry 2215	5000275b
	constant pool entry 2214	5000285b
	constant pool entry 2213	500026d3
	constant pool entry 2212	50002707
	constant pool entry 2211	50002965
	constant pool entry 2210	5000274b
	constant pool entry 2209	5000225c
	constant pool entry 2208	50001d5e
	constant pool entry 2207	50002211
	constant pool entry 2206	500027ff
	constant pool entry 2205	50001e7a
	constant pool entry 2204	50002781
	constant pool entry 2203	500026c3
	constant pool entry 2202	50002316
	constant pool entry 2201	5000294d
	constant pool entry 2200	500028fd
	constant pool entry 2199	50001ed0
	constant pool entry 2198	500023a6
	constant pool entry 2197	500026f7
	constant pool entry 2196	500029d9
	constant pool entry 2195	500027eb
	constant pool entry 2194	50001ff7
	constant pool entry 2193	50002791
	constant pool entry 2192	50002a05
	constant pool entry 2191	500028c9
	constant pool entry 2190	5000286b
	constant pool entry 2189	500021bf
	constant pool entry 2188	500022fa
	constant pool entry 2187	50002819
	constant pool entry 2186	5000278d
	constant pool entry 2185	500026bb
	constant pool entry 2184	500021d0
	constant pool entry 2183	500028c1
	constant pool entry 2182	500023aa
	constant pool entry 2181	50002727
	constant pool entry 2180	5000205e
	constant pool entry 2179	5000231a
	constant pool entry 2178	50002028
	constant pool entry 2177	50001dce
	constant pool entry 2176	50001da1
	constant pool entry 2175	5000274f
	constant pool entry 2174	5000228c
	constant pool entry 2173	50001cc8
	constant pool entry 2172	500027a5
	constant pool entry 2171	50002120
	constant pool entry 2170	50001d25
	constant pool entry 2169	50002623
	constant pool entry 2168	50002717
	constant pool entry 2167	5000296d
	constant pool entry 2166	50001e32
	constant pool entry 2165	500027b9
	constant pool entry 2164	500021a4
	constant pool entry 2163	500028e5
	constant pool entry 2162	500027c7
	constant pool entry 2161	5000299b
	constant pool entry 2160	5000210b
	constant pool entry 2159	500028a3
	constant pool entry 2158	50001dfa
	constant pool entry 2157	50001c5d
	constant pool entry 2156	500026ef
	constant pool entry 2155	50002961
	constant pool entry 2154	50002857
	constant pool entry 2153	50002003
	constant pool entry 2152	500029b5
	constant pool entry 2151	50002695
	constant pool entry 2150	500027cf
	constant pool entry 2149	5000231e
	constant pool entry 2148	50002279
	constant pool entry 2147	50001eb3
	constant pool entry 2146	5000229c
	constant pool entry 2145	50002103
	constant pool entry 2144	500029dd
	constant pool entry 2143	50001b91
	constant pool entry 2142	500027db
	constant pool entry 2141	50002033
	constant pool entry 2140	50002073
	constant pool entry 2139	50001df5
	constant pool entry 2138	50002945
	constant pool entry 2137	50002298
	constant pool entry 2136	500022a4
	constant pool entry 2135	50002222
	constant pool entry 2134	5000223a
	constant pool entry 2133	50001b7e
	constant pool entry 2132	500029eb
	constant pool entry 2131	50001e6d
	constant pool entry 2130	50002959
	constant pool entry 2129	50002191
	constant pool entry 2128	50002969
	constant pool entry 2127	50002397
	constant pool entry 2126	500020f4
	constant pool entry 2125	500027e0
	constant pool entry 2124	500029ba
	constant pool entry 2123	50001c62
	constant pool entry 2122	50001e1d
	constant pool entry 2121	500022a1
	constant pool entry 2120	50002864
	constant pool entry 2119	50001d3b
	constant pool entry 2118	500028e2
	constant pool entry 2117	50002894
	constant pool entry 2116	50001c4a
	constant pool entry 2115	50002243
	constant pool entry 2114	50002347
	constant pool entry 2113	500028f2
	constant pool entry 2112	500026e4
	constant pool entry 2111	50001d11
	constant pool entry 2110	50002387
	constant pool entry 2109	500027d0
	constant pool entry 2108	50002012
	constant pool entry 2107	5000227e
	constant pool entry 2106	50002156
	constant pool entry 2105	50002704
	constant pool entry 2104	5000239b
	constant pool entry 2103	50002025
	constant pool entry 2102	500026f0
	constant pool entry 2101	500021aa
	constant pool entry 2100	50002836
	constant pool entry 2099	50002327
	constant pool entry 2098	500026e0
	constant pool entry 2097	5000207e
	constant pool entry 2096	50001f07
	constant pool entry 2095	500023af
	constant pool entry 2094	500021c8
	constant pool entry 2093	50001c34
	constant pool entry 2092	50002986
	constant pool entry 2091	50001d19
	constant pool entry 2090	50001eef
	constant pool entry 2089	5000222f
	constant pool entry 2088	500023a3
	constant pool entry 2087	50002168
	constant pool entry 2086	50001bb2
	constant pool entry 2085	50001d22
	constant pool entry 2084	50002383
	constant pool entry 2083	50002337
	constant pool entry 2082	50002902
	constant pool entry 2081	50001d1d
	constant pool entry 2080	500021eb
	constant pool entry 2079	500021db
	constant pool entry 2078	50001e9a
	constant pool entry 2077	500027c5
	constant pool entry 2076	50001e21
	constant pool entry 2075	5000223f
	constant pool entry 2074	500028fa
	constant pool entry 2073	5000237b
	constant pool entry 2072	50002051
	constant pool entry 2071	50001dd3
	constant pool entry 2070	50002299
	constant pool entry 2069	50001da6
	constant pool entry 2068	50002692
	constant pool entry 2067	500028ac
	constant pool entry 2066	5000261c
	constant pool entry 2065	50002700
	constant pool entry 2064	50001ce1
	constant pool entry 2063	5000277f
	constant pool entry 2062	500022e7
	constant pool entry 2061	500026b4
	constant pool entry 2060	50001bba
	constant pool entry 2059	50002858
	constant pool entry 2058	50001c30
	constant pool entry 2057	500029de
	constant pool entry 2056	50002074
	constant pool entry 2055	5000279a
	constant pool entry 2054	50002142
	constant pool entry 2053	50001d4b
	constant pool entry 2052	50002227
	constant pool entry 2051	50001fd9
	constant pool entry 2050	500022ef
	constant pool entry 2049	500027a2
	constant pool entry 2048	500022c7
	constant pool entry 2047	50001e25
	constant pool entry 2046	500028de
	constant pool entry 2045	50001eb9
	constant pool entry 2044	50002956
	constant pool entry 2043	50002008
	constant pool entry 2042	500027b2
	constant pool entry 2041	50002842
	constant pool entry 2040	5000224b
	constant pool entry 2039	5000211d
	constant pool entry 2038	50001bfd
	constant pool entry 2037	50001bca
	constant pool entry 2036	5000297e
	constant pool entry 2035	500027fc
	constant pool entry 2034	500028a8
	constant pool entry 2033	500028b7
	constant pool entry 2032	5000234b
	constant pool entry 2031	50002247
	constant pool entry 2030	50002303
	constant pool entry 2029	50001d05
	constant pool entry 2028	50001b9b
	constant pool entry 2027	50002854
	constant pool entry 2026	50001e94
	constant pool entry 2025	50001dbb
	constant pool entry 2024	500022f7
	constant pool entry 2023	50001c9f
	constant pool entry 2022	50001f3f
	constant pool entry 2021	50001d15
	constant pool entry 2020	500028ce
	constant pool entry 2019	50001d9a
	constant pool entry 2018	50001cf5
	constant pool entry 2017	50001de6
	constant pool entry 2016	50002114
	constant pool entry 2015	5000214a
	constant pool entry 2014	50002272
	constant pool entry 2013	50002868
	constant pool entry 2012	5000284c
	constant pool entry 2011	50002890
	constant pool entry 2010	50001eaf
	constant pool entry 2009	50002796
	constant pool entry 2008	5000235b
	constant pool entry 2007	50001d7a
	constant pool entry 2006	500029cc
	constant pool entry 2005	50002152
	constant pool entry 2004	5000221a
	constant pool entry 2003	50001bf3
	constant pool entry 2002	500021fe
	constant pool entry 2001	50001cbf
	constant pool entry 2000	5000209e
	constant pool entry 1999	50002826
	constant pool entry 1998	50001c0d
	constant pool entry 1997	500021b4
	constant pool entry 1996	50002620
	constant pool entry 1995	50001c77
	constant pool entry 1994	50002082
	constant pool entry 1993	500027be
	constant pool entry 1992	500026fc
	constant pool entry 1991	5000232f
	constant pool entry 1990	50002995
	constant pool entry 1989	50002333
	constant pool entry 1988	50001ee7
	constant pool entry 1987	50002a2c
	constant pool entry 1986	5000213d
	constant pool entry 1985	50002714
	constant pool entry 1984	5000268e
	constant pool entry 1983	50002089
	constant pool entry 1982	50002196
	constant pool entry 1981	500029c9
	constant pool entry 1980	50001f15
	constant pool entry 1979	5000236f
	constant pool entry 1978	500027e4
	constant pool entry 1977	50002253
	constant pool entry 1976	5000283a
	constant pool entry 1975	50001c01
	constant pool entry 1974	500029fa
	constant pool entry 1973	5000293e
	constant pool entry 1972	5000206c
	constant pool entry 1971	500027f8
	constant pool entry 1970	500020b1
	constant pool entry 1969	500028da
	constant pool entry 1968	50002021
	constant pool entry 1967	500021cc
	constant pool entry 1966	500022bd
	constant pool entry 1965	50002046
	constant pool entry 1964	50002343
	constant pool entry 1963	50002070
	constant pool entry 1962	5000272c
	constant pool entry 1961	50001c4e
	constant pool entry 1960	50001c72
	constant pool entry 1959	50002a1a
	constant pool entry 1958	50001c5a
	constant pool entry 1957	500022f3
	constant pool entry 1956	500026a4
	constant pool entry 1955	5000208d
	constant pool entry 1954	50001db7
	constant pool entry 1953	500020c5
	constant pool entry 1952	500021f8
	constant pool entry 1951	50001d88
	constant pool entry 1950	50002131
	constant pool entry 1949	5000280b
	constant pool entry 1948	50002816
	constant pool entry 1947	50002a25
	constant pool entry 1946	50002778
	constant pool entry 1945	500021b0
	constant pool entry 1944	500020be
	constant pool entry 1943	50001d9e
	constant pool entry 1942	50002216
	constant pool entry 1941	5000295e
	constant pool entry 1940	5000296a
	constant pool entry 1939	500021a1
	constant pool entry 1938	50002367
	constant pool entry 1937	50002905
	constant pool entry 1936	50002108
	constant pool entry 1935	50002030
	constant pool entry 1934	50002942
	constant pool entry 1933	500027e8
	constant pool entry 1932	50001efa
	constant pool entry 1931	50002928
	constant pool entry 1930	500029a4
	constant pool entry 1929	50001cf9
	constant pool entry 1928	50002393
	constant pool entry 1927	50001e5b
	constant pool entry 1926	500028b4
	constant pool entry 1925	50002832
	constant pool entry 1924	50001d34
	constant pool entry 1923	50001d53
	constant pool entry 1922	50001d84
	constant pool entry 1921	500022d7
	constant pool entry 1920	500022b5
	constant pool entry 1919	500022c3
	constant pool entry 1918	500026d4
	constant pool entry 1917	500026f8
	constant pool entry 1916	500027ec
	constant pool entry 1915	50002104
	constant pool entry 1914	50001e6f
	constant pool entry 1913	50002165
	constant pool entry 1912	500020ff
	constant pool entry 1911	50001cbb
	constant pool entry 1910	5000207b
	constant pool entry 1909	50002317
	constant pool entry 1908	500022a5
	constant pool entry 1907	50002a1e
	constant pool entry 1906	50001dde
	constant pool entry 1905	50002792
	constant pool entry 1904	50002a06
	constant pool entry 1903	500028ca
	constant pool entry 1902	50002920
	constant pool entry 1901	5000230b
	constant pool entry 1900	500020ad
	constant pool entry 1899	5000294a
	constant pool entry 1898	50002019
	constant pool entry 1897	5000286c
	constant pool entry 1896	50002754
	constant pool entry 1895	50002888
	constant pool entry 1894	50002202
	constant pool entry 1893	500021c0
	constant pool entry 1892	500022fb
	constant pool entry 1891	500023ab
	constant pool entry 1890	500021d1
	constant pool entry 1889	500028c2
	constant pool entry 1888	500029f2
	constant pool entry 1887	5000282a
	constant pool entry 1886	50002962
	constant pool entry 1885	50002121
	constant pool entry 1884	500029b6
	constant pool entry 1883	50002004
	constant pool entry 1882	50001cc5
	constant pool entry 1881	500026dc
	constant pool entry 1880	5000203a
	constant pool entry 1879	500026e8
	constant pool entry 1878	500028be
	constant pool entry 1877	50002696
	constant pool entry 1876	50001bdc
	constant pool entry 1875	50002870
	constant pool entry 1874	50001dff
	constant pool entry 1873	50002918
	constant pool entry 1872	50001df7
	constant pool entry 1871	50002946
	constant pool entry 1870	500026d8
	constant pool entry 1869	500028a0
	constant pool entry 1868	500027aa
	constant pool entry 1867	50002209
	constant pool entry 1866	500026c8
	constant pool entry 1865	50002125
	constant pool entry 1864	500029e2
	constant pool entry 1863	500026a8
	constant pool entry 1862	5000212d
	constant pool entry 1861	5000276c
	constant pool entry 1860	50001c09
	constant pool entry 1859	500029d7
	constant pool entry 1858	500029ef
	constant pool entry 1857	50001e88
	constant pool entry 1856	50001df2
	constant pool entry 1855	50001fca
	constant pool entry 1854	50001dea
	constant pool entry 1853	50001bb6
	constant pool entry 1852	50001ed9
	constant pool entry 1851	500028ea
	constant pool entry 1850	50002377
	constant pool entry 1849	50002804
	constant pool entry 1848	5000269a
	constant pool entry 1847	5000279e
	constant pool entry 1846	50001b85
	constant pool entry 1845	5000283e
	constant pool entry 1844	50002178
	constant pool entry 1843	50001bac
	constant pool entry 1842	50002313
	constant pool entry 1841	500020ba
	constant pool entry 1840	50002860
	constant pool entry 1839	50002a22
	constant pool entry 1838	5000289c
	constant pool entry 1837	5000230f
	constant pool entry 1836	500028d2
	constant pool entry 1835	5000224f
	constant pool entry 1834	50002135
	constant pool entry 1833	500026ec
	constant pool entry 1832	500022b1
	constant pool entry 1831	50001c05
	constant pool entry 1830	500027f4
	constant pool entry 1829	50001d80
	constant pool entry 1828	50001c2b
	constant pool entry 1827	5000274c
	constant pool entry 1826	50001d92
	constant pool entry 1825	50001d68
	constant pool entry 1824	50002808
	constant pool entry 1823	5000282e
	constant pool entry 1822	500029d0
	constant pool entry 1821	50001c5e
	constant pool entry 1820	50002874
	constant pool entry 1819	50001dfb
	constant pool entry 1818	50001dae
	constant pool entry 1817	50002748
	constant pool entry 1816	50002982
	constant pool entry 1815	50002992
	constant pool entry 1814	500029c6
	constant pool entry 1813	50001bce
	constant pool entry 1812	50002740
	constant pool entry 1811	50001d5f
	constant pool entry 1810	50001ccd
	constant pool entry 1809	50002042
	constant pool entry 1808	500022a9
	constant pool entry 1807	500022df
	constant pool entry 1806	500020e7
	constant pool entry 1805	500029e8
	constant pool entry 1804	50001c7d
	constant pool entry 1803	50001dc1
	constant pool entry 1802	500022d1
	constant pool entry 1801	50002812
	constant pool entry 1800	50001e82
	constant pool entry 1799	500027d8
	constant pool entry 1798	50002323
	constant pool entry 1797	50002770
	constant pool entry 1796	50001c6e
	constant pool entry 1795	50001ba8
	constant pool entry 1794	500027c2
	constant pool entry 1793	500029f6
	constant pool entry 1792	5000292c
	constant pool entry 1791	50002162
	constant pool entry 1790	50002259
	constant pool entry 1789	50001dee
	constant pool entry 1788	500027cc
	constant pool entry 1787	50002193
	constant pool entry 1786	5000238f
	constant pool entry 1785	5000288c
	constant pool entry 1784	50002850
	constant pool entry 1783	50002353
	constant pool entry 1782	5000278a
	constant pool entry 1781	5000231f
	constant pool entry 1780	50001d63
	constant pool entry 1779	50001ced
	constant pool entry 1778	5000235f
	constant pool entry 1777	500026a1
	constant pool entry 1776	50001d0d
	constant pool entry 1775	5000238b
	constant pool entry 1774	50002730
	constant pool entry 1773	5000287c
	constant pool entry 1772	500022ff
	constant pool entry 1771	500022ad
	constant pool entry 1770	50001cb7
	constant pool entry 1769	500022db
	constant pool entry 1768	5000297a
	constant pool entry 1767	5000219d
	constant pool entry 1766	5000237f
	constant pool entry 1765	50001ba0
	constant pool entry 1764	50001c96
	constant pool entry 1763	5000298e
	constant pool entry 1762	50002139
	constant pool entry 1761	50002937
	constant pool entry 1760	50001cb3
	constant pool entry 1759	50001ba4
	constant pool entry 1758	50001e37
	constant pool entry 1757	50002774
	constant pool entry 1756	50002110
	constant pool entry 1755	5000281a
	constant pool entry 1754	50001bd2
	constant pool entry 1753	500026f4
	constant pool entry 1752	50002720
	constant pool entry 1751	500029a0
	constant pool entry 1750	50002187
	constant pool entry 1749	50002710
	constant pool entry 1748	500029c2
	constant pool entry 1747	5000280e
	constant pool entry 1746	500020f8
	constant pool entry 1745	50002174
	constant pool entry 1744	500022b9
	constant pool entry 1743	5000216c
	constant pool entry 1742	500028d6
	constant pool entry 1741	5000281e
	constant pool entry 1740	500029b2
	constant pool entry 1739	50001e8c
	constant pool entry 1738	50001fc7
	constant pool entry 1737	50002256
	constant pool entry 1736	50001d37
	constant pool entry 1735	5000222b
	constant pool entry 1734	50001c6a
	constant pool entry 1733	50001bbe
	constant pool entry 1732	50001cda
	constant pool entry 1731	50002934
	constant pool entry 1730	50002786
	constant pool entry 1729	500028f6
	constant pool entry 1728	5000269e
	constant pool entry 1727	5000278e
	constant pool entry 1726	50002a0e
	constant pool entry 1725	50002976
	constant pool entry 1724	50002898
	constant pool entry 1723	50002295
	constant pool entry 1722	5000217c
	constant pool entry 1721	50001c25
	constant pool entry 1720	500021d7
	constant pool entry 1719	50001c52
	constant pool entry 1718	5000270c
	constant pool entry 1717	50001fbc
	constant pool entry 1716	50002a12
	constant pool entry 1715	5000271c
	constant pool entry 1714	50002373
	constant pool entry 1713	5000275c
	constant pool entry 1712	5000285c
	constant pool entry 1711	50002708
	constant pool entry 1710	50002966
	constant pool entry 1709	5000229d
	constant pool entry 1708	50002284
	constant pool entry 1707	5000295a
	constant pool entry 1706	500026b8
	constant pool entry 1705	5000215a
	constant pool entry 1704	50002878
	constant pool entry 1703	50002972
	constant pool entry 1702	50001ea2
	constant pool entry 1701	50002724
	constant pool entry 1700	50001d43
	constant pool entry 1699	50001d70
	constant pool entry 1698	5000225d
	constant pool entry 1697	50002212
	constant pool entry 1696	50002800
	constant pool entry 1695	5000227a
	constant pool entry 1694	50002223
	constant pool entry 1693	5000290c
	constant pool entry 1692	500029ec
	constant pool entry 1691	50001c66
	constant pool entry 1690	50001d6c
	constant pool entry 1689	5000291c
	constant pool entry 1688	50001f66
	constant pool entry 1687	500021f3
	constant pool entry 1686	5000223b
	constant pool entry 1685	50001b7f
	constant pool entry 1684	50002034
	constant pool entry 1683	50001e7b
	constant pool entry 1682	500026c4
	constant pool entry 1681	500028a4
	constant pool entry 1680	5000233f
	constant pool entry 1679	50002782
	constant pool entry 1678	500028fe
	constant pool entry 1677	500023a7
	constant pool entry 1676	50001ed2
	constant pool entry 1675	500027dc
	constant pool entry 1674	50001b92
	constant pool entry 1673	50002a0a
	constant pool entry 1672	5000218b
	constant pool entry 1671	5000294e
	constant pool entry 1670	500029da
	constant pool entry 1669	50001ff8
	constant pool entry 1668	50002734
	constant pool entry 1667	50002357
	constant pool entry 1666	50001e29
	constant pool entry 1665	500021e3
	constant pool entry 1664	500026bc
	constant pool entry 1663	50002728
	constant pool entry 1662	5000231b
	constant pool entry 1661	50002068
	constant pool entry 1660	5000202c
	constant pool entry 1659	50001dcf
	constant pool entry 1658	50001da2
	constant pool entry 1657	50002750
	constant pool entry 1656	5000228d
	constant pool entry 1655	50001cc9
	constant pool entry 1654	500027a6
	constant pool entry 1653	50001c81
	constant pool entry 1652	5000268a
	constant pool entry 1651	50002718
	constant pool entry 1650	5000296e
	constant pool entry 1649	50001e33
	constant pool entry 1648	500027ba
	constant pool entry 1647	500021a5
	constant pool entry 1646	500028e6
	constant pool entry 1645	50001d26
	constant pool entry 1644	5000210c
	constant pool entry 1643	500020a9
	constant pool entry 1642	500027c8
	constant pool entry 1641	5000236b
	constant pool entry 1640	5000299c
	constant pool entry 1639	5000221e
	constant pool entry 1638	50001d42
	constant pool entry 1637	50001d6f
	constant pool entry 1636	500026b7
	constant pool entry 1635	500029f9
	constant pool entry 1634	5000293d
	constant pool entry 1633	50001cf0
	constant pool entry 1632	5000276b
	constant pool entry 1631	500029e1
	constant pool entry 1630	50002124
	constant pool entry 1629	5000206b
	constant pool entry 1628	500022bc
	constant pool entry 1627	500021cb
	constant pool entry 1626	500029a3
	constant pool entry 1625	50001bdb
	constant pool entry 1624	5000286f
	constant pool entry 1623	50001dfe
	constant pool entry 1622	500027d7
	constant pool entry 1621	5000291f
	constant pool entry 1620	500020ac
	constant pool entry 1619	50002949
	constant pool entry 1618	50002941
	constant pool entry 1617	50002773
	constant pool entry 1616	50001ed8
	constant pool entry 1615	50001d52
	constant pool entry 1614	50002703
	constant pool entry 1613	5000233e
	constant pool entry 1612	50001dad
	constant pool entry 1611	500020a8
	constant pool entry 1610	50002753
	constant pool entry 1609	50002376
	constant pool entry 1608	50002803
	constant pool entry 1607	50002699
	constant pool entry 1606	50002887
	constant pool entry 1605	50002201
	constant pool entry 1604	500021ea
	constant pool entry 1603	50002799
	constant pool entry 1602	50002173
	constant pool entry 1601	500022b8
	constant pool entry 1600	50001b84
	constant pool entry 1599	5000283d
	constant pool entry 1598	50002177
	constant pool entry 1597	50001bab
	constant pool entry 1596	50002312
	constant pool entry 1595	500020b9
	constant pool entry 1594	5000285f
	constant pool entry 1593	50002a21
	constant pool entry 1592	5000279d
	constant pool entry 1591	500022ee
	constant pool entry 1590	5000292b
	constant pool entry 1589	50002386
	constant pool entry 1588	50001d10
	constant pool entry 1587	50002258
	constant pool entry 1586	50001c2e
	constant pool entry 1585	500027a1
	constant pool entry 1584	50002723
	constant pool entry 1583	500027f7
	constant pool entry 1582	500027e7
	constant pool entry 1581	50002a09
	constant pool entry 1580	5000218a
	constant pool entry 1579	50001dd6
	constant pool entry 1578	500028e9
	constant pool entry 1577	5000289b
	constant pool entry 1576	500028dd
	constant pool entry 1575	50001e81
	constant pool entry 1574	50001d1c
	constant pool entry 1573	500028b3
	constant pool entry 1572	500028ab
	constant pool entry 1571	50002219
	constant pool entry 1570	50001bf2
	constant pool entry 1569	500021fd
	constant pool entry 1568	50001c76
	constant pool entry 1567	50002825
	constant pool entry 1566	50001c0c
	constant pool entry 1565	500021b3
	constant pool entry 1564	5000261f
	constant pool entry 1563	50002081
	constant pool entry 1562	500020f3
	constant pool entry 1561	500026fb
	constant pool entry 1560	500023b2
	constant pool entry 1559	50002863
	constant pool entry 1558	500026df
	constant pool entry 1557	50002283
	constant pool entry 1556	50002302
	constant pool entry 1555	50001d04
	constant pool entry 1554	50001b9a
	constant pool entry 1553	5000204d
	constant pool entry 1552	5000234a
	constant pool entry 1551	50002326
	constant pool entry 1550	500021c7
	constant pool entry 1549	50001d14
	constant pool entry 1548	50002841
	constant pool entry 1547	50001dba
	constant pool entry 1546	5000297d
	constant pool entry 1545	500027b1
	constant pool entry 1544	50001e93
	constant pool entry 1543	50001bc9
	constant pool entry 1542	500028cd
	constant pool entry 1541	500027df
	constant pool entry 1540	50002007
	constant pool entry 1539	50001bfc
	constant pool entry 1538	50002853
	constant pool entry 1537	50001d87
	constant pool entry 1536	50001d99
	constant pool entry 1535	500028e1
	constant pool entry 1534	50002901
	constant pool entry 1533	50002246
	constant pool entry 1532	50001bb1
	constant pool entry 1531	5000232e
	constant pool entry 1530	50001eee
	constant pool entry 1529	50001d7d
	constant pool entry 1528	50002789
	constant pool entry 1527	500027bd
	constant pool entry 1526	500021a9
	constant pool entry 1525	50002835
	constant pool entry 1524	5000221d
	constant pool entry 1523	50002a1d
	constant pool entry 1522	50002167
	constant pool entry 1521	50001cc4
	constant pool entry 1520	500026db
	constant pool entry 1519	50002039
	constant pool entry 1518	500026e7
	constant pool entry 1517	500028bd
	constant pool entry 1516	50002979
	constant pool entry 1515	50001f18
	constant pool entry 1514	500023ae
	constant pool entry 1513	50001b9f
	constant pool entry 1512	50001cb2
	constant pool entry 1511	50001ba3
	constant pool entry 1510	5000223e
	constant pool entry 1509	50002138
	constant pool entry 1508	500022c6
	constant pool entry 1507	50001e24
	constant pool entry 1506	5000222e
	constant pool entry 1505	50001c08
	constant pool entry 1504	5000210f
	constant pool entry 1503	50001c95
	constant pool entry 1502	5000207d
	constant pool entry 1501	500023a2
	constant pool entry 1500	5000237e
	constant pool entry 1499	5000219c
	constant pool entry 1498	50001c33
	constant pool entry 1497	500021d6
	constant pool entry 1496	50001f06
	constant pool entry 1495	5000298d
	constant pool entry 1494	500020fb
	constant pool entry 1493	50002342
	constant pool entry 1492	500028d9
	constant pool entry 1491	5000201c
	constant pool entry 1490	5000206f
	constant pool entry 1489	5000272b
	constant pool entry 1488	50001c4d
	constant pool entry 1487	50001c71
	constant pool entry 1486	50002a19
	constant pool entry 1485	50001c59
	constant pool entry 1484	500022f2
	constant pool entry 1483	500026a3
	constant pool entry 1482	5000224e
	constant pool entry 1481	50002151
	constant pool entry 1480	500021f6
	constant pool entry 1479	500022b0
	constant pool entry 1478	500027c1
	constant pool entry 1477	50001ba7
	constant pool entry 1476	5000269d
	constant pool entry 1475	50001d3a
	constant pool entry 1474	50001ccc
	constant pool entry 1473	5000295d
	constant pool entry 1472	5000230e
	constant pool entry 1471	500028d1
	constant pool entry 1470	50002093
	constant pool entry 1469	50001cbe
	constant pool entry 252	50001e46
	constant pool entry 251	500026bf
	constant pool entry 250	50001bc5
	constant pool entry 249	50001fe7
	constant pool entry 248	5000214d
	constant pool entry 247	500029d3
	constant pool entry 246	50001e53
	constant pool entry 245	50002145
	constant pool entry 244	50002737
	constant pool entry 243	50002a01
	constant pool entry 242	50001fe1
	constant pool entry 241	5000277b
	constant pool entry 240	50001e2c
	constant pool entry 239	500026af
	constant pool entry 238	50001fc0
	constant pool entry 237	50001cfc
	constant pool entry 236	50001cd2
	constant pool entry 235	50002883
	constant pool entry 234	50001d29
	constant pool entry 233	5000220d
	constant pool entry 232	500021bb
	constant pool entry 231	50001db2
	constant pool entry 230	50001c55
	constant pool entry 229	5000233a
	constant pool entry 228	50002985
	constant pool entry 227	50001c1c
	constant pool entry 226	50001d95
	constant pool entry 225	5000273b
	constant pool entry 224	50001d5a
	constant pool entry 223	500028af
	constant pool entry 222	500027d3
	constant pool entry 221	500020a4
	constant pool entry 220	50002180
	constant pool entry 219	500026cf
	constant pool entry 218	5000200e
	constant pool entry 217	50001bdf
	constant pool entry 216	50001fef
	constant pool entry 215	50001fd0
	constant pool entry 214	50001ff3
	constant pool entry 213	50001c20
	constant pool entry 212	500026cb
	constant pool entry 211	5000234e
	constant pool entry 210	500027ad
	constant pool entry 209	50001d46
	constant pool entry 208	50001bd7
	constant pool entry 207	5000290f
	constant pool entry 206	50002a15
	constant pool entry 205	50002907
	constant pool entry 204	50001c10
	constant pool entry 203	500029ab
	constant pool entry 202	50001d00
	constant pool entry 201	50002923
	constant pool entry 200	50002743
	constant pool entry 199	50002236
	constant pool entry 198	5000292f
	constant pool entry 197	50001c18
	constant pool entry 196	500029bd
	constant pool entry 195	500027b5
	constant pool entry 194	500020df
	constant pool entry 193	50002989
	constant pool entry 192	500022e2
	constant pool entry 191	50002951
	constant pool entry 190	5000232a
	constant pool entry 189	50001ec2
	constant pool entry 188	5000200f
	constant pool entry 187	50002848
	constant pool entry 186	50001be0
	constant pool entry 185	50001fd1
	constant pool entry 184	50001ff4
	constant pool entry 183	50001d01
	constant pool entry 182	50001ff0
	constant pool entry 181	500022cb
	constant pool entry 180	50001c21
	constant pool entry 179	50001e47
	constant pool entry 178	50001e54
	constant pool entry 177	5000277c
	constant pool entry 176	500026cc
	constant pool entry 175	5000234f
	constant pool entry 174	50001bd8
	constant pool entry 173	500027ae
	constant pool entry 172	50002a16
	constant pool entry 171	500029ac
	constant pool entry 170	50001c11
	constant pool entry 169	50002914
	constant pool entry 168	50002910
	constant pool entry 167	50002822
	constant pool entry 166	50002908
	constant pool entry 165	50002a28
	constant pool entry 164	50001bc2
	constant pool entry 163	50002880
	constant pool entry 162	50002924
	constant pool entry 161	5000239f
	constant pool entry 160	50002930
	constant pool entry 159	50001c19
	constant pool entry 158	500029be
	constant pool entry 157	50002738
	constant pool entry 156	50002237
	constant pool entry 155	50001ea6
	constant pool entry 154	50001caf
	constant pool entry 153	500029af
	constant pool entry 152	50002146
	constant pool entry 151	500027b6
	constant pool entry 150	500022e3
	constant pool entry 149	5000298a
	constant pool entry 148	500020e0
	constant pool entry 147	50001fc4
	constant pool entry 146	50001cfd
	constant pool entry 145	50001cd3
	constant pool entry 144	50001d2a
	constant pool entry 143	50002884
	constant pool entry 142	500021bc
	constant pool entry 141	50001bef
	constant pool entry 140	50001c1d
	constant pool entry 139	5000273c
	constant pool entry 138	50001db3
	constant pool entry 137	500028b0
	constant pool entry 136	500026d0
	constant pool entry 135	500020cf
	constant pool entry 134	50002181
	constant pool entry 133	50001ca3
	constant pool entry 132	50002998
	constant pool entry 131	50002952
	constant pool entry 130	5000220e
	constant pool entry 129	5000232b
	constant pool entry 128	50001ec9
	constant pool entry 127	50001d5b
	constant pool entry 126	500022eb
	constant pool entry 125	50001e61
	constant pool entry 124	50001d47
	constant pool entry 123	500029d4
	constant pool entry 122	500021e7
	constant pool entry 121	5000233b
	constant pool entry 120	50001c56
	constant pool entry 119	500021ef
	constant pool entry 118	500029a8
	constant pool entry 117	500028c6
	constant pool entry 116	50001daa
	constant pool entry 115	50001f6d
	constant pool entry 114	50001dc5
	constant pool entry 113	50001f02
	constant pool entry 112	500027d4
	constant pool entry 111	50001de2
	constant pool entry 110	50001c15
	constant pool entry 109	50002233
	constant pool entry 108	50002768
	constant pool entry 107	50001e2d
	constant pool entry 106	50002363
	constant pool entry 105	500026b0
	constant pool entry 104	50002760
	constant pool entry 103	50001d96
	constant pool entry 102	50001fe8
	constant pool entry 101	500029e5
	constant pool entry 100	50002170
	constant pool entry 99	50002845
	constant pool entry 98	50001fcd
	constant pool entry 97	50001b8b
	constant pool entry 96	50001ca7
	constant pool entry 95	50002307
	constant pool entry 94	50002199
	constant pool entry 93	50001c46
	constant pool entry 92	500026ac
	constant pool entry 91	500028ee
	constant pool entry 90	50002744
	constant pool entry 89	50002758
	constant pool entry 88	50001d57
	constant pool entry 87	50001e77
	constant pool entry 86	50001e90
	constant pool entry 85	500020a5
	constant pool entry 84	5000215e
	constant pool entry 83	50001c42
	constant pool entry 82	50001e4f
	constant pool entry 81	50001d4f
	constant pool entry 80	50001cab
	constant pool entry 79	50002764
	constant pool entry 78	50002015
	constant pool entry 77	500027f0
	constant pool entry 76	50001dc9
	constant pool entry 75	500021c4
	constant pool entry 74	500028ba
	constant pool entry 73	500020ee
	constant pool entry 72	50001e58
	constant pool entry 71	50002a02
	constant pool entry 70	500029fe
	constant pool entry 69	5000293a
	constant pool entry 68	50001bc6
	constant pool entry 67	500026c0
	constant pool entry 66	5000214e
	constant pool entry 65	50001e3b
	constant pool entry 64	50001fe2
	constant pool entry 63	50001d09
	constant pool entry 62	50002913
	constant pool entry 61	50001e5f
	constant pool entry 60	500022ea
	constant pool entry 59	500021ee
	constant pool entry 58	50001de1
	constant pool entry 57	50001c14
	constant pool entry 56	50002232
	constant pool entry 55	50002767
	constant pool entry 54	50001bb5
	constant pool entry 53	5000216f
	constant pool entry 52	50001dc4
	constant pool entry 51	50001f01
	constant pool entry 50	50001f6c
	constant pool entry 49	500028c5
	constant pool entry 48	50001da9
	constant pool entry 47	500029a7
	constant pool entry 46	50001e8f
	constant pool entry 45	50001fcc
	constant pool entry 44	50001b8a
	constant pool entry 43	5000275f
	constant pool entry 42	50001e36
	constant pool entry 41	50002306
	constant pool entry 40	50001ca6
	constant pool entry 39	50002198
	constant pool entry 38	50001ca2
	constant pool entry 37	50001c45
	constant pool entry 36	50002997
	constant pool entry 35	50002a27
	constant pool entry 34	50002757
	constant pool entry 33	50001d56
	constant pool entry 32	50001e76
	constant pool entry 31	5000215d
	constant pool entry 30	50001c41
	constant pool entry 29	50001e4e
	constant pool entry 28	50001d4e
	constant pool entry 27	50001caa
	constant pool entry 26	50001ea5
	constant pool entry 25	50002014
	constant pool entry 24	50002763
	constant pool entry 23	50001dc8
	constant pool entry 22	500027ef
	constant pool entry 21	500021c3
	constant pool entry 20	500028b9
	constant pool entry 19	500020ed
	constant pool entry 18	50001e57
	constant pool entry 17	50002821
	constant pool entry 16	50001bc1
	constant pool entry 15	5000287f
	constant pool entry 14	50001d08
	constant pool entry 13	50001e3a
	constant pool entry 12	500029fd
	constant pool entry 11	50002939
	constant pool entry 10	50002847
	constant pool entry 9	500026ab
	constant pool entry 8	500028ed
	constant pool entry 7	500022ca
	constant pool entry 6	50002362
	constant pool entry 5	5000239e
	constant pool entry 4	500021e6
	constant pool entry 3	500020ce
	constant pool entry 2	50001cae
	constant pool entry 1	50001bee
CLS 5000018c (name=java.lang.Cloneable[], trace=300000)
	super		50000172
CLS 50000190 (name=java.util.function.Function, trace=300014)
CLS 50000191 (name=java.lang.invoke.MethodHandleImpl$2, trace=300014)
	super		50000172
	constant pool entry 26	50000172
CLS 50000193 (name=java.lang.invoke.MethodHandleImpl$3, trace=300016)
	super		50000172
	constant pool entry 22	50000172
CLS 50000195 (name=java.lang.invoke.MethodHandle[], trace=300018)
	super		50000172
CLS 50000199 (name=java.lang.ClassValue, trace=300021)
	super		50000172
	static EMPTY_CACHE	5000019d
	static nextHashCode	5000019e
	static CRITICAL_SECTION	5000019f
	constant pool entry 174	500000f7
	constant pool entry 71	50000085
	constant pool entry 69	50000172
	constant pool entry 68	500001a3
	constant pool entry 67	500001a1
	constant pool entry 66	5000019b
	constant pool entry 64	50000199
CLS 5000019a (name=java.lang.invoke.MethodHandleImpl$4, trace=300021)
	super		50000199
	constant pool entry 14	50000199
CLS 5000019b (name=java.lang.ClassValue$Entry, trace=300022)
	super		50000151
	static DEAD_ENTRY	500001a5
	constant pool entry 41	50000151
	constant pool entry 39	5000019b
	constant pool entry 38	5000016a
	constant pool entry 1	50000199
CLS 5000019c (name=java.lang.ClassValue$Entry[], trace=300023)
	super		50000172
CLS 500001a1 (name=java.lang.ClassValue$Identity, trace=300027)
	super		50000172
	constant pool entry 12	50000172
CLS 500001a3 (name=java.lang.ClassValue$Version, trace=300029)
	super		50000172
	constant pool entry 23	50000172
	constant pool entry 22	500001a3
	constant pool entry 21	5000019b
CLS 500001a7 (name=java.lang.invoke.MemberName$Factory, trace=300033)
	super		50000172
	static INSTANCE	500001a8
	constant pool entry 102	500001a7
	constant pool entry 98	50000172
	constant pool entry 93	5000016a
	constant pool entry 10	5000012d
CLS 500001a9 (name=java.lang.invoke.MethodHandleStatics, trace=300035)
	super		50000172
	static UNSAFE	50000d57
	constant pool entry 196	500000f7
	constant pool entry 97	50000120
	constant pool entry 96	500000ef
	constant pool entry 94	500001ab
	constant pool entry 93	500001a9
	constant pool entry 87	50000172
	constant pool entry 85	5000010a
	constant pool entry 81	50000111
CLS 500001aa (name=java.text.Format, trace=300680)
	super		50000172
	constant pool entry 60	500001aa
	constant pool entry 59	5000020d
	constant pool entry 55	50000122
	constant pool entry 54	50000172
CLS 500001ab (name=java.lang.invoke.MethodHandleStatics$1, trace=300037)
	super		50000172
	constant pool entry 51	500001ab
	constant pool entry 49	50000167
	constant pool entry 48	50000172
	constant pool entry 47	5000010a
	constant pool entry 46	50000111
	constant pool entry 10	500006f9
	constant pool entry 9	50002ede
	constant pool entry 8	50002edd
	constant pool entry 7	50002edc
	constant pool entry 6	50002edb
	constant pool entry 5	50002eda
	constant pool entry 4	50002ed9
	constant pool entry 3	50002ed8
	constant pool entry 2	50002ed7
	constant pool entry 1	50002ed6
CLS 500001b2 (name=sun.misc.PostVMInitHook, trace=300000)
	super		50000172
	constant pool entry 22	500001b3
	constant pool entry 21	500001b2
	constant pool entry 20	50000167
	constant pool entry 2	50002ef4
	constant pool entry 1	50002ef3
CLS 500001b3 (name=sun.usagetracker.UsageTrackerClient, trace=300042)
	super		50000172
	static LOCK	500001b4
	static ORCL_UT_CONFIG_FILE_NAME	50002f03
	static ORCL_UT_USAGE_DIR	50002ef6
	static ORCL_UT_PROPERTY_NAME	50002f16
	static ORCL_UT_PROPERTY_RUN_SYNCHRONOUSLY	50002f15
	static ORCL_UT_PROPERTY_CONFIG_FILE_NAME	50002efd
	static ORCL_UT_LOGTOFILE	50002f14
	static ORCL_UT_LOGFILEMAXSIZE	50002f13
	static ORCL_UT_LOGTOUDP	50002f12
	static ORCL_UT_RECORD_MAXSIZE	50002f11
	static ORCL_UT_RECORD_MAXFIELDSIZE	50002f10
	static ORCL_UT_SEND_TRUNCATED	50002f0f
	static ORCL_UT_TRACK_LAST_USAGE	50002f0e
	static ORCL_UT_VERBOSE	50002f0d
	static ORCL_UT_DEBUG	50002f0c
	static ORCL_UT_ADDITIONALPROPERTIES	50002f0b
	static ORCL_UT_SEPARATOR	50002f0a
	static ORCL_UT_QUOTE	50002f09
	static ORCL_UT_QUOTE_INNER	50002f08
	static DISABLE_LAST_USAGE_PROP_NAME	50002efe
	static DEFAULT_SEP	50000e3d
	static DEFAULT_QUOTE	50002f07
	static DEFAULT_QUOTE_INNER	50002f06
	static isFirstRun	500001b9
	static javaHome	50000a11
	static userHomeKeyword	50002f05
	constant pool entry 534	500000f7
	constant pool entry 323	500001c5
	constant pool entry 322	500001e2
	constant pool entry 321	500001d3
	constant pool entry 320	500001ba
	constant pool entry 319	500001b3
	constant pool entry 318	500001b5
	constant pool entry 316	500000ef
	constant pool entry 314	50000167
	constant pool entry 313	50000121
	constant pool entry 312	5000016e
	constant pool entry 310	50000172
	constant pool entry 308	50000109
	constant pool entry 302	500000ad
	constant pool entry 300	5000011b
	constant pool entry 53	50002f04
	constant pool entry 51	50002f03
	constant pool entry 48	50002f02
	constant pool entry 47	50002f01
	constant pool entry 46	50002f00
	constant pool entry 45	50002eff
	constant pool entry 43	50000e40
	constant pool entry 42	50002efe
	constant pool entry 41	50000df3
	constant pool entry 27	50002efd
	constant pool entry 25	50002efc
	constant pool entry 18	50002efb
	constant pool entry 17	50000dd1
	constant pool entry 15	50002efa
	constant pool entry 14	50002ef9
	constant pool entry 13	50002ef8
	constant pool entry 10	50002ef7
	constant pool entry 9	50002ef6
	constant pool entry 8	50002ef5
CLS 500001b5 (name=java.util.concurrent.atomic.AtomicBoolean, trace=300044)
	super		50000172
	static unsafe	50000d57
	constant pool entry 51	50000120
	constant pool entry 50	50000172
	constant pool entry 47	5000016a
	constant pool entry 2	500001b5
	constant pool entry 1	50000d56
CLS 500001ba (name=sun.usagetracker.UsageTrackerClient$1, trace=300046)
	super		50000172
	constant pool entry 27	500001ba
	constant pool entry 24	50000167
	constant pool entry 23	50000172
CLS 500001bc (name=java.util.ResourceBundle$BundleReference, trace=301004)
	super		50000152
	constant pool entry 16	500001bc
	constant pool entry 14	50000152
CLS 500001c0 (name=java.text.MessageFormat, trace=300680)
	super		500001aa
	static TYPE_KEYWORDS	500001c1
	static NUMBER_MODIFIER_KEYWORDS	500001c2
	static DATE_TIME_MODIFIER_KEYWORDS	500001ca
	static DATE_TIME_MODIFIERS	500001cb
	constant pool entry 511	500000f7
	constant pool entry 282	500001d1
	constant pool entry 281	5000002f
	constant pool entry 279	50000219
	constant pool entry 272	5000021c
	constant pool entry 271	500001c0
	constant pool entry 269	500001aa
	constant pool entry 268	5000020d
	constant pool entry 259	50000121
	constant pool entry 258	50000122
	constant pool entry 257	5000016e
	constant pool entry 254	5000010f
	constant pool entry 252	5000010a
	constant pool entry 241	50000108
	constant pool entry 31	50002d45
	constant pool entry 30	50002d44
	constant pool entry 29	50002d43
	constant pool entry 28	50002d42
	constant pool entry 25	50002d41
	constant pool entry 24	50000734
	constant pool entry 23	50002d40
	constant pool entry 22	50002a33
	constant pool entry 20	50002d3f
	constant pool entry 19	50002d3e
	constant pool entry 18	50002d3d
	constant pool entry 2	500005d6
CLS 500001c5 (name=sun.usagetracker.UsageTrackerClient$4, trace=300054)
	super		50000172
	constant pool entry 60	500001c5
	constant pool entry 59	500001b3
	constant pool entry 55	50000167
	constant pool entry 52	50000172
	constant pool entry 51	50000111
	constant pool entry 4	500006f9
	constant pool entry 3	50002f15
	constant pool entry 2	50002f2d
CLS 500001cd (name=java.text.Format[], trace=301855)
	super		50000172
CLS 500001d1 (name=java.util.Locale$Category, trace=301858)
	super		50000068
	static DISPLAY	500001d2
	static FORMAT	500001d4
	static $VALUES	500001d7
	constant pool entry 80	500000f7
	constant pool entry 45	50000068
	constant pool entry 44	500001d6
	constant pool entry 11	500001d1
	constant pool entry 10	500010d2
	constant pool entry 9	500010d1
	constant pool entry 8	500010d0
	constant pool entry 7	500010c1
	constant pool entry 6	500010c0
	constant pool entry 5	500010bf
	constant pool entry 4	500010be
	constant pool entry 3	500010bd
	constant pool entry 2	500010bc
	constant pool entry 1	500010bb
CLS 500001d3 (name=sun.usagetracker.UsageTrackerClient$2, trace=300066)
	super		50000172
	constant pool entry 27	500001d3
	constant pool entry 25	500001d5
	constant pool entry 23	50000172
CLS 500001d5 (name=jdk.internal.util.EnvUtils, trace=300068)
	super		50000172
CLS 500001d6 (name=java.util.Locale$Category[], trace=301861)
	super		50000172
CLS 500001d8 (name=java.util.Locale$1, trace=301862)
	super		50000172
	static $SwitchMap$java$util$Locale$Category	500001d9
	constant pool entry 41	500000f7
	constant pool entry 25	500001d1
	constant pool entry 24	500001d8
CLS 500001e2 (name=sun.usagetracker.UsageTrackerClient$3, trace=300077)
	super		50000172
	constant pool entry 27	500001e2
	constant pool entry 24	50000172
	constant pool entry 23	5000011b
CLS 500001f2 (name=java.lang.StringBuilder[], trace=301871)
	super		50000172
CLS 5000020d (name=java.text.FieldPosition, trace=301883)
	super		50000172
	constant pool entry 55	5000020d
	constant pool entry 53	50000172
CLS 5000020f (name=java.lang.StringCoding, trace=300113)
	super		50000172
	static decoder	50000210
	static encoder	50000211
	constant pool entry 136	50000095
	constant pool entry 129	5000008e
	constant pool entry 125	50000152
	constant pool entry 124	50000086
	constant pool entry 122	5000022a
	constant pool entry 121	50000242
	constant pool entry 119	5000020f
	constant pool entry 117	5000016e
CLS 50000212 (name=java.lang.ThreadLocal$ThreadLocalMap, trace=300116)
	super		50000172
	constant pool entry 124	500000f7
	constant pool entry 56	50000214
	constant pool entry 55	50000212
	constant pool entry 53	50000086
	constant pool entry 52	50000172
CLS 50000214 (name=java.lang.ThreadLocal$ThreadLocalMap$Entry, trace=300118)
	super		50000151
	constant pool entry 17	50000151
	constant pool entry 16	50000214
CLS 50000215 (name=java.lang.ThreadLocal$ThreadLocalMap$Entry[], trace=300119)
	super		50000172
CLS 50000219 (name=java.util.Date, trace=301886)
	super		50000172
CLS 5000021a (name=java.text.AttributedCharacterIterator$Attribute, trace=301887)
	super		50000172
	static instanceMap	5000021d
	static LANGUAGE	5000021e
	static READING	50000229
	static INPUT_METHOD_SEGMENT	50000231
	constant pool entry 72	50000147
	constant pool entry 71	500000c6
	constant pool entry 67	50000172
	constant pool entry 8	5000021a
	constant pool entry 5	50002d53
	constant pool entry 4	50000f0d
	constant pool entry 3	50002d52
CLS 5000021b (name=java.text.Format$Field, trace=301887)
	super		5000021a
	constant pool entry 19	5000021a
CLS 5000021c (name=java.text.MessageFormat$Field, trace=301887)
	super		5000021b
	static ARGUMENT	50000234
	constant pool entry 35	5000021b
	constant pool entry 3	5000021c
	constant pool entry 1	50002d50
CLS 5000021f (name=sun.nio.cs.Unicode, trace=300128)
	super		5000008e
	constant pool entry 111	5000008e
CLS 50000220 (name=sun.nio.cs.UTF_8, trace=300128)
	super		5000021f
	constant pool entry 35	5000021f
	constant pool entry 34	5000022c
	constant pool entry 33	5000027f
	constant pool entry 31	50000220
	constant pool entry 30	5000008b
	constant pool entry 29	50000112
	constant pool entry 2	50001219
	constant pool entry 1	50000dd1
CLS 5000022a (name=java.lang.StringCoding$StringEncoder, trace=300137)
	super		50000172
	constant pool entry 146	500000f7
	constant pool entry 73	5000007a
	constant pool entry 72	50000077
	constant pool entry 70	50000079
	constant pool entry 69	5000008e
	constant pool entry 65	5000022a
	constant pool entry 63	5000020f
	constant pool entry 61	50000172
	constant pool entry 59	5000016a
CLS 5000022c (name=sun.nio.cs.UTF_8$Encoder, trace=300139)
	super		50000079
	constant pool entry 79	5000022c
	constant pool entry 71	50000079
	constant pool entry 68	500000be
CLS 50000233 (name=java.io.FileOutputStream$1, trace=300146)
	super		50000172
	constant pool entry 21	50000172
	constant pool entry 19	50000233
	constant pool entry 18	500000ad
CLS 50000236 (name=sun.launcher.LauncherHelper, trace=300000)
	super		50000068
	static INSTANCE	50000237
	static MAIN_CLASS	50001847
	static outBuf	5000023a
	static INDENT	50002f44
	static VM_SETTINGS	50002f43
	static PROP_SETTINGS	50002f42
	static LOCALE_SETTINGS	50002f41
	static diagprop	500008d9
	static defaultBundleName	50002f40
	static ostream	5000060d
	static scloader	500003d7
	static appClass	50000854
	static encprop	50002f3f
	static encoding	50000996
	static $VALUES	50000239
	constant pool entry 698	500000f7
	constant pool entry 402	500000c1
	constant pool entry 378	5000008e
	constant pool entry 377	50000099
	constant pool entry 376	5000013e
	constant pool entry 375	5000086b
	constant pool entry 372	50000167
	constant pool entry 371	50000121
	constant pool entry 370	5000016e
	constant pool entry 368	50000172
	constant pool entry 362	50000068
	constant pool entry 360	50000168
	constant pool entry 359	5000016a
	constant pool entry 71	50000855
	constant pool entry 70	50000236
	constant pool entry 69	500000c8
	constant pool entry 67	50002f3f
	constant pool entry 66	500008d9
	constant pool entry 60	50002f3e
	constant pool entry 26	50002f3d
CLS 50000238 (name=sun.launcher.LauncherHelper[], trace=300149)
	super		50000172
CLS 50000242 (name=java.lang.StringCoding$StringDecoder, trace=300153)
	super		50000172
	constant pool entry 146	500000f7
	constant pool entry 74	50000083
	constant pool entry 73	50000039
	constant pool entry 72	50000077
	constant pool entry 70	50000038
	constant pool entry 69	5000008e
	constant pool entry 65	50000242
	constant pool entry 63	5000020f
	constant pool entry 61	50000172
	constant pool entry 59	5000016a
CLS 5000024d (name=java.net.URLClassLoader$1, trace=300161)
	super		50000172
	constant pool entry 46	50000004
	constant pool entry 43	5000024d
	constant pool entry 42	5000011a
	constant pool entry 41	5000016e
	constant pool entry 40	50000172
	constant pool entry 1	500018a4
CLS 50000253 (name=sun.net.util.URLUtil, trace=300167)
	super		50000172
	constant pool entry 59	50000119
	constant pool entry 58	50000121
	constant pool entry 57	5000016e
	constant pool entry 3	5000189c
CLS 50000254 (name=java.util.ResourceBundle$Control$1, trace=301018)
	super		50000172
	constant pool entry 48	50000254
	constant pool entry 42	50000172
	constant pool entry 40	50000168
CLS 50000256 (name=java.net.URLClassLoader$2, trace=301020)
	super		50000172
	constant pool entry 26	50000004
	constant pool entry 24	50000256
	constant pool entry 23	5000011a
	constant pool entry 22	50000172
CLS 50000259 (name=sun.misc.URLClassPath$3, trace=300172)
	super		50000172
	constant pool entry 50	5000025c
	constant pool entry 48	50000259
	constant pool entry 47	50000004
	constant pool entry 45	50000119
	constant pool entry 44	5000016e
	constant pool entry 43	50000172
	constant pool entry 1	50000d9a
CLS 5000025b (name=sun.misc.URLClassPath$Loader, trace=300174)
	super		50000172
	constant pool entry 66	5000025b
	constant pool entry 56	50000172
CLS 5000025c (name=sun.misc.URLClassPath$JarLoader, trace=300174)
	super		5000025b
	static zipAccess	50000261
	constant pool entry 215	50000012
	constant pool entry 213	5000025b
	constant pool entry 211	50000589
	constant pool entry 210	50000478
	constant pool entry 209	5000025c
	constant pool entry 207	500000cc
	constant pool entry 205	50000040
	constant pool entry 203	50000490
	constant pool entry 200	5000047a
	constant pool entry 199	50000521
	constant pool entry 196	5000048f
	constant pool entry 186	5000217d
	constant pool entry 185	500000ef
	constant pool entry 180	50000119
	constant pool entry 177	50000167
	constant pool entry 176	50000121
	constant pool entry 175	5000016e
	constant pool entry 173	500009c1
	constant pool entry 172	500009c2
	constant pool entry 171	5000011b
	constant pool entry 8	50000dff
	constant pool entry 7	50000d9c
	constant pool entry 2	5000189e
	constant pool entry 1	500005d6
CLS 5000025d (name=java.util.zip.ZipConstants, trace=300175)
CLS 5000025e (name=java.util.zip.ZipFile, trace=300175)
	super		50000172
	constant pool entry 265	500000c1
	constant pool entry 264	500000cc
	constant pool entry 263	500004fb
	constant pool entry 262	5000055e
	constant pool entry 259	50000260
	constant pool entry 258	5000025e
	constant pool entry 256	50000552
	constant pool entry 254	500004f9
	constant pool entry 251	5000009b
	constant pool entry 247	50000147
	constant pool entry 243	500004f6
	constant pool entry 242	5000049b
	constant pool entry 239	50000167
	constant pool entry 235	50000172
	constant pool entry 228	5000011b
	constant pool entry 13	50001172
	constant pool entry 11	500008dd
	constant pool entry 9	50001171
	constant pool entry 4	50001170
	constant pool entry 3	5000116f
CLS 5000025f (name=sun.misc.JavaUtilZipFileAccess, trace=300176)
CLS 50000260 (name=java.util.zip.ZipFile$1, trace=300176)
	super		50000172
	constant pool entry 14	50000172
CLS 50000275 (name=sun.nio.cs.ThreadLocalCoders, trace=300195)
	super		50000172
	static decoderCache	50000278
	static encoderCache	5000027b
	constant pool entry 33	50000276
	constant pool entry 32	5000027a
	constant pool entry 31	50000277
	constant pool entry 30	50000275
	constant pool entry 28	50000038
CLS 50000276 (name=sun.nio.cs.ThreadLocalCoders$Cache, trace=300196)
	super		50000172
	constant pool entry 56	500000f7
	constant pool entry 30	50000276
	constant pool entry 28	50000086
	constant pool entry 27	50000172
	constant pool entry 26	50000108
CLS 50000277 (name=sun.nio.cs.ThreadLocalCoders$1, trace=300196)
	super		50000276
	constant pool entry 40	50000276
	constant pool entry 39	50000277
	constant pool entry 38	50000038
	constant pool entry 37	5000008e
	constant pool entry 36	5000016e
	constant pool entry 35	5000016a
	constant pool entry 1	50000275
CLS 5000027a (name=sun.nio.cs.ThreadLocalCoders$2, trace=300199)
	super		50000276
	constant pool entry 40	50000276
	constant pool entry 39	5000027a
	constant pool entry 35	5000016a
	constant pool entry 1	50000275
CLS 5000027f (name=sun.nio.cs.UTF_8$Decoder, trace=300203)
	super		50000038
	constant pool entry 98	5000027f
	constant pool entry 94	50000034
	constant pool entry 93	50000038
	constant pool entry 92	50000036
	constant pool entry 91	50000076
	constant pool entry 88	500000be
	constant pool entry 87	5000016a
	constant pool entry 3	50000220
CLS 500002f3 (name=com.sun.tools.javac.code.Source[], trace=301905)
	super		50000172
	loader		500003d7
CLS 50000315 (name=com.sun.tools.javac.jvm.Target[], trace=301917)
	super		50000172
	loader		500003d7
CLS 50000375 (name=com.sun.tools.javac.util.AbstractDiagnosticFormatter, trace=300673)
	super		50000172
	loader		500003d7
	domain		50000841
	constant pool entry 206	50000172
	constant pool entry 201	50001ac3
	constant pool entry 193	500004e2
	constant pool entry 192	50000375
CLS 50000376 (name=com.sun.tools.javac.util.BasicDiagnosticFormatter, trace=300673)
	super		50000375
	loader		500003d7
	domain		50000841
	constant pool entry 117	50000905
	constant pool entry 113	50000375
CLS 500003af (name=com.sun.tools.javac.main.Main$Result, trace=300673)
	super		50000068
	loader		500003d7
	domain		50000841
	static OK	500003b0
	static ERROR	500003b1
	static CMDERR	500003b2
	static SYSERR	500003b3
	static ABNORMAL	500003b4
	static $VALUES	500003b6
	constant pool entry 70	500000f7
	constant pool entry 38	50000068
	constant pool entry 6	500003af
	constant pool entry 5	50001a4b
	constant pool entry 4	50001a4a
	constant pool entry 3	50001a49
	constant pool entry 2	50001a48
	constant pool entry 1	50001a47
CLS 500003b5 (name=com.sun.tools.javac.main.Main$Result[], trace=301928)
	super		50000172
	loader		500003d7
CLS 500003b7 (name=java.lang.Shutdown, trace=301929)
	super		50000172
	static hooks	500003bb
	static lock	500003c0
	static haltLock	500003c1
	constant pool entry 115	500000f7
	constant pool entry 66	500003bd
	constant pool entry 64	5000014b
	constant pool entry 4	500003b7
CLS 500003bd (name=java.lang.Shutdown$Lock, trace=301931)
	super		50000172
	constant pool entry 14	500003bd
	constant pool entry 11	50000172
CLS 500003c2 (name=java.lang.AbstractStringBuilder[], trace=300000)
	super		50000172
CLS 500003c3 (name=java.lang.Appendable[], trace=300000)
	super		50000172
CLS 50000423 (name=com.sun.tools.javac.code.Type$Visitor, trace=300673)
	loader		500003d7
	domain		50000841
CLS 50000477 (name=com.sun.tools.javac.code.Symbol$Visitor, trace=300673)
	loader		500003d7
	domain		50000841
CLS 50000478 (name=sun.misc.URLClassPath$JarLoader$1, trace=300225)
	super		50000172
	constant pool entry 73	50000478
	constant pool entry 72	5000025c
	constant pool entry 71	50000004
	constant pool entry 70	50000519
	constant pool entry 62	50000172
CLS 50000479 (name=com.sun.tools.javac.code.Printer, trace=300673)
	super		50000172
	loader		500003d7
	domain		50000841
	constant pool entry 200	50000172
	constant pool entry 195	50001ac3
	constant pool entry 170	50000479
CLS 5000047a (name=sun.misc.FileURLMapper, trace=300227)
	super		50000172
	constant pool entry 45	50000012
	constant pool entry 44	5000047a
	constant pool entry 43	50000119
	constant pool entry 41	5000016e
	constant pool entry 40	50000172
	constant pool entry 39	5000011b
	constant pool entry 1	500005d6
CLS 5000048f (name=java.util.jar.JarFile, trace=300241)
	super		5000025e
	static MANIFEST_NAME	50000def
	static CLASSPATH_CHARS	50000493
	static CLASSPATH_LASTOCC	50000494
	static CLASSPATH_OPTOSFT	50000495
	static javaHome	50000a11
	static jarNames	50000523
	constant pool entry 451	500000f7
	constant pool entry 221	500005f0
	constant pool entry 220	50000788
	constant pool entry 218	50000084
	constant pool entry 217	500000cc
	constant pool entry 216	50000562
	constant pool entry 215	5000025e
	constant pool entry 214	50000552
	constant pool entry 212	50000118
	constant pool entry 211	50000491
	constant pool entry 209	500005c7
	constant pool entry 208	50000559
	constant pool entry 203	5000048f
	constant pool entry 201	50000558
	constant pool entry 199	5000002f
	constant pool entry 195	500000ef
	constant pool entry 194	50000152
	constant pool entry 192	50000121
	constant pool entry 191	5000016e
	constant pool entry 189	500000be
	constant pool entry 188	5000011d
	constant pool entry 186	5000011b
	constant pool entry 185	5000011c
	constant pool entry 21	50000dfb
	constant pool entry 20	50000dfa
	constant pool entry 19	50000df9
	constant pool entry 18	50000df8
	constant pool entry 17	50000df7
	constant pool entry 15	50000df6
	constant pool entry 14	50000df5
	constant pool entry 13	50000df4
	constant pool entry 12	50000df3
	constant pool entry 9	50000df2
	constant pool entry 7	50000df1
	constant pool entry 6	50000df0
	constant pool entry 5	50000def
	constant pool entry 4	500005e2
	constant pool entry 3	500005db
	constant pool entry 2	500005e1
	constant pool entry 1	500005da
CLS 50000490 (name=sun.misc.JavaUtilJarAccess, trace=300242)
CLS 50000491 (name=java.util.jar.JavaUtilJarAccessImpl, trace=300242)
	super		50000172
	constant pool entry 25	5000048f
	constant pool entry 24	50000172
CLS 5000049b (name=java.nio.charset.StandardCharsets, trace=300248)
	super		50000172
	static US_ASCII	500004a0
	static ISO_8859_1	500004b2
	static UTF_8	50000228
	static UTF_16BE	500004c8
	static UTF_16LE	500004da
	static UTF_16	500004ec
	constant pool entry 35	5000049b
	constant pool entry 34	5000008e
	constant pool entry 7	50000dd1
	constant pool entry 6	50001199
	constant pool entry 5	50001198
	constant pool entry 4	50001197
	constant pool entry 3	50001196
	constant pool entry 1	50001195
CLS 5000049f (name=sun.nio.cs.US_ASCII, trace=300249)
	super		5000008e
	constant pool entry 27	5000008b
	constant pool entry 25	5000008e
	constant pool entry 2	50001196
CLS 500004aa (name=sun.nio.cs.ISO_8859_1, trace=300128)
	super		5000008e
	constant pool entry 33	5000008b
	constant pool entry 27	5000008e
	constant pool entry 1	50001195
CLS 500004c0 (name=sun.nio.cs.UTF_16BE, trace=300128)
	super		5000021f
	constant pool entry 26	5000021f
	constant pool entry 22	5000008b
	constant pool entry 1	50001198
CLS 500004d2 (name=sun.nio.cs.UTF_16LE, trace=300128)
	super		5000021f
	constant pool entry 26	5000021f
	constant pool entry 22	5000008b
	constant pool entry 1	50001199
CLS 500004e2 (name=com.sun.tools.javac.util.AbstractDiagnosticFormatter$1, trace=300673)
	super		50000479
	loader		500003d7
	domain		50000841
	constant pool entry 33	500004e2
	constant pool entry 29	50000479
CLS 500004e4 (name=sun.nio.cs.UTF_16, trace=300128)
	super		5000021f
	constant pool entry 24	5000021f
	constant pool entry 20	5000008b
	constant pool entry 1	50001197
CLS 500004f4 (name=java.util.Queue, trace=300261)
CLS 500004f5 (name=java.util.Deque, trace=300261)
CLS 500004f6 (name=java.util.ArrayDeque, trace=300261)
	super		500000e5
	constant pool entry 267	500000f7
	constant pool entry 137	500000e5
	constant pool entry 134	50000172
	constant pool entry 128	5000016a
	constant pool entry 3	500004f6
CLS 500004f9 (name=java.util.zip.ZipCoder, trace=300264)
	super		50000172
	constant pool entry 195	500000f7
	constant pool entry 86	5000007a
	constant pool entry 85	50000039
	constant pool entry 84	500004f9
	constant pool entry 83	50000095
	constant pool entry 82	5000049b
	constant pool entry 81	50000077
	constant pool entry 79	50000079
	constant pool entry 78	50000038
	constant pool entry 77	5000008e
	constant pool entry 74	5000016e
	constant pool entry 73	50000172
	constant pool entry 1	500005e4
CLS 500004fb (name=sun.misc.PerfCounter, trace=300266)
	super		50000172
	static perf	500004ff
	constant pool entry 80	50000500
	constant pool entry 79	500004fb
	constant pool entry 78	500004fc
	constant pool entry 77	500004fe
	constant pool entry 76	500000ef
	constant pool entry 75	50000507
	constant pool entry 74	50000073
	constant pool entry 73	50000076
	constant pool entry 72	50000167
	constant pool entry 70	50000172
CLS 500004fc (name=sun.misc.Perf$GetPerfAction, trace=300267)
	super		50000172
	constant pool entry 18	500004fc
	constant pool entry 17	500004fe
	constant pool entry 15	50000172
CLS 500004fe (name=sun.misc.Perf, trace=300269)
	super		50000172
	static instance	500004ff
	constant pool entry 78	500004fe
	constant pool entry 75	50000167
	constant pool entry 71	50000172
CLS 50000500 (name=sun.misc.PerfCounter$CoreCounters, trace=300271)
	super		50000172
	static pdt	50000501
	static lc	5000050a
	static lct	5000050d
	static rcbt	50000510
	static zfc	50000513
	static zfot	50000516
	constant pool entry 32	50000500
	constant pool entry 31	500004fb
	constant pool entry 6	50001178
	constant pool entry 5	50001177
	constant pool entry 4	50001176
	constant pool entry 3	50001175
	constant pool entry 2	50001174
	constant pool entry 1	50001173
CLS 50000502 (name=sun.nio.ch.DirectBuffer, trace=300273)
CLS 50000503 (name=java.nio.MappedByteBuffer, trace=300273)
	super		50000076
	constant pool entry 44	50000503
	constant pool entry 43	50000076
CLS 50000504 (name=java.nio.DirectByteBuffer, trace=300273)
	super		50000503
	static unsafe	50000d57
	constant pool entry 241	50000120
	constant pool entry 238	50000503
	constant pool entry 231	50000508
	constant pool entry 202	50000074
	constant pool entry 196	5000016a
	constant pool entry 2	50000504
	constant pool entry 1	50000176
CLS 50000507 (name=java.nio.LongBuffer, trace=300276)
	super		50000112
	constant pool entry 94	50000507
	constant pool entry 90	50000112
CLS 50000508 (name=java.nio.DirectLongBufferU, trace=300276)
	super		50000507
	static unsafe	50000d57
	constant pool entry 90	50000502
	constant pool entry 89	50000120
	constant pool entry 88	50000507
	constant pool entry 83	50000074
	constant pool entry 81	5000016a
	constant pool entry 2	50000508
	constant pool entry 1	50000173
CLS 50000519 (name=sun.misc.JarIndex, trace=300283)
	super		50000172
	static INDEX_NAME	5000189f
	constant pool entry 150	50000084
	constant pool entry 148	50000519
	constant pool entry 145	5000048f
	constant pool entry 135	500000ef
	constant pool entry 133	5000016e
	constant pool entry 10	500006f9
	constant pool entry 9	500018a0
	constant pool entry 6	5000189f
CLS 50000521 (name=sun.misc.ExtensionDependency, trace=300288)
	super		50000172
	constant pool entry 208	50000521
CLS 50000552 (name=java.util.zip.ZipEntry, trace=300331)
	super		50000172
	constant pool entry 143	50000552
	constant pool entry 140	500000b9
	constant pool entry 138	5000016e
	constant pool entry 137	50000172
	constant pool entry 4	50001193
	constant pool entry 2	50000d9a
CLS 50000558 (name=java.util.jar.JarEntry, trace=300336)
	super		50000552
	constant pool entry 25	50000552
CLS 50000559 (name=java.util.jar.JarFile$JarFileEntry, trace=300336)
	super		50000558
	constant pool entry 38	50000559
	constant pool entry 37	5000048f
	constant pool entry 36	50000558
CLS 5000055e (name=java.util.zip.ZipFile$ZipFileInputStream, trace=300341)
	super		5000011d
	constant pool entry 55	5000055e
	constant pool entry 54	5000025e
	constant pool entry 53	50000147
	constant pool entry 50	5000011d
CLS 50000562 (name=sun.misc.IOUtils, trace=300344)
	super		50000172
	constant pool entry 69	500000f7
	constant pool entry 41	50000095
	constant pool entry 38	500000be
	constant pool entry 37	5000011d
CLS 50000588 (name=sun.misc.Resource, trace=300367)
	super		50000172
	constant pool entry 100	500000f7
	constant pool entry 61	500007ab
	constant pool entry 60	50000588
	constant pool entry 59	50000095
	constant pool entry 57	5000014a
	constant pool entry 56	50000172
	constant pool entry 55	500000be
	constant pool entry 53	5000011d
CLS 50000589 (name=sun.misc.URLClassPath$JarLoader$2, trace=300367)
	super		50000588
	constant pool entry 42	50000589
	constant pool entry 41	5000025c
	constant pool entry 39	50000588
	constant pool entry 38	5000048f
	constant pool entry 37	50000558
CLS 50000597 (name=java.util.jar.Attributes, trace=300376)
	super		50000172
	constant pool entry 127	5000059b
	constant pool entry 125	500005aa
	constant pool entry 122	50000147
	constant pool entry 120	500000c6
	constant pool entry 116	5000016e
	constant pool entry 115	50000172
	constant pool entry 11	50000597
	constant pool entry 5	50001219
CLS 5000059b (name=java.util.jar.Manifest$FastInputStream, trace=300380)
	super		500000ac
	constant pool entry 80	500000f7
	constant pool entry 44	5000059b
	constant pool entry 42	50000167
	constant pool entry 40	5000011d
	constant pool entry 38	500000ac
CLS 500005aa (name=java.util.jar.Attributes$Name, trace=300388)
	super		50000172
	static MANIFEST_VERSION	500005ab
	static SIGNATURE_VERSION	500005ac
	static CONTENT_TYPE	500005ad
	static CLASS_PATH	500005ae
	static MAIN_CLASS	500005af
	static SEALED	500005b0
	static EXTENSION_LIST	500005b1
	static EXTENSION_NAME	500005b2
	static EXTENSION_INSTALLATION	500005b3
	static IMPLEMENTATION_TITLE	500005b4
	static IMPLEMENTATION_VERSION	500005b5
	static IMPLEMENTATION_VENDOR	500005b6
	static IMPLEMENTATION_VENDOR_ID	500005b7
	static IMPLEMENTATION_URL	500005b8
	static SPECIFICATION_TITLE	500005b9
	static SPECIFICATION_VERSION	500005ba
	static SPECIFICATION_VENDOR	500005bb
	constant pool entry 103	500005bd
	constant pool entry 102	500005aa
	constant pool entry 99	5000016e
	constant pool entry 98	50000172
	constant pool entry 17	50001856
	constant pool entry 16	50001855
	constant pool entry 15	50001854
	constant pool entry 14	50001853
	constant pool entry 13	50001852
	constant pool entry 12	50001851
	constant pool entry 11	50001847
	constant pool entry 10	50001846
	constant pool entry 9	50001845
	constant pool entry 8	50001844
	constant pool entry 7	50001843
	constant pool entry 6	50001842
	constant pool entry 5	50001841
	constant pool entry 4	50001840
	constant pool entry 3	5000183f
	constant pool entry 2	5000183e
	constant pool entry 1	5000183b
CLS 500005bd (name=sun.misc.ASCIICaseInsensitiveComparator, trace=300407)
	super		50000172
	static CASE_INSENSITIVE_ORDER	500005be
	constant pool entry 38	5000016e
	constant pool entry 37	50000172
	constant pool entry 36	5000016a
	constant pool entry 1	500005bd
CLS 500005c7 (name=java.util.jar.JarVerifier, trace=300410)
	super		50000172
	constant pool entry 553	500000f7
	constant pool entry 242	50000788
	constant pool entry 240	5000004d
	constant pool entry 236	500005cf
	constant pool entry 233	500005c7
	constant pool entry 231	50000558
	constant pool entry 228	5000002f
	constant pool entry 225	50000145
	constant pool entry 223	500000c6
	constant pool entry 220	500000dd
	constant pool entry 213	500005cc
	constant pool entry 210	5000016e
	constant pool entry 209	50000172
	constant pool entry 206	500005d8
	constant pool entry 11	50000dff
	constant pool entry 8	50000def
	constant pool entry 6	50001869
CLS 500005cc (name=java.security.CodeSigner, trace=300415)
	super		50000172
CLS 500005cd (name=java.security.CodeSigner[], trace=300416)
	super		50000172
CLS 500005cf (name=java.util.jar.JarVerifier$3, trace=300417)
	super		50000172
	constant pool entry 24	500005cf
	constant pool entry 20	50000172
CLS 500005d8 (name=java.io.ByteArrayOutputStream, trace=300426)
	super		500000ae
	constant pool entry 111	500000f7
	constant pool entry 57	500000ae
	constant pool entry 55	500005d8
CLS 500005dd (name=java.lang.Package, trace=300431)
	super		50000172
	static pkgs	500005de
	static urls	500005df
	static mans	500005e0
	constant pool entry 178	50000147
	constant pool entry 177	500000c6
	constant pool entry 170	5000016e
	constant pool entry 168	500005dd
	constant pool entry 167	50000172
	constant pool entry 5	50000d9a
CLS 500005f0 (name=sun.security.util.SignatureFileVerifier, trace=300445)
	super		50000172
	static JAR_DISABLED_CHECK	50000622
	static ATTR_DIGEST	5000077d
	static hexc	5000077f
	constant pool entry 602	500000f7
	constant pool entry 317	500005f0
	constant pool entry 314	500005f3
	constant pool entry 313	5000004d
	constant pool entry 300	5000002f
	constant pool entry 279	5000016e
	constant pool entry 47	50000e00
	constant pool entry 46	50000dff
	constant pool entry 20	500005e2
	constant pool entry 19	500005db
	constant pool entry 18	500005e1
	constant pool entry 17	500005da
	constant pool entry 14	50000dfe
CLS 500005f1 (name=java.security.AlgorithmConstraints, trace=300446)
CLS 500005f2 (name=sun.security.util.AbstractAlgorithmConstraints, trace=300446)
	super		50000172
	constant pool entry 55	50000623
	constant pool entry 54	500005f2
	constant pool entry 50	500000ef
	constant pool entry 49	5000016e
	constant pool entry 48	50000172
	constant pool entry 1	50000e3d
CLS 500005f3 (name=sun.security.util.DisabledAlgorithmConstraints, trace=300446)
	super		500005f2
	static PROPERTY_CERTPATH_DISABLED_ALGS	50000e32
	static PROPERTY_TLS_DISABLED_ALGS	50000e2c
	static PROPERTY_JAR_DISABLED_ALGS	50000e00
	constant pool entry 88	50000703
	constant pool entry 85	500005f3
	constant pool entry 84	5000004d
	constant pool entry 82	500005f4
	constant pool entry 81	500005f2
	constant pool entry 4	50000e2b
CLS 500005f4 (name=sun.security.util.AlgorithmDecomposer, trace=300447)
	super		50000172
	static transPattern	500005fc
	static pattern	5000060e
	constant pool entry 123	500000f7
	constant pool entry 77	500005f4
	constant pool entry 76	500005f5
	constant pool entry 73	50000095
	constant pool entry 72	5000016e
	constant pool entry 71	50000172
	constant pool entry 16	50000e04
	constant pool entry 5	50000e03
	constant pool entry 4	50000e01
	constant pool entry 3	50000d9a
	constant pool entry 2	50000dbf
	constant pool entry 1	500005d6
CLS 500005f5 (name=java.util.regex.Pattern, trace=300448)
	super		50000172
	static lookbehindEnd	500005f8
	static accept	500005f9
	static lastAccept	500005fb
	constant pool entry 1240	500000f7
	constant pool entry 597	5000060a
	constant pool entry 591	50000615
	constant pool entry 590	50000607
	constant pool entry 586	50000604
	constant pool entry 579	500005f6
	constant pool entry 574	500005fa
	constant pool entry 569	500005ff
	constant pool entry 567	50000609
	constant pool entry 555	50000619
	constant pool entry 554	5000061b
	constant pool entry 551	5000070c
	constant pool entry 545	50000608
	constant pool entry 539	500005f7
	constant pool entry 534	50000710
	constant pool entry 533	50000613
	constant pool entry 517	5000016e
	constant pool entry 516	50000172
	constant pool entry 512	5000016a
	constant pool entry 509	50000110
	constant pool entry 34	500005f5
CLS 500005f6 (name=java.util.regex.Pattern$Node, trace=300449)
	super		50000172
	constant pool entry 29	5000060c
	constant pool entry 28	500005f6
	constant pool entry 27	500005f5
	constant pool entry 25	50000172
CLS 500005f7 (name=java.util.regex.Pattern$4, trace=300449)
	super		500005f6
	constant pool entry 20	500005f6
CLS 500005fa (name=java.util.regex.Pattern$LastNode, trace=300452)
	super		500005f6
	constant pool entry 24	500005f6
CLS 500005ff (name=java.util.regex.Pattern$GroupHead, trace=300457)
	super		500005f6
CLS 50000600 (name=java.util.regex.Pattern$GroupHead[], trace=300458)
	super		50000172
CLS 50000602 (name=java.util.regex.Pattern$CharProperty, trace=300459)
	super		500005f6
	constant pool entry 39	5000060c
	constant pool entry 38	500005f6
	constant pool entry 36	50000602
CLS 50000603 (name=java.util.regex.Pattern$BmpCharProperty, trace=300459)
	super		50000602
	constant pool entry 31	50000602
	constant pool entry 30	50000603
CLS 50000604 (name=java.util.regex.Pattern$Single, trace=300459)
	super		50000603
	constant pool entry 19	50000604
	constant pool entry 18	50000603
CLS 50000606 (name=java.util.regex.Pattern$SliceNode, trace=300461)
	super		500005f6
	constant pool entry 23	5000060c
	constant pool entry 22	50000606
	constant pool entry 21	500005f6
CLS 50000607 (name=java.util.regex.Pattern$Slice, trace=300461)
	super		50000606
	constant pool entry 31	50000606
	constant pool entry 30	50000607
	constant pool entry 27	50000710
	constant pool entry 26	5000016f
CLS 50000608 (name=java.util.regex.Pattern$Begin, trace=300462)
	super		500005f6
CLS 50000609 (name=java.util.regex.Pattern$First, trace=300463)
	super		500005f6
CLS 5000060a (name=java.util.regex.Pattern$Start, trace=300464)
	super		500005f6
	constant pool entry 33	5000060c
	constant pool entry 32	5000060a
	constant pool entry 31	500005f6
	constant pool entry 29	50000710
CLS 5000060c (name=java.util.regex.Pattern$TreeInfo, trace=300466)
	super		50000172
	constant pool entry 19	5000060c
	constant pool entry 17	50000172
CLS 50000613 (name=java.util.regex.ASCII, trace=300473)
	super		50000172
	static ctype	50000614
	constant pool entry 104	500000f7
	constant pool entry 89	50000613
CLS 50000615 (name=java.util.regex.Pattern$SliceI, trace=300475)
	super		50000606
	constant pool entry 35	50000606
CLS 50000619 (name=java.util.regex.Pattern$BranchConn, trace=300477)
	super		500005f6
	constant pool entry 20	5000060c
	constant pool entry 19	500005f6
CLS 5000061b (name=java.util.regex.Pattern$Branch, trace=300479)
	super		500005f6
	constant pool entry 81	500000f7
	constant pool entry 39	5000060c
	constant pool entry 38	500005f6
	constant pool entry 37	5000061b
	constant pool entry 34	500000be
CLS 5000061d (name=java.util.regex.Pattern$Node[], trace=300481)
	super		50000172
CLS 50000623 (name=sun.security.util.AbstractAlgorithmConstraints$1, trace=300484)
	super		50000172
	constant pool entry 27	50000623
	constant pool entry 25	50000625
	constant pool entry 23	50000172
CLS 50000625 (name=java.security.Security, trace=300486)
	super		50000172
	static props	50000628
	static spiMap	500006ec
	constant pool entry 302	5000004d
	constant pool entry 297	5000002b
	constant pool entry 295	50000144
	constant pool entry 282	50000626
	constant pool entry 281	50000625
	constant pool entry 275	500000ef
	constant pool entry 272	50000167
	constant pool entry 271	50000121
	constant pool entry 270	5000016e
	constant pool entry 261	5000011d
	constant pool entry 259	500000b3
	constant pool entry 258	5000011b
	constant pool entry 257	500000ab
	constant pool entry 42	500006f9
	constant pool entry 31	50000e42
	constant pool entry 30	50000d67
	constant pool entry 27	50000e41
	constant pool entry 23	50000e40
	constant pool entry 22	50000e3f
	constant pool entry 20	50000e3e
	constant pool entry 19	50000df3
CLS 50000626 (name=java.security.Security$1, trace=300487)
	super		50000172
	constant pool entry 19	50000626
	constant pool entry 18	50000625
	constant pool entry 16	50000172
CLS 50000637 (name=java.util.Properties$LineReader, trace=300501)
	super		50000172
	constant pool entry 74	500000f7
	constant pool entry 40	50000637
	constant pool entry 38	50000167
	constant pool entry 37	50000172
	constant pool entry 35	5000011d
CLS 500006f8 (name=java.util.ArrayList$SubList, trace=300522)
	super		500000e4
	constant pool entry 65	500006fb
	constant pool entry 64	500006f8
	constant pool entry 62	500000dd
	constant pool entry 61	500000e4
CLS 500006fa (name=java.util.ListIterator, trace=300524)
CLS 500006fb (name=java.util.ArrayList$SubList$1, trace=300524)
	super		50000172
	constant pool entry 59	500006fb
	constant pool entry 58	500006f8
	constant pool entry 57	500000dd
	constant pool entry 56	50000172
CLS 500006fc (name=com.sun.source.tree.Tree, trace=300673)
	loader		500003d7
CLS 50000703 (name=sun.security.util.DisabledAlgorithmConstraints$Constraints, trace=300528)
	super		50000172
	constant pool entry 169	5000074c
	constant pool entry 168	5000071e
	constant pool entry 165	50000703
	constant pool entry 164	5000074f
	constant pool entry 162	500005f3
	constant pool entry 159	500005f4
	constant pool entry 156	50000042
	constant pool entry 154	50000147
	constant pool entry 153	5000002f
	constant pool entry 152	500000e7
	constant pool entry 151	500000b7
	constant pool entry 149	500000c6
	constant pool entry 148	500000e8
	constant pool entry 147	500000dd
	constant pool entry 141	5000016e
	constant pool entry 140	50000172
	constant pool entry 139	5000010a
	constant pool entry 15	50000e2a
	constant pool entry 3	50000e29
CLS 5000070a (name=com.sun.tools.javac.tree.JCTree, trace=300673)
	super		50000172
	loader		500003d7
CLS 5000070c (name=java.util.regex.Pattern$BnM, trace=300537)
	super		500005f6
	constant pool entry 100	500000f7
	constant pool entry 49	500011d2
	constant pool entry 48	50000607
	constant pool entry 47	500005f6
	constant pool entry 45	5000070c
	constant pool entry 43	50000710
CLS 5000070f (name=java.util.regex.MatchResult, trace=300540)
CLS 50000710 (name=java.util.regex.Matcher, trace=300540)
	super		50000172
	constant pool entry 345	500000f7
	constant pool entry 184	500005f6
	constant pool entry 183	500005f5
	constant pool entry 182	50000710
	constant pool entry 175	5000016e
	constant pool entry 174	50000172
	constant pool entry 172	500000be
	constant pool entry 167	5000016f
CLS 50000717 (name=java.util.Arrays$ArrayList, trace=300547)
	super		500000e4
	constant pool entry 60	500000b9
	constant pool entry 59	50000717
	constant pool entry 57	500000e4
	constant pool entry 53	50000108
CLS 50000719 (name=java.util.AbstractList$Itr, trace=300549)
	super		50000172
	constant pool entry 40	50000719
	constant pool entry 38	500000e4
	constant pool entry 37	50000172
CLS 5000071d (name=sun.security.util.DisabledAlgorithmConstraints$Constraint, trace=300553)
	super		50000172
	constant pool entry 47	5000071d
	constant pool entry 39	50000172
CLS 5000071e (name=sun.security.util.DisabledAlgorithmConstraints$DisabledConstraint, trace=300553)
	super		5000071d
	constant pool entry 35	5000071e
	constant pool entry 34	5000071d
CLS 5000074c (name=sun.security.util.DisabledAlgorithmConstraints$KeySizeConstraint, trace=300563)
	super		5000071d
	constant pool entry 86	5000074c
	constant pool entry 85	5000074f
	constant pool entry 84	5000071d
	constant pool entry 83	5000075b
CLS 5000074f (name=sun.security.util.DisabledAlgorithmConstraints$Constraint$Operator, trace=300565)
	super		50000068
	static EQ	50000750
	static NE	50000751
	static LT	50000752
	static LE	50000753
	static GT	50000754
	static GE	50000755
	static $VALUES	50000757
	constant pool entry 112	500000f7
	constant pool entry 64	5000016e
	constant pool entry 62	50000068
	constant pool entry 61	50000756
	constant pool entry 15	5000074f
	constant pool entry 14	50000e1f
	constant pool entry 13	50000e1e
	constant pool entry 12	50000e1d
	constant pool entry 11	50000e1c
	constant pool entry 10	50000e1b
	constant pool entry 8	50000e1a
	constant pool entry 3	50000e19
CLS 50000756 (name=sun.security.util.DisabledAlgorithmConstraints$Constraint$Operator[], trace=300572)
	super		50000172
CLS 5000075b (name=sun.security.util.DisabledAlgorithmConstraints$1, trace=300575)
	super		50000172
	static $SwitchMap$sun$security$util$DisabledAlgorithmConstraints$Constraint$Operator	5000075c
	constant pool entry 56	500000f7
	constant pool entry 31	5000074f
	constant pool entry 29	5000075b
CLS 50000788 (name=sun.security.util.ManifestEntryVerifier, trace=300581)
	super		50000172
	static hexc	50000789
	constant pool entry 286	500000f7
	constant pool entry 147	50000788
	constant pool entry 146	5000004d
	constant pool entry 135	500000c6
	constant pool entry 132	500000dd
	constant pool entry 125	50000172
	constant pool entry 10	50000dff
CLS 500007ab (name=sun.nio.ByteBuffered, trace=300597)
CLS 500007af (name=java.security.PermissionCollection, trace=300601)
	super		50000172
	constant pool entry 46	500007af
	constant pool entry 43	50000172
CLS 500007b0 (name=java.security.Permissions, trace=300601)
	super		500007af
	static serialPersistentFields	500007b1
	constant pool entry 214	500000f7
	constant pool entry 114	50000147
	constant pool entry 112	500000c6
	constant pool entry 105	500007b0
	constant pool entry 104	500000f2
	constant pool entry 103	50000818
	constant pool entry 100	50000172
	constant pool entry 96	500000fc
	constant pool entry 6	50000145
	constant pool entry 5	50000819
	constant pool entry 4	500007af
	constant pool entry 3	5000199d
	constant pool entry 1	5000199c
CLS 500007d3 (name=com.sun.source.tree.ExpressionTree, trace=300673)
	loader		500003d7
CLS 500007d4 (name=com.sun.tools.javac.tree.JCTree$JCExpression, trace=300673)
	super		5000070a
	loader		500003d7
CLS 500007e2 (name=java.net.URLConnection, trace=300626)
	super		50000172
	static handlers	500007e5
	static contentClassPrefix	50000dba
	static contentPathProp	50000db9
	constant pool entry 303	50000145
	constant pool entry 296	500007e2
	constant pool entry 288	50000172
CLS 500007e3 (name=sun.net.www.URLConnection, trace=300626)
	super		500007e2
	static proxiedHosts	500007e7
	constant pool entry 113	500007e3
	constant pool entry 112	500007e9
	constant pool entry 111	500000c6
	constant pool entry 109	500007e2
CLS 500007e4 (name=sun.net.www.protocol.file.FileURLConnection, trace=300626)
	super		500007e3
	static CONTENT_LENGTH	50000db0
	static CONTENT_TYPE	50000db1
	static TEXT_PLAIN	50000db4
	static LAST_MODIFIED	50000db2
	constant pool entry 159	500007e4
	constant pool entry 158	500007e3
	constant pool entry 157	50000012
	constant pool entry 143	50000119
	constant pool entry 139	5000016e
	constant pool entry 137	500007f9
	constant pool entry 134	5000011b
	constant pool entry 10	50000db4
	constant pool entry 9	50000db3
	constant pool entry 8	50000db2
	constant pool entry 7	50000db1
	constant pool entry 6	50000db0
CLS 500007e9 (name=sun.net.www.MessageHeader, trace=300631)
	super		50000172
	constant pool entry 250	500000f7
	constant pool entry 134	500007e9
	constant pool entry 120	5000016e
	constant pool entry 119	50000172
CLS 500007f9 (name=java.io.FilePermission, trace=300640)
	super		500000f2
	constant pool entry 133	500000f2
	constant pool entry 132	500000ef
	constant pool entry 130	5000016e
	constant pool entry 122	50000804
	constant pool entry 121	500007fd
	constant pool entry 120	500007f9
	constant pool entry 8	50000db3
	constant pool entry 2	500019a4
CLS 500007fd (name=java.io.FilePermission$1, trace=300644)
	super		50000172
	constant pool entry 45	5000016e
	constant pool entry 44	50000172
	constant pool entry 42	500007fd
	constant pool entry 41	500007f9
	constant pool entry 40	5000011b
	constant pool entry 1	50000728
CLS 50000804 (name=java.io.FilePermissionCollection, trace=300647)
	super		500007af
	static serialPersistentFields	50000805
	constant pool entry 176	500000f7
	constant pool entry 99	500000e7
	constant pool entry 96	500000dd
	constant pool entry 95	500007af
	constant pool entry 86	500000fc
	constant pool entry 80	50000804
	constant pool entry 79	500007f9
	constant pool entry 4	500000e3
	constant pool entry 3	5000072d
CLS 50000818 (name=java.security.AllPermission, trace=300653)
	super		500000f2
CLS 50000819 (name=java.security.UnresolvedPermission, trace=300654)
	super		500000f2
CLS 5000081b (name=java.security.BasicPermissionCollection, trace=300656)
	super		500007af
	static serialPersistentFields	5000081c
	constant pool entry 227	500000f7
	constant pool entry 123	50000147
	constant pool entry 122	500000c6
	constant pool entry 119	500007af
	constant pool entry 117	5000081b
	constant pool entry 116	500000f1
	constant pool entry 113	5000016e
	constant pool entry 111	50000172
	constant pool entry 108	50000111
	constant pool entry 106	500000fc
	constant pool entry 9	50000145
	constant pool entry 8	5000016a
	constant pool entry 7	5000072d
	constant pool entry 6	5000072a
	constant pool entry 3	50000729
	constant pool entry 1	50000728
CLS 50000839 (name=com.sun.tools.javac.api.DiagnosticFormatter$Configuration, trace=300673)
	loader		500003d7
	domain		50000841
CLS 50000854 (name=com.sun.tools.javac.Main, trace=300673)
	super		50000172
	loader		500003d7
	domain		50000841
	constant pool entry 31	50000167
	constant pool entry 29	50000163
	constant pool entry 28	500003af
	constant pool entry 27	500008c9
	constant pool entry 26	50000854
	constant pool entry 1	50002d9c
CLS 50000855 (name=sun.launcher.LauncherHelper$FXHelper, trace=300674)
	super		50000172
	static JAVAFX_APPLICATION_MARKER	50002f52
	static JAVAFX_APPLICATION_CLASS_NAME	50002f4e
	static JAVAFX_LAUNCHER_CLASS_NAME	50002f51
	static JAVAFX_LAUNCH_MODE_CLASS	50002f50
	static JAVAFX_LAUNCH_MODE_JAR	50002f4f
	constant pool entry 104	50000855
	constant pool entry 90	5000016a
	constant pool entry 11	5000016e
	constant pool entry 8	50002f4e
CLS 50000857 (name=java.lang.Class$MethodArray, trace=300676)
	super		50000172
	constant pool entry 128	500000f7
	constant pool entry 60	5000013e
	constant pool entry 59	50000172
	constant pool entry 57	50000857
CLS 50000859 (name=java.lang.reflect.Method[], trace=300678)
	super		50000172
CLS 50000869 (name=java.io.PrintWriter, trace=300680)
	super		50000091
	constant pool entry 126	50000084
	constant pool entry 122	500000ef
	constant pool entry 116	5000016e
	constant pool entry 112	50000091
	constant pool entry 110	50000869
	constant pool entry 109	50000093
	constant pool entry 108	50000090
	constant pool entry 101	5000006f
	constant pool entry 4	500005eb
CLS 5000086b (name=java.lang.Void, trace=300682)
	super		50000172
	static TYPE	500005a2
	constant pool entry 19	5000086b
	constant pool entry 17	5000016a
	constant pool entry 1	50002f4c
CLS 500008af (name=com.sun.tools.javac.util.AbstractDiagnosticFormatter$SimpleConfiguration, trace=300673)
	super		50000172
	loader		500003d7
	domain		50000841
	constant pool entry 105	50000147
	constant pool entry 104	500000c6
	constant pool entry 103	50001625
	constant pool entry 99	50000172
	constant pool entry 97	5000010a
	constant pool entry 96	50000f8f
	constant pool entry 95	500008af
	constant pool entry 93	500009d6
	constant pool entry 12	50002d66
	constant pool entry 11	50002d65
	constant pool entry 9	50002d64
	constant pool entry 5	50002d63
CLS 500008c9 (name=com.sun.tools.javac.main.Main, trace=300673)
	super		50000172
	loader		500003d7
	domain		50000841
	static javacBundleName	50000ce7
	constant pool entry 782	500000f7
	constant pool entry 353	500000db
	constant pool entry 352	500010c9
	constant pool entry 350	500000e8
	constant pool entry 344	50000167
	constant pool entry 342	5000016e
	constant pool entry 338	50000172
	constant pool entry 331	50000110
	constant pool entry 329	50000869
	constant pool entry 323	50000f8f
	constant pool entry 320	50001bf5
	constant pool entry 319	50001166
	constant pool entry 318	50001ac3
	constant pool entry 315	50001681
	constant pool entry 311	50000b92
	constant pool entry 310	500003af
	constant pool entry 309	5000095e
	constant pool entry 308	500008c9
	constant pool entry 306	500011b5
	constant pool entry 305	50000b36
	constant pool entry 303	5000172e
	constant pool entry 301	50001b35
	constant pool entry 296	5000161f
	constant pool entry 38	50002d9a
CLS 50000905 (name=com.sun.tools.javac.util.BasicDiagnosticFormatter$BasicConfiguration, trace=300673)
	super		500008af
	loader		500003d7
	domain		50000841
	constant pool entry 100	50000147
	constant pool entry 99	500000c6
	constant pool entry 98	50001625
	constant pool entry 97	500009e6
	constant pool entry 94	5000010a
	constant pool entry 93	50000f8f
	constant pool entry 92	5000106f
	constant pool entry 91	50000905
	constant pool entry 89	500008af
	constant pool entry 87	50000953
	constant pool entry 13	50000a39
	constant pool entry 12	50002d5e
	constant pool entry 11	50002d5d
	constant pool entry 10	50002d5c
	constant pool entry 9	50002d5b
	constant pool entry 5	50002d5a
	constant pool entry 3	50002d59
	constant pool entry 1	50002d58
CLS 50000917 (name=com.sun.tools.javac.main.OptionHelper, trace=300673)
	super		50000172
	loader		500003d7
	domain		50000841
	constant pool entry 20	50000172
CLS 50000953 (name=com.sun.tools.javac.api.DiagnosticFormatter$Configuration$DiagnosticPart, trace=300673)
	super		50000068
	loader		500003d7
	domain		50000841
	static SUMMARY	50000954
	static DETAILS	50000955
	static SOURCE	50000956
	static SUBDIAGNOSTICS	50000957
	static JLS	50000958
	static $VALUES	5000095a
	constant pool entry 63	500000f7
	constant pool entry 32	50000068
	constant pool entry 29	50000959
	constant pool entry 6	50000953
	constant pool entry 5	50002d72
	constant pool entry 4	50002d71
	constant pool entry 3	50002b93
	constant pool entry 2	50002d70
	constant pool entry 1	50002d6f
CLS 50000959 (name=com.sun.tools.javac.api.DiagnosticFormatter$Configuration$DiagnosticPart[], trace=301032)
	super		50000172
	loader		500003d7
CLS 5000095e (name=com.sun.tools.javac.main.Main$1, trace=300673)
	super		50000917
	loader		500003d7
	domain		50000841
	constant pool entry 35	50000f8f
	constant pool entry 33	50000917
	constant pool entry 32	5000095e
	constant pool entry 31	500008c9
CLS 50000966 (name=java.util.concurrent.ConcurrentHashMap$ForwardingNode, trace=300693)
	super		50000024
	constant pool entry 28	50000024
	constant pool entry 27	50000966
CLS 500009bc (name=com.sun.tools.javac.util.ClientCodeException, trace=300673)
	super		50000162
	loader		500003d7
CLS 500009c1 (name=java.io.IOException, trace=300680)
	super		50000163
	constant pool entry 16	50000163
CLS 500009c2 (name=java.io.FileNotFoundException, trace=300680)
	super		500009c1
	constant pool entry 28	500009c1
CLS 500009d6 (name=com.sun.tools.javac.api.DiagnosticFormatter$Configuration$MultilineLimit, trace=300673)
	super		50000068
	loader		500003d7
	domain		50000841
	static DEPTH	500009d7
	static LENGTH	500009d8
	static $VALUES	500009da
	constant pool entry 51	500000f7
	constant pool entry 26	50000068
	constant pool entry 3	500009d6
	constant pool entry 2	50002d68
	constant pool entry 1	50002d67
CLS 500009d9 (name=com.sun.tools.javac.api.DiagnosticFormatter$Configuration$MultilineLimit[], trace=301037)
	super		50000172
	loader		500003d7
CLS 500009e6 (name=java.util.EnumMap, trace=300680)
	super		500000d7
	static NULL	500009e8
	static ZERO_LENGTH_ENUM_ARRAY	500009e9
	constant pool entry 321	500000f7
	constant pool entry 158	500000cc
	constant pool entry 157	50000054
	constant pool entry 145	500009e7
	constant pool entry 144	500009e6
	constant pool entry 141	500000d7
	constant pool entry 139	50000172
	constant pool entry 137	50000068
CLS 500009e7 (name=java.util.EnumMap$1, trace=301039)
	super		50000172
	constant pool entry 17	50000172
CLS 50000a18 (name=com.sun.tools.javac.util.FatalError, trace=300673)
	super		50000165
	loader		500003d7
CLS 50000a39 (name=com.sun.tools.javac.util.BasicDiagnosticFormatter$BasicConfiguration$BasicFormatKind, trace=300673)
	super		50000068
	loader		500003d7
	domain		50000841
	static DEFAULT_POS_FORMAT	50000a45
	static DEFAULT_NO_POS_FORMAT	50000a46
	static DEFAULT_CLASS_FORMAT	50000a47
	static $VALUES	50000a4b
	constant pool entry 55	500000f7
	constant pool entry 28	50000068
	constant pool entry 25	50000a48
	constant pool entry 4	50000a39
	constant pool entry 3	50002d79
	constant pool entry 2	50002d78
	constant pool entry 1	50002d77
CLS 50000a48 (name=com.sun.tools.javac.util.BasicDiagnosticFormatter$BasicConfiguration$BasicFormatKind[], trace=301049)
	super		50000172
	loader		500003d7
CLS 50000a69 (name=com.sun.tools.javac.processing.AnnotationProcessingError, trace=300673)
	super		50000165
	loader		500003d7
CLS 50000aac (name=javax.lang.model.AnnotatedConstruct, trace=300680)
CLS 50000aad (name=javax.lang.model.element.Element, trace=300680)
CLS 50000aaf (name=com.sun.tools.javac.util.PropagatedException, trace=300673)
	super		50000162
	loader		500003d7
CLS 50000ab8 (name=javax.annotation.processing.ProcessingEnvironment, trace=300680)
CLS 50000ad7 (name=java.lang.IllegalStateException, trace=300680)
	super		50000162
CLS 50000b20 (name=com.sun.tools.javac.code.AnnoConstruct, trace=300673)
	super		50000172
	loader		500003d7
CLS 50000b21 (name=com.sun.tools.javac.code.Symbol, trace=300673)
	super		50000b20
	loader		500003d7
CLS 50000b36 (name=com.sun.tools.javac.jvm.Target, trace=300673)
	super		50000068
	loader		500003d7
	domain		50000841
	static JDK1_1	50000306
	static JDK1_2	50000307
	static JDK1_3	50000308
	static JDK1_4	5000030a
	static JDK1_5	5000030b
	static JDK1_6	5000030c
	static JDK1_7	50000313
	static JDK1_8	50000314
	static targetKey	50000317
	static MIN	50000306
	static MAX	50000314
	static tab	5000031b
	static DEFAULT	50000314
	static $VALUES	50000316
	constant pool entry 212	500000f7
	constant pool entry 117	50000147
	constant pool entry 116	500000c6
	constant pool entry 114	50000068
	constant pool entry 112	50001506
	constant pool entry 109	50000315
	constant pool entry 21	50000b36
	constant pool entry 20	50002b2c
	constant pool entry 19	50002b2b
	constant pool entry 18	50002b2a
	constant pool entry 17	50002b29
	constant pool entry 16	50002b28
	constant pool entry 15	50002b27
	constant pool entry 14	50002b26
	constant pool entry 13	50002b3f
	constant pool entry 12	50002b25
	constant pool entry 11	50002b24
	constant pool entry 10	50002b23
	constant pool entry 9	50002b22
	constant pool entry 8	50002b21
	constant pool entry 7	50002b20
	constant pool entry 6	50002b1f
	constant pool entry 5	50002b1e
	constant pool entry 4	50001651
	constant pool entry 3	50002b1d
	constant pool entry 2	50002b1c
	constant pool entry 1	50002b3e
CLS 50000b86 (name=com.sun.tools.javac.code.Symbol$TypeSymbol, trace=300673)
	super		50000b21
	loader		500003d7
CLS 50000b92 (name=com.sun.tools.javac.main.Option, trace=300673)
	super		50000068
	loader		500003d7
	domain		50000841
	static G	500013c5
	static G_NONE	500013c6
	static G_CUSTOM	50001420
	static XLINT	50001421
	static XLINT_CUSTOM	500015be
	static XDOCLINT	500015bf
	static XDOCLINT_CUSTOM	500015c0
	static NOWARN	500015c1
	static VERBOSE	500015c2
	static DEPRECATION	500015c3
	static CLASSPATH	500015c4
	static CP	500015c5
	static SOURCEPATH	500015c6
	static BOOTCLASSPATH	500015c7
	static XBOOTCLASSPATH_PREPEND	500015c8
	static XBOOTCLASSPATH_APPEND	500015c9
	static XBOOTCLASSPATH	500015ca
	static EXTDIRS	500015cb
	static DJAVA_EXT_DIRS	500015cc
	static ENDORSEDDIRS	500015cd
	static DJAVA_ENDORSED_DIRS	500015ce
	static PROC	500015d4
	static PROCESSOR	500015d5
	static PROCESSORPATH	500015d6
	static PARAMETERS	500015d7
	static D	500015d8
	static S	500015d9
	static H	500015da
	static IMPLICIT	500015e0
	static ENCODING	500015e1
	static SOURCE	500015e2
	static TARGET	500015e3
	static PROFILE	500015e4
	static VERSION	500015e5
	static FULLVERSION	500015e6
	static DIAGS	500015e7
	static HELP	500015e8
	static A	500015e9
	static X	500015ea
	static J	500015f0
	static MOREINFO	500015f1
	static WERROR	500015f2
	static PROMPT	500015f3
	static DOE	500015f4
	static PRINTSOURCE	500015f5
	static WARNUNCHECKED	500015f6
	static XMAXERRS	500015f7
	static XMAXWARNS	500015f8
	static XSTDOUT	50001602
	static XPRINT	50001603
	static XPRINTROUNDS	50001604
	static XPRINTPROCESSORINFO	50001605
	static XPREFER	5000160b
	static XPKGINFO	50001612
	static O	50001613
	static XJCOV	50001614
	static PLUGIN	50001615
	static XDIAGS	5000161b
	static XD	5000161c
	static AT	5000161d
	static SOURCEFILE	5000161e
	static $VALUES	50001620
	constant pool entry 943	500000f7
	constant pool entry 585	500000db
	constant pool entry 583	50000147
	constant pool entry 582	5000006a
	constant pool entry 580	50001625
	constant pool entry 579	500000dc
	constant pool entry 578	50000121
	constant pool entry 577	5000016e
	constant pool entry 575	50000068
	constant pool entry 574	50000111
	constant pool entry 570	50000917
	constant pool entry 568	500013b5
	constant pool entry 567	5000136a
	constant pool entry 566	5000140d
	constant pool entry 565	50000e0e
	constant pool entry 564	50000dc8
	constant pool entry 563	50000d82
	constant pool entry 562	50000d3b
	constant pool entry 561	50000cf4
	constant pool entry 560	50000cae
	constant pool entry 559	50000c67
	constant pool entry 558	50001323
	constant pool entry 557	500012dc
	constant pool entry 556	50001295
	constant pool entry 555	5000124e
	constant pool entry 554	50001207
	constant pool entry 553	500011c0
	constant pool entry 552	50001179
	constant pool entry 551	50001133
	constant pool entry 550	50000c20
	constant pool entry 549	500010ec
	constant pool entry 548	500010a5
	constant pool entry 547	5000105e
	constant pool entry 546	50001017
	constant pool entry 545	50000fb8
	constant pool entry 544	50000f71
	constant pool entry 543	50000f2a
	constant pool entry 542	50000ee3
	constant pool entry 541	50000e9c
	constant pool entry 540	50000e54
	constant pool entry 539	50000bd9
	constant pool entry 538	50001477
	constant pool entry 535	5000161f
	constant pool entry 533	50002c19
	constant pool entry 532	50002c18
	constant pool entry 531	50002c17
	constant pool entry 530	50002c16
	constant pool entry 529	50002c15
	constant pool entry 528	50002c14
	constant pool entry 527	50002c13
	constant pool entry 526	50002c12
	constant pool entry 525	50002c11
	constant pool entry 524	50002c10
	constant pool entry 523	50002c0f
	constant pool entry 522	50002c0e
	constant pool entry 521	50002c0d
	constant pool entry 520	50002c0c
	constant pool entry 519	50002c0b
	constant pool entry 518	50002c0a
	constant pool entry 517	50002c09
	constant pool entry 516	50002c08
	constant pool entry 515	50002c07
	constant pool entry 514	50002c06
	constant pool entry 513	50002c05
	constant pool entry 512	50002c04
	constant pool entry 511	50002c03
	constant pool entry 510	50002c02
	constant pool entry 509	50002c01
	constant pool entry 508	50002c00
	constant pool entry 507	50002bff
	constant pool entry 506	50002bfe
	constant pool entry 505	50002bfd
	constant pool entry 504	50002bfc
	constant pool entry 503	50002bfb
	constant pool entry 502	50002bfa
	constant pool entry 501	50002bf9
	constant pool entry 500	50002bf8
	constant pool entry 499	50002bf7
	constant pool entry 498	50002bf6
	constant pool entry 497	50002bf5
	constant pool entry 496	50002bf4
	constant pool entry 495	50002bf3
	constant pool entry 494	50002bf2
	constant pool entry 493	50002bf1
	constant pool entry 492	50002bf0
	constant pool entry 491	50002bef
	constant pool entry 490	50002bee
	constant pool entry 489	50002bed
	constant pool entry 488	50002bec
	constant pool entry 487	50002beb
	constant pool entry 486	50002bea
	constant pool entry 485	50002be9
	constant pool entry 484	50002be8
	constant pool entry 483	50002be7
	constant pool entry 482	50002be6
	constant pool entry 481	50002be5
	constant pool entry 480	50002be4
	constant pool entry 479	50002be3
	constant pool entry 478	50000632
	constant pool entry 477	50002be2
	constant pool entry 476	50002be1
	constant pool entry 475	50002be0
	constant pool entry 474	50002bdf
	constant pool entry 473	50002bde
	constant pool entry 472	50002bdd
	constant pool entry 471	50002bdc
	constant pool entry 470	50002bdb
	constant pool entry 469	50002bda
	constant pool entry 468	50002bd9
	constant pool entry 467	50002bd8
	constant pool entry 466	50002bd7
	constant pool entry 465	50002bd6
	constant pool entry 464	50002bd5
	constant pool entry 463	50002bd4
	constant pool entry 462	50002bd3
	constant pool entry 461	50002bd2
	constant pool entry 460	50002bd1
	constant pool entry 459	50002bd0
	constant pool entry 458	50002bcf
	constant pool entry 457	50002bce
	constant pool entry 456	50002bcd
	constant pool entry 455	50002bcc
	constant pool entry 454	50002bcb
	constant pool entry 453	50002bca
	constant pool entry 121	50000b92
	constant pool entry 118	50002bc9
	constant pool entry 117	50002bc8
	constant pool entry 116	50002bc7
	constant pool entry 115	50002bc6
	constant pool entry 114	50002bc5
	constant pool entry 113	50002bc4
	constant pool entry 112	50002bc3
	constant pool entry 111	50002bc2
	constant pool entry 110	50002bc1
	constant pool entry 109	50002bc0
	constant pool entry 108	50002bbf
	constant pool entry 107	50002bbe
	constant pool entry 106	50002bbd
	constant pool entry 105	50002bbc
	constant pool entry 104	50002bbb
	constant pool entry 103	50002bba
	constant pool entry 102	50002bb9
	constant pool entry 101	50002bb8
	constant pool entry 100	50002bb7
	constant pool entry 99	50002bb6
	constant pool entry 98	50002bb5
	constant pool entry 97	50002bb4
	constant pool entry 96	50002bb3
	constant pool entry 95	50002bb2
	constant pool entry 94	50002bb1
	constant pool entry 93	50002bb0
	constant pool entry 92	50002baf
	constant pool entry 91	50002bae
	constant pool entry 90	50002bad
	constant pool entry 89	50002bac
	constant pool entry 88	50002bab
	constant pool entry 87	50002baa
	constant pool entry 86	50002ba9
	constant pool entry 85	50002ba8
	constant pool entry 84	50002ba7
	constant pool entry 83	50002ba6
	constant pool entry 82	50002ba5
	constant pool entry 81	50002ba4
	constant pool entry 80	50002ba3
	constant pool entry 79	50002ba2
	constant pool entry 78	50002ba1
	constant pool entry 77	50002b55
	constant pool entry 76	50002ba0
	constant pool entry 75	5000206b
	constant pool entry 74	50002b9f
	constant pool entry 73	50002b9e
	constant pool entry 72	50002b9d
	constant pool entry 71	50002b9c
	constant pool entry 70	50002b9b
	constant pool entry 69	50002b9a
	constant pool entry 68	50002b99
	constant pool entry 67	50002b98
	constant pool entry 66	50002b97
	constant pool entry 65	50002b96
	constant pool entry 64	50002b95
	constant pool entry 63	50002b94
	constant pool entry 62	50002b93
	constant pool entry 61	50002b92
	constant pool entry 60	50002b91
	constant pool entry 59	50002b90
	constant pool entry 58	50002b8f
	constant pool entry 57	50002b8e
	constant pool entry 56	50002b8d
	constant pool entry 55	50002b8c
	constant pool entry 54	50002b8b
	constant pool entry 53	50002b8a
	constant pool entry 52	50002b89
	constant pool entry 51	50002b88
	constant pool entry 50	50002b87
	constant pool entry 49	50002b86
	constant pool entry 48	50002b85
	constant pool entry 47	50002b84
	constant pool entry 46	50002b83
	constant pool entry 45	50002b82
	constant pool entry 44	50002b81
	constant pool entry 43	50002b80
	constant pool entry 42	50002b7f
	constant pool entry 41	50002b7e
	constant pool entry 40	50002b7d
	constant pool entry 39	50002b7c
	constant pool entry 38	50002b7b
	constant pool entry 37	50002b7a
	constant pool entry 36	50002b79
	constant pool entry 35	50002b78
	constant pool entry 34	50002b77
	constant pool entry 33	50002b76
	constant pool entry 32	50002b75
	constant pool entry 31	50002b74
	constant pool entry 30	50002b73
	constant pool entry 29	50002b72
	constant pool entry 28	50002b71
	constant pool entry 27	50002b70
	constant pool entry 26	50002b6f
	constant pool entry 25	50002b6e
	constant pool entry 24	50002b6d
	constant pool entry 23	50002b6c
	constant pool entry 22	50002b6b
	constant pool entry 21	50002b6a
	constant pool entry 20	50002b69
	constant pool entry 19	50002b68
	constant pool entry 18	50002b67
	constant pool entry 17	50002b66
	constant pool entry 16	50002b65
	constant pool entry 15	50002b64
	constant pool entry 14	50002b63
	constant pool entry 13	50002b62
	constant pool entry 12	50002b61
	constant pool entry 11	50002b60
	constant pool entry 10	50002b5f
	constant pool entry 9	50002b5e
	constant pool entry 8	50002b5d
	constant pool entry 7	50002b5c
	constant pool entry 6	50002b5b
	constant pool entry 5	50000dbf
CLS 50000bd9 (name=com.sun.tools.javac.main.Option$1, trace=300673)
	super		50000b92
	loader		500003d7
	domain		50000841
	constant pool entry 18	50000b92
CLS 50000bdf (name=javax.lang.model.type.TypeMirror, trace=300680)
CLS 50000be0 (name=com.sun.tools.javac.code.Type, trace=300673)
	super		50000b20
	loader		500003d7
CLS 50000c20 (name=com.sun.tools.javac.main.Option$2, trace=300673)
	super		50000b92
	loader		500003d7
	domain		50000841
	constant pool entry 39	5000016e
	constant pool entry 35	50000c20
	constant pool entry 33	50000b92
	constant pool entry 32	5000128e
	constant pool entry 2	50002b4b
CLS 50000c33 (name=javax.lang.model.type.ReferenceType, trace=300680)
CLS 50000c34 (name=javax.lang.model.type.DeclaredType, trace=300680)
CLS 50000c35 (name=javax.lang.model.type.ErrorType, trace=300680)
CLS 50000c67 (name=com.sun.tools.javac.main.Option$3, trace=300673)
	super		50000b92
	loader		500003d7
	domain		50000841
	constant pool entry 17	50000b92
CLS 50000c89 (name=com.sun.tools.javac.code.Type$ClassType, trace=300673)
	super		50000be0
	loader		500003d7
CLS 50000c8a (name=com.sun.tools.javac.code.Type$ErrorType, trace=300673)
	super		50000c89
	loader		500003d7
CLS 50000cae (name=com.sun.tools.javac.main.Option$4, trace=300673)
	super		50000b92
	loader		500003d7
	domain		50000841
	constant pool entry 17	50000b92
CLS 50000cdd (name=javax.lang.model.type.ArrayType, trace=300680)
CLS 50000cde (name=com.sun.tools.javac.code.Type$ArrayType, trace=300673)
	super		50000be0
	loader		500003d7
CLS 50000cf4 (name=com.sun.tools.javac.main.Option$5, trace=300673)
	super		50000b92
	loader		500003d7
	domain		50000841
	constant pool entry 15	50000b92
CLS 50000d33 (name=javax.lang.model.type.TypeVariable, trace=300680)
CLS 50000d34 (name=com.sun.tools.javac.code.Type$TypeVar, trace=300673)
	super		50000be0
	loader		500003d7
CLS 50000d3b (name=com.sun.tools.javac.main.Option$6, trace=300673)
	super		50000b92
	loader		500003d7
	domain		50000841
	constant pool entry 19	50000b92
CLS 50000d82 (name=com.sun.tools.javac.main.Option$7, trace=300673)
	super		50000b92
	loader		500003d7
	domain		50000841
	constant pool entry 21	50000b92
CLS 50000d8a (name=javax.lang.model.element.VariableElement, trace=300680)
CLS 50000d8b (name=com.sun.tools.javac.code.Symbol$VarSymbol, trace=300673)
	super		50000b21
	loader		500003d7
CLS 50000dc8 (name=com.sun.tools.javac.main.Option$8, trace=300673)
	super		50000b92
	loader		500003d7
	domain		50000841
	constant pool entry 15	50000b92
CLS 50000ddf (name=javax.lang.model.element.Parameterizable, trace=300680)
CLS 50000de0 (name=javax.lang.model.element.ExecutableElement, trace=300680)
CLS 50000de1 (name=com.sun.tools.javac.code.Symbol$MethodSymbol, trace=300673)
	super		50000b21
	loader		500003d7
CLS 50000e0e (name=com.sun.tools.javac.main.Option$9, trace=300673)
	super		50000b92
	loader		500003d7
	domain		50000841
	constant pool entry 15	50000b92
CLS 50000e2d (name=com.sun.tools.javac.code.Symbol$OperatorSymbol, trace=300673)
	super		50000de1
	loader		500003d7
CLS 50000e54 (name=com.sun.tools.javac.main.Option$10, trace=300673)
	super		50000b92
	loader		500003d7
	domain		50000841
	constant pool entry 13	50000b92
CLS 50000e7c (name=com.sun.tools.javac.code.Printer$1, trace=300673)
	super		50000479
	loader		500003d7
CLS 50000e9c (name=com.sun.tools.javac.main.Option$11, trace=300673)
	super		50000b92
	loader		500003d7
	domain		50000841
	constant pool entry 22	50000b92
CLS 50000ecf (name=javax.lang.model.type.PrimitiveType, trace=300680)
CLS 50000ed4 (name=javax.lang.model.type.WildcardType, trace=300680)
CLS 50000ed5 (name=com.sun.tools.javac.code.Type$AnnotatedType, trace=300673)
	super		50000be0
	loader		500003d7
CLS 50000ee3 (name=com.sun.tools.javac.main.Option$12, trace=300673)
	super		50000b92
	loader		500003d7
	domain		50000841
	constant pool entry 22	50000b92
CLS 50000f26 (name=com.sun.tools.javac.code.Type$WildcardType, trace=300673)
	super		50000be0
	loader		500003d7
CLS 50000f2a (name=com.sun.tools.javac.main.Option$13, trace=300673)
	super		50000b92
	loader		500003d7
	domain		50000841
	constant pool entry 22	50000b92
CLS 50000f33 (name=com.sun.tools.javac.util.JCDiagnostic$DiagnosticFlag[], trace=301061)
	super		50000172
	loader		500003d7
CLS 50000f71 (name=com.sun.tools.javac.main.Option$14, trace=300673)
	super		50000b92
	loader		500003d7
	domain		50000841
	constant pool entry 60	500000f7
	constant pool entry 33	50000172
	constant pool entry 32	5000167b
	constant pool entry 31	50001bf5
	constant pool entry 30	50000917
	constant pool entry 25	50000b92
	constant pool entry 24	500016ec
	constant pool entry 1	50002cc2
CLS 50000f8f (name=com.sun.tools.javac.util.Options, trace=300673)
	super		50000172
	loader		500003d7
	domain		50000841
	static optionsKey	50000f90
	constant pool entry 72	5000006a
	constant pool entry 71	500000b7
	constant pool entry 70	50000121
	constant pool entry 68	5000014b
	constant pool entry 67	50000172
	constant pool entry 65	50000f8f
	constant pool entry 64	50001ac3
	constant pool entry 63	50001506
	constant pool entry 62	50001681
	constant pool entry 61	50000b92
CLS 50000fb8 (name=com.sun.tools.javac.main.Option$15, trace=300673)
	super		50000b92
	loader		500003d7
	domain		50000841
	constant pool entry 25	50000b92
CLS 50000ff4 (name=com.sun.tools.javac.util.JCDiagnostic$Factory$1, trace=300673)
	super		50000172
	loader		500003d7
	domain		50000841
	constant pool entry 21	50000172
	constant pool entry 20	50000ff4
	constant pool entry 19	50001d2d
CLS 50001004 (name=javax.tools.DiagnosticListener, trace=300680)
CLS 50001017 (name=com.sun.tools.javac.main.Option$16, trace=300673)
	super		50000b92
	loader		500003d7
	domain		50000841
	constant pool entry 31	50000b92
CLS 5000105e (name=com.sun.tools.javac.main.Option$17, trace=300673)
	super		50000b92
	loader		500003d7
	domain		50000841
	constant pool entry 36	50000b92
CLS 5000106f (name=com.sun.tools.javac.util.BasicDiagnosticFormatter$BasicConfiguration$SourcePosition, trace=300673)
	super		50000068
	loader		500003d7
	domain		50000841
	static BOTTOM	50001070
	static AFTER_SUMMARY	50001071
	static $VALUES	50001073
	constant pool entry 51	500000f7
	constant pool entry 26	50000068
	constant pool entry 3	5000106f
	constant pool entry 2	50002d60
	constant pool entry 1	50002d5f
CLS 50001072 (name=com.sun.tools.javac.util.BasicDiagnosticFormatter$BasicConfiguration$SourcePosition[], trace=301083)
	super		50000172
	loader		500003d7
CLS 500010a5 (name=com.sun.tools.javac.main.Option$18, trace=300673)
	super		50000b92
	loader		500003d7
	domain		50000841
	constant pool entry 35	50000b92
CLS 500010c2 (name=com.sun.tools.javac.util.Log$1, trace=300673)
	super		50000172
	loader		500003d7
	domain		50000841
	constant pool entry 18	50000172
	constant pool entry 17	500010c2
	constant pool entry 16	50001bf5
CLS 500010c9 (name=java.util.LinkedHashSet, trace=300680)
	super		50000005
	constant pool entry 34	50000005
CLS 500010ec (name=com.sun.tools.javac.main.Option$19, trace=300673)
	super		50000b92
	loader		500003d7
	domain		50000841
	constant pool entry 34	50000b92
CLS 50001133 (name=com.sun.tools.javac.main.Option$20, trace=300673)
	super		50000b92
	loader		500003d7
	domain		50000841
	constant pool entry 16	50000b92
CLS 50001165 (name=java.util.AbstractQueue, trace=300680)
	super		500000e5
	constant pool entry 41	500000e5
CLS 50001166 (name=com.sun.tools.javac.util.ListBuffer, trace=300673)
	super		50001165
	loader		500003d7
	domain		50000841
	constant pool entry 64	50001165
	constant pool entry 62	50000172
	constant pool entry 60	50001166
	constant pool entry 59	50001ac3
CLS 50001179 (name=com.sun.tools.javac.main.Option$21, trace=300673)
	super		50000b92
	loader		500003d7
	domain		50000841
	constant pool entry 17	50000b92
CLS 500011b5 (name=com.sun.tools.javac.main.CommandLine, trace=300673)
	super		50000172
	loader		500003d7
	domain		50000841
	constant pool entry 102	500000f7
	constant pool entry 50	5000016e
	constant pool entry 43	50001166
	constant pool entry 42	50001ac3
	constant pool entry 40	500000c8
CLS 500011c0 (name=com.sun.tools.javac.main.Option$22, trace=300673)
	super		50000b92
	loader		500003d7
	domain		50000841
	constant pool entry 17	50000b92
CLS 500011d2 (name=java.util.regex.Pattern$SliceS, trace=301096)
	super		50000606
CLS 50001207 (name=com.sun.tools.javac.main.Option$23, trace=300673)
	super		50000b92
	loader		500003d7
	domain		50000841
	constant pool entry 25	50000b92
CLS 5000124e (name=com.sun.tools.javac.main.Option$24, trace=300673)
	super		50000b92
	loader		500003d7
	domain		50000841
	constant pool entry 28	50000b92
CLS 5000128d (name=com.sun.source.util.Plugin, trace=300673)
	loader		500003d7
	domain		50000841
CLS 5000128e (name=com.sun.tools.doclint.DocLint, trace=300673)
	super		50000172
	loader		500003d7
	domain		50000841
	static XMSGS_OPTION	50002b4a
	static XMSGS_CUSTOM_PREFIX	50002b4b
	static STATS	50002b4e
	static XIMPLICIT_HEADERS	50002b4d
	static XCUSTOM_TAGS_PREFIX	50002b4c
	static TAGS_SEPARATOR	50000e3d
	constant pool entry 210	5000016e
	constant pool entry 9	50002b4b
	constant pool entry 8	50002b4a
CLS 50001295 (name=com.sun.tools.javac.main.Option$25, trace=300673)
	super		50000b92
	loader		500003d7
	domain		50000841
	constant pool entry 25	50000b92
CLS 500012db (name=com.sun.tools.doclint.DocLint$BadArgs, trace=300673)
	super		50000163
	loader		500003d7
CLS 500012dc (name=com.sun.tools.javac.main.Option$26, trace=300673)
	super		50000b92
	loader		500003d7
	domain		50000841
	constant pool entry 16	50000b92
CLS 50001323 (name=com.sun.tools.javac.main.Option$27, trace=300673)
	super		50000b92
	loader		500003d7
	domain		50000841
	constant pool entry 34	50000b92
CLS 5000136a (name=com.sun.tools.javac.main.Option$OptionGroup, trace=300673)
	super		50000068
	loader		500003d7
	domain		50000841
	static BASIC	500013bf
	static FILEMANAGER	500013c0
	static INFO	500013c1
	static OPERAND	500013c2
	static $VALUES	500013c4
	constant pool entry 56	500000f7
	constant pool entry 28	50000068
	constant pool entry 26	500013c3
	constant pool entry 5	5000136a
	constant pool entry 4	50002c26
	constant pool entry 3	50002c25
	constant pool entry 2	50002c24
	constant pool entry 1	50002c22
CLS 500013b5 (name=com.sun.tools.javac.main.Option$OptionKind, trace=300673)
	super		50000068
	loader		500003d7
	domain		50000841
	static STANDARD	500013b6
	static EXTENDED	500013b7
	static HIDDEN	500013b8
	static $VALUES	500013be
	constant pool entry 52	500000f7
	constant pool entry 26	50000068
	constant pool entry 4	500013b5
	constant pool entry 3	50002c1c
	constant pool entry 2	50002c1f
	constant pool entry 1	50002c1e
CLS 500013bd (name=com.sun.tools.javac.main.Option$OptionKind[], trace=300712)
	super		50000172
	loader		500003d7
CLS 500013c3 (name=com.sun.tools.javac.main.Option$OptionGroup[], trace=300717)
	super		50000172
	loader		500003d7
CLS 5000140d (name=com.sun.tools.javac.main.Option$ChoiceKind, trace=300673)
	super		50000068
	loader		500003d7
	domain		50000841
	static ONEOF	5000140e
	static ANYOF	5000140f
	static $VALUES	50001411
	constant pool entry 48	500000f7
	constant pool entry 24	50000068
	constant pool entry 3	5000140d
	constant pool entry 2	50002c33
	constant pool entry 1	50002c31
CLS 50001410 (name=com.sun.tools.javac.main.Option$ChoiceKind[], trace=300722)
	super		50000172
	loader		500003d7
CLS 50001444 (name=com.sun.source.tree.TreeVisitor, trace=300673)
	loader		500003d7
CLS 50001445 (name=com.sun.source.util.TreeScanner, trace=300673)
	super		50000172
	loader		500003d7
CLS 50001446 (name=com.sun.source.util.TreePathScanner, trace=300673)
	super		50001445
	loader		500003d7
CLS 50001447 (name=com.sun.tools.doclint.DocLint$DeclScanner, trace=300673)
	super		50001446
	loader		500003d7
CLS 50001477 (name=com.sun.tools.javac.code.Lint$LintCategory, trace=300673)
	super		50000068
	loader		500003d7
	domain		50000841
	static AUXILIARYCLASS	50001478
	static CAST	5000150f
	static CLASSFILE	50001511
	static DEPRECATION	50001513
	static DEP_ANN	50001515
	static DIVZERO	50001517
	static EMPTY	50001519
	static FALLTHROUGH	5000151b
	static FINALLY	5000151d
	static OPTIONS	5000151f
	static OVERLOADS	50001521
	static OVERRIDES	50001523
	static PATH	50001525
	static PROCESSING	50001527
	static RAW	50001529
	static SERIAL	5000152b
	static STATIC	5000152d
	static SUNAPI	5000152f
	static TRY	50001531
	static UNCHECKED	50001533
	static VARARGS	50001535
	static $VALUES	50001538
	constant pool entry 195	500000f7
	constant pool entry 112	50000147
	constant pool entry 111	50000068
	constant pool entry 110	500014c0
	constant pool entry 109	50001537
	constant pool entry 43	50001477
	constant pool entry 42	50002c4d
	constant pool entry 41	50002c4f
	constant pool entry 40	50002c51
	constant pool entry 39	50002c53
	constant pool entry 38	500022b4
	constant pool entry 37	50002c55
	constant pool entry 36	50002c3e
	constant pool entry 35	50002c40
	constant pool entry 34	50000e43
	constant pool entry 33	50002c42
	constant pool entry 32	50002c44
	constant pool entry 31	50002c46
	constant pool entry 30	50002c48
	constant pool entry 29	50002c4a
	constant pool entry 28	50002c57
	constant pool entry 27	50002c59
	constant pool entry 26	50002c5d
	constant pool entry 25	50002c5b
	constant pool entry 24	50002c5f
	constant pool entry 23	50002c61
	constant pool entry 22	50002c63
	constant pool entry 21	50002d28
	constant pool entry 20	50002d27
	constant pool entry 19	50002d26
	constant pool entry 18	50002d25
	constant pool entry 17	50002d24
	constant pool entry 16	50002d23
	constant pool entry 15	50002d22
	constant pool entry 14	50002d21
	constant pool entry 13	50002d20
	constant pool entry 12	50002d1f
	constant pool entry 11	50002d1e
	constant pool entry 10	50002d1d
	constant pool entry 9	50002d1c
	constant pool entry 8	50002d1b
	constant pool entry 7	50002d1a
	constant pool entry 6	50002d19
	constant pool entry 5	50002d18
	constant pool entry 4	50002b81
	constant pool entry 3	50002d17
	constant pool entry 2	50002d16
	constant pool entry 1	50002d15
CLS 5000149e (name=com.sun.tools.doclint.DocLint$1, trace=300673)
	super		50001447
	loader		500003d7
CLS 500014c0 (name=com.sun.tools.javac.code.Lint, trace=300673)
	super		50000172
	loader		500003d7
	domain		50000841
	static lintKey	50001507
	static map	5000150c
	constant pool entry 84	5000002b
	constant pool entry 74	50001506
	constant pool entry 70	500014c0
CLS 500014ec (name=com.sun.tools.doclint.DocLint$2, trace=300673)
	super		50001447
	loader		500003d7
CLS 50001506 (name=com.sun.tools.javac.util.Context$Key, trace=300673)
	super		50000172
	loader		500003d7
	domain		50000841
	constant pool entry 14	50000172
CLS 50001537 (name=com.sun.tools.javac.code.Lint$LintCategory[], trace=300757)
	super		50000172
	loader		500003d7
CLS 500015ef (name=java.lang.AssertionError, trace=300680)
	super		50000165
CLS 50001600 (name=com.sun.source.util.TaskListener, trace=300673)
	loader		500003d7
CLS 50001601 (name=java.io.FileWriter, trace=300680)
	super		50000090
CLS 5000161f (name=com.sun.tools.javac.main.Option[], trace=300802)
	super		50000172
	loader		500003d7
CLS 50001625 (name=java.util.EnumSet, trace=300680)
	super		500000da
	static ZERO_LENGTH_ENUM_ARRAY	50001626
	constant pool entry 212	500000f7
	constant pool entry 103	500000cc
	constant pool entry 102	50000054
	constant pool entry 101	50001634
	constant pool entry 97	50001625
	constant pool entry 95	500000da
	constant pool entry 93	50000172
	constant pool entry 91	50000068
	constant pool entry 87	5000016a
CLS 5000162d (name=java.lang.Class$4, trace=300807)
	super		50000172
	constant pool entry 26	5000013e
	constant pool entry 25	50000172
	constant pool entry 24	5000162d
CLS 50001630 (name=sun.reflect.NativeMethodAccessorImpl, trace=300810)
	super		5000013a
	constant pool entry 45	500000e1
	constant pool entry 44	50001630
	constant pool entry 43	5000013a
CLS 50001632 (name=sun.reflect.DelegatingMethodAccessorImpl, trace=300812)
	super		5000013a
	constant pool entry 18	5000013a
	constant pool entry 17	50001632
CLS 50001634 (name=java.util.RegularEnumSet, trace=300814)
	super		50001625
	constant pool entry 71	50001637
	constant pool entry 70	50001634
	constant pool entry 69	50001625
	constant pool entry 67	50000172
	constant pool entry 66	50000109
	constant pool entry 65	50000068
CLS 50001637 (name=java.util.RegularEnumSet$EnumSetIterator, trace=300817)
	super		50000172
	constant pool entry 40	50001637
	constant pool entry 39	50001634
	constant pool entry 36	50000172
	constant pool entry 35	50000109
CLS 5000167b (name=com.sun.tools.javac.util.Log$PrefixKind, trace=300673)
	super		50000068
	loader		500003d7
	domain		50000841
	static JAVAC	5000167c
	static COMPILER_MISC	5000167d
	static $VALUES	5000167f
	constant pool entry 73	500000f7
	constant pool entry 34	50000121
	constant pool entry 33	50000068
	constant pool entry 5	5000167b
	constant pool entry 4	50002b45
	constant pool entry 3	50002b44
	constant pool entry 2	50002b43
	constant pool entry 1	50002b42
CLS 5000167e (name=com.sun.tools.javac.util.Log$PrefixKind[], trace=301104)
	super		50000172
	loader		500003d7
CLS 50001681 (name=com.sun.tools.javac.util.Context, trace=300673)
	super		50000172
	loader		500003d7
	domain		50000841
	constant pool entry 62	50000147
	constant pool entry 60	500000c6
	constant pool entry 57	50000172
	constant pool entry 53	50001506
	constant pool entry 52	5000186c
	constant pool entry 51	50001681
CLS 500016e2 (name=javax.tools.OptionChecker, trace=300680)
CLS 500016e3 (name=javax.tools.JavaFileManager, trace=300680)
CLS 500016e4 (name=javax.tools.StandardJavaFileManager, trace=300680)
CLS 500016ec (name=com.sun.tools.javac.main.JavaCompiler, trace=300673)
	super		50000172
	loader		500003d7
	domain		50000841
	static compilerKey	50001dd9
	static versionRBName	50000d27
	static versionRB	50001ebc
	static DEFAULT_COMPILE_POLICY	50001e41
	constant pool entry 642	50001e64
	constant pool entry 606	50001506
	constant pool entry 587	50001e3c
	constant pool entry 582	500016ec
	constant pool entry 26	50002a36
	constant pool entry 12	50000d27
CLS 5000172d (name=com.sun.tools.javac.util.BaseFileManager, trace=300673)
	super		50000172
	loader		500003d7
	domain		50000841
	static javacFileManagerOptions	50001a1a
	constant pool entry 161	5000172d
	constant pool entry 159	50000b92
CLS 5000172e (name=com.sun.tools.javac.file.JavacFileManager, trace=300673)
	super		5000172d
	loader		500003d7
	domain		50000841
	static symbolFileLocation	50001a1f
	static symbolFilePrefix	50001a20
	constant pool entry 821	500000f7
	constant pool entry 332	5000016e
	constant pool entry 321	5000011b
	constant pool entry 314	50001681
	constant pool entry 305	500019b3
	constant pool entry 298	50001a6a
	constant pool entry 297	5000172e
	constant pool entry 35	500016e3
	constant pool entry 28	50000e40
	constant pool entry 23	50002d96
	constant pool entry 14	50002d95
CLS 50001733 (name=java.nio.charset.IllegalCharsetNameException, trace=300680)
	super		50000052
CLS 50001738 (name=java.nio.charset.UnsupportedCharsetException, trace=300680)
	super		50000052
CLS 50001744 (name=com.sun.tools.javac.jvm.ClassWriter$PoolOverflow, trace=300673)
	super		50000163
	loader		500003d7
CLS 5000177e (name=com.sun.tools.javac.util.JCDiagnostic$DiagnosticPosition, trace=300673)
	loader		500003d7
CLS 50001799 (name=com.sun.tools.javac.jvm.ClassWriter$StringOverflow, trace=300673)
	super		50000163
	loader		500003d7
CLS 500017e4 (name=com.sun.tools.javac.code.Symbol$CompletionFailure, trace=300673)
	super		50000162
	loader		500003d7
CLS 500017e9 (name=javax.lang.model.element.QualifiedNameable, trace=300680)
CLS 500017ea (name=javax.lang.model.element.TypeElement, trace=300680)
CLS 50001813 (name=com.sun.tools.javac.main.OptionHelper$GrumpyHelper, trace=300673)
	super		50000917
	loader		500003d7
CLS 50001814 (name=com.sun.tools.javac.util.BaseFileManager$1, trace=300673)
	super		50001813
	loader		500003d7
CLS 50001821 (name=javax.tools.JavaFileObject$Kind, trace=300680)
	super		50000068
CLS 50001826 (name=java.net.MalformedURLException, trace=300680)
	super		500009c1
CLS 50001848 (name=com.sun.source.tree.CompilationUnitTree, trace=300673)
	loader		500003d7
CLS 5000186c (name=com.sun.tools.javac.util.Context$Factory, trace=300673)
	loader		500003d7
	domain		50000841
CLS 50001871 (name=javax.tools.FileObject, trace=300680)
CLS 50001872 (name=javax.tools.JavaFileObject, trace=300680)
CLS 5000187b (name=javax.tools.JavaFileManager$Location, trace=300680)
CLS 500018c0 (name=com.sun.tools.javac.util.Abort, trace=300673)
	super		50000165
	loader		500003d7
CLS 500018db (name=com.sun.tools.javac.file.ZipFileIndex$ZipFormatException, trace=300673)
	super		500009c1
	loader		500003d7
CLS 50001910 (name=com.sun.tools.javac.code.Symbol$ClassSymbol, trace=300673)
	super		50000b86
	loader		500003d7
CLS 50001921 (name=com.sun.tools.javac.file.JavacFileManager$Archive, trace=300673)
	loader		500003d7
CLS 5000196c (name=com.sun.tools.javac.file.RelativePath, trace=300673)
	super		50000172
	loader		500003d7
	domain		50000841
	constant pool entry 41	50000172
	constant pool entry 36	5000196c
CLS 500019b0 (name=com.sun.source.tree.IdentifierTree, trace=300673)
	loader		500003d7
CLS 500019b1 (name=com.sun.tools.javac.tree.JCTree$JCIdent, trace=300673)
	super		500007d4
	loader		500003d7
CLS 500019b3 (name=com.sun.tools.javac.file.RelativePath$RelativeDirectory, trace=300673)
	super		5000196c
	loader		500003d7
	domain		50000841
	constant pool entry 38	5000016e
	constant pool entry 35	5000196c
	constant pool entry 1	50000d9a
CLS 500019fa (name=com.sun.tools.javac.file.RelativePath$RelativeFile, trace=300673)
	super		5000196c
	loader		500003d7
CLS 50001a03 (name=java.io.UnsupportedEncodingException, trace=300680)
	super		500009c1
CLS 50001a08 (name=java.net.URISyntaxException, trace=300680)
	super		50000163
CLS 50001a19 (name=java.util.Collections$UnmodifiableSet, trace=300824)
	super		500000d5
	constant pool entry 27	500000d5
CLS 50001a6a (name=com.sun.tools.javac.file.JavacFileManager$1, trace=300673)
	super		50000172
	loader		500003d7
	domain		50000841
	constant pool entry 21	50000172
CLS 50001a7c (name=com.sun.source.tree.MemberSelectTree, trace=300673)
	loader		500003d7
CLS 50001a7d (name=com.sun.tools.javac.tree.JCTree$JCFieldAccess, trace=300673)
	super		500007d4
	loader		500003d7
CLS 50001ac3 (name=com.sun.tools.javac.util.List, trace=300673)
	super		500000e5
	loader		500003d7
	domain		50000841
	static EMPTY_LIST	50001b18
	static EMPTYITERATOR	50001b64
	constant pool entry 118	500000e5
	constant pool entry 107	50001e5e
	constant pool entry 106	50001b5e
	constant pool entry 105	50001b09
	constant pool entry 104	50001ac3
CLS 50001ad6 (name=com.sun.tools.javac.jvm.ClassReader$SourceCompleter, trace=300673)
	loader		500003d7
CLS 50001b09 (name=com.sun.tools.javac.util.List$1, trace=300673)
	super		50001ac3
	loader		500003d7
	domain		50000841
	constant pool entry 15	50001ac3
CLS 50001b12 (name=java.lang.UnsupportedOperationException, trace=300680)
	super		50000162
CLS 50001b17 (name=java.lang.IndexOutOfBoundsException, trace=300680)
	super		50000162
CLS 50001b35 (name=com.sun.tools.javac.code.Source, trace=300673)
	super		50000068
	loader		500003d7
	domain		50000841
	static JDK1_2	500002e9
	static JDK1_3	500002ea
	static JDK1_4	500002eb
	static JDK1_5	500002ec
	static JDK1_6	500002ed
	static JDK1_7	500002ee
	static JDK1_8	500002ef
	static sourceKey	500002f6
	static tab	500002f7
	static DEFAULT	500002ef
	static $VALUES	500002f5
	constant pool entry 255	500000f7
	constant pool entry 138	50000147
	constant pool entry 137	500000c6
	constant pool entry 135	50000068
	constant pool entry 133	50001506
	constant pool entry 130	50000b36
	constant pool entry 128	500002f3
	constant pool entry 19	50001b35
	constant pool entry 18	50002b2c
	constant pool entry 17	50002b2b
	constant pool entry 16	50002b2a
	constant pool entry 15	50002b29
	constant pool entry 14	50002b28
	constant pool entry 13	50002b27
	constant pool entry 12	50002b26
	constant pool entry 11	50002b25
	constant pool entry 10	50002b24
	constant pool entry 9	50002b23
	constant pool entry 8	50002b22
	constant pool entry 7	50002b21
	constant pool entry 6	50002b20
	constant pool entry 5	50002b1f
	constant pool entry 4	50002b1e
	constant pool entry 3	50001651
	constant pool entry 2	50002b1d
	constant pool entry 1	50002b1c
CLS 50001b5e (name=com.sun.tools.javac.util.List$2, trace=300673)
	super		50000172
	loader		500003d7
	domain		50000841
	constant pool entry 21	50000172
CLS 50001b63 (name=java.util.NoSuchElementException, trace=300680)
	super		50000162
CLS 50001b93 (name=com.sun.tools.javac.parser.Parser, trace=300673)
	loader		500003d7
CLS 50001be5 (name=javax.lang.model.element.PackageElement, trace=300680)
CLS 50001be8 (name=com.sun.tools.javac.code.Symbol$PackageSymbol, trace=300673)
	super		50000b86
	loader		500003d7
CLS 50001bf4 (name=com.sun.tools.javac.util.AbstractLog, trace=300673)
	super		50000172
	loader		500003d7
	domain		50000841
	constant pool entry 53	500000c6
	constant pool entry 52	50000172
	constant pool entry 45	50001bf4
CLS 50001bf5 (name=com.sun.tools.javac.util.Log, trace=300673)
	super		50001bf4
	loader		500003d7
	domain		50000841
	static logKey	50001ce3
	static outKey	50001ce4
	constant pool entry 251	50000005
	constant pool entry 247	5000016e
	constant pool entry 239	50000869
	constant pool entry 233	50000f8f
	constant pool entry 231	5000167b
	constant pool entry 227	50001c82
	constant pool entry 225	500010c2
	constant pool entry 224	50001bf5
	constant pool entry 223	50001e03
	constant pool entry 222	50001d2d
	constant pool entry 217	50001506
	constant pool entry 216	50001681
	constant pool entry 215	50000376
	constant pool entry 213	50001bf4
	constant pool entry 212	50000b92
	constant pool entry 18	50001004
	constant pool entry 14	50002b57
	constant pool entry 12	50002b56
	constant pool entry 11	50002b55
	constant pool entry 10	50002b54
	constant pool entry 8	50000ce7
CLS 50001c37 (name=com.sun.tools.javac.jvm.ClassReader$BadClassFile, trace=300673)
	super		500017e4
	loader		500003d7
CLS 50001c3b (name=com.sun.tools.javac.util.Log$DiagnosticHandler, trace=300673)
	super		50000172
	loader		500003d7
	domain		50000841
	constant pool entry 17	50000172
CLS 50001c82 (name=com.sun.tools.javac.util.Log$DefaultDiagnosticHandler, trace=300673)
	super		50001c3b
	loader		500003d7
	domain		50000841
	constant pool entry 52	50001c3b
	constant pool entry 51	50001c82
CLS 50001c8b (name=java.lang.NumberFormatException, trace=300680)
	super		50000052
CLS 50001c90 (name=javax.tools.Diagnostic, trace=300680)
CLS 50001c98 (name=com.sun.tools.javac.util.Log$DeferredDiagnosticHandler, trace=300673)
	super		50001c3b
	loader		500003d7
CLS 50001ce2 (name=com.sun.tools.javac.api.DiagnosticFormatter, trace=300673)
	loader		500003d7
	domain		50000841
CLS 50001d2d (name=com.sun.tools.javac.util.JCDiagnostic$Factory, trace=300673)
	super		50000172
	loader		500003d7
	domain		50000841
	static diagnosticFactoryKey	50001d75
	constant pool entry 80	50001625
	constant pool entry 78	50000172
	constant pool entry 77	50000f8f
	constant pool entry 76	50001e03
	constant pool entry 75	50000ff4
	constant pool entry 74	50001d2d
	constant pool entry 70	50001506
	constant pool entry 69	50001681
	constant pool entry 68	50000376
	constant pool entry 4	50001d74
	constant pool entry 3	50002d57
	constant pool entry 2	50002d56
CLS 50001d74 (name=com.sun.tools.javac.util.JCDiagnostic$DiagnosticFlag, trace=300673)
	super		50000068
	loader		500003d7
	domain		50000841
	static MANDATORY	50000f28
	static RESOLVE_ERROR	50000f29
	static SYNTAX	50000f2f
	static RECOVERABLE	50000f30
	static NON_DEFERRABLE	50000f31
	static COMPRESSED	50000f32
	static $VALUES	50000f34
	constant pool entry 64	500000f7
	constant pool entry 32	50000068
	constant pool entry 30	50000f33
	constant pool entry 7	50001d74
	constant pool entry 6	50002d89
	constant pool entry 5	50002d88
	constant pool entry 4	50002d87
	constant pool entry 3	50002d86
	constant pool entry 2	50002d85
	constant pool entry 1	50002d84
CLS 50001d8a (name=com.sun.source.tree.StatementTree, trace=300673)
	loader		500003d7
CLS 50001d8b (name=com.sun.source.tree.ClassTree, trace=300673)
	loader		500003d7
CLS 50001dd7 (name=com.sun.tools.javac.tree.JCTree$JCStatement, trace=300673)
	super		5000070a
	loader		500003d7
CLS 50001dd8 (name=com.sun.tools.javac.tree.JCTree$JCClassDecl, trace=300673)
	super		50001dd7
	loader		500003d7
CLS 50001e02 (name=com.sun.tools.javac.api.Messages, trace=300673)
	loader		500003d7
	domain		50000841
CLS 50001e03 (name=com.sun.tools.javac.util.JavacMessages, trace=300673)
	super		50000172
	loader		500003d7
	domain		50000841
	static messagesKey	50001e0e
	static defaultBundleName	50000c59
	constant pool entry 98	50001e64
	constant pool entry 97	50001e08
	constant pool entry 96	50000147
	constant pool entry 95	500000b7
	constant pool entry 94	500000c6
	constant pool entry 93	500001c0
	constant pool entry 92	50000152
	constant pool entry 90	5000016e
	constant pool entry 89	50000172
	constant pool entry 86	50001ac3
	constant pool entry 85	50001e03
	constant pool entry 84	50001506
	constant pool entry 83	50001681
	constant pool entry 6	5000002f
	constant pool entry 4	50000c59
CLS 50001e08 (name=java.util.MissingResourceException, trace=300680)
	super		50000162
	constant pool entry 20	50001e08
	constant pool entry 19	50000162
CLS 50001e0d (name=java.lang.InternalError, trace=300680)
	super		50000157
CLS 50001e3c (name=com.sun.tools.javac.main.JavaCompiler$CompilePolicy, trace=300673)
	super		50000068
	loader		500003d7
	domain		50000841
	static ATTR_ONLY	50001e3d
	static CHECK_ONLY	50001e3e
	static SIMPLE	50001e3f
	static BY_FILE	50001e40
	static BY_TODO	50001e41
	static $VALUES	50001e43
	constant pool entry 82	500000f7
	constant pool entry 45	50000068
	constant pool entry 11	50001e3c
	constant pool entry 5	50002b16
	constant pool entry 4	50002b15
	constant pool entry 3	50002b14
	constant pool entry 2	50002b13
	constant pool entry 1	50002b12
CLS 50001e42 (name=com.sun.tools.javac.main.JavaCompiler$CompilePolicy[], trace=301112)
	super		50000172
	loader		500003d7
CLS 50001e5e (name=com.sun.tools.javac.util.List$3, trace=300673)
	super		50000172
	loader		500003d7
	domain		50000841
	constant pool entry 28	50000172
	constant pool entry 27	50001e5e
	constant pool entry 26	50001ac3
CLS 50001e65 (name=java.util.ResourceBundle$1, trace=300844)
	super		50001e64
	constant pool entry 18	50001e64
CLS 50001e6a (name=java.util.spi.ResourceBundleControlProvider, trace=300849)
CLS 50001e6b (name=java.util.ServiceLoader, trace=300850)
	super		50000172
	static PREFIX	50002b05
	constant pool entry 135	50001e6e
	constant pool entry 134	50001e70
	constant pool entry 133	50001e6b
	constant pool entry 131	500000b9
	constant pool entry 129	5000006a
	constant pool entry 122	50000167
	constant pool entry 119	50000172
	constant pool entry 117	50000168
	constant pool entry 116	5000016a
	constant pool entry 7	50002b04
CLS 50001e6e (name=java.util.ServiceLoader$LazyIterator, trace=300853)
	super		50000172
	constant pool entry 101	50001e6e
	constant pool entry 99	50001e6b
	constant pool entry 95	500000b8
	constant pool entry 90	50000121
	constant pool entry 88	50000172
	constant pool entry 85	50000168
	constant pool entry 84	5000016a
	constant pool entry 5	50002b05
CLS 50001e70 (name=java.util.ServiceLoader$1, trace=300855)
	super		50000172
	constant pool entry 43	500000db
	constant pool entry 42	50001e6e
	constant pool entry 41	50001e70
	constant pool entry 40	50001e6b
	constant pool entry 37	5000006a
	constant pool entry 36	500000b7
	constant pool entry 34	50000172
CLS 50001e72 (name=java.util.LinkedHashMap$LinkedEntrySet, trace=300857)
	super		500000da
	constant pool entry 56	50001e72
	constant pool entry 55	50001e75
	constant pool entry 49	500000da
CLS 50001e74 (name=java.util.LinkedHashMap$LinkedHashIterator, trace=300859)
	super		50000172
	constant pool entry 43	50001e74
	constant pool entry 41	5000006a
	constant pool entry 37	50000172
CLS 50001e75 (name=java.util.LinkedHashMap$LinkedEntryIterator, trace=300859)
	super		50001e74
	constant pool entry 23	50001e74
	constant pool entry 22	50001e75
CLS 50001e7d (name=java.util.Enumeration[], trace=300865)
	super		50000172
CLS 50001e7f (name=sun.misc.Launcher$BootClassPathHolder, trace=300866)
	super		50000172
	static bcp	500020d7
	constant pool entry 31	50000004
	constant pool entry 30	50001e80
	constant pool entry 29	50001e7f
	constant pool entry 28	50000117
	constant pool entry 27	500000ef
	constant pool entry 24	5000000d
CLS 50001e80 (name=sun.misc.Launcher$BootClassPathHolder$1, trace=300867)
	super		50000172
	constant pool entry 42	50000040
	constant pool entry 41	50001e80
	constant pool entry 39	50000117
	constant pool entry 38	500000db
	constant pool entry 37	50000005
	constant pool entry 35	50000172
	constant pool entry 34	5000011b
CLS 50001eb2 (name=com.sun.tools.javac.resources.version, trace=300673)
	super		5000018a
	loader		500003d7
	domain		50000841
	constant pool entry 30	500000f7
	constant pool entry 24	5000018a
	constant pool entry 23	50000172
	constant pool entry 21	50000108
	constant pool entry 5	50002a36
	constant pool entry 4	50002a38
	constant pool entry 3	50002a33
	constant pool entry 2	50002a32
	constant pool entry 1	50001896
CLS 50001fd7 (name=java.lang.Object[][], trace=301115)
	super		50000172
CLS 5000204c (name=com.sun.tools.javac.resources.javac, trace=300673)
	super		5000018a
	loader		500003d7
	domain		50000841
	constant pool entry 420	500000f7
	constant pool entry 414	5000018a
	constant pool entry 413	50000172
	constant pool entry 411	50000108
	constant pool entry 200	50001b76
	constant pool entry 199	50001b75
	constant pool entry 198	50001b72
	constant pool entry 197	50001b71
	constant pool entry 196	50001b70
	constant pool entry 195	50001b6f
	constant pool entry 194	50001b6e
	constant pool entry 193	50001b6d
	constant pool entry 192	50001b6c
	constant pool entry 191	50001b6b
	constant pool entry 190	50001b6a
	constant pool entry 189	50001b69
	constant pool entry 188	50001b5d
	constant pool entry 187	50001b5c
	constant pool entry 186	50001b5b
	constant pool entry 185	50001b5a
	constant pool entry 184	50001b59
	constant pool entry 183	50001b58
	constant pool entry 182	50001b57
	constant pool entry 181	50001b56
	constant pool entry 180	50001b55
	constant pool entry 179	50001b54
	constant pool entry 178	50001b53
	constant pool entry 177	50001b51
	constant pool entry 176	50001b50
	constant pool entry 175	50001b4f
	constant pool entry 174	50001b4e
	constant pool entry 173	50001b4d
	constant pool entry 172	50001b4c
	constant pool entry 171	50001b4b
	constant pool entry 170	50001b4a
	constant pool entry 169	50001b49
	constant pool entry 168	50001b48
	constant pool entry 167	50001b47
	constant pool entry 166	50001b46
	constant pool entry 165	50001b45
	constant pool entry 164	50001b44
	constant pool entry 163	50001b43
	constant pool entry 162	50001b42
	constant pool entry 161	50001b41
	constant pool entry 160	50001b40
	constant pool entry 159	50001b3f
	constant pool entry 158	50001b3e
	constant pool entry 157	50001b3d
	constant pool entry 156	50001b3c
	constant pool entry 155	50001b3b
	constant pool entry 154	50001b3a
	constant pool entry 153	50001b34
	constant pool entry 152	50001b33
	constant pool entry 151	50001b32
	constant pool entry 150	50001b31
	constant pool entry 149	50001b30
	constant pool entry 148	50001b2f
	constant pool entry 147	50001b2e
	constant pool entry 146	50001b2d
	constant pool entry 145	50001b2c
	constant pool entry 144	50001b2b
	constant pool entry 143	50001b2a
	constant pool entry 142	50001b29
	constant pool entry 141	50001b28
	constant pool entry 140	50001b25
	constant pool entry 139	50001b24
	constant pool entry 138	50001b23
	constant pool entry 137	50001b22
	constant pool entry 136	50001b21
	constant pool entry 135	50001b20
	constant pool entry 134	50001b1f
	constant pool entry 133	50001b1e
	constant pool entry 132	50001b1d
	constant pool entry 131	50001b08
	constant pool entry 130	50001b07
	constant pool entry 129	50001b06
	constant pool entry 128	50001b05
	constant pool entry 127	50001b04
	constant pool entry 126	50001b03
	constant pool entry 125	50001b02
	constant pool entry 124	50001b01
	constant pool entry 123	50001b00
	constant pool entry 122	50001aff
	constant pool entry 121	50001afe
	constant pool entry 120	50001afc
	constant pool entry 119	50001afb
	constant pool entry 118	50001afa
	constant pool entry 117	50001af9
	constant pool entry 116	50001af8
	constant pool entry 115	50001af7
	constant pool entry 114	50001af6
	constant pool entry 113	50001af5
	constant pool entry 112	50001af4
	constant pool entry 111	50001af3
	constant pool entry 110	50001af2
	constant pool entry 109	50001af1
	constant pool entry 108	50001af0
	constant pool entry 107	50001aef
	constant pool entry 106	50001aee
	constant pool entry 105	50001aed
	constant pool entry 104	50001aec
	constant pool entry 103	50001aeb
	constant pool entry 102	50001aea
	constant pool entry 101	50001ae9
	constant pool entry 100	50001ae8
	constant pool entry 99	50001ae7
	constant pool entry 98	50001ae6
	constant pool entry 97	50001ae5
	constant pool entry 96	50001ae4
	constant pool entry 95	50001ae3
	constant pool entry 94	50001ae2
	constant pool entry 93	50001ae1
	constant pool entry 92	50001ae0
	constant pool entry 91	50001adf
	constant pool entry 90	50001ade
	constant pool entry 89	50001add
	constant pool entry 88	50001adc
	constant pool entry 87	50001adb
	constant pool entry 86	50001ad5
	constant pool entry 85	50001ad4
	constant pool entry 84	50001ad3
	constant pool entry 83	50001ad2
	constant pool entry 82	50001ad1
	constant pool entry 81	50001ad0
	constant pool entry 80	50001acf
	constant pool entry 79	50001ace
	constant pool entry 78	50001acd
	constant pool entry 77	50001acc
	constant pool entry 76	50001ac9
	constant pool entry 75	50001ac8
	constant pool entry 74	50001aba
	constant pool entry 73	50001ab9
	constant pool entry 72	50001ab8
	constant pool entry 71	50001ab7
	constant pool entry 70	50001ab6
	constant pool entry 69	50001ab5
	constant pool entry 68	50001ab4
	constant pool entry 67	50001ab3
	constant pool entry 66	50001ab2
	constant pool entry 65	50001ab1
	constant pool entry 64	50001ab0
	constant pool entry 63	50001aaf
	constant pool entry 62	50001aae
	constant pool entry 61	50001aad
	constant pool entry 60	50001aab
	constant pool entry 59	50001aaa
	constant pool entry 58	50001aa9
	constant pool entry 57	50001aa8
	constant pool entry 56	50001aa7
	constant pool entry 55	50001aa6
	constant pool entry 54	50001aa5
	constant pool entry 53	50001aa4
	constant pool entry 52	50001aa3
	constant pool entry 51	50001aa2
	constant pool entry 50	50001aa1
	constant pool entry 49	50001aa0
	constant pool entry 48	50001a9f
	constant pool entry 47	50001a9e
	constant pool entry 46	50001a9d
	constant pool entry 45	50001a9c
	constant pool entry 44	50001a9b
	constant pool entry 43	50001a9a
	constant pool entry 42	50001a99
	constant pool entry 41	50001a98
	constant pool entry 40	50001a97
	constant pool entry 39	50001a96
	constant pool entry 38	50001a95
	constant pool entry 37	50001a94
	constant pool entry 36	50001a93
	constant pool entry 35	50001a92
	constant pool entry 34	50001a91
	constant pool entry 33	50001a90
	constant pool entry 32	50001a8f
	constant pool entry 31	50001a8e
	constant pool entry 30	50001a8d
	constant pool entry 29	50001a8c
	constant pool entry 28	50001a8b
	constant pool entry 27	50001a8a
	constant pool entry 26	50001a89
	constant pool entry 25	50001a88
	constant pool entry 24	50001a87
	constant pool entry 23	50001a86
	constant pool entry 22	50001a7b
	constant pool entry 21	50001a7a
	constant pool entry 20	50001a79
	constant pool entry 19	50001a78
	constant pool entry 18	50001a77
	constant pool entry 17	50001a69
	constant pool entry 16	50001a68
	constant pool entry 15	50001a67
	constant pool entry 14	50001a66
	constant pool entry 13	50001a65
	constant pool entry 12	50001a62
	constant pool entry 11	50001a61
	constant pool entry 10	50001a60
	constant pool entry 9	50001a5f
	constant pool entry 8	50001a5d
	constant pool entry 7	50001a5c
	constant pool entry 6	50001a5b
	constant pool entry 5	50001a5a
	constant pool entry 4	50001a59
	constant pool entry 3	50001a58
	constant pool entry 2	50001a57
	constant pool entry 1	50001a56
CLS 500020e4 (name=sun.misc.URLClassPath$2, trace=300952)
	super		50000172
	constant pool entry 40	5000025b
	constant pool entry 39	500020e4
	constant pool entry 38	50000004
	constant pool entry 35	50000172
CLS 500020e6 (name=java.lang.ClassLoader$2, trace=300954)
	super		50000172
	constant pool entry 25	500000b8
	constant pool entry 24	50000172
	constant pool entry 23	500020e6
CLS 500020e8 (name=sun.misc.URLClassPath$1, trace=300956)
	super		50000172
	constant pool entry 40	5000025b
	constant pool entry 39	500020e8
	constant pool entry 38	50000004
	constant pool entry 35	50000172
CLS 500020ea (name=java.net.URLClassLoader$3, trace=300958)
	super		50000172
	constant pool entry 38	500000ef
	constant pool entry 37	5000225f
	constant pool entry 36	500020ea
	constant pool entry 35	5000011a
	constant pool entry 33	50000172
CLS 500020ec (name=sun.misc.CompoundEnumeration, trace=300960)
	super		50000172
	constant pool entry 25	500020ec
	constant pool entry 23	500000b8
	constant pool entry 22	50000172
CLS 5000217d (name=java.security.PrivilegedActionException, trace=300963)
	super		50000163
	constant pool entry 36	5000217d
	constant pool entry 31	50000163
CLS 5000225f (name=java.net.URLClassLoader$3$1, trace=300965)
	super		50000172
	constant pool entry 30	500000b8
	constant pool entry 28	5000225f
	constant pool entry 27	500020ea
	constant pool entry 25	50000172
CLS 50002261 (name=java.util.ResourceBundle$Control, trace=300967)
	super		50000172
	static FORMAT_DEFAULT	50002264
	static FORMAT_CLASS	50002267
	static FORMAT_PROPERTIES	5000226a
	static INSTANCE	5000226b
	static CANDIDATES_CACHE	5000226d
	constant pool entry 318	500000f7
	constant pool entry 164	5000226c
	constant pool entry 163	50000254
	constant pool entry 162	50002261
	constant pool entry 159	5000002f
	constant pool entry 157	500000dc
	constant pool entry 156	500000e8
	constant pool entry 155	50000095
	constant pool entry 154	500000dd
	constant pool entry 152	500000ef
	constant pool entry 147	50000121
	constant pool entry 146	5000016e
	constant pool entry 145	50000172
	constant pool entry 139	5000015c
	constant pool entry 138	50000168
	constant pool entry 136	5000016a
	constant pool entry 8	50001e64
	constant pool entry 6	50000e41
	constant pool entry 5	50002b08
	constant pool entry 4	50001b7a
	constant pool entry 3	5000189c
	constant pool entry 1	500005d6
CLS 5000226c (name=java.util.ResourceBundle$Control$CandidateListCache, trace=300973)
	super		5000002e
	constant pool entry 87	5000002e
	constant pool entry 86	5000001c
	constant pool entry 85	5000226c
	constant pool entry 81	5000002f
	constant pool entry 80	500000e7
	constant pool entry 79	50002277
	constant pool entry 77	5000016e
	constant pool entry 14	50000f18
	constant pool entry 13	50002b0c
	constant pool entry 12	50002b0b
	constant pool entry 11	50002b0a
	constant pool entry 1	500005d6
CLS 50002271 (name=java.util.ResourceBundle$CacheKey, trace=300978)
	super		50000172
	constant pool entry 94	50002274
	constant pool entry 93	50002271
	constant pool entry 92	50001e64
	constant pool entry 91	5000002f
	constant pool entry 89	5000016e
	constant pool entry 87	50000172
	constant pool entry 81	50000168
CLS 50002273 (name=java.util.ResourceBundle$CacheKeyReference, trace=300980)
CLS 50002274 (name=java.util.ResourceBundle$LoaderReference, trace=300980)
	super		50000151
	constant pool entry 18	50002274
	constant pool entry 14	50000151
CLS 50002276 (name=java.util.AbstractSequentialList, trace=300982)
	super		500000e4
	constant pool entry 38	500000e4
CLS 50002277 (name=java.util.LinkedList, trace=300982)
	super		50002276
	constant pool entry 304	500000f7
	constant pool entry 152	5000227f
	constant pool entry 147	50002277
	constant pool entry 144	50002276
	constant pool entry 141	50000172
CLS 5000227f (name=java.util.LinkedList$Node, trace=300990)
	super		50000172
	constant pool entry 19	5000227f
	constant pool entry 17	50000172
