HEAP DUMP BEGIN (4494 objects, 616328 bytes) Tue Jul 24 13:20:08 2018
ROOT 0 (kind=<thread>, id=200000, trace=300000)
ROOT 500003a4 (kind=<thread>, id=200003, trace=300000)
ROOT 500003a4 (kind=<thread block>, thread=200003)
ROOT 500003a4 (kind=<JNI local ref>, thread=200000, frame=0)
ROOT 500003a5 (kind=<thread>, id=200004, trace=300000)
ROOT 500003a5 (kind=<thread block>, thread=200004)
ROOT 500003a6 (kind=<thread>, id=200005, trace=300000)
ROOT 500003a6 (kind=<thread block>, thread=200005)
ROOT 500003a8 (kind=<thread>, id=200006, trace=300000)
ROOT 500003a8 (kind=<thread block>, thread=200006)
ROOT 500003a9 (kind=<Java stack>, thread=200000, frame=1)
ROOT 500003aa (kind=<Java stack>, thread=200000, frame=1)
ROOT 500003a9 (kind=<Java stack>, thread=200000, frame=2)
ROOT 500003a8 (kind=<Java stack>, thread=200000, frame=3)
ROOT 500003ad (kind=<Java stack>, thread=200000, frame=3)
ROOT 500003ae (kind=<thread>, id=200007, trace=300000)
ROOT 500003ae (kind=<thread block>, thread=200007)
ROOT 500003af (kind=<Java stack>, thread=200000, frame=1)
ROOT 500003af (kind=<Java stack>, thread=200000, frame=2)
ROOT 500003ae (kind=<Java stack>, thread=200000, frame=3)
ROOT 500003b0 (kind=<thread>, id=200008, trace=300000)
ROOT 500003b0 (kind=<thread block>, thread=200008)
ROOT 500003a1 (kind=<Java stack>, thread=200000, frame=1)
ROOT 5000039d (kind=<Java stack>, thread=200000, frame=2)
ROOT 500003b1 (kind=<Java stack>, thread=200000, frame=3)
ROOT 500003b2 (kind=<Java stack>, thread=200000, frame=5)
ROOT 5000016e (kind=<JNI global ref>, id=1, trace=300000)
ROOT 50000001 (kind=<JNI global ref>, id=2, trace=300000)
ROOT 50000172 (kind=<JNI global ref>, id=3, trace=300000)
ROOT 50000002 (kind=<JNI global ref>, id=4, trace=300000)
ROOT 50000003 (kind=<JNI global ref>, id=5, trace=300000)
ROOT 5000000f (kind=<JNI global ref>, id=6, trace=300000)
ROOT 50000004 (kind=<JNI global ref>, id=7, trace=300000)
ROOT 50000005 (kind=<JNI global ref>, id=8, trace=300000)
ROOT 500000da (kind=<JNI global ref>, id=9, trace=300000)
ROOT 50000006 (kind=<JNI global ref>, id=a, trace=300000)
ROOT 50000007 (kind=<JNI global ref>, id=b, trace=300000)
ROOT 50000008 (kind=<JNI global ref>, id=c, trace=300000)
ROOT 50000009 (kind=<JNI global ref>, id=d, trace=300000)
ROOT 5000000a (kind=<JNI global ref>, id=e, trace=300000)
ROOT 5000000b (kind=<JNI global ref>, id=f, trace=300000)
ROOT 5000000c (kind=<JNI global ref>, id=10, trace=300000)
ROOT 5000000d (kind=<JNI global ref>, id=11, trace=300000)
ROOT 5000000e (kind=<JNI global ref>, id=12, trace=300000)
ROOT 50000010 (kind=<JNI global ref>, id=13, trace=300000)
ROOT 50000011 (kind=<JNI global ref>, id=14, trace=300000)
ROOT 50000012 (kind=<JNI global ref>, id=15, trace=300000)
ROOT 50000013 (kind=<JNI global ref>, id=16, trace=300000)
ROOT 50000014 (kind=<JNI global ref>, id=17, trace=300000)
ROOT 50000060 (kind=<JNI global ref>, id=18, trace=300000)
ROOT 50000015 (kind=<JNI global ref>, id=19, trace=300000)
ROOT 50000016 (kind=<JNI global ref>, id=1a, trace=300000)
ROOT 50000017 (kind=<JNI global ref>, id=1b, trace=300000)
ROOT 50000018 (kind=<JNI global ref>, id=1c, trace=300000)
ROOT 50000019 (kind=<JNI global ref>, id=1d, trace=300000)
ROOT 50000152 (kind=<JNI global ref>, id=1e, trace=300000)
ROOT 5000001a (kind=<JNI global ref>, id=1f, trace=300000)
ROOT 5000001b (kind=<JNI global ref>, id=20, trace=300000)
ROOT 5000002e (kind=<JNI global ref>, id=21, trace=300000)
ROOT 5000001c (kind=<JNI global ref>, id=22, trace=300000)
ROOT 5000001d (kind=<JNI global ref>, id=23, trace=300000)
ROOT 50000020 (kind=<JNI global ref>, id=24, trace=300000)
ROOT 5000001e (kind=<JNI global ref>, id=25, trace=300000)
ROOT 5000001f (kind=<JNI global ref>, id=26, trace=300000)
ROOT 50000021 (kind=<JNI global ref>, id=27, trace=300000)
ROOT 50000022 (kind=<JNI global ref>, id=28, trace=300000)
ROOT 50000023 (kind=<JNI global ref>, id=29, trace=300000)
ROOT 50000024 (kind=<JNI global ref>, id=2a, trace=300000)
ROOT 50000025 (kind=<JNI global ref>, id=2b, trace=300000)
ROOT 50000026 (kind=<JNI global ref>, id=2c, trace=300000)
ROOT 50000027 (kind=<JNI global ref>, id=2d, trace=300000)
ROOT 50000028 (kind=<JNI global ref>, id=2e, trace=300000)
ROOT 50000029 (kind=<JNI global ref>, id=2f, trace=300000)
ROOT 5000002a (kind=<JNI global ref>, id=30, trace=300000)
ROOT 5000002b (kind=<JNI global ref>, id=31, trace=300000)
ROOT 500000d7 (kind=<JNI global ref>, id=32, trace=300000)
ROOT 5000002c (kind=<JNI global ref>, id=33, trace=300000)
ROOT 5000002d (kind=<JNI global ref>, id=34, trace=300000)
ROOT 5000002f (kind=<JNI global ref>, id=35, trace=300000)
ROOT 50000030 (kind=<JNI global ref>, id=36, trace=300000)
ROOT 50000031 (kind=<JNI global ref>, id=37, trace=300000)
ROOT 50000033 (kind=<JNI global ref>, id=38, trace=300000)
ROOT 50000032 (kind=<JNI global ref>, id=39, trace=300000)
ROOT 50000034 (kind=<JNI global ref>, id=3a, trace=300000)
ROOT 50000035 (kind=<JNI global ref>, id=3b, trace=300000)
ROOT 50000036 (kind=<JNI global ref>, id=3c, trace=300000)
ROOT 50000112 (kind=<JNI global ref>, id=3d, trace=300000)
ROOT 50000037 (kind=<JNI global ref>, id=3e, trace=300000)
ROOT 50000038 (kind=<JNI global ref>, id=3f, trace=300000)
ROOT 50000039 (kind=<JNI global ref>, id=40, trace=300000)
ROOT 5000003a (kind=<JNI global ref>, id=41, trace=300000)
ROOT 5000003e (kind=<JNI global ref>, id=42, trace=300000)
ROOT 5000003b (kind=<JNI global ref>, id=43, trace=300000)
ROOT 5000003c (kind=<JNI global ref>, id=44, trace=300000)
ROOT 5000003d (kind=<JNI global ref>, id=45, trace=300000)
ROOT 5000003f (kind=<JNI global ref>, id=46, trace=300000)
ROOT 50000040 (kind=<JNI global ref>, id=47, trace=300000)
ROOT 50000041 (kind=<JNI global ref>, id=48, trace=300000)
ROOT 50000042 (kind=<JNI global ref>, id=49, trace=300000)
ROOT 50000043 (kind=<JNI global ref>, id=4a, trace=300000)
ROOT 50000044 (kind=<JNI global ref>, id=4b, trace=300000)
ROOT 50000045 (kind=<JNI global ref>, id=4c, trace=300000)
ROOT 50000046 (kind=<JNI global ref>, id=4d, trace=300000)
ROOT 50000047 (kind=<JNI global ref>, id=4e, trace=300000)
ROOT 50000048 (kind=<JNI global ref>, id=4f, trace=300000)
ROOT 50000049 (kind=<JNI global ref>, id=50, trace=300000)
ROOT 5000004a (kind=<JNI global ref>, id=51, trace=300000)
ROOT 5000004b (kind=<JNI global ref>, id=52, trace=300000)
ROOT 50000151 (kind=<JNI global ref>, id=53, trace=300000)
ROOT 5000004c (kind=<JNI global ref>, id=54, trace=300000)
ROOT 5000004d (kind=<JNI global ref>, id=55, trace=300000)
ROOT 5000004e (kind=<JNI global ref>, id=56, trace=300000)
ROOT 5000004f (kind=<JNI global ref>, id=57, trace=300000)
ROOT 50000050 (kind=<JNI global ref>, id=58, trace=300000)
ROOT 50000051 (kind=<JNI global ref>, id=59, trace=300000)
ROOT 50000052 (kind=<JNI global ref>, id=5a, trace=300000)
ROOT 50000162 (kind=<JNI global ref>, id=5b, trace=300000)
ROOT 50000053 (kind=<JNI global ref>, id=5c, trace=300000)
ROOT 50000054 (kind=<JNI global ref>, id=5d, trace=300000)
ROOT 50000055 (kind=<JNI global ref>, id=5e, trace=300000)
ROOT 50000056 (kind=<JNI global ref>, id=5f, trace=300000)
ROOT 50000057 (kind=<JNI global ref>, id=60, trace=300000)
ROOT 50000058 (kind=<JNI global ref>, id=61, trace=300000)
ROOT 50000059 (kind=<JNI global ref>, id=62, trace=300000)
ROOT 5000005a (kind=<JNI global ref>, id=63, trace=300000)
ROOT 5000005b (kind=<JNI global ref>, id=64, trace=300000)
ROOT 5000005c (kind=<JNI global ref>, id=65, trace=300000)
ROOT 5000005d (kind=<JNI global ref>, id=66, trace=300000)
ROOT 5000005e (kind=<JNI global ref>, id=67, trace=300000)
ROOT 5000005f (kind=<JNI global ref>, id=68, trace=300000)
ROOT 500000c4 (kind=<JNI global ref>, id=69, trace=300000)
ROOT 50000061 (kind=<JNI global ref>, id=6a, trace=300000)
ROOT 50000062 (kind=<JNI global ref>, id=6b, trace=300000)
ROOT 50000063 (kind=<JNI global ref>, id=6c, trace=300000)
ROOT 50000064 (kind=<JNI global ref>, id=6d, trace=300000)
ROOT 50000065 (kind=<JNI global ref>, id=6e, trace=300000)
ROOT 50000066 (kind=<JNI global ref>, id=6f, trace=300000)
ROOT 50000067 (kind=<JNI global ref>, id=70, trace=300000)
ROOT 50000068 (kind=<JNI global ref>, id=71, trace=300000)
ROOT 50000069 (kind=<JNI global ref>, id=72, trace=300000)
ROOT 5000006a (kind=<JNI global ref>, id=73, trace=300000)
ROOT 500000c6 (kind=<JNI global ref>, id=74, trace=300000)
ROOT 5000006b (kind=<JNI global ref>, id=75, trace=300000)
ROOT 5000006c (kind=<JNI global ref>, id=76, trace=300000)
ROOT 5000006d (kind=<JNI global ref>, id=77, trace=300000)
ROOT 5000006e (kind=<JNI global ref>, id=78, trace=300000)
ROOT 5000006f (kind=<JNI global ref>, id=79, trace=300000)
ROOT 50000091 (kind=<JNI global ref>, id=7a, trace=300000)
ROOT 50000070 (kind=<JNI global ref>, id=7b, trace=300000)
ROOT 50000071 (kind=<JNI global ref>, id=7c, trace=300000)
ROOT 50000072 (kind=<JNI global ref>, id=7d, trace=300000)
ROOT 5000010f (kind=<JNI global ref>, id=7e, trace=300000)
ROOT 50000073 (kind=<JNI global ref>, id=7f, trace=300000)
ROOT 50000074 (kind=<JNI global ref>, id=80, trace=300000)
ROOT 50000075 (kind=<JNI global ref>, id=81, trace=300000)
ROOT 50000076 (kind=<JNI global ref>, id=82, trace=300000)
ROOT 50000077 (kind=<JNI global ref>, id=83, trace=300000)
ROOT 50000078 (kind=<JNI global ref>, id=84, trace=300000)
ROOT 50000079 (kind=<JNI global ref>, id=85, trace=300000)
ROOT 5000007a (kind=<JNI global ref>, id=86, trace=300000)
ROOT 5000007b (kind=<JNI global ref>, id=87, trace=300000)
ROOT 50000138 (kind=<JNI global ref>, id=88, trace=300000)
ROOT 5000007c (kind=<JNI global ref>, id=89, trace=300000)
ROOT 5000007d (kind=<JNI global ref>, id=8a, trace=300000)
ROOT 5000007e (kind=<JNI global ref>, id=8b, trace=300000)
ROOT 5000007f (kind=<JNI global ref>, id=8c, trace=300000)
ROOT 50000080 (kind=<JNI global ref>, id=8d, trace=300000)
ROOT 50000081 (kind=<JNI global ref>, id=8e, trace=300000)
ROOT 50000082 (kind=<JNI global ref>, id=8f, trace=300000)
ROOT 5000008e (kind=<JNI global ref>, id=90, trace=300000)
ROOT 50000083 (kind=<JNI global ref>, id=91, trace=300000)
ROOT 50000084 (kind=<JNI global ref>, id=92, trace=300000)
ROOT 50000085 (kind=<JNI global ref>, id=93, trace=300000)
ROOT 50000086 (kind=<JNI global ref>, id=94, trace=300000)
ROOT 50000087 (kind=<JNI global ref>, id=95, trace=300000)
ROOT 5000008a (kind=<JNI global ref>, id=96, trace=300000)
ROOT 50000088 (kind=<JNI global ref>, id=97, trace=300000)
ROOT 50000089 (kind=<JNI global ref>, id=98, trace=300000)
ROOT 5000008b (kind=<JNI global ref>, id=99, trace=300000)
ROOT 5000008c (kind=<JNI global ref>, id=9a, trace=300000)
ROOT 5000008d (kind=<JNI global ref>, id=9b, trace=300000)
ROOT 5000008f (kind=<JNI global ref>, id=9c, trace=300000)
ROOT 50000090 (kind=<JNI global ref>, id=9d, trace=300000)
ROOT 50000092 (kind=<JNI global ref>, id=9e, trace=300000)
ROOT 50000094 (kind=<JNI global ref>, id=9f, trace=300000)
ROOT 50000093 (kind=<JNI global ref>, id=a0, trace=300000)
ROOT 500000ae (kind=<JNI global ref>, id=a1, trace=300000)
ROOT 50000095 (kind=<JNI global ref>, id=a2, trace=300000)
ROOT 50000096 (kind=<JNI global ref>, id=a3, trace=300000)
ROOT 50000097 (kind=<JNI global ref>, id=a4, trace=300000)
ROOT 50000098 (kind=<JNI global ref>, id=a5, trace=300000)
ROOT 50000099 (kind=<JNI global ref>, id=a6, trace=300000)
ROOT 5000009a (kind=<JNI global ref>, id=a7, trace=300000)
ROOT 5000009b (kind=<JNI global ref>, id=a8, trace=300000)
ROOT 5000009c (kind=<JNI global ref>, id=a9, trace=300000)
ROOT 5000009d (kind=<JNI global ref>, id=aa, trace=300000)
ROOT 5000009e (kind=<JNI global ref>, id=ab, trace=300000)
ROOT 5000009f (kind=<JNI global ref>, id=ac, trace=300000)
ROOT 500000a0 (kind=<JNI global ref>, id=ad, trace=300000)
ROOT 500000a1 (kind=<JNI global ref>, id=ae, trace=300000)
ROOT 500000a2 (kind=<JNI global ref>, id=af, trace=300000)
ROOT 500000a3 (kind=<JNI global ref>, id=b0, trace=300000)
ROOT 500000a4 (kind=<JNI global ref>, id=b1, trace=300000)
ROOT 500000a5 (kind=<JNI global ref>, id=b2, trace=300000)
ROOT 500000a6 (kind=<JNI global ref>, id=b3, trace=300000)
ROOT 500000a7 (kind=<JNI global ref>, id=b4, trace=300000)
ROOT 500000a8 (kind=<JNI global ref>, id=b5, trace=300000)
ROOT 500000a9 (kind=<JNI global ref>, id=b6, trace=300000)
ROOT 500000aa (kind=<JNI global ref>, id=b7, trace=300000)
ROOT 500000ab (kind=<JNI global ref>, id=b8, trace=300000)
ROOT 500000ac (kind=<JNI global ref>, id=b9, trace=300000)
ROOT 5000011d (kind=<JNI global ref>, id=ba, trace=300000)
ROOT 500000ad (kind=<JNI global ref>, id=bb, trace=300000)
ROOT 500000af (kind=<JNI global ref>, id=bc, trace=300000)
ROOT 500000b0 (kind=<JNI global ref>, id=bd, trace=300000)
ROOT 500000b1 (kind=<JNI global ref>, id=be, trace=300000)
ROOT 500000b2 (kind=<JNI global ref>, id=bf, trace=300000)
ROOT 500000b3 (kind=<JNI global ref>, id=c0, trace=300000)
ROOT 500000b4 (kind=<JNI global ref>, id=c1, trace=300000)
ROOT 500000b5 (kind=<JNI global ref>, id=c2, trace=300000)
ROOT 500000b6 (kind=<JNI global ref>, id=c3, trace=300000)
ROOT 500000b7 (kind=<JNI global ref>, id=c4, trace=300000)
ROOT 500000b8 (kind=<JNI global ref>, id=c5, trace=300000)
ROOT 500000b9 (kind=<JNI global ref>, id=c6, trace=300000)
ROOT 500000ba (kind=<JNI global ref>, id=c7, trace=300000)
ROOT 500000bb (kind=<JNI global ref>, id=c8, trace=300000)
ROOT 500000bc (kind=<JNI global ref>, id=c9, trace=300000)
ROOT 500000bd (kind=<JNI global ref>, id=ca, trace=300000)
ROOT 5000014a (kind=<JNI global ref>, id=cb, trace=300000)
ROOT 500000be (kind=<JNI global ref>, id=cc, trace=300000)
ROOT 500000bf (kind=<JNI global ref>, id=cd, trace=300000)
ROOT 500000c0 (kind=<JNI global ref>, id=ce, trace=300000)
ROOT 500000c1 (kind=<JNI global ref>, id=cf, trace=300000)
ROOT 500000c2 (kind=<JNI global ref>, id=d0, trace=300000)
ROOT 500000c3 (kind=<JNI global ref>, id=d1, trace=300000)
ROOT 500000c5 (kind=<JNI global ref>, id=d2, trace=300000)
ROOT 500000c7 (kind=<JNI global ref>, id=d3, trace=300000)
ROOT 500000c8 (kind=<JNI global ref>, id=d4, trace=300000)
ROOT 500000c9 (kind=<JNI global ref>, id=d5, trace=300000)
ROOT 500000ca (kind=<JNI global ref>, id=d6, trace=300000)
ROOT 500000cb (kind=<JNI global ref>, id=d7, trace=300000)
ROOT 5000015b (kind=<JNI global ref>, id=d8, trace=300000)
ROOT 500000cc (kind=<JNI global ref>, id=d9, trace=300000)
ROOT 500000cd (kind=<JNI global ref>, id=da, trace=300000)
ROOT 500000ce (kind=<JNI global ref>, id=db, trace=300000)
ROOT 500000cf (kind=<JNI global ref>, id=dc, trace=300000)
ROOT 500000d0 (kind=<JNI global ref>, id=dd, trace=300000)
ROOT 500000d1 (kind=<JNI global ref>, id=de, trace=300000)
ROOT 500000d2 (kind=<JNI global ref>, id=df, trace=300000)
ROOT 5000014c (kind=<JNI global ref>, id=e0, trace=300000)
ROOT 500000d3 (kind=<JNI global ref>, id=e1, trace=300000)
ROOT 500000d4 (kind=<JNI global ref>, id=e2, trace=300000)
ROOT 500000d5 (kind=<JNI global ref>, id=e3, trace=300000)
ROOT 500000d6 (kind=<JNI global ref>, id=e4, trace=300000)
ROOT 500000d8 (kind=<JNI global ref>, id=e5, trace=300000)
ROOT 500000e4 (kind=<JNI global ref>, id=e6, trace=300000)
ROOT 500000d9 (kind=<JNI global ref>, id=e7, trace=300000)
ROOT 500000e5 (kind=<JNI global ref>, id=e8, trace=300000)
ROOT 500000db (kind=<JNI global ref>, id=e9, trace=300000)
ROOT 500000dc (kind=<JNI global ref>, id=ea, trace=300000)
ROOT 500000dd (kind=<JNI global ref>, id=eb, trace=300000)
ROOT 500000de (kind=<JNI global ref>, id=ec, trace=300000)
ROOT 50000163 (kind=<JNI global ref>, id=ed, trace=300000)
ROOT 500000df (kind=<JNI global ref>, id=ee, trace=300000)
ROOT 500000e0 (kind=<JNI global ref>, id=ef, trace=300000)
ROOT 500000e1 (kind=<JNI global ref>, id=f0, trace=300000)
ROOT 500000e2 (kind=<JNI global ref>, id=f1, trace=300000)
ROOT 500000e3 (kind=<JNI global ref>, id=f2, trace=300000)
ROOT 500000e6 (kind=<JNI global ref>, id=f3, trace=300000)
ROOT 500000e7 (kind=<JNI global ref>, id=f4, trace=300000)
ROOT 500000e8 (kind=<JNI global ref>, id=f5, trace=300000)
ROOT 500000e9 (kind=<JNI global ref>, id=f6, trace=300000)
ROOT 500000ea (kind=<JNI global ref>, id=f7, trace=300000)
ROOT 500000eb (kind=<JNI global ref>, id=f8, trace=300000)
ROOT 500000ec (kind=<JNI global ref>, id=f9, trace=300000)
ROOT 500000ed (kind=<JNI global ref>, id=fa, trace=300000)
ROOT 500000ee (kind=<JNI global ref>, id=fb, trace=300000)
ROOT 500000f1 (kind=<JNI global ref>, id=fc, trace=300000)
ROOT 500000ef (kind=<JNI global ref>, id=fd, trace=300000)
ROOT 500000f0 (kind=<JNI global ref>, id=fe, trace=300000)
ROOT 500000f2 (kind=<JNI global ref>, id=ff, trace=300000)
ROOT 500000f3 (kind=<JNI global ref>, id=100, trace=300000)
ROOT 500000f4 (kind=<JNI global ref>, id=101, trace=300000)
ROOT 500000f5 (kind=<JNI global ref>, id=102, trace=300000)
ROOT 500000f6 (kind=<JNI global ref>, id=103, trace=300000)
ROOT 500000f7 (kind=<JNI global ref>, id=104, trace=300000)
ROOT 500000f8 (kind=<JNI global ref>, id=105, trace=300000)
ROOT 500000f9 (kind=<JNI global ref>, id=106, trace=300000)
ROOT 500000fa (kind=<JNI global ref>, id=107, trace=300000)
ROOT 500000fb (kind=<JNI global ref>, id=108, trace=300000)
ROOT 500000fc (kind=<JNI global ref>, id=109, trace=300000)
ROOT 500000fd (kind=<JNI global ref>, id=10a, trace=300000)
ROOT 500000fe (kind=<JNI global ref>, id=10b, trace=300000)
ROOT 500000ff (kind=<JNI global ref>, id=10c, trace=300000)
ROOT 50000100 (kind=<JNI global ref>, id=10d, trace=300000)
ROOT 50000101 (kind=<JNI global ref>, id=10e, trace=300000)
ROOT 50000102 (kind=<JNI global ref>, id=10f, trace=300000)
ROOT 50000103 (kind=<JNI global ref>, id=110, trace=300000)
ROOT 50000104 (kind=<JNI global ref>, id=111, trace=300000)
ROOT 50000105 (kind=<JNI global ref>, id=112, trace=300000)
ROOT 50000106 (kind=<JNI global ref>, id=113, trace=300000)
ROOT 50000107 (kind=<JNI global ref>, id=114, trace=300000)
ROOT 50000108 (kind=<JNI global ref>, id=115, trace=300000)
ROOT 50000109 (kind=<JNI global ref>, id=116, trace=300000)
ROOT 5000010a (kind=<JNI global ref>, id=117, trace=300000)
ROOT 5000010b (kind=<JNI global ref>, id=118, trace=300000)
ROOT 5000010c (kind=<JNI global ref>, id=119, trace=300000)
ROOT 5000010d (kind=<JNI global ref>, id=11a, trace=300000)
ROOT 5000010e (kind=<JNI global ref>, id=11b, trace=300000)
ROOT 50000110 (kind=<JNI global ref>, id=11c, trace=300000)
ROOT 50000111 (kind=<JNI global ref>, id=11d, trace=300000)
ROOT 50000113 (kind=<JNI global ref>, id=11e, trace=300000)
ROOT 50000114 (kind=<JNI global ref>, id=11f, trace=300000)
ROOT 50000115 (kind=<JNI global ref>, id=120, trace=300000)
ROOT 5000011a (kind=<JNI global ref>, id=121, trace=300000)
ROOT 50000116 (kind=<JNI global ref>, id=122, trace=300000)
ROOT 50000117 (kind=<JNI global ref>, id=123, trace=300000)
ROOT 50000118 (kind=<JNI global ref>, id=124, trace=300000)
ROOT 50000119 (kind=<JNI global ref>, id=125, trace=300000)
ROOT 5000015e (kind=<JNI global ref>, id=126, trace=300000)
ROOT 5000011b (kind=<JNI global ref>, id=127, trace=300000)
ROOT 5000011c (kind=<JNI global ref>, id=128, trace=300000)
ROOT 5000011e (kind=<JNI global ref>, id=129, trace=300000)
ROOT 5000011f (kind=<JNI global ref>, id=12a, trace=300000)
ROOT 50000120 (kind=<JNI global ref>, id=12b, trace=300000)
ROOT 50000121 (kind=<JNI global ref>, id=12c, trace=300000)
ROOT 50000123 (kind=<JNI global ref>, id=12d, trace=300000)
ROOT 50000122 (kind=<JNI global ref>, id=12e, trace=300000)
ROOT 50000124 (kind=<JNI global ref>, id=12f, trace=300000)
ROOT 50000125 (kind=<JNI global ref>, id=130, trace=300000)
ROOT 50000128 (kind=<JNI global ref>, id=131, trace=300000)
ROOT 50000126 (kind=<JNI global ref>, id=132, trace=300000)
ROOT 50000127 (kind=<JNI global ref>, id=133, trace=300000)
ROOT 50000129 (kind=<JNI global ref>, id=134, trace=300000)
ROOT 5000012a (kind=<JNI global ref>, id=135, trace=300000)
ROOT 5000012b (kind=<JNI global ref>, id=136, trace=300000)
ROOT 5000012c (kind=<JNI global ref>, id=137, trace=300000)
ROOT 5000012d (kind=<JNI global ref>, id=138, trace=300000)
ROOT 5000012e (kind=<JNI global ref>, id=139, trace=300000)
ROOT 5000012f (kind=<JNI global ref>, id=13a, trace=300000)
ROOT 50000130 (kind=<JNI global ref>, id=13b, trace=300000)
ROOT 50000131 (kind=<JNI global ref>, id=13c, trace=300000)
ROOT 50000132 (kind=<JNI global ref>, id=13d, trace=300000)
ROOT 50000133 (kind=<JNI global ref>, id=13e, trace=300000)
ROOT 50000134 (kind=<JNI global ref>, id=13f, trace=300000)
ROOT 5000013c (kind=<JNI global ref>, id=140, trace=300000)
ROOT 50000135 (kind=<JNI global ref>, id=141, trace=300000)
ROOT 50000136 (kind=<JNI global ref>, id=142, trace=300000)
ROOT 50000137 (kind=<JNI global ref>, id=143, trace=300000)
ROOT 50000168 (kind=<JNI global ref>, id=144, trace=300000)
ROOT 50000139 (kind=<JNI global ref>, id=145, trace=300000)
ROOT 5000013a (kind=<JNI global ref>, id=146, trace=300000)
ROOT 5000013b (kind=<JNI global ref>, id=147, trace=300000)
ROOT 5000013d (kind=<JNI global ref>, id=148, trace=300000)
ROOT 5000013f (kind=<JNI global ref>, id=149, trace=300000)
ROOT 5000013e (kind=<JNI global ref>, id=14a, trace=300000)
ROOT 50000143 (kind=<JNI global ref>, id=14b, trace=300000)
ROOT 50000140 (kind=<JNI global ref>, id=14c, trace=300000)
ROOT 50000141 (kind=<JNI global ref>, id=14d, trace=300000)
ROOT 50000142 (kind=<JNI global ref>, id=14e, trace=300000)
ROOT 50000144 (kind=<JNI global ref>, id=14f, trace=300000)
ROOT 50000145 (kind=<JNI global ref>, id=150, trace=300000)
ROOT 50000146 (kind=<JNI global ref>, id=151, trace=300000)
ROOT 50000147 (kind=<JNI global ref>, id=152, trace=300000)
ROOT 50000148 (kind=<JNI global ref>, id=153, trace=300000)
ROOT 50000149 (kind=<JNI global ref>, id=154, trace=300000)
ROOT 5000014b (kind=<JNI global ref>, id=155, trace=300000)
ROOT 5000014d (kind=<JNI global ref>, id=156, trace=300000)
ROOT 50000150 (kind=<JNI global ref>, id=157, trace=300000)
ROOT 5000014e (kind=<JNI global ref>, id=158, trace=300000)
ROOT 5000014f (kind=<JNI global ref>, id=159, trace=300000)
ROOT 50000153 (kind=<JNI global ref>, id=15a, trace=300000)
ROOT 50000154 (kind=<JNI global ref>, id=15b, trace=300000)
ROOT 50000155 (kind=<JNI global ref>, id=15c, trace=300000)
ROOT 50000157 (kind=<JNI global ref>, id=15d, trace=300000)
ROOT 50000156 (kind=<JNI global ref>, id=15e, trace=300000)
ROOT 50000165 (kind=<JNI global ref>, id=15f, trace=300000)
ROOT 50000158 (kind=<JNI global ref>, id=160, trace=300000)
ROOT 50000159 (kind=<JNI global ref>, id=161, trace=300000)
ROOT 5000015a (kind=<JNI global ref>, id=162, trace=300000)
ROOT 5000015c (kind=<JNI global ref>, id=163, trace=300000)
ROOT 5000015d (kind=<JNI global ref>, id=164, trace=300000)
ROOT 5000015f (kind=<JNI global ref>, id=165, trace=300000)
ROOT 50000160 (kind=<JNI global ref>, id=166, trace=300000)
ROOT 50000161 (kind=<JNI global ref>, id=167, trace=300000)
ROOT 50000166 (kind=<JNI global ref>, id=168, trace=300000)
ROOT 50000164 (kind=<JNI global ref>, id=169, trace=300000)
ROOT 50000167 (kind=<JNI global ref>, id=16a, trace=300000)
ROOT 50000169 (kind=<JNI global ref>, id=16b, trace=300000)
ROOT 5000016a (kind=<JNI global ref>, id=16c, trace=300000)
ROOT 5000016b (kind=<JNI global ref>, id=16d, trace=300000)
ROOT 5000016c (kind=<JNI global ref>, id=16e, trace=300000)
ROOT 5000016d (kind=<JNI global ref>, id=16f, trace=300000)
ROOT 5000016e (kind=<JNI global ref>, id=170, trace=300000)
ROOT 5000016f (kind=<JNI global ref>, id=171, trace=300000)
ROOT 50000170 (kind=<JNI global ref>, id=172, trace=300000)
ROOT 50000171 (kind=<JNI global ref>, id=173, trace=300000)
ROOT 50000173 (kind=<JNI global ref>, id=174, trace=300000)
ROOT 50000174 (kind=<JNI global ref>, id=175, trace=300000)
ROOT 50000175 (kind=<JNI global ref>, id=176, trace=300000)
ROOT 50000176 (kind=<JNI global ref>, id=177, trace=300000)
ROOT 50000177 (kind=<JNI global ref>, id=178, trace=300000)
ROOT 50000178 (kind=<JNI global ref>, id=179, trace=300000)
ROOT 50000179 (kind=<JNI global ref>, id=17a, trace=300000)
ROOT 5000017a (kind=<JNI global ref>, id=17b, trace=300000)
ROOT 50000182 (kind=<JNI global ref>, id=17c, trace=300003)
ROOT 50000185 (kind=<JNI global ref>, id=17d, trace=300006)
ROOT 5000018e (kind=<JNI global ref>, id=17e, trace=300014)
ROOT 5000018f (kind=<JNI global ref>, id=17f, trace=300014)
ROOT 50000191 (kind=<JNI global ref>, id=180, trace=300016)
ROOT 50000193 (kind=<JNI global ref>, id=181, trace=300018)
ROOT 50000197 (kind=<JNI global ref>, id=182, trace=300021)
ROOT 50000198 (kind=<JNI global ref>, id=183, trace=300021)
ROOT 50000199 (kind=<JNI global ref>, id=184, trace=300022)
ROOT 5000019a (kind=<JNI global ref>, id=185, trace=300023)
ROOT 5000019f (kind=<JNI global ref>, id=186, trace=300027)
ROOT 500001a1 (kind=<JNI global ref>, id=187, trace=300029)
ROOT 500001a5 (kind=<JNI global ref>, id=188, trace=300033)
ROOT 500001a7 (kind=<JNI global ref>, id=189, trace=300035)
ROOT 500001a9 (kind=<JNI global ref>, id=18a, trace=300037)
ROOT 500001b0 (kind=<JNI global ref>, id=18b, trace=300000)
ROOT 500001b1 (kind=<JNI global ref>, id=18c, trace=300042)
ROOT 500001b3 (kind=<JNI global ref>, id=18d, trace=300044)
ROOT 500001b8 (kind=<JNI global ref>, id=18e, trace=300046)
ROOT 500001c3 (kind=<JNI global ref>, id=18f, trace=300054)
ROOT 500001d1 (kind=<JNI global ref>, id=190, trace=300066)
ROOT 500001d3 (kind=<JNI global ref>, id=191, trace=300068)
ROOT 500001e0 (kind=<JNI global ref>, id=192, trace=300077)
ROOT 5000020d (kind=<JNI global ref>, id=193, trace=300113)
ROOT 50000210 (kind=<JNI global ref>, id=194, trace=300116)
ROOT 50000212 (kind=<JNI global ref>, id=195, trace=300118)
ROOT 50000213 (kind=<JNI global ref>, id=196, trace=300119)
ROOT 5000021d (kind=<JNI global ref>, id=197, trace=300128)
ROOT 5000021e (kind=<JNI global ref>, id=198, trace=300128)
ROOT 50000228 (kind=<JNI global ref>, id=199, trace=300137)
ROOT 5000022a (kind=<JNI global ref>, id=19a, trace=300139)
ROOT 50000231 (kind=<JNI global ref>, id=19b, trace=300146)
ROOT 50000234 (kind=<JNI global ref>, id=19c, trace=300000)
ROOT 50000236 (kind=<JNI global ref>, id=19d, trace=300149)
ROOT 50000240 (kind=<JNI global ref>, id=19e, trace=300153)
ROOT 5000024b (kind=<JNI global ref>, id=19f, trace=300161)
ROOT 50000251 (kind=<JNI global ref>, id=1a0, trace=300167)
ROOT 50000257 (kind=<JNI global ref>, id=1a1, trace=300172)
ROOT 50000259 (kind=<JNI global ref>, id=1a2, trace=300174)
ROOT 5000025a (kind=<JNI global ref>, id=1a3, trace=300174)
ROOT 5000025b (kind=<JNI global ref>, id=1a4, trace=300175)
ROOT 5000025c (kind=<JNI global ref>, id=1a5, trace=300175)
ROOT 5000025d (kind=<JNI global ref>, id=1a6, trace=300176)
ROOT 5000025e (kind=<JNI global ref>, id=1a7, trace=300176)
ROOT 50000273 (kind=<JNI global ref>, id=1a8, trace=300195)
ROOT 50000274 (kind=<JNI global ref>, id=1a9, trace=300196)
ROOT 50000275 (kind=<JNI global ref>, id=1aa, trace=300196)
ROOT 50000278 (kind=<JNI global ref>, id=1ab, trace=300199)
ROOT 5000027d (kind=<JNI global ref>, id=1ac, trace=300203)
ROOT 50000476 (kind=<JNI global ref>, id=1ad, trace=300225)
ROOT 50000478 (kind=<JNI global ref>, id=1ae, trace=300227)
ROOT 5000048d (kind=<JNI global ref>, id=1af, trace=300241)
ROOT 5000048e (kind=<JNI global ref>, id=1b0, trace=300242)
ROOT 5000048f (kind=<JNI global ref>, id=1b1, trace=300242)
ROOT 50000499 (kind=<JNI global ref>, id=1b2, trace=300248)
ROOT 5000049d (kind=<JNI global ref>, id=1b3, trace=300249)
ROOT 500004a8 (kind=<JNI global ref>, id=1b4, trace=300128)
ROOT 500004be (kind=<JNI global ref>, id=1b5, trace=300128)
ROOT 500004d0 (kind=<JNI global ref>, id=1b6, trace=300128)
ROOT 500004e2 (kind=<JNI global ref>, id=1b7, trace=300128)
ROOT 500004f2 (kind=<JNI global ref>, id=1b8, trace=300261)
ROOT 500004f3 (kind=<JNI global ref>, id=1b9, trace=300261)
ROOT 500004f4 (kind=<JNI global ref>, id=1ba, trace=300261)
ROOT 500004f7 (kind=<JNI global ref>, id=1bb, trace=300264)
ROOT 500004f9 (kind=<JNI global ref>, id=1bc, trace=300266)
ROOT 500004fa (kind=<JNI global ref>, id=1bd, trace=300267)
ROOT 500004fc (kind=<JNI global ref>, id=1be, trace=300269)
ROOT 500004fe (kind=<JNI global ref>, id=1bf, trace=300271)
ROOT 50000500 (kind=<JNI global ref>, id=1c0, trace=300273)
ROOT 50000501 (kind=<JNI global ref>, id=1c1, trace=300273)
ROOT 50000502 (kind=<JNI global ref>, id=1c2, trace=300273)
ROOT 50000112 (kind=<JNI global ref>, id=1c3, trace=300000)
ROOT 50000500 (kind=<JNI global ref>, id=1c4, trace=300273)
ROOT 50000502 (kind=<JNI global ref>, id=1c5, trace=300273)
ROOT 50000505 (kind=<JNI global ref>, id=1c6, trace=300276)
ROOT 50000506 (kind=<JNI global ref>, id=1c7, trace=300276)
ROOT 50000517 (kind=<JNI global ref>, id=1c8, trace=300283)
ROOT 5000051f (kind=<JNI global ref>, id=1c9, trace=300288)
ROOT 50000550 (kind=<JNI global ref>, id=1ca, trace=300331)
ROOT 50000556 (kind=<JNI global ref>, id=1cb, trace=300336)
ROOT 50000557 (kind=<JNI global ref>, id=1cc, trace=300336)
ROOT 5000055c (kind=<JNI global ref>, id=1cd, trace=300341)
ROOT 50000560 (kind=<JNI global ref>, id=1ce, trace=300344)
ROOT 50000586 (kind=<JNI global ref>, id=1cf, trace=300367)
ROOT 50000587 (kind=<JNI global ref>, id=1d0, trace=300367)
ROOT 50000595 (kind=<JNI global ref>, id=1d1, trace=300376)
ROOT 50000599 (kind=<JNI global ref>, id=1d2, trace=300380)
ROOT 500005a8 (kind=<JNI global ref>, id=1d3, trace=300388)
ROOT 500005bb (kind=<JNI global ref>, id=1d4, trace=300407)
ROOT 500005c5 (kind=<JNI global ref>, id=1d5, trace=300410)
ROOT 500005ca (kind=<JNI global ref>, id=1d6, trace=300415)
ROOT 500005cb (kind=<JNI global ref>, id=1d7, trace=300416)
ROOT 500005cd (kind=<JNI global ref>, id=1d8, trace=300417)
ROOT 500005d6 (kind=<JNI global ref>, id=1d9, trace=300426)
ROOT 500005db (kind=<JNI global ref>, id=1da, trace=300431)
ROOT 500005ee (kind=<JNI global ref>, id=1db, trace=300445)
ROOT 500005ef (kind=<JNI global ref>, id=1dc, trace=300446)
ROOT 500005f0 (kind=<JNI global ref>, id=1dd, trace=300446)
ROOT 500005f1 (kind=<JNI global ref>, id=1de, trace=300446)
ROOT 500005f2 (kind=<JNI global ref>, id=1df, trace=300447)
ROOT 500005f3 (kind=<JNI global ref>, id=1e0, trace=300448)
ROOT 500005f4 (kind=<JNI global ref>, id=1e1, trace=300449)
ROOT 500005f5 (kind=<JNI global ref>, id=1e2, trace=300449)
ROOT 500005f8 (kind=<JNI global ref>, id=1e3, trace=300452)
ROOT 500005fd (kind=<JNI global ref>, id=1e4, trace=300457)
ROOT 500005fe (kind=<JNI global ref>, id=1e5, trace=300458)
ROOT 50000600 (kind=<JNI global ref>, id=1e6, trace=300459)
ROOT 50000601 (kind=<JNI global ref>, id=1e7, trace=300459)
ROOT 50000602 (kind=<JNI global ref>, id=1e8, trace=300459)
ROOT 50000604 (kind=<JNI global ref>, id=1e9, trace=300461)
ROOT 50000605 (kind=<JNI global ref>, id=1ea, trace=300461)
ROOT 50000606 (kind=<JNI global ref>, id=1eb, trace=300462)
ROOT 50000607 (kind=<JNI global ref>, id=1ec, trace=300463)
ROOT 50000608 (kind=<JNI global ref>, id=1ed, trace=300464)
ROOT 5000060a (kind=<JNI global ref>, id=1ee, trace=300466)
ROOT 50000611 (kind=<JNI global ref>, id=1ef, trace=300473)
ROOT 50000613 (kind=<JNI global ref>, id=1f0, trace=300475)
ROOT 50000617 (kind=<JNI global ref>, id=1f1, trace=300477)
ROOT 50000619 (kind=<JNI global ref>, id=1f2, trace=300479)
ROOT 5000061b (kind=<JNI global ref>, id=1f3, trace=300481)
ROOT 50000621 (kind=<JNI global ref>, id=1f4, trace=300484)
ROOT 50000623 (kind=<JNI global ref>, id=1f5, trace=300486)
ROOT 50000624 (kind=<JNI global ref>, id=1f6, trace=300487)
ROOT 50000635 (kind=<JNI global ref>, id=1f7, trace=300501)
ROOT 500006f6 (kind=<JNI global ref>, id=1f8, trace=300522)
ROOT 500006f8 (kind=<JNI global ref>, id=1f9, trace=300524)
ROOT 500006f9 (kind=<JNI global ref>, id=1fa, trace=300524)
ROOT 50000701 (kind=<JNI global ref>, id=1fb, trace=300528)
ROOT 5000070a (kind=<JNI global ref>, id=1fc, trace=300537)
ROOT 5000070d (kind=<JNI global ref>, id=1fd, trace=300540)
ROOT 5000070e (kind=<JNI global ref>, id=1fe, trace=300540)
ROOT 50000715 (kind=<JNI global ref>, id=1ff, trace=300547)
ROOT 50000717 (kind=<JNI global ref>, id=200, trace=300549)
ROOT 5000071b (kind=<JNI global ref>, id=201, trace=300553)
ROOT 5000071c (kind=<JNI global ref>, id=202, trace=300553)
ROOT 5000074a (kind=<JNI global ref>, id=203, trace=300563)
ROOT 5000074d (kind=<JNI global ref>, id=204, trace=300565)
ROOT 50000754 (kind=<JNI global ref>, id=205, trace=300572)
ROOT 50000759 (kind=<JNI global ref>, id=206, trace=300575)
ROOT 50000786 (kind=<JNI global ref>, id=207, trace=300581)
ROOT 500007a9 (kind=<JNI global ref>, id=208, trace=300597)
ROOT 500007ad (kind=<JNI global ref>, id=209, trace=300601)
ROOT 500007ae (kind=<JNI global ref>, id=20a, trace=300601)
ROOT 500007e0 (kind=<JNI global ref>, id=20b, trace=300626)
ROOT 500007e1 (kind=<JNI global ref>, id=20c, trace=300626)
ROOT 500007e2 (kind=<JNI global ref>, id=20d, trace=300626)
ROOT 500007e7 (kind=<JNI global ref>, id=20e, trace=300631)
ROOT 500007f7 (kind=<JNI global ref>, id=20f, trace=300640)
ROOT 500007fb (kind=<JNI global ref>, id=210, trace=300644)
ROOT 50000802 (kind=<JNI global ref>, id=211, trace=300647)
ROOT 50000816 (kind=<JNI global ref>, id=212, trace=300653)
ROOT 50000817 (kind=<JNI global ref>, id=213, trace=300654)
ROOT 50000819 (kind=<JNI global ref>, id=214, trace=300656)
ROOT 50000852 (kind=<JNI global ref>, id=215, trace=300673)
ROOT 50000853 (kind=<JNI global ref>, id=216, trace=300674)
ROOT 50000855 (kind=<JNI global ref>, id=217, trace=300676)
ROOT 50000857 (kind=<JNI global ref>, id=218, trace=300678)
ROOT 50000867 (kind=<JNI global ref>, id=219, trace=300680)
ROOT 50000869 (kind=<JNI global ref>, id=21a, trace=300682)
ROOT 500008c7 (kind=<JNI global ref>, id=21b, trace=300673)
ROOT 50000926 (kind=<JNI global ref>, id=21c, trace=300673)
ROOT 5000092e (kind=<JNI global ref>, id=21d, trace=300689)
ROOT 50000975 (kind=<JNI global ref>, id=21e, trace=300673)
ROOT 500009bc (kind=<JNI global ref>, id=21f, trace=300673)
ROOT 50000a19 (kind=<JNI global ref>, id=220, trace=300673)
ROOT 50000a1e (kind=<JNI global ref>, id=221, trace=300680)
ROOT 50000a1f (kind=<JNI global ref>, id=222, trace=300680)
ROOT 50000a75 (kind=<JNI global ref>, id=223, trace=300673)
ROOT 50000ad6 (kind=<JNI global ref>, id=224, trace=300673)
ROOT 50000b1c (kind=<JNI global ref>, id=225, trace=300673)
ROOT 50000b25 (kind=<JNI global ref>, id=226, trace=300680)
ROOT 50000b32 (kind=<JNI global ref>, id=227, trace=300680)
ROOT 50000b8e (kind=<JNI global ref>, id=228, trace=300673)
ROOT 50000bd6 (kind=<JNI global ref>, id=229, trace=300673)
ROOT 50000c1c (kind=<JNI global ref>, id=22a, trace=300673)
ROOT 50000c63 (kind=<JNI global ref>, id=22b, trace=300673)
ROOT 50000caa (kind=<JNI global ref>, id=22c, trace=300673)
ROOT 50000cf1 (kind=<JNI global ref>, id=22d, trace=300673)
ROOT 50000d37 (kind=<JNI global ref>, id=22e, trace=300673)
ROOT 50000d7e (kind=<JNI global ref>, id=22f, trace=300673)
ROOT 50000dc5 (kind=<JNI global ref>, id=230, trace=300673)
ROOT 50000e0b (kind=<JNI global ref>, id=231, trace=300673)
ROOT 50000e51 (kind=<JNI global ref>, id=232, trace=300673)
ROOT 50000e98 (kind=<JNI global ref>, id=233, trace=300673)
ROOT 50000edf (kind=<JNI global ref>, id=234, trace=300673)
ROOT 50000f26 (kind=<JNI global ref>, id=235, trace=300673)
ROOT 50000f6d (kind=<JNI global ref>, id=236, trace=300673)
ROOT 50000fb4 (kind=<JNI global ref>, id=237, trace=300673)
ROOT 5000100f (kind=<JNI global ref>, id=238, trace=300673)
ROOT 50001056 (kind=<JNI global ref>, id=239, trace=300673)
ROOT 5000109d (kind=<JNI global ref>, id=23a, trace=300673)
ROOT 500010e4 (kind=<JNI global ref>, id=23b, trace=300673)
ROOT 5000112b (kind=<JNI global ref>, id=23c, trace=300673)
ROOT 50001172 (kind=<JNI global ref>, id=23d, trace=300673)
ROOT 500011b8 (kind=<JNI global ref>, id=23e, trace=300673)
ROOT 500011ff (kind=<JNI global ref>, id=23f, trace=300673)
ROOT 50001246 (kind=<JNI global ref>, id=240, trace=300673)
ROOT 5000128d (kind=<JNI global ref>, id=241, trace=300673)
ROOT 500012d4 (kind=<JNI global ref>, id=242, trace=300673)
ROOT 5000131b (kind=<JNI global ref>, id=243, trace=300673)
ROOT 50001362 (kind=<JNI global ref>, id=244, trace=300673)
ROOT 500013ad (kind=<JNI global ref>, id=245, trace=300673)
ROOT 500013b5 (kind=<JNI global ref>, id=246, trace=300712)
ROOT 500013bb (kind=<JNI global ref>, id=247, trace=300717)
ROOT 50001405 (kind=<JNI global ref>, id=248, trace=300673)
ROOT 50001408 (kind=<JNI global ref>, id=249, trace=300722)
ROOT 5000146f (kind=<JNI global ref>, id=24a, trace=300673)
ROOT 500014b8 (kind=<JNI global ref>, id=24b, trace=300673)
ROOT 500014fe (kind=<JNI global ref>, id=24c, trace=300673)
ROOT 5000152f (kind=<JNI global ref>, id=24d, trace=300757)
ROOT 500015e7 (kind=<JNI global ref>, id=24e, trace=300680)
ROOT 500015f9 (kind=<JNI global ref>, id=24f, trace=300680)
ROOT 50001617 (kind=<JNI global ref>, id=250, trace=300802)
ROOT 5000161d (kind=<JNI global ref>, id=251, trace=300680)
ROOT 50001625 (kind=<JNI global ref>, id=252, trace=300807)
ROOT 50001628 (kind=<JNI global ref>, id=253, trace=300810)
ROOT 5000162a (kind=<JNI global ref>, id=254, trace=300812)
ROOT 5000162c (kind=<JNI global ref>, id=255, trace=300814)
ROOT 5000162f (kind=<JNI global ref>, id=256, trace=300817)
ROOT 50001679 (kind=<JNI global ref>, id=257, trace=300673)
ROOT 500016da (kind=<JNI global ref>, id=258, trace=300680)
ROOT 500016db (kind=<JNI global ref>, id=259, trace=300680)
ROOT 500016dc (kind=<JNI global ref>, id=25a, trace=300680)
ROOT 50001725 (kind=<JNI global ref>, id=25b, trace=300673)
ROOT 50001726 (kind=<JNI global ref>, id=25c, trace=300673)
ROOT 5000172f (kind=<JNI global ref>, id=25d, trace=300680)
ROOT 50001734 (kind=<JNI global ref>, id=25e, trace=300680)
ROOT 5000177a (kind=<JNI global ref>, id=25f, trace=300673)
ROOT 5000180f (kind=<JNI global ref>, id=260, trace=300673)
ROOT 50001810 (kind=<JNI global ref>, id=261, trace=300673)
ROOT 5000185a (kind=<JNI global ref>, id=262, trace=300673)
ROOT 5000185f (kind=<JNI global ref>, id=263, trace=300680)
ROOT 50001864 (kind=<JNI global ref>, id=264, trace=300680)
ROOT 50001869 (kind=<JNI global ref>, id=265, trace=300680)
ROOT 5000186e (kind=<JNI global ref>, id=266, trace=300680)
ROOT 500018b4 (kind=<JNI global ref>, id=267, trace=300673)
ROOT 50001914 (kind=<JNI global ref>, id=268, trace=300673)
ROOT 5000195f (kind=<JNI global ref>, id=269, trace=300673)
ROOT 500019a6 (kind=<JNI global ref>, id=26a, trace=300673)
ROOT 500019af (kind=<JNI global ref>, id=26b, trace=300680)
ROOT 500019f6 (kind=<JNI global ref>, id=26c, trace=300673)
ROOT 500019fb (kind=<JNI global ref>, id=26d, trace=300680)
ROOT 50001a00 (kind=<JNI global ref>, id=26e, trace=300680)
ROOT 50001a11 (kind=<JNI global ref>, id=26f, trace=300824)
ROOT 50001a62 (kind=<JNI global ref>, id=270, trace=300673)
ROOT 50001abb (kind=<JNI global ref>, id=271, trace=300673)
ROOT 50001b01 (kind=<JNI global ref>, id=272, trace=300673)
ROOT 50001b0a (kind=<JNI global ref>, id=273, trace=300680)
ROOT 50001b0f (kind=<JNI global ref>, id=274, trace=300680)
ROOT 50001b56 (kind=<JNI global ref>, id=275, trace=300673)
ROOT 50001b5b (kind=<JNI global ref>, id=276, trace=300680)
ROOT 50001bec (kind=<JNI global ref>, id=277, trace=300673)
ROOT 50001bed (kind=<JNI global ref>, id=278, trace=300673)
ROOT 50001c33 (kind=<JNI global ref>, id=279, trace=300673)
ROOT 50001c7a (kind=<JNI global ref>, id=27a, trace=300673)
ROOT 50001c83 (kind=<JNI global ref>, id=27b, trace=300680)
ROOT 50001cd5 (kind=<JNI global ref>, id=27c, trace=300673)
ROOT 50001cda (kind=<JNI global ref>, id=27d, trace=300680)
ROOT 50001d25 (kind=<JNI global ref>, id=27e, trace=300673)
ROOT 50001d6c (kind=<JNI global ref>, id=27f, trace=300673)
ROOT 50001dfa (kind=<JNI global ref>, id=280, trace=300673)
ROOT 50001dfb (kind=<JNI global ref>, id=281, trace=300673)
ROOT 50001e00 (kind=<JNI global ref>, id=282, trace=300680)
ROOT 50001e05 (kind=<JNI global ref>, id=283, trace=300680)
ROOT 50001e56 (kind=<JNI global ref>, id=284, trace=300673)
ROOT 50001e5c (kind=<JNI global ref>, id=285, trace=300680)
ROOT 50001e5d (kind=<JNI global ref>, id=286, trace=300844)
ROOT 50001e62 (kind=<JNI global ref>, id=287, trace=300849)
ROOT 50001e63 (kind=<JNI global ref>, id=288, trace=300850)
ROOT 50001e66 (kind=<JNI global ref>, id=289, trace=300853)
ROOT 50001e68 (kind=<JNI global ref>, id=28a, trace=300855)
ROOT 50001e6a (kind=<JNI global ref>, id=28b, trace=300857)
ROOT 50001e6c (kind=<JNI global ref>, id=28c, trace=300859)
ROOT 50001e6d (kind=<JNI global ref>, id=28d, trace=300859)
ROOT 50001e75 (kind=<JNI global ref>, id=28e, trace=300865)
ROOT 50001e77 (kind=<JNI global ref>, id=28f, trace=300866)
ROOT 50001e78 (kind=<JNI global ref>, id=290, trace=300867)
ROOT 500020dc (kind=<JNI global ref>, id=291, trace=300952)
ROOT 500020de (kind=<JNI global ref>, id=292, trace=300954)
ROOT 500020e0 (kind=<JNI global ref>, id=293, trace=300956)
ROOT 500020e2 (kind=<JNI global ref>, id=294, trace=300958)
ROOT 500020e4 (kind=<JNI global ref>, id=295, trace=300960)
ROOT 50002175 (kind=<JNI global ref>, id=296, trace=300963)
ROOT 50002257 (kind=<JNI global ref>, id=297, trace=300965)
ROOT 50002259 (kind=<JNI global ref>, id=298, trace=300967)
ROOT 50002264 (kind=<JNI global ref>, id=299, trace=300973)
ROOT 50002269 (kind=<JNI global ref>, id=29a, trace=300978)
ROOT 5000226b (kind=<JNI global ref>, id=29b, trace=300980)
ROOT 5000226c (kind=<JNI global ref>, id=29c, trace=300980)
ROOT 5000226e (kind=<JNI global ref>, id=29d, trace=300982)
ROOT 5000226f (kind=<JNI global ref>, id=29e, trace=300982)
ROOT 50002277 (kind=<JNI global ref>, id=29f, trace=300990)
ROOT 500001ad (kind=<JNI global ref>, id=2a0, trace=300680)
ROOT 500001b6 (kind=<JNI global ref>, id=2a1, trace=300673)
ROOT 500001c2 (kind=<JNI global ref>, id=2a2, trace=301004)
ROOT 50000264 (kind=<JNI global ref>, id=2a3, trace=301018)
ROOT 50000266 (kind=<JNI global ref>, id=2a4, trace=301020)
ROOT 50000373 (kind=<JNI global ref>, id=2a5, trace=300673)
ROOT 50000374 (kind=<JNI global ref>, id=2a6, trace=300673)
ROOT 50000421 (kind=<JNI global ref>, id=2a7, trace=300673)
ROOT 50000475 (kind=<JNI global ref>, id=2a8, trace=300673)
ROOT 50000477 (kind=<JNI global ref>, id=2a9, trace=300673)
ROOT 500004e0 (kind=<JNI global ref>, id=2aa, trace=300673)
ROOT 500006fa (kind=<JNI global ref>, id=2ab, trace=300673)
ROOT 50000708 (kind=<JNI global ref>, id=2ac, trace=300673)
ROOT 500007d1 (kind=<JNI global ref>, id=2ad, trace=300673)
ROOT 500007d2 (kind=<JNI global ref>, id=2ae, trace=300673)
ROOT 50000837 (kind=<JNI global ref>, id=2af, trace=300673)
ROOT 500008ad (kind=<JNI global ref>, id=2b0, trace=300673)
ROOT 50000909 (kind=<JNI global ref>, id=2b1, trace=300673)
ROOT 5000095f (kind=<JNI global ref>, id=2b2, trace=300673)
ROOT 50000965 (kind=<JNI global ref>, id=2b3, trace=301032)
ROOT 500009ce (kind=<JNI global ref>, id=2b4, trace=300673)
ROOT 500009d1 (kind=<JNI global ref>, id=2b5, trace=301037)
ROOT 500009de (kind=<JNI global ref>, id=2b6, trace=300680)
ROOT 500009df (kind=<JNI global ref>, id=2b7, trace=301039)
ROOT 50000a48 (kind=<JNI global ref>, id=2b8, trace=300673)
ROOT 50000a57 (kind=<JNI global ref>, id=2b9, trace=301049)
ROOT 50000abc (kind=<JNI global ref>, id=2ba, trace=300680)
ROOT 50000abd (kind=<JNI global ref>, id=2bb, trace=300680)
ROOT 50000b15 (kind=<JNI global ref>, id=2bc, trace=300673)
ROOT 50000b16 (kind=<JNI global ref>, id=2bd, trace=300673)
ROOT 50000b88 (kind=<JNI global ref>, id=2be, trace=300673)
ROOT 50000be1 (kind=<JNI global ref>, id=2bf, trace=300680)
ROOT 50000be2 (kind=<JNI global ref>, id=2c0, trace=300673)
ROOT 50000c35 (kind=<JNI global ref>, id=2c1, trace=300680)
ROOT 50000c36 (kind=<JNI global ref>, id=2c2, trace=300680)
ROOT 50000c37 (kind=<JNI global ref>, id=2c3, trace=300673)
ROOT 50000c8a (kind=<JNI global ref>, id=2c4, trace=300680)
ROOT 50000c8b (kind=<JNI global ref>, id=2c5, trace=300680)
ROOT 50000cdf (kind=<JNI global ref>, id=2c6, trace=300673)
ROOT 50000ce0 (kind=<JNI global ref>, id=2c7, trace=300673)
ROOT 50000d35 (kind=<JNI global ref>, id=2c8, trace=300680)
ROOT 50000d36 (kind=<JNI global ref>, id=2c9, trace=300673)
ROOT 50000d8c (kind=<JNI global ref>, id=2ca, trace=300680)
ROOT 50000d8d (kind=<JNI global ref>, id=2cb, trace=300673)
ROOT 50000ddc (kind=<JNI global ref>, id=2cc, trace=300673)
ROOT 50000e2f (kind=<JNI global ref>, id=2cd, trace=300680)
ROOT 50000e34 (kind=<JNI global ref>, id=2ce, trace=300680)
ROOT 50000e35 (kind=<JNI global ref>, id=2cf, trace=300673)
ROOT 50000e82 (kind=<JNI global ref>, id=2d0, trace=300673)
ROOT 50000ed8 (kind=<JNI global ref>, id=2d1, trace=300680)
ROOT 50000ed9 (kind=<JNI global ref>, id=2d2, trace=300680)
ROOT 50000eda (kind=<JNI global ref>, id=2d3, trace=300673)
ROOT 50000f2d (kind=<JNI global ref>, id=2d4, trace=300673)
ROOT 50000f35 (kind=<JNI global ref>, id=2d5, trace=301061)
ROOT 50000f91 (kind=<JNI global ref>, id=2d6, trace=300673)
ROOT 50000ff2 (kind=<JNI global ref>, id=2d7, trace=300673)
ROOT 50001004 (kind=<JNI global ref>, id=2d8, trace=300680)
ROOT 5000106d (kind=<JNI global ref>, id=2d9, trace=300673)
ROOT 50001070 (kind=<JNI global ref>, id=2da, trace=301083)
ROOT 500010c0 (kind=<JNI global ref>, id=2db, trace=300673)
ROOT 500010c7 (kind=<JNI global ref>, id=2dc, trace=300680)
ROOT 50001163 (kind=<JNI global ref>, id=2dd, trace=300680)
ROOT 50001164 (kind=<JNI global ref>, id=2de, trace=300673)
ROOT 500011b5 (kind=<JNI global ref>, id=2df, trace=300673)
ROOT 500011d0 (kind=<JNI global ref>, id=2e0, trace=301096)
ROOT 5000128b (kind=<JNI global ref>, id=2e1, trace=300673)
ROOT 5000128c (kind=<JNI global ref>, id=2e2, trace=300673)
ROOT 500012de (kind=<JNI global ref>, id=2e3, trace=300673)
ROOT 50001442 (kind=<JNI global ref>, id=2e4, trace=300673)
ROOT 50001443 (kind=<JNI global ref>, id=2e5, trace=300673)
ROOT 50001444 (kind=<JNI global ref>, id=2e6, trace=300673)
ROOT 50001445 (kind=<JNI global ref>, id=2e7, trace=300673)
ROOT 5000149c (kind=<JNI global ref>, id=2e8, trace=300673)
ROOT 500014ea (kind=<JNI global ref>, id=2e9, trace=300673)
ROOT 50001621 (kind=<JNI global ref>, id=2ea, trace=300673)
ROOT 50001686 (kind=<JNI global ref>, id=2eb, trace=300673)
ROOT 50001689 (kind=<JNI global ref>, id=2ec, trace=301104)
ROOT 500016ea (kind=<JNI global ref>, id=2ed, trace=300673)
ROOT 50001745 (kind=<JNI global ref>, id=2ee, trace=300673)
ROOT 5000179a (kind=<JNI global ref>, id=2ef, trace=300673)
ROOT 500017e4 (kind=<JNI global ref>, id=2f0, trace=300673)
ROOT 50001839 (kind=<JNI global ref>, id=2f1, trace=300673)
ROOT 500018a5 (kind=<JNI global ref>, id=2f2, trace=300673)
ROOT 5000190c (kind=<JNI global ref>, id=2f3, trace=300673)
ROOT 50001971 (kind=<JNI global ref>, id=2f4, trace=300680)
ROOT 50001972 (kind=<JNI global ref>, id=2f5, trace=300680)
ROOT 50001973 (kind=<JNI global ref>, id=2f6, trace=300673)
ROOT 50001a36 (kind=<JNI global ref>, id=2f7, trace=300673)
ROOT 50001a37 (kind=<JNI global ref>, id=2f8, trace=300673)
ROOT 50001ae1 (kind=<JNI global ref>, id=2f9, trace=300673)
ROOT 50001ae2 (kind=<JNI global ref>, id=2fa, trace=300673)
ROOT 50001b3e (kind=<JNI global ref>, id=2fb, trace=300673)
ROOT 50001b91 (kind=<JNI global ref>, id=2fc, trace=300673)
ROOT 50001be5 (kind=<JNI global ref>, id=2fd, trace=300680)
ROOT 50001be6 (kind=<JNI global ref>, id=2fe, trace=300673)
ROOT 50001c3a (kind=<JNI global ref>, id=2ff, trace=300673)
ROOT 50001d39 (kind=<JNI global ref>, id=300, trace=300673)
ROOT 50001d3a (kind=<JNI global ref>, id=301, trace=300673)
ROOT 50001d88 (kind=<JNI global ref>, id=302, trace=300673)
ROOT 50001d89 (kind=<JNI global ref>, id=303, trace=300673)
ROOT 50001dd6 (kind=<JNI global ref>, id=304, trace=300673)
ROOT 50001e3a (kind=<JNI global ref>, id=305, trace=300673)
ROOT 50001e40 (kind=<JNI global ref>, id=306, trace=301112)
ROOT 50001eb2 (kind=<JNI global ref>, id=307, trace=300673)
ROOT 50001fd5 (kind=<JNI global ref>, id=308, trace=301115)
ROOT 5000204a (kind=<JNI global ref>, id=309, trace=300673)
ROOT 50000183 (kind=<JNI global ref>, id=30a, trace=300000)
ROOT 50000188 (kind=<JNI global ref>, id=30b, trace=300680)
ROOT 50000189 (kind=<JNI global ref>, id=30c, trace=300680)
ROOT 500001c8 (kind=<JNI global ref>, id=30d, trace=301855)
ROOT 500001d4 (kind=<JNI global ref>, id=30e, trace=301858)
ROOT 500001d7 (kind=<JNI global ref>, id=30f, trace=301861)
ROOT 500001d9 (kind=<JNI global ref>, id=310, trace=301862)
ROOT 500001f3 (kind=<JNI global ref>, id=311, trace=301871)
ROOT 50000216 (kind=<JNI global ref>, id=312, trace=301883)
ROOT 50000219 (kind=<JNI global ref>, id=313, trace=301886)
ROOT 5000021a (kind=<JNI global ref>, id=314, trace=301887)
ROOT 5000021b (kind=<JNI global ref>, id=315, trace=301887)
ROOT 5000021c (kind=<JNI global ref>, id=316, trace=301887)
ROOT 500002dc (kind=<JNI global ref>, id=317, trace=301905)
ROOT 500002fb (kind=<JNI global ref>, id=318, trace=301917)
ROOT 50000395 (kind=<JNI global ref>, id=319, trace=300673)
ROOT 5000039b (kind=<JNI global ref>, id=31a, trace=301928)
ROOT 5000039d (kind=<JNI global ref>, id=31b, trace=301929)
ROOT 5000039f (kind=<JNI global ref>, id=31c, trace=301931)
ROOT 500003a2 (kind=<JNI global ref>, id=31d, trace=300000)
ROOT 500003a3 (kind=<JNI global ref>, id=31e, trace=300000)
ROOT 500003b3 (kind=<unknown>)
ROOT 500003b4 (kind=<unknown>)
ROOT 500003b5 (kind=<unknown>)
ROOT 500003b9 (kind=<unknown>)
ROOT 500003bb (kind=<unknown>)
ROOT 500003be (kind=<unknown>)
ROOT 500003bf (kind=<unknown>)
ROOT 500003c0 (kind=<unknown>)
ROOT 500003c1 (kind=<unknown>)
ROOT 500003c2 (kind=<unknown>)
ROOT 500003c3 (kind=<unknown>)
ROOT 500003c4 (kind=<unknown>)
ROOT 500003c5 (kind=<unknown>)
ROOT 500003c6 (kind=<unknown>)
ROOT 500003c7 (kind=<unknown>)
ROOT 500003c8 (kind=<unknown>)
ROOT 500003c9 (kind=<unknown>)
ROOT 500003ca (kind=<unknown>)
ROOT 500003d0 (kind=<unknown>)
ROOT 500003d1 (kind=<unknown>)
ROOT 500003d2 (kind=<unknown>)
ROOT 500003d5 (kind=<unknown>)
ROOT 500003d6 (kind=<unknown>)
ROOT 500003d7 (kind=<unknown>)
ROOT 500003d8 (kind=<unknown>)
ROOT 500003d9 (kind=<unknown>)
ROOT 500003da (kind=<unknown>)
ROOT 500003db (kind=<unknown>)
ROOT 500003dc (kind=<unknown>)
ROOT 500003dd (kind=<unknown>)
ROOT 500003e1 (kind=<unknown>)
ROOT 500003e3 (kind=<unknown>)
ROOT 500003e4 (kind=<unknown>)
ROOT 500003e5 (kind=<unknown>)
ROOT 500003e6 (kind=<unknown>)
ROOT 500003e7 (kind=<unknown>)
ROOT 500003e8 (kind=<unknown>)
ROOT 500003e9 (kind=<unknown>)
ROOT 500003ea (kind=<unknown>)
ROOT 500003eb (kind=<unknown>)
ROOT 500003ec (kind=<unknown>)
ROOT 500003ed (kind=<unknown>)
ROOT 500003ee (kind=<unknown>)
ROOT 500003ef (kind=<unknown>)
ROOT 500003f8 (kind=<unknown>)
ROOT 500003f9 (kind=<unknown>)
ROOT 500003fa (kind=<unknown>)
ROOT 500003fd (kind=<unknown>)
ROOT 500003fe (kind=<unknown>)
ROOT 500003ff (kind=<unknown>)
ROOT 50000400 (kind=<unknown>)
ROOT 50000401 (kind=<unknown>)
ROOT 50000402 (kind=<unknown>)
ROOT 50000403 (kind=<unknown>)
ROOT 50000404 (kind=<unknown>)
ROOT 50000405 (kind=<unknown>)
ROOT 50000409 (kind=<unknown>)
ROOT 5000040b (kind=<unknown>)
ROOT 5000040c (kind=<unknown>)
ROOT 5000040d (kind=<unknown>)
ROOT 5000040e (kind=<unknown>)
ROOT 5000040f (kind=<unknown>)
ROOT 50000410 (kind=<unknown>)
ROOT 50000411 (kind=<unknown>)
ROOT 50000414 (kind=<unknown>)
ROOT 50000415 (kind=<unknown>)
ROOT 50000416 (kind=<unknown>)
ROOT 50000417 (kind=<unknown>)
ROOT 50000418 (kind=<unknown>)
ROOT 50000419 (kind=<unknown>)
ROOT 5000041a (kind=<unknown>)
ROOT 5000041b (kind=<unknown>)
ROOT 5000041c (kind=<unknown>)
ROOT 5000041d (kind=<unknown>)
ROOT 5000041e (kind=<unknown>)
ROOT 50000428 (kind=<unknown>)
ROOT 50000429 (kind=<unknown>)
ROOT 5000042a (kind=<unknown>)
ROOT 5000042b (kind=<unknown>)
ROOT 5000042c (kind=<unknown>)
ROOT 5000042d (kind=<unknown>)
ROOT 5000042e (kind=<unknown>)
ROOT 50000432 (kind=<unknown>)
ROOT 50000434 (kind=<unknown>)
ROOT 50000435 (kind=<unknown>)
ROOT 50000436 (kind=<unknown>)
ROOT 50000437 (kind=<unknown>)
ROOT 50000438 (kind=<unknown>)
ROOT 50000439 (kind=<unknown>)
ROOT 5000043a (kind=<unknown>)
ROOT 5000043b (kind=<unknown>)
ROOT 5000043c (kind=<unknown>)
ROOT 5000043d (kind=<unknown>)
ROOT 5000043e (kind=<unknown>)
ROOT 5000043f (kind=<unknown>)
ROOT 50000440 (kind=<unknown>)
ROOT 50000441 (kind=<unknown>)
ROOT 50000442 (kind=<unknown>)
ROOT 50000443 (kind=<unknown>)
ROOT 50000444 (kind=<unknown>)
ROOT 50000445 (kind=<unknown>)
ROOT 50000446 (kind=<unknown>)
ROOT 50000447 (kind=<unknown>)
ROOT 50000449 (kind=<unknown>)
ROOT 5000044a (kind=<unknown>)
ROOT 5000044b (kind=<unknown>)
ROOT 5000044c (kind=<unknown>)
ROOT 5000044d (kind=<unknown>)
ROOT 5000044e (kind=<unknown>)
ROOT 5000044f (kind=<unknown>)
ROOT 50000450 (kind=<unknown>)
ROOT 50000451 (kind=<unknown>)
ROOT 50000454 (kind=<unknown>)
ROOT 50000455 (kind=<unknown>)
ROOT 50000456 (kind=<unknown>)
ROOT 50000457 (kind=<unknown>)
ROOT 50000458 (kind=<unknown>)
ROOT 50000459 (kind=<unknown>)
ROOT 5000045a (kind=<unknown>)
ROOT 5000045b (kind=<unknown>)
ROOT 5000045c (kind=<unknown>)
ROOT 50000460 (kind=<unknown>)
ROOT 50000462 (kind=<unknown>)
ROOT 50000463 (kind=<unknown>)
ROOT 50000464 (kind=<unknown>)
ROOT 50000465 (kind=<unknown>)
ROOT 50000466 (kind=<unknown>)
ROOT 50000467 (kind=<unknown>)
ROOT 5000046a (kind=<unknown>)
ROOT 5000046b (kind=<unknown>)
ROOT 5000046c (kind=<unknown>)
ROOT 5000046d (kind=<unknown>)
ROOT 5000046e (kind=<unknown>)
ROOT 5000046f (kind=<unknown>)
ROOT 50000470 (kind=<unknown>)
ROOT 50000471 (kind=<unknown>)
ROOT 50000472 (kind=<unknown>)
ROOT 50000473 (kind=<unknown>)
ROOT 50000474 (kind=<unknown>)
ROOT 5000047d (kind=<unknown>)
ROOT 5000047e (kind=<unknown>)
ROOT 5000047f (kind=<unknown>)
ROOT 50000480 (kind=<unknown>)
ROOT 50000481 (kind=<unknown>)
ROOT 50000482 (kind=<unknown>)
ROOT 50000483 (kind=<unknown>)
ROOT 50000484 (kind=<unknown>)
ROOT 50000485 (kind=<unknown>)
ROOT 50000486 (kind=<unknown>)
ROOT 50000487 (kind=<unknown>)
ROOT 50000488 (kind=<unknown>)
ROOT 50000489 (kind=<unknown>)
ROOT 5000048a (kind=<unknown>)
ROOT 5000048b (kind=<unknown>)
ROOT 5000048c (kind=<unknown>)
ROOT 50000494 (kind=<unknown>)
ROOT 50000495 (kind=<unknown>)
ROOT 50000496 (kind=<unknown>)
ROOT 5000049a (kind=<unknown>)
ROOT 5000049b (kind=<unknown>)
ROOT 5000049c (kind=<unknown>)
ROOT 5000049f (kind=<unknown>)
ROOT 500004a0 (kind=<unknown>)
ROOT 500004a1 (kind=<unknown>)
ROOT 500004a2 (kind=<unknown>)
ROOT 500004a3 (kind=<unknown>)
ROOT 500004a4 (kind=<unknown>)
ROOT 500004a5 (kind=<unknown>)
ROOT 500004a6 (kind=<unknown>)
ROOT 500004a7 (kind=<unknown>)
ROOT 500004a9 (kind=<unknown>)
ROOT 500004ad (kind=<unknown>)
ROOT 500004b1 (kind=<unknown>)
ROOT 500004b2 (kind=<unknown>)
ROOT 500004b3 (kind=<unknown>)
ROOT 500004b4 (kind=<unknown>)
ROOT 500004b5 (kind=<unknown>)
ROOT 500004b6 (kind=<unknown>)
ROOT 500004b7 (kind=<unknown>)
ROOT 500004b8 (kind=<unknown>)
ROOT 500004b9 (kind=<unknown>)
ROOT 500004ba (kind=<unknown>)
ROOT 500004bb (kind=<unknown>)
ROOT 500004bc (kind=<unknown>)
ROOT 500004bd (kind=<unknown>)
ROOT 500004bf (kind=<unknown>)
ROOT 500004c3 (kind=<unknown>)
ROOT 500004c7 (kind=<unknown>)
ROOT 500004c8 (kind=<unknown>)
ROOT 500004c9 (kind=<unknown>)
ROOT 500004ca (kind=<unknown>)
ROOT 500004cb (kind=<unknown>)
ROOT 500004ce (kind=<unknown>)
ROOT 500004cf (kind=<unknown>)
ROOT 500004d1 (kind=<unknown>)
ROOT 500004d5 (kind=<unknown>)
ROOT 500004d9 (kind=<unknown>)
ROOT 500004da (kind=<unknown>)
ROOT 500004db (kind=<unknown>)
ROOT 500004dc (kind=<unknown>)
ROOT 500004dd (kind=<unknown>)
ROOT 500004de (kind=<unknown>)
ROOT 500004df (kind=<unknown>)
ROOT 500004fb (kind=<unknown>)
ROOT 50000503 (kind=<unknown>)
ROOT 50000518 (kind=<unknown>)
ROOT 50000519 (kind=<unknown>)
ROOT 5000051c (kind=<unknown>)
ROOT 5000051d (kind=<unknown>)
ROOT 5000051e (kind=<unknown>)
ROOT 50000520 (kind=<unknown>)
ROOT 50000522 (kind=<unknown>)
ROOT 50000523 (kind=<unknown>)
ROOT 50000526 (kind=<unknown>)
ROOT 50000527 (kind=<unknown>)
ROOT 5000052a (kind=<unknown>)
ROOT 5000052b (kind=<unknown>)
ROOT 5000052e (kind=<unknown>)
ROOT 5000052f (kind=<unknown>)
ROOT 50000532 (kind=<unknown>)
ROOT 50000533 (kind=<unknown>)
ROOT 50000536 (kind=<unknown>)
ROOT 50000537 (kind=<unknown>)
ROOT 5000053a (kind=<unknown>)
ROOT 5000053b (kind=<unknown>)
ROOT 5000053e (kind=<unknown>)
ROOT 5000053f (kind=<unknown>)
ROOT 50000540 (kind=<unknown>)
ROOT 50000543 (kind=<unknown>)
ROOT 50000544 (kind=<unknown>)
ROOT 50000545 (kind=<unknown>)
ROOT 50000548 (kind=<unknown>)
ROOT 50000549 (kind=<unknown>)
ROOT 5000054a (kind=<unknown>)
ROOT 5000054d (kind=<unknown>)
ROOT 5000054e (kind=<unknown>)
ROOT 5000054f (kind=<unknown>)
ROOT 50000551 (kind=<unknown>)
ROOT 50000553 (kind=<unknown>)
ROOT 50000559 (kind=<unknown>)
ROOT 5000055a (kind=<unknown>)
ROOT 5000055b (kind=<unknown>)
ROOT 5000055e (kind=<unknown>)
ROOT 5000055f (kind=<unknown>)
ROOT 50000561 (kind=<unknown>)
ROOT 50000562 (kind=<unknown>)
ROOT 50000566 (kind=<unknown>)
ROOT 5000039f (kind=<system class>, name=java.lang.Shutdown$Lock)
ROOT 5000039d (kind=<system class>, name=java.lang.Shutdown)
ROOT 5000021c (kind=<system class>, name=java.text.MessageFormat$Field)
ROOT 5000021b (kind=<system class>, name=java.text.Format$Field)
ROOT 5000021a (kind=<system class>, name=java.text.AttributedCharacterIterator$Attribute)
ROOT 50000219 (kind=<system class>, name=java.util.Date)
ROOT 50000216 (kind=<system class>, name=java.text.FieldPosition)
ROOT 500001f3 (kind=<system class>, name=java.lang.StringBuilder[])
ROOT 50000121 (kind=<system class>, name=java.lang.StringBuilder)
ROOT 500003a2 (kind=<system class>, name=java.lang.AbstractStringBuilder[])
ROOT 50000123 (kind=<system class>, name=java.lang.AbstractStringBuilder)
ROOT 500003a3 (kind=<system class>, name=java.lang.Appendable[])
ROOT 50000124 (kind=<system class>, name=java.lang.Appendable)
ROOT 500001d9 (kind=<system class>, name=java.util.Locale$1)
ROOT 500001d7 (kind=<system class>, name=java.util.Locale$Category[])
ROOT 500001d4 (kind=<system class>, name=java.util.Locale$Category)
ROOT 500001d4 (kind=<system class>, name=java.util.Locale$Category)
ROOT 500001c8 (kind=<system class>, name=java.text.Format[])
ROOT 50000188 (kind=<system class>, name=java.text.Format)
ROOT 50000189 (kind=<system class>, name=java.text.MessageFormat)
ROOT 50000188 (kind=<system class>, name=java.text.Format)
ROOT 50001fd5 (kind=<system class>, name=java.lang.Object[][])
ROOT 50000108 (kind=<system class>, name=java.lang.Object[])
ROOT 50000183 (kind=<system class>, name=java.lang.Cloneable[])
ROOT 50000169 (kind=<system class>, name=java.lang.Cloneable)
ROOT 50001be5 (kind=<system class>, name=javax.lang.model.element.PackageElement)
ROOT 50001972 (kind=<system class>, name=javax.lang.model.element.TypeElement)
ROOT 50001971 (kind=<system class>, name=javax.lang.model.element.QualifiedNameable)
ROOT 500011d0 (kind=<system class>, name=java.util.regex.Pattern$SliceS)
ROOT 50001163 (kind=<system class>, name=java.util.AbstractQueue)
ROOT 500010c7 (kind=<system class>, name=java.util.LinkedHashSet)
ROOT 50001004 (kind=<system class>, name=javax.tools.DiagnosticListener)
ROOT 50000ed9 (kind=<system class>, name=javax.lang.model.element.ExecutableElement)
ROOT 50000ed8 (kind=<system class>, name=javax.lang.model.element.Parameterizable)
ROOT 50000e34 (kind=<system class>, name=javax.lang.model.type.WildcardType)
ROOT 50000e2f (kind=<system class>, name=javax.lang.model.type.PrimitiveType)
ROOT 50000d8c (kind=<system class>, name=javax.lang.model.type.TypeVariable)
ROOT 50000d35 (kind=<system class>, name=javax.lang.model.element.VariableElement)
ROOT 50000c8b (kind=<system class>, name=javax.lang.model.type.ErrorType)
ROOT 50000c8a (kind=<system class>, name=javax.lang.model.type.DeclaredType)
ROOT 50000c36 (kind=<system class>, name=javax.lang.model.type.ArrayType)
ROOT 50000c35 (kind=<system class>, name=javax.lang.model.type.ReferenceType)
ROOT 50000be1 (kind=<system class>, name=javax.lang.model.type.TypeMirror)
ROOT 50000abd (kind=<system class>, name=javax.lang.model.element.Element)
ROOT 50000abc (kind=<system class>, name=javax.lang.model.AnnotatedConstruct)
ROOT 500009df (kind=<system class>, name=java.util.EnumMap$1)
ROOT 500009de (kind=<system class>, name=java.util.EnumMap)
ROOT 50000266 (kind=<system class>, name=java.net.URLClassLoader$2)
ROOT 50000264 (kind=<system class>, name=java.util.ResourceBundle$Control$1)
ROOT 500001c2 (kind=<system class>, name=java.util.ResourceBundle$BundleReference)
ROOT 500001ad (kind=<system class>, name=java.util.ListResourceBundle)
ROOT 50002277 (kind=<system class>, name=java.util.LinkedList$Node)
ROOT 5000226f (kind=<system class>, name=java.util.LinkedList)
ROOT 5000226e (kind=<system class>, name=java.util.AbstractSequentialList)
ROOT 5000226c (kind=<system class>, name=java.util.ResourceBundle$LoaderReference)
ROOT 5000226b (kind=<system class>, name=java.util.ResourceBundle$CacheKeyReference)
ROOT 50002269 (kind=<system class>, name=java.util.ResourceBundle$CacheKey)
ROOT 50002264 (kind=<system class>, name=java.util.ResourceBundle$Control$CandidateListCache)
ROOT 50002259 (kind=<system class>, name=java.util.ResourceBundle$Control)
ROOT 50002257 (kind=<system class>, name=java.net.URLClassLoader$3$1)
ROOT 50002175 (kind=<system class>, name=java.security.PrivilegedActionException)
ROOT 500020e4 (kind=<system class>, name=sun.misc.CompoundEnumeration)
ROOT 500020e2 (kind=<system class>, name=java.net.URLClassLoader$3)
ROOT 500020e0 (kind=<system class>, name=sun.misc.URLClassPath$1)
ROOT 500020de (kind=<system class>, name=java.lang.ClassLoader$2)
ROOT 500020dc (kind=<system class>, name=sun.misc.URLClassPath$2)
ROOT 50001e78 (kind=<system class>, name=sun.misc.Launcher$BootClassPathHolder$1)
ROOT 50001e77 (kind=<system class>, name=sun.misc.Launcher$BootClassPathHolder)
ROOT 50001e75 (kind=<system class>, name=java.util.Enumeration[])
ROOT 500000b8 (kind=<system class>, name=java.util.Enumeration)
ROOT 50001e6d (kind=<system class>, name=java.util.LinkedHashMap$LinkedEntryIterator)
ROOT 50001e6c (kind=<system class>, name=java.util.LinkedHashMap$LinkedHashIterator)
ROOT 50001e6a (kind=<system class>, name=java.util.LinkedHashMap$LinkedEntrySet)
ROOT 50001e68 (kind=<system class>, name=java.util.ServiceLoader$1)
ROOT 50001e66 (kind=<system class>, name=java.util.ServiceLoader$LazyIterator)
ROOT 50001e63 (kind=<system class>, name=java.util.ServiceLoader)
ROOT 50001e62 (kind=<system class>, name=java.util.spi.ResourceBundleControlProvider)
ROOT 50001e5d (kind=<system class>, name=java.util.ResourceBundle$1)
ROOT 50001e5c (kind=<system class>, name=java.util.ResourceBundle)
ROOT 50001e05 (kind=<system class>, name=java.lang.InternalError)
ROOT 50001e00 (kind=<system class>, name=java.util.MissingResourceException)
ROOT 50001cda (kind=<system class>, name=javax.tools.Diagnostic)
ROOT 50001c83 (kind=<system class>, name=java.lang.NumberFormatException)
ROOT 50001b5b (kind=<system class>, name=java.util.NoSuchElementException)
ROOT 50001b0f (kind=<system class>, name=java.lang.IndexOutOfBoundsException)
ROOT 50001b0a (kind=<system class>, name=java.lang.UnsupportedOperationException)
ROOT 50001a11 (kind=<system class>, name=java.util.Collections$UnmodifiableSet)
ROOT 50001a00 (kind=<system class>, name=java.net.MalformedURLException)
ROOT 500019fb (kind=<system class>, name=javax.tools.JavaFileObject$Kind)
ROOT 500019af (kind=<system class>, name=java.io.UnsupportedEncodingException)
ROOT 5000186e (kind=<system class>, name=javax.tools.JavaFileObject)
ROOT 50001869 (kind=<system class>, name=javax.tools.FileObject)
ROOT 50001864 (kind=<system class>, name=javax.tools.JavaFileManager$Location)
ROOT 5000185f (kind=<system class>, name=java.net.URISyntaxException)
ROOT 50001734 (kind=<system class>, name=java.nio.charset.UnsupportedCharsetException)
ROOT 5000172f (kind=<system class>, name=java.nio.charset.IllegalCharsetNameException)
ROOT 500016dc (kind=<system class>, name=javax.tools.StandardJavaFileManager)
ROOT 500016db (kind=<system class>, name=javax.tools.JavaFileManager)
ROOT 500016da (kind=<system class>, name=javax.tools.OptionChecker)
ROOT 5000162f (kind=<system class>, name=java.util.RegularEnumSet$EnumSetIterator)
ROOT 5000162c (kind=<system class>, name=java.util.RegularEnumSet)
ROOT 5000162a (kind=<system class>, name=sun.reflect.DelegatingMethodAccessorImpl)
ROOT 50001628 (kind=<system class>, name=sun.reflect.NativeMethodAccessorImpl)
ROOT 50001625 (kind=<system class>, name=java.lang.Class$4)
ROOT 5000161d (kind=<system class>, name=java.util.EnumSet)
ROOT 500015f9 (kind=<system class>, name=java.io.FileWriter)
ROOT 500015e7 (kind=<system class>, name=java.lang.AssertionError)
ROOT 50000b32 (kind=<system class>, name=java.lang.IllegalStateException)
ROOT 50000b25 (kind=<system class>, name=javax.annotation.processing.ProcessingEnvironment)
ROOT 50000a1f (kind=<system class>, name=java.io.FileNotFoundException)
ROOT 50000a1e (kind=<system class>, name=java.io.IOException)
ROOT 5000092e (kind=<system class>, name=java.util.concurrent.ConcurrentHashMap$ForwardingNode)
ROOT 50000869 (kind=<system class>, name=java.lang.Void)
ROOT 50000867 (kind=<system class>, name=java.io.PrintWriter)
ROOT 50000857 (kind=<system class>, name=java.lang.reflect.Method[])
ROOT 5000013e (kind=<system class>, name=java.lang.reflect.Method)
ROOT 50000855 (kind=<system class>, name=java.lang.Class$MethodArray)
ROOT 50000853 (kind=<system class>, name=sun.launcher.LauncherHelper$FXHelper)
ROOT 50000819 (kind=<system class>, name=java.security.BasicPermissionCollection)
ROOT 50000817 (kind=<system class>, name=java.security.UnresolvedPermission)
ROOT 50000816 (kind=<system class>, name=java.security.AllPermission)
ROOT 50000802 (kind=<system class>, name=java.io.FilePermissionCollection)
ROOT 500007fb (kind=<system class>, name=java.io.FilePermission$1)
ROOT 500007f7 (kind=<system class>, name=java.io.FilePermission)
ROOT 500007e7 (kind=<system class>, name=sun.net.www.MessageHeader)
ROOT 500007e2 (kind=<system class>, name=sun.net.www.protocol.file.FileURLConnection)
ROOT 500007e1 (kind=<system class>, name=sun.net.www.URLConnection)
ROOT 500007e0 (kind=<system class>, name=java.net.URLConnection)
ROOT 500007ae (kind=<system class>, name=java.security.Permissions)
ROOT 500007ad (kind=<system class>, name=java.security.PermissionCollection)
ROOT 500007a9 (kind=<system class>, name=sun.nio.ByteBuffered)
ROOT 50000786 (kind=<system class>, name=sun.security.util.ManifestEntryVerifier)
ROOT 50000759 (kind=<system class>, name=sun.security.util.DisabledAlgorithmConstraints$1)
ROOT 50000754 (kind=<system class>, name=sun.security.util.DisabledAlgorithmConstraints$Constraint$Operator[])
ROOT 5000074d (kind=<system class>, name=sun.security.util.DisabledAlgorithmConstraints$Constraint$Operator)
ROOT 5000074d (kind=<system class>, name=sun.security.util.DisabledAlgorithmConstraints$Constraint$Operator)
ROOT 5000074a (kind=<system class>, name=sun.security.util.DisabledAlgorithmConstraints$KeySizeConstraint)
ROOT 5000071c (kind=<system class>, name=sun.security.util.DisabledAlgorithmConstraints$DisabledConstraint)
ROOT 5000071b (kind=<system class>, name=sun.security.util.DisabledAlgorithmConstraints$Constraint)
ROOT 50000717 (kind=<system class>, name=java.util.AbstractList$Itr)
ROOT 50000715 (kind=<system class>, name=java.util.Arrays$ArrayList)
ROOT 5000070e (kind=<system class>, name=java.util.regex.Matcher)
ROOT 5000070d (kind=<system class>, name=java.util.regex.MatchResult)
ROOT 5000070a (kind=<system class>, name=java.util.regex.Pattern$BnM)
ROOT 50000701 (kind=<system class>, name=sun.security.util.DisabledAlgorithmConstraints$Constraints)
ROOT 500006f9 (kind=<system class>, name=java.util.ArrayList$SubList$1)
ROOT 500006f8 (kind=<system class>, name=java.util.ListIterator)
ROOT 500006f6 (kind=<system class>, name=java.util.ArrayList$SubList)
ROOT 50000635 (kind=<system class>, name=java.util.Properties$LineReader)
ROOT 50000624 (kind=<system class>, name=java.security.Security$1)
ROOT 50000623 (kind=<system class>, name=java.security.Security)
ROOT 50000621 (kind=<system class>, name=sun.security.util.AbstractAlgorithmConstraints$1)
ROOT 50000619 (kind=<system class>, name=java.util.regex.Pattern$Branch)
ROOT 50000617 (kind=<system class>, name=java.util.regex.Pattern$BranchConn)
ROOT 50000613 (kind=<system class>, name=java.util.regex.Pattern$SliceI)
ROOT 50000611 (kind=<system class>, name=java.util.regex.ASCII)
ROOT 5000060a (kind=<system class>, name=java.util.regex.Pattern$TreeInfo)
ROOT 50000608 (kind=<system class>, name=java.util.regex.Pattern$Start)
ROOT 50000607 (kind=<system class>, name=java.util.regex.Pattern$First)
ROOT 50000606 (kind=<system class>, name=java.util.regex.Pattern$Begin)
ROOT 50000605 (kind=<system class>, name=java.util.regex.Pattern$Slice)
ROOT 50000604 (kind=<system class>, name=java.util.regex.Pattern$SliceNode)
ROOT 50000602 (kind=<system class>, name=java.util.regex.Pattern$Single)
ROOT 50000601 (kind=<system class>, name=java.util.regex.Pattern$BmpCharProperty)
ROOT 50000600 (kind=<system class>, name=java.util.regex.Pattern$CharProperty)
ROOT 500005fe (kind=<system class>, name=java.util.regex.Pattern$GroupHead[])
ROOT 500005fd (kind=<system class>, name=java.util.regex.Pattern$GroupHead)
ROOT 5000061b (kind=<system class>, name=java.util.regex.Pattern$Node[])
ROOT 500005f4 (kind=<system class>, name=java.util.regex.Pattern$Node)
ROOT 500005fd (kind=<system class>, name=java.util.regex.Pattern$GroupHead)
ROOT 500005f8 (kind=<system class>, name=java.util.regex.Pattern$LastNode)
ROOT 500005f5 (kind=<system class>, name=java.util.regex.Pattern$4)
ROOT 500005f4 (kind=<system class>, name=java.util.regex.Pattern$Node)
ROOT 500005f3 (kind=<system class>, name=java.util.regex.Pattern)
ROOT 500005f2 (kind=<system class>, name=sun.security.util.AlgorithmDecomposer)
ROOT 500005f1 (kind=<system class>, name=sun.security.util.DisabledAlgorithmConstraints)
ROOT 500005f0 (kind=<system class>, name=sun.security.util.AbstractAlgorithmConstraints)
ROOT 500005ef (kind=<system class>, name=java.security.AlgorithmConstraints)
ROOT 500005ee (kind=<system class>, name=sun.security.util.SignatureFileVerifier)
ROOT 500005db (kind=<system class>, name=java.lang.Package)
ROOT 500005d6 (kind=<system class>, name=java.io.ByteArrayOutputStream)
ROOT 500005cd (kind=<system class>, name=java.util.jar.JarVerifier$3)
ROOT 500005cb (kind=<system class>, name=java.security.CodeSigner[])
ROOT 500005ca (kind=<system class>, name=java.security.CodeSigner)
ROOT 500005ca (kind=<system class>, name=java.security.CodeSigner)
ROOT 500005c5 (kind=<system class>, name=java.util.jar.JarVerifier)
ROOT 500005bb (kind=<system class>, name=sun.misc.ASCIICaseInsensitiveComparator)
ROOT 500005a8 (kind=<system class>, name=java.util.jar.Attributes$Name)
ROOT 50000599 (kind=<system class>, name=java.util.jar.Manifest$FastInputStream)
ROOT 50000595 (kind=<system class>, name=java.util.jar.Attributes)
ROOT 50000587 (kind=<system class>, name=sun.misc.URLClassPath$JarLoader$2)
ROOT 50000586 (kind=<system class>, name=sun.misc.Resource)
ROOT 50000560 (kind=<system class>, name=sun.misc.IOUtils)
ROOT 5000055c (kind=<system class>, name=java.util.zip.ZipFile$ZipFileInputStream)
ROOT 50000557 (kind=<system class>, name=java.util.jar.JarFile$JarFileEntry)
ROOT 50000556 (kind=<system class>, name=java.util.jar.JarEntry)
ROOT 50000550 (kind=<system class>, name=java.util.zip.ZipEntry)
ROOT 5000051f (kind=<system class>, name=sun.misc.ExtensionDependency)
ROOT 50000517 (kind=<system class>, name=sun.misc.JarIndex)
ROOT 50000506 (kind=<system class>, name=java.nio.DirectLongBufferU)
ROOT 50000505 (kind=<system class>, name=java.nio.LongBuffer)
ROOT 50000502 (kind=<system class>, name=java.nio.DirectByteBuffer)
ROOT 50000501 (kind=<system class>, name=java.nio.MappedByteBuffer)
ROOT 50000500 (kind=<system class>, name=sun.nio.ch.DirectBuffer)
ROOT 500004fe (kind=<system class>, name=sun.misc.PerfCounter$CoreCounters)
ROOT 500004fc (kind=<system class>, name=sun.misc.Perf)
ROOT 500004fa (kind=<system class>, name=sun.misc.Perf$GetPerfAction)
ROOT 500004f9 (kind=<system class>, name=sun.misc.PerfCounter)
ROOT 500004f7 (kind=<system class>, name=java.util.zip.ZipCoder)
ROOT 500004f4 (kind=<system class>, name=java.util.ArrayDeque)
ROOT 500004f3 (kind=<system class>, name=java.util.Deque)
ROOT 500004f2 (kind=<system class>, name=java.util.Queue)
ROOT 500004e2 (kind=<system class>, name=sun.nio.cs.UTF_16)
ROOT 500004d0 (kind=<system class>, name=sun.nio.cs.UTF_16LE)
ROOT 500004be (kind=<system class>, name=sun.nio.cs.UTF_16BE)
ROOT 500004a8 (kind=<system class>, name=sun.nio.cs.ISO_8859_1)
ROOT 5000049d (kind=<system class>, name=sun.nio.cs.US_ASCII)
ROOT 50000499 (kind=<system class>, name=java.nio.charset.StandardCharsets)
ROOT 5000048f (kind=<system class>, name=java.util.jar.JavaUtilJarAccessImpl)
ROOT 5000048e (kind=<system class>, name=sun.misc.JavaUtilJarAccess)
ROOT 5000048d (kind=<system class>, name=java.util.jar.JarFile)
ROOT 50000478 (kind=<system class>, name=sun.misc.FileURLMapper)
ROOT 50000476 (kind=<system class>, name=sun.misc.URLClassPath$JarLoader$1)
ROOT 5000027d (kind=<system class>, name=sun.nio.cs.UTF_8$Decoder)
ROOT 50000278 (kind=<system class>, name=sun.nio.cs.ThreadLocalCoders$2)
ROOT 50000275 (kind=<system class>, name=sun.nio.cs.ThreadLocalCoders$1)
ROOT 50000274 (kind=<system class>, name=sun.nio.cs.ThreadLocalCoders$Cache)
ROOT 50000273 (kind=<system class>, name=sun.nio.cs.ThreadLocalCoders)
ROOT 5000025e (kind=<system class>, name=java.util.zip.ZipFile$1)
ROOT 5000025d (kind=<system class>, name=sun.misc.JavaUtilZipFileAccess)
ROOT 5000025c (kind=<system class>, name=java.util.zip.ZipFile)
ROOT 5000025b (kind=<system class>, name=java.util.zip.ZipConstants)
ROOT 5000025a (kind=<system class>, name=sun.misc.URLClassPath$JarLoader)
ROOT 50000259 (kind=<system class>, name=sun.misc.URLClassPath$Loader)
ROOT 50000257 (kind=<system class>, name=sun.misc.URLClassPath$3)
ROOT 50000251 (kind=<system class>, name=sun.net.util.URLUtil)
ROOT 5000024b (kind=<system class>, name=java.net.URLClassLoader$1)
ROOT 50000240 (kind=<system class>, name=java.lang.StringCoding$StringDecoder)
ROOT 50000236 (kind=<system class>, name=sun.launcher.LauncherHelper[])
ROOT 50000234 (kind=<system class>, name=sun.launcher.LauncherHelper)
ROOT 50000234 (kind=<system class>, name=sun.launcher.LauncherHelper)
ROOT 50000231 (kind=<system class>, name=java.io.FileOutputStream$1)
ROOT 5000022a (kind=<system class>, name=sun.nio.cs.UTF_8$Encoder)
ROOT 50000228 (kind=<system class>, name=java.lang.StringCoding$StringEncoder)
ROOT 5000021e (kind=<system class>, name=sun.nio.cs.UTF_8)
ROOT 5000021d (kind=<system class>, name=sun.nio.cs.Unicode)
ROOT 50000213 (kind=<system class>, name=java.lang.ThreadLocal$ThreadLocalMap$Entry[])
ROOT 50000212 (kind=<system class>, name=java.lang.ThreadLocal$ThreadLocalMap$Entry)
ROOT 50000212 (kind=<system class>, name=java.lang.ThreadLocal$ThreadLocalMap$Entry)
ROOT 50000210 (kind=<system class>, name=java.lang.ThreadLocal$ThreadLocalMap)
ROOT 5000020d (kind=<system class>, name=java.lang.StringCoding)
ROOT 500001e0 (kind=<system class>, name=sun.usagetracker.UsageTrackerClient$3)
ROOT 500001d3 (kind=<system class>, name=jdk.internal.util.EnvUtils)
ROOT 500001d1 (kind=<system class>, name=sun.usagetracker.UsageTrackerClient$2)
ROOT 500001c3 (kind=<system class>, name=sun.usagetracker.UsageTrackerClient$4)
ROOT 500001b8 (kind=<system class>, name=sun.usagetracker.UsageTrackerClient$1)
ROOT 500001b3 (kind=<system class>, name=java.util.concurrent.atomic.AtomicBoolean)
ROOT 500001b1 (kind=<system class>, name=sun.usagetracker.UsageTrackerClient)
ROOT 500001b0 (kind=<system class>, name=sun.misc.PostVMInitHook)
ROOT 500001a9 (kind=<system class>, name=java.lang.invoke.MethodHandleStatics$1)
ROOT 500001a7 (kind=<system class>, name=java.lang.invoke.MethodHandleStatics)
ROOT 500001a5 (kind=<system class>, name=java.lang.invoke.MemberName$Factory)
ROOT 500001a1 (kind=<system class>, name=java.lang.ClassValue$Version)
ROOT 5000019f (kind=<system class>, name=java.lang.ClassValue$Identity)
ROOT 5000019a (kind=<system class>, name=java.lang.ClassValue$Entry[])
ROOT 50000199 (kind=<system class>, name=java.lang.ClassValue$Entry)
ROOT 50000199 (kind=<system class>, name=java.lang.ClassValue$Entry)
ROOT 50000198 (kind=<system class>, name=java.lang.invoke.MethodHandleImpl$4)
ROOT 50000197 (kind=<system class>, name=java.lang.ClassValue)
ROOT 50000193 (kind=<system class>, name=java.lang.invoke.MethodHandle[])
ROOT 5000012f (kind=<system class>, name=java.lang.invoke.MethodHandle)
ROOT 50000191 (kind=<system class>, name=java.lang.invoke.MethodHandleImpl$3)
ROOT 5000018f (kind=<system class>, name=java.lang.invoke.MethodHandleImpl$2)
ROOT 5000018e (kind=<system class>, name=java.util.function.Function)
ROOT 50000185 (kind=<system class>, name=java.lang.invoke.MethodHandleImpl$1)
ROOT 50000182 (kind=<system class>, name=java.lang.invoke.MethodHandleImpl)
ROOT 50000001 (kind=<system class>, name=java.lang.SystemClassLoaderAction)
ROOT 50000002 (kind=<system class>, name=sun.misc.Launcher$AppClassLoader$1)
ROOT 50000003 (kind=<system class>, name=sun.net.www.protocol.jar.Handler)
ROOT 50000004 (kind=<system class>, name=sun.misc.URLClassPath)
ROOT 50000005 (kind=<system class>, name=java.util.HashSet)
ROOT 50000006 (kind=<system class>, name=java.security.Principal[])
ROOT 50000007 (kind=<system class>, name=java.security.Principal)
ROOT 50000007 (kind=<system class>, name=java.security.Principal)
ROOT 50000008 (kind=<system class>, name=java.security.ProtectionDomain$Key)
ROOT 50000009 (kind=<system class>, name=java.security.ProtectionDomain$2)
ROOT 5000000a (kind=<system class>, name=sun.misc.JavaSecurityProtectionDomainAccess)
ROOT 5000000b (kind=<system class>, name=java.security.ProtectionDomain$JavaSecurityAccessImpl)
ROOT 5000000c (kind=<system class>, name=sun.misc.JavaSecurityAccess)
ROOT 5000000d (kind=<system class>, name=java.net.URL[])
ROOT 50000119 (kind=<system class>, name=java.net.URL)
ROOT 5000000e (kind=<system class>, name=sun.net.www.protocol.file.Handler)
ROOT 5000000f (kind=<system class>, name=java.net.URLStreamHandler)
ROOT 50000010 (kind=<system class>, name=java.net.Parts)
ROOT 50000011 (kind=<system class>, name=java.util.BitSet)
ROOT 50000012 (kind=<system class>, name=sun.net.www.ParseUtil)
ROOT 50000013 (kind=<system class>, name=java.io.FileInputStream$1)
ROOT 50000014 (kind=<system class>, name=java.util.HashMap$TreeNode)
ROOT 50000015 (kind=<system class>, name=java.lang.CharacterDataLatin1)
ROOT 50000016 (kind=<system class>, name=java.lang.CharacterData)
ROOT 50000017 (kind=<system class>, name=sun.util.locale.LocaleUtils)
ROOT 50000018 (kind=<system class>, name=java.util.Locale$LocaleKey)
ROOT 50000019 (kind=<system class>, name=sun.util.locale.LocaleObjectCache$CacheEntry)
ROOT 5000001a (kind=<system class>, name=sun.util.locale.BaseLocale$Key)
ROOT 5000001b (kind=<system class>, name=sun.util.locale.BaseLocale$Cache)
ROOT 5000001c (kind=<system class>, name=sun.util.locale.BaseLocale)
ROOT 5000001d (kind=<system class>, name=java.util.concurrent.ConcurrentHashMap$EntrySetView)
ROOT 5000001e (kind=<system class>, name=java.util.concurrent.ConcurrentHashMap$ValuesView)
ROOT 5000001f (kind=<system class>, name=java.util.concurrent.ConcurrentHashMap$KeySetView)
ROOT 50000020 (kind=<system class>, name=java.util.concurrent.ConcurrentHashMap$CollectionView)
ROOT 50000021 (kind=<system class>, name=java.util.concurrent.ConcurrentHashMap$CounterCell[])
ROOT 50000022 (kind=<system class>, name=java.util.concurrent.ConcurrentHashMap$CounterCell)
ROOT 50000022 (kind=<system class>, name=java.util.concurrent.ConcurrentHashMap$CounterCell)
ROOT 50000023 (kind=<system class>, name=java.util.concurrent.ConcurrentHashMap$Node[])
ROOT 50000024 (kind=<system class>, name=java.util.concurrent.ConcurrentHashMap$Node)
ROOT 50000024 (kind=<system class>, name=java.util.concurrent.ConcurrentHashMap$Node)
ROOT 50000025 (kind=<system class>, name=java.util.concurrent.ConcurrentHashMap$Segment[])
ROOT 50000028 (kind=<system class>, name=java.util.concurrent.ConcurrentHashMap$Segment)
ROOT 50000026 (kind=<system class>, name=java.util.concurrent.locks.ReentrantLock[])
ROOT 50000029 (kind=<system class>, name=java.util.concurrent.locks.ReentrantLock)
ROOT 50000027 (kind=<system class>, name=java.util.concurrent.locks.Lock[])
ROOT 5000002a (kind=<system class>, name=java.util.concurrent.locks.Lock)
ROOT 50000028 (kind=<system class>, name=java.util.concurrent.ConcurrentHashMap$Segment)
ROOT 50000029 (kind=<system class>, name=java.util.concurrent.locks.ReentrantLock)
ROOT 5000002a (kind=<system class>, name=java.util.concurrent.locks.Lock)
ROOT 5000002b (kind=<system class>, name=java.util.concurrent.ConcurrentHashMap)
ROOT 5000002c (kind=<system class>, name=java.util.concurrent.ConcurrentMap)
ROOT 5000002d (kind=<system class>, name=java.util.Locale$Cache)
ROOT 5000002e (kind=<system class>, name=sun.util.locale.LocaleObjectCache)
ROOT 5000002f (kind=<system class>, name=java.util.Locale)
ROOT 50000030 (kind=<system class>, name=java.lang.reflect.Array)
ROOT 50000031 (kind=<system class>, name=java.nio.charset.CoderResult$2)
ROOT 50000032 (kind=<system class>, name=java.nio.charset.CoderResult$1)
ROOT 50000033 (kind=<system class>, name=java.nio.charset.CoderResult$Cache)
ROOT 50000034 (kind=<system class>, name=java.nio.charset.CoderResult)
ROOT 50000035 (kind=<system class>, name=java.nio.HeapCharBuffer)
ROOT 50000036 (kind=<system class>, name=java.nio.CharBuffer)
ROOT 50000037 (kind=<system class>, name=sun.nio.cs.SingleByte$Decoder)
ROOT 50000038 (kind=<system class>, name=java.nio.charset.CharsetDecoder)
ROOT 50000039 (kind=<system class>, name=sun.nio.cs.ArrayDecoder)
ROOT 5000003a (kind=<system class>, name=sun.nio.cs.StreamDecoder)
ROOT 5000003b (kind=<system class>, name=java.io.FileReader)
ROOT 5000003c (kind=<system class>, name=java.io.InputStreamReader)
ROOT 5000003d (kind=<system class>, name=java.io.BufferedReader)
ROOT 5000003e (kind=<system class>, name=java.io.Reader)
ROOT 5000003f (kind=<system class>, name=java.lang.Readable)
ROOT 50000040 (kind=<system class>, name=sun.misc.MetaIndex)
ROOT 50000041 (kind=<system class>, name=java.io.File[])
ROOT 5000011b (kind=<system class>, name=java.io.File)
ROOT 50000042 (kind=<system class>, name=java.util.StringTokenizer)
ROOT 50000043 (kind=<system class>, name=sun.misc.Launcher$ExtClassLoader$1)
ROOT 50000044 (kind=<system class>, name=java.net.URLClassLoader$7)
ROOT 50000045 (kind=<system class>, name=sun.misc.JavaNetAccess)
ROOT 50000046 (kind=<system class>, name=java.util.WeakHashMap$KeySet)
ROOT 50000047 (kind=<system class>, name=java.util.Collections$SetFromMap)
ROOT 50000048 (kind=<system class>, name=java.util.WeakHashMap$Entry[])
ROOT 5000004b (kind=<system class>, name=java.util.WeakHashMap$Entry)
ROOT 50000049 (kind=<system class>, name=java.lang.ref.WeakReference[])
ROOT 50000151 (kind=<system class>, name=java.lang.ref.WeakReference)
ROOT 5000004a (kind=<system class>, name=java.lang.ref.Reference[])
ROOT 50000153 (kind=<system class>, name=java.lang.ref.Reference)
ROOT 5000004b (kind=<system class>, name=java.util.WeakHashMap$Entry)
ROOT 5000004c (kind=<system class>, name=java.lang.ClassLoader$ParallelLoaders)
ROOT 5000004d (kind=<system class>, name=sun.security.util.Debug)
ROOT 5000004e (kind=<system class>, name=sun.misc.Launcher$Factory)
ROOT 5000004f (kind=<system class>, name=java.net.URLStreamHandlerFactory)
ROOT 50000050 (kind=<system class>, name=java.lang.Compiler$1)
ROOT 50000051 (kind=<system class>, name=java.lang.Compiler)
ROOT 50000052 (kind=<system class>, name=java.lang.IllegalArgumentException)
ROOT 50000053 (kind=<system class>, name=java.lang.System$2)
ROOT 50000054 (kind=<system class>, name=sun.misc.JavaLangAccess)
ROOT 50000055 (kind=<system class>, name=sun.io.Win32ErrorMode)
ROOT 50000056 (kind=<system class>, name=sun.misc.OSEnvironment)
ROOT 50000057 (kind=<system class>, name=java.lang.Integer[])
ROOT 5000010a (kind=<system class>, name=java.lang.Integer)
ROOT 50000058 (kind=<system class>, name=java.lang.Number[])
ROOT 5000010f (kind=<system class>, name=java.lang.Number)
ROOT 50000059 (kind=<system class>, name=java.lang.Integer$IntegerCache)
ROOT 5000005a (kind=<system class>, name=sun.misc.NativeSignalHandler)
ROOT 5000005b (kind=<system class>, name=sun.misc.Signal)
ROOT 5000005c (kind=<system class>, name=java.lang.Terminator$1)
ROOT 5000005d (kind=<system class>, name=sun.misc.SignalHandler)
ROOT 5000005e (kind=<system class>, name=java.lang.Terminator)
ROOT 5000005f (kind=<system class>, name=java.lang.ClassLoader$NativeLibrary)
ROOT 50000060 (kind=<system class>, name=java.util.LinkedHashMap$Entry)
ROOT 50000061 (kind=<system class>, name=java.io.ExpiringCache$Entry)
ROOT 50000062 (kind=<system class>, name=java.io.File$PathStatus[])
ROOT 50000067 (kind=<system class>, name=java.io.File$PathStatus)
ROOT 50000063 (kind=<system class>, name=java.lang.Enum[])
ROOT 50000068 (kind=<system class>, name=java.lang.Enum)
ROOT 50000064 (kind=<system class>, name=java.lang.ClassLoader$3)
ROOT 50000065 (kind=<system class>, name=java.nio.file.Path)
ROOT 50000066 (kind=<system class>, name=java.nio.file.Watchable)
ROOT 50000067 (kind=<system class>, name=java.io.File$PathStatus)
ROOT 50000068 (kind=<system class>, name=java.lang.Enum)
ROOT 50000069 (kind=<system class>, name=java.io.ExpiringCache$1)
ROOT 5000006a (kind=<system class>, name=java.util.LinkedHashMap)
ROOT 5000006b (kind=<system class>, name=java.io.ExpiringCache)
ROOT 5000006c (kind=<system class>, name=java.io.WinNTFileSystem)
ROOT 5000006d (kind=<system class>, name=java.io.FileSystem)
ROOT 5000006e (kind=<system class>, name=java.io.DefaultFileSystem)
ROOT 5000006f (kind=<system class>, name=java.io.BufferedWriter)
ROOT 50000070 (kind=<system class>, name=java.nio.Bits$1)
ROOT 50000071 (kind=<system class>, name=sun.misc.JavaNioAccess)
ROOT 50000072 (kind=<system class>, name=java.util.concurrent.atomic.AtomicLong)
ROOT 50000073 (kind=<system class>, name=java.nio.ByteOrder)
ROOT 50000074 (kind=<system class>, name=java.nio.Bits)
ROOT 50000075 (kind=<system class>, name=java.nio.HeapByteBuffer)
ROOT 50000076 (kind=<system class>, name=java.nio.ByteBuffer)
ROOT 50000077 (kind=<system class>, name=java.nio.charset.CodingErrorAction)
ROOT 50000078 (kind=<system class>, name=sun.nio.cs.SingleByte$Encoder)
ROOT 50000079 (kind=<system class>, name=java.nio.charset.CharsetEncoder)
ROOT 5000007a (kind=<system class>, name=sun.nio.cs.ArrayEncoder)
ROOT 5000007b (kind=<system class>, name=sun.reflect.DelegatingConstructorAccessorImpl)
ROOT 5000007c (kind=<system class>, name=sun.reflect.NativeConstructorAccessorImpl)
ROOT 5000007d (kind=<system class>, name=sun.reflect.ReflectionFactory$1)
ROOT 5000007e (kind=<system class>, name=java.lang.Class$1)
ROOT 5000007f (kind=<system class>, name=java.lang.reflect.Constructor[])
ROOT 5000013d (kind=<system class>, name=java.lang.reflect.Constructor)
ROOT 50000080 (kind=<system class>, name=java.lang.reflect.Executable[])
ROOT 5000013f (kind=<system class>, name=java.lang.reflect.Executable)
ROOT 50000081 (kind=<system class>, name=sun.nio.cs.SingleByte)
ROOT 50000082 (kind=<system class>, name=sun.nio.cs.MS1252)
ROOT 50000083 (kind=<system class>, name=sun.nio.cs.HistoricallyNamedCharset)
ROOT 50000084 (kind=<system class>, name=sun.security.action.GetPropertyAction)
ROOT 50000085 (kind=<system class>, name=java.util.concurrent.atomic.AtomicInteger)
ROOT 50000086 (kind=<system class>, name=java.lang.ThreadLocal)
ROOT 50000087 (kind=<system class>, name=sun.nio.cs.StandardCharsets$Cache)
ROOT 50000088 (kind=<system class>, name=sun.nio.cs.StandardCharsets$Classes)
ROOT 50000089 (kind=<system class>, name=sun.nio.cs.StandardCharsets$Aliases)
ROOT 5000008a (kind=<system class>, name=sun.util.PreHashedMap)
ROOT 5000008b (kind=<system class>, name=sun.nio.cs.StandardCharsets)
ROOT 5000008c (kind=<system class>, name=sun.nio.cs.FastCharsetProvider)
ROOT 5000008d (kind=<system class>, name=java.nio.charset.spi.CharsetProvider)
ROOT 5000008e (kind=<system class>, name=java.nio.charset.Charset)
ROOT 5000008f (kind=<system class>, name=sun.nio.cs.StreamEncoder)
ROOT 50000090 (kind=<system class>, name=java.io.OutputStreamWriter)
ROOT 50000091 (kind=<system class>, name=java.io.Writer)
ROOT 50000092 (kind=<system class>, name=java.io.BufferedOutputStream)
ROOT 50000093 (kind=<system class>, name=java.io.PrintStream)
ROOT 50000094 (kind=<system class>, name=java.io.FilterOutputStream)
ROOT 50000095 (kind=<system class>, name=java.util.Arrays)
ROOT 50000096 (kind=<system class>, name=sun.reflect.misc.ReflectUtil)
ROOT 50000097 (kind=<system class>, name=java.lang.reflect.ReflectAccess)
ROOT 50000098 (kind=<system class>, name=sun.reflect.LangReflectAccess)
ROOT 50000099 (kind=<system class>, name=java.lang.reflect.Modifier)
ROOT 5000009a (kind=<system class>, name=java.lang.ClassValue$ClassValueMap)
ROOT 5000009b (kind=<system class>, name=java.util.WeakHashMap)
ROOT 5000009c (kind=<system class>, name=sun.reflect.annotation.AnnotationType)
ROOT 5000009d (kind=<system class>, name=java.lang.Class$AnnotationData)
ROOT 5000009e (kind=<system class>, name=sun.reflect.generics.repository.ClassRepository)
ROOT 5000009f (kind=<system class>, name=sun.reflect.generics.repository.GenericDeclRepository)
ROOT 500000a0 (kind=<system class>, name=sun.reflect.generics.repository.AbstractRepository)
ROOT 500000a1 (kind=<system class>, name=java.lang.reflect.Field[])
ROOT 50000141 (kind=<system class>, name=java.lang.reflect.Field)
ROOT 500000a2 (kind=<system class>, name=java.lang.reflect.Member[])
ROOT 50000142 (kind=<system class>, name=java.lang.reflect.Member)
ROOT 500000a3 (kind=<system class>, name=java.lang.reflect.AccessibleObject[])
ROOT 50000143 (kind=<system class>, name=java.lang.reflect.AccessibleObject)
ROOT 500000a4 (kind=<system class>, name=java.lang.Class$Atomic)
ROOT 500000a5 (kind=<system class>, name=java.lang.Class$ReflectionData)
ROOT 500000a6 (kind=<system class>, name=java.lang.Class$3)
ROOT 500000a7 (kind=<system class>, name=java.util.concurrent.atomic.AtomicReferenceFieldUpdater$AtomicReferenceFieldUpdaterImpl$1)
ROOT 500000a8 (kind=<system class>, name=java.security.PrivilegedExceptionAction)
ROOT 500000a9 (kind=<system class>, name=java.util.concurrent.atomic.AtomicReferenceFieldUpdater$AtomicReferenceFieldUpdaterImpl)
ROOT 500000aa (kind=<system class>, name=java.util.concurrent.atomic.AtomicReferenceFieldUpdater)
ROOT 500000ab (kind=<system class>, name=java.io.BufferedInputStream)
ROOT 500000ac (kind=<system class>, name=java.io.FilterInputStream)
ROOT 500000ad (kind=<system class>, name=java.io.FileOutputStream)
ROOT 500000ae (kind=<system class>, name=java.io.OutputStream)
ROOT 500000af (kind=<system class>, name=java.io.Flushable)
ROOT 500000b0 (kind=<system class>, name=java.io.FileDescriptor$1)
ROOT 500000b1 (kind=<system class>, name=sun.misc.JavaIOFileDescriptorAccess)
ROOT 500000b2 (kind=<system class>, name=java.io.FileDescriptor)
ROOT 500000b3 (kind=<system class>, name=java.io.FileInputStream)
ROOT 500000b4 (kind=<system class>, name=sun.misc.Version)
ROOT 500000b5 (kind=<system class>, name=java.lang.Runtime)
ROOT 500000b6 (kind=<system class>, name=java.util.Hashtable$Enumerator)
ROOT 500000b7 (kind=<system class>, name=java.util.Iterator)
ROOT 500000b8 (kind=<system class>, name=java.util.Enumeration)
ROOT 500000b9 (kind=<system class>, name=java.util.Objects)
ROOT 500000ba (kind=<system class>, name=java.util.Collections$SynchronizedSet)
ROOT 500000bb (kind=<system class>, name=java.util.Collections$SynchronizedCollection)
ROOT 500000bc (kind=<system class>, name=java.util.Hashtable$EntrySet)
ROOT 500000bd (kind=<system class>, name=java.lang.ref.Finalizer$FinalizerThread)
ROOT 500000be (kind=<system class>, name=java.lang.Math)
ROOT 500000bf (kind=<system class>, name=java.util.Hashtable$Entry[])
ROOT 500000c0 (kind=<system class>, name=java.util.Hashtable$Entry)
ROOT 500000c0 (kind=<system class>, name=java.util.Hashtable$Entry)
ROOT 500000c1 (kind=<system class>, name=sun.misc.VM)
ROOT 500000c2 (kind=<system class>, name=java.util.HashMap$Node[])
ROOT 500000c4 (kind=<system class>, name=java.util.HashMap$Node)
ROOT 500000c3 (kind=<system class>, name=java.util.Map$Entry[])
ROOT 500000c5 (kind=<system class>, name=java.util.Map$Entry)
ROOT 500000c4 (kind=<system class>, name=java.util.HashMap$Node)
ROOT 500000c5 (kind=<system class>, name=java.util.Map$Entry)
ROOT 500000c6 (kind=<system class>, name=java.util.HashMap)
ROOT 500000c7 (kind=<system class>, name=sun.reflect.Reflection)
ROOT 500000c8 (kind=<system class>, name=java.lang.String[])
ROOT 5000016e (kind=<system class>, name=java.lang.String)
ROOT 500000c9 (kind=<system class>, name=java.lang.CharSequence[])
ROOT 5000016f (kind=<system class>, name=java.lang.CharSequence)
ROOT 500000ca (kind=<system class>, name=java.lang.NoSuchMethodError)
ROOT 500000cb (kind=<system class>, name=java.lang.IncompatibleClassChangeError)
ROOT 500000cc (kind=<system class>, name=sun.misc.SharedSecrets)
ROOT 500000cd (kind=<system class>, name=java.lang.ref.Reference$1)
ROOT 500000ce (kind=<system class>, name=sun.misc.JavaLangRefAccess)
ROOT 500000cf (kind=<system class>, name=java.lang.Thread[])
ROOT 5000014a (kind=<system class>, name=java.lang.Thread)
ROOT 500000d0 (kind=<system class>, name=java.lang.Runnable[])
ROOT 5000014b (kind=<system class>, name=java.lang.Runnable)
ROOT 500000d1 (kind=<system class>, name=java.lang.ref.ReferenceQueue$Lock)
ROOT 500000d2 (kind=<system class>, name=java.lang.ref.ReferenceQueue$Null)
ROOT 500000d3 (kind=<system class>, name=java.util.Collections$UnmodifiableRandomAccessList)
ROOT 500000d4 (kind=<system class>, name=java.util.Collections$UnmodifiableList)
ROOT 500000d5 (kind=<system class>, name=java.util.Collections$UnmodifiableCollection)
ROOT 500000d6 (kind=<system class>, name=java.util.Collections$EmptyMap)
ROOT 500000d7 (kind=<system class>, name=java.util.AbstractMap)
ROOT 500000d8 (kind=<system class>, name=java.util.Collections$EmptyList)
ROOT 500000d9 (kind=<system class>, name=java.util.Collections$EmptySet)
ROOT 500000da (kind=<system class>, name=java.util.AbstractSet)
ROOT 500000db (kind=<system class>, name=java.util.Set)
ROOT 500000dc (kind=<system class>, name=java.util.Collections)
ROOT 500000dd (kind=<system class>, name=java.util.ArrayList)
ROOT 500000de (kind=<system class>, name=java.lang.InterruptedException)
ROOT 500000df (kind=<system class>, name=java.lang.ref.Reference$ReferenceHandler)
ROOT 500000e0 (kind=<system class>, name=java.lang.ref.Reference$Lock)
ROOT 500000e1 (kind=<system class>, name=sun.reflect.ReflectionFactory)
ROOT 500000e2 (kind=<system class>, name=java.util.Stack)
ROOT 500000e3 (kind=<system class>, name=java.util.Vector)
ROOT 500000e4 (kind=<system class>, name=java.util.AbstractList)
ROOT 500000e5 (kind=<system class>, name=java.util.AbstractCollection)
ROOT 500000e6 (kind=<system class>, name=java.util.RandomAccess)
ROOT 500000e7 (kind=<system class>, name=java.util.List)
ROOT 500000e8 (kind=<system class>, name=java.util.Collection)
ROOT 500000e9 (kind=<system class>, name=java.lang.Iterable)
ROOT 500000ea (kind=<system class>, name=java.security.cert.Certificate[])
ROOT 500000eb (kind=<system class>, name=java.security.cert.Certificate)
ROOT 500000eb (kind=<system class>, name=java.security.cert.Certificate)
ROOT 500000ec (kind=<system class>, name=sun.reflect.ReflectionFactory$GetReflectionFactoryAction)
ROOT 500000ed (kind=<system class>, name=java.security.PrivilegedAction)
ROOT 500000ee (kind=<system class>, name=java.lang.reflect.ReflectPermission)
ROOT 500000ef (kind=<system class>, name=java.security.AccessController)
ROOT 500000f0 (kind=<system class>, name=java.lang.RuntimePermission)
ROOT 500000f1 (kind=<system class>, name=java.security.BasicPermission)
ROOT 500000f2 (kind=<system class>, name=java.security.Permission)
ROOT 500000f3 (kind=<system class>, name=java.security.Guard)
ROOT 500000f4 (kind=<system class>, name=java.lang.StackTraceElement[])
ROOT 50000113 (kind=<system class>, name=java.lang.StackTraceElement)
ROOT 500000f5 (kind=<system class>, name=java.lang.ThreadGroup[])
ROOT 50000148 (kind=<system class>, name=java.lang.ThreadGroup)
ROOT 500000f6 (kind=<system class>, name=java.lang.Thread$UncaughtExceptionHandler[])
ROOT 50000149 (kind=<system class>, name=java.lang.Thread$UncaughtExceptionHandler)
ROOT 500000f7 (kind=<system class>, name=com.sun.demo.jvmti.hprof.Tracker)
ROOT 500000f8 (kind=<system class>, name=java.lang.String$CaseInsensitiveComparator)
ROOT 500000f9 (kind=<system class>, name=java.util.Comparator)
ROOT 500000fa (kind=<system class>, name=java.io.ObjectStreamField[])
ROOT 500000fc (kind=<system class>, name=java.io.ObjectStreamField)
ROOT 500000fb (kind=<system class>, name=java.lang.Comparable[])
ROOT 50000170 (kind=<system class>, name=java.lang.Comparable)
ROOT 500000fc (kind=<system class>, name=java.io.ObjectStreamField)
ROOT 500000fd (kind=<system class>, name=java.lang.OutOfMemoryError[])
ROOT 50000156 (kind=<system class>, name=java.lang.OutOfMemoryError)
ROOT 500000fe (kind=<system class>, name=java.lang.VirtualMachineError[])
ROOT 50000157 (kind=<system class>, name=java.lang.VirtualMachineError)
ROOT 500000ff (kind=<system class>, name=java.lang.Error[])
ROOT 50000165 (kind=<system class>, name=java.lang.Error)
ROOT 50000100 (kind=<system class>, name=java.lang.Throwable[])
ROOT 50000166 (kind=<system class>, name=java.lang.Throwable)
ROOT 50000101 (kind=<system class>, name=java.lang.ArithmeticException)
ROOT 50000102 (kind=<system class>, name=java.lang.NullPointerException)
ROOT 50000103 (kind=<system class>, name=java.lang.Class[])
ROOT 5000016a (kind=<system class>, name=java.lang.Class)
ROOT 50000104 (kind=<system class>, name=java.io.Serializable[])
ROOT 50000171 (kind=<system class>, name=java.io.Serializable)
ROOT 50000105 (kind=<system class>, name=java.lang.reflect.GenericDeclaration[])
ROOT 5000016c (kind=<system class>, name=java.lang.reflect.GenericDeclaration)
ROOT 50000106 (kind=<system class>, name=java.lang.reflect.AnnotatedElement[])
ROOT 5000016d (kind=<system class>, name=java.lang.reflect.AnnotatedElement)
ROOT 50000107 (kind=<system class>, name=java.lang.reflect.Type[])
ROOT 5000016b (kind=<system class>, name=java.lang.reflect.Type)
ROOT 50000108 (kind=<system class>, name=java.lang.Object[])
ROOT 50000172 (kind=<system class>, name=java.lang.Object)
ROOT 50000109 (kind=<system class>, name=java.lang.Long)
ROOT 5000010a (kind=<system class>, name=java.lang.Integer)
ROOT 5000010b (kind=<system class>, name=java.lang.Short)
ROOT 5000010c (kind=<system class>, name=java.lang.Byte)
ROOT 5000010d (kind=<system class>, name=java.lang.Double)
ROOT 5000010e (kind=<system class>, name=java.lang.Float)
ROOT 5000010f (kind=<system class>, name=java.lang.Number)
ROOT 50000110 (kind=<system class>, name=java.lang.Character)
ROOT 50000111 (kind=<system class>, name=java.lang.Boolean)
ROOT 50000112 (kind=<system class>, name=java.nio.Buffer)
ROOT 50000113 (kind=<system class>, name=java.lang.StackTraceElement)
ROOT 50000114 (kind=<system class>, name=java.security.CodeSource)
ROOT 50000115 (kind=<system class>, name=sun.misc.Launcher$ExtClassLoader)
ROOT 50000116 (kind=<system class>, name=sun.misc.Launcher$AppClassLoader)
ROOT 50000117 (kind=<system class>, name=sun.misc.Launcher)
ROOT 50000118 (kind=<system class>, name=java.util.jar.Manifest)
ROOT 50000119 (kind=<system class>, name=java.net.URL)
ROOT 5000011a (kind=<system class>, name=java.net.URLClassLoader)
ROOT 5000011b (kind=<system class>, name=java.io.File)
ROOT 5000011c (kind=<system class>, name=java.io.ByteArrayInputStream)
ROOT 5000011d (kind=<system class>, name=java.io.InputStream)
ROOT 5000011e (kind=<system class>, name=java.io.Closeable)
ROOT 5000011f (kind=<system class>, name=java.lang.AutoCloseable)
ROOT 50000120 (kind=<system class>, name=sun.misc.Unsafe)
ROOT 50000121 (kind=<system class>, name=java.lang.StringBuilder)
ROOT 50000122 (kind=<system class>, name=java.lang.StringBuffer)
ROOT 50000123 (kind=<system class>, name=java.lang.AbstractStringBuilder)
ROOT 50000124 (kind=<system class>, name=java.lang.Appendable)
ROOT 50000125 (kind=<system class>, name=java.lang.invoke.VolatileCallSite)
ROOT 50000126 (kind=<system class>, name=java.lang.invoke.MutableCallSite)
ROOT 50000127 (kind=<system class>, name=java.lang.invoke.ConstantCallSite)
ROOT 50000128 (kind=<system class>, name=java.lang.invoke.CallSite)
ROOT 50000129 (kind=<system class>, name=java.lang.BootstrapMethodError)
ROOT 5000012a (kind=<system class>, name=java.lang.invoke.MethodType)
ROOT 5000012b (kind=<system class>, name=java.lang.invoke.LambdaForm)
ROOT 5000012c (kind=<system class>, name=java.lang.invoke.MethodHandleNatives)
ROOT 5000012d (kind=<system class>, name=java.lang.invoke.MemberName)
ROOT 5000012e (kind=<system class>, name=java.lang.invoke.DirectMethodHandle)
ROOT 5000012f (kind=<system class>, name=java.lang.invoke.MethodHandle)
ROOT 50000130 (kind=<system class>, name=sun.reflect.CallerSensitive)
ROOT 50000131 (kind=<system class>, name=java.lang.annotation.Annotation)
ROOT 50000132 (kind=<system class>, name=sun.reflect.UnsafeStaticFieldAccessorImpl)
ROOT 50000133 (kind=<system class>, name=sun.reflect.UnsafeFieldAccessorImpl)
ROOT 50000134 (kind=<system class>, name=sun.reflect.FieldAccessorImpl)
ROOT 50000135 (kind=<system class>, name=sun.reflect.FieldAccessor)
ROOT 50000136 (kind=<system class>, name=sun.reflect.ConstantPool)
ROOT 50000137 (kind=<system class>, name=sun.reflect.DelegatingClassLoader)
ROOT 50000138 (kind=<system class>, name=sun.reflect.ConstructorAccessorImpl)
ROOT 50000139 (kind=<system class>, name=sun.reflect.ConstructorAccessor)
ROOT 5000013a (kind=<system class>, name=sun.reflect.MethodAccessorImpl)
ROOT 5000013b (kind=<system class>, name=sun.reflect.MethodAccessor)
ROOT 5000013c (kind=<system class>, name=sun.reflect.MagicAccessorImpl)
ROOT 5000013d (kind=<system class>, name=java.lang.reflect.Constructor)
ROOT 5000013e (kind=<system class>, name=java.lang.reflect.Method)
ROOT 5000013f (kind=<system class>, name=java.lang.reflect.Executable)
ROOT 50000140 (kind=<system class>, name=java.lang.reflect.Parameter)
ROOT 50000141 (kind=<system class>, name=java.lang.reflect.Field)
ROOT 50000142 (kind=<system class>, name=java.lang.reflect.Member)
ROOT 50000143 (kind=<system class>, name=java.lang.reflect.AccessibleObject)
ROOT 50000144 (kind=<system class>, name=java.util.Properties)
ROOT 50000145 (kind=<system class>, name=java.util.Hashtable)
ROOT 50000146 (kind=<system class>, name=java.util.Dictionary)
ROOT 50000147 (kind=<system class>, name=java.util.Map)
ROOT 50000148 (kind=<system class>, name=java.lang.ThreadGroup)
ROOT 50000149 (kind=<system class>, name=java.lang.Thread$UncaughtExceptionHandler)
ROOT 5000014a (kind=<system class>, name=java.lang.Thread)
ROOT 5000014b (kind=<system class>, name=java.lang.Runnable)
ROOT 5000014c (kind=<system class>, name=java.lang.ref.ReferenceQueue)
ROOT 5000014d (kind=<system class>, name=java.lang.ref.Finalizer)
ROOT 5000014e (kind=<system class>, name=sun.misc.Cleaner)
ROOT 5000014f (kind=<system class>, name=java.lang.ref.PhantomReference)
ROOT 50000150 (kind=<system class>, name=java.lang.ref.FinalReference)
ROOT 50000151 (kind=<system class>, name=java.lang.ref.WeakReference)
ROOT 50000152 (kind=<system class>, name=java.lang.ref.SoftReference)
ROOT 50000153 (kind=<system class>, name=java.lang.ref.Reference)
ROOT 50000154 (kind=<system class>, name=java.lang.IllegalMonitorStateException)
ROOT 50000155 (kind=<system class>, name=java.lang.StackOverflowError)
ROOT 50000156 (kind=<system class>, name=java.lang.OutOfMemoryError)
ROOT 50000157 (kind=<system class>, name=java.lang.VirtualMachineError)
ROOT 50000158 (kind=<system class>, name=java.lang.ArrayStoreException)
ROOT 50000159 (kind=<system class>, name=java.lang.ClassCastException)
ROOT 5000015a (kind=<system class>, name=java.lang.NoClassDefFoundError)
ROOT 5000015b (kind=<system class>, name=java.lang.LinkageError)
ROOT 5000015c (kind=<system class>, name=java.lang.ClassNotFoundException)
ROOT 5000015d (kind=<system class>, name=java.lang.ReflectiveOperationException)
ROOT 5000015e (kind=<system class>, name=java.security.SecureClassLoader)
ROOT 5000015f (kind=<system class>, name=java.security.AccessControlContext)
ROOT 50000160 (kind=<system class>, name=java.security.ProtectionDomain)
ROOT 50000161 (kind=<system class>, name=java.lang.SecurityManager)
ROOT 50000162 (kind=<system class>, name=java.lang.RuntimeException)
ROOT 50000163 (kind=<system class>, name=java.lang.Exception)
ROOT 50000164 (kind=<system class>, name=java.lang.ThreadDeath)
ROOT 50000165 (kind=<system class>, name=java.lang.Error)
ROOT 50000166 (kind=<system class>, name=java.lang.Throwable)
ROOT 50000167 (kind=<system class>, name=java.lang.System)
ROOT 50000168 (kind=<system class>, name=java.lang.ClassLoader)
ROOT 50000169 (kind=<system class>, name=java.lang.Cloneable)
ROOT 5000016a (kind=<system class>, name=java.lang.Class)
ROOT 5000016b (kind=<system class>, name=java.lang.reflect.Type)
ROOT 5000016c (kind=<system class>, name=java.lang.reflect.GenericDeclaration)
ROOT 5000016d (kind=<system class>, name=java.lang.reflect.AnnotatedElement)
ROOT 5000016e (kind=<system class>, name=java.lang.String)
ROOT 5000016f (kind=<system class>, name=java.lang.CharSequence)
ROOT 50000170 (kind=<system class>, name=java.lang.Comparable)
ROOT 50000171 (kind=<system class>, name=java.io.Serializable)
ROOT 50000172 (kind=<system class>, name=java.lang.Object)
ROOT 50000173 (kind=<system class>, name=long[])
ROOT 50000567 (kind=<system class>, name=java.lang.Class)
ROOT 50000174 (kind=<system class>, name=int[])
ROOT 5000056a (kind=<system class>, name=java.lang.Class)
ROOT 50000175 (kind=<system class>, name=short[])
ROOT 5000056b (kind=<system class>, name=java.lang.Class)
ROOT 50000176 (kind=<system class>, name=byte[])
ROOT 5000056c (kind=<system class>, name=java.lang.Class)
ROOT 50000177 (kind=<system class>, name=double[])
ROOT 5000056d (kind=<system class>, name=java.lang.Class)
ROOT 50000178 (kind=<system class>, name=float[])
ROOT 5000056e (kind=<system class>, name=java.lang.Class)
ROOT 50000179 (kind=<system class>, name=char[])
ROOT 5000056f (kind=<system class>, name=java.lang.Class)
ROOT 5000017a (kind=<system class>, name=boolean[])
ROOT 50000570 (kind=<system class>, name=java.lang.Class)
ROOT 500003af (kind=<busy monitor>)
ROOT 500003aa (kind=<busy monitor>)
ROOT 5000056a (kind=<unknown>)
ROOT 5000056e (kind=<unknown>)
ROOT 5000056d (kind=<unknown>)
ROOT 5000056c (kind=<unknown>)
ROOT 50000570 (kind=<unknown>)
ROOT 5000056f (kind=<unknown>)
ROOT 50000567 (kind=<unknown>)
ROOT 5000056b (kind=<unknown>)
ROOT 50000571 (kind=<unknown>)
ROOT 50000570 (kind=<unknown>)
ROOT 5000056f (kind=<unknown>)
ROOT 5000056e (kind=<unknown>)
ROOT 5000056d (kind=<unknown>)
ROOT 5000056c (kind=<unknown>)
ROOT 5000056b (kind=<unknown>)
ROOT 5000056a (kind=<unknown>)
ROOT 50000567 (kind=<unknown>)
ROOT 50000571 (kind=<unknown>)
ROOT 50000572 (kind=<unknown>)
ROOT 50000573 (kind=<unknown>)
ROOT 50000574 (kind=<unknown>)
ROOT 50000575 (kind=<unknown>)
ROOT 50000578 (kind=<unknown>)
ROOT 50000579 (kind=<unknown>)
ROOT 5000057a (kind=<unknown>)
ROOT 5000057d (kind=<unknown>)
ROOT 5000057e (kind=<unknown>)
ROOT 5000057f (kind=<unknown>)
ROOT 50000580 (kind=<unknown>)
ROOT 50000581 (kind=<unknown>)
ROOT 50000582 (kind=<unknown>)
ROOT 50000588 (kind=<unknown>)
ROOT 5000058b (kind=<unknown>)
ROOT 5000058c (kind=<unknown>)
ROOT 500000f7 (kind=<unknown>)
ROOT 5000058d (kind=<unknown>)
ROOT 500000f7 (kind=<unknown>)
ROOT 5000058f (kind=<unknown>)
ROOT 500000f7 (kind=<unknown>)
ROOT 5000059a (kind=<unknown>)
ROOT 5000059b (kind=<unknown>)
ROOT 5000059c (kind=<unknown>)
ROOT 5000059d (kind=<unknown>)
ROOT 5000059e (kind=<unknown>)
ROOT 500005a0 (kind=<unknown>)
ROOT 5000059c (kind=<unknown>)
ROOT 5000059d (kind=<unknown>)
ROOT 5000059e (kind=<unknown>)
ROOT 500005a0 (kind=<unknown>)
ROOT 5000025c (kind=<unknown>)
ROOT 5000025c (kind=<unknown>)
ROOT 5000025c (kind=<unknown>)
ROOT 5000025c (kind=<unknown>)
ROOT 500000f7 (kind=<unknown>)
ROOT 5000058d (kind=<unknown>)
ROOT 500005a1 (kind=<unknown>)
ROOT 500005a1 (kind=<unknown>)
ROOT 500005a1 (kind=<unknown>)
ROOT 500005a1 (kind=<unknown>)
ROOT 500000f7 (kind=<unknown>)
ROOT 500000f7 (kind=<unknown>)
ROOT 500000f7 (kind=<unknown>)
ROOT 500000f7 (kind=<unknown>)
ROOT 500005a2 (kind=<unknown>)
ROOT 500005a1 (kind=<unknown>)
ROOT 50000004 (kind=<unknown>)
ROOT 500005a3 (kind=<unknown>)
ROOT 500005a3 (kind=<unknown>)
ROOT 500005a3 (kind=<unknown>)
ROOT 500005a3 (kind=<unknown>)
ROOT 500005a3 (kind=<unknown>)
ROOT 500005a3 (kind=<unknown>)
ROOT 500005a3 (kind=<unknown>)
ROOT 500005a3 (kind=<unknown>)
ROOT 500000f7 (kind=<unknown>)
ROOT 500000f7 (kind=<unknown>)
ROOT 500000f7 (kind=<unknown>)
ROOT 50000012 (kind=<unknown>)
ROOT 500000f7 (kind=<unknown>)
ROOT 5000025c (kind=<unknown>)
ROOT 500000f7 (kind=<unknown>)
ROOT 500000f7 (kind=<unknown>)
ROOT 5000002b (kind=<unknown>)
ROOT 5000014a (kind=<unknown>)
ROOT 500000f7 (kind=<unknown>)
ROOT 500005a4 (kind=<unknown>)
ROOT 500005a5 (kind=<unknown>)
ROOT 500005a6 (kind=<unknown>)
ROOT 500000f7 (kind=<unknown>)
ROOT 500000f7 (kind=<unknown>)
ROOT 5000003d (kind=<unknown>)
ROOT 500005c6 (kind=<unknown>)
ROOT 500000f7 (kind=<unknown>)
ROOT 500000f7 (kind=<unknown>)
ROOT 500005a3 (kind=<unknown>)
ROOT 500000f7 (kind=<unknown>)
ROOT 5000014c (kind=<unknown>)
ROOT 5000058d (kind=<unknown>)
ROOT 500000f7 (kind=<unknown>)
ROOT 500000c1 (kind=<unknown>)
ROOT 500000f7 (kind=<unknown>)
ROOT 500000f7 (kind=<unknown>)
ROOT 5000058d (kind=<unknown>)
ROOT 500000f7 (kind=<unknown>)
ROOT 50000167 (kind=<unknown>)
ROOT 500000f7 (kind=<unknown>)
ROOT 5000058d (kind=<unknown>)
ROOT 500005c7 (kind=<unknown>)
ROOT 500005c7 (kind=<unknown>)
ROOT 500000f7 (kind=<unknown>)
ROOT 50000167 (kind=<unknown>)
ROOT 500000f7 (kind=<unknown>)
ROOT 5000059a (kind=<unknown>)
ROOT 5000058d (kind=<unknown>)
ROOT 500000f7 (kind=<unknown>)
ROOT 500005c8 (kind=<unknown>)
ROOT 500005c8 (kind=<unknown>)
ROOT 500000f7 (kind=<unknown>)
ROOT 500000f7 (kind=<unknown>)
ROOT 500000f7 (kind=<unknown>)
ROOT 500000f7 (kind=<unknown>)
ROOT 5000058d (kind=<unknown>)
ROOT 500000f7 (kind=<unknown>)
ROOT 5000058d (kind=<unknown>)
ROOT 500000f7 (kind=<unknown>)
ROOT 5000058d (kind=<unknown>)
ROOT 50000167 (kind=<unknown>)
OBJ 5000017b (sz=376, trace=300001, class=java.lang.Thread@5000014a)
OBJ 5000017c (sz=16, trace=300002, class=java.lang.Object@50000172)
OBJ 5000017d (sz=376, trace=300001, class=java.lang.Thread@5000014a)
OBJ 5000017e (sz=16, trace=300002, class=java.lang.Object@50000172)
OBJ 5000017f (sz=376, trace=300000, class=java.lang.Thread@5000014a)
OBJ 50000180 (sz=376, trace=300001, class=java.lang.Thread@5000014a)
OBJ 50000181 (sz=16, trace=300002, class=java.lang.Object@50000172)
OBJ 50000184 (sz=24, trace=300668, class=java.lang.String@5000016e)
	value		50000186
ARR 50000186 (sz=58, trace=300669, nelems=29, elem type=char[])
OBJ 50000187 (sz=32, trace=301000, class=java.util.concurrent.ConcurrentHashMap$Node@50000024)
	key		50000184
	val		50000a90
ARR 5000018a (sz=40, trace=301850, nelems=5, elem type=java.lang.String[]@500000c8)
	[0]		5000059a
	[1]		50002d40
	[2]		50002d3d
	[3]		50002d43
	[4]		50002d3b
ARR 5000018b (sz=32, trace=301851, nelems=4, elem type=java.lang.String[]@500000c8)
	[0]		5000059a
	[1]		50002d3c
	[2]		50002d41
	[3]		50002d3e
OBJ 5000018c (sz=16, trace=300157, class=java.lang.Object@50000172)
OBJ 5000018d (sz=32, trace=300683, class=java.util.concurrent.ConcurrentHashMap$Node@50000024)
	key		50000ada
	val		5000018c
	next		500004e3
OBJ 50000190 (sz=16, trace=300015, class=java.lang.invoke.MethodHandleImpl$2@5000018f)
OBJ 50000192 (sz=16, trace=300017, class=java.lang.invoke.MethodHandleImpl$3@50000191)
ARR 50000194 (sz=24, trace=300018, nelems=0, elem type=java.lang.invoke.MethodHandle[]@50000193)
ARR 50000195 (sz=16, trace=300019, nelems=0, elem type=java.lang.Object[]@50000108)
ARR 50000196 (sz=1040, trace=300020, nelems=0, elem type=java.lang.invoke.MethodHandle[]@50000193)
ARR 5000019b (sz=24, trace=300023, nelems=0, elem type=java.lang.ClassValue$Entry[]@5000019a)
OBJ 5000019c (sz=16, trace=300024, class=java.util.concurrent.atomic.AtomicInteger@50000085)
OBJ 5000019d (sz=16, trace=300025, class=java.lang.Object@50000172)
OBJ 5000019e (sz=24, trace=300026, class=java.lang.invoke.MethodHandleImpl$4@50000198)
	identity	500001a0
	version		500001a2
OBJ 500001a0 (sz=16, trace=300028, class=java.lang.ClassValue$Identity@5000019f)
OBJ 500001a2 (sz=24, trace=300030, class=java.lang.ClassValue$Version@500001a1)
	classValue	5000019e
	promise		500001a4
OBJ 500001a3 (sz=32, trace=300031, class=java.lang.ClassValue$Entry@50000199)
	queue		50000f68
OBJ 500001a4 (sz=32, trace=300032, class=java.lang.ClassValue$Entry@50000199)
	referent	500001a2
	queue		50000f68
	value		500001a4
OBJ 500001a6 (sz=16, trace=300034, class=java.lang.invoke.MemberName$Factory@500001a5)
OBJ 500001a8 (sz=16, trace=300160, class=java.lang.Object@50000172)
OBJ 500001aa (sz=32, trace=300683, class=java.util.concurrent.ConcurrentHashMap$Node@50000024)
	key		50000ada
	val		500001a8
	next		500004eb
OBJ 500001ab (sz=56, trace=300039, class=java.lang.Class$ReflectionData@500000a5)
OBJ 500001ac (sz=40, trace=300040, class=java.lang.ref.SoftReference@50000152)
OBJ 500001ae (sz=376, trace=300001, class=java.lang.Thread@5000014a)
OBJ 500001af (sz=16, trace=300002, class=java.lang.Object@50000172)
OBJ 500001b2 (sz=16, trace=300043, class=java.lang.Object@50000172)
OBJ 500001b4 (sz=56, trace=300039, class=java.lang.Class$ReflectionData@500000a5)
OBJ 500001b5 (sz=40, trace=300040, class=java.lang.ref.SoftReference@50000152)
OBJ 500001b7 (sz=16, trace=300045, class=java.util.concurrent.atomic.AtomicBoolean@500001b3)
ARR 500001b9 (sz=40, trace=301852, nelems=5, elem type=java.lang.String[]@500000c8)
	[0]		5000059a
	[1]		50002d42
	[2]		50002d3f
	[3]		500006f2
	[4]		50002a31
OBJ 500001ba (sz=56, trace=300130, class=java.lang.Class$ReflectionData@500000a5)
OBJ 500001bb (sz=40, trace=300040, class=java.lang.ref.SoftReference@50000152)
OBJ 500001bc (sz=80, trace=300131, class=java.lang.reflect.Constructor@5000013d)
ARR 500001bd (sz=20, trace=301853, nelems=5, elem type=int[])
OBJ 500001be (sz=24, trace=300133, class=sun.reflect.NativeConstructorAccessorImpl@5000007c)
OBJ 500001bf (sz=16, trace=300134, class=sun.reflect.DelegatingConstructorAccessorImpl@5000007b)
OBJ 500001c0 (sz=40, trace=301003, class=com.sun.tools.javac.resources.compiler@500001b6)
	locale		50000f07
	name		50000c3f
	cacheKey	50001b68
	lookup		500023b1
OBJ 500001c1 (sz=32, trace=300999, class=java.util.ResourceBundle$LoaderReference@5000226c)
	referent	500003b3
	queue		50001e60
	cacheKey	50001b68
OBJ 500001c4 (sz=48, trace=301005, class=java.util.ResourceBundle$BundleReference@500001c2)
	referent	500001c0
	queue		50001e60
	cacheKey	50001b68
ARR 500001c5 (sz=272, trace=301006, nelems=60, elem type=java.util.concurrent.ConcurrentHashMap$Node[]@50000023)
	[6]		50001fd4
	[7]		50000272
	[13]		50002059
	[22]		500020ca
	[29]		50001ebd
	[42]		500002b1
	[43]		50001f13
	[49]		500001c6
	[59]		50002092
OBJ 500001c6 (sz=32, trace=301007, class=java.util.concurrent.ConcurrentHashMap$Node@50000024)
	key		50001b68
	val		500001c4
OBJ 500001c7 (sz=40, trace=301854, class=java.text.MessageFormat@50000189)
ARR 500001c9 (sz=56, trace=301855, nelems=0, elem type=java.text.Format[]@500001c8)
OBJ 500001ca (sz=24, trace=301010, class=java.lang.String@5000016e)
	value		500001cb
ARR 500001cb (sz=82, trace=301011, nelems=41, elem type=char[])
OBJ 500001cc (sz=16, trace=300157, class=java.lang.Object@50000172)
OBJ 500001cd (sz=32, trace=300159, class=java.util.concurrent.ConcurrentHashMap$Node@50000024)
	key		500001ca
	val		500001cc
OBJ 500001ce (sz=16, trace=300160, class=java.lang.Object@50000172)
OBJ 500001cf (sz=32, trace=300159, class=java.util.concurrent.ConcurrentHashMap$Node@50000024)
	key		500001ca
	val		500001ce
ARR 500001d0 (sz=56, trace=301856, nelems=0, elem type=int[])
ARR 500001d2 (sz=56, trace=301857, nelems=0, elem type=int[])
OBJ 500001d5 (sz=40, trace=301859, class=java.util.Locale$Category@500001d4)
	name		5000109c
	languageKey	500010a5
	scriptKey	500010a7
	countryKey	500010a3
	variantKey	500010a9
OBJ 500001d6 (sz=40, trace=301860, class=java.util.Locale$Category@500001d4)
	name		500010a2
	languageKey	500010a6
	scriptKey	500010a8
	countryKey	500010a4
	variantKey	500010aa
ARR 500001d8 (sz=24, trace=301861, nelems=2, elem type=java.util.Locale$Category[]@500001d7)
	[0]		500001d5
	[1]		500001d6
ARR 500001da (sz=8, trace=301863, nelems=2, elem type=int[])
OBJ 500001db (sz=24, trace=301864, class=sun.security.action.GetPropertyAction@50000084)
OBJ 500001dc (sz=24, trace=301865, class=sun.security.action.GetPropertyAction@50000084)
OBJ 500001dd (sz=24, trace=301866, class=sun.security.action.GetPropertyAction@50000084)
OBJ 500001de (sz=24, trace=301867, class=sun.security.action.GetPropertyAction@50000084)
OBJ 500001df (sz=40, trace=300984, class=sun.util.locale.BaseLocale$Key@5000001a)
OBJ 500001e1 (sz=40, trace=300985, class=java.lang.ref.SoftReference@50000152)
OBJ 500001e2 (sz=40, trace=300986, class=java.lang.ref.SoftReference@50000152)
OBJ 500001e3 (sz=40, trace=300987, class=java.lang.ref.SoftReference@50000152)
OBJ 500001e4 (sz=40, trace=300988, class=java.lang.ref.SoftReference@50000152)
OBJ 500001e5 (sz=32, trace=301868, class=sun.util.locale.BaseLocale@5000001c)
	language	50000ef0
	script		5000059a
	region		500008ff
	variant		5000059a
OBJ 500001e6 (sz=40, trace=301869, class=sun.util.locale.BaseLocale$Key@5000001a)
	lang		500001e7
	scrt		500001ea
	regn		500001eb
	vart		500001ec
OBJ 500001e7 (sz=40, trace=300985, class=java.lang.ref.SoftReference@50000152)
	referent	50000ef0
	queue		50000f68
OBJ 500001e8 (sz=24, trace=300083, class=java.io.ExpiringCache$Entry@50000061)
	val		50000e7e
OBJ 500001e9 (sz=40, trace=300084, class=java.util.LinkedHashMap$Entry@50000060)
	key		500009f1
	value		500001e8
	before		50000e41
	after		50001eb0
OBJ 500001ea (sz=40, trace=300986, class=java.lang.ref.SoftReference@50000152)
	referent	5000059a
	queue		50000f68
OBJ 500001eb (sz=40, trace=300987, class=java.lang.ref.SoftReference@50000152)
	referent	500008ff
	queue		50000f68
OBJ 500001ec (sz=40, trace=300988, class=java.lang.ref.SoftReference@50000152)
	referent	5000059a
	queue		50000f68
OBJ 500001ed (sz=48, trace=300994, class=sun.util.locale.LocaleObjectCache$CacheEntry@50000019)
	referent	500001e5
	queue		50000f52
	key		500001e6
OBJ 500001ee (sz=32, trace=300996, class=java.util.concurrent.ConcurrentHashMap$Node@50000024)
	key		500001e6
	val		500001ed
OBJ 500001ef (sz=24, trace=300989, class=java.util.Locale$LocaleKey@50000018)
	base		500001e5
OBJ 500001f0 (sz=32, trace=301870, class=java.util.Locale@5000002f)
	baseLocale	500001e5
OBJ 500001f1 (sz=48, trace=300994, class=sun.util.locale.LocaleObjectCache$CacheEntry@50000019)
	referent	500001f0
	queue		50000f1a
	key		500001ef
OBJ 500001f2 (sz=32, trace=300996, class=java.util.concurrent.ConcurrentHashMap$Node@50000024)
	key		500001ef
	val		500001f1
ARR 500001f4 (sz=32, trace=301871, nelems=0, elem type=java.lang.StringBuilder[]@500001f3)
OBJ 500001f5 (sz=24, trace=301872, class=java.lang.StringBuilder@50000121)
ARR 500001f6 (sz=48, trace=301873, nelems=0, elem type=char[])
OBJ 500001f7 (sz=24, trace=301874, class=java.lang.StringBuilder@50000121)
ARR 500001f8 (sz=48, trace=301875, nelems=0, elem type=char[])
ARR 500001f9 (sz=32, trace=301876, nelems=0, elem type=java.lang.String[]@500000c8)
OBJ 500001fa (sz=24, trace=301877, class=java.lang.String@5000016e)
OBJ 500001fb (sz=24, trace=301877, class=java.lang.String@5000016e)
ARR 500001fc (sz=24, trace=301878, nelems=0, elem type=char[])
OBJ 500001fd (sz=24, trace=301874, class=java.lang.StringBuilder@50000121)
ARR 500001fe (sz=48, trace=301875, nelems=0, elem type=char[])
ARR 500001ff (sz=32, trace=301876, nelems=0, elem type=java.lang.String[]@500000c8)
OBJ 50000200 (sz=24, trace=301877, class=java.lang.String@5000016e)
OBJ 50000201 (sz=24, trace=300103, class=java.lang.String@5000016e)
ARR 50000202 (sz=160, trace=300104, nelems=0, elem type=char[])
OBJ 50000203 (sz=32, trace=300105, class=java.io.FileOutputStream@500000ad)
ARR 50000204 (sz=24, trace=301878, nelems=0, elem type=char[])
OBJ 50000205 (sz=16, trace=300107, class=java.lang.Object@50000172)
OBJ 50000206 (sz=40, trace=300108, class=java.io.FileDescriptor@500000b2)
OBJ 50000207 (sz=24, trace=301877, class=java.lang.String@5000016e)
ARR 50000208 (sz=24, trace=301878, nelems=0, elem type=char[])
OBJ 50000209 (sz=24, trace=301879, class=java.lang.String@5000016e)
ARR 5000020a (sz=24, trace=301880, nelems=0, elem type=char[])
OBJ 5000020b (sz=24, trace=301881, class=java.lang.StringBuffer@50000122)
ARR 5000020c (sz=48, trace=301882, nelems=0, elem type=char[])
OBJ 5000020e (sz=16, trace=300114, class=java.lang.ThreadLocal@50000086)
OBJ 5000020f (sz=16, trace=300115, class=java.lang.ThreadLocal@50000086)
OBJ 50000211 (sz=24, trace=300117, class=java.lang.ThreadLocal$ThreadLocalMap@50000210)
	table		50000214
ARR 50000214 (sz=80, trace=300119, nelems=15, elem type=java.lang.ThreadLocal$ThreadLocalMap$Entry[]@50000213)
	[5]		5000027b
	[7]		5000023f
	[14]		50000215
OBJ 50000215 (sz=32, trace=300120, class=java.lang.ThreadLocal$ThreadLocalMap$Entry@50000212)
	referent	5000020f
	queue		50000f68
	value		5000022e
OBJ 50000217 (sz=32, trace=301884, class=java.text.FieldPosition@50000216)
OBJ 50000218 (sz=24, trace=301885, class=java.lang.String@5000016e)
OBJ 5000021f (sz=48, trace=301888, class=java.util.HashMap@500000c6)
	table		50000227
OBJ 50000220 (sz=56, trace=300130, class=java.lang.Class$ReflectionData@500000a5)
OBJ 50000221 (sz=40, trace=300040, class=java.lang.ref.SoftReference@50000152)
OBJ 50000222 (sz=80, trace=300131, class=java.lang.reflect.Constructor@5000013d)
OBJ 50000223 (sz=16, trace=301889, class=java.text.AttributedCharacterIterator$Attribute@5000021a)
	name		50000ef7
OBJ 50000224 (sz=24, trace=300133, class=sun.reflect.NativeConstructorAccessorImpl@5000007c)
OBJ 50000225 (sz=16, trace=300134, class=sun.reflect.DelegatingConstructorAccessorImpl@5000007b)
OBJ 50000226 (sz=24, trace=300135, class=sun.nio.cs.UTF_8@5000021e)
	name		50000db0
	aliases		500012dc
ARR 50000227 (sz=48, trace=301890, nelems=3, elem type=java.util.HashMap$Node[]@500000c2)
	[1]		50000230
	[2]		5000022b
OBJ 50000229 (sz=32, trace=300138, class=java.lang.StringCoding$StringEncoder@50000228)
	cs		50000226
	ce		5000022c
	requestedCharsetName	50000db0
OBJ 5000022b (sz=32, trace=300221, class=java.util.HashMap$Node@500000c4)
	key		50000ef7
	value		50000223
	next		5000023a
OBJ 5000022c (sz=56, trace=300141, class=sun.nio.cs.UTF_8$Encoder@5000022a)
	charset		50000226
	replacement	5000022d
	malformedInputAction	500005a3
	unmappableCharacterAction	500005a3
ARR 5000022d (sz=1, trace=300142, nelems=1, elem type=byte[])
OBJ 5000022e (sz=40, trace=300143, class=java.lang.ref.SoftReference@50000152)
	referent	50000229
	queue		50000f68
OBJ 5000022f (sz=16, trace=301891, class=java.text.AttributedCharacterIterator$Attribute@5000021a)
	name		50002d51
OBJ 50000230 (sz=32, trace=300221, class=java.util.HashMap$Node@500000c4)
	key		50002d51
	value		5000022f
OBJ 50000232 (sz=16, trace=301892, class=java.text.AttributedCharacterIterator$Attribute@5000021a)
	name		50002d50
OBJ 50000233 (sz=376, trace=300000, class=java.lang.Thread@5000014a)
OBJ 50000235 (sz=24, trace=300148, class=sun.launcher.LauncherHelper@50000234)
	name		50002f3b
ARR 50000237 (sz=24, trace=300149, nelems=1, elem type=sun.launcher.LauncherHelper[]@50000236)
	[0]		50000235
OBJ 50000238 (sz=24, trace=300150, class=java.lang.StringBuilder@50000121)
	value		50000239
ARR 50000239 (sz=32, trace=300151, nelems=16, elem type=char[])
OBJ 5000023a (sz=32, trace=300222, class=java.util.HashMap$Node@500000c4)
	key		50002d50
	value		50000232
OBJ 5000023b (sz=16, trace=301893, class=java.text.MessageFormat$Field@5000021c)
	name		50002d4e
OBJ 5000023c (sz=24, trace=301894, class=java.lang.String@5000016e)
ARR 5000023d (sz=48, trace=301895, nelems=0, elem type=char[])
OBJ 5000023e (sz=24, trace=300152, class=java.lang.String@5000016e)
	value		50000244
OBJ 5000023f (sz=32, trace=300120, class=java.lang.ThreadLocal$ThreadLocalMap$Entry@50000212)
	referent	5000020e
	queue		50000f68
	value		50000871
OBJ 50000241 (sz=24, trace=301896, class=java.lang.String@5000016e)
OBJ 50000242 (sz=48, trace=300896, class=java.nio.HeapCharBuffer@50000035)
ARR 50000243 (sz=80, trace=301897, nelems=0, elem type=java.util.HashMap$Node[]@500000c2)
ARR 50000244 (sz=48, trace=300156, nelems=24, elem type=char[])
OBJ 50000245 (sz=16, trace=300157, class=java.lang.Object@50000172)
OBJ 50000246 (sz=40, trace=300084, class=java.util.LinkedHashMap$Entry@50000060)
OBJ 50000247 (sz=32, trace=300221, class=java.util.HashMap$Node@500000c4)
	key		50001ad9
	value		50001aa8
OBJ 50000248 (sz=16, trace=300160, class=java.lang.Object@50000172)
OBJ 50000249 (sz=32, trace=300221, class=java.util.HashMap$Node@500000c4)
	key		50001ada
	value		50001aa9
	next		50000285
OBJ 5000024a (sz=32, trace=300221, class=java.util.HashMap$Node@500000c4)
	key		50001adb
	value		50001aa7
OBJ 5000024c (sz=32, trace=300221, class=java.util.HashMap$Node@500000c4)
	key		50001adc
	value		50001a7b
OBJ 5000024d (sz=32, trace=300221, class=java.util.HashMap$Node@500000c4)
	key		50001ae7
	value		50001a5e
OBJ 5000024e (sz=32, trace=300221, class=java.util.HashMap$Node@500000c4)
	key		50001aeb
	value		50001a4e
	next		5000028c
OBJ 5000024f (sz=32, trace=300221, class=java.util.HashMap$Node@500000c4)
	key		50001aec
	value		50001a72
OBJ 50000250 (sz=32, trace=300221, class=java.util.HashMap$Node@500000c4)
	key		50001aed
	value		50001a70
OBJ 50000252 (sz=32, trace=300221, class=java.util.HashMap$Node@500000c4)
	key		50001aee
	value		50001a93
OBJ 50000253 (sz=32, trace=300221, class=java.util.HashMap$Node@500000c4)
	key		50001aef
	value		50001a51
	next		50000292
OBJ 50000254 (sz=32, trace=300221, class=java.util.HashMap$Node@500000c4)
	key		50001af0
	value		50001a50
	next		5000026e
OBJ 50000255 (sz=24, trace=300170, class=java.lang.String@5000016e)
	value		50000256
ARR 50000256 (sz=154, trace=300171, nelems=77, elem type=char[])
OBJ 50000258 (sz=32, trace=300222, class=java.util.HashMap$Node@500000c4)
	key		50001af1
	value		50001a52
OBJ 5000025f (sz=16, trace=300177, class=java.util.zip.ZipFile$1@5000025e)
OBJ 50000260 (sz=32, trace=300221, class=java.util.HashMap$Node@500000c4)
	key		50001af2
	value		50001a53
OBJ 50000261 (sz=32, trace=300221, class=java.util.HashMap$Node@500000c4)
	key		50001af3
	value		50001a54
OBJ 50000262 (sz=32, trace=300221, class=java.util.HashMap$Node@500000c4)
	key		50001af4
	value		50001a55
OBJ 50000263 (sz=32, trace=300221, class=java.util.HashMap$Node@500000c4)
	key		50001af6
	value		50001a57
OBJ 50000265 (sz=32, trace=300221, class=java.util.HashMap$Node@500000c4)
	key		50001af7
	value		50001b49
OBJ 50000267 (sz=32, trace=300221, class=java.util.HashMap$Node@500000c4)
	key		50001af8
	value		50001a58
OBJ 50000268 (sz=24, trace=300184, class=java.lang.String@5000016e)
	value		50000269
ARR 50000269 (sz=154, trace=300185, nelems=77, elem type=char[])
OBJ 5000026a (sz=64, trace=300186, class=java.net.URL@50000119)
	protocol	50000de1
	host		5000059a
	file		50000268
	authority	5000059a
	path		50000268
	handler		500019d0
OBJ 5000026b (sz=32, trace=300222, class=java.util.HashMap$Node@500000c4)
	key		50001af9
	value		50001a59
OBJ 5000026c (sz=56, trace=300188, class=sun.misc.URLClassPath$JarLoader@5000025a)
	base		5000026a
	csu		500019d6
	metaIndex	50001887
	handler		500019d0
	lmap		500019d1
	acc		50000a9e
OBJ 5000026d (sz=32, trace=300221, class=java.util.HashMap$Node@500000c4)
	key		50001afa
	value		50001a5a
OBJ 5000026e (sz=32, trace=300222, class=java.util.HashMap$Node@500000c4)
	key		50001afb
	value		50001a4d
OBJ 5000026f (sz=32, trace=300222, class=java.util.HashMap$Node@500000c4)
	key		50001afc
	value		50001a5b
OBJ 50000270 (sz=32, trace=300999, class=java.util.ResourceBundle$LoaderReference@5000226c)
	referent	500003b3
	queue		50001e60
	cacheKey	50002b00
OBJ 50000271 (sz=48, trace=301005, class=java.util.ResourceBundle$BundleReference@500001c2)
	referent	50001e5e
	queue		50001e60
	cacheKey	50002b00
OBJ 50000272 (sz=32, trace=301007, class=java.util.concurrent.ConcurrentHashMap$Node@50000024)
	key		50002b00
	val		50000271
OBJ 50000276 (sz=24, trace=300197, class=sun.nio.cs.ThreadLocalCoders$1@50000275)
	cache		50000277
OBJ 50000277 (sz=16, trace=300198, class=java.lang.ThreadLocal@50000086)
OBJ 50000279 (sz=24, trace=300200, class=sun.nio.cs.ThreadLocalCoders$2@50000278)
	cache		5000027a
OBJ 5000027a (sz=16, trace=300201, class=java.lang.ThreadLocal@50000086)
OBJ 5000027b (sz=32, trace=300120, class=java.lang.ThreadLocal$ThreadLocalMap$Entry@50000212)
	referent	50000277
	queue		50000f68
	value		5000027c
ARR 5000027c (sz=32, trace=300202, nelems=1, elem type=java.lang.Object[]@50000108)
	[0]		5000027e
OBJ 5000027e (sz=40, trace=300204, class=sun.nio.cs.UTF_8$Decoder@5000027d)
	charset		50000226
	replacement	500017e3
	malformedInputAction	500005a1
	unmappableCharacterAction	500005a1
OBJ 5000027f (sz=32, trace=300221, class=java.util.HashMap$Node@500000c4)
	key		50001afd
	value		50001a5c
OBJ 50000280 (sz=32, trace=300222, class=java.util.HashMap$Node@500000c4)
	key		50001afe
	value		50001a7e
OBJ 50000281 (sz=32, trace=300222, class=java.util.HashMap$Node@500000c4)
	key		50001aff
	value		50001a9e
OBJ 50000282 (sz=24, trace=301010, class=java.lang.String@5000016e)
	value		50000283
ARR 50000283 (sz=88, trace=301011, nelems=44, elem type=char[])
OBJ 50000284 (sz=16, trace=300157, class=java.lang.Object@50000172)
OBJ 50000285 (sz=32, trace=300222, class=java.util.HashMap$Node@500000c4)
	key		50001b00
	value		50001a9f
OBJ 50000286 (sz=16, trace=300160, class=java.lang.Object@50000172)
OBJ 50000287 (sz=32, trace=300222, class=java.util.HashMap$Node@500000c4)
	key		50001b15
	value		50001a7d
OBJ 50000288 (sz=32, trace=300221, class=java.util.HashMap$Node@500000c4)
	key		50001b16
	value		50001a97
OBJ 50000289 (sz=32, trace=300222, class=java.util.HashMap$Node@500000c4)
	key		50001b17
	value		50001a9a
OBJ 5000028a (sz=32, trace=300221, class=java.util.HashMap$Node@500000c4)
	key		50001b18
	value		50001a7f
OBJ 5000028b (sz=32, trace=300221, class=java.util.HashMap$Node@500000c4)
	key		50001b19
	value		50001a82
OBJ 5000028c (sz=32, trace=300222, class=java.util.HashMap$Node@500000c4)
	key		50001b1a
	value		50001a73
OBJ 5000028d (sz=32, trace=300222, class=java.util.HashMap$Node@500000c4)
	key		50001b1b
	value		50001a78
ARR 5000028e (sz=80, trace=300220, nelems=15, elem type=java.util.HashMap$Node[]@500000c2)
	[0]		5000028f
	[2]		500003f7
	[3]		500002df
	[5]		5000032f
	[10]		50000357
	[12]		500002b7
	[13]		500003a7
	[14]		50000307
OBJ 5000028f (sz=32, trace=300221, class=java.util.HashMap$Node@500000c4)
	key		50000255
	value		5000026c
OBJ 50000290 (sz=32, trace=300221, class=java.util.HashMap$Node@500000c4)
	key		50001b1c
	value		50001a76
OBJ 50000291 (sz=32, trace=300222, class=java.util.HashMap$Node@500000c4)
	key		50001b1d
	value		50001aa0
	next		500002a3
OBJ 50000292 (sz=32, trace=300222, class=java.util.HashMap$Node@500000c4)
	key		50001b1e
	value		50001a86
OBJ 50000293 (sz=24, trace=300170, class=java.lang.String@5000016e)
	value		50000294
ARR 50000294 (sz=138, trace=300171, nelems=69, elem type=char[])
OBJ 50000295 (sz=32, trace=300222, class=java.util.HashMap$Node@500000c4)
	key		50001b1f
	value		50001aa2
OBJ 50000296 (sz=32, trace=300221, class=java.util.HashMap$Node@500000c4)
	key		50001b20
	value		50001a98
OBJ 50000297 (sz=32, trace=300221, class=java.util.HashMap$Node@500000c4)
	key		50001b21
	value		50001a99
OBJ 50000298 (sz=32, trace=300221, class=java.util.HashMap$Node@500000c4)
	key		50001b22
	value		50001a88
OBJ 50000299 (sz=32, trace=300222, class=java.util.HashMap$Node@500000c4)
	key		50001b23
	value		50001a61
OBJ 5000029a (sz=32, trace=300222, class=java.util.HashMap$Node@500000c4)
	key		50001b24
	value		50001a77
OBJ 5000029b (sz=32, trace=300221, class=java.util.HashMap$Node@500000c4)
	key		50001b25
	value		50001a75
OBJ 5000029c (sz=32, trace=300221, class=java.util.HashMap$Node@500000c4)
	key		50001b26
	value		50001a9b
OBJ 5000029d (sz=32, trace=300222, class=java.util.HashMap$Node@500000c4)
	key		50001b27
	value		50001a79
OBJ 5000029e (sz=24, trace=300184, class=java.lang.String@5000016e)
	value		5000029f
ARR 5000029f (sz=138, trace=300185, nelems=69, elem type=char[])
OBJ 500002a0 (sz=64, trace=300186, class=java.net.URL@50000119)
	protocol	50000de1
	host		5000059a
	file		5000029e
	authority	5000059a
	path		5000029e
	handler		500019d0
OBJ 500002a1 (sz=32, trace=300221, class=java.util.HashMap$Node@500000c4)
	key		50001b28
	value		50001aa3
OBJ 500002a2 (sz=56, trace=300188, class=sun.misc.URLClassPath$JarLoader@5000025a)
	base		500002a0
	csu		500019d7
	metaIndex	5000187c
	handler		500019d0
	lmap		500019d1
	acc		50000a9e
OBJ 500002a3 (sz=32, trace=300222, class=java.util.HashMap$Node@500000c4)
	key		50001b29
	value		50001a8c
OBJ 500002a4 (sz=32, trace=300221, class=java.util.HashMap$Node@500000c4)
	key		50001b2a
	value		50001a8a
OBJ 500002a5 (sz=32, trace=300221, class=java.util.HashMap$Node@500000c4)
	key		50001b2b
	value		50001a89
OBJ 500002a6 (sz=32, trace=300222, class=java.util.HashMap$Node@500000c4)
	key		50001b2c
	value		50001a87
OBJ 500002a7 (sz=32, trace=300221, class=java.util.HashMap$Node@500000c4)
	key		50001b2d
	value		50001a8b
	next		500002cc
OBJ 500002a8 (sz=32, trace=300221, class=java.util.HashMap$Node@500000c4)
	key		50001b2e
	value		50001a60
OBJ 500002a9 (sz=32, trace=300221, class=java.util.HashMap$Node@500000c4)
	key		50001b2f
	value		50001a7a
OBJ 500002aa (sz=32, trace=300221, class=java.util.HashMap$Node@500000c4)
	key		50001b30
	value		50001a9c
OBJ 500002ab (sz=32, trace=300222, class=java.util.HashMap$Node@500000c4)
	key		50001b31
	value		50001a5f
OBJ 500002ac (sz=32, trace=300221, class=java.util.HashMap$Node@500000c4)
	key		50001b34
	value		50001aa5
OBJ 500002ad (sz=32, trace=300222, class=java.util.HashMap$Node@500000c4)
	key		50001b35
	value		50001a94
OBJ 500002ae (sz=32, trace=300222, class=java.util.HashMap$Node@500000c4)
	key		50001b36
	value		50001a6f
OBJ 500002af (sz=32, trace=300999, class=java.util.ResourceBundle$LoaderReference@5000226c)
	referent	500003b3
	queue		50001e60
	cacheKey	50002a2e
OBJ 500002b0 (sz=48, trace=301005, class=java.util.ResourceBundle$BundleReference@500001c2)
	referent	50001e5e
	queue		50001e60
	cacheKey	50002a2e
OBJ 500002b1 (sz=32, trace=301007, class=java.util.concurrent.ConcurrentHashMap$Node@50000024)
	key		50002a2e
	val		500002b0
OBJ 500002b2 (sz=32, trace=300221, class=java.util.HashMap$Node@500000c4)
	key		50001b37
	value		50001a96
	next		500002b8
OBJ 500002b3 (sz=16, trace=300157, class=java.lang.Object@50000172)
OBJ 500002b4 (sz=32, trace=300683, class=java.util.concurrent.ConcurrentHashMap$Node@50000024)
	key		50000cc9
	val		500002b3
	next		50001d8b
OBJ 500002b5 (sz=16, trace=300160, class=java.lang.Object@50000172)
OBJ 500002b6 (sz=32, trace=300683, class=java.util.concurrent.ConcurrentHashMap$Node@50000024)
	key		50000cc9
	val		500002b5
	next		50001d8d
OBJ 500002b7 (sz=32, trace=300221, class=java.util.HashMap$Node@500000c4)
	key		50000293
	value		500002a2
OBJ 500002b8 (sz=32, trace=300222, class=java.util.HashMap$Node@500000c4)
	key		50001b38
	value		50001a95
ARR 500002b9 (sz=80, trace=301025, nelems=0, elem type=java.util.HashMap$Node[]@500000c2)
OBJ 500002ba (sz=32, trace=300221, class=java.util.HashMap$Node@500000c4)
	key		50001b39
	value		50001a91
OBJ 500002bb (sz=24, trace=300170, class=java.lang.String@5000016e)
	value		500002bc
ARR 500002bc (sz=132, trace=300171, nelems=66, elem type=char[])
OBJ 500002bd (sz=32, trace=300222, class=java.util.HashMap$Node@500000c4)
OBJ 500002be (sz=24, trace=301026, class=com.sun.tools.javac.util.JCDiagnostic$Factory@50001d25)
OBJ 500002bf (sz=16, trace=300157, class=java.lang.Object@50000172)
OBJ 500002c0 (sz=32, trace=300683, class=java.util.concurrent.ConcurrentHashMap$Node@50000024)
	key		50000d0f
	val		500002bf
OBJ 500002c1 (sz=16, trace=300160, class=java.lang.Object@50000172)
OBJ 500002c2 (sz=32, trace=300683, class=java.util.concurrent.ConcurrentHashMap$Node@50000024)
	key		50000d0f
	val		500002c1
OBJ 500002c3 (sz=32, trace=300221, class=java.util.HashMap$Node@500000c4)
	key		50001b3a
	value		50001aa1
	next		500002c9
OBJ 500002c4 (sz=32, trace=300221, class=java.util.HashMap$Node@500000c4)
	key		50001b3b
	value		50001a9d
OBJ 500002c5 (sz=32, trace=300222, class=java.util.HashMap$Node@500000c4)
	key		50001b3c
	value		50001a74
OBJ 500002c6 (sz=24, trace=300184, class=java.lang.String@5000016e)
	value		500002c7
ARR 500002c7 (sz=132, trace=300185, nelems=66, elem type=char[])
OBJ 500002c8 (sz=64, trace=300186, class=java.net.URL@50000119)
	protocol	50000de1
	host		5000059a
	file		500002c6
	authority	5000059a
	path		500002c6
	handler		500019d0
OBJ 500002c9 (sz=32, trace=300222, class=java.util.HashMap$Node@500000c4)
	key		50001b3d
	value		50001a7c
OBJ 500002ca (sz=56, trace=300188, class=sun.misc.URLClassPath$JarLoader@5000025a)
	base		500002c8
	csu		500019d8
	metaIndex	500018f9
	handler		500019d0
	lmap		500019d1
	acc		50000a9e
OBJ 500002cb (sz=32, trace=300222, class=java.util.HashMap$Node@500000c4)
	key		50001b43
	value		50001aaa
OBJ 500002cc (sz=32, trace=300222, class=java.util.HashMap$Node@500000c4)
	key		50001b44
	value		50001b61
ARR 500002cd (sz=1040, trace=301849, nelems=255, elem type=java.util.HashMap$Node[]@500000c2)
	[2]		50000265
	[4]		5000024e
	[7]		50000249
	[8]		50002691
	[11]		500003f3
	[12]		500002c4
	[14]		5000268c
	[17]		5000268b
	[18]		5000268e
	[20]		5000268a
	[23]		5000024a
	[25]		500003f1
	[29]		5000029c
	[30]		50002694
	[34]		5000024c
	[41]		50000260
	[49]		500002ab
	[53]		5000269b
	[57]		50000280
	[69]		50002699
	[72]		50000297
	[76]		50000262
	[77]		500002ce
	[78]		5000268d
	[80]		50000254
	[84]		5000269d
	[85]		500002c3
	[89]		500002a9
	[91]		500002c5
	[92]		50000263
	[95]		500002a8
	[96]		500003f0
	[99]		5000024d
	[100]		50000290
	[106]		5000028a
	[110]		50000252
	[112]		5000269f
	[113]		500002ac
	[116]		5000024f
	[118]		500002a5
	[119]		5000027f
	[122]		500003f6
	[123]		500002cf
	[125]		5000029b
	[127]		50002690
	[130]		5000029a
	[131]		50002692
	[136]		50002697
	[137]		500003f5
	[138]		50000247
	[145]		5000026b
	[147]		50000296
	[153]		50000281
	[160]		50000261
	[163]		5000026d
	[164]		500002d0
	[167]		500003f2
	[170]		500002b2
	[175]		50000288
	[177]		5000028b
	[178]		50000298
	[183]		500002ba
	[184]		5000269e
	[185]		50002693
	[188]		50000267
	[192]		500002a1
	[193]		50002696
	[202]		5000268f
	[203]		50000250
	[204]		50000295
	[212]		50000258
	[214]		50000253
	[215]		500002aa
	[216]		5000269a
	[219]		500002a7
	[224]		50000287
	[225]		50002695
	[231]		5000269c
	[232]		500002a4
	[240]		5000029d
	[251]		50002698
	[254]		50002689
OBJ 500002ce (sz=32, trace=300221, class=java.util.HashMap$Node@500000c4)
	key		50001b45
	value		50001b51
OBJ 500002cf (sz=32, trace=300221, class=java.util.HashMap$Node@500000c4)
	key		50001b46
	value		50001b52
OBJ 500002d0 (sz=32, trace=300221, class=java.util.HashMap$Node@500000c4)
	key		50001b47
	value		50001b53
OBJ 500002d1 (sz=16, trace=300157, class=java.lang.Object@50000172)
OBJ 500002d2 (sz=32, trace=300159, class=java.util.concurrent.ConcurrentHashMap$Node@50000024)
	key		50000c60
	val		500002d1
OBJ 500002d3 (sz=16, trace=300160, class=java.lang.Object@50000172)
OBJ 500002d4 (sz=32, trace=300159, class=java.util.concurrent.ConcurrentHashMap$Node@50000024)
	key		50000c60
	val		500002d3
OBJ 500002d5 (sz=24, trace=301898, class=com.sun.tools.javac.code.Source@50001839)
	name		50002b24
	name		50002b1a
OBJ 500002d6 (sz=24, trace=301899, class=com.sun.tools.javac.code.Source@50001839)
	name		50002b25
	name		50002b1b
OBJ 500002d7 (sz=24, trace=301900, class=com.sun.tools.javac.code.Source@50001839)
	name		50002b26
	name		50001639
OBJ 500002d8 (sz=24, trace=301901, class=com.sun.tools.javac.code.Source@50001839)
	name		50002b27
	name		50002b1c
OBJ 500002d9 (sz=24, trace=301902, class=com.sun.tools.javac.code.Source@50001839)
	name		50002b28
	name		50002b1d
OBJ 500002da (sz=24, trace=301903, class=com.sun.tools.javac.code.Source@50001839)
	name		50002b29
	name		50002b1e
OBJ 500002db (sz=24, trace=301904, class=com.sun.tools.javac.code.Source@50001839)
	name		50002b2a
	name		50002b1f
ARR 500002dd (sz=48, trace=301905, nelems=7, elem type=com.sun.tools.javac.code.Source[]@500002dc)
	[0]		500002d5
	[1]		500002d6
	[2]		500002d7
	[3]		500002d8
	[4]		500002d9
	[5]		500002da
	[6]		500002db
OBJ 500002de (sz=16, trace=301906, class=com.sun.tools.javac.util.Context$Key@500014fe)
OBJ 500002df (sz=32, trace=300221, class=java.util.HashMap$Node@500000c4)
	key		500002bb
	value		500002ca
	next		500003cf
OBJ 500002e0 (sz=48, trace=301907, class=java.util.HashMap@500000c6)
	table		500002e1
ARR 500002e1 (sz=80, trace=301908, nelems=12, elem type=java.util.HashMap$Node[]@500000c2)
	[5]		500002e2
	[6]		500002e5
	[7]		500002e6
	[8]		500002e7
	[9]		500002e8
	[10]		500002e9
	[11]		500002ea
OBJ 500002e2 (sz=32, trace=300221, class=java.util.HashMap$Node@500000c4)
	key		50002b1a
	value		500002d5
	next		500002eb
OBJ 500002e3 (sz=24, trace=300170, class=java.lang.String@5000016e)
	value		500002e4
ARR 500002e4 (sz=136, trace=300171, nelems=68, elem type=char[])
OBJ 500002e5 (sz=32, trace=300221, class=java.util.HashMap$Node@500000c4)
	key		50002b1b
	value		500002d6
	next		500002ec
OBJ 500002e6 (sz=32, trace=300221, class=java.util.HashMap$Node@500000c4)
	key		50001639
	value		500002d7
	next		500002ed
OBJ 500002e7 (sz=32, trace=300221, class=java.util.HashMap$Node@500000c4)
	key		50002b1c
	value		500002d8
	next		500002f1
OBJ 500002e8 (sz=32, trace=300221, class=java.util.HashMap$Node@500000c4)
	key		50002b1d
	value		500002d9
OBJ 500002e9 (sz=32, trace=300221, class=java.util.HashMap$Node@500000c4)
	key		50002b1e
	value		500002da
OBJ 500002ea (sz=32, trace=300221, class=java.util.HashMap$Node@500000c4)
	key		50002b1f
	value		500002db
OBJ 500002eb (sz=32, trace=300222, class=java.util.HashMap$Node@500000c4)
	key		50002b20
	value		500002d8
OBJ 500002ec (sz=32, trace=300222, class=java.util.HashMap$Node@500000c4)
	key		50002b21
	value		500002d9
OBJ 500002ed (sz=32, trace=300222, class=java.util.HashMap$Node@500000c4)
	key		50002b22
	value		500002da
OBJ 500002ee (sz=24, trace=300184, class=java.lang.String@5000016e)
	value		500002ef
ARR 500002ef (sz=136, trace=300185, nelems=68, elem type=char[])
OBJ 500002f0 (sz=64, trace=300186, class=java.net.URL@50000119)
	protocol	50000de1
	host		5000059a
	file		500002ee
	authority	5000059a
	path		500002ee
	handler		500019d0
OBJ 500002f1 (sz=32, trace=300222, class=java.util.HashMap$Node@500000c4)
	key		50002b23
	value		500002db
OBJ 500002f2 (sz=56, trace=300188, class=sun.misc.URLClassPath$JarLoader@5000025a)
	base		500002f0
	csu		500019d9
	metaIndex	500018b7
	handler		500019d0
	lmap		500019d1
	acc		50000a9e
OBJ 500002f3 (sz=32, trace=301909, class=com.sun.tools.javac.jvm.Target@50000926)
	name		50002b3d
	name		50002b3c
OBJ 500002f4 (sz=32, trace=301910, class=com.sun.tools.javac.jvm.Target@50000926)
	name		50002b24
	name		50002b1a
OBJ 500002f5 (sz=32, trace=301911, class=com.sun.tools.javac.jvm.Target@50000926)
	name		50002b25
	name		50002b1b
OBJ 500002f6 (sz=32, trace=301912, class=com.sun.tools.javac.jvm.Target@50000926)
	name		50002b26
	name		50001639
OBJ 500002f7 (sz=32, trace=301913, class=com.sun.tools.javac.jvm.Target@50000926)
	name		50002b27
	name		50002b1c
OBJ 500002f8 (sz=32, trace=301914, class=com.sun.tools.javac.jvm.Target@50000926)
	name		50002b28
	name		50002b1d
OBJ 500002f9 (sz=32, trace=301915, class=com.sun.tools.javac.jvm.Target@50000926)
	name		50002b29
	name		50002b1e
OBJ 500002fa (sz=32, trace=301916, class=com.sun.tools.javac.jvm.Target@50000926)
	name		50002b2a
	name		50002b1f
ARR 500002fc (sz=48, trace=301917, nelems=8, elem type=com.sun.tools.javac.jvm.Target[]@500002fb)
	[0]		500002f3
	[1]		500002f4
	[2]		500002f5
	[3]		500002f6
	[4]		500002f7
	[5]		500002f8
	[6]		500002f9
	[7]		500002fa
OBJ 500002fd (sz=16, trace=301918, class=com.sun.tools.javac.util.Context$Key@500014fe)
OBJ 500002fe (sz=48, trace=301919, class=java.util.HashMap@500000c6)
	table		500002ff
ARR 500002ff (sz=80, trace=301920, nelems=12, elem type=java.util.HashMap$Node[]@500000c2)
	[4]		50000300
	[5]		50000301
	[6]		50000302
	[7]		50000305
	[8]		50000306
	[9]		50000308
	[10]		50000309
	[11]		5000030a
OBJ 50000300 (sz=32, trace=300221, class=java.util.HashMap$Node@500000c4)
	key		50002b3c
	value		500002f3
OBJ 50000301 (sz=32, trace=300221, class=java.util.HashMap$Node@500000c4)
	key		50002b1a
	value		500002f4
	next		5000030d
OBJ 50000302 (sz=32, trace=300221, class=java.util.HashMap$Node@500000c4)
	key		50002b1b
	value		500002f5
	next		5000030e
OBJ 50000303 (sz=56, trace=300687, class=java.util.zip.ZipFile$ZipFileInputStream@5000055c)
	this$0		500004ec
OBJ 50000304 (sz=40, trace=300106, class=java.lang.ref.Finalizer@5000014d)
	referent	50000303
	queue		500003a9
	next		500022cb
	prev		50000361
OBJ 50000305 (sz=32, trace=300221, class=java.util.HashMap$Node@500000c4)
	key		50001639
	value		500002f6
	next		5000030f
OBJ 50000306 (sz=32, trace=300221, class=java.util.HashMap$Node@500000c4)
	key		50002b1c
	value		500002f7
	next		50000310
OBJ 50000307 (sz=32, trace=300221, class=java.util.HashMap$Node@500000c4)
	key		500002e3
	value		500002f2
OBJ 50000308 (sz=32, trace=300221, class=java.util.HashMap$Node@500000c4)
	key		50002b1d
	value		500002f8
OBJ 50000309 (sz=32, trace=300221, class=java.util.HashMap$Node@500000c4)
	key		50002b1e
	value		500002f9
OBJ 5000030a (sz=32, trace=300221, class=java.util.HashMap$Node@500000c4)
	key		50002b1f
	value		500002fa
OBJ 5000030b (sz=24, trace=300170, class=java.lang.String@5000016e)
	value		5000030c
ARR 5000030c (sz=132, trace=300171, nelems=66, elem type=char[])
OBJ 5000030d (sz=32, trace=300222, class=java.util.HashMap$Node@500000c4)
	key		50002b20
	value		500002f7
OBJ 5000030e (sz=32, trace=300222, class=java.util.HashMap$Node@500000c4)
	key		50002b21
	value		500002f8
OBJ 5000030f (sz=32, trace=300222, class=java.util.HashMap$Node@500000c4)
	key		50002b22
	value		500002f9
OBJ 50000310 (sz=32, trace=300222, class=java.util.HashMap$Node@500000c4)
	key		50002b23
	value		500002fa
OBJ 50000311 (sz=16, trace=300157, class=java.lang.Object@50000172)
OBJ 50000312 (sz=32, trace=300159, class=java.util.concurrent.ConcurrentHashMap$Node@50000024)
	key		50000c0e
	val		50000311
OBJ 50000313 (sz=16, trace=300160, class=java.lang.Object@50000172)
OBJ 50000314 (sz=32, trace=300159, class=java.util.concurrent.ConcurrentHashMap$Node@50000024)
	key		50000c0e
	val		50000313
OBJ 50000315 (sz=24, trace=301921, class=com.sun.tools.javac.util.List$3@50001e56)
OBJ 50000316 (sz=24, trace=300184, class=java.lang.String@5000016e)
	value		50000317
ARR 50000317 (sz=132, trace=300185, nelems=66, elem type=char[])
OBJ 50000318 (sz=64, trace=300186, class=java.net.URL@50000119)
	protocol	50000de1
	host		5000059a
	file		50000316
	authority	5000059a
	path		50000316
	handler		500019d0
OBJ 50000319 (sz=24, trace=301073, class=java.lang.StringBuilder@50000121)
OBJ 5000031a (sz=56, trace=300188, class=sun.misc.URLClassPath$JarLoader@5000025a)
	base		50000318
	csu		500019da
	metaIndex	50001920
	handler		500019d0
	lmap		500019d1
	acc		50000a9e
ARR 5000031b (sz=48, trace=301074, nelems=0, elem type=char[])
OBJ 5000031c (sz=24, trace=301075, class=java.lang.String@5000016e)
OBJ 5000031d (sz=16, trace=300157, class=java.lang.Object@50000172)
OBJ 5000031e (sz=32, trace=300159, class=java.util.concurrent.ConcurrentHashMap$Node@50000024)
	key		50000b57
	val		5000031d
OBJ 5000031f (sz=16, trace=300160, class=java.lang.Object@50000172)
OBJ 50000320 (sz=32, trace=300159, class=java.util.concurrent.ConcurrentHashMap$Node@50000024)
	key		50000b57
	val		5000031f
ARR 50000321 (sz=40, trace=301076, nelems=0, elem type=char[])
OBJ 50000322 (sz=32, trace=300815, class=java.util.RegularEnumSet@5000162c)
OBJ 50000323 (sz=40, trace=301077, class=com.sun.tools.javac.util.BasicDiagnosticFormatter$BasicConfiguration@50000909)
OBJ 50000324 (sz=48, trace=301078, class=java.util.HashMap@500000c6)
ARR 50000325 (sz=80, trace=301038, nelems=0, elem type=java.util.HashMap$Node[]@500000c2)
OBJ 50000326 (sz=32, trace=300221, class=java.util.HashMap$Node@500000c4)
OBJ 50000327 (sz=32, trace=300221, class=java.util.HashMap$Node@500000c4)
OBJ 50000328 (sz=40, trace=301042, class=java.util.EnumMap@500009de)
ARR 50000329 (sz=32, trace=301079, nelems=0, elem type=java.lang.Object[]@50000108)
OBJ 5000032a (sz=48, trace=301080, class=java.util.HashMap@500000c6)
ARR 5000032b (sz=80, trace=301052, nelems=0, elem type=java.util.HashMap$Node[]@500000c2)
OBJ 5000032c (sz=32, trace=300221, class=java.util.HashMap$Node@500000c4)
OBJ 5000032d (sz=32, trace=300222, class=java.util.HashMap$Node@500000c4)
OBJ 5000032e (sz=32, trace=300221, class=java.util.HashMap$Node@500000c4)
OBJ 5000032f (sz=32, trace=300221, class=java.util.HashMap$Node@500000c4)
	key		5000030b
	value		5000031a
	next		5000037f
OBJ 50000330 (sz=32, trace=300221, class=java.util.HashMap$Node@500000c4)
OBJ 50000331 (sz=32, trace=301922, class=com.sun.tools.javac.util.BasicDiagnosticFormatter@50000374)
OBJ 50000332 (sz=24, trace=301085, class=com.sun.tools.javac.util.AbstractDiagnosticFormatter$1@500004e0)
OBJ 50000333 (sz=24, trace=300170, class=java.lang.String@5000016e)
	value		50000334
ARR 50000334 (sz=142, trace=300171, nelems=71, elem type=char[])
OBJ 50000335 (sz=16, trace=300157, class=java.lang.Object@50000172)
OBJ 50000336 (sz=32, trace=300159, class=java.util.concurrent.ConcurrentHashMap$Node@50000024)
	key		50000c41
	val		50000335
OBJ 50000337 (sz=16, trace=300160, class=java.lang.Object@50000172)
OBJ 50000338 (sz=32, trace=300159, class=java.util.concurrent.ConcurrentHashMap$Node@50000024)
	key		50000c41
	val		50000337
OBJ 50000339 (sz=24, trace=300162, class=java.net.URLClassLoader$1@5000024b)
ARR 5000033a (sz=88, trace=300163, nelems=0, elem type=char[])
OBJ 5000033b (sz=24, trace=300164, class=java.lang.String@5000016e)
ARR 5000033c (sz=104, trace=300165, nelems=0, elem type=char[])
OBJ 5000033d (sz=24, trace=300166, class=java.lang.String@5000016e)
OBJ 5000033e (sz=24, trace=300184, class=java.lang.String@5000016e)
	value		5000033f
ARR 5000033f (sz=142, trace=300185, nelems=71, elem type=char[])
OBJ 50000340 (sz=64, trace=300186, class=java.net.URL@50000119)
	protocol	50000de1
	host		5000059a
	file		5000033e
	authority	5000059a
	path		5000033e
	handler		500019d0
OBJ 50000341 (sz=40, trace=300223, class=java.lang.ClassNotFoundException@5000015c)
OBJ 50000342 (sz=56, trace=300188, class=sun.misc.URLClassPath$JarLoader@5000025a)
	base		50000340
	csu		500019db
	metaIndex	500018d7
	handler		500019d0
	lmap		500019d1
	acc		50000a9e
OBJ 50000343 (sz=24, trace=300224, class=java.net.URLClassLoader$1@5000024b)
ARR 50000344 (sz=88, trace=300163, nelems=0, elem type=char[])
OBJ 50000345 (sz=24, trace=300164, class=java.lang.String@5000016e)
ARR 50000346 (sz=104, trace=300165, nelems=0, elem type=char[])
OBJ 50000347 (sz=24, trace=300166, class=java.lang.String@5000016e)
ARR 50000348 (sz=104, trace=300285, nelems=0, elem type=char[])
ARR 50000349 (sz=144, trace=300286, nelems=0, elem type=byte[])
ARR 5000034a (sz=64, trace=300287, nelems=0, elem type=byte[])
OBJ 5000034b (sz=80, trace=300332, class=java.util.zip.ZipEntry@50000550)
ARR 5000034c (sz=104, trace=300333, nelems=0, elem type=char[])
OBJ 5000034d (sz=24, trace=300334, class=java.lang.String@5000016e)
ARR 5000034e (sz=104, trace=300335, nelems=0, elem type=char[])
OBJ 5000034f (sz=96, trace=300337, class=java.util.jar.JarFile$JarFileEntry@50000557)
ARR 50000350 (sz=216, trace=300347, nelems=0, elem type=char[])
ARR 50000351 (sz=104, trace=300348, nelems=0, elem type=char[])
OBJ 50000352 (sz=24, trace=300349, class=java.lang.String@5000016e)
ARR 50000353 (sz=104, trace=300350, nelems=0, elem type=char[])
OBJ 50000354 (sz=64, trace=300351, class=java.net.URL@50000119)
OBJ 50000355 (sz=24, trace=300352, class=java.lang.String@5000016e)
ARR 50000356 (sz=24, trace=300353, nelems=0, elem type=char[])
OBJ 50000357 (sz=32, trace=300221, class=java.util.HashMap$Node@500000c4)
	key		50000333
	value		50000342
OBJ 50000358 (sz=24, trace=300354, class=java.lang.StringBuilder@50000121)
ARR 50000359 (sz=48, trace=300355, nelems=0, elem type=char[])
ARR 5000035a (sz=136, trace=300010, nelems=0, elem type=char[])
OBJ 5000035b (sz=24, trace=300170, class=java.lang.String@5000016e)
	value		5000035c
ARR 5000035c (sz=136, trace=300171, nelems=68, elem type=char[])
ARR 5000035d (sz=256, trace=300010, nelems=0, elem type=char[])
OBJ 5000035e (sz=24, trace=300356, class=java.lang.String@5000016e)
ARR 5000035f (sz=216, trace=300357, nelems=0, elem type=char[])
OBJ 50000360 (sz=56, trace=300687, class=java.util.zip.ZipFile$ZipFileInputStream@5000055c)
	this$0		500004ec
OBJ 50000361 (sz=40, trace=300106, class=java.lang.ref.Finalizer@5000014d)
	referent	50000360
	queue		500003a9
	next		50000304
	prev		500003bd
OBJ 50000362 (sz=24, trace=300358, class=java.lang.String@5000016e)
ARR 50000363 (sz=136, trace=300359, nelems=0, elem type=char[])
OBJ 50000364 (sz=24, trace=300360, class=java.lang.String@5000016e)
ARR 50000365 (sz=104, trace=300361, nelems=0, elem type=char[])
OBJ 50000366 (sz=24, trace=300184, class=java.lang.String@5000016e)
	value		50000367
ARR 50000367 (sz=136, trace=300185, nelems=68, elem type=char[])
OBJ 50000368 (sz=64, trace=300186, class=java.net.URL@50000119)
	protocol	50000de1
	host		5000059a
	file		50000366
	authority	5000059a
	path		50000366
	handler		500019d0
OBJ 50000369 (sz=16, trace=300362, class=sun.net.www.ParseUtil@50000012)
OBJ 5000036a (sz=56, trace=300188, class=sun.misc.URLClassPath$JarLoader@5000025a)
	base		50000368
	csu		500019dc
	metaIndex	500018ee
	handler		500019d0
	lmap		500019d1
	acc		50000a9e
OBJ 5000036b (sz=24, trace=300363, class=java.lang.StringBuilder@50000121)
ARR 5000036c (sz=48, trace=300364, nelems=0, elem type=char[])
ARR 5000036d (sz=136, trace=300010, nelems=0, elem type=char[])
ARR 5000036e (sz=248, trace=300010, nelems=0, elem type=char[])
OBJ 5000036f (sz=24, trace=300365, class=java.lang.String@5000016e)
ARR 50000370 (sz=216, trace=300366, nelems=0, elem type=char[])
OBJ 50000371 (sz=32, trace=300368, class=sun.misc.URLClassPath$JarLoader$2@50000587)
OBJ 50000372 (sz=24, trace=300369, class=java.lang.String@5000016e)
OBJ 50000375 (sz=16, trace=300157, class=java.lang.Object@50000172)
OBJ 50000376 (sz=32, trace=300683, class=java.util.concurrent.ConcurrentHashMap$Node@50000024)
	key		50000c85
	val		50000375
OBJ 50000377 (sz=16, trace=300160, class=java.lang.Object@50000172)
OBJ 50000378 (sz=32, trace=300683, class=java.util.concurrent.ConcurrentHashMap$Node@50000024)
	key		50000c85
	val		50000377
ARR 50000379 (sz=64, trace=300370, nelems=0, elem type=char[])
ARR 5000037a (sz=64, trace=300691, nelems=0, elem type=char[])
OBJ 5000037b (sz=24, trace=300692, class=java.lang.String@5000016e)
ARR 5000037c (sz=72, trace=300693, nelems=0, elem type=char[])
OBJ 5000037d (sz=24, trace=300694, class=java.lang.String@5000016e)
ARR 5000037e (sz=104, trace=300684, nelems=0, elem type=char[])
OBJ 5000037f (sz=32, trace=300222, class=java.util.HashMap$Node@500000c4)
	key		5000035b
	value		5000036a
	next		50000420
ARR 50000380 (sz=144, trace=300685, nelems=0, elem type=byte[])
ARR 50000381 (sz=64, trace=300686, nelems=0, elem type=byte[])
OBJ 50000382 (sz=56, trace=300687, class=java.util.zip.ZipFile$ZipFileInputStream@5000055c)
	this$0		500004ec
OBJ 50000383 (sz=24, trace=300170, class=java.lang.String@5000016e)
	value		50000384
ARR 50000384 (sz=132, trace=300171, nelems=66, elem type=char[])
OBJ 50000385 (sz=40, trace=300106, class=java.lang.ref.Finalizer@5000014d)
	referent	50000382
	queue		500003a9
	next		50002039
OBJ 50000386 (sz=40, trace=300343, class=java.util.WeakHashMap$Entry@5000004b)
ARR 50000387 (sz=16, trace=300598, nelems=0, elem type=byte[])
ARR 50000388 (sz=1040, trace=300599, nelems=0, elem type=byte[])
ARR 50000389 (sz=1368, trace=300599, nelems=0, elem type=byte[])
OBJ 5000038a (sz=32, trace=300600, class=java.security.CodeSource@50000114)
OBJ 5000038b (sz=24, trace=300668, class=java.lang.String@5000016e)
ARR 5000038c (sz=64, trace=300669, nelems=0, elem type=char[])
OBJ 5000038d (sz=24, trace=300180, class=java.lang.StringBuffer@50000122)
OBJ 5000038e (sz=24, trace=300184, class=java.lang.String@5000016e)
	value		5000038f
ARR 5000038f (sz=132, trace=300185, nelems=66, elem type=char[])
OBJ 50000390 (sz=64, trace=300186, class=java.net.URL@50000119)
	protocol	50000de1
	host		5000059a
	file		5000038e
	authority	5000059a
	path		5000038e
	handler		500019d0
ARR 50000391 (sz=128, trace=300181, nelems=0, elem type=char[])
OBJ 50000392 (sz=56, trace=300188, class=sun.misc.URLClassPath$JarLoader@5000025a)
	base		50000390
	csu		500019dd
	metaIndex	500018c6
	handler		500019d0
	lmap		500019d1
	acc		50000a9e
ARR 50000393 (sz=128, trace=300182, nelems=0, elem type=char[])
OBJ 50000394 (sz=24, trace=300183, class=java.lang.String@5000016e)
OBJ 50000396 (sz=24, trace=301923, class=com.sun.tools.javac.main.Main$Result@50000395)
	name		50001a3c
OBJ 50000397 (sz=24, trace=301924, class=com.sun.tools.javac.main.Main$Result@50000395)
	name		50001a35
OBJ 50000398 (sz=24, trace=301925, class=com.sun.tools.javac.main.Main$Result@50000395)
	name		50001a34
OBJ 50000399 (sz=24, trace=301926, class=com.sun.tools.javac.main.Main$Result@50000395)
	name		50001a3d
OBJ 5000039a (sz=24, trace=301927, class=com.sun.tools.javac.main.Main$Result@50000395)
	name		50001a33
ARR 5000039c (sz=40, trace=301928, nelems=5, elem type=com.sun.tools.javac.main.Main$Result[]@5000039b)
	[0]		50000396
	[1]		50000397
	[2]		50000398
	[3]		50000399
	[4]		5000039a
ARR 5000039e (sz=56, trace=301930, nelems=0, elem type=java.lang.Runnable[]@500000d0)
OBJ 500003a0 (sz=16, trace=301932, class=java.lang.Shutdown$Lock@5000039f)
OBJ 500003a1 (sz=16, trace=301933, class=java.lang.Shutdown$Lock@5000039f)
OBJ 500003a4 (sz=376, trace=300000, class=java.lang.Thread@5000014a)
	name		50002f58
	contextClassLoader	500003b3
	blockerLock	50002f57
OBJ 500003a5 (sz=376, trace=300000, class=java.lang.Thread@5000014a)
	name		50002ea8
	group		5000058b
	contextClassLoader	500003b3
	inheritedAccessControlContext	50002ea7
	blockerLock	50002ea6
OBJ 500003a6 (sz=376, trace=300000, class=java.lang.Thread@5000014a)
	name		50002eac
	group		5000058b
	contextClassLoader	500003b3
	inheritedAccessControlContext	50002eab
	blockerLock	50002eaa
OBJ 500003a7 (sz=32, trace=300221, class=java.util.HashMap$Node@500000c4)
	key		50000383
	value		50000392
OBJ 500003a8 (sz=384, trace=300000, class=java.lang.ref.Finalizer$FinalizerThread@500000bd)
	name		50002eb0
	group		5000058b
	inheritedAccessControlContext	50002eaf
	blockerLock	50002eae
OBJ 500003a9 (sz=32, trace=300000, class=java.lang.ref.ReferenceQueue@5000014c)
	lock		500003aa
OBJ 500003aa (sz=16, trace=300000, class=java.lang.ref.ReferenceQueue$Lock@500000d1)
OBJ 500003ab (sz=24, trace=300170, class=java.lang.String@5000016e)
	value		500003ac
ARR 500003ac (sz=152, trace=300171, nelems=76, elem type=char[])
OBJ 500003ad (sz=16, trace=300000, class=java.lang.System$2@50000053)
OBJ 500003ae (sz=376, trace=300000, class=java.lang.ref.Reference$ReferenceHandler@500000df)
	name		50000dbe
	group		5000058b
	inheritedAccessControlContext	50002eb8
	blockerLock	50002eb7
OBJ 500003af (sz=16, trace=300000, class=java.lang.ref.Reference$Lock@500000e0)
OBJ 500003b0 (sz=376, trace=300000, class=java.lang.Thread@5000014a)
	name		50002ebe
	group		50000588
	contextClassLoader	500003b3
	inheritedAccessControlContext	50002ebd
	threadLocals	50000211
	blockerLock	50002ebc
OBJ 500003b1 (sz=16, trace=300000, class=java.lang.Runtime@500000b5)
ARR 500003b2 (sz=24, trace=300000, nelems=1, elem type=java.lang.String[]@500000c8)
	[0]		5000086a
OBJ 500003b3 (sz=96, trace=300000, class=sun.misc.Launcher$AppClassLoader@50000116)
	parent		500003b5
	parallelLockMap	50000a9c
	package2certs	50000a9b
	classes		50000a9a
	defaultDomain	50000a99
	domains		50000a98
	packages	50000a97
	nativeLibraries	50000a96
	assertionLock	50000a95
	pdcache		50000a94
	ucp		50000a91
	acc		50000a93
	closeables	50000a92
	ucp		50000a91
ARR 500003b4 (sz=0, trace=300000, nelems=0, elem type=int[])
OBJ 500003b5 (sz=88, trace=300000, class=sun.misc.Launcher$ExtClassLoader@50000115)
	parallelLockMap	50000aaa
	package2certs	50000aa9
	classes		50000aa6
	defaultDomain	50000aa5
	domains		50000aa4
	packages	50000aa3
	nativeLibraries	50000aa2
	assertionLock	50000aa1
	pdcache		50000aa0
	ucp		50000a9f
	acc		50000a9e
	closeables	50000a9d
OBJ 500003b6 (sz=24, trace=300184, class=java.lang.String@5000016e)
	value		500003b7
ARR 500003b7 (sz=152, trace=300185, nelems=76, elem type=char[])
OBJ 500003b8 (sz=64, trace=300186, class=java.net.URL@50000119)
	protocol	50000de1
	host		5000059a
	file		500003b6
	authority	5000059a
	path		500003b6
	handler		500019d0
ARR 500003b9 (sz=24, trace=300000, nelems=0, elem type=java.lang.Object[]@50000108)
OBJ 500003ba (sz=56, trace=300188, class=sun.misc.URLClassPath$JarLoader@5000025a)
	base		500003b8
	csu		500019de
	metaIndex	500018e2
	handler		500019d0
	lmap		500019d1
	acc		50000a9e
ARR 500003bb (sz=64, trace=300000, nelems=7, elem type=java.lang.Object[]@50000108)
	[6]		50002b02
OBJ 500003bc (sz=56, trace=300687, class=java.util.zip.ZipFile$ZipFileInputStream@5000055c)
	this$0		500004ec
OBJ 500003bd (sz=40, trace=300106, class=java.lang.ref.Finalizer@5000014d)
	referent	500003bc
	queue		500003a9
	next		50000361
	prev		50000413
ARR 500003be (sz=40, trace=300000, nelems=5, elem type=java.lang.Object[]@50000108)
	[4]		50002b03
ARR 500003bf (sz=32, trace=300000, nelems=0, elem type=java.lang.Object[]@50000108)
ARR 500003c0 (sz=24, trace=300000, nelems=0, elem type=java.lang.Object[]@50000108)
ARR 500003c1 (sz=48, trace=300000, nelems=6, elem type=java.lang.Object[]@50000108)
	[0]		5000059a
	[2]		50001851
	[3]		50001b65
	[4]		50002b06
	[5]		50000e20
ARR 500003c2 (sz=72, trace=300000, nelems=14, elem type=java.lang.Object[]@50000108)
	[0]		5000059a
	[10]		50002b08
	[11]		50002b09
	[12]		50002b0a
	[13]		50000f00
ARR 500003c3 (sz=48, trace=300000, nelems=0, elem type=java.lang.Object[]@50000108)
ARR 500003c4 (sz=24, trace=300000, nelems=0, elem type=java.lang.Object[]@50000108)
ARR 500003c5 (sz=24, trace=300000, nelems=0, elem type=java.lang.Object[]@50000108)
ARR 500003c6 (sz=24, trace=300000, nelems=0, elem type=java.lang.Object[]@50000108)
ARR 500003c7 (sz=24, trace=300000, nelems=0, elem type=java.lang.Object[]@50000108)
ARR 500003c8 (sz=32, trace=300000, nelems=0, elem type=java.lang.Object[]@50000108)
ARR 500003c9 (sz=24, trace=300000, nelems=0, elem type=java.lang.Object[]@50000108)
ARR 500003ca (sz=152, trace=300000, nelems=30, elem type=java.lang.Object[]@50000108)
	[0]		5000059a
	[16]		50002d3b
	[17]		50002d3c
	[18]		50002d3d
	[20]		50002a31
	[21]		50002d3e
	[22]		500006f2
	[23]		50002d3f
	[26]		50002d40
	[27]		50002d41
	[28]		50002d42
	[29]		50002d43
OBJ 500003cb (sz=16, trace=300157, class=java.lang.Object@50000172)
OBJ 500003cc (sz=32, trace=300683, class=java.util.concurrent.ConcurrentHashMap$Node@50000024)
	key		50000c5c
	val		500003cb
OBJ 500003cd (sz=16, trace=300160, class=java.lang.Object@50000172)
OBJ 500003ce (sz=32, trace=300683, class=java.util.concurrent.ConcurrentHashMap$Node@50000024)
	key		50000c5c
	val		500003cd
OBJ 500003cf (sz=32, trace=300222, class=java.util.HashMap$Node@500000c4)
	key		500003ab
	value		500003ba
ARR 500003d0 (sz=56, trace=300000, nelems=10, elem type=java.lang.Object[]@50000108)
	[0]		5000109c
	[1]		500010a2
	[2]		500010a3
	[3]		500010a4
	[4]		500010a5
	[5]		500010a6
	[6]		500010a7
	[7]		500010a8
	[8]		500010a9
	[9]		500010aa
ARR 500003d1 (sz=32, trace=300000, nelems=0, elem type=java.lang.Object[]@50000108)
ARR 500003d2 (sz=48, trace=300000, nelems=5, elem type=java.lang.Object[]@50000108)
	[2]		50002d50
	[3]		50000ef7
	[4]		50002d51
OBJ 500003d3 (sz=24, trace=300170, class=java.lang.String@5000016e)
	value		500003d4
ARR 500003d4 (sz=140, trace=300171, nelems=70, elem type=char[])
ARR 500003d5 (sz=24, trace=300000, nelems=1, elem type=java.lang.Object[]@50000108)
	[0]		50002d4e
ARR 500003d6 (sz=32, trace=300000, nelems=0, elem type=java.lang.Object[]@50000108)
ARR 500003d7 (sz=216, trace=300000, nelems=47, elem type=java.lang.Object[]@50000108)
	[13]		50000ddb
	[16]		5000059c
	[17]		5000059e
	[18]		5000059d
	[19]		500005a0
	[45]		50000de1
	[46]		50000de2
ARR 500003d8 (sz=24, trace=300000, nelems=1, elem type=java.lang.Object[]@50000108)
	[0]		50000e1a
ARR 500003d9 (sz=48, trace=300000, nelems=4, elem type=java.lang.Object[]@50000108)
	[3]		50000e08
ARR 500003da (sz=80, trace=300000, nelems=16, elem type=java.lang.Object[]@50000108)
	[0]		5000059a
	[1]		50000da5
	[2]		50000d72
	[3]		50000de3
	[4]		50000de4
	[15]		50000de5
ARR 500003db (sz=296, trace=300000, nelems=0, elem type=java.lang.Object[]@50000108)
ARR 500003dc (sz=200, trace=300000, nelems=42, elem type=java.lang.Object[]@50000108)
	[18]		50000dd0
	[19]		50000e1b
	[21]		50000e1c
	[22]		50000e1f
	[26]		50000e20
	[29]		50000d4f
	[30]		50000e21
	[41]		5000060f
ARR 500003dd (sz=24, trace=300000, nelems=0, elem type=java.lang.Object[]@50000108)
OBJ 500003de (sz=24, trace=300184, class=java.lang.String@5000016e)
	value		500003df
ARR 500003df (sz=140, trace=300185, nelems=70, elem type=char[])
OBJ 500003e0 (sz=64, trace=300186, class=java.net.URL@50000119)
	protocol	50000de1
	host		5000059a
	file		500003de
	authority	5000059a
	path		500003de
	handler		500019d0
ARR 500003e1 (sz=88, trace=300000, nelems=15, elem type=java.lang.Object[]@50000108)
	[2]		50000e06
	[14]		50000e07
OBJ 500003e2 (sz=56, trace=300188, class=sun.misc.URLClassPath$JarLoader@5000025a)
	base		500003e0
	csu		500019df
	metaIndex	50001890
	handler		500019d0
	lmap		500019d1
	acc		50000a9e
ARR 500003e3 (sz=128, trace=300000, nelems=0, elem type=java.lang.Object[]@50000108)
ARR 500003e4 (sz=32, trace=300000, nelems=0, elem type=java.lang.Object[]@50000108)
ARR 500003e5 (sz=24, trace=300000, nelems=0, elem type=java.lang.Object[]@50000108)
ARR 500003e6 (sz=32, trace=300000, nelems=0, elem type=java.lang.Object[]@50000108)
ARR 500003e7 (sz=72, trace=300000, nelems=14, elem type=java.lang.Object[]@50000108)
	[2]		50000df7
	[7]		50000df8
	[9]		50000df9
	[10]		50000dfa
	[11]		50000dfb
	[12]		50000dfc
	[13]		50000dfd
ARR 500003e8 (sz=56, trace=300000, nelems=10, elem type=java.lang.Object[]@50000108)
	[9]		50000de1
ARR 500003e9 (sz=32, trace=300000, nelems=0, elem type=java.lang.Object[]@50000108)
ARR 500003ea (sz=32, trace=300000, nelems=3, elem type=java.lang.Object[]@50000108)
	[0]		50001989
	[2]		5000198a
ARR 500003eb (sz=144, trace=300000, nelems=0, elem type=java.lang.Object[]@50000108)
ARR 500003ec (sz=64, trace=300000, nelems=0, elem type=java.lang.Object[]@50000108)
ARR 500003ed (sz=56, trace=300000, nelems=10, elem type=java.lang.Object[]@50000108)
	[5]		50000d97
	[6]		50000d98
	[7]		50000d99
	[8]		50000d9a
	[9]		50000d9b
ARR 500003ee (sz=56, trace=300000, nelems=0, elem type=java.lang.Object[]@50000108)
ARR 500003ef (sz=56, trace=300000, nelems=8, elem type=java.lang.Object[]@50000108)
	[1]		5000198f
	[7]		50000d9a
OBJ 500003f0 (sz=32, trace=300221, class=java.util.HashMap$Node@500000c4)
	key		50001add
	value		50001a92
	next		50000289
OBJ 500003f1 (sz=32, trace=300221, class=java.util.HashMap$Node@500000c4)
	key		50001ade
	value		50001a83
	next		50000291
OBJ 500003f2 (sz=32, trace=300221, class=java.util.HashMap$Node@500000c4)
	key		50001adf
	value		50001aa6
	next		500002cb
OBJ 500003f3 (sz=32, trace=300221, class=java.util.HashMap$Node@500000c4)
	key		50001ae0
	value		50001a85
OBJ 500003f4 (sz=32, trace=300222, class=java.util.HashMap$Node@500000c4)
	key		50001ae8
	value		50001a84
	next		500002ae
OBJ 500003f5 (sz=32, trace=300221, class=java.util.HashMap$Node@500000c4)
	key		50001ae9
	value		50001a71
OBJ 500003f6 (sz=32, trace=300221, class=java.util.HashMap$Node@500000c4)
	key		50001aea
	value		50001a4c
OBJ 500003f7 (sz=32, trace=300221, class=java.util.HashMap$Node@500000c4)
	key		500003d3
	value		500003e2
ARR 500003f8 (sz=24, trace=300000, nelems=1, elem type=java.lang.Object[]@50000108)
	[0]		50000639
ARR 500003f9 (sz=32, trace=300000, nelems=3, elem type=java.lang.Object[]@50000108)
	[2]		500006e9
ARR 500003fa (sz=48, trace=300000, nelems=7, elem type=java.lang.Object[]@50000108)
	[0]		50000639
	[2]		50000666
	[5]		500006ae
	[6]		500006e9
OBJ 500003fb (sz=24, trace=300170, class=java.lang.String@5000016e)
	value		500003fc
ARR 500003fc (sz=140, trace=300171, nelems=70, elem type=char[])
ARR 500003fd (sz=56, trace=300000, nelems=8, elem type=java.lang.Object[]@50000108)
	[7]		50002f4c
ARR 500003fe (sz=24, trace=300000, nelems=0, elem type=java.lang.Object[]@50000108)
ARR 500003ff (sz=24, trace=300000, nelems=1, elem type=java.lang.Object[]@50000108)
	[0]		50002f4a
ARR 50000400 (sz=40, trace=300000, nelems=4, elem type=java.lang.Object[]@50000108)
	[3]		500005c9
ARR 50000401 (sz=40, trace=300000, nelems=0, elem type=java.lang.Object[]@50000108)
ARR 50000402 (sz=24, trace=300000, nelems=0, elem type=java.lang.Object[]@50000108)
ARR 50000403 (sz=56, trace=300000, nelems=5, elem type=java.lang.Object[]@50000108)
	[1]		50001b62
	[4]		50001b63
ARR 50000404 (sz=24, trace=300000, nelems=0, elem type=java.lang.Object[]@50000108)
ARR 50000405 (sz=48, trace=300000, nelems=3, elem type=java.lang.Object[]@50000108)
	[2]		50001851
OBJ 50000406 (sz=24, trace=300184, class=java.lang.String@5000016e)
	value		50000407
ARR 50000407 (sz=140, trace=300185, nelems=70, elem type=char[])
OBJ 50000408 (sz=64, trace=300186, class=java.net.URL@50000119)
	protocol	50000de1
	host		5000059a
	file		50000406
	authority	5000059a
	path		50000406
	handler		500019d0
ARR 50000409 (sz=24, trace=300000, nelems=1, elem type=java.lang.Object[]@50000108)
	[0]		50000d72
OBJ 5000040a (sz=56, trace=300188, class=sun.misc.URLClassPath$JarLoader@5000025a)
	base		50000408
	csu		500019e0
	metaIndex	500018a2
	handler		500019d0
	lmap		500019d1
	acc		50000a9e
ARR 5000040b (sz=24, trace=300000, nelems=0, elem type=java.lang.Object[]@50000108)
ARR 5000040c (sz=48, trace=300000, nelems=8, elem type=java.lang.Object[]@50000108)
	[0]		5000059a
	[1]		50001853
	[6]		50000d74
	[7]		50000de1
ARR 5000040d (sz=72, trace=300000, nelems=13, elem type=java.lang.Object[]@50000108)
	[2]		50001105
	[3]		50001106
	[8]		50001107
	[10]		500008ba
	[12]		50001108
ARR 5000040e (sz=24, trace=300000, nelems=0, elem type=java.lang.Object[]@50000108)
ARR 5000040f (sz=32, trace=300000, nelems=1, elem type=java.lang.Object[]@50000108)
	[0]		5000059a
ARR 50000410 (sz=104, trace=300000, nelems=21, elem type=java.lang.Object[]@50000108)
	[0]		5000059c
	[1]		5000059e
	[2]		5000059d
	[3]		500005a0
	[4]		50000dca
	[5]		50000dcb
	[6]		50000dcc
	[8]		50000dcd
	[11]		50000dd0
	[12]		50000dd1
	[13]		50000dd2
	[14]		50000dd3
	[16]		50000dd4
	[17]		50000dd5
	[18]		50000dd6
	[19]		50000dd7
	[20]		50000dd8
ARR 50000411 (sz=48, trace=300000, nelems=7, elem type=java.lang.Object[]@50000108)
	[0]		5000117f
	[2]		50001180
	[3]		50001181
	[4]		50001182
	[5]		50001183
	[6]		50000db0
OBJ 50000412 (sz=56, trace=300687, class=java.util.zip.ZipFile$ZipFileInputStream@5000055c)
	this$0		500004ec
OBJ 50000413 (sz=40, trace=300106, class=java.lang.ref.Finalizer@5000014d)
	referent	50000412
	queue		500003a9
	next		500003bd
	prev		50000469
ARR 50000414 (sz=24, trace=300000, nelems=2, elem type=java.lang.Object[]@50000108)
	[1]		50001180
ARR 50000415 (sz=24, trace=300000, nelems=1, elem type=java.lang.Object[]@50000108)
	[0]		5000117f
ARR 50000416 (sz=24, trace=300000, nelems=1, elem type=java.lang.Object[]@50000108)
	[0]		50001182
ARR 50000417 (sz=24, trace=300000, nelems=1, elem type=java.lang.Object[]@50000108)
	[0]		50001183
ARR 50000418 (sz=24, trace=300000, nelems=1, elem type=java.lang.Object[]@50000108)
	[0]		50001181
ARR 50000419 (sz=64, trace=300000, nelems=0, elem type=java.lang.Object[]@50000108)
ARR 5000041a (sz=48, trace=300000, nelems=0, elem type=java.lang.Object[]@50000108)
ARR 5000041b (sz=24, trace=300000, nelems=0, elem type=java.lang.Object[]@50000108)
ARR 5000041c (sz=24, trace=300000, nelems=1, elem type=java.lang.Object[]@50000108)
	[0]		500005a2
ARR 5000041d (sz=24, trace=300000, nelems=0, elem type=java.lang.Object[]@50000108)
ARR 5000041e (sz=40, trace=300000, nelems=0, elem type=java.lang.Object[]@50000108)
ARR 5000041f (sz=80, trace=300219, nelems=12, elem type=java.lang.Object[]@50000108)
	[0]		5000026c
	[1]		500002a2
	[2]		500002ca
	[3]		500002f2
	[4]		5000031a
	[5]		50000342
	[6]		5000036a
	[7]		50000392
	[8]		500003ba
	[9]		500003e2
	[10]		5000040a
	[11]		50000433
OBJ 50000420 (sz=32, trace=300222, class=java.util.HashMap$Node@500000c4)
	key		500003fb
	value		5000040a
	next		50000448
OBJ 50000422 (sz=16, trace=300157, class=java.lang.Object@50000172)
OBJ 50000423 (sz=32, trace=300159, class=java.util.concurrent.ConcurrentHashMap$Node@50000024)
	key		50000c91
	val		50000422
OBJ 50000424 (sz=24, trace=300170, class=java.lang.String@5000016e)
	value		50000425
ARR 50000425 (sz=132, trace=300171, nelems=66, elem type=char[])
OBJ 50000426 (sz=16, trace=300160, class=java.lang.Object@50000172)
OBJ 50000427 (sz=32, trace=300159, class=java.util.concurrent.ConcurrentHashMap$Node@50000024)
	key		50000c91
	val		50000426
ARR 50000428 (sz=40, trace=300000, nelems=6, elem type=java.lang.Object[]@50000108)
	[0]		50001109
	[1]		5000110c
	[2]		5000110d
	[3]		5000110e
	[4]		5000110f
	[5]		50001110
ARR 50000429 (sz=32, trace=300000, nelems=0, elem type=java.lang.Object[]@50000108)
ARR 5000042a (sz=56, trace=300000, nelems=10, elem type=java.lang.Object[]@50000108)
	[5]		50001854
	[8]		50001855
	[9]		5000060f
ARR 5000042b (sz=160, trace=300000, nelems=0, elem type=java.lang.Object[]@50000108)
ARR 5000042c (sz=64, trace=300000, nelems=3, elem type=java.lang.Object[]@50000108)
	[0]		50000d72
	[2]		5000117d
ARR 5000042d (sz=24, trace=300000, nelems=0, elem type=java.lang.Object[]@50000108)
ARR 5000042e (sz=24, trace=300000, nelems=0, elem type=java.lang.Object[]@50000108)
OBJ 5000042f (sz=24, trace=300184, class=java.lang.String@5000016e)
	value		50000430
ARR 50000430 (sz=132, trace=300185, nelems=66, elem type=char[])
OBJ 50000431 (sz=64, trace=300186, class=java.net.URL@50000119)
	protocol	50000de1
	host		5000059a
	file		5000042f
	authority	5000059a
	path		5000042f
	handler		500019d0
ARR 50000432 (sz=56, trace=300000, nelems=5, elem type=java.lang.Object[]@50000108)
	[4]		500011fc
OBJ 50000433 (sz=56, trace=300188, class=sun.misc.URLClassPath$JarLoader@5000025a)
	base		50000431
	csu		500019e1
	metaIndex	50001906
	handler		500019d0
	lmap		500019d1
	acc		50000a9e
ARR 50000434 (sz=88, trace=300000, nelems=17, elem type=java.lang.Object[]@50000108)
	[0]		50001808
	[1]		50001809
	[2]		5000180a
	[3]		5000180b
	[4]		5000180c
	[5]		5000180d
	[6]		5000180e
	[7]		50001819
	[8]		5000181a
	[9]		5000181b
	[10]		5000181c
	[11]		5000181d
	[12]		5000181e
	[13]		5000181f
	[14]		50001820
	[15]		50001821
	[16]		50001822
ARR 50000435 (sz=72, trace=300000, nelems=11, elem type=java.lang.Object[]@50000108)
	[5]		50001836
	[7]		50000dca
	[10]		50000de1
ARR 50000436 (sz=24, trace=300000, nelems=0, elem type=java.lang.Object[]@50000108)
ARR 50000437 (sz=56, trace=300000, nelems=5, elem type=java.lang.Object[]@50000108)
	[4]		50000d72
ARR 50000438 (sz=40, trace=300000, nelems=5, elem type=java.lang.Object[]@50000108)
	[4]		50002d42
ARR 50000439 (sz=112, trace=300000, nelems=24, elem type=java.lang.Object[]@50000108)
	[0]		5000059a
	[1]		50000da4
	[2]		50000da5
	[3]		50000da6
	[4]		50000da7
	[5]		50000d72
	[6]		50000da8
	[7]		50000da9
	[8]		50000daa
	[9]		50000dab
	[14]		50000dac
	[15]		50000dad
	[16]		50000dae
	[17]		50000daf
	[20]		50000db0
	[23]		50000d74
ARR 5000043a (sz=80, trace=300000, nelems=4, elem type=java.lang.Object[]@50000108)
	[2]		50000db4
	[3]		50000db5
ARR 5000043b (sz=120, trace=300000, nelems=25, elem type=java.lang.Object[]@50000108)
	[0]		5000059a
	[1]		50000d6f
	[2]		50000d70
	[3]		50000d72
	[10]		50000d73
	[12]		50000d74
	[13]		50000d75
	[14]		50000d76
	[15]		50000d79
	[17]		50000d7a
	[18]		50000d7b
	[20]		50000d7c
	[21]		50000d7d
	[23]		50000d80
	[24]		50000d82
ARR 5000043c (sz=80, trace=300000, nelems=10, elem type=java.lang.Object[]@50000108)
	[0]		5000059a
	[9]		500019a5
ARR 5000043d (sz=48, trace=300000, nelems=6, elem type=java.lang.Object[]@50000108)
	[0]		5000059a
	[5]		50000d96
ARR 5000043e (sz=72, trace=300000, nelems=0, elem type=java.lang.Object[]@50000108)
ARR 5000043f (sz=32, trace=300000, nelems=0, elem type=java.lang.Object[]@50000108)
ARR 50000440 (sz=112, trace=300000, nelems=23, elem type=java.lang.Object[]@50000108)
	[14]		50000de1
	[15]		50001847
	[16]		50001848
	[18]		500008b4
	[19]		50001849
	[20]		5000184a
	[21]		5000184b
	[22]		5000060f
ARR 50000441 (sz=64, trace=300000, nelems=9, elem type=java.lang.Object[]@50000108)
	[0]		5000059a
	[4]		50000d72
	[7]		50000de1
	[8]		50001a21
ARR 50000442 (sz=24, trace=300000, nelems=2, elem type=java.lang.Object[]@50000108)
	[0]		50000633
	[1]		50001a2d
ARR 50000443 (sz=24, trace=300000, nelems=1, elem type=java.lang.Object[]@50000108)
	[0]		50002dfd
ARR 50000444 (sz=40, trace=300000, nelems=0, elem type=java.lang.Object[]@50000108)
ARR 50000445 (sz=80, trace=300000, nelems=11, elem type=java.lang.Object[]@50000108)
	[10]		50002ed3
ARR 50000446 (sz=120, trace=300000, nelems=0, elem type=java.lang.Object[]@50000108)
ARR 50000447 (sz=24, trace=300000, nelems=1, elem type=java.lang.Object[]@50000108)
	[0]		50002ee6
OBJ 50000448 (sz=32, trace=300222, class=java.util.HashMap$Node@500000c4)
	key		50000424
	value		50000433
ARR 50000449 (sz=64, trace=300000, nelems=0, elem type=java.lang.Object[]@50000108)
ARR 5000044a (sz=24, trace=300000, nelems=0, elem type=java.lang.Object[]@50000108)
ARR 5000044b (sz=24, trace=300000, nelems=0, elem type=java.lang.Object[]@50000108)
ARR 5000044c (sz=40, trace=300000, nelems=0, elem type=java.lang.Object[]@50000108)
ARR 5000044d (sz=56, trace=300000, nelems=10, elem type=java.lang.Object[]@50000108)
	[0]		50002ed4
	[1]		50002ed5
	[2]		50002ed6
	[3]		50002ed7
	[4]		50002ed8
	[5]		50002ed9
	[6]		50002eda
	[7]		50002edb
	[8]		50002edc
	[9]		5000060f
ARR 5000044e (sz=144, trace=300000, nelems=0, elem type=java.lang.Object[]@50000108)
ARR 5000044f (sz=128, trace=300000, nelems=0, elem type=java.lang.Object[]@50000108)
ARR 50000450 (sz=24, trace=300000, nelems=2, elem type=java.lang.Object[]@50000108)
	[0]		50002ef1
	[1]		50002ef2
ARR 50000451 (sz=240, trace=300000, nelems=53, elem type=java.lang.Object[]@50000108)
	[7]		50002ef3
	[8]		50002ef4
	[9]		50002ef5
	[12]		50002ef6
	[13]		50002ef7
	[14]		50002ef8
	[16]		50000db0
	[17]		50002ef9
	[24]		50002efa
	[26]		50002efb
	[40]		50000dd0
	[41]		50002efc
	[42]		50000e1f
	[44]		50002efd
	[45]		50002efe
	[46]		50002eff
	[47]		50002f00
	[50]		50002f01
	[52]		50002f02
OBJ 50000452 (sz=24, trace=300170, class=java.lang.String@5000016e)
	value		50000453
ARR 50000453 (sz=116, trace=300171, nelems=58, elem type=char[])
ARR 50000454 (sz=24, trace=300000, nelems=1, elem type=java.lang.Object[]@50000108)
	[0]		50000d2f
ARR 50000455 (sz=32, trace=300000, nelems=4, elem type=java.lang.Object[]@50000108)
	[1]		50002f2b
	[2]		50002f13
	[3]		5000060f
ARR 50000456 (sz=32, trace=300000, nelems=0, elem type=java.lang.Object[]@50000108)
ARR 50000457 (sz=192, trace=300000, nelems=0, elem type=java.lang.Object[]@50000108)
ARR 50000458 (sz=24, trace=300000, nelems=2, elem type=java.lang.Object[]@50000108)
	[0]		50000db0
	[1]		500011fc
ARR 50000459 (sz=296, trace=300000, nelems=67, elem type=java.lang.Object[]@50000108)
	[25]		50002f3b
	[59]		50002f3c
	[65]		500008b5
	[66]		50002f3d
ARR 5000045a (sz=24, trace=300000, nelems=1, elem type=java.lang.Object[]@50000108)
	[0]		500005c7
ARR 5000045b (sz=48, trace=300000, nelems=8, elem type=java.lang.Object[]@50000108)
	[3]		50002eeb
	[6]		50002eec
	[7]		50002eed
ARR 5000045c (sz=48, trace=300000, nelems=8, elem type=java.lang.Object[]@50000108)
	[6]		50001a27
	[7]		50001a28
OBJ 5000045d (sz=24, trace=300184, class=java.lang.String@5000016e)
	value		5000045e
ARR 5000045e (sz=116, trace=300185, nelems=58, elem type=char[])
OBJ 5000045f (sz=64, trace=300186, class=java.net.URL@50000119)
	protocol	50000de1
	host		5000059a
	file		5000045d
	authority	5000059a
	path		5000045d
	handler		50002da2
ARR 50000460 (sz=40, trace=300000, nelems=4, elem type=java.lang.Object[]@50000108)
	[0]		50000d6f
	[1]		50000d70
	[3]		50000d7d
OBJ 50000461 (sz=56, trace=300188, class=sun.misc.URLClassPath$JarLoader@5000025a)
	base		5000045f
	jar		500004ec
	csu		50001a43
	handler		50002da2
	lmap		50002da3
	acc		50000a93
ARR 50000462 (sz=32, trace=300000, nelems=4, elem type=java.lang.Object[]@50000108)
	[3]		50001987
ARR 50000463 (sz=64, trace=300000, nelems=12, elem type=java.lang.Object[]@50000108)
	[2]		50000d72
	[11]		5000060f
ARR 50000464 (sz=32, trace=300000, nelems=2, elem type=java.lang.Object[]@50000108)
	[0]		50001a26
	[1]		50001859
ARR 50000465 (sz=264, trace=300000, nelems=50, elem type=java.lang.Object[]@50000108)
	[22]		50000e13
	[48]		50000e14
	[49]		50000e15
ARR 50000466 (sz=24, trace=300000, nelems=0, elem type=java.lang.Object[]@50000108)
ARR 50000467 (sz=24, trace=300000, nelems=0, elem type=java.lang.Object[]@50000108)
OBJ 50000468 (sz=56, trace=300687, class=java.util.zip.ZipFile$ZipFileInputStream@5000055c)
	this$0		500004ec
OBJ 50000469 (sz=40, trace=300106, class=java.lang.ref.Finalizer@5000014d)
	referent	50000468
	queue		500003a9
	next		50000413
	prev		500004cd
ARR 5000046a (sz=24, trace=300000, nelems=0, elem type=java.lang.Object[]@50000108)
ARR 5000046b (sz=24, trace=300000, nelems=1, elem type=java.lang.Object[]@50000108)
	[0]		500010fb
ARR 5000046c (sz=24, trace=300000, nelems=2, elem type=java.lang.Object[]@50000108)
	[1]		50000de7
ARR 5000046d (sz=32, trace=300000, nelems=3, elem type=java.lang.Object[]@50000108)
	[0]		50001858
	[1]		500005c7
	[2]		50001859
ARR 5000046e (sz=32, trace=300000, nelems=0, elem type=java.lang.Object[]@50000108)
ARR 5000046f (sz=40, trace=300000, nelems=4, elem type=java.lang.Object[]@50000108)
	[3]		500005c6
ARR 50000470 (sz=32, trace=300000, nelems=0, elem type=java.lang.Object[]@50000108)
ARR 50000471 (sz=32, trace=300000, nelems=0, elem type=java.lang.Object[]@50000108)
ARR 50000472 (sz=80, trace=300000, nelems=15, elem type=java.lang.Object[]@50000108)
	[1]		50001639
	[2]		500017c2
	[3]		500017c3
	[6]		500017c4
	[11]		500017c5
	[14]		500017e3
ARR 50000473 (sz=48, trace=300000, nelems=0, elem type=java.lang.Object[]@50000108)
ARR 50000474 (sz=40, trace=300000, nelems=4, elem type=java.lang.Object[]@50000108)
	[0]		500005a2
	[1]		500017d4
	[2]		500017d5
	[3]		500017d6
OBJ 50000479 (sz=16, trace=300157, class=java.lang.Object@50000172)
OBJ 5000047a (sz=32, trace=300159, class=java.util.concurrent.ConcurrentHashMap$Node@50000024)
	key		50000c1b
	val		50000479
OBJ 5000047b (sz=16, trace=300160, class=java.lang.Object@50000172)
OBJ 5000047c (sz=32, trace=300159, class=java.util.concurrent.ConcurrentHashMap$Node@50000024)
	key		50000c1b
	val		5000047b
ARR 5000047d (sz=24, trace=300000, nelems=0, elem type=java.lang.Object[]@50000108)
ARR 5000047e (sz=256, trace=300000, nelems=60, elem type=java.lang.Object[]@50000108)
	[0]		5000059a
	[5]		50000ee8
	[10]		50000ee9
	[12]		50000eea
	[14]		50000eeb
	[17]		50000eec
	[23]		50000eed
	[28]		50000eee
	[29]		50000eef
	[30]		50000ef0
	[31]		50000ef1
	[32]		50000ef2
	[33]		50000ef3
	[37]		50000ef4
	[39]		50000ef5
	[42]		50000ef6
	[43]		50000ef7
	[44]		50000ef8
	[45]		50000ef9
	[46]		50000efa
	[47]		50000efb
	[48]		50000efc
	[49]		50000efd
	[50]		50000efe
	[51]		50000eff
	[55]		50000f00
	[56]		50000f01
	[57]		50000f02
	[58]		50000f03
	[59]		50000f04
ARR 5000047f (sz=88, trace=300000, nelems=0, elem type=java.lang.Object[]@50000108)
ARR 50000480 (sz=56, trace=300000, nelems=10, elem type=java.lang.Object[]@50000108)
	[0]		50000d25
	[1]		50000d26
	[2]		50000d27
	[3]		50000d28
	[4]		50000d29
	[5]		50000d2a
	[6]		50000d2c
	[7]		50000d2d
	[8]		50000d2e
	[9]		50000d2f
ARR 50000481 (sz=24, trace=300000, nelems=0, elem type=java.lang.Object[]@50000108)
ARR 50000482 (sz=72, trace=300000, nelems=12, elem type=java.lang.Object[]@50000108)
	[0]		5000059a
	[2]		50000f4c
	[3]		50000f4d
	[11]		50000f4e
ARR 50000483 (sz=24, trace=300000, nelems=1, elem type=java.lang.Object[]@50000108)
	[0]		5000059a
ARR 50000484 (sz=24, trace=300000, nelems=0, elem type=java.lang.Object[]@50000108)
ARR 50000485 (sz=24, trace=300000, nelems=2, elem type=java.lang.Object[]@50000108)
	[0]		50000de8
	[1]		50000de9
ARR 50000486 (sz=32, trace=300000, nelems=3, elem type=java.lang.Object[]@50000108)
	[0]		500010bd
	[1]		500010be
	[2]		50000d2f
ARR 50000487 (sz=40, trace=300000, nelems=5, elem type=java.lang.Object[]@50000108)
	[4]		50002e16
ARR 50000488 (sz=88, trace=300000, nelems=15, elem type=java.lang.Object[]@50000108)
	[14]		500006f2
ARR 50000489 (sz=24, trace=300000, nelems=0, elem type=java.lang.Object[]@50000108)
ARR 5000048a (sz=48, trace=300000, nelems=7, elem type=java.lang.Object[]@50000108)
	[0]		5000059a
	[1]		50001639
	[5]		5000163a
	[6]		5000163b
ARR 5000048b (sz=24, trace=300000, nelems=0, elem type=java.lang.Object[]@50000108)
ARR 5000048c (sz=24, trace=300000, nelems=2, elem type=java.lang.Object[]@50000108)
	[0]		50000d6f
	[1]		500013fa
OBJ 50000490 (sz=16, trace=300243, class=java.util.jar.JavaUtilJarAccessImpl@5000048f)
ARR 50000491 (sz=20, trace=300244, nelems=10, elem type=char[])
ARR 50000492 (sz=512, trace=300245, nelems=128, elem type=int[])
ARR 50000493 (sz=40, trace=300246, nelems=10, elem type=int[])
ARR 50000494 (sz=864, trace=300000, nelems=212, elem type=java.lang.Object[]@50000108)
	[0]		500011a2
	[1]		50001190
	[2]		500011a3
	[3]		500011a4
	[4]		500011a5
	[5]		500011a8
	[6]		500011a9
	[7]		500011aa
	[8]		500011ab
	[9]		500011ad
	[10]		500011ae
	[11]		500011af
	[12]		500011b0
	[13]		500011b1
	[14]		500011b2
	[15]		500011b3
	[16]		500011b4
	[17]		500011c5
	[18]		500011c6
	[19]		500011c8
	[20]		500011c9
	[21]		500011ca
	[22]		500011cb
	[23]		500011cc
	[24]		500011cd
	[25]		500011ce
	[26]		50001192
	[27]		50001187
	[28]		50001189
	[29]		500011cf
	[30]		500011d1
	[31]		500011d2
	[32]		500011d3
	[33]		500011d4
	[34]		5000118c
	[35]		500011d9
	[36]		500011da
	[37]		500011db
	[38]		500011dc
	[39]		5000118a
	[40]		500011dd
	[41]		500011de
	[42]		500011df
	[43]		500011e0
	[44]		500011e1
	[45]		500011e2
	[46]		500011e3
	[47]		500011e4
	[48]		500011e5
	[49]		50001188
	[50]		500011e6
	[51]		500011e7
	[52]		500011e8
	[53]		500011e9
	[54]		500011ea
	[55]		500011eb
	[56]		500011ec
	[57]		500011ed
	[58]		500011ee
	[59]		500011ef
	[60]		500011f0
	[61]		500011f1
	[62]		500011f3
	[63]		500011f4
	[64]		500011f5
	[65]		500011f6
	[66]		500011f7
	[67]		500011f8
	[68]		500011f9
	[69]		500011fa
	[70]		500011fb
	[71]		500011fc
	[72]		500011fd
	[73]		500011fe
	[74]		50001201
	[75]		50001203
	[76]		50001204
	[77]		50001205
	[78]		50001206
	[79]		50001207
	[80]		50001208
	[81]		50001209
	[82]		5000120a
	[83]		5000120b
	[84]		5000120e
	[85]		5000120f
	[86]		50001210
	[87]		50001211
	[88]		50001212
	[89]		50001193
	[90]		50001213
	[91]		50001214
	[92]		50001215
	[93]		50001216
	[94]		50001217
	[95]		50001218
	[96]		50001219
	[97]		5000121c
	[98]		5000118d
	[99]		5000121d
	[100]		5000121e
	[101]		50001221
	[102]		50001222
	[103]		50001223
	[104]		50001224
	[105]		50001225
	[106]		50001226
	[107]		50001227
	[108]		5000122c
	[109]		5000122d
	[110]		5000122e
	[111]		5000122f
	[112]		50001230
	[113]		50001235
	[114]		50001236
	[115]		50001237
	[116]		50001238
	[117]		5000123a
	[118]		5000123b
	[119]		5000123c
	[120]		5000123d
	[121]		5000123e
	[122]		5000123f
	[123]		5000118e
	[124]		50001240
	[125]		50001241
	[126]		50001242
	[127]		50001243
	[128]		50001244
	[129]		50001245
	[130]		5000124b
	[131]		5000124c
	[132]		5000124d
	[133]		5000124e
	[134]		5000124f
	[135]		50001250
	[136]		50001251
	[137]		50001252
	[138]		50001253
	[139]		50001254
	[140]		50001255
	[141]		50001256
	[142]		50001257
	[143]		5000118f
	[144]		50001258
	[145]		50001259
	[146]		5000125a
	[147]		5000125b
	[148]		5000125c
	[149]		5000125d
	[150]		5000125e
	[151]		5000125f
	[152]		50001260
	[153]		50001261
	[154]		50001262
	[155]		50001263
	[156]		50001264
	[157]		50001265
	[158]		50001266
	[159]		50001267
	[160]		5000126a
	[161]		5000126b
	[162]		5000126c
	[163]		5000126d
	[164]		5000126e
	[165]		5000126f
	[166]		50001270
	[167]		50001271
	[168]		50001272
	[169]		50001273
	[170]		50001274
	[171]		50001275
	[172]		50001279
	[173]		5000127a
	[174]		5000127b
	[175]		5000127e
	[176]		5000127f
	[177]		50001281
	[178]		50001282
	[179]		50001283
	[180]		50001186
	[181]		50001287
	[182]		50001288
	[183]		50001289
	[184]		5000128a
	[185]		50001296
	[186]		50001297
	[187]		50001298
	[188]		50001299
	[189]		50001191
	[190]		5000129a
	[191]		5000129b
	[192]		5000129c
	[193]		5000129d
	[194]		5000129e
	[195]		5000129f
	[196]		500012a0
	[197]		500012a1
	[198]		500012a2
	[199]		500012a3
	[200]		500012a4
	[201]		500012a5
	[202]		500012a6
	[203]		500012a7
	[204]		500012a8
	[205]		500012a9
	[206]		5000118b
	[207]		500012aa
	[208]		500012ab
	[209]		500012ac
	[210]		500012ad
	[211]		500012ae
ARR 50000495 (sz=984, trace=300000, nelems=241, elem type=java.lang.Object[]@50000108)
	[0]		500011a2
	[1]		50001190
	[2]		500011a3
	[3]		500011a4
	[4]		500011a5
	[5]		500011a8
	[6]		500011a9
	[7]		500011aa
	[8]		500011ab
	[9]		500011ad
	[10]		500011ae
	[11]		500011af
	[12]		500011b0
	[13]		500012ac
	[14]		500011b1
	[15]		500011b2
	[16]		500011b3
	[17]		500011b4
	[18]		500011c5
	[19]		500011c6
	[20]		500011c8
	[21]		500011c9
	[22]		500011ca
	[23]		500011cb
	[24]		500011cc
	[25]		500011cd
	[26]		500011ce
	[27]		50001212
	[28]		50001489
	[29]		5000148a
	[30]		5000148b
	[31]		50001193
	[32]		50001213
	[33]		500013fd
	[34]		5000148c
	[35]		50001214
	[36]		50001215
	[37]		50001216
	[38]		50001217
	[39]		50001218
	[40]		50001219
	[41]		5000121c
	[42]		5000118d
	[43]		5000121d
	[44]		5000121e
	[45]		50001221
	[46]		50001222
	[47]		50001223
	[48]		50001224
	[49]		50001225
	[50]		50001226
	[51]		50001227
	[52]		5000122c
	[53]		5000122d
	[54]		5000122e
	[55]		5000122f
	[56]		50001230
	[57]		50001235
	[58]		50001236
	[59]		50001237
	[60]		50001238
	[61]		5000123a
	[62]		5000123b
	[63]		5000123c
	[64]		5000123d
	[65]		5000123e
	[66]		5000123f
	[67]		5000148d
	[68]		5000148e
	[69]		50001491
	[70]		50001492
	[71]		50001493
	[72]		50001494
	[73]		50001495
	[74]		50001496
	[75]		50001497
	[76]		50001498
	[77]		50001499
	[78]		5000149a
	[79]		5000149b
	[80]		50001252
	[81]		50001253
	[82]		50001254
	[83]		50001255
	[84]		500014a1
	[85]		50001256
	[86]		50001257
	[87]		5000118f
	[88]		500014a2
	[89]		500014a3
	[90]		50001258
	[91]		50001259
	[92]		5000125a
	[93]		5000125b
	[94]		5000125c
	[95]		5000125d
	[96]		500014a4
	[97]		5000125e
	[98]		5000125f
	[99]		50001260
	[100]		50001261
	[101]		50001262
	[102]		50001263
	[103]		500012ad
	[104]		50001264
	[105]		50001265
	[106]		50001266
	[107]		50001267
	[108]		500014a5
	[109]		500013fe
	[110]		500014a6
	[111]		5000126a
	[112]		5000126b
	[113]		5000126c
	[114]		5000126d
	[115]		500014a7
	[116]		5000126e
	[117]		5000126f
	[118]		50001270
	[119]		50001271
	[120]		50001272
	[121]		50001273
	[122]		500012ae
	[123]		50001274
	[124]		50001275
	[125]		50001279
	[126]		5000127a
	[127]		500014a8
	[128]		500014a9
	[129]		500013ff
	[130]		50001400
	[131]		50001401
	[132]		50001402
	[133]		50001403
	[134]		50001404
	[135]		5000140a
	[136]		5000141b
	[137]		5000127b
	[138]		5000127e
	[139]		5000127f
	[140]		50001281
	[141]		50001282
	[142]		50001283
	[143]		50001186
	[144]		500014ab
	[145]		500014ac
	[146]		500014ad
	[147]		500014ae
	[148]		500014af
	[149]		50001287
	[150]		500014b0
	[151]		50001288
	[152]		500014b1
	[153]		500014b2
	[154]		50001289
	[155]		500014b3
	[156]		500014b4
	[157]		5000128a
	[158]		50001296
	[159]		50001297
	[160]		50001298
	[161]		50001299
	[162]		50001191
	[163]		500014b5
	[164]		500014b6
	[165]		5000129a
	[166]		500014b7
	[167]		500014bd
	[168]		500014be
	[169]		500014bf
	[170]		500014c0
	[171]		500014c1
	[172]		500014c2
	[173]		500014c3
	[174]		500014c4
	[175]		500014c5
	[176]		500014c6
	[177]		500014c7
	[178]		500014c8
	[179]		5000129b
	[180]		5000141e
	[181]		50001420
	[182]		5000129c
	[183]		5000129d
	[184]		5000129e
	[185]		5000129f
	[186]		500012a0
	[187]		500012a1
	[188]		500014c9
	[189]		500014ca
	[190]		500012a2
	[191]		500012a3
	[192]		500012a4
	[193]		500012a5
	[194]		500014cb
	[195]		500014cc
	[196]		500012a7
	[197]		500012a8
	[198]		500012a9
	[199]		500014cd
	[200]		500014ce
	[201]		500014cf
	[202]		500014d0
	[203]		5000118b
	[204]		50001421
	[205]		50001422
	[206]		50001423
	[207]		50001424
	[208]		50001425
	[209]		50001426
	[210]		500014d1
	[211]		50001427
	[212]		500014d2
	[213]		50001428
	[214]		500012aa
	[215]		500014d3
	[216]		500014d4
	[217]		500014d5
	[218]		500014d6
	[219]		500014d7
	[220]		500014d8
	[221]		500014d9
	[222]		500014da
	[223]		500014db
	[224]		500014dc
	[225]		50001429
	[226]		5000142a
	[227]		5000142b
	[228]		5000142c
	[229]		5000142d
	[230]		5000142e
	[231]		500012ab
	[232]		5000142f
	[233]		50001430
	[234]		500014df
	[235]		500014e0
	[236]		50001431
	[237]		500014e1
	[238]		50001432
	[239]		500014e2
	[240]		50001435
ARR 50000496 (sz=328, trace=300000, nelems=78, elem type=java.lang.Object[]@50000108)
	[0]		500013da
	[1]		500013db
	[2]		500013dc
	[3]		500013dd
	[4]		500013e2
	[5]		500013e3
	[6]		500013e4
	[7]		500013e5
	[8]		500013e6
	[9]		500013e7
	[10]		500013e8
	[11]		500013e9
	[12]		500011f4
	[13]		500013ea
	[14]		500013eb
	[15]		500013ec
	[16]		500013ed
	[17]		500013ee
	[18]		500013ef
	[19]		500013f0
	[20]		500013f1
	[21]		500013f2
	[22]		500013f3
	[23]		500013f4
	[24]		500013f5
	[25]		500013f6
	[26]		500013f7
	[27]		500013f9
	[28]		500013fa
	[29]		500011fd
	[30]		500011fe
	[31]		50001201
	[32]		500013fb
	[33]		50001203
	[34]		50001204
	[35]		50001205
	[36]		50001206
	[37]		50001207
	[38]		500013fc
	[39]		500013fd
	[40]		500013fe
	[41]		5000126a
	[42]		5000126c
	[43]		5000126e
	[44]		5000126f
	[45]		50001270
	[46]		50001271
	[47]		50001272
	[48]		50001273
	[49]		500013ff
	[50]		50001400
	[51]		50001401
	[52]		50001402
	[53]		50001403
	[54]		50001404
	[55]		5000140a
	[56]		5000141b
	[57]		5000141e
	[58]		50001420
	[59]		50001421
	[60]		50001422
	[61]		50001423
	[62]		50001424
	[63]		50001425
	[64]		50001426
	[65]		50001427
	[66]		50001428
	[67]		50001429
	[68]		5000142a
	[69]		5000142b
	[70]		5000142c
	[71]		5000142d
	[72]		5000142e
	[73]		5000142f
	[74]		50001430
	[75]		50001431
	[76]		50001432
	[77]		50001435
ARR 50000497 (sz=96, trace=300239, nelems=48, elem type=char[])
OBJ 50000498 (sz=24, trace=300240, class=java.lang.String@5000016e)
	value		50000497
ARR 5000049a (sz=176, trace=300000, nelems=39, elem type=java.lang.Object[]@50000108)
	[0]		500013fd
	[1]		500013fe
	[2]		5000126a
	[3]		5000126c
	[4]		5000126e
	[5]		5000126f
	[6]		50001270
	[7]		50001271
	[8]		50001272
	[9]		50001273
	[10]		500013ff
	[11]		50001400
	[12]		50001401
	[13]		50001402
	[14]		50001403
	[15]		50001404
	[16]		5000140a
	[17]		5000141b
	[18]		5000141e
	[19]		50001420
	[20]		50001421
	[21]		50001422
	[22]		50001423
	[23]		50001424
	[24]		50001425
	[25]		50001426
	[26]		50001427
	[27]		50001428
	[28]		50001429
	[29]		5000142a
	[30]		5000142b
	[31]		5000142c
	[32]		5000142d
	[33]		5000142e
	[34]		5000142f
	[35]		50001430
	[36]		50001431
	[37]		50001432
	[38]		50001435
ARR 5000049b (sz=24, trace=300000, nelems=1, elem type=java.lang.Object[]@50000108)
	[0]		50000d2f
ARR 5000049c (sz=72, trace=300000, nelems=0, elem type=java.lang.Object[]@50000108)
OBJ 5000049e (sz=24, trace=300250, class=sun.nio.cs.US_ASCII@5000049d)
	name		50001180
	aliases		50001184
ARR 5000049f (sz=32, trace=300000, nelems=4, elem type=java.lang.Object[]@50000108)
	[0]		500017f2
	[2]		5000142b
	[3]		500017f3
ARR 500004a0 (sz=32, trace=300000, nelems=0, elem type=java.lang.Object[]@50000108)
ARR 500004a1 (sz=32, trace=300000, nelems=3, elem type=java.lang.Object[]@50000108)
	[1]		50002e19
	[2]		50002e1a
ARR 500004a2 (sz=80, trace=300000, nelems=13, elem type=java.lang.Object[]@50000108)
	[1]		50001639
	[2]		500017c2
	[3]		500017c3
	[6]		500017c4
	[12]		500017c5
ARR 500004a3 (sz=32, trace=300000, nelems=3, elem type=java.lang.Object[]@50000108)
	[0]		500017cd
	[1]		500017ce
	[2]		500017cf
ARR 500004a4 (sz=32, trace=300000, nelems=0, elem type=java.lang.Object[]@50000108)
ARR 500004a5 (sz=32, trace=300000, nelems=0, elem type=java.lang.Object[]@50000108)
ARR 500004a6 (sz=56, trace=300000, nelems=8, elem type=java.lang.Object[]@50000108)
	[2]		5000111b
	[3]		5000111f
	[4]		50001144
	[7]		50001166
ARR 500004a7 (sz=24, trace=300000, nelems=2, elem type=java.lang.Object[]@50000108)
	[0]		50001112
	[1]		50001113
ARR 500004a9 (sz=24, trace=300000, nelems=1, elem type=java.lang.Object[]@50000108)
	[0]		50000d2f
OBJ 500004aa (sz=56, trace=300130, class=java.lang.Class$ReflectionData@500000a5)
OBJ 500004ab (sz=40, trace=300040, class=java.lang.ref.SoftReference@50000152)
OBJ 500004ac (sz=80, trace=300131, class=java.lang.reflect.Constructor@5000013d)
ARR 500004ad (sz=32, trace=300000, nelems=3, elem type=java.lang.Object[]@50000108)
	[2]		500005c9
OBJ 500004ae (sz=24, trace=300133, class=sun.reflect.NativeConstructorAccessorImpl@5000007c)
OBJ 500004af (sz=16, trace=300134, class=sun.reflect.DelegatingConstructorAccessorImpl@5000007b)
OBJ 500004b0 (sz=24, trace=300252, class=sun.nio.cs.ISO_8859_1@500004a8)
	name		5000117f
	aliases		500012ca
ARR 500004b1 (sz=96, trace=300000, nelems=19, elem type=java.lang.Object[]@50000108)
	[0]		5000059a
	[17]		50000e22
	[18]		50000e23
ARR 500004b2 (sz=32, trace=300000, nelems=2, elem type=java.lang.Object[]@50000108)
	[0]		500010d8
	[1]		500010d9
ARR 500004b3 (sz=48, trace=300000, nelems=7, elem type=java.lang.Object[]@50000108)
	[5]		50000ee5
	[6]		50000ee6
ARR 500004b4 (sz=32, trace=300000, nelems=0, elem type=java.lang.Object[]@50000108)
ARR 500004b5 (sz=24, trace=300000, nelems=2, elem type=java.lang.Object[]@50000108)
	[0]		500010e0
	[1]		500010e1
ARR 500004b6 (sz=32, trace=300000, nelems=3, elem type=java.lang.Object[]@50000108)
	[0]		50000a7b
	[2]		5000060f
ARR 500004b7 (sz=24, trace=300000, nelems=2, elem type=java.lang.Object[]@50000108)
	[0]		50002e90
	[1]		50002e91
ARR 500004b8 (sz=40, trace=300000, nelems=0, elem type=java.lang.Object[]@50000108)
ARR 500004b9 (sz=80, trace=300000, nelems=14, elem type=java.lang.Object[]@50000108)
	[13]		500006f3
ARR 500004ba (sz=24, trace=300000, nelems=1, elem type=java.lang.Object[]@50000108)
	[0]		50000714
ARR 500004bb (sz=24, trace=300000, nelems=1, elem type=java.lang.Object[]@50000108)
	[0]		50000a84
ARR 500004bc (sz=56, trace=300000, nelems=10, elem type=java.lang.Object[]@50000108)
	[6]		50000d4c
	[7]		50000d4d
	[8]		50000d4e
	[9]		50000d4f
ARR 500004bd (sz=32, trace=300000, nelems=0, elem type=java.lang.Object[]@50000108)
ARR 500004bf (sz=152, trace=300000, nelems=0, elem type=java.lang.Object[]@50000108)
OBJ 500004c0 (sz=56, trace=300130, class=java.lang.Class$ReflectionData@500000a5)
OBJ 500004c1 (sz=40, trace=300040, class=java.lang.ref.SoftReference@50000152)
OBJ 500004c2 (sz=80, trace=300131, class=java.lang.reflect.Constructor@5000013d)
ARR 500004c3 (sz=24, trace=300000, nelems=0, elem type=java.lang.Object[]@50000108)
OBJ 500004c4 (sz=24, trace=300133, class=sun.reflect.NativeConstructorAccessorImpl@5000007c)
OBJ 500004c5 (sz=16, trace=300134, class=sun.reflect.DelegatingConstructorAccessorImpl@5000007b)
OBJ 500004c6 (sz=24, trace=300253, class=sun.nio.cs.UTF_16BE@500004be)
	name		50001182
	aliases		500012d9
ARR 500004c7 (sz=64, trace=300000, nelems=11, elem type=java.lang.Object[]@50000108)
	[0]		500008ac
	[3]		50000714
	[4]		500008b4
	[5]		500008b5
	[6]		500008b7
	[7]		500008b8
	[8]		500008b9
	[9]		500008ba
	[10]		5000060f
ARR 500004c8 (sz=40, trace=300000, nelems=0, elem type=java.lang.Object[]@50000108)
ARR 500004c9 (sz=48, trace=300000, nelems=0, elem type=java.lang.Object[]@50000108)
ARR 500004ca (sz=32, trace=300000, nelems=1, elem type=java.lang.Object[]@50000108)
	[0]		50000625
ARR 500004cb (sz=24, trace=300000, nelems=0, elem type=java.lang.Object[]@50000108)
OBJ 500004cc (sz=56, trace=300687, class=java.util.zip.ZipFile$ZipFileInputStream@5000055c)
	this$0		500004ec
OBJ 500004cd (sz=40, trace=300106, class=java.lang.ref.Finalizer@5000014d)
	referent	500004cc
	queue		500003a9
	next		50000469
	prev		5000057c
ARR 500004ce (sz=56, trace=300000, nelems=10, elem type=java.lang.Object[]@50000108)
	[9]		50002e14
ARR 500004cf (sz=24, trace=300000, nelems=1, elem type=java.lang.Object[]@50000108)
	[0]		50002eb0
ARR 500004d1 (sz=24, trace=300000, nelems=0, elem type=java.lang.Object[]@50000108)
OBJ 500004d2 (sz=56, trace=300130, class=java.lang.Class$ReflectionData@500000a5)
OBJ 500004d3 (sz=40, trace=300040, class=java.lang.ref.SoftReference@50000152)
OBJ 500004d4 (sz=80, trace=300131, class=java.lang.reflect.Constructor@5000013d)
ARR 500004d5 (sz=24, trace=300000, nelems=0, elem type=java.lang.Object[]@50000108)
OBJ 500004d6 (sz=24, trace=300133, class=sun.reflect.NativeConstructorAccessorImpl@5000007c)
OBJ 500004d7 (sz=16, trace=300134, class=sun.reflect.DelegatingConstructorAccessorImpl@5000007b)
OBJ 500004d8 (sz=24, trace=300254, class=sun.nio.cs.UTF_16LE@500004d0)
	name		50001183
	aliases		500012d3
ARR 500004d9 (sz=24, trace=300000, nelems=0, elem type=java.lang.Object[]@50000108)
ARR 500004da (sz=24, trace=300000, nelems=0, elem type=java.lang.Object[]@50000108)
ARR 500004db (sz=40, trace=300000, nelems=0, elem type=java.lang.Object[]@50000108)
ARR 500004dc (sz=104, trace=300000, nelems=17, elem type=java.lang.Object[]@50000108)
	[7]		5000184c
	[8]		50002a30
	[10]		50002e75
	[14]		50002e76
	[15]		50002e80
	[16]		50001847
ARR 500004dd (sz=24, trace=300000, nelems=0, elem type=java.lang.Object[]@50000108)
ARR 500004de (sz=24, trace=300000, nelems=0, elem type=java.lang.Object[]@50000108)
ARR 500004df (sz=24, trace=300000, nelems=0, elem type=java.lang.Object[]@50000108)
OBJ 500004e1 (sz=16, trace=300157, class=java.lang.Object@50000172)
OBJ 500004e3 (sz=32, trace=300683, class=java.util.concurrent.ConcurrentHashMap$Node@50000024)
	key		50000adc
	val		500004e1
	next		500008af
OBJ 500004e4 (sz=56, trace=300130, class=java.lang.Class$ReflectionData@500000a5)
OBJ 500004e5 (sz=40, trace=300040, class=java.lang.ref.SoftReference@50000152)
OBJ 500004e6 (sz=80, trace=300131, class=java.lang.reflect.Constructor@5000013d)
OBJ 500004e7 (sz=16, trace=300160, class=java.lang.Object@50000172)
OBJ 500004e8 (sz=24, trace=300133, class=sun.reflect.NativeConstructorAccessorImpl@5000007c)
OBJ 500004e9 (sz=16, trace=300134, class=sun.reflect.DelegatingConstructorAccessorImpl@5000007b)
OBJ 500004ea (sz=24, trace=300255, class=sun.nio.cs.UTF_16@500004e2)
	name		50001181
	aliases		500012da
OBJ 500004eb (sz=32, trace=300683, class=java.util.concurrent.ConcurrentHashMap$Node@50000024)
	key		50000adc
	val		500004e7
	next		500008b3
OBJ 500004ec (sz=64, trace=300256, class=java.util.jar.JarFile@5000048d)
	name		50000498
	zc		500004f8
	streams		500004ee
	inflaterCache	500004f5
	manRef		500005da
	manEntry	50000558
OBJ 500004ed (sz=40, trace=300106, class=java.lang.ref.Finalizer@5000014d)
	referent	500004ec
	queue		500003a9
	next		50002eb3
	prev		500022cb
OBJ 500004ee (sz=48, trace=300257, class=java.util.WeakHashMap@5000009b)
	table		500004f1
	queue		500004ef
OBJ 500004ef (sz=32, trace=300258, class=java.lang.ref.ReferenceQueue@5000014c)
	lock		500004f0
OBJ 500004f0 (sz=16, trace=300259, class=java.lang.ref.ReferenceQueue$Lock@500000d1)
ARR 500004f1 (sz=80, trace=300260, nelems=0, elem type=java.util.WeakHashMap$Entry[]@50000048)
OBJ 500004f5 (sz=24, trace=300262, class=java.util.ArrayDeque@500004f4)
	elements	500004f6
ARR 500004f6 (sz=80, trace=300263, nelems=0, elem type=java.lang.Object[]@50000108)
OBJ 500004f8 (sz=32, trace=300265, class=java.util.zip.ZipCoder@500004f7)
	cs		50000226
	dec		50000552
	enc		5000051a
ARR 500004fb (sz=40, trace=300000, nelems=5, elem type=java.lang.Object[]@50000108)
	[4]		500010ee
OBJ 500004fd (sz=16, trace=300270, class=sun.misc.Perf@500004fc)
OBJ 500004ff (sz=24, trace=300272, class=sun.misc.PerfCounter@500004f9)
	name		5000110d
	lb		50000507
ARR 50000503 (sz=40, trace=300000, nelems=0, elem type=java.lang.Object[]@50000108)
OBJ 50000504 (sz=64, trace=300275, class=java.nio.DirectByteBuffer@50000502)
OBJ 50000507 (sz=56, trace=300277, class=java.nio.DirectLongBufferU@50000506)
	att		50000504
OBJ 50000508 (sz=24, trace=300278, class=sun.misc.PerfCounter@500004f9)
	name		5000110c
	lb		5000050a
OBJ 50000509 (sz=64, trace=300275, class=java.nio.DirectByteBuffer@50000502)
OBJ 5000050a (sz=56, trace=300277, class=java.nio.DirectLongBufferU@50000506)
	att		50000509
OBJ 5000050b (sz=24, trace=300279, class=sun.misc.PerfCounter@500004f9)
	name		50001109
	lb		5000050d
OBJ 5000050c (sz=64, trace=300275, class=java.nio.DirectByteBuffer@50000502)
OBJ 5000050d (sz=56, trace=300277, class=java.nio.DirectLongBufferU@50000506)
	att		5000050c
OBJ 5000050e (sz=24, trace=300280, class=sun.misc.PerfCounter@500004f9)
	name		5000110e
	lb		50000510
OBJ 5000050f (sz=64, trace=300275, class=java.nio.DirectByteBuffer@50000502)
OBJ 50000510 (sz=56, trace=300277, class=java.nio.DirectLongBufferU@50000506)
	att		5000050f
OBJ 50000511 (sz=24, trace=300281, class=sun.misc.PerfCounter@500004f9)
	name		50001110
	lb		50000513
OBJ 50000512 (sz=64, trace=300275, class=java.nio.DirectByteBuffer@50000502)
OBJ 50000513 (sz=56, trace=300277, class=java.nio.DirectLongBufferU@50000506)
	att		50000512
OBJ 50000514 (sz=24, trace=300282, class=sun.misc.PerfCounter@500004f9)
	name		5000110f
	lb		50000516
OBJ 50000515 (sz=64, trace=300275, class=java.nio.DirectByteBuffer@50000502)
OBJ 50000516 (sz=56, trace=300277, class=java.nio.DirectLongBufferU@50000506)
	att		50000515
ARR 50000518 (sz=24, trace=300000, nelems=1, elem type=java.lang.Object[]@50000108)
	[0]		50002e23
ARR 50000519 (sz=40, trace=300000, nelems=5, elem type=java.lang.Object[]@50000108)
	[2]		50002e1d
	[3]		50002e1e
	[4]		50002e1f
OBJ 5000051a (sz=56, trace=300141, class=sun.nio.cs.UTF_8$Encoder@5000022a)
	charset		50000226
	replacement	5000051b
	malformedInputAction	500005a1
	unmappableCharacterAction	500005a1
ARR 5000051b (sz=1, trace=300142, nelems=1, elem type=byte[])
ARR 5000051c (sz=32, trace=300000, nelems=0, elem type=java.lang.Object[]@50000108)
ARR 5000051d (sz=72, trace=300000, nelems=0, elem type=java.lang.Object[]@50000108)
ARR 5000051e (sz=56, trace=300000, nelems=0, elem type=java.lang.Object[]@50000108)
ARR 50000520 (sz=104, trace=300000, nelems=1, elem type=java.lang.Object[]@50000108)
	[0]		500005c8
ARR 50000521 (sz=64, trace=300290, nelems=11, elem type=java.lang.String[]@500000c8)
	[0]		50000524
	[1]		50000528
	[2]		5000052c
	[3]		50000530
	[4]		50000534
	[5]		50000538
	[6]		5000053c
	[7]		50000dcc
	[8]		50000541
	[9]		50000546
	[10]		5000054b
ARR 50000522 (sz=40, trace=300000, nelems=1, elem type=java.lang.Object[]@50000108)
	[0]		50002b56
ARR 50000523 (sz=24, trace=300000, nelems=0, elem type=java.lang.Object[]@50000108)
OBJ 50000524 (sz=24, trace=300293, class=java.lang.String@5000016e)
	value		50000525
ARR 50000525 (sz=14, trace=300294, nelems=7, elem type=char[])
ARR 50000526 (sz=24, trace=300000, nelems=0, elem type=java.lang.Object[]@50000108)
ARR 50000527 (sz=32, trace=300000, nelems=0, elem type=java.lang.Object[]@50000108)
OBJ 50000528 (sz=24, trace=300297, class=java.lang.String@5000016e)
	value		50000529
ARR 50000529 (sz=18, trace=300298, nelems=9, elem type=char[])
ARR 5000052a (sz=32, trace=300000, nelems=3, elem type=java.lang.Object[]@50000108)
	[0]		500005e3
	[1]		500005e4
	[2]		500005e5
ARR 5000052b (sz=88, trace=300000, nelems=0, elem type=java.lang.Object[]@50000108)
OBJ 5000052c (sz=24, trace=300301, class=java.lang.String@5000016e)
	value		5000052d
ARR 5000052d (sz=16, trace=300302, nelems=8, elem type=char[])
ARR 5000052e (sz=24, trace=300000, nelems=1, elem type=java.lang.Object[]@50000108)
	[0]		50000dbe
ARR 5000052f (sz=24, trace=300000, nelems=2, elem type=java.lang.Object[]@50000108)
	[1]		50000d4b
OBJ 50000530 (sz=24, trace=300305, class=java.lang.String@5000016e)
	value		50000531
ARR 50000531 (sz=26, trace=300306, nelems=13, elem type=char[])
ARR 50000532 (sz=88, trace=300000, nelems=18, elem type=java.lang.Object[]@50000108)
	[0]		5000059a
	[13]		50000a86
	[14]		50000a88
	[17]		50000a8a
ARR 50000533 (sz=56, trace=300000, nelems=10, elem type=java.lang.Object[]@50000108)
	[9]		50001988
OBJ 50000534 (sz=24, trace=300309, class=java.lang.String@5000016e)
	value		50000535
ARR 50000535 (sz=20, trace=300310, nelems=10, elem type=char[])
ARR 50000536 (sz=56, trace=300000, nelems=0, elem type=java.lang.Object[]@50000108)
ARR 50000537 (sz=56, trace=300000, nelems=10, elem type=java.lang.Object[]@50000108)
	[0]		5000059a
	[1]		500005fb
	[2]		500005a5
	[3]		500005fc
	[4]		500005ff
	[5]		5000060b
	[6]		500005a6
	[7]		50000573
	[8]		500005a4
	[9]		5000060f
OBJ 50000538 (sz=24, trace=300313, class=java.lang.String@5000016e)
	value		50000539
ARR 50000539 (sz=20, trace=300314, nelems=10, elem type=char[])
ARR 5000053a (sz=208, trace=300000, nelems=0, elem type=java.lang.Object[]@50000108)
ARR 5000053b (sz=32, trace=300000, nelems=3, elem type=java.lang.Object[]@50000108)
	[0]		500005e6
	[1]		500005e7
	[2]		5000058d
OBJ 5000053c (sz=24, trace=300317, class=java.lang.String@5000016e)
	value		5000053d
ARR 5000053d (sz=30, trace=300318, nelems=15, elem type=char[])
ARR 5000053e (sz=72, trace=300000, nelems=13, elem type=java.lang.Object[]@50000108)
	[0]		5000059a
	[6]		500005c9
	[9]		500005cc
	[10]		500005ce
	[12]		500005cf
ARR 5000053f (sz=48, trace=300000, nelems=7, elem type=java.lang.Object[]@50000108)
	[6]		50001996
ARR 50000540 (sz=64, trace=300000, nelems=7, elem type=java.lang.Object[]@50000108)
	[6]		500005e8
OBJ 50000541 (sz=24, trace=300321, class=java.lang.String@5000016e)
	value		50000542
ARR 50000542 (sz=62, trace=300322, nelems=31, elem type=char[])
ARR 50000543 (sz=32, trace=300000, nelems=0, elem type=java.lang.Object[]@50000108)
ARR 50000544 (sz=40, trace=300000, nelems=4, elem type=java.lang.Object[]@50000108)
	[1]		50000633
	[2]		50000634
	[3]		50000638
ARR 50000545 (sz=48, trace=300000, nelems=0, elem type=java.lang.Object[]@50000108)
OBJ 50000546 (sz=24, trace=300325, class=java.lang.String@5000016e)
	value		50000547
ARR 50000547 (sz=50, trace=300326, nelems=25, elem type=char[])
ARR 50000548 (sz=72, trace=300000, nelems=0, elem type=java.lang.Object[]@50000108)
ARR 50000549 (sz=80, trace=300000, nelems=0, elem type=java.lang.Object[]@50000108)
ARR 5000054a (sz=32, trace=300000, nelems=0, elem type=java.lang.Object[]@50000108)
OBJ 5000054b (sz=24, trace=300329, class=java.lang.String@5000016e)
	value		5000054c
ARR 5000054c (sz=42, trace=300330, nelems=21, elem type=char[])
ARR 5000054d (sz=112, trace=300000, nelems=23, elem type=java.lang.Object[]@50000108)
	[22]		50000627
ARR 5000054e (sz=32, trace=300000, nelems=3, elem type=java.lang.Object[]@50000108)
	[2]		50000d61
ARR 5000054f (sz=72, trace=300000, nelems=0, elem type=java.lang.Object[]@50000108)
ARR 50000551 (sz=32, trace=300000, nelems=0, elem type=java.lang.Object[]@50000108)
OBJ 50000552 (sz=40, trace=300204, class=sun.nio.cs.UTF_8$Decoder@5000027d)
	charset		50000226
	replacement	500017e3
	malformedInputAction	500005a1
	unmappableCharacterAction	500005a1
ARR 50000553 (sz=32, trace=300000, nelems=0, elem type=java.lang.Object[]@50000108)
OBJ 50000554 (sz=24, trace=300334, class=java.lang.String@5000016e)
	value		50000555
ARR 50000555 (sz=40, trace=300335, nelems=20, elem type=char[])
OBJ 50000558 (sz=96, trace=300337, class=java.util.jar.JarFile$JarFileEntry@50000557)
	name		50000554
	this$0		500004ec
ARR 50000559 (sz=24, trace=300000, nelems=0, elem type=java.lang.Object[]@50000108)
ARR 5000055a (sz=48, trace=300000, nelems=0, elem type=java.lang.Object[]@50000108)
ARR 5000055b (sz=64, trace=300000, nelems=9, elem type=java.lang.Object[]@50000108)
	[8]		5000062a
OBJ 5000055d (sz=56, trace=300342, class=java.util.zip.ZipFile$ZipFileInputStream@5000055c)
ARR 5000055e (sz=48, trace=300000, nelems=0, elem type=java.lang.Object[]@50000108)
ARR 5000055f (sz=24, trace=300000, nelems=0, elem type=java.lang.Object[]@50000108)
ARR 50000561 (sz=24, trace=300000, nelems=0, elem type=java.lang.Object[]@50000108)
ARR 50000562 (sz=24, trace=300000, nelems=0, elem type=java.lang.Object[]@50000108)
ARR 50000563 (sz=56, trace=300219, nelems=1, elem type=java.lang.Object[]@50000108)
	[0]		50000461
ARR 50000564 (sz=80, trace=300220, nelems=3, elem type=java.util.HashMap$Node[]@500000c2)
	[2]		50000565
OBJ 50000565 (sz=32, trace=300221, class=java.util.HashMap$Node@500000c4)
	key		50000452
	value		50000461
ARR 50000566 (sz=24, trace=300000, nelems=0, elem type=java.lang.Object[]@50000108)
OBJ 50000567 (sz=104, trace=300000, class=java.lang.Class@5000016a)
OBJ 50000568 (sz=24, trace=300369, class=java.lang.String@5000016e)
	value		50000569
ARR 50000569 (sz=48, trace=300370, nelems=24, elem type=char[])
OBJ 5000056a (sz=104, trace=300000, class=java.lang.Class@5000016a)
OBJ 5000056b (sz=104, trace=300000, class=java.lang.Class@5000016a)
OBJ 5000056c (sz=104, trace=300000, class=java.lang.Class@5000016a)
OBJ 5000056d (sz=104, trace=300000, class=java.lang.Class@5000016a)
OBJ 5000056e (sz=104, trace=300000, class=java.lang.Class@5000016a)
OBJ 5000056f (sz=104, trace=300000, class=java.lang.Class@5000016a)
OBJ 50000570 (sz=104, trace=300000, class=java.lang.Class@5000016a)
OBJ 50000571 (sz=104, trace=300000, class=java.lang.Class@5000016a)
ARR 50000572 (sz=16, trace=300000, nelems=0, elem type=java.lang.Class[]@50000103)
OBJ 50000573 (sz=24, trace=300000, class=java.lang.String@5000016e)
	value		50002e28
OBJ 50000574 (sz=24, trace=300000, class=java.lang.String@5000016e)
	value		50002ed2
OBJ 50000575 (sz=32, trace=300000, class=java.lang.OutOfMemoryError@50000156)
	detailMessage	50002ed0
OBJ 50000576 (sz=56, trace=300443, class=java.lang.Package@500005db)
	pkgName		50000568
	loader		500003b3
OBJ 50000577 (sz=32, trace=300221, class=java.util.HashMap$Node@500000c4)
	key		50000568
	value		50000576
OBJ 50000578 (sz=32, trace=300000, class=java.lang.OutOfMemoryError@50000156)
	detailMessage	50002ece
OBJ 50000579 (sz=32, trace=300000, class=java.lang.OutOfMemoryError@50000156)
	detailMessage	50002ecc
OBJ 5000057a (sz=32, trace=300000, class=java.lang.OutOfMemoryError@50000156)
	detailMessage	50002eca
OBJ 5000057b (sz=56, trace=300687, class=java.util.zip.ZipFile$ZipFileInputStream@5000055c)
	this$0		500004ec
OBJ 5000057c (sz=40, trace=300106, class=java.lang.ref.Finalizer@5000014d)
	referent	5000057b
	queue		500003a9
	next		500004cd
	prev		500006a8
OBJ 5000057d (sz=32, trace=300000, class=java.lang.OutOfMemoryError@50000156)
	detailMessage	50002ec8
OBJ 5000057e (sz=32, trace=300000, class=java.lang.OutOfMemoryError@50000156)
	detailMessage	50002ec6
ARR 5000057f (sz=32, trace=300000, nelems=4, elem type=java.lang.OutOfMemoryError[]@500000fd)
	[0]		50002ec2
	[1]		50002ec3
	[2]		50002ec4
	[3]		50002ec5
OBJ 50000580 (sz=32, trace=300000, class=java.lang.NullPointerException@50000102)
OBJ 50000581 (sz=32, trace=300000, class=java.lang.ArithmeticException@50000101)
	detailMessage	50002ec0
OBJ 50000582 (sz=32, trace=300000, class=java.lang.VirtualMachineError@50000157)
OBJ 50000583 (sz=24, trace=300668, class=java.lang.String@5000016e)
	value		50000584
ARR 50000584 (sz=48, trace=300669, nelems=24, elem type=char[])
OBJ 50000585 (sz=32, trace=300671, class=java.util.concurrent.ConcurrentHashMap$Node@50000024)
	key		50000583
	val		50000a90
OBJ 50000588 (sz=48, trace=300000, class=java.lang.ThreadGroup@50000148)
	parent		5000058b
	name		50002eba
	threads		50002eb9
OBJ 50000589 (sz=24, trace=300369, class=java.lang.String@5000016e)
	value		5000058a
ARR 5000058a (sz=38, trace=300370, nelems=19, elem type=char[])
OBJ 5000058b (sz=48, trace=300000, class=java.lang.ThreadGroup@50000148)
	name		50001996
	threads		50002ea5
	groups		50002ea4
OBJ 5000058c (sz=32, trace=300000, class=java.lang.VirtualMachineError@50000157)
OBJ 5000058d (sz=24, trace=300000, class=java.lang.String@5000016e)
	value		50002e2f
OBJ 5000058e (sz=56, trace=300342, class=java.util.zip.ZipFile$ZipFileInputStream@5000055c)
ARR 5000058f (sz=16, trace=300000, nelems=0, elem type=java.lang.Object[]@50000108)
OBJ 50000590 (sz=16, trace=300157, class=java.lang.Object@50000172)
OBJ 50000591 (sz=32, trace=300159, class=java.util.concurrent.ConcurrentHashMap$Node@50000024)
	key		50000cc7
	val		50000590
OBJ 50000592 (sz=16, trace=300160, class=java.lang.Object@50000172)
OBJ 50000593 (sz=32, trace=300159, class=java.util.concurrent.ConcurrentHashMap$Node@50000024)
	key		50000cc7
	val		50000592
OBJ 50000594 (sz=24, trace=300375, class=java.util.jar.Manifest@50000118)
	attr		50000596
	entries		50000598
OBJ 50000596 (sz=16, trace=300377, class=java.util.jar.Attributes@50000595)
	map		50000597
OBJ 50000597 (sz=48, trace=300378, class=java.util.HashMap@500000c6)
	table		500005bd
OBJ 50000598 (sz=48, trace=300379, class=java.util.HashMap@500000c6)
OBJ 5000059a (sz=24, trace=300000, class=java.lang.String@5000016e)
	value		50000df5
OBJ 5000059b (sz=32, trace=300000, class=java.util.Locale@5000002f)
	baseLocale	50000fda
OBJ 5000059c (sz=24, trace=300000, class=java.lang.String@5000016e)
	value		50001103
OBJ 5000059d (sz=24, trace=300000, class=java.lang.String@5000016e)
	value		50001101
OBJ 5000059e (sz=24, trace=300000, class=java.lang.String@5000016e)
	value		50001102
OBJ 5000059f (sz=24, trace=300386, class=java.lang.String@5000016e)
	value		500005a7
OBJ 500005a0 (sz=24, trace=300000, class=java.lang.String@5000016e)
	value		50001100
OBJ 500005a1 (sz=16, trace=300000, class=java.nio.charset.CodingErrorAction@50000077)
	name		500017cf
OBJ 500005a2 (sz=24, trace=300000, class=java.lang.String@5000016e)
	value		500017df
OBJ 500005a3 (sz=16, trace=300000, class=java.nio.charset.CodingErrorAction@50000077)
	name		500017ce
OBJ 500005a4 (sz=24, trace=300000, class=java.lang.String@5000016e)
	value		50002e27
OBJ 500005a5 (sz=24, trace=300000, class=java.lang.String@5000016e)
	value		50002e2d
OBJ 500005a6 (sz=24, trace=300000, class=java.lang.String@5000016e)
	value		50002e29
ARR 500005a7 (sz=6, trace=300387, nelems=3, elem type=char[])
OBJ 500005a9 (sz=24, trace=300389, class=java.util.jar.Attributes$Name@500005a8)
	name		5000181d
OBJ 500005aa (sz=24, trace=300390, class=java.util.jar.Attributes$Name@500005a8)
	name		5000181f
OBJ 500005ab (sz=24, trace=300391, class=java.util.jar.Attributes$Name@500005a8)
	name		50001809
OBJ 500005ac (sz=24, trace=300392, class=java.util.jar.Attributes$Name@500005a8)
	name		50001808
OBJ 500005ad (sz=24, trace=300393, class=java.util.jar.Attributes$Name@500005a8)
	name		5000181c
OBJ 500005ae (sz=24, trace=300394, class=java.util.jar.Attributes$Name@500005a8)
	name		5000181e
OBJ 500005af (sz=24, trace=300395, class=java.util.jar.Attributes$Name@500005a8)
	name		5000180b
OBJ 500005b0 (sz=24, trace=300396, class=java.util.jar.Attributes$Name@500005a8)
	name		5000180c
OBJ 500005b1 (sz=24, trace=300397, class=java.util.jar.Attributes$Name@500005a8)
	name		5000180a
OBJ 500005b2 (sz=24, trace=300398, class=java.util.jar.Attributes$Name@500005a8)
	name		5000180d
OBJ 500005b3 (sz=24, trace=300399, class=java.util.jar.Attributes$Name@500005a8)
	name		5000181b
OBJ 500005b4 (sz=24, trace=300400, class=java.util.jar.Attributes$Name@500005a8)
	name		50001819
OBJ 500005b5 (sz=24, trace=300401, class=java.util.jar.Attributes$Name@500005a8)
	name		5000181a
OBJ 500005b6 (sz=24, trace=300402, class=java.util.jar.Attributes$Name@500005a8)
	name		5000180e
OBJ 500005b7 (sz=24, trace=300403, class=java.util.jar.Attributes$Name@500005a8)
	name		50001820
OBJ 500005b8 (sz=24, trace=300404, class=java.util.jar.Attributes$Name@500005a8)
	name		50001822
OBJ 500005b9 (sz=24, trace=300405, class=java.util.jar.Attributes$Name@500005a8)
	name		50001821
OBJ 500005ba (sz=24, trace=300406, class=java.util.jar.Attributes$Name@500005a8)
	name		5000181d
OBJ 500005bc (sz=16, trace=300408, class=sun.misc.ASCIICaseInsensitiveComparator@500005bb)
ARR 500005bd (sz=80, trace=300409, nelems=16, elem type=java.util.HashMap$Node[]@500000c2)
	[14]		500005c4
	[15]		500005be
OBJ 500005be (sz=32, trace=300221, class=java.util.HashMap$Node@500000c4)
	key		500005ba
	value		5000059f
OBJ 500005bf (sz=24, trace=300384, class=java.lang.String@5000016e)
	value		500005c0
ARR 500005c0 (sz=20, trace=300385, nelems=10, elem type=char[])
OBJ 500005c1 (sz=24, trace=300386, class=java.lang.String@5000016e)
	value		500005c2
ARR 500005c2 (sz=58, trace=300387, nelems=29, elem type=char[])
OBJ 500005c3 (sz=24, trace=300406, class=java.util.jar.Attributes$Name@500005a8)
	name		500005bf
OBJ 500005c4 (sz=32, trace=300221, class=java.util.HashMap$Node@500000c4)
	key		500005c3
	value		500005c1
OBJ 500005c6 (sz=24, trace=300000, class=java.lang.String@5000016e)
	value		50001965
OBJ 500005c7 (sz=24, trace=300000, class=java.lang.String@5000016e)
	value		50001967
OBJ 500005c8 (sz=24, trace=300000, class=java.lang.String@5000016e)
	value		500006ee
OBJ 500005c9 (sz=24, trace=300000, class=java.lang.String@5000016e)
	value		50002b57
OBJ 500005cc (sz=24, trace=300000, class=java.lang.String@5000016e)
	value		50002ea3
OBJ 500005ce (sz=24, trace=300000, class=java.lang.String@5000016e)
	value		50002ea2
OBJ 500005cf (sz=24, trace=300000, class=java.lang.String@5000016e)
	value		50002ea1
OBJ 500005d0 (sz=24, trace=300000, class=java.lang.String@5000016e)
	value		50000968
OBJ 500005d1 (sz=48, trace=300000, class=java.util.Properties@50000144)
	table		50002e4b
	entrySet	50002e4a
OBJ 500005d2 (sz=32, trace=300000, class=java.io.PrintStream@50000093)
	out		50002e42
	textOut		50002e41
	charOut		50002e40
OBJ 500005d3 (sz=32, trace=300000, class=java.io.PrintStream@50000093)
	out		50002e38
	textOut		50002e37
	charOut		50002e36
OBJ 500005d4 (sz=40, trace=300000, class=java.io.BufferedInputStream@500000ab)
	in		500005d7
	buf		500005d5
ARR 500005d5 (sz=8192, trace=300000, nelems=8192, elem type=byte[])
OBJ 500005d7 (sz=32, trace=300000, class=java.io.FileInputStream@500000b3)
	fd		500005d9
	closeLock	500005d8
OBJ 500005d8 (sz=16, trace=300000, class=java.lang.Object@50000172)
OBJ 500005d9 (sz=40, trace=300000, class=java.io.FileDescriptor@500000b2)
	parent		500005d7
OBJ 500005da (sz=40, trace=300430, class=java.lang.ref.SoftReference@50000152)
	referent	50000594
	queue		50000f68
OBJ 500005dc (sz=48, trace=300432, class=java.util.HashMap@500000c6)
OBJ 500005dd (sz=48, trace=300433, class=java.util.HashMap@500000c6)
OBJ 500005de (sz=48, trace=300434, class=java.util.HashMap@500000c6)
OBJ 500005df (sz=40, trace=300000, class=java.io.FileDescriptor@500000b2)
	parent		50002e34
OBJ 500005e0 (sz=40, trace=300000, class=java.io.FileDescriptor@500000b2)
	parent		500005e1
OBJ 500005e1 (sz=32, trace=300000, class=java.io.FileOutputStream@500000ad)
	fd		500005e0
	closeLock	500005e2
OBJ 500005e2 (sz=16, trace=300000, class=java.lang.Object@50000172)
OBJ 500005e3 (sz=24, trace=300000, class=java.lang.String@5000016e)
	value		50002d0f
OBJ 500005e4 (sz=24, trace=300000, class=java.lang.String@5000016e)
	value		50002e33
OBJ 500005e5 (sz=24, trace=300000, class=java.lang.String@5000016e)
	value		50002e32
OBJ 500005e6 (sz=24, trace=300000, class=java.lang.String@5000016e)
	value		50002e31
OBJ 500005e7 (sz=24, trace=300000, class=java.lang.String@5000016e)
	value		50002e30
OBJ 500005e8 (sz=24, trace=300000, class=java.lang.String@5000016e)
	value		500005ec
OBJ 500005e9 (sz=24, trace=300000, class=java.lang.RuntimePermission@500000f0)
	name		500005e8
	path		500005e8
ARR 500005ea (sz=16, trace=300000, nelems=0, elem type=java.lang.StackTraceElement[]@500000f4)
OBJ 500005eb (sz=56, trace=300443, class=java.lang.Package@500005db)
	pkgName		50000589
	loader		500003b3
ARR 500005ec (sz=64, trace=300000, nelems=32, elem type=char[])
OBJ 500005ed (sz=32, trace=300221, class=java.util.HashMap$Node@500000c4)
	key		50000589
	value		500005eb
OBJ 500005f6 (sz=16, trace=300450, class=java.util.regex.Pattern$4@500005f5)
OBJ 500005f7 (sz=16, trace=300451, class=java.util.regex.Pattern$Node@500005f4)
OBJ 500005f9 (sz=16, trace=300453, class=java.util.regex.Pattern$LastNode@500005f8)
	next		500005f7
OBJ 500005fa (sz=72, trace=300454, class=java.util.regex.Pattern@500005f3)
	pattern		50000d72
	normalizedPattern	50000d72
	root		50000609
	matchRoot	50000603
OBJ 500005fb (sz=24, trace=300000, class=java.lang.String@5000016e)
	value		50002e2e
OBJ 500005fc (sz=24, trace=300000, class=java.lang.String@5000016e)
	value		50002e2c
OBJ 500005ff (sz=24, trace=300000, class=java.lang.String@5000016e)
	value		50002e2b
OBJ 50000603 (sz=24, trace=300460, class=java.util.regex.Pattern$Single@50000602)
	next		500005f9
OBJ 50000609 (sz=24, trace=300465, class=java.util.regex.Pattern$Start@50000608)
	next		50000603
OBJ 5000060b (sz=24, trace=300000, class=java.lang.String@5000016e)
	value		50002e2a
OBJ 5000060c (sz=72, trace=300468, class=java.util.regex.Pattern@500005f3)
	pattern		50000de5
	normalizedPattern	50000de5
	root		5000061d
	matchRoot	5000061a
OBJ 5000060d (sz=24, trace=300369, class=java.lang.String@5000016e)
	value		5000060e
ARR 5000060e (sz=38, trace=300370, nelems=19, elem type=char[])
OBJ 5000060f (sz=24, trace=300000, class=java.lang.String@5000016e)
	value		50000a82
ARR 50000610 (sz=16, trace=300472, nelems=4, elem type=int[])
ARR 50000612 (sz=512, trace=300474, nelems=128, elem type=int[])
OBJ 50000614 (sz=24, trace=300476, class=java.util.regex.Pattern$SliceI@50000613)
	next		50000618
	buffer		50000610
ARR 50000615 (sz=12, trace=300472, nelems=3, elem type=int[])
OBJ 50000616 (sz=24, trace=300476, class=java.util.regex.Pattern$SliceI@50000613)
	next		50000618
	buffer		50000615
OBJ 50000618 (sz=16, trace=300478, class=java.util.regex.Pattern$BranchConn@50000617)
	next		500005f9
OBJ 5000061a (sz=32, trace=300480, class=java.util.regex.Pattern$Branch@50000619)
	next		500005f7
	atoms		5000061c
	conn		50000618
ARR 5000061c (sz=24, trace=300481, nelems=2, elem type=java.util.regex.Pattern$Node[]@5000061b)
	[0]		50000614
	[1]		50000616
OBJ 5000061d (sz=24, trace=300465, class=java.util.regex.Pattern$Start@50000608)
	next		5000061a
OBJ 5000061e (sz=16, trace=300000, class=java.lang.String$CaseInsensitiveComparator@500000f8)
OBJ 5000061f (sz=16, trace=300482, class=sun.security.util.AlgorithmDecomposer@500005f2)
OBJ 50000620 (sz=24, trace=300483, class=sun.security.util.DisabledAlgorithmConstraints@500005f1)
	decomposer	5000061f
	disabledAlgorithms	500006f5
	algorithmConstraints	50000702
ARR 50000622 (sz=16, trace=300000, nelems=0, elem type=java.io.ObjectStreamField[]@500000fa)
OBJ 50000625 (sz=24, trace=300000, class=java.lang.String@5000016e)
	value		50002e26
OBJ 50000626 (sz=48, trace=300489, class=java.util.Properties@50000144)
	table		50000694
OBJ 50000627 (sz=24, trace=300000, class=java.lang.String@5000016e)
	value		50002e25
OBJ 50000628 (sz=16, trace=300000, class=sun.reflect.ReflectionFactory@500000e1)
ARR 50000629 (sz=16, trace=300000, nelems=0, elem type=java.io.ObjectStreamField[]@500000fa)
OBJ 5000062a (sz=24, trace=300000, class=java.lang.String@5000016e)
	value		50000630
OBJ 5000062b (sz=16, trace=300000, class=java.lang.reflect.ReflectAccess@50000097)
OBJ 5000062c (sz=24, trace=300493, class=java.lang.String@5000016e)
ARR 5000062d (sz=152, trace=300494, nelems=0, elem type=char[])
OBJ 5000062e (sz=24, trace=300000, class=java.lang.RuntimePermission@500000f0)
	name		5000062a
	path		5000062a
OBJ 5000062f (sz=32, trace=300496, class=java.io.FileInputStream@500000b3)
ARR 50000630 (sz=46, trace=300000, nelems=23, elem type=char[])
OBJ 50000631 (sz=16, trace=300497, class=java.lang.Object@50000172)
OBJ 50000632 (sz=40, trace=300498, class=java.io.FileDescriptor@500000b2)
OBJ 50000633 (sz=24, trace=300000, class=java.lang.String@5000016e)
	value		50001a2f
OBJ 50000634 (sz=24, trace=300000, class=java.lang.String@5000016e)
	value		50001a47
OBJ 50000636 (sz=56, trace=300443, class=java.lang.Package@500005db)
	pkgName		5000060d
	loader		500003b3
OBJ 50000637 (sz=32, trace=300222, class=java.util.HashMap$Node@500000c4)
	key		5000060d
	value		50000636
	next		5000121b
OBJ 50000638 (sz=24, trace=300000, class=java.lang.String@5000016e)
	value		50001a46
OBJ 50000639 (sz=24, trace=300000, class=java.lang.String@5000016e)
	value		50001991
OBJ 5000063a (sz=24, trace=300506, class=java.lang.String@5000016e)
	value		5000063b
ARR 5000063b (sz=38, trace=300507, nelems=19, elem type=char[])
OBJ 5000063c (sz=24, trace=300508, class=java.lang.String@5000016e)
	value		5000063d
ARR 5000063d (sz=50, trace=300509, nelems=25, elem type=char[])
OBJ 5000063e (sz=32, trace=300510, class=java.util.Hashtable$Entry@500000c0)
	key		5000063a
	value		5000063c
OBJ 5000063f (sz=24, trace=300506, class=java.lang.String@5000016e)
	value		50000640
ARR 50000640 (sz=38, trace=300507, nelems=19, elem type=char[])
OBJ 50000641 (sz=24, trace=300508, class=java.lang.String@5000016e)
	value		50000642
ARR 50000642 (sz=54, trace=300509, nelems=27, elem type=char[])
OBJ 50000643 (sz=32, trace=300510, class=java.util.Hashtable$Entry@500000c0)
	key		5000063f
	value		50000641
	next		50000671
OBJ 50000644 (sz=24, trace=300506, class=java.lang.String@5000016e)
	value		50000645
ARR 50000645 (sz=38, trace=300507, nelems=19, elem type=char[])
OBJ 50000646 (sz=24, trace=300508, class=java.lang.String@5000016e)
	value		50000647
ARR 50000647 (sz=42, trace=300509, nelems=21, elem type=char[])
OBJ 50000648 (sz=32, trace=300510, class=java.util.Hashtable$Entry@500000c0)
	key		50000644
	value		50000646
OBJ 50000649 (sz=24, trace=300506, class=java.lang.String@5000016e)
	value		5000064a
ARR 5000064a (sz=38, trace=300507, nelems=19, elem type=char[])
OBJ 5000064b (sz=24, trace=300508, class=java.lang.String@5000016e)
	value		5000064c
ARR 5000064c (sz=74, trace=300509, nelems=37, elem type=char[])
OBJ 5000064d (sz=32, trace=300510, class=java.util.Hashtable$Entry@500000c0)
	key		50000649
	value		5000064b
OBJ 5000064e (sz=24, trace=300506, class=java.lang.String@5000016e)
	value		5000064f
ARR 5000064f (sz=38, trace=300507, nelems=19, elem type=char[])
OBJ 50000650 (sz=24, trace=300508, class=java.lang.String@5000016e)
	value		50000651
ARR 50000651 (sz=60, trace=300509, nelems=30, elem type=char[])
OBJ 50000652 (sz=32, trace=300510, class=java.util.Hashtable$Entry@500000c0)
	key		5000064e
	value		50000650
OBJ 50000653 (sz=24, trace=300506, class=java.lang.String@5000016e)
	value		50000654
ARR 50000654 (sz=38, trace=300507, nelems=19, elem type=char[])
OBJ 50000655 (sz=24, trace=300508, class=java.lang.String@5000016e)
	value		50000656
ARR 50000656 (sz=58, trace=300509, nelems=29, elem type=char[])
OBJ 50000657 (sz=32, trace=300510, class=java.util.Hashtable$Entry@500000c0)
	key		50000653
	value		50000655
OBJ 50000658 (sz=24, trace=300506, class=java.lang.String@5000016e)
	value		50000659
ARR 50000659 (sz=38, trace=300507, nelems=19, elem type=char[])
OBJ 5000065a (sz=24, trace=300508, class=java.lang.String@5000016e)
	value		5000065b
ARR 5000065b (sz=60, trace=300509, nelems=30, elem type=char[])
OBJ 5000065c (sz=32, trace=300510, class=java.util.Hashtable$Entry@500000c0)
	key		50000658
	value		5000065a
	next		5000067b
OBJ 5000065d (sz=24, trace=300506, class=java.lang.String@5000016e)
	value		5000065e
ARR 5000065e (sz=38, trace=300507, nelems=19, elem type=char[])
OBJ 5000065f (sz=24, trace=300508, class=java.lang.String@5000016e)
	value		50000660
ARR 50000660 (sz=78, trace=300509, nelems=39, elem type=char[])
OBJ 50000661 (sz=32, trace=300510, class=java.util.Hashtable$Entry@500000c0)
	key		5000065d
	value		5000065f
OBJ 50000662 (sz=24, trace=300506, class=java.lang.String@5000016e)
	value		50000663
ARR 50000663 (sz=38, trace=300507, nelems=19, elem type=char[])
OBJ 50000664 (sz=24, trace=300508, class=java.lang.String@5000016e)
	value		50000665
ARR 50000665 (sz=64, trace=300509, nelems=32, elem type=char[])
OBJ 50000666 (sz=24, trace=300000, class=java.lang.String@5000016e)
	value		50002e18
OBJ 50000667 (sz=32, trace=300510, class=java.util.Hashtable$Entry@500000c0)
	key		50000662
	value		50000664
OBJ 50000668 (sz=24, trace=300506, class=java.lang.String@5000016e)
	value		50000669
ARR 50000669 (sz=40, trace=300507, nelems=20, elem type=char[])
OBJ 5000066a (sz=24, trace=300508, class=java.lang.String@5000016e)
	value		5000066b
ARR 5000066b (sz=58, trace=300509, nelems=29, elem type=char[])
OBJ 5000066c (sz=32, trace=300510, class=java.util.Hashtable$Entry@500000c0)
	key		50000668
	value		5000066a
OBJ 5000066d (sz=24, trace=300506, class=java.lang.String@5000016e)
	value		5000066e
ARR 5000066e (sz=38, trace=300507, nelems=19, elem type=char[])
OBJ 5000066f (sz=24, trace=300508, class=java.lang.String@5000016e)
	value		50000670
ARR 50000670 (sz=32, trace=300509, nelems=16, elem type=char[])
OBJ 50000671 (sz=32, trace=300510, class=java.util.Hashtable$Entry@500000c0)
	key		5000066d
	value		5000066f
OBJ 50000672 (sz=24, trace=300506, class=java.lang.String@5000016e)
	value		50000673
ARR 50000673 (sz=58, trace=300507, nelems=29, elem type=char[])
OBJ 50000674 (sz=24, trace=300508, class=java.lang.String@5000016e)
	value		50000675
ARR 50000675 (sz=70, trace=300509, nelems=35, elem type=char[])
OBJ 50000676 (sz=32, trace=300510, class=java.util.Hashtable$Entry@500000c0)
	key		50000672
	value		50000674
OBJ 50000677 (sz=24, trace=300506, class=java.lang.String@5000016e)
	value		50000678
ARR 50000678 (sz=56, trace=300507, nelems=28, elem type=char[])
OBJ 50000679 (sz=24, trace=300508, class=java.lang.String@5000016e)
	value		5000067a
ARR 5000067a (sz=64, trace=300509, nelems=32, elem type=char[])
OBJ 5000067b (sz=32, trace=300510, class=java.util.Hashtable$Entry@500000c0)
	key		50000677
	value		50000679
OBJ 5000067c (sz=24, trace=300506, class=java.lang.String@5000016e)
	value		5000067d
ARR 5000067d (sz=30, trace=300507, nelems=15, elem type=char[])
OBJ 5000067e (sz=24, trace=300508, class=java.lang.String@5000016e)
	value		5000067f
ARR 5000067f (sz=64, trace=300509, nelems=32, elem type=char[])
OBJ 50000680 (sz=32, trace=300510, class=java.util.Hashtable$Entry@500000c0)
	key		5000067c
	value		5000067e
OBJ 50000681 (sz=24, trace=300506, class=java.lang.String@5000016e)
	value		50000682
ARR 50000682 (sz=24, trace=300507, nelems=12, elem type=char[])
OBJ 50000683 (sz=24, trace=300508, class=java.lang.String@5000016e)
	value		50000684
ARR 50000684 (sz=84, trace=300509, nelems=42, elem type=char[])
OBJ 50000685 (sz=32, trace=300510, class=java.util.Hashtable$Entry@500000c0)
	key		50000681
	value		50000683
OBJ 50000686 (sz=24, trace=300506, class=java.lang.String@5000016e)
	value		50000687
ARR 50000687 (sz=24, trace=300507, nelems=12, elem type=char[])
OBJ 50000688 (sz=24, trace=300508, class=java.lang.String@5000016e)
	value		50000689
ARR 50000689 (sz=60, trace=300509, nelems=30, elem type=char[])
OBJ 5000068a (sz=32, trace=300510, class=java.util.Hashtable$Entry@500000c0)
	key		50000686
	value		50000688
OBJ 5000068b (sz=24, trace=300506, class=java.lang.String@5000016e)
	value		5000068c
ARR 5000068c (sz=46, trace=300507, nelems=23, elem type=char[])
OBJ 5000068d (sz=24, trace=300508, class=java.lang.String@5000016e)
	value		5000068e
ARR 5000068e (sz=8, trace=300509, nelems=4, elem type=char[])
OBJ 5000068f (sz=32, trace=300510, class=java.util.Hashtable$Entry@500000c0)
	key		5000068b
	value		5000068d
OBJ 50000690 (sz=24, trace=300506, class=java.lang.String@5000016e)
	value		50000691
ARR 50000691 (sz=52, trace=300507, nelems=26, elem type=char[])
OBJ 50000692 (sz=24, trace=300508, class=java.lang.String@5000016e)
	value		50000693
ARR 50000693 (sz=8, trace=300509, nelems=4, elem type=char[])
ARR 50000694 (sz=208, trace=300511, nelems=47, elem type=java.util.Hashtable$Entry[]@500000bf)
	[0]		500006a4
	[1]		5000066c
	[2]		500006ab
	[5]		5000069a
	[6]		500006b1
	[7]		500006e8
	[12]		500006b6
	[16]		500006cf
	[18]		50000680
	[20]		5000068f
	[24]		500006de
	[28]		500006d9
	[29]		500006bb
	[32]		5000069f
	[33]		500006d4
	[35]		500006c0
	[37]		50000685
	[38]		50000695
	[39]		5000063e
	[40]		50000643
	[41]		50000648
	[42]		5000064d
	[43]		50000652
	[44]		500006e3
	[45]		5000065c
	[46]		50000661
OBJ 50000695 (sz=32, trace=300510, class=java.util.Hashtable$Entry@500000c0)
	key		50000690
	value		50000692
	next		5000068a
OBJ 50000696 (sz=24, trace=300506, class=java.lang.String@5000016e)
	value		50000697
ARR 50000697 (sz=52, trace=300507, nelems=26, elem type=char[])
OBJ 50000698 (sz=24, trace=300508, class=java.lang.String@5000016e)
	value		50000699
ARR 50000699 (sz=10, trace=300509, nelems=5, elem type=char[])
OBJ 5000069a (sz=32, trace=300510, class=java.util.Hashtable$Entry@500000c0)
	key		50000696
	value		50000698
OBJ 5000069b (sz=24, trace=300506, class=java.lang.String@5000016e)
	value		5000069c
ARR 5000069c (sz=26, trace=300507, nelems=13, elem type=char[])
OBJ 5000069d (sz=24, trace=300508, class=java.lang.String@5000016e)
	value		5000069e
ARR 5000069e (sz=6, trace=300509, nelems=3, elem type=char[])
OBJ 5000069f (sz=32, trace=300510, class=java.util.Hashtable$Entry@500000c0)
	key		5000069b
	value		5000069d
OBJ 500006a0 (sz=24, trace=300506, class=java.lang.String@5000016e)
	value		500006a1
ARR 500006a1 (sz=40, trace=300507, nelems=20, elem type=char[])
OBJ 500006a2 (sz=24, trace=300508, class=java.lang.String@5000016e)
	value		500006a3
ARR 500006a3 (sz=8, trace=300509, nelems=4, elem type=char[])
OBJ 500006a4 (sz=32, trace=300510, class=java.util.Hashtable$Entry@500000c0)
	key		500006a0
	value		500006a2
	next		50000667
OBJ 500006a5 (sz=56, trace=300687, class=java.util.zip.ZipFile$ZipFileInputStream@5000055c)
	this$0		500004ec
OBJ 500006a6 (sz=24, trace=300506, class=java.lang.String@5000016e)
	value		500006a7
ARR 500006a7 (sz=28, trace=300507, nelems=14, elem type=char[])
OBJ 500006a8 (sz=40, trace=300106, class=java.lang.ref.Finalizer@5000014d)
	referent	500006a5
	queue		500003a9
	next		5000057c
	prev		50000767
OBJ 500006a9 (sz=24, trace=300508, class=java.lang.String@5000016e)
	value		500006aa
ARR 500006aa (sz=2934, trace=300509, nelems=1467, elem type=char[])
OBJ 500006ab (sz=32, trace=300510, class=java.util.Hashtable$Entry@500000c0)
	key		500006a6
	value		500006a9
	next		50000676
OBJ 500006ac (sz=24, trace=300506, class=java.lang.String@5000016e)
	value		500006ad
ARR 500006ad (sz=36, trace=300507, nelems=18, elem type=char[])
OBJ 500006ae (sz=24, trace=300000, class=java.lang.String@5000016e)
	value		500006eb
OBJ 500006af (sz=24, trace=300508, class=java.lang.String@5000016e)
	value		500006b0
ARR 500006b0 (sz=2934, trace=300509, nelems=1467, elem type=char[])
OBJ 500006b1 (sz=32, trace=300510, class=java.util.Hashtable$Entry@500000c0)
	key		500006ac
	value		500006af
OBJ 500006b2 (sz=24, trace=300506, class=java.lang.String@5000016e)
	value		500006b3
ARR 500006b3 (sz=62, trace=300507, nelems=31, elem type=char[])
OBJ 500006b4 (sz=24, trace=300508, class=java.lang.String@5000016e)
	value		500006b5
ARR 500006b5 (sz=8, trace=300509, nelems=4, elem type=char[])
OBJ 500006b6 (sz=32, trace=300510, class=java.util.Hashtable$Entry@500000c0)
	key		500006b2
	value		500006b4
OBJ 500006b7 (sz=24, trace=300506, class=java.lang.String@5000016e)
	value		500006b8
ARR 500006b8 (sz=62, trace=300507, nelems=31, elem type=char[])
OBJ 500006b9 (sz=24, trace=300508, class=java.lang.String@5000016e)
	value		500006ba
ARR 500006ba (sz=14, trace=300509, nelems=7, elem type=char[])
OBJ 500006bb (sz=32, trace=300510, class=java.util.Hashtable$Entry@500000c0)
	key		500006b7
	value		500006b9
OBJ 500006bc (sz=24, trace=300506, class=java.lang.String@5000016e)
	value		500006bd
ARR 500006bd (sz=66, trace=300507, nelems=33, elem type=char[])
OBJ 500006be (sz=24, trace=300508, class=java.lang.String@5000016e)
	value		500006bf
ARR 500006bf (sz=8, trace=300509, nelems=4, elem type=char[])
OBJ 500006c0 (sz=32, trace=300510, class=java.util.Hashtable$Entry@500000c0)
	key		500006bc
	value		500006be
OBJ 500006c1 (sz=24, trace=300506, class=java.lang.String@5000016e)
	value		500006c2
ARR 500006c2 (sz=66, trace=300507, nelems=33, elem type=char[])
OBJ 500006c3 (sz=24, trace=300508, class=java.lang.String@5000016e)
	value		500006c4
ARR 500006c4 (sz=4, trace=300509, nelems=2, elem type=char[])
OBJ 500006c5 (sz=32, trace=300510, class=java.util.Hashtable$Entry@500000c0)
	key		500006c1
	value		500006c3
OBJ 500006c6 (sz=24, trace=300506, class=java.lang.String@5000016e)
	value		500006c7
ARR 500006c7 (sz=38, trace=300507, nelems=19, elem type=char[])
OBJ 500006c8 (sz=24, trace=300508, class=java.lang.String@5000016e)
	value		500006c9
ARR 500006c9 (sz=14, trace=300509, nelems=7, elem type=char[])
OBJ 500006ca (sz=32, trace=300510, class=java.util.Hashtable$Entry@500000c0)
	key		500006c6
	value		500006c8
	next		500006c5
OBJ 500006cb (sz=24, trace=300506, class=java.lang.String@5000016e)
	value		500006cc
ARR 500006cc (sz=62, trace=300507, nelems=31, elem type=char[])
OBJ 500006cd (sz=24, trace=300508, class=java.lang.String@5000016e)
	value		500006ce
ARR 500006ce (sz=192, trace=300509, nelems=96, elem type=char[])
OBJ 500006cf (sz=32, trace=300510, class=java.util.Hashtable$Entry@500000c0)
	key		500006cb
	value		500006cd
OBJ 500006d0 (sz=24, trace=300506, class=java.lang.String@5000016e)
	value		500006d1
ARR 500006d1 (sz=52, trace=300507, nelems=26, elem type=char[])
OBJ 500006d2 (sz=24, trace=300508, class=java.lang.String@5000016e)
	value		500006d3
ARR 500006d3 (sz=96, trace=300509, nelems=48, elem type=char[])
OBJ 500006d4 (sz=32, trace=300510, class=java.util.Hashtable$Entry@500000c0)
	key		500006d0
	value		500006d2
OBJ 500006d5 (sz=24, trace=300506, class=java.lang.String@5000016e)
	value		500006d6
ARR 500006d6 (sz=52, trace=300507, nelems=26, elem type=char[])
OBJ 500006d7 (sz=24, trace=300508, class=java.lang.String@5000016e)
	value		500006d8
ARR 500006d8 (sz=184, trace=300509, nelems=92, elem type=char[])
OBJ 500006d9 (sz=32, trace=300510, class=java.util.Hashtable$Entry@500000c0)
	key		500006d5
	value		500006d7
OBJ 500006da (sz=24, trace=300506, class=java.lang.String@5000016e)
	value		500006db
ARR 500006db (sz=48, trace=300507, nelems=24, elem type=char[])
OBJ 500006dc (sz=24, trace=300508, class=java.lang.String@5000016e)
	value		500006dd
ARR 500006dd (sz=186, trace=300509, nelems=93, elem type=char[])
OBJ 500006de (sz=32, trace=300510, class=java.util.Hashtable$Entry@500000c0)
	key		500006da
	value		500006dc
OBJ 500006df (sz=24, trace=300506, class=java.lang.String@5000016e)
	value		500006e0
ARR 500006e0 (sz=70, trace=300507, nelems=35, elem type=char[])
OBJ 500006e1 (sz=24, trace=300508, class=java.lang.String@5000016e)
	value		500006e2
ARR 500006e2 (sz=804, trace=300509, nelems=402, elem type=char[])
OBJ 500006e3 (sz=32, trace=300510, class=java.util.Hashtable$Entry@500000c0)
	key		500006df
	value		500006e1
	next		50000657
OBJ 500006e4 (sz=24, trace=300506, class=java.lang.String@5000016e)
	value		500006e5
ARR 500006e5 (sz=44, trace=300507, nelems=22, elem type=char[])
OBJ 500006e6 (sz=24, trace=300508, class=java.lang.String@5000016e)
	value		500006e7
ARR 500006e7 (sz=192, trace=300509, nelems=96, elem type=char[])
OBJ 500006e8 (sz=32, trace=300510, class=java.util.Hashtable$Entry@500000c0)
	key		500006e4
	value		500006e6
	next		500006ca
OBJ 500006e9 (sz=24, trace=300000, class=java.lang.String@5000016e)
	value		50001990
OBJ 500006ea (sz=64, trace=300515, class=java.util.concurrent.ConcurrentHashMap@5000002b)
ARR 500006eb (sz=18, trace=300000, nelems=9, elem type=char[])
OBJ 500006ec (sz=24, trace=300517, class=java.lang.String@5000016e)
	value		500006ed
ARR 500006ed (sz=6, trace=300518, nelems=3, elem type=char[])
ARR 500006ee (sz=6, trace=300000, nelems=3, elem type=char[])
OBJ 500006ef (sz=24, trace=300668, class=java.lang.String@5000016e)
	value		500006f0
ARR 500006f0 (sz=38, trace=300669, nelems=19, elem type=char[])
OBJ 500006f1 (sz=32, trace=301000, class=java.util.concurrent.ConcurrentHashMap$Node@50000024)
	key		500006ef
	val		50000a90
	next		5000122a
OBJ 500006f2 (sz=24, trace=300000, class=java.lang.String@5000016e)
	value		50002d4b
OBJ 500006f3 (sz=24, trace=300000, class=java.lang.String@5000016e)
	value		50002e13
ARR 500006f4 (sz=40, trace=300000, nelems=10, elem type=int[])
ARR 500006f5 (sz=32, trace=300521, nelems=4, elem type=java.lang.String[]@500000c8)
	[0]		500006ec
	[1]		500006fb
	[2]		500006fd
	[3]		500006ff
ARR 500006f7 (sz=200, trace=300000, nelems=100, elem type=char[])
OBJ 500006fb (sz=24, trace=300526, class=java.lang.String@5000016e)
	value		500006fc
ARR 500006fc (sz=6, trace=300527, nelems=3, elem type=char[])
OBJ 500006fd (sz=24, trace=300526, class=java.lang.String@5000016e)
	value		500006fe
ARR 500006fe (sz=36, trace=300527, nelems=18, elem type=char[])
OBJ 500006ff (sz=24, trace=300526, class=java.lang.String@5000016e)
	value		50000700
ARR 50000700 (sz=36, trace=300527, nelems=18, elem type=char[])
OBJ 50000702 (sz=16, trace=300529, class=sun.security.util.DisabledAlgorithmConstraints$Constraints@50000701)
	constraintsMap	50000703
OBJ 50000703 (sz=48, trace=300530, class=java.util.HashMap@500000c6)
	table		50000719
OBJ 50000704 (sz=16, trace=300157, class=java.lang.Object@50000172)
OBJ 50000705 (sz=32, trace=300159, class=java.util.concurrent.ConcurrentHashMap$Node@50000024)
	key		50000b5d
	val		50000704
OBJ 50000706 (sz=16, trace=300160, class=java.lang.Object@50000172)
OBJ 50000707 (sz=32, trace=300159, class=java.util.concurrent.ConcurrentHashMap$Node@50000024)
	key		50000b5d
	val		50000706
OBJ 50000709 (sz=16, trace=300157, class=java.lang.Object@50000172)
OBJ 5000070b (sz=32, trace=300683, class=java.util.concurrent.ConcurrentHashMap$Node@50000024)
	key		50000c9b
	val		50000709
OBJ 5000070c (sz=16, trace=300160, class=java.lang.Object@50000172)
OBJ 5000070f (sz=32, trace=300683, class=java.util.concurrent.ConcurrentHashMap$Node@50000024)
	key		50000c9b
	val		5000070c
ARR 50000710 (sz=200, trace=300000, nelems=100, elem type=char[])
ARR 50000711 (sz=72, trace=300000, nelems=36, elem type=char[])
OBJ 50000712 (sz=24, trace=300544, class=java.util.ArrayList@500000dd)
	elementData	50000713
ARR 50000713 (sz=24, trace=300545, nelems=1, elem type=java.lang.Object[]@50000108)
	[0]		5000071d
OBJ 50000714 (sz=24, trace=300000, class=java.lang.String@5000016e)
	value		50002e11
ARR 50000716 (sz=1040, trace=300000, nelems=256, elem type=java.lang.Integer[]@50000057)
	[0]		50000718
	[1]		5000071e
	[2]		5000071f
	[3]		50000720
	[4]		50000721
	[5]		50000722
	[6]		50000723
	[7]		50000724
	[8]		50000725
	[9]		50000726
	[10]		50000727
	[11]		50000728
	[12]		5000072b
	[13]		5000072c
	[14]		5000072d
	[15]		50000732
	[16]		50000733
	[17]		50000734
	[18]		50000735
	[19]		50000736
	[20]		50000737
	[21]		50000738
	[22]		50000739
	[23]		5000073a
	[24]		5000073b
	[25]		5000073c
	[26]		5000073f
	[27]		50000740
	[28]		50000741
	[29]		50000743
	[30]		50000744
	[31]		50000745
	[32]		50000746
	[33]		50000747
	[34]		50000748
	[35]		50000749
	[36]		5000074b
	[37]		5000074c
	[38]		50000756
	[39]		50000757
	[40]		5000075d
	[41]		5000075e
	[42]		5000075f
	[43]		50000760
	[44]		50000761
	[45]		50000762
	[46]		50000763
	[47]		50000764
	[48]		50000765
	[49]		5000076a
	[50]		5000076b
	[51]		5000076c
	[52]		5000076e
	[53]		5000076f
	[54]		50000770
	[55]		50000771
	[56]		50000772
	[57]		50000773
	[58]		50000774
	[59]		50000776
	[60]		50000778
	[61]		5000077a
	[62]		5000077e
	[63]		5000077f
	[64]		50000780
	[65]		50000781
	[66]		50000782
	[67]		50000783
	[68]		50000784
	[69]		50000785
	[70]		50000788
	[71]		50000789
	[72]		5000078a
	[73]		5000078b
	[74]		5000078c
	[75]		5000078d
	[76]		5000078e
	[77]		50000790
	[78]		50000791
	[79]		50000792
	[80]		50000793
	[81]		50000794
	[82]		50000795
	[83]		50000796
	[84]		50000797
	[85]		50000798
	[86]		50000799
	[87]		5000079a
	[88]		5000079b
	[89]		5000079c
	[90]		5000079d
	[91]		5000079e
	[92]		5000079f
	[93]		500007a0
	[94]		500007a1
	[95]		500007a2
	[96]		500007a3
	[97]		500007a4
	[98]		500007a5
	[99]		500007a7
	[100]		500007a8
	[101]		500007aa
	[102]		500007ab
	[103]		500007b1
	[104]		500007b2
	[105]		500007b3
	[106]		500007b4
	[107]		500007b5
	[108]		500007b6
	[109]		500007b7
	[110]		500007b8
	[111]		500007b9
	[112]		500007ba
	[113]		500007be
	[114]		500007bf
	[115]		500007c0
	[116]		500007c3
	[117]		500007c4
	[118]		500007c5
	[119]		500007c6
	[120]		500007c7
	[121]		500007c8
	[122]		500007cd
	[123]		500007ce
	[124]		500007cf
	[125]		500007d0
	[126]		500007d7
	[127]		500007d8
	[128]		500007d9
	[129]		500007da
	[130]		500007db
	[131]		500007dc
	[132]		500007dd
	[133]		500007de
	[134]		500007df
	[135]		500007e6
	[136]		500007e8
	[137]		500007e9
	[138]		500007ea
	[139]		500007eb
	[140]		500007ec
	[141]		500007ed
	[142]		500007ee
	[143]		500007ef
	[144]		500007f0
	[145]		500007f1
	[146]		500007f2
	[147]		500007f3
	[148]		500007f4
	[149]		500007f5
	[150]		500007f6
	[151]		500007fc
	[152]		500007fd
	[153]		500007fe
	[154]		500007ff
	[155]		50000800
	[156]		50000801
	[157]		50000805
	[158]		50000806
	[159]		50000807
	[160]		50000808
	[161]		50000809
	[162]		5000080a
	[163]		5000080b
	[164]		5000080c
	[165]		5000080d
	[166]		5000080e
	[167]		5000081c
	[168]		5000081d
	[169]		5000081e
	[170]		5000081f
	[171]		50000820
	[172]		50000821
	[173]		50000822
	[174]		50000823
	[175]		50000824
	[176]		50000825
	[177]		50000826
	[178]		50000827
	[179]		5000082b
	[180]		5000082c
	[181]		5000082e
	[182]		5000082f
	[183]		50000830
	[184]		50000831
	[185]		50000832
	[186]		50000833
	[187]		50000834
	[188]		50000835
	[189]		50000846
	[190]		5000084d
	[191]		5000084f
	[192]		50000854
	[193]		50000856
	[194]		50000858
	[195]		5000085c
	[196]		5000085e
	[197]		50000860
	[198]		50000862
	[199]		50000864
	[200]		50000866
	[201]		50000868
	[202]		5000086b
	[203]		5000086c
	[204]		5000086d
	[205]		50000874
	[206]		50000876
	[207]		50000877
	[208]		50000878
	[209]		50000879
	[210]		5000087a
	[211]		5000087b
	[212]		5000087c
	[213]		5000087d
	[214]		5000087e
	[215]		5000087f
	[216]		50000880
	[217]		50000881
	[218]		50000882
	[219]		50000883
	[220]		50000884
	[221]		50000885
	[222]		50000886
	[223]		50000887
	[224]		50000888
	[225]		50000889
	[226]		5000088a
	[227]		5000088b
	[228]		5000088c
	[229]		5000088d
	[230]		5000088e
	[231]		5000088f
	[232]		50000890
	[233]		50000891
	[234]		50000892
	[235]		50000893
	[236]		50000894
	[237]		50000895
	[238]		50000896
	[239]		50000897
	[240]		50000898
	[241]		50000899
	[242]		5000089a
	[243]		5000089b
	[244]		5000089c
	[245]		5000089f
	[246]		500008a0
	[247]		500008a1
	[248]		500008a2
	[249]		500008a5
	[250]		500008a6
	[251]		500008a7
	[252]		500008a8
	[253]		500008a9
	[254]		500008aa
	[255]		500008ab
OBJ 50000718 (sz=16, trace=300000, class=java.lang.Integer@5000010a)
ARR 50000719 (sz=80, trace=300551, nelems=16, elem type=java.util.HashMap$Node[]@500000c2)
	[1]		50000742
	[3]		5000076d
	[10]		5000071a
	[15]		5000072e
OBJ 5000071a (sz=32, trace=300552, class=java.util.HashMap$Node@500000c4)
	key		500006ec
	value		50000712
OBJ 5000071d (sz=24, trace=300554, class=sun.security.util.DisabledAlgorithmConstraints$DisabledConstraint@5000071c)
	algorithm	500006ec
OBJ 5000071e (sz=16, trace=300000, class=java.lang.Integer@5000010a)
OBJ 5000071f (sz=16, trace=300000, class=java.lang.Integer@5000010a)
OBJ 50000720 (sz=16, trace=300000, class=java.lang.Integer@5000010a)
OBJ 50000721 (sz=16, trace=300000, class=java.lang.Integer@5000010a)
OBJ 50000722 (sz=16, trace=300000, class=java.lang.Integer@5000010a)
OBJ 50000723 (sz=16, trace=300000, class=java.lang.Integer@5000010a)
OBJ 50000724 (sz=16, trace=300000, class=java.lang.Integer@5000010a)
OBJ 50000725 (sz=16, trace=300000, class=java.lang.Integer@5000010a)
OBJ 50000726 (sz=16, trace=300000, class=java.lang.Integer@5000010a)
OBJ 50000727 (sz=16, trace=300000, class=java.lang.Integer@5000010a)
OBJ 50000728 (sz=16, trace=300000, class=java.lang.Integer@5000010a)
OBJ 50000729 (sz=24, trace=300544, class=java.util.ArrayList@500000dd)
	elementData	5000072a
ARR 5000072a (sz=24, trace=300545, nelems=1, elem type=java.lang.Object[]@50000108)
	[0]		5000072f
OBJ 5000072b (sz=16, trace=300000, class=java.lang.Integer@5000010a)
OBJ 5000072c (sz=16, trace=300000, class=java.lang.Integer@5000010a)
OBJ 5000072d (sz=16, trace=300000, class=java.lang.Integer@5000010a)
OBJ 5000072e (sz=32, trace=300552, class=java.util.HashMap$Node@500000c4)
	key		500006fb
	value		50000729
OBJ 5000072f (sz=24, trace=300554, class=sun.security.util.DisabledAlgorithmConstraints$DisabledConstraint@5000071c)
	algorithm	500006fb
OBJ 50000730 (sz=24, trace=300555, class=java.lang.String@5000016e)
	value		50000731
ARR 50000731 (sz=6, trace=300556, nelems=3, elem type=char[])
OBJ 50000732 (sz=16, trace=300000, class=java.lang.Integer@5000010a)
OBJ 50000733 (sz=16, trace=300000, class=java.lang.Integer@5000010a)
OBJ 50000734 (sz=16, trace=300000, class=java.lang.Integer@5000010a)
OBJ 50000735 (sz=16, trace=300000, class=java.lang.Integer@5000010a)
OBJ 50000736 (sz=16, trace=300000, class=java.lang.Integer@5000010a)
OBJ 50000737 (sz=16, trace=300000, class=java.lang.Integer@5000010a)
OBJ 50000738 (sz=16, trace=300000, class=java.lang.Integer@5000010a)
OBJ 50000739 (sz=16, trace=300000, class=java.lang.Integer@5000010a)
OBJ 5000073a (sz=16, trace=300000, class=java.lang.Integer@5000010a)
OBJ 5000073b (sz=16, trace=300000, class=java.lang.Integer@5000010a)
OBJ 5000073c (sz=16, trace=300000, class=java.lang.Integer@5000010a)
OBJ 5000073d (sz=24, trace=300544, class=java.util.ArrayList@500000dd)
	elementData	5000073e
ARR 5000073e (sz=24, trace=300545, nelems=1, elem type=java.lang.Object[]@50000108)
	[0]		50000758
OBJ 5000073f (sz=16, trace=300000, class=java.lang.Integer@5000010a)
OBJ 50000740 (sz=16, trace=300000, class=java.lang.Integer@5000010a)
OBJ 50000741 (sz=16, trace=300000, class=java.lang.Integer@5000010a)
OBJ 50000742 (sz=32, trace=300552, class=java.util.HashMap$Node@500000c4)
	key		50000730
	value		5000073d
OBJ 50000743 (sz=16, trace=300000, class=java.lang.Integer@5000010a)
OBJ 50000744 (sz=16, trace=300000, class=java.lang.Integer@5000010a)
OBJ 50000745 (sz=16, trace=300000, class=java.lang.Integer@5000010a)
OBJ 50000746 (sz=16, trace=300000, class=java.lang.Integer@5000010a)
OBJ 50000747 (sz=16, trace=300000, class=java.lang.Integer@5000010a)
OBJ 50000748 (sz=16, trace=300000, class=java.lang.Integer@5000010a)
OBJ 50000749 (sz=16, trace=300000, class=java.lang.Integer@5000010a)
OBJ 5000074b (sz=16, trace=300000, class=java.lang.Integer@5000010a)
OBJ 5000074c (sz=16, trace=300000, class=java.lang.Integer@5000010a)
OBJ 5000074e (sz=24, trace=300566, class=sun.security.util.DisabledAlgorithmConstraints$Constraint$Operator@5000074d)
	name		50000df8
OBJ 5000074f (sz=24, trace=300567, class=sun.security.util.DisabledAlgorithmConstraints$Constraint$Operator@5000074d)
	name		50000dfd
OBJ 50000750 (sz=24, trace=300568, class=sun.security.util.DisabledAlgorithmConstraints$Constraint$Operator@5000074d)
	name		50000dfc
OBJ 50000751 (sz=24, trace=300569, class=sun.security.util.DisabledAlgorithmConstraints$Constraint$Operator@5000074d)
	name		50000dfb
OBJ 50000752 (sz=24, trace=300570, class=sun.security.util.DisabledAlgorithmConstraints$Constraint$Operator@5000074d)
	name		50000dfa
OBJ 50000753 (sz=24, trace=300571, class=sun.security.util.DisabledAlgorithmConstraints$Constraint$Operator@5000074d)
	name		50000df9
ARR 50000755 (sz=40, trace=300572, nelems=6, elem type=sun.security.util.DisabledAlgorithmConstraints$Constraint$Operator[]@50000754)
	[0]		5000074e
	[1]		5000074f
	[2]		50000750
	[3]		50000751
	[4]		50000752
	[5]		50000753
OBJ 50000756 (sz=16, trace=300000, class=java.lang.Integer@5000010a)
OBJ 50000757 (sz=16, trace=300000, class=java.lang.Integer@5000010a)
OBJ 50000758 (sz=40, trace=300574, class=sun.security.util.DisabledAlgorithmConstraints$KeySizeConstraint@5000074a)
	algorithm	50000730
ARR 5000075a (sz=24, trace=300576, nelems=6, elem type=int[])
OBJ 5000075b (sz=24, trace=300555, class=java.lang.String@5000016e)
	value		5000075c
ARR 5000075c (sz=6, trace=300556, nelems=3, elem type=char[])
OBJ 5000075d (sz=16, trace=300000, class=java.lang.Integer@5000010a)
OBJ 5000075e (sz=16, trace=300000, class=java.lang.Integer@5000010a)
OBJ 5000075f (sz=16, trace=300000, class=java.lang.Integer@5000010a)
OBJ 50000760 (sz=16, trace=300000, class=java.lang.Integer@5000010a)
OBJ 50000761 (sz=16, trace=300000, class=java.lang.Integer@5000010a)
OBJ 50000762 (sz=16, trace=300000, class=java.lang.Integer@5000010a)
OBJ 50000763 (sz=16, trace=300000, class=java.lang.Integer@5000010a)
OBJ 50000764 (sz=16, trace=300000, class=java.lang.Integer@5000010a)
OBJ 50000765 (sz=16, trace=300000, class=java.lang.Integer@5000010a)
OBJ 50000766 (sz=56, trace=300687, class=java.util.zip.ZipFile$ZipFileInputStream@5000055c)
	this$0		500004ec
OBJ 50000767 (sz=40, trace=300106, class=java.lang.ref.Finalizer@5000014d)
	referent	50000766
	queue		500003a9
	next		500006a8
	prev		500007c2
OBJ 50000768 (sz=24, trace=300544, class=java.util.ArrayList@500000dd)
	elementData	50000769
ARR 50000769 (sz=24, trace=300545, nelems=1, elem type=java.lang.Object[]@50000108)
	[0]		50000779
OBJ 5000076a (sz=16, trace=300000, class=java.lang.Integer@5000010a)
OBJ 5000076b (sz=16, trace=300000, class=java.lang.Integer@5000010a)
OBJ 5000076c (sz=16, trace=300000, class=java.lang.Integer@5000010a)
OBJ 5000076d (sz=32, trace=300552, class=java.util.HashMap$Node@500000c4)
	key		5000075b
	value		50000768
OBJ 5000076e (sz=16, trace=300000, class=java.lang.Integer@5000010a)
OBJ 5000076f (sz=16, trace=300000, class=java.lang.Integer@5000010a)
OBJ 50000770 (sz=16, trace=300000, class=java.lang.Integer@5000010a)
OBJ 50000771 (sz=16, trace=300000, class=java.lang.Integer@5000010a)
OBJ 50000772 (sz=16, trace=300000, class=java.lang.Integer@5000010a)
OBJ 50000773 (sz=16, trace=300000, class=java.lang.Integer@5000010a)
OBJ 50000774 (sz=16, trace=300000, class=java.lang.Integer@5000010a)
OBJ 50000775 (sz=16, trace=300157, class=java.lang.Object@50000172)
OBJ 50000776 (sz=16, trace=300000, class=java.lang.Integer@5000010a)
OBJ 50000777 (sz=16, trace=300160, class=java.lang.Object@50000172)
OBJ 50000778 (sz=16, trace=300000, class=java.lang.Integer@5000010a)
OBJ 50000779 (sz=40, trace=300574, class=sun.security.util.DisabledAlgorithmConstraints$KeySizeConstraint@5000074a)
	algorithm	5000075b
OBJ 5000077a (sz=16, trace=300000, class=java.lang.Integer@5000010a)
OBJ 5000077b (sz=24, trace=300578, class=java.lang.String@5000016e)
	value		5000077c
ARR 5000077c (sz=64, trace=300579, nelems=32, elem type=char[])
ARR 5000077d (sz=32, trace=300580, nelems=16, elem type=char[])
OBJ 5000077e (sz=16, trace=300000, class=java.lang.Integer@5000010a)
OBJ 5000077f (sz=16, trace=300000, class=java.lang.Integer@5000010a)
OBJ 50000780 (sz=16, trace=300000, class=java.lang.Integer@5000010a)
OBJ 50000781 (sz=16, trace=300000, class=java.lang.Integer@5000010a)
OBJ 50000782 (sz=16, trace=300000, class=java.lang.Integer@5000010a)
OBJ 50000783 (sz=16, trace=300000, class=java.lang.Integer@5000010a)
OBJ 50000784 (sz=16, trace=300000, class=java.lang.Integer@5000010a)
OBJ 50000785 (sz=16, trace=300000, class=java.lang.Integer@5000010a)
ARR 50000787 (sz=32, trace=300582, nelems=16, elem type=char[])
OBJ 50000788 (sz=16, trace=300000, class=java.lang.Integer@5000010a)
OBJ 50000789 (sz=16, trace=300000, class=java.lang.Integer@5000010a)
OBJ 5000078a (sz=16, trace=300000, class=java.lang.Integer@5000010a)
OBJ 5000078b (sz=16, trace=300000, class=java.lang.Integer@5000010a)
OBJ 5000078c (sz=16, trace=300000, class=java.lang.Integer@5000010a)
OBJ 5000078d (sz=16, trace=300000, class=java.lang.Integer@5000010a)
OBJ 5000078e (sz=16, trace=300000, class=java.lang.Integer@5000010a)
OBJ 5000078f (sz=56, trace=300342, class=java.util.zip.ZipFile$ZipFileInputStream@5000055c)
OBJ 50000790 (sz=16, trace=300000, class=java.lang.Integer@5000010a)
OBJ 50000791 (sz=16, trace=300000, class=java.lang.Integer@5000010a)
OBJ 50000792 (sz=16, trace=300000, class=java.lang.Integer@5000010a)
OBJ 50000793 (sz=16, trace=300000, class=java.lang.Integer@5000010a)
OBJ 50000794 (sz=16, trace=300000, class=java.lang.Integer@5000010a)
OBJ 50000795 (sz=16, trace=300000, class=java.lang.Integer@5000010a)
OBJ 50000796 (sz=16, trace=300000, class=java.lang.Integer@5000010a)
OBJ 50000797 (sz=16, trace=300000, class=java.lang.Integer@5000010a)
OBJ 50000798 (sz=16, trace=300000, class=java.lang.Integer@5000010a)
OBJ 50000799 (sz=16, trace=300000, class=java.lang.Integer@5000010a)
OBJ 5000079a (sz=16, trace=300000, class=java.lang.Integer@5000010a)
OBJ 5000079b (sz=16, trace=300000, class=java.lang.Integer@5000010a)
OBJ 5000079c (sz=16, trace=300000, class=java.lang.Integer@5000010a)
OBJ 5000079d (sz=16, trace=300000, class=java.lang.Integer@5000010a)
OBJ 5000079e (sz=16, trace=300000, class=java.lang.Integer@5000010a)
OBJ 5000079f (sz=16, trace=300000, class=java.lang.Integer@5000010a)
OBJ 500007a0 (sz=16, trace=300000, class=java.lang.Integer@5000010a)
OBJ 500007a1 (sz=16, trace=300000, class=java.lang.Integer@5000010a)
OBJ 500007a2 (sz=16, trace=300000, class=java.lang.Integer@5000010a)
OBJ 500007a3 (sz=16, trace=300000, class=java.lang.Integer@5000010a)
OBJ 500007a4 (sz=16, trace=300000, class=java.lang.Integer@5000010a)
OBJ 500007a5 (sz=16, trace=300000, class=java.lang.Integer@5000010a)
OBJ 500007a6 (sz=56, trace=300596, class=java.util.zip.ZipFile$ZipFileInputStream@5000055c)
OBJ 500007a7 (sz=16, trace=300000, class=java.lang.Integer@5000010a)
OBJ 500007a8 (sz=16, trace=300000, class=java.lang.Integer@5000010a)
OBJ 500007aa (sz=16, trace=300000, class=java.lang.Integer@5000010a)
OBJ 500007ab (sz=16, trace=300000, class=java.lang.Integer@5000010a)
OBJ 500007ac (sz=32, trace=300600, class=java.security.CodeSource@50000114)
	location	50001a43
ARR 500007af (sz=24, trace=300602, nelems=2, elem type=java.io.ObjectStreamField[]@500000fa)
	[0]		500007b0
	[1]		500007bd
OBJ 500007b0 (sz=40, trace=300603, class=java.io.ObjectStreamField@500000fc)
	name		5000198a
	signature	500007bb
	type		50000145
OBJ 500007b1 (sz=16, trace=300000, class=java.lang.Integer@5000010a)
OBJ 500007b2 (sz=16, trace=300000, class=java.lang.Integer@5000010a)
OBJ 500007b3 (sz=16, trace=300000, class=java.lang.Integer@5000010a)
OBJ 500007b4 (sz=16, trace=300000, class=java.lang.Integer@5000010a)
OBJ 500007b5 (sz=16, trace=300000, class=java.lang.Integer@5000010a)
OBJ 500007b6 (sz=16, trace=300000, class=java.lang.Integer@5000010a)
OBJ 500007b7 (sz=16, trace=300000, class=java.lang.Integer@5000010a)
OBJ 500007b8 (sz=16, trace=300000, class=java.lang.Integer@5000010a)
OBJ 500007b9 (sz=16, trace=300000, class=java.lang.Integer@5000010a)
OBJ 500007ba (sz=16, trace=300000, class=java.lang.Integer@5000010a)
OBJ 500007bb (sz=24, trace=300612, class=java.lang.String@5000016e)
	value		500007bc
ARR 500007bc (sz=42, trace=300613, nelems=21, elem type=char[])
OBJ 500007bd (sz=40, trace=300614, class=java.io.ObjectStreamField@500000fc)
	name		50001989
	signature	500007c9
	type		500007ad
OBJ 500007be (sz=16, trace=300000, class=java.lang.Integer@5000010a)
OBJ 500007bf (sz=16, trace=300000, class=java.lang.Integer@5000010a)
OBJ 500007c0 (sz=16, trace=300000, class=java.lang.Integer@5000010a)
OBJ 500007c1 (sz=56, trace=300687, class=java.util.zip.ZipFile$ZipFileInputStream@5000055c)
	this$0		500004ec
OBJ 500007c2 (sz=40, trace=300106, class=java.lang.ref.Finalizer@5000014d)
	referent	500007c1
	queue		500003a9
	next		50000767
	prev		5000082a
OBJ 500007c3 (sz=16, trace=300000, class=java.lang.Integer@5000010a)
OBJ 500007c4 (sz=16, trace=300000, class=java.lang.Integer@5000010a)
OBJ 500007c5 (sz=16, trace=300000, class=java.lang.Integer@5000010a)
OBJ 500007c6 (sz=16, trace=300000, class=java.lang.Integer@5000010a)
OBJ 500007c7 (sz=16, trace=300000, class=java.lang.Integer@5000010a)
OBJ 500007c8 (sz=16, trace=300000, class=java.lang.Integer@5000010a)
OBJ 500007c9 (sz=24, trace=300612, class=java.lang.String@5000016e)
	value		500007ca
ARR 500007ca (sz=72, trace=300613, nelems=36, elem type=char[])
OBJ 500007cb (sz=32, trace=300616, class=java.security.Permissions@500007ae)
	permsMap	500007cc
OBJ 500007cc (sz=48, trace=300617, class=java.util.HashMap@500000c6)
	table		50000813
OBJ 500007cd (sz=16, trace=300000, class=java.lang.Integer@5000010a)
OBJ 500007ce (sz=16, trace=300000, class=java.lang.Integer@5000010a)
OBJ 500007cf (sz=16, trace=300000, class=java.lang.Integer@5000010a)
OBJ 500007d0 (sz=16, trace=300000, class=java.lang.Integer@5000010a)
OBJ 500007d3 (sz=16, trace=300157, class=java.lang.Object@50000172)
OBJ 500007d4 (sz=32, trace=300159, class=java.util.concurrent.ConcurrentHashMap$Node@50000024)
	key		50000d11
	val		500007d3
OBJ 500007d5 (sz=16, trace=300160, class=java.lang.Object@50000172)
OBJ 500007d6 (sz=32, trace=300159, class=java.util.concurrent.ConcurrentHashMap$Node@50000024)
	key		50000d11
	val		500007d5
OBJ 500007d7 (sz=16, trace=300000, class=java.lang.Integer@5000010a)
OBJ 500007d8 (sz=16, trace=300000, class=java.lang.Integer@5000010a)
OBJ 500007d9 (sz=16, trace=300000, class=java.lang.Integer@5000010a)
OBJ 500007da (sz=16, trace=300000, class=java.lang.Integer@5000010a)
OBJ 500007db (sz=16, trace=300000, class=java.lang.Integer@5000010a)
OBJ 500007dc (sz=16, trace=300000, class=java.lang.Integer@5000010a)
OBJ 500007dd (sz=16, trace=300000, class=java.lang.Integer@5000010a)
OBJ 500007de (sz=16, trace=300000, class=java.lang.Integer@5000010a)
OBJ 500007df (sz=16, trace=300000, class=java.lang.Integer@5000010a)
OBJ 500007e3 (sz=48, trace=300627, class=java.util.Hashtable@50000145)
	table		500007e4
ARR 500007e4 (sz=64, trace=300628, nelems=0, elem type=java.util.Hashtable$Entry[]@500000bf)
OBJ 500007e5 (sz=48, trace=300629, class=java.util.HashMap@500000c6)
OBJ 500007e6 (sz=16, trace=300000, class=java.lang.Integer@5000010a)
OBJ 500007e8 (sz=16, trace=300000, class=java.lang.Integer@5000010a)
OBJ 500007e9 (sz=16, trace=300000, class=java.lang.Integer@5000010a)
OBJ 500007ea (sz=16, trace=300000, class=java.lang.Integer@5000010a)
OBJ 500007eb (sz=16, trace=300000, class=java.lang.Integer@5000010a)
OBJ 500007ec (sz=16, trace=300000, class=java.lang.Integer@5000010a)
OBJ 500007ed (sz=16, trace=300000, class=java.lang.Integer@5000010a)
OBJ 500007ee (sz=16, trace=300000, class=java.lang.Integer@5000010a)
OBJ 500007ef (sz=16, trace=300000, class=java.lang.Integer@5000010a)
OBJ 500007f0 (sz=16, trace=300000, class=java.lang.Integer@5000010a)
OBJ 500007f1 (sz=16, trace=300000, class=java.lang.Integer@5000010a)
OBJ 500007f2 (sz=16, trace=300000, class=java.lang.Integer@5000010a)
OBJ 500007f3 (sz=16, trace=300000, class=java.lang.Integer@5000010a)
OBJ 500007f4 (sz=16, trace=300000, class=java.lang.Integer@5000010a)
OBJ 500007f5 (sz=16, trace=300000, class=java.lang.Integer@5000010a)
OBJ 500007f6 (sz=16, trace=300000, class=java.lang.Integer@5000010a)
ARR 500007f8 (sz=98, trace=300641, nelems=49, elem type=char[])
OBJ 500007f9 (sz=24, trace=300642, class=java.lang.String@5000016e)
	value		500007f8
OBJ 500007fa (sz=32, trace=300643, class=java.io.FilePermission@500007f7)
	name		500007f9
	cpath		50000e8f
OBJ 500007fc (sz=16, trace=300000, class=java.lang.Integer@5000010a)
OBJ 500007fd (sz=16, trace=300000, class=java.lang.Integer@5000010a)
OBJ 500007fe (sz=16, trace=300000, class=java.lang.Integer@5000010a)
OBJ 500007ff (sz=16, trace=300000, class=java.lang.Integer@5000010a)
OBJ 50000800 (sz=16, trace=300000, class=java.lang.Integer@5000010a)
OBJ 50000801 (sz=16, trace=300000, class=java.lang.Integer@5000010a)
ARR 50000803 (sz=24, trace=300648, nelems=1, elem type=java.io.ObjectStreamField[]@500000fa)
	[0]		50000804
OBJ 50000804 (sz=40, trace=300649, class=java.io.ObjectStreamField@500000fc)
	name		500006e9
	signature	5000080f
	type		500000e3
OBJ 50000805 (sz=16, trace=300000, class=java.lang.Integer@5000010a)
OBJ 50000806 (sz=16, trace=300000, class=java.lang.Integer@5000010a)
OBJ 50000807 (sz=16, trace=300000, class=java.lang.Integer@5000010a)
OBJ 50000808 (sz=16, trace=300000, class=java.lang.Integer@5000010a)
OBJ 50000809 (sz=16, trace=300000, class=java.lang.Integer@5000010a)
OBJ 5000080a (sz=16, trace=300000, class=java.lang.Integer@5000010a)
OBJ 5000080b (sz=16, trace=300000, class=java.lang.Integer@5000010a)
OBJ 5000080c (sz=16, trace=300000, class=java.lang.Integer@5000010a)
OBJ 5000080d (sz=16, trace=300000, class=java.lang.Integer@5000010a)
OBJ 5000080e (sz=16, trace=300000, class=java.lang.Integer@5000010a)
OBJ 5000080f (sz=24, trace=300612, class=java.lang.String@5000016e)
	value		50000810
ARR 50000810 (sz=36, trace=300613, nelems=18, elem type=char[])
OBJ 50000811 (sz=24, trace=300650, class=java.io.FilePermissionCollection@50000802)
	perms		50000812
OBJ 50000812 (sz=24, trace=300651, class=java.util.ArrayList@500000dd)
	elementData	50000815
ARR 50000813 (sz=80, trace=300652, nelems=10, elem type=java.util.HashMap$Node[]@500000c2)
	[6]		50000814
	[9]		5000083c
OBJ 50000814 (sz=32, trace=300221, class=java.util.HashMap$Node@500000c4)
	key		500007f7
	value		50000811
ARR 50000815 (sz=56, trace=300219, nelems=1, elem type=java.lang.Object[]@50000108)
	[0]		500007fa
OBJ 50000818 (sz=24, trace=300655, class=java.lang.RuntimePermission@500000f0)
	name		50000633
	path		50000634
ARR 5000081a (sz=32, trace=300657, nelems=3, elem type=java.io.ObjectStreamField[]@500000fa)
	[0]		5000081b
	[1]		50000828
	[2]		5000082d
OBJ 5000081b (sz=40, trace=300658, class=java.io.ObjectStreamField@500000fc)
	name		500006e9
	signature	500007bb
	type		50000145
OBJ 5000081c (sz=16, trace=300000, class=java.lang.Integer@5000010a)
OBJ 5000081d (sz=16, trace=300000, class=java.lang.Integer@5000010a)
OBJ 5000081e (sz=16, trace=300000, class=java.lang.Integer@5000010a)
OBJ 5000081f (sz=16, trace=300000, class=java.lang.Integer@5000010a)
OBJ 50000820 (sz=16, trace=300000, class=java.lang.Integer@5000010a)
OBJ 50000821 (sz=16, trace=300000, class=java.lang.Integer@5000010a)
OBJ 50000822 (sz=16, trace=300000, class=java.lang.Integer@5000010a)
OBJ 50000823 (sz=16, trace=300000, class=java.lang.Integer@5000010a)
OBJ 50000824 (sz=16, trace=300000, class=java.lang.Integer@5000010a)
OBJ 50000825 (sz=16, trace=300000, class=java.lang.Integer@5000010a)
OBJ 50000826 (sz=16, trace=300000, class=java.lang.Integer@5000010a)
OBJ 50000827 (sz=16, trace=300000, class=java.lang.Integer@5000010a)
OBJ 50000828 (sz=40, trace=300659, class=java.io.ObjectStreamField@500000fc)
	name		50000666
	signature	500010d1
	type		50000570
OBJ 50000829 (sz=56, trace=300687, class=java.util.zip.ZipFile$ZipFileInputStream@5000055c)
	this$0		500004ec
OBJ 5000082a (sz=40, trace=300106, class=java.lang.ref.Finalizer@5000014d)
	referent	50000829
	queue		500003a9
	next		500007c2
	prev		5000089e
OBJ 5000082b (sz=16, trace=300000, class=java.lang.Integer@5000010a)
OBJ 5000082c (sz=16, trace=300000, class=java.lang.Integer@5000010a)
OBJ 5000082d (sz=40, trace=300660, class=java.io.ObjectStreamField@500000fc)
	name		500006ae
	signature	50000838
	type		5000016a
OBJ 5000082e (sz=16, trace=300000, class=java.lang.Integer@5000010a)
OBJ 5000082f (sz=16, trace=300000, class=java.lang.Integer@5000010a)
OBJ 50000830 (sz=16, trace=300000, class=java.lang.Integer@5000010a)
OBJ 50000831 (sz=16, trace=300000, class=java.lang.Integer@5000010a)
OBJ 50000832 (sz=16, trace=300000, class=java.lang.Integer@5000010a)
OBJ 50000833 (sz=16, trace=300000, class=java.lang.Integer@5000010a)
OBJ 50000834 (sz=16, trace=300000, class=java.lang.Integer@5000010a)
OBJ 50000835 (sz=16, trace=300000, class=java.lang.Integer@5000010a)
ARR 50000836 (sz=656, trace=300708, nelems=142, elem type=java.lang.Object[]@50000108)
	[0]		50000852
	[1]		500008c7
	[2]		50000926
	[3]		50000975
	[4]		500009bc
	[5]		50000a19
	[6]		50000a75
	[7]		50000ad6
	[8]		50000b1c
	[9]		50000b8e
	[10]		50000bd6
	[11]		50000c1c
	[12]		50000c63
	[13]		50000caa
	[14]		50000cf1
	[15]		50000d37
	[16]		50000d7e
	[17]		50000dc5
	[18]		50000e0b
	[19]		50000e51
	[20]		50000e98
	[21]		50000edf
	[22]		50000f26
	[23]		50000f6d
	[24]		50000fb4
	[25]		5000100f
	[26]		50001056
	[27]		5000109d
	[28]		500010e4
	[29]		5000112b
	[30]		50001172
	[31]		500011b8
	[32]		500011ff
	[33]		50001246
	[34]		5000128d
	[35]		500012d4
	[36]		5000131b
	[37]		50001362
	[38]		500013ad
	[39]		50001405
	[40]		5000146f
	[41]		500014b8
	[42]		500014fe
	[43]		50001679
	[44]		50001725
	[45]		50001726
	[46]		5000177a
	[47]		5000180f
	[48]		50001810
	[49]		5000185a
	[50]		500018b4
	[51]		50001914
	[52]		5000195f
	[53]		500019a6
	[54]		500019f6
	[55]		50001a62
	[56]		50001abb
	[57]		50001b01
	[58]		50001b56
	[59]		50001bec
	[60]		50001bed
	[61]		50001c33
	[62]		50001c7a
	[63]		50001cd5
	[64]		50001d25
	[65]		50001d6c
	[66]		50001dfa
	[67]		50001dfb
	[68]		50001e56
	[69]		500001b6
	[70]		50000373
	[71]		50000374
	[72]		50000421
	[73]		50000475
	[74]		50000477
	[75]		500004e0
	[76]		500006fa
	[77]		50000708
	[78]		500007d1
	[79]		500007d2
	[80]		50000837
	[81]		500008ad
	[82]		50000909
	[83]		5000095f
	[84]		500009ce
	[85]		50000a48
	[86]		50000b15
	[87]		50000b16
	[88]		50000b88
	[89]		50000be2
	[90]		50000c37
	[91]		50000cdf
	[92]		50000ce0
	[93]		50000d36
	[94]		50000d8d
	[95]		50000ddc
	[96]		50000e35
	[97]		50000e82
	[98]		50000eda
	[99]		50000f2d
	[100]		50000f91
	[101]		50000ff2
	[102]		5000106d
	[103]		500010c0
	[104]		50001164
	[105]		500011b5
	[106]		5000128b
	[107]		5000128c
	[108]		500012de
	[109]		50001442
	[110]		50001443
	[111]		50001444
	[112]		50001445
	[113]		5000149c
	[114]		500014ea
	[115]		50001621
	[116]		50001686
	[117]		500016ea
	[118]		50001745
	[119]		5000179a
	[120]		500017e4
	[121]		50001839
	[122]		500018a5
	[123]		5000190c
	[124]		50001973
	[125]		50001a36
	[126]		50001a37
	[127]		50001ae1
	[128]		50001ae2
	[129]		50001b3e
	[130]		50001b91
	[131]		50001be6
	[132]		50001c3a
	[133]		50001d39
	[134]		50001d3a
	[135]		50001d88
	[136]		50001d89
	[137]		50001dd6
	[138]		50001e3a
	[139]		50001eb2
	[140]		5000204a
	[141]		50000395
OBJ 50000838 (sz=24, trace=300612, class=java.lang.String@5000016e)
	value		50000839
ARR 50000839 (sz=34, trace=300613, nelems=17, elem type=char[])
OBJ 5000083a (sz=32, trace=300661, class=java.security.BasicPermissionCollection@50000819)
	perms		5000083b
	permClass	500000f0
OBJ 5000083b (sz=48, trace=300662, class=java.util.HashMap@500000c6)
	table		5000083d
OBJ 5000083c (sz=32, trace=300221, class=java.util.HashMap$Node@500000c4)
	key		500000f0
	value		5000083a
ARR 5000083d (sz=80, trace=300663, nelems=12, elem type=java.util.HashMap$Node[]@500000c2)
	[11]		5000083e
OBJ 5000083e (sz=32, trace=300221, class=java.util.HashMap$Node@500000c4)
	key		50000638
	value		50000818
OBJ 5000083f (sz=40, trace=300664, class=java.security.ProtectionDomain@50000160)
	codesource	500007ac
	classloader	500003b3
	principals	50000841
	permissions	500007cb
	key		50000840
OBJ 50000840 (sz=16, trace=300665, class=java.security.ProtectionDomain$Key@50000008)
	this$0		5000083f
ARR 50000841 (sz=16, trace=300666, nelems=0, elem type=java.security.Principal[]@50000006)
ARR 50000842 (sz=80, trace=300667, nelems=13, elem type=java.util.HashMap$Node[]@500000c2)
	[12]		50000843
OBJ 50000843 (sz=32, trace=300221, class=java.util.HashMap$Node@500000c4)
	key		500007ac
	value		5000083f
OBJ 50000844 (sz=24, trace=300668, class=java.lang.String@5000016e)
	value		50000845
ARR 50000845 (sz=38, trace=300669, nelems=19, elem type=char[])
OBJ 50000846 (sz=16, trace=300000, class=java.lang.Integer@5000010a)
OBJ 50000847 (sz=32, trace=300671, class=java.util.concurrent.ConcurrentHashMap$Node@50000024)
	key		50000844
	val		50000a90
OBJ 50000848 (sz=16, trace=300157, class=java.lang.Object@50000172)
OBJ 50000849 (sz=32, trace=300683, class=java.util.concurrent.ConcurrentHashMap$Node@50000024)
	key		50000cbf
	val		50000848
OBJ 5000084a (sz=16, trace=300160, class=java.lang.Object@50000172)
OBJ 5000084b (sz=32, trace=300683, class=java.util.concurrent.ConcurrentHashMap$Node@50000024)
	key		50000cbf
	val		5000084a
OBJ 5000084c (sz=16, trace=300157, class=java.lang.Object@50000172)
OBJ 5000084d (sz=16, trace=300000, class=java.lang.Integer@5000010a)
OBJ 5000084e (sz=16, trace=300160, class=java.lang.Object@50000172)
OBJ 5000084f (sz=16, trace=300000, class=java.lang.Integer@5000010a)
ARR 50000850 (sz=80, trace=300672, nelems=1, elem type=java.util.HashMap$Node[]@500000c2)
	[0]		50000851
OBJ 50000851 (sz=32, trace=300221, class=java.util.HashMap$Node@500000c4)
	key		5000083f
	value		500019ce
OBJ 50000854 (sz=16, trace=300000, class=java.lang.Integer@5000010a)
OBJ 50000856 (sz=16, trace=300000, class=java.lang.Integer@5000010a)
OBJ 50000858 (sz=16, trace=300000, class=java.lang.Integer@5000010a)
OBJ 50000859 (sz=56, trace=300679, class=java.lang.Class$ReflectionData@500000a5)
OBJ 5000085a (sz=40, trace=300040, class=java.lang.ref.SoftReference@50000152)
OBJ 5000085b (sz=16, trace=300157, class=java.lang.Object@50000172)
OBJ 5000085c (sz=16, trace=300000, class=java.lang.Integer@5000010a)
OBJ 5000085d (sz=16, trace=300160, class=java.lang.Object@50000172)
OBJ 5000085e (sz=16, trace=300000, class=java.lang.Integer@5000010a)
OBJ 5000085f (sz=16, trace=300157, class=java.lang.Object@50000172)
OBJ 50000860 (sz=16, trace=300000, class=java.lang.Integer@5000010a)
OBJ 50000861 (sz=16, trace=300160, class=java.lang.Object@50000172)
OBJ 50000862 (sz=16, trace=300000, class=java.lang.Integer@5000010a)
OBJ 50000863 (sz=16, trace=300157, class=java.lang.Object@50000172)
OBJ 50000864 (sz=16, trace=300000, class=java.lang.Integer@5000010a)
OBJ 50000865 (sz=16, trace=300160, class=java.lang.Object@50000172)
OBJ 50000866 (sz=16, trace=300000, class=java.lang.Integer@5000010a)
OBJ 50000868 (sz=16, trace=300000, class=java.lang.Integer@5000010a)
OBJ 5000086a (sz=24, trace=300152, class=java.lang.String@5000016e)
	value		50000872
OBJ 5000086b (sz=16, trace=300000, class=java.lang.Integer@5000010a)
OBJ 5000086c (sz=16, trace=300000, class=java.lang.Integer@5000010a)
OBJ 5000086d (sz=16, trace=300000, class=java.lang.Integer@5000010a)
ARR 5000086e (sz=24, trace=300136, nelems=2, elem type=java.lang.Object[]@50000108)
	[0]		50000988
	[1]		5000163c
OBJ 5000086f (sz=32, trace=300154, class=java.lang.StringCoding$StringDecoder@50000240)
	requestedCharsetName	50000988
	cs		5000163c
	cd		50000870
OBJ 50000870 (sz=48, trace=300155, class=sun.nio.cs.SingleByte$Decoder@50000037)
	charset		5000163c
	replacement	500017e3
	malformedInputAction	500005a3
	unmappableCharacterAction	500005a3
	b2c		500017f6
OBJ 50000871 (sz=40, trace=300143, class=java.lang.ref.SoftReference@50000152)
	referent	5000086f
	queue		50000f68
ARR 50000872 (sz=16, trace=300156, nelems=8, elem type=char[])
OBJ 50000873 (sz=16, trace=300157, class=java.lang.Object@50000172)
OBJ 50000874 (sz=16, trace=300000, class=java.lang.Integer@5000010a)
OBJ 50000875 (sz=16, trace=300160, class=java.lang.Object@50000172)
OBJ 50000876 (sz=16, trace=300000, class=java.lang.Integer@5000010a)
OBJ 50000877 (sz=16, trace=300000, class=java.lang.Integer@5000010a)
OBJ 50000878 (sz=16, trace=300000, class=java.lang.Integer@5000010a)
OBJ 50000879 (sz=16, trace=300000, class=java.lang.Integer@5000010a)
OBJ 5000087a (sz=16, trace=300000, class=java.lang.Integer@5000010a)
OBJ 5000087b (sz=16, trace=300000, class=java.lang.Integer@5000010a)
OBJ 5000087c (sz=16, trace=300000, class=java.lang.Integer@5000010a)
OBJ 5000087d (sz=16, trace=300000, class=java.lang.Integer@5000010a)
OBJ 5000087e (sz=16, trace=300000, class=java.lang.Integer@5000010a)
OBJ 5000087f (sz=16, trace=300000, class=java.lang.Integer@5000010a)
OBJ 50000880 (sz=16, trace=300000, class=java.lang.Integer@5000010a)
OBJ 50000881 (sz=16, trace=300000, class=java.lang.Integer@5000010a)
OBJ 50000882 (sz=16, trace=300000, class=java.lang.Integer@5000010a)
OBJ 50000883 (sz=16, trace=300000, class=java.lang.Integer@5000010a)
OBJ 50000884 (sz=16, trace=300000, class=java.lang.Integer@5000010a)
OBJ 50000885 (sz=16, trace=300000, class=java.lang.Integer@5000010a)
OBJ 50000886 (sz=16, trace=300000, class=java.lang.Integer@5000010a)
OBJ 50000887 (sz=16, trace=300000, class=java.lang.Integer@5000010a)
OBJ 50000888 (sz=16, trace=300000, class=java.lang.Integer@5000010a)
OBJ 50000889 (sz=16, trace=300000, class=java.lang.Integer@5000010a)
OBJ 5000088a (sz=16, trace=300000, class=java.lang.Integer@5000010a)
OBJ 5000088b (sz=16, trace=300000, class=java.lang.Integer@5000010a)
OBJ 5000088c (sz=16, trace=300000, class=java.lang.Integer@5000010a)
OBJ 5000088d (sz=16, trace=300000, class=java.lang.Integer@5000010a)
OBJ 5000088e (sz=16, trace=300000, class=java.lang.Integer@5000010a)
OBJ 5000088f (sz=16, trace=300000, class=java.lang.Integer@5000010a)
OBJ 50000890 (sz=16, trace=300000, class=java.lang.Integer@5000010a)
OBJ 50000891 (sz=16, trace=300000, class=java.lang.Integer@5000010a)
OBJ 50000892 (sz=16, trace=300000, class=java.lang.Integer@5000010a)
OBJ 50000893 (sz=16, trace=300000, class=java.lang.Integer@5000010a)
OBJ 50000894 (sz=16, trace=300000, class=java.lang.Integer@5000010a)
OBJ 50000895 (sz=16, trace=300000, class=java.lang.Integer@5000010a)
OBJ 50000896 (sz=16, trace=300000, class=java.lang.Integer@5000010a)
OBJ 50000897 (sz=16, trace=300000, class=java.lang.Integer@5000010a)
OBJ 50000898 (sz=16, trace=300000, class=java.lang.Integer@5000010a)
OBJ 50000899 (sz=16, trace=300000, class=java.lang.Integer@5000010a)
OBJ 5000089a (sz=16, trace=300000, class=java.lang.Integer@5000010a)
OBJ 5000089b (sz=16, trace=300000, class=java.lang.Integer@5000010a)
OBJ 5000089c (sz=16, trace=300000, class=java.lang.Integer@5000010a)
OBJ 5000089d (sz=56, trace=300687, class=java.util.zip.ZipFile$ZipFileInputStream@5000055c)
	this$0		500004ec
OBJ 5000089e (sz=40, trace=300106, class=java.lang.ref.Finalizer@5000014d)
	referent	5000089d
	queue		500003a9
	next		5000082a
	prev		500008fa
OBJ 5000089f (sz=16, trace=300000, class=java.lang.Integer@5000010a)
OBJ 500008a0 (sz=16, trace=300000, class=java.lang.Integer@5000010a)
OBJ 500008a1 (sz=16, trace=300000, class=java.lang.Integer@5000010a)
OBJ 500008a2 (sz=16, trace=300000, class=java.lang.Integer@5000010a)
OBJ 500008a3 (sz=24, trace=300369, class=java.lang.String@5000016e)
	value		500008a4
ARR 500008a4 (sz=48, trace=300370, nelems=24, elem type=char[])
OBJ 500008a5 (sz=16, trace=300000, class=java.lang.Integer@5000010a)
OBJ 500008a6 (sz=16, trace=300000, class=java.lang.Integer@5000010a)
OBJ 500008a7 (sz=16, trace=300000, class=java.lang.Integer@5000010a)
OBJ 500008a8 (sz=16, trace=300000, class=java.lang.Integer@5000010a)
OBJ 500008a9 (sz=16, trace=300000, class=java.lang.Integer@5000010a)
OBJ 500008aa (sz=16, trace=300000, class=java.lang.Integer@5000010a)
OBJ 500008ab (sz=16, trace=300000, class=java.lang.Integer@5000010a)
OBJ 500008ac (sz=24, trace=300000, class=java.lang.String@5000016e)
	value		50002e12
OBJ 500008ae (sz=16, trace=300157, class=java.lang.Object@50000172)
OBJ 500008af (sz=32, trace=300683, class=java.util.concurrent.ConcurrentHashMap$Node@50000024)
	key		50000ade
	val		500008ae
OBJ 500008b0 (sz=16, trace=300160, class=java.lang.Object@50000172)
OBJ 500008b1 (sz=56, trace=300443, class=java.lang.Package@500005db)
	pkgName		500008a3
	loader		500003b3
OBJ 500008b2 (sz=32, trace=300221, class=java.util.HashMap$Node@500000c4)
	key		500008a3
	value		500008b1
OBJ 500008b3 (sz=32, trace=300683, class=java.util.concurrent.ConcurrentHashMap$Node@50000024)
	key		50000ade
	val		500008b0
OBJ 500008b4 (sz=24, trace=300000, class=java.lang.String@5000016e)
	value		50001984
OBJ 500008b5 (sz=24, trace=300000, class=java.lang.String@5000016e)
	value		50002e10
OBJ 500008b6 (sz=56, trace=300687, class=java.util.zip.ZipFile$ZipFileInputStream@5000055c)
OBJ 500008b7 (sz=24, trace=300000, class=java.lang.String@5000016e)
	value		50002e0f
OBJ 500008b8 (sz=24, trace=300000, class=java.lang.String@5000016e)
	value		50002e0e
OBJ 500008b9 (sz=24, trace=300000, class=java.lang.String@5000016e)
	value		50002e0d
OBJ 500008ba (sz=24, trace=300000, class=java.lang.String@5000016e)
	value		50001804
OBJ 500008bb (sz=48, trace=300000, class=java.util.Properties@50000144)
	table		500008bd
OBJ 500008bc (sz=16, trace=300000, class=java.lang.Object@50000172)
ARR 500008bd (sz=400, trace=300000, nelems=89, elem type=java.util.Hashtable$Entry[]@500000bf)
	[0]		500008be
	[2]		500008bf
	[9]		500008c3
	[10]		500008c4
	[11]		500008c5
	[13]		500008c6
	[16]		500008c9
	[17]		500008cb
	[18]		500008cd
	[19]		500008cf
	[21]		500008d1
	[22]		500008d3
	[24]		500008d8
	[26]		500008d9
	[27]		500008da
	[33]		500008db
	[38]		500008dc
	[39]		500008dd
	[40]		500008de
	[41]		500008df
	[44]		500008e0
	[47]		500008e1
	[49]		500008e2
	[53]		500008e3
	[54]		500008e4
	[57]		500008e5
	[62]		500008e6
	[63]		500008e7
	[64]		500008e8
	[65]		500008e9
	[67]		500008ea
	[70]		500008eb
	[72]		500008ec
	[76]		500008ed
	[79]		500008ee
	[80]		500008ef
	[81]		500008f0
	[82]		500008f1
	[86]		500008f2
	[88]		500008f3
OBJ 500008be (sz=32, trace=300000, class=java.util.Hashtable$Entry@500000c0)
	key		50000a6f
	value		50000a6e
OBJ 500008bf (sz=32, trace=300000, class=java.util.Hashtable$Entry@500000c0)
	key		50000a6b
	value		50000a6a
OBJ 500008c0 (sz=24, trace=300668, class=java.lang.String@5000016e)
	value		500008c1
ARR 500008c1 (sz=48, trace=300669, nelems=24, elem type=char[])
OBJ 500008c2 (sz=32, trace=300671, class=java.util.concurrent.ConcurrentHashMap$Node@50000024)
	key		500008c0
	val		50000a90
OBJ 500008c3 (sz=32, trace=300000, class=java.util.Hashtable$Entry@500000c0)
	key		50000a4c
	value		50000a4b
	next		50000a4a
OBJ 500008c4 (sz=32, trace=300000, class=java.util.Hashtable$Entry@500000c0)
	key		50000a45
	value		50000a44
OBJ 500008c5 (sz=32, trace=300000, class=java.util.Hashtable$Entry@500000c0)
	key		50000a41
	value		50000a40
OBJ 500008c6 (sz=32, trace=300000, class=java.util.Hashtable$Entry@500000c0)
	key		50000a3d
	value		50000a3a
OBJ 500008c8 (sz=16, trace=300157, class=java.lang.Object@50000172)
OBJ 500008c9 (sz=32, trace=300000, class=java.util.Hashtable$Entry@500000c0)
	key		50000a37
	value		50000a36
OBJ 500008ca (sz=16, trace=300160, class=java.lang.Object@50000172)
OBJ 500008cb (sz=32, trace=300000, class=java.util.Hashtable$Entry@500000c0)
	key		50000a33
	value		50000a32
OBJ 500008cc (sz=16, trace=300157, class=java.lang.Object@50000172)
OBJ 500008cd (sz=32, trace=300000, class=java.util.Hashtable$Entry@500000c0)
	key		50000a2f
	value		50000a2d
OBJ 500008ce (sz=16, trace=300160, class=java.lang.Object@50000172)
OBJ 500008cf (sz=32, trace=300000, class=java.util.Hashtable$Entry@500000c0)
	key		50000a23
	value		50000a21
OBJ 500008d0 (sz=16, trace=300157, class=java.lang.Object@50000172)
OBJ 500008d1 (sz=32, trace=300000, class=java.util.Hashtable$Entry@500000c0)
	key		50000a0d
	value		50000a0c
	next		50000a0b
OBJ 500008d2 (sz=16, trace=300160, class=java.lang.Object@50000172)
OBJ 500008d3 (sz=32, trace=300000, class=java.util.Hashtable$Entry@500000c0)
	key		50000a07
	value		50000a06
OBJ 500008d4 (sz=16, trace=300157, class=java.lang.Object@50000172)
OBJ 500008d5 (sz=32, trace=300159, class=java.util.concurrent.ConcurrentHashMap$Node@50000024)
	key		50000af4
	val		500008d4
	next		5000092c
OBJ 500008d6 (sz=16, trace=300160, class=java.lang.Object@50000172)
OBJ 500008d7 (sz=32, trace=300159, class=java.util.concurrent.ConcurrentHashMap$Node@50000024)
	key		50000af4
	val		500008d6
	next		50000931
OBJ 500008d8 (sz=32, trace=300000, class=java.util.Hashtable$Entry@500000c0)
	key		500009fd
	value		500009fc
	next		500009fb
OBJ 500008d9 (sz=32, trace=300000, class=java.util.Hashtable$Entry@500000c0)
	key		500009ed
	value		500009ec
	next		500009eb
OBJ 500008da (sz=32, trace=300000, class=java.util.Hashtable$Entry@500000c0)
	key		500009e8
	value		500009e7
OBJ 500008db (sz=32, trace=300000, class=java.util.Hashtable$Entry@500000c0)
	key		500009c4
	value		500009c2
	next		500009c0
OBJ 500008dc (sz=32, trace=300000, class=java.util.Hashtable$Entry@500000c0)
	key		500009b6
	value		500009b3
	next		500009b2
OBJ 500008dd (sz=32, trace=300000, class=java.util.Hashtable$Entry@500000c0)
	key		500009ae
	value		500009ad
OBJ 500008de (sz=32, trace=300000, class=java.util.Hashtable$Entry@500000c0)
	key		500009aa
	value		500009a9
OBJ 500008df (sz=32, trace=300000, class=java.util.Hashtable$Entry@500000c0)
	key		500009a6
	value		500009a5
OBJ 500008e0 (sz=32, trace=300000, class=java.util.Hashtable$Entry@500000c0)
	key		500009a2
	value		500009a1
OBJ 500008e1 (sz=32, trace=300000, class=java.util.Hashtable$Entry@500000c0)
	key		5000099e
	value		5000099d
OBJ 500008e2 (sz=32, trace=300000, class=java.util.Hashtable$Entry@500000c0)
	key		50000996
	value		50000995
	next		50000994
OBJ 500008e3 (sz=32, trace=300000, class=java.util.Hashtable$Entry@500000c0)
	key		50000991
	value		50000990
OBJ 500008e4 (sz=32, trace=300000, class=java.util.Hashtable$Entry@500000c0)
	key		5000098d
	value		5000098c
OBJ 500008e5 (sz=32, trace=300000, class=java.util.Hashtable$Entry@500000c0)
	key		50000989
	value		50000988
OBJ 500008e6 (sz=32, trace=300000, class=java.util.Hashtable$Entry@500000c0)
	key		50000985
	value		50000984
OBJ 500008e7 (sz=32, trace=300000, class=java.util.Hashtable$Entry@500000c0)
	key		50000981
	value		50000980
OBJ 500008e8 (sz=32, trace=300000, class=java.util.Hashtable$Entry@500000c0)
	key		5000097d
	value		50000973
OBJ 500008e9 (sz=32, trace=300000, class=java.util.Hashtable$Entry@500000c0)
	key		5000096b
	value		5000096a
OBJ 500008ea (sz=32, trace=300000, class=java.util.Hashtable$Entry@500000c0)
	key		5000095b
	value		5000095a
	next		50000959
OBJ 500008eb (sz=32, trace=300000, class=java.util.Hashtable$Entry@500000c0)
	key		50000950
	value		5000094f
	next		5000094e
OBJ 500008ec (sz=32, trace=300000, class=java.util.Hashtable$Entry@500000c0)
	key		5000094b
	value		5000094a
OBJ 500008ed (sz=32, trace=300000, class=java.util.Hashtable$Entry@500000c0)
	key		50000943
	value		50000942
	next		50000941
OBJ 500008ee (sz=32, trace=300000, class=java.util.Hashtable$Entry@500000c0)
	key		5000092d
	value		5000092a
	next		50000928
OBJ 500008ef (sz=32, trace=300000, class=java.util.Hashtable$Entry@500000c0)
	key		5000091c
	value		5000091b
	next		5000091a
OBJ 500008f0 (sz=32, trace=300000, class=java.util.Hashtable$Entry@500000c0)
	key		50000916
	value		50000915
OBJ 500008f1 (sz=32, trace=300000, class=java.util.Hashtable$Entry@500000c0)
	key		50000907
	value		50000906
	next		50000903
OBJ 500008f2 (sz=32, trace=300000, class=java.util.Hashtable$Entry@500000c0)
	key		50000900
	value		500008ff
OBJ 500008f3 (sz=32, trace=300000, class=java.util.Hashtable$Entry@500000c0)
	key		500008f6
	value		500008f5
	next		500008f4
OBJ 500008f4 (sz=32, trace=300000, class=java.util.Hashtable$Entry@500000c0)
	key		500008fc
	value		500008fb
OBJ 500008f5 (sz=24, trace=300000, class=java.lang.String@5000016e)
	value		500008f8
OBJ 500008f6 (sz=24, trace=300000, class=java.lang.String@5000016e)
	value		500008f7
ARR 500008f7 (sz=42, trace=300000, nelems=21, elem type=char[])
ARR 500008f8 (sz=84, trace=300000, nelems=42, elem type=char[])
OBJ 500008f9 (sz=56, trace=300687, class=java.util.zip.ZipFile$ZipFileInputStream@5000055c)
	this$0		500004ec
OBJ 500008fa (sz=40, trace=300106, class=java.lang.ref.Finalizer@5000014d)
	referent	500008f9
	queue		500003a9
	next		5000089e
	prev		50000953
OBJ 500008fb (sz=24, trace=300000, class=java.lang.String@5000016e)
	value		500008fe
OBJ 500008fc (sz=24, trace=300000, class=java.lang.String@5000016e)
	value		500008fd
ARR 500008fd (sz=30, trace=300000, nelems=15, elem type=char[])
ARR 500008fe (sz=20, trace=300000, nelems=10, elem type=char[])
OBJ 500008ff (sz=24, trace=300000, class=java.lang.String@5000016e)
	value		50000902
OBJ 50000900 (sz=24, trace=300000, class=java.lang.String@5000016e)
	value		50000901
ARR 50000901 (sz=38, trace=300000, nelems=19, elem type=char[])
ARR 50000902 (sz=4, trace=300000, nelems=2, elem type=char[])
OBJ 50000903 (sz=32, trace=300000, class=java.util.Hashtable$Entry@500000c0)
	key		50000910
	value		5000090f
OBJ 50000904 (sz=24, trace=300369, class=java.lang.String@5000016e)
	value		50000905
ARR 50000905 (sz=46, trace=300370, nelems=23, elem type=char[])
OBJ 50000906 (sz=24, trace=300000, class=java.lang.String@5000016e)
	value		5000090e
OBJ 50000907 (sz=24, trace=300000, class=java.lang.String@5000016e)
	value		50000908
ARR 50000908 (sz=28, trace=300000, nelems=14, elem type=char[])
OBJ 5000090a (sz=16, trace=300157, class=java.lang.Object@50000172)
OBJ 5000090b (sz=32, trace=300159, class=java.util.concurrent.ConcurrentHashMap$Node@50000024)
	key		50000b73
	val		5000090a
OBJ 5000090c (sz=16, trace=300160, class=java.lang.Object@50000172)
OBJ 5000090d (sz=32, trace=300159, class=java.util.concurrent.ConcurrentHashMap$Node@50000024)
	key		50000b73
	val		5000090c
ARR 5000090e (sz=36, trace=300000, nelems=18, elem type=char[])
OBJ 5000090f (sz=24, trace=300000, class=java.lang.String@5000016e)
	value		50000914
OBJ 50000910 (sz=24, trace=300000, class=java.lang.String@5000016e)
	value		50000911
ARR 50000911 (sz=30, trace=300000, nelems=15, elem type=char[])
OBJ 50000912 (sz=56, trace=300443, class=java.lang.Package@500005db)
	pkgName		50000904
	loader		500003b3
OBJ 50000913 (sz=32, trace=300221, class=java.util.HashMap$Node@500000c4)
	key		50000904
	value		50000912
	next		50000637
ARR 50000914 (sz=46, trace=300000, nelems=23, elem type=char[])
OBJ 50000915 (sz=24, trace=300000, class=java.lang.String@5000016e)
	value		50000919
OBJ 50000916 (sz=24, trace=300000, class=java.lang.String@5000016e)
	value		50000918
OBJ 50000917 (sz=56, trace=300687, class=java.util.zip.ZipFile$ZipFileInputStream@5000055c)
ARR 50000918 (sz=28, trace=300000, nelems=14, elem type=char[])
ARR 50000919 (sz=2, trace=300000, nelems=1, elem type=char[])
OBJ 5000091a (sz=32, trace=300000, class=java.util.Hashtable$Entry@500000c0)
	key		50000923
	value		50000922
OBJ 5000091b (sz=24, trace=300000, class=java.lang.String@5000016e)
	value		5000091e
OBJ 5000091c (sz=24, trace=300000, class=java.lang.String@5000016e)
	value		5000091d
ARR 5000091d (sz=24, trace=300000, nelems=12, elem type=char[])
ARR 5000091e (sz=66, trace=300000, nelems=33, elem type=char[])
OBJ 5000091f (sz=24, trace=300668, class=java.lang.String@5000016e)
	value		50000920
ARR 50000920 (sz=46, trace=300669, nelems=23, elem type=char[])
OBJ 50000921 (sz=32, trace=300671, class=java.util.concurrent.ConcurrentHashMap$Node@50000024)
	key		5000091f
	val		50000a90
	next		500006f1
OBJ 50000922 (sz=24, trace=300000, class=java.lang.String@5000016e)
	value		50000925
OBJ 50000923 (sz=24, trace=300000, class=java.lang.String@5000016e)
	value		50000924
ARR 50000924 (sz=34, trace=300000, nelems=17, elem type=char[])
ARR 50000925 (sz=12, trace=300000, nelems=6, elem type=char[])
OBJ 50000927 (sz=16, trace=300157, class=java.lang.Object@50000172)
OBJ 50000928 (sz=32, trace=300000, class=java.util.Hashtable$Entry@500000c0)
	key		50000935
	value		50000934
	next		50000933
OBJ 50000929 (sz=16, trace=300160, class=java.lang.Object@50000172)
OBJ 5000092a (sz=24, trace=300000, class=java.lang.String@5000016e)
	value		50000932
OBJ 5000092b (sz=16, trace=300157, class=java.lang.Object@50000172)
OBJ 5000092c (sz=32, trace=300683, class=java.util.concurrent.ConcurrentHashMap$Node@50000024)
	key		50000af6
	val		5000092b
OBJ 5000092d (sz=24, trace=300000, class=java.lang.String@5000016e)
	value		5000092f
ARR 5000092f (sz=22, trace=300000, nelems=11, elem type=char[])
OBJ 50000930 (sz=16, trace=300160, class=java.lang.Object@50000172)
OBJ 50000931 (sz=32, trace=300683, class=java.util.concurrent.ConcurrentHashMap$Node@50000024)
	key		50000af6
	val		50000930
ARR 50000932 (sz=0, trace=300000, nelems=0, elem type=char[])
OBJ 50000933 (sz=32, trace=300000, class=java.util.Hashtable$Entry@500000c0)
	key		5000093a
	value		50000939
	next		50000938
OBJ 50000934 (sz=24, trace=300000, class=java.lang.String@5000016e)
	value		50000937
OBJ 50000935 (sz=24, trace=300000, class=java.lang.String@5000016e)
	value		50000936
ARR 50000936 (sz=24, trace=300000, nelems=12, elem type=char[])
ARR 50000937 (sz=4, trace=300000, nelems=2, elem type=char[])
OBJ 50000938 (sz=32, trace=300000, class=java.util.Hashtable$Entry@500000c0)
	key		5000093e
	value		5000093d
OBJ 50000939 (sz=24, trace=300000, class=java.lang.String@5000016e)
	value		5000093c
OBJ 5000093a (sz=24, trace=300000, class=java.lang.String@5000016e)
	value		5000093b
ARR 5000093b (sz=34, trace=300000, nelems=17, elem type=char[])
ARR 5000093c (sz=24, trace=300000, nelems=12, elem type=char[])
OBJ 5000093d (sz=24, trace=300000, class=java.lang.String@5000016e)
	value		50000940
OBJ 5000093e (sz=24, trace=300000, class=java.lang.String@5000016e)
	value		5000093f
ARR 5000093f (sz=36, trace=300000, nelems=18, elem type=char[])
ARR 50000940 (sz=0, trace=300000, nelems=0, elem type=char[])
OBJ 50000941 (sz=32, trace=300000, class=java.util.Hashtable$Entry@500000c0)
	key		50000947
	value		50000946
OBJ 50000942 (sz=24, trace=300000, class=java.lang.String@5000016e)
	value		50000945
OBJ 50000943 (sz=24, trace=300000, class=java.lang.String@5000016e)
	value		50000944
ARR 50000944 (sz=52, trace=300000, nelems=26, elem type=char[])
ARR 50000945 (sz=68, trace=300000, nelems=34, elem type=char[])
OBJ 50000946 (sz=24, trace=300000, class=java.lang.String@5000016e)
	value		50000949
OBJ 50000947 (sz=24, trace=300000, class=java.lang.String@5000016e)
	value		50000948
ARR 50000948 (sz=16, trace=300000, nelems=8, elem type=char[])
ARR 50000949 (sz=70, trace=300000, nelems=35, elem type=char[])
OBJ 5000094a (sz=24, trace=300000, class=java.lang.String@5000016e)
	value		5000094d
OBJ 5000094b (sz=24, trace=300000, class=java.lang.String@5000016e)
	value		5000094c
ARR 5000094c (sz=40, trace=300000, nelems=20, elem type=char[])
ARR 5000094d (sz=64, trace=300000, nelems=32, elem type=char[])
OBJ 5000094e (sz=32, trace=300000, class=java.util.Hashtable$Entry@500000c0)
	key		50000956
	value		50000955
OBJ 5000094f (sz=24, trace=300000, class=java.lang.String@5000016e)
	value		50000954
OBJ 50000950 (sz=24, trace=300000, class=java.lang.String@5000016e)
	value		50000951
ARR 50000951 (sz=36, trace=300000, nelems=18, elem type=char[])
OBJ 50000952 (sz=56, trace=300687, class=java.util.zip.ZipFile$ZipFileInputStream@5000055c)
	this$0		500004ec
OBJ 50000953 (sz=40, trace=300106, class=java.lang.ref.Finalizer@5000014d)
	referent	50000952
	queue		500003a9
	next		500008fa
	prev		500009b5
ARR 50000954 (sz=102, trace=300000, nelems=51, elem type=char[])
OBJ 50000955 (sz=24, trace=300000, class=java.lang.String@5000016e)
	value		50000958
OBJ 50000956 (sz=24, trace=300000, class=java.lang.String@5000016e)
	value		50000957
ARR 50000957 (sz=14, trace=300000, nelems=7, elem type=char[])
ARR 50000958 (sz=10, trace=300000, nelems=5, elem type=char[])
OBJ 50000959 (sz=32, trace=300000, class=java.util.Hashtable$Entry@500000c0)
	key		5000095e
	value		500005d0
OBJ 5000095a (sz=24, trace=300000, class=java.lang.String@5000016e)
	value		5000095d
OBJ 5000095b (sz=24, trace=300000, class=java.lang.String@5000016e)
	value		5000095c
ARR 5000095c (sz=28, trace=300000, nelems=14, elem type=char[])
ARR 5000095d (sz=74, trace=300000, nelems=37, elem type=char[])
OBJ 5000095e (sz=24, trace=300000, class=java.lang.String@5000016e)
	value		50000967
OBJ 50000960 (sz=24, trace=301027, class=com.sun.tools.javac.api.DiagnosticFormatter$Configuration$DiagnosticPart@5000095f)
	name		50002d70
OBJ 50000961 (sz=24, trace=301028, class=com.sun.tools.javac.api.DiagnosticFormatter$Configuration$DiagnosticPart@5000095f)
	name		50002d6d
OBJ 50000962 (sz=24, trace=301029, class=com.sun.tools.javac.api.DiagnosticFormatter$Configuration$DiagnosticPart@5000095f)
	name		50002b91
OBJ 50000963 (sz=24, trace=301030, class=com.sun.tools.javac.api.DiagnosticFormatter$Configuration$DiagnosticPart@5000095f)
	name		50002d6f
OBJ 50000964 (sz=24, trace=301031, class=com.sun.tools.javac.api.DiagnosticFormatter$Configuration$DiagnosticPart@5000095f)
	name		50002d6e
ARR 50000966 (sz=40, trace=301032, nelems=5, elem type=com.sun.tools.javac.api.DiagnosticFormatter$Configuration$DiagnosticPart[]@50000965)
	[0]		50000960
	[1]		50000961
	[2]		50000962
	[3]		50000963
	[4]		50000964
ARR 50000967 (sz=28, trace=300000, nelems=14, elem type=char[])
ARR 50000968 (sz=4, trace=300000, nelems=2, elem type=char[])
OBJ 50000969 (sz=56, trace=300687, class=java.util.zip.ZipFile$ZipFileInputStream@5000055c)
OBJ 5000096a (sz=24, trace=300000, class=java.lang.String@5000016e)
	value		50000970
OBJ 5000096b (sz=24, trace=300000, class=java.lang.String@5000016e)
	value		5000096f
OBJ 5000096c (sz=56, trace=300679, class=java.lang.Class$ReflectionData@500000a5)
OBJ 5000096d (sz=40, trace=300040, class=java.lang.ref.SoftReference@50000152)
OBJ 5000096e (sz=88, trace=300681, class=java.lang.reflect.Method@5000013e)
ARR 5000096f (sz=56, trace=300000, nelems=28, elem type=char[])
ARR 50000970 (sz=36, trace=300000, nelems=18, elem type=char[])
OBJ 50000971 (sz=24, trace=300811, class=sun.reflect.NativeMethodAccessorImpl@50001628)
OBJ 50000972 (sz=16, trace=300813, class=sun.reflect.DelegatingMethodAccessorImpl@5000162a)
OBJ 50000973 (sz=24, trace=300000, class=java.lang.String@5000016e)
	value		5000097f
OBJ 50000974 (sz=40, trace=301033, class=com.sun.tools.javac.util.BasicDiagnosticFormatter$BasicConfiguration@50000909)
OBJ 50000976 (sz=16, trace=300157, class=java.lang.Object@50000172)
OBJ 50000977 (sz=48, trace=301034, class=java.util.HashMap@500000c6)
OBJ 50000978 (sz=16, trace=300160, class=java.lang.Object@50000172)
OBJ 50000979 (sz=16, trace=300157, class=java.lang.Object@50000172)
OBJ 5000097a (sz=32, trace=300683, class=java.util.concurrent.ConcurrentHashMap$Node@50000024)
	key		50000af2
	val		50000979
OBJ 5000097b (sz=16, trace=300160, class=java.lang.Object@50000172)
OBJ 5000097c (sz=32, trace=300683, class=java.util.concurrent.ConcurrentHashMap$Node@50000024)
	key		50000af2
	val		5000097b
OBJ 5000097d (sz=24, trace=300000, class=java.lang.String@5000016e)
	value		5000097e
ARR 5000097e (sz=24, trace=300000, nelems=12, elem type=char[])
ARR 5000097f (sz=0, trace=300000, nelems=0, elem type=char[])
OBJ 50000980 (sz=24, trace=300000, class=java.lang.String@5000016e)
	value		50000983
OBJ 50000981 (sz=24, trace=300000, class=java.lang.String@5000016e)
	value		50000982
ARR 50000982 (sz=14, trace=300000, nelems=7, elem type=char[])
ARR 50000983 (sz=20, trace=300000, nelems=10, elem type=char[])
OBJ 50000984 (sz=24, trace=300000, class=java.lang.String@5000016e)
	value		50000987
OBJ 50000985 (sz=24, trace=300000, class=java.lang.String@5000016e)
	value		50000986
ARR 50000986 (sz=32, trace=300000, nelems=16, elem type=char[])
ARR 50000987 (sz=68, trace=300000, nelems=34, elem type=char[])
OBJ 50000988 (sz=24, trace=300000, class=java.lang.String@5000016e)
	value		5000098b
OBJ 50000989 (sz=24, trace=300000, class=java.lang.String@5000016e)
	value		5000098a
ARR 5000098a (sz=32, trace=300000, nelems=16, elem type=char[])
ARR 5000098b (sz=12, trace=300000, nelems=6, elem type=char[])
OBJ 5000098c (sz=24, trace=300000, class=java.lang.String@5000016e)
	value		5000098f
OBJ 5000098d (sz=24, trace=300000, class=java.lang.String@5000016e)
	value		5000098e
ARR 5000098e (sz=34, trace=300000, nelems=17, elem type=char[])
ARR 5000098f (sz=3102, trace=300000, nelems=1551, elem type=char[])
OBJ 50000990 (sz=24, trace=300000, class=java.lang.String@5000016e)
	value		50000993
OBJ 50000991 (sz=24, trace=300000, class=java.lang.String@5000016e)
	value		50000992
ARR 50000992 (sz=28, trace=300000, nelems=14, elem type=char[])
ARR 50000993 (sz=76, trace=300000, nelems=38, elem type=char[])
OBJ 50000994 (sz=32, trace=300000, class=java.util.Hashtable$Entry@500000c0)
	key		5000099a
	value		50000999
OBJ 50000995 (sz=24, trace=300000, class=java.lang.String@5000016e)
	value		50000998
OBJ 50000996 (sz=24, trace=300000, class=java.lang.String@5000016e)
	value		50000997
ARR 50000997 (sz=46, trace=300000, nelems=23, elem type=char[])
ARR 50000998 (sz=62, trace=300000, nelems=31, elem type=char[])
OBJ 50000999 (sz=24, trace=300000, class=java.lang.String@5000016e)
	value		5000099c
OBJ 5000099a (sz=24, trace=300000, class=java.lang.String@5000016e)
	value		5000099b
ARR 5000099b (sz=36, trace=300000, nelems=18, elem type=char[])
ARR 5000099c (sz=8, trace=300000, nelems=4, elem type=char[])
OBJ 5000099d (sz=24, trace=300000, class=java.lang.String@5000016e)
	value		500009a0
OBJ 5000099e (sz=24, trace=300000, class=java.lang.String@5000016e)
	value		5000099f
ARR 5000099f (sz=46, trace=300000, nelems=23, elem type=char[])
ARR 500009a0 (sz=62, trace=300000, nelems=31, elem type=char[])
OBJ 500009a1 (sz=24, trace=300000, class=java.lang.String@5000016e)
	value		500009a4
OBJ 500009a2 (sz=24, trace=300000, class=java.lang.String@5000016e)
	value		500009a3
ARR 500009a3 (sz=20, trace=300000, nelems=10, elem type=char[])
ARR 500009a4 (sz=8, trace=300000, nelems=4, elem type=char[])
OBJ 500009a5 (sz=24, trace=300000, class=java.lang.String@5000016e)
	value		500009a8
OBJ 500009a6 (sz=24, trace=300000, class=java.lang.String@5000016e)
	value		500009a7
ARR 500009a7 (sz=18, trace=300000, nelems=9, elem type=char[])
ARR 500009a8 (sz=34, trace=300000, nelems=17, elem type=char[])
OBJ 500009a9 (sz=24, trace=300000, class=java.lang.String@5000016e)
	value		500009ac
OBJ 500009aa (sz=24, trace=300000, class=java.lang.String@5000016e)
	value		500009ab
ARR 500009ab (sz=26, trace=300000, nelems=13, elem type=char[])
ARR 500009ac (sz=0, trace=300000, nelems=0, elem type=char[])
OBJ 500009ad (sz=24, trace=300000, class=java.lang.String@5000016e)
	value		500009b1
OBJ 500009ae (sz=24, trace=300000, class=java.lang.String@5000016e)
	value		500009b0
OBJ 500009af (sz=56, trace=300687, class=java.util.zip.ZipFile$ZipFileInputStream@5000055c)
ARR 500009b0 (sz=38, trace=300000, nelems=19, elem type=char[])
ARR 500009b1 (sz=54, trace=300000, nelems=27, elem type=char[])
OBJ 500009b2 (sz=32, trace=300000, class=java.util.Hashtable$Entry@500000c0)
	key		500009ba
	value		500009b9
OBJ 500009b3 (sz=24, trace=300000, class=java.lang.String@5000016e)
	value		500009b8
OBJ 500009b4 (sz=56, trace=300687, class=java.util.zip.ZipFile$ZipFileInputStream@5000055c)
	this$0		500004ec
OBJ 500009b5 (sz=40, trace=300106, class=java.lang.ref.Finalizer@5000014d)
	referent	500009b4
	queue		500003a9
	next		50000953
	prev		50000a3c
OBJ 500009b6 (sz=24, trace=300000, class=java.lang.String@5000016e)
	value		500009b7
ARR 500009b7 (sz=26, trace=300000, nelems=13, elem type=char[])
ARR 500009b8 (sz=12, trace=300000, nelems=6, elem type=char[])
OBJ 500009b9 (sz=24, trace=300000, class=java.lang.String@5000016e)
	value		500009be
OBJ 500009ba (sz=24, trace=300000, class=java.lang.String@5000016e)
	value		500009bb
ARR 500009bb (sz=52, trace=300000, nelems=26, elem type=char[])
OBJ 500009bd (sz=16, trace=300157, class=java.lang.Object@50000172)
ARR 500009be (sz=6, trace=300000, nelems=3, elem type=char[])
OBJ 500009bf (sz=16, trace=300160, class=java.lang.Object@50000172)
OBJ 500009c0 (sz=32, trace=300000, class=java.util.Hashtable$Entry@500000c0)
	key		500009cc
	value		500009cb
OBJ 500009c1 (sz=16, trace=300157, class=java.lang.Object@50000172)
OBJ 500009c2 (sz=24, trace=300000, class=java.lang.String@5000016e)
	value		500009ca
OBJ 500009c3 (sz=16, trace=300160, class=java.lang.Object@50000172)
OBJ 500009c4 (sz=24, trace=300000, class=java.lang.String@5000016e)
	value		500009c9
OBJ 500009c5 (sz=16, trace=300157, class=java.lang.Object@50000172)
OBJ 500009c6 (sz=32, trace=300683, class=java.util.concurrent.ConcurrentHashMap$Node@50000024)
	key		50000aee
	val		500009c5
	next		50001a1e
OBJ 500009c7 (sz=16, trace=300160, class=java.lang.Object@50000172)
OBJ 500009c8 (sz=32, trace=300683, class=java.util.concurrent.ConcurrentHashMap$Node@50000024)
	key		50000aee
	val		500009c7
	next		50001a20
ARR 500009c9 (sz=18, trace=300000, nelems=9, elem type=char[])
ARR 500009ca (sz=16, trace=300000, nelems=8, elem type=char[])
OBJ 500009cb (sz=24, trace=300000, class=java.lang.String@5000016e)
	value		500009e6
OBJ 500009cc (sz=24, trace=300000, class=java.lang.String@5000016e)
	value		500009cd
ARR 500009cd (sz=30, trace=300000, nelems=15, elem type=char[])
OBJ 500009cf (sz=24, trace=301035, class=com.sun.tools.javac.api.DiagnosticFormatter$Configuration$MultilineLimit@500009ce)
	name		50002d65
OBJ 500009d0 (sz=24, trace=301036, class=com.sun.tools.javac.api.DiagnosticFormatter$Configuration$MultilineLimit@500009ce)
	name		50002d66
ARR 500009d2 (sz=24, trace=301037, nelems=2, elem type=com.sun.tools.javac.api.DiagnosticFormatter$Configuration$MultilineLimit[]@500009d1)
	[0]		500009cf
	[1]		500009d0
OBJ 500009d3 (sz=16, trace=300157, class=java.lang.Object@50000172)
OBJ 500009d4 (sz=32, trace=300159, class=java.util.concurrent.ConcurrentHashMap$Node@50000024)
	key		50000d15
	val		500009d3
OBJ 500009d5 (sz=16, trace=300160, class=java.lang.Object@50000172)
OBJ 500009d6 (sz=32, trace=300159, class=java.util.concurrent.ConcurrentHashMap$Node@50000024)
	key		50000d15
	val		500009d5
ARR 500009d7 (sz=80, trace=301038, nelems=0, elem type=java.util.HashMap$Node[]@500000c2)
OBJ 500009d8 (sz=32, trace=300221, class=java.util.HashMap$Node@500000c4)
OBJ 500009d9 (sz=32, trace=300221, class=java.util.HashMap$Node@500000c4)
OBJ 500009da (sz=16, trace=300157, class=java.lang.Object@50000172)
OBJ 500009db (sz=32, trace=300159, class=java.util.concurrent.ConcurrentHashMap$Node@50000024)
	key		50000bfa
	val		500009da
OBJ 500009dc (sz=16, trace=300160, class=java.lang.Object@50000172)
OBJ 500009dd (sz=32, trace=300159, class=java.util.concurrent.ConcurrentHashMap$Node@50000024)
	key		50000bfa
	val		500009dc
OBJ 500009e0 (sz=16, trace=301040, class=java.util.EnumMap$1@500009df)
ARR 500009e1 (sz=16, trace=301041, nelems=0, elem type=java.lang.Enum[]@50000063)
OBJ 500009e2 (sz=16, trace=300157, class=java.lang.Object@50000172)
OBJ 500009e3 (sz=32, trace=300683, class=java.util.concurrent.ConcurrentHashMap$Node@50000024)
	key		50000ccf
	val		500009e2
OBJ 500009e4 (sz=16, trace=300160, class=java.lang.Object@50000172)
OBJ 500009e5 (sz=32, trace=300683, class=java.util.concurrent.ConcurrentHashMap$Node@50000024)
	key		50000ccf
	val		500009e4
ARR 500009e6 (sz=182, trace=300000, nelems=91, elem type=char[])
OBJ 500009e7 (sz=24, trace=300000, class=java.lang.String@5000016e)
	value		500009ea
OBJ 500009e8 (sz=24, trace=300000, class=java.lang.String@5000016e)
	value		500009e9
ARR 500009e9 (sz=58, trace=300000, nelems=29, elem type=char[])
ARR 500009ea (sz=6, trace=300000, nelems=3, elem type=char[])
OBJ 500009eb (sz=32, trace=300000, class=java.util.Hashtable$Entry@500000c0)
	key		500009f2
	value		500009f1
	next		500009f0
OBJ 500009ec (sz=24, trace=300000, class=java.lang.String@5000016e)
	value		500009ef
OBJ 500009ed (sz=24, trace=300000, class=java.lang.String@5000016e)
	value		500009ee
ARR 500009ee (sz=38, trace=300000, nelems=19, elem type=char[])
ARR 500009ef (sz=4, trace=300000, nelems=2, elem type=char[])
OBJ 500009f0 (sz=32, trace=300000, class=java.util.Hashtable$Entry@500000c0)
	key		500009f8
	value		500009f7
OBJ 500009f1 (sz=24, trace=300000, class=java.lang.String@5000016e)
	value		500009f4
OBJ 500009f2 (sz=24, trace=300000, class=java.lang.String@5000016e)
	value		500009f3
ARR 500009f3 (sz=18, trace=300000, nelems=9, elem type=char[])
ARR 500009f4 (sz=76, trace=300000, nelems=38, elem type=char[])
OBJ 500009f5 (sz=24, trace=300369, class=java.lang.String@5000016e)
	value		500009f6
ARR 500009f6 (sz=48, trace=300370, nelems=24, elem type=char[])
OBJ 500009f7 (sz=24, trace=300000, class=java.lang.String@5000016e)
	value		500009fa
OBJ 500009f8 (sz=24, trace=300000, class=java.lang.String@5000016e)
	value		500009f9
ARR 500009f9 (sz=32, trace=300000, nelems=16, elem type=char[])
ARR 500009fa (sz=66, trace=300000, nelems=33, elem type=char[])
OBJ 500009fb (sz=32, trace=300000, class=java.util.Hashtable$Entry@500000c0)
	key		50000a01
	value		50000a00
OBJ 500009fc (sz=24, trace=300000, class=java.lang.String@5000016e)
	value		500009ff
OBJ 500009fd (sz=24, trace=300000, class=java.lang.String@5000016e)
	value		500009fe
ARR 500009fe (sz=50, trace=300000, nelems=25, elem type=char[])
ARR 500009ff (sz=36, trace=300000, nelems=18, elem type=char[])
OBJ 50000a00 (sz=24, trace=300000, class=java.lang.String@5000016e)
	value		50000a05
OBJ 50000a01 (sz=24, trace=300000, class=java.lang.String@5000016e)
	value		50000a02
ARR 50000a02 (sz=26, trace=300000, nelems=13, elem type=char[])
OBJ 50000a03 (sz=56, trace=300443, class=java.lang.Package@500005db)
	pkgName		500009f5
	loader		500003b3
OBJ 50000a04 (sz=32, trace=300221, class=java.util.HashMap$Node@500000c4)
	key		500009f5
	value		50000a03
ARR 50000a05 (sz=4, trace=300000, nelems=2, elem type=char[])
OBJ 50000a06 (sz=24, trace=300000, class=java.lang.String@5000016e)
	value		50000a0a
OBJ 50000a07 (sz=24, trace=300000, class=java.lang.String@5000016e)
	value		50000a09
OBJ 50000a08 (sz=56, trace=300687, class=java.util.zip.ZipFile$ZipFileInputStream@5000055c)
ARR 50000a09 (sz=22, trace=300000, nelems=11, elem type=char[])
ARR 50000a0a (sz=48, trace=300000, nelems=24, elem type=char[])
OBJ 50000a0b (sz=32, trace=300000, class=java.util.Hashtable$Entry@500000c0)
	key		50000a14
	value		50000a13
OBJ 50000a0c (sz=24, trace=300000, class=java.lang.String@5000016e)
	value		50000a12
OBJ 50000a0d (sz=24, trace=300000, class=java.lang.String@5000016e)
	value		50000a11
OBJ 50000a0e (sz=24, trace=300668, class=java.lang.String@5000016e)
	value		50000a0f
ARR 50000a0f (sz=48, trace=300669, nelems=24, elem type=char[])
OBJ 50000a10 (sz=32, trace=300671, class=java.util.concurrent.ConcurrentHashMap$Node@50000024)
	key		50000a0e
	val		50000a90
ARR 50000a11 (sz=24, trace=300000, nelems=12, elem type=char[])
ARR 50000a12 (sz=38, trace=300000, nelems=19, elem type=char[])
OBJ 50000a13 (sz=24, trace=300000, class=java.lang.String@5000016e)
	value		50000a1d
OBJ 50000a14 (sz=24, trace=300000, class=java.lang.String@5000016e)
	value		50000a1b
OBJ 50000a15 (sz=16, trace=300157, class=java.lang.Object@50000172)
OBJ 50000a16 (sz=32, trace=300159, class=java.util.concurrent.ConcurrentHashMap$Node@50000024)
	key		50000ba8
	val		50000a15
OBJ 50000a17 (sz=16, trace=300160, class=java.lang.Object@50000172)
OBJ 50000a18 (sz=32, trace=300159, class=java.util.concurrent.ConcurrentHashMap$Node@50000024)
	key		50000ba8
	val		50000a17
OBJ 50000a1a (sz=16, trace=300157, class=java.lang.Object@50000172)
ARR 50000a1b (sz=54, trace=300000, nelems=27, elem type=char[])
OBJ 50000a1c (sz=16, trace=300160, class=java.lang.Object@50000172)
ARR 50000a1d (sz=4, trace=300000, nelems=2, elem type=char[])
OBJ 50000a20 (sz=16, trace=300157, class=java.lang.Object@50000172)
OBJ 50000a21 (sz=24, trace=300000, class=java.lang.String@5000016e)
	value		50000a2b
OBJ 50000a22 (sz=16, trace=300160, class=java.lang.Object@50000172)
OBJ 50000a23 (sz=24, trace=300000, class=java.lang.String@5000016e)
	value		50000a29
OBJ 50000a24 (sz=16, trace=300157, class=java.lang.Object@50000172)
OBJ 50000a25 (sz=32, trace=300159, class=java.util.concurrent.ConcurrentHashMap$Node@50000024)
	key		50000b7d
	val		50000a24
	next		50000dc7
OBJ 50000a26 (sz=16, trace=300160, class=java.lang.Object@50000172)
OBJ 50000a27 (sz=32, trace=300159, class=java.util.concurrent.ConcurrentHashMap$Node@50000024)
	key		50000b7d
	val		50000a26
	next		50000dc9
OBJ 50000a28 (sz=16, trace=300157, class=java.lang.Object@50000172)
ARR 50000a29 (sz=24, trace=300000, nelems=12, elem type=char[])
OBJ 50000a2a (sz=16, trace=300160, class=java.lang.Object@50000172)
ARR 50000a2b (sz=18, trace=300000, nelems=9, elem type=char[])
OBJ 50000a2c (sz=16, trace=300157, class=java.lang.Object@50000172)
OBJ 50000a2d (sz=24, trace=300000, class=java.lang.String@5000016e)
	value		50000a31
OBJ 50000a2e (sz=16, trace=300160, class=java.lang.Object@50000172)
OBJ 50000a2f (sz=24, trace=300000, class=java.lang.String@5000016e)
	value		50000a30
ARR 50000a30 (sz=26, trace=300000, nelems=13, elem type=char[])
ARR 50000a31 (sz=148, trace=300000, nelems=74, elem type=char[])
OBJ 50000a32 (sz=24, trace=300000, class=java.lang.String@5000016e)
	value		50000a35
OBJ 50000a33 (sz=24, trace=300000, class=java.lang.String@5000016e)
	value		50000a34
ARR 50000a34 (sz=38, trace=300000, nelems=19, elem type=char[])
ARR 50000a35 (sz=842, trace=300000, nelems=421, elem type=char[])
OBJ 50000a36 (sz=24, trace=300000, class=java.lang.String@5000016e)
	value		50000a39
OBJ 50000a37 (sz=24, trace=300000, class=java.lang.String@5000016e)
	value		50000a38
ARR 50000a38 (sz=22, trace=300000, nelems=11, elem type=char[])
ARR 50000a39 (sz=36, trace=300000, nelems=18, elem type=char[])
OBJ 50000a3a (sz=24, trace=300000, class=java.lang.String@5000016e)
	value		50000a3f
OBJ 50000a3b (sz=56, trace=300687, class=java.util.zip.ZipFile$ZipFileInputStream@5000055c)
	this$0		500004ec
OBJ 50000a3c (sz=40, trace=300106, class=java.lang.ref.Finalizer@5000014d)
	referent	50000a3b
	queue		500003a9
	next		500009b5
	prev		50000aa8
OBJ 50000a3d (sz=24, trace=300000, class=java.lang.String@5000016e)
	value		50000a3e
ARR 50000a3e (sz=28, trace=300000, nelems=14, elem type=char[])
ARR 50000a3f (sz=2, trace=300000, nelems=1, elem type=char[])
OBJ 50000a40 (sz=24, trace=300000, class=java.lang.String@5000016e)
	value		50000a43
OBJ 50000a41 (sz=24, trace=300000, class=java.lang.String@5000016e)
	value		50000a42
ARR 50000a42 (sz=38, trace=300000, nelems=19, elem type=char[])
ARR 50000a43 (sz=70, trace=300000, nelems=35, elem type=char[])
OBJ 50000a44 (sz=24, trace=300000, class=java.lang.String@5000016e)
	value		50000a47
OBJ 50000a45 (sz=24, trace=300000, class=java.lang.String@5000016e)
	value		50000a46
ARR 50000a46 (sz=62, trace=300000, nelems=31, elem type=char[])
ARR 50000a47 (sz=10, trace=300000, nelems=5, elem type=char[])
OBJ 50000a49 (sz=40, trace=301042, class=java.util.EnumMap@500009de)
OBJ 50000a4a (sz=32, trace=300000, class=java.util.Hashtable$Entry@500000c0)
	key		50000a67
	value		50000a66
OBJ 50000a4b (sz=24, trace=300000, class=java.lang.String@5000016e)
	value		50000a51
OBJ 50000a4c (sz=24, trace=300000, class=java.lang.String@5000016e)
	value		50000a50
OBJ 50000a4d (sz=56, trace=300679, class=java.lang.Class$ReflectionData@500000a5)
OBJ 50000a4e (sz=40, trace=300040, class=java.lang.ref.SoftReference@50000152)
OBJ 50000a4f (sz=88, trace=300681, class=java.lang.reflect.Method@5000013e)
ARR 50000a50 (sz=28, trace=300000, nelems=14, elem type=char[])
ARR 50000a51 (sz=12, trace=300000, nelems=6, elem type=char[])
OBJ 50000a52 (sz=24, trace=300811, class=sun.reflect.NativeMethodAccessorImpl@50001628)
OBJ 50000a53 (sz=16, trace=300813, class=sun.reflect.DelegatingMethodAccessorImpl@5000162a)
OBJ 50000a54 (sz=24, trace=301046, class=com.sun.tools.javac.util.BasicDiagnosticFormatter$BasicConfiguration$BasicFormatKind@50000a48)
	name		50002d77
OBJ 50000a55 (sz=24, trace=301047, class=com.sun.tools.javac.util.BasicDiagnosticFormatter$BasicConfiguration$BasicFormatKind@50000a48)
	name		50002d76
OBJ 50000a56 (sz=24, trace=301048, class=com.sun.tools.javac.util.BasicDiagnosticFormatter$BasicConfiguration$BasicFormatKind@50000a48)
	name		50002d75
ARR 50000a58 (sz=32, trace=301049, nelems=3, elem type=com.sun.tools.javac.util.BasicDiagnosticFormatter$BasicConfiguration$BasicFormatKind[]@50000a57)
	[0]		50000a54
	[1]		50000a55
	[2]		50000a56
ARR 50000a59 (sz=32, trace=301050, nelems=0, elem type=java.lang.Object[]@50000108)
OBJ 50000a5a (sz=48, trace=301051, class=java.util.HashMap@500000c6)
ARR 50000a5b (sz=80, trace=301052, nelems=0, elem type=java.util.HashMap$Node[]@500000c2)
OBJ 50000a5c (sz=32, trace=300221, class=java.util.HashMap$Node@500000c4)
OBJ 50000a5d (sz=32, trace=300222, class=java.util.HashMap$Node@500000c4)
OBJ 50000a5e (sz=32, trace=300221, class=java.util.HashMap$Node@500000c4)
OBJ 50000a5f (sz=32, trace=300221, class=java.util.HashMap$Node@500000c4)
OBJ 50000a60 (sz=32, trace=301053, class=com.sun.tools.javac.util.BasicDiagnosticFormatter@50000374)
OBJ 50000a61 (sz=16, trace=300157, class=java.lang.Object@50000172)
OBJ 50000a62 (sz=32, trace=300683, class=java.util.concurrent.ConcurrentHashMap$Node@50000024)
	key		50000d01
	val		50000a61
OBJ 50000a63 (sz=16, trace=300160, class=java.lang.Object@50000172)
OBJ 50000a64 (sz=32, trace=300683, class=java.util.concurrent.ConcurrentHashMap$Node@50000024)
	key		50000d01
	val		50000a63
OBJ 50000a65 (sz=56, trace=300687, class=java.util.zip.ZipFile$ZipFileInputStream@5000055c)
OBJ 50000a66 (sz=24, trace=300000, class=java.lang.String@5000016e)
	value		50000a69
OBJ 50000a67 (sz=24, trace=300000, class=java.lang.String@5000016e)
	value		50000a68
ARR 50000a68 (sz=46, trace=300000, nelems=23, elem type=char[])
ARR 50000a69 (sz=26, trace=300000, nelems=13, elem type=char[])
OBJ 50000a6a (sz=24, trace=300000, class=java.lang.String@5000016e)
	value		50000a6d
OBJ 50000a6b (sz=24, trace=300000, class=java.lang.String@5000016e)
	value		50000a6c
ARR 50000a6c (sz=22, trace=300000, nelems=11, elem type=char[])
ARR 50000a6d (sz=14, trace=300000, nelems=7, elem type=char[])
OBJ 50000a6e (sz=24, trace=300000, class=java.lang.String@5000016e)
	value		50000a72
OBJ 50000a6f (sz=24, trace=300000, class=java.lang.String@5000016e)
	value		50000a70
ARR 50000a70 (sz=30, trace=300000, nelems=15, elem type=char[])
OBJ 50000a71 (sz=16, trace=300157, class=java.lang.Object@50000172)
ARR 50000a72 (sz=10, trace=300000, nelems=5, elem type=char[])
OBJ 50000a73 (sz=16, trace=300160, class=java.lang.Object@50000172)
ARR 50000a74 (sz=32, trace=300000, nelems=16, elem type=char[])
OBJ 50000a76 (sz=16, trace=300157, class=java.lang.Object@50000172)
OBJ 50000a77 (sz=32, trace=300683, class=java.util.concurrent.ConcurrentHashMap$Node@50000024)
	key		50000cd7
	val		50000a76
OBJ 50000a78 (sz=24, trace=300000, class=java.util.Collections$EmptyMap@500000d6)
OBJ 50000a79 (sz=16, trace=300000, class=java.util.Collections$EmptyList@500000d8)
OBJ 50000a7a (sz=16, trace=300000, class=java.util.Collections$EmptySet@500000d9)
OBJ 50000a7b (sz=24, trace=300000, class=java.lang.String@5000016e)
	value		50000a83
OBJ 50000a7c (sz=16, trace=300000, class=java.lang.Boolean@50000111)
OBJ 50000a7d (sz=32, trace=300695, class=java.util.concurrent.ConcurrentHashMap$Node@50000024)
	key		50000c7f
	val		500008cc
OBJ 50000a7e (sz=16, trace=300000, class=java.lang.Boolean@50000111)
OBJ 50000a7f (sz=32, trace=300696, class=java.util.concurrent.ConcurrentHashMap$Node@50000024)
	key		50000bd1
	val		500008c8
OBJ 50000a80 (sz=16, trace=300160, class=java.lang.Object@50000172)
OBJ 50000a81 (sz=32, trace=300683, class=java.util.concurrent.ConcurrentHashMap$Node@50000024)
	key		50000cd7
	val		50000a80
ARR 50000a82 (sz=8, trace=300000, nelems=4, elem type=char[])
ARR 50000a83 (sz=14, trace=300000, nelems=7, elem type=char[])
OBJ 50000a84 (sz=24, trace=300000, class=java.lang.String@5000016e)
	value		50000a85
ARR 50000a85 (sz=70, trace=300000, nelems=35, elem type=char[])
OBJ 50000a86 (sz=24, trace=300000, class=java.lang.String@5000016e)
	value		50002e0c
OBJ 50000a87 (sz=32, trace=300695, class=java.util.concurrent.ConcurrentHashMap$Node@50000024)
	key		50000c7f
	val		500008ce
OBJ 50000a88 (sz=24, trace=300000, class=java.lang.String@5000016e)
	value		50002e0b
OBJ 50000a89 (sz=32, trace=300696, class=java.util.concurrent.ConcurrentHashMap$Node@50000024)
	key		50000bd1
	val		500008ca
OBJ 50000a8a (sz=24, trace=300000, class=java.lang.String@5000016e)
	value		50002e0a
ARR 50000a8b (sz=24, trace=300000, nelems=1, elem type=java.lang.String[]@500000c8)
	[0]		500008f5
ARR 50000a8c (sz=168, trace=300000, nelems=37, elem type=java.lang.String[]@500000c8)
	[0]		50002db3
	[1]		50002db4
	[2]		50002db5
	[3]		50002db6
	[4]		50002db7
	[5]		50002db8
	[6]		50002db9
	[7]		50002dba
	[8]		50002dbb
	[9]		50002dbc
	[10]		50002dbd
	[11]		50002dbe
	[12]		50002dbf
	[13]		50002dc0
	[14]		50002dc1
	[15]		50002dc2
	[16]		50002dc3
	[17]		50002dc4
	[18]		50002dc5
	[19]		50002dc6
	[20]		50002dc7
	[21]		50002dc8
	[22]		50002dc9
	[23]		50002dca
	[24]		50002dcb
	[25]		50002dcc
	[26]		50002dcd
	[27]		50002dce
	[28]		50002dcf
	[29]		50002dd0
	[30]		50002dd1
	[31]		50002dd2
	[32]		50002dd3
	[33]		50002dd4
	[34]		50002dd5
	[35]		50002dd6
	[36]		50002dd7
OBJ 50000a8d (sz=32, trace=300000, class=java.util.Stack@500000e2)
	elementData	50002db2
OBJ 50000a8e (sz=32, trace=300000, class=java.util.Vector@500000e3)
	elementData	50002db0
OBJ 50000a8f (sz=32, trace=300000, class=java.util.Vector@500000e3)
	elementData	50002daf
ARR 50000a90 (sz=16, trace=300000, nelems=0, elem type=java.security.cert.Certificate[]@500000ea)
OBJ 50000a91 (sz=48, trace=300000, class=sun.misc.URLClassPath@50000004)
	path		50002da6
	urls		50002da5
	loaders		50002da4
	lmap		50002da3
	jarHandler	50002da2
	acc		50000a93
OBJ 50000a92 (sz=48, trace=300000, class=java.util.WeakHashMap@5000009b)
	table		50002dad
	queue		50002dac
OBJ 50000a93 (sz=40, trace=300000, class=java.security.AccessControlContext@5000015f)
OBJ 50000a94 (sz=48, trace=300000, class=java.util.HashMap@500000c6)
	table		50000842
OBJ 50000a95 (sz=16, trace=300000, class=java.lang.Object@50000172)
OBJ 50000a96 (sz=32, trace=300000, class=java.util.Vector@500000e3)
	elementData	50002da1
OBJ 50000a97 (sz=48, trace=300000, class=java.util.HashMap@500000c6)
	table		50001278
OBJ 50000a98 (sz=24, trace=300000, class=java.util.Collections$SynchronizedSet@500000ba)
	c		50002d9f
	mutex		50000a98
OBJ 50000a99 (sz=40, trace=300000, class=java.security.ProtectionDomain@50000160)
	codesource	50002d9e
	classloader	500003b3
	principals	50002d9d
	key		50002d9c
OBJ 50000a9a (sz=32, trace=300000, class=java.util.Vector@500000e3)
	elementData	50000836
OBJ 50000a9b (sz=64, trace=300000, class=java.util.concurrent.ConcurrentHashMap@5000002b)
	table		5000122b
OBJ 50000a9c (sz=64, trace=300000, class=java.util.concurrent.ConcurrentHashMap@5000002b)
	table		5000111a
OBJ 50000a9d (sz=48, trace=300000, class=java.util.WeakHashMap@5000009b)
	table		50001a24
	queue		50001a23
OBJ 50000a9e (sz=40, trace=300000, class=java.security.AccessControlContext@5000015f)
OBJ 50000a9f (sz=48, trace=300000, class=sun.misc.URLClassPath@50000004)
	path		500019d4
	urls		500019d3
	loaders		500019d2
	lmap		500019d1
	jarHandler	500019d0
	acc		50000a9e
OBJ 50000aa0 (sz=48, trace=300000, class=java.util.HashMap@500000c6)
OBJ 50000aa1 (sz=16, trace=300000, class=java.lang.Object@50000172)
OBJ 50000aa2 (sz=32, trace=300000, class=java.util.Vector@500000e3)
	elementData	500019cf
OBJ 50000aa3 (sz=48, trace=300000, class=java.util.HashMap@500000c6)
OBJ 50000aa4 (sz=24, trace=300000, class=java.util.Collections$SynchronizedSet@500000ba)
	c		500019c8
	mutex		50000aa4
OBJ 50000aa5 (sz=40, trace=300000, class=java.security.ProtectionDomain@50000160)
	codesource	50000d6e
	classloader	500003b5
	principals	50000d6d
	key		50000d6c
OBJ 50000aa6 (sz=32, trace=300000, class=java.util.Vector@500000e3)
	elementData	50000d6b
OBJ 50000aa7 (sz=56, trace=300687, class=java.util.zip.ZipFile$ZipFileInputStream@5000055c)
	this$0		500004ec
OBJ 50000aa8 (sz=40, trace=300106, class=java.lang.ref.Finalizer@5000014d)
	referent	50000aa7
	queue		500003a9
	next		50000a3c
	prev		50000b02
OBJ 50000aa9 (sz=64, trace=300000, class=java.util.concurrent.ConcurrentHashMap@5000002b)
OBJ 50000aaa (sz=64, trace=300000, class=java.util.concurrent.ConcurrentHashMap@5000002b)
	table		50001143
OBJ 50000aab (sz=24, trace=300000, class=java.lang.String@5000016e)
	value		50000aac
ARR 50000aac (sz=68, trace=300000, nelems=34, elem type=char[])
OBJ 50000aad (sz=24, trace=300000, class=java.lang.String@5000016e)
	value		50000aae
ARR 50000aae (sz=42, trace=300000, nelems=21, elem type=char[])
OBJ 50000aaf (sz=24, trace=300000, class=java.lang.String@5000016e)
	value		50000ab0
ARR 50000ab0 (sz=70, trace=300000, nelems=35, elem type=char[])
OBJ 50000ab1 (sz=24, trace=300000, class=java.lang.String@5000016e)
	value		50000ab2
ARR 50000ab2 (sz=98, trace=300000, nelems=49, elem type=char[])
OBJ 50000ab3 (sz=24, trace=300000, class=java.lang.String@5000016e)
	value		50000ab4
ARR 50000ab4 (sz=68, trace=300000, nelems=34, elem type=char[])
OBJ 50000ab5 (sz=24, trace=300000, class=java.lang.String@5000016e)
	value		50000ac2
OBJ 50000ab6 (sz=24, trace=300369, class=java.lang.String@5000016e)
	value		50000ab7
ARR 50000ab7 (sz=60, trace=300370, nelems=30, elem type=char[])
OBJ 50000ab8 (sz=16, trace=300157, class=java.lang.Object@50000172)
OBJ 50000ab9 (sz=32, trace=300159, class=java.util.concurrent.ConcurrentHashMap$Node@50000024)
	key		50000cfd
	val		50000ab8
OBJ 50000aba (sz=16, trace=300160, class=java.lang.Object@50000172)
OBJ 50000abb (sz=32, trace=300159, class=java.util.concurrent.ConcurrentHashMap$Node@50000024)
	key		50000cfd
	val		50000aba
OBJ 50000abe (sz=16, trace=300157, class=java.lang.Object@50000172)
OBJ 50000abf (sz=32, trace=300683, class=java.util.concurrent.ConcurrentHashMap$Node@50000024)
	key		50000c58
	val		50000abe
	next		50001232
OBJ 50000ac0 (sz=16, trace=300160, class=java.lang.Object@50000172)
OBJ 50000ac1 (sz=32, trace=300683, class=java.util.concurrent.ConcurrentHashMap$Node@50000024)
	key		50000c58
	val		50000ac0
	next		50001234
ARR 50000ac2 (sz=68, trace=300000, nelems=34, elem type=char[])
OBJ 50000ac3 (sz=24, trace=300000, class=java.lang.String@5000016e)
	value		50000ac6
OBJ 50000ac4 (sz=56, trace=300443, class=java.lang.Package@500005db)
	pkgName		50000ab6
	loader		500003b3
OBJ 50000ac5 (sz=32, trace=300221, class=java.util.HashMap$Node@500000c4)
	key		50000ab6
	value		50000ac4
ARR 50000ac6 (sz=68, trace=300000, nelems=34, elem type=char[])
OBJ 50000ac7 (sz=24, trace=300000, class=java.lang.String@5000016e)
	value		50000ac8
ARR 50000ac8 (sz=68, trace=300000, nelems=34, elem type=char[])
OBJ 50000ac9 (sz=56, trace=300687, class=java.util.zip.ZipFile$ZipFileInputStream@5000055c)
OBJ 50000aca (sz=24, trace=300000, class=java.lang.String@5000016e)
	value		50000acb
ARR 50000acb (sz=64, trace=300000, nelems=32, elem type=char[])
OBJ 50000acc (sz=24, trace=300000, class=java.lang.String@5000016e)
	value		50000acd
ARR 50000acd (sz=68, trace=300000, nelems=34, elem type=char[])
OBJ 50000ace (sz=24, trace=300000, class=java.lang.String@5000016e)
	value		50000ad2
OBJ 50000acf (sz=24, trace=300668, class=java.lang.String@5000016e)
	value		50000ad0
ARR 50000ad0 (sz=60, trace=300669, nelems=30, elem type=char[])
OBJ 50000ad1 (sz=32, trace=300671, class=java.util.concurrent.ConcurrentHashMap$Node@50000024)
	key		50000acf
	val		50000a90
ARR 50000ad2 (sz=68, trace=300000, nelems=34, elem type=char[])
OBJ 50000ad3 (sz=24, trace=300000, class=java.lang.String@5000016e)
	value		50000ad4
ARR 50000ad4 (sz=68, trace=300000, nelems=34, elem type=char[])
OBJ 50000ad5 (sz=24, trace=300000, class=java.lang.String@5000016e)
	value		50000ad8
OBJ 50000ad7 (sz=16, trace=300157, class=java.lang.Object@50000172)
ARR 50000ad8 (sz=68, trace=300000, nelems=34, elem type=char[])
OBJ 50000ad9 (sz=16, trace=300160, class=java.lang.Object@50000172)
OBJ 50000ada (sz=24, trace=300000, class=java.lang.String@5000016e)
	value		50000adb
ARR 50000adb (sz=56, trace=300000, nelems=28, elem type=char[])
OBJ 50000adc (sz=24, trace=300000, class=java.lang.String@5000016e)
	value		50000add
ARR 50000add (sz=62, trace=300000, nelems=31, elem type=char[])
OBJ 50000ade (sz=24, trace=300000, class=java.lang.String@5000016e)
	value		50000adf
ARR 50000adf (sz=136, trace=300000, nelems=68, elem type=char[])
OBJ 50000ae0 (sz=24, trace=300000, class=java.lang.String@5000016e)
	value		50000ae1
ARR 50000ae1 (sz=72, trace=300000, nelems=36, elem type=char[])
OBJ 50000ae2 (sz=24, trace=300000, class=java.lang.String@5000016e)
	value		50000ae3
ARR 50000ae3 (sz=36, trace=300000, nelems=18, elem type=char[])
OBJ 50000ae4 (sz=24, trace=300000, class=java.lang.String@5000016e)
	value		50000ae5
ARR 50000ae5 (sz=72, trace=300000, nelems=36, elem type=char[])
OBJ 50000ae6 (sz=24, trace=300000, class=java.lang.String@5000016e)
	value		50000ae7
ARR 50000ae7 (sz=60, trace=300000, nelems=30, elem type=char[])
OBJ 50000ae8 (sz=24, trace=300000, class=java.lang.String@5000016e)
	value		50000ae9
ARR 50000ae9 (sz=36, trace=300000, nelems=18, elem type=char[])
OBJ 50000aea (sz=24, trace=300000, class=java.lang.String@5000016e)
	value		50000aeb
ARR 50000aeb (sz=90, trace=300000, nelems=45, elem type=char[])
OBJ 50000aec (sz=24, trace=300000, class=java.lang.String@5000016e)
	value		50000aed
ARR 50000aed (sz=40, trace=300000, nelems=20, elem type=char[])
OBJ 50000aee (sz=24, trace=300000, class=java.lang.String@5000016e)
	value		50000aef
ARR 50000aef (sz=88, trace=300000, nelems=44, elem type=char[])
OBJ 50000af0 (sz=24, trace=300000, class=java.lang.String@5000016e)
	value		50000af1
ARR 50000af1 (sz=86, trace=300000, nelems=43, elem type=char[])
OBJ 50000af2 (sz=24, trace=300000, class=java.lang.String@5000016e)
	value		50000af3
ARR 50000af3 (sz=144, trace=300000, nelems=72, elem type=char[])
OBJ 50000af4 (sz=24, trace=300000, class=java.lang.String@5000016e)
	value		50000af5
ARR 50000af5 (sz=60, trace=300000, nelems=30, elem type=char[])
OBJ 50000af6 (sz=24, trace=300000, class=java.lang.String@5000016e)
	value		50000af7
ARR 50000af7 (sz=74, trace=300000, nelems=37, elem type=char[])
OBJ 50000af8 (sz=24, trace=300000, class=java.lang.String@5000016e)
	value		50000af9
ARR 50000af9 (sz=68, trace=300000, nelems=34, elem type=char[])
OBJ 50000afa (sz=24, trace=300000, class=java.lang.String@5000016e)
	value		50000afb
ARR 50000afb (sz=68, trace=300000, nelems=34, elem type=char[])
OBJ 50000afc (sz=24, trace=300000, class=java.lang.String@5000016e)
	value		50000afd
ARR 50000afd (sz=68, trace=300000, nelems=34, elem type=char[])
OBJ 50000afe (sz=24, trace=300000, class=java.lang.String@5000016e)
	value		50000aff
ARR 50000aff (sz=68, trace=300000, nelems=34, elem type=char[])
OBJ 50000b00 (sz=24, trace=300000, class=java.lang.String@5000016e)
	value		50000b03
OBJ 50000b01 (sz=56, trace=300687, class=java.util.zip.ZipFile$ZipFileInputStream@5000055c)
	this$0		500004ec
OBJ 50000b02 (sz=40, trace=300106, class=java.lang.ref.Finalizer@5000014d)
	referent	50000b01
	queue		500003a9
	next		50000aa8
	prev		50000b79
ARR 50000b03 (sz=68, trace=300000, nelems=34, elem type=char[])
OBJ 50000b04 (sz=24, trace=300000, class=java.lang.String@5000016e)
	value		50000b05
ARR 50000b05 (sz=68, trace=300000, nelems=34, elem type=char[])
OBJ 50000b06 (sz=24, trace=300000, class=java.lang.String@5000016e)
	value		50000b07
ARR 50000b07 (sz=68, trace=300000, nelems=34, elem type=char[])
OBJ 50000b08 (sz=24, trace=300000, class=java.lang.String@5000016e)
	value		50000b09
ARR 50000b09 (sz=68, trace=300000, nelems=34, elem type=char[])
OBJ 50000b0a (sz=24, trace=300000, class=java.lang.String@5000016e)
	value		50000b0b
ARR 50000b0b (sz=36, trace=300000, nelems=18, elem type=char[])
OBJ 50000b0c (sz=24, trace=300000, class=java.lang.String@5000016e)
	value		50000b0d
ARR 50000b0d (sz=34, trace=300000, nelems=17, elem type=char[])
OBJ 50000b0e (sz=24, trace=300000, class=java.lang.String@5000016e)
	value		50000b11
OBJ 50000b0f (sz=16, trace=300157, class=java.lang.Object@50000172)
OBJ 50000b10 (sz=56, trace=300687, class=java.util.zip.ZipFile$ZipFileInputStream@5000055c)
ARR 50000b11 (sz=106, trace=300000, nelems=53, elem type=char[])
OBJ 50000b12 (sz=32, trace=300683, class=java.util.concurrent.ConcurrentHashMap$Node@50000024)
	key		50000d13
	val		50000b0f
OBJ 50000b13 (sz=16, trace=300160, class=java.lang.Object@50000172)
OBJ 50000b14 (sz=32, trace=300683, class=java.util.concurrent.ConcurrentHashMap$Node@50000024)
	key		50000d13
	val		50000b13
OBJ 50000b17 (sz=16, trace=300157, class=java.lang.Object@50000172)
OBJ 50000b18 (sz=32, trace=300159, class=java.util.concurrent.ConcurrentHashMap$Node@50000024)
	key		50000caf
	val		50000b17
OBJ 50000b19 (sz=16, trace=300160, class=java.lang.Object@50000172)
OBJ 50000b1a (sz=32, trace=300159, class=java.util.concurrent.ConcurrentHashMap$Node@50000024)
	key		50000caf
	val		50000b19
OBJ 50000b1b (sz=24, trace=300000, class=java.lang.String@5000016e)
	value		50000b1e
OBJ 50000b1d (sz=16, trace=300157, class=java.lang.Object@50000172)
ARR 50000b1e (sz=68, trace=300000, nelems=34, elem type=char[])
OBJ 50000b1f (sz=16, trace=300160, class=java.lang.Object@50000172)
OBJ 50000b20 (sz=24, trace=300000, class=java.lang.String@5000016e)
	value		50000b22
OBJ 50000b21 (sz=16, trace=300157, class=java.lang.Object@50000172)
ARR 50000b22 (sz=68, trace=300000, nelems=34, elem type=char[])
OBJ 50000b23 (sz=16, trace=300160, class=java.lang.Object@50000172)
OBJ 50000b24 (sz=24, trace=300000, class=java.lang.String@5000016e)
	value		50000b39
OBJ 50000b26 (sz=16, trace=300157, class=java.lang.Object@50000172)
OBJ 50000b27 (sz=32, trace=300683, class=java.util.concurrent.ConcurrentHashMap$Node@50000024)
	key		50000d03
	val		50000b26
	next		50001683
OBJ 50000b28 (sz=16, trace=300160, class=java.lang.Object@50000172)
OBJ 50000b29 (sz=32, trace=300683, class=java.util.concurrent.ConcurrentHashMap$Node@50000024)
	key		50000d03
	val		50000b28
	next		50001685
OBJ 50000b2a (sz=16, trace=300157, class=java.lang.Object@50000172)
OBJ 50000b2b (sz=32, trace=300683, class=java.util.concurrent.ConcurrentHashMap$Node@50000024)
	key		50000b0a
	val		50000b2a
OBJ 50000b2c (sz=16, trace=300160, class=java.lang.Object@50000172)
OBJ 50000b2d (sz=32, trace=300683, class=java.util.concurrent.ConcurrentHashMap$Node@50000024)
	key		50000b0a
	val		50000b2c
OBJ 50000b2e (sz=16, trace=300157, class=java.lang.Object@50000172)
OBJ 50000b2f (sz=32, trace=300683, class=java.util.concurrent.ConcurrentHashMap$Node@50000024)
	key		50000b77
	val		50000b2e
OBJ 50000b30 (sz=16, trace=300160, class=java.lang.Object@50000172)
OBJ 50000b31 (sz=32, trace=300683, class=java.util.concurrent.ConcurrentHashMap$Node@50000024)
	key		50000b77
	val		50000b30
OBJ 50000b33 (sz=16, trace=300157, class=java.lang.Object@50000172)
OBJ 50000b34 (sz=32, trace=300159, class=java.util.concurrent.ConcurrentHashMap$Node@50000024)
	key		50000c19
	val		50000b33
OBJ 50000b35 (sz=16, trace=300160, class=java.lang.Object@50000172)
OBJ 50000b36 (sz=32, trace=300159, class=java.util.concurrent.ConcurrentHashMap$Node@50000024)
	key		50000c19
	val		50000b35
OBJ 50000b37 (sz=24, trace=300697, class=java.io.OutputStreamWriter@50000090)
ARR 50000b38 (sz=24, trace=300136, nelems=2, elem type=java.lang.Object[]@50000108)
	[0]		5000142b
	[1]		5000163c
ARR 50000b39 (sz=112, trace=300000, nelems=56, elem type=char[])
OBJ 50000b3a (sz=64, trace=300699, class=sun.nio.cs.SingleByte$Encoder@50000078)
ARR 50000b3b (sz=24, trace=300142, nelems=0, elem type=byte[])
OBJ 50000b3c (sz=48, trace=300700, class=sun.nio.cs.StreamEncoder@5000008f)
ARR 50000b3d (sz=8208, trace=300701, nelems=0, elem type=byte[])
OBJ 50000b3e (sz=48, trace=300192, class=java.nio.HeapByteBuffer@50000075)
OBJ 50000b3f (sz=40, trace=300702, class=java.io.BufferedWriter@5000006f)
ARR 50000b40 (sz=16400, trace=300703, nelems=0, elem type=char[])
OBJ 50000b41 (sz=24, trace=300000, class=java.lang.String@5000016e)
	value		50000b43
OBJ 50000b42 (sz=40, trace=300705, class=java.io.PrintWriter@50000867)
ARR 50000b43 (sz=84, trace=300000, nelems=42, elem type=char[])
OBJ 50000b44 (sz=56, trace=300707, class=com.sun.tools.javac.main.Main@500008c7)
OBJ 50000b45 (sz=16, trace=300157, class=java.lang.Object@50000172)
OBJ 50000b46 (sz=32, trace=300683, class=java.util.concurrent.ConcurrentHashMap$Node@50000024)
	key		50000b5f
	val		50000b45
	next		500013df
OBJ 50000b47 (sz=16, trace=300160, class=java.lang.Object@50000172)
OBJ 50000b48 (sz=32, trace=300683, class=java.util.concurrent.ConcurrentHashMap$Node@50000024)
	key		50000b5f
	val		50000b47
	next		500013e1
OBJ 50000b49 (sz=24, trace=300000, class=java.lang.String@5000016e)
	value		50000b4a
ARR 50000b4a (sz=58, trace=300000, nelems=29, elem type=char[])
OBJ 50000b4b (sz=24, trace=300000, class=java.lang.String@5000016e)
	value		50000b4c
ARR 50000b4c (sz=72, trace=300000, nelems=36, elem type=char[])
OBJ 50000b4d (sz=24, trace=300000, class=java.lang.String@5000016e)
	value		50000b4e
ARR 50000b4e (sz=64, trace=300000, nelems=32, elem type=char[])
OBJ 50000b4f (sz=24, trace=300000, class=java.lang.String@5000016e)
	value		50000b50
ARR 50000b50 (sz=96, trace=300000, nelems=48, elem type=char[])
OBJ 50000b51 (sz=24, trace=300000, class=java.lang.String@5000016e)
	value		50000b52
ARR 50000b52 (sz=28, trace=300000, nelems=14, elem type=char[])
OBJ 50000b53 (sz=24, trace=300000, class=java.lang.String@5000016e)
	value		50000b54
ARR 50000b54 (sz=66, trace=300000, nelems=33, elem type=char[])
OBJ 50000b55 (sz=24, trace=300000, class=java.lang.String@5000016e)
	value		50000b56
ARR 50000b56 (sz=28, trace=300000, nelems=14, elem type=char[])
OBJ 50000b57 (sz=24, trace=300000, class=java.lang.String@5000016e)
	value		50000b58
ARR 50000b58 (sz=104, trace=300000, nelems=52, elem type=char[])
OBJ 50000b59 (sz=24, trace=300000, class=java.lang.String@5000016e)
	value		50000b5a
ARR 50000b5a (sz=58, trace=300000, nelems=29, elem type=char[])
OBJ 50000b5b (sz=24, trace=300000, class=java.lang.String@5000016e)
	value		50000b5c
ARR 50000b5c (sz=88, trace=300000, nelems=44, elem type=char[])
OBJ 50000b5d (sz=24, trace=300000, class=java.lang.String@5000016e)
	value		50000b5e
ARR 50000b5e (sz=38, trace=300000, nelems=19, elem type=char[])
OBJ 50000b5f (sz=24, trace=300000, class=java.lang.String@5000016e)
	value		50000b60
ARR 50000b60 (sz=62, trace=300000, nelems=31, elem type=char[])
OBJ 50000b61 (sz=24, trace=300000, class=java.lang.String@5000016e)
	value		50000b62
ARR 50000b62 (sz=62, trace=300000, nelems=31, elem type=char[])
OBJ 50000b63 (sz=24, trace=300000, class=java.lang.String@5000016e)
	value		50000b64
ARR 50000b64 (sz=58, trace=300000, nelems=29, elem type=char[])
OBJ 50000b65 (sz=24, trace=300000, class=java.lang.String@5000016e)
	value		50000b66
ARR 50000b66 (sz=84, trace=300000, nelems=42, elem type=char[])
OBJ 50000b67 (sz=24, trace=300000, class=java.lang.String@5000016e)
	value		50000b68
ARR 50000b68 (sz=68, trace=300000, nelems=34, elem type=char[])
OBJ 50000b69 (sz=24, trace=300000, class=java.lang.String@5000016e)
	value		50000b6a
ARR 50000b6a (sz=44, trace=300000, nelems=22, elem type=char[])
OBJ 50000b6b (sz=24, trace=300000, class=java.lang.String@5000016e)
	value		50000b6c
ARR 50000b6c (sz=28, trace=300000, nelems=14, elem type=char[])
OBJ 50000b6d (sz=24, trace=300000, class=java.lang.String@5000016e)
	value		50000b6e
ARR 50000b6e (sz=60, trace=300000, nelems=30, elem type=char[])
OBJ 50000b6f (sz=24, trace=300000, class=java.lang.String@5000016e)
	value		50000b70
ARR 50000b70 (sz=84, trace=300000, nelems=42, elem type=char[])
OBJ 50000b71 (sz=24, trace=300000, class=java.lang.String@5000016e)
	value		50000b72
ARR 50000b72 (sz=66, trace=300000, nelems=33, elem type=char[])
OBJ 50000b73 (sz=24, trace=300000, class=java.lang.String@5000016e)
	value		50000b74
ARR 50000b74 (sz=144, trace=300000, nelems=72, elem type=char[])
OBJ 50000b75 (sz=24, trace=300000, class=java.lang.String@5000016e)
	value		50000b76
ARR 50000b76 (sz=54, trace=300000, nelems=27, elem type=char[])
OBJ 50000b77 (sz=24, trace=300000, class=java.lang.String@5000016e)
	value		50000b7a
OBJ 50000b78 (sz=56, trace=300687, class=java.util.zip.ZipFile$ZipFileInputStream@5000055c)
	this$0		500004ec
OBJ 50000b79 (sz=40, trace=300106, class=java.lang.ref.Finalizer@5000014d)
	referent	50000b78
	queue		500003a9
	next		50000b02
	prev		50000bca
ARR 50000b7a (sz=62, trace=300000, nelems=31, elem type=char[])
OBJ 50000b7b (sz=24, trace=300000, class=java.lang.String@5000016e)
	value		50000b7c
ARR 50000b7c (sz=66, trace=300000, nelems=33, elem type=char[])
OBJ 50000b7d (sz=24, trace=300000, class=java.lang.String@5000016e)
	value		50000b7f
OBJ 50000b7e (sz=56, trace=300687, class=java.util.zip.ZipFile$ZipFileInputStream@5000055c)
ARR 50000b7f (sz=52, trace=300000, nelems=26, elem type=char[])
OBJ 50000b80 (sz=24, trace=300000, class=java.lang.String@5000016e)
	value		50000b81
ARR 50000b81 (sz=66, trace=300000, nelems=33, elem type=char[])
OBJ 50000b82 (sz=24, trace=300000, class=java.lang.String@5000016e)
	value		50000b83
ARR 50000b83 (sz=66, trace=300000, nelems=33, elem type=char[])
OBJ 50000b84 (sz=24, trace=300000, class=java.lang.String@5000016e)
	value		50000b85
ARR 50000b85 (sz=66, trace=300000, nelems=33, elem type=char[])
OBJ 50000b86 (sz=24, trace=300000, class=java.lang.String@5000016e)
	value		50000b87
ARR 50000b87 (sz=66, trace=300000, nelems=33, elem type=char[])
OBJ 50000b89 (sz=16, trace=300157, class=java.lang.Object@50000172)
OBJ 50000b8a (sz=32, trace=300683, class=java.util.concurrent.ConcurrentHashMap$Node@50000024)
	key		50000b49
	val		50000b89
OBJ 50000b8b (sz=16, trace=300160, class=java.lang.Object@50000172)
OBJ 50000b8c (sz=32, trace=300683, class=java.util.concurrent.ConcurrentHashMap$Node@50000024)
	key		50000b49
	val		50000b8b
OBJ 50000b8d (sz=24, trace=300000, class=java.lang.String@5000016e)
	value		50000b93
OBJ 50000b8f (sz=16, trace=300157, class=java.lang.Object@50000172)
OBJ 50000b90 (sz=32, trace=300159, class=java.util.concurrent.ConcurrentHashMap$Node@50000024)
	key		50000cea
	val		50000b8f
OBJ 50000b91 (sz=16, trace=300160, class=java.lang.Object@50000172)
OBJ 50000b92 (sz=32, trace=300159, class=java.util.concurrent.ConcurrentHashMap$Node@50000024)
	key		50000cea
	val		50000b91
ARR 50000b93 (sz=58, trace=300000, nelems=29, elem type=char[])
OBJ 50000b94 (sz=24, trace=300000, class=java.lang.String@5000016e)
	value		50000b95
ARR 50000b95 (sz=98, trace=300000, nelems=49, elem type=char[])
OBJ 50000b96 (sz=24, trace=300000, class=java.lang.String@5000016e)
	value		50000b97
ARR 50000b97 (sz=60, trace=300000, nelems=30, elem type=char[])
OBJ 50000b98 (sz=24, trace=300000, class=java.lang.String@5000016e)
	value		50000b99
ARR 50000b99 (sz=44, trace=300000, nelems=22, elem type=char[])
OBJ 50000b9a (sz=24, trace=300000, class=java.lang.String@5000016e)
	value		50000b9b
ARR 50000b9b (sz=40, trace=300000, nelems=20, elem type=char[])
OBJ 50000b9c (sz=24, trace=300000, class=java.lang.String@5000016e)
	value		50000b9d
ARR 50000b9d (sz=66, trace=300000, nelems=33, elem type=char[])
OBJ 50000b9e (sz=24, trace=300000, class=java.lang.String@5000016e)
	value		50000b9f
ARR 50000b9f (sz=66, trace=300000, nelems=33, elem type=char[])
OBJ 50000ba0 (sz=24, trace=300000, class=java.lang.String@5000016e)
	value		50000ba1
ARR 50000ba1 (sz=66, trace=300000, nelems=33, elem type=char[])
OBJ 50000ba2 (sz=24, trace=300000, class=java.lang.String@5000016e)
	value		50000ba3
ARR 50000ba3 (sz=70, trace=300000, nelems=35, elem type=char[])
OBJ 50000ba4 (sz=24, trace=300000, class=java.lang.String@5000016e)
	value		50000ba5
ARR 50000ba5 (sz=68, trace=300000, nelems=34, elem type=char[])
OBJ 50000ba6 (sz=24, trace=300000, class=java.lang.String@5000016e)
	value		50000ba7
ARR 50000ba7 (sz=24, trace=300000, nelems=12, elem type=char[])
OBJ 50000ba8 (sz=24, trace=300000, class=java.lang.String@5000016e)
	value		50000ba9
ARR 50000ba9 (sz=52, trace=300000, nelems=26, elem type=char[])
OBJ 50000baa (sz=24, trace=300000, class=java.lang.String@5000016e)
	value		50000bab
ARR 50000bab (sz=62, trace=300000, nelems=31, elem type=char[])
OBJ 50000bac (sz=24, trace=300000, class=java.lang.String@5000016e)
	value		50000bad
ARR 50000bad (sz=68, trace=300000, nelems=34, elem type=char[])
OBJ 50000bae (sz=24, trace=300000, class=java.lang.String@5000016e)
	value		50000baf
ARR 50000baf (sz=44, trace=300000, nelems=22, elem type=char[])
OBJ 50000bb0 (sz=24, trace=300000, class=java.lang.String@5000016e)
	value		50000bb1
ARR 50000bb1 (sz=66, trace=300000, nelems=33, elem type=char[])
OBJ 50000bb2 (sz=24, trace=300000, class=java.lang.String@5000016e)
	value		50000bb3
ARR 50000bb3 (sz=78, trace=300000, nelems=39, elem type=char[])
OBJ 50000bb4 (sz=24, trace=300000, class=java.lang.String@5000016e)
	value		50000bb5
ARR 50000bb5 (sz=46, trace=300000, nelems=23, elem type=char[])
OBJ 50000bb6 (sz=24, trace=300000, class=java.lang.String@5000016e)
	value		50000bb7
ARR 50000bb7 (sz=84, trace=300000, nelems=42, elem type=char[])
OBJ 50000bb8 (sz=24, trace=300000, class=java.lang.String@5000016e)
	value		50000bb9
ARR 50000bb9 (sz=32, trace=300000, nelems=16, elem type=char[])
OBJ 50000bba (sz=24, trace=300000, class=java.lang.String@5000016e)
	value		50000bbb
ARR 50000bbb (sz=68, trace=300000, nelems=34, elem type=char[])
OBJ 50000bbc (sz=24, trace=300000, class=java.lang.String@5000016e)
	value		50000bbd
ARR 50000bbd (sz=48, trace=300000, nelems=24, elem type=char[])
OBJ 50000bbe (sz=24, trace=300000, class=java.lang.String@5000016e)
	value		50000bbf
ARR 50000bbf (sz=62, trace=300000, nelems=31, elem type=char[])
OBJ 50000bc0 (sz=24, trace=300000, class=java.lang.String@5000016e)
	value		50000bc1
ARR 50000bc1 (sz=82, trace=300000, nelems=41, elem type=char[])
OBJ 50000bc2 (sz=24, trace=300000, class=java.lang.String@5000016e)
	value		50000bc3
ARR 50000bc3 (sz=48, trace=300000, nelems=24, elem type=char[])
OBJ 50000bc4 (sz=24, trace=300000, class=java.lang.String@5000016e)
	value		50000bc5
ARR 50000bc5 (sz=30, trace=300000, nelems=15, elem type=char[])
OBJ 50000bc6 (sz=24, trace=300000, class=java.lang.String@5000016e)
	value		50000bc9
OBJ 50000bc7 (sz=56, trace=300687, class=java.util.zip.ZipFile$ZipFileInputStream@5000055c)
	this$0		500004ec
OBJ 50000bc8 (sz=56, trace=300687, class=java.util.zip.ZipFile$ZipFileInputStream@5000055c)
ARR 50000bc9 (sz=62, trace=300000, nelems=31, elem type=char[])
OBJ 50000bca (sz=40, trace=300106, class=java.lang.ref.Finalizer@5000014d)
	referent	50000bc7
	queue		500003a9
	next		50000b79
	prev		50000c24
OBJ 50000bcb (sz=24, trace=300000, class=java.lang.String@5000016e)
	value		50000bcc
ARR 50000bcc (sz=86, trace=300000, nelems=43, elem type=char[])
OBJ 50000bcd (sz=24, trace=300000, class=java.lang.String@5000016e)
	value		50000bce
ARR 50000bce (sz=62, trace=300000, nelems=31, elem type=char[])
OBJ 50000bcf (sz=24, trace=300000, class=java.lang.String@5000016e)
	value		50000bd0
ARR 50000bd0 (sz=70, trace=300000, nelems=35, elem type=char[])
OBJ 50000bd1 (sz=24, trace=300000, class=java.lang.String@5000016e)
	value		50000bd2
ARR 50000bd2 (sz=38, trace=300000, nelems=19, elem type=char[])
OBJ 50000bd3 (sz=24, trace=300000, class=java.lang.String@5000016e)
	value		50000bd4
ARR 50000bd4 (sz=62, trace=300000, nelems=31, elem type=char[])
OBJ 50000bd5 (sz=24, trace=300000, class=java.lang.String@5000016e)
	value		50000bdb
OBJ 50000bd7 (sz=16, trace=300157, class=java.lang.Object@50000172)
OBJ 50000bd8 (sz=32, trace=300159, class=java.util.concurrent.ConcurrentHashMap$Node@50000024)
	key		50000b9e
	val		50000bd7
OBJ 50000bd9 (sz=16, trace=300160, class=java.lang.Object@50000172)
OBJ 50000bda (sz=32, trace=300159, class=java.util.concurrent.ConcurrentHashMap$Node@50000024)
	key		50000b9e
	val		50000bd9
ARR 50000bdb (sz=62, trace=300000, nelems=31, elem type=char[])
OBJ 50000bdc (sz=24, trace=300000, class=java.lang.String@5000016e)
	value		50000be7
OBJ 50000bdd (sz=16, trace=300157, class=java.lang.Object@50000172)
OBJ 50000bde (sz=32, trace=300683, class=java.util.concurrent.ConcurrentHashMap$Node@50000024)
	key		50000c3d
	val		50000bdd
OBJ 50000bdf (sz=16, trace=300160, class=java.lang.Object@50000172)
OBJ 50000be0 (sz=32, trace=300683, class=java.util.concurrent.ConcurrentHashMap$Node@50000024)
	key		50000c3d
	val		50000bdf
OBJ 50000be3 (sz=16, trace=300157, class=java.lang.Object@50000172)
OBJ 50000be4 (sz=32, trace=300159, class=java.util.concurrent.ConcurrentHashMap$Node@50000024)
	key		50000c81
	val		50000be3
OBJ 50000be5 (sz=16, trace=300160, class=java.lang.Object@50000172)
OBJ 50000be6 (sz=32, trace=300159, class=java.util.concurrent.ConcurrentHashMap$Node@50000024)
	key		50000c81
	val		50000be5
ARR 50000be7 (sz=62, trace=300000, nelems=31, elem type=char[])
OBJ 50000be8 (sz=24, trace=300000, class=java.lang.String@5000016e)
	value		50000be9
ARR 50000be9 (sz=88, trace=300000, nelems=44, elem type=char[])
OBJ 50000bea (sz=24, trace=300000, class=java.lang.String@5000016e)
	value		50000beb
ARR 50000beb (sz=80, trace=300000, nelems=40, elem type=char[])
OBJ 50000bec (sz=24, trace=300000, class=java.lang.String@5000016e)
	value		50000bed
ARR 50000bed (sz=52, trace=300000, nelems=26, elem type=char[])
OBJ 50000bee (sz=24, trace=300000, class=java.lang.String@5000016e)
	value		50000bef
ARR 50000bef (sz=38, trace=300000, nelems=19, elem type=char[])
OBJ 50000bf0 (sz=24, trace=300000, class=java.lang.String@5000016e)
	value		50000bf1
ARR 50000bf1 (sz=86, trace=300000, nelems=43, elem type=char[])
OBJ 50000bf2 (sz=24, trace=300000, class=java.lang.String@5000016e)
	value		50000bf3
ARR 50000bf3 (sz=28, trace=300000, nelems=14, elem type=char[])
OBJ 50000bf4 (sz=24, trace=300000, class=java.lang.String@5000016e)
	value		50000bf5
ARR 50000bf5 (sz=26, trace=300000, nelems=13, elem type=char[])
OBJ 50000bf6 (sz=24, trace=300000, class=java.lang.String@5000016e)
	value		50000bf7
ARR 50000bf7 (sz=92, trace=300000, nelems=46, elem type=char[])
OBJ 50000bf8 (sz=24, trace=300000, class=java.lang.String@5000016e)
	value		50000bf9
ARR 50000bf9 (sz=78, trace=300000, nelems=39, elem type=char[])
OBJ 50000bfa (sz=24, trace=300000, class=java.lang.String@5000016e)
	value		50000bfb
ARR 50000bfb (sz=34, trace=300000, nelems=17, elem type=char[])
OBJ 50000bfc (sz=24, trace=300000, class=java.lang.String@5000016e)
	value		50000bfd
ARR 50000bfd (sz=38, trace=300000, nelems=19, elem type=char[])
OBJ 50000bfe (sz=24, trace=300000, class=java.lang.String@5000016e)
	value		50000bff
ARR 50000bff (sz=62, trace=300000, nelems=31, elem type=char[])
OBJ 50000c00 (sz=24, trace=300000, class=java.lang.String@5000016e)
	value		50000c01
ARR 50000c01 (sz=80, trace=300000, nelems=40, elem type=char[])
OBJ 50000c02 (sz=24, trace=300000, class=java.lang.String@5000016e)
	value		50000c03
ARR 50000c03 (sz=60, trace=300000, nelems=30, elem type=char[])
OBJ 50000c04 (sz=24, trace=300000, class=java.lang.String@5000016e)
	value		50000c05
ARR 50000c05 (sz=100, trace=300000, nelems=50, elem type=char[])
OBJ 50000c06 (sz=24, trace=300000, class=java.lang.String@5000016e)
	value		50000c07
ARR 50000c07 (sz=86, trace=300000, nelems=43, elem type=char[])
OBJ 50000c08 (sz=24, trace=300000, class=java.lang.String@5000016e)
	value		50000c09
ARR 50000c09 (sz=46, trace=300000, nelems=23, elem type=char[])
OBJ 50000c0a (sz=24, trace=300000, class=java.lang.String@5000016e)
	value		50000c0b
ARR 50000c0b (sz=74, trace=300000, nelems=37, elem type=char[])
OBJ 50000c0c (sz=24, trace=300000, class=java.lang.String@5000016e)
	value		50000c0d
ARR 50000c0d (sz=62, trace=300000, nelems=31, elem type=char[])
OBJ 50000c0e (sz=24, trace=300000, class=java.lang.String@5000016e)
	value		50000c0f
ARR 50000c0f (sz=38, trace=300000, nelems=19, elem type=char[])
OBJ 50000c10 (sz=56, trace=300687, class=java.util.zip.ZipFile$ZipFileInputStream@5000055c)
OBJ 50000c11 (sz=24, trace=300000, class=java.lang.String@5000016e)
	value		50000c12
ARR 50000c12 (sz=46, trace=300000, nelems=23, elem type=char[])
OBJ 50000c13 (sz=24, trace=300000, class=java.lang.String@5000016e)
	value		50000c14
ARR 50000c14 (sz=44, trace=300000, nelems=22, elem type=char[])
OBJ 50000c15 (sz=24, trace=300000, class=java.lang.String@5000016e)
	value		50000c16
ARR 50000c16 (sz=72, trace=300000, nelems=36, elem type=char[])
OBJ 50000c17 (sz=24, trace=300000, class=java.lang.String@5000016e)
	value		50000c18
ARR 50000c18 (sz=46, trace=300000, nelems=23, elem type=char[])
OBJ 50000c19 (sz=24, trace=300000, class=java.lang.String@5000016e)
	value		50000c1a
ARR 50000c1a (sz=32, trace=300000, nelems=16, elem type=char[])
OBJ 50000c1b (sz=24, trace=300000, class=java.lang.String@5000016e)
	value		50000c21
OBJ 50000c1d (sz=16, trace=300157, class=java.lang.Object@50000172)
OBJ 50000c1e (sz=32, trace=300683, class=java.util.concurrent.ConcurrentHashMap$Node@50000024)
	key		50000ba0
	val		50000c1d
OBJ 50000c1f (sz=16, trace=300160, class=java.lang.Object@50000172)
OBJ 50000c20 (sz=32, trace=300683, class=java.util.concurrent.ConcurrentHashMap$Node@50000024)
	key		50000ba0
	val		50000c1f
ARR 50000c21 (sz=108, trace=300000, nelems=54, elem type=char[])
OBJ 50000c22 (sz=24, trace=300000, class=java.lang.String@5000016e)
	value		50000c25
OBJ 50000c23 (sz=56, trace=300687, class=java.util.zip.ZipFile$ZipFileInputStream@5000055c)
	this$0		500004ec
OBJ 50000c24 (sz=40, trace=300106, class=java.lang.ref.Finalizer@5000014d)
	referent	50000c23
	queue		500003a9
	next		50000bca
	prev		50000c79
ARR 50000c25 (sz=90, trace=300000, nelems=45, elem type=char[])
OBJ 50000c26 (sz=24, trace=300000, class=java.lang.String@5000016e)
	value		50000c27
ARR 50000c27 (sz=74, trace=300000, nelems=37, elem type=char[])
OBJ 50000c28 (sz=24, trace=300000, class=java.lang.String@5000016e)
	value		50000c29
ARR 50000c29 (sz=40, trace=300000, nelems=20, elem type=char[])
OBJ 50000c2a (sz=24, trace=300000, class=java.lang.String@5000016e)
	value		50000c2b
ARR 50000c2b (sz=36, trace=300000, nelems=18, elem type=char[])
OBJ 50000c2c (sz=24, trace=300000, class=java.lang.String@5000016e)
	value		50000c2d
ARR 50000c2d (sz=32, trace=300000, nelems=16, elem type=char[])
OBJ 50000c2e (sz=24, trace=300000, class=java.lang.String@5000016e)
	value		50000c2f
ARR 50000c2f (sz=94, trace=300000, nelems=47, elem type=char[])
OBJ 50000c30 (sz=24, trace=300000, class=java.lang.String@5000016e)
	value		50000c3c
OBJ 50000c31 (sz=16, trace=300157, class=java.lang.Object@50000172)
OBJ 50000c32 (sz=32, trace=300683, class=java.util.concurrent.ConcurrentHashMap$Node@50000024)
	key		50000bfe
	val		50000c31
OBJ 50000c33 (sz=16, trace=300160, class=java.lang.Object@50000172)
OBJ 50000c34 (sz=32, trace=300683, class=java.util.concurrent.ConcurrentHashMap$Node@50000024)
	key		50000bfe
	val		50000c33
OBJ 50000c38 (sz=16, trace=300157, class=java.lang.Object@50000172)
OBJ 50000c39 (sz=32, trace=300159, class=java.util.concurrent.ConcurrentHashMap$Node@50000024)
	key		50000d17
	val		50000c38
	next		50001b40
OBJ 50000c3a (sz=16, trace=300160, class=java.lang.Object@50000172)
OBJ 50000c3b (sz=32, trace=300159, class=java.util.concurrent.ConcurrentHashMap$Node@50000024)
	key		50000d17
	val		50000c3a
	next		50001b42
ARR 50000c3c (sz=74, trace=300000, nelems=37, elem type=char[])
OBJ 50000c3d (sz=24, trace=300000, class=java.lang.String@5000016e)
	value		50000c3e
ARR 50000c3e (sz=64, trace=300000, nelems=32, elem type=char[])
OBJ 50000c3f (sz=24, trace=300000, class=java.lang.String@5000016e)
	value		50000c40
ARR 50000c40 (sz=76, trace=300000, nelems=38, elem type=char[])
OBJ 50000c41 (sz=24, trace=300000, class=java.lang.String@5000016e)
	value		50000c42
ARR 50000c42 (sz=72, trace=300000, nelems=36, elem type=char[])
OBJ 50000c43 (sz=24, trace=300000, class=java.lang.String@5000016e)
	value		50000c44
ARR 50000c44 (sz=84, trace=300000, nelems=42, elem type=char[])
OBJ 50000c45 (sz=24, trace=300000, class=java.lang.String@5000016e)
	value		50000c46
ARR 50000c46 (sz=64, trace=300000, nelems=32, elem type=char[])
OBJ 50000c47 (sz=24, trace=300000, class=java.lang.String@5000016e)
	value		50000c48
ARR 50000c48 (sz=38, trace=300000, nelems=19, elem type=char[])
OBJ 50000c49 (sz=24, trace=300000, class=java.lang.String@5000016e)
	value		50000c4a
ARR 50000c4a (sz=98, trace=300000, nelems=49, elem type=char[])
OBJ 50000c4b (sz=24, trace=300000, class=java.lang.String@5000016e)
	value		50000c4c
ARR 50000c4c (sz=58, trace=300000, nelems=29, elem type=char[])
OBJ 50000c4d (sz=24, trace=300000, class=java.lang.String@5000016e)
	value		50000c4e
ARR 50000c4e (sz=62, trace=300000, nelems=31, elem type=char[])
OBJ 50000c4f (sz=24, trace=300000, class=java.lang.String@5000016e)
	value		50000c50
ARR 50000c50 (sz=64, trace=300000, nelems=32, elem type=char[])
OBJ 50000c51 (sz=24, trace=300000, class=java.lang.String@5000016e)
	value		50000c52
ARR 50000c52 (sz=70, trace=300000, nelems=35, elem type=char[])
OBJ 50000c53 (sz=24, trace=300000, class=java.lang.String@5000016e)
	value		50000c54
ARR 50000c54 (sz=88, trace=300000, nelems=44, elem type=char[])
OBJ 50000c55 (sz=24, trace=300000, class=java.lang.String@5000016e)
	value		50000c57
OBJ 50000c56 (sz=56, trace=300687, class=java.util.zip.ZipFile$ZipFileInputStream@5000055c)
ARR 50000c57 (sz=34, trace=300000, nelems=17, elem type=char[])
OBJ 50000c58 (sz=24, trace=300000, class=java.lang.String@5000016e)
	value		50000c59
ARR 50000c59 (sz=76, trace=300000, nelems=38, elem type=char[])
OBJ 50000c5a (sz=24, trace=300000, class=java.lang.String@5000016e)
	value		50000c5b
ARR 50000c5b (sz=52, trace=300000, nelems=26, elem type=char[])
OBJ 50000c5c (sz=24, trace=300000, class=java.lang.String@5000016e)
	value		50000c5d
ARR 50000c5d (sz=74, trace=300000, nelems=37, elem type=char[])
OBJ 50000c5e (sz=24, trace=300000, class=java.lang.String@5000016e)
	value		50000c5f
ARR 50000c5f (sz=34, trace=300000, nelems=17, elem type=char[])
OBJ 50000c60 (sz=24, trace=300000, class=java.lang.String@5000016e)
	value		50000c61
ARR 50000c61 (sz=46, trace=300000, nelems=23, elem type=char[])
OBJ 50000c62 (sz=24, trace=300000, class=java.lang.String@5000016e)
	value		50000c68
OBJ 50000c64 (sz=16, trace=300157, class=java.lang.Object@50000172)
OBJ 50000c65 (sz=32, trace=300159, class=java.util.concurrent.ConcurrentHashMap$Node@50000024)
	key		50000b86
	val		50000c64
	next		50001472
OBJ 50000c66 (sz=16, trace=300160, class=java.lang.Object@50000172)
OBJ 50000c67 (sz=32, trace=300159, class=java.util.concurrent.ConcurrentHashMap$Node@50000024)
	key		50000b86
	val		50000c66
	next		50001474
ARR 50000c68 (sz=76, trace=300000, nelems=38, elem type=char[])
OBJ 50000c69 (sz=24, trace=300000, class=java.lang.String@5000016e)
	value		50000c6a
ARR 50000c6a (sz=96, trace=300000, nelems=48, elem type=char[])
OBJ 50000c6b (sz=24, trace=300000, class=java.lang.String@5000016e)
	value		50000c6c
ARR 50000c6c (sz=64, trace=300000, nelems=32, elem type=char[])
OBJ 50000c6d (sz=24, trace=300000, class=java.lang.String@5000016e)
	value		50000c6e
ARR 50000c6e (sz=30, trace=300000, nelems=15, elem type=char[])
OBJ 50000c6f (sz=24, trace=300000, class=java.lang.String@5000016e)
	value		50000c70
ARR 50000c70 (sz=68, trace=300000, nelems=34, elem type=char[])
OBJ 50000c71 (sz=24, trace=300000, class=java.lang.String@5000016e)
	value		50000c72
ARR 50000c72 (sz=58, trace=300000, nelems=29, elem type=char[])
OBJ 50000c73 (sz=24, trace=300000, class=java.lang.String@5000016e)
	value		50000c74
ARR 50000c74 (sz=78, trace=300000, nelems=39, elem type=char[])
OBJ 50000c75 (sz=24, trace=300000, class=java.lang.String@5000016e)
	value		50000c76
ARR 50000c76 (sz=78, trace=300000, nelems=39, elem type=char[])
OBJ 50000c77 (sz=24, trace=300000, class=java.lang.String@5000016e)
	value		50000c7a
OBJ 50000c78 (sz=56, trace=300687, class=java.util.zip.ZipFile$ZipFileInputStream@5000055c)
	this$0		500004ec
OBJ 50000c79 (sz=40, trace=300106, class=java.lang.ref.Finalizer@5000014d)
	referent	50000c78
	queue		500003a9
	next		50000c24
	prev		50000ccd
ARR 50000c7a (sz=74, trace=300000, nelems=37, elem type=char[])
OBJ 50000c7b (sz=24, trace=300000, class=java.lang.String@5000016e)
	value		50000c7c
ARR 50000c7c (sz=102, trace=300000, nelems=51, elem type=char[])
OBJ 50000c7d (sz=24, trace=300000, class=java.lang.String@5000016e)
	value		50000c7e
ARR 50000c7e (sz=76, trace=300000, nelems=38, elem type=char[])
OBJ 50000c7f (sz=24, trace=300000, class=java.lang.String@5000016e)
	value		50000c80
ARR 50000c80 (sz=40, trace=300000, nelems=20, elem type=char[])
OBJ 50000c81 (sz=24, trace=300000, class=java.lang.String@5000016e)
	value		50000c82
ARR 50000c82 (sz=78, trace=300000, nelems=39, elem type=char[])
OBJ 50000c83 (sz=24, trace=300000, class=java.lang.String@5000016e)
	value		50000c84
ARR 50000c84 (sz=68, trace=300000, nelems=34, elem type=char[])
OBJ 50000c85 (sz=24, trace=300000, class=java.lang.String@5000016e)
	value		50000c90
OBJ 50000c86 (sz=16, trace=300157, class=java.lang.Object@50000172)
OBJ 50000c87 (sz=32, trace=300683, class=java.util.concurrent.ConcurrentHashMap$Node@50000024)
	key		50000bcd
	val		50000c86
OBJ 50000c88 (sz=16, trace=300160, class=java.lang.Object@50000172)
OBJ 50000c89 (sz=32, trace=300683, class=java.util.concurrent.ConcurrentHashMap$Node@50000024)
	key		50000bcd
	val		50000c88
OBJ 50000c8c (sz=16, trace=300157, class=java.lang.Object@50000172)
OBJ 50000c8d (sz=32, trace=300683, class=java.util.concurrent.ConcurrentHashMap$Node@50000024)
	key		50000c73
	val		50000c8c
OBJ 50000c8e (sz=16, trace=300160, class=java.lang.Object@50000172)
OBJ 50000c8f (sz=32, trace=300683, class=java.util.concurrent.ConcurrentHashMap$Node@50000024)
	key		50000c73
	val		50000c8e
ARR 50000c90 (sz=64, trace=300000, nelems=32, elem type=char[])
OBJ 50000c91 (sz=24, trace=300000, class=java.lang.String@5000016e)
	value		50000c92
ARR 50000c92 (sz=78, trace=300000, nelems=39, elem type=char[])
OBJ 50000c93 (sz=24, trace=300000, class=java.lang.String@5000016e)
	value		50000c94
ARR 50000c94 (sz=92, trace=300000, nelems=46, elem type=char[])
OBJ 50000c95 (sz=24, trace=300000, class=java.lang.String@5000016e)
	value		50000c96
ARR 50000c96 (sz=58, trace=300000, nelems=29, elem type=char[])
OBJ 50000c97 (sz=24, trace=300000, class=java.lang.String@5000016e)
	value		50000c98
ARR 50000c98 (sz=110, trace=300000, nelems=55, elem type=char[])
OBJ 50000c99 (sz=24, trace=300000, class=java.lang.String@5000016e)
	value		50000c9a
ARR 50000c9a (sz=32, trace=300000, nelems=16, elem type=char[])
OBJ 50000c9b (sz=24, trace=300000, class=java.lang.String@5000016e)
	value		50000c9c
ARR 50000c9c (sz=88, trace=300000, nelems=44, elem type=char[])
OBJ 50000c9d (sz=56, trace=300687, class=java.util.zip.ZipFile$ZipFileInputStream@5000055c)
OBJ 50000c9e (sz=24, trace=300000, class=java.lang.String@5000016e)
	value		50000c9f
ARR 50000c9f (sz=88, trace=300000, nelems=44, elem type=char[])
OBJ 50000ca0 (sz=24, trace=300000, class=java.lang.String@5000016e)
	value		50000ca1
ARR 50000ca1 (sz=56, trace=300000, nelems=28, elem type=char[])
OBJ 50000ca2 (sz=24, trace=300000, class=java.lang.String@5000016e)
	value		50000ca3
ARR 50000ca3 (sz=62, trace=300000, nelems=31, elem type=char[])
OBJ 50000ca4 (sz=24, trace=300000, class=java.lang.String@5000016e)
	value		50000ca5
ARR 50000ca5 (sz=84, trace=300000, nelems=42, elem type=char[])
OBJ 50000ca6 (sz=24, trace=300000, class=java.lang.String@5000016e)
	value		50000ca7
ARR 50000ca7 (sz=78, trace=300000, nelems=39, elem type=char[])
OBJ 50000ca8 (sz=24, trace=300000, class=java.lang.String@5000016e)
	value		50000ca9
ARR 50000ca9 (sz=36, trace=300000, nelems=18, elem type=char[])
OBJ 50000cab (sz=16, trace=300157, class=java.lang.Object@50000172)
OBJ 50000cac (sz=24, trace=300000, class=java.lang.String@5000016e)
	value		50000cae
OBJ 50000cad (sz=16, trace=300160, class=java.lang.Object@50000172)
ARR 50000cae (sz=54, trace=300000, nelems=27, elem type=char[])
OBJ 50000caf (sz=24, trace=300000, class=java.lang.String@5000016e)
	value		50000cb0
ARR 50000cb0 (sz=84, trace=300000, nelems=42, elem type=char[])
OBJ 50000cb1 (sz=24, trace=300000, class=java.lang.String@5000016e)
	value		50000cb2
ARR 50000cb2 (sz=82, trace=300000, nelems=41, elem type=char[])
OBJ 50000cb3 (sz=24, trace=300000, class=java.lang.String@5000016e)
	value		50000cb4
ARR 50000cb4 (sz=64, trace=300000, nelems=32, elem type=char[])
OBJ 50000cb5 (sz=24, trace=300000, class=java.lang.String@5000016e)
	value		50000cb6
ARR 50000cb6 (sz=104, trace=300000, nelems=52, elem type=char[])
OBJ 50000cb7 (sz=24, trace=300000, class=java.lang.String@5000016e)
	value		50000cb8
ARR 50000cb8 (sz=90, trace=300000, nelems=45, elem type=char[])
OBJ 50000cb9 (sz=24, trace=300000, class=java.lang.String@5000016e)
	value		50000cba
ARR 50000cba (sz=38, trace=300000, nelems=19, elem type=char[])
OBJ 50000cbb (sz=24, trace=300000, class=java.lang.String@5000016e)
	value		50000cbc
ARR 50000cbc (sz=112, trace=300000, nelems=56, elem type=char[])
OBJ 50000cbd (sz=24, trace=300000, class=java.lang.String@5000016e)
	value		50000cbe
ARR 50000cbe (sz=72, trace=300000, nelems=36, elem type=char[])
OBJ 50000cbf (sz=24, trace=300000, class=java.lang.String@5000016e)
	value		50000cc0
ARR 50000cc0 (sz=144, trace=300000, nelems=72, elem type=char[])
OBJ 50000cc1 (sz=24, trace=300000, class=java.lang.String@5000016e)
	value		50000cc2
ARR 50000cc2 (sz=70, trace=300000, nelems=35, elem type=char[])
OBJ 50000cc3 (sz=24, trace=300000, class=java.lang.String@5000016e)
	value		50000cc4
ARR 50000cc4 (sz=86, trace=300000, nelems=43, elem type=char[])
OBJ 50000cc5 (sz=24, trace=300000, class=java.lang.String@5000016e)
	value		50000cc6
ARR 50000cc6 (sz=70, trace=300000, nelems=35, elem type=char[])
OBJ 50000cc7 (sz=24, trace=300000, class=java.lang.String@5000016e)
	value		50000cc8
ARR 50000cc8 (sz=48, trace=300000, nelems=24, elem type=char[])
OBJ 50000cc9 (sz=24, trace=300000, class=java.lang.String@5000016e)
	value		50000cca
ARR 50000cca (sz=54, trace=300000, nelems=27, elem type=char[])
OBJ 50000ccb (sz=24, trace=300000, class=java.lang.String@5000016e)
	value		50000cce
OBJ 50000ccc (sz=56, trace=300687, class=java.util.zip.ZipFile$ZipFileInputStream@5000055c)
	this$0		500004ec
OBJ 50000ccd (sz=40, trace=300106, class=java.lang.ref.Finalizer@5000014d)
	referent	50000ccc
	queue		500003a9
	next		50000c79
	prev		50000d22
ARR 50000cce (sz=108, trace=300000, nelems=54, elem type=char[])
OBJ 50000ccf (sz=24, trace=300000, class=java.lang.String@5000016e)
	value		50000cd0
ARR 50000cd0 (sz=168, trace=300000, nelems=84, elem type=char[])
OBJ 50000cd1 (sz=24, trace=300000, class=java.lang.String@5000016e)
	value		50000cd2
ARR 50000cd2 (sz=46, trace=300000, nelems=23, elem type=char[])
OBJ 50000cd3 (sz=24, trace=300000, class=java.lang.String@5000016e)
	value		50000cd4
ARR 50000cd4 (sz=166, trace=300000, nelems=83, elem type=char[])
OBJ 50000cd5 (sz=24, trace=300000, class=java.lang.String@5000016e)
	value		50000cd6
ARR 50000cd6 (sz=80, trace=300000, nelems=40, elem type=char[])
OBJ 50000cd7 (sz=24, trace=300000, class=java.lang.String@5000016e)
	value		50000cd8
ARR 50000cd8 (sz=112, trace=300000, nelems=56, elem type=char[])
OBJ 50000cd9 (sz=24, trace=300000, class=java.lang.String@5000016e)
	value		50000cda
ARR 50000cda (sz=58, trace=300000, nelems=29, elem type=char[])
OBJ 50000cdb (sz=16, trace=300157, class=java.lang.Object@50000172)
OBJ 50000cdc (sz=32, trace=300159, class=java.util.concurrent.ConcurrentHashMap$Node@50000024)
	key		50000bba
	val		50000cdb
OBJ 50000cdd (sz=16, trace=300160, class=java.lang.Object@50000172)
OBJ 50000cde (sz=32, trace=300159, class=java.util.concurrent.ConcurrentHashMap$Node@50000024)
	key		50000bba
	val		50000cdd
OBJ 50000ce1 (sz=16, trace=300157, class=java.lang.Object@50000172)
OBJ 50000ce2 (sz=32, trace=300159, class=java.util.concurrent.ConcurrentHashMap$Node@50000024)
	key		50000cb1
	val		50000ce1
OBJ 50000ce3 (sz=16, trace=300160, class=java.lang.Object@50000172)
OBJ 50000ce4 (sz=56, trace=300687, class=java.util.zip.ZipFile$ZipFileInputStream@5000055c)
OBJ 50000ce5 (sz=24, trace=300000, class=java.lang.String@5000016e)
	value		50000ce7
OBJ 50000ce6 (sz=32, trace=300159, class=java.util.concurrent.ConcurrentHashMap$Node@50000024)
	key		50000cb1
	val		50000ce3
ARR 50000ce7 (sz=100, trace=300000, nelems=50, elem type=char[])
OBJ 50000ce8 (sz=24, trace=300000, class=java.lang.String@5000016e)
	value		50000ce9
ARR 50000ce9 (sz=78, trace=300000, nelems=39, elem type=char[])
OBJ 50000cea (sz=24, trace=300000, class=java.lang.String@5000016e)
	value		50000ceb
ARR 50000ceb (sz=86, trace=300000, nelems=43, elem type=char[])
OBJ 50000cec (sz=24, trace=300000, class=java.lang.String@5000016e)
	value		50000ced
ARR 50000ced (sz=56, trace=300000, nelems=28, elem type=char[])
OBJ 50000cee (sz=24, trace=300000, class=java.lang.String@5000016e)
	value		50000cef
ARR 50000cef (sz=42, trace=300000, nelems=21, elem type=char[])
OBJ 50000cf0 (sz=24, trace=300000, class=java.lang.String@5000016e)
	value		50000cf6
OBJ 50000cf2 (sz=16, trace=300157, class=java.lang.Object@50000172)
OBJ 50000cf3 (sz=32, trace=300159, class=java.util.concurrent.ConcurrentHashMap$Node@50000024)
	key		50000b82
	val		50000cf2
OBJ 50000cf4 (sz=16, trace=300160, class=java.lang.Object@50000172)
OBJ 50000cf5 (sz=32, trace=300159, class=java.util.concurrent.ConcurrentHashMap$Node@50000024)
	key		50000b82
	val		50000cf4
ARR 50000cf6 (sz=46, trace=300000, nelems=23, elem type=char[])
OBJ 50000cf7 (sz=24, trace=300000, class=java.lang.String@5000016e)
	value		50000cf8
ARR 50000cf8 (sz=62, trace=300000, nelems=31, elem type=char[])
OBJ 50000cf9 (sz=24, trace=300000, class=java.lang.String@5000016e)
	value		50000cfa
ARR 50000cfa (sz=72, trace=300000, nelems=36, elem type=char[])
OBJ 50000cfb (sz=24, trace=300000, class=java.lang.String@5000016e)
	value		50000cfc
ARR 50000cfc (sz=72, trace=300000, nelems=36, elem type=char[])
OBJ 50000cfd (sz=24, trace=300000, class=java.lang.String@5000016e)
	value		50000cfe
ARR 50000cfe (sz=64, trace=300000, nelems=32, elem type=char[])
OBJ 50000cff (sz=24, trace=300000, class=java.lang.String@5000016e)
	value		50000d00
ARR 50000d00 (sz=68, trace=300000, nelems=34, elem type=char[])
OBJ 50000d01 (sz=24, trace=300000, class=java.lang.String@5000016e)
	value		50000d02
ARR 50000d02 (sz=62, trace=300000, nelems=31, elem type=char[])
OBJ 50000d03 (sz=24, trace=300000, class=java.lang.String@5000016e)
	value		50000d04
ARR 50000d04 (sz=44, trace=300000, nelems=22, elem type=char[])
OBJ 50000d05 (sz=24, trace=300000, class=java.lang.String@5000016e)
	value		50000d06
ARR 50000d06 (sz=82, trace=300000, nelems=41, elem type=char[])
OBJ 50000d07 (sz=24, trace=300000, class=java.lang.String@5000016e)
	value		50000d08
ARR 50000d08 (sz=34, trace=300000, nelems=17, elem type=char[])
OBJ 50000d09 (sz=24, trace=300000, class=java.lang.String@5000016e)
	value		50000d0a
ARR 50000d0a (sz=56, trace=300000, nelems=28, elem type=char[])
OBJ 50000d0b (sz=24, trace=300000, class=java.lang.String@5000016e)
	value		50000d0c
ARR 50000d0c (sz=74, trace=300000, nelems=37, elem type=char[])
OBJ 50000d0d (sz=24, trace=300000, class=java.lang.String@5000016e)
	value		50000d0e
ARR 50000d0e (sz=26, trace=300000, nelems=13, elem type=char[])
OBJ 50000d0f (sz=24, trace=300000, class=java.lang.String@5000016e)
	value		50000d10
ARR 50000d10 (sz=98, trace=300000, nelems=49, elem type=char[])
OBJ 50000d11 (sz=24, trace=300000, class=java.lang.String@5000016e)
	value		50000d12
ARR 50000d12 (sz=114, trace=300000, nelems=57, elem type=char[])
OBJ 50000d13 (sz=24, trace=300000, class=java.lang.String@5000016e)
	value		50000d14
ARR 50000d14 (sz=70, trace=300000, nelems=35, elem type=char[])
OBJ 50000d15 (sz=24, trace=300000, class=java.lang.String@5000016e)
	value		50000d16
ARR 50000d16 (sz=34, trace=300000, nelems=17, elem type=char[])
OBJ 50000d17 (sz=24, trace=300000, class=java.lang.String@5000016e)
	value		50000d18
ARR 50000d18 (sz=78, trace=300000, nelems=39, elem type=char[])
OBJ 50000d19 (sz=24, trace=300000, class=java.lang.String@5000016e)
	value		50000d1a
ARR 50000d1a (sz=100, trace=300000, nelems=50, elem type=char[])
OBJ 50000d1b (sz=24, trace=300000, class=java.lang.String@5000016e)
	value		50000d1c
ARR 50000d1c (sz=60, trace=300000, nelems=30, elem type=char[])
OBJ 50000d1d (sz=24, trace=300000, class=java.lang.String@5000016e)
	value		50000d1e
ARR 50000d1e (sz=86, trace=300000, nelems=43, elem type=char[])
OBJ 50000d1f (sz=24, trace=300000, class=java.lang.String@5000016e)
	value		50000d20
ARR 50000d20 (sz=70, trace=300000, nelems=35, elem type=char[])
OBJ 50000d21 (sz=56, trace=300687, class=java.util.zip.ZipFile$ZipFileInputStream@5000055c)
	this$0		500004ec
OBJ 50000d22 (sz=40, trace=300106, class=java.lang.ref.Finalizer@5000014d)
	referent	50000d21
	queue		500003a9
	next		50000ccd
	prev		50000d78
OBJ 50000d23 (sz=24, trace=300000, class=java.lang.String@5000016e)
	value		50000d24
ARR 50000d24 (sz=102, trace=300000, nelems=51, elem type=char[])
OBJ 50000d25 (sz=24, trace=300000, class=java.lang.String@5000016e)
	value		50000d6a
OBJ 50000d26 (sz=24, trace=300000, class=java.lang.String@5000016e)
	value		50000d47
OBJ 50000d27 (sz=24, trace=300000, class=java.lang.String@5000016e)
	value		50000d45
OBJ 50000d28 (sz=24, trace=300000, class=java.lang.String@5000016e)
	value		50000d49
OBJ 50000d29 (sz=24, trace=300000, class=java.lang.String@5000016e)
	value		50000d69
OBJ 50000d2a (sz=24, trace=300000, class=java.lang.String@5000016e)
	value		50000d68
OBJ 50000d2b (sz=56, trace=300687, class=java.util.zip.ZipFile$ZipFileInputStream@5000055c)
OBJ 50000d2c (sz=24, trace=300000, class=java.lang.String@5000016e)
	value		50000d67
OBJ 50000d2d (sz=24, trace=300000, class=java.lang.String@5000016e)
	value		50000d66
OBJ 50000d2e (sz=24, trace=300000, class=java.lang.String@5000016e)
	value		50000d65
OBJ 50000d2f (sz=24, trace=300000, class=java.lang.String@5000016e)
	value		50000d64
OBJ 50000d30 (sz=16, trace=300000, class=sun.misc.Unsafe@50000120)
OBJ 50000d31 (sz=16, trace=300157, class=java.lang.Object@50000172)
OBJ 50000d32 (sz=32, trace=300159, class=java.util.concurrent.ConcurrentHashMap$Node@50000024)
	key		50000cd5
	val		50000d31
OBJ 50000d33 (sz=16, trace=300160, class=java.lang.Object@50000172)
OBJ 50000d34 (sz=32, trace=300159, class=java.util.concurrent.ConcurrentHashMap$Node@50000024)
	key		50000cd5
	val		50000d33
OBJ 50000d38 (sz=16, trace=300157, class=java.lang.Object@50000172)
OBJ 50000d39 (sz=32, trace=300159, class=java.util.concurrent.ConcurrentHashMap$Node@50000024)
	key		50000b84
	val		50000d38
OBJ 50000d3a (sz=16, trace=300160, class=java.lang.Object@50000172)
OBJ 50000d3b (sz=32, trace=300159, class=java.util.concurrent.ConcurrentHashMap$Node@50000024)
	key		50000b84
	val		50000d3a
OBJ 50000d3c (sz=16, trace=300157, class=java.lang.Object@50000172)
OBJ 50000d3d (sz=32, trace=300159, class=java.util.concurrent.ConcurrentHashMap$Node@50000024)
	key		50000c77
	val		50000d3c
OBJ 50000d3e (sz=16, trace=300160, class=java.lang.Object@50000172)
OBJ 50000d3f (sz=32, trace=300159, class=java.util.concurrent.ConcurrentHashMap$Node@50000024)
	key		50000c77
	val		50000d3e
ARR 50000d40 (sz=32, trace=300000, nelems=3, elem type=java.io.ObjectStreamField[]@500000fa)
	[0]		50000d41
	[1]		50000d42
	[2]		50000d43
OBJ 50000d41 (sz=40, trace=300000, class=java.io.ObjectStreamField@500000fc)
	name		50000d28
	signature	50000d48
	type		50000025
OBJ 50000d42 (sz=40, trace=300000, class=java.io.ObjectStreamField@500000fc)
	name		50000d26
	signature	50000d44
	type		5000056a
OBJ 50000d43 (sz=40, trace=300000, class=java.io.ObjectStreamField@500000fc)
	name		50000d27
	signature	50000d44
	type		5000056a
OBJ 50000d44 (sz=24, trace=300000, class=java.lang.String@5000016e)
	value		50000d46
ARR 50000d45 (sz=24, trace=300000, nelems=12, elem type=char[])
ARR 50000d46 (sz=2, trace=300000, nelems=1, elem type=char[])
ARR 50000d47 (sz=22, trace=300000, nelems=11, elem type=char[])
OBJ 50000d48 (sz=24, trace=300000, class=java.lang.String@5000016e)
	value		50000d4a
ARR 50000d49 (sz=16, trace=300000, nelems=8, elem type=char[])
ARR 50000d4a (sz=98, trace=300000, nelems=49, elem type=char[])
OBJ 50000d4b (sz=24, trace=300000, class=java.lang.String@5000016e)
	value		50000d60
OBJ 50000d4c (sz=24, trace=300000, class=java.lang.String@5000016e)
	value		50000d57
OBJ 50000d4d (sz=24, trace=300000, class=java.lang.String@5000016e)
	value		50000d5c
OBJ 50000d4e (sz=24, trace=300000, class=java.lang.String@5000016e)
	value		50000d5b
OBJ 50000d4f (sz=24, trace=300000, class=java.lang.String@5000016e)
	value		50000d59
OBJ 50000d50 (sz=48, trace=300000, class=java.util.HashMap@500000c6)
	table		50000d5d
OBJ 50000d51 (sz=48, trace=300000, class=java.util.HashMap@500000c6)
	table		50000d52
ARR 50000d52 (sz=80, trace=300000, nelems=11, elem type=java.util.HashMap$Node[]@500000c2)
	[2]		50000d53
	[5]		50000d54
	[10]		50000d55
OBJ 50000d53 (sz=32, trace=300000, class=java.util.HashMap$Node@500000c4)
	key		500000c7
	value		50000d5a
OBJ 50000d54 (sz=32, trace=300000, class=java.util.HashMap$Node@500000c4)
	key		50000167
	value		50000d58
OBJ 50000d55 (sz=32, trace=300000, class=java.util.HashMap$Node@500000c4)
	key		5000016a
	value		50000d56
ARR 50000d56 (sz=24, trace=300000, nelems=1, elem type=java.lang.String[]@500000c8)
	[0]		50000d4c
ARR 50000d57 (sz=22, trace=300000, nelems=11, elem type=char[])
ARR 50000d58 (sz=24, trace=300000, nelems=1, elem type=java.lang.String[]@500000c8)
	[0]		50000d4f
ARR 50000d59 (sz=16, trace=300000, nelems=8, elem type=char[])
ARR 50000d5a (sz=24, trace=300000, nelems=2, elem type=java.lang.String[]@500000c8)
	[0]		50000d4d
	[1]		50000d4e
ARR 50000d5b (sz=30, trace=300000, nelems=15, elem type=char[])
ARR 50000d5c (sz=28, trace=300000, nelems=14, elem type=char[])
ARR 50000d5d (sz=80, trace=300000, nelems=4, elem type=java.util.HashMap$Node[]@500000c2)
	[3]		50000d5e
OBJ 50000d5e (sz=32, trace=300000, class=java.util.HashMap$Node@500000c4)
	key		50000120
	value		50000d5f
ARR 50000d5f (sz=24, trace=300000, nelems=1, elem type=java.lang.String[]@500000c8)
	[0]		50000d4b
ARR 50000d60 (sz=18, trace=300000, nelems=9, elem type=char[])
OBJ 50000d61 (sz=24, trace=300000, class=java.lang.String@5000016e)
	value		50000d63
OBJ 50000d62 (sz=24, trace=300000, class=java.lang.reflect.ReflectPermission@500000ee)
	name		50000d61
	path		50000d61
ARR 50000d63 (sz=40, trace=300000, nelems=20, elem type=char[])
ARR 50000d64 (sz=10, trace=300000, nelems=5, elem type=char[])
ARR 50000d65 (sz=26, trace=300000, nelems=13, elem type=char[])
ARR 50000d66 (sz=14, trace=300000, nelems=7, elem type=char[])
ARR 50000d67 (sz=68, trace=300000, nelems=34, elem type=char[])
ARR 50000d68 (sz=18, trace=300000, nelems=9, elem type=char[])
ARR 50000d69 (sz=18, trace=300000, nelems=9, elem type=char[])
ARR 50000d6a (sz=20, trace=300000, nelems=10, elem type=char[])
ARR 50000d6b (sz=56, trace=300000, nelems=0, elem type=java.lang.Object[]@50000108)
OBJ 50000d6c (sz=16, trace=300000, class=java.security.ProtectionDomain$Key@50000008)
	this$0		50000aa5
ARR 50000d6d (sz=16, trace=300000, nelems=0, elem type=java.security.Principal[]@50000006)
OBJ 50000d6e (sz=32, trace=300000, class=java.security.CodeSource@50000114)
OBJ 50000d6f (sz=24, trace=300000, class=java.lang.String@5000016e)
	value		50001800
OBJ 50000d70 (sz=24, trace=300000, class=java.lang.String@5000016e)
	value		500019c7
OBJ 50000d71 (sz=56, trace=300687, class=java.util.zip.ZipFile$ZipFileInputStream@5000055c)
OBJ 50000d72 (sz=24, trace=300000, class=java.lang.String@5000016e)
	value		50000de6
OBJ 50000d73 (sz=24, trace=300000, class=java.lang.String@5000016e)
	value		500019c1
OBJ 50000d74 (sz=24, trace=300000, class=java.lang.String@5000016e)
	value		50000d95
OBJ 50000d75 (sz=24, trace=300000, class=java.lang.String@5000016e)
	value		500019bf
OBJ 50000d76 (sz=24, trace=300000, class=java.lang.String@5000016e)
	value		500019c3
OBJ 50000d77 (sz=56, trace=300687, class=java.util.zip.ZipFile$ZipFileInputStream@5000055c)
	this$0		500004ec
OBJ 50000d78 (sz=40, trace=300106, class=java.lang.ref.Finalizer@5000014d)
	referent	50000d77
	queue		500003a9
	next		50000d22
	prev		50000dcf
OBJ 50000d79 (sz=24, trace=300000, class=java.lang.String@5000016e)
	value		50000d87
OBJ 50000d7a (sz=24, trace=300000, class=java.lang.String@5000016e)
	value		500019c2
OBJ 50000d7b (sz=24, trace=300000, class=java.lang.String@5000016e)
	value		500019c4
OBJ 50000d7c (sz=24, trace=300000, class=java.lang.String@5000016e)
	value		500019c0
OBJ 50000d7d (sz=24, trace=300000, class=java.lang.String@5000016e)
	value		50000d86
OBJ 50000d7f (sz=16, trace=300157, class=java.lang.Object@50000172)
OBJ 50000d80 (sz=24, trace=300000, class=java.lang.String@5000016e)
	value		500019c6
OBJ 50000d81 (sz=16, trace=300160, class=java.lang.Object@50000172)
OBJ 50000d82 (sz=24, trace=300000, class=java.lang.String@5000016e)
	value		500019c5
ARR 50000d83 (sz=48, trace=300000, nelems=7, elem type=java.io.ObjectStreamField[]@500000fa)
	[0]		500019b6
	[1]		500019b7
	[2]		500019b8
	[3]		500019b9
	[4]		500019ba
	[5]		500019bb
	[6]		500019bc
OBJ 50000d84 (sz=16, trace=300000, class=java.lang.Object@50000172)
OBJ 50000d85 (sz=48, trace=300000, class=java.util.Hashtable@50000145)
	table		50000d92
ARR 50000d86 (sz=40, trace=300000, nelems=20, elem type=char[])
ARR 50000d87 (sz=52, trace=300000, nelems=26, elem type=char[])
OBJ 50000d88 (sz=16, trace=300157, class=java.lang.Object@50000172)
OBJ 50000d89 (sz=32, trace=300159, class=java.util.concurrent.ConcurrentHashMap$Node@50000024)
	key		50000c6f
	val		50000d88
OBJ 50000d8a (sz=16, trace=300160, class=java.lang.Object@50000172)
OBJ 50000d8b (sz=32, trace=300159, class=java.util.concurrent.ConcurrentHashMap$Node@50000024)
	key		50000c6f
	val		50000d8a
OBJ 50000d8e (sz=16, trace=300157, class=java.lang.Object@50000172)
OBJ 50000d8f (sz=32, trace=300683, class=java.util.concurrent.ConcurrentHashMap$Node@50000024)
	key		50000ba4
	val		50000d8e
OBJ 50000d90 (sz=16, trace=300160, class=java.lang.Object@50000172)
OBJ 50000d91 (sz=32, trace=300683, class=java.util.concurrent.ConcurrentHashMap$Node@50000024)
	key		50000ba4
	val		50000d90
ARR 50000d92 (sz=64, trace=300000, nelems=7, elem type=java.util.Hashtable$Entry[]@500000bf)
	[6]		50000d93
OBJ 50000d93 (sz=32, trace=300000, class=java.util.Hashtable$Entry@500000c0)
	key		50000d74
	value		50000d94
OBJ 50000d94 (sz=16, trace=300000, class=sun.net.www.protocol.file.Handler@5000000e)
ARR 50000d95 (sz=8, trace=300000, nelems=4, elem type=char[])
OBJ 50000d96 (sz=24, trace=300000, class=java.lang.String@5000016e)
	value		500019b5
OBJ 50000d97 (sz=24, trace=300000, class=java.lang.String@5000016e)
	value		50000d9c
OBJ 50000d98 (sz=24, trace=300000, class=java.lang.String@5000016e)
	value		50000d9d
OBJ 50000d99 (sz=24, trace=300000, class=java.lang.String@5000016e)
	value		50000d9f
OBJ 50000d9a (sz=24, trace=300000, class=java.lang.String@5000016e)
	value		50001992
OBJ 50000d9b (sz=24, trace=300000, class=java.lang.String@5000016e)
	value		50000d9e
ARR 50000d9c (sz=28, trace=300000, nelems=14, elem type=char[])
ARR 50000d9d (sz=24, trace=300000, nelems=12, elem type=char[])
ARR 50000d9e (sz=20, trace=300000, nelems=10, elem type=char[])
ARR 50000d9f (sz=26, trace=300000, nelems=13, elem type=char[])
OBJ 50000da0 (sz=24, trace=300000, class=java.lang.String@5000016e)
	value		50000da3
OBJ 50000da1 (sz=24, trace=300000, class=java.lang.String@5000016e)
	value		50000da2
ARR 50000da2 (sz=38, trace=300000, nelems=19, elem type=char[])
ARR 50000da3 (sz=50, trace=300000, nelems=25, elem type=char[])
OBJ 50000da4 (sz=24, trace=300000, class=java.lang.String@5000016e)
	value		500019a4
OBJ 50000da5 (sz=24, trace=300000, class=java.lang.String@5000016e)
	value		50000df4
OBJ 50000da6 (sz=24, trace=300000, class=java.lang.String@5000016e)
	value		500019a3
OBJ 50000da7 (sz=24, trace=300000, class=java.lang.String@5000016e)
	value		500019a2
OBJ 50000da8 (sz=24, trace=300000, class=java.lang.String@5000016e)
	value		500019a1
OBJ 50000da9 (sz=24, trace=300000, class=java.lang.String@5000016e)
	value		500019a0
OBJ 50000daa (sz=24, trace=300000, class=java.lang.String@5000016e)
	value		5000199f
OBJ 50000dab (sz=24, trace=300000, class=java.lang.String@5000016e)
	value		5000199e
OBJ 50000dac (sz=24, trace=300000, class=java.lang.String@5000016e)
	value		5000199d
OBJ 50000dad (sz=24, trace=300000, class=java.lang.String@5000016e)
	value		5000199c
OBJ 50000dae (sz=24, trace=300000, class=java.lang.String@5000016e)
	value		5000199b
OBJ 50000daf (sz=24, trace=300000, class=java.lang.String@5000016e)
	value		5000199a
OBJ 50000db0 (sz=24, trace=300000, class=java.lang.String@5000016e)
	value		500017c1
ARR 50000db1 (sz=32, trace=300000, nelems=16, elem type=char[])
OBJ 50000db2 (sz=24, trace=300000, class=java.util.BitSet@50000011)
	words		50000db3
ARR 50000db3 (sz=32, trace=300000, nelems=4, elem type=long[])
OBJ 50000db4 (sz=24, trace=300000, class=java.lang.String@5000016e)
	value		50000dbc
OBJ 50000db5 (sz=24, trace=300000, class=java.lang.String@5000016e)
	value		50000dba
ARR 50000db6 (sz=24, trace=300000, nelems=1, elem type=java.io.ObjectStreamField[]@500000fa)
	[0]		50000db7
OBJ 50000db7 (sz=40, trace=300000, class=java.io.ObjectStreamField@500000fc)
	name		50000db5
	signature	50000db9
	type		50000173
OBJ 50000db8 (sz=56, trace=300687, class=java.util.zip.ZipFile$ZipFileInputStream@5000055c)
OBJ 50000db9 (sz=24, trace=300000, class=java.lang.String@5000016e)
	value		50000dbb
ARR 50000dba (sz=8, trace=300000, nelems=4, elem type=char[])
ARR 50000dbb (sz=4, trace=300000, nelems=2, elem type=char[])
ARR 50000dbc (sz=28, trace=300000, nelems=14, elem type=char[])
OBJ 50000dbd (sz=16, trace=300000, class=java.util.concurrent.atomic.AtomicInteger@50000085)
OBJ 50000dbe (sz=24, trace=300000, class=java.lang.String@5000016e)
	value		50001998
OBJ 50000dbf (sz=16, trace=300000, class=java.security.ProtectionDomain$JavaSecurityAccessImpl@5000000b)
OBJ 50000dc0 (sz=16, trace=300000, class=java.security.ProtectionDomain$2@50000009)
OBJ 50000dc1 (sz=16, trace=300000, class=java.io.FileDescriptor$1@500000b0)
OBJ 50000dc2 (sz=16, trace=300000, class=java.nio.Bits$1@50000070)
OBJ 50000dc3 (sz=16, trace=300000, class=java.net.URLClassLoader$7@50000044)
OBJ 50000dc4 (sz=16, trace=300000, class=java.lang.ref.Reference$1@500000cd)
OBJ 50000dc6 (sz=16, trace=300157, class=java.lang.Object@50000172)
OBJ 50000dc7 (sz=32, trace=300683, class=java.util.concurrent.ConcurrentHashMap$Node@50000024)
	key		50000b80
	val		50000dc6
OBJ 50000dc8 (sz=16, trace=300160, class=java.lang.Object@50000172)
OBJ 50000dc9 (sz=32, trace=300683, class=java.util.concurrent.ConcurrentHashMap$Node@50000024)
	key		50000b80
	val		50000dc8
OBJ 50000dca (sz=24, trace=300000, class=java.lang.String@5000016e)
	value		50000dd9
OBJ 50000dcb (sz=24, trace=300000, class=java.lang.String@5000016e)
	value		50001846
OBJ 50000dcc (sz=24, trace=300000, class=java.lang.String@5000016e)
	value		50000dda
OBJ 50000dcd (sz=24, trace=300000, class=java.lang.String@5000016e)
	value		50001845
OBJ 50000dce (sz=56, trace=300687, class=java.util.zip.ZipFile$ZipFileInputStream@5000055c)
	this$0		500004ec
OBJ 50000dcf (sz=40, trace=300106, class=java.lang.ref.Finalizer@5000014d)
	referent	50000dce
	queue		500003a9
	next		50000d78
	prev		50000e1e
OBJ 50000dd0 (sz=24, trace=300000, class=java.lang.String@5000016e)
	value		500010f8
OBJ 50000dd1 (sz=24, trace=300000, class=java.lang.String@5000016e)
	value		50001844
OBJ 50000dd2 (sz=24, trace=300000, class=java.lang.String@5000016e)
	value		50001843
OBJ 50000dd3 (sz=24, trace=300000, class=java.lang.String@5000016e)
	value		50001842
OBJ 50000dd4 (sz=24, trace=300000, class=java.lang.String@5000016e)
	value		50001841
OBJ 50000dd5 (sz=24, trace=300000, class=java.lang.String@5000016e)
	value		50001840
OBJ 50000dd6 (sz=24, trace=300000, class=java.lang.String@5000016e)
	value		5000183f
OBJ 50000dd7 (sz=24, trace=300000, class=java.lang.String@5000016e)
	value		5000183e
OBJ 50000dd8 (sz=24, trace=300000, class=java.lang.String@5000016e)
	value		50001838
ARR 50000dd9 (sz=40, trace=300000, nelems=20, elem type=char[])
ARR 50000dda (sz=24, trace=300000, nelems=12, elem type=char[])
OBJ 50000ddb (sz=24, trace=300000, class=java.lang.String@5000016e)
	value		50001104
OBJ 50000ddd (sz=16, trace=300157, class=java.lang.Object@50000172)
OBJ 50000dde (sz=32, trace=300159, class=java.util.concurrent.ConcurrentHashMap$Node@50000024)
	key		50000d1d
	val		50000ddd
OBJ 50000ddf (sz=16, trace=300160, class=java.lang.Object@50000172)
OBJ 50000de0 (sz=32, trace=300159, class=java.util.concurrent.ConcurrentHashMap$Node@50000024)
	key		50000d1d
	val		50000ddf
OBJ 50000de1 (sz=24, trace=300000, class=java.lang.String@5000016e)
	value		500010ff
OBJ 50000de2 (sz=24, trace=300000, class=java.lang.String@5000016e)
	value		50000e12
OBJ 50000de3 (sz=24, trace=300000, class=java.lang.String@5000016e)
	value		50000df3
OBJ 50000de4 (sz=24, trace=300000, class=java.lang.String@5000016e)
	value		50000df2
OBJ 50000de5 (sz=24, trace=300000, class=java.lang.String@5000016e)
	value		50000df1
ARR 50000de6 (sz=2, trace=300000, nelems=1, elem type=char[])
OBJ 50000de7 (sz=24, trace=300000, class=java.lang.String@5000016e)
	value		50000df0
OBJ 50000de8 (sz=24, trace=300000, class=java.lang.String@5000016e)
	value		50000def
OBJ 50000de9 (sz=24, trace=300000, class=java.lang.String@5000016e)
	value		50000dee
ARR 50000dea (sz=512, trace=300000, nelems=256, elem type=char[])
ARR 50000deb (sz=1024, trace=300000, nelems=256, elem type=int[])
OBJ 50000dec (sz=16, trace=300000, class=java.lang.CharacterDataLatin1@50000015)
ARR 50000ded (sz=4, trace=300000, nelems=2, elem type=char[])
ARR 50000dee (sz=1024, trace=300000, nelems=512, elem type=char[])
ARR 50000def (sz=512, trace=300000, nelems=256, elem type=char[])
ARR 50000df0 (sz=8, trace=300000, nelems=4, elem type=char[])
ARR 50000df1 (sz=16, trace=300000, nelems=8, elem type=char[])
ARR 50000df2 (sz=26, trace=300000, nelems=13, elem type=char[])
ARR 50000df3 (sz=4, trace=300000, nelems=2, elem type=char[])
ARR 50000df4 (sz=2, trace=300000, nelems=1, elem type=char[])
ARR 50000df5 (sz=0, trace=300000, nelems=0, elem type=char[])
ARR 50000df6 (sz=16, trace=300000, nelems=0, elem type=java.lang.Object[]@50000108)
OBJ 50000df7 (sz=24, trace=300000, class=java.lang.String@5000016e)
	value		50000e05
OBJ 50000df8 (sz=24, trace=300000, class=java.lang.String@5000016e)
	value		50000dfe
OBJ 50000df9 (sz=24, trace=300000, class=java.lang.String@5000016e)
	value		50000e04
OBJ 50000dfa (sz=24, trace=300000, class=java.lang.String@5000016e)
	value		50000e03
OBJ 50000dfb (sz=24, trace=300000, class=java.lang.String@5000016e)
	value		50000e02
OBJ 50000dfc (sz=24, trace=300000, class=java.lang.String@5000016e)
	value		50000e01
OBJ 50000dfd (sz=24, trace=300000, class=java.lang.String@5000016e)
	value		50000e00
ARR 50000dfe (sz=4, trace=300000, nelems=2, elem type=char[])
OBJ 50000dff (sz=56, trace=300687, class=java.util.zip.ZipFile$ZipFileInputStream@5000055c)
ARR 50000e00 (sz=4, trace=300000, nelems=2, elem type=char[])
ARR 50000e01 (sz=4, trace=300000, nelems=2, elem type=char[])
ARR 50000e02 (sz=4, trace=300000, nelems=2, elem type=char[])
ARR 50000e03 (sz=4, trace=300000, nelems=2, elem type=char[])
ARR 50000e04 (sz=4, trace=300000, nelems=2, elem type=char[])
ARR 50000e05 (sz=2, trace=300000, nelems=1, elem type=char[])
OBJ 50000e06 (sz=24, trace=300000, class=java.lang.String@5000016e)
	value		500010fe
OBJ 50000e07 (sz=24, trace=300000, class=java.lang.String@5000016e)
	value		500010fd
OBJ 50000e08 (sz=24, trace=300000, class=java.lang.String@5000016e)
	value		500010fa
OBJ 50000e09 (sz=24, trace=300000, class=java.lang.String@5000016e)
	value		50000e11
OBJ 50000e0a (sz=24, trace=300000, class=java.lang.String@5000016e)
	value		50000e10
OBJ 50000e0c (sz=16, trace=300157, class=java.lang.Object@50000172)
OBJ 50000e0d (sz=32, trace=300159, class=java.util.concurrent.ConcurrentHashMap$Node@50000024)
	key		50000bb0
	val		50000e0c
	next		50001b07
OBJ 50000e0e (sz=16, trace=300160, class=java.lang.Object@50000172)
OBJ 50000e0f (sz=32, trace=300159, class=java.util.concurrent.ConcurrentHashMap$Node@50000024)
	key		50000bb0
	val		50000e0e
	next		50001b09
ARR 50000e10 (sz=62, trace=300000, nelems=31, elem type=char[])
ARR 50000e11 (sz=52, trace=300000, nelems=26, elem type=char[])
ARR 50000e12 (sz=52, trace=300000, nelems=26, elem type=char[])
OBJ 50000e13 (sz=24, trace=300000, class=java.lang.String@5000016e)
	value		50000e19
OBJ 50000e14 (sz=24, trace=300000, class=java.lang.String@5000016e)
	value		50000e18
OBJ 50000e15 (sz=24, trace=300000, class=java.lang.String@5000016e)
	value		50000e17
ARR 50000e16 (sz=32, trace=300000, nelems=16, elem type=char[])
ARR 50000e17 (sz=38, trace=300000, nelems=19, elem type=char[])
ARR 50000e18 (sz=48, trace=300000, nelems=24, elem type=char[])
ARR 50000e19 (sz=32, trace=300000, nelems=16, elem type=char[])
OBJ 50000e1a (sz=24, trace=300000, class=java.lang.String@5000016e)
	value		500010f9
OBJ 50000e1b (sz=24, trace=300000, class=java.lang.String@5000016e)
	value		500010f7
OBJ 50000e1c (sz=24, trace=300000, class=java.lang.String@5000016e)
	value		500010f6
OBJ 50000e1d (sz=56, trace=300687, class=java.util.zip.ZipFile$ZipFileInputStream@5000055c)
	this$0		500004ec
OBJ 50000e1e (sz=40, trace=300106, class=java.lang.ref.Finalizer@5000014d)
	referent	50000e1d
	queue		500003a9
	next		50000dcf
	prev		50000e75
OBJ 50000e1f (sz=24, trace=300000, class=java.lang.String@5000016e)
	value		500010f5
OBJ 50000e20 (sz=24, trace=300000, class=java.lang.String@5000016e)
	value		500010f4
OBJ 50000e21 (sz=24, trace=300000, class=java.lang.String@5000016e)
	value		500010f3
OBJ 50000e22 (sz=24, trace=300000, class=java.lang.String@5000016e)
	value		500010ed
OBJ 50000e23 (sz=24, trace=300000, class=java.lang.String@5000016e)
	value		500010ec
OBJ 50000e24 (sz=24, trace=300000, class=java.lang.String@5000016e)
	value		500010df
OBJ 50000e25 (sz=24, trace=300000, class=java.lang.String@5000016e)
	value		500010de
OBJ 50000e26 (sz=32, trace=300000, class=java.io.WinNTFileSystem@5000006c)
	cache		50000e28
	prefixCache	50000e27
OBJ 50000e27 (sz=40, trace=300000, class=java.io.ExpiringCache@5000006b)
	map		50000ebe
OBJ 50000e28 (sz=40, trace=300000, class=java.io.ExpiringCache@5000006b)
	map		50000e29
OBJ 50000e29 (sz=64, trace=300000, class=java.io.ExpiringCache$1@50000069)
	table		500020af
	head		50000e2a
	tail		500020bf
	this$0		50000e28
OBJ 50000e2a (sz=40, trace=300000, class=java.util.LinkedHashMap$Entry@50000060)
	key		50000e5c
	value		50000e5b
	after		50000e40
OBJ 50000e2b (sz=16, trace=300157, class=java.lang.Object@50000172)
OBJ 50000e2c (sz=32, trace=300159, class=java.util.concurrent.ConcurrentHashMap$Node@50000024)
	key		50000aaf
	val		50000e2b
OBJ 50000e2d (sz=16, trace=300160, class=java.lang.Object@50000172)
OBJ 50000e2e (sz=32, trace=300159, class=java.util.concurrent.ConcurrentHashMap$Node@50000024)
	key		50000aaf
	val		50000e2d
OBJ 50000e30 (sz=16, trace=300157, class=java.lang.Object@50000172)
OBJ 50000e31 (sz=32, trace=300159, class=java.util.concurrent.ConcurrentHashMap$Node@50000024)
	key		50000c83
	val		50000e30
OBJ 50000e32 (sz=16, trace=300160, class=java.lang.Object@50000172)
OBJ 50000e33 (sz=32, trace=300159, class=java.util.concurrent.ConcurrentHashMap$Node@50000024)
	key		50000c83
	val		50000e32
OBJ 50000e36 (sz=16, trace=300157, class=java.lang.Object@50000172)
OBJ 50000e37 (sz=32, trace=300683, class=java.util.concurrent.ConcurrentHashMap$Node@50000024)
	key		50000ca4
	val		50000e36
OBJ 50000e38 (sz=16, trace=300160, class=java.lang.Object@50000172)
OBJ 50000e39 (sz=32, trace=300683, class=java.util.concurrent.ConcurrentHashMap$Node@50000024)
	key		50000ca4
	val		50000e38
OBJ 50000e3a (sz=40, trace=300000, class=java.util.LinkedHashMap$Entry@50000060)
	key		50000e66
	value		50000e65
	next		500020bf
	before		50000e3e
	after		50000e3f
OBJ 50000e3b (sz=40, trace=300000, class=java.util.LinkedHashMap$Entry@50000060)
	key		50000e4f
	value		50000e4e
	before		50000e40
	after		50000e48
OBJ 50000e3c (sz=40, trace=300000, class=java.util.LinkedHashMap$Entry@50000060)
	key		50000ea1
	value		50000ea0
	before		50000e43
	after		50000e44
OBJ 50000e3d (sz=40, trace=300000, class=java.util.LinkedHashMap$Entry@50000060)
	key		50000eb5
	value		50000eb4
	before		50000e3f
	after		50000e46
OBJ 50000e3e (sz=40, trace=300000, class=java.util.LinkedHashMap$Entry@50000060)
	key		50000e61
	value		50000e60
	before		50000e48
	after		50000e3a
OBJ 50000e3f (sz=40, trace=300000, class=java.util.LinkedHashMap$Entry@50000060)
	key		50000eba
	value		50000eb9
	before		50000e3a
	after		50000e3d
OBJ 50000e40 (sz=40, trace=300000, class=java.util.LinkedHashMap$Entry@50000060)
	key		50000e57
	value		50000e56
	before		50000e2a
	after		50000e3b
OBJ 50000e41 (sz=40, trace=300000, class=java.util.LinkedHashMap$Entry@50000060)
	key		50000e81
	value		50000e80
	before		50000e42
	after		500001e9
OBJ 50000e42 (sz=40, trace=300000, class=java.util.LinkedHashMap$Entry@50000060)
	key		50000e8d
	value		50000e8c
	before		50000e8a
	after		50000e41
OBJ 50000e43 (sz=40, trace=300000, class=java.util.LinkedHashMap$Entry@50000060)
	key		50000ea6
	value		50000ea5
	before		50000e47
	after		50000e3c
OBJ 50000e44 (sz=40, trace=300000, class=java.util.LinkedHashMap$Entry@50000060)
	key		50000e97
	value		50000e96
	before		50000e3c
	after		50000e8a
OBJ 50000e45 (sz=56, trace=300687, class=java.util.zip.ZipFile$ZipFileInputStream@5000055c)
OBJ 50000e46 (sz=40, trace=300000, class=java.util.LinkedHashMap$Entry@50000060)
	key		50000eb0
	value		50000eaf
	before		50000e3d
	after		50000e47
OBJ 50000e47 (sz=40, trace=300000, class=java.util.LinkedHashMap$Entry@50000060)
	key		50000eab
	value		50000eaa
	next		50000e8a
	before		50000e46
	after		50000e43
OBJ 50000e48 (sz=40, trace=300000, class=java.util.LinkedHashMap$Entry@50000060)
	key		50000e4a
	value		50000e49
	before		50000e3b
	after		50000e3e
OBJ 50000e49 (sz=24, trace=300000, class=java.io.ExpiringCache$Entry@50000061)
	val		50000e4c
OBJ 50000e4a (sz=24, trace=300000, class=java.lang.String@5000016e)
	value		50000e4b
ARR 50000e4b (sz=118, trace=300000, nelems=59, elem type=char[])
OBJ 50000e4c (sz=24, trace=300000, class=java.lang.String@5000016e)
	value		50000e4d
ARR 50000e4d (sz=118, trace=300000, nelems=59, elem type=char[])
OBJ 50000e4e (sz=24, trace=300000, class=java.io.ExpiringCache$Entry@50000061)
	val		50000e53
OBJ 50000e4f (sz=24, trace=300000, class=java.lang.String@5000016e)
	value		50000e50
ARR 50000e50 (sz=134, trace=300000, nelems=67, elem type=char[])
OBJ 50000e52 (sz=16, trace=300157, class=java.lang.Object@50000172)
OBJ 50000e53 (sz=24, trace=300000, class=java.lang.String@5000016e)
	value		50000e55
OBJ 50000e54 (sz=16, trace=300160, class=java.lang.Object@50000172)
ARR 50000e55 (sz=134, trace=300000, nelems=67, elem type=char[])
OBJ 50000e56 (sz=24, trace=300000, class=java.io.ExpiringCache$Entry@50000061)
	val		50000e59
OBJ 50000e57 (sz=24, trace=300000, class=java.lang.String@5000016e)
	value		50000e58
ARR 50000e58 (sz=92, trace=300000, nelems=46, elem type=char[])
OBJ 50000e59 (sz=24, trace=300000, class=java.lang.String@5000016e)
	value		50000e5a
ARR 50000e5a (sz=92, trace=300000, nelems=46, elem type=char[])
OBJ 50000e5b (sz=24, trace=300000, class=java.io.ExpiringCache$Entry@50000061)
	val		50000e5e
OBJ 50000e5c (sz=24, trace=300000, class=java.lang.String@5000016e)
	value		50000e5d
ARR 50000e5d (sz=100, trace=300000, nelems=50, elem type=char[])
OBJ 50000e5e (sz=24, trace=300000, class=java.lang.String@5000016e)
	value		50000e5f
ARR 50000e5f (sz=100, trace=300000, nelems=50, elem type=char[])
OBJ 50000e60 (sz=24, trace=300000, class=java.io.ExpiringCache$Entry@50000061)
	val		50000e63
OBJ 50000e61 (sz=24, trace=300000, class=java.lang.String@5000016e)
	value		50000e62
ARR 50000e62 (sz=112, trace=300000, nelems=56, elem type=char[])
OBJ 50000e63 (sz=24, trace=300000, class=java.lang.String@5000016e)
	value		50000e64
ARR 50000e64 (sz=112, trace=300000, nelems=56, elem type=char[])
OBJ 50000e65 (sz=24, trace=300000, class=java.io.ExpiringCache$Entry@50000061)
	val		50000e68
OBJ 50000e66 (sz=24, trace=300000, class=java.lang.String@5000016e)
	value		50000e67
ARR 50000e67 (sz=116, trace=300000, nelems=58, elem type=char[])
OBJ 50000e68 (sz=24, trace=300000, class=java.lang.String@5000016e)
	value		50000e69
ARR 50000e69 (sz=116, trace=300000, nelems=58, elem type=char[])
OBJ 50000e6a (sz=24, trace=300000, class=java.lang.String@5000016e)
	value		50000e6b
ARR 50000e6b (sz=92, trace=300000, nelems=46, elem type=char[])
OBJ 50000e6c (sz=24, trace=300000, class=java.lang.String@5000016e)
	value		50000e6d
ARR 50000e6d (sz=100, trace=300000, nelems=50, elem type=char[])
OBJ 50000e6e (sz=24, trace=300000, class=java.lang.String@5000016e)
	value		50000e6f
ARR 50000e6f (sz=110, trace=300000, nelems=55, elem type=char[])
OBJ 50000e70 (sz=24, trace=300000, class=java.lang.String@5000016e)
	value		50000e71
ARR 50000e71 (sz=100, trace=300000, nelems=50, elem type=char[])
OBJ 50000e72 (sz=24, trace=300000, class=java.lang.String@5000016e)
	value		50000e73
ARR 50000e73 (sz=102, trace=300000, nelems=51, elem type=char[])
OBJ 50000e74 (sz=56, trace=300687, class=java.util.zip.ZipFile$ZipFileInputStream@5000055c)
	this$0		500004ec
OBJ 50000e75 (sz=40, trace=300106, class=java.lang.ref.Finalizer@5000014d)
	referent	50000e74
	queue		500003a9
	next		50000e1e
	prev		50000ec4
OBJ 50000e76 (sz=24, trace=300000, class=java.lang.String@5000016e)
	value		50000e77
ARR 50000e77 (sz=114, trace=300000, nelems=57, elem type=char[])
OBJ 50000e78 (sz=24, trace=300000, class=java.lang.String@5000016e)
	value		50000e79
ARR 50000e79 (sz=98, trace=300000, nelems=49, elem type=char[])
OBJ 50000e7a (sz=24, trace=300000, class=java.lang.String@5000016e)
	value		50000e7b
ARR 50000e7b (sz=112, trace=300000, nelems=56, elem type=char[])
OBJ 50000e7c (sz=24, trace=300000, class=java.lang.String@5000016e)
	value		50000e7d
ARR 50000e7d (sz=84, trace=300000, nelems=42, elem type=char[])
OBJ 50000e7e (sz=24, trace=300000, class=java.lang.String@5000016e)
	value		50000e7f
ARR 50000e7f (sz=76, trace=300000, nelems=38, elem type=char[])
OBJ 50000e80 (sz=24, trace=300000, class=java.io.ExpiringCache$Entry@50000061)
	val		50000e88
OBJ 50000e81 (sz=24, trace=300000, class=java.lang.String@5000016e)
	value		50000e87
OBJ 50000e83 (sz=16, trace=300157, class=java.lang.Object@50000172)
OBJ 50000e84 (sz=32, trace=300159, class=java.util.concurrent.ConcurrentHashMap$Node@50000024)
	key		50000c9e
	val		50000e83
OBJ 50000e85 (sz=16, trace=300160, class=java.lang.Object@50000172)
OBJ 50000e86 (sz=32, trace=300159, class=java.util.concurrent.ConcurrentHashMap$Node@50000024)
	key		50000c9e
	val		50000e85
ARR 50000e87 (sz=84, trace=300000, nelems=42, elem type=char[])
OBJ 50000e88 (sz=24, trace=300000, class=java.lang.String@5000016e)
	value		50000e89
ARR 50000e89 (sz=84, trace=300000, nelems=42, elem type=char[])
OBJ 50000e8a (sz=40, trace=300000, class=java.util.LinkedHashMap$Entry@50000060)
	key		50000e92
	value		50000e91
	before		50000e44
	after		50000e42
OBJ 50000e8b (sz=56, trace=300687, class=java.util.zip.ZipFile$ZipFileInputStream@5000055c)
OBJ 50000e8c (sz=24, trace=300000, class=java.io.ExpiringCache$Entry@50000061)
	val		50000e8f
OBJ 50000e8d (sz=24, trace=300000, class=java.lang.String@5000016e)
	value		50000e8e
ARR 50000e8e (sz=96, trace=300000, nelems=48, elem type=char[])
OBJ 50000e8f (sz=24, trace=300000, class=java.lang.String@5000016e)
	value		50000e90
ARR 50000e90 (sz=96, trace=300000, nelems=48, elem type=char[])
OBJ 50000e91 (sz=24, trace=300000, class=java.io.ExpiringCache$Entry@50000061)
	val		50000e94
OBJ 50000e92 (sz=24, trace=300000, class=java.lang.String@5000016e)
	value		50000e93
ARR 50000e93 (sz=112, trace=300000, nelems=56, elem type=char[])
OBJ 50000e94 (sz=24, trace=300000, class=java.lang.String@5000016e)
	value		50000e95
ARR 50000e95 (sz=112, trace=300000, nelems=56, elem type=char[])
OBJ 50000e96 (sz=24, trace=300000, class=java.io.ExpiringCache$Entry@50000061)
	val		50000e9e
OBJ 50000e97 (sz=24, trace=300000, class=java.lang.String@5000016e)
	value		50000e9d
OBJ 50000e99 (sz=16, trace=300157, class=java.lang.Object@50000172)
OBJ 50000e9a (sz=32, trace=300683, class=java.util.concurrent.ConcurrentHashMap$Node@50000024)
	key		50000b06
	val		50000e99
OBJ 50000e9b (sz=16, trace=300160, class=java.lang.Object@50000172)
OBJ 50000e9c (sz=32, trace=300683, class=java.util.concurrent.ConcurrentHashMap$Node@50000024)
	key		50000b06
	val		50000e9b
ARR 50000e9d (sz=120, trace=300000, nelems=60, elem type=char[])
OBJ 50000e9e (sz=24, trace=300000, class=java.lang.String@5000016e)
	value		50000e9f
ARR 50000e9f (sz=120, trace=300000, nelems=60, elem type=char[])
OBJ 50000ea0 (sz=24, trace=300000, class=java.io.ExpiringCache$Entry@50000061)
	val		50000ea3
OBJ 50000ea1 (sz=24, trace=300000, class=java.lang.String@5000016e)
	value		50000ea2
ARR 50000ea2 (sz=120, trace=300000, nelems=60, elem type=char[])
OBJ 50000ea3 (sz=24, trace=300000, class=java.lang.String@5000016e)
	value		50000ea4
ARR 50000ea4 (sz=120, trace=300000, nelems=60, elem type=char[])
OBJ 50000ea5 (sz=24, trace=300000, class=java.io.ExpiringCache$Entry@50000061)
	val		50000ea8
OBJ 50000ea6 (sz=24, trace=300000, class=java.lang.String@5000016e)
	value		50000ea7
ARR 50000ea7 (sz=132, trace=300000, nelems=66, elem type=char[])
OBJ 50000ea8 (sz=24, trace=300000, class=java.lang.String@5000016e)
	value		50000ea9
ARR 50000ea9 (sz=132, trace=300000, nelems=66, elem type=char[])
OBJ 50000eaa (sz=24, trace=300000, class=java.io.ExpiringCache$Entry@50000061)
	val		50000ead
OBJ 50000eab (sz=24, trace=300000, class=java.lang.String@5000016e)
	value		50000eac
ARR 50000eac (sz=112, trace=300000, nelems=56, elem type=char[])
OBJ 50000ead (sz=24, trace=300000, class=java.lang.String@5000016e)
	value		50000eae
ARR 50000eae (sz=112, trace=300000, nelems=56, elem type=char[])
OBJ 50000eaf (sz=24, trace=300000, class=java.io.ExpiringCache$Entry@50000061)
	val		50000eb2
OBJ 50000eb0 (sz=24, trace=300000, class=java.lang.String@5000016e)
	value		50000eb1
ARR 50000eb1 (sz=116, trace=300000, nelems=58, elem type=char[])
OBJ 50000eb2 (sz=24, trace=300000, class=java.lang.String@5000016e)
	value		50000eb3
ARR 50000eb3 (sz=116, trace=300000, nelems=58, elem type=char[])
OBJ 50000eb4 (sz=24, trace=300000, class=java.io.ExpiringCache$Entry@50000061)
	val		50000eb7
OBJ 50000eb5 (sz=24, trace=300000, class=java.lang.String@5000016e)
	value		50000eb6
ARR 50000eb6 (sz=122, trace=300000, nelems=61, elem type=char[])
OBJ 50000eb7 (sz=24, trace=300000, class=java.lang.String@5000016e)
	value		50000eb8
ARR 50000eb8 (sz=122, trace=300000, nelems=61, elem type=char[])
OBJ 50000eb9 (sz=24, trace=300000, class=java.io.ExpiringCache$Entry@50000061)
	val		50000ebc
OBJ 50000eba (sz=24, trace=300000, class=java.lang.String@5000016e)
	value		50000ebb
ARR 50000ebb (sz=112, trace=300000, nelems=56, elem type=char[])
OBJ 50000ebc (sz=24, trace=300000, class=java.lang.String@5000016e)
	value		50000ebd
ARR 50000ebd (sz=112, trace=300000, nelems=56, elem type=char[])
OBJ 50000ebe (sz=64, trace=300000, class=java.io.ExpiringCache$1@50000069)
	table		50000ec0
	head		50000ebf
	tail		50001ffa
	this$0		50000e27
OBJ 50000ebf (sz=40, trace=300000, class=java.util.LinkedHashMap$Entry@50000060)
	key		50000ec6
	value		50000ec5
	after		50000ec1
ARR 50000ec0 (sz=80, trace=300000, nelems=12, elem type=java.util.HashMap$Node[]@500000c2)
	[2]		50000ec1
	[4]		50000ec2
	[8]		50001ffa
	[11]		50000ebf
OBJ 50000ec1 (sz=40, trace=300000, class=java.util.LinkedHashMap$Entry@50000060)
	key		50000ecb
	value		50000eca
	before		50000ebf
	after		50000ec2
OBJ 50000ec2 (sz=40, trace=300000, class=java.util.LinkedHashMap$Entry@50000060)
	key		50000ed0
	value		50000ecf
	before		50000ec1
	after		50001ffa
OBJ 50000ec3 (sz=56, trace=300687, class=java.util.zip.ZipFile$ZipFileInputStream@5000055c)
	this$0		500004ec
OBJ 50000ec4 (sz=40, trace=300106, class=java.lang.ref.Finalizer@5000014d)
	referent	50000ec3
	queue		500003a9
	next		50000e75
	prev		50000f1c
OBJ 50000ec5 (sz=24, trace=300000, class=java.io.ExpiringCache$Entry@50000061)
	val		50000ec8
OBJ 50000ec6 (sz=24, trace=300000, class=java.lang.String@5000016e)
	value		50000ec7
ARR 50000ec7 (sz=84, trace=300000, nelems=42, elem type=char[])
OBJ 50000ec8 (sz=24, trace=300000, class=java.lang.String@5000016e)
	value		50000ec9
ARR 50000ec9 (sz=84, trace=300000, nelems=42, elem type=char[])
OBJ 50000eca (sz=24, trace=300000, class=java.io.ExpiringCache$Entry@50000061)
	val		50000ecd
OBJ 50000ecb (sz=24, trace=300000, class=java.lang.String@5000016e)
	value		50000ecc
ARR 50000ecc (sz=92, trace=300000, nelems=46, elem type=char[])
OBJ 50000ecd (sz=24, trace=300000, class=java.lang.String@5000016e)
	value		50000ece
ARR 50000ece (sz=92, trace=300000, nelems=46, elem type=char[])
OBJ 50000ecf (sz=24, trace=300000, class=java.io.ExpiringCache$Entry@50000061)
	val		50000ed3
OBJ 50000ed0 (sz=24, trace=300000, class=java.lang.String@5000016e)
	value		50000ed1
ARR 50000ed1 (sz=76, trace=300000, nelems=38, elem type=char[])
OBJ 50000ed2 (sz=56, trace=300687, class=java.util.zip.ZipFile$ZipFileInputStream@5000055c)
OBJ 50000ed3 (sz=24, trace=300000, class=java.lang.String@5000016e)
	value		50000ee4
OBJ 50000ed4 (sz=16, trace=300157, class=java.lang.Object@50000172)
OBJ 50000ed5 (sz=32, trace=300683, class=java.util.concurrent.ConcurrentHashMap$Node@50000024)
	key		50000c43
	val		50000ed4
	next		500014ec
OBJ 50000ed6 (sz=16, trace=300160, class=java.lang.Object@50000172)
OBJ 50000ed7 (sz=32, trace=300683, class=java.util.concurrent.ConcurrentHashMap$Node@50000024)
	key		50000c43
	val		50000ed6
	next		500014ee
OBJ 50000edb (sz=16, trace=300157, class=java.lang.Object@50000172)
OBJ 50000edc (sz=32, trace=300159, class=java.util.concurrent.ConcurrentHashMap$Node@50000024)
	key		50000bf6
	val		50000edb
OBJ 50000edd (sz=16, trace=300160, class=java.lang.Object@50000172)
OBJ 50000ede (sz=32, trace=300159, class=java.util.concurrent.ConcurrentHashMap$Node@50000024)
	key		50000bf6
	val		50000edd
OBJ 50000ee0 (sz=16, trace=300157, class=java.lang.Object@50000172)
OBJ 50000ee1 (sz=32, trace=300159, class=java.util.concurrent.ConcurrentHashMap$Node@50000024)
	key		50000b04
	val		50000ee0
OBJ 50000ee2 (sz=16, trace=300160, class=java.lang.Object@50000172)
OBJ 50000ee3 (sz=32, trace=300159, class=java.util.concurrent.ConcurrentHashMap$Node@50000024)
	key		50000b04
	val		50000ee2
ARR 50000ee4 (sz=76, trace=300000, nelems=38, elem type=char[])
OBJ 50000ee5 (sz=24, trace=300000, class=java.lang.String@5000016e)
	value		500010dd
OBJ 50000ee6 (sz=24, trace=300000, class=java.lang.String@5000016e)
	value		500010dc
ARR 50000ee7 (sz=120, trace=300000, nelems=0, elem type=java.lang.String[]@500000c8)
OBJ 50000ee8 (sz=24, trace=300000, class=java.lang.String@5000016e)
	value		50001048
OBJ 50000ee9 (sz=24, trace=300000, class=java.lang.String@5000016e)
	value		50000faa
OBJ 50000eea (sz=24, trace=300000, class=java.lang.String@5000016e)
	value		50000fed
OBJ 50000eeb (sz=24, trace=300000, class=java.lang.String@5000016e)
	value		50001031
OBJ 50000eec (sz=24, trace=300000, class=java.lang.String@5000016e)
	value		50000fb2
OBJ 50000eed (sz=24, trace=300000, class=java.lang.String@5000016e)
	value		50000fe2
OBJ 50000eee (sz=24, trace=300000, class=java.lang.String@5000016e)
	value		5000109a
OBJ 50000eef (sz=24, trace=300000, class=java.lang.String@5000016e)
	value		50000fa9
OBJ 50000ef0 (sz=24, trace=300000, class=java.lang.String@5000016e)
	value		50000f4a
OBJ 50000ef1 (sz=24, trace=300000, class=java.lang.String@5000016e)
	value		50001095
OBJ 50000ef2 (sz=24, trace=300000, class=java.lang.String@5000016e)
	value		50000f69
OBJ 50000ef3 (sz=24, trace=300000, class=java.lang.String@5000016e)
	value		50001098
OBJ 50000ef4 (sz=24, trace=300000, class=java.lang.String@5000016e)
	value		50000fcc
OBJ 50000ef5 (sz=24, trace=300000, class=java.lang.String@5000016e)
	value		50000f86
OBJ 50000ef6 (sz=24, trace=300000, class=java.lang.String@5000016e)
	value		50000f7b
OBJ 50000ef7 (sz=24, trace=300000, class=java.lang.String@5000016e)
	value		5000109b
OBJ 50000ef8 (sz=24, trace=300000, class=java.lang.String@5000016e)
	value		50001097
OBJ 50000ef9 (sz=24, trace=300000, class=java.lang.String@5000016e)
	value		500010bc
OBJ 50000efa (sz=24, trace=300000, class=java.lang.String@5000016e)
	value		500010bb
OBJ 50000efb (sz=24, trace=300000, class=java.lang.String@5000016e)
	value		500010ba
OBJ 50000efc (sz=24, trace=300000, class=java.lang.String@5000016e)
	value		500010b9
OBJ 50000efd (sz=24, trace=300000, class=java.lang.String@5000016e)
	value		500010b8
OBJ 50000efe (sz=24, trace=300000, class=java.lang.String@5000016e)
	value		500010b7
OBJ 50000eff (sz=24, trace=300000, class=java.lang.String@5000016e)
	value		50001099
OBJ 50000f00 (sz=24, trace=300000, class=java.lang.String@5000016e)
	value		50000f8e
OBJ 50000f01 (sz=24, trace=300000, class=java.lang.String@5000016e)
	value		50000f72
OBJ 50000f02 (sz=24, trace=300000, class=java.lang.String@5000016e)
	value		50000f4b
OBJ 50000f03 (sz=24, trace=300000, class=java.lang.String@5000016e)
	value		50000f7c
OBJ 50000f04 (sz=24, trace=300000, class=java.lang.String@5000016e)
	value		5000100c
ARR 50000f05 (sz=40, trace=300000, nelems=6, elem type=java.io.ObjectStreamField[]@500000fa)
	[0]		5000108d
	[1]		5000108e
	[2]		5000108f
	[3]		50001091
	[4]		50001092
	[5]		50001093
OBJ 50000f06 (sz=32, trace=300000, class=java.util.Locale@5000002f)
	baseLocale	5000100d
OBJ 50000f07 (sz=32, trace=300000, class=java.util.Locale@5000002f)
	baseLocale	50001051
OBJ 50000f08 (sz=32, trace=300000, class=java.util.Locale@5000002f)
	baseLocale	50000f73
OBJ 50000f09 (sz=32, trace=300000, class=java.util.Locale@5000002f)
	baseLocale	5000102a
OBJ 50000f0a (sz=32, trace=300000, class=java.util.Locale@5000002f)
	baseLocale	50000f49
OBJ 50000f0b (sz=32, trace=300000, class=java.util.Locale@5000002f)
	baseLocale	50000fe3
OBJ 50000f0c (sz=32, trace=300000, class=java.util.Locale@5000002f)
	baseLocale	5000104a
OBJ 50000f0d (sz=32, trace=300000, class=java.util.Locale@5000002f)
	baseLocale	50000f7d
OBJ 50000f0e (sz=32, trace=300000, class=java.util.Locale@5000002f)
	baseLocale	50000fb3
OBJ 50000f0f (sz=32, trace=300000, class=java.util.Locale@5000002f)
	baseLocale	50001032
OBJ 50000f10 (sz=32, trace=300000, class=java.util.Locale@5000002f)
	baseLocale	50000fab
OBJ 50000f11 (sz=32, trace=300000, class=java.util.Locale@5000002f)
	baseLocale	50000fee
OBJ 50000f12 (sz=32, trace=300000, class=java.util.Locale@5000002f)
	baseLocale	50000f8f
OBJ 50000f13 (sz=32, trace=300000, class=java.util.Locale@5000002f)
	baseLocale	50001039
OBJ 50000f14 (sz=32, trace=300000, class=java.util.Locale@5000002f)
	baseLocale	50000f87
OBJ 50000f15 (sz=32, trace=300000, class=java.util.Locale@5000002f)
	baseLocale	50000fcd
OBJ 50000f16 (sz=32, trace=300000, class=java.util.Locale@5000002f)
	baseLocale	50001040
OBJ 50000f17 (sz=32, trace=300000, class=java.util.Locale@5000002f)
	baseLocale	50000fa0
OBJ 50000f18 (sz=24, trace=300000, class=java.util.Locale$Cache@5000002d)
	map		50000f1d
	queue		50000f1a
OBJ 50000f19 (sz=56, trace=300687, class=java.util.zip.ZipFile$ZipFileInputStream@5000055c)
OBJ 50000f1a (sz=32, trace=300000, class=java.lang.ref.ReferenceQueue@5000014c)
	lock		50001055
OBJ 50000f1b (sz=56, trace=300687, class=java.util.zip.ZipFile$ZipFileInputStream@5000055c)
	this$0		500004ec
OBJ 50000f1c (sz=40, trace=300106, class=java.lang.ref.Finalizer@5000014d)
	referent	50000f1b
	queue		500003a9
	next		50000ec4
	prev		50000f84
OBJ 50000f1d (sz=64, trace=300000, class=java.util.concurrent.ConcurrentHashMap@5000002b)
	table		50000f1e
ARR 50000f1e (sz=144, trace=300000, nelems=31, elem type=java.util.concurrent.ConcurrentHashMap$Node[]@50000023)
	[0]		50000f1f
	[1]		50000f20
	[2]		50000f21
	[4]		50000f22
	[5]		50000f23
	[8]		50000f24
	[9]		50000f25
	[10]		50000f28
	[14]		50000f2a
	[16]		50000f2b
	[20]		50000f2c
	[22]		50000f37
	[23]		50000f38
	[26]		50000f39
	[27]		50000f3d
	[28]		500001f2
	[30]		50000f3e
OBJ 50000f1f (sz=32, trace=300000, class=java.util.concurrent.ConcurrentHashMap$Node@50000024)
	key		5000108a
	val		50001089
	next		50001088
OBJ 50000f20 (sz=32, trace=300000, class=java.util.concurrent.ConcurrentHashMap$Node@50000024)
	key		50001087
	val		50001086
OBJ 50000f21 (sz=32, trace=300000, class=java.util.concurrent.ConcurrentHashMap$Node@50000024)
	key		50001085
	val		50001084
OBJ 50000f22 (sz=32, trace=300000, class=java.util.concurrent.ConcurrentHashMap$Node@50000024)
	key		50001083
	val		50001082
OBJ 50000f23 (sz=32, trace=300000, class=java.util.concurrent.ConcurrentHashMap$Node@50000024)
	key		50001081
	val		50001080
OBJ 50000f24 (sz=32, trace=300000, class=java.util.concurrent.ConcurrentHashMap$Node@50000024)
	key		5000107d
	val		5000107c
	next		5000107b
OBJ 50000f25 (sz=32, trace=300000, class=java.util.concurrent.ConcurrentHashMap$Node@50000024)
	key		5000107a
	val		50001079
OBJ 50000f27 (sz=16, trace=300157, class=java.lang.Object@50000172)
OBJ 50000f28 (sz=32, trace=300000, class=java.util.concurrent.ConcurrentHashMap$Node@50000024)
	key		50001078
	val		5000106c
OBJ 50000f29 (sz=16, trace=300160, class=java.lang.Object@50000172)
OBJ 50000f2a (sz=32, trace=300000, class=java.util.concurrent.ConcurrentHashMap$Node@50000024)
	key		5000106b
	val		5000106a
OBJ 50000f2b (sz=32, trace=300000, class=java.util.concurrent.ConcurrentHashMap$Node@50000024)
	key		50001069
	val		50001068
OBJ 50000f2c (sz=32, trace=300000, class=java.util.concurrent.ConcurrentHashMap$Node@50000024)
	key		50001067
	val		50001066
OBJ 50000f2e (sz=24, trace=301054, class=com.sun.tools.javac.util.AbstractDiagnosticFormatter$1@500004e0)
OBJ 50000f2f (sz=24, trace=301055, class=com.sun.tools.javac.util.JCDiagnostic$DiagnosticFlag@50001d6c)
	name		50002d83
OBJ 50000f30 (sz=24, trace=301056, class=com.sun.tools.javac.util.JCDiagnostic$DiagnosticFlag@50001d6c)
	name		50002d86
OBJ 50000f31 (sz=24, trace=301057, class=com.sun.tools.javac.util.JCDiagnostic$DiagnosticFlag@50001d6c)
	name		50002d87
OBJ 50000f32 (sz=24, trace=301058, class=com.sun.tools.javac.util.JCDiagnostic$DiagnosticFlag@50001d6c)
	name		50002d85
OBJ 50000f33 (sz=24, trace=301059, class=com.sun.tools.javac.util.JCDiagnostic$DiagnosticFlag@50001d6c)
	name		50002d84
OBJ 50000f34 (sz=24, trace=301060, class=com.sun.tools.javac.util.JCDiagnostic$DiagnosticFlag@50001d6c)
	name		50002d82
ARR 50000f36 (sz=40, trace=301061, nelems=6, elem type=com.sun.tools.javac.util.JCDiagnostic$DiagnosticFlag[]@50000f35)
	[0]		50000f2f
	[1]		50000f30
	[2]		50000f31
	[3]		50000f32
	[4]		50000f33
	[5]		50000f34
OBJ 50000f37 (sz=32, trace=300000, class=java.util.concurrent.ConcurrentHashMap$Node@50000024)
	key		50001065
	val		50001064
OBJ 50000f38 (sz=32, trace=300000, class=java.util.concurrent.ConcurrentHashMap$Node@50000024)
	key		50001063
	val		50001062
OBJ 50000f39 (sz=32, trace=300000, class=java.util.concurrent.ConcurrentHashMap$Node@50000024)
	key		5000105f
	val		5000105e
OBJ 50000f3a (sz=56, trace=300679, class=java.lang.Class$ReflectionData@500000a5)
OBJ 50000f3b (sz=40, trace=300040, class=java.lang.ref.SoftReference@50000152)
OBJ 50000f3c (sz=88, trace=300681, class=java.lang.reflect.Method@5000013e)
OBJ 50000f3d (sz=32, trace=300000, class=java.util.concurrent.ConcurrentHashMap$Node@50000024)
	key		5000105b
	val		5000105a
	next		50001058
OBJ 50000f3e (sz=32, trace=300000, class=java.util.concurrent.ConcurrentHashMap$Node@50000024)
	key		50000f48
	val		50000f47
OBJ 50000f3f (sz=24, trace=300811, class=sun.reflect.NativeMethodAccessorImpl@50001628)
OBJ 50000f40 (sz=16, trace=300813, class=sun.reflect.DelegatingMethodAccessorImpl@5000162a)
OBJ 50000f41 (sz=32, trace=300815, class=java.util.RegularEnumSet@5000162c)
OBJ 50000f42 (sz=32, trace=300221, class=java.util.HashMap$Node@500000c4)
OBJ 50000f43 (sz=16, trace=300157, class=java.lang.Object@50000172)
OBJ 50000f44 (sz=32, trace=300683, class=java.util.concurrent.ConcurrentHashMap$Node@50000024)
	key		50000cb3
	val		50000f43
OBJ 50000f45 (sz=16, trace=300160, class=java.lang.Object@50000172)
OBJ 50000f46 (sz=32, trace=300683, class=java.util.concurrent.ConcurrentHashMap$Node@50000024)
	key		50000cb3
	val		50000f45
OBJ 50000f47 (sz=48, trace=300000, class=sun.util.locale.LocaleObjectCache$CacheEntry@50000019)
	referent	50000f0a
	queue		50000f1a
	key		50000f48
OBJ 50000f48 (sz=24, trace=300000, class=java.util.Locale$LocaleKey@50000018)
	base		50000f49
OBJ 50000f49 (sz=32, trace=300000, class=sun.util.locale.BaseLocale@5000001c)
	language	50000ef0
	script		5000059a
	region		50000f02
	variant		5000059a
ARR 50000f4a (sz=4, trace=300000, nelems=2, elem type=char[])
ARR 50000f4b (sz=4, trace=300000, nelems=2, elem type=char[])
OBJ 50000f4c (sz=24, trace=300000, class=java.lang.String@5000016e)
	value		50001054
OBJ 50000f4d (sz=24, trace=300000, class=java.lang.String@5000016e)
	value		50001053
OBJ 50000f4e (sz=24, trace=300000, class=java.lang.String@5000016e)
	value		50001052
OBJ 50000f4f (sz=24, trace=300000, class=sun.util.locale.BaseLocale$Cache@5000001b)
	map		50000f53
	queue		50000f52
OBJ 50000f50 (sz=24, trace=300000, class=java.lang.String@5000016e)
	value		50000f51
ARR 50000f51 (sz=2, trace=300000, nelems=1, elem type=char[])
OBJ 50000f52 (sz=32, trace=300000, class=java.lang.ref.ReferenceQueue@5000014c)
	lock		50000f74
OBJ 50000f53 (sz=64, trace=300000, class=java.util.concurrent.ConcurrentHashMap@5000002b)
	table		50000f54
ARR 50000f54 (sz=144, trace=300000, nelems=27, elem type=java.util.concurrent.ConcurrentHashMap$Node[]@50000023)
	[0]		50000f55
	[1]		50000f56
	[4]		50000f57
	[7]		50000f58
	[8]		50000f59
	[9]		50000f5a
	[11]		50000f5b
	[12]		50000f5c
	[13]		500001ee
	[14]		50000f5d
	[23]		50000f5e
	[25]		50000f5f
	[26]		50000f61
OBJ 50000f55 (sz=32, trace=300000, class=java.util.concurrent.ConcurrentHashMap$Node@50000024)
	key		50001043
	val		50001042
	next		50001041
OBJ 50000f56 (sz=32, trace=300000, class=java.util.concurrent.ConcurrentHashMap$Node@50000024)
	key		5000103b
	val		5000103a
OBJ 50000f57 (sz=32, trace=300000, class=java.util.concurrent.ConcurrentHashMap$Node@50000024)
	key		50001034
	val		50001033
OBJ 50000f58 (sz=32, trace=300000, class=java.util.concurrent.ConcurrentHashMap$Node@50000024)
	key		5000102c
	val		5000102b
OBJ 50000f59 (sz=32, trace=300000, class=java.util.concurrent.ConcurrentHashMap$Node@50000024)
	key		50000fdd
	val		50000fdc
	next		50000fdb
OBJ 50000f5a (sz=32, trace=300000, class=java.util.concurrent.ConcurrentHashMap$Node@50000024)
	key		50000fd5
	val		50000fd4
OBJ 50000f5b (sz=32, trace=300000, class=java.util.concurrent.ConcurrentHashMap$Node@50000024)
	key		50000fba
	val		50000fb8
	next		50000fb7
OBJ 50000f5c (sz=32, trace=300000, class=java.util.concurrent.ConcurrentHashMap$Node@50000024)
	key		50000f9b
	val		50000f9a
	next		50000f90
OBJ 50000f5d (sz=32, trace=300000, class=java.util.concurrent.ConcurrentHashMap$Node@50000024)
	key		50000f89
	val		50000f88
OBJ 50000f5e (sz=32, trace=300000, class=java.util.concurrent.ConcurrentHashMap$Node@50000024)
	key		50000f7f
	val		50000f7e
OBJ 50000f5f (sz=32, trace=300000, class=java.util.concurrent.ConcurrentHashMap$Node@50000024)
	key		50000f76
	val		50000f75
OBJ 50000f60 (sz=56, trace=300687, class=java.util.zip.ZipFile$ZipFileInputStream@5000055c)
OBJ 50000f61 (sz=32, trace=300000, class=java.util.concurrent.ConcurrentHashMap$Node@50000024)
	key		50000f63
	val		50000f62
OBJ 50000f62 (sz=48, trace=300000, class=sun.util.locale.LocaleObjectCache$CacheEntry@50000019)
	referent	50000f73
	queue		50000f52
	key		50000f63
OBJ 50000f63 (sz=40, trace=300000, class=sun.util.locale.BaseLocale$Key@5000001a)
	lang		50000f67
	scrt		50000f66
	regn		50000f65
	vart		50000f64
OBJ 50000f64 (sz=40, trace=300000, class=java.lang.ref.SoftReference@50000152)
	referent	5000059a
	queue		50000f68
OBJ 50000f65 (sz=40, trace=300000, class=java.lang.ref.SoftReference@50000152)
	referent	50000f01
	queue		50000f68
OBJ 50000f66 (sz=40, trace=300000, class=java.lang.ref.SoftReference@50000152)
	referent	5000059a
	queue		50000f68
OBJ 50000f67 (sz=40, trace=300000, class=java.lang.ref.SoftReference@50000152)
	referent	50000ef2
	queue		50000f68
OBJ 50000f68 (sz=32, trace=300000, class=java.lang.ref.ReferenceQueue$Null@500000d2)
	lock		50000f6a
ARR 50000f69 (sz=4, trace=300000, nelems=2, elem type=char[])
OBJ 50000f6a (sz=16, trace=300000, class=java.lang.ref.ReferenceQueue$Lock@500000d1)
OBJ 50000f6b (sz=32, trace=300000, class=java.lang.ref.ReferenceQueue$Null@500000d2)
	lock		50000f6c
OBJ 50000f6c (sz=16, trace=300000, class=java.lang.ref.ReferenceQueue$Lock@500000d1)
OBJ 50000f6e (sz=16, trace=300157, class=java.lang.Object@50000172)
OBJ 50000f6f (sz=32, trace=300683, class=java.util.concurrent.ConcurrentHashMap$Node@50000024)
	key		50000afe
	val		50000f6e
OBJ 50000f70 (sz=16, trace=300160, class=java.lang.Object@50000172)
OBJ 50000f71 (sz=32, trace=300683, class=java.util.concurrent.ConcurrentHashMap$Node@50000024)
	key		50000afe
	val		50000f70
ARR 50000f72 (sz=4, trace=300000, nelems=2, elem type=char[])
OBJ 50000f73 (sz=32, trace=300000, class=sun.util.locale.BaseLocale@5000001c)
	language	50000ef2
	script		5000059a
	region		50000f01
	variant		5000059a
OBJ 50000f74 (sz=16, trace=300000, class=java.lang.ref.ReferenceQueue$Lock@500000d1)
OBJ 50000f75 (sz=48, trace=300000, class=sun.util.locale.LocaleObjectCache$CacheEntry@50000019)
	referent	50000f7d
	queue		50000f52
	key		50000f76
OBJ 50000f76 (sz=40, trace=300000, class=sun.util.locale.BaseLocale$Key@5000001a)
	lang		50000f7a
	scrt		50000f79
	regn		50000f78
	vart		50000f77
OBJ 50000f77 (sz=40, trace=300000, class=java.lang.ref.SoftReference@50000152)
	referent	5000059a
	queue		50000f68
OBJ 50000f78 (sz=40, trace=300000, class=java.lang.ref.SoftReference@50000152)
	referent	50000f03
	queue		50000f68
OBJ 50000f79 (sz=40, trace=300000, class=java.lang.ref.SoftReference@50000152)
	referent	5000059a
	queue		50000f68
OBJ 50000f7a (sz=40, trace=300000, class=java.lang.ref.SoftReference@50000152)
	referent	50000ef6
	queue		50000f68
ARR 50000f7b (sz=4, trace=300000, nelems=2, elem type=char[])
ARR 50000f7c (sz=4, trace=300000, nelems=2, elem type=char[])
OBJ 50000f7d (sz=32, trace=300000, class=sun.util.locale.BaseLocale@5000001c)
	language	50000ef6
	script		5000059a
	region		50000f03
	variant		5000059a
OBJ 50000f7e (sz=48, trace=300000, class=sun.util.locale.LocaleObjectCache$CacheEntry@50000019)
	referent	50000f87
	queue		50000f52
	key		50000f7f
OBJ 50000f7f (sz=40, trace=300000, class=sun.util.locale.BaseLocale$Key@5000001a)
	lang		50000f85
	scrt		50000f82
	regn		50000f81
	vart		50000f80
OBJ 50000f80 (sz=40, trace=300000, class=java.lang.ref.SoftReference@50000152)
	referent	5000059a
	queue		50000f68
OBJ 50000f81 (sz=40, trace=300000, class=java.lang.ref.SoftReference@50000152)
	referent	5000059a
	queue		50000f68
OBJ 50000f82 (sz=40, trace=300000, class=java.lang.ref.SoftReference@50000152)
	referent	5000059a
	queue		50000f68
OBJ 50000f83 (sz=56, trace=300687, class=java.util.zip.ZipFile$ZipFileInputStream@5000055c)
	this$0		500004ec
OBJ 50000f84 (sz=40, trace=300106, class=java.lang.ref.Finalizer@5000014d)
	referent	50000f83
	queue		500003a9
	next		50000f1c
	prev		50000fe7
OBJ 50000f85 (sz=40, trace=300000, class=java.lang.ref.SoftReference@50000152)
	referent	50000ef5
	queue		50000f68
ARR 50000f86 (sz=4, trace=300000, nelems=2, elem type=char[])
OBJ 50000f87 (sz=32, trace=300000, class=sun.util.locale.BaseLocale@5000001c)
	language	50000ef5
	script		5000059a
	region		5000059a
	variant		5000059a
OBJ 50000f88 (sz=48, trace=300000, class=sun.util.locale.LocaleObjectCache$CacheEntry@50000019)
	referent	50000f8f
	queue		50000f52
	key		50000f89
OBJ 50000f89 (sz=40, trace=300000, class=sun.util.locale.BaseLocale$Key@5000001a)
	lang		50000f8d
	scrt		50000f8c
	regn		50000f8b
	vart		50000f8a
OBJ 50000f8a (sz=40, trace=300000, class=java.lang.ref.SoftReference@50000152)
	referent	5000059a
	queue		50000f68
OBJ 50000f8b (sz=40, trace=300000, class=java.lang.ref.SoftReference@50000152)
	referent	5000059a
	queue		50000f68
OBJ 50000f8c (sz=40, trace=300000, class=java.lang.ref.SoftReference@50000152)
	referent	5000059a
	queue		50000f68
OBJ 50000f8d (sz=40, trace=300000, class=java.lang.ref.SoftReference@50000152)
	referent	50000f00
	queue		50000f68
ARR 50000f8e (sz=4, trace=300000, nelems=2, elem type=char[])
OBJ 50000f8f (sz=32, trace=300000, class=sun.util.locale.BaseLocale@5000001c)
	language	50000f00
	script		5000059a
	region		5000059a
	variant		5000059a
OBJ 50000f90 (sz=32, trace=300000, class=java.util.concurrent.ConcurrentHashMap$Node@50000024)
	key		50000fa3
	val		50000fa2
	next		50000fa1
OBJ 50000f92 (sz=16, trace=301062, class=com.sun.tools.javac.util.Context$Key@500014fe)
OBJ 50000f93 (sz=24, trace=301063, class=com.sun.tools.javac.util.Options@50000f91)
OBJ 50000f94 (sz=56, trace=301064, class=java.util.LinkedHashMap@5000006a)
OBJ 50000f95 (sz=32, trace=300221, class=java.util.HashMap$Node@500000c4)
OBJ 50000f96 (sz=16, trace=300157, class=java.lang.Object@50000172)
OBJ 50000f97 (sz=32, trace=300683, class=java.util.concurrent.ConcurrentHashMap$Node@50000024)
	key		50000c2e
	val		50000f96
OBJ 50000f98 (sz=16, trace=300160, class=java.lang.Object@50000172)
OBJ 50000f99 (sz=32, trace=300683, class=java.util.concurrent.ConcurrentHashMap$Node@50000024)
	key		50000c2e
	val		50000f98
OBJ 50000f9a (sz=48, trace=300000, class=sun.util.locale.LocaleObjectCache$CacheEntry@50000019)
	referent	50000fa0
	queue		50000f52
	key		50000f9b
OBJ 50000f9b (sz=40, trace=300000, class=sun.util.locale.BaseLocale$Key@5000001a)
	lang		50000f9f
	scrt		50000f9e
	regn		50000f9d
	vart		50000f9c
OBJ 50000f9c (sz=40, trace=300000, class=java.lang.ref.SoftReference@50000152)
	referent	5000059a
	queue		50000f68
OBJ 50000f9d (sz=40, trace=300000, class=java.lang.ref.SoftReference@50000152)
	referent	5000059a
	queue		50000f68
OBJ 50000f9e (sz=40, trace=300000, class=java.lang.ref.SoftReference@50000152)
	referent	5000059a
	queue		50000f68
OBJ 50000f9f (sz=40, trace=300000, class=java.lang.ref.SoftReference@50000152)
	referent	50000ef2
	queue		50000f68
OBJ 50000fa0 (sz=32, trace=300000, class=sun.util.locale.BaseLocale@5000001c)
	language	50000ef2
	script		5000059a
	region		5000059a
	variant		5000059a
OBJ 50000fa1 (sz=32, trace=300000, class=java.util.concurrent.ConcurrentHashMap$Node@50000024)
	key		50000fad
	val		50000fac
OBJ 50000fa2 (sz=48, trace=300000, class=sun.util.locale.LocaleObjectCache$CacheEntry@50000019)
	referent	50000fab
	queue		50000f52
	key		50000fa3
OBJ 50000fa3 (sz=40, trace=300000, class=sun.util.locale.BaseLocale$Key@5000001a)
	lang		50000fa8
	scrt		50000fa6
	regn		50000fa5
	vart		50000fa4
OBJ 50000fa4 (sz=40, trace=300000, class=java.lang.ref.SoftReference@50000152)
	referent	5000059a
	queue		50000f68
OBJ 50000fa5 (sz=40, trace=300000, class=java.lang.ref.SoftReference@50000152)
	referent	50000ee9
	queue		50000f68
OBJ 50000fa6 (sz=40, trace=300000, class=java.lang.ref.SoftReference@50000152)
	referent	5000059a
	queue		50000f68
OBJ 50000fa7 (sz=56, trace=300687, class=java.util.zip.ZipFile$ZipFileInputStream@5000055c)
OBJ 50000fa8 (sz=40, trace=300000, class=java.lang.ref.SoftReference@50000152)
	referent	50000eef
	queue		50000f68
ARR 50000fa9 (sz=4, trace=300000, nelems=2, elem type=char[])
ARR 50000faa (sz=4, trace=300000, nelems=2, elem type=char[])
OBJ 50000fab (sz=32, trace=300000, class=sun.util.locale.BaseLocale@5000001c)
	language	50000eef
	script		5000059a
	region		50000ee9
	variant		5000059a
OBJ 50000fac (sz=48, trace=300000, class=sun.util.locale.LocaleObjectCache$CacheEntry@50000019)
	referent	50000fb3
	queue		50000f52
	key		50000fad
OBJ 50000fad (sz=40, trace=300000, class=sun.util.locale.BaseLocale$Key@5000001a)
	lang		50000fb1
	scrt		50000fb0
	regn		50000faf
	vart		50000fae
OBJ 50000fae (sz=40, trace=300000, class=java.lang.ref.SoftReference@50000152)
	referent	5000059a
	queue		50000f68
OBJ 50000faf (sz=40, trace=300000, class=java.lang.ref.SoftReference@50000152)
	referent	50000eec
	queue		50000f68
OBJ 50000fb0 (sz=40, trace=300000, class=java.lang.ref.SoftReference@50000152)
	referent	5000059a
	queue		50000f68
OBJ 50000fb1 (sz=40, trace=300000, class=java.lang.ref.SoftReference@50000152)
	referent	50000ef5
	queue		50000f68
ARR 50000fb2 (sz=4, trace=300000, nelems=2, elem type=char[])
OBJ 50000fb3 (sz=32, trace=300000, class=sun.util.locale.BaseLocale@5000001c)
	language	50000ef5
	script		5000059a
	region		50000eec
	variant		5000059a
OBJ 50000fb5 (sz=16, trace=300157, class=java.lang.Object@50000172)
OBJ 50000fb6 (sz=32, trace=300159, class=java.util.concurrent.ConcurrentHashMap$Node@50000024)
	key		50000afc
	val		50000fb5
OBJ 50000fb7 (sz=32, trace=300000, class=java.util.concurrent.ConcurrentHashMap$Node@50000024)
	key		50000fcf
	val		50000fce
OBJ 50000fb8 (sz=48, trace=300000, class=sun.util.locale.LocaleObjectCache$CacheEntry@50000019)
	referent	50000fcd
	queue		50000f52
	key		50000fba
OBJ 50000fb9 (sz=32, trace=300696, class=java.util.concurrent.ConcurrentHashMap$Node@50000024)
	key		50000bfc
	val		50000863
	next		50000c32
OBJ 50000fba (sz=40, trace=300000, class=sun.util.locale.BaseLocale$Key@5000001a)
	lang		50000fc6
	scrt		50000fc4
	regn		50000fc3
	vart		50000fc0
OBJ 50000fbb (sz=32, trace=300696, class=java.util.concurrent.ConcurrentHashMap$Node@50000024)
	key		50000b6b
	val		500008d0
OBJ 50000fbc (sz=32, trace=300696, class=java.util.concurrent.ConcurrentHashMap$Node@50000024)
	key		5000023e
	val		50000245
OBJ 50000fbd (sz=32, trace=300696, class=java.util.concurrent.ConcurrentHashMap$Node@50000024)
	key		50000ca2
	val		50000976
	next		50000e37
OBJ 50000fbe (sz=32, trace=300696, class=java.util.concurrent.ConcurrentHashMap$Node@50000024)
	key		50000b6d
	val		50000927
OBJ 50000fbf (sz=32, trace=300695, class=java.util.concurrent.ConcurrentHashMap$Node@50000024)
	key		50000cec
	val		50000a28
OBJ 50000fc0 (sz=40, trace=300000, class=java.lang.ref.SoftReference@50000152)
	referent	5000059a
	queue		50000f68
OBJ 50000fc1 (sz=16, trace=300160, class=java.lang.Object@50000172)
OBJ 50000fc2 (sz=32, trace=300159, class=java.util.concurrent.ConcurrentHashMap$Node@50000024)
	key		50000afc
	val		50000fc1
OBJ 50000fc3 (sz=40, trace=300000, class=java.lang.ref.SoftReference@50000152)
	referent	5000059a
	queue		50000f68
OBJ 50000fc4 (sz=40, trace=300000, class=java.lang.ref.SoftReference@50000152)
	referent	5000059a
	queue		50000f68
OBJ 50000fc5 (sz=32, trace=300696, class=java.util.concurrent.ConcurrentHashMap$Node@50000024)
	key		50000bfc
	val		50000865
	next		50000c34
OBJ 50000fc6 (sz=40, trace=300000, class=java.lang.ref.SoftReference@50000152)
	referent	50000ef4
	queue		50000f68
OBJ 50000fc7 (sz=32, trace=300696, class=java.util.concurrent.ConcurrentHashMap$Node@50000024)
	key		50000b6b
	val		500008d2
OBJ 50000fc8 (sz=32, trace=300696, class=java.util.concurrent.ConcurrentHashMap$Node@50000024)
	key		5000023e
	val		50000248
OBJ 50000fc9 (sz=32, trace=300696, class=java.util.concurrent.ConcurrentHashMap$Node@50000024)
	key		50000ca2
	val		50000978
	next		50000e39
OBJ 50000fca (sz=32, trace=300696, class=java.util.concurrent.ConcurrentHashMap$Node@50000024)
	key		50000b6d
	val		50000929
OBJ 50000fcb (sz=32, trace=300695, class=java.util.concurrent.ConcurrentHashMap$Node@50000024)
	key		50000cec
	val		50000a2a
ARR 50000fcc (sz=4, trace=300000, nelems=2, elem type=char[])
OBJ 50000fcd (sz=32, trace=300000, class=sun.util.locale.BaseLocale@5000001c)
	language	50000ef4
	script		5000059a
	region		5000059a
	variant		5000059a
OBJ 50000fce (sz=48, trace=300000, class=sun.util.locale.LocaleObjectCache$CacheEntry@50000019)
	referent	50000f49
	queue		50000f52
	key		50000fcf
OBJ 50000fcf (sz=40, trace=300000, class=sun.util.locale.BaseLocale$Key@5000001a)
	lang		50000fd3
	scrt		50000fd2
	regn		50000fd1
	vart		50000fd0
OBJ 50000fd0 (sz=40, trace=300000, class=java.lang.ref.SoftReference@50000152)
	referent	5000059a
	queue		50000f68
OBJ 50000fd1 (sz=40, trace=300000, class=java.lang.ref.SoftReference@50000152)
	referent	50000f02
	queue		50000f68
OBJ 50000fd2 (sz=40, trace=300000, class=java.lang.ref.SoftReference@50000152)
	referent	5000059a
	queue		50000f68
OBJ 50000fd3 (sz=40, trace=300000, class=java.lang.ref.SoftReference@50000152)
	referent	50000ef0
	queue		50000f68
OBJ 50000fd4 (sz=48, trace=300000, class=sun.util.locale.LocaleObjectCache$CacheEntry@50000019)
	referent	50000fda
	queue		50000f52
	key		50000fd5
OBJ 50000fd5 (sz=40, trace=300000, class=sun.util.locale.BaseLocale$Key@5000001a)
	lang		50000fd9
	scrt		50000fd8
	regn		50000fd7
	vart		50000fd6
OBJ 50000fd6 (sz=40, trace=300000, class=java.lang.ref.SoftReference@50000152)
	referent	5000059a
	queue		50000f68
OBJ 50000fd7 (sz=40, trace=300000, class=java.lang.ref.SoftReference@50000152)
	referent	5000059a
	queue		50000f68
OBJ 50000fd8 (sz=40, trace=300000, class=java.lang.ref.SoftReference@50000152)
	referent	5000059a
	queue		50000f68
OBJ 50000fd9 (sz=40, trace=300000, class=java.lang.ref.SoftReference@50000152)
	referent	50000ef0
	queue		50000f68
OBJ 50000fda (sz=32, trace=300000, class=sun.util.locale.BaseLocale@5000001c)
	language	50000ef0
	script		5000059a
	region		5000059a
	variant		5000059a
OBJ 50000fdb (sz=32, trace=300000, class=java.util.concurrent.ConcurrentHashMap$Node@50000024)
	key		50000fe8
	val		50000fe5
	next		50000fe4
OBJ 50000fdc (sz=48, trace=300000, class=sun.util.locale.LocaleObjectCache$CacheEntry@50000019)
	referent	50000fe3
	queue		50000f52
	key		50000fdd
OBJ 50000fdd (sz=40, trace=300000, class=sun.util.locale.BaseLocale$Key@5000001a)
	lang		50000fe1
	scrt		50000fe0
	regn		50000fdf
	vart		50000fde
OBJ 50000fde (sz=40, trace=300000, class=java.lang.ref.SoftReference@50000152)
	referent	5000059a
	queue		50000f68
OBJ 50000fdf (sz=40, trace=300000, class=java.lang.ref.SoftReference@50000152)
	referent	50000eed
	queue		50000f68
OBJ 50000fe0 (sz=40, trace=300000, class=java.lang.ref.SoftReference@50000152)
	referent	5000059a
	queue		50000f68
OBJ 50000fe1 (sz=40, trace=300000, class=java.lang.ref.SoftReference@50000152)
	referent	50000f00
	queue		50000f68
ARR 50000fe2 (sz=4, trace=300000, nelems=2, elem type=char[])
OBJ 50000fe3 (sz=32, trace=300000, class=sun.util.locale.BaseLocale@5000001c)
	language	50000f00
	script		5000059a
	region		50000eed
	variant		5000059a
OBJ 50000fe4 (sz=32, trace=300000, class=java.util.concurrent.ConcurrentHashMap$Node@50000024)
	key		50000ff1
	val		50000ff0
	next		50000fef
OBJ 50000fe5 (sz=48, trace=300000, class=sun.util.locale.LocaleObjectCache$CacheEntry@50000019)
	referent	50000fee
	queue		50000f52
	key		50000fe8
OBJ 50000fe6 (sz=56, trace=300687, class=java.util.zip.ZipFile$ZipFileInputStream@5000055c)
	this$0		500004ec
OBJ 50000fe7 (sz=40, trace=300106, class=java.lang.ref.Finalizer@5000014d)
	referent	50000fe6
	queue		500003a9
	next		50000f84
	prev		50001061
OBJ 50000fe8 (sz=40, trace=300000, class=sun.util.locale.BaseLocale$Key@5000001a)
	lang		50000fec
	scrt		50000feb
	regn		50000fea
	vart		50000fe9
OBJ 50000fe9 (sz=40, trace=300000, class=java.lang.ref.SoftReference@50000152)
	referent	5000059a
	queue		50000f68
OBJ 50000fea (sz=40, trace=300000, class=java.lang.ref.SoftReference@50000152)
	referent	50000eea
	queue		50000f68
OBJ 50000feb (sz=40, trace=300000, class=java.lang.ref.SoftReference@50000152)
	referent	5000059a
	queue		50000f68
OBJ 50000fec (sz=40, trace=300000, class=java.lang.ref.SoftReference@50000152)
	referent	50000ef2
	queue		50000f68
ARR 50000fed (sz=4, trace=300000, nelems=2, elem type=char[])
OBJ 50000fee (sz=32, trace=300000, class=sun.util.locale.BaseLocale@5000001c)
	language	50000ef2
	script		5000059a
	region		50000eea
	variant		5000059a
OBJ 50000fef (sz=32, trace=300000, class=java.util.concurrent.ConcurrentHashMap$Node@50000024)
	key		50001025
	val		50001024
OBJ 50000ff0 (sz=48, trace=300000, class=sun.util.locale.LocaleObjectCache$CacheEntry@50000019)
	referent	5000100d
	queue		50000f52
	key		50000ff1
OBJ 50000ff1 (sz=40, trace=300000, class=sun.util.locale.BaseLocale$Key@5000001a)
	lang		5000100b
	scrt		5000100a
	regn		50001009
	vart		50001003
OBJ 50000ff3 (sz=24, trace=301065, class=com.sun.tools.javac.util.JCDiagnostic$Factory$1@50000ff2)
OBJ 50000ff4 (sz=24, trace=301066, class=com.sun.tools.javac.util.List@50001abb)
OBJ 50000ff5 (sz=88, trace=301067, class=com.sun.tools.javac.util.Log@50001bed)
OBJ 50000ff6 (sz=48, trace=301068, class=java.util.HashMap@500000c6)
OBJ 50000ff7 (sz=16, trace=300157, class=java.lang.Object@50000172)
OBJ 50000ff8 (sz=32, trace=300683, class=java.util.concurrent.ConcurrentHashMap$Node@50000024)
	key		50000c5e
	val		50000ff7
OBJ 50000ff9 (sz=16, trace=300160, class=java.lang.Object@50000172)
OBJ 50000ffa (sz=32, trace=300683, class=java.util.concurrent.ConcurrentHashMap$Node@50000024)
	key		50000c5e
	val		50000ff9
OBJ 50000ffb (sz=16, trace=301069, class=java.util.HashSet@50000005)
OBJ 50000ffc (sz=48, trace=301070, class=java.util.HashMap@500000c6)
OBJ 50000ffd (sz=32, trace=300221, class=java.util.HashMap$Node@500000c4)
OBJ 50000ffe (sz=16, trace=300157, class=java.lang.Object@50000172)
OBJ 50000fff (sz=32, trace=300683, class=java.util.concurrent.ConcurrentHashMap$Node@50000024)
	key		50000b96
	val		50000ffe
	next		500011c2
OBJ 50001000 (sz=16, trace=300160, class=java.lang.Object@50000172)
OBJ 50001001 (sz=32, trace=300683, class=java.util.concurrent.ConcurrentHashMap$Node@50000024)
	key		50000b96
	val		50001000
	next		500011c4
OBJ 50001002 (sz=56, trace=300687, class=java.util.zip.ZipFile$ZipFileInputStream@5000055c)
OBJ 50001003 (sz=40, trace=300000, class=java.lang.ref.SoftReference@50000152)
	referent	5000059a
	queue		50000f68
OBJ 50001005 (sz=16, trace=301071, class=com.sun.tools.javac.util.Context$Key@500014fe)
OBJ 50001006 (sz=32, trace=300221, class=java.util.HashMap$Node@500000c4)
OBJ 50001007 (sz=24, trace=301072, class=com.sun.tools.javac.util.Log$DefaultDiagnosticHandler@50001c7a)
OBJ 50001008 (sz=24, trace=300842, class=com.sun.tools.javac.util.List@50001abb)
OBJ 50001009 (sz=40, trace=300000, class=java.lang.ref.SoftReference@50000152)
	referent	50000f04
	queue		50000f68
OBJ 5000100a (sz=40, trace=300000, class=java.lang.ref.SoftReference@50000152)
	referent	5000059a
	queue		50000f68
OBJ 5000100b (sz=40, trace=300000, class=java.lang.ref.SoftReference@50000152)
	referent	50000ef0
	queue		50000f68
ARR 5000100c (sz=4, trace=300000, nelems=2, elem type=char[])
OBJ 5000100d (sz=32, trace=300000, class=sun.util.locale.BaseLocale@5000001c)
	language	50000ef0
	script		5000059a
	region		50000f04
	variant		5000059a
OBJ 5000100e (sz=40, trace=301077, class=com.sun.tools.javac.util.BasicDiagnosticFormatter$BasicConfiguration@50000909)
OBJ 50001010 (sz=16, trace=300157, class=java.lang.Object@50000172)
OBJ 50001011 (sz=32, trace=300159, class=java.util.concurrent.ConcurrentHashMap$Node@50000024)
	key		50000afa
	val		50001010
OBJ 50001012 (sz=16, trace=300160, class=java.lang.Object@50000172)
OBJ 50001013 (sz=32, trace=300159, class=java.util.concurrent.ConcurrentHashMap$Node@50000024)
	key		50000afa
	val		50001012
OBJ 50001014 (sz=48, trace=301078, class=java.util.HashMap@500000c6)
ARR 50001015 (sz=80, trace=301038, nelems=0, elem type=java.util.HashMap$Node[]@500000c2)
OBJ 50001016 (sz=32, trace=300221, class=java.util.HashMap$Node@500000c4)
OBJ 50001017 (sz=32, trace=300221, class=java.util.HashMap$Node@500000c4)
OBJ 50001018 (sz=40, trace=301042, class=java.util.EnumMap@500009de)
ARR 50001019 (sz=32, trace=301079, nelems=0, elem type=java.lang.Object[]@50000108)
OBJ 5000101a (sz=48, trace=301080, class=java.util.HashMap@500000c6)
ARR 5000101b (sz=80, trace=301052, nelems=0, elem type=java.util.HashMap$Node[]@500000c2)
OBJ 5000101c (sz=32, trace=300221, class=java.util.HashMap$Node@500000c4)
OBJ 5000101d (sz=32, trace=300222, class=java.util.HashMap$Node@500000c4)
OBJ 5000101e (sz=32, trace=300221, class=java.util.HashMap$Node@500000c4)
OBJ 5000101f (sz=32, trace=300221, class=java.util.HashMap$Node@500000c4)
OBJ 50001020 (sz=16, trace=300157, class=java.lang.Object@50000172)
OBJ 50001021 (sz=32, trace=300159, class=java.util.concurrent.ConcurrentHashMap$Node@50000024)
	key		50000cd3
	val		50001020
	next		50002063
OBJ 50001022 (sz=16, trace=300160, class=java.lang.Object@50000172)
OBJ 50001023 (sz=32, trace=300159, class=java.util.concurrent.ConcurrentHashMap$Node@50000024)
	key		50000cd3
	val		50001022
	next		50002065
OBJ 50001024 (sz=48, trace=300000, class=sun.util.locale.LocaleObjectCache$CacheEntry@50000019)
	referent	5000102a
	queue		50000f52
	key		50001025
OBJ 50001025 (sz=40, trace=300000, class=sun.util.locale.BaseLocale$Key@5000001a)
	lang		50001029
	scrt		50001028
	regn		50001027
	vart		50001026
OBJ 50001026 (sz=40, trace=300000, class=java.lang.ref.SoftReference@50000152)
	referent	5000059a
	queue		50000f68
OBJ 50001027 (sz=40, trace=300000, class=java.lang.ref.SoftReference@50000152)
	referent	50000f01
	queue		50000f68
OBJ 50001028 (sz=40, trace=300000, class=java.lang.ref.SoftReference@50000152)
	referent	5000059a
	queue		50000f68
OBJ 50001029 (sz=40, trace=300000, class=java.lang.ref.SoftReference@50000152)
	referent	50000ef0
	queue		50000f68
OBJ 5000102a (sz=32, trace=300000, class=sun.util.locale.BaseLocale@5000001c)
	language	50000ef0
	script		5000059a
	region		50000f01
	variant		5000059a
OBJ 5000102b (sz=48, trace=300000, class=sun.util.locale.LocaleObjectCache$CacheEntry@50000019)
	referent	50001032
	queue		50000f52
	key		5000102c
OBJ 5000102c (sz=40, trace=300000, class=sun.util.locale.BaseLocale$Key@5000001a)
	lang		50001030
	scrt		5000102f
	regn		5000102e
	vart		5000102d
OBJ 5000102d (sz=40, trace=300000, class=java.lang.ref.SoftReference@50000152)
	referent	5000059a
	queue		50000f68
OBJ 5000102e (sz=40, trace=300000, class=java.lang.ref.SoftReference@50000152)
	referent	50000eeb
	queue		50000f68
OBJ 5000102f (sz=40, trace=300000, class=java.lang.ref.SoftReference@50000152)
	referent	5000059a
	queue		50000f68
OBJ 50001030 (sz=40, trace=300000, class=java.lang.ref.SoftReference@50000152)
	referent	50000ef4
	queue		50000f68
ARR 50001031 (sz=4, trace=300000, nelems=2, elem type=char[])
OBJ 50001032 (sz=32, trace=300000, class=sun.util.locale.BaseLocale@5000001c)
	language	50000ef4
	script		5000059a
	region		50000eeb
	variant		5000059a
OBJ 50001033 (sz=48, trace=300000, class=sun.util.locale.LocaleObjectCache$CacheEntry@50000019)
	referent	50001039
	queue		50000f52
	key		50001034
OBJ 50001034 (sz=40, trace=300000, class=sun.util.locale.BaseLocale$Key@5000001a)
	lang		50001038
	scrt		50001037
	regn		50001036
	vart		50001035
OBJ 50001035 (sz=40, trace=300000, class=java.lang.ref.SoftReference@50000152)
	referent	5000059a
	queue		50000f68
OBJ 50001036 (sz=40, trace=300000, class=java.lang.ref.SoftReference@50000152)
	referent	5000059a
	queue		50000f68
OBJ 50001037 (sz=40, trace=300000, class=java.lang.ref.SoftReference@50000152)
	referent	5000059a
	queue		50000f68
OBJ 50001038 (sz=40, trace=300000, class=java.lang.ref.SoftReference@50000152)
	referent	50000ef6
	queue		50000f68
OBJ 50001039 (sz=32, trace=300000, class=sun.util.locale.BaseLocale@5000001c)
	language	50000ef6
	script		5000059a
	region		5000059a
	variant		5000059a
OBJ 5000103a (sz=48, trace=300000, class=sun.util.locale.LocaleObjectCache$CacheEntry@50000019)
	referent	50001040
	queue		50000f52
	key		5000103b
OBJ 5000103b (sz=40, trace=300000, class=sun.util.locale.BaseLocale$Key@5000001a)
	lang		5000103f
	scrt		5000103e
	regn		5000103d
	vart		5000103c
OBJ 5000103c (sz=40, trace=300000, class=java.lang.ref.SoftReference@50000152)
	referent	5000059a
	queue		50000f68
OBJ 5000103d (sz=40, trace=300000, class=java.lang.ref.SoftReference@50000152)
	referent	5000059a
	queue		50000f68
OBJ 5000103e (sz=40, trace=300000, class=java.lang.ref.SoftReference@50000152)
	referent	5000059a
	queue		50000f68
OBJ 5000103f (sz=40, trace=300000, class=java.lang.ref.SoftReference@50000152)
	referent	50000eef
	queue		50000f68
OBJ 50001040 (sz=32, trace=300000, class=sun.util.locale.BaseLocale@5000001c)
	language	50000eef
	script		5000059a
	region		5000059a
	variant		5000059a
OBJ 50001041 (sz=32, trace=300000, class=java.util.concurrent.ConcurrentHashMap$Node@50000024)
	key		5000104c
	val		5000104b
OBJ 50001042 (sz=48, trace=300000, class=sun.util.locale.LocaleObjectCache$CacheEntry@50000019)
	referent	5000104a
	queue		50000f52
	key		50001043
OBJ 50001043 (sz=40, trace=300000, class=sun.util.locale.BaseLocale$Key@5000001a)
	lang		50001047
	scrt		50001046
	regn		50001045
	vart		50001044
OBJ 50001044 (sz=40, trace=300000, class=java.lang.ref.SoftReference@50000152)
	referent	5000059a
	queue		50000f68
OBJ 50001045 (sz=40, trace=300000, class=java.lang.ref.SoftReference@50000152)
	referent	50000ee8
	queue		50000f68
OBJ 50001046 (sz=40, trace=300000, class=java.lang.ref.SoftReference@50000152)
	referent	5000059a
	queue		50000f68
OBJ 50001047 (sz=40, trace=300000, class=java.lang.ref.SoftReference@50000152)
	referent	50000f00
	queue		50000f68
ARR 50001048 (sz=4, trace=300000, nelems=2, elem type=char[])
OBJ 50001049 (sz=56, trace=300687, class=java.util.zip.ZipFile$ZipFileInputStream@5000055c)
OBJ 5000104a (sz=32, trace=300000, class=sun.util.locale.BaseLocale@5000001c)
	language	50000f00
	script		5000059a
	region		50000ee8
	variant		5000059a
OBJ 5000104b (sz=48, trace=300000, class=sun.util.locale.LocaleObjectCache$CacheEntry@50000019)
	referent	50001051
	queue		50000f52
	key		5000104c
OBJ 5000104c (sz=40, trace=300000, class=sun.util.locale.BaseLocale$Key@5000001a)
	lang		50001050
	scrt		5000104f
	regn		5000104e
	vart		5000104d
OBJ 5000104d (sz=40, trace=300000, class=java.lang.ref.SoftReference@50000152)
	referent	5000059a
	queue		50000f68
OBJ 5000104e (sz=40, trace=300000, class=java.lang.ref.SoftReference@50000152)
	referent	5000059a
	queue		50000f68
OBJ 5000104f (sz=40, trace=300000, class=java.lang.ref.SoftReference@50000152)
	referent	5000059a
	queue		50000f68
OBJ 50001050 (sz=40, trace=300000, class=java.lang.ref.SoftReference@50000152)
	referent	5000059a
	queue		50000f68
OBJ 50001051 (sz=32, trace=300000, class=sun.util.locale.BaseLocale@5000001c)
	language	5000059a
	script		5000059a
	region		5000059a
	variant		5000059a
ARR 50001052 (sz=4, trace=300000, nelems=2, elem type=char[])
ARR 50001053 (sz=4, trace=300000, nelems=2, elem type=char[])
ARR 50001054 (sz=4, trace=300000, nelems=2, elem type=char[])
OBJ 50001055 (sz=16, trace=300000, class=java.lang.ref.ReferenceQueue$Lock@500000d1)
OBJ 50001057 (sz=16, trace=300157, class=java.lang.Object@50000172)
OBJ 50001058 (sz=32, trace=300000, class=java.util.concurrent.ConcurrentHashMap$Node@50000024)
	key		5000105d
	val		5000105c
OBJ 50001059 (sz=16, trace=300160, class=java.lang.Object@50000172)
OBJ 5000105a (sz=48, trace=300000, class=sun.util.locale.LocaleObjectCache$CacheEntry@50000019)
	referent	50000f06
	queue		50000f1a
	key		5000105b
OBJ 5000105b (sz=24, trace=300000, class=java.util.Locale$LocaleKey@50000018)
	base		5000100d
OBJ 5000105c (sz=48, trace=300000, class=sun.util.locale.LocaleObjectCache$CacheEntry@50000019)
	referent	50000f09
	queue		50000f1a
	key		5000105d
OBJ 5000105d (sz=24, trace=300000, class=java.util.Locale$LocaleKey@50000018)
	base		5000102a
OBJ 5000105e (sz=48, trace=300000, class=sun.util.locale.LocaleObjectCache$CacheEntry@50000019)
	referent	50000f11
	queue		50000f1a
	key		5000105f
OBJ 5000105f (sz=24, trace=300000, class=java.util.Locale$LocaleKey@50000018)
	base		50000fee
OBJ 50001060 (sz=56, trace=300687, class=java.util.zip.ZipFile$ZipFileInputStream@5000055c)
	this$0		500004ec
OBJ 50001061 (sz=40, trace=300106, class=java.lang.ref.Finalizer@5000014d)
	referent	50001060
	queue		500003a9
	next		50000fe7
	prev		500010b5
OBJ 50001062 (sz=48, trace=300000, class=sun.util.locale.LocaleObjectCache$CacheEntry@50000019)
	referent	50000f0f
	queue		50000f1a
	key		50001063
OBJ 50001063 (sz=24, trace=300000, class=java.util.Locale$LocaleKey@50000018)
	base		50001032
OBJ 50001064 (sz=48, trace=300000, class=sun.util.locale.LocaleObjectCache$CacheEntry@50000019)
	referent	5000059b
	queue		50000f1a
	key		50001065
OBJ 50001065 (sz=24, trace=300000, class=java.util.Locale$LocaleKey@50000018)
	base		50000fda
OBJ 50001066 (sz=48, trace=300000, class=sun.util.locale.LocaleObjectCache$CacheEntry@50000019)
	referent	50000f12
	queue		50000f1a
	key		50001067
OBJ 50001067 (sz=24, trace=300000, class=java.util.Locale$LocaleKey@50000018)
	base		50000f8f
OBJ 50001068 (sz=48, trace=300000, class=sun.util.locale.LocaleObjectCache$CacheEntry@50000019)
	referent	50000f16
	queue		50000f1a
	key		50001069
OBJ 50001069 (sz=24, trace=300000, class=java.util.Locale$LocaleKey@50000018)
	base		50001040
OBJ 5000106a (sz=48, trace=300000, class=sun.util.locale.LocaleObjectCache$CacheEntry@50000019)
	referent	50000f10
	queue		50000f1a
	key		5000106b
OBJ 5000106b (sz=24, trace=300000, class=java.util.Locale$LocaleKey@50000018)
	base		50000fab
OBJ 5000106c (sz=48, trace=300000, class=sun.util.locale.LocaleObjectCache$CacheEntry@50000019)
	referent	50000f13
	queue		50000f1a
	key		50001078
OBJ 5000106e (sz=24, trace=301081, class=com.sun.tools.javac.util.BasicDiagnosticFormatter$BasicConfiguration$SourcePosition@5000106d)
	name		50002d5e
OBJ 5000106f (sz=24, trace=301082, class=com.sun.tools.javac.util.BasicDiagnosticFormatter$BasicConfiguration$SourcePosition@5000106d)
	name		50002d5d
ARR 50001071 (sz=24, trace=301083, nelems=2, elem type=com.sun.tools.javac.util.BasicDiagnosticFormatter$BasicConfiguration$SourcePosition[]@50001070)
	[0]		5000106e
	[1]		5000106f
OBJ 50001072 (sz=32, trace=301084, class=com.sun.tools.javac.util.BasicDiagnosticFormatter@50000374)
OBJ 50001073 (sz=24, trace=301085, class=com.sun.tools.javac.util.AbstractDiagnosticFormatter$1@500004e0)
OBJ 50001074 (sz=16, trace=300157, class=java.lang.Object@50000172)
OBJ 50001075 (sz=32, trace=300159, class=java.util.concurrent.ConcurrentHashMap$Node@50000024)
	key		50000d1b
	val		50001074
OBJ 50001076 (sz=16, trace=300160, class=java.lang.Object@50000172)
OBJ 50001077 (sz=32, trace=300159, class=java.util.concurrent.ConcurrentHashMap$Node@50000024)
	key		50000d1b
	val		50001076
OBJ 50001078 (sz=24, trace=300000, class=java.util.Locale$LocaleKey@50000018)
	base		50001039
OBJ 50001079 (sz=48, trace=300000, class=sun.util.locale.LocaleObjectCache$CacheEntry@50000019)
	referent	50000f15
	queue		50000f1a
	key		5000107a
OBJ 5000107a (sz=24, trace=300000, class=java.util.Locale$LocaleKey@50000018)
	base		50000fcd
OBJ 5000107b (sz=32, trace=300000, class=java.util.concurrent.ConcurrentHashMap$Node@50000024)
	key		5000107f
	val		5000107e
OBJ 5000107c (sz=48, trace=300000, class=sun.util.locale.LocaleObjectCache$CacheEntry@50000019)
	referent	50000f14
	queue		50000f1a
	key		5000107d
OBJ 5000107d (sz=24, trace=300000, class=java.util.Locale$LocaleKey@50000018)
	base		50000f87
OBJ 5000107e (sz=48, trace=300000, class=sun.util.locale.LocaleObjectCache$CacheEntry@50000019)
	referent	50000f0b
	queue		50000f1a
	key		5000107f
OBJ 5000107f (sz=24, trace=300000, class=java.util.Locale$LocaleKey@50000018)
	base		50000fe3
OBJ 50001080 (sz=48, trace=300000, class=sun.util.locale.LocaleObjectCache$CacheEntry@50000019)
	referent	50000f17
	queue		50000f1a
	key		50001081
OBJ 50001081 (sz=24, trace=300000, class=java.util.Locale$LocaleKey@50000018)
	base		50000fa0
OBJ 50001082 (sz=48, trace=300000, class=sun.util.locale.LocaleObjectCache$CacheEntry@50000019)
	referent	50000f08
	queue		50000f1a
	key		50001083
OBJ 50001083 (sz=24, trace=300000, class=java.util.Locale$LocaleKey@50000018)
	base		50000f73
OBJ 50001084 (sz=48, trace=300000, class=sun.util.locale.LocaleObjectCache$CacheEntry@50000019)
	referent	50000f0d
	queue		50000f1a
	key		50001085
OBJ 50001085 (sz=24, trace=300000, class=java.util.Locale$LocaleKey@50000018)
	base		50000f7d
OBJ 50001086 (sz=48, trace=300000, class=sun.util.locale.LocaleObjectCache$CacheEntry@50000019)
	referent	50000f0e
	queue		50000f1a
	key		50001087
OBJ 50001087 (sz=24, trace=300000, class=java.util.Locale$LocaleKey@50000018)
	base		50000fb3
OBJ 50001088 (sz=32, trace=300000, class=java.util.concurrent.ConcurrentHashMap$Node@50000024)
	key		5000108c
	val		5000108b
OBJ 50001089 (sz=48, trace=300000, class=sun.util.locale.LocaleObjectCache$CacheEntry@50000019)
	referent	50000f0c
	queue		50000f1a
	key		5000108a
OBJ 5000108a (sz=24, trace=300000, class=java.util.Locale$LocaleKey@50000018)
	base		5000104a
OBJ 5000108b (sz=48, trace=300000, class=sun.util.locale.LocaleObjectCache$CacheEntry@50000019)
	referent	50000f07
	queue		50000f1a
	key		5000108c
OBJ 5000108c (sz=24, trace=300000, class=java.util.Locale$LocaleKey@50000018)
	base		50001051
OBJ 5000108d (sz=40, trace=300000, class=java.io.ObjectStreamField@500000fc)
	name		50000ef7
	signature	50001094
	type		5000016e
OBJ 5000108e (sz=40, trace=300000, class=java.io.ObjectStreamField@500000fc)
	name		50000eee
	signature	50001094
	type		5000016e
OBJ 5000108f (sz=40, trace=300000, class=java.io.ObjectStreamField@500000fc)
	name		50000eff
	signature	50001094
	type		5000016e
OBJ 50001090 (sz=56, trace=300687, class=java.util.zip.ZipFile$ZipFileInputStream@5000055c)
OBJ 50001091 (sz=40, trace=300000, class=java.io.ObjectStreamField@500000fc)
	name		50000ef3
	signature	50000d44
	type		5000056a
OBJ 50001092 (sz=40, trace=300000, class=java.io.ObjectStreamField@500000fc)
	name		50000ef8
	signature	50001094
	type		5000016e
OBJ 50001093 (sz=40, trace=300000, class=java.io.ObjectStreamField@500000fc)
	name		50000ef1
	signature	50001094
	type		5000016e
OBJ 50001094 (sz=24, trace=300000, class=java.lang.String@5000016e)
	value		50001096
ARR 50001095 (sz=20, trace=300000, nelems=10, elem type=char[])
ARR 50001096 (sz=36, trace=300000, nelems=18, elem type=char[])
ARR 50001097 (sz=12, trace=300000, nelems=6, elem type=char[])
ARR 50001098 (sz=16, trace=300000, nelems=8, elem type=char[])
ARR 50001099 (sz=14, trace=300000, nelems=7, elem type=char[])
ARR 5000109a (sz=14, trace=300000, nelems=7, elem type=char[])
ARR 5000109b (sz=16, trace=300000, nelems=8, elem type=char[])
OBJ 5000109c (sz=24, trace=300000, class=java.lang.String@5000016e)
	value		500010ab
OBJ 5000109e (sz=16, trace=300157, class=java.lang.Object@50000172)
OBJ 5000109f (sz=32, trace=300159, class=java.util.concurrent.ConcurrentHashMap$Node@50000024)
	key		50000b20
	val		5000109e
OBJ 500010a0 (sz=16, trace=300160, class=java.lang.Object@50000172)
OBJ 500010a1 (sz=32, trace=300159, class=java.util.concurrent.ConcurrentHashMap$Node@50000024)
	key		50000b20
	val		500010a0
OBJ 500010a2 (sz=24, trace=300000, class=java.lang.String@5000016e)
	value		500010b0
OBJ 500010a3 (sz=24, trace=300000, class=java.lang.String@5000016e)
	value		500010ae
OBJ 500010a4 (sz=24, trace=300000, class=java.lang.String@5000016e)
	value		500010b3
OBJ 500010a5 (sz=24, trace=300000, class=java.lang.String@5000016e)
	value		500010ac
OBJ 500010a6 (sz=24, trace=300000, class=java.lang.String@5000016e)
	value		500010b1
OBJ 500010a7 (sz=24, trace=300000, class=java.lang.String@5000016e)
	value		500010ad
OBJ 500010a8 (sz=24, trace=300000, class=java.lang.String@5000016e)
	value		500010b2
OBJ 500010a9 (sz=24, trace=300000, class=java.lang.String@5000016e)
	value		500010af
OBJ 500010aa (sz=24, trace=300000, class=java.lang.String@5000016e)
	value		500010b6
ARR 500010ab (sz=14, trace=300000, nelems=7, elem type=char[])
ARR 500010ac (sz=42, trace=300000, nelems=21, elem type=char[])
ARR 500010ad (sz=38, trace=300000, nelems=19, elem type=char[])
ARR 500010ae (sz=40, trace=300000, nelems=20, elem type=char[])
ARR 500010af (sz=40, trace=300000, nelems=20, elem type=char[])
ARR 500010b0 (sz=12, trace=300000, nelems=6, elem type=char[])
ARR 500010b1 (sz=40, trace=300000, nelems=20, elem type=char[])
ARR 500010b2 (sz=36, trace=300000, nelems=18, elem type=char[])
ARR 500010b3 (sz=38, trace=300000, nelems=19, elem type=char[])
OBJ 500010b4 (sz=56, trace=300687, class=java.util.zip.ZipFile$ZipFileInputStream@5000055c)
	this$0		500004ec
OBJ 500010b5 (sz=40, trace=300106, class=java.lang.ref.Finalizer@5000014d)
	referent	500010b4
	queue		500003a9
	next		50001061
	prev		5000110b
ARR 500010b6 (sz=38, trace=300000, nelems=19, elem type=char[])
ARR 500010b7 (sz=24, trace=300000, nelems=12, elem type=char[])
ARR 500010b8 (sz=22, trace=300000, nelems=11, elem type=char[])
ARR 500010b9 (sz=22, trace=300000, nelems=11, elem type=char[])
ARR 500010ba (sz=26, trace=300000, nelems=13, elem type=char[])
ARR 500010bb (sz=24, trace=300000, nelems=12, elem type=char[])
ARR 500010bc (sz=4, trace=300000, nelems=2, elem type=char[])
OBJ 500010bd (sz=24, trace=300000, class=java.lang.String@5000016e)
	value		500010d4
OBJ 500010be (sz=24, trace=300000, class=java.lang.String@5000016e)
	value		500010d2
ARR 500010bf (sz=32, trace=300000, nelems=3, elem type=java.io.ObjectStreamField[]@500000fa)
	[0]		500010ce
	[1]		500010cf
	[2]		500010d0
OBJ 500010c1 (sz=24, trace=301086, class=com.sun.tools.javac.util.Log$1@500010c0)
OBJ 500010c2 (sz=24, trace=301066, class=com.sun.tools.javac.util.List@50001abb)
OBJ 500010c3 (sz=16, trace=300157, class=java.lang.Object@50000172)
OBJ 500010c4 (sz=32, trace=300159, class=java.util.concurrent.ConcurrentHashMap$Node@50000024)
	key		50000bb4
	val		500010c3
OBJ 500010c5 (sz=16, trace=300160, class=java.lang.Object@50000172)
OBJ 500010c6 (sz=32, trace=300159, class=java.util.concurrent.ConcurrentHashMap$Node@50000024)
	key		50000bb4
	val		500010c5
OBJ 500010c8 (sz=16, trace=301087, class=java.util.LinkedHashSet@500010c7)
OBJ 500010c9 (sz=56, trace=301088, class=java.util.LinkedHashMap@5000006a)
OBJ 500010ca (sz=16, trace=300157, class=java.lang.Object@50000172)
OBJ 500010cb (sz=32, trace=300159, class=java.util.concurrent.ConcurrentHashMap$Node@50000024)
	key		50000cc5
	val		500010ca
OBJ 500010cc (sz=16, trace=300160, class=java.lang.Object@50000172)
OBJ 500010cd (sz=32, trace=300159, class=java.util.concurrent.ConcurrentHashMap$Node@50000024)
	key		50000cc5
	val		500010cc
OBJ 500010ce (sz=40, trace=300000, class=java.io.ObjectStreamField@500000fc)
	name		50000d2f
	signature	500010d5
	type		50000179
OBJ 500010cf (sz=40, trace=300000, class=java.io.ObjectStreamField@500000fc)
	name		500010bd
	signature	50000d44
	type		5000056a
OBJ 500010d0 (sz=40, trace=300000, class=java.io.ObjectStreamField@500000fc)
	name		500010be
	signature	500010d1
	type		50000570
OBJ 500010d1 (sz=24, trace=300000, class=java.lang.String@5000016e)
	value		500010d3
ARR 500010d2 (sz=12, trace=300000, nelems=6, elem type=char[])
ARR 500010d3 (sz=2, trace=300000, nelems=1, elem type=char[])
ARR 500010d4 (sz=10, trace=300000, nelems=5, elem type=char[])
OBJ 500010d5 (sz=24, trace=300000, class=java.lang.String@5000016e)
	value		500010d6
ARR 500010d6 (sz=4, trace=300000, nelems=2, elem type=char[])
OBJ 500010d7 (sz=56, trace=300687, class=java.util.zip.ZipFile$ZipFileInputStream@5000055c)
OBJ 500010d8 (sz=24, trace=300000, class=java.lang.String@5000016e)
	value		500010db
OBJ 500010d9 (sz=24, trace=300000, class=java.lang.String@5000016e)
	value		500010da
ARR 500010da (sz=52, trace=300000, nelems=26, elem type=char[])
ARR 500010db (sz=42, trace=300000, nelems=21, elem type=char[])
ARR 500010dc (sz=28, trace=300000, nelems=14, elem type=char[])
ARR 500010dd (sz=28, trace=300000, nelems=14, elem type=char[])
ARR 500010de (sz=2, trace=300000, nelems=1, elem type=char[])
ARR 500010df (sz=2, trace=300000, nelems=1, elem type=char[])
OBJ 500010e0 (sz=24, trace=300000, class=java.lang.String@5000016e)
	value		500010eb
OBJ 500010e1 (sz=24, trace=300000, class=java.lang.String@5000016e)
	value		500010ea
ARR 500010e2 (sz=24, trace=300000, nelems=2, elem type=java.io.File$PathStatus[]@50000062)
	[0]		500010e9
	[1]		500010e3
OBJ 500010e3 (sz=24, trace=300000, class=java.io.File$PathStatus@50000067)
	name		500010e0
OBJ 500010e5 (sz=16, trace=300157, class=java.lang.Object@50000172)
OBJ 500010e6 (sz=32, trace=300683, class=java.util.concurrent.ConcurrentHashMap$Node@50000024)
	key		50000b1b
	val		500010e5
OBJ 500010e7 (sz=16, trace=300160, class=java.lang.Object@50000172)
OBJ 500010e8 (sz=32, trace=300683, class=java.util.concurrent.ConcurrentHashMap$Node@50000024)
	key		50000b1b
	val		500010e7
OBJ 500010e9 (sz=24, trace=300000, class=java.io.File$PathStatus@50000067)
	name		500010e1
ARR 500010ea (sz=14, trace=300000, nelems=7, elem type=char[])
ARR 500010eb (sz=14, trace=300000, nelems=7, elem type=char[])
ARR 500010ec (sz=24, trace=300000, nelems=12, elem type=char[])
ARR 500010ed (sz=8, trace=300000, nelems=4, elem type=char[])
OBJ 500010ee (sz=24, trace=300000, class=java.lang.String@5000016e)
	value		500010f2
OBJ 500010ef (sz=32, trace=300000, class=java.util.concurrent.atomic.AtomicReferenceFieldUpdater$AtomicReferenceFieldUpdaterImpl@500000a9)
	cclass		500000ab
	tclass		500000ab
	vclass		50000176
OBJ 500010f0 (sz=24, trace=300000, class=java.lang.String@5000016e)
	value		500010f1
ARR 500010f1 (sz=26, trace=300000, nelems=13, elem type=char[])
ARR 500010f2 (sz=6, trace=300000, nelems=3, elem type=char[])
ARR 500010f3 (sz=62, trace=300000, nelems=31, elem type=char[])
ARR 500010f4 (sz=20, trace=300000, nelems=10, elem type=char[])
ARR 500010f5 (sz=6, trace=300000, nelems=3, elem type=char[])
ARR 500010f6 (sz=48, trace=300000, nelems=24, elem type=char[])
ARR 500010f7 (sz=26, trace=300000, nelems=13, elem type=char[])
ARR 500010f8 (sz=18, trace=300000, nelems=9, elem type=char[])
ARR 500010f9 (sz=2, trace=300000, nelems=1, elem type=char[])
ARR 500010fa (sz=16, trace=300000, nelems=8, elem type=char[])
OBJ 500010fb (sz=24, trace=300000, class=java.lang.String@5000016e)
	value		500010fc
ARR 500010fc (sz=10, trace=300000, nelems=5, elem type=char[])
ARR 500010fd (sz=14, trace=300000, nelems=7, elem type=char[])
ARR 500010fe (sz=2, trace=300000, nelems=1, elem type=char[])
ARR 500010ff (sz=6, trace=300000, nelems=3, elem type=char[])
ARR 50001100 (sz=6, trace=300000, nelems=3, elem type=char[])
ARR 50001101 (sz=8, trace=300000, nelems=4, elem type=char[])
ARR 50001102 (sz=6, trace=300000, nelems=3, elem type=char[])
ARR 50001103 (sz=8, trace=300000, nelems=4, elem type=char[])
ARR 50001104 (sz=64, trace=300000, nelems=32, elem type=char[])
OBJ 50001105 (sz=24, trace=300000, class=java.lang.String@5000016e)
	value		50001807
OBJ 50001106 (sz=24, trace=300000, class=java.lang.String@5000016e)
	value		50001806
OBJ 50001107 (sz=24, trace=300000, class=java.lang.String@5000016e)
	value		50001805
OBJ 50001108 (sz=24, trace=300000, class=java.lang.String@5000016e)
	value		50001803
OBJ 50001109 (sz=24, trace=300000, class=java.lang.String@5000016e)
	value		50001179
OBJ 5000110a (sz=56, trace=300687, class=java.util.zip.ZipFile$ZipFileInputStream@5000055c)
	this$0		500004ec
OBJ 5000110b (sz=40, trace=300106, class=java.lang.ref.Finalizer@5000014d)
	referent	5000110a
	queue		500003a9
	next		500010b5
	prev		500011a7
OBJ 5000110c (sz=24, trace=300000, class=java.lang.String@5000016e)
	value		50001178
OBJ 5000110d (sz=24, trace=300000, class=java.lang.String@5000016e)
	value		50001111
OBJ 5000110e (sz=24, trace=300000, class=java.lang.String@5000016e)
	value		5000117a
OBJ 5000110f (sz=24, trace=300000, class=java.lang.String@5000016e)
	value		5000117c
OBJ 50001110 (sz=24, trace=300000, class=java.lang.String@5000016e)
	value		5000117b
ARR 50001111 (sz=72, trace=300000, nelems=36, elem type=char[])
OBJ 50001112 (sz=24, trace=300000, class=java.lang.String@5000016e)
	value		50001116
OBJ 50001113 (sz=24, trace=300000, class=java.lang.String@5000016e)
	value		50001117
OBJ 50001114 (sz=16, trace=300000, class=java.nio.ByteOrder@50000073)
	name		50001113
OBJ 50001115 (sz=16, trace=300000, class=java.nio.ByteOrder@50000073)
	name		50001112
ARR 50001116 (sz=20, trace=300000, nelems=10, elem type=char[])
ARR 50001117 (sz=26, trace=300000, nelems=13, elem type=char[])
OBJ 50001118 (sz=16, trace=300157, class=java.lang.Object@50000172)
OBJ 50001119 (sz=32, trace=300159, class=java.util.concurrent.ConcurrentHashMap$Node@50000024)
	key		50000c17
	val		50001118
ARR 5000111a (sz=2064, trace=300688, nelems=512, elem type=java.util.concurrent.ConcurrentHashMap$Node[]@50000023)
	[1]		50001b0c
	[2]		50000dde
	[4]		50001075
	[7]		50000c39
	[13]		500009d4
	[16]		50000b12
	[20]		500007d4
	[23]		50001364
	[24]		50001b5e
	[30]		5000161a
	[36]		50000b27
	[41]		50001dfd
	[42]		50000ab9
	[43]		50001a8e
	[44]		50001861
	[48]		5000137e
	[58]		50001548
	[59]		5000177c
	[65]		50000fbf
	[66]		50000b90
	[68]		5000113b
	[71]		50000a77
	[72]		50000d32
	[79]		50001021
	[80]		5000140c
	[84]		500009e3
	[91]		500002b4
	[92]		50000591
	[95]		500010cb
	[96]		50001c3c
	[98]		50001fea
	[102]		50000849
	[103]		500014ba
	[104]		50001736
	[106]		50001135
	[118]		50001cdf
	[122]		50001d27
	[127]		50000f44
	[128]		50000ce2
	[132]		50000b18
	[135]		5000185c
	[141]		50001c7c
	[144]		50001627
	[145]		50000fbd
	[146]		50001ab8
	[147]		50000e84
	[150]		50001130
	[152]		50001bef
	[153]		50000423
	[154]		50000376
	[156]		50000e31
	[161]		50000be4
	[167]		50000a7d
	[168]		50001501
	[170]		50001dd9
	[172]		50000d3d
	[173]		500018a7
	[174]		50001a6c
	[185]		50000d89
	[187]		50001912
	[190]		50001127
	[191]		50001be8
	[204]		50001d6f
	[207]		500002d2
	[208]		50000ff8
	[211]		500003cc
	[215]		50000abf
	[217]		50001411
	[218]		5000172c
	[219]		5000132d
	[220]		50001b58
	[221]		500019f8
	[222]		50001c93
	[223]		500016ec
	[224]		50001122
	[231]		50000ed5
	[233]		500001cd
	[235]		50000336
	[237]		50002288
	[242]		50000bde
	[245]		5000168d
	[248]		50000f97
	[250]		500018ba
	[251]		500011be
	[252]		500019a8
	[258]		50001293
	[260]		50001a39
	[261]		5000047a
	[262]		50000b34
	[265]		50001119
	[266]		5000196e
	[272]		50001140
	[274]		50001780
	[275]		50000fbc
	[276]		50000312
	[279]		500017e6
	[280]		5000113f
	[281]		50001e02
	[282]		500019b1
	[284]		5000179c
	[285]		50001816
	[288]		50000fb9
	[293]		500009db
	[294]		50001975
	[296]		50000edc
	[297]		5000113e
	[299]		500011b7
	[301]		50001c85
	[302]		500018c2
	[304]		5000186b
	[309]		500016de
	[315]		5000113d
	[316]		50001b12
	[317]		50001abd
	[319]		50001e11
	[320]		50000a7f
	[321]		5000113c
	[324]		50000c87
	[327]		5000191b
	[328]		5000149e
	[329]		500018bf
	[331]		500015e4
	[334]		500012e0
	[335]		50001447
	[340]		50001139
	[343]		50000cdc
	[347]		50001138
	[350]		500010c4
	[353]		50000e0d
	[358]		50001136
	[362]		50001c80
	[363]		50000a16
	[366]		50001a14
	[369]		500016d7
	[376]		50000c1e
	[377]		50000bd8
	[378]		50001134
	[379]		50000c65
	[380]		50000d39
	[381]		50000cf3
	[382]		50000a25
	[383]		50001132
	[384]		50001ec8
	[385]		50000b2f
	[389]		50001a1a
	[390]		5000090b
	[392]		50001368
	[398]		50000fbe
	[403]		50001f5c
	[404]		50000fbb
	[406]		50001131
	[407]		500019cb
	[408]		5000112a
	[410]		50001129
	[411]		50000b46
	[418]		50000705
	[420]		500018c3
	[427]		5000209c
	[430]		50001128
	[432]		5000031e
	[434]		50001ab4
	[439]		50001cee
	[440]		500015f2
	[442]		50001ae4
	[444]		50001633
	[445]		500019ac
	[446]		50000b8a
	[447]		50001784
	[452]		50001870
	[456]		5000109f
	[457]		500010e6
	[458]		5000167c
	[462]		50000b2b
	[464]		50001125
	[465]		50000e9a
	[466]		50000ee1
	[467]		50001124
	[468]		50000f6f
	[469]		50000fb6
	[470]		50001011
	[471]		50001123
	[472]		500008d5
	[480]		50001121
	[481]		50001b93
	[484]		50001b03
	[485]		500019fd
	[487]		50001120
	[488]		500018bd
	[490]		50001169
	[492]		50001812
	[496]		50001174
	[497]		500018bc
	[498]		5000111d
	[499]		50001248
	[500]		5000128f
	[501]		500012d6
	[502]		5000131d
	[504]		5000111c
	[505]		50000e2c
	[509]		50001a0e
	[511]		5000112d
OBJ 5000111b (sz=24, trace=300000, class=java.lang.String@5000016e)
	value		50001177
OBJ 5000111c (sz=32, trace=300695, class=java.util.concurrent.ConcurrentHashMap$Node@50000024)
	key		50000ab1
	val		50000b21
OBJ 5000111d (sz=32, trace=300695, class=java.util.concurrent.ConcurrentHashMap$Node@50000024)
	key		50000acc
	val		50001200
OBJ 5000111e (sz=56, trace=300687, class=java.util.zip.ZipFile$ZipFileInputStream@5000055c)
OBJ 5000111f (sz=24, trace=300000, class=java.lang.String@5000016e)
	value		50001171
OBJ 50001120 (sz=32, trace=300695, class=java.util.concurrent.ConcurrentHashMap$Node@50000024)
	key		50000ae4
	val		50001ba5
OBJ 50001121 (sz=32, trace=300695, class=java.util.concurrent.ConcurrentHashMap$Node@50000024)
	key		50000aec
	val		500009bd
	next		500009c6
OBJ 50001122 (sz=32, trace=300696, class=java.util.concurrent.ConcurrentHashMap$Node@50000024)
	key		50000c47
	val		500009c1
OBJ 50001123 (sz=32, trace=300695, class=java.util.concurrent.ConcurrentHashMap$Node@50000024)
	key		50000af8
	val		50001057
OBJ 50001124 (sz=32, trace=300695, class=java.util.concurrent.ConcurrentHashMap$Node@50000024)
	key		50000b00
	val		50000f27
OBJ 50001125 (sz=32, trace=300695, class=java.util.concurrent.ConcurrentHashMap$Node@50000024)
	key		50000b08
	val		50000e52
OBJ 50001126 (sz=32, trace=300696, class=java.util.concurrent.ConcurrentHashMap$Node@50000024)
	key		50000c6b
	val		50001db5
OBJ 50001127 (sz=32, trace=300696, class=java.util.concurrent.ConcurrentHashMap$Node@50000024)
	key		50000282
	val		50000284
	next		50001126
OBJ 50001128 (sz=32, trace=300695, class=java.util.concurrent.ConcurrentHashMap$Node@50000024)
	key		50000b59
	val		50000a1a
OBJ 50001129 (sz=32, trace=300695, class=java.util.concurrent.ConcurrentHashMap$Node@50000024)
	key		50000b63
	val		50000873
OBJ 5000112a (sz=32, trace=300695, class=java.util.concurrent.ConcurrentHashMap$Node@50000024)
	key		50000b65
	val		500013bf
OBJ 5000112c (sz=16, trace=300157, class=java.lang.Object@50000172)
OBJ 5000112d (sz=32, trace=300683, class=java.util.concurrent.ConcurrentHashMap$Node@50000024)
	key		50000aab
	val		5000112c
OBJ 5000112e (sz=16, trace=300160, class=java.lang.Object@50000172)
OBJ 5000112f (sz=32, trace=300683, class=java.util.concurrent.ConcurrentHashMap$Node@50000024)
	key		50000aab
	val		5000112e
OBJ 50001130 (sz=32, trace=300696, class=java.util.concurrent.ConcurrentHashMap$Node@50000024)
	key		50000c97
	val		50001960
	next		50001e08
OBJ 50001131 (sz=32, trace=300695, class=java.util.concurrent.ConcurrentHashMap$Node@50000024)
	key		50000b69
	val		50001cd6
OBJ 50001132 (sz=32, trace=300695, class=java.util.concurrent.ConcurrentHashMap$Node@50000024)
	key		50000b7b
	val		50000d7f
OBJ 50001133 (sz=32, trace=300695, class=java.util.concurrent.ConcurrentHashMap$Node@50000024)
	key		50000b9c
	val		50000cab
OBJ 50001134 (sz=32, trace=300695, class=java.util.concurrent.ConcurrentHashMap$Node@50000024)
	key		50000b9a
	val		5000195b
	next		50001133
OBJ 50001135 (sz=32, trace=300696, class=java.util.concurrent.ConcurrentHashMap$Node@50000024)
	key		50000cb9
	val		50000a20
OBJ 50001136 (sz=32, trace=300695, class=java.util.concurrent.ConcurrentHashMap$Node@50000024)
	key		50000bac
	val		50000775
	next		5000190e
OBJ 50001137 (sz=32, trace=300695, class=java.util.concurrent.ConcurrentHashMap$Node@50000024)
	key		50000bb8
	val		5000085b
OBJ 50001138 (sz=32, trace=300695, class=java.util.concurrent.ConcurrentHashMap$Node@50000024)
	key		50000bb6
	val		5000141d
	next		50001137
OBJ 50001139 (sz=32, trace=300695, class=java.util.concurrent.ConcurrentHashMap$Node@50000024)
	key		50000bbc
	val		50001e58
OBJ 5000113a (sz=32, trace=300696, class=java.util.concurrent.ConcurrentHashMap$Node@50000024)
	key		50000ce5
	val		500017c9
	next		50001be2
OBJ 5000113b (sz=32, trace=300696, class=java.util.concurrent.ConcurrentHashMap$Node@50000024)
	key		50000cd9
	val		50001727
	next		5000113a
OBJ 5000113c (sz=32, trace=300695, class=java.util.concurrent.ConcurrentHashMap$Node@50000024)
	key		50000bcf
	val		50000a2c
OBJ 5000113d (sz=32, trace=300695, class=java.util.concurrent.ConcurrentHashMap$Node@50000024)
	key		50000be8
	val		50001730
OBJ 5000113e (sz=32, trace=300695, class=java.util.concurrent.ConcurrentHashMap$Node@50000024)
	key		50000bf4
	val		50000b1d
OBJ 5000113f (sz=32, trace=300695, class=java.util.concurrent.ConcurrentHashMap$Node@50000024)
	key		50000c0a
	val		50001915
OBJ 50001140 (sz=32, trace=300695, class=java.util.concurrent.ConcurrentHashMap$Node@50000024)
	key		50000c13
	val		50001865
OBJ 50001141 (sz=16, trace=300160, class=java.lang.Object@50000172)
OBJ 50001142 (sz=32, trace=300159, class=java.util.concurrent.ConcurrentHashMap$Node@50000024)
	key		50000c17
	val		50001141
ARR 50001143 (sz=2064, trace=300688, nelems=512, elem type=java.util.concurrent.ConcurrentHashMap$Node[]@50000023)
	[1]		50001b0e
	[2]		50000de0
	[4]		50001077
	[7]		50000c3b
	[13]		500009d6
	[16]		50000b14
	[20]		500007d6
	[23]		50001366
	[24]		50001b60
	[30]		5000161c
	[36]		50000b29
	[41]		50001dff
	[42]		50000abb
	[43]		50001a90
	[44]		50001863
	[48]		50001380
	[58]		5000154a
	[59]		5000177e
	[65]		50000fcb
	[66]		50000b92
	[68]		5000115d
	[71]		50000a81
	[72]		50000d34
	[79]		50001023
	[80]		5000140e
	[84]		500009e5
	[91]		500002b6
	[92]		50000593
	[95]		500010cd
	[96]		50001c3e
	[98]		50001fec
	[102]		5000084b
	[103]		500014bc
	[104]		50001738
	[106]		50001157
	[118]		50001ce1
	[122]		50001d29
	[127]		50000f46
	[128]		50000ce6
	[132]		50000b1a
	[135]		5000185e
	[141]		50001c7e
	[144]		5000162e
	[145]		50000fc9
	[146]		50001aba
	[147]		50000e86
	[150]		50001152
	[152]		50001bf1
	[153]		50000427
	[154]		50000378
	[156]		50000e33
	[161]		50000be6
	[167]		50000a87
	[168]		50001503
	[170]		50001ddb
	[172]		50000d3f
	[173]		500018ab
	[174]		50001a6e
	[185]		50000d8b
	[187]		50001919
	[190]		5000114e
	[191]		50001bea
	[204]		50001d71
	[207]		500002d4
	[208]		50000ffa
	[211]		500003ce
	[215]		50000ac1
	[217]		50001413
	[218]		5000172e
	[219]		5000132f
	[220]		50001b5a
	[221]		500019fa
	[222]		50001c95
	[223]		500016ee
	[224]		50001149
	[231]		50000ed7
	[233]		500001cf
	[235]		50000338
	[237]		5000228a
	[242]		50000be0
	[245]		5000168f
	[248]		50000f99
	[250]		500018c9
	[251]		500011c0
	[252]		500019aa
	[258]		50001295
	[260]		50001a3b
	[261]		5000047c
	[262]		50000b36
	[265]		50001142
	[266]		50001970
	[272]		50001162
	[274]		50001782
	[275]		50000fc8
	[276]		50000314
	[279]		500017e8
	[280]		50001161
	[281]		50001e04
	[282]		500019b3
	[284]		5000179e
	[285]		50001818
	[288]		50000fc5
	[293]		500009dd
	[294]		50001977
	[296]		50000ede
	[297]		50001160
	[299]		500011bc
	[301]		50001c87
	[302]		500018d1
	[304]		5000186d
	[309]		500016e0
	[315]		5000115f
	[316]		50001b14
	[317]		50001abf
	[319]		50001e13
	[320]		50000a89
	[321]		5000115e
	[324]		50000c89
	[327]		5000191d
	[328]		500014a0
	[329]		500018ce
	[331]		500015e6
	[334]		500012e2
	[335]		50001449
	[340]		5000115b
	[343]		50000cde
	[347]		5000115a
	[350]		500010c6
	[353]		50000e0f
	[358]		50001158
	[362]		50001c82
	[363]		50000a18
	[366]		50001a16
	[369]		500016d9
	[376]		50000c20
	[377]		50000bda
	[378]		50001156
	[379]		50000c67
	[380]		50000d3b
	[381]		50000cf5
	[382]		50000a27
	[383]		50001154
	[384]		50001ece
	[385]		50000b31
	[389]		50001a1c
	[390]		5000090d
	[392]		5000136a
	[398]		50000fca
	[403]		50001f62
	[404]		50000fc7
	[406]		50001153
	[407]		500019cd
	[408]		50001151
	[410]		50001150
	[411]		50000b48
	[418]		50000707
	[420]		500018d2
	[427]		5000209e
	[430]		5000114f
	[432]		50000320
	[434]		50001ab6
	[439]		50001cf0
	[440]		500015f4
	[442]		50001ae6
	[444]		50001635
	[445]		500019ae
	[446]		50000b8c
	[447]		50001786
	[452]		50001872
	[456]		500010a1
	[457]		500010e8
	[458]		5000167e
	[462]		50000b2d
	[464]		5000114c
	[465]		50000e9c
	[466]		50000ee3
	[467]		5000114b
	[468]		50000f71
	[469]		50000fc2
	[470]		50001013
	[471]		5000114a
	[472]		500008d7
	[480]		50001148
	[481]		50001b95
	[484]		50001b05
	[485]		500019ff
	[487]		50001147
	[488]		500018cc
	[490]		5000116b
	[492]		50001814
	[496]		50001176
	[497]		500018cb
	[498]		50001146
	[499]		5000124a
	[500]		50001291
	[501]		500012d8
	[502]		5000131f
	[504]		50001145
	[505]		50000e2e
	[509]		50001a10
	[511]		5000112f
OBJ 50001144 (sz=24, trace=300000, class=java.lang.String@5000016e)
	value		50001170
OBJ 50001145 (sz=32, trace=300695, class=java.util.concurrent.ConcurrentHashMap$Node@50000024)
	key		50000ab1
	val		50000b23
OBJ 50001146 (sz=32, trace=300695, class=java.util.concurrent.ConcurrentHashMap$Node@50000024)
	key		50000acc
	val		50001202
OBJ 50001147 (sz=32, trace=300695, class=java.util.concurrent.ConcurrentHashMap$Node@50000024)
	key		50000ae4
	val		50001ba7
OBJ 50001148 (sz=32, trace=300695, class=java.util.concurrent.ConcurrentHashMap$Node@50000024)
	key		50000aec
	val		500009bf
	next		500009c8
OBJ 50001149 (sz=32, trace=300696, class=java.util.concurrent.ConcurrentHashMap$Node@50000024)
	key		50000c47
	val		500009c3
OBJ 5000114a (sz=32, trace=300695, class=java.util.concurrent.ConcurrentHashMap$Node@50000024)
	key		50000af8
	val		50001059
OBJ 5000114b (sz=32, trace=300695, class=java.util.concurrent.ConcurrentHashMap$Node@50000024)
	key		50000b00
	val		50000f29
OBJ 5000114c (sz=32, trace=300695, class=java.util.concurrent.ConcurrentHashMap$Node@50000024)
	key		50000b08
	val		50000e54
OBJ 5000114d (sz=32, trace=300696, class=java.util.concurrent.ConcurrentHashMap$Node@50000024)
	key		50000c6b
	val		50001db7
OBJ 5000114e (sz=32, trace=300696, class=java.util.concurrent.ConcurrentHashMap$Node@50000024)
	key		50000282
	val		50000286
	next		5000114d
OBJ 5000114f (sz=32, trace=300695, class=java.util.concurrent.ConcurrentHashMap$Node@50000024)
	key		50000b59
	val		50000a1c
OBJ 50001150 (sz=32, trace=300695, class=java.util.concurrent.ConcurrentHashMap$Node@50000024)
	key		50000b63
	val		50000875
OBJ 50001151 (sz=32, trace=300695, class=java.util.concurrent.ConcurrentHashMap$Node@50000024)
	key		50000b65
	val		500013c1
OBJ 50001152 (sz=32, trace=300696, class=java.util.concurrent.ConcurrentHashMap$Node@50000024)
	key		50000c97
	val		50001962
	next		50001e0a
OBJ 50001153 (sz=32, trace=300695, class=java.util.concurrent.ConcurrentHashMap$Node@50000024)
	key		50000b69
	val		50001cd8
OBJ 50001154 (sz=32, trace=300695, class=java.util.concurrent.ConcurrentHashMap$Node@50000024)
	key		50000b7b
	val		50000d81
OBJ 50001155 (sz=32, trace=300695, class=java.util.concurrent.ConcurrentHashMap$Node@50000024)
	key		50000b9c
	val		50000cad
OBJ 50001156 (sz=32, trace=300695, class=java.util.concurrent.ConcurrentHashMap$Node@50000024)
	key		50000b9a
	val		5000195d
	next		50001155
OBJ 50001157 (sz=32, trace=300696, class=java.util.concurrent.ConcurrentHashMap$Node@50000024)
	key		50000cb9
	val		50000a22
OBJ 50001158 (sz=32, trace=300695, class=java.util.concurrent.ConcurrentHashMap$Node@50000024)
	key		50000bac
	val		50000777
	next		50001910
OBJ 50001159 (sz=32, trace=300695, class=java.util.concurrent.ConcurrentHashMap$Node@50000024)
	key		50000bb8
	val		5000085d
OBJ 5000115a (sz=32, trace=300695, class=java.util.concurrent.ConcurrentHashMap$Node@50000024)
	key		50000bb6
	val		5000141f
	next		50001159
OBJ 5000115b (sz=32, trace=300695, class=java.util.concurrent.ConcurrentHashMap$Node@50000024)
	key		50000bbc
	val		50001e5a
OBJ 5000115c (sz=32, trace=300696, class=java.util.concurrent.ConcurrentHashMap$Node@50000024)
	key		50000ce5
	val		500017cb
	next		50001be4
OBJ 5000115d (sz=32, trace=300696, class=java.util.concurrent.ConcurrentHashMap$Node@50000024)
	key		50000cd9
	val		50001729
	next		5000115c
OBJ 5000115e (sz=32, trace=300695, class=java.util.concurrent.ConcurrentHashMap$Node@50000024)
	key		50000bcf
	val		50000a2e
OBJ 5000115f (sz=32, trace=300695, class=java.util.concurrent.ConcurrentHashMap$Node@50000024)
	key		50000be8
	val		50001732
OBJ 50001160 (sz=32, trace=300695, class=java.util.concurrent.ConcurrentHashMap$Node@50000024)
	key		50000bf4
	val		50000b1f
OBJ 50001161 (sz=32, trace=300695, class=java.util.concurrent.ConcurrentHashMap$Node@50000024)
	key		50000c0a
	val		50001917
OBJ 50001162 (sz=32, trace=300695, class=java.util.concurrent.ConcurrentHashMap$Node@50000024)
	key		50000c13
	val		50001867
OBJ 50001165 (sz=56, trace=300687, class=java.util.zip.ZipFile$ZipFileInputStream@5000055c)
OBJ 50001166 (sz=24, trace=300000, class=java.lang.String@5000016e)
	value		5000116f
OBJ 50001167 (sz=32, trace=301089, class=com.sun.tools.javac.util.ListBuffer@50001164)
OBJ 50001168 (sz=16, trace=300157, class=java.lang.Object@50000172)
OBJ 50001169 (sz=32, trace=300159, class=java.util.concurrent.ConcurrentHashMap$Node@50000024)
	key		50000ae0
	val		50001168
OBJ 5000116a (sz=16, trace=300160, class=java.lang.Object@50000172)
OBJ 5000116b (sz=32, trace=300159, class=java.util.concurrent.ConcurrentHashMap$Node@50000024)
	key		50000ae0
	val		5000116a
OBJ 5000116c (sz=24, trace=300000, class=java.util.concurrent.atomic.AtomicLong@50000072)
OBJ 5000116d (sz=24, trace=300000, class=java.util.concurrent.atomic.AtomicLong@50000072)
OBJ 5000116e (sz=24, trace=300000, class=java.util.concurrent.atomic.AtomicLong@50000072)
ARR 5000116f (sz=6, trace=300000, nelems=3, elem type=char[])
ARR 50001170 (sz=14, trace=300000, nelems=7, elem type=char[])
ARR 50001171 (sz=8, trace=300000, nelems=4, elem type=char[])
OBJ 50001173 (sz=16, trace=300157, class=java.lang.Object@50000172)
OBJ 50001174 (sz=32, trace=300159, class=java.util.concurrent.ConcurrentHashMap$Node@50000024)
	key		50000ad3
	val		50001173
OBJ 50001175 (sz=16, trace=300160, class=java.lang.Object@50000172)
OBJ 50001176 (sz=32, trace=300159, class=java.util.concurrent.ConcurrentHashMap$Node@50000024)
	key		50000ad3
	val		50001175
ARR 50001177 (sz=10, trace=300000, nelems=5, elem type=char[])
ARR 50001178 (sz=54, trace=300000, nelems=27, elem type=char[])
ARR 50001179 (sz=58, trace=300000, nelems=29, elem type=char[])
ARR 5000117a (sz=74, trace=300000, nelems=37, elem type=char[])
ARR 5000117b (sz=32, trace=300000, nelems=16, elem type=char[])
ARR 5000117c (sz=48, trace=300000, nelems=24, elem type=char[])
OBJ 5000117d (sz=24, trace=300000, class=java.lang.String@5000016e)
	value		5000117e
ARR 5000117e (sz=10, trace=300000, nelems=5, elem type=char[])
OBJ 5000117f (sz=24, trace=300000, class=java.lang.String@5000016e)
	value		500017ec
OBJ 50001180 (sz=24, trace=300000, class=java.lang.String@5000016e)
	value		50001185
OBJ 50001181 (sz=24, trace=300000, class=java.lang.String@5000016e)
	value		500017ef
OBJ 50001182 (sz=24, trace=300000, class=java.lang.String@5000016e)
	value		500017ed
OBJ 50001183 (sz=24, trace=300000, class=java.lang.String@5000016e)
	value		500017fc
ARR 50001184 (sz=72, trace=300000, nelems=14, elem type=java.lang.String[]@500000c8)
	[0]		50001186
	[1]		50001187
	[2]		50001188
	[3]		50001189
	[4]		5000118a
	[5]		5000118b
	[6]		5000118c
	[7]		5000118d
	[8]		5000118e
	[9]		5000118f
	[10]		50001190
	[11]		50001191
	[12]		50001192
	[13]		50001193
ARR 50001185 (sz=16, trace=300000, nelems=8, elem type=char[])
OBJ 50001186 (sz=24, trace=300000, class=java.lang.String@5000016e)
	value		500011a1
OBJ 50001187 (sz=24, trace=300000, class=java.lang.String@5000016e)
	value		500011a0
OBJ 50001188 (sz=24, trace=300000, class=java.lang.String@5000016e)
	value		5000119f
OBJ 50001189 (sz=24, trace=300000, class=java.lang.String@5000016e)
	value		5000119e
OBJ 5000118a (sz=24, trace=300000, class=java.lang.String@5000016e)
	value		5000119d
OBJ 5000118b (sz=24, trace=300000, class=java.lang.String@5000016e)
	value		5000119c
OBJ 5000118c (sz=24, trace=300000, class=java.lang.String@5000016e)
	value		5000119b
OBJ 5000118d (sz=24, trace=300000, class=java.lang.String@5000016e)
	value		5000119a
OBJ 5000118e (sz=24, trace=300000, class=java.lang.String@5000016e)
	value		50001199
OBJ 5000118f (sz=24, trace=300000, class=java.lang.String@5000016e)
	value		50001198
OBJ 50001190 (sz=24, trace=300000, class=java.lang.String@5000016e)
	value		50001197
OBJ 50001191 (sz=24, trace=300000, class=java.lang.String@5000016e)
	value		50001196
OBJ 50001192 (sz=24, trace=300000, class=java.lang.String@5000016e)
	value		50001195
OBJ 50001193 (sz=24, trace=300000, class=java.lang.String@5000016e)
	value		50001194
ARR 50001194 (sz=12, trace=300000, nelems=6, elem type=char[])
ARR 50001195 (sz=28, trace=300000, nelems=14, elem type=char[])
ARR 50001196 (sz=32, trace=300000, nelems=16, elem type=char[])
ARR 50001197 (sz=6, trace=300000, nelems=3, elem type=char[])
ARR 50001198 (sz=14, trace=300000, nelems=7, elem type=char[])
ARR 50001199 (sz=14, trace=300000, nelems=7, elem type=char[])
ARR 5000119a (sz=10, trace=300000, nelems=5, elem type=char[])
ARR 5000119b (sz=12, trace=300000, nelems=6, elem type=char[])
ARR 5000119c (sz=4, trace=300000, nelems=2, elem type=char[])
ARR 5000119d (sz=18, trace=300000, nelems=9, elem type=char[])
ARR 5000119e (sz=10, trace=300000, nelems=5, elem type=char[])
ARR 5000119f (sz=32, trace=300000, nelems=16, elem type=char[])
ARR 500011a0 (sz=28, trace=300000, nelems=14, elem type=char[])
ARR 500011a1 (sz=16, trace=300000, nelems=8, elem type=char[])
OBJ 500011a2 (sz=24, trace=300000, class=java.lang.String@5000016e)
	value		5000138f
OBJ 500011a3 (sz=24, trace=300000, class=java.lang.String@5000016e)
	value		50001393
OBJ 500011a4 (sz=24, trace=300000, class=java.lang.String@5000016e)
	value		50001397
OBJ 500011a5 (sz=24, trace=300000, class=java.lang.String@5000016e)
	value		5000133e
OBJ 500011a6 (sz=56, trace=300687, class=java.util.zip.ZipFile$ZipFileInputStream@5000055c)
	this$0		500004ec
OBJ 500011a7 (sz=40, trace=300106, class=java.lang.ref.Finalizer@5000014d)
	referent	500011a6
	queue		500003a9
	next		5000110b
	prev		50001220
OBJ 500011a8 (sz=24, trace=300000, class=java.lang.String@5000016e)
	value		50001302
OBJ 500011a9 (sz=24, trace=300000, class=java.lang.String@5000016e)
	value		5000139c
OBJ 500011aa (sz=24, trace=300000, class=java.lang.String@5000016e)
	value		500013a2
OBJ 500011ab (sz=24, trace=300000, class=java.lang.String@5000016e)
	value		500013a7
OBJ 500011ac (sz=56, trace=300687, class=java.util.zip.ZipFile$ZipFileInputStream@5000055c)
OBJ 500011ad (sz=24, trace=300000, class=java.lang.String@5000016e)
	value		500013ac
OBJ 500011ae (sz=24, trace=300000, class=java.lang.String@5000016e)
	value		500013c5
OBJ 500011af (sz=24, trace=300000, class=java.lang.String@5000016e)
	value		500013cb
OBJ 500011b0 (sz=24, trace=300000, class=java.lang.String@5000016e)
	value		500013d2
OBJ 500011b1 (sz=24, trace=300000, class=java.lang.String@5000016e)
	value		500012fd
OBJ 500011b2 (sz=24, trace=300000, class=java.lang.String@5000016e)
	value		5000135c
OBJ 500011b3 (sz=24, trace=300000, class=java.lang.String@5000016e)
	value		50001376
OBJ 500011b4 (sz=24, trace=300000, class=java.lang.String@5000016e)
	value		50001316
OBJ 500011b6 (sz=16, trace=300157, class=java.lang.Object@50000172)
OBJ 500011b7 (sz=32, trace=300159, class=java.util.concurrent.ConcurrentHashMap$Node@50000024)
	key		50000bf2
	val		500011b6
OBJ 500011b9 (sz=16, trace=300157, class=java.lang.Object@50000172)
OBJ 500011ba (sz=16, trace=300160, class=java.lang.Object@50000172)
OBJ 500011bb (sz=16, trace=300160, class=java.lang.Object@50000172)
OBJ 500011bc (sz=32, trace=300159, class=java.util.concurrent.ConcurrentHashMap$Node@50000024)
	key		50000bf2
	val		500011ba
OBJ 500011bd (sz=16, trace=300157, class=java.lang.Object@50000172)
OBJ 500011be (sz=32, trace=300159, class=java.util.concurrent.ConcurrentHashMap$Node@50000024)
	key		50000c2a
	val		500011bd
OBJ 500011bf (sz=16, trace=300160, class=java.lang.Object@50000172)
OBJ 500011c0 (sz=32, trace=300159, class=java.util.concurrent.ConcurrentHashMap$Node@50000024)
	key		50000c2a
	val		500011bf
OBJ 500011c1 (sz=16, trace=300157, class=java.lang.Object@50000172)
OBJ 500011c2 (sz=32, trace=300683, class=java.util.concurrent.ConcurrentHashMap$Node@50000024)
	key		50000b98
	val		500011c1
OBJ 500011c3 (sz=16, trace=300160, class=java.lang.Object@50000172)
OBJ 500011c4 (sz=32, trace=300683, class=java.util.concurrent.ConcurrentHashMap$Node@50000024)
	key		50000b98
	val		500011c3
OBJ 500011c5 (sz=24, trace=300000, class=java.lang.String@5000016e)
	value		50001329
OBJ 500011c6 (sz=24, trace=300000, class=java.lang.String@5000016e)
	value		5000133a
ARR 500011c7 (sz=24, trace=301092, nelems=0, elem type=java.lang.String[]@500000c8)
OBJ 500011c8 (sz=24, trace=300000, class=java.lang.String@5000016e)
	value		5000134a
OBJ 500011c9 (sz=24, trace=300000, class=java.lang.String@5000016e)
	value		50001358
OBJ 500011ca (sz=24, trace=300000, class=java.lang.String@5000016e)
	value		5000130b
OBJ 500011cb (sz=24, trace=300000, class=java.lang.String@5000016e)
	value		50001319
OBJ 500011cc (sz=24, trace=300000, class=java.lang.String@5000016e)
	value		50001331
OBJ 500011cd (sz=24, trace=300000, class=java.lang.String@5000016e)
	value		5000134e
OBJ 500011ce (sz=24, trace=300000, class=java.lang.String@5000016e)
	value		5000136d
OBJ 500011cf (sz=24, trace=300000, class=java.lang.String@5000016e)
	value		500012e5
OBJ 500011d1 (sz=24, trace=300000, class=java.lang.String@5000016e)
	value		50001345
OBJ 500011d2 (sz=24, trace=300000, class=java.lang.String@5000016e)
	value		50001346
OBJ 500011d3 (sz=24, trace=300000, class=java.lang.String@5000016e)
	value		50001301
OBJ 500011d4 (sz=24, trace=300000, class=java.lang.String@5000016e)
	value		5000136f
OBJ 500011d5 (sz=16, trace=300157, class=java.lang.Object@50000172)
OBJ 500011d6 (sz=32, trace=300683, class=java.util.concurrent.ConcurrentHashMap$Node@50000024)
	key		50000c95
	val		500011d5
OBJ 500011d7 (sz=16, trace=300160, class=java.lang.Object@50000172)
OBJ 500011d8 (sz=32, trace=300683, class=java.util.concurrent.ConcurrentHashMap$Node@50000024)
	key		50000c95
	val		500011d7
OBJ 500011d9 (sz=24, trace=300000, class=java.lang.String@5000016e)
	value		50001305
OBJ 500011da (sz=24, trace=300000, class=java.lang.String@5000016e)
	value		50001372
OBJ 500011db (sz=24, trace=300000, class=java.lang.String@5000016e)
	value		500012ec
OBJ 500011dc (sz=24, trace=300000, class=java.lang.String@5000016e)
	value		50001375
OBJ 500011dd (sz=24, trace=300000, class=java.lang.String@5000016e)
	value		500012fc
OBJ 500011de (sz=24, trace=300000, class=java.lang.String@5000016e)
	value		5000135a
OBJ 500011df (sz=24, trace=300000, class=java.lang.String@5000016e)
	value		50001373
OBJ 500011e0 (sz=24, trace=300000, class=java.lang.String@5000016e)
	value		50001312
OBJ 500011e1 (sz=24, trace=300000, class=java.lang.String@5000016e)
	value		50001336
OBJ 500011e2 (sz=24, trace=300000, class=java.lang.String@5000016e)
	value		50001353
OBJ 500011e3 (sz=24, trace=300000, class=java.lang.String@5000016e)
	value		50001300
OBJ 500011e4 (sz=24, trace=300000, class=java.lang.String@5000016e)
	value		50001374
OBJ 500011e5 (sz=24, trace=300000, class=java.lang.String@5000016e)
	value		5000135e
OBJ 500011e6 (sz=24, trace=300000, class=java.lang.String@5000016e)
	value		50001308
OBJ 500011e7 (sz=24, trace=300000, class=java.lang.String@5000016e)
	value		50001377
OBJ 500011e8 (sz=24, trace=300000, class=java.lang.String@5000016e)
	value		500012ff
OBJ 500011e9 (sz=24, trace=300000, class=java.lang.String@5000016e)
	value		50001314
OBJ 500011ea (sz=24, trace=300000, class=java.lang.String@5000016e)
	value		50001313
OBJ 500011eb (sz=24, trace=300000, class=java.lang.String@5000016e)
	value		50001327
OBJ 500011ec (sz=24, trace=300000, class=java.lang.String@5000016e)
	value		50001326
OBJ 500011ed (sz=24, trace=300000, class=java.lang.String@5000016e)
	value		50001338
OBJ 500011ee (sz=24, trace=300000, class=java.lang.String@5000016e)
	value		50001337
OBJ 500011ef (sz=24, trace=300000, class=java.lang.String@5000016e)
	value		50001348
OBJ 500011f0 (sz=24, trace=300000, class=java.lang.String@5000016e)
	value		50001347
OBJ 500011f1 (sz=24, trace=300000, class=java.lang.String@5000016e)
	value		50001356
OBJ 500011f2 (sz=56, trace=300687, class=java.util.zip.ZipFile$ZipFileInputStream@5000055c)
OBJ 500011f3 (sz=24, trace=300000, class=java.lang.String@5000016e)
	value		50001354
OBJ 500011f4 (sz=24, trace=300000, class=java.lang.String@5000016e)
	value		500012fe
OBJ 500011f5 (sz=24, trace=300000, class=java.lang.String@5000016e)
	value		50001361
OBJ 500011f6 (sz=24, trace=300000, class=java.lang.String@5000016e)
	value		5000136c
OBJ 500011f7 (sz=24, trace=300000, class=java.lang.String@5000016e)
	value		5000136b
OBJ 500011f8 (sz=24, trace=300000, class=java.lang.String@5000016e)
	value		500013c4
OBJ 500011f9 (sz=24, trace=300000, class=java.lang.String@5000016e)
	value		500012fa
OBJ 500011fa (sz=24, trace=300000, class=java.lang.String@5000016e)
	value		500012f8
OBJ 500011fb (sz=24, trace=300000, class=java.lang.String@5000016e)
	value		500012f2
OBJ 500011fc (sz=24, trace=300000, class=java.lang.String@5000016e)
	value		500012e3
OBJ 500011fd (sz=24, trace=300000, class=java.lang.String@5000016e)
	value		500012e9
OBJ 500011fe (sz=24, trace=300000, class=java.lang.String@5000016e)
	value		500012ed
OBJ 50001200 (sz=16, trace=300157, class=java.lang.Object@50000172)
OBJ 50001201 (sz=24, trace=300000, class=java.lang.String@5000016e)
	value		500012f0
OBJ 50001202 (sz=16, trace=300160, class=java.lang.Object@50000172)
OBJ 50001203 (sz=24, trace=300000, class=java.lang.String@5000016e)
	value		500012f3
OBJ 50001204 (sz=24, trace=300000, class=java.lang.String@5000016e)
	value		500012f7
OBJ 50001205 (sz=24, trace=300000, class=java.lang.String@5000016e)
	value		500012fb
OBJ 50001206 (sz=24, trace=300000, class=java.lang.String@5000016e)
	value		500012f5
OBJ 50001207 (sz=24, trace=300000, class=java.lang.String@5000016e)
	value		500012f9
OBJ 50001208 (sz=24, trace=300000, class=java.lang.String@5000016e)
	value		500012e6
OBJ 50001209 (sz=24, trace=300000, class=java.lang.String@5000016e)
	value		500012ea
OBJ 5000120a (sz=24, trace=300000, class=java.lang.String@5000016e)
	value		500012f1
OBJ 5000120b (sz=24, trace=300000, class=java.lang.String@5000016e)
	value		500012ee
OBJ 5000120c (sz=24, trace=300369, class=java.lang.String@5000016e)
	value		5000120d
ARR 5000120d (sz=42, trace=300370, nelems=21, elem type=char[])
OBJ 5000120e (sz=24, trace=300000, class=java.lang.String@5000016e)
	value		500012eb
OBJ 5000120f (sz=24, trace=300000, class=java.lang.String@5000016e)
	value		500012ef
OBJ 50001210 (sz=24, trace=300000, class=java.lang.String@5000016e)
	value		500012f6
OBJ 50001211 (sz=24, trace=300000, class=java.lang.String@5000016e)
	value		500012f4
OBJ 50001212 (sz=24, trace=300000, class=java.lang.String@5000016e)
	value		50001382
OBJ 50001213 (sz=24, trace=300000, class=java.lang.String@5000016e)
	value		500013c7
OBJ 50001214 (sz=24, trace=300000, class=java.lang.String@5000016e)
	value		500013c6
OBJ 50001215 (sz=24, trace=300000, class=java.lang.String@5000016e)
	value		50001381
OBJ 50001216 (sz=24, trace=300000, class=java.lang.String@5000016e)
	value		50001384
OBJ 50001217 (sz=24, trace=300000, class=java.lang.String@5000016e)
	value		50001386
OBJ 50001218 (sz=24, trace=300000, class=java.lang.String@5000016e)
	value		50001388
OBJ 50001219 (sz=24, trace=300000, class=java.lang.String@5000016e)
	value		5000138a
OBJ 5000121a (sz=56, trace=300443, class=java.lang.Package@500005db)
	pkgName		5000120c
	loader		500003b3
OBJ 5000121b (sz=32, trace=300222, class=java.util.HashMap$Node@500000c4)
	key		5000120c
	value		5000121a
OBJ 5000121c (sz=24, trace=300000, class=java.lang.String@5000016e)
	value		5000138c
OBJ 5000121d (sz=24, trace=300000, class=java.lang.String@5000016e)
	value		50001392
OBJ 5000121e (sz=24, trace=300000, class=java.lang.String@5000016e)
	value		5000137c
OBJ 5000121f (sz=56, trace=300687, class=java.util.zip.ZipFile$ZipFileInputStream@5000055c)
	this$0		500004ec
OBJ 50001220 (sz=40, trace=300106, class=java.lang.ref.Finalizer@5000014d)
	referent	5000121f
	queue		500003a9
	next		500011a7
	prev		5000127d
OBJ 50001221 (sz=24, trace=300000, class=java.lang.String@5000016e)
	value		50001383
OBJ 50001222 (sz=24, trace=300000, class=java.lang.String@5000016e)
	value		50001385
OBJ 50001223 (sz=24, trace=300000, class=java.lang.String@5000016e)
	value		50001387
OBJ 50001224 (sz=24, trace=300000, class=java.lang.String@5000016e)
	value		50001389
OBJ 50001225 (sz=24, trace=300000, class=java.lang.String@5000016e)
	value		5000138b
OBJ 50001226 (sz=24, trace=300000, class=java.lang.String@5000016e)
	value		50001396
OBJ 50001227 (sz=24, trace=300000, class=java.lang.String@5000016e)
	value		5000139a
OBJ 50001228 (sz=24, trace=300668, class=java.lang.String@5000016e)
	value		50001229
ARR 50001229 (sz=42, trace=300669, nelems=21, elem type=char[])
OBJ 5000122a (sz=32, trace=301000, class=java.util.concurrent.ConcurrentHashMap$Node@50000024)
	key		50001228
	val		50000a90
ARR 5000122b (sz=144, trace=300688, nelems=32, elem type=java.util.concurrent.ConcurrentHashMap$Node[]@50000023)
	[0]		50000585
	[2]		500008c2
	[3]		500018a0
	[11]		50000ad1
	[12]		500016d1
	[13]		50001cd0
	[17]		50001286
	[20]		50000921
	[24]		50000847
	[26]		50001469
	[31]		50000a10
OBJ 5000122c (sz=24, trace=300000, class=java.lang.String@5000016e)
	value		5000133d
OBJ 5000122d (sz=24, trace=300000, class=java.lang.String@5000016e)
	value		50001304
OBJ 5000122e (sz=24, trace=300000, class=java.lang.String@5000016e)
	value		5000139f
OBJ 5000122f (sz=24, trace=300000, class=java.lang.String@5000016e)
	value		500013a5
OBJ 50001230 (sz=24, trace=300000, class=java.lang.String@5000016e)
	value		500013aa
OBJ 50001231 (sz=16, trace=300157, class=java.lang.Object@50000172)
OBJ 50001232 (sz=32, trace=300683, class=java.util.concurrent.ConcurrentHashMap$Node@50000024)
	key		50000c5a
	val		50001231
OBJ 50001233 (sz=16, trace=300160, class=java.lang.Object@50000172)
OBJ 50001234 (sz=32, trace=300683, class=java.util.concurrent.ConcurrentHashMap$Node@50000024)
	key		50000c5a
	val		50001233
OBJ 50001235 (sz=24, trace=300000, class=java.lang.String@5000016e)
	value		500013c3
OBJ 50001236 (sz=24, trace=300000, class=java.lang.String@5000016e)
	value		500013c8
OBJ 50001237 (sz=24, trace=300000, class=java.lang.String@5000016e)
	value		500013d0
OBJ 50001238 (sz=24, trace=300000, class=java.lang.String@5000016e)
	value		500013d5
OBJ 50001239 (sz=56, trace=300687, class=java.util.zip.ZipFile$ZipFileInputStream@5000055c)
OBJ 5000123a (sz=24, trace=300000, class=java.lang.String@5000016e)
	value		500013d9
OBJ 5000123b (sz=24, trace=300000, class=java.lang.String@5000016e)
	value		5000130c
OBJ 5000123c (sz=24, trace=300000, class=java.lang.String@5000016e)
	value		50001321
OBJ 5000123d (sz=24, trace=300000, class=java.lang.String@5000016e)
	value		50001332
OBJ 5000123e (sz=24, trace=300000, class=java.lang.String@5000016e)
	value		5000134d
OBJ 5000123f (sz=24, trace=300000, class=java.lang.String@5000016e)
	value		5000136e
OBJ 50001240 (sz=24, trace=300000, class=java.lang.String@5000016e)
	value		500012e4
OBJ 50001241 (sz=24, trace=300000, class=java.lang.String@5000016e)
	value		500013ab
OBJ 50001242 (sz=24, trace=300000, class=java.lang.String@5000016e)
	value		500013ca
OBJ 50001243 (sz=24, trace=300000, class=java.lang.String@5000016e)
	value		500013d1
OBJ 50001244 (sz=24, trace=300000, class=java.lang.String@5000016e)
	value		50001303
OBJ 50001245 (sz=24, trace=300000, class=java.lang.String@5000016e)
	value		5000130a
OBJ 50001247 (sz=16, trace=300157, class=java.lang.Object@50000172)
OBJ 50001248 (sz=32, trace=300159, class=java.util.concurrent.ConcurrentHashMap$Node@50000024)
	key		50000ac7
	val		50001247
	next		500013b2
OBJ 50001249 (sz=16, trace=300160, class=java.lang.Object@50000172)
OBJ 5000124a (sz=32, trace=300159, class=java.util.concurrent.ConcurrentHashMap$Node@50000024)
	key		50000ac7
	val		50001249
	next		500013b4
OBJ 5000124b (sz=24, trace=300000, class=java.lang.String@5000016e)
	value		50001318
OBJ 5000124c (sz=24, trace=300000, class=java.lang.String@5000016e)
	value		5000134c
OBJ 5000124d (sz=24, trace=300000, class=java.lang.String@5000016e)
	value		50001330
OBJ 5000124e (sz=24, trace=300000, class=java.lang.String@5000016e)
	value		50001342
OBJ 5000124f (sz=24, trace=300000, class=java.lang.String@5000016e)
	value		50001360
OBJ 50001250 (sz=24, trace=300000, class=java.lang.String@5000016e)
	value		5000135f
OBJ 50001251 (sz=24, trace=300000, class=java.lang.String@5000016e)
	value		500013a1
OBJ 50001252 (sz=24, trace=300000, class=java.lang.String@5000016e)
	value		50001378
OBJ 50001253 (sz=24, trace=300000, class=java.lang.String@5000016e)
	value		5000139b
OBJ 50001254 (sz=24, trace=300000, class=java.lang.String@5000016e)
	value		500013c9
OBJ 50001255 (sz=24, trace=300000, class=java.lang.String@5000016e)
	value		5000138e
OBJ 50001256 (sz=24, trace=300000, class=java.lang.String@5000016e)
	value		500013a6
OBJ 50001257 (sz=24, trace=300000, class=java.lang.String@5000016e)
	value		50001335
OBJ 50001258 (sz=24, trace=300000, class=java.lang.String@5000016e)
	value		50001344
OBJ 50001259 (sz=24, trace=300000, class=java.lang.String@5000016e)
	value		50001343
OBJ 5000125a (sz=24, trace=300000, class=java.lang.String@5000016e)
	value		50001390
OBJ 5000125b (sz=24, trace=300000, class=java.lang.String@5000016e)
	value		50001394
OBJ 5000125c (sz=24, trace=300000, class=java.lang.String@5000016e)
	value		50001398
OBJ 5000125d (sz=24, trace=300000, class=java.lang.String@5000016e)
	value		5000133f
OBJ 5000125e (sz=24, trace=300000, class=java.lang.String@5000016e)
	value		5000139e
OBJ 5000125f (sz=24, trace=300000, class=java.lang.String@5000016e)
	value		500013a3
OBJ 50001260 (sz=24, trace=300000, class=java.lang.String@5000016e)
	value		500013a9
OBJ 50001261 (sz=24, trace=300000, class=java.lang.String@5000016e)
	value		500013c0
OBJ 50001262 (sz=24, trace=300000, class=java.lang.String@5000016e)
	value		500013cc
OBJ 50001263 (sz=24, trace=300000, class=java.lang.String@5000016e)
	value		500013d3
OBJ 50001264 (sz=24, trace=300000, class=java.lang.String@5000016e)
	value		5000130d
OBJ 50001265 (sz=24, trace=300000, class=java.lang.String@5000016e)
	value		50001322
OBJ 50001266 (sz=24, trace=300000, class=java.lang.String@5000016e)
	value		50001333
OBJ 50001267 (sz=24, trace=300000, class=java.lang.String@5000016e)
	value		5000134f
OBJ 50001268 (sz=24, trace=300369, class=java.lang.String@5000016e)
	value		50001269
ARR 50001269 (sz=38, trace=300370, nelems=19, elem type=char[])
OBJ 5000126a (sz=24, trace=300000, class=java.lang.String@5000016e)
	value		50001391
OBJ 5000126b (sz=24, trace=300000, class=java.lang.String@5000016e)
	value		50001395
OBJ 5000126c (sz=24, trace=300000, class=java.lang.String@5000016e)
	value		50001399
OBJ 5000126d (sz=24, trace=300000, class=java.lang.String@5000016e)
	value		50001340
OBJ 5000126e (sz=24, trace=300000, class=java.lang.String@5000016e)
	value		5000139d
OBJ 5000126f (sz=24, trace=300000, class=java.lang.String@5000016e)
	value		500013a4
OBJ 50001270 (sz=24, trace=300000, class=java.lang.String@5000016e)
	value		500013a8
OBJ 50001271 (sz=24, trace=300000, class=java.lang.String@5000016e)
	value		500013c2
OBJ 50001272 (sz=24, trace=300000, class=java.lang.String@5000016e)
	value		500013cd
OBJ 50001273 (sz=24, trace=300000, class=java.lang.String@5000016e)
	value		500013d4
OBJ 50001274 (sz=24, trace=300000, class=java.lang.String@5000016e)
	value		5000130f
OBJ 50001275 (sz=24, trace=300000, class=java.lang.String@5000016e)
	value		50001323
OBJ 50001276 (sz=56, trace=300443, class=java.lang.Package@500005db)
	pkgName		50001268
	loader		500003b3
OBJ 50001277 (sz=32, trace=300221, class=java.util.HashMap$Node@500000c4)
	key		50001268
	value		50001276
ARR 50001278 (sz=144, trace=301101, nelems=32, elem type=java.util.HashMap$Node[]@500000c2)
	[0]		50000577
	[2]		500008b2
	[3]		50001894
	[11]		50000ac5
	[12]		500016c1
	[13]		50001cc3
	[17]		50001277
	[20]		50000913
	[24]		500005ed
	[26]		5000145c
	[31]		50000a04
OBJ 50001279 (sz=24, trace=300000, class=java.lang.String@5000016e)
	value		50001334
OBJ 5000127a (sz=24, trace=300000, class=java.lang.String@5000016e)
	value		50001350
OBJ 5000127b (sz=24, trace=300000, class=java.lang.String@5000016e)
	value		50001309
OBJ 5000127c (sz=56, trace=300687, class=java.util.zip.ZipFile$ZipFileInputStream@5000055c)
	this$0		500004ec
OBJ 5000127d (sz=40, trace=300106, class=java.lang.ref.Finalizer@5000014d)
	referent	5000127c
	queue		500003a9
	next		50001220
	prev		500012ce
OBJ 5000127e (sz=24, trace=300000, class=java.lang.String@5000016e)
	value		50001315
OBJ 5000127f (sz=24, trace=300000, class=java.lang.String@5000016e)
	value		50001328
OBJ 50001280 (sz=56, trace=300687, class=java.util.zip.ZipFile$ZipFileInputStream@5000055c)
OBJ 50001281 (sz=24, trace=300000, class=java.lang.String@5000016e)
	value		50001349
OBJ 50001282 (sz=24, trace=300000, class=java.lang.String@5000016e)
	value		50001339
OBJ 50001283 (sz=24, trace=300000, class=java.lang.String@5000016e)
	value		50001357
OBJ 50001284 (sz=24, trace=300668, class=java.lang.String@5000016e)
	value		50001285
ARR 50001285 (sz=38, trace=300669, nelems=19, elem type=char[])
OBJ 50001286 (sz=32, trace=300671, class=java.util.concurrent.ConcurrentHashMap$Node@50000024)
	key		50001284
	val		50000a90
OBJ 50001287 (sz=24, trace=300000, class=java.lang.String@5000016e)
	value		5000132a
OBJ 50001288 (sz=24, trace=300000, class=java.lang.String@5000016e)
	value		5000133c
OBJ 50001289 (sz=24, trace=300000, class=java.lang.String@5000016e)
	value		5000135d
OBJ 5000128a (sz=24, trace=300000, class=java.lang.String@5000016e)
	value		50001317
OBJ 5000128e (sz=16, trace=300157, class=java.lang.Object@50000172)
OBJ 5000128f (sz=32, trace=300159, class=java.util.concurrent.ConcurrentHashMap$Node@50000024)
	key		50000ac3
	val		5000128e
OBJ 50001290 (sz=16, trace=300160, class=java.lang.Object@50000172)
OBJ 50001291 (sz=32, trace=300159, class=java.util.concurrent.ConcurrentHashMap$Node@50000024)
	key		50000ac3
	val		50001290
OBJ 50001292 (sz=16, trace=300157, class=java.lang.Object@50000172)
OBJ 50001293 (sz=32, trace=300159, class=java.util.concurrent.ConcurrentHashMap$Node@50000024)
	key		50000c26
	val		50001292
OBJ 50001294 (sz=16, trace=300160, class=java.lang.Object@50000172)
OBJ 50001295 (sz=32, trace=300159, class=java.util.concurrent.ConcurrentHashMap$Node@50000024)
	key		50000c26
	val		50001294
OBJ 50001296 (sz=24, trace=300000, class=java.lang.String@5000016e)
	value		5000132b
OBJ 50001297 (sz=24, trace=300000, class=java.lang.String@5000016e)
	value		5000133b
OBJ 50001298 (sz=24, trace=300000, class=java.lang.String@5000016e)
	value		5000134b
OBJ 50001299 (sz=24, trace=300000, class=java.lang.String@5000016e)
	value		50001359
OBJ 5000129a (sz=24, trace=300000, class=java.lang.String@5000016e)
	value		5000135b
OBJ 5000129b (sz=24, trace=300000, class=java.lang.String@5000016e)
	value		50001379
OBJ 5000129c (sz=24, trace=300000, class=java.lang.String@5000016e)
	value		5000137a
OBJ 5000129d (sz=24, trace=300000, class=java.lang.String@5000016e)
	value		5000137b
OBJ 5000129e (sz=24, trace=300000, class=java.lang.String@5000016e)
	value		50001306
OBJ 5000129f (sz=24, trace=300000, class=java.lang.String@5000016e)
	value		50001310
OBJ 500012a0 (sz=24, trace=300000, class=java.lang.String@5000016e)
	value		50001324
OBJ 500012a1 (sz=24, trace=300000, class=java.lang.String@5000016e)
	value		50001351
OBJ 500012a2 (sz=24, trace=300000, class=java.lang.String@5000016e)
	value		50001307
OBJ 500012a3 (sz=24, trace=300000, class=java.lang.String@5000016e)
	value		50001311
OBJ 500012a4 (sz=24, trace=300000, class=java.lang.String@5000016e)
	value		50001325
OBJ 500012a5 (sz=24, trace=300000, class=java.lang.String@5000016e)
	value		50001352
OBJ 500012a6 (sz=24, trace=300000, class=java.lang.String@5000016e)
	value		500017fd
OBJ 500012a7 (sz=24, trace=300000, class=java.lang.String@5000016e)
	value		50001341
OBJ 500012a8 (sz=24, trace=300000, class=java.lang.String@5000016e)
	value		500012e7
OBJ 500012a9 (sz=24, trace=300000, class=java.lang.String@5000016e)
	value		500012dd
OBJ 500012aa (sz=24, trace=300000, class=java.lang.String@5000016e)
	value		500012e8
OBJ 500012ab (sz=24, trace=300000, class=java.lang.String@5000016e)
	value		5000138d
OBJ 500012ac (sz=24, trace=300000, class=java.lang.String@5000016e)
	value		500013d6
OBJ 500012ad (sz=24, trace=300000, class=java.lang.String@5000016e)
	value		500013d7
OBJ 500012ae (sz=24, trace=300000, class=java.lang.String@5000016e)
	value		500013d8
ARR 500012af (sz=32, trace=300000, nelems=4, elem type=java.lang.String[]@500000c8)
	[0]		5000123a
	[1]		500012ae
	[2]		500012ad
	[3]		500012ac
ARR 500012b0 (sz=40, trace=300000, nelems=5, elem type=java.lang.String[]@500000c8)
	[0]		50001238
	[1]		50001273
	[2]		50001263
	[3]		500011b0
	[4]		50001243
ARR 500012b1 (sz=40, trace=300000, nelems=6, elem type=java.lang.String[]@500000c8)
	[0]		50001237
	[1]		50001272
	[2]		50001262
	[3]		500011af
	[4]		50001242
	[5]		50001254
ARR 500012b2 (sz=40, trace=300000, nelems=5, elem type=java.lang.String[]@500000c8)
	[0]		50001236
	[1]		50001213
	[2]		50001214
	[3]		500011ae
	[4]		500011f8
ARR 500012b3 (sz=40, trace=300000, nelems=5, elem type=java.lang.String[]@500000c8)
	[0]		50001235
	[1]		50001271
	[2]		50001261
	[3]		500011ad
	[4]		50001241
ARR 500012b4 (sz=40, trace=300000, nelems=5, elem type=java.lang.String[]@500000c8)
	[0]		50001230
	[1]		50001260
	[2]		50001270
	[3]		500011ab
	[4]		50001256
ARR 500012b5 (sz=40, trace=300000, nelems=5, elem type=java.lang.String[]@500000c8)
	[0]		5000122f
	[1]		5000126f
	[2]		5000125f
	[3]		500011aa
	[4]		50001251
ARR 500012b6 (sz=40, trace=300000, nelems=5, elem type=java.lang.String[]@500000c8)
	[0]		5000122e
	[1]		5000125e
	[2]		5000126e
	[3]		500011a9
	[4]		50001253
ARR 500012b7 (sz=32, trace=300000, nelems=4, elem type=java.lang.String[]@500000c8)
	[0]		50001227
	[1]		5000126c
	[2]		5000125c
	[3]		500011a4
ARR 500012b8 (sz=32, trace=300000, nelems=4, elem type=java.lang.String[]@500000c8)
	[0]		50001226
	[1]		5000126b
	[2]		5000125b
	[3]		500011a3
ARR 500012b9 (sz=40, trace=300000, nelems=6, elem type=java.lang.String[]@500000c8)
	[0]		5000121d
	[1]		5000126a
	[2]		5000125a
	[3]		500011a2
	[4]		50001255
	[5]		500012ab
ARR 500012ba (sz=24, trace=300000, nelems=2, elem type=java.lang.String[]@500000c8)
	[0]		5000121c
	[1]		50001225
ARR 500012bb (sz=24, trace=300000, nelems=2, elem type=java.lang.String[]@500000c8)
	[0]		50001219
	[1]		50001224
ARR 500012bc (sz=24, trace=300000, nelems=2, elem type=java.lang.String[]@500000c8)
	[0]		50001218
	[1]		50001223
ARR 500012bd (sz=24, trace=300000, nelems=2, elem type=java.lang.String[]@500000c8)
	[0]		50001217
	[1]		50001222
ARR 500012be (sz=32, trace=300000, nelems=3, elem type=java.lang.String[]@500000c8)
	[0]		50001216
	[1]		50001221
	[2]		50001212
ARR 500012bf (sz=24, trace=300000, nelems=2, elem type=java.lang.String[]@500000c8)
	[0]		50001215
	[1]		5000121e
ARR 500012c0 (sz=24, trace=300000, nelems=1, elem type=java.lang.String[]@500000c8)
	[0]		5000129d
ARR 500012c1 (sz=32, trace=300000, nelems=3, elem type=java.lang.String[]@500000c8)
	[0]		5000129c
	[1]		5000129b
	[2]		50001252
ARR 500012c2 (sz=80, trace=300000, nelems=15, elem type=java.lang.String[]@500000c8)
	[0]		500011e7
	[1]		500011b3
	[2]		500011dc
	[3]		500011e4
	[4]		500011df
	[5]		500011da
	[6]		500011d4
	[7]		5000123f
	[8]		500011ce
	[9]		500011f6
	[10]		500011f7
	[11]		500011f5
	[12]		5000124f
	[13]		50001250
	[14]		500011e5
ARR 500012c3 (sz=32, trace=300000, nelems=4, elem type=java.lang.String[]@500000c8)
	[0]		50001289
	[1]		500011b2
	[2]		5000129a
	[3]		500011de
ARR 500012c4 (sz=72, trace=300000, nelems=13, elem type=java.lang.String[]@500000c8)
	[0]		50001299
	[1]		500011c9
	[2]		50001283
	[3]		500011f1
	[4]		500011f3
	[5]		500011e2
	[6]		500012a5
	[7]		500012a1
	[8]		5000127a
	[9]		50001267
	[10]		500011cd
	[11]		5000123e
	[12]		5000124c
ARR 500012c5 (sz=80, trace=300000, nelems=16, elem type=java.lang.String[]@500000c8)
	[0]		50001298
	[1]		500011c8
	[2]		50001281
	[3]		500011ef
	[4]		500011f0
	[5]		500011d2
	[6]		500011d1
	[7]		50001258
	[8]		50001259
	[9]		5000124e
	[10]		500012a7
	[11]		5000126d
	[12]		5000125d
	[13]		500011a5
	[14]		5000122c
	[15]		50001288
ARR 500012c6 (sz=64, trace=300000, nelems=12, elem type=java.lang.String[]@500000c8)
	[0]		50001297
	[1]		500011c6
	[2]		50001282
	[3]		500011ed
	[4]		500011ee
	[5]		500011e1
	[6]		50001257
	[7]		50001279
	[8]		50001266
	[9]		5000123d
	[10]		500011cc
	[11]		5000124d
OBJ 500012c7 (sz=56, trace=300687, class=java.util.zip.ZipFile$ZipFileInputStream@5000055c)
ARR 500012c8 (sz=72, trace=300000, nelems=13, elem type=java.lang.String[]@500000c8)
	[0]		50001296
	[1]		50001287
	[2]		500011c5
	[3]		5000127f
	[4]		500011eb
	[5]		500011ec
	[6]		500012a4
	[7]		500012a0
	[8]		50001275
	[9]		50001265
	[10]		5000123c
	[11]		500011cb
	[12]		5000124b
ARR 500012c9 (sz=72, trace=300000, nelems=13, elem type=java.lang.String[]@500000c8)
	[0]		5000128a
	[1]		500011b4
	[2]		5000127e
	[3]		500011e9
	[4]		500011ea
	[5]		500011e0
	[6]		500012a3
	[7]		5000129f
	[8]		50001274
	[9]		50001264
	[10]		5000123b
	[11]		500011ca
	[12]		50001245
ARR 500012ca (sz=72, trace=300000, nelems=14, elem type=java.lang.String[]@500000c8)
	[0]		5000127b
	[1]		500011e6
	[2]		500012a2
	[3]		5000129e
	[4]		500011d9
	[5]		5000122d
	[6]		50001244
	[7]		500011a8
	[8]		500011d3
	[9]		500011e3
	[10]		500011e8
	[11]		500011f4
	[12]		500011b1
	[13]		500011dd
ARR 500012cb (sz=24, trace=300000, nelems=2, elem type=java.lang.String[]@500000c8)
	[0]		50001205
	[1]		500011f9
ARR 500012cc (sz=24, trace=300000, nelems=2, elem type=java.lang.String[]@500000c8)
	[0]		50001207
	[1]		500011fa
OBJ 500012cd (sz=56, trace=300687, class=java.util.zip.ZipFile$ZipFileInputStream@5000055c)
	this$0		500004ec
OBJ 500012ce (sz=40, trace=300106, class=java.lang.ref.Finalizer@5000014d)
	referent	500012cd
	queue		500003a9
	next		5000127d
	prev		50001320
ARR 500012cf (sz=24, trace=300000, nelems=2, elem type=java.lang.String[]@500000c8)
	[0]		50001204
	[1]		50001210
ARR 500012d0 (sz=24, trace=300000, nelems=2, elem type=java.lang.String[]@500000c8)
	[0]		50001206
	[1]		50001211
ARR 500012d1 (sz=24, trace=300000, nelems=2, elem type=java.lang.String[]@500000c8)
	[0]		50001203
	[1]		500011fb
ARR 500012d2 (sz=24, trace=300000, nelems=1, elem type=java.lang.String[]@500000c8)
	[0]		5000120a
ARR 500012d3 (sz=32, trace=300000, nelems=3, elem type=java.lang.String[]@500000c8)
	[0]		50001201
	[1]		5000120f
	[2]		5000120b
OBJ 500012d5 (sz=16, trace=300157, class=java.lang.Object@50000172)
OBJ 500012d6 (sz=32, trace=300159, class=java.util.concurrent.ConcurrentHashMap$Node@50000024)
	key		50000ab5
	val		500012d5
OBJ 500012d7 (sz=16, trace=300160, class=java.lang.Object@50000172)
OBJ 500012d8 (sz=32, trace=300159, class=java.util.concurrent.ConcurrentHashMap$Node@50000024)
	key		50000ab5
	val		500012d7
ARR 500012d9 (sz=32, trace=300000, nelems=4, elem type=java.lang.String[]@500000c8)
	[0]		500011fe
	[1]		500011db
	[2]		5000120e
	[3]		50001209
ARR 500012da (sz=32, trace=300000, nelems=4, elem type=java.lang.String[]@500000c8)
	[0]		500011fd
	[1]		500012aa
	[2]		500012a8
	[3]		50001208
ARR 500012db (sz=24, trace=300000, nelems=2, elem type=java.lang.String[]@500000c8)
	[0]		500011cf
	[1]		50001240
ARR 500012dc (sz=24, trace=300000, nelems=2, elem type=java.lang.String[]@500000c8)
	[0]		500011fc
	[1]		500012a9
ARR 500012dd (sz=34, trace=300000, nelems=17, elem type=char[])
OBJ 500012df (sz=16, trace=300157, class=java.lang.Object@50000172)
OBJ 500012e0 (sz=32, trace=300159, class=java.util.concurrent.ConcurrentHashMap$Node@50000024)
	key		50000bc0
	val		500012df
OBJ 500012e1 (sz=16, trace=300160, class=java.lang.Object@50000172)
OBJ 500012e2 (sz=32, trace=300159, class=java.util.concurrent.ConcurrentHashMap$Node@50000024)
	key		50000bc0
	val		500012e1
ARR 500012e3 (sz=8, trace=300000, nelems=4, elem type=char[])
ARR 500012e4 (sz=16, trace=300000, nelems=8, elem type=char[])
ARR 500012e5 (sz=10, trace=300000, nelems=5, elem type=char[])
ARR 500012e6 (sz=20, trace=300000, nelems=10, elem type=char[])
ARR 500012e7 (sz=14, trace=300000, nelems=7, elem type=char[])
ARR 500012e8 (sz=10, trace=300000, nelems=5, elem type=char[])
ARR 500012e9 (sz=12, trace=300000, nelems=6, elem type=char[])
ARR 500012ea (sz=36, trace=300000, nelems=18, elem type=char[])
ARR 500012eb (sz=20, trace=300000, nelems=10, elem type=char[])
ARR 500012ec (sz=30, trace=300000, nelems=15, elem type=char[])
ARR 500012ed (sz=16, trace=300000, nelems=8, elem type=char[])
ARR 500012ee (sz=42, trace=300000, nelems=21, elem type=char[])
ARR 500012ef (sz=20, trace=300000, nelems=10, elem type=char[])
ARR 500012f0 (sz=16, trace=300000, nelems=8, elem type=char[])
ARR 500012f1 (sz=26, trace=300000, nelems=13, elem type=char[])
ARR 500012f2 (sz=10, trace=300000, nelems=5, elem type=char[])
ARR 500012f3 (sz=12, trace=300000, nelems=6, elem type=char[])
ARR 500012f4 (sz=20, trace=300000, nelems=10, elem type=char[])
ARR 500012f5 (sz=16, trace=300000, nelems=8, elem type=char[])
ARR 500012f6 (sz=20, trace=300000, nelems=10, elem type=char[])
ARR 500012f7 (sz=16, trace=300000, nelems=8, elem type=char[])
ARR 500012f8 (sz=24, trace=300000, nelems=12, elem type=char[])
ARR 500012f9 (sz=24, trace=300000, nelems=12, elem type=char[])
ARR 500012fa (sz=24, trace=300000, nelems=12, elem type=char[])
ARR 500012fb (sz=24, trace=300000, nelems=12, elem type=char[])
ARR 500012fc (sz=18, trace=300000, nelems=9, elem type=char[])
ARR 500012fd (sz=12, trace=300000, nelems=6, elem type=char[])
ARR 500012fe (sz=20, trace=300000, nelems=10, elem type=char[])
ARR 500012ff (sz=30, trace=300000, nelems=15, elem type=char[])
ARR 50001300 (sz=18, trace=300000, nelems=9, elem type=char[])
ARR 50001301 (sz=14, trace=300000, nelems=7, elem type=char[])
ARR 50001302 (sz=6, trace=300000, nelems=3, elem type=char[])
ARR 50001303 (sz=22, trace=300000, nelems=11, elem type=char[])
ARR 50001304 (sz=10, trace=300000, nelems=5, elem type=char[])
ARR 50001305 (sz=12, trace=300000, nelems=6, elem type=char[])
ARR 50001306 (sz=4, trace=300000, nelems=2, elem type=char[])
ARR 50001307 (sz=12, trace=300000, nelems=6, elem type=char[])
ARR 50001308 (sz=20, trace=300000, nelems=10, elem type=char[])
ARR 50001309 (sz=20, trace=300000, nelems=10, elem type=char[])
ARR 5000130a (sz=22, trace=300000, nelems=11, elem type=char[])
ARR 5000130b (sz=6, trace=300000, nelems=3, elem type=char[])
ARR 5000130c (sz=10, trace=300000, nelems=5, elem type=char[])
ARR 5000130d (sz=14, trace=300000, nelems=7, elem type=char[])
OBJ 5000130e (sz=56, trace=300687, class=java.util.zip.ZipFile$ZipFileInputStream@5000055c)
ARR 5000130f (sz=12, trace=300000, nelems=6, elem type=char[])
ARR 50001310 (sz=4, trace=300000, nelems=2, elem type=char[])
ARR 50001311 (sz=12, trace=300000, nelems=6, elem type=char[])
ARR 50001312 (sz=18, trace=300000, nelems=9, elem type=char[])
ARR 50001313 (sz=30, trace=300000, nelems=15, elem type=char[])
ARR 50001314 (sz=20, trace=300000, nelems=10, elem type=char[])
ARR 50001315 (sz=20, trace=300000, nelems=10, elem type=char[])
ARR 50001316 (sz=12, trace=300000, nelems=6, elem type=char[])
ARR 50001317 (sz=18, trace=300000, nelems=9, elem type=char[])
ARR 50001318 (sz=22, trace=300000, nelems=11, elem type=char[])
ARR 50001319 (sz=6, trace=300000, nelems=3, elem type=char[])
OBJ 5000131a (sz=56, trace=300687, class=java.util.zip.ZipFile$ZipFileInputStream@5000055c)
	this$0		500004ec
OBJ 5000131c (sz=16, trace=300157, class=java.lang.Object@50000172)
OBJ 5000131d (sz=32, trace=300159, class=java.util.concurrent.ConcurrentHashMap$Node@50000024)
	key		50000ab3
	val		5000131c
OBJ 5000131e (sz=16, trace=300160, class=java.lang.Object@50000172)
OBJ 5000131f (sz=32, trace=300159, class=java.util.concurrent.ConcurrentHashMap$Node@50000024)
	key		50000ab3
	val		5000131e
OBJ 50001320 (sz=40, trace=300106, class=java.lang.ref.Finalizer@5000014d)
	referent	5000131a
	queue		500003a9
	next		500012ce
	prev		50001371
ARR 50001321 (sz=10, trace=300000, nelems=5, elem type=char[])
ARR 50001322 (sz=14, trace=300000, nelems=7, elem type=char[])
ARR 50001323 (sz=12, trace=300000, nelems=6, elem type=char[])
ARR 50001324 (sz=4, trace=300000, nelems=2, elem type=char[])
ARR 50001325 (sz=12, trace=300000, nelems=6, elem type=char[])
ARR 50001326 (sz=30, trace=300000, nelems=15, elem type=char[])
ARR 50001327 (sz=20, trace=300000, nelems=10, elem type=char[])
ARR 50001328 (sz=20, trace=300000, nelems=10, elem type=char[])
ARR 50001329 (sz=12, trace=300000, nelems=6, elem type=char[])
ARR 5000132a (sz=18, trace=300000, nelems=9, elem type=char[])
ARR 5000132b (sz=18, trace=300000, nelems=9, elem type=char[])
OBJ 5000132c (sz=16, trace=300157, class=java.lang.Object@50000172)
OBJ 5000132d (sz=32, trace=300159, class=java.util.concurrent.ConcurrentHashMap$Node@50000024)
	key		50000c51
	val		5000132c
OBJ 5000132e (sz=16, trace=300160, class=java.lang.Object@50000172)
OBJ 5000132f (sz=32, trace=300159, class=java.util.concurrent.ConcurrentHashMap$Node@50000024)
	key		50000c51
	val		5000132e
ARR 50001330 (sz=36, trace=300000, nelems=18, elem type=char[])
ARR 50001331 (sz=6, trace=300000, nelems=3, elem type=char[])
ARR 50001332 (sz=10, trace=300000, nelems=5, elem type=char[])
ARR 50001333 (sz=14, trace=300000, nelems=7, elem type=char[])
ARR 50001334 (sz=12, trace=300000, nelems=6, elem type=char[])
ARR 50001335 (sz=16, trace=300000, nelems=8, elem type=char[])
ARR 50001336 (sz=18, trace=300000, nelems=9, elem type=char[])
ARR 50001337 (sz=30, trace=300000, nelems=15, elem type=char[])
ARR 50001338 (sz=20, trace=300000, nelems=10, elem type=char[])
ARR 50001339 (sz=20, trace=300000, nelems=10, elem type=char[])
ARR 5000133a (sz=12, trace=300000, nelems=6, elem type=char[])
ARR 5000133b (sz=18, trace=300000, nelems=9, elem type=char[])
ARR 5000133c (sz=18, trace=300000, nelems=9, elem type=char[])
ARR 5000133d (sz=10, trace=300000, nelems=5, elem type=char[])
ARR 5000133e (sz=6, trace=300000, nelems=3, elem type=char[])
ARR 5000133f (sz=14, trace=300000, nelems=7, elem type=char[])
ARR 50001340 (sz=12, trace=300000, nelems=6, elem type=char[])
ARR 50001341 (sz=24, trace=300000, nelems=12, elem type=char[])
ARR 50001342 (sz=30, trace=300000, nelems=15, elem type=char[])
ARR 50001343 (sz=12, trace=300000, nelems=6, elem type=char[])
ARR 50001344 (sz=10, trace=300000, nelems=5, elem type=char[])
ARR 50001345 (sz=16, trace=300000, nelems=8, elem type=char[])
ARR 50001346 (sz=16, trace=300000, nelems=8, elem type=char[])
ARR 50001347 (sz=30, trace=300000, nelems=15, elem type=char[])
ARR 50001348 (sz=20, trace=300000, nelems=10, elem type=char[])
ARR 50001349 (sz=20, trace=300000, nelems=10, elem type=char[])
ARR 5000134a (sz=12, trace=300000, nelems=6, elem type=char[])
ARR 5000134b (sz=18, trace=300000, nelems=9, elem type=char[])
ARR 5000134c (sz=22, trace=300000, nelems=11, elem type=char[])
ARR 5000134d (sz=10, trace=300000, nelems=5, elem type=char[])
ARR 5000134e (sz=6, trace=300000, nelems=3, elem type=char[])
ARR 5000134f (sz=14, trace=300000, nelems=7, elem type=char[])
ARR 50001350 (sz=12, trace=300000, nelems=6, elem type=char[])
ARR 50001351 (sz=4, trace=300000, nelems=2, elem type=char[])
ARR 50001352 (sz=12, trace=300000, nelems=6, elem type=char[])
ARR 50001353 (sz=18, trace=300000, nelems=9, elem type=char[])
ARR 50001354 (sz=30, trace=300000, nelems=15, elem type=char[])
OBJ 50001355 (sz=56, trace=300687, class=java.util.zip.ZipFile$ZipFileInputStream@5000055c)
ARR 50001356 (sz=20, trace=300000, nelems=10, elem type=char[])
ARR 50001357 (sz=20, trace=300000, nelems=10, elem type=char[])
ARR 50001358 (sz=12, trace=300000, nelems=6, elem type=char[])
ARR 50001359 (sz=18, trace=300000, nelems=9, elem type=char[])
ARR 5000135a (sz=20, trace=300000, nelems=10, elem type=char[])
ARR 5000135b (sz=22, trace=300000, nelems=11, elem type=char[])
ARR 5000135c (sz=14, trace=300000, nelems=7, elem type=char[])
ARR 5000135d (sz=20, trace=300000, nelems=10, elem type=char[])
ARR 5000135e (sz=30, trace=300000, nelems=15, elem type=char[])
ARR 5000135f (sz=22, trace=300000, nelems=11, elem type=char[])
ARR 50001360 (sz=22, trace=300000, nelems=11, elem type=char[])
ARR 50001361 (sz=4, trace=300000, nelems=2, elem type=char[])
OBJ 50001363 (sz=16, trace=300157, class=java.lang.Object@50000172)
OBJ 50001364 (sz=32, trace=300159, class=java.util.concurrent.ConcurrentHashMap$Node@50000024)
	key		50000d0d
	val		50001363
	next		500002c0
OBJ 50001365 (sz=16, trace=300160, class=java.lang.Object@50000172)
OBJ 50001366 (sz=32, trace=300159, class=java.util.concurrent.ConcurrentHashMap$Node@50000024)
	key		50000d0d
	val		50001365
	next		500002c2
OBJ 50001367 (sz=16, trace=300157, class=java.lang.Object@50000172)
OBJ 50001368 (sz=32, trace=300159, class=java.util.concurrent.ConcurrentHashMap$Node@50000024)
	key		50000b6f
	val		50001367
	next		5000183b
OBJ 50001369 (sz=16, trace=300160, class=java.lang.Object@50000172)
OBJ 5000136a (sz=32, trace=300159, class=java.util.concurrent.ConcurrentHashMap$Node@50000024)
	key		50000b6f
	val		50001369
	next		5000183d
ARR 5000136b (sz=12, trace=300000, nelems=6, elem type=char[])
ARR 5000136c (sz=12, trace=300000, nelems=6, elem type=char[])
ARR 5000136d (sz=6, trace=300000, nelems=3, elem type=char[])
ARR 5000136e (sz=10, trace=300000, nelems=5, elem type=char[])
ARR 5000136f (sz=14, trace=300000, nelems=7, elem type=char[])
OBJ 50001370 (sz=56, trace=300687, class=java.util.zip.ZipFile$ZipFileInputStream@5000055c)
	this$0		500004ec
OBJ 50001371 (sz=40, trace=300106, class=java.lang.ref.Finalizer@5000014d)
	referent	50001370
	queue		500003a9
	next		50001320
	prev		500013cf
ARR 50001372 (sz=12, trace=300000, nelems=6, elem type=char[])
ARR 50001373 (sz=20, trace=300000, nelems=10, elem type=char[])
ARR 50001374 (sz=20, trace=300000, nelems=10, elem type=char[])
ARR 50001375 (sz=22, trace=300000, nelems=11, elem type=char[])
ARR 50001376 (sz=14, trace=300000, nelems=7, elem type=char[])
ARR 50001377 (sz=22, trace=300000, nelems=11, elem type=char[])
ARR 50001378 (sz=14, trace=300000, nelems=7, elem type=char[])
ARR 50001379 (sz=8, trace=300000, nelems=4, elem type=char[])
ARR 5000137a (sz=12, trace=300000, nelems=6, elem type=char[])
ARR 5000137b (sz=12, trace=300000, nelems=6, elem type=char[])
ARR 5000137c (sz=12, trace=300000, nelems=6, elem type=char[])
OBJ 5000137d (sz=16, trace=300157, class=java.lang.Object@50000172)
OBJ 5000137e (sz=32, trace=300159, class=java.util.concurrent.ConcurrentHashMap$Node@50000024)
	key		50000cf7
	val		5000137d
OBJ 5000137f (sz=16, trace=300160, class=java.lang.Object@50000172)
OBJ 50001380 (sz=32, trace=300159, class=java.util.concurrent.ConcurrentHashMap$Node@50000024)
	key		50000cf7
	val		5000137f
ARR 50001381 (sz=12, trace=300000, nelems=6, elem type=char[])
ARR 50001382 (sz=18, trace=300000, nelems=9, elem type=char[])
ARR 50001383 (sz=12, trace=300000, nelems=6, elem type=char[])
ARR 50001384 (sz=12, trace=300000, nelems=6, elem type=char[])
ARR 50001385 (sz=12, trace=300000, nelems=6, elem type=char[])
ARR 50001386 (sz=12, trace=300000, nelems=6, elem type=char[])
ARR 50001387 (sz=12, trace=300000, nelems=6, elem type=char[])
ARR 50001388 (sz=12, trace=300000, nelems=6, elem type=char[])
ARR 50001389 (sz=12, trace=300000, nelems=6, elem type=char[])
ARR 5000138a (sz=12, trace=300000, nelems=6, elem type=char[])
ARR 5000138b (sz=12, trace=300000, nelems=6, elem type=char[])
ARR 5000138c (sz=12, trace=300000, nelems=6, elem type=char[])
ARR 5000138d (sz=22, trace=300000, nelems=11, elem type=char[])
ARR 5000138e (sz=32, trace=300000, nelems=16, elem type=char[])
ARR 5000138f (sz=6, trace=300000, nelems=3, elem type=char[])
ARR 50001390 (sz=14, trace=300000, nelems=7, elem type=char[])
ARR 50001391 (sz=12, trace=300000, nelems=6, elem type=char[])
ARR 50001392 (sz=10, trace=300000, nelems=5, elem type=char[])
ARR 50001393 (sz=6, trace=300000, nelems=3, elem type=char[])
ARR 50001394 (sz=14, trace=300000, nelems=7, elem type=char[])
ARR 50001395 (sz=12, trace=300000, nelems=6, elem type=char[])
ARR 50001396 (sz=10, trace=300000, nelems=5, elem type=char[])
ARR 50001397 (sz=6, trace=300000, nelems=3, elem type=char[])
ARR 50001398 (sz=14, trace=300000, nelems=7, elem type=char[])
ARR 50001399 (sz=12, trace=300000, nelems=6, elem type=char[])
ARR 5000139a (sz=10, trace=300000, nelems=5, elem type=char[])
ARR 5000139b (sz=38, trace=300000, nelems=19, elem type=char[])
ARR 5000139c (sz=6, trace=300000, nelems=3, elem type=char[])
ARR 5000139d (sz=12, trace=300000, nelems=6, elem type=char[])
ARR 5000139e (sz=14, trace=300000, nelems=7, elem type=char[])
ARR 5000139f (sz=10, trace=300000, nelems=5, elem type=char[])
OBJ 500013a0 (sz=56, trace=300687, class=java.util.zip.ZipFile$ZipFileInputStream@5000055c)
ARR 500013a1 (sz=16, trace=300000, nelems=8, elem type=char[])
ARR 500013a2 (sz=6, trace=300000, nelems=3, elem type=char[])
ARR 500013a3 (sz=14, trace=300000, nelems=7, elem type=char[])
ARR 500013a4 (sz=12, trace=300000, nelems=6, elem type=char[])
ARR 500013a5 (sz=10, trace=300000, nelems=5, elem type=char[])
ARR 500013a6 (sz=16, trace=300000, nelems=8, elem type=char[])
ARR 500013a7 (sz=6, trace=300000, nelems=3, elem type=char[])
ARR 500013a8 (sz=12, trace=300000, nelems=6, elem type=char[])
ARR 500013a9 (sz=14, trace=300000, nelems=7, elem type=char[])
ARR 500013aa (sz=10, trace=300000, nelems=5, elem type=char[])
ARR 500013ab (sz=16, trace=300000, nelems=8, elem type=char[])
ARR 500013ac (sz=6, trace=300000, nelems=3, elem type=char[])
OBJ 500013ae (sz=24, trace=300709, class=com.sun.tools.javac.main.Option$OptionKind@500013ad)
	name		50002c1a
OBJ 500013af (sz=24, trace=300710, class=com.sun.tools.javac.main.Option$OptionKind@500013ad)
	name		50002c1c
OBJ 500013b0 (sz=24, trace=300711, class=com.sun.tools.javac.main.Option$OptionKind@500013ad)
	name		50002c1d
OBJ 500013b1 (sz=16, trace=300157, class=java.lang.Object@50000172)
OBJ 500013b2 (sz=32, trace=300683, class=java.util.concurrent.ConcurrentHashMap$Node@50000024)
	key		50000aca
	val		500013b1
OBJ 500013b3 (sz=16, trace=300160, class=java.lang.Object@50000172)
OBJ 500013b4 (sz=32, trace=300683, class=java.util.concurrent.ConcurrentHashMap$Node@50000024)
	key		50000aca
	val		500013b3
ARR 500013b6 (sz=32, trace=300712, nelems=3, elem type=com.sun.tools.javac.main.Option$OptionKind[]@500013b5)
	[0]		500013ae
	[1]		500013af
	[2]		500013b0
OBJ 500013b7 (sz=24, trace=300713, class=com.sun.tools.javac.main.Option$OptionGroup@50000bd6)
	name		50002c20
OBJ 500013b8 (sz=24, trace=300714, class=com.sun.tools.javac.main.Option$OptionGroup@50000bd6)
	name		50002c22
OBJ 500013b9 (sz=24, trace=300715, class=com.sun.tools.javac.main.Option$OptionGroup@50000bd6)
	name		50002c23
OBJ 500013ba (sz=24, trace=300716, class=com.sun.tools.javac.main.Option$OptionGroup@50000bd6)
	name		50002c24
ARR 500013bc (sz=32, trace=300717, nelems=4, elem type=com.sun.tools.javac.main.Option$OptionGroup[]@500013bb)
	[0]		500013b7
	[1]		500013b8
	[2]		500013b9
	[3]		500013ba
OBJ 500013bd (sz=56, trace=300718, class=com.sun.tools.javac.main.Option@50000b8e)
	name		50002b85
	text		50002b6a
	kind		500013ae
	group		500013b7
	descrKey	50002bb5
OBJ 500013be (sz=56, trace=300719, class=com.sun.tools.javac.main.Option$1@50000c1c)
	name		50002b87
	text		50002b6c
	kind		500013ae
	group		500013b7
	descrKey	50002bb7
OBJ 500013bf (sz=16, trace=300157, class=java.lang.Object@50000172)
ARR 500013c0 (sz=14, trace=300000, nelems=7, elem type=char[])
OBJ 500013c1 (sz=16, trace=300160, class=java.lang.Object@50000172)
ARR 500013c2 (sz=12, trace=300000, nelems=6, elem type=char[])
ARR 500013c3 (sz=10, trace=300000, nelems=5, elem type=char[])
ARR 500013c4 (sz=48, trace=300000, nelems=24, elem type=char[])
ARR 500013c5 (sz=6, trace=300000, nelems=3, elem type=char[])
ARR 500013c6 (sz=14, trace=300000, nelems=7, elem type=char[])
ARR 500013c7 (sz=20, trace=300000, nelems=10, elem type=char[])
ARR 500013c8 (sz=10, trace=300000, nelems=5, elem type=char[])
ARR 500013c9 (sz=36, trace=300000, nelems=18, elem type=char[])
ARR 500013ca (sz=16, trace=300000, nelems=8, elem type=char[])
ARR 500013cb (sz=6, trace=300000, nelems=3, elem type=char[])
ARR 500013cc (sz=14, trace=300000, nelems=7, elem type=char[])
ARR 500013cd (sz=12, trace=300000, nelems=6, elem type=char[])
OBJ 500013ce (sz=56, trace=300687, class=java.util.zip.ZipFile$ZipFileInputStream@5000055c)
	this$0		500004ec
OBJ 500013cf (sz=40, trace=300106, class=java.lang.ref.Finalizer@5000014d)
	referent	500013ce
	queue		500003a9
	next		50001371
	prev		50001434
ARR 500013d0 (sz=10, trace=300000, nelems=5, elem type=char[])
ARR 500013d1 (sz=16, trace=300000, nelems=8, elem type=char[])
ARR 500013d2 (sz=6, trace=300000, nelems=3, elem type=char[])
ARR 500013d3 (sz=14, trace=300000, nelems=7, elem type=char[])
ARR 500013d4 (sz=12, trace=300000, nelems=6, elem type=char[])
ARR 500013d5 (sz=10, trace=300000, nelems=5, elem type=char[])
ARR 500013d6 (sz=6, trace=300000, nelems=3, elem type=char[])
ARR 500013d7 (sz=14, trace=300000, nelems=7, elem type=char[])
ARR 500013d8 (sz=12, trace=300000, nelems=6, elem type=char[])
ARR 500013d9 (sz=10, trace=300000, nelems=5, elem type=char[])
OBJ 500013da (sz=24, trace=300000, class=java.lang.String@5000016e)
	value		50001488
OBJ 500013db (sz=24, trace=300000, class=java.lang.String@5000016e)
	value		50001487
OBJ 500013dc (sz=24, trace=300000, class=java.lang.String@5000016e)
	value		50001486
OBJ 500013dd (sz=24, trace=300000, class=java.lang.String@5000016e)
	value		50001485
OBJ 500013de (sz=16, trace=300157, class=java.lang.Object@50000172)
OBJ 500013df (sz=32, trace=300683, class=java.util.concurrent.ConcurrentHashMap$Node@50000024)
	key		50000b61
	val		500013de
OBJ 500013e0 (sz=16, trace=300160, class=java.lang.Object@50000172)
OBJ 500013e1 (sz=32, trace=300683, class=java.util.concurrent.ConcurrentHashMap$Node@50000024)
	key		50000b61
	val		500013e0
OBJ 500013e2 (sz=24, trace=300000, class=java.lang.String@5000016e)
	value		50001484
OBJ 500013e3 (sz=24, trace=300000, class=java.lang.String@5000016e)
	value		50001483
OBJ 500013e4 (sz=24, trace=300000, class=java.lang.String@5000016e)
	value		50001482
OBJ 500013e5 (sz=24, trace=300000, class=java.lang.String@5000016e)
	value		50001481
OBJ 500013e6 (sz=24, trace=300000, class=java.lang.String@5000016e)
	value		50001480
OBJ 500013e7 (sz=24, trace=300000, class=java.lang.String@5000016e)
	value		5000147f
OBJ 500013e8 (sz=24, trace=300000, class=java.lang.String@5000016e)
	value		5000147e
OBJ 500013e9 (sz=24, trace=300000, class=java.lang.String@5000016e)
	value		5000147d
OBJ 500013ea (sz=24, trace=300000, class=java.lang.String@5000016e)
	value		5000147c
OBJ 500013eb (sz=24, trace=300000, class=java.lang.String@5000016e)
	value		5000147b
OBJ 500013ec (sz=24, trace=300000, class=java.lang.String@5000016e)
	value		5000147a
OBJ 500013ed (sz=24, trace=300000, class=java.lang.String@5000016e)
	value		50001479
OBJ 500013ee (sz=24, trace=300000, class=java.lang.String@5000016e)
	value		50001478
OBJ 500013ef (sz=24, trace=300000, class=java.lang.String@5000016e)
	value		50001477
OBJ 500013f0 (sz=24, trace=300000, class=java.lang.String@5000016e)
	value		50001476
OBJ 500013f1 (sz=24, trace=300000, class=java.lang.String@5000016e)
	value		50001475
OBJ 500013f2 (sz=24, trace=300000, class=java.lang.String@5000016e)
	value		5000146e
OBJ 500013f3 (sz=24, trace=300000, class=java.lang.String@5000016e)
	value		5000146d
OBJ 500013f4 (sz=24, trace=300000, class=java.lang.String@5000016e)
	value		5000146c
OBJ 500013f5 (sz=24, trace=300000, class=java.lang.String@5000016e)
	value		5000146b
OBJ 500013f6 (sz=24, trace=300000, class=java.lang.String@5000016e)
	value		5000146a
OBJ 500013f7 (sz=24, trace=300000, class=java.lang.String@5000016e)
	value		50001466
OBJ 500013f8 (sz=56, trace=300687, class=java.util.zip.ZipFile$ZipFileInputStream@5000055c)
OBJ 500013f9 (sz=24, trace=300000, class=java.lang.String@5000016e)
	value		50001465
OBJ 500013fa (sz=24, trace=300000, class=java.lang.String@5000016e)
	value		50001464
OBJ 500013fb (sz=24, trace=300000, class=java.lang.String@5000016e)
	value		50001463
OBJ 500013fc (sz=24, trace=300000, class=java.lang.String@5000016e)
	value		50001462
OBJ 500013fd (sz=24, trace=300000, class=java.lang.String@5000016e)
	value		50001461
OBJ 500013fe (sz=24, trace=300000, class=java.lang.String@5000016e)
	value		5000145f
OBJ 500013ff (sz=24, trace=300000, class=java.lang.String@5000016e)
	value		5000145e
OBJ 50001400 (sz=24, trace=300000, class=java.lang.String@5000016e)
	value		5000145d
OBJ 50001401 (sz=24, trace=300000, class=java.lang.String@5000016e)
	value		5000145a
OBJ 50001402 (sz=24, trace=300000, class=java.lang.String@5000016e)
	value		50001459
OBJ 50001403 (sz=24, trace=300000, class=java.lang.String@5000016e)
	value		50001458
OBJ 50001404 (sz=24, trace=300000, class=java.lang.String@5000016e)
	value		50001457
OBJ 50001406 (sz=24, trace=300720, class=com.sun.tools.javac.main.Option$ChoiceKind@50001405)
	name		50002c31
OBJ 50001407 (sz=24, trace=300721, class=com.sun.tools.javac.main.Option$ChoiceKind@50001405)
	name		50002c2f
ARR 50001409 (sz=24, trace=300722, nelems=2, elem type=com.sun.tools.javac.main.Option$ChoiceKind[]@50001408)
	[0]		50001406
	[1]		50001407
OBJ 5000140a (sz=24, trace=300000, class=java.lang.String@5000016e)
	value		50001456
OBJ 5000140b (sz=16, trace=300157, class=java.lang.Object@50000172)
OBJ 5000140c (sz=32, trace=300683, class=java.util.concurrent.ConcurrentHashMap$Node@50000024)
	key		50000cd1
	val		5000140b
OBJ 5000140d (sz=16, trace=300160, class=java.lang.Object@50000172)
OBJ 5000140e (sz=32, trace=300683, class=java.util.concurrent.ConcurrentHashMap$Node@50000024)
	key		50000cd1
	val		5000140d
OBJ 5000140f (sz=56, trace=300724, class=java.util.LinkedHashMap@5000006a)
	table		50001414
	head		50001415
	tail		50001417
OBJ 50001410 (sz=16, trace=300157, class=java.lang.Object@50000172)
OBJ 50001411 (sz=32, trace=300159, class=java.util.concurrent.ConcurrentHashMap$Node@50000024)
	key		50000c55
	val		50001410
OBJ 50001412 (sz=16, trace=300160, class=java.lang.Object@50000172)
OBJ 50001413 (sz=32, trace=300159, class=java.util.concurrent.ConcurrentHashMap$Node@50000024)
	key		50000c55
	val		50001412
ARR 50001414 (sz=80, trace=300725, nelems=13, elem type=java.util.HashMap$Node[]@500000c2)
	[11]		50001416
	[12]		50001415
OBJ 50001415 (sz=40, trace=300084, class=java.util.LinkedHashMap$Entry@50000060)
	key		50002b9e
	value		50000a7c
	after		50001416
OBJ 50001416 (sz=40, trace=300084, class=java.util.LinkedHashMap$Entry@50000060)
	key		50002bc7
	value		50000a7c
	next		50001417
	before		50001415
	after		50001417
OBJ 50001417 (sz=40, trace=300726, class=java.util.LinkedHashMap$Entry@50000060)
	key		50002bc6
	value		50000a7c
	before		50001416
OBJ 50001418 (sz=56, trace=300727, class=com.sun.tools.javac.main.Option@50000b8e)
	name		50002b86
	text		50002b6b
	kind		500013ae
	group		500013b7
	descrKey	50002bb6
	choiceKind	50001407
	choices		5000140f
OBJ 50001419 (sz=56, trace=300728, class=com.sun.tools.javac.main.Option@50000b8e)
	name		50002b9b
	text		50002b60
	kind		500013af
	group		500013b7
	descrKey	50002ba5
OBJ 5000141a (sz=56, trace=300729, class=java.util.LinkedHashMap@5000006a)
	table		5000155a
	head		5000141c
	tail		500015b5
OBJ 5000141b (sz=24, trace=300000, class=java.lang.String@5000016e)
	value		50001455
OBJ 5000141c (sz=40, trace=300084, class=java.util.LinkedHashMap$Entry@50000060)
	key		50002b9d
	value		50000a7c
	after		50001531
OBJ 5000141d (sz=16, trace=300157, class=java.lang.Object@50000172)
OBJ 5000141e (sz=24, trace=300000, class=java.lang.String@5000016e)
	value		50001454
OBJ 5000141f (sz=16, trace=300160, class=java.lang.Object@50000172)
OBJ 50001420 (sz=24, trace=300000, class=java.lang.String@5000016e)
	value		50001453
OBJ 50001421 (sz=24, trace=300000, class=java.lang.String@5000016e)
	value		50001452
OBJ 50001422 (sz=24, trace=300000, class=java.lang.String@5000016e)
	value		50001451
OBJ 50001423 (sz=24, trace=300000, class=java.lang.String@5000016e)
	value		50001450
OBJ 50001424 (sz=24, trace=300000, class=java.lang.String@5000016e)
	value		5000144f
OBJ 50001425 (sz=24, trace=300000, class=java.lang.String@5000016e)
	value		5000144c
OBJ 50001426 (sz=24, trace=300000, class=java.lang.String@5000016e)
	value		5000144b
OBJ 50001427 (sz=24, trace=300000, class=java.lang.String@5000016e)
	value		5000144a
OBJ 50001428 (sz=24, trace=300000, class=java.lang.String@5000016e)
	value		50001441
OBJ 50001429 (sz=24, trace=300000, class=java.lang.String@5000016e)
	value		50001440
OBJ 5000142a (sz=24, trace=300000, class=java.lang.String@5000016e)
	value		5000143f
OBJ 5000142b (sz=24, trace=300000, class=java.lang.String@5000016e)
	value		5000143e
OBJ 5000142c (sz=24, trace=300000, class=java.lang.String@5000016e)
	value		5000143d
OBJ 5000142d (sz=24, trace=300000, class=java.lang.String@5000016e)
	value		5000143c
OBJ 5000142e (sz=24, trace=300000, class=java.lang.String@5000016e)
	value		5000143b
OBJ 5000142f (sz=24, trace=300000, class=java.lang.String@5000016e)
	value		5000143a
OBJ 50001430 (sz=24, trace=300000, class=java.lang.String@5000016e)
	value		50001439
OBJ 50001431 (sz=24, trace=300000, class=java.lang.String@5000016e)
	value		50001438
OBJ 50001432 (sz=24, trace=300000, class=java.lang.String@5000016e)
	value		50001437
OBJ 50001433 (sz=56, trace=300687, class=java.util.zip.ZipFile$ZipFileInputStream@5000055c)
	this$0		500004ec
OBJ 50001434 (sz=40, trace=300106, class=java.lang.ref.Finalizer@5000014d)
	referent	50001433
	queue		500003a9
	next		500013cf
	prev		50001490
OBJ 50001435 (sz=24, trace=300000, class=java.lang.String@5000016e)
	value		50001436
ARR 50001436 (sz=28, trace=300000, nelems=14, elem type=char[])
ARR 50001437 (sz=28, trace=300000, nelems=14, elem type=char[])
ARR 50001438 (sz=28, trace=300000, nelems=14, elem type=char[])
ARR 50001439 (sz=16, trace=300000, nelems=8, elem type=char[])
ARR 5000143a (sz=16, trace=300000, nelems=8, elem type=char[])
ARR 5000143b (sz=24, trace=300000, nelems=12, elem type=char[])
ARR 5000143c (sz=24, trace=300000, nelems=12, elem type=char[])
ARR 5000143d (sz=24, trace=300000, nelems=12, elem type=char[])
ARR 5000143e (sz=24, trace=300000, nelems=12, elem type=char[])
ARR 5000143f (sz=24, trace=300000, nelems=12, elem type=char[])
ARR 50001440 (sz=24, trace=300000, nelems=12, elem type=char[])
ARR 50001441 (sz=10, trace=300000, nelems=5, elem type=char[])
OBJ 50001446 (sz=16, trace=300157, class=java.lang.Object@50000172)
OBJ 50001447 (sz=32, trace=300159, class=java.util.concurrent.ConcurrentHashMap$Node@50000024)
	key		50000bbe
	val		50001446
OBJ 50001448 (sz=16, trace=300160, class=java.lang.Object@50000172)
OBJ 50001449 (sz=32, trace=300159, class=java.util.concurrent.ConcurrentHashMap$Node@50000024)
	key		50000bbe
	val		50001448
ARR 5000144a (sz=16, trace=300000, nelems=8, elem type=char[])
ARR 5000144b (sz=16, trace=300000, nelems=8, elem type=char[])
ARR 5000144c (sz=12, trace=300000, nelems=6, elem type=char[])
OBJ 5000144d (sz=24, trace=300369, class=java.lang.String@5000016e)
	value		5000144e
ARR 5000144e (sz=48, trace=300370, nelems=24, elem type=char[])
ARR 5000144f (sz=16, trace=300000, nelems=8, elem type=char[])
ARR 50001450 (sz=16, trace=300000, nelems=8, elem type=char[])
ARR 50001451 (sz=12, trace=300000, nelems=6, elem type=char[])
ARR 50001452 (sz=16, trace=300000, nelems=8, elem type=char[])
ARR 50001453 (sz=12, trace=300000, nelems=6, elem type=char[])
ARR 50001454 (sz=12, trace=300000, nelems=6, elem type=char[])
ARR 50001455 (sz=20, trace=300000, nelems=10, elem type=char[])
ARR 50001456 (sz=20, trace=300000, nelems=10, elem type=char[])
ARR 50001457 (sz=20, trace=300000, nelems=10, elem type=char[])
ARR 50001458 (sz=20, trace=300000, nelems=10, elem type=char[])
ARR 50001459 (sz=20, trace=300000, nelems=10, elem type=char[])
ARR 5000145a (sz=22, trace=300000, nelems=11, elem type=char[])
OBJ 5000145b (sz=56, trace=300443, class=java.lang.Package@500005db)
	pkgName		5000144d
	loader		500003b3
OBJ 5000145c (sz=32, trace=300221, class=java.util.HashMap$Node@500000c4)
	key		5000144d
	value		5000145b
	next		500022c6
ARR 5000145d (sz=22, trace=300000, nelems=11, elem type=char[])
ARR 5000145e (sz=20, trace=300000, nelems=10, elem type=char[])
ARR 5000145f (sz=16, trace=300000, nelems=8, elem type=char[])
OBJ 50001460 (sz=56, trace=300687, class=java.util.zip.ZipFile$ZipFileInputStream@5000055c)
ARR 50001461 (sz=12, trace=300000, nelems=6, elem type=char[])
ARR 50001462 (sz=10, trace=300000, nelems=5, elem type=char[])
ARR 50001463 (sz=24, trace=300000, nelems=12, elem type=char[])
ARR 50001464 (sz=16, trace=300000, nelems=8, elem type=char[])
ARR 50001465 (sz=12, trace=300000, nelems=6, elem type=char[])
ARR 50001466 (sz=12, trace=300000, nelems=6, elem type=char[])
OBJ 50001467 (sz=24, trace=300668, class=java.lang.String@5000016e)
	value		50001468
ARR 50001468 (sz=48, trace=300669, nelems=24, elem type=char[])
OBJ 50001469 (sz=32, trace=300671, class=java.util.concurrent.ConcurrentHashMap$Node@50000024)
	key		50001467
	val		50000a90
	next		50000187
ARR 5000146a (sz=12, trace=300000, nelems=6, elem type=char[])
ARR 5000146b (sz=12, trace=300000, nelems=6, elem type=char[])
ARR 5000146c (sz=12, trace=300000, nelems=6, elem type=char[])
ARR 5000146d (sz=12, trace=300000, nelems=6, elem type=char[])
ARR 5000146e (sz=12, trace=300000, nelems=6, elem type=char[])
OBJ 50001470 (sz=32, trace=300731, class=com.sun.tools.javac.code.Lint$LintCategory@5000146f)
	name		50002d13
	option		50002c61
OBJ 50001471 (sz=16, trace=300157, class=java.lang.Object@50000172)
OBJ 50001472 (sz=32, trace=300683, class=java.util.concurrent.ConcurrentHashMap$Node@50000024)
	key		50000b8d
	val		50001471
	next		500018b6
OBJ 50001473 (sz=16, trace=300160, class=java.lang.Object@50000172)
OBJ 50001474 (sz=32, trace=300683, class=java.util.concurrent.ConcurrentHashMap$Node@50000024)
	key		50000b8d
	val		50001473
	next		500018c5
ARR 50001475 (sz=12, trace=300000, nelems=6, elem type=char[])
ARR 50001476 (sz=20, trace=300000, nelems=10, elem type=char[])
ARR 50001477 (sz=20, trace=300000, nelems=10, elem type=char[])
ARR 50001478 (sz=20, trace=300000, nelems=10, elem type=char[])
ARR 50001479 (sz=20, trace=300000, nelems=10, elem type=char[])
ARR 5000147a (sz=20, trace=300000, nelems=10, elem type=char[])
ARR 5000147b (sz=22, trace=300000, nelems=11, elem type=char[])
ARR 5000147c (sz=22, trace=300000, nelems=11, elem type=char[])
ARR 5000147d (sz=12, trace=300000, nelems=6, elem type=char[])
ARR 5000147e (sz=12, trace=300000, nelems=6, elem type=char[])
ARR 5000147f (sz=12, trace=300000, nelems=6, elem type=char[])
ARR 50001480 (sz=12, trace=300000, nelems=6, elem type=char[])
ARR 50001481 (sz=12, trace=300000, nelems=6, elem type=char[])
ARR 50001482 (sz=12, trace=300000, nelems=6, elem type=char[])
ARR 50001483 (sz=12, trace=300000, nelems=6, elem type=char[])
ARR 50001484 (sz=12, trace=300000, nelems=6, elem type=char[])
ARR 50001485 (sz=12, trace=300000, nelems=6, elem type=char[])
ARR 50001486 (sz=12, trace=300000, nelems=6, elem type=char[])
ARR 50001487 (sz=12, trace=300000, nelems=6, elem type=char[])
ARR 50001488 (sz=12, trace=300000, nelems=6, elem type=char[])
OBJ 50001489 (sz=24, trace=300000, class=java.lang.String@5000016e)
	value		50001638
OBJ 5000148a (sz=24, trace=300000, class=java.lang.String@5000016e)
	value		50001637
OBJ 5000148b (sz=24, trace=300000, class=java.lang.String@5000016e)
	value		50001636
OBJ 5000148c (sz=24, trace=300000, class=java.lang.String@5000016e)
	value		50001630
OBJ 5000148d (sz=24, trace=300000, class=java.lang.String@5000016e)
	value		50001620
OBJ 5000148e (sz=24, trace=300000, class=java.lang.String@5000016e)
	value		5000161f
OBJ 5000148f (sz=56, trace=300687, class=java.util.zip.ZipFile$ZipFileInputStream@5000055c)
	this$0		500004ec
OBJ 50001490 (sz=40, trace=300106, class=java.lang.ref.Finalizer@5000014d)
	referent	5000148f
	queue		500003a9
	next		50001434
	prev		500014de
OBJ 50001491 (sz=24, trace=300000, class=java.lang.String@5000016e)
	value		5000160e
OBJ 50001492 (sz=24, trace=300000, class=java.lang.String@5000016e)
	value		50001604
OBJ 50001493 (sz=24, trace=300000, class=java.lang.String@5000016e)
	value		500015fe
OBJ 50001494 (sz=24, trace=300000, class=java.lang.String@5000016e)
	value		500015f8
OBJ 50001495 (sz=24, trace=300000, class=java.lang.String@5000016e)
	value		500015f6
OBJ 50001496 (sz=24, trace=300000, class=java.lang.String@5000016e)
	value		500015d3
OBJ 50001497 (sz=24, trace=300000, class=java.lang.String@5000016e)
	value		500015c7
OBJ 50001498 (sz=24, trace=300000, class=java.lang.String@5000016e)
	value		500015b1
OBJ 50001499 (sz=24, trace=300000, class=java.lang.String@5000016e)
	value		500015ab
OBJ 5000149a (sz=24, trace=300000, class=java.lang.String@5000016e)
	value		500015a7
OBJ 5000149b (sz=24, trace=300000, class=java.lang.String@5000016e)
	value		500015a6
OBJ 5000149d (sz=16, trace=300157, class=java.lang.Object@50000172)
OBJ 5000149e (sz=32, trace=300159, class=java.util.concurrent.ConcurrentHashMap$Node@50000024)
	key		50000bc6
	val		5000149d
OBJ 5000149f (sz=16, trace=300160, class=java.lang.Object@50000172)
OBJ 500014a0 (sz=32, trace=300159, class=java.util.concurrent.ConcurrentHashMap$Node@50000024)
	key		50000bc6
	val		5000149f
OBJ 500014a1 (sz=24, trace=300000, class=java.lang.String@5000016e)
	value		500015a2
OBJ 500014a2 (sz=24, trace=300000, class=java.lang.String@5000016e)
	value		500015a1
OBJ 500014a3 (sz=24, trace=300000, class=java.lang.String@5000016e)
	value		5000159d
OBJ 500014a4 (sz=24, trace=300000, class=java.lang.String@5000016e)
	value		5000159c
OBJ 500014a5 (sz=24, trace=300000, class=java.lang.String@5000016e)
	value		50001598
OBJ 500014a6 (sz=24, trace=300000, class=java.lang.String@5000016e)
	value		50001597
OBJ 500014a7 (sz=24, trace=300000, class=java.lang.String@5000016e)
	value		50001593
OBJ 500014a8 (sz=24, trace=300000, class=java.lang.String@5000016e)
	value		50001592
OBJ 500014a9 (sz=24, trace=300000, class=java.lang.String@5000016e)
	value		5000158e
OBJ 500014aa (sz=56, trace=300687, class=java.util.zip.ZipFile$ZipFileInputStream@5000055c)
OBJ 500014ab (sz=24, trace=300000, class=java.lang.String@5000016e)
	value		5000158d
OBJ 500014ac (sz=24, trace=300000, class=java.lang.String@5000016e)
	value		50001589
OBJ 500014ad (sz=24, trace=300000, class=java.lang.String@5000016e)
	value		50001588
OBJ 500014ae (sz=24, trace=300000, class=java.lang.String@5000016e)
	value		50001584
OBJ 500014af (sz=24, trace=300000, class=java.lang.String@5000016e)
	value		50001583
OBJ 500014b0 (sz=24, trace=300000, class=java.lang.String@5000016e)
	value		5000157f
OBJ 500014b1 (sz=24, trace=300000, class=java.lang.String@5000016e)
	value		5000157e
OBJ 500014b2 (sz=24, trace=300000, class=java.lang.String@5000016e)
	value		5000157a
OBJ 500014b3 (sz=24, trace=300000, class=java.lang.String@5000016e)
	value		50001579
OBJ 500014b4 (sz=24, trace=300000, class=java.lang.String@5000016e)
	value		50001575
OBJ 500014b5 (sz=24, trace=300000, class=java.lang.String@5000016e)
	value		50001574
OBJ 500014b6 (sz=24, trace=300000, class=java.lang.String@5000016e)
	value		50001570
OBJ 500014b7 (sz=24, trace=300000, class=java.lang.String@5000016e)
	value		5000156f
OBJ 500014b9 (sz=16, trace=300157, class=java.lang.Object@50000172)
OBJ 500014ba (sz=32, trace=300159, class=java.util.concurrent.ConcurrentHashMap$Node@50000024)
	key		50000cbd
	val		500014b9
OBJ 500014bb (sz=16, trace=300160, class=java.lang.Object@50000172)
OBJ 500014bc (sz=32, trace=300159, class=java.util.concurrent.ConcurrentHashMap$Node@50000024)
	key		50000cbd
	val		500014bb
OBJ 500014bd (sz=24, trace=300000, class=java.lang.String@5000016e)
	value		5000156b
OBJ 500014be (sz=24, trace=300000, class=java.lang.String@5000016e)
	value		5000156a
OBJ 500014bf (sz=24, trace=300000, class=java.lang.String@5000016e)
	value		50001566
OBJ 500014c0 (sz=24, trace=300000, class=java.lang.String@5000016e)
	value		50001565
OBJ 500014c1 (sz=24, trace=300000, class=java.lang.String@5000016e)
	value		50001561
OBJ 500014c2 (sz=24, trace=300000, class=java.lang.String@5000016e)
	value		50001560
OBJ 500014c3 (sz=24, trace=300000, class=java.lang.String@5000016e)
	value		5000155c
OBJ 500014c4 (sz=24, trace=300000, class=java.lang.String@5000016e)
	value		5000155b
OBJ 500014c5 (sz=24, trace=300000, class=java.lang.String@5000016e)
	value		50001556
OBJ 500014c6 (sz=24, trace=300000, class=java.lang.String@5000016e)
	value		50001555
OBJ 500014c7 (sz=24, trace=300000, class=java.lang.String@5000016e)
	value		50001551
OBJ 500014c8 (sz=24, trace=300000, class=java.lang.String@5000016e)
	value		50001550
OBJ 500014c9 (sz=24, trace=300000, class=java.lang.String@5000016e)
	value		5000154c
OBJ 500014ca (sz=24, trace=300000, class=java.lang.String@5000016e)
	value		5000154b
OBJ 500014cb (sz=24, trace=300000, class=java.lang.String@5000016e)
	value		5000153d
OBJ 500014cc (sz=24, trace=300000, class=java.lang.String@5000016e)
	value		500014fd
OBJ 500014cd (sz=24, trace=300000, class=java.lang.String@5000016e)
	value		500014fc
OBJ 500014ce (sz=24, trace=300000, class=java.lang.String@5000016e)
	value		500014fb
OBJ 500014cf (sz=24, trace=300000, class=java.lang.String@5000016e)
	value		500014fa
OBJ 500014d0 (sz=24, trace=300000, class=java.lang.String@5000016e)
	value		500014f9
OBJ 500014d1 (sz=24, trace=300000, class=java.lang.String@5000016e)
	value		500014f8
OBJ 500014d2 (sz=24, trace=300000, class=java.lang.String@5000016e)
	value		500014f7
OBJ 500014d3 (sz=24, trace=300000, class=java.lang.String@5000016e)
	value		500014f6
OBJ 500014d4 (sz=24, trace=300000, class=java.lang.String@5000016e)
	value		500014f5
OBJ 500014d5 (sz=24, trace=300000, class=java.lang.String@5000016e)
	value		500014f4
OBJ 500014d6 (sz=24, trace=300000, class=java.lang.String@5000016e)
	value		500014f3
OBJ 500014d7 (sz=24, trace=300000, class=java.lang.String@5000016e)
	value		500014f1
OBJ 500014d8 (sz=24, trace=300000, class=java.lang.String@5000016e)
	value		500014f0
OBJ 500014d9 (sz=24, trace=300000, class=java.lang.String@5000016e)
	value		500014ef
OBJ 500014da (sz=24, trace=300000, class=java.lang.String@5000016e)
	value		500014e9
OBJ 500014db (sz=24, trace=300000, class=java.lang.String@5000016e)
	value		500014e8
OBJ 500014dc (sz=24, trace=300000, class=java.lang.String@5000016e)
	value		500014e7
OBJ 500014dd (sz=56, trace=300687, class=java.util.zip.ZipFile$ZipFileInputStream@5000055c)
	this$0		500004ec
OBJ 500014de (sz=40, trace=300106, class=java.lang.ref.Finalizer@5000014d)
	referent	500014dd
	queue		500003a9
	next		50001490
	prev		500015b0
OBJ 500014df (sz=24, trace=300000, class=java.lang.String@5000016e)
	value		500014e6
OBJ 500014e0 (sz=24, trace=300000, class=java.lang.String@5000016e)
	value		500014e5
OBJ 500014e1 (sz=24, trace=300000, class=java.lang.String@5000016e)
	value		500014e4
OBJ 500014e2 (sz=24, trace=300000, class=java.lang.String@5000016e)
	value		500014e3
ARR 500014e3 (sz=20, trace=300000, nelems=10, elem type=char[])
ARR 500014e4 (sz=20, trace=300000, nelems=10, elem type=char[])
ARR 500014e5 (sz=20, trace=300000, nelems=10, elem type=char[])
ARR 500014e6 (sz=20, trace=300000, nelems=10, elem type=char[])
ARR 500014e7 (sz=24, trace=300000, nelems=12, elem type=char[])
ARR 500014e8 (sz=16, trace=300000, nelems=8, elem type=char[])
ARR 500014e9 (sz=24, trace=300000, nelems=12, elem type=char[])
OBJ 500014eb (sz=16, trace=300157, class=java.lang.Object@50000172)
OBJ 500014ec (sz=32, trace=300683, class=java.util.concurrent.ConcurrentHashMap$Node@50000024)
	key		50000c45
	val		500014eb
OBJ 500014ed (sz=16, trace=300160, class=java.lang.Object@50000172)
OBJ 500014ee (sz=32, trace=300683, class=java.util.concurrent.ConcurrentHashMap$Node@50000024)
	key		50000c45
	val		500014ed
ARR 500014ef (sz=16, trace=300000, nelems=8, elem type=char[])
ARR 500014f0 (sz=12, trace=300000, nelems=6, elem type=char[])
ARR 500014f1 (sz=16, trace=300000, nelems=8, elem type=char[])
OBJ 500014f2 (sz=56, trace=300687, class=java.util.zip.ZipFile$ZipFileInputStream@5000055c)
ARR 500014f3 (sz=16, trace=300000, nelems=8, elem type=char[])
ARR 500014f4 (sz=12, trace=300000, nelems=6, elem type=char[])
ARR 500014f5 (sz=8, trace=300000, nelems=4, elem type=char[])
ARR 500014f6 (sz=10, trace=300000, nelems=5, elem type=char[])
ARR 500014f7 (sz=24, trace=300000, nelems=12, elem type=char[])
ARR 500014f8 (sz=24, trace=300000, nelems=12, elem type=char[])
ARR 500014f9 (sz=42, trace=300000, nelems=21, elem type=char[])
ARR 500014fa (sz=26, trace=300000, nelems=13, elem type=char[])
ARR 500014fb (sz=36, trace=300000, nelems=18, elem type=char[])
ARR 500014fc (sz=20, trace=300000, nelems=10, elem type=char[])
ARR 500014fd (sz=48, trace=300000, nelems=24, elem type=char[])
OBJ 500014ff (sz=16, trace=300732, class=com.sun.tools.javac.util.Context$Key@500014fe)
OBJ 50001500 (sz=16, trace=300157, class=java.lang.Object@50000172)
OBJ 50001501 (sz=32, trace=300159, class=java.util.concurrent.ConcurrentHashMap$Node@50000024)
	key		50000c7d
	val		50001500
OBJ 50001502 (sz=16, trace=300160, class=java.lang.Object@50000172)
OBJ 50001503 (sz=32, trace=300159, class=java.util.concurrent.ConcurrentHashMap$Node@50000024)
	key		50000c7d
	val		50001502
OBJ 50001504 (sz=64, trace=300733, class=java.util.concurrent.ConcurrentHashMap@5000002b)
	table		50001505
ARR 50001505 (sz=144, trace=300734, nelems=32, elem type=java.util.concurrent.ConcurrentHashMap$Node[]@50000023)
	[0]		5000150a
	[3]		5000151a
	[7]		50001516
	[8]		5000152c
	[10]		50001510
	[11]		5000150e
	[12]		5000150c
	[15]		50001512
	[17]		50001506
	[21]		50001524
	[24]		50001518
	[25]		50001520
	[26]		5000152a
	[28]		50001514
	[29]		5000152e
	[31]		50001522
OBJ 50001506 (sz=32, trace=300735, class=java.util.concurrent.ConcurrentHashMap$Node@50000024)
	key		50002c61
	val		50001470
	next		50001508
OBJ 50001507 (sz=32, trace=300736, class=com.sun.tools.javac.code.Lint$LintCategory@5000146f)
	name		50002d14
	option		50002c5f
OBJ 50001508 (sz=32, trace=300737, class=java.util.concurrent.ConcurrentHashMap$Node@50000024)
	key		50002c5f
	val		50001507
	next		5000151e
OBJ 50001509 (sz=32, trace=300738, class=com.sun.tools.javac.code.Lint$LintCategory@5000146f)
	name		50002d15
	option		50002c5d
OBJ 5000150a (sz=32, trace=300735, class=java.util.concurrent.ConcurrentHashMap$Node@50000024)
	key		50002c5d
	val		50001509
OBJ 5000150b (sz=32, trace=300739, class=com.sun.tools.javac.code.Lint$LintCategory@5000146f)
	name		50002b7f
	option		50002c5b
OBJ 5000150c (sz=32, trace=300735, class=java.util.concurrent.ConcurrentHashMap$Node@50000024)
	key		50002c5b
	val		5000150b
OBJ 5000150d (sz=32, trace=300740, class=com.sun.tools.javac.code.Lint$LintCategory@5000146f)
	name		50002d16
	option		50002c59
OBJ 5000150e (sz=32, trace=300735, class=java.util.concurrent.ConcurrentHashMap$Node@50000024)
	key		50002c59
	val		5000150d
	next		5000151c
OBJ 5000150f (sz=32, trace=300741, class=com.sun.tools.javac.code.Lint$LintCategory@5000146f)
	name		50002d17
	option		50002c57
OBJ 50001510 (sz=32, trace=300735, class=java.util.concurrent.ConcurrentHashMap$Node@50000024)
	key		50002c57
	val		5000150f
OBJ 50001511 (sz=32, trace=300742, class=com.sun.tools.javac.code.Lint$LintCategory@5000146f)
	name		50002d18
	option		50002c55
OBJ 50001512 (sz=32, trace=300735, class=java.util.concurrent.ConcurrentHashMap$Node@50000024)
	key		50002c55
	val		50001511
	next		50001528
OBJ 50001513 (sz=32, trace=300743, class=com.sun.tools.javac.code.Lint$LintCategory@5000146f)
	name		50002d19
	option		50002c48
OBJ 50001514 (sz=32, trace=300735, class=java.util.concurrent.ConcurrentHashMap$Node@50000024)
	key		50002c48
	val		50001513
OBJ 50001515 (sz=32, trace=300744, class=com.sun.tools.javac.code.Lint$LintCategory@5000146f)
	name		50002d1a
	option		50002c46
OBJ 50001516 (sz=32, trace=300735, class=java.util.concurrent.ConcurrentHashMap$Node@50000024)
	key		50002c46
	val		50001515
OBJ 50001517 (sz=32, trace=300745, class=com.sun.tools.javac.code.Lint$LintCategory@5000146f)
	name		50002d1b
	option		50002c44
OBJ 50001518 (sz=32, trace=300735, class=java.util.concurrent.ConcurrentHashMap$Node@50000024)
	key		50002c44
	val		50001517
OBJ 50001519 (sz=32, trace=300746, class=com.sun.tools.javac.code.Lint$LintCategory@5000146f)
	name		50002d1c
	option		50002c42
OBJ 5000151a (sz=32, trace=300735, class=java.util.concurrent.ConcurrentHashMap$Node@50000024)
	key		50002c42
	val		50001519
	next		50001526
OBJ 5000151b (sz=32, trace=300747, class=com.sun.tools.javac.code.Lint$LintCategory@5000146f)
	name		50002d1d
	option		50002c40
OBJ 5000151c (sz=32, trace=300737, class=java.util.concurrent.ConcurrentHashMap$Node@50000024)
	key		50002c40
	val		5000151b
OBJ 5000151d (sz=32, trace=300748, class=com.sun.tools.javac.code.Lint$LintCategory@5000146f)
	name		50002d1e
	option		50000e22
OBJ 5000151e (sz=32, trace=300737, class=java.util.concurrent.ConcurrentHashMap$Node@50000024)
	key		50000e22
	val		5000151d
OBJ 5000151f (sz=32, trace=300749, class=com.sun.tools.javac.code.Lint$LintCategory@5000146f)
	name		50002d1f
	option		50002c3e
OBJ 50001520 (sz=32, trace=300735, class=java.util.concurrent.ConcurrentHashMap$Node@50000024)
	key		50002c3e
	val		5000151f
OBJ 50001521 (sz=32, trace=300750, class=com.sun.tools.javac.code.Lint$LintCategory@5000146f)
	name		50002d20
	option		50002c3c
OBJ 50001522 (sz=32, trace=300735, class=java.util.concurrent.ConcurrentHashMap$Node@50000024)
	key		50002c3c
	val		50001521
OBJ 50001523 (sz=32, trace=300751, class=com.sun.tools.javac.code.Lint$LintCategory@5000146f)
	name		50002d21
	option		50002c53
OBJ 50001524 (sz=32, trace=300735, class=java.util.concurrent.ConcurrentHashMap$Node@50000024)
	key		50002c53
	val		50001523
OBJ 50001525 (sz=32, trace=300752, class=com.sun.tools.javac.code.Lint$LintCategory@5000146f)
	name		50002d22
	option		5000229a
OBJ 50001526 (sz=32, trace=300737, class=java.util.concurrent.ConcurrentHashMap$Node@50000024)
	key		5000229a
	val		50001525
OBJ 50001527 (sz=32, trace=300753, class=com.sun.tools.javac.code.Lint$LintCategory@5000146f)
	name		50002d23
	option		50002c51
OBJ 50001528 (sz=32, trace=300737, class=java.util.concurrent.ConcurrentHashMap$Node@50000024)
	key		50002c51
	val		50001527
OBJ 50001529 (sz=32, trace=300754, class=com.sun.tools.javac.code.Lint$LintCategory@5000146f)
	name		50002d24
	option		50002c4f
OBJ 5000152a (sz=32, trace=300735, class=java.util.concurrent.ConcurrentHashMap$Node@50000024)
	key		50002c4f
	val		50001529
OBJ 5000152b (sz=32, trace=300755, class=com.sun.tools.javac.code.Lint$LintCategory@5000146f)
	name		50002d25
	option		50002c4d
OBJ 5000152c (sz=32, trace=300735, class=java.util.concurrent.ConcurrentHashMap$Node@50000024)
	key		50002c4d
	val		5000152b
OBJ 5000152d (sz=32, trace=300756, class=com.sun.tools.javac.code.Lint$LintCategory@5000146f)
	name		50002d26
	option		50002c4b
OBJ 5000152e (sz=32, trace=300735, class=java.util.concurrent.ConcurrentHashMap$Node@50000024)
	key		50002c4b
	val		5000152d
ARR 50001530 (sz=104, trace=300757, nelems=21, elem type=com.sun.tools.javac.code.Lint$LintCategory[]@5000152f)
	[0]		50001470
	[1]		50001507
	[2]		50001509
	[3]		5000150b
	[4]		5000150d
	[5]		5000150f
	[6]		50001511
	[7]		50001513
	[8]		50001515
	[9]		50001517
	[10]		50001519
	[11]		5000151b
	[12]		5000151d
	[13]		5000151f
	[14]		50001521
	[15]		50001523
	[16]		50001525
	[17]		50001527
	[18]		50001529
	[19]		5000152b
	[20]		5000152d
OBJ 50001531 (sz=40, trace=300084, class=java.util.LinkedHashMap$Entry@50000060)
	key		50002c61
	value		50000a7c
	before		5000141c
	after		50001532
OBJ 50001532 (sz=40, trace=300726, class=java.util.LinkedHashMap$Entry@50000060)
	key		50002c5f
	value		50000a7c
	next		5000153e
	before		50001531
	after		50001533
OBJ 50001533 (sz=40, trace=300726, class=java.util.LinkedHashMap$Entry@50000060)
	key		50002c5d
	value		50000a7c
	before		50001532
	after		50001534
OBJ 50001534 (sz=40, trace=300084, class=java.util.LinkedHashMap$Entry@50000060)
	key		50002c5b
	value		50000a7c
	before		50001533
	after		50001535
OBJ 50001535 (sz=40, trace=300084, class=java.util.LinkedHashMap$Entry@50000060)
	key		50002c59
	value		50000a7c
	next		5000153c
	before		50001534
	after		50001536
OBJ 50001536 (sz=40, trace=300084, class=java.util.LinkedHashMap$Entry@50000060)
	key		50002c57
	value		50000a7c
	before		50001535
	after		50001537
OBJ 50001537 (sz=40, trace=300084, class=java.util.LinkedHashMap$Entry@50000060)
	key		50002c55
	value		50000a7c
	next		50001578
	before		50001536
	after		50001538
OBJ 50001538 (sz=40, trace=300726, class=java.util.LinkedHashMap$Entry@50000060)
	key		50002c48
	value		50000a7c
	next		5000158c
	before		50001537
	after		50001539
OBJ 50001539 (sz=40, trace=300084, class=java.util.LinkedHashMap$Entry@50000060)
	key		50002c46
	value		50000a7c
	before		50001538
	after		5000153a
OBJ 5000153a (sz=40, trace=300084, class=java.util.LinkedHashMap$Entry@50000060)
	key		50002c44
	value		50000a7c
	before		50001539
	after		5000153b
OBJ 5000153b (sz=40, trace=300084, class=java.util.LinkedHashMap$Entry@50000060)
	key		50002c42
	value		50000a7c
	before		5000153a
	after		5000153c
OBJ 5000153c (sz=40, trace=300726, class=java.util.LinkedHashMap$Entry@50000060)
	key		50002c40
	value		50000a7c
	before		5000153b
	after		5000153e
ARR 5000153d (sz=12, trace=300000, nelems=6, elem type=char[])
OBJ 5000153e (sz=40, trace=300726, class=java.util.LinkedHashMap$Entry@50000060)
	key		50000e22
	value		50000a7c
	before		5000153c
	after		5000153f
OBJ 5000153f (sz=40, trace=300084, class=java.util.LinkedHashMap$Entry@50000060)
	key		50002c3e
	value		50000a7c
	before		5000153e
	after		50001540
OBJ 50001540 (sz=40, trace=300084, class=java.util.LinkedHashMap$Entry@50000060)
	key		50002c3c
	value		50000a7c
	before		5000153f
	after		50001541
OBJ 50001541 (sz=40, trace=300084, class=java.util.LinkedHashMap$Entry@50000060)
	key		50002c53
	value		50000a7c
	next		5000155f
	before		50001540
	after		50001542
OBJ 50001542 (sz=40, trace=300726, class=java.util.LinkedHashMap$Entry@50000060)
	key		5000229a
	value		50000a7c
	before		50001541
	after		50001543
OBJ 50001543 (sz=40, trace=300726, class=java.util.LinkedHashMap$Entry@50000060)
	key		50002c51
	value		50000a7e
	next		50001587
	before		50001542
	after		50001544
OBJ 50001544 (sz=40, trace=300084, class=java.util.LinkedHashMap$Entry@50000060)
	key		50002c4f
	value		50000a7c
	next		50001559
	before		50001543
	after		50001545
OBJ 50001545 (sz=40, trace=300084, class=java.util.LinkedHashMap$Entry@50000060)
	key		50002c4d
	value		50000a7c
	before		50001544
	after		50001546
OBJ 50001546 (sz=40, trace=300084, class=java.util.LinkedHashMap$Entry@50000060)
	key		50002c4b
	value		50000a7c
	next		50001591
	before		50001545
	after		5000154f
OBJ 50001547 (sz=16, trace=300157, class=java.lang.Object@50000172)
OBJ 50001548 (sz=32, trace=300159, class=java.util.concurrent.ConcurrentHashMap$Node@50000024)
	key		50000cf0
	val		50001547
OBJ 50001549 (sz=16, trace=300160, class=java.lang.Object@50000172)
OBJ 5000154a (sz=32, trace=300159, class=java.util.concurrent.ConcurrentHashMap$Node@50000024)
	key		50000cf0
	val		50001549
ARR 5000154b (sz=12, trace=300000, nelems=6, elem type=char[])
ARR 5000154c (sz=4, trace=300000, nelems=2, elem type=char[])
OBJ 5000154d (sz=24, trace=300761, class=java.lang.String@5000016e)
	value		5000154e
ARR 5000154e (sz=30, trace=300762, nelems=15, elem type=char[])
OBJ 5000154f (sz=40, trace=300726, class=java.util.LinkedHashMap$Entry@50000060)
	key		5000154d
	value		50000a7c
	next		5000157d
	before		50001546
	after		50001554
ARR 50001550 (sz=20, trace=300000, nelems=10, elem type=char[])
ARR 50001551 (sz=30, trace=300000, nelems=15, elem type=char[])
OBJ 50001552 (sz=24, trace=300761, class=java.lang.String@5000016e)
	value		50001553
ARR 50001553 (sz=10, trace=300762, nelems=5, elem type=char[])
OBJ 50001554 (sz=40, trace=300084, class=java.util.LinkedHashMap$Entry@50000060)
	key		50001552
	value		50000a7c
	next		50001569
	before		5000154f
	after		50001559
ARR 50001555 (sz=20, trace=300000, nelems=10, elem type=char[])
ARR 50001556 (sz=30, trace=300000, nelems=15, elem type=char[])
OBJ 50001557 (sz=24, trace=300761, class=java.lang.String@5000016e)
	value		50001558
ARR 50001558 (sz=20, trace=300762, nelems=10, elem type=char[])
OBJ 50001559 (sz=40, trace=300726, class=java.util.LinkedHashMap$Entry@50000060)
	key		50001557
	value		50000a7c
	before		50001554
	after		5000155f
ARR 5000155a (sz=272, trace=300763, nelems=64, elem type=java.util.HashMap$Node[]@500000c2)
	[0]		50001533
	[3]		5000153b
	[4]		50001554
	[10]		5000154f
	[11]		50001564
	[12]		5000156e
	[13]		50001573
	[14]		500015af
	[15]		50001537
	[17]		50001532
	[24]		5000153a
	[25]		500015b4
	[27]		5000159b
	[29]		50001546
	[32]		5000141c
	[34]		500015a5
	[35]		50001542
	[39]		50001539
	[40]		50001545
	[42]		50001536
	[43]		50001535
	[44]		50001534
	[47]		50001543
	[49]		50001531
	[53]		50001541
	[56]		500015aa
	[57]		5000153f
	[58]		50001544
	[60]		50001538
	[63]		50001540
ARR 5000155b (sz=20, trace=300000, nelems=10, elem type=char[])
ARR 5000155c (sz=30, trace=300000, nelems=15, elem type=char[])
OBJ 5000155d (sz=24, trace=300761, class=java.lang.String@5000016e)
	value		5000155e
ARR 5000155e (sz=24, trace=300762, nelems=12, elem type=char[])
OBJ 5000155f (sz=40, trace=300726, class=java.util.LinkedHashMap$Entry@50000060)
	key		5000155d
	value		50000a7c
	before		50001559
	after		50001564
ARR 50001560 (sz=20, trace=300000, nelems=10, elem type=char[])
ARR 50001561 (sz=30, trace=300000, nelems=15, elem type=char[])
OBJ 50001562 (sz=24, trace=300761, class=java.lang.String@5000016e)
	value		50001563
ARR 50001563 (sz=16, trace=300762, nelems=8, elem type=char[])
OBJ 50001564 (sz=40, trace=300084, class=java.util.LinkedHashMap$Entry@50000060)
	key		50001562
	value		50000a7c
	next		50001596
	before		5000155f
	after		50001569
ARR 50001565 (sz=20, trace=300000, nelems=10, elem type=char[])
ARR 50001566 (sz=30, trace=300000, nelems=15, elem type=char[])
OBJ 50001567 (sz=24, trace=300761, class=java.lang.String@5000016e)
	value		50001568
ARR 50001568 (sz=16, trace=300762, nelems=8, elem type=char[])
OBJ 50001569 (sz=40, trace=300726, class=java.util.LinkedHashMap$Entry@50000060)
	key		50001567
	value		50000a7c
	before		50001564
	after		5000156e
ARR 5000156a (sz=20, trace=300000, nelems=10, elem type=char[])
ARR 5000156b (sz=30, trace=300000, nelems=15, elem type=char[])
OBJ 5000156c (sz=24, trace=300761, class=java.lang.String@5000016e)
	value		5000156d
ARR 5000156d (sz=12, trace=300762, nelems=6, elem type=char[])
OBJ 5000156e (sz=40, trace=300084, class=java.util.LinkedHashMap$Entry@50000060)
	key		5000156c
	value		50000a7c
	before		50001569
	after		50001573
ARR 5000156f (sz=22, trace=300000, nelems=11, elem type=char[])
ARR 50001570 (sz=20, trace=300000, nelems=10, elem type=char[])
OBJ 50001571 (sz=24, trace=300761, class=java.lang.String@5000016e)
	value		50001572
ARR 50001572 (sz=24, trace=300762, nelems=12, elem type=char[])
OBJ 50001573 (sz=40, trace=300084, class=java.util.LinkedHashMap$Entry@50000060)
	key		50001571
	value		50000a7c
	before		5000156e
	after		50001578
ARR 50001574 (sz=32, trace=300000, nelems=16, elem type=char[])
ARR 50001575 (sz=30, trace=300000, nelems=15, elem type=char[])
OBJ 50001576 (sz=24, trace=300761, class=java.lang.String@5000016e)
	value		50001577
ARR 50001577 (sz=16, trace=300762, nelems=8, elem type=char[])
OBJ 50001578 (sz=40, trace=300726, class=java.util.LinkedHashMap$Entry@50000060)
	key		50001576
	value		50000a7c
	next		50001582
	before		50001573
	after		5000157d
ARR 50001579 (sz=20, trace=300000, nelems=10, elem type=char[])
ARR 5000157a (sz=18, trace=300000, nelems=9, elem type=char[])
OBJ 5000157b (sz=24, trace=300761, class=java.lang.String@5000016e)
	value		5000157c
ARR 5000157c (sz=16, trace=300762, nelems=8, elem type=char[])
OBJ 5000157d (sz=40, trace=300726, class=java.util.LinkedHashMap$Entry@50000060)
	key		5000157b
	value		50000a7c
	before		50001578
	after		50001582
ARR 5000157e (sz=18, trace=300000, nelems=9, elem type=char[])
ARR 5000157f (sz=18, trace=300000, nelems=9, elem type=char[])
OBJ 50001580 (sz=24, trace=300761, class=java.lang.String@5000016e)
	value		50001581
ARR 50001581 (sz=20, trace=300762, nelems=10, elem type=char[])
OBJ 50001582 (sz=40, trace=300726, class=java.util.LinkedHashMap$Entry@50000060)
	key		50001580
	value		50000a7c
	before		5000157d
	after		50001587
ARR 50001583 (sz=18, trace=300000, nelems=9, elem type=char[])
ARR 50001584 (sz=20, trace=300000, nelems=10, elem type=char[])
OBJ 50001585 (sz=24, trace=300761, class=java.lang.String@5000016e)
	value		50001586
ARR 50001586 (sz=20, trace=300762, nelems=10, elem type=char[])
OBJ 50001587 (sz=40, trace=300726, class=java.util.LinkedHashMap$Entry@50000060)
	key		50001585
	value		50000a7c
	before		50001582
	after		5000158c
ARR 50001588 (sz=20, trace=300000, nelems=10, elem type=char[])
ARR 50001589 (sz=18, trace=300000, nelems=9, elem type=char[])
OBJ 5000158a (sz=24, trace=300761, class=java.lang.String@5000016e)
	value		5000158b
ARR 5000158b (sz=10, trace=300762, nelems=5, elem type=char[])
OBJ 5000158c (sz=40, trace=300726, class=java.util.LinkedHashMap$Entry@50000060)
	key		5000158a
	value		50000a7c
	before		50001587
	after		50001591
ARR 5000158d (sz=18, trace=300000, nelems=9, elem type=char[])
ARR 5000158e (sz=30, trace=300000, nelems=15, elem type=char[])
OBJ 5000158f (sz=24, trace=300761, class=java.lang.String@5000016e)
	value		50001590
ARR 50001590 (sz=22, trace=300762, nelems=11, elem type=char[])
OBJ 50001591 (sz=40, trace=300726, class=java.util.LinkedHashMap$Entry@50000060)
	key		5000158f
	value		50000a7c
	next		500015a0
	before		5000158c
	after		50001596
ARR 50001592 (sz=12, trace=300000, nelems=6, elem type=char[])
ARR 50001593 (sz=12, trace=300000, nelems=6, elem type=char[])
OBJ 50001594 (sz=24, trace=300761, class=java.lang.String@5000016e)
	value		50001595
ARR 50001595 (sz=18, trace=300762, nelems=9, elem type=char[])
OBJ 50001596 (sz=40, trace=300726, class=java.util.LinkedHashMap$Entry@50000060)
	key		50001594
	value		50000a7c
	next		500015b5
	before		50001591
	after		5000159b
ARR 50001597 (sz=12, trace=300000, nelems=6, elem type=char[])
ARR 50001598 (sz=14, trace=300000, nelems=7, elem type=char[])
OBJ 50001599 (sz=24, trace=300761, class=java.lang.String@5000016e)
	value		5000159a
ARR 5000159a (sz=14, trace=300762, nelems=7, elem type=char[])
OBJ 5000159b (sz=40, trace=300084, class=java.util.LinkedHashMap$Entry@50000060)
	key		50001599
	value		50000a7c
	before		50001596
	after		500015a0
ARR 5000159c (sz=14, trace=300000, nelems=7, elem type=char[])
ARR 5000159d (sz=16, trace=300000, nelems=8, elem type=char[])
OBJ 5000159e (sz=24, trace=300761, class=java.lang.String@5000016e)
	value		5000159f
ARR 5000159f (sz=14, trace=300762, nelems=7, elem type=char[])
OBJ 500015a0 (sz=40, trace=300726, class=java.util.LinkedHashMap$Entry@50000060)
	key		5000159e
	value		50000a7c
	before		5000159b
	after		500015a5
ARR 500015a1 (sz=16, trace=300000, nelems=8, elem type=char[])
ARR 500015a2 (sz=16, trace=300000, nelems=8, elem type=char[])
OBJ 500015a3 (sz=24, trace=300761, class=java.lang.String@5000016e)
	value		500015a4
ARR 500015a4 (sz=14, trace=300762, nelems=7, elem type=char[])
OBJ 500015a5 (sz=40, trace=300084, class=java.util.LinkedHashMap$Entry@50000060)
	key		500015a3
	value		50000a7e
	before		500015a0
	after		500015aa
ARR 500015a6 (sz=30, trace=300000, nelems=15, elem type=char[])
ARR 500015a7 (sz=36, trace=300000, nelems=18, elem type=char[])
OBJ 500015a8 (sz=24, trace=300761, class=java.lang.String@5000016e)
	value		500015a9
ARR 500015a9 (sz=8, trace=300762, nelems=4, elem type=char[])
OBJ 500015aa (sz=40, trace=300084, class=java.util.LinkedHashMap$Entry@50000060)
	key		500015a8
	value		50000a7c
	before		500015a5
	after		500015af
ARR 500015ab (sz=22, trace=300000, nelems=11, elem type=char[])
OBJ 500015ac (sz=56, trace=300687, class=java.util.zip.ZipFile$ZipFileInputStream@5000055c)
	this$0		500004ec
OBJ 500015ad (sz=24, trace=300761, class=java.lang.String@5000016e)
	value		500015ae
ARR 500015ae (sz=20, trace=300762, nelems=10, elem type=char[])
OBJ 500015af (sz=40, trace=300084, class=java.util.LinkedHashMap$Entry@50000060)
	key		500015ad
	value		50000a7c
	before		500015aa
	after		500015b4
OBJ 500015b0 (sz=40, trace=300106, class=java.lang.ref.Finalizer@5000014d)
	referent	500015ac
	queue		500003a9
	next		500014de
	prev		5000166d
ARR 500015b1 (sz=22, trace=300000, nelems=11, elem type=char[])
OBJ 500015b2 (sz=24, trace=300761, class=java.lang.String@5000016e)
	value		500015b3
ARR 500015b3 (sz=16, trace=300762, nelems=8, elem type=char[])
OBJ 500015b4 (sz=40, trace=300084, class=java.util.LinkedHashMap$Entry@50000060)
	key		500015b2
	value		50000a7c
	before		500015af
	after		500015b5
OBJ 500015b5 (sz=40, trace=300726, class=java.util.LinkedHashMap$Entry@50000060)
	key		50002b53
	value		50000a7c
	before		500015b4
OBJ 500015b6 (sz=56, trace=300764, class=com.sun.tools.javac.main.Option@50000b8e)
	name		50002b9c
	text		50002b61
	kind		500013af
	group		500013b7
	descrKey	50002ba6
	choiceKind	50001407
	choices		5000141a
OBJ 500015b7 (sz=56, trace=300765, class=com.sun.tools.javac.main.Option@50000b8e)
	name		50002b99
	text		50002b5e
	kind		500013af
	group		500013b7
	descrKey	50002ba2
OBJ 500015b8 (sz=56, trace=300766, class=com.sun.tools.javac.main.Option$2@50000c63)
	name		50002b9a
	text		50002b5f
	kind		500013af
	group		500013b7
	argsNameKey	50002ba4
	descrKey	50002ba3
OBJ 500015b9 (sz=56, trace=300719, class=com.sun.tools.javac.main.Option$3@50000caa)
	name		50002b8a
	text		50002b6f
	kind		500013ae
	group		500013b7
	descrKey	50002bba
OBJ 500015ba (sz=56, trace=300767, class=com.sun.tools.javac.main.Option@50000b8e)
	name		50002b94
	text		50002b79
	kind		500013ae
	group		500013b7
	descrKey	50002bc4
OBJ 500015bb (sz=56, trace=300719, class=com.sun.tools.javac.main.Option$4@50000cf1)
	name		50002b7f
	text		50002b66
	kind		500013ae
	group		500013b7
	descrKey	50002bb1
OBJ 500015bc (sz=56, trace=300768, class=com.sun.tools.javac.main.Option@50000b8e)
	name		50002b7c
	text		50002b63
	kind		500013ae
	group		500013b8
	argsNameKey	50002bab
	descrKey	50002baf
OBJ 500015bd (sz=56, trace=300766, class=com.sun.tools.javac.main.Option$5@50000d37)
	name		50002b7d
	text		50002b64
	kind		500013ae
	group		500013b8
	argsNameKey	50002bab
	descrKey	50002baf
OBJ 500015be (sz=56, trace=300769, class=com.sun.tools.javac.main.Option@50000b8e)
	name		50002b92
	text		50002b77
	kind		500013ae
	group		500013b8
	argsNameKey	50002bab
	descrKey	50002bc2
OBJ 500015bf (sz=56, trace=300766, class=com.sun.tools.javac.main.Option$6@50000d7e)
	name		50002b7b
	text		50002b62
	kind		500013ae
	group		500013b8
	argsNameKey	50002bab
	descrKey	50002bae
OBJ 500015c0 (sz=56, trace=300770, class=com.sun.tools.javac.main.Option@50000b8e)
	name		50002b98
	text		50002b5c
	kind		500013af
	group		500013b8
	argsNameKey	50002bab
	descrKey	50002ba1
OBJ 500015c1 (sz=56, trace=300771, class=com.sun.tools.javac.main.Option@50000b8e)
	name		50002b97
	text		50002b5b
	kind		500013af
	group		500013b8
	argsNameKey	50002bab
	descrKey	50002ba0
OBJ 500015c2 (sz=56, trace=300766, class=com.sun.tools.javac.main.Option$7@50000dc5)
	name		50002b96
	text		50002b5d
	kind		500013af
	group		500013b8
	argsNameKey	50002bab
	descrKey	50002bae
OBJ 500015c3 (sz=56, trace=300772, class=com.sun.tools.javac.main.Option@50000b8e)
	name		50002b84
	text		50002b69
	kind		500013ae
	group		500013b8
	argsNameKey	50002ba9
	descrKey	50002bb4
OBJ 500015c4 (sz=56, trace=300766, class=com.sun.tools.javac.main.Option$8@50000e0b)
	name		50002b81
	text		50002b5a
	kind		500013af
	group		500013b8
	argsNameKey	50002ba9
	descrKey	50002bb4
OBJ 500015c5 (sz=56, trace=300773, class=com.sun.tools.javac.main.Option@50000b8e)
	name		50002b83
	text		50002b68
	kind		500013ae
	group		500013b8
	argsNameKey	50002ba9
	descrKey	50002bb3
OBJ 500015c6 (sz=56, trace=300766, class=com.sun.tools.javac.main.Option$9@50000e51)
	name		50002b80
	text		50002b59
	kind		500013af
	group		500013b8
	argsNameKey	50002ba9
	descrKey	50002bb3
ARR 500015c7 (sz=22, trace=300000, nelems=11, elem type=char[])
OBJ 500015c8 (sz=56, trace=300724, class=java.util.LinkedHashMap@5000006a)
	table		500015c9
	head		500015ca
	tail		500015cb
ARR 500015c9 (sz=80, trace=300725, nelems=12, elem type=java.util.HashMap$Node[]@500000c2)
	[8]		500015cb
	[11]		500015ca
OBJ 500015ca (sz=40, trace=300084, class=java.util.LinkedHashMap$Entry@50000060)
	key		50002b53
	value		50000a7c
	after		500015cb
OBJ 500015cb (sz=40, trace=300084, class=java.util.LinkedHashMap$Entry@50000060)
	key		50002b9f
	value		50000a7c
	before		500015ca
OBJ 500015cc (sz=56, trace=300775, class=com.sun.tools.javac.main.Option@50000b8e)
	name		50002b8c
	text		50002b71
	kind		500013ae
	group		500013b7
	descrKey	50002bbc
	choiceKind	50001406
	choices		500015c8
OBJ 500015cd (sz=56, trace=300776, class=com.sun.tools.javac.main.Option@50000b8e)
	name		50002b8d
	text		50002b72
	kind		500013ae
	group		500013b7
	argsNameKey	50002ba7
	descrKey	50002bbd
OBJ 500015ce (sz=56, trace=300777, class=com.sun.tools.javac.main.Option@50000b8e)
	name		50002b8e
	text		50002b73
	kind		500013ae
	group		500013b8
	argsNameKey	50002bab
	descrKey	50002bbe
OBJ 500015cf (sz=56, trace=300778, class=com.sun.tools.javac.main.Option@50000b8e)
	name		50002b8b
	text		50002b70
	kind		500013ae
	group		500013b7
	descrKey	50002bbb
OBJ 500015d0 (sz=56, trace=300779, class=com.sun.tools.javac.main.Option@50000b8e)
	name		50002b7e
	text		50002b65
	kind		500013ae
	group		500013b8
	argsNameKey	50002ba8
	descrKey	50002bb0
OBJ 500015d1 (sz=56, trace=300780, class=com.sun.tools.javac.main.Option@50000b8e)
	name		50002b90
	text		50002b75
	kind		500013ae
	group		500013b8
	argsNameKey	50002ba8
	descrKey	50002bc1
OBJ 500015d2 (sz=56, trace=300781, class=com.sun.tools.javac.main.Option@50000b8e)
	name		50002b88
	text		50002b6d
	kind		500013ae
	group		500013b8
	argsNameKey	50002ba8
	descrKey	50002bb8
ARR 500015d3 (sz=22, trace=300000, nelems=11, elem type=char[])
OBJ 500015d4 (sz=56, trace=300724, class=java.util.LinkedHashMap@5000006a)
	table		500015d5
	head		500015d6
	tail		500015d7
ARR 500015d5 (sz=80, trace=300725, nelems=14, elem type=java.util.HashMap$Node[]@500000c2)
	[11]		500015d6
	[13]		500015d7
OBJ 500015d6 (sz=40, trace=300084, class=java.util.LinkedHashMap$Entry@50000060)
	key		50002b53
	value		50000a7c
	after		500015d7
OBJ 500015d7 (sz=40, trace=300084, class=java.util.LinkedHashMap$Entry@50000060)
	key		50002031
	value		50000a7c
	before		500015d6
OBJ 500015d8 (sz=56, trace=300783, class=com.sun.tools.javac.main.Option@50000b8e)
	name		50002b89
	text		50002b6e
	kind		500013ae
	group		500013b7
	descrKey	50002bb9
	choiceKind	50001406
	choices		500015d4
OBJ 500015d9 (sz=56, trace=300766, class=com.sun.tools.javac.main.Option$10@50000e98)
	name		50002b82
	text		50002b67
	kind		500013ae
	group		500013b8
	argsNameKey	50002baa
	descrKey	50002bb2
OBJ 500015da (sz=56, trace=300766, class=com.sun.tools.javac.main.Option$11@50000edf)
	name		50002b91
	text		50002b76
	kind		500013ae
	group		500013b7
	argsNameKey	50002bad
	descrKey	50002bc0
OBJ 500015db (sz=56, trace=300766, class=com.sun.tools.javac.main.Option$12@50000f26)
	name		50002b93
	text		50002b78
	kind		500013ae
	group		500013b7
	argsNameKey	50002bad
	descrKey	50002bc3
OBJ 500015dc (sz=56, trace=300766, class=com.sun.tools.javac.main.Option$13@50000f6d)
	name		50002b8f
	text		50002b74
	kind		500013ae
	group		500013b7
	argsNameKey	50002bac
	descrKey	50002bbf
OBJ 500015dd (sz=56, trace=300719, class=com.sun.tools.javac.main.Option$14@50000fb4)
	name		50002b95
	text		50002b7a
	kind		500013ae
	group		500013b9
	descrKey	50002bc5
OBJ 500015de (sz=56, trace=300719, class=com.sun.tools.javac.main.Option$15@5000100f)
	name		50002be5
	text		50002bdb
	kind		500013b0
	group		500013b9
OBJ 500015df (sz=56, trace=300719, class=com.sun.tools.javac.main.Option$16@50001056)
	name		50002be3
	text		50002bce
	kind		500013b0
	group		500013b9
OBJ 500015e0 (sz=56, trace=300719, class=com.sun.tools.javac.main.Option$17@5000109d)
	name		50002be6
	text		50002bdc
	kind		500013ae
	group		500013b9
	descrKey	50002c0d
OBJ 500015e1 (sz=56, trace=300784, class=com.sun.tools.javac.main.Option$18@500010e4)
	name		50002be1
	text		50002bc8
	kind		500013ae
	group		500013b7
	argsNameKey	50002c09
	descrKey	50002c01
OBJ 500015e2 (sz=56, trace=300719, class=com.sun.tools.javac.main.Option$19@5000112b)
	name		50002bf0
	text		50002bcc
	kind		500013ae
	group		500013b9
	descrKey	50002c05
OBJ 500015e3 (sz=16, trace=300157, class=java.lang.Object@50000172)
OBJ 500015e4 (sz=32, trace=300159, class=java.util.concurrent.ConcurrentHashMap$Node@50000024)
	key		50000bc2
	val		500015e3
OBJ 500015e5 (sz=16, trace=300160, class=java.lang.Object@50000172)
OBJ 500015e6 (sz=32, trace=300159, class=java.util.concurrent.ConcurrentHashMap$Node@50000024)
	key		50000bc2
	val		500015e5
OBJ 500015e8 (sz=56, trace=300784, class=com.sun.tools.javac.main.Option$20@50001172)
	name		50002be7
	text		50002bc9
	kind		500013ae
	group		500013b9
	argsNameKey	50002c08
	descrKey	50002c03
OBJ 500015e9 (sz=56, trace=300719, class=com.sun.tools.javac.main.Option$21@500011b8)
	name		50002be8
	text		50002bdd
	kind		500013b0
	group		500013b7
OBJ 500015ea (sz=56, trace=300785, class=com.sun.tools.javac.main.Option@50000b8e)
	name		50002bef
	text		50002bcb
	kind		500013ae
	group		500013b7
	descrKey	50002c04
OBJ 500015eb (sz=56, trace=300786, class=com.sun.tools.javac.main.Option@50000b8e)
	name		50002bec
	text		50002bdf
	kind		500013b0
	group		500013b7
OBJ 500015ec (sz=56, trace=300787, class=com.sun.tools.javac.main.Option@50000b8e)
	name		50002be4
	text		50002bda
	kind		500013b0
	group		500013b7
OBJ 500015ed (sz=56, trace=300788, class=com.sun.tools.javac.main.Option@50000b8e)
	name		50002beb
	text		50002bde
	kind		500013b0
	group		500013b7
OBJ 500015ee (sz=56, trace=300719, class=com.sun.tools.javac.main.Option$22@500011ff)
	name		50002bee
	text		50002be0
	kind		500013b0
	group		500013b7
OBJ 500015ef (sz=56, trace=300789, class=com.sun.tools.javac.main.Option@50000b8e)
	name		50002bf4
	text		50002bd1
	kind		500013af
	group		500013b7
	argsNameKey	50002c0a
	descrKey	50002c0e
OBJ 500015f0 (sz=56, trace=300790, class=com.sun.tools.javac.main.Option@50000b8e)
	name		50002bf5
	text		50002bd2
	kind		500013af
	group		500013b7
	argsNameKey	50002c0a
	descrKey	50002c0f
OBJ 500015f1 (sz=16, trace=300157, class=java.lang.Object@50000172)
OBJ 500015f2 (sz=32, trace=300159, class=java.util.concurrent.ConcurrentHashMap$Node@50000024)
	key		50000b51
	val		500015f1
OBJ 500015f3 (sz=16, trace=300160, class=java.lang.Object@50000172)
OBJ 500015f4 (sz=32, trace=300159, class=java.util.concurrent.ConcurrentHashMap$Node@50000024)
	key		50000b51
	val		500015f3
OBJ 500015f5 (sz=16, trace=300157, class=java.lang.Object@50000172)
ARR 500015f6 (sz=22, trace=300000, nelems=11, elem type=char[])
OBJ 500015f7 (sz=16, trace=300160, class=java.lang.Object@50000172)
ARR 500015f8 (sz=22, trace=300000, nelems=11, elem type=char[])
OBJ 500015fa (sz=56, trace=300766, class=com.sun.tools.javac.main.Option$23@50001246)
	name		50002bfb
	text		50002bd9
	kind		500013af
	group		500013b9
	argsNameKey	50002c07
	descrKey	50002c06
OBJ 500015fb (sz=56, trace=300791, class=com.sun.tools.javac.main.Option@50000b8e)
	name		50002bf8
	text		50002bd6
	kind		500013af
	group		500013b7
	descrKey	50002c13
OBJ 500015fc (sz=56, trace=300792, class=com.sun.tools.javac.main.Option@50000b8e)
	name		50002bfa
	text		50002bd8
	kind		500013af
	group		500013b7
	descrKey	50002c15
OBJ 500015fd (sz=56, trace=300793, class=com.sun.tools.javac.main.Option@50000b8e)
	name		50002bf9
	text		50002bd7
	kind		500013af
	group		500013b7
	descrKey	50002c14
ARR 500015fe (sz=16, trace=300000, nelems=8, elem type=char[])
OBJ 500015ff (sz=56, trace=300724, class=java.util.LinkedHashMap@5000006a)
	table		50001600
	head		50001601
	tail		50001602
ARR 50001600 (sz=80, trace=300725, nelems=12, elem type=java.util.HashMap$Node[]@500000c2)
	[0]		50001602
	[11]		50001601
OBJ 50001601 (sz=40, trace=300084, class=java.util.LinkedHashMap$Entry@50000060)
	key		50002bc6
	value		50000a7c
	after		50001602
OBJ 50001602 (sz=40, trace=300084, class=java.util.LinkedHashMap$Entry@50000060)
	key		50002bff
	value		50000a7c
	before		50001601
OBJ 50001603 (sz=56, trace=300795, class=com.sun.tools.javac.main.Option@50000b8e)
	name		50002bf7
	text		50002bd5
	kind		500013af
	group		500013b7
	descrKey	50002c12
	choiceKind	50001406
	choices		500015ff
ARR 50001604 (sz=16, trace=300000, nelems=8, elem type=char[])
OBJ 50001605 (sz=56, trace=300724, class=java.util.LinkedHashMap@5000006a)
	table		50001606
	head		50001607
	tail		50001609
ARR 50001606 (sz=80, trace=300725, nelems=13, elem type=java.util.HashMap$Node[]@500000c2)
	[0]		50001607
	[3]		50001608
	[12]		50001609
OBJ 50001607 (sz=40, trace=300084, class=java.util.LinkedHashMap$Entry@50000060)
	key		50002bfc
	value		50000a7c
	after		50001608
OBJ 50001608 (sz=40, trace=300084, class=java.util.LinkedHashMap$Entry@50000060)
	key		50002bfe
	value		50000a7c
	before		50001607
	after		50001609
OBJ 50001609 (sz=40, trace=300084, class=java.util.LinkedHashMap$Entry@50000060)
	key		50002c00
	value		50000a7c
	before		50001608
OBJ 5000160a (sz=56, trace=300797, class=com.sun.tools.javac.main.Option@50000b8e)
	name		50002bf6
	text		50002bd3
	kind		500013af
	group		500013b7
	descrKey	50002c10
	choiceKind	50001406
	choices		50001605
OBJ 5000160b (sz=56, trace=300798, class=com.sun.tools.javac.main.Option@50000b8e)
	name		50002be9
	text		50002bca
	kind		500013b0
	group		500013b7
OBJ 5000160c (sz=56, trace=300799, class=com.sun.tools.javac.main.Option@50000b8e)
	name		50002bf3
	text		50002bd0
	kind		500013b0
	group		500013b7
OBJ 5000160d (sz=56, trace=300766, class=com.sun.tools.javac.main.Option$24@5000128d)
	name		50002bea
	text		50002bd4
	kind		500013af
	group		500013b7
	argsNameKey	50002c0b
	descrKey	50002c11
ARR 5000160e (sz=16, trace=300000, nelems=8, elem type=char[])
OBJ 5000160f (sz=56, trace=300724, class=java.util.LinkedHashMap@5000006a)
	table		50001610
	head		50001611
	tail		50001612
ARR 50001610 (sz=80, trace=300725, nelems=16, elem type=java.util.HashMap$Node[]@500000c2)
	[4]		50001611
	[15]		50001612
OBJ 50001611 (sz=40, trace=300084, class=java.util.LinkedHashMap$Entry@50000060)
	key		50002bfd
	value		50000a7c
	after		50001612
OBJ 50001612 (sz=40, trace=300084, class=java.util.LinkedHashMap$Entry@50000060)
	key		50002c17
	value		50000a7c
	before		50001611
OBJ 50001613 (sz=56, trace=300801, class=com.sun.tools.javac.main.Option@50000b8e)
	name		50002bf2
	text		50002bcf
	kind		500013af
	group		500013b7
	descrKey	50002c0c
	choiceKind	50001406
	choices		5000160f
OBJ 50001614 (sz=56, trace=300719, class=com.sun.tools.javac.main.Option$25@500012d4)
	name		50002bf1
	text		50002bcd
	kind		500013b0
	group		500013b7
OBJ 50001615 (sz=56, trace=300784, class=com.sun.tools.javac.main.Option$26@5000131b)
	name		50002be2
	text		500005e3
	kind		500013ae
	group		500013b9
	argsNameKey	50002c07
	descrKey	50002c02
OBJ 50001616 (sz=56, trace=300719, class=com.sun.tools.javac.main.Option$27@50001362)
	name		50002bed
	text		50002c16
	kind		500013b0
	group		500013b9
ARR 50001618 (sz=264, trace=300802, nelems=61, elem type=com.sun.tools.javac.main.Option[]@50001617)
	[0]		500013bd
	[1]		500013be
	[2]		50001418
	[3]		50001419
	[4]		500015b6
	[5]		500015b7
	[6]		500015b8
	[7]		500015b9
	[8]		500015ba
	[9]		500015bb
	[10]		500015bc
	[11]		500015bd
	[12]		500015be
	[13]		500015bf
	[14]		500015c0
	[15]		500015c1
	[16]		500015c2
	[17]		500015c3
	[18]		500015c4
	[19]		500015c5
	[20]		500015c6
	[21]		500015cc
	[22]		500015cd
	[23]		500015ce
	[24]		500015cf
	[25]		500015d0
	[26]		500015d1
	[27]		500015d2
	[28]		500015d8
	[29]		500015d9
	[30]		500015da
	[31]		500015db
	[32]		500015dc
	[33]		500015dd
	[34]		500015de
	[35]		500015df
	[36]		500015e0
	[37]		500015e1
	[38]		500015e2
	[39]		500015e8
	[40]		500015e9
	[41]		500015ea
	[42]		500015eb
	[43]		500015ec
	[44]		500015ed
	[45]		500015ee
	[46]		500015ef
	[47]		500015f0
	[48]		500015fa
	[49]		500015fb
	[50]		500015fc
	[51]		500015fd
	[52]		50001603
	[53]		5000160a
	[54]		5000160b
	[55]		5000160c
	[56]		5000160d
	[57]		50001613
	[58]		50001614
	[59]		50001615
	[60]		50001616
OBJ 50001619 (sz=16, trace=300157, class=java.lang.Object@50000172)
OBJ 5000161a (sz=32, trace=300159, class=java.util.concurrent.ConcurrentHashMap$Node@50000024)
	key		50000d07
	val		50001619
OBJ 5000161b (sz=16, trace=300160, class=java.lang.Object@50000172)
OBJ 5000161c (sz=32, trace=300159, class=java.util.concurrent.ConcurrentHashMap$Node@50000024)
	key		50000d07
	val		5000161b
ARR 5000161e (sz=16, trace=300803, nelems=0, elem type=java.lang.Enum[]@50000063)
ARR 5000161f (sz=16, trace=300000, nelems=8, elem type=char[])
ARR 50001620 (sz=14, trace=300000, nelems=7, elem type=char[])
OBJ 50001622 (sz=56, trace=300679, class=java.lang.Class$ReflectionData@500000a5)
OBJ 50001623 (sz=40, trace=300040, class=java.lang.ref.SoftReference@50000152)
OBJ 50001624 (sz=88, trace=300681, class=java.lang.reflect.Method@5000013e)
OBJ 50001626 (sz=16, trace=300157, class=java.lang.Object@50000172)
OBJ 50001627 (sz=32, trace=300159, class=java.util.concurrent.ConcurrentHashMap$Node@50000024)
	key		50000ca6
	val		50001626
OBJ 50001629 (sz=24, trace=300811, class=sun.reflect.NativeMethodAccessorImpl@50001628)
OBJ 5000162b (sz=16, trace=300813, class=sun.reflect.DelegatingMethodAccessorImpl@5000162a)
OBJ 5000162d (sz=16, trace=300160, class=java.lang.Object@50000172)
OBJ 5000162e (sz=32, trace=300159, class=java.util.concurrent.ConcurrentHashMap$Node@50000024)
	key		50000ca6
	val		5000162d
ARR 50001630 (sz=10, trace=300000, nelems=5, elem type=char[])
OBJ 50001631 (sz=16, trace=300819, class=com.sun.tools.javac.main.Main$1@500009bc)
OBJ 50001632 (sz=16, trace=300157, class=java.lang.Object@50000172)
OBJ 50001633 (sz=32, trace=300159, class=java.util.concurrent.ConcurrentHashMap$Node@50000024)
	key		50000b4d
	val		50001632
OBJ 50001634 (sz=16, trace=300160, class=java.lang.Object@50000172)
OBJ 50001635 (sz=32, trace=300159, class=java.util.concurrent.ConcurrentHashMap$Node@50000024)
	key		50000b4d
	val		50001634
ARR 50001636 (sz=10, trace=300000, nelems=5, elem type=char[])
ARR 50001637 (sz=28, trace=300000, nelems=14, elem type=char[])
ARR 50001638 (sz=28, trace=300000, nelems=14, elem type=char[])
OBJ 50001639 (sz=24, trace=300000, class=java.lang.String@5000016e)
	value		500017e2
OBJ 5000163a (sz=24, trace=300000, class=java.lang.String@5000016e)
	value		500017ff
OBJ 5000163b (sz=24, trace=300000, class=java.lang.String@5000016e)
	value		500017fe
OBJ 5000163c (sz=24, trace=300000, class=sun.nio.cs.MS1252@50000082)
	name		5000142b
	aliases		500012bd
OBJ 5000163d (sz=16, trace=300000, class=java.lang.ThreadLocal@50000086)
OBJ 5000163e (sz=32, trace=300000, class=sun.nio.cs.StandardCharsets@5000008b)
	classMap	50001641
	aliasMap	50001640
	cache		5000163f
	packagePrefix	500012a6
OBJ 5000163f (sz=40, trace=300000, class=sun.nio.cs.StandardCharsets$Cache@50000087)
	ht		5000179f
OBJ 50001640 (sz=40, trace=300000, class=sun.nio.cs.StandardCharsets$Aliases@50000089)
	ht		5000166c
OBJ 50001641 (sz=40, trace=300000, class=sun.nio.cs.StandardCharsets$Classes@50000088)
	ht		50001642
ARR 50001642 (sz=144, trace=300000, nelems=32, elem type=java.lang.Object[]@50000108)
	[0]		50001643
	[2]		50001644
	[3]		50001645
	[4]		50001646
	[5]		50001647
	[6]		50001648
	[7]		50001649
	[8]		5000164a
	[9]		5000164b
	[10]		5000164c
	[11]		5000164d
	[12]		5000164e
	[14]		5000164f
	[15]		50001650
	[16]		50001651
	[17]		50001652
	[18]		50001653
	[19]		50001654
	[22]		50001655
	[23]		50001656
	[24]		50001657
	[28]		50001658
	[29]		50001659
	[31]		5000165a
ARR 50001643 (sz=24, trace=300000, nelems=2, elem type=java.lang.Object[]@50000108)
	[0]		50001272
	[1]		500013e7
ARR 50001644 (sz=32, trace=300000, nelems=3, elem type=java.lang.Object[]@50000108)
	[0]		50001273
	[1]		500013e8
	[2]		50001668
ARR 50001645 (sz=32, trace=300000, nelems=3, elem type=java.lang.Object[]@50000108)
	[0]		5000142a
	[1]		500013f4
	[2]		50001667
ARR 50001646 (sz=32, trace=300000, nelems=3, elem type=java.lang.Object[]@50000108)
	[0]		5000142c
	[1]		500013f6
	[2]		50001665
ARR 50001647 (sz=32, trace=300000, nelems=3, elem type=java.lang.Object[]@50000108)
	[0]		5000142d
	[1]		500013f7
	[2]		50001664
ARR 50001648 (sz=24, trace=300000, nelems=2, elem type=java.lang.Object[]@50000108)
	[0]		5000142e
	[1]		500013f9
ARR 50001649 (sz=24, trace=300000, nelems=2, elem type=java.lang.Object[]@50000108)
	[0]		50001423
	[1]		500011fe
ARR 5000164a (sz=32, trace=300000, nelems=3, elem type=java.lang.Object[]@50000108)
	[0]		50001402
	[1]		500013ec
	[2]		50001663
ARR 5000164b (sz=32, trace=300000, nelems=3, elem type=java.lang.Object[]@50000108)
	[0]		50001403
	[1]		500013ed
	[2]		50001662
ARR 5000164c (sz=24, trace=300000, nelems=2, elem type=java.lang.Object[]@50000108)
	[0]		50001404
	[1]		500013ee
ARR 5000164d (sz=32, trace=300000, nelems=3, elem type=java.lang.Object[]@50000108)
	[0]		50001430
	[1]		500013e9
	[2]		50001661
ARR 5000164e (sz=24, trace=300000, nelems=2, elem type=java.lang.Object[]@50000108)
	[0]		5000141b
	[1]		500013f0
ARR 5000164f (sz=24, trace=300000, nelems=2, elem type=java.lang.Object[]@50000108)
	[0]		5000142f
	[1]		500013dc
ARR 50001650 (sz=24, trace=300000, nelems=2, elem type=java.lang.Object[]@50000108)
	[0]		5000126e
	[1]		500013e2
ARR 50001651 (sz=32, trace=300000, nelems=3, elem type=java.lang.Object[]@50000108)
	[0]		5000126f
	[1]		500013e3
	[2]		50001660
ARR 50001652 (sz=32, trace=300000, nelems=3, elem type=java.lang.Object[]@50000108)
	[0]		50001400
	[1]		500013ea
	[2]		5000165f
ARR 50001653 (sz=32, trace=300000, nelems=3, elem type=java.lang.Object[]@50000108)
	[0]		50001270
	[1]		500013e4
	[2]		5000165d
ARR 50001654 (sz=32, trace=300000, nelems=3, elem type=java.lang.Object[]@50000108)
	[0]		500013fe
	[1]		500013e6
	[2]		5000165b
ARR 50001655 (sz=24, trace=300000, nelems=2, elem type=java.lang.Object[]@50000108)
	[0]		50001431
	[1]		500013fb
ARR 50001656 (sz=24, trace=300000, nelems=2, elem type=java.lang.Object[]@50000108)
	[0]		500013fd
	[1]		500013da
ARR 50001657 (sz=24, trace=300000, nelems=2, elem type=java.lang.Object[]@50000108)
	[0]		50001432
	[1]		50001205
ARR 50001658 (sz=24, trace=300000, nelems=2, elem type=java.lang.Object[]@50000108)
	[0]		5000141e
	[1]		500013f1
ARR 50001659 (sz=24, trace=300000, nelems=2, elem type=java.lang.Object[]@50000108)
	[0]		50001420
	[1]		500013f2
ARR 5000165a (sz=24, trace=300000, nelems=2, elem type=java.lang.Object[]@50000108)
	[0]		50001427
	[1]		50001206
ARR 5000165b (sz=32, trace=300000, nelems=3, elem type=java.lang.Object[]@50000108)
	[0]		50001271
	[1]		500013e5
	[2]		5000165c
ARR 5000165c (sz=24, trace=300000, nelems=2, elem type=java.lang.Object[]@50000108)
	[0]		50001435
	[1]		50001207
ARR 5000165d (sz=32, trace=300000, nelems=3, elem type=java.lang.Object[]@50000108)
	[0]		5000126a
	[1]		500013db
	[2]		5000165e
ARR 5000165e (sz=24, trace=300000, nelems=2, elem type=java.lang.Object[]@50000108)
	[0]		50001401
	[1]		500013eb
ARR 5000165f (sz=24, trace=300000, nelems=2, elem type=java.lang.Object[]@50000108)
	[0]		50001421
	[1]		500013fa
ARR 50001660 (sz=24, trace=300000, nelems=2, elem type=java.lang.Object[]@50000108)
	[0]		5000126c
	[1]		500013dd
ARR 50001661 (sz=24, trace=300000, nelems=2, elem type=java.lang.Object[]@50000108)
	[0]		5000140a
	[1]		500013ef
ARR 50001662 (sz=24, trace=300000, nelems=2, elem type=java.lang.Object[]@50000108)
	[0]		50001428
	[1]		500013fc
ARR 50001663 (sz=24, trace=300000, nelems=2, elem type=java.lang.Object[]@50000108)
	[0]		500013ff
	[1]		500011f4
ARR 50001664 (sz=24, trace=300000, nelems=2, elem type=java.lang.Object[]@50000108)
	[0]		50001422
	[1]		500011fd
ARR 50001665 (sz=32, trace=300000, nelems=3, elem type=java.lang.Object[]@50000108)
	[0]		5000142b
	[1]		500013f5
	[2]		50001666
ARR 50001666 (sz=24, trace=300000, nelems=2, elem type=java.lang.Object[]@50000108)
	[0]		50001426
	[1]		50001204
ARR 50001667 (sz=24, trace=300000, nelems=2, elem type=java.lang.Object[]@50000108)
	[0]		50001429
	[1]		500013f3
ARR 50001668 (sz=32, trace=300000, nelems=3, elem type=java.lang.Object[]@50000108)
	[0]		50001425
	[1]		50001203
	[2]		50001669
ARR 50001669 (sz=24, trace=300000, nelems=2, elem type=java.lang.Object[]@50000108)
	[0]		50001424
	[1]		50001201
OBJ 5000166a (sz=56, trace=300687, class=java.util.zip.ZipFile$ZipFileInputStream@5000055c)
	this$0		500004ec
OBJ 5000166b (sz=56, trace=300687, class=java.util.zip.ZipFile$ZipFileInputStream@5000055c)
ARR 5000166c (sz=4112, trace=300000, nelems=1016, elem type=java.lang.Object[]@50000108)
	[1]		5000166e
	[2]		5000166f
	[3]		50001670
	[5]		50001671
	[6]		50001672
	[10]		50001673
	[19]		50001674
	[24]		50001675
	[25]		50001676
	[26]		50001677
	[28]		50001678
	[29]		50001690
	[55]		50001691
	[58]		50001692
	[86]		50001693
	[87]		50001694
	[89]		50001695
	[90]		50001696
	[92]		50001697
	[94]		50001698
	[95]		50001699
	[96]		5000169a
	[106]		5000169b
	[121]		5000169c
	[125]		5000169d
	[134]		5000169e
	[137]		5000169f
	[141]		500016a0
	[143]		500016a1
	[144]		500016a2
	[170]		500016a3
	[173]		500016a4
	[177]		500016a5
	[192]		500016a6
	[199]		500016a7
	[205]		500016a8
	[211]		500016a9
	[213]		500016aa
	[216]		500016ab
	[218]		500016ac
	[219]		500016ad
	[225]		500016ae
	[244]		500016af
	[248]		500016b0
	[253]		500016b1
	[254]		500016b4
	[259]		500016b5
	[269]		500016b6
	[277]		500016b7
	[280]		500016b8
	[283]		500016b9
	[284]		500016ba
	[286]		500016bb
	[287]		500016bc
	[289]		500016bd
	[291]		500016be
	[294]		500016bf
	[296]		500016c2
	[297]		500016c3
	[305]		500016c4
	[307]		500016c6
	[312]		500016c7
	[321]		500016c8
	[323]		500016c9
	[324]		500016ca
	[325]		500016cd
	[326]		500016ce
	[327]		500016d2
	[328]		500016d3
	[329]		500016d4
	[331]		500016d5
	[333]		500016e1
	[334]		500016e2
	[336]		500016e3
	[339]		500016e4
	[341]		500016e5
	[345]		500016e6
	[350]		500016e7
	[353]		500016e8
	[358]		500016e9
	[359]		500016ef
	[363]		500016f0
	[364]		500016f1
	[378]		500016f2
	[385]		500016f3
	[391]		500016f4
	[392]		500016f5
	[405]		500016f6
	[406]		500016f7
	[408]		500016f8
	[421]		500016f9
	[428]		500016fa
	[429]		500016fb
	[430]		500016fc
	[432]		500016fd
	[433]		500016fe
	[436]		500016ff
	[437]		50001700
	[438]		50001701
	[443]		50001702
	[456]		50001703
	[473]		50001704
	[479]		50001705
	[481]		50001706
	[484]		50001707
	[486]		50001708
	[487]		50001709
	[502]		5000170a
	[506]		5000170b
	[508]		5000170c
	[511]		5000170d
	[512]		5000170e
	[513]		5000170f
	[514]		50001710
	[516]		50001711
	[520]		50001712
	[523]		50001713
	[524]		50001714
	[533]		50001715
	[537]		50001717
	[539]		50001718
	[543]		50001719
	[545]		5000171a
	[563]		5000171b
	[572]		5000171c
	[573]		5000171d
	[577]		5000171e
	[582]		5000171f
	[583]		50001720
	[588]		50001721
	[593]		50001722
	[598]		50001723
	[609]		50001724
	[617]		50001728
	[618]		50001731
	[619]		50001733
	[620]		5000173a
	[621]		5000173b
	[624]		5000173c
	[628]		5000173d
	[632]		5000173e
	[634]		5000173f
	[635]		50001740
	[636]		50001741
	[654]		50001742
	[669]		50001743
	[670]		50001744
	[671]		5000174a
	[676]		5000174b
	[679]		5000174c
	[686]		5000174d
	[703]		5000174e
	[710]		5000174f
	[712]		50001750
	[732]		50001751
	[733]		50001752
	[768]		50001753
	[774]		50001754
	[781]		50001755
	[782]		50001756
	[783]		50001757
	[784]		50001758
	[785]		50001759
	[787]		5000175a
	[789]		5000175b
	[813]		5000175c
	[818]		5000175d
	[832]		5000175e
	[834]		5000175f
	[835]		50001760
	[836]		50001761
	[837]		50001762
	[838]		50001763
	[840]		50001764
	[842]		50001765
	[843]		50001766
	[846]		50001767
	[849]		50001768
	[863]		50001769
	[881]		5000176a
	[896]		5000176b
	[909]		5000176c
	[910]		5000176d
	[911]		5000176f
	[912]		50001770
	[925]		50001771
	[934]		50001772
	[937]		50001773
	[944]		50001774
	[957]		50001775
	[993]		50001776
	[1009]		50001777
	[1015]		50001778
OBJ 5000166d (sz=40, trace=300106, class=java.lang.ref.Finalizer@5000014d)
	referent	5000166a
	queue		500003a9
	next		500015b0
	prev		500016cc
ARR 5000166e (sz=24, trace=300000, nelems=2, elem type=java.lang.Object[]@50000108)
	[0]		50001494
	[1]		50001401
ARR 5000166f (sz=24, trace=300000, nelems=2, elem type=java.lang.Object[]@50000108)
	[0]		50001495
	[1]		500013ff
ARR 50001670 (sz=24, trace=300000, nelems=2, elem type=java.lang.Object[]@50000108)
	[0]		50001496
	[1]		50001402
ARR 50001671 (sz=24, trace=300000, nelems=2, elem type=java.lang.Object[]@50000108)
	[0]		50001497
	[1]		50001403
ARR 50001672 (sz=24, trace=300000, nelems=2, elem type=java.lang.Object[]@50000108)
	[0]		50001498
	[1]		5000141b
ARR 50001673 (sz=24, trace=300000, nelems=2, elem type=java.lang.Object[]@50000108)
	[0]		50001499
	[1]		50001401
ARR 50001674 (sz=24, trace=300000, nelems=2, elem type=java.lang.Object[]@50000108)
	[0]		500014cf
	[1]		50001431
ARR 50001675 (sz=24, trace=300000, nelems=2, elem type=java.lang.Object[]@50000108)
	[0]		500014ab
	[1]		50001421
ARR 50001676 (sz=24, trace=300000, nelems=2, elem type=java.lang.Object[]@50000108)
	[0]		500014c5
	[1]		5000140a
ARR 50001677 (sz=24, trace=300000, nelems=2, elem type=java.lang.Object[]@50000108)
	[0]		500011ca
	[1]		50001402
ARR 50001678 (sz=24, trace=300000, nelems=2, elem type=java.lang.Object[]@50000108)
	[0]		500011cb
	[1]		50001403
OBJ 5000167a (sz=24, trace=300820, class=com.sun.tools.javac.util.Context@50001679)
OBJ 5000167b (sz=16, trace=300157, class=java.lang.Object@50000172)
OBJ 5000167c (sz=32, trace=300159, class=java.util.concurrent.ConcurrentHashMap$Node@50000024)
	key		50000b0c
	val		5000167b
	next		50001c35
OBJ 5000167d (sz=16, trace=300160, class=java.lang.Object@50000172)
OBJ 5000167e (sz=32, trace=300159, class=java.util.concurrent.ConcurrentHashMap$Node@50000024)
	key		50000b0c
	val		5000167d
	next		50001c37
OBJ 5000167f (sz=48, trace=300821, class=java.util.HashMap@500000c6)
OBJ 50001680 (sz=48, trace=300822, class=java.util.HashMap@500000c6)
OBJ 50001681 (sz=48, trace=300823, class=java.util.HashMap@500000c6)
OBJ 50001682 (sz=16, trace=300157, class=java.lang.Object@50000172)
OBJ 50001683 (sz=32, trace=300683, class=java.util.concurrent.ConcurrentHashMap$Node@50000024)
	key		50000d05
	val		50001682
OBJ 50001684 (sz=16, trace=300160, class=java.lang.Object@50000172)
OBJ 50001685 (sz=32, trace=300683, class=java.util.concurrent.ConcurrentHashMap$Node@50000024)
	key		50000d05
	val		50001684
OBJ 50001687 (sz=24, trace=301102, class=com.sun.tools.javac.util.Log$PrefixKind@50001686)
	name		50002b41
	value		50002b43
OBJ 50001688 (sz=24, trace=301103, class=com.sun.tools.javac.util.Log$PrefixKind@50001686)
	name		50002b40
	value		50002b42
ARR 5000168a (sz=24, trace=301104, nelems=2, elem type=com.sun.tools.javac.util.Log$PrefixKind[]@50001689)
	[0]		50001687
	[1]		50001688
ARR 5000168b (sz=24, trace=301105, nelems=0, elem type=java.lang.Object[]@50000108)
OBJ 5000168c (sz=16, trace=300157, class=java.lang.Object@50000172)
OBJ 5000168d (sz=32, trace=300159, class=java.util.concurrent.ConcurrentHashMap$Node@50000024)
	key		50000c30
	val		5000168c
OBJ 5000168e (sz=16, trace=300160, class=java.lang.Object@50000172)
OBJ 5000168f (sz=32, trace=300159, class=java.util.concurrent.ConcurrentHashMap$Node@50000024)
	key		50000c30
	val		5000168e
ARR 50001690 (sz=24, trace=300000, nelems=2, elem type=java.lang.Object[]@50000108)
	[0]		500011cc
	[1]		50001404
ARR 50001691 (sz=24, trace=300000, nelems=2, elem type=java.lang.Object[]@50000108)
	[0]		500011cd
	[1]		5000141b
ARR 50001692 (sz=24, trace=300000, nelems=2, elem type=java.lang.Object[]@50000108)
	[0]		500011ce
	[1]		50001401
ARR 50001693 (sz=32, trace=300000, nelems=3, elem type=java.lang.Object[]@50000108)
	[0]		5000149a
	[1]		50001404
	[2]		50001799
ARR 50001694 (sz=24, trace=300000, nelems=2, elem type=java.lang.Object[]@50000108)
	[0]		500011b4
	[1]		50001402
ARR 50001695 (sz=24, trace=300000, nelems=2, elem type=java.lang.Object[]@50000108)
	[0]		500011c5
	[1]		50001403
ARR 50001696 (sz=32, trace=300000, nelems=3, elem type=java.lang.Object[]@50000108)
	[0]		500011a5
	[1]		5000140a
	[2]		50001798
ARR 50001697 (sz=24, trace=300000, nelems=2, elem type=java.lang.Object[]@50000108)
	[0]		500011c8
	[1]		5000140a
ARR 50001698 (sz=24, trace=300000, nelems=2, elem type=java.lang.Object[]@50000108)
	[0]		500011c9
	[1]		5000141b
ARR 50001699 (sz=24, trace=300000, nelems=2, elem type=java.lang.Object[]@50000108)
	[0]		500014bd
	[1]		500013ff
ARR 5000169a (sz=24, trace=300000, nelems=2, elem type=java.lang.Object[]@50000108)
	[0]		500011a8
	[1]		500013ff
ARR 5000169b (sz=24, trace=300000, nelems=2, elem type=java.lang.Object[]@50000108)
	[0]		500012a9
	[1]		50001428
ARR 5000169c (sz=24, trace=300000, nelems=2, elem type=java.lang.Object[]@50000108)
	[0]		500014e0
	[1]		50001424
ARR 5000169d (sz=24, trace=300000, nelems=2, elem type=java.lang.Object[]@50000108)
	[0]		500014a2
	[1]		5000140a
ARR 5000169e (sz=24, trace=300000, nelems=2, elem type=java.lang.Object[]@50000108)
	[0]		5000129c
	[1]		5000141e
ARR 5000169f (sz=24, trace=300000, nelems=2, elem type=java.lang.Object[]@50000108)
	[0]		5000129d
	[1]		50001420
ARR 500016a0 (sz=24, trace=300000, nelems=2, elem type=java.lang.Object[]@50000108)
	[0]		5000123b
	[1]		50001402
ARR 500016a1 (sz=24, trace=300000, nelems=2, elem type=java.lang.Object[]@50000108)
	[0]		5000123c
	[1]		50001403
ARR 500016a2 (sz=24, trace=300000, nelems=2, elem type=java.lang.Object[]@50000108)
	[0]		5000123d
	[1]		50001404
ARR 500016a3 (sz=24, trace=300000, nelems=2, elem type=java.lang.Object[]@50000108)
	[0]		5000123e
	[1]		5000141b
ARR 500016a4 (sz=24, trace=300000, nelems=2, elem type=java.lang.Object[]@50000108)
	[0]		5000123f
	[1]		50001401
ARR 500016a5 (sz=24, trace=300000, nelems=2, elem type=java.lang.Object[]@50000108)
	[0]		500014dc
	[1]		50001435
ARR 500016a6 (sz=24, trace=300000, nelems=2, elem type=java.lang.Object[]@50000108)
	[0]		500014d6
	[1]		50001423
ARR 500016a7 (sz=32, trace=300000, nelems=3, elem type=java.lang.Object[]@50000108)
	[0]		50001255
	[1]		5000126a
	[2]		50001797
ARR 500016a8 (sz=24, trace=300000, nelems=2, elem type=java.lang.Object[]@50000108)
	[0]		5000122c
	[1]		5000140a
ARR 500016a9 (sz=32, trace=300000, nelems=3, elem type=java.lang.Object[]@50000108)
	[0]		500011a9
	[1]		5000126e
	[2]		50001796
ARR 500016aa (sz=24, trace=300000, nelems=2, elem type=java.lang.Object[]@50000108)
	[0]		500011aa
	[1]		5000126f
ARR 500016ab (sz=24, trace=300000, nelems=2, elem type=java.lang.Object[]@50000108)
	[0]		500011ab
	[1]		50001270
ARR 500016ac (sz=32, trace=300000, nelems=3, elem type=java.lang.Object[]@50000108)
	[0]		500011ad
	[1]		50001271
	[2]		50001795
ARR 500016ad (sz=32, trace=300000, nelems=3, elem type=java.lang.Object[]@50000108)
	[0]		500011ae
	[1]		500013fe
	[2]		50001794
ARR 500016ae (sz=24, trace=300000, nelems=2, elem type=java.lang.Object[]@50000108)
	[0]		5000148d
	[1]		50001421
ARR 500016af (sz=24, trace=300000, nelems=2, elem type=java.lang.Object[]@50000108)
	[0]		500011af
	[1]		50001272
ARR 500016b0 (sz=24, trace=300000, nelems=2, elem type=java.lang.Object[]@50000108)
	[0]		500011b0
	[1]		50001273
ARR 500016b1 (sz=24, trace=300000, nelems=2, elem type=java.lang.Object[]@50000108)
	[0]		500014e1
	[1]		50001426
OBJ 500016b2 (sz=24, trace=300369, class=java.lang.String@5000016e)
	value		500016b3
ARR 500016b3 (sz=48, trace=300370, nelems=24, elem type=char[])
ARR 500016b4 (sz=24, trace=300000, nelems=2, elem type=java.lang.Object[]@50000108)
	[0]		500014bf
	[1]		50001402
ARR 500016b5 (sz=24, trace=300000, nelems=2, elem type=java.lang.Object[]@50000108)
	[0]		500014cd
	[1]		50001422
ARR 500016b6 (sz=24, trace=300000, nelems=2, elem type=java.lang.Object[]@50000108)
	[0]		500014b4
	[1]		50001401
ARR 500016b7 (sz=24, trace=300000, nelems=2, elem type=java.lang.Object[]@50000108)
	[0]		500012ac
	[1]		50001430
ARR 500016b8 (sz=24, trace=300000, nelems=2, elem type=java.lang.Object[]@50000108)
	[0]		500014d0
	[1]		50001424
ARR 500016b9 (sz=24, trace=300000, nelems=2, elem type=java.lang.Object[]@50000108)
	[0]		500014b2
	[1]		500013ff
ARR 500016ba (sz=24, trace=300000, nelems=2, elem type=java.lang.Object[]@50000108)
	[0]		5000128a
	[1]		50001402
ARR 500016bb (sz=24, trace=300000, nelems=2, elem type=java.lang.Object[]@50000108)
	[0]		50001296
	[1]		50001403
ARR 500016bc (sz=24, trace=300000, nelems=2, elem type=java.lang.Object[]@50000108)
	[0]		50001297
	[1]		50001404
ARR 500016bd (sz=24, trace=300000, nelems=2, elem type=java.lang.Object[]@50000108)
	[0]		50001298
	[1]		5000140a
ARR 500016be (sz=24, trace=300000, nelems=2, elem type=java.lang.Object[]@50000108)
	[0]		50001299
	[1]		5000141b
ARR 500016bf (sz=24, trace=300000, nelems=2, elem type=java.lang.Object[]@50000108)
	[0]		50001274
	[1]		50001402
OBJ 500016c0 (sz=56, trace=300443, class=java.lang.Package@500005db)
	pkgName		500016b2
	loader		500003b3
OBJ 500016c1 (sz=32, trace=300221, class=java.util.HashMap$Node@500000c4)
	key		500016b2
	value		500016c0
ARR 500016c2 (sz=24, trace=300000, nelems=2, elem type=java.lang.Object[]@50000108)
	[0]		50001275
	[1]		50001403
ARR 500016c3 (sz=24, trace=300000, nelems=2, elem type=java.lang.Object[]@50000108)
	[0]		50001279
	[1]		50001404
ARR 500016c4 (sz=24, trace=300000, nelems=2, elem type=java.lang.Object[]@50000108)
	[0]		5000129a
	[1]		50001400
OBJ 500016c5 (sz=56, trace=300687, class=java.util.zip.ZipFile$ZipFileInputStream@5000055c)
ARR 500016c6 (sz=24, trace=300000, nelems=2, elem type=java.lang.Object[]@50000108)
	[0]		500014b7
	[1]		50001401
ARR 500016c7 (sz=32, trace=300000, nelems=3, elem type=java.lang.Object[]@50000108)
	[0]		50001259
	[1]		5000140a
	[2]		50001793
ARR 500016c8 (sz=24, trace=300000, nelems=2, elem type=java.lang.Object[]@50000108)
	[0]		50001264
	[1]		50001402
ARR 500016c9 (sz=32, trace=300000, nelems=3, elem type=java.lang.Object[]@50000108)
	[0]		5000127a
	[1]		5000141b
	[2]		50001792
ARR 500016ca (sz=24, trace=300000, nelems=2, elem type=java.lang.Object[]@50000108)
	[0]		50001266
	[1]		50001404
OBJ 500016cb (sz=56, trace=300687, class=java.util.zip.ZipFile$ZipFileInputStream@5000055c)
	this$0		500004ec
OBJ 500016cc (sz=40, trace=300106, class=java.lang.ref.Finalizer@5000014d)
	referent	500016cb
	queue		500003a9
	next		5000166d
	prev		50001739
ARR 500016cd (sz=24, trace=300000, nelems=2, elem type=java.lang.Object[]@50000108)
	[0]		5000129e
	[1]		500013ff
ARR 500016ce (sz=32, trace=300000, nelems=3, elem type=java.lang.Object[]@50000108)
	[0]		5000122e
	[1]		5000126e
	[2]		50001790
OBJ 500016cf (sz=24, trace=300668, class=java.lang.String@5000016e)
	value		500016d0
ARR 500016d0 (sz=48, trace=300669, nelems=24, elem type=char[])
OBJ 500016d1 (sz=32, trace=300671, class=java.util.concurrent.ConcurrentHashMap$Node@50000024)
	key		500016cf
	val		50000a90
ARR 500016d2 (sz=24, trace=300000, nelems=2, elem type=java.lang.Object[]@50000108)
	[0]		50001257
	[1]		50001404
ARR 500016d3 (sz=32, trace=300000, nelems=3, elem type=java.lang.Object[]@50000108)
	[0]		5000122f
	[1]		5000126f
	[2]		5000178d
ARR 500016d4 (sz=24, trace=300000, nelems=2, elem type=java.lang.Object[]@50000108)
	[0]		500012a1
	[1]		5000141b
ARR 500016d5 (sz=24, trace=300000, nelems=2, elem type=java.lang.Object[]@50000108)
	[0]		50001230
	[1]		50001270
OBJ 500016d6 (sz=16, trace=300157, class=java.lang.Object@50000172)
OBJ 500016d7 (sz=32, trace=300683, class=java.util.concurrent.ConcurrentHashMap$Node@50000024)
	key		50000ba2
	val		500016d6
	next		50000d8f
OBJ 500016d8 (sz=16, trace=300160, class=java.lang.Object@50000172)
OBJ 500016d9 (sz=32, trace=300683, class=java.util.concurrent.ConcurrentHashMap$Node@50000024)
	key		50000ba2
	val		500016d8
	next		50000d91
OBJ 500016dd (sz=16, trace=300157, class=java.lang.Object@50000172)
OBJ 500016de (sz=32, trace=300159, class=java.util.concurrent.ConcurrentHashMap$Node@50000024)
	key		50000bea
	val		500016dd
OBJ 500016df (sz=16, trace=300160, class=java.lang.Object@50000172)
OBJ 500016e0 (sz=32, trace=300159, class=java.util.concurrent.ConcurrentHashMap$Node@50000024)
	key		50000bea
	val		500016df
ARR 500016e1 (sz=32, trace=300000, nelems=3, elem type=java.lang.Object[]@50000108)
	[0]		50001235
	[1]		50001271
	[2]		5000178c
ARR 500016e2 (sz=32, trace=300000, nelems=3, elem type=java.lang.Object[]@50000108)
	[0]		50001236
	[1]		500013fe
	[2]		5000178b
ARR 500016e3 (sz=24, trace=300000, nelems=2, elem type=java.lang.Object[]@50000108)
	[0]		500014c8
	[1]		500013ff
ARR 500016e4 (sz=24, trace=300000, nelems=2, elem type=java.lang.Object[]@50000108)
	[0]		5000129b
	[1]		5000141e
ARR 500016e5 (sz=24, trace=300000, nelems=2, elem type=java.lang.Object[]@50000108)
	[0]		500011a4
	[1]		5000126c
ARR 500016e6 (sz=24, trace=300000, nelems=2, elem type=java.lang.Object[]@50000108)
	[0]		500014c7
	[1]		5000141b
ARR 500016e7 (sz=24, trace=300000, nelems=2, elem type=java.lang.Object[]@50000108)
	[0]		50001267
	[1]		5000141b
ARR 500016e8 (sz=24, trace=300000, nelems=2, elem type=java.lang.Object[]@50000108)
	[0]		500014a5
	[1]		50001401
ARR 500016e9 (sz=24, trace=300000, nelems=2, elem type=java.lang.Object[]@50000108)
	[0]		5000126d
	[1]		5000140a
OBJ 500016eb (sz=16, trace=300157, class=java.lang.Object@50000172)
OBJ 500016ec (sz=32, trace=300159, class=java.util.concurrent.ConcurrentHashMap$Node@50000024)
	key		50000c49
	val		500016eb
OBJ 500016ed (sz=16, trace=300160, class=java.lang.Object@50000172)
OBJ 500016ee (sz=32, trace=300159, class=java.util.concurrent.ConcurrentHashMap$Node@50000024)
	key		50000c49
	val		500016ed
ARR 500016ef (sz=24, trace=300000, nelems=2, elem type=java.lang.Object[]@50000108)
	[0]		50001237
	[1]		50001272
ARR 500016f0 (sz=24, trace=300000, nelems=2, elem type=java.lang.Object[]@50000108)
	[0]		50001238
	[1]		50001273
ARR 500016f1 (sz=24, trace=300000, nelems=2, elem type=java.lang.Object[]@50000108)
	[0]		500014a7
	[1]		500013ff
ARR 500016f2 (sz=24, trace=300000, nelems=2, elem type=java.lang.Object[]@50000108)
	[0]		50001489
	[1]		50001421
ARR 500016f3 (sz=24, trace=300000, nelems=2, elem type=java.lang.Object[]@50000108)
	[0]		5000125d
	[1]		5000140a
ARR 500016f4 (sz=24, trace=300000, nelems=2, elem type=java.lang.Object[]@50000108)
	[0]		500014a4
	[1]		500013ff
ARR 500016f5 (sz=24, trace=300000, nelems=2, elem type=java.lang.Object[]@50000108)
	[0]		5000123a
	[1]		50001430
ARR 500016f6 (sz=24, trace=300000, nelems=2, elem type=java.lang.Object[]@50000108)
	[0]		5000127b
	[1]		500013ff
ARR 500016f7 (sz=24, trace=300000, nelems=2, elem type=java.lang.Object[]@50000108)
	[0]		5000127e
	[1]		50001402
ARR 500016f8 (sz=24, trace=300000, nelems=2, elem type=java.lang.Object[]@50000108)
	[0]		500011a2
	[1]		5000126a
ARR 500016f9 (sz=24, trace=300000, nelems=2, elem type=java.lang.Object[]@50000108)
	[0]		50001401
	[1]		50001401
ARR 500016fa (sz=24, trace=300000, nelems=2, elem type=java.lang.Object[]@50000108)
	[0]		500014ca
	[1]		50001401
ARR 500016fb (sz=24, trace=300000, nelems=2, elem type=java.lang.Object[]@50000108)
	[0]		500012a2
	[1]		500013ff
ARR 500016fc (sz=24, trace=300000, nelems=2, elem type=java.lang.Object[]@50000108)
	[0]		500012a3
	[1]		50001402
ARR 500016fd (sz=24, trace=300000, nelems=2, elem type=java.lang.Object[]@50000108)
	[0]		500012a4
	[1]		50001403
ARR 500016fe (sz=24, trace=300000, nelems=2, elem type=java.lang.Object[]@50000108)
	[0]		500012a5
	[1]		5000141b
ARR 500016ff (sz=24, trace=300000, nelems=2, elem type=java.lang.Object[]@50000108)
	[0]		5000127f
	[1]		50001403
ARR 50001700 (sz=24, trace=300000, nelems=2, elem type=java.lang.Object[]@50000108)
	[0]		500014cb
	[1]		50001401
ARR 50001701 (sz=24, trace=300000, nelems=2, elem type=java.lang.Object[]@50000108)
	[0]		5000148a
	[1]		50001421
ARR 50001702 (sz=24, trace=300000, nelems=2, elem type=java.lang.Object[]@50000108)
	[0]		500014d1
	[1]		50001432
ARR 50001703 (sz=24, trace=300000, nelems=2, elem type=java.lang.Object[]@50000108)
	[0]		50001227
	[1]		5000126c
ARR 50001704 (sz=24, trace=300000, nelems=2, elem type=java.lang.Object[]@50000108)
	[0]		50001281
	[1]		5000140a
ARR 50001705 (sz=24, trace=300000, nelems=2, elem type=java.lang.Object[]@50000108)
	[0]		5000126e
	[1]		5000126e
ARR 50001706 (sz=24, trace=300000, nelems=2, elem type=java.lang.Object[]@50000108)
	[0]		5000126f
	[1]		5000126f
ARR 50001707 (sz=24, trace=300000, nelems=2, elem type=java.lang.Object[]@50000108)
	[0]		50001270
	[1]		50001270
ARR 50001708 (sz=24, trace=300000, nelems=2, elem type=java.lang.Object[]@50000108)
	[0]		50001271
	[1]		50001271
ARR 50001709 (sz=24, trace=300000, nelems=2, elem type=java.lang.Object[]@50000108)
	[0]		5000126b
	[1]		5000142f
ARR 5000170a (sz=24, trace=300000, nelems=2, elem type=java.lang.Object[]@50000108)
	[0]		500014d7
	[1]		50001424
ARR 5000170b (sz=24, trace=300000, nelems=2, elem type=java.lang.Object[]@50000108)
	[0]		5000125e
	[1]		5000126e
ARR 5000170c (sz=24, trace=300000, nelems=2, elem type=java.lang.Object[]@50000108)
	[0]		5000125f
	[1]		5000126f
ARR 5000170d (sz=24, trace=300000, nelems=2, elem type=java.lang.Object[]@50000108)
	[0]		50001260
	[1]		50001270
ARR 5000170e (sz=24, trace=300000, nelems=2, elem type=java.lang.Object[]@50000108)
	[0]		50001272
	[1]		50001272
ARR 5000170f (sz=24, trace=300000, nelems=2, elem type=java.lang.Object[]@50000108)
	[0]		50001261
	[1]		50001271
ARR 50001710 (sz=24, trace=300000, nelems=2, elem type=java.lang.Object[]@50000108)
	[0]		5000125b
	[1]		5000142f
ARR 50001711 (sz=24, trace=300000, nelems=2, elem type=java.lang.Object[]@50000108)
	[0]		50001273
	[1]		50001273
ARR 50001712 (sz=24, trace=300000, nelems=2, elem type=java.lang.Object[]@50000108)
	[0]		500014ce
	[1]		50001423
ARR 50001713 (sz=24, trace=300000, nelems=2, elem type=java.lang.Object[]@50000108)
	[0]		5000121d
	[1]		5000126a
ARR 50001714 (sz=24, trace=300000, nelems=2, elem type=java.lang.Object[]@50000108)
	[0]		500012aa
	[1]		50001422
ARR 50001715 (sz=24, trace=300000, nelems=2, elem type=java.lang.Object[]@50000108)
	[0]		50001282
	[1]		50001404
OBJ 50001716 (sz=56, trace=300687, class=java.util.zip.ZipFile$ZipFileInputStream@5000055c)
ARR 50001717 (sz=24, trace=300000, nelems=2, elem type=java.lang.Object[]@50000108)
	[0]		50001283
	[1]		5000141b
ARR 50001718 (sz=24, trace=300000, nelems=2, elem type=java.lang.Object[]@50000108)
	[0]		50001262
	[1]		50001272
ARR 50001719 (sz=24, trace=300000, nelems=2, elem type=java.lang.Object[]@50000108)
	[0]		50001263
	[1]		50001273
ARR 5000171a (sz=24, trace=300000, nelems=2, elem type=java.lang.Object[]@50000108)
	[0]		500012ae
	[1]		50001430
ARR 5000171b (sz=24, trace=300000, nelems=2, elem type=java.lang.Object[]@50000108)
	[0]		500014e2
	[1]		50001427
ARR 5000171c (sz=24, trace=300000, nelems=2, elem type=java.lang.Object[]@50000108)
	[0]		500012ad
	[1]		50001430
ARR 5000171d (sz=24, trace=300000, nelems=2, elem type=java.lang.Object[]@50000108)
	[0]		500014c1
	[1]		50001403
ARR 5000171e (sz=24, trace=300000, nelems=2, elem type=java.lang.Object[]@50000108)
	[0]		5000118f
	[1]		50001421
ARR 5000171f (sz=24, trace=300000, nelems=2, elem type=java.lang.Object[]@50000108)
	[0]		500014d3
	[1]		50001425
ARR 50001720 (sz=24, trace=300000, nelems=2, elem type=java.lang.Object[]@50000108)
	[0]		500014cc
	[1]		500013fe
ARR 50001721 (sz=24, trace=300000, nelems=2, elem type=java.lang.Object[]@50000108)
	[0]		500014a3
	[1]		5000140a
ARR 50001722 (sz=24, trace=300000, nelems=2, elem type=java.lang.Object[]@50000108)
	[0]		5000149b
	[1]		5000140a
ARR 50001723 (sz=24, trace=300000, nelems=2, elem type=java.lang.Object[]@50000108)
	[0]		50001491
	[1]		50001271
ARR 50001724 (sz=24, trace=300000, nelems=2, elem type=java.lang.Object[]@50000108)
	[0]		5000126c
	[1]		5000126c
OBJ 50001727 (sz=16, trace=300157, class=java.lang.Object@50000172)
ARR 50001728 (sz=24, trace=300000, nelems=2, elem type=java.lang.Object[]@50000108)
	[0]		50001215
	[1]		50001429
OBJ 50001729 (sz=16, trace=300160, class=java.lang.Object@50000172)
OBJ 5000172a (sz=56, trace=300687, class=java.util.zip.ZipFile$ZipFileInputStream@5000055c)
	this$0		500004ec
OBJ 5000172b (sz=16, trace=300157, class=java.lang.Object@50000172)
OBJ 5000172c (sz=32, trace=300159, class=java.util.concurrent.ConcurrentHashMap$Node@50000024)
	key		50000c53
	val		5000172b
OBJ 5000172d (sz=16, trace=300160, class=java.lang.Object@50000172)
OBJ 5000172e (sz=32, trace=300159, class=java.util.concurrent.ConcurrentHashMap$Node@50000024)
	key		50000c53
	val		5000172d
OBJ 50001730 (sz=16, trace=300157, class=java.lang.Object@50000172)
ARR 50001731 (sz=24, trace=300000, nelems=2, elem type=java.lang.Object[]@50000108)
	[0]		50001216
	[1]		5000142a
OBJ 50001732 (sz=16, trace=300160, class=java.lang.Object@50000172)
ARR 50001733 (sz=24, trace=300000, nelems=2, elem type=java.lang.Object[]@50000108)
	[0]		50001217
	[1]		5000142b
OBJ 50001735 (sz=16, trace=300157, class=java.lang.Object@50000172)
OBJ 50001736 (sz=32, trace=300683, class=java.util.concurrent.ConcurrentHashMap$Node@50000024)
	key		50000cbb
	val		50001735
OBJ 50001737 (sz=16, trace=300160, class=java.lang.Object@50000172)
OBJ 50001738 (sz=32, trace=300683, class=java.util.concurrent.ConcurrentHashMap$Node@50000024)
	key		50000cbb
	val		50001737
OBJ 50001739 (sz=40, trace=300106, class=java.lang.ref.Finalizer@5000014d)
	referent	5000172a
	queue		500003a9
	next		500016cc
	prev		5000178f
ARR 5000173a (sz=24, trace=300000, nelems=2, elem type=java.lang.Object[]@50000108)
	[0]		50001218
	[1]		5000142c
ARR 5000173b (sz=24, trace=300000, nelems=2, elem type=java.lang.Object[]@50000108)
	[0]		50001219
	[1]		5000142d
ARR 5000173c (sz=32, trace=300000, nelems=3, elem type=java.lang.Object[]@50000108)
	[0]		50001492
	[1]		50001272
	[2]		5000178a
ARR 5000173d (sz=32, trace=300000, nelems=3, elem type=java.lang.Object[]@50000108)
	[0]		50001493
	[1]		50001273
	[2]		50001789
ARR 5000173e (sz=24, trace=300000, nelems=2, elem type=java.lang.Object[]@50000108)
	[0]		50001289
	[1]		50001400
ARR 5000173f (sz=32, trace=300000, nelems=3, elem type=java.lang.Object[]@50000108)
	[0]		500014b3
	[1]		50001401
	[2]		50001788
ARR 50001740 (sz=24, trace=300000, nelems=2, elem type=java.lang.Object[]@50000108)
	[0]		500014da
	[1]		50001432
ARR 50001741 (sz=24, trace=300000, nelems=2, elem type=java.lang.Object[]@50000108)
	[0]		5000125c
	[1]		5000126c
ARR 50001742 (sz=24, trace=300000, nelems=2, elem type=java.lang.Object[]@50000108)
	[0]		50001214
	[1]		500013fe
ARR 50001743 (sz=24, trace=300000, nelems=2, elem type=java.lang.Object[]@50000108)
	[0]		500011b2
	[1]		50001400
ARR 50001744 (sz=24, trace=300000, nelems=2, elem type=java.lang.Object[]@50000108)
	[0]		5000118b
	[1]		50001421
OBJ 50001746 (sz=16, trace=300157, class=java.lang.Object@50000172)
OBJ 50001747 (sz=32, trace=300683, class=java.util.concurrent.ConcurrentHashMap$Node@50000024)
	key		50000d23
	val		50001746
OBJ 50001748 (sz=16, trace=300160, class=java.lang.Object@50000172)
OBJ 50001749 (sz=32, trace=300683, class=java.util.concurrent.ConcurrentHashMap$Node@50000024)
	key		50000d23
	val		50001748
ARR 5000174a (sz=24, trace=300000, nelems=2, elem type=java.lang.Object[]@50000108)
	[0]		500011b3
	[1]		50001401
ARR 5000174b (sz=24, trace=300000, nelems=2, elem type=java.lang.Object[]@50000108)
	[0]		5000126a
	[1]		5000126a
ARR 5000174c (sz=24, trace=300000, nelems=2, elem type=java.lang.Object[]@50000108)
	[0]		5000118d
	[1]		50001421
ARR 5000174d (sz=24, trace=300000, nelems=2, elem type=java.lang.Object[]@50000108)
	[0]		500014a9
	[1]		50001423
ARR 5000174e (sz=24, trace=300000, nelems=2, elem type=java.lang.Object[]@50000108)
	[0]		5000125a
	[1]		5000126a
ARR 5000174f (sz=24, trace=300000, nelems=2, elem type=java.lang.Object[]@50000108)
	[0]		500014ad
	[1]		50001400
ARR 50001750 (sz=24, trace=300000, nelems=2, elem type=java.lang.Object[]@50000108)
	[0]		500014ae
	[1]		50001401
ARR 50001751 (sz=24, trace=300000, nelems=2, elem type=java.lang.Object[]@50000108)
	[0]		500014c3
	[1]		50001404
ARR 50001752 (sz=24, trace=300000, nelems=2, elem type=java.lang.Object[]@50000108)
	[0]		500012a8
	[1]		50001422
ARR 50001753 (sz=24, trace=300000, nelems=2, elem type=java.lang.Object[]@50000108)
	[0]		50001258
	[1]		5000140a
ARR 50001754 (sz=24, trace=300000, nelems=2, elem type=java.lang.Object[]@50000108)
	[0]		50001193
	[1]		50001421
ARR 50001755 (sz=24, trace=300000, nelems=2, elem type=java.lang.Object[]@50000108)
	[0]		500014ac
	[1]		500013ff
ARR 50001756 (sz=24, trace=300000, nelems=2, elem type=java.lang.Object[]@50000108)
	[0]		500014af
	[1]		50001402
ARR 50001757 (sz=24, trace=300000, nelems=2, elem type=java.lang.Object[]@50000108)
	[0]		50001252
	[1]		5000141e
ARR 50001758 (sz=24, trace=300000, nelems=2, elem type=java.lang.Object[]@50000108)
	[0]		50001287
	[1]		50001403
ARR 50001759 (sz=24, trace=300000, nelems=2, elem type=java.lang.Object[]@50000108)
	[0]		500014b0
	[1]		50001404
ARR 5000175a (sz=24, trace=300000, nelems=2, elem type=java.lang.Object[]@50000108)
	[0]		50001288
	[1]		5000140a
ARR 5000175b (sz=24, trace=300000, nelems=2, elem type=java.lang.Object[]@50000108)
	[0]		500014b1
	[1]		5000141b
ARR 5000175c (sz=24, trace=300000, nelems=2, elem type=java.lang.Object[]@50000108)
	[0]		50001213
	[1]		500013fe
ARR 5000175d (sz=24, trace=300000, nelems=2, elem type=java.lang.Object[]@50000108)
	[0]		50001254
	[1]		50001272
ARR 5000175e (sz=24, trace=300000, nelems=2, elem type=java.lang.Object[]@50000108)
	[0]		500014a6
	[1]		50001421
ARR 5000175f (sz=24, trace=300000, nelems=2, elem type=java.lang.Object[]@50000108)
	[0]		500014b6
	[1]		500013ff
ARR 50001760 (sz=32, trace=300000, nelems=3, elem type=java.lang.Object[]@50000108)
	[0]		500014be
	[1]		50001402
	[2]		50001787
ARR 50001761 (sz=24, trace=300000, nelems=2, elem type=java.lang.Object[]@50000108)
	[0]		500012a7
	[1]		5000140a
ARR 50001762 (sz=24, trace=300000, nelems=2, elem type=java.lang.Object[]@50000108)
	[0]		500014c0
	[1]		50001403
ARR 50001763 (sz=24, trace=300000, nelems=2, elem type=java.lang.Object[]@50000108)
	[0]		500014c2
	[1]		50001404
ARR 50001764 (sz=32, trace=300000, nelems=3, elem type=java.lang.Object[]@50000108)
	[0]		500014a1
	[1]		5000126f
	[2]		50001779
ARR 50001765 (sz=24, trace=300000, nelems=2, elem type=java.lang.Object[]@50000108)
	[0]		500014c6
	[1]		5000141b
ARR 50001766 (sz=24, trace=300000, nelems=2, elem type=java.lang.Object[]@50000108)
	[0]		50001256
	[1]		50001270
ARR 50001767 (sz=24, trace=300000, nelems=2, elem type=java.lang.Object[]@50000108)
	[0]		500012ab
	[1]		5000126a
ARR 50001768 (sz=24, trace=300000, nelems=2, elem type=java.lang.Object[]@50000108)
	[0]		5000148b
	[1]		50001421
ARR 50001769 (sz=24, trace=300000, nelems=2, elem type=java.lang.Object[]@50000108)
	[0]		5000148e
	[1]		500013fd
ARR 5000176a (sz=24, trace=300000, nelems=2, elem type=java.lang.Object[]@50000108)
	[0]		500014d4
	[1]		50001428
ARR 5000176b (sz=24, trace=300000, nelems=2, elem type=java.lang.Object[]@50000108)
	[0]		50001191
	[1]		50001421
ARR 5000176c (sz=24, trace=300000, nelems=2, elem type=java.lang.Object[]@50000108)
	[0]		5000121e
	[1]		50001429
ARR 5000176d (sz=24, trace=300000, nelems=2, elem type=java.lang.Object[]@50000108)
	[0]		50001221
	[1]		5000142a
OBJ 5000176e (sz=56, trace=300687, class=java.util.zip.ZipFile$ZipFileInputStream@5000055c)
ARR 5000176f (sz=24, trace=300000, nelems=2, elem type=java.lang.Object[]@50000108)
	[0]		50001222
	[1]		5000142b
ARR 50001770 (sz=24, trace=300000, nelems=2, elem type=java.lang.Object[]@50000108)
	[0]		50001223
	[1]		5000142c
ARR 50001771 (sz=24, trace=300000, nelems=2, elem type=java.lang.Object[]@50000108)
	[0]		500014b5
	[1]		50001421
ARR 50001772 (sz=24, trace=300000, nelems=2, elem type=java.lang.Object[]@50000108)
	[0]		50001224
	[1]		5000142d
ARR 50001773 (sz=24, trace=300000, nelems=2, elem type=java.lang.Object[]@50000108)
	[0]		50001225
	[1]		5000142e
ARR 50001774 (sz=24, trace=300000, nelems=2, elem type=java.lang.Object[]@50000108)
	[0]		500014db
	[1]		50001427
ARR 50001775 (sz=24, trace=300000, nelems=2, elem type=java.lang.Object[]@50000108)
	[0]		500014d5
	[1]		50001422
ARR 50001776 (sz=24, trace=300000, nelems=2, elem type=java.lang.Object[]@50000108)
	[0]		50001253
	[1]		5000126e
ARR 50001777 (sz=24, trace=300000, nelems=2, elem type=java.lang.Object[]@50000108)
	[0]		500014d2
	[1]		50001435
ARR 50001778 (sz=24, trace=300000, nelems=2, elem type=java.lang.Object[]@50000108)
	[0]		500014d8
	[1]		50001425
ARR 50001779 (sz=24, trace=300000, nelems=2, elem type=java.lang.Object[]@50000108)
	[0]		500014c4
	[1]		5000140a
OBJ 5000177b (sz=16, trace=300157, class=java.lang.Object@50000172)
OBJ 5000177c (sz=32, trace=300683, class=java.util.concurrent.ConcurrentHashMap$Node@50000024)
	key		50000cee
	val		5000177b
OBJ 5000177d (sz=16, trace=300160, class=java.lang.Object@50000172)
OBJ 5000177e (sz=32, trace=300683, class=java.util.concurrent.ConcurrentHashMap$Node@50000024)
	key		50000cee
	val		5000177d
OBJ 5000177f (sz=16, trace=300157, class=java.lang.Object@50000172)
OBJ 50001780 (sz=32, trace=300159, class=java.util.concurrent.ConcurrentHashMap$Node@50000024)
	key		50000c11
	val		5000177f
OBJ 50001781 (sz=16, trace=300160, class=java.lang.Object@50000172)
OBJ 50001782 (sz=32, trace=300159, class=java.util.concurrent.ConcurrentHashMap$Node@50000024)
	key		50000c11
	val		50001781
OBJ 50001783 (sz=16, trace=300157, class=java.lang.Object@50000172)
OBJ 50001784 (sz=32, trace=300159, class=java.util.concurrent.ConcurrentHashMap$Node@50000024)
	key		50000b41
	val		50001783
OBJ 50001785 (sz=16, trace=300160, class=java.lang.Object@50000172)
OBJ 50001786 (sz=32, trace=300159, class=java.util.concurrent.ConcurrentHashMap$Node@50000024)
	key		50000b41
	val		50001785
ARR 50001787 (sz=24, trace=300000, nelems=2, elem type=java.lang.Object[]@50000108)
	[0]		500014df
	[1]		50001423
ARR 50001788 (sz=24, trace=300000, nelems=2, elem type=java.lang.Object[]@50000108)
	[0]		500014d9
	[1]		50001426
ARR 50001789 (sz=24, trace=300000, nelems=2, elem type=java.lang.Object[]@50000108)
	[0]		5000148c
	[1]		500013fd
ARR 5000178a (sz=24, trace=300000, nelems=2, elem type=java.lang.Object[]@50000108)
	[0]		5000121c
	[1]		5000142e
ARR 5000178b (sz=24, trace=300000, nelems=2, elem type=java.lang.Object[]@50000108)
	[0]		50001226
	[1]		5000142f
ARR 5000178c (sz=24, trace=300000, nelems=2, elem type=java.lang.Object[]@50000108)
	[0]		500014c9
	[1]		50001401
ARR 5000178d (sz=24, trace=300000, nelems=2, elem type=java.lang.Object[]@50000108)
	[0]		500012a0
	[1]		50001403
OBJ 5000178e (sz=56, trace=300687, class=java.util.zip.ZipFile$ZipFileInputStream@5000055c)
	this$0		500004ec
OBJ 5000178f (sz=40, trace=300106, class=java.lang.ref.Finalizer@5000014d)
	referent	5000178e
	queue		500003a9
	next		50001739
	prev		500017d9
ARR 50001790 (sz=32, trace=300000, nelems=3, elem type=java.lang.Object[]@50000108)
	[0]		500014a8
	[1]		50001401
	[2]		50001791
ARR 50001791 (sz=24, trace=300000, nelems=2, elem type=java.lang.Object[]@50000108)
	[0]		5000129f
	[1]		50001402
ARR 50001792 (sz=24, trace=300000, nelems=2, elem type=java.lang.Object[]@50000108)
	[0]		50001265
	[1]		50001403
ARR 50001793 (sz=24, trace=300000, nelems=2, elem type=java.lang.Object[]@50000108)
	[0]		50001190
	[1]		50001421
ARR 50001794 (sz=24, trace=300000, nelems=2, elem type=java.lang.Object[]@50000108)
	[0]		500011a3
	[1]		5000142f
ARR 50001795 (sz=24, trace=300000, nelems=2, elem type=java.lang.Object[]@50000108)
	[0]		50001186
	[1]		50001421
ARR 50001796 (sz=24, trace=300000, nelems=2, elem type=java.lang.Object[]@50000108)
	[0]		5000122d
	[1]		500013ff
ARR 50001797 (sz=24, trace=300000, nelems=2, elem type=java.lang.Object[]@50000108)
	[0]		50001212
	[1]		5000142a
ARR 50001798 (sz=24, trace=300000, nelems=2, elem type=java.lang.Object[]@50000108)
	[0]		500011c6
	[1]		50001404
ARR 50001799 (sz=24, trace=300000, nelems=2, elem type=java.lang.Object[]@50000108)
	[0]		500011b1
	[1]		500013ff
OBJ 5000179b (sz=16, trace=300157, class=java.lang.Object@50000172)
OBJ 5000179c (sz=32, trace=300159, class=java.util.concurrent.ConcurrentHashMap$Node@50000024)
	key		50000c02
	val		5000179b
OBJ 5000179d (sz=16, trace=300160, class=java.lang.Object@50000172)
OBJ 5000179e (sz=32, trace=300159, class=java.util.concurrent.ConcurrentHashMap$Node@50000024)
	key		50000c02
	val		5000179d
ARR 5000179f (sz=144, trace=300000, nelems=32, elem type=java.lang.Object[]@50000108)
	[0]		500017a0
	[2]		500017a1
	[3]		500017a2
	[4]		500017a3
	[5]		500017a4
	[6]		500017a5
	[7]		500017a6
	[8]		500017a7
	[9]		500017a8
	[10]		500017a9
	[11]		500017aa
	[12]		500017ab
	[14]		500017ac
	[15]		500017ad
	[16]		500017ae
	[17]		500017af
	[18]		500017b0
	[19]		500017b1
	[22]		500017b2
	[23]		500017b3
	[24]		500017b4
	[28]		500017b5
	[29]		500017b6
	[31]		500017b7
ARR 500017a0 (sz=24, trace=300000, nelems=1, elem type=java.lang.Object[]@50000108)
	[0]		50001272
ARR 500017a1 (sz=32, trace=300000, nelems=3, elem type=java.lang.Object[]@50000108)
	[0]		50001273
	[2]		500017fa
ARR 500017a2 (sz=32, trace=300000, nelems=3, elem type=java.lang.Object[]@50000108)
	[0]		5000142a
	[2]		500017f9
ARR 500017a3 (sz=32, trace=300000, nelems=3, elem type=java.lang.Object[]@50000108)
	[0]		5000142c
	[2]		500017f0
ARR 500017a4 (sz=32, trace=300000, nelems=3, elem type=java.lang.Object[]@50000108)
	[0]		5000142d
	[2]		500017ee
ARR 500017a5 (sz=24, trace=300000, nelems=1, elem type=java.lang.Object[]@50000108)
	[0]		5000142e
ARR 500017a6 (sz=24, trace=300000, nelems=2, elem type=java.lang.Object[]@50000108)
	[0]		50001423
	[1]		500004c6
ARR 500017a7 (sz=32, trace=300000, nelems=3, elem type=java.lang.Object[]@50000108)
	[0]		50001402
	[2]		500017eb
ARR 500017a8 (sz=32, trace=300000, nelems=3, elem type=java.lang.Object[]@50000108)
	[0]		50001403
	[2]		500017c0
ARR 500017a9 (sz=24, trace=300000, nelems=1, elem type=java.lang.Object[]@50000108)
	[0]		50001404
ARR 500017aa (sz=32, trace=300000, nelems=3, elem type=java.lang.Object[]@50000108)
	[0]		50001430
	[2]		500017bf
ARR 500017ab (sz=24, trace=300000, nelems=1, elem type=java.lang.Object[]@50000108)
	[0]		5000141b
ARR 500017ac (sz=24, trace=300000, nelems=1, elem type=java.lang.Object[]@50000108)
	[0]		5000142f
ARR 500017ad (sz=24, trace=300000, nelems=1, elem type=java.lang.Object[]@50000108)
	[0]		5000126e
ARR 500017ae (sz=32, trace=300000, nelems=3, elem type=java.lang.Object[]@50000108)
	[0]		5000126f
	[2]		500017be
ARR 500017af (sz=32, trace=300000, nelems=3, elem type=java.lang.Object[]@50000108)
	[0]		50001400
	[2]		500017bd
ARR 500017b0 (sz=32, trace=300000, nelems=3, elem type=java.lang.Object[]@50000108)
	[0]		50001270
	[2]		500017ba
ARR 500017b1 (sz=32, trace=300000, nelems=3, elem type=java.lang.Object[]@50000108)
	[0]		500013fe
	[2]		500017b8
ARR 500017b2 (sz=24, trace=300000, nelems=1, elem type=java.lang.Object[]@50000108)
	[0]		50001431
ARR 500017b3 (sz=24, trace=300000, nelems=1, elem type=java.lang.Object[]@50000108)
	[0]		500013fd
ARR 500017b4 (sz=24, trace=300000, nelems=1, elem type=java.lang.Object[]@50000108)
	[0]		50001432
ARR 500017b5 (sz=24, trace=300000, nelems=1, elem type=java.lang.Object[]@50000108)
	[0]		5000141e
ARR 500017b6 (sz=24, trace=300000, nelems=1, elem type=java.lang.Object[]@50000108)
	[0]		50001420
ARR 500017b7 (sz=24, trace=300000, nelems=1, elem type=java.lang.Object[]@50000108)
	[0]		50001427
ARR 500017b8 (sz=32, trace=300000, nelems=3, elem type=java.lang.Object[]@50000108)
	[0]		50001271
	[2]		500017b9
ARR 500017b9 (sz=24, trace=300000, nelems=1, elem type=java.lang.Object[]@50000108)
	[0]		50001435
ARR 500017ba (sz=32, trace=300000, nelems=3, elem type=java.lang.Object[]@50000108)
	[0]		5000126a
	[2]		500017bb
ARR 500017bb (sz=24, trace=300000, nelems=1, elem type=java.lang.Object[]@50000108)
	[0]		50001401
OBJ 500017bc (sz=56, trace=300687, class=java.util.zip.ZipFile$ZipFileInputStream@5000055c)
ARR 500017bd (sz=24, trace=300000, nelems=2, elem type=java.lang.Object[]@50000108)
	[0]		50001421
	[1]		5000049e
ARR 500017be (sz=24, trace=300000, nelems=1, elem type=java.lang.Object[]@50000108)
	[0]		5000126c
ARR 500017bf (sz=24, trace=300000, nelems=1, elem type=java.lang.Object[]@50000108)
	[0]		5000140a
ARR 500017c0 (sz=24, trace=300000, nelems=2, elem type=java.lang.Object[]@50000108)
	[0]		50001428
	[1]		50000226
ARR 500017c1 (sz=10, trace=300000, nelems=5, elem type=char[])
OBJ 500017c2 (sz=24, trace=300000, class=java.lang.String@5000016e)
	value		500017ca
OBJ 500017c3 (sz=24, trace=300000, class=java.lang.String@5000016e)
	value		500017c8
OBJ 500017c4 (sz=24, trace=300000, class=java.lang.String@5000016e)
	value		500017c7
OBJ 500017c5 (sz=24, trace=300000, class=java.lang.String@5000016e)
	value		500017cc
ARR 500017c6 (sz=32, trace=300000, nelems=4, elem type=java.lang.String[]@500000c8)
	[0]		500017c5
	[1]		500017c2
	[2]		500017c3
	[3]		500017c4
ARR 500017c7 (sz=14, trace=300000, nelems=7, elem type=char[])
ARR 500017c8 (sz=20, trace=300000, nelems=10, elem type=char[])
OBJ 500017c9 (sz=16, trace=300157, class=java.lang.Object@50000172)
ARR 500017ca (sz=12, trace=300000, nelems=6, elem type=char[])
OBJ 500017cb (sz=16, trace=300160, class=java.lang.Object@50000172)
ARR 500017cc (sz=10, trace=300000, nelems=5, elem type=char[])
OBJ 500017cd (sz=24, trace=300000, class=java.lang.String@5000016e)
	value		500017d1
OBJ 500017ce (sz=24, trace=300000, class=java.lang.String@5000016e)
	value		500017d2
OBJ 500017cf (sz=24, trace=300000, class=java.lang.String@5000016e)
	value		500017d3
OBJ 500017d0 (sz=16, trace=300000, class=java.nio.charset.CodingErrorAction@50000077)
	name		500017cd
ARR 500017d1 (sz=12, trace=300000, nelems=6, elem type=char[])
ARR 500017d2 (sz=14, trace=300000, nelems=7, elem type=char[])
ARR 500017d3 (sz=12, trace=300000, nelems=6, elem type=char[])
OBJ 500017d4 (sz=24, trace=300000, class=java.lang.String@5000016e)
	value		500017e0
OBJ 500017d5 (sz=24, trace=300000, class=java.lang.String@5000016e)
	value		500017e1
OBJ 500017d6 (sz=24, trace=300000, class=java.lang.String@5000016e)
	value		500017de
OBJ 500017d7 (sz=16, trace=300000, class=java.nio.charset.CoderResult$2@50000031)
OBJ 500017d8 (sz=56, trace=300687, class=java.util.zip.ZipFile$ZipFileInputStream@5000055c)
	this$0		500004ec
OBJ 500017d9 (sz=40, trace=300106, class=java.lang.ref.Finalizer@5000014d)
	referent	500017d8
	queue		500003a9
	next		5000178f
	prev		5000182b
OBJ 500017da (sz=16, trace=300000, class=java.nio.charset.CoderResult$1@50000032)
OBJ 500017db (sz=24, trace=300000, class=java.nio.charset.CoderResult@50000034)
OBJ 500017dc (sz=24, trace=300000, class=java.nio.charset.CoderResult@50000034)
ARR 500017dd (sz=32, trace=300000, nelems=4, elem type=java.lang.String[]@500000c8)
	[0]		500017d5
	[1]		500017d4
	[2]		500005a2
	[3]		500017d6
ARR 500017de (sz=20, trace=300000, nelems=10, elem type=char[])
ARR 500017df (sz=18, trace=300000, nelems=9, elem type=char[])
ARR 500017e0 (sz=16, trace=300000, nelems=8, elem type=char[])
ARR 500017e1 (sz=18, trace=300000, nelems=9, elem type=char[])
ARR 500017e2 (sz=6, trace=300000, nelems=3, elem type=char[])
OBJ 500017e3 (sz=24, trace=300000, class=java.lang.String@5000016e)
	value		500017ea
OBJ 500017e5 (sz=16, trace=300157, class=java.lang.Object@50000172)
OBJ 500017e6 (sz=32, trace=300159, class=java.util.concurrent.ConcurrentHashMap$Node@50000024)
	key		50000c0c
	val		500017e5
OBJ 500017e7 (sz=16, trace=300160, class=java.lang.Object@50000172)
OBJ 500017e8 (sz=32, trace=300159, class=java.util.concurrent.ConcurrentHashMap$Node@50000024)
	key		50000c0c
	val		500017e7
ARR 500017e9 (sz=32, trace=300000, nelems=4, elem type=java.lang.String[]@500000c8)
	[0]		500017c5
	[1]		500017c2
	[2]		500017c3
	[3]		500017c4
ARR 500017ea (sz=2, trace=300000, nelems=1, elem type=char[])
ARR 500017eb (sz=24, trace=300000, nelems=2, elem type=java.lang.Object[]@50000108)
	[0]		500013ff
	[1]		500004b0
ARR 500017ec (sz=20, trace=300000, nelems=10, elem type=char[])
ARR 500017ed (sz=16, trace=300000, nelems=8, elem type=char[])
ARR 500017ee (sz=24, trace=300000, nelems=2, elem type=java.lang.Object[]@50000108)
	[0]		50001422
	[1]		500004ea
ARR 500017ef (sz=12, trace=300000, nelems=6, elem type=char[])
ARR 500017f0 (sz=32, trace=300000, nelems=3, elem type=java.lang.Object[]@50000108)
	[0]		5000142b
	[1]		5000163c
	[2]		500017f1
ARR 500017f1 (sz=24, trace=300000, nelems=1, elem type=java.lang.Object[]@50000108)
	[0]		50001426
OBJ 500017f2 (sz=24, trace=300000, class=java.lang.String@5000016e)
	value		500017f8
OBJ 500017f3 (sz=24, trace=300000, class=java.lang.String@5000016e)
	value		500017f7
ARR 500017f4 (sz=512, trace=300000, nelems=256, elem type=char[])
ARR 500017f5 (sz=3072, trace=300000, nelems=1536, elem type=char[])
ARR 500017f6 (sz=512, trace=300000, nelems=256, elem type=char[])
ARR 500017f7 (sz=512, trace=300000, nelems=256, elem type=char[])
ARR 500017f8 (sz=12, trace=300000, nelems=6, elem type=char[])
ARR 500017f9 (sz=24, trace=300000, nelems=1, elem type=java.lang.Object[]@50000108)
	[0]		50001429
ARR 500017fa (sz=32, trace=300000, nelems=3, elem type=java.lang.Object[]@50000108)
	[0]		50001425
	[2]		500017fb
ARR 500017fb (sz=24, trace=300000, nelems=2, elem type=java.lang.Object[]@50000108)
	[0]		50001424
	[1]		500004d8
ARR 500017fc (sz=16, trace=300000, nelems=8, elem type=char[])
ARR 500017fd (sz=20, trace=300000, nelems=10, elem type=char[])
ARR 500017fe (sz=38, trace=300000, nelems=19, elem type=char[])
ARR 500017ff (sz=26, trace=300000, nelems=13, elem type=char[])
ARR 50001800 (sz=2, trace=300000, nelems=1, elem type=char[])
OBJ 50001801 (sz=16, trace=300000, class=java.lang.Object@50000172)
OBJ 50001802 (sz=56, trace=300687, class=java.util.zip.ZipFile$ZipFileInputStream@5000055c)
ARR 50001803 (sz=30, trace=300000, nelems=15, elem type=char[])
ARR 50001804 (sz=56, trace=300000, nelems=28, elem type=char[])
ARR 50001805 (sz=64, trace=300000, nelems=32, elem type=char[])
ARR 50001806 (sz=28, trace=300000, nelems=14, elem type=char[])
ARR 50001807 (sz=60, trace=300000, nelems=30, elem type=char[])
OBJ 50001808 (sz=24, trace=300000, class=java.lang.String@5000016e)
	value		50001826
OBJ 50001809 (sz=24, trace=300000, class=java.lang.String@5000016e)
	value		50001825
OBJ 5000180a (sz=24, trace=300000, class=java.lang.String@5000016e)
	value		5000182d
OBJ 5000180b (sz=24, trace=300000, class=java.lang.String@5000016e)
	value		50001829
OBJ 5000180c (sz=24, trace=300000, class=java.lang.String@5000016e)
	value		5000182c
OBJ 5000180d (sz=24, trace=300000, class=java.lang.String@5000016e)
	value		5000182e
OBJ 5000180e (sz=24, trace=300000, class=java.lang.String@5000016e)
	value		50001832
OBJ 50001811 (sz=16, trace=300157, class=java.lang.Object@50000172)
OBJ 50001812 (sz=32, trace=300159, class=java.util.concurrent.ConcurrentHashMap$Node@50000024)
	key		50000ad5
	val		50001811
	next		5000018d
OBJ 50001813 (sz=16, trace=300160, class=java.lang.Object@50000172)
OBJ 50001814 (sz=32, trace=300159, class=java.util.concurrent.ConcurrentHashMap$Node@50000024)
	key		50000ad5
	val		50001813
	next		500001aa
OBJ 50001815 (sz=16, trace=300157, class=java.lang.Object@50000172)
OBJ 50001816 (sz=32, trace=300159, class=java.util.concurrent.ConcurrentHashMap$Node@50000024)
	key		50000c00
	val		50001815
OBJ 50001817 (sz=16, trace=300160, class=java.lang.Object@50000172)
OBJ 50001818 (sz=32, trace=300159, class=java.util.concurrent.ConcurrentHashMap$Node@50000024)
	key		50000c00
	val		50001817
OBJ 50001819 (sz=24, trace=300000, class=java.lang.String@5000016e)
	value		50001830
OBJ 5000181a (sz=24, trace=300000, class=java.lang.String@5000016e)
	value		50001831
OBJ 5000181b (sz=24, trace=300000, class=java.lang.String@5000016e)
	value		5000182f
OBJ 5000181c (sz=24, trace=300000, class=java.lang.String@5000016e)
	value		50001827
OBJ 5000181d (sz=24, trace=300000, class=java.lang.String@5000016e)
	value		50001823
OBJ 5000181e (sz=24, trace=300000, class=java.lang.String@5000016e)
	value		50001828
OBJ 5000181f (sz=24, trace=300000, class=java.lang.String@5000016e)
	value		50001824
OBJ 50001820 (sz=24, trace=300000, class=java.lang.String@5000016e)
	value		50001833
OBJ 50001821 (sz=24, trace=300000, class=java.lang.String@5000016e)
	value		50001835
OBJ 50001822 (sz=24, trace=300000, class=java.lang.String@5000016e)
	value		50001834
ARR 50001823 (sz=32, trace=300000, nelems=16, elem type=char[])
ARR 50001824 (sz=34, trace=300000, nelems=17, elem type=char[])
ARR 50001825 (sz=24, trace=300000, nelems=12, elem type=char[])
ARR 50001826 (sz=20, trace=300000, nelems=10, elem type=char[])
ARR 50001827 (sz=20, trace=300000, nelems=10, elem type=char[])
ARR 50001828 (sz=12, trace=300000, nelems=6, elem type=char[])
ARR 50001829 (sz=28, trace=300000, nelems=14, elem type=char[])
OBJ 5000182a (sz=56, trace=300687, class=java.util.zip.ZipFile$ZipFileInputStream@5000055c)
	this$0		500004ec
OBJ 5000182b (sz=40, trace=300106, class=java.lang.ref.Finalizer@5000014d)
	referent	5000182a
	queue		500003a9
	next		500017d9
	prev		50001899
ARR 5000182c (sz=28, trace=300000, nelems=14, elem type=char[])
ARR 5000182d (sz=44, trace=300000, nelems=22, elem type=char[])
ARR 5000182e (sz=40, trace=300000, nelems=20, elem type=char[])
ARR 5000182f (sz=44, trace=300000, nelems=22, elem type=char[])
ARR 50001830 (sz=42, trace=300000, nelems=21, elem type=char[])
ARR 50001831 (sz=48, trace=300000, nelems=24, elem type=char[])
ARR 50001832 (sz=36, trace=300000, nelems=18, elem type=char[])
ARR 50001833 (sz=38, trace=300000, nelems=19, elem type=char[])
ARR 50001834 (sz=42, trace=300000, nelems=21, elem type=char[])
ARR 50001835 (sz=40, trace=300000, nelems=20, elem type=char[])
OBJ 50001836 (sz=24, trace=300000, class=java.lang.String@5000016e)
	value		50001837
ARR 50001837 (sz=18, trace=300000, nelems=9, elem type=char[])
ARR 50001838 (sz=18, trace=300000, nelems=9, elem type=char[])
OBJ 5000183a (sz=16, trace=300157, class=java.lang.Object@50000172)
OBJ 5000183b (sz=32, trace=300683, class=java.util.concurrent.ConcurrentHashMap$Node@50000024)
	key		50000b71
	val		5000183a
OBJ 5000183c (sz=16, trace=300160, class=java.lang.Object@50000172)
OBJ 5000183d (sz=32, trace=300683, class=java.util.concurrent.ConcurrentHashMap$Node@50000024)
	key		50000b71
	val		5000183c
ARR 5000183e (sz=26, trace=300000, nelems=13, elem type=char[])
ARR 5000183f (sz=38, trace=300000, nelems=19, elem type=char[])
ARR 50001840 (sz=18, trace=300000, nelems=9, elem type=char[])
ARR 50001841 (sz=12, trace=300000, nelems=6, elem type=char[])
ARR 50001842 (sz=28, trace=300000, nelems=14, elem type=char[])
ARR 50001843 (sz=16, trace=300000, nelems=8, elem type=char[])
ARR 50001844 (sz=14, trace=300000, nelems=7, elem type=char[])
ARR 50001845 (sz=18, trace=300000, nelems=9, elem type=char[])
ARR 50001846 (sz=24, trace=300000, nelems=12, elem type=char[])
OBJ 50001847 (sz=24, trace=300000, class=java.lang.String@5000016e)
	value		50001986
OBJ 50001848 (sz=24, trace=300000, class=java.lang.String@5000016e)
	value		50001985
OBJ 50001849 (sz=24, trace=300000, class=java.lang.String@5000016e)
	value		50001983
OBJ 5000184a (sz=24, trace=300000, class=java.lang.String@5000016e)
	value		50001982
OBJ 5000184b (sz=24, trace=300000, class=java.lang.String@5000016e)
	value		50001981
OBJ 5000184c (sz=24, trace=300000, class=java.lang.String@5000016e)
	value		50001850
OBJ 5000184d (sz=24, trace=300000, class=java.lang.String@5000016e)
	value		5000184f
OBJ 5000184e (sz=56, trace=300687, class=java.util.zip.ZipFile$ZipFileInputStream@5000055c)
ARR 5000184f (sz=30, trace=300000, nelems=15, elem type=char[])
ARR 50001850 (sz=18, trace=300000, nelems=9, elem type=char[])
OBJ 50001851 (sz=24, trace=300000, class=java.lang.String@5000016e)
	value		50001852
ARR 50001852 (sz=6, trace=300000, nelems=3, elem type=char[])
OBJ 50001853 (sz=24, trace=300000, class=java.lang.String@5000016e)
	value		50001980
OBJ 50001854 (sz=24, trace=300000, class=java.lang.String@5000016e)
	value		50001856
OBJ 50001855 (sz=24, trace=300000, class=java.lang.String@5000016e)
	value		50001857
ARR 50001856 (sz=38, trace=300000, nelems=19, elem type=char[])
ARR 50001857 (sz=68, trace=300000, nelems=34, elem type=char[])
OBJ 50001858 (sz=24, trace=300000, class=java.lang.String@5000016e)
	value		50001968
OBJ 50001859 (sz=24, trace=300000, class=java.lang.String@5000016e)
	value		50001966
OBJ 5000185b (sz=16, trace=300157, class=java.lang.Object@50000172)
OBJ 5000185c (sz=32, trace=300159, class=java.util.concurrent.ConcurrentHashMap$Node@50000024)
	key		50000cac
	val		5000185b
OBJ 5000185d (sz=16, trace=300160, class=java.lang.Object@50000172)
OBJ 5000185e (sz=32, trace=300159, class=java.util.concurrent.ConcurrentHashMap$Node@50000024)
	key		50000cac
	val		5000185d
OBJ 50001860 (sz=16, trace=300157, class=java.lang.Object@50000172)
OBJ 50001861 (sz=32, trace=300159, class=java.util.concurrent.ConcurrentHashMap$Node@50000024)
	key		50000cf9
	val		50001860
OBJ 50001862 (sz=16, trace=300160, class=java.lang.Object@50000172)
OBJ 50001863 (sz=32, trace=300159, class=java.util.concurrent.ConcurrentHashMap$Node@50000024)
	key		50000cf9
	val		50001862
OBJ 50001865 (sz=16, trace=300157, class=java.lang.Object@50000172)
OBJ 50001866 (sz=48, trace=300000, class=java.util.HashMap@500000c6)
	table		50001ed3
OBJ 50001867 (sz=16, trace=300160, class=java.lang.Object@50000172)
OBJ 50001868 (sz=32, trace=300000, class=java.util.HashMap$Node@500000c4)
	key		50001907
	value		50001906
	next		50001905
OBJ 5000186a (sz=16, trace=300157, class=java.lang.Object@50000172)
OBJ 5000186b (sz=32, trace=300159, class=java.util.concurrent.ConcurrentHashMap$Node@50000024)
	key		50000bec
	val		5000186a
OBJ 5000186c (sz=16, trace=300160, class=java.lang.Object@50000172)
OBJ 5000186d (sz=32, trace=300159, class=java.util.concurrent.ConcurrentHashMap$Node@50000024)
	key		50000bec
	val		5000186c
OBJ 5000186f (sz=16, trace=300157, class=java.lang.Object@50000172)
OBJ 50001870 (sz=32, trace=300683, class=java.util.concurrent.ConcurrentHashMap$Node@50000024)
	key		50000b24
	val		5000186f
OBJ 50001871 (sz=16, trace=300160, class=java.lang.Object@50000172)
OBJ 50001872 (sz=32, trace=300683, class=java.util.concurrent.ConcurrentHashMap$Node@50000024)
	key		50000b24
	val		50001871
OBJ 50001873 (sz=32, trace=300000, class=java.util.HashMap$Node@500000c4)
	key		500018fa
	value		500018f9
OBJ 50001874 (sz=32, trace=300000, class=java.util.HashMap$Node@500000c4)
	key		500018ef
	value		500018ee
OBJ 50001875 (sz=32, trace=300000, class=java.util.HashMap$Node@500000c4)
	key		500018e3
	value		500018e2
OBJ 50001876 (sz=32, trace=300000, class=java.util.HashMap$Node@500000c4)
	key		500018d8
	value		500018d7
OBJ 50001877 (sz=32, trace=300000, class=java.util.HashMap$Node@500000c4)
	key		500018b8
	value		500018b7
	next		500018b3
OBJ 50001878 (sz=32, trace=300000, class=java.util.HashMap$Node@500000c4)
	key		500018a3
	value		500018a2
OBJ 50001879 (sz=32, trace=300000, class=java.util.HashMap$Node@500000c4)
	key		50001891
	value		50001890
OBJ 5000187a (sz=32, trace=300000, class=java.util.HashMap$Node@500000c4)
	key		50001888
	value		50001887
OBJ 5000187b (sz=32, trace=300000, class=java.util.HashMap$Node@500000c4)
	key		5000187d
	value		5000187c
OBJ 5000187c (sz=24, trace=300000, class=sun.misc.MetaIndex@50000040)
	contents	50001880
OBJ 5000187d (sz=32, trace=300000, class=java.io.File@5000011b)
	path		5000187e
OBJ 5000187e (sz=24, trace=300000, class=java.lang.String@5000016e)
	value		5000187f
ARR 5000187f (sz=118, trace=300000, nelems=59, elem type=char[])
ARR 50001880 (sz=24, trace=300000, nelems=2, elem type=java.lang.String[]@500000c8)
	[0]		50001881
	[1]		50001882
OBJ 50001881 (sz=24, trace=300000, class=java.lang.String@5000016e)
	value		50001884
OBJ 50001882 (sz=24, trace=300000, class=java.lang.String@5000016e)
	value		50001883
ARR 50001883 (sz=16, trace=300000, nelems=8, elem type=char[])
ARR 50001884 (sz=16, trace=300000, nelems=8, elem type=char[])
OBJ 50001885 (sz=24, trace=300369, class=java.lang.String@5000016e)
	value		50001886
ARR 50001886 (sz=52, trace=300370, nelems=26, elem type=char[])
OBJ 50001887 (sz=24, trace=300000, class=sun.misc.MetaIndex@50000040)
	contents	5000188b
OBJ 50001888 (sz=32, trace=300000, class=java.io.File@5000011b)
	path		50001889
OBJ 50001889 (sz=24, trace=300000, class=java.lang.String@5000016e)
	value		5000188a
ARR 5000188a (sz=134, trace=300000, nelems=67, elem type=char[])
ARR 5000188b (sz=24, trace=300000, nelems=1, elem type=java.lang.String[]@500000c8)
	[0]		5000188c
OBJ 5000188c (sz=24, trace=300000, class=java.lang.String@5000016e)
	value		5000188d
ARR 5000188d (sz=54, trace=300000, nelems=27, elem type=char[])
ARR 5000188e (sz=32, trace=300000, nelems=3, elem type=java.lang.String[]@500000c8)
	[0]		50001eec
	[1]		50001eee
	[2]		50001ef0
ARR 5000188f (sz=152, trace=300000, nelems=33, elem type=java.lang.String[]@500000c8)
	[0]		50001f16
	[1]		50001f18
	[2]		50001f1a
	[3]		50001f1c
	[4]		50001f1e
	[5]		50001f20
	[6]		50001f22
	[7]		50001f24
	[8]		50001f26
	[9]		50001f28
	[10]		50001f2a
	[11]		50001f2d
	[12]		50001f2f
	[13]		50001f31
	[14]		50001f33
	[15]		50001f35
	[16]		50001f38
	[17]		50001f3a
	[18]		50001f3c
	[19]		50001f3e
	[20]		50001f40
	[21]		50001f42
	[22]		50001f44
	[23]		50001f47
	[24]		50001f49
	[25]		50001f4b
	[26]		50001f4d
	[27]		50001f4f
	[28]		50001f51
	[29]		50001f53
	[30]		50001f55
	[31]		50001f57
	[32]		50001f59
OBJ 50001890 (sz=24, trace=300000, class=sun.misc.MetaIndex@50000040)
	contents	50001896
OBJ 50001891 (sz=32, trace=300000, class=java.io.File@5000011b)
	path		50001892
OBJ 50001892 (sz=24, trace=300000, class=java.lang.String@5000016e)
	value		50001895
OBJ 50001893 (sz=56, trace=300443, class=java.lang.Package@500005db)
	pkgName		50001885
	loader		500003b3
OBJ 50001894 (sz=32, trace=300221, class=java.util.HashMap$Node@500000c4)
	key		50001885
	value		50001893
ARR 50001895 (sz=120, trace=300000, nelems=60, elem type=char[])
ARR 50001896 (sz=32, trace=300000, nelems=3, elem type=java.lang.String[]@500000c8)
	[0]		50001897
	[1]		5000189a
	[2]		5000189b
OBJ 50001897 (sz=24, trace=300000, class=java.lang.String@5000016e)
	value		500018a1
OBJ 50001898 (sz=56, trace=300687, class=java.util.zip.ZipFile$ZipFileInputStream@5000055c)
	this$0		500004ec
OBJ 50001899 (sz=40, trace=300106, class=java.lang.ref.Finalizer@5000014d)
	referent	50001898
	queue		500003a9
	next		5000182b
	prev		500018ff
OBJ 5000189a (sz=24, trace=300000, class=java.lang.String@5000016e)
	value		5000189d
OBJ 5000189b (sz=24, trace=300000, class=java.lang.String@5000016e)
	value		5000189c
ARR 5000189c (sz=40, trace=300000, nelems=20, elem type=char[])
ARR 5000189d (sz=42, trace=300000, nelems=21, elem type=char[])
OBJ 5000189e (sz=24, trace=300668, class=java.lang.String@5000016e)
	value		5000189f
ARR 5000189f (sz=52, trace=300669, nelems=26, elem type=char[])
OBJ 500018a0 (sz=32, trace=300671, class=java.util.concurrent.ConcurrentHashMap$Node@50000024)
	key		5000189e
	val		50000a90
ARR 500018a1 (sz=24, trace=300000, nelems=12, elem type=char[])
OBJ 500018a2 (sz=24, trace=300000, class=sun.misc.MetaIndex@50000040)
	contents	500018ac
OBJ 500018a3 (sz=32, trace=300000, class=java.io.File@5000011b)
	path		500018a4
OBJ 500018a4 (sz=24, trace=300000, class=java.lang.String@5000016e)
	value		500018a9
OBJ 500018a6 (sz=16, trace=300157, class=java.lang.Object@50000172)
OBJ 500018a7 (sz=32, trace=300159, class=java.util.concurrent.ConcurrentHashMap$Node@50000024)
	key		50000c75
	val		500018a6
OBJ 500018a8 (sz=56, trace=300687, class=java.util.zip.ZipFile$ZipFileInputStream@5000055c)
ARR 500018a9 (sz=120, trace=300000, nelems=60, elem type=char[])
OBJ 500018aa (sz=16, trace=300160, class=java.lang.Object@50000172)
OBJ 500018ab (sz=32, trace=300159, class=java.util.concurrent.ConcurrentHashMap$Node@50000024)
	key		50000c75
	val		500018aa
ARR 500018ac (sz=32, trace=300000, nelems=3, elem type=java.lang.String[]@500000c8)
	[0]		500018ad
	[1]		500018ae
	[2]		500018af
OBJ 500018ad (sz=24, trace=300000, class=java.lang.String@5000016e)
	value		500018b2
OBJ 500018ae (sz=24, trace=300000, class=java.lang.String@5000016e)
	value		500018b1
OBJ 500018af (sz=24, trace=300000, class=java.lang.String@5000016e)
	value		500018b0
ARR 500018b0 (sz=40, trace=300000, nelems=20, elem type=char[])
ARR 500018b1 (sz=42, trace=300000, nelems=21, elem type=char[])
ARR 500018b2 (sz=24, trace=300000, nelems=12, elem type=char[])
OBJ 500018b3 (sz=32, trace=300000, class=java.util.HashMap$Node@500000c4)
	key		500018c7
	value		500018c6
OBJ 500018b5 (sz=16, trace=300157, class=java.lang.Object@50000172)
OBJ 500018b6 (sz=32, trace=300683, class=java.util.concurrent.ConcurrentHashMap$Node@50000024)
	key		50000b94
	val		500018b5
	next		50000fff
OBJ 500018b7 (sz=24, trace=300000, class=sun.misc.MetaIndex@50000040)
	contents	500018be
OBJ 500018b8 (sz=32, trace=300000, class=java.io.File@5000011b)
	path		500018b9
OBJ 500018b9 (sz=24, trace=300000, class=java.lang.String@5000016e)
	value		500018bb
OBJ 500018ba (sz=32, trace=300695, class=java.util.concurrent.ConcurrentHashMap$Node@50000024)
	key		50000c2c
	val		5000084c
ARR 500018bb (sz=116, trace=300000, nelems=58, elem type=char[])
OBJ 500018bc (sz=32, trace=300695, class=java.util.concurrent.ConcurrentHashMap$Node@50000024)
	key		50000ace
	val		500011b9
OBJ 500018bd (sz=32, trace=300695, class=java.util.concurrent.ConcurrentHashMap$Node@50000024)
	key		50000ae2
	val		500015f5
ARR 500018be (sz=24, trace=300000, nelems=1, elem type=java.lang.String[]@500000c8)
	[0]		500018c0
OBJ 500018bf (sz=32, trace=300696, class=java.util.concurrent.ConcurrentHashMap$Node@50000024)
	key		50000bc4
	val		50000a71
OBJ 500018c0 (sz=24, trace=300000, class=java.lang.String@5000016e)
	value		500018c1
ARR 500018c1 (sz=54, trace=300000, nelems=27, elem type=char[])
OBJ 500018c2 (sz=32, trace=300696, class=java.util.concurrent.ConcurrentHashMap$Node@50000024)
	key		50000bee
	val		5000085f
OBJ 500018c3 (sz=32, trace=300695, class=java.util.concurrent.ConcurrentHashMap$Node@50000024)
	key		50000b5b
	val		50000ad7
OBJ 500018c4 (sz=16, trace=300160, class=java.lang.Object@50000172)
OBJ 500018c5 (sz=32, trace=300683, class=java.util.concurrent.ConcurrentHashMap$Node@50000024)
	key		50000b94
	val		500018c4
	next		50001001
OBJ 500018c6 (sz=24, trace=300000, class=sun.misc.MetaIndex@50000040)
	contents	500018cd
OBJ 500018c7 (sz=32, trace=300000, class=java.io.File@5000011b)
	path		500018c8
OBJ 500018c8 (sz=24, trace=300000, class=java.lang.String@5000016e)
	value		500018ca
OBJ 500018c9 (sz=32, trace=300695, class=java.util.concurrent.ConcurrentHashMap$Node@50000024)
	key		50000c2c
	val		5000084e
ARR 500018ca (sz=112, trace=300000, nelems=56, elem type=char[])
OBJ 500018cb (sz=32, trace=300695, class=java.util.concurrent.ConcurrentHashMap$Node@50000024)
	key		50000ace
	val		500011bb
OBJ 500018cc (sz=32, trace=300695, class=java.util.concurrent.ConcurrentHashMap$Node@50000024)
	key		50000ae2
	val		500015f7
ARR 500018cd (sz=32, trace=300000, nelems=3, elem type=java.lang.String[]@500000c8)
	[0]		500018cf
	[1]		500018d0
	[2]		500018d3
OBJ 500018ce (sz=32, trace=300696, class=java.util.concurrent.ConcurrentHashMap$Node@50000024)
	key		50000bc4
	val		50000a73
OBJ 500018cf (sz=24, trace=300000, class=java.lang.String@5000016e)
	value		500018d6
OBJ 500018d0 (sz=24, trace=300000, class=java.lang.String@5000016e)
	value		500018d5
OBJ 500018d1 (sz=32, trace=300696, class=java.util.concurrent.ConcurrentHashMap$Node@50000024)
	key		50000bee
	val		50000861
OBJ 500018d2 (sz=32, trace=300695, class=java.util.concurrent.ConcurrentHashMap$Node@50000024)
	key		50000b5b
	val		50000ad9
OBJ 500018d3 (sz=24, trace=300000, class=java.lang.String@5000016e)
	value		500018d4
ARR 500018d4 (sz=40, trace=300000, nelems=20, elem type=char[])
ARR 500018d5 (sz=42, trace=300000, nelems=21, elem type=char[])
ARR 500018d6 (sz=24, trace=300000, nelems=12, elem type=char[])
OBJ 500018d7 (sz=24, trace=300000, class=sun.misc.MetaIndex@50000040)
	contents	500018db
OBJ 500018d8 (sz=32, trace=300000, class=java.io.File@5000011b)
	path		500018d9
OBJ 500018d9 (sz=24, trace=300000, class=java.lang.String@5000016e)
	value		500018da
ARR 500018da (sz=122, trace=300000, nelems=61, elem type=char[])
ARR 500018db (sz=24, trace=300000, nelems=2, elem type=java.lang.String[]@500000c8)
	[0]		500018dc
	[1]		500018dd
OBJ 500018dc (sz=24, trace=300000, class=java.lang.String@5000016e)
	value		500018df
OBJ 500018dd (sz=24, trace=300000, class=java.lang.String@5000016e)
	value		500018de
ARR 500018de (sz=16, trace=300000, nelems=8, elem type=char[])
ARR 500018df (sz=16, trace=300000, nelems=8, elem type=char[])
ARR 500018e0 (sz=24, trace=300000, nelems=2, elem type=java.lang.String[]@500000c8)
	[0]		50001f00
	[1]		50001f02
ARR 500018e1 (sz=168, trace=300000, nelems=37, elem type=java.lang.String[]@500000c8)
	[0]		50001f69
	[1]		50001f6b
	[2]		50001f6d
	[3]		50001f6f
	[4]		50001f71
	[5]		50001f73
	[6]		50001f75
	[7]		50001f77
	[8]		50001f79
	[9]		50001f7b
	[10]		50001f7d
	[11]		50001f7f
	[12]		50001f81
	[13]		50001f83
	[14]		50001f85
	[15]		50001f87
	[16]		50001f89
	[17]		50001f8b
	[18]		50001f8d
	[19]		50001f8f
	[20]		50001f91
	[21]		50001f93
	[22]		50001f95
	[23]		50001f97
	[24]		50001f99
	[25]		50001f9b
	[26]		50001f9d
	[27]		50001f9f
	[28]		50001fa1
	[29]		50001fa3
	[30]		50001fa5
	[31]		50001fa7
	[32]		50001fa9
	[33]		50001fab
	[34]		50001fae
	[35]		50001fb0
	[36]		50001fb2
OBJ 500018e2 (sz=24, trace=300000, class=sun.misc.MetaIndex@50000040)
	contents	500018e6
OBJ 500018e3 (sz=32, trace=300000, class=java.io.File@5000011b)
	path		500018e4
OBJ 500018e4 (sz=24, trace=300000, class=java.lang.String@5000016e)
	value		500018e5
ARR 500018e5 (sz=132, trace=300000, nelems=66, elem type=char[])
ARR 500018e6 (sz=32, trace=300000, nelems=3, elem type=java.lang.String[]@500000c8)
	[0]		500018e7
	[1]		500018e8
	[2]		500018e9
OBJ 500018e7 (sz=24, trace=300000, class=java.lang.String@5000016e)
	value		500018ec
OBJ 500018e8 (sz=24, trace=300000, class=java.lang.String@5000016e)
	value		500018eb
OBJ 500018e9 (sz=24, trace=300000, class=java.lang.String@5000016e)
	value		500018ea
ARR 500018ea (sz=40, trace=300000, nelems=20, elem type=char[])
ARR 500018eb (sz=42, trace=300000, nelems=21, elem type=char[])
ARR 500018ec (sz=30, trace=300000, nelems=15, elem type=char[])
ARR 500018ed (sz=24, trace=300000, nelems=2, elem type=java.lang.String[]@500000c8)
	[0]		50001ec2
	[1]		50001ec5
OBJ 500018ee (sz=24, trace=300000, class=sun.misc.MetaIndex@50000040)
	contents	500018f2
OBJ 500018ef (sz=32, trace=300000, class=java.io.File@5000011b)
	path		500018f0
OBJ 500018f0 (sz=24, trace=300000, class=java.lang.String@5000016e)
	value		500018f1
ARR 500018f1 (sz=116, trace=300000, nelems=58, elem type=char[])
ARR 500018f2 (sz=32, trace=300000, nelems=3, elem type=java.lang.String[]@500000c8)
	[0]		500018f3
	[1]		500018f4
	[2]		500018f5
OBJ 500018f3 (sz=24, trace=300000, class=java.lang.String@5000016e)
	value		500018f8
OBJ 500018f4 (sz=24, trace=300000, class=java.lang.String@5000016e)
	value		500018f7
OBJ 500018f5 (sz=24, trace=300000, class=java.lang.String@5000016e)
	value		500018f6
ARR 500018f6 (sz=24, trace=300000, nelems=12, elem type=char[])
ARR 500018f7 (sz=100, trace=300000, nelems=50, elem type=char[])
ARR 500018f8 (sz=22, trace=300000, nelems=11, elem type=char[])
OBJ 500018f9 (sz=24, trace=300000, class=sun.misc.MetaIndex@50000040)
	contents	500018fd
OBJ 500018fa (sz=32, trace=300000, class=java.io.File@5000011b)
	path		500018fb
OBJ 500018fb (sz=24, trace=300000, class=java.lang.String@5000016e)
	value		500018fc
ARR 500018fc (sz=112, trace=300000, nelems=56, elem type=char[])
ARR 500018fd (sz=24, trace=300000, nelems=2, elem type=java.lang.String[]@500000c8)
	[0]		50001900
	[1]		50001901
OBJ 500018fe (sz=56, trace=300687, class=java.util.zip.ZipFile$ZipFileInputStream@5000055c)
	this$0		500004ec
OBJ 500018ff (sz=40, trace=300106, class=java.lang.ref.Finalizer@5000014d)
	referent	500018fe
	queue		500003a9
	next		50001899
	prev		50001956
OBJ 50001900 (sz=24, trace=300000, class=java.lang.String@5000016e)
	value		50001903
OBJ 50001901 (sz=24, trace=300000, class=java.lang.String@5000016e)
	value		50001902
ARR 50001902 (sz=14, trace=300000, nelems=7, elem type=char[])
ARR 50001903 (sz=126, trace=300000, nelems=63, elem type=char[])
ARR 50001904 (sz=32, trace=300000, nelems=4, elem type=java.lang.String[]@500000c8)
	[0]		50001ed6
	[1]		50001ed8
	[2]		50001eda
	[3]		50001edc
OBJ 50001905 (sz=32, trace=300000, class=java.util.HashMap$Node@500000c4)
	key		50001921
	value		50001920
OBJ 50001906 (sz=24, trace=300000, class=sun.misc.MetaIndex@50000040)
	contents	5000190b
OBJ 50001907 (sz=32, trace=300000, class=java.io.File@5000011b)
	path		50001909
OBJ 50001908 (sz=56, trace=300687, class=java.util.zip.ZipFile$ZipFileInputStream@5000055c)
OBJ 50001909 (sz=24, trace=300000, class=java.lang.String@5000016e)
	value		5000190a
ARR 5000190a (sz=112, trace=300000, nelems=56, elem type=char[])
ARR 5000190b (sz=24, trace=300000, nelems=2, elem type=java.lang.String[]@500000c8)
	[0]		50001916
	[1]		50001918
OBJ 5000190d (sz=16, trace=300157, class=java.lang.Object@50000172)
OBJ 5000190e (sz=32, trace=300683, class=java.util.concurrent.ConcurrentHashMap$Node@50000024)
	key		50000bae
	val		5000190d
OBJ 5000190f (sz=16, trace=300160, class=java.lang.Object@50000172)
OBJ 50001910 (sz=32, trace=300683, class=java.util.concurrent.ConcurrentHashMap$Node@50000024)
	key		50000bae
	val		5000190f
OBJ 50001911 (sz=16, trace=300157, class=java.lang.Object@50000172)
OBJ 50001912 (sz=32, trace=300159, class=java.util.concurrent.ConcurrentHashMap$Node@50000024)
	key		50000c6d
	val		50001911
OBJ 50001913 (sz=16, trace=300160, class=java.lang.Object@50000172)
OBJ 50001915 (sz=16, trace=300157, class=java.lang.Object@50000172)
OBJ 50001916 (sz=24, trace=300000, class=java.lang.String@5000016e)
	value		5000191f
OBJ 50001917 (sz=16, trace=300160, class=java.lang.Object@50000172)
OBJ 50001918 (sz=24, trace=300000, class=java.lang.String@5000016e)
	value		5000191e
OBJ 50001919 (sz=32, trace=300159, class=java.util.concurrent.ConcurrentHashMap$Node@50000024)
	key		50000c6d
	val		50001913
OBJ 5000191a (sz=16, trace=300157, class=java.lang.Object@50000172)
OBJ 5000191b (sz=32, trace=300159, class=java.util.concurrent.ConcurrentHashMap$Node@50000024)
	key		50000bcb
	val		5000191a
OBJ 5000191c (sz=16, trace=300160, class=java.lang.Object@50000172)
OBJ 5000191d (sz=32, trace=300159, class=java.util.concurrent.ConcurrentHashMap$Node@50000024)
	key		50000bcb
	val		5000191c
ARR 5000191e (sz=24, trace=300000, nelems=12, elem type=char[])
ARR 5000191f (sz=108, trace=300000, nelems=54, elem type=char[])
OBJ 50001920 (sz=24, trace=300000, class=sun.misc.MetaIndex@50000040)
	contents	50001924
OBJ 50001921 (sz=32, trace=300000, class=java.io.File@5000011b)
	path		50001922
OBJ 50001922 (sz=24, trace=300000, class=java.lang.String@5000016e)
	value		50001923
ARR 50001923 (sz=112, trace=300000, nelems=56, elem type=char[])
ARR 50001924 (sz=128, trace=300000, nelems=28, elem type=java.lang.String[]@500000c8)
	[0]		50001925
	[1]		50001926
	[2]		50001927
	[3]		50001928
	[4]		50001929
	[5]		5000192a
	[6]		5000192b
	[7]		5000192c
	[8]		5000192d
	[9]		5000192e
	[10]		5000192f
	[11]		50001930
	[12]		50001931
	[13]		50001932
	[14]		50001933
	[15]		50001934
	[16]		50001935
	[17]		50001936
	[18]		50001937
	[19]		50001938
	[20]		50001939
	[21]		5000193a
	[22]		5000193b
	[23]		5000193c
	[24]		5000193d
	[25]		5000193e
	[26]		5000193f
	[27]		50001940
OBJ 50001925 (sz=24, trace=300000, class=java.lang.String@5000016e)
	value		50001964
OBJ 50001926 (sz=24, trace=300000, class=java.lang.String@5000016e)
	value		50001963
OBJ 50001927 (sz=24, trace=300000, class=java.lang.String@5000016e)
	value		50001961
OBJ 50001928 (sz=24, trace=300000, class=java.lang.String@5000016e)
	value		5000195e
OBJ 50001929 (sz=24, trace=300000, class=java.lang.String@5000016e)
	value		5000195c
OBJ 5000192a (sz=24, trace=300000, class=java.lang.String@5000016e)
	value		5000195a
OBJ 5000192b (sz=24, trace=300000, class=java.lang.String@5000016e)
	value		50001959
OBJ 5000192c (sz=24, trace=300000, class=java.lang.String@5000016e)
	value		50001958
OBJ 5000192d (sz=24, trace=300000, class=java.lang.String@5000016e)
	value		50001957
OBJ 5000192e (sz=24, trace=300000, class=java.lang.String@5000016e)
	value		50001954
OBJ 5000192f (sz=24, trace=300000, class=java.lang.String@5000016e)
	value		50001953
OBJ 50001930 (sz=24, trace=300000, class=java.lang.String@5000016e)
	value		50001952
OBJ 50001931 (sz=24, trace=300000, class=java.lang.String@5000016e)
	value		50001951
OBJ 50001932 (sz=24, trace=300000, class=java.lang.String@5000016e)
	value		50001950
OBJ 50001933 (sz=24, trace=300000, class=java.lang.String@5000016e)
	value		5000194f
OBJ 50001934 (sz=24, trace=300000, class=java.lang.String@5000016e)
	value		5000194d
OBJ 50001935 (sz=24, trace=300000, class=java.lang.String@5000016e)
	value		5000194c
OBJ 50001936 (sz=24, trace=300000, class=java.lang.String@5000016e)
	value		5000194b
OBJ 50001937 (sz=24, trace=300000, class=java.lang.String@5000016e)
	value		5000194a
OBJ 50001938 (sz=24, trace=300000, class=java.lang.String@5000016e)
	value		50001949
OBJ 50001939 (sz=24, trace=300000, class=java.lang.String@5000016e)
	value		50001948
OBJ 5000193a (sz=24, trace=300000, class=java.lang.String@5000016e)
	value		50001947
OBJ 5000193b (sz=24, trace=300000, class=java.lang.String@5000016e)
	value		50001946
OBJ 5000193c (sz=24, trace=300000, class=java.lang.String@5000016e)
	value		50001945
OBJ 5000193d (sz=24, trace=300000, class=java.lang.String@5000016e)
	value		50001944
OBJ 5000193e (sz=24, trace=300000, class=java.lang.String@5000016e)
	value		50001943
OBJ 5000193f (sz=24, trace=300000, class=java.lang.String@5000016e)
	value		50001942
OBJ 50001940 (sz=24, trace=300000, class=java.lang.String@5000016e)
	value		50001941
ARR 50001941 (sz=40, trace=300000, nelems=20, elem type=char[])
ARR 50001942 (sz=24, trace=300000, nelems=12, elem type=char[])
ARR 50001943 (sz=26, trace=300000, nelems=13, elem type=char[])
ARR 50001944 (sz=26, trace=300000, nelems=13, elem type=char[])
ARR 50001945 (sz=26, trace=300000, nelems=13, elem type=char[])
ARR 50001946 (sz=32, trace=300000, nelems=16, elem type=char[])
ARR 50001947 (sz=24, trace=300000, nelems=12, elem type=char[])
ARR 50001948 (sz=26, trace=300000, nelems=13, elem type=char[])
ARR 50001949 (sz=38, trace=300000, nelems=19, elem type=char[])
ARR 5000194a (sz=22, trace=300000, nelems=11, elem type=char[])
ARR 5000194b (sz=36, trace=300000, nelems=18, elem type=char[])
ARR 5000194c (sz=38, trace=300000, nelems=19, elem type=char[])
ARR 5000194d (sz=26, trace=300000, nelems=13, elem type=char[])
OBJ 5000194e (sz=56, trace=300687, class=java.util.zip.ZipFile$ZipFileInputStream@5000055c)
ARR 5000194f (sz=38, trace=300000, nelems=19, elem type=char[])
ARR 50001950 (sz=34, trace=300000, nelems=17, elem type=char[])
ARR 50001951 (sz=30, trace=300000, nelems=15, elem type=char[])
ARR 50001952 (sz=34, trace=300000, nelems=17, elem type=char[])
ARR 50001953 (sz=28, trace=300000, nelems=14, elem type=char[])
ARR 50001954 (sz=30, trace=300000, nelems=15, elem type=char[])
OBJ 50001955 (sz=56, trace=300687, class=java.util.zip.ZipFile$ZipFileInputStream@5000055c)
	this$0		500004ec
OBJ 50001956 (sz=40, trace=300106, class=java.lang.ref.Finalizer@5000014d)
	referent	50001955
	queue		500003a9
	next		500018ff
	prev		500019be
ARR 50001957 (sz=38, trace=300000, nelems=19, elem type=char[])
ARR 50001958 (sz=54, trace=300000, nelems=27, elem type=char[])
ARR 50001959 (sz=46, trace=300000, nelems=23, elem type=char[])
ARR 5000195a (sz=30, trace=300000, nelems=15, elem type=char[])
OBJ 5000195b (sz=16, trace=300157, class=java.lang.Object@50000172)
ARR 5000195c (sz=40, trace=300000, nelems=20, elem type=char[])
OBJ 5000195d (sz=16, trace=300160, class=java.lang.Object@50000172)
ARR 5000195e (sz=34, trace=300000, nelems=17, elem type=char[])
OBJ 50001960 (sz=16, trace=300157, class=java.lang.Object@50000172)
ARR 50001961 (sz=42, trace=300000, nelems=21, elem type=char[])
OBJ 50001962 (sz=16, trace=300160, class=java.lang.Object@50000172)
ARR 50001963 (sz=66, trace=300000, nelems=33, elem type=char[])
ARR 50001964 (sz=38, trace=300000, nelems=19, elem type=char[])
ARR 50001965 (sz=26, trace=300000, nelems=13, elem type=char[])
ARR 50001966 (sz=20, trace=300000, nelems=10, elem type=char[])
ARR 50001967 (sz=12, trace=300000, nelems=6, elem type=char[])
ARR 50001968 (sz=22, trace=300000, nelems=11, elem type=char[])
ARR 50001969 (sz=16, trace=300000, nelems=0, elem type=java.lang.Throwable[]@50000100)
OBJ 5000196a (sz=24, trace=300000, class=java.lang.String@5000016e)
	value		5000197f
OBJ 5000196b (sz=24, trace=300000, class=java.lang.String@5000016e)
	value		5000197e
OBJ 5000196c (sz=24, trace=300000, class=java.lang.String@5000016e)
	value		5000197d
OBJ 5000196d (sz=16, trace=300157, class=java.lang.Object@50000172)
OBJ 5000196e (sz=32, trace=300159, class=java.util.concurrent.ConcurrentHashMap$Node@50000024)
	key		50000c15
	val		5000196d
OBJ 5000196f (sz=16, trace=300160, class=java.lang.Object@50000172)
OBJ 50001970 (sz=32, trace=300159, class=java.util.concurrent.ConcurrentHashMap$Node@50000024)
	key		50000c15
	val		5000196f
OBJ 50001974 (sz=16, trace=300157, class=java.lang.Object@50000172)
OBJ 50001975 (sz=32, trace=300159, class=java.util.concurrent.ConcurrentHashMap$Node@50000024)
	key		50000bf8
	val		50001974
OBJ 50001976 (sz=16, trace=300160, class=java.lang.Object@50000172)
OBJ 50001977 (sz=32, trace=300159, class=java.util.concurrent.ConcurrentHashMap$Node@50000024)
	key		50000bf8
	val		50001976
OBJ 50001978 (sz=24, trace=300000, class=java.lang.String@5000016e)
	value		5000197c
OBJ 50001979 (sz=24, trace=300000, class=java.util.Collections$UnmodifiableRandomAccessList@500000d3)
	c		5000197b
	list		5000197b
ARR 5000197a (sz=16, trace=300000, nelems=0, elem type=java.lang.StackTraceElement[]@500000f4)
OBJ 5000197b (sz=24, trace=300000, class=java.util.ArrayList@500000dd)
	elementData	50000df6
ARR 5000197c (sz=66, trace=300000, nelems=33, elem type=char[])
ARR 5000197d (sz=60, trace=300000, nelems=30, elem type=char[])
ARR 5000197e (sz=22, trace=300000, nelems=11, elem type=char[])
ARR 5000197f (sz=24, trace=300000, nelems=12, elem type=char[])
ARR 50001980 (sz=4, trace=300000, nelems=2, elem type=char[])
ARR 50001981 (sz=80, trace=300000, nelems=40, elem type=char[])
ARR 50001982 (sz=76, trace=300000, nelems=38, elem type=char[])
ARR 50001983 (sz=54, trace=300000, nelems=27, elem type=char[])
ARR 50001984 (sz=62, trace=300000, nelems=31, elem type=char[])
ARR 50001985 (sz=98, trace=300000, nelems=49, elem type=char[])
ARR 50001986 (sz=24, trace=300000, nelems=12, elem type=char[])
OBJ 50001987 (sz=24, trace=300000, class=java.lang.String@5000016e)
	value		5000198e
OBJ 50001988 (sz=24, trace=300000, class=java.lang.String@5000016e)
	value		5000198d
OBJ 50001989 (sz=24, trace=300000, class=java.lang.String@5000016e)
	value		5000198b
OBJ 5000198a (sz=24, trace=300000, class=java.lang.String@5000016e)
	value		5000198c
ARR 5000198b (sz=26, trace=300000, nelems=13, elem type=char[])
ARR 5000198c (sz=10, trace=300000, nelems=5, elem type=char[])
ARR 5000198d (sz=12, trace=300000, nelems=6, elem type=char[])
ARR 5000198e (sz=6, trace=300000, nelems=3, elem type=char[])
OBJ 5000198f (sz=24, trace=300000, class=java.lang.String@5000016e)
	value		50001993
ARR 50001990 (sz=22, trace=300000, nelems=11, elem type=char[])
ARR 50001991 (sz=2, trace=300000, nelems=1, elem type=char[])
ARR 50001992 (sz=8, trace=300000, nelems=4, elem type=char[])
ARR 50001993 (sz=26, trace=300000, nelems=13, elem type=char[])
OBJ 50001994 (sz=32, trace=300000, class=java.lang.ref.ReferenceQueue@5000014c)
	lock		50001995
OBJ 50001995 (sz=16, trace=300000, class=java.lang.ref.ReferenceQueue$Lock@500000d1)
OBJ 50001996 (sz=24, trace=300000, class=java.lang.String@5000016e)
	value		50001997
ARR 50001997 (sz=12, trace=300000, nelems=6, elem type=char[])
ARR 50001998 (sz=34, trace=300000, nelems=17, elem type=char[])
OBJ 50001999 (sz=56, trace=300687, class=java.util.zip.ZipFile$ZipFileInputStream@5000055c)
ARR 5000199a (sz=14, trace=300000, nelems=7, elem type=char[])
ARR 5000199b (sz=24, trace=300000, nelems=12, elem type=char[])
ARR 5000199c (sz=4, trace=300000, nelems=2, elem type=char[])
ARR 5000199d (sz=14, trace=300000, nelems=7, elem type=char[])
ARR 5000199e (sz=6, trace=300000, nelems=3, elem type=char[])
ARR 5000199f (sz=8, trace=300000, nelems=4, elem type=char[])
ARR 500019a0 (sz=6, trace=300000, nelems=3, elem type=char[])
ARR 500019a1 (sz=4, trace=300000, nelems=2, elem type=char[])
ARR 500019a2 (sz=10, trace=300000, nelems=5, elem type=char[])
ARR 500019a3 (sz=18, trace=300000, nelems=9, elem type=char[])
ARR 500019a4 (sz=16, trace=300000, nelems=8, elem type=char[])
OBJ 500019a5 (sz=24, trace=300000, class=java.lang.String@5000016e)
	value		500019b4
OBJ 500019a7 (sz=16, trace=300157, class=java.lang.Object@50000172)
OBJ 500019a8 (sz=32, trace=300159, class=java.util.concurrent.ConcurrentHashMap$Node@50000024)
	key		50000c28
	val		500019a7
OBJ 500019a9 (sz=16, trace=300160, class=java.lang.Object@50000172)
OBJ 500019aa (sz=32, trace=300159, class=java.util.concurrent.ConcurrentHashMap$Node@50000024)
	key		50000c28
	val		500019a9
OBJ 500019ab (sz=16, trace=300157, class=java.lang.Object@50000172)
OBJ 500019ac (sz=32, trace=300159, class=java.util.concurrent.ConcurrentHashMap$Node@50000024)
	key		50000b4b
	val		500019ab
OBJ 500019ad (sz=16, trace=300160, class=java.lang.Object@50000172)
OBJ 500019ae (sz=32, trace=300159, class=java.util.concurrent.ConcurrentHashMap$Node@50000024)
	key		50000b4b
	val		500019ad
OBJ 500019b0 (sz=16, trace=300157, class=java.lang.Object@50000172)
OBJ 500019b1 (sz=32, trace=300159, class=java.util.concurrent.ConcurrentHashMap$Node@50000024)
	key		50000c04
	val		500019b0
	next		50001d3c
OBJ 500019b2 (sz=16, trace=300160, class=java.lang.Object@50000172)
OBJ 500019b3 (sz=32, trace=300159, class=java.util.concurrent.ConcurrentHashMap$Node@50000024)
	key		50000c04
	val		500019b2
	next		50001d3e
ARR 500019b4 (sz=2, trace=300000, nelems=1, elem type=char[])
ARR 500019b5 (sz=18, trace=300000, nelems=9, elem type=char[])
OBJ 500019b6 (sz=40, trace=300000, class=java.io.ObjectStreamField@500000fc)
	name		50000d7b
	signature	50001094
	type		5000016e
OBJ 500019b7 (sz=40, trace=300000, class=java.io.ObjectStreamField@500000fc)
	name		50000d76
	signature	50001094
	type		5000016e
OBJ 500019b8 (sz=40, trace=300000, class=java.io.ObjectStreamField@500000fc)
	name		50000d7a
	signature	50000d44
	type		5000056a
OBJ 500019b9 (sz=40, trace=300000, class=java.io.ObjectStreamField@500000fc)
	name		50000d73
	signature	50001094
	type		5000016e
OBJ 500019ba (sz=40, trace=300000, class=java.io.ObjectStreamField@500000fc)
	name		50000d74
	signature	50001094
	type		5000016e
OBJ 500019bb (sz=40, trace=300000, class=java.io.ObjectStreamField@500000fc)
	name		50000d7c
	signature	50001094
	type		5000016e
OBJ 500019bc (sz=40, trace=300000, class=java.io.ObjectStreamField@500000fc)
	name		50000d75
	signature	50000d44
	type		5000056a
OBJ 500019bd (sz=56, trace=300687, class=java.util.zip.ZipFile$ZipFileInputStream@5000055c)
	this$0		500004ec
OBJ 500019be (sz=40, trace=300106, class=java.lang.ref.Finalizer@5000014d)
	referent	500019bd
	queue		500003a9
	next		50001956
	prev		50001a2b
ARR 500019bf (sz=16, trace=300000, nelems=8, elem type=char[])
ARR 500019c0 (sz=6, trace=300000, nelems=3, elem type=char[])
ARR 500019c1 (sz=18, trace=300000, nelems=9, elem type=char[])
ARR 500019c2 (sz=8, trace=300000, nelems=4, elem type=char[])
ARR 500019c3 (sz=8, trace=300000, nelems=4, elem type=char[])
ARR 500019c4 (sz=16, trace=300000, nelems=8, elem type=char[])
ARR 500019c5 (sz=2, trace=300000, nelems=1, elem type=char[])
ARR 500019c6 (sz=8, trace=300000, nelems=4, elem type=char[])
ARR 500019c7 (sz=16, trace=300000, nelems=8, elem type=char[])
OBJ 500019c8 (sz=16, trace=300000, class=java.util.HashSet@50000005)
	map		500019c9
OBJ 500019c9 (sz=48, trace=300000, class=java.util.HashMap@500000c6)
OBJ 500019ca (sz=16, trace=300157, class=java.lang.Object@50000172)
OBJ 500019cb (sz=32, trace=300159, class=java.util.concurrent.ConcurrentHashMap$Node@50000024)
	key		50000b67
	val		500019ca
OBJ 500019cc (sz=16, trace=300160, class=java.lang.Object@50000172)
OBJ 500019cd (sz=32, trace=300159, class=java.util.concurrent.ConcurrentHashMap$Node@50000024)
	key		50000b67
	val		500019cc
OBJ 500019ce (sz=16, trace=300000, class=java.lang.Object@50000172)
ARR 500019cf (sz=56, trace=300000, nelems=0, elem type=java.lang.Object[]@50000108)
OBJ 500019d0 (sz=16, trace=300000, class=sun.net.www.protocol.jar.Handler@50000003)
OBJ 500019d1 (sz=48, trace=300000, class=java.util.HashMap@500000c6)
	table		5000028e
OBJ 500019d2 (sz=24, trace=300000, class=java.util.ArrayList@500000dd)
	elementData	5000041f
OBJ 500019d3 (sz=32, trace=300000, class=java.util.Stack@500000e2)
	elementData	50001a0b
OBJ 500019d4 (sz=24, trace=300000, class=java.util.ArrayList@500000dd)
	elementData	500019d5
ARR 500019d5 (sz=80, trace=300000, nelems=12, elem type=java.lang.Object[]@50000108)
	[0]		500019d6
	[1]		500019d7
	[2]		500019d8
	[3]		500019d9
	[4]		500019da
	[5]		500019db
	[6]		500019dc
	[7]		500019dd
	[8]		500019de
	[9]		500019df
	[10]		500019e0
	[11]		500019e1
OBJ 500019d6 (sz=64, trace=300000, class=java.net.URL@50000119)
	protocol	50000d74
	host		5000059a
	file		50001a07
	authority	5000059a
	path		50001a07
	handler		50000d94
OBJ 500019d7 (sz=64, trace=300000, class=java.net.URL@50000119)
	protocol	50000d74
	host		5000059a
	file		50001a02
	authority	5000059a
	path		50001a02
	handler		50000d94
OBJ 500019d8 (sz=64, trace=300000, class=java.net.URL@50000119)
	protocol	50000d74
	host		5000059a
	file		500019f5
	authority	5000059a
	path		500019f5
	handler		50000d94
OBJ 500019d9 (sz=64, trace=300000, class=java.net.URL@50000119)
	protocol	50000d74
	host		5000059a
	file		500019f3
	authority	5000059a
	path		500019f3
	handler		50000d94
OBJ 500019da (sz=64, trace=300000, class=java.net.URL@50000119)
	protocol	50000d74
	host		5000059a
	file		500019f1
	authority	5000059a
	path		500019f1
	handler		50000d94
OBJ 500019db (sz=64, trace=300000, class=java.net.URL@50000119)
	protocol	50000d74
	host		5000059a
	file		500019ef
	authority	5000059a
	path		500019ef
	handler		50000d94
OBJ 500019dc (sz=64, trace=300000, class=java.net.URL@50000119)
	protocol	50000d74
	host		5000059a
	file		500019ed
	authority	5000059a
	path		500019ed
	handler		50000d94
OBJ 500019dd (sz=64, trace=300000, class=java.net.URL@50000119)
	protocol	50000d74
	host		5000059a
	file		500019eb
	authority	5000059a
	path		500019eb
	handler		50000d94
OBJ 500019de (sz=64, trace=300000, class=java.net.URL@50000119)
	protocol	50000d74
	host		5000059a
	file		500019e8
	authority	5000059a
	path		500019e8
	handler		50000d94
OBJ 500019df (sz=64, trace=300000, class=java.net.URL@50000119)
	protocol	50000d74
	host		5000059a
	file		500019e6
	authority	5000059a
	path		500019e6
	handler		50000d94
OBJ 500019e0 (sz=64, trace=300000, class=java.net.URL@50000119)
	protocol	50000d74
	host		5000059a
	file		500019e4
	authority	5000059a
	path		500019e4
	handler		50000d94
OBJ 500019e1 (sz=64, trace=300000, class=java.net.URL@50000119)
	protocol	50000d74
	host		5000059a
	file		500019e2
	authority	5000059a
	path		500019e2
	handler		50000d94
OBJ 500019e2 (sz=24, trace=300000, class=java.lang.String@5000016e)
	value		500019e3
ARR 500019e3 (sz=118, trace=300000, nelems=59, elem type=char[])
OBJ 500019e4 (sz=24, trace=300000, class=java.lang.String@5000016e)
	value		500019e5
ARR 500019e5 (sz=126, trace=300000, nelems=63, elem type=char[])
OBJ 500019e6 (sz=24, trace=300000, class=java.lang.String@5000016e)
	value		500019e7
ARR 500019e7 (sz=126, trace=300000, nelems=63, elem type=char[])
OBJ 500019e8 (sz=24, trace=300000, class=java.lang.String@5000016e)
	value		500019ea
OBJ 500019e9 (sz=56, trace=300687, class=java.util.zip.ZipFile$ZipFileInputStream@5000055c)
ARR 500019ea (sz=138, trace=300000, nelems=69, elem type=char[])
OBJ 500019eb (sz=24, trace=300000, class=java.lang.String@5000016e)
	value		500019ec
ARR 500019ec (sz=118, trace=300000, nelems=59, elem type=char[])
OBJ 500019ed (sz=24, trace=300000, class=java.lang.String@5000016e)
	value		500019ee
ARR 500019ee (sz=122, trace=300000, nelems=61, elem type=char[])
OBJ 500019ef (sz=24, trace=300000, class=java.lang.String@5000016e)
	value		500019f0
ARR 500019f0 (sz=128, trace=300000, nelems=64, elem type=char[])
OBJ 500019f1 (sz=24, trace=300000, class=java.lang.String@5000016e)
	value		500019f2
ARR 500019f2 (sz=118, trace=300000, nelems=59, elem type=char[])
OBJ 500019f3 (sz=24, trace=300000, class=java.lang.String@5000016e)
	value		500019f4
ARR 500019f4 (sz=122, trace=300000, nelems=61, elem type=char[])
OBJ 500019f5 (sz=24, trace=300000, class=java.lang.String@5000016e)
	value		50001a01
OBJ 500019f7 (sz=16, trace=300157, class=java.lang.Object@50000172)
OBJ 500019f8 (sz=32, trace=300159, class=java.util.concurrent.ConcurrentHashMap$Node@50000024)
	key		50000c4d
	val		500019f7
OBJ 500019f9 (sz=16, trace=300160, class=java.lang.Object@50000172)
OBJ 500019fa (sz=32, trace=300159, class=java.util.concurrent.ConcurrentHashMap$Node@50000024)
	key		50000c4d
	val		500019f9
OBJ 500019fc (sz=16, trace=300157, class=java.lang.Object@50000172)
OBJ 500019fd (sz=32, trace=300159, class=java.util.concurrent.ConcurrentHashMap$Node@50000024)
	key		50000ae6
	val		500019fc
OBJ 500019fe (sz=16, trace=300160, class=java.lang.Object@50000172)
OBJ 500019ff (sz=32, trace=300159, class=java.util.concurrent.ConcurrentHashMap$Node@50000024)
	key		50000ae6
	val		500019fe
ARR 50001a01 (sz=118, trace=300000, nelems=59, elem type=char[])
OBJ 50001a02 (sz=24, trace=300000, class=java.lang.String@5000016e)
	value		50001a03
ARR 50001a03 (sz=124, trace=300000, nelems=62, elem type=char[])
OBJ 50001a04 (sz=56, trace=300679, class=java.lang.Class$ReflectionData@500000a5)
OBJ 50001a05 (sz=40, trace=300040, class=java.lang.ref.SoftReference@50000152)
OBJ 50001a06 (sz=88, trace=300681, class=java.lang.reflect.Method@5000013e)
OBJ 50001a07 (sz=24, trace=300000, class=java.lang.String@5000016e)
	value		50001a08
ARR 50001a08 (sz=140, trace=300000, nelems=70, elem type=char[])
OBJ 50001a09 (sz=24, trace=300811, class=sun.reflect.NativeMethodAccessorImpl@50001628)
OBJ 50001a0a (sz=16, trace=300813, class=sun.reflect.DelegatingMethodAccessorImpl@5000162a)
ARR 50001a0b (sz=96, trace=300000, nelems=0, elem type=java.lang.Object[]@50000108)
OBJ 50001a0c (sz=32, trace=300815, class=java.util.RegularEnumSet@5000162c)
	elementType	50000b8e
	universe	50002d97
OBJ 50001a0d (sz=16, trace=300157, class=java.lang.Object@50000172)
OBJ 50001a0e (sz=32, trace=300159, class=java.util.concurrent.ConcurrentHashMap$Node@50000024)
	key		50000aad
	val		50001a0d
OBJ 50001a0f (sz=16, trace=300160, class=java.lang.Object@50000172)
OBJ 50001a10 (sz=32, trace=300159, class=java.util.concurrent.ConcurrentHashMap$Node@50000024)
	key		50000aad
	val		50001a0f
OBJ 50001a12 (sz=16, trace=300825, class=java.util.Collections$UnmodifiableSet@50001a11)
	c		50001a0c
OBJ 50001a13 (sz=16, trace=300157, class=java.lang.Object@50000172)
OBJ 50001a14 (sz=32, trace=300159, class=java.util.concurrent.ConcurrentHashMap$Node@50000024)
	key		50000ba6
	val		50001a13
OBJ 50001a15 (sz=16, trace=300160, class=java.lang.Object@50000172)
OBJ 50001a16 (sz=32, trace=300159, class=java.util.concurrent.ConcurrentHashMap$Node@50000024)
	key		50000ba6
	val		50001a15
ARR 50001a17 (sz=24, trace=300826, nelems=2, elem type=java.lang.String[]@500000c8)
	[0]		50000e1f
	[1]		50002d94
OBJ 50001a18 (sz=16, trace=300827, class=com.sun.tools.javac.file.RelativePath$RelativeDirectory@500019a6)
	path		50002d93
OBJ 50001a19 (sz=16, trace=300157, class=java.lang.Object@50000172)
OBJ 50001a1a (sz=32, trace=300159, class=java.util.concurrent.ConcurrentHashMap$Node@50000024)
	key		50000b75
	val		50001a19
OBJ 50001a1b (sz=16, trace=300160, class=java.lang.Object@50000172)
OBJ 50001a1c (sz=32, trace=300159, class=java.util.concurrent.ConcurrentHashMap$Node@50000024)
	key		50000b75
	val		50001a1b
OBJ 50001a1d (sz=16, trace=300157, class=java.lang.Object@50000172)
OBJ 50001a1e (sz=32, trace=300683, class=java.util.concurrent.ConcurrentHashMap$Node@50000024)
	key		50000af0
	val		50001a1d
	next		5000097a
OBJ 50001a1f (sz=16, trace=300160, class=java.lang.Object@50000172)
OBJ 50001a20 (sz=32, trace=300683, class=java.util.concurrent.ConcurrentHashMap$Node@50000024)
	key		50000af0
	val		50001a1f
	next		5000097c
OBJ 50001a21 (sz=24, trace=300000, class=java.lang.String@5000016e)
	value		50001a22
ARR 50001a22 (sz=8, trace=300000, nelems=4, elem type=char[])
OBJ 50001a23 (sz=32, trace=300000, class=java.lang.ref.ReferenceQueue@5000014c)
	lock		50001a25
ARR 50001a24 (sz=80, trace=300000, nelems=0, elem type=java.util.WeakHashMap$Entry[]@50000048)
OBJ 50001a25 (sz=16, trace=300000, class=java.lang.ref.ReferenceQueue$Lock@500000d1)
OBJ 50001a26 (sz=24, trace=300000, class=java.lang.String@5000016e)
	value		50001a32
OBJ 50001a27 (sz=24, trace=300000, class=java.lang.String@5000016e)
	value		50001a31
OBJ 50001a28 (sz=24, trace=300000, class=java.lang.String@5000016e)
	value		50001a30
OBJ 50001a29 (sz=16, trace=300000, class=sun.misc.Launcher@50000117)
	loader		500003b3
OBJ 50001a2a (sz=56, trace=300687, class=java.util.zip.ZipFile$ZipFileInputStream@5000055c)
	this$0		500004ec
OBJ 50001a2b (sz=40, trace=300106, class=java.lang.ref.Finalizer@5000014d)
	referent	50001a2a
	queue		500003a9
	next		500019be
	prev		50001a81
OBJ 50001a2c (sz=16, trace=300000, class=sun.misc.Launcher$Factory@5000004e)
OBJ 50001a2d (sz=24, trace=300000, class=java.lang.String@5000016e)
	value		50001a2e
ARR 50001a2e (sz=30, trace=300000, nelems=15, elem type=char[])
ARR 50001a2f (sz=12, trace=300000, nelems=6, elem type=char[])
ARR 50001a30 (sz=38, trace=300000, nelems=19, elem type=char[])
ARR 50001a31 (sz=42, trace=300000, nelems=21, elem type=char[])
ARR 50001a32 (sz=26, trace=300000, nelems=13, elem type=char[])
OBJ 50001a33 (sz=24, trace=300000, class=java.lang.String@5000016e)
	value		50001a42
OBJ 50001a34 (sz=24, trace=300000, class=java.lang.String@5000016e)
	value		50001a40
OBJ 50001a35 (sz=24, trace=300000, class=java.lang.String@5000016e)
	value		50001a3f
OBJ 50001a38 (sz=16, trace=300157, class=java.lang.Object@50000172)
OBJ 50001a39 (sz=32, trace=300159, class=java.util.concurrent.ConcurrentHashMap$Node@50000024)
	key		50000c22
	val		50001a38
OBJ 50001a3a (sz=16, trace=300160, class=java.lang.Object@50000172)
OBJ 50001a3b (sz=32, trace=300159, class=java.util.concurrent.ConcurrentHashMap$Node@50000024)
	key		50000c22
	val		50001a3a
OBJ 50001a3c (sz=24, trace=300000, class=java.lang.String@5000016e)
	value		50001a3e
OBJ 50001a3d (sz=24, trace=300000, class=java.lang.String@5000016e)
	value		50001a41
ARR 50001a3e (sz=4, trace=300000, nelems=2, elem type=char[])
ARR 50001a3f (sz=10, trace=300000, nelems=5, elem type=char[])
ARR 50001a40 (sz=12, trace=300000, nelems=6, elem type=char[])
ARR 50001a41 (sz=12, trace=300000, nelems=6, elem type=char[])
ARR 50001a42 (sz=16, trace=300000, nelems=8, elem type=char[])
OBJ 50001a43 (sz=64, trace=300000, class=java.net.URL@50000119)
	protocol	50000d74
	host		5000059a
	file		50001a44
	authority	5000059a
	path		50001a44
	handler		50000d94
OBJ 50001a44 (sz=24, trace=300000, class=java.lang.String@5000016e)
	value		50001a45
ARR 50001a45 (sz=102, trace=300000, nelems=51, elem type=char[])
ARR 50001a46 (sz=16, trace=300000, nelems=8, elem type=char[])
ARR 50001a47 (sz=14, trace=300000, nelems=7, elem type=char[])
OBJ 50001a48 (sz=24, trace=300000, class=java.lang.String@5000016e)
	value		50002abb
OBJ 50001a49 (sz=24, trace=300000, class=java.lang.String@5000016e)
	value		50002a63
OBJ 50001a4a (sz=24, trace=300000, class=java.lang.String@5000016e)
	value		50002ad3
OBJ 50001a4b (sz=24, trace=300000, class=java.lang.String@5000016e)
	value		50002a9d
OBJ 50001a4c (sz=24, trace=300000, class=java.lang.String@5000016e)
	value		50002a93
OBJ 50001a4d (sz=24, trace=300000, class=java.lang.String@5000016e)
	value		50002ac1
OBJ 50001a4e (sz=24, trace=300000, class=java.lang.String@5000016e)
	value		50002afb
OBJ 50001a4f (sz=24, trace=300000, class=java.lang.String@5000016e)
	value		50002ae9
OBJ 50001a50 (sz=24, trace=300000, class=java.lang.String@5000016e)
	value		50002abf
OBJ 50001a51 (sz=24, trace=300000, class=java.lang.String@5000016e)
	value		50002a4f
OBJ 50001a52 (sz=24, trace=300000, class=java.lang.String@5000016e)
	value		50002a53
OBJ 50001a53 (sz=24, trace=300000, class=java.lang.String@5000016e)
	value		50002ad7
OBJ 50001a54 (sz=24, trace=300000, class=java.lang.String@5000016e)
	value		50002a79
OBJ 50001a55 (sz=24, trace=300000, class=java.lang.String@5000016e)
	value		50002ac9
OBJ 50001a56 (sz=56, trace=300687, class=java.util.zip.ZipFile$ZipFileInputStream@5000055c)
OBJ 50001a57 (sz=24, trace=300000, class=java.lang.String@5000016e)
	value		50002ab1
OBJ 50001a58 (sz=24, trace=300000, class=java.lang.String@5000016e)
	value		50002a5f
OBJ 50001a59 (sz=24, trace=300000, class=java.lang.String@5000016e)
	value		50002a7f
OBJ 50001a5a (sz=24, trace=300000, class=java.lang.String@5000016e)
	value		50002a77
OBJ 50001a5b (sz=24, trace=300000, class=java.lang.String@5000016e)
	value		50002abd
OBJ 50001a5c (sz=24, trace=300000, class=java.lang.String@5000016e)
	value		50002a95
OBJ 50001a5d (sz=24, trace=300000, class=java.lang.String@5000016e)
	value		50002a4b
OBJ 50001a5e (sz=24, trace=300000, class=java.lang.String@5000016e)
	value		50002aa9
OBJ 50001a5f (sz=24, trace=300000, class=java.lang.String@5000016e)
	value		50002ad5
OBJ 50001a60 (sz=24, trace=300000, class=java.lang.String@5000016e)
	value		50002aaf
OBJ 50001a61 (sz=24, trace=300000, class=java.lang.String@5000016e)
	value		50002ac5
OBJ 50001a63 (sz=16, trace=300828, class=com.sun.tools.javac.file.JavacFileManager$1@50001a62)
OBJ 50001a64 (sz=16, trace=300829, class=com.sun.tools.javac.util.Context$Key@500014fe)
ARR 50001a65 (sz=80, trace=300830, nelems=0, elem type=java.util.HashMap$Node[]@500000c2)
OBJ 50001a66 (sz=32, trace=300221, class=java.util.HashMap$Node@500000c4)
ARR 50001a67 (sz=80, trace=300831, nelems=0, elem type=java.util.HashMap$Node[]@500000c2)
OBJ 50001a68 (sz=32, trace=300221, class=java.util.HashMap$Node@500000c4)
ARR 50001a69 (sz=80, trace=300832, nelems=0, elem type=java.util.HashMap$Node[]@500000c2)
OBJ 50001a6a (sz=32, trace=300221, class=java.util.HashMap$Node@500000c4)
OBJ 50001a6b (sz=16, trace=300157, class=java.lang.Object@50000172)
OBJ 50001a6c (sz=32, trace=300683, class=java.util.concurrent.ConcurrentHashMap$Node@50000024)
	key		50000c71
	val		50001a6b
	next		50000c8d
OBJ 50001a6d (sz=16, trace=300160, class=java.lang.Object@50000172)
OBJ 50001a6e (sz=32, trace=300683, class=java.util.concurrent.ConcurrentHashMap$Node@50000024)
	key		50000c71
	val		50001a6d
	next		50000c8f
OBJ 50001a6f (sz=24, trace=300000, class=java.lang.String@5000016e)
	value		50002aa1
OBJ 50001a70 (sz=24, trace=300000, class=java.lang.String@5000016e)
	value		50002a57
OBJ 50001a71 (sz=24, trace=300000, class=java.lang.String@5000016e)
	value		50002a83
OBJ 50001a72 (sz=24, trace=300000, class=java.lang.String@5000016e)
	value		50002a99
OBJ 50001a73 (sz=24, trace=300000, class=java.lang.String@5000016e)
	value		50002afd
OBJ 50001a74 (sz=24, trace=300000, class=java.lang.String@5000016e)
	value		50002ab3
OBJ 50001a75 (sz=24, trace=300000, class=java.lang.String@5000016e)
	value		50002a8f
OBJ 50001a76 (sz=24, trace=300000, class=java.lang.String@5000016e)
	value		50002aa7
OBJ 50001a77 (sz=24, trace=300000, class=java.lang.String@5000016e)
	value		50002a89
OBJ 50001a78 (sz=24, trace=300000, class=java.lang.String@5000016e)
	value		50002acf
OBJ 50001a79 (sz=24, trace=300000, class=java.lang.String@5000016e)
	value		50002a3e
OBJ 50001a7a (sz=24, trace=300000, class=java.lang.String@5000016e)
	value		50002ab5
OBJ 50001a7b (sz=24, trace=300000, class=java.lang.String@5000016e)
	value		50002ad9
OBJ 50001a7c (sz=24, trace=300000, class=java.lang.String@5000016e)
	value		50002ab9
OBJ 50001a7d (sz=24, trace=300000, class=java.lang.String@5000016e)
	value		50002a46
OBJ 50001a7e (sz=24, trace=300000, class=java.lang.String@5000016e)
	value		50002ad1
OBJ 50001a7f (sz=24, trace=300000, class=java.lang.String@5000016e)
	value		50002aa5
OBJ 50001a80 (sz=56, trace=300687, class=java.util.zip.ZipFile$ZipFileInputStream@5000055c)
	this$0		500004ec
OBJ 50001a81 (sz=40, trace=300106, class=java.lang.ref.Finalizer@5000014d)
	referent	50001a80
	queue		500003a9
	next		50001a2b
	prev		50001ad6
OBJ 50001a82 (sz=24, trace=300000, class=java.lang.String@5000016e)
	value		50002a69
OBJ 50001a83 (sz=24, trace=300000, class=java.lang.String@5000016e)
	value		50002ae1
OBJ 50001a84 (sz=24, trace=300000, class=java.lang.String@5000016e)
	value		50002a9f
OBJ 50001a85 (sz=24, trace=300000, class=java.lang.String@5000016e)
	value		50002af3
OBJ 50001a86 (sz=24, trace=300000, class=java.lang.String@5000016e)
	value		50002a51
OBJ 50001a87 (sz=24, trace=300000, class=java.lang.String@5000016e)
	value		50002add
OBJ 50001a88 (sz=24, trace=300000, class=java.lang.String@5000016e)
	value		50002a67
OBJ 50001a89 (sz=24, trace=300000, class=java.lang.String@5000016e)
	value		50002a97
OBJ 50001a8a (sz=24, trace=300000, class=java.lang.String@5000016e)
	value		50002a40
OBJ 50001a8b (sz=24, trace=300000, class=java.lang.String@5000016e)
	value		50002a48
OBJ 50001a8c (sz=24, trace=300000, class=java.lang.String@5000016e)
	value		50002ae5
OBJ 50001a8d (sz=16, trace=300157, class=java.lang.Object@50000172)
OBJ 50001a8e (sz=32, trace=300159, class=java.util.concurrent.ConcurrentHashMap$Node@50000024)
	key		50000cfb
	val		50001a8d
OBJ 50001a8f (sz=16, trace=300160, class=java.lang.Object@50000172)
OBJ 50001a90 (sz=32, trace=300159, class=java.util.concurrent.ConcurrentHashMap$Node@50000024)
	key		50000cfb
	val		50001a8f
OBJ 50001a91 (sz=24, trace=300000, class=java.lang.String@5000016e)
	value		50002a65
OBJ 50001a92 (sz=24, trace=300000, class=java.lang.String@5000016e)
	value		50002aab
OBJ 50001a93 (sz=24, trace=300000, class=java.lang.String@5000016e)
	value		50002aa3
OBJ 50001a94 (sz=24, trace=300000, class=java.lang.String@5000016e)
	value		50002a8d
OBJ 50001a95 (sz=24, trace=300000, class=java.lang.String@5000016e)
	value		50002a6f
OBJ 50001a96 (sz=24, trace=300000, class=java.lang.String@5000016e)
	value		50002a6d
OBJ 50001a97 (sz=24, trace=300000, class=java.lang.String@5000016e)
	value		50002a6b
OBJ 50001a98 (sz=24, trace=300000, class=java.lang.String@5000016e)
	value		50002a7d
OBJ 50001a99 (sz=24, trace=300000, class=java.lang.String@5000016e)
	value		50002acb
OBJ 50001a9a (sz=24, trace=300000, class=java.lang.String@5000016e)
	value		50002aad
OBJ 50001a9b (sz=24, trace=300000, class=java.lang.String@5000016e)
	value		50002adf
OBJ 50001a9c (sz=24, trace=300000, class=java.lang.String@5000016e)
	value		50002a4d
OBJ 50001a9d (sz=24, trace=300000, class=java.lang.String@5000016e)
	value		50002af1
OBJ 50001a9e (sz=24, trace=300000, class=java.lang.String@5000016e)
	value		50002a7b
OBJ 50001a9f (sz=24, trace=300000, class=java.lang.String@5000016e)
	value		50002af9
OBJ 50001aa0 (sz=24, trace=300000, class=java.lang.String@5000016e)
	value		50002ae3
OBJ 50001aa1 (sz=24, trace=300000, class=java.lang.String@5000016e)
	value		50002ab7
OBJ 50001aa2 (sz=24, trace=300000, class=java.lang.String@5000016e)
	value		50002a55
OBJ 50001aa3 (sz=24, trace=300000, class=java.lang.String@5000016e)
	value		50002a5d
OBJ 50001aa4 (sz=56, trace=300687, class=java.util.zip.ZipFile$ZipFileInputStream@5000055c)
OBJ 50001aa5 (sz=24, trace=300000, class=java.lang.String@5000016e)
	value		50002a9b
OBJ 50001aa6 (sz=24, trace=300000, class=java.lang.String@5000016e)
	value		50002a71
OBJ 50001aa7 (sz=24, trace=300000, class=java.lang.String@5000016e)
	value		50002ae7
OBJ 50001aa8 (sz=24, trace=300000, class=java.lang.String@5000016e)
	value		50002a81
OBJ 50001aa9 (sz=24, trace=300000, class=java.lang.String@5000016e)
	value		50002af7
OBJ 50001aaa (sz=24, trace=300000, class=java.lang.String@5000016e)
	value		50002a73
OBJ 50001aab (sz=24, trace=300000, class=java.lang.String@5000016e)
	value		50002a3a
OBJ 50001aac (sz=24, trace=300000, class=java.lang.String@5000016e)
	value		50002aed
OBJ 50001aad (sz=24, trace=300000, class=java.lang.String@5000016e)
	value		50002aeb
OBJ 50001aae (sz=24, trace=300000, class=java.lang.String@5000016e)
	value		50002a8b
OBJ 50001aaf (sz=24, trace=300000, class=java.lang.String@5000016e)
	value		50002af5
OBJ 50001ab0 (sz=24, trace=300000, class=java.lang.String@5000016e)
	value		50002a87
OBJ 50001ab1 (sz=24, trace=300000, class=java.lang.String@5000016e)
	value		50002a61
OBJ 50001ab2 (sz=24, trace=300000, class=java.lang.String@5000016e)
	value		50002adb
OBJ 50001ab3 (sz=16, trace=300157, class=java.lang.Object@50000172)
OBJ 50001ab4 (sz=32, trace=300159, class=java.util.concurrent.ConcurrentHashMap$Node@50000024)
	key		50000b55
	val		50001ab3
OBJ 50001ab5 (sz=16, trace=300160, class=java.lang.Object@50000172)
OBJ 50001ab6 (sz=32, trace=300159, class=java.util.concurrent.ConcurrentHashMap$Node@50000024)
	key		50000b55
	val		50001ab5
OBJ 50001ab7 (sz=16, trace=300157, class=java.lang.Object@50000172)
OBJ 50001ab8 (sz=32, trace=300159, class=java.util.concurrent.ConcurrentHashMap$Node@50000024)
	key		50000ca0
	val		50001ab7
OBJ 50001ab9 (sz=16, trace=300160, class=java.lang.Object@50000172)
OBJ 50001aba (sz=32, trace=300159, class=java.util.concurrent.ConcurrentHashMap$Node@50000024)
	key		50000ca0
	val		50001ab9
OBJ 50001abc (sz=16, trace=300157, class=java.lang.Object@50000172)
OBJ 50001abd (sz=32, trace=300159, class=java.util.concurrent.ConcurrentHashMap$Node@50000024)
	key		50000bd5
	val		50001abc
OBJ 50001abe (sz=16, trace=300160, class=java.lang.Object@50000172)
OBJ 50001abf (sz=32, trace=300159, class=java.util.concurrent.ConcurrentHashMap$Node@50000024)
	key		50000bd5
	val		50001abe
OBJ 50001ac0 (sz=24, trace=300000, class=java.lang.String@5000016e)
	value		50002a39
OBJ 50001ac1 (sz=24, trace=300000, class=java.lang.String@5000016e)
	value		50002ae8
OBJ 50001ac2 (sz=24, trace=300000, class=java.lang.String@5000016e)
	value		50002aec
OBJ 50001ac3 (sz=24, trace=300000, class=java.lang.String@5000016e)
	value		50002aee
OBJ 50001ac4 (sz=24, trace=300000, class=java.lang.String@5000016e)
	value		50002ac2
OBJ 50001ac5 (sz=24, trace=300000, class=java.lang.String@5000016e)
	value		50002aea
OBJ 50001ac6 (sz=24, trace=300000, class=java.lang.String@5000016e)
	value		50002a58
OBJ 50001ac7 (sz=24, trace=300000, class=java.lang.String@5000016e)
	value		50002a8a
OBJ 50001ac8 (sz=24, trace=300000, class=java.lang.String@5000016e)
	value		50002af4
OBJ 50001ac9 (sz=24, trace=300000, class=java.lang.String@5000016e)
	value		50002a86
OBJ 50001aca (sz=24, trace=300000, class=java.lang.String@5000016e)
	value		50002a60
OBJ 50001acb (sz=24, trace=300000, class=java.lang.String@5000016e)
	value		50002ada
OBJ 50001acc (sz=24, trace=300000, class=java.lang.String@5000016e)
	value		50002a43
OBJ 50001acd (sz=24, trace=300000, class=java.lang.String@5000016e)
	value		50002a5a
OBJ 50001ace (sz=24, trace=300000, class=java.lang.String@5000016e)
	value		50002a84
OBJ 50001acf (sz=24, trace=300000, class=java.lang.String@5000016e)
	value		50002a3b
OBJ 50001ad0 (sz=24, trace=300000, class=java.lang.String@5000016e)
	value		50002acc
OBJ 50001ad1 (sz=24, trace=300000, class=java.lang.String@5000016e)
	value		50002a4a
OBJ 50001ad2 (sz=24, trace=300000, class=java.lang.String@5000016e)
	value		50002ad2
OBJ 50001ad3 (sz=24, trace=300000, class=java.lang.String@5000016e)
	value		50002a41
OBJ 50001ad4 (sz=24, trace=300000, class=java.lang.String@5000016e)
	value		50002aba
OBJ 50001ad5 (sz=56, trace=300687, class=java.util.zip.ZipFile$ZipFileInputStream@5000055c)
	this$0		500004ec
OBJ 50001ad6 (sz=40, trace=300106, class=java.lang.ref.Finalizer@5000014d)
	referent	50001ad5
	queue		500003a9
	next		50001a81
	prev		50001b33
OBJ 50001ad7 (sz=24, trace=300000, class=java.lang.String@5000016e)
	value		50002a62
OBJ 50001ad8 (sz=24, trace=300000, class=java.lang.String@5000016e)
	value		50002a9c
OBJ 50001ad9 (sz=24, trace=300000, class=java.lang.String@5000016e)
	value		50002a80
OBJ 50001ada (sz=24, trace=300000, class=java.lang.String@5000016e)
	value		50002af6
OBJ 50001adb (sz=24, trace=300000, class=java.lang.String@5000016e)
	value		50002ae6
OBJ 50001adc (sz=24, trace=300000, class=java.lang.String@5000016e)
	value		50002ad8
OBJ 50001add (sz=24, trace=300000, class=java.lang.String@5000016e)
	value		50002aaa
OBJ 50001ade (sz=24, trace=300000, class=java.lang.String@5000016e)
	value		50002ae0
OBJ 50001adf (sz=24, trace=300000, class=java.lang.String@5000016e)
	value		50002a70
OBJ 50001ae0 (sz=24, trace=300000, class=java.lang.String@5000016e)
	value		50002af2
OBJ 50001ae3 (sz=16, trace=300157, class=java.lang.Object@50000172)
OBJ 50001ae4 (sz=32, trace=300159, class=java.util.concurrent.ConcurrentHashMap$Node@50000024)
	key		50000b4f
	val		50001ae3
OBJ 50001ae5 (sz=16, trace=300160, class=java.lang.Object@50000172)
OBJ 50001ae6 (sz=32, trace=300159, class=java.util.concurrent.ConcurrentHashMap$Node@50000024)
	key		50000b4f
	val		50001ae5
OBJ 50001ae7 (sz=24, trace=300000, class=java.lang.String@5000016e)
	value		50002aa8
OBJ 50001ae8 (sz=24, trace=300000, class=java.lang.String@5000016e)
	value		50002a9e
OBJ 50001ae9 (sz=24, trace=300000, class=java.lang.String@5000016e)
	value		50002a82
OBJ 50001aea (sz=24, trace=300000, class=java.lang.String@5000016e)
	value		50002a92
OBJ 50001aeb (sz=24, trace=300000, class=java.lang.String@5000016e)
	value		50002afa
OBJ 50001aec (sz=24, trace=300000, class=java.lang.String@5000016e)
	value		50002a98
OBJ 50001aed (sz=24, trace=300000, class=java.lang.String@5000016e)
	value		50002a56
OBJ 50001aee (sz=24, trace=300000, class=java.lang.String@5000016e)
	value		50002aa2
OBJ 50001aef (sz=24, trace=300000, class=java.lang.String@5000016e)
	value		50002a4e
OBJ 50001af0 (sz=24, trace=300000, class=java.lang.String@5000016e)
	value		50002abe
OBJ 50001af1 (sz=24, trace=300000, class=java.lang.String@5000016e)
	value		50002a52
OBJ 50001af2 (sz=24, trace=300000, class=java.lang.String@5000016e)
	value		50002ad6
OBJ 50001af3 (sz=24, trace=300000, class=java.lang.String@5000016e)
	value		50002a78
OBJ 50001af4 (sz=24, trace=300000, class=java.lang.String@5000016e)
	value		50002ac8
OBJ 50001af5 (sz=56, trace=300687, class=java.util.zip.ZipFile$ZipFileInputStream@5000055c)
OBJ 50001af6 (sz=24, trace=300000, class=java.lang.String@5000016e)
	value		50002ab0
OBJ 50001af7 (sz=24, trace=300000, class=java.lang.String@5000016e)
	value		50002afe
OBJ 50001af8 (sz=24, trace=300000, class=java.lang.String@5000016e)
	value		50002a5e
OBJ 50001af9 (sz=24, trace=300000, class=java.lang.String@5000016e)
	value		50002a7e
OBJ 50001afa (sz=24, trace=300000, class=java.lang.String@5000016e)
	value		50002a76
OBJ 50001afb (sz=24, trace=300000, class=java.lang.String@5000016e)
	value		50002ac0
OBJ 50001afc (sz=24, trace=300000, class=java.lang.String@5000016e)
	value		50002abc
OBJ 50001afd (sz=24, trace=300000, class=java.lang.String@5000016e)
	value		50002a94
OBJ 50001afe (sz=24, trace=300000, class=java.lang.String@5000016e)
	value		50002ad0
OBJ 50001aff (sz=24, trace=300000, class=java.lang.String@5000016e)
	value		50002a7a
OBJ 50001b00 (sz=24, trace=300000, class=java.lang.String@5000016e)
	value		50002af8
OBJ 50001b02 (sz=16, trace=300157, class=java.lang.Object@50000172)
OBJ 50001b03 (sz=32, trace=300159, class=java.util.concurrent.ConcurrentHashMap$Node@50000024)
	key		50000ae8
	val		50001b02
OBJ 50001b04 (sz=16, trace=300160, class=java.lang.Object@50000172)
OBJ 50001b05 (sz=32, trace=300159, class=java.util.concurrent.ConcurrentHashMap$Node@50000024)
	key		50000ae8
	val		50001b04
OBJ 50001b06 (sz=16, trace=300157, class=java.lang.Object@50000172)
OBJ 50001b07 (sz=32, trace=300683, class=java.util.concurrent.ConcurrentHashMap$Node@50000024)
	key		50000bb2
	val		50001b06
OBJ 50001b08 (sz=16, trace=300160, class=java.lang.Object@50000172)
OBJ 50001b09 (sz=32, trace=300683, class=java.util.concurrent.ConcurrentHashMap$Node@50000024)
	key		50000bb2
	val		50001b08
OBJ 50001b0b (sz=16, trace=300157, class=java.lang.Object@50000172)
OBJ 50001b0c (sz=32, trace=300159, class=java.util.concurrent.ConcurrentHashMap$Node@50000024)
	key		50000d1f
	val		50001b0b
	next		50001747
OBJ 50001b0d (sz=16, trace=300160, class=java.lang.Object@50000172)
OBJ 50001b0e (sz=32, trace=300159, class=java.util.concurrent.ConcurrentHashMap$Node@50000024)
	key		50000d1f
	val		50001b0d
	next		50001749
OBJ 50001b10 (sz=24, trace=300833, class=com.sun.tools.javac.util.List$1@50001b01)
OBJ 50001b11 (sz=16, trace=300157, class=java.lang.Object@50000172)
OBJ 50001b12 (sz=32, trace=300159, class=java.util.concurrent.ConcurrentHashMap$Node@50000024)
	key		50000bdc
	val		50001b11
OBJ 50001b13 (sz=16, trace=300160, class=java.lang.Object@50000172)
OBJ 50001b14 (sz=32, trace=300159, class=java.util.concurrent.ConcurrentHashMap$Node@50000024)
	key		50000bdc
	val		50001b13
OBJ 50001b15 (sz=24, trace=300000, class=java.lang.String@5000016e)
	value		50002a45
OBJ 50001b16 (sz=24, trace=300000, class=java.lang.String@5000016e)
	value		50002a6a
OBJ 50001b17 (sz=24, trace=300000, class=java.lang.String@5000016e)
	value		50002aac
OBJ 50001b18 (sz=24, trace=300000, class=java.lang.String@5000016e)
	value		50002aa4
OBJ 50001b19 (sz=24, trace=300000, class=java.lang.String@5000016e)
	value		50002a68
OBJ 50001b1a (sz=24, trace=300000, class=java.lang.String@5000016e)
	value		50002afc
OBJ 50001b1b (sz=24, trace=300000, class=java.lang.String@5000016e)
	value		50002ace
OBJ 50001b1c (sz=24, trace=300000, class=java.lang.String@5000016e)
	value		50002aa6
OBJ 50001b1d (sz=24, trace=300000, class=java.lang.String@5000016e)
	value		50002ae2
OBJ 50001b1e (sz=24, trace=300000, class=java.lang.String@5000016e)
	value		50002a50
OBJ 50001b1f (sz=24, trace=300000, class=java.lang.String@5000016e)
	value		50002a54
OBJ 50001b20 (sz=24, trace=300000, class=java.lang.String@5000016e)
	value		50002a7c
OBJ 50001b21 (sz=24, trace=300000, class=java.lang.String@5000016e)
	value		50002aca
OBJ 50001b22 (sz=24, trace=300000, class=java.lang.String@5000016e)
	value		50002a66
OBJ 50001b23 (sz=24, trace=300000, class=java.lang.String@5000016e)
	value		50002ac4
OBJ 50001b24 (sz=24, trace=300000, class=java.lang.String@5000016e)
	value		50002a88
OBJ 50001b25 (sz=24, trace=300000, class=java.lang.String@5000016e)
	value		50002a8e
OBJ 50001b26 (sz=24, trace=300000, class=java.lang.String@5000016e)
	value		50002ade
OBJ 50001b27 (sz=24, trace=300000, class=java.lang.String@5000016e)
	value		50002a3d
OBJ 50001b28 (sz=24, trace=300000, class=java.lang.String@5000016e)
	value		50002a5c
OBJ 50001b29 (sz=24, trace=300000, class=java.lang.String@5000016e)
	value		50002ae4
OBJ 50001b2a (sz=24, trace=300000, class=java.lang.String@5000016e)
	value		50002a3f
OBJ 50001b2b (sz=24, trace=300000, class=java.lang.String@5000016e)
	value		50002a96
OBJ 50001b2c (sz=24, trace=300000, class=java.lang.String@5000016e)
	value		50002adc
OBJ 50001b2d (sz=24, trace=300000, class=java.lang.String@5000016e)
	value		50002a47
OBJ 50001b2e (sz=24, trace=300000, class=java.lang.String@5000016e)
	value		50002aae
OBJ 50001b2f (sz=24, trace=300000, class=java.lang.String@5000016e)
	value		50002ab4
OBJ 50001b30 (sz=24, trace=300000, class=java.lang.String@5000016e)
	value		50002a4c
OBJ 50001b31 (sz=24, trace=300000, class=java.lang.String@5000016e)
	value		50002ad4
OBJ 50001b32 (sz=56, trace=300687, class=java.util.zip.ZipFile$ZipFileInputStream@5000055c)
	this$0		500004ec
OBJ 50001b33 (sz=40, trace=300106, class=java.lang.ref.Finalizer@5000014d)
	referent	50001b32
	queue		500003a9
	next		50001ad6
	prev		50001b86
OBJ 50001b34 (sz=24, trace=300000, class=java.lang.String@5000016e)
	value		50002a9a
OBJ 50001b35 (sz=24, trace=300000, class=java.lang.String@5000016e)
	value		50002a8c
OBJ 50001b36 (sz=24, trace=300000, class=java.lang.String@5000016e)
	value		50002aa0
OBJ 50001b37 (sz=24, trace=300000, class=java.lang.String@5000016e)
	value		50002a6c
OBJ 50001b38 (sz=24, trace=300000, class=java.lang.String@5000016e)
	value		50002a6e
OBJ 50001b39 (sz=24, trace=300000, class=java.lang.String@5000016e)
	value		50002a64
OBJ 50001b3a (sz=24, trace=300000, class=java.lang.String@5000016e)
	value		50002ab6
OBJ 50001b3b (sz=24, trace=300000, class=java.lang.String@5000016e)
	value		50002af0
OBJ 50001b3c (sz=24, trace=300000, class=java.lang.String@5000016e)
	value		50002ab2
OBJ 50001b3d (sz=24, trace=300000, class=java.lang.String@5000016e)
	value		50002ab8
OBJ 50001b3f (sz=16, trace=300157, class=java.lang.Object@50000172)
OBJ 50001b40 (sz=32, trace=300683, class=java.util.concurrent.ConcurrentHashMap$Node@50000024)
	key		50000d19
	val		50001b3f
OBJ 50001b41 (sz=16, trace=300160, class=java.lang.Object@50000172)
OBJ 50001b42 (sz=32, trace=300683, class=java.util.concurrent.ConcurrentHashMap$Node@50000024)
	key		50000d19
	val		50001b41
OBJ 50001b43 (sz=24, trace=300000, class=java.lang.String@5000016e)
	value		50002a72
OBJ 50001b44 (sz=24, trace=300000, class=java.lang.String@5000016e)
	value		50002a49
OBJ 50001b45 (sz=24, trace=300000, class=java.lang.String@5000016e)
	value		50002ac6
OBJ 50001b46 (sz=24, trace=300000, class=java.lang.String@5000016e)
	value		50002a90
OBJ 50001b47 (sz=24, trace=300000, class=java.lang.String@5000016e)
	value		50002a74
OBJ 50001b48 (sz=24, trace=300000, class=java.lang.String@5000016e)
	value		50002a59
OBJ 50001b49 (sz=24, trace=300000, class=java.lang.String@5000016e)
	value		50002aff
OBJ 50001b4a (sz=56, trace=300687, class=java.util.zip.ZipFile$ZipFileInputStream@5000055c)
OBJ 50001b4b (sz=24, trace=300000, class=java.lang.String@5000016e)
	value		50002a44
OBJ 50001b4c (sz=24, trace=300000, class=java.lang.String@5000016e)
	value		50002a5b
OBJ 50001b4d (sz=24, trace=300000, class=java.lang.String@5000016e)
	value		50002aef
OBJ 50001b4e (sz=24, trace=300000, class=java.lang.String@5000016e)
	value		50002ac3
OBJ 50001b4f (sz=24, trace=300000, class=java.lang.String@5000016e)
	value		50002a42
OBJ 50001b50 (sz=24, trace=300000, class=java.lang.String@5000016e)
	value		50002a85
OBJ 50001b51 (sz=24, trace=300000, class=java.lang.String@5000016e)
	value		50002ac7
OBJ 50001b52 (sz=24, trace=300000, class=java.lang.String@5000016e)
	value		50002a91
OBJ 50001b53 (sz=24, trace=300000, class=java.lang.String@5000016e)
	value		50002a75
OBJ 50001b54 (sz=24, trace=300000, class=java.lang.String@5000016e)
	value		50002acd
OBJ 50001b55 (sz=24, trace=300000, class=java.lang.String@5000016e)
	value		50002a3c
OBJ 50001b57 (sz=16, trace=300157, class=java.lang.Object@50000172)
OBJ 50001b58 (sz=32, trace=300159, class=java.util.concurrent.ConcurrentHashMap$Node@50000024)
	key		50000c4f
	val		50001b57
OBJ 50001b59 (sz=16, trace=300160, class=java.lang.Object@50000172)
OBJ 50001b5a (sz=32, trace=300159, class=java.util.concurrent.ConcurrentHashMap$Node@50000024)
	key		50000c4f
	val		50001b59
OBJ 50001b5c (sz=16, trace=300834, class=com.sun.tools.javac.util.List$2@50001b56)
OBJ 50001b5d (sz=16, trace=300157, class=java.lang.Object@50000172)
OBJ 50001b5e (sz=32, trace=300683, class=java.util.concurrent.ConcurrentHashMap$Node@50000024)
	key		50000d09
	val		50001b5d
	next		50001e48
OBJ 50001b5f (sz=16, trace=300160, class=java.lang.Object@50000172)
OBJ 50001b60 (sz=32, trace=300683, class=java.util.concurrent.ConcurrentHashMap$Node@50000024)
	key		50000d09
	val		50001b5f
	next		50001e4c
OBJ 50001b61 (sz=24, trace=300000, class=java.lang.String@5000016e)
	value		50001e36
OBJ 50001b62 (sz=24, trace=300000, class=java.lang.String@5000016e)
	value		50002b0f
OBJ 50001b63 (sz=24, trace=300000, class=java.lang.String@5000016e)
	value		50002b0e
OBJ 50001b64 (sz=56, trace=300000, class=java.util.ResourceBundle$CacheKey@50002269)
	name		50000cc1
	locale		50000f06
	loaderRef	500020c8
	format		50001b65
OBJ 50001b65 (sz=24, trace=300000, class=java.lang.String@5000016e)
	value		50001b66
ARR 50001b66 (sz=20, trace=300000, nelems=10, elem type=char[])
OBJ 50001b67 (sz=56, trace=300000, class=java.util.ResourceBundle$CacheKey@50002269)
	name		50000cc1
	locale		5000059b
	loaderRef	5000208c
	format		50001b65
OBJ 50001b68 (sz=56, trace=300000, class=java.util.ResourceBundle$CacheKey@50002269)
	name		50000c3f
	locale		50000f07
	loaderRef	500001c1
	format		50001b65
OBJ 50001b69 (sz=24, trace=300000, class=java.lang.String@5000016e)
	value		50001b6c
OBJ 50001b6a (sz=24, trace=300000, class=java.lang.String@5000016e)
	value		50001b6b
ARR 50001b6b (sz=116, trace=300000, nelems=58, elem type=char[])
ARR 50001b6c (sz=156, trace=300000, nelems=78, elem type=char[])
OBJ 50001b6d (sz=24, trace=300000, class=java.lang.String@5000016e)
	value		50001b70
OBJ 50001b6e (sz=24, trace=300000, class=java.lang.String@5000016e)
	value		50001b6f
ARR 50001b6f (sz=114, trace=300000, nelems=57, elem type=char[])
ARR 50001b70 (sz=126, trace=300000, nelems=63, elem type=char[])
OBJ 50001b71 (sz=24, trace=300000, class=java.lang.String@5000016e)
	value		50001b74
OBJ 50001b72 (sz=24, trace=300000, class=java.lang.String@5000016e)
	value		50001b73
ARR 50001b73 (sz=90, trace=300000, nelems=45, elem type=char[])
ARR 50001b74 (sz=62, trace=300000, nelems=31, elem type=char[])
OBJ 50001b75 (sz=24, trace=300000, class=java.lang.String@5000016e)
	value		50001b78
OBJ 50001b76 (sz=24, trace=300000, class=java.lang.String@5000016e)
	value		50001b77
ARR 50001b77 (sz=106, trace=300000, nelems=53, elem type=char[])
ARR 50001b78 (sz=146, trace=300000, nelems=73, elem type=char[])
OBJ 50001b79 (sz=24, trace=300000, class=java.lang.String@5000016e)
	value		50001b7c
OBJ 50001b7a (sz=24, trace=300000, class=java.lang.String@5000016e)
	value		50001b7b
ARR 50001b7b (sz=50, trace=300000, nelems=25, elem type=char[])
ARR 50001b7c (sz=160, trace=300000, nelems=80, elem type=char[])
OBJ 50001b7d (sz=24, trace=300000, class=java.lang.String@5000016e)
	value		50001b80
OBJ 50001b7e (sz=24, trace=300000, class=java.lang.String@5000016e)
	value		50001b7f
ARR 50001b7f (sz=88, trace=300000, nelems=44, elem type=char[])
ARR 50001b80 (sz=108, trace=300000, nelems=54, elem type=char[])
OBJ 50001b81 (sz=24, trace=300000, class=java.lang.String@5000016e)
	value		50001b84
OBJ 50001b82 (sz=24, trace=300000, class=java.lang.String@5000016e)
	value		50001b83
ARR 50001b83 (sz=72, trace=300000, nelems=36, elem type=char[])
ARR 50001b84 (sz=120, trace=300000, nelems=60, elem type=char[])
OBJ 50001b85 (sz=56, trace=300687, class=java.util.zip.ZipFile$ZipFileInputStream@5000055c)
	this$0		500004ec
OBJ 50001b86 (sz=40, trace=300106, class=java.lang.ref.Finalizer@5000014d)
	referent	50001b85
	queue		500003a9
	next		50001b33
	prev		50001bd2
OBJ 50001b87 (sz=24, trace=300000, class=java.lang.String@5000016e)
	value		50001b8a
OBJ 50001b88 (sz=24, trace=300000, class=java.lang.String@5000016e)
	value		50001b89
ARR 50001b89 (sz=82, trace=300000, nelems=41, elem type=char[])
ARR 50001b8a (sz=80, trace=300000, nelems=40, elem type=char[])
OBJ 50001b8b (sz=24, trace=300000, class=java.lang.String@5000016e)
	value		50001b8e
OBJ 50001b8c (sz=24, trace=300000, class=java.lang.String@5000016e)
	value		50001b8d
ARR 50001b8d (sz=70, trace=300000, nelems=35, elem type=char[])
ARR 50001b8e (sz=66, trace=300000, nelems=33, elem type=char[])
OBJ 50001b8f (sz=24, trace=300000, class=java.lang.String@5000016e)
	value		50001b98
OBJ 50001b90 (sz=24, trace=300000, class=java.lang.String@5000016e)
	value		50001b97
OBJ 50001b92 (sz=16, trace=300157, class=java.lang.Object@50000172)
OBJ 50001b93 (sz=32, trace=300159, class=java.util.concurrent.ConcurrentHashMap$Node@50000024)
	key		50000aea
	val		50001b92
OBJ 50001b94 (sz=16, trace=300160, class=java.lang.Object@50000172)
OBJ 50001b95 (sz=32, trace=300159, class=java.util.concurrent.ConcurrentHashMap$Node@50000024)
	key		50000aea
	val		50001b94
OBJ 50001b96 (sz=56, trace=300687, class=java.util.zip.ZipFile$ZipFileInputStream@5000055c)
ARR 50001b97 (sz=98, trace=300000, nelems=49, elem type=char[])
ARR 50001b98 (sz=100, trace=300000, nelems=50, elem type=char[])
OBJ 50001b99 (sz=24, trace=300000, class=java.lang.String@5000016e)
	value		50001b9c
OBJ 50001b9a (sz=24, trace=300000, class=java.lang.String@5000016e)
	value		50001b9b
ARR 50001b9b (sz=68, trace=300000, nelems=34, elem type=char[])
ARR 50001b9c (sz=94, trace=300000, nelems=47, elem type=char[])
OBJ 50001b9d (sz=24, trace=300000, class=java.lang.String@5000016e)
	value		50001ba0
OBJ 50001b9e (sz=24, trace=300000, class=java.lang.String@5000016e)
	value		50001b9f
ARR 50001b9f (sz=50, trace=300000, nelems=25, elem type=char[])
ARR 50001ba0 (sz=120, trace=300000, nelems=60, elem type=char[])
OBJ 50001ba1 (sz=24, trace=300000, class=java.lang.String@5000016e)
	value		50001ba4
OBJ 50001ba2 (sz=24, trace=300000, class=java.lang.String@5000016e)
	value		50001ba3
ARR 50001ba3 (sz=54, trace=300000, nelems=27, elem type=char[])
ARR 50001ba4 (sz=92, trace=300000, nelems=46, elem type=char[])
OBJ 50001ba5 (sz=16, trace=300157, class=java.lang.Object@50000172)
OBJ 50001ba6 (sz=24, trace=300000, class=java.lang.String@5000016e)
	value		50001baa
OBJ 50001ba7 (sz=16, trace=300160, class=java.lang.Object@50000172)
OBJ 50001ba8 (sz=24, trace=300000, class=java.lang.String@5000016e)
	value		50001ba9
ARR 50001ba9 (sz=100, trace=300000, nelems=50, elem type=char[])
ARR 50001baa (sz=98, trace=300000, nelems=49, elem type=char[])
OBJ 50001bab (sz=24, trace=300000, class=java.lang.String@5000016e)
	value		50001bae
OBJ 50001bac (sz=24, trace=300000, class=java.lang.String@5000016e)
	value		50001bad
ARR 50001bad (sz=76, trace=300000, nelems=38, elem type=char[])
ARR 50001bae (sz=88, trace=300000, nelems=44, elem type=char[])
OBJ 50001baf (sz=24, trace=300000, class=java.lang.String@5000016e)
	value		50001bb2
OBJ 50001bb0 (sz=24, trace=300000, class=java.lang.String@5000016e)
	value		50001bb1
ARR 50001bb1 (sz=76, trace=300000, nelems=38, elem type=char[])
ARR 50001bb2 (sz=198, trace=300000, nelems=99, elem type=char[])
OBJ 50001bb3 (sz=24, trace=300000, class=java.lang.String@5000016e)
	value		50001bb6
OBJ 50001bb4 (sz=24, trace=300000, class=java.lang.String@5000016e)
	value		50001bb5
ARR 50001bb5 (sz=56, trace=300000, nelems=28, elem type=char[])
ARR 50001bb6 (sz=86, trace=300000, nelems=43, elem type=char[])
OBJ 50001bb7 (sz=24, trace=300000, class=java.lang.String@5000016e)
	value		50001bba
OBJ 50001bb8 (sz=24, trace=300000, class=java.lang.String@5000016e)
	value		50001bb9
ARR 50001bb9 (sz=52, trace=300000, nelems=26, elem type=char[])
ARR 50001bba (sz=66, trace=300000, nelems=33, elem type=char[])
OBJ 50001bbb (sz=24, trace=300000, class=java.lang.String@5000016e)
	value		50001bbe
OBJ 50001bbc (sz=24, trace=300000, class=java.lang.String@5000016e)
	value		50001bbd
ARR 50001bbd (sz=62, trace=300000, nelems=31, elem type=char[])
ARR 50001bbe (sz=44, trace=300000, nelems=22, elem type=char[])
OBJ 50001bbf (sz=24, trace=300000, class=java.lang.String@5000016e)
	value		50001bc2
OBJ 50001bc0 (sz=24, trace=300000, class=java.lang.String@5000016e)
	value		50001bc1
ARR 50001bc1 (sz=66, trace=300000, nelems=33, elem type=char[])
ARR 50001bc2 (sz=88, trace=300000, nelems=44, elem type=char[])
OBJ 50001bc3 (sz=24, trace=300000, class=java.lang.String@5000016e)
	value		50001bc6
OBJ 50001bc4 (sz=24, trace=300000, class=java.lang.String@5000016e)
	value		50001bc5
ARR 50001bc5 (sz=70, trace=300000, nelems=35, elem type=char[])
ARR 50001bc6 (sz=44, trace=300000, nelems=22, elem type=char[])
OBJ 50001bc7 (sz=24, trace=300000, class=java.lang.String@5000016e)
	value		50001bca
OBJ 50001bc8 (sz=24, trace=300000, class=java.lang.String@5000016e)
	value		50001bc9
ARR 50001bc9 (sz=60, trace=300000, nelems=30, elem type=char[])
ARR 50001bca (sz=52, trace=300000, nelems=26, elem type=char[])
OBJ 50001bcb (sz=24, trace=300000, class=java.lang.String@5000016e)
	value		50001bce
OBJ 50001bcc (sz=24, trace=300000, class=java.lang.String@5000016e)
	value		50001bcd
ARR 50001bcd (sz=54, trace=300000, nelems=27, elem type=char[])
ARR 50001bce (sz=26, trace=300000, nelems=13, elem type=char[])
OBJ 50001bcf (sz=24, trace=300000, class=java.lang.String@5000016e)
	value		50001bd4
OBJ 50001bd0 (sz=24, trace=300000, class=java.lang.String@5000016e)
	value		50001bd3
OBJ 50001bd1 (sz=56, trace=300687, class=java.util.zip.ZipFile$ZipFileInputStream@5000055c)
	this$0		500004ec
OBJ 50001bd2 (sz=40, trace=300106, class=java.lang.ref.Finalizer@5000014d)
	referent	50001bd1
	queue		500003a9
	next		50001b86
	prev		50001c29
ARR 50001bd3 (sz=60, trace=300000, nelems=30, elem type=char[])
ARR 50001bd4 (sz=82, trace=300000, nelems=41, elem type=char[])
OBJ 50001bd5 (sz=24, trace=300000, class=java.lang.String@5000016e)
	value		50001bd8
OBJ 50001bd6 (sz=24, trace=300000, class=java.lang.String@5000016e)
	value		50001bd7
ARR 50001bd7 (sz=52, trace=300000, nelems=26, elem type=char[])
ARR 50001bd8 (sz=18, trace=300000, nelems=9, elem type=char[])
OBJ 50001bd9 (sz=24, trace=300000, class=java.lang.String@5000016e)
	value		50001bdc
OBJ 50001bda (sz=24, trace=300000, class=java.lang.String@5000016e)
	value		50001bdb
ARR 50001bdb (sz=66, trace=300000, nelems=33, elem type=char[])
ARR 50001bdc (sz=74, trace=300000, nelems=37, elem type=char[])
OBJ 50001bdd (sz=24, trace=300000, class=java.lang.String@5000016e)
	value		50001beb
OBJ 50001bde (sz=56, trace=300687, class=java.util.zip.ZipFile$ZipFileInputStream@5000055c)
OBJ 50001bdf (sz=24, trace=300000, class=java.lang.String@5000016e)
	value		50001be0
ARR 50001be0 (sz=54, trace=300000, nelems=27, elem type=char[])
OBJ 50001be1 (sz=16, trace=300157, class=java.lang.Object@50000172)
OBJ 50001be2 (sz=32, trace=300683, class=java.util.concurrent.ConcurrentHashMap$Node@50000024)
	key		50000ce8
	val		50001be1
OBJ 50001be3 (sz=16, trace=300160, class=java.lang.Object@50000172)
OBJ 50001be4 (sz=32, trace=300683, class=java.util.concurrent.ConcurrentHashMap$Node@50000024)
	key		50000ce8
	val		50001be3
OBJ 50001be7 (sz=16, trace=300157, class=java.lang.Object@50000172)
OBJ 50001be8 (sz=32, trace=300159, class=java.util.concurrent.ConcurrentHashMap$Node@50000024)
	key		50000c69
	val		50001be7
OBJ 50001be9 (sz=16, trace=300160, class=java.lang.Object@50000172)
OBJ 50001bea (sz=32, trace=300159, class=java.util.concurrent.ConcurrentHashMap$Node@50000024)
	key		50000c69
	val		50001be9
ARR 50001beb (sz=14, trace=300000, nelems=7, elem type=char[])
OBJ 50001bee (sz=16, trace=300157, class=java.lang.Object@50000172)
OBJ 50001bef (sz=32, trace=300683, class=java.util.concurrent.ConcurrentHashMap$Node@50000024)
	key		50000c93
	val		50001bee
	next		500011d6
OBJ 50001bf0 (sz=16, trace=300160, class=java.lang.Object@50000172)
OBJ 50001bf1 (sz=32, trace=300683, class=java.util.concurrent.ConcurrentHashMap$Node@50000024)
	key		50000c93
	val		50001bf0
	next		500011d8
OBJ 50001bf2 (sz=24, trace=300000, class=java.lang.String@5000016e)
	value		50001bf5
OBJ 50001bf3 (sz=24, trace=300000, class=java.lang.String@5000016e)
	value		50001bf4
ARR 50001bf4 (sz=74, trace=300000, nelems=37, elem type=char[])
ARR 50001bf5 (sz=42, trace=300000, nelems=21, elem type=char[])
OBJ 50001bf6 (sz=24, trace=300000, class=java.lang.String@5000016e)
	value		50001bf9
OBJ 50001bf7 (sz=24, trace=300000, class=java.lang.String@5000016e)
	value		50001bf8
ARR 50001bf8 (sz=76, trace=300000, nelems=38, elem type=char[])
ARR 50001bf9 (sz=58, trace=300000, nelems=29, elem type=char[])
OBJ 50001bfa (sz=24, trace=300000, class=java.lang.String@5000016e)
	value		50001bfd
OBJ 50001bfb (sz=24, trace=300000, class=java.lang.String@5000016e)
	value		50001bfc
ARR 50001bfc (sz=54, trace=300000, nelems=27, elem type=char[])
ARR 50001bfd (sz=32, trace=300000, nelems=16, elem type=char[])
OBJ 50001bfe (sz=24, trace=300000, class=java.lang.String@5000016e)
	value		50001c01
OBJ 50001bff (sz=24, trace=300000, class=java.lang.String@5000016e)
	value		50001c00
ARR 50001c00 (sz=56, trace=300000, nelems=28, elem type=char[])
ARR 50001c01 (sz=40, trace=300000, nelems=20, elem type=char[])
OBJ 50001c02 (sz=24, trace=300000, class=java.lang.String@5000016e)
	value		50001c05
OBJ 50001c03 (sz=24, trace=300000, class=java.lang.String@5000016e)
	value		50001c04
ARR 50001c04 (sz=54, trace=300000, nelems=27, elem type=char[])
ARR 50001c05 (sz=42, trace=300000, nelems=21, elem type=char[])
OBJ 50001c06 (sz=24, trace=300000, class=java.lang.String@5000016e)
	value		50001c09
OBJ 50001c07 (sz=24, trace=300000, class=java.lang.String@5000016e)
	value		50001c08
ARR 50001c08 (sz=96, trace=300000, nelems=48, elem type=char[])
ARR 50001c09 (sz=78, trace=300000, nelems=39, elem type=char[])
OBJ 50001c0a (sz=24, trace=300000, class=java.lang.String@5000016e)
	value		50001c0d
OBJ 50001c0b (sz=24, trace=300000, class=java.lang.String@5000016e)
	value		50001c0c
ARR 50001c0c (sz=72, trace=300000, nelems=36, elem type=char[])
ARR 50001c0d (sz=90, trace=300000, nelems=45, elem type=char[])
OBJ 50001c0e (sz=24, trace=300000, class=java.lang.String@5000016e)
	value		50001c11
OBJ 50001c0f (sz=24, trace=300000, class=java.lang.String@5000016e)
	value		50001c10
ARR 50001c10 (sz=66, trace=300000, nelems=33, elem type=char[])
ARR 50001c11 (sz=100, trace=300000, nelems=50, elem type=char[])
OBJ 50001c12 (sz=24, trace=300000, class=java.lang.String@5000016e)
	value		50001c15
OBJ 50001c13 (sz=24, trace=300000, class=java.lang.String@5000016e)
	value		50001c14
ARR 50001c14 (sz=64, trace=300000, nelems=32, elem type=char[])
ARR 50001c15 (sz=262, trace=300000, nelems=131, elem type=char[])
OBJ 50001c16 (sz=24, trace=300000, class=java.lang.String@5000016e)
	value		50001c19
OBJ 50001c17 (sz=24, trace=300000, class=java.lang.String@5000016e)
	value		50001c18
ARR 50001c18 (sz=94, trace=300000, nelems=47, elem type=char[])
ARR 50001c19 (sz=162, trace=300000, nelems=81, elem type=char[])
OBJ 50001c1a (sz=24, trace=300000, class=java.lang.String@5000016e)
	value		50001c1d
OBJ 50001c1b (sz=24, trace=300000, class=java.lang.String@5000016e)
	value		50001c1c
ARR 50001c1c (sz=98, trace=300000, nelems=49, elem type=char[])
ARR 50001c1d (sz=134, trace=300000, nelems=67, elem type=char[])
OBJ 50001c1e (sz=24, trace=300000, class=java.lang.String@5000016e)
	value		50001c21
OBJ 50001c1f (sz=24, trace=300000, class=java.lang.String@5000016e)
	value		50001c20
ARR 50001c20 (sz=56, trace=300000, nelems=28, elem type=char[])
ARR 50001c21 (sz=46, trace=300000, nelems=23, elem type=char[])
OBJ 50001c22 (sz=24, trace=300000, class=java.lang.String@5000016e)
	value		50001c25
OBJ 50001c23 (sz=24, trace=300000, class=java.lang.String@5000016e)
	value		50001c24
ARR 50001c24 (sz=92, trace=300000, nelems=46, elem type=char[])
ARR 50001c25 (sz=132, trace=300000, nelems=66, elem type=char[])
OBJ 50001c26 (sz=56, trace=300687, class=java.util.zip.ZipFile$ZipFileInputStream@5000055c)
	this$0		500004ec
OBJ 50001c27 (sz=56, trace=300687, class=java.util.zip.ZipFile$ZipFileInputStream@5000055c)
OBJ 50001c28 (sz=24, trace=300000, class=java.lang.String@5000016e)
	value		50001c2c
OBJ 50001c29 (sz=40, trace=300106, class=java.lang.ref.Finalizer@5000014d)
	referent	50001c26
	queue		500003a9
	next		50001bd2
	prev		50001c77
OBJ 50001c2a (sz=24, trace=300000, class=java.lang.String@5000016e)
	value		50001c2b
ARR 50001c2b (sz=60, trace=300000, nelems=30, elem type=char[])
ARR 50001c2c (sz=24, trace=300000, nelems=12, elem type=char[])
OBJ 50001c2d (sz=24, trace=300000, class=java.lang.String@5000016e)
	value		50001c30
OBJ 50001c2e (sz=24, trace=300000, class=java.lang.String@5000016e)
	value		50001c2f
ARR 50001c2f (sz=106, trace=300000, nelems=53, elem type=char[])
ARR 50001c30 (sz=90, trace=300000, nelems=45, elem type=char[])
OBJ 50001c31 (sz=24, trace=300000, class=java.lang.String@5000016e)
	value		50001c39
OBJ 50001c32 (sz=24, trace=300000, class=java.lang.String@5000016e)
	value		50001c38
OBJ 50001c34 (sz=16, trace=300157, class=java.lang.Object@50000172)
OBJ 50001c35 (sz=32, trace=300683, class=java.util.concurrent.ConcurrentHashMap$Node@50000024)
	key		50000b0e
	val		50001c34
OBJ 50001c36 (sz=16, trace=300160, class=java.lang.Object@50000172)
OBJ 50001c37 (sz=32, trace=300683, class=java.util.concurrent.ConcurrentHashMap$Node@50000024)
	key		50000b0e
	val		50001c36
ARR 50001c38 (sz=78, trace=300000, nelems=39, elem type=char[])
ARR 50001c39 (sz=136, trace=300000, nelems=68, elem type=char[])
OBJ 50001c3b (sz=16, trace=300157, class=java.lang.Object@50000172)
OBJ 50001c3c (sz=32, trace=300159, class=java.util.concurrent.ConcurrentHashMap$Node@50000024)
	key		50000cc3
	val		50001c3b
OBJ 50001c3d (sz=16, trace=300160, class=java.lang.Object@50000172)
OBJ 50001c3e (sz=32, trace=300159, class=java.util.concurrent.ConcurrentHashMap$Node@50000024)
	key		50000cc3
	val		50001c3d
OBJ 50001c3f (sz=24, trace=300000, class=java.lang.String@5000016e)
	value		50001c42
OBJ 50001c40 (sz=24, trace=300000, class=java.lang.String@5000016e)
	value		50001c41
ARR 50001c41 (sz=52, trace=300000, nelems=26, elem type=char[])
ARR 50001c42 (sz=16, trace=300000, nelems=8, elem type=char[])
OBJ 50001c43 (sz=24, trace=300000, class=java.lang.String@5000016e)
	value		50001c46
OBJ 50001c44 (sz=24, trace=300000, class=java.lang.String@5000016e)
	value		50001c45
ARR 50001c45 (sz=62, trace=300000, nelems=31, elem type=char[])
ARR 50001c46 (sz=280, trace=300000, nelems=140, elem type=char[])
OBJ 50001c47 (sz=24, trace=300000, class=java.lang.String@5000016e)
	value		50001c4a
OBJ 50001c48 (sz=24, trace=300000, class=java.lang.String@5000016e)
	value		50001c49
ARR 50001c49 (sz=62, trace=300000, nelems=31, elem type=char[])
ARR 50001c4a (sz=128, trace=300000, nelems=64, elem type=char[])
OBJ 50001c4b (sz=24, trace=300000, class=java.lang.String@5000016e)
	value		50001c4e
OBJ 50001c4c (sz=24, trace=300000, class=java.lang.String@5000016e)
	value		50001c4d
ARR 50001c4d (sz=112, trace=300000, nelems=56, elem type=char[])
ARR 50001c4e (sz=184, trace=300000, nelems=92, elem type=char[])
OBJ 50001c4f (sz=24, trace=300000, class=java.lang.String@5000016e)
	value		50001c52
OBJ 50001c50 (sz=24, trace=300000, class=java.lang.String@5000016e)
	value		50001c51
ARR 50001c51 (sz=52, trace=300000, nelems=26, elem type=char[])
ARR 50001c52 (sz=44, trace=300000, nelems=22, elem type=char[])
OBJ 50001c53 (sz=24, trace=300000, class=java.lang.String@5000016e)
	value		50001c56
OBJ 50001c54 (sz=24, trace=300000, class=java.lang.String@5000016e)
	value		50001c55
ARR 50001c55 (sz=106, trace=300000, nelems=53, elem type=char[])
ARR 50001c56 (sz=204, trace=300000, nelems=102, elem type=char[])
OBJ 50001c57 (sz=24, trace=300000, class=java.lang.String@5000016e)
	value		50001c5a
OBJ 50001c58 (sz=24, trace=300000, class=java.lang.String@5000016e)
	value		50001c59
ARR 50001c59 (sz=50, trace=300000, nelems=25, elem type=char[])
ARR 50001c5a (sz=14, trace=300000, nelems=7, elem type=char[])
OBJ 50001c5b (sz=24, trace=300000, class=java.lang.String@5000016e)
	value		50001c5e
OBJ 50001c5c (sz=24, trace=300000, class=java.lang.String@5000016e)
	value		50001c5d
ARR 50001c5d (sz=62, trace=300000, nelems=31, elem type=char[])
ARR 50001c5e (sz=68, trace=300000, nelems=34, elem type=char[])
OBJ 50001c5f (sz=24, trace=300000, class=java.lang.String@5000016e)
	value		50001c62
OBJ 50001c60 (sz=24, trace=300000, class=java.lang.String@5000016e)
	value		50001c61
ARR 50001c61 (sz=80, trace=300000, nelems=40, elem type=char[])
ARR 50001c62 (sz=168, trace=300000, nelems=84, elem type=char[])
OBJ 50001c63 (sz=24, trace=300000, class=java.lang.String@5000016e)
	value		50001c66
OBJ 50001c64 (sz=24, trace=300000, class=java.lang.String@5000016e)
	value		50001c65
ARR 50001c65 (sz=58, trace=300000, nelems=29, elem type=char[])
ARR 50001c66 (sz=58, trace=300000, nelems=29, elem type=char[])
OBJ 50001c67 (sz=24, trace=300000, class=java.lang.String@5000016e)
	value		50001c6a
OBJ 50001c68 (sz=24, trace=300000, class=java.lang.String@5000016e)
	value		50001c69
ARR 50001c69 (sz=86, trace=300000, nelems=43, elem type=char[])
ARR 50001c6a (sz=106, trace=300000, nelems=53, elem type=char[])
OBJ 50001c6b (sz=24, trace=300000, class=java.lang.String@5000016e)
	value		50001c6f
OBJ 50001c6c (sz=24, trace=300000, class=java.lang.String@5000016e)
	value		50001c6e
OBJ 50001c6d (sz=56, trace=300687, class=java.util.zip.ZipFile$ZipFileInputStream@5000055c)
ARR 50001c6e (sz=66, trace=300000, nelems=33, elem type=char[])
ARR 50001c6f (sz=78, trace=300000, nelems=39, elem type=char[])
OBJ 50001c70 (sz=24, trace=300000, class=java.lang.String@5000016e)
	value		50001c73
OBJ 50001c71 (sz=24, trace=300000, class=java.lang.String@5000016e)
	value		50001c72
ARR 50001c72 (sz=44, trace=300000, nelems=22, elem type=char[])
ARR 50001c73 (sz=32, trace=300000, nelems=16, elem type=char[])
OBJ 50001c74 (sz=24, trace=300000, class=java.lang.String@5000016e)
	value		50001c79
OBJ 50001c75 (sz=24, trace=300000, class=java.lang.String@5000016e)
	value		50001c78
OBJ 50001c76 (sz=56, trace=300687, class=java.util.zip.ZipFile$ZipFileInputStream@5000055c)
	this$0		500004ec
OBJ 50001c77 (sz=40, trace=300106, class=java.lang.ref.Finalizer@5000014d)
	referent	50001c76
	queue		500003a9
	next		50001c29
	prev		50001ce2
ARR 50001c78 (sz=102, trace=300000, nelems=51, elem type=char[])
ARR 50001c79 (sz=90, trace=300000, nelems=45, elem type=char[])
OBJ 50001c7b (sz=16, trace=300157, class=java.lang.Object@50000172)
OBJ 50001c7c (sz=32, trace=300159, class=java.util.concurrent.ConcurrentHashMap$Node@50000024)
	key		50000ca8
	val		50001c7b
OBJ 50001c7d (sz=16, trace=300160, class=java.lang.Object@50000172)
OBJ 50001c7e (sz=32, trace=300159, class=java.util.concurrent.ConcurrentHashMap$Node@50000024)
	key		50000ca8
	val		50001c7d
OBJ 50001c7f (sz=16, trace=300157, class=java.lang.Object@50000172)
OBJ 50001c80 (sz=32, trace=300683, class=java.util.concurrent.ConcurrentHashMap$Node@50000024)
	key		50000baa
	val		50001c7f
OBJ 50001c81 (sz=16, trace=300160, class=java.lang.Object@50000172)
OBJ 50001c82 (sz=32, trace=300683, class=java.util.concurrent.ConcurrentHashMap$Node@50000024)
	key		50000baa
	val		50001c81
OBJ 50001c84 (sz=16, trace=300157, class=java.lang.Object@50000172)
OBJ 50001c85 (sz=32, trace=300159, class=java.util.concurrent.ConcurrentHashMap$Node@50000024)
	key		50000bf0
	val		50001c84
OBJ 50001c86 (sz=16, trace=300160, class=java.lang.Object@50000172)
OBJ 50001c87 (sz=32, trace=300159, class=java.util.concurrent.ConcurrentHashMap$Node@50000024)
	key		50000bf0
	val		50001c86
OBJ 50001c88 (sz=24, trace=300000, class=java.lang.String@5000016e)
	value		50001c8b
OBJ 50001c89 (sz=24, trace=300000, class=java.lang.String@5000016e)
	value		50001c8a
ARR 50001c8a (sz=132, trace=300000, nelems=66, elem type=char[])
ARR 50001c8b (sz=300, trace=300000, nelems=150, elem type=char[])
OBJ 50001c8c (sz=24, trace=300000, class=java.lang.String@5000016e)
	value		50001c8f
OBJ 50001c8d (sz=24, trace=300000, class=java.lang.String@5000016e)
	value		50001c8e
ARR 50001c8e (sz=62, trace=300000, nelems=31, elem type=char[])
ARR 50001c8f (sz=38, trace=300000, nelems=19, elem type=char[])
OBJ 50001c90 (sz=24, trace=300000, class=java.lang.String@5000016e)
	value		50001c97
OBJ 50001c91 (sz=24, trace=300000, class=java.lang.String@5000016e)
	value		50001c96
OBJ 50001c92 (sz=16, trace=300157, class=java.lang.Object@50000172)
OBJ 50001c93 (sz=32, trace=300159, class=java.util.concurrent.ConcurrentHashMap$Node@50000024)
	key		50000c4b
	val		50001c92
OBJ 50001c94 (sz=16, trace=300160, class=java.lang.Object@50000172)
OBJ 50001c95 (sz=32, trace=300159, class=java.util.concurrent.ConcurrentHashMap$Node@50000024)
	key		50000c4b
	val		50001c94
ARR 50001c96 (sz=66, trace=300000, nelems=33, elem type=char[])
ARR 50001c97 (sz=76, trace=300000, nelems=38, elem type=char[])
OBJ 50001c98 (sz=24, trace=300000, class=java.lang.String@5000016e)
	value		50001c9b
OBJ 50001c99 (sz=24, trace=300000, class=java.lang.String@5000016e)
	value		50001c9a
ARR 50001c9a (sz=146, trace=300000, nelems=73, elem type=char[])
ARR 50001c9b (sz=136, trace=300000, nelems=68, elem type=char[])
OBJ 50001c9c (sz=24, trace=300000, class=java.lang.String@5000016e)
	value		50001c9f
OBJ 50001c9d (sz=24, trace=300000, class=java.lang.String@5000016e)
	value		50001c9e
ARR 50001c9e (sz=76, trace=300000, nelems=38, elem type=char[])
ARR 50001c9f (sz=96, trace=300000, nelems=48, elem type=char[])
OBJ 50001ca0 (sz=24, trace=300000, class=java.lang.String@5000016e)
	value		50001ca3
OBJ 50001ca1 (sz=24, trace=300000, class=java.lang.String@5000016e)
	value		50001ca2
ARR 50001ca2 (sz=74, trace=300000, nelems=37, elem type=char[])
ARR 50001ca3 (sz=146, trace=300000, nelems=73, elem type=char[])
OBJ 50001ca4 (sz=24, trace=300000, class=java.lang.String@5000016e)
	value		50001ca7
OBJ 50001ca5 (sz=24, trace=300000, class=java.lang.String@5000016e)
	value		50001ca6
ARR 50001ca6 (sz=72, trace=300000, nelems=36, elem type=char[])
ARR 50001ca7 (sz=150, trace=300000, nelems=75, elem type=char[])
OBJ 50001ca8 (sz=24, trace=300000, class=java.lang.String@5000016e)
	value		50001cab
OBJ 50001ca9 (sz=24, trace=300000, class=java.lang.String@5000016e)
	value		50001caa
ARR 50001caa (sz=68, trace=300000, nelems=34, elem type=char[])
ARR 50001cab (sz=52, trace=300000, nelems=26, elem type=char[])
OBJ 50001cac (sz=24, trace=300000, class=java.lang.String@5000016e)
	value		50001caf
OBJ 50001cad (sz=24, trace=300000, class=java.lang.String@5000016e)
	value		50001cae
ARR 50001cae (sz=94, trace=300000, nelems=47, elem type=char[])
ARR 50001caf (sz=188, trace=300000, nelems=94, elem type=char[])
OBJ 50001cb0 (sz=24, trace=300000, class=java.lang.String@5000016e)
	value		50001cb3
OBJ 50001cb1 (sz=24, trace=300000, class=java.lang.String@5000016e)
	value		50001cb2
ARR 50001cb2 (sz=78, trace=300000, nelems=39, elem type=char[])
ARR 50001cb3 (sz=46, trace=300000, nelems=23, elem type=char[])
OBJ 50001cb4 (sz=24, trace=300369, class=java.lang.String@5000016e)
	value		50001cb5
ARR 50001cb5 (sz=46, trace=300370, nelems=23, elem type=char[])
OBJ 50001cb6 (sz=24, trace=300000, class=java.lang.String@5000016e)
	value		50001cb9
OBJ 50001cb7 (sz=24, trace=300000, class=java.lang.String@5000016e)
	value		50001cb8
ARR 50001cb8 (sz=68, trace=300000, nelems=34, elem type=char[])
ARR 50001cb9 (sz=52, trace=300000, nelems=26, elem type=char[])
OBJ 50001cba (sz=24, trace=300000, class=java.lang.String@5000016e)
	value		50001cbd
OBJ 50001cbb (sz=24, trace=300000, class=java.lang.String@5000016e)
	value		50001cbc
ARR 50001cbc (sz=56, trace=300000, nelems=28, elem type=char[])
ARR 50001cbd (sz=118, trace=300000, nelems=59, elem type=char[])
OBJ 50001cbe (sz=24, trace=300000, class=java.lang.String@5000016e)
	value		50001cc1
OBJ 50001cbf (sz=24, trace=300000, class=java.lang.String@5000016e)
	value		50001cc0
ARR 50001cc0 (sz=80, trace=300000, nelems=40, elem type=char[])
ARR 50001cc1 (sz=106, trace=300000, nelems=53, elem type=char[])
OBJ 50001cc2 (sz=56, trace=300443, class=java.lang.Package@500005db)
	pkgName		50001cb4
	loader		500003b3
OBJ 50001cc3 (sz=32, trace=300221, class=java.util.HashMap$Node@500000c4)
	key		50001cb4
	value		50001cc2
OBJ 50001cc4 (sz=24, trace=300000, class=java.lang.String@5000016e)
	value		50001cc8
OBJ 50001cc5 (sz=24, trace=300000, class=java.lang.String@5000016e)
	value		50001cc6
ARR 50001cc6 (sz=54, trace=300000, nelems=27, elem type=char[])
OBJ 50001cc7 (sz=56, trace=300687, class=java.util.zip.ZipFile$ZipFileInputStream@5000055c)
ARR 50001cc8 (sz=110, trace=300000, nelems=55, elem type=char[])
OBJ 50001cc9 (sz=24, trace=300000, class=java.lang.String@5000016e)
	value		50001ccc
OBJ 50001cca (sz=24, trace=300000, class=java.lang.String@5000016e)
	value		50001ccb
ARR 50001ccb (sz=58, trace=300000, nelems=29, elem type=char[])
ARR 50001ccc (sz=40, trace=300000, nelems=20, elem type=char[])
OBJ 50001ccd (sz=24, trace=300000, class=java.lang.String@5000016e)
	value		50001cd3
OBJ 50001cce (sz=24, trace=300668, class=java.lang.String@5000016e)
	value		50001ccf
ARR 50001ccf (sz=46, trace=300669, nelems=23, elem type=char[])
OBJ 50001cd0 (sz=32, trace=300671, class=java.util.concurrent.ConcurrentHashMap$Node@50000024)
	key		50001cce
	val		50000a90
OBJ 50001cd1 (sz=24, trace=300000, class=java.lang.String@5000016e)
	value		50001cd2
ARR 50001cd2 (sz=76, trace=300000, nelems=38, elem type=char[])
ARR 50001cd3 (sz=44, trace=300000, nelems=22, elem type=char[])
OBJ 50001cd4 (sz=56, trace=300687, class=java.util.zip.ZipFile$ZipFileInputStream@5000055c)
	this$0		500004ec
OBJ 50001cd6 (sz=16, trace=300157, class=java.lang.Object@50000172)
OBJ 50001cd7 (sz=24, trace=300000, class=java.lang.String@5000016e)
	value		50001ce4
OBJ 50001cd8 (sz=16, trace=300160, class=java.lang.Object@50000172)
OBJ 50001cd9 (sz=24, trace=300000, class=java.lang.String@5000016e)
	value		50001ce3
OBJ 50001cdb (sz=16, trace=300835, class=com.sun.tools.javac.util.Context$Key@500014fe)
OBJ 50001cdc (sz=16, trace=300836, class=com.sun.tools.javac.util.Context$Key@500014fe)
OBJ 50001cdd (sz=32, trace=300221, class=java.util.HashMap$Node@500000c4)
OBJ 50001cde (sz=16, trace=300157, class=java.lang.Object@50000172)
OBJ 50001cdf (sz=32, trace=300159, class=java.util.concurrent.ConcurrentHashMap$Node@50000024)
	key		50000cb7
	val		50001cde
OBJ 50001ce0 (sz=16, trace=300160, class=java.lang.Object@50000172)
OBJ 50001ce1 (sz=32, trace=300159, class=java.util.concurrent.ConcurrentHashMap$Node@50000024)
	key		50000cb7
	val		50001ce0
OBJ 50001ce2 (sz=40, trace=300106, class=java.lang.ref.Finalizer@5000014d)
	referent	50001cd4
	queue		500003a9
	next		50001c77
	prev		50001d2e
ARR 50001ce3 (sz=88, trace=300000, nelems=44, elem type=char[])
ARR 50001ce4 (sz=204, trace=300000, nelems=102, elem type=char[])
OBJ 50001ce5 (sz=24, trace=300000, class=java.lang.String@5000016e)
	value		50001ce8
OBJ 50001ce6 (sz=24, trace=300000, class=java.lang.String@5000016e)
	value		50001ce7
ARR 50001ce7 (sz=46, trace=300000, nelems=23, elem type=char[])
ARR 50001ce8 (sz=114, trace=300000, nelems=57, elem type=char[])
OBJ 50001ce9 (sz=24, trace=300000, class=java.lang.String@5000016e)
	value		50001cec
OBJ 50001cea (sz=24, trace=300000, class=java.lang.String@5000016e)
	value		50001ceb
ARR 50001ceb (sz=94, trace=300000, nelems=47, elem type=char[])
ARR 50001cec (sz=102, trace=300000, nelems=51, elem type=char[])
OBJ 50001ced (sz=16, trace=300157, class=java.lang.Object@50000172)
OBJ 50001cee (sz=32, trace=300159, class=java.util.concurrent.ConcurrentHashMap$Node@50000024)
	key		50000b53
	val		50001ced
OBJ 50001cef (sz=16, trace=300160, class=java.lang.Object@50000172)
OBJ 50001cf0 (sz=32, trace=300159, class=java.util.concurrent.ConcurrentHashMap$Node@50000024)
	key		50000b53
	val		50001cef
OBJ 50001cf1 (sz=24, trace=300000, class=java.lang.String@5000016e)
	value		50001cf4
OBJ 50001cf2 (sz=24, trace=300000, class=java.lang.String@5000016e)
	value		50001cf3
ARR 50001cf3 (sz=60, trace=300000, nelems=30, elem type=char[])
ARR 50001cf4 (sz=34, trace=300000, nelems=17, elem type=char[])
OBJ 50001cf5 (sz=24, trace=300000, class=java.lang.String@5000016e)
	value		50001cf8
OBJ 50001cf6 (sz=24, trace=300000, class=java.lang.String@5000016e)
	value		50001cf7
ARR 50001cf7 (sz=98, trace=300000, nelems=49, elem type=char[])
ARR 50001cf8 (sz=186, trace=300000, nelems=93, elem type=char[])
OBJ 50001cf9 (sz=24, trace=300000, class=java.lang.String@5000016e)
	value		50001cfc
OBJ 50001cfa (sz=24, trace=300000, class=java.lang.String@5000016e)
	value		50001cfb
ARR 50001cfb (sz=60, trace=300000, nelems=30, elem type=char[])
ARR 50001cfc (sz=170, trace=300000, nelems=85, elem type=char[])
OBJ 50001cfd (sz=24, trace=300000, class=java.lang.String@5000016e)
	value		50001d00
OBJ 50001cfe (sz=24, trace=300000, class=java.lang.String@5000016e)
	value		50001cff
ARR 50001cff (sz=54, trace=300000, nelems=27, elem type=char[])
ARR 50001d00 (sz=6, trace=300000, nelems=3, elem type=char[])
OBJ 50001d01 (sz=24, trace=300000, class=java.lang.String@5000016e)
	value		50001d04
OBJ 50001d02 (sz=24, trace=300000, class=java.lang.String@5000016e)
	value		50001d03
ARR 50001d03 (sz=70, trace=300000, nelems=35, elem type=char[])
ARR 50001d04 (sz=124, trace=300000, nelems=62, elem type=char[])
OBJ 50001d05 (sz=24, trace=300000, class=java.lang.String@5000016e)
	value		50001d08
OBJ 50001d06 (sz=24, trace=300000, class=java.lang.String@5000016e)
	value		50001d07
ARR 50001d07 (sz=56, trace=300000, nelems=28, elem type=char[])
ARR 50001d08 (sz=62, trace=300000, nelems=31, elem type=char[])
OBJ 50001d09 (sz=24, trace=300000, class=java.lang.String@5000016e)
	value		50001d0c
OBJ 50001d0a (sz=24, trace=300000, class=java.lang.String@5000016e)
	value		50001d0b
ARR 50001d0b (sz=72, trace=300000, nelems=36, elem type=char[])
ARR 50001d0c (sz=100, trace=300000, nelems=50, elem type=char[])
OBJ 50001d0d (sz=24, trace=300000, class=java.lang.String@5000016e)
	value		50001d10
OBJ 50001d0e (sz=24, trace=300000, class=java.lang.String@5000016e)
	value		50001d0f
ARR 50001d0f (sz=68, trace=300000, nelems=34, elem type=char[])
ARR 50001d10 (sz=36, trace=300000, nelems=18, elem type=char[])
OBJ 50001d11 (sz=24, trace=300000, class=java.lang.String@5000016e)
	value		50001d12
ARR 50001d12 (sz=56, trace=300000, nelems=28, elem type=char[])
OBJ 50001d13 (sz=24, trace=300000, class=java.lang.String@5000016e)
	value		50001d16
OBJ 50001d14 (sz=24, trace=300000, class=java.lang.String@5000016e)
	value		50001d15
ARR 50001d15 (sz=64, trace=300000, nelems=32, elem type=char[])
ARR 50001d16 (sz=58, trace=300000, nelems=29, elem type=char[])
OBJ 50001d17 (sz=56, trace=300687, class=java.util.zip.ZipFile$ZipFileInputStream@5000055c)
OBJ 50001d18 (sz=24, trace=300000, class=java.lang.String@5000016e)
	value		50001d1b
OBJ 50001d19 (sz=24, trace=300000, class=java.lang.String@5000016e)
	value		50001d1a
ARR 50001d1a (sz=76, trace=300000, nelems=38, elem type=char[])
ARR 50001d1b (sz=220, trace=300000, nelems=110, elem type=char[])
OBJ 50001d1c (sz=24, trace=300000, class=java.lang.String@5000016e)
	value		50001d1f
OBJ 50001d1d (sz=24, trace=300000, class=java.lang.String@5000016e)
	value		50001d1e
ARR 50001d1e (sz=92, trace=300000, nelems=46, elem type=char[])
ARR 50001d1f (sz=64, trace=300000, nelems=32, elem type=char[])
OBJ 50001d20 (sz=24, trace=300000, class=java.lang.String@5000016e)
	value		50001d23
OBJ 50001d21 (sz=24, trace=300000, class=java.lang.String@5000016e)
	value		50001d22
ARR 50001d22 (sz=58, trace=300000, nelems=29, elem type=char[])
ARR 50001d23 (sz=56, trace=300000, nelems=28, elem type=char[])
OBJ 50001d24 (sz=24, trace=300000, class=java.lang.String@5000016e)
	value		50001d2c
OBJ 50001d26 (sz=16, trace=300157, class=java.lang.Object@50000172)
OBJ 50001d27 (sz=32, trace=300683, class=java.util.concurrent.ConcurrentHashMap$Node@50000024)
	key		50000cb5
	val		50001d26
OBJ 50001d28 (sz=16, trace=300160, class=java.lang.Object@50000172)
OBJ 50001d29 (sz=32, trace=300683, class=java.util.concurrent.ConcurrentHashMap$Node@50000024)
	key		50000cb5
	val		50001d28
OBJ 50001d2a (sz=24, trace=300000, class=java.lang.String@5000016e)
	value		50001d2b
ARR 50001d2b (sz=72, trace=300000, nelems=36, elem type=char[])
ARR 50001d2c (sz=148, trace=300000, nelems=74, elem type=char[])
OBJ 50001d2d (sz=56, trace=300687, class=java.util.zip.ZipFile$ZipFileInputStream@5000055c)
	this$0		500004ec
OBJ 50001d2e (sz=40, trace=300106, class=java.lang.ref.Finalizer@5000014d)
	referent	50001d2d
	queue		500003a9
	next		50001ce2
	prev		50001d7d
OBJ 50001d2f (sz=24, trace=300000, class=java.lang.String@5000016e)
	value		50001d32
OBJ 50001d30 (sz=24, trace=300000, class=java.lang.String@5000016e)
	value		50001d31
ARR 50001d31 (sz=96, trace=300000, nelems=48, elem type=char[])
ARR 50001d32 (sz=184, trace=300000, nelems=92, elem type=char[])
OBJ 50001d33 (sz=24, trace=300000, class=java.lang.String@5000016e)
	value		50001d36
OBJ 50001d34 (sz=24, trace=300000, class=java.lang.String@5000016e)
	value		50001d35
ARR 50001d35 (sz=84, trace=300000, nelems=42, elem type=char[])
ARR 50001d36 (sz=44, trace=300000, nelems=22, elem type=char[])
OBJ 50001d37 (sz=24, trace=300000, class=java.lang.String@5000016e)
	value		50001d40
OBJ 50001d38 (sz=24, trace=300000, class=java.lang.String@5000016e)
	value		50001d3f
OBJ 50001d3b (sz=16, trace=300157, class=java.lang.Object@50000172)
OBJ 50001d3c (sz=32, trace=300683, class=java.util.concurrent.ConcurrentHashMap$Node@50000024)
	key		50000c06
	val		50001d3b
OBJ 50001d3d (sz=16, trace=300160, class=java.lang.Object@50000172)
OBJ 50001d3e (sz=32, trace=300683, class=java.util.concurrent.ConcurrentHashMap$Node@50000024)
	key		50000c06
	val		50001d3d
ARR 50001d3f (sz=64, trace=300000, nelems=32, elem type=char[])
ARR 50001d40 (sz=58, trace=300000, nelems=29, elem type=char[])
OBJ 50001d41 (sz=24, trace=300000, class=java.lang.String@5000016e)
	value		50001d44
OBJ 50001d42 (sz=24, trace=300000, class=java.lang.String@5000016e)
	value		50001d43
ARR 50001d43 (sz=84, trace=300000, nelems=42, elem type=char[])
ARR 50001d44 (sz=150, trace=300000, nelems=75, elem type=char[])
OBJ 50001d45 (sz=24, trace=300000, class=java.lang.String@5000016e)
	value		50001d48
OBJ 50001d46 (sz=24, trace=300000, class=java.lang.String@5000016e)
	value		50001d47
ARR 50001d47 (sz=60, trace=300000, nelems=30, elem type=char[])
ARR 50001d48 (sz=70, trace=300000, nelems=35, elem type=char[])
OBJ 50001d49 (sz=24, trace=300000, class=java.lang.String@5000016e)
	value		50001d4c
OBJ 50001d4a (sz=24, trace=300000, class=java.lang.String@5000016e)
	value		50001d4b
ARR 50001d4b (sz=90, trace=300000, nelems=45, elem type=char[])
ARR 50001d4c (sz=104, trace=300000, nelems=52, elem type=char[])
OBJ 50001d4d (sz=24, trace=300000, class=java.lang.String@5000016e)
	value		50001d50
OBJ 50001d4e (sz=24, trace=300000, class=java.lang.String@5000016e)
	value		50001d4f
ARR 50001d4f (sz=96, trace=300000, nelems=48, elem type=char[])
ARR 50001d50 (sz=88, trace=300000, nelems=44, elem type=char[])
OBJ 50001d51 (sz=24, trace=300000, class=java.lang.String@5000016e)
	value		50001d54
OBJ 50001d52 (sz=24, trace=300000, class=java.lang.String@5000016e)
	value		50001d53
ARR 50001d53 (sz=114, trace=300000, nelems=57, elem type=char[])
ARR 50001d54 (sz=186, trace=300000, nelems=93, elem type=char[])
OBJ 50001d55 (sz=24, trace=300000, class=java.lang.String@5000016e)
	value		50001d58
OBJ 50001d56 (sz=24, trace=300000, class=java.lang.String@5000016e)
	value		50001d57
ARR 50001d57 (sz=46, trace=300000, nelems=23, elem type=char[])
ARR 50001d58 (sz=28, trace=300000, nelems=14, elem type=char[])
OBJ 50001d59 (sz=24, trace=300000, class=java.lang.String@5000016e)
	value		50001d5c
OBJ 50001d5a (sz=24, trace=300000, class=java.lang.String@5000016e)
	value		50001d5b
ARR 50001d5b (sz=60, trace=300000, nelems=30, elem type=char[])
ARR 50001d5c (sz=70, trace=300000, nelems=35, elem type=char[])
OBJ 50001d5d (sz=24, trace=300000, class=java.lang.String@5000016e)
	value		50001d61
OBJ 50001d5e (sz=24, trace=300000, class=java.lang.String@5000016e)
	value		50001d60
OBJ 50001d5f (sz=56, trace=300687, class=java.util.zip.ZipFile$ZipFileInputStream@5000055c)
ARR 50001d60 (sz=82, trace=300000, nelems=41, elem type=char[])
ARR 50001d61 (sz=54, trace=300000, nelems=27, elem type=char[])
OBJ 50001d62 (sz=24, trace=300000, class=java.lang.String@5000016e)
	value		50001d65
OBJ 50001d63 (sz=24, trace=300000, class=java.lang.String@5000016e)
	value		50001d64
ARR 50001d64 (sz=72, trace=300000, nelems=36, elem type=char[])
ARR 50001d65 (sz=26, trace=300000, nelems=13, elem type=char[])
OBJ 50001d66 (sz=24, trace=300000, class=java.lang.String@5000016e)
	value		50001d69
OBJ 50001d67 (sz=24, trace=300000, class=java.lang.String@5000016e)
	value		50001d68
ARR 50001d68 (sz=52, trace=300000, nelems=26, elem type=char[])
ARR 50001d69 (sz=32, trace=300000, nelems=16, elem type=char[])
OBJ 50001d6a (sz=24, trace=300000, class=java.lang.String@5000016e)
	value		50001d73
OBJ 50001d6b (sz=24, trace=300000, class=java.lang.String@5000016e)
	value		50001d72
OBJ 50001d6d (sz=16, trace=300837, class=com.sun.tools.javac.util.Context$Key@500014fe)
OBJ 50001d6e (sz=16, trace=300157, class=java.lang.Object@50000172)
OBJ 50001d6f (sz=32, trace=300159, class=java.util.concurrent.ConcurrentHashMap$Node@50000024)
	key		50000c62
	val		50001d6e
OBJ 50001d70 (sz=16, trace=300160, class=java.lang.Object@50000172)
OBJ 50001d71 (sz=32, trace=300159, class=java.util.concurrent.ConcurrentHashMap$Node@50000024)
	key		50000c62
	val		50001d70
ARR 50001d72 (sz=110, trace=300000, nelems=55, elem type=char[])
ARR 50001d73 (sz=110, trace=300000, nelems=55, elem type=char[])
OBJ 50001d74 (sz=24, trace=300000, class=java.lang.String@5000016e)
	value		50001d77
OBJ 50001d75 (sz=24, trace=300000, class=java.lang.String@5000016e)
	value		50001d76
ARR 50001d76 (sz=62, trace=300000, nelems=31, elem type=char[])
ARR 50001d77 (sz=68, trace=300000, nelems=34, elem type=char[])
OBJ 50001d78 (sz=24, trace=300000, class=java.lang.String@5000016e)
	value		50001d7b
OBJ 50001d79 (sz=24, trace=300000, class=java.lang.String@5000016e)
	value		50001d7a
ARR 50001d7a (sz=72, trace=300000, nelems=36, elem type=char[])
ARR 50001d7b (sz=84, trace=300000, nelems=42, elem type=char[])
OBJ 50001d7c (sz=56, trace=300687, class=java.util.zip.ZipFile$ZipFileInputStream@5000055c)
	this$0		500004ec
OBJ 50001d7d (sz=40, trace=300106, class=java.lang.ref.Finalizer@5000014d)
	referent	50001d7c
	queue		500003a9
	next		50001d2e
	prev		50001dca
OBJ 50001d7e (sz=24, trace=300000, class=java.lang.String@5000016e)
	value		50001d81
OBJ 50001d7f (sz=24, trace=300000, class=java.lang.String@5000016e)
	value		50001d80
ARR 50001d80 (sz=80, trace=300000, nelems=40, elem type=char[])
ARR 50001d81 (sz=130, trace=300000, nelems=65, elem type=char[])
OBJ 50001d82 (sz=24, trace=300000, class=java.lang.String@5000016e)
	value		50001d85
OBJ 50001d83 (sz=24, trace=300000, class=java.lang.String@5000016e)
	value		50001d84
ARR 50001d84 (sz=62, trace=300000, nelems=31, elem type=char[])
ARR 50001d85 (sz=36, trace=300000, nelems=18, elem type=char[])
OBJ 50001d86 (sz=24, trace=300000, class=java.lang.String@5000016e)
	value		50001d8f
OBJ 50001d87 (sz=24, trace=300000, class=java.lang.String@5000016e)
	value		50001d8e
OBJ 50001d8a (sz=16, trace=300157, class=java.lang.Object@50000172)
OBJ 50001d8b (sz=32, trace=300683, class=java.util.concurrent.ConcurrentHashMap$Node@50000024)
	key		50000ccb
	val		50001d8a
OBJ 50001d8c (sz=16, trace=300160, class=java.lang.Object@50000172)
OBJ 50001d8d (sz=32, trace=300683, class=java.util.concurrent.ConcurrentHashMap$Node@50000024)
	key		50000ccb
	val		50001d8c
ARR 50001d8e (sz=54, trace=300000, nelems=27, elem type=char[])
ARR 50001d8f (sz=120, trace=300000, nelems=60, elem type=char[])
OBJ 50001d90 (sz=24, trace=300000, class=java.lang.String@5000016e)
	value		50001d93
OBJ 50001d91 (sz=24, trace=300000, class=java.lang.String@5000016e)
	value		50001d92
ARR 50001d92 (sz=68, trace=300000, nelems=34, elem type=char[])
ARR 50001d93 (sz=100, trace=300000, nelems=50, elem type=char[])
OBJ 50001d94 (sz=24, trace=300000, class=java.lang.String@5000016e)
	value		50001d97
OBJ 50001d95 (sz=24, trace=300000, class=java.lang.String@5000016e)
	value		50001d96
ARR 50001d96 (sz=70, trace=300000, nelems=35, elem type=char[])
ARR 50001d97 (sz=200, trace=300000, nelems=100, elem type=char[])
OBJ 50001d98 (sz=24, trace=300000, class=java.lang.String@5000016e)
	value		50001d9b
OBJ 50001d99 (sz=24, trace=300000, class=java.lang.String@5000016e)
	value		50001d9a
ARR 50001d9a (sz=66, trace=300000, nelems=33, elem type=char[])
ARR 50001d9b (sz=34, trace=300000, nelems=17, elem type=char[])
OBJ 50001d9c (sz=24, trace=300000, class=java.lang.String@5000016e)
	value		50001d9f
OBJ 50001d9d (sz=24, trace=300000, class=java.lang.String@5000016e)
	value		50001d9e
ARR 50001d9e (sz=90, trace=300000, nelems=45, elem type=char[])
ARR 50001d9f (sz=76, trace=300000, nelems=38, elem type=char[])
OBJ 50001da0 (sz=24, trace=300000, class=java.lang.String@5000016e)
	value		50001da3
OBJ 50001da1 (sz=24, trace=300000, class=java.lang.String@5000016e)
	value		50001da2
ARR 50001da2 (sz=62, trace=300000, nelems=31, elem type=char[])
ARR 50001da3 (sz=100, trace=300000, nelems=50, elem type=char[])
OBJ 50001da4 (sz=24, trace=300000, class=java.lang.String@5000016e)
	value		50001da8
OBJ 50001da5 (sz=24, trace=300000, class=java.lang.String@5000016e)
	value		50001da6
ARR 50001da6 (sz=96, trace=300000, nelems=48, elem type=char[])
OBJ 50001da7 (sz=56, trace=300687, class=java.util.zip.ZipFile$ZipFileInputStream@5000055c)
ARR 50001da8 (sz=146, trace=300000, nelems=73, elem type=char[])
OBJ 50001da9 (sz=24, trace=300000, class=java.lang.String@5000016e)
	value		50001dac
OBJ 50001daa (sz=24, trace=300000, class=java.lang.String@5000016e)
	value		50001dab
ARR 50001dab (sz=60, trace=300000, nelems=30, elem type=char[])
ARR 50001dac (sz=78, trace=300000, nelems=39, elem type=char[])
OBJ 50001dad (sz=24, trace=300000, class=java.lang.String@5000016e)
	value		50001db0
OBJ 50001dae (sz=24, trace=300000, class=java.lang.String@5000016e)
	value		50001daf
ARR 50001daf (sz=96, trace=300000, nelems=48, elem type=char[])
ARR 50001db0 (sz=76, trace=300000, nelems=38, elem type=char[])
OBJ 50001db1 (sz=24, trace=300000, class=java.lang.String@5000016e)
	value		50001db4
OBJ 50001db2 (sz=24, trace=300000, class=java.lang.String@5000016e)
	value		50001db3
ARR 50001db3 (sz=64, trace=300000, nelems=32, elem type=char[])
ARR 50001db4 (sz=44, trace=300000, nelems=22, elem type=char[])
OBJ 50001db5 (sz=16, trace=300157, class=java.lang.Object@50000172)
OBJ 50001db6 (sz=24, trace=300000, class=java.lang.String@5000016e)
	value		50001dba
OBJ 50001db7 (sz=16, trace=300160, class=java.lang.Object@50000172)
OBJ 50001db8 (sz=24, trace=300000, class=java.lang.String@5000016e)
	value		50001db9
ARR 50001db9 (sz=72, trace=300000, nelems=36, elem type=char[])
ARR 50001dba (sz=136, trace=300000, nelems=68, elem type=char[])
OBJ 50001dbb (sz=24, trace=300000, class=java.lang.String@5000016e)
	value		50001dbe
OBJ 50001dbc (sz=24, trace=300000, class=java.lang.String@5000016e)
	value		50001dbd
ARR 50001dbd (sz=46, trace=300000, nelems=23, elem type=char[])
ARR 50001dbe (sz=28, trace=300000, nelems=14, elem type=char[])
OBJ 50001dbf (sz=24, trace=300000, class=java.lang.String@5000016e)
	value		50001dc2
OBJ 50001dc0 (sz=24, trace=300000, class=java.lang.String@5000016e)
	value		50001dc1
ARR 50001dc1 (sz=80, trace=300000, nelems=40, elem type=char[])
ARR 50001dc2 (sz=130, trace=300000, nelems=65, elem type=char[])
OBJ 50001dc3 (sz=24, trace=300000, class=java.lang.String@5000016e)
	value		50001dc6
OBJ 50001dc4 (sz=24, trace=300000, class=java.lang.String@5000016e)
	value		50001dc5
ARR 50001dc5 (sz=58, trace=300000, nelems=29, elem type=char[])
ARR 50001dc6 (sz=46, trace=300000, nelems=23, elem type=char[])
OBJ 50001dc7 (sz=24, trace=300000, class=java.lang.String@5000016e)
	value		50001dcc
OBJ 50001dc8 (sz=24, trace=300000, class=java.lang.String@5000016e)
	value		50001dcb
OBJ 50001dc9 (sz=56, trace=300687, class=java.util.zip.ZipFile$ZipFileInputStream@5000055c)
	this$0		500004ec
OBJ 50001dca (sz=40, trace=300106, class=java.lang.ref.Finalizer@5000014d)
	referent	50001dc9
	queue		500003a9
	next		50001d7d
	prev		50001e2e
ARR 50001dcb (sz=62, trace=300000, nelems=31, elem type=char[])
ARR 50001dcc (sz=176, trace=300000, nelems=88, elem type=char[])
OBJ 50001dcd (sz=24, trace=300000, class=java.lang.String@5000016e)
	value		50001dd0
OBJ 50001dce (sz=24, trace=300000, class=java.lang.String@5000016e)
	value		50001dcf
ARR 50001dcf (sz=72, trace=300000, nelems=36, elem type=char[])
ARR 50001dd0 (sz=132, trace=300000, nelems=66, elem type=char[])
OBJ 50001dd1 (sz=24, trace=300000, class=java.lang.String@5000016e)
	value		50001dd4
OBJ 50001dd2 (sz=24, trace=300000, class=java.lang.String@5000016e)
	value		50001dd3
ARR 50001dd3 (sz=56, trace=300000, nelems=28, elem type=char[])
ARR 50001dd4 (sz=76, trace=300000, nelems=38, elem type=char[])
OBJ 50001dd5 (sz=24, trace=300000, class=java.lang.String@5000016e)
	value		50001dde
OBJ 50001dd7 (sz=16, trace=301106, class=com.sun.tools.javac.util.Context$Key@500014fe)
OBJ 50001dd8 (sz=16, trace=300157, class=java.lang.Object@50000172)
OBJ 50001dd9 (sz=32, trace=300159, class=java.util.concurrent.ConcurrentHashMap$Node@50000024)
	key		50000c7b
	val		50001dd8
OBJ 50001dda (sz=16, trace=300160, class=java.lang.Object@50000172)
OBJ 50001ddb (sz=32, trace=300159, class=java.util.concurrent.ConcurrentHashMap$Node@50000024)
	key		50000c7b
	val		50001dda
OBJ 50001ddc (sz=24, trace=300000, class=java.lang.String@5000016e)
	value		50001ddd
ARR 50001ddd (sz=62, trace=300000, nelems=31, elem type=char[])
ARR 50001dde (sz=70, trace=300000, nelems=35, elem type=char[])
OBJ 50001ddf (sz=24, trace=300000, class=java.lang.String@5000016e)
	value		50001de2
OBJ 50001de0 (sz=24, trace=300000, class=java.lang.String@5000016e)
	value		50001de1
ARR 50001de1 (sz=74, trace=300000, nelems=37, elem type=char[])
ARR 50001de2 (sz=128, trace=300000, nelems=64, elem type=char[])
OBJ 50001de3 (sz=24, trace=300000, class=java.lang.String@5000016e)
	value		50001de6
OBJ 50001de4 (sz=24, trace=300000, class=java.lang.String@5000016e)
	value		50001de5
ARR 50001de5 (sz=72, trace=300000, nelems=36, elem type=char[])
ARR 50001de6 (sz=92, trace=300000, nelems=46, elem type=char[])
OBJ 50001de7 (sz=24, trace=300000, class=java.lang.String@5000016e)
	value		50001dea
OBJ 50001de8 (sz=24, trace=300000, class=java.lang.String@5000016e)
	value		50001de9
ARR 50001de9 (sz=84, trace=300000, nelems=42, elem type=char[])
ARR 50001dea (sz=82, trace=300000, nelems=41, elem type=char[])
OBJ 50001deb (sz=24, trace=300000, class=java.lang.String@5000016e)
	value		50001def
OBJ 50001dec (sz=24, trace=300000, class=java.lang.String@5000016e)
	value		50001ded
ARR 50001ded (sz=72, trace=300000, nelems=36, elem type=char[])
OBJ 50001dee (sz=56, trace=300687, class=java.util.zip.ZipFile$ZipFileInputStream@5000055c)
ARR 50001def (sz=122, trace=300000, nelems=61, elem type=char[])
OBJ 50001df0 (sz=24, trace=300000, class=java.lang.String@5000016e)
	value		50001df3
OBJ 50001df1 (sz=24, trace=300000, class=java.lang.String@5000016e)
	value		50001df2
ARR 50001df2 (sz=82, trace=300000, nelems=41, elem type=char[])
ARR 50001df3 (sz=110, trace=300000, nelems=55, elem type=char[])
OBJ 50001df4 (sz=24, trace=300000, class=java.lang.String@5000016e)
	value		50001df7
OBJ 50001df5 (sz=24, trace=300000, class=java.lang.String@5000016e)
	value		50001df6
ARR 50001df6 (sz=96, trace=300000, nelems=48, elem type=char[])
ARR 50001df7 (sz=176, trace=300000, nelems=88, elem type=char[])
OBJ 50001df8 (sz=24, trace=300000, class=java.lang.String@5000016e)
	value		50001e15
OBJ 50001df9 (sz=24, trace=300000, class=java.lang.String@5000016e)
	value		50001e14
OBJ 50001dfc (sz=16, trace=300157, class=java.lang.Object@50000172)
OBJ 50001dfd (sz=32, trace=300683, class=java.util.concurrent.ConcurrentHashMap$Node@50000024)
	key		50000cff
	val		50001dfc
	next		50000a62
OBJ 50001dfe (sz=16, trace=300160, class=java.lang.Object@50000172)
OBJ 50001dff (sz=32, trace=300683, class=java.util.concurrent.ConcurrentHashMap$Node@50000024)
	key		50000cff
	val		50001dfe
	next		50000a64
OBJ 50001e01 (sz=16, trace=300157, class=java.lang.Object@50000172)
OBJ 50001e02 (sz=32, trace=300159, class=java.util.concurrent.ConcurrentHashMap$Node@50000024)
	key		50000c08
	val		50001e01
OBJ 50001e03 (sz=16, trace=300160, class=java.lang.Object@50000172)
OBJ 50001e04 (sz=32, trace=300159, class=java.util.concurrent.ConcurrentHashMap$Node@50000024)
	key		50000c08
	val		50001e03
OBJ 50001e06 (sz=16, trace=300838, class=com.sun.tools.javac.util.Context$Key@500014fe)
OBJ 50001e07 (sz=16, trace=300157, class=java.lang.Object@50000172)
OBJ 50001e08 (sz=32, trace=300683, class=java.util.concurrent.ConcurrentHashMap$Node@50000024)
	key		50000c99
	val		50001e07
	next		5000070b
OBJ 50001e09 (sz=16, trace=300160, class=java.lang.Object@50000172)
OBJ 50001e0a (sz=32, trace=300683, class=java.util.concurrent.ConcurrentHashMap$Node@50000024)
	key		50000c99
	val		50001e09
	next		5000070f
OBJ 50001e0b (sz=16, trace=300839, class=com.sun.tools.javac.util.Context$Key@500014fe)
OBJ 50001e0c (sz=32, trace=300221, class=java.util.HashMap$Node@500000c4)
OBJ 50001e0d (sz=32, trace=300840, class=com.sun.tools.javac.util.JavacMessages@50001dfb)
OBJ 50001e0e (sz=48, trace=300841, class=java.util.HashMap@500000c6)
OBJ 50001e0f (sz=24, trace=300842, class=com.sun.tools.javac.util.List@50001abb)
OBJ 50001e10 (sz=16, trace=300157, class=java.lang.Object@50000172)
OBJ 50001e11 (sz=32, trace=300159, class=java.util.concurrent.ConcurrentHashMap$Node@50000024)
	key		50000bd3
	val		50001e10
OBJ 50001e12 (sz=16, trace=300160, class=java.lang.Object@50000172)
OBJ 50001e13 (sz=32, trace=300159, class=java.util.concurrent.ConcurrentHashMap$Node@50000024)
	key		50000bd3
	val		50001e12
ARR 50001e14 (sz=68, trace=300000, nelems=34, elem type=char[])
ARR 50001e15 (sz=130, trace=300000, nelems=65, elem type=char[])
OBJ 50001e16 (sz=24, trace=300000, class=java.lang.String@5000016e)
	value		50001e19
OBJ 50001e17 (sz=24, trace=300000, class=java.lang.String@5000016e)
	value		50001e18
ARR 50001e18 (sz=82, trace=300000, nelems=41, elem type=char[])
ARR 50001e19 (sz=54, trace=300000, nelems=27, elem type=char[])
OBJ 50001e1a (sz=24, trace=300000, class=java.lang.String@5000016e)
	value		50001e1d
OBJ 50001e1b (sz=24, trace=300000, class=java.lang.String@5000016e)
	value		50001e1c
ARR 50001e1c (sz=62, trace=300000, nelems=31, elem type=char[])
ARR 50001e1d (sz=42, trace=300000, nelems=21, elem type=char[])
OBJ 50001e1e (sz=24, trace=300000, class=java.lang.String@5000016e)
	value		50001e21
OBJ 50001e1f (sz=24, trace=300000, class=java.lang.String@5000016e)
	value		50001e20
ARR 50001e20 (sz=82, trace=300000, nelems=41, elem type=char[])
ARR 50001e21 (sz=70, trace=300000, nelems=35, elem type=char[])
OBJ 50001e22 (sz=24, trace=300000, class=java.lang.String@5000016e)
	value		50001e25
OBJ 50001e23 (sz=24, trace=300000, class=java.lang.String@5000016e)
	value		50001e24
ARR 50001e24 (sz=44, trace=300000, nelems=22, elem type=char[])
ARR 50001e25 (sz=50, trace=300000, nelems=25, elem type=char[])
OBJ 50001e26 (sz=24, trace=300000, class=java.lang.String@5000016e)
	value		50001e29
OBJ 50001e27 (sz=24, trace=300000, class=java.lang.String@5000016e)
	value		50001e28
ARR 50001e28 (sz=82, trace=300000, nelems=41, elem type=char[])
ARR 50001e29 (sz=118, trace=300000, nelems=59, elem type=char[])
OBJ 50001e2a (sz=24, trace=300000, class=java.lang.String@5000016e)
	value		50001e2f
OBJ 50001e2b (sz=24, trace=300000, class=java.lang.String@5000016e)
	value		50001e2c
ARR 50001e2c (sz=44, trace=300000, nelems=22, elem type=char[])
OBJ 50001e2d (sz=56, trace=300687, class=java.util.zip.ZipFile$ZipFileInputStream@5000055c)
	this$0		500004ec
OBJ 50001e2e (sz=40, trace=300106, class=java.lang.ref.Finalizer@5000014d)
	referent	50001e2d
	queue		500003a9
	next		50001dca
	prev		50001ea5
ARR 50001e2f (sz=38, trace=300000, nelems=19, elem type=char[])
OBJ 50001e30 (sz=24, trace=300000, class=java.lang.String@5000016e)
	value		50001e33
OBJ 50001e31 (sz=24, trace=300000, class=java.lang.String@5000016e)
	value		50001e32
ARR 50001e32 (sz=90, trace=300000, nelems=45, elem type=char[])
ARR 50001e33 (sz=132, trace=300000, nelems=66, elem type=char[])
OBJ 50001e34 (sz=24, trace=300000, class=java.lang.String@5000016e)
	value		50001e35
ARR 50001e35 (sz=44, trace=300000, nelems=22, elem type=char[])
ARR 50001e36 (sz=14, trace=300000, nelems=7, elem type=char[])
OBJ 50001e37 (sz=24, trace=300000, class=java.lang.String@5000016e)
	value		50001e42
OBJ 50001e38 (sz=24, trace=300000, class=java.lang.String@5000016e)
	value		50001e39
ARR 50001e39 (sz=60, trace=300000, nelems=30, elem type=char[])
OBJ 50001e3b (sz=24, trace=301107, class=com.sun.tools.javac.main.JavaCompiler$CompilePolicy@50001e3a)
	name		50002b10
OBJ 50001e3c (sz=24, trace=301108, class=com.sun.tools.javac.main.JavaCompiler$CompilePolicy@50001e3a)
	name		50002b13
OBJ 50001e3d (sz=24, trace=301109, class=com.sun.tools.javac.main.JavaCompiler$CompilePolicy@50001e3a)
	name		50002b14
OBJ 50001e3e (sz=24, trace=301110, class=com.sun.tools.javac.main.JavaCompiler$CompilePolicy@50001e3a)
	name		50002b11
OBJ 50001e3f (sz=24, trace=301111, class=com.sun.tools.javac.main.JavaCompiler$CompilePolicy@50001e3a)
	name		50002b12
ARR 50001e41 (sz=40, trace=301112, nelems=5, elem type=com.sun.tools.javac.main.JavaCompiler$CompilePolicy[]@50001e40)
	[0]		50001e3b
	[1]		50001e3c
	[2]		50001e3d
	[3]		50001e3e
	[4]		50001e3f
ARR 50001e42 (sz=106, trace=300000, nelems=53, elem type=char[])
OBJ 50001e43 (sz=24, trace=300000, class=java.lang.String@5000016e)
	value		50001e46
OBJ 50001e44 (sz=24, trace=300000, class=java.lang.String@5000016e)
	value		50001e45
ARR 50001e45 (sz=68, trace=300000, nelems=34, elem type=char[])
ARR 50001e46 (sz=22, trace=300000, nelems=11, elem type=char[])
OBJ 50001e47 (sz=16, trace=300157, class=java.lang.Object@50000172)
OBJ 50001e48 (sz=32, trace=300683, class=java.util.concurrent.ConcurrentHashMap$Node@50000024)
	key		50000d0b
	val		50001e47
OBJ 50001e49 (sz=56, trace=300687, class=java.util.zip.ZipFile$ZipFileInputStream@5000055c)
OBJ 50001e4a (sz=24, trace=300000, class=java.lang.String@5000016e)
	value		50001e4f
OBJ 50001e4b (sz=16, trace=300160, class=java.lang.Object@50000172)
OBJ 50001e4c (sz=32, trace=300683, class=java.util.concurrent.ConcurrentHashMap$Node@50000024)
	key		50000d0b
	val		50001e4b
OBJ 50001e4d (sz=24, trace=300000, class=java.lang.String@5000016e)
	value		50001e4e
ARR 50001e4e (sz=72, trace=300000, nelems=36, elem type=char[])
ARR 50001e4f (sz=46, trace=300000, nelems=23, elem type=char[])
OBJ 50001e50 (sz=24, trace=300000, class=java.lang.String@5000016e)
	value		50001e53
OBJ 50001e51 (sz=24, trace=300000, class=java.lang.String@5000016e)
	value		50001e52
ARR 50001e52 (sz=50, trace=300000, nelems=25, elem type=char[])
ARR 50001e53 (sz=50, trace=300000, nelems=25, elem type=char[])
OBJ 50001e54 (sz=24, trace=300000, class=java.lang.String@5000016e)
	value		50001e59
OBJ 50001e55 (sz=24, trace=300000, class=java.lang.String@5000016e)
	value		50001e57
ARR 50001e57 (sz=114, trace=300000, nelems=57, elem type=char[])
OBJ 50001e58 (sz=16, trace=300157, class=java.lang.Object@50000172)
ARR 50001e59 (sz=102, trace=300000, nelems=51, elem type=char[])
OBJ 50001e5a (sz=16, trace=300160, class=java.lang.Object@50000172)
OBJ 50001e5b (sz=24, trace=300000, class=java.lang.String@5000016e)
	value		50001e67
OBJ 50001e5e (sz=40, trace=300845, class=java.util.ResourceBundle$1@50001e5d)
	cacheKey	50001b64
OBJ 50001e5f (sz=64, trace=300846, class=java.util.concurrent.ConcurrentHashMap@5000002b)
	table		500001c5
OBJ 50001e60 (sz=32, trace=300847, class=java.lang.ref.ReferenceQueue@5000014c)
	lock		50001e61
OBJ 50001e61 (sz=16, trace=300848, class=java.lang.ref.ReferenceQueue$Lock@500000d1)
OBJ 50001e64 (sz=24, trace=300000, class=java.lang.String@5000016e)
	value		50001e65
ARR 50001e65 (sz=54, trace=300000, nelems=27, elem type=char[])
ARR 50001e67 (sz=74, trace=300000, nelems=37, elem type=char[])
OBJ 50001e69 (sz=24, trace=300000, class=java.lang.String@5000016e)
	value		50001e6f
OBJ 50001e6b (sz=24, trace=300000, class=java.lang.String@5000016e)
	value		50001e6e
ARR 50001e6e (sz=54, trace=300000, nelems=27, elem type=char[])
ARR 50001e6f (sz=54, trace=300000, nelems=27, elem type=char[])
OBJ 50001e70 (sz=24, trace=300000, class=java.lang.String@5000016e)
	value		50001e73
OBJ 50001e71 (sz=24, trace=300000, class=java.lang.String@5000016e)
	value		50001e72
ARR 50001e72 (sz=60, trace=300000, nelems=30, elem type=char[])
ARR 50001e73 (sz=76, trace=300000, nelems=38, elem type=char[])
OBJ 50001e74 (sz=24, trace=300000, class=java.lang.String@5000016e)
	value		50001e7a
OBJ 50001e76 (sz=24, trace=300000, class=java.lang.String@5000016e)
	value		50001e79
ARR 50001e79 (sz=84, trace=300000, nelems=42, elem type=char[])
ARR 50001e7a (sz=126, trace=300000, nelems=63, elem type=char[])
OBJ 50001e7b (sz=24, trace=300870, class=java.lang.String@5000016e)
	value		50001e7c
ARR 50001e7c (sz=112, trace=300871, nelems=56, elem type=char[])
OBJ 50001e7d (sz=24, trace=300000, class=java.lang.String@5000016e)
	value		50001e80
OBJ 50001e7e (sz=24, trace=300000, class=java.lang.String@5000016e)
	value		50001e7f
ARR 50001e7f (sz=72, trace=300000, nelems=36, elem type=char[])
ARR 50001e80 (sz=82, trace=300000, nelems=41, elem type=char[])
OBJ 50001e81 (sz=24, trace=300000, class=java.lang.String@5000016e)
	value		50001e84
OBJ 50001e82 (sz=24, trace=300000, class=java.lang.String@5000016e)
	value		50001e83
ARR 50001e83 (sz=50, trace=300000, nelems=25, elem type=char[])
ARR 50001e84 (sz=48, trace=300000, nelems=24, elem type=char[])
OBJ 50001e85 (sz=24, trace=300000, class=java.lang.String@5000016e)
	value		50001e88
OBJ 50001e86 (sz=24, trace=300000, class=java.lang.String@5000016e)
	value		50001e87
ARR 50001e87 (sz=100, trace=300000, nelems=50, elem type=char[])
ARR 50001e88 (sz=102, trace=300000, nelems=51, elem type=char[])
OBJ 50001e89 (sz=24, trace=300000, class=java.lang.String@5000016e)
	value		50001e8c
OBJ 50001e8a (sz=24, trace=300000, class=java.lang.String@5000016e)
	value		50001e8b
ARR 50001e8b (sz=88, trace=300000, nelems=44, elem type=char[])
ARR 50001e8c (sz=68, trace=300000, nelems=34, elem type=char[])
OBJ 50001e8d (sz=24, trace=300000, class=java.lang.String@5000016e)
	value		50001e92
OBJ 50001e8e (sz=24, trace=300000, class=java.lang.String@5000016e)
	value		50001e8f
ARR 50001e8f (sz=74, trace=300000, nelems=37, elem type=char[])
OBJ 50001e90 (sz=24, trace=300873, class=java.lang.String@5000016e)
	value		50001e91
ARR 50001e91 (sz=92, trace=300874, nelems=46, elem type=char[])
ARR 50001e92 (sz=216, trace=300000, nelems=108, elem type=char[])
OBJ 50001e93 (sz=24, trace=300000, class=java.lang.String@5000016e)
	value		50001e98
OBJ 50001e94 (sz=24, trace=300000, class=java.lang.String@5000016e)
	value		50001e97
OBJ 50001e95 (sz=24, trace=300878, class=java.lang.String@5000016e)
	value		50001e96
ARR 50001e96 (sz=84, trace=300879, nelems=42, elem type=char[])
ARR 50001e97 (sz=54, trace=300000, nelems=27, elem type=char[])
ARR 50001e98 (sz=56, trace=300000, nelems=28, elem type=char[])
OBJ 50001e99 (sz=24, trace=300000, class=java.lang.String@5000016e)
	value		50001e9c
OBJ 50001e9a (sz=24, trace=300000, class=java.lang.String@5000016e)
	value		50001e9b
ARR 50001e9b (sz=62, trace=300000, nelems=31, elem type=char[])
ARR 50001e9c (sz=46, trace=300000, nelems=23, elem type=char[])
OBJ 50001e9d (sz=24, trace=300000, class=java.lang.String@5000016e)
	value		50001ea7
OBJ 50001e9e (sz=56, trace=300687, class=java.util.zip.ZipFile$ZipFileInputStream@5000055c)
	this$0		500004ec
OBJ 50001e9f (sz=24, trace=300883, class=java.lang.String@5000016e)
ARR 50001ea0 (sz=128, trace=300884, nelems=0, elem type=char[])
OBJ 50001ea1 (sz=32, trace=300885, class=java.io.FileInputStream@500000b3)
OBJ 50001ea2 (sz=24, trace=300000, class=java.lang.String@5000016e)
	value		50001ea6
OBJ 50001ea3 (sz=16, trace=300886, class=java.lang.Object@50000172)
OBJ 50001ea4 (sz=40, trace=300887, class=java.io.FileDescriptor@500000b2)
OBJ 50001ea5 (sz=40, trace=300106, class=java.lang.ref.Finalizer@5000014d)
	referent	50001e9e
	queue		500003a9
	next		50001e2e
	prev		50002039
ARR 50001ea6 (sz=84, trace=300000, nelems=42, elem type=char[])
ARR 50001ea7 (sz=168, trace=300000, nelems=84, elem type=char[])
OBJ 50001ea8 (sz=24, trace=300000, class=java.lang.String@5000016e)
	value		50001eab
OBJ 50001ea9 (sz=24, trace=300000, class=java.lang.String@5000016e)
	value		50001eaa
ARR 50001eaa (sz=64, trace=300000, nelems=32, elem type=char[])
ARR 50001eab (sz=62, trace=300000, nelems=31, elem type=char[])
OBJ 50001eac (sz=24, trace=300000, class=java.lang.String@5000016e)
	value		50001eb1
OBJ 50001ead (sz=24, trace=300000, class=java.lang.String@5000016e)
	value		50001eae
ARR 50001eae (sz=90, trace=300000, nelems=45, elem type=char[])
OBJ 50001eaf (sz=24, trace=300083, class=java.io.ExpiringCache$Entry@50000061)
	val		50000e7c
OBJ 50001eb0 (sz=40, trace=300726, class=java.util.LinkedHashMap$Entry@50000060)
	key		50001e95
	value		50001eaf
	before		500001e9
	after		50001ff5
ARR 50001eb1 (sz=172, trace=300000, nelems=86, elem type=char[])
OBJ 50001eb3 (sz=24, trace=300000, class=java.lang.String@5000016e)
	value		50001ebf
OBJ 50001eb4 (sz=56, trace=300130, class=java.lang.Class$ReflectionData@500000a5)
OBJ 50001eb5 (sz=40, trace=300040, class=java.lang.ref.SoftReference@50000152)
OBJ 50001eb6 (sz=80, trace=300131, class=java.lang.reflect.Constructor@5000013d)
OBJ 50001eb7 (sz=24, trace=300000, class=java.lang.String@5000016e)
	value		50001ebe
OBJ 50001eb8 (sz=24, trace=300133, class=sun.reflect.NativeConstructorAccessorImpl@5000007c)
OBJ 50001eb9 (sz=16, trace=300134, class=sun.reflect.DelegatingConstructorAccessorImpl@5000007b)
OBJ 50001eba (sz=40, trace=301114, class=com.sun.tools.javac.resources.version@50001eb2)
	locale		50000f07
	name		50000d0b
	cacheKey	50002a2f
	lookup		50001fda
OBJ 50001ebb (sz=32, trace=300999, class=java.util.ResourceBundle$LoaderReference@5000226c)
	referent	500003b3
	queue		50001e60
	cacheKey	50002a2f
OBJ 50001ebc (sz=48, trace=301005, class=java.util.ResourceBundle$BundleReference@500001c2)
	referent	50001eba
	queue		50001e60
	cacheKey	50002a2f
OBJ 50001ebd (sz=32, trace=301007, class=java.util.concurrent.ConcurrentHashMap$Node@50000024)
	key		50002a2f
	val		50001ebc
ARR 50001ebe (sz=42, trace=300000, nelems=21, elem type=char[])
ARR 50001ebf (sz=24, trace=300000, nelems=12, elem type=char[])
OBJ 50001ec0 (sz=24, trace=300000, class=java.lang.String@5000016e)
	value		50001ed1
OBJ 50001ec1 (sz=24, trace=301010, class=java.lang.String@5000016e)
	value		50001ec4
OBJ 50001ec2 (sz=24, trace=300899, class=java.lang.String@5000016e)
	value		50001ec3
ARR 50001ec3 (sz=14, trace=300898, nelems=7, elem type=char[])
ARR 50001ec4 (sz=80, trace=301011, nelems=40, elem type=char[])
OBJ 50001ec5 (sz=24, trace=300899, class=java.lang.String@5000016e)
	value		50001ec6
ARR 50001ec6 (sz=14, trace=300898, nelems=7, elem type=char[])
OBJ 50001ec7 (sz=16, trace=300157, class=java.lang.Object@50000172)
OBJ 50001ec8 (sz=32, trace=300159, class=java.util.concurrent.ConcurrentHashMap$Node@50000024)
	key		50001ec1
	val		50001ec7
OBJ 50001ec9 (sz=32, trace=300902, class=java.io.File@5000011b)
	path		50001ecb
OBJ 50001eca (sz=16, trace=300160, class=java.lang.Object@50000172)
OBJ 50001ecb (sz=24, trace=300904, class=java.lang.String@5000016e)
	value		50001ecc
ARR 50001ecc (sz=110, trace=300884, nelems=55, elem type=char[])
OBJ 50001ecd (sz=24, trace=300905, class=sun.misc.MetaIndex@50000040)
	contents	500018ed
OBJ 50001ece (sz=32, trace=300159, class=java.util.concurrent.ConcurrentHashMap$Node@50000024)
	key		50001ec1
	val		50001eca
OBJ 50001ecf (sz=24, trace=300000, class=java.lang.String@5000016e)
	value		50001ed0
ARR 50001ed0 (sz=50, trace=300000, nelems=25, elem type=char[])
ARR 50001ed1 (sz=68, trace=300000, nelems=34, elem type=char[])
OBJ 50001ed2 (sz=32, trace=300221, class=java.util.HashMap$Node@500000c4)
	key		50001ec9
	value		50001ecd
ARR 50001ed3 (sz=144, trace=300907, nelems=30, elem type=java.util.HashMap$Node[]@500000c2)
	[0]		50001868
	[1]		50001ee9
	[2]		50001873
	[3]		50001874
	[4]		50001ed2
	[10]		50001875
	[11]		50001f0f
	[15]		50001876
	[17]		50001877
	[18]		50001878
	[23]		50001879
	[24]		50001f66
	[26]		50001efd
	[28]		5000187a
	[29]		5000187b
OBJ 50001ed4 (sz=24, trace=300000, class=java.lang.String@5000016e)
	value		50001edf
OBJ 50001ed5 (sz=24, trace=300000, class=java.lang.String@5000016e)
	value		50001ede
OBJ 50001ed6 (sz=24, trace=300899, class=java.lang.String@5000016e)
	value		50001ed7
ARR 50001ed7 (sz=24, trace=300898, nelems=12, elem type=char[])
OBJ 50001ed8 (sz=24, trace=300899, class=java.lang.String@5000016e)
	value		50001ed9
ARR 50001ed9 (sz=24, trace=300898, nelems=12, elem type=char[])
OBJ 50001eda (sz=24, trace=300899, class=java.lang.String@5000016e)
	value		50001edb
ARR 50001edb (sz=42, trace=300898, nelems=21, elem type=char[])
OBJ 50001edc (sz=24, trace=300899, class=java.lang.String@5000016e)
	value		50001edd
ARR 50001edd (sz=40, trace=300898, nelems=20, elem type=char[])
ARR 50001ede (sz=76, trace=300000, nelems=38, elem type=char[])
ARR 50001edf (sz=138, trace=300000, nelems=69, elem type=char[])
OBJ 50001ee0 (sz=32, trace=300902, class=java.io.File@5000011b)
	path		50001ee2
OBJ 50001ee1 (sz=24, trace=300000, class=java.lang.String@5000016e)
	value		50001ee5
OBJ 50001ee2 (sz=24, trace=300904, class=java.lang.String@5000016e)
	value		50001ee3
ARR 50001ee3 (sz=100, trace=300884, nelems=50, elem type=char[])
OBJ 50001ee4 (sz=24, trace=300905, class=sun.misc.MetaIndex@50000040)
	contents	50001904
ARR 50001ee5 (sz=68, trace=300000, nelems=34, elem type=char[])
OBJ 50001ee6 (sz=24, trace=300000, class=java.lang.String@5000016e)
	value		50001eea
OBJ 50001ee7 (sz=24, trace=300000, class=java.lang.String@5000016e)
	value		50001ee8
ARR 50001ee8 (sz=68, trace=300000, nelems=34, elem type=char[])
OBJ 50001ee9 (sz=32, trace=300221, class=java.util.HashMap$Node@500000c4)
	key		50001ee0
	value		50001ee4
ARR 50001eea (sz=162, trace=300000, nelems=81, elem type=char[])
OBJ 50001eeb (sz=24, trace=300000, class=java.lang.String@5000016e)
	value		50001ef5
OBJ 50001eec (sz=24, trace=300899, class=java.lang.String@5000016e)
	value		50001eed
ARR 50001eed (sz=30, trace=300898, nelems=15, elem type=char[])
OBJ 50001eee (sz=24, trace=300899, class=java.lang.String@5000016e)
	value		50001eef
ARR 50001eef (sz=14, trace=300898, nelems=7, elem type=char[])
OBJ 50001ef0 (sz=24, trace=300899, class=java.lang.String@5000016e)
	value		50001ef1
ARR 50001ef1 (sz=38, trace=300898, nelems=19, elem type=char[])
OBJ 50001ef2 (sz=24, trace=300000, class=java.lang.String@5000016e)
	value		50001ef3
ARR 50001ef3 (sz=116, trace=300000, nelems=58, elem type=char[])
OBJ 50001ef4 (sz=32, trace=300902, class=java.io.File@5000011b)
	path		50001ef6
ARR 50001ef5 (sz=152, trace=300000, nelems=76, elem type=char[])
OBJ 50001ef6 (sz=24, trace=300904, class=java.lang.String@5000016e)
	value		50001ef7
ARR 50001ef7 (sz=100, trace=300884, nelems=50, elem type=char[])
OBJ 50001ef8 (sz=24, trace=300905, class=sun.misc.MetaIndex@50000040)
	contents	5000188e
OBJ 50001ef9 (sz=24, trace=300000, class=java.lang.String@5000016e)
	value		50001efc
OBJ 50001efa (sz=24, trace=300000, class=java.lang.String@5000016e)
	value		50001efb
ARR 50001efb (sz=74, trace=300000, nelems=37, elem type=char[])
ARR 50001efc (sz=88, trace=300000, nelems=44, elem type=char[])
OBJ 50001efd (sz=32, trace=300221, class=java.util.HashMap$Node@500000c4)
	key		50001ef4
	value		50001ef8
OBJ 50001efe (sz=24, trace=300000, class=java.lang.String@5000016e)
	value		50001f05
OBJ 50001eff (sz=24, trace=300000, class=java.lang.String@5000016e)
	value		50001f04
OBJ 50001f00 (sz=24, trace=300899, class=java.lang.String@5000016e)
	value		50001f01
ARR 50001f01 (sz=24, trace=300898, nelems=12, elem type=char[])
OBJ 50001f02 (sz=24, trace=300899, class=java.lang.String@5000016e)
	value		50001f03
ARR 50001f03 (sz=24, trace=300898, nelems=12, elem type=char[])
ARR 50001f04 (sz=66, trace=300000, nelems=33, elem type=char[])
ARR 50001f05 (sz=58, trace=300000, nelems=29, elem type=char[])
OBJ 50001f06 (sz=32, trace=300902, class=java.io.File@5000011b)
	path		50001f08
OBJ 50001f07 (sz=24, trace=300000, class=java.lang.String@5000016e)
	value		50001f0d
OBJ 50001f08 (sz=24, trace=300904, class=java.lang.String@5000016e)
	value		50001f09
ARR 50001f09 (sz=102, trace=300884, nelems=51, elem type=char[])
OBJ 50001f0a (sz=24, trace=300905, class=sun.misc.MetaIndex@50000040)
	contents	500018e0
OBJ 50001f0b (sz=24, trace=300000, class=java.lang.String@5000016e)
	value		50001f0c
ARR 50001f0c (sz=70, trace=300000, nelems=35, elem type=char[])
ARR 50001f0d (sz=38, trace=300000, nelems=19, elem type=char[])
OBJ 50001f0e (sz=24, trace=300000, class=java.lang.String@5000016e)
	value		50001f10
OBJ 50001f0f (sz=32, trace=300221, class=java.util.HashMap$Node@500000c4)
	key		50001f06
	value		50001f0a
	next		50001fc0
ARR 50001f10 (sz=78, trace=300000, nelems=39, elem type=char[])
OBJ 50001f11 (sz=32, trace=300999, class=java.util.ResourceBundle$LoaderReference@5000226c)
	referent	500003b3
	queue		50001e60
	cacheKey	50002a2d
OBJ 50001f12 (sz=48, trace=301005, class=java.util.ResourceBundle$BundleReference@500001c2)
	referent	50001e5e
	queue		50001e60
	cacheKey	50002a2d
OBJ 50001f13 (sz=32, trace=301007, class=java.util.concurrent.ConcurrentHashMap$Node@50000024)
	key		50002a2d
	val		50001f12
OBJ 50001f14 (sz=24, trace=300000, class=java.lang.String@5000016e)
	value		50001f15
ARR 50001f15 (sz=64, trace=300000, nelems=32, elem type=char[])
OBJ 50001f16 (sz=24, trace=300899, class=java.lang.String@5000016e)
	value		50001f17
ARR 50001f17 (sz=54, trace=300898, nelems=27, elem type=char[])
OBJ 50001f18 (sz=24, trace=300899, class=java.lang.String@5000016e)
	value		50001f19
ARR 50001f19 (sz=104, trace=300898, nelems=52, elem type=char[])
OBJ 50001f1a (sz=24, trace=300899, class=java.lang.String@5000016e)
	value		50001f1b
ARR 50001f1b (sz=96, trace=300898, nelems=48, elem type=char[])
OBJ 50001f1c (sz=24, trace=300899, class=java.lang.String@5000016e)
	value		50001f1d
ARR 50001f1d (sz=28, trace=300898, nelems=14, elem type=char[])
OBJ 50001f1e (sz=24, trace=300899, class=java.lang.String@5000016e)
	value		50001f1f
ARR 50001f1f (sz=108, trace=300898, nelems=54, elem type=char[])
OBJ 50001f20 (sz=24, trace=300899, class=java.lang.String@5000016e)
	value		50001f21
ARR 50001f21 (sz=18, trace=300898, nelems=9, elem type=char[])
OBJ 50001f22 (sz=24, trace=300899, class=java.lang.String@5000016e)
	value		50001f23
ARR 50001f23 (sz=106, trace=300898, nelems=53, elem type=char[])
OBJ 50001f24 (sz=24, trace=300899, class=java.lang.String@5000016e)
	value		50001f25
ARR 50001f25 (sz=102, trace=300898, nelems=51, elem type=char[])
OBJ 50001f26 (sz=24, trace=300899, class=java.lang.String@5000016e)
	value		50001f27
ARR 50001f27 (sz=22, trace=300898, nelems=11, elem type=char[])
OBJ 50001f28 (sz=24, trace=300899, class=java.lang.String@5000016e)
	value		50001f29
ARR 50001f29 (sz=114, trace=300898, nelems=57, elem type=char[])
OBJ 50001f2a (sz=24, trace=300899, class=java.lang.String@5000016e)
	value		50001f2b
ARR 50001f2b (sz=114, trace=300898, nelems=57, elem type=char[])
OBJ 50001f2c (sz=24, trace=300000, class=java.lang.String@5000016e)
	value		50001f65
OBJ 50001f2d (sz=24, trace=300899, class=java.lang.String@5000016e)
	value		50001f2e
ARR 50001f2e (sz=14, trace=300898, nelems=7, elem type=char[])
OBJ 50001f2f (sz=24, trace=300899, class=java.lang.String@5000016e)
	value		50001f30
ARR 50001f30 (sz=114, trace=300898, nelems=57, elem type=char[])
OBJ 50001f31 (sz=24, trace=300899, class=java.lang.String@5000016e)
	value		50001f32
ARR 50001f32 (sz=32, trace=300898, nelems=16, elem type=char[])
OBJ 50001f33 (sz=24, trace=300899, class=java.lang.String@5000016e)
	value		50001f34
ARR 50001f34 (sz=98, trace=300898, nelems=49, elem type=char[])
OBJ 50001f35 (sz=24, trace=300899, class=java.lang.String@5000016e)
	value		50001f36
ARR 50001f36 (sz=52, trace=300898, nelems=26, elem type=char[])
OBJ 50001f37 (sz=24, trace=301010, class=java.lang.String@5000016e)
	value		50001f46
OBJ 50001f38 (sz=24, trace=300899, class=java.lang.String@5000016e)
	value		50001f39
ARR 50001f39 (sz=106, trace=300898, nelems=53, elem type=char[])
OBJ 50001f3a (sz=24, trace=300899, class=java.lang.String@5000016e)
	value		50001f3b
ARR 50001f3b (sz=14, trace=300898, nelems=7, elem type=char[])
OBJ 50001f3c (sz=24, trace=300899, class=java.lang.String@5000016e)
	value		50001f3d
ARR 50001f3d (sz=18, trace=300898, nelems=9, elem type=char[])
OBJ 50001f3e (sz=24, trace=300899, class=java.lang.String@5000016e)
	value		50001f3f
ARR 50001f3f (sz=120, trace=300898, nelems=60, elem type=char[])
OBJ 50001f40 (sz=24, trace=300899, class=java.lang.String@5000016e)
	value		50001f41
ARR 50001f41 (sz=30, trace=300898, nelems=15, elem type=char[])
OBJ 50001f42 (sz=24, trace=300899, class=java.lang.String@5000016e)
	value		50001f43
ARR 50001f43 (sz=110, trace=300898, nelems=55, elem type=char[])
OBJ 50001f44 (sz=24, trace=300899, class=java.lang.String@5000016e)
	value		50001f45
ARR 50001f45 (sz=48, trace=300898, nelems=24, elem type=char[])
ARR 50001f46 (sz=86, trace=301011, nelems=43, elem type=char[])
OBJ 50001f47 (sz=24, trace=300899, class=java.lang.String@5000016e)
	value		50001f48
ARR 50001f48 (sz=18, trace=300898, nelems=9, elem type=char[])
OBJ 50001f49 (sz=24, trace=300899, class=java.lang.String@5000016e)
	value		50001f4a
ARR 50001f4a (sz=16, trace=300898, nelems=8, elem type=char[])
OBJ 50001f4b (sz=24, trace=300899, class=java.lang.String@5000016e)
	value		50001f4c
ARR 50001f4c (sz=18, trace=300898, nelems=9, elem type=char[])
OBJ 50001f4d (sz=24, trace=300899, class=java.lang.String@5000016e)
	value		50001f4e
ARR 50001f4e (sz=110, trace=300898, nelems=55, elem type=char[])
OBJ 50001f4f (sz=24, trace=300899, class=java.lang.String@5000016e)
	value		50001f50
ARR 50001f50 (sz=24, trace=300898, nelems=12, elem type=char[])
OBJ 50001f51 (sz=24, trace=300899, class=java.lang.String@5000016e)
	value		50001f52
ARR 50001f52 (sz=102, trace=300898, nelems=51, elem type=char[])
OBJ 50001f53 (sz=24, trace=300899, class=java.lang.String@5000016e)
	value		50001f54
ARR 50001f54 (sz=38, trace=300898, nelems=19, elem type=char[])
OBJ 50001f55 (sz=24, trace=300899, class=java.lang.String@5000016e)
	value		50001f56
ARR 50001f56 (sz=26, trace=300898, nelems=13, elem type=char[])
OBJ 50001f57 (sz=24, trace=300899, class=java.lang.String@5000016e)
	value		50001f58
ARR 50001f58 (sz=24, trace=300898, nelems=12, elem type=char[])
OBJ 50001f59 (sz=24, trace=300899, class=java.lang.String@5000016e)
	value		50001f5a
ARR 50001f5a (sz=132, trace=300898, nelems=66, elem type=char[])
OBJ 50001f5b (sz=16, trace=300157, class=java.lang.Object@50000172)
OBJ 50001f5c (sz=32, trace=300159, class=java.util.concurrent.ConcurrentHashMap$Node@50000024)
	key		50001f37
	val		50001f5b
OBJ 50001f5d (sz=32, trace=300902, class=java.io.File@5000011b)
	path		50001f5f
OBJ 50001f5e (sz=16, trace=300160, class=java.lang.Object@50000172)
OBJ 50001f5f (sz=24, trace=300904, class=java.lang.String@5000016e)
	value		50001f60
ARR 50001f60 (sz=112, trace=300884, nelems=56, elem type=char[])
OBJ 50001f61 (sz=24, trace=300905, class=sun.misc.MetaIndex@50000040)
	contents	5000188f
OBJ 50001f62 (sz=32, trace=300159, class=java.util.concurrent.ConcurrentHashMap$Node@50000024)
	key		50001f37
	val		50001f5e
OBJ 50001f63 (sz=24, trace=300000, class=java.lang.String@5000016e)
	value		50001f64
ARR 50001f64 (sz=104, trace=300000, nelems=52, elem type=char[])
ARR 50001f65 (sz=78, trace=300000, nelems=39, elem type=char[])
OBJ 50001f66 (sz=32, trace=300221, class=java.util.HashMap$Node@500000c4)
	key		50001f5d
	value		50001f61
OBJ 50001f67 (sz=24, trace=300000, class=java.lang.String@5000016e)
	value		50001fb4
OBJ 50001f68 (sz=24, trace=300000, class=java.lang.String@5000016e)
	value		50001fad
OBJ 50001f69 (sz=24, trace=300899, class=java.lang.String@5000016e)
	value		50001f6a
ARR 50001f6a (sz=54, trace=300898, nelems=27, elem type=char[])
OBJ 50001f6b (sz=24, trace=300899, class=java.lang.String@5000016e)
	value		50001f6c
ARR 50001f6c (sz=10, trace=300898, nelems=5, elem type=char[])
OBJ 50001f6d (sz=24, trace=300899, class=java.lang.String@5000016e)
	value		50001f6e
ARR 50001f6e (sz=18, trace=300898, nelems=9, elem type=char[])
OBJ 50001f6f (sz=24, trace=300899, class=java.lang.String@5000016e)
	value		50001f70
ARR 50001f70 (sz=28, trace=300898, nelems=14, elem type=char[])
OBJ 50001f71 (sz=24, trace=300899, class=java.lang.String@5000016e)
	value		50001f72
ARR 50001f72 (sz=32, trace=300898, nelems=16, elem type=char[])
OBJ 50001f73 (sz=24, trace=300899, class=java.lang.String@5000016e)
	value		50001f74
ARR 50001f74 (sz=42, trace=300898, nelems=21, elem type=char[])
OBJ 50001f75 (sz=24, trace=300899, class=java.lang.String@5000016e)
	value		50001f76
ARR 50001f76 (sz=28, trace=300898, nelems=14, elem type=char[])
OBJ 50001f77 (sz=24, trace=300899, class=java.lang.String@5000016e)
	value		50001f78
ARR 50001f78 (sz=28, trace=300898, nelems=14, elem type=char[])
OBJ 50001f79 (sz=24, trace=300899, class=java.lang.String@5000016e)
	value		50001f7a
ARR 50001f7a (sz=24, trace=300898, nelems=12, elem type=char[])
OBJ 50001f7b (sz=24, trace=300899, class=java.lang.String@5000016e)
	value		50001f7c
ARR 50001f7c (sz=38, trace=300898, nelems=19, elem type=char[])
OBJ 50001f7d (sz=24, trace=300899, class=java.lang.String@5000016e)
	value		50001f7e
ARR 50001f7e (sz=8, trace=300898, nelems=4, elem type=char[])
OBJ 50001f7f (sz=24, trace=300899, class=java.lang.String@5000016e)
	value		50001f80
ARR 50001f80 (sz=24, trace=300898, nelems=12, elem type=char[])
OBJ 50001f81 (sz=24, trace=300899, class=java.lang.String@5000016e)
	value		50001f82
ARR 50001f82 (sz=26, trace=300898, nelems=13, elem type=char[])
OBJ 50001f83 (sz=24, trace=300899, class=java.lang.String@5000016e)
	value		50001f84
ARR 50001f84 (sz=32, trace=300898, nelems=16, elem type=char[])
OBJ 50001f85 (sz=24, trace=300899, class=java.lang.String@5000016e)
	value		50001f86
ARR 50001f86 (sz=24, trace=300898, nelems=12, elem type=char[])
OBJ 50001f87 (sz=24, trace=300899, class=java.lang.String@5000016e)
	value		50001f88
ARR 50001f88 (sz=24, trace=300898, nelems=12, elem type=char[])
OBJ 50001f89 (sz=24, trace=300899, class=java.lang.String@5000016e)
	value		50001f8a
ARR 50001f8a (sz=16, trace=300898, nelems=8, elem type=char[])
OBJ 50001f8b (sz=24, trace=300899, class=java.lang.String@5000016e)
	value		50001f8c
ARR 50001f8c (sz=28, trace=300898, nelems=14, elem type=char[])
OBJ 50001f8d (sz=24, trace=300899, class=java.lang.String@5000016e)
	value		50001f8e
ARR 50001f8e (sz=38, trace=300898, nelems=19, elem type=char[])
OBJ 50001f8f (sz=24, trace=300899, class=java.lang.String@5000016e)
	value		50001f90
ARR 50001f90 (sz=24, trace=300898, nelems=12, elem type=char[])
OBJ 50001f91 (sz=24, trace=300899, class=java.lang.String@5000016e)
	value		50001f92
ARR 50001f92 (sz=30, trace=300898, nelems=15, elem type=char[])
OBJ 50001f93 (sz=24, trace=300899, class=java.lang.String@5000016e)
	value		50001f94
ARR 50001f94 (sz=16, trace=300898, nelems=8, elem type=char[])
OBJ 50001f95 (sz=24, trace=300899, class=java.lang.String@5000016e)
	value		50001f96
ARR 50001f96 (sz=30, trace=300898, nelems=15, elem type=char[])
OBJ 50001f97 (sz=24, trace=300899, class=java.lang.String@5000016e)
	value		50001f98
ARR 50001f98 (sz=8, trace=300898, nelems=4, elem type=char[])
OBJ 50001f99 (sz=24, trace=300899, class=java.lang.String@5000016e)
	value		50001f9a
ARR 50001f9a (sz=30, trace=300898, nelems=15, elem type=char[])
OBJ 50001f9b (sz=24, trace=300899, class=java.lang.String@5000016e)
	value		50001f9c
ARR 50001f9c (sz=16, trace=300898, nelems=8, elem type=char[])
OBJ 50001f9d (sz=24, trace=300899, class=java.lang.String@5000016e)
	value		50001f9e
ARR 50001f9e (sz=16, trace=300898, nelems=8, elem type=char[])
OBJ 50001f9f (sz=24, trace=300899, class=java.lang.String@5000016e)
	value		50001fa0
ARR 50001fa0 (sz=34, trace=300898, nelems=17, elem type=char[])
OBJ 50001fa1 (sz=24, trace=300899, class=java.lang.String@5000016e)
	value		50001fa2
ARR 50001fa2 (sz=28, trace=300898, nelems=14, elem type=char[])
OBJ 50001fa3 (sz=24, trace=300899, class=java.lang.String@5000016e)
	value		50001fa4
ARR 50001fa4 (sz=24, trace=300898, nelems=12, elem type=char[])
OBJ 50001fa5 (sz=24, trace=300899, class=java.lang.String@5000016e)
	value		50001fa6
ARR 50001fa6 (sz=38, trace=300898, nelems=19, elem type=char[])
OBJ 50001fa7 (sz=24, trace=300899, class=java.lang.String@5000016e)
	value		50001fa8
ARR 50001fa8 (sz=22, trace=300898, nelems=11, elem type=char[])
OBJ 50001fa9 (sz=24, trace=300899, class=java.lang.String@5000016e)
	value		50001faa
ARR 50001faa (sz=34, trace=300898, nelems=17, elem type=char[])
OBJ 50001fab (sz=24, trace=300899, class=java.lang.String@5000016e)
	value		50001fac
ARR 50001fac (sz=26, trace=300898, nelems=13, elem type=char[])
ARR 50001fad (sz=64, trace=300000, nelems=32, elem type=char[])
OBJ 50001fae (sz=24, trace=300899, class=java.lang.String@5000016e)
	value		50001faf
ARR 50001faf (sz=44, trace=300898, nelems=22, elem type=char[])
OBJ 50001fb0 (sz=24, trace=300899, class=java.lang.String@5000016e)
	value		50001fb1
ARR 50001fb1 (sz=24, trace=300898, nelems=12, elem type=char[])
OBJ 50001fb2 (sz=24, trace=300899, class=java.lang.String@5000016e)
	value		50001fb3
ARR 50001fb3 (sz=12, trace=300898, nelems=6, elem type=char[])
ARR 50001fb4 (sz=62, trace=300000, nelems=31, elem type=char[])
OBJ 50001fb5 (sz=24, trace=300000, class=java.lang.String@5000016e)
	value		50001fbc
OBJ 50001fb6 (sz=24, trace=300000, class=java.lang.String@5000016e)
	value		50001fb8
OBJ 50001fb7 (sz=32, trace=300910, class=java.io.File@5000011b)
	path		50001fb9
ARR 50001fb8 (sz=62, trace=300000, nelems=31, elem type=char[])
OBJ 50001fb9 (sz=24, trace=300912, class=java.lang.String@5000016e)
	value		50001fba
ARR 50001fba (sz=98, trace=300884, nelems=49, elem type=char[])
OBJ 50001fbb (sz=24, trace=300913, class=sun.misc.MetaIndex@50000040)
	contents	500018e1
ARR 50001fbc (sz=288, trace=300000, nelems=144, elem type=char[])
OBJ 50001fbd (sz=24, trace=300000, class=java.lang.String@5000016e)
	value		50001fc1
OBJ 50001fbe (sz=24, trace=300000, class=java.lang.String@5000016e)
	value		50001fbf
ARR 50001fbf (sz=84, trace=300000, nelems=42, elem type=char[])
OBJ 50001fc0 (sz=32, trace=300222, class=java.util.HashMap$Node@500000c4)
	key		50001fb7
	value		50001fbb
ARR 50001fc1 (sz=78, trace=300000, nelems=39, elem type=char[])
OBJ 50001fc2 (sz=24, trace=300000, class=java.lang.String@5000016e)
	value		50001fc5
OBJ 50001fc3 (sz=24, trace=300000, class=java.lang.String@5000016e)
	value		50001fc4
ARR 50001fc4 (sz=60, trace=300000, nelems=30, elem type=char[])
ARR 50001fc5 (sz=178, trace=300000, nelems=89, elem type=char[])
OBJ 50001fc6 (sz=24, trace=300000, class=java.lang.String@5000016e)
	value		50001fc9
OBJ 50001fc7 (sz=24, trace=300000, class=java.lang.String@5000016e)
	value		50001fc8
ARR 50001fc8 (sz=86, trace=300000, nelems=43, elem type=char[])
ARR 50001fc9 (sz=140, trace=300000, nelems=70, elem type=char[])
OBJ 50001fca (sz=24, trace=300000, class=java.lang.String@5000016e)
	value		50001fcd
OBJ 50001fcb (sz=24, trace=300000, class=java.lang.String@5000016e)
	value		50001fcc
ARR 50001fcc (sz=64, trace=300000, nelems=32, elem type=char[])
ARR 50001fcd (sz=62, trace=300000, nelems=31, elem type=char[])
OBJ 50001fce (sz=24, trace=300000, class=java.lang.String@5000016e)
	value		50001fd1
OBJ 50001fcf (sz=24, trace=300000, class=java.lang.String@5000016e)
	value		50001fd0
ARR 50001fd0 (sz=116, trace=300000, nelems=58, elem type=char[])
ARR 50001fd1 (sz=90, trace=300000, nelems=45, elem type=char[])
OBJ 50001fd2 (sz=32, trace=300999, class=java.util.ResourceBundle$LoaderReference@5000226c)
	referent	500003b3
	queue		50001e60
	cacheKey	50002b01
OBJ 50001fd3 (sz=48, trace=301005, class=java.util.ResourceBundle$BundleReference@500001c2)
	referent	50001e5e
	queue		50001e60
	cacheKey	50002b01
OBJ 50001fd4 (sz=32, trace=301007, class=java.util.concurrent.ConcurrentHashMap$Node@50000024)
	key		50002b01
	val		50001fd3
OBJ 50001fd6 (sz=24, trace=300000, class=java.lang.String@5000016e)
	value		50001fd9
OBJ 50001fd7 (sz=24, trace=300000, class=java.lang.String@5000016e)
	value		50001fd8
ARR 50001fd8 (sz=86, trace=300000, nelems=43, elem type=char[])
ARR 50001fd9 (sz=66, trace=300000, nelems=33, elem type=char[])
OBJ 50001fda (sz=48, trace=301119, class=java.util.HashMap@500000c6)
	table		50001fdb
ARR 50001fdb (sz=32, trace=301120, nelems=4, elem type=java.util.HashMap$Node[]@500000c2)
	[0]		50001fdd
	[2]		50001fde
	[3]		50001fdc
OBJ 50001fdc (sz=32, trace=300221, class=java.util.HashMap$Node@500000c4)
	key		50002a31
	value		50002a30
OBJ 50001fdd (sz=32, trace=300221, class=java.util.HashMap$Node@500000c4)
	key		50002a36
	value		5000184c
OBJ 50001fde (sz=32, trace=300221, class=java.util.HashMap$Node@500000c4)
	key		50002a34
	value		5000184c
OBJ 50001fdf (sz=24, trace=300000, class=java.lang.String@5000016e)
	value		50001fe4
OBJ 50001fe0 (sz=24, trace=300000, class=java.lang.String@5000016e)
	value		50001fe3
OBJ 50001fe1 (sz=24, trace=301123, class=java.lang.String@5000016e)
ARR 50001fe2 (sz=48, trace=301124, nelems=0, elem type=char[])
ARR 50001fe3 (sz=66, trace=300000, nelems=33, elem type=char[])
ARR 50001fe4 (sz=88, trace=300000, nelems=44, elem type=char[])
OBJ 50001fe5 (sz=24, trace=300000, class=java.lang.String@5000016e)
	value		50001fe8
OBJ 50001fe6 (sz=24, trace=300000, class=java.lang.String@5000016e)
	value		50001fe7
ARR 50001fe7 (sz=90, trace=300000, nelems=45, elem type=char[])
ARR 50001fe8 (sz=172, trace=300000, nelems=86, elem type=char[])
OBJ 50001fe9 (sz=16, trace=300157, class=java.lang.Object@50000172)
OBJ 50001fea (sz=32, trace=300159, class=java.util.concurrent.ConcurrentHashMap$Node@50000024)
	key		50000cc1
	val		50001fe9
OBJ 50001feb (sz=16, trace=300160, class=java.lang.Object@50000172)
OBJ 50001fec (sz=32, trace=300159, class=java.util.concurrent.ConcurrentHashMap$Node@50000024)
	key		50000cc1
	val		50001feb
OBJ 50001fed (sz=24, trace=300000, class=java.lang.String@5000016e)
	value		50001fee
ARR 50001fee (sz=74, trace=300000, nelems=37, elem type=char[])
OBJ 50001fef (sz=24, trace=300000, class=java.lang.String@5000016e)
	value		50001ff8
OBJ 50001ff0 (sz=24, trace=300000, class=java.lang.String@5000016e)
	value		50001ff1
ARR 50001ff1 (sz=96, trace=300000, nelems=48, elem type=char[])
OBJ 50001ff2 (sz=24, trace=300081, class=java.lang.String@5000016e)
	value		50001ff3
ARR 50001ff3 (sz=84, trace=300082, nelems=42, elem type=char[])
OBJ 50001ff4 (sz=24, trace=300083, class=java.io.ExpiringCache$Entry@50000061)
	val		50000e7a
OBJ 50001ff5 (sz=40, trace=300084, class=java.util.LinkedHashMap$Entry@50000060)
	key		50001e7b
	value		50001ff4
	before		50001eb0
	after		50002018
OBJ 50001ff6 (sz=24, trace=300085, class=java.lang.String@5000016e)
	value		50001ff7
ARR 50001ff7 (sz=84, trace=300082, nelems=42, elem type=char[])
ARR 50001ff8 (sz=104, trace=300000, nelems=52, elem type=char[])
OBJ 50001ff9 (sz=24, trace=300917, class=java.io.ExpiringCache$Entry@50000061)
	val		50001ff6
OBJ 50001ffa (sz=40, trace=300084, class=java.util.LinkedHashMap$Entry@50000060)
	key		50001ff2
	value		50001ff9
	before		50000ec2
OBJ 50001ffb (sz=24, trace=300000, class=java.lang.String@5000016e)
	value		50001ffe
OBJ 50001ffc (sz=24, trace=300000, class=java.lang.String@5000016e)
	value		50001ffd
ARR 50001ffd (sz=66, trace=300000, nelems=33, elem type=char[])
ARR 50001ffe (sz=60, trace=300000, nelems=30, elem type=char[])
OBJ 50001fff (sz=24, trace=300000, class=java.lang.String@5000016e)
	value		50002002
OBJ 50002000 (sz=24, trace=300000, class=java.lang.String@5000016e)
	value		50002001
ARR 50002001 (sz=46, trace=300000, nelems=23, elem type=char[])
ARR 50002002 (sz=12, trace=300000, nelems=6, elem type=char[])
OBJ 50002003 (sz=24, trace=300925, class=java.lang.String@5000016e)
	value		50002004
ARR 50002004 (sz=118, trace=300926, nelems=59, elem type=char[])
OBJ 50002005 (sz=64, trace=300927, class=java.net.URL@50000119)
	protocol	50000d74
	host		5000059a
	file		50002003
	authority	5000059a
	path		50002003
	handler		50000d94
OBJ 50002006 (sz=24, trace=300000, class=java.lang.String@5000016e)
	value		50002009
OBJ 50002007 (sz=24, trace=300000, class=java.lang.String@5000016e)
	value		50002008
ARR 50002008 (sz=56, trace=300000, nelems=28, elem type=char[])
ARR 50002009 (sz=42, trace=300000, nelems=21, elem type=char[])
OBJ 5000200a (sz=24, trace=300000, class=java.lang.String@5000016e)
	value		5000200d
OBJ 5000200b (sz=24, trace=300000, class=java.lang.String@5000016e)
	value		5000200c
ARR 5000200c (sz=76, trace=300000, nelems=38, elem type=char[])
ARR 5000200d (sz=76, trace=300000, nelems=38, elem type=char[])
OBJ 5000200e (sz=24, trace=300000, class=java.lang.String@5000016e)
	value		50002011
OBJ 5000200f (sz=24, trace=300000, class=java.lang.String@5000016e)
	value		50002010
ARR 50002010 (sz=94, trace=300000, nelems=47, elem type=char[])
ARR 50002011 (sz=154, trace=300000, nelems=77, elem type=char[])
OBJ 50002012 (sz=24, trace=300000, class=java.lang.String@5000016e)
	value		50002019
OBJ 50002013 (sz=24, trace=300000, class=java.lang.String@5000016e)
	value		50002014
ARR 50002014 (sz=84, trace=300000, nelems=42, elem type=char[])
OBJ 50002015 (sz=24, trace=300937, class=java.lang.String@5000016e)
	value		50002016
ARR 50002016 (sz=98, trace=300938, nelems=49, elem type=char[])
OBJ 50002017 (sz=24, trace=300939, class=java.io.ExpiringCache$Entry@50000061)
	val		50000e78
OBJ 50002018 (sz=40, trace=300084, class=java.util.LinkedHashMap$Entry@50000060)
	key		50002015
	value		50002017
	before		50001ff5
	after		50002036
ARR 50002019 (sz=154, trace=300000, nelems=77, elem type=char[])
OBJ 5000201a (sz=24, trace=300000, class=java.lang.String@5000016e)
	value		5000201d
OBJ 5000201b (sz=24, trace=300000, class=java.lang.String@5000016e)
	value		5000201c
ARR 5000201c (sz=82, trace=300000, nelems=41, elem type=char[])
ARR 5000201d (sz=74, trace=300000, nelems=37, elem type=char[])
OBJ 5000201e (sz=24, trace=300000, class=java.lang.String@5000016e)
	value		50002024
OBJ 5000201f (sz=24, trace=300000, class=java.lang.String@5000016e)
	value		50002020
ARR 50002020 (sz=48, trace=300000, nelems=24, elem type=char[])
OBJ 50002021 (sz=24, trace=300925, class=java.lang.String@5000016e)
	value		50002022
ARR 50002022 (sz=104, trace=300926, nelems=52, elem type=char[])
OBJ 50002023 (sz=64, trace=300927, class=java.net.URL@50000119)
	protocol	50000d74
	host		5000059a
	file		50002021
	authority	5000059a
	path		50002021
	handler		50000d94
ARR 50002024 (sz=40, trace=300000, nelems=20, elem type=char[])
OBJ 50002025 (sz=24, trace=300000, class=java.lang.String@5000016e)
	value		50002028
OBJ 50002026 (sz=24, trace=300000, class=java.lang.String@5000016e)
	value		50002027
ARR 50002027 (sz=80, trace=300000, nelems=40, elem type=char[])
ARR 50002028 (sz=112, trace=300000, nelems=56, elem type=char[])
OBJ 50002029 (sz=24, trace=300000, class=java.lang.String@5000016e)
	value		5000202c
OBJ 5000202a (sz=24, trace=300000, class=java.lang.String@5000016e)
	value		5000202b
ARR 5000202b (sz=82, trace=300000, nelems=41, elem type=char[])
ARR 5000202c (sz=130, trace=300000, nelems=65, elem type=char[])
OBJ 5000202d (sz=24, trace=300000, class=java.lang.String@5000016e)
	value		50002030
OBJ 5000202e (sz=24, trace=300000, class=java.lang.String@5000016e)
	value		5000202f
ARR 5000202f (sz=102, trace=300000, nelems=51, elem type=char[])
ARR 50002030 (sz=116, trace=300000, nelems=58, elem type=char[])
OBJ 50002031 (sz=24, trace=300000, class=java.lang.String@5000016e)
	value		5000203a
OBJ 50002032 (sz=24, trace=300000, class=java.lang.String@5000016e)
	value		50002037
OBJ 50002033 (sz=24, trace=300937, class=java.lang.String@5000016e)
	value		50002034
ARR 50002034 (sz=114, trace=300938, nelems=57, elem type=char[])
OBJ 50002035 (sz=24, trace=300939, class=java.io.ExpiringCache$Entry@50000061)
	val		50000e76
OBJ 50002036 (sz=40, trace=300084, class=java.util.LinkedHashMap$Entry@50000060)
	key		50002033
	value		50002035
	before		50002018
	after		50002054
ARR 50002037 (sz=56, trace=300000, nelems=28, elem type=char[])
OBJ 50002038 (sz=56, trace=300687, class=java.util.zip.ZipFile$ZipFileInputStream@5000055c)
	this$0		500004ec
OBJ 50002039 (sz=40, trace=300106, class=java.lang.ref.Finalizer@5000014d)
	referent	50002038
	queue		500003a9
	next		50001ea5
	prev		50000385
ARR 5000203a (sz=10, trace=300000, nelems=5, elem type=char[])
OBJ 5000203b (sz=24, trace=300000, class=java.lang.String@5000016e)
	value		5000203e
OBJ 5000203c (sz=24, trace=300000, class=java.lang.String@5000016e)
	value		5000203d
ARR 5000203d (sz=64, trace=300000, nelems=32, elem type=char[])
ARR 5000203e (sz=28, trace=300000, nelems=14, elem type=char[])
OBJ 5000203f (sz=24, trace=300925, class=java.lang.String@5000016e)
	value		50002040
ARR 50002040 (sz=120, trace=300926, nelems=60, elem type=char[])
OBJ 50002041 (sz=64, trace=300927, class=java.net.URL@50000119)
	protocol	50000d74
	host		5000059a
	file		5000203f
	authority	5000059a
	path		5000203f
	handler		50000d94
OBJ 50002042 (sz=24, trace=300000, class=java.lang.String@5000016e)
	value		50002045
OBJ 50002043 (sz=24, trace=300000, class=java.lang.String@5000016e)
	value		50002044
ARR 50002044 (sz=44, trace=300000, nelems=22, elem type=char[])
ARR 50002045 (sz=32, trace=300000, nelems=16, elem type=char[])
OBJ 50002046 (sz=24, trace=300000, class=java.lang.String@5000016e)
	value		50002047
ARR 50002047 (sz=52, trace=300000, nelems=26, elem type=char[])
OBJ 50002048 (sz=24, trace=300000, class=java.lang.String@5000016e)
	value		5000204f
OBJ 50002049 (sz=24, trace=300000, class=java.lang.String@5000016e)
	value		5000204b
ARR 5000204b (sz=64, trace=300000, nelems=32, elem type=char[])
OBJ 5000204c (sz=56, trace=300130, class=java.lang.Class$ReflectionData@500000a5)
OBJ 5000204d (sz=40, trace=300040, class=java.lang.ref.SoftReference@50000152)
OBJ 5000204e (sz=80, trace=300131, class=java.lang.reflect.Constructor@5000013d)
ARR 5000204f (sz=112, trace=300000, nelems=56, elem type=char[])
OBJ 50002050 (sz=24, trace=300133, class=sun.reflect.NativeConstructorAccessorImpl@5000007c)
OBJ 50002051 (sz=24, trace=300937, class=java.lang.String@5000016e)
	value		50002052
ARR 50002052 (sz=102, trace=300938, nelems=51, elem type=char[])
OBJ 50002053 (sz=24, trace=300939, class=java.io.ExpiringCache$Entry@50000061)
	val		50000e72
OBJ 50002054 (sz=40, trace=300084, class=java.util.LinkedHashMap$Entry@50000060)
	key		50002051
	value		50002053
	before		50002036
	after		50002072
OBJ 50002055 (sz=16, trace=300134, class=sun.reflect.DelegatingConstructorAccessorImpl@5000007b)
OBJ 50002056 (sz=40, trace=301126, class=com.sun.tools.javac.resources.javac@5000204a)
	locale		50000f07
	name		50000cc1
	cacheKey	50002a38
	lookup		50002687
OBJ 50002057 (sz=32, trace=300999, class=java.util.ResourceBundle$LoaderReference@5000226c)
	referent	500003b3
	queue		50001e60
	cacheKey	50002a38
OBJ 50002058 (sz=48, trace=301005, class=java.util.ResourceBundle$BundleReference@500001c2)
	referent	50002056
	queue		50001e60
	cacheKey	50002a38
OBJ 50002059 (sz=32, trace=301007, class=java.util.concurrent.ConcurrentHashMap$Node@50000024)
	key		50002a38
	val		50002058
OBJ 5000205a (sz=24, trace=300000, class=java.lang.String@5000016e)
	value		50002066
OBJ 5000205b (sz=24, trace=300000, class=java.lang.String@5000016e)
	value		5000205c
ARR 5000205c (sz=84, trace=300000, nelems=42, elem type=char[])
OBJ 5000205d (sz=24, trace=300925, class=java.lang.String@5000016e)
	value		5000205e
ARR 5000205e (sz=108, trace=300926, nelems=54, elem type=char[])
OBJ 5000205f (sz=64, trace=300927, class=java.net.URL@50000119)
	protocol	50000d74
	host		5000059a
	file		5000205d
	authority	5000059a
	path		5000205d
	handler		50000d94
OBJ 50002060 (sz=24, trace=301010, class=java.lang.String@5000016e)
	value		50002061
ARR 50002061 (sz=76, trace=301011, nelems=38, elem type=char[])
OBJ 50002062 (sz=16, trace=300157, class=java.lang.Object@50000172)
OBJ 50002063 (sz=32, trace=300683, class=java.util.concurrent.ConcurrentHashMap$Node@50000024)
	key		50002060
	val		50002062
OBJ 50002064 (sz=16, trace=300160, class=java.lang.Object@50000172)
OBJ 50002065 (sz=32, trace=300683, class=java.util.concurrent.ConcurrentHashMap$Node@50000024)
	key		50002060
	val		50002064
ARR 50002066 (sz=28, trace=300000, nelems=14, elem type=char[])
OBJ 50002067 (sz=24, trace=300000, class=java.lang.String@5000016e)
	value		5000206a
OBJ 50002068 (sz=24, trace=300000, class=java.lang.String@5000016e)
	value		50002069
ARR 50002069 (sz=58, trace=300000, nelems=29, elem type=char[])
ARR 5000206a (sz=58, trace=300000, nelems=29, elem type=char[])
OBJ 5000206b (sz=24, trace=300000, class=java.lang.String@5000016e)
	value		5000206e
OBJ 5000206c (sz=24, trace=300000, class=java.lang.String@5000016e)
	value		5000206d
ARR 5000206d (sz=72, trace=300000, nelems=36, elem type=char[])
ARR 5000206e (sz=100, trace=300000, nelems=50, elem type=char[])
OBJ 5000206f (sz=24, trace=300937, class=java.lang.String@5000016e)
	value		50002070
ARR 50002070 (sz=100, trace=300938, nelems=50, elem type=char[])
OBJ 50002071 (sz=24, trace=300939, class=java.io.ExpiringCache$Entry@50000061)
	val		50000e70
OBJ 50002072 (sz=40, trace=300084, class=java.util.LinkedHashMap$Entry@50000060)
	key		5000206f
	value		50002071
	before		50002054
	after		50002090
OBJ 50002073 (sz=24, trace=300000, class=java.lang.String@5000016e)
	value		50002076
OBJ 50002074 (sz=24, trace=300000, class=java.lang.String@5000016e)
	value		50002075
ARR 50002075 (sz=64, trace=300000, nelems=32, elem type=char[])
ARR 50002076 (sz=52, trace=300000, nelems=26, elem type=char[])
OBJ 50002077 (sz=24, trace=300000, class=java.lang.String@5000016e)
	value		5000207a
OBJ 50002078 (sz=24, trace=300000, class=java.lang.String@5000016e)
	value		50002079
ARR 50002079 (sz=62, trace=300000, nelems=31, elem type=char[])
ARR 5000207a (sz=110, trace=300000, nelems=55, elem type=char[])
OBJ 5000207b (sz=24, trace=300925, class=java.lang.String@5000016e)
	value		5000207c
ARR 5000207c (sz=106, trace=300926, nelems=53, elem type=char[])
OBJ 5000207d (sz=64, trace=300927, class=java.net.URL@50000119)
	protocol	50000d74
	host		5000059a
	file		5000207b
	authority	5000059a
	path		5000207b
	handler		50000d94
OBJ 5000207e (sz=24, trace=300000, class=java.lang.String@5000016e)
	value		50002081
OBJ 5000207f (sz=24, trace=300000, class=java.lang.String@5000016e)
	value		50002080
ARR 50002080 (sz=78, trace=300000, nelems=39, elem type=char[])
ARR 50002081 (sz=96, trace=300000, nelems=48, elem type=char[])
OBJ 50002082 (sz=24, trace=300000, class=java.lang.String@5000016e)
	value		50002085
OBJ 50002083 (sz=24, trace=300000, class=java.lang.String@5000016e)
	value		50002084
ARR 50002084 (sz=102, trace=300000, nelems=51, elem type=char[])
ARR 50002085 (sz=116, trace=300000, nelems=58, elem type=char[])
OBJ 50002086 (sz=24, trace=300000, class=java.lang.String@5000016e)
	value		50002089
OBJ 50002087 (sz=24, trace=300000, class=java.lang.String@5000016e)
	value		50002088
ARR 50002088 (sz=56, trace=300000, nelems=28, elem type=char[])
ARR 50002089 (sz=36, trace=300000, nelems=18, elem type=char[])
OBJ 5000208a (sz=24, trace=300000, class=java.lang.String@5000016e)
	value		50002094
OBJ 5000208b (sz=24, trace=300000, class=java.lang.String@5000016e)
	value		50002093
OBJ 5000208c (sz=32, trace=300999, class=java.util.ResourceBundle$LoaderReference@5000226c)
	referent	500003b3
	queue		50001e60
	cacheKey	50001b67
OBJ 5000208d (sz=24, trace=300937, class=java.lang.String@5000016e)
	value		5000208e
ARR 5000208e (sz=110, trace=300938, nelems=55, elem type=char[])
OBJ 5000208f (sz=24, trace=300939, class=java.io.ExpiringCache$Entry@50000061)
	val		50000e6e
OBJ 50002090 (sz=40, trace=300084, class=java.util.LinkedHashMap$Entry@50000060)
	key		5000208d
	value		5000208f
	before		50002072
	after		500020ae
OBJ 50002091 (sz=48, trace=301005, class=java.util.ResourceBundle$BundleReference@500001c2)
	referent	50001e5e
	queue		50001e60
	cacheKey	50001b67
OBJ 50002092 (sz=32, trace=301007, class=java.util.concurrent.ConcurrentHashMap$Node@50000024)
	key		50001b67
	val		50002091
ARR 50002093 (sz=68, trace=300000, nelems=34, elem type=char[])
ARR 50002094 (sz=112, trace=300000, nelems=56, elem type=char[])
OBJ 50002095 (sz=24, trace=300000, class=java.lang.String@5000016e)
	value		500020a1
OBJ 50002096 (sz=24, trace=301010, class=java.lang.String@5000016e)
	value		50002097
ARR 50002097 (sz=82, trace=301011, nelems=41, elem type=char[])
OBJ 50002098 (sz=16, trace=300157, class=java.lang.Object@50000172)
OBJ 50002099 (sz=24, trace=300925, class=java.lang.String@5000016e)
	value		5000209a
ARR 5000209a (sz=116, trace=300926, nelems=58, elem type=char[])
OBJ 5000209b (sz=64, trace=300927, class=java.net.URL@50000119)
	protocol	50000d74
	host		5000059a
	file		50002099
	authority	5000059a
	path		50002099
	handler		50000d94
OBJ 5000209c (sz=32, trace=300159, class=java.util.concurrent.ConcurrentHashMap$Node@50000024)
	key		50002096
	val		50002098
OBJ 5000209d (sz=16, trace=300160, class=java.lang.Object@50000172)
OBJ 5000209e (sz=32, trace=300159, class=java.util.concurrent.ConcurrentHashMap$Node@50000024)
	key		50002096
	val		5000209d
OBJ 5000209f (sz=24, trace=300000, class=java.lang.String@5000016e)
	value		500020a0
ARR 500020a0 (sz=64, trace=300000, nelems=32, elem type=char[])
ARR 500020a1 (sz=62, trace=300000, nelems=31, elem type=char[])
OBJ 500020a2 (sz=24, trace=300000, class=java.lang.String@5000016e)
	value		500020a5
OBJ 500020a3 (sz=24, trace=300000, class=java.lang.String@5000016e)
	value		500020a4
ARR 500020a4 (sz=62, trace=300000, nelems=31, elem type=char[])
ARR 500020a5 (sz=58, trace=300000, nelems=29, elem type=char[])
OBJ 500020a6 (sz=24, trace=300000, class=java.lang.String@5000016e)
	value		500020a9
OBJ 500020a7 (sz=24, trace=300000, class=java.lang.String@5000016e)
	value		500020a8
ARR 500020a8 (sz=54, trace=300000, nelems=27, elem type=char[])
ARR 500020a9 (sz=28, trace=300000, nelems=14, elem type=char[])
OBJ 500020aa (sz=24, trace=300000, class=java.lang.String@5000016e)
	value		500020b2
OBJ 500020ab (sz=24, trace=300937, class=java.lang.String@5000016e)
	value		500020ac
ARR 500020ac (sz=100, trace=300938, nelems=50, elem type=char[])
OBJ 500020ad (sz=24, trace=300939, class=java.io.ExpiringCache$Entry@50000061)
	val		50000e6c
OBJ 500020ae (sz=40, trace=300726, class=java.util.LinkedHashMap$Entry@50000060)
	key		500020ab
	value		500020ad
	before		50002090
	after		500020bf
ARR 500020af (sz=272, trace=300940, nelems=64, elem type=java.util.HashMap$Node[]@500000c2)
	[9]		500020ae
	[12]		500001e9
	[13]		50000e3a
	[15]		50000e3b
	[16]		50000e2a
	[17]		50000e3c
	[19]		50001ff5
	[21]		50000e3d
	[22]		50002054
	[24]		50001eb0
	[25]		50000e3e
	[27]		50000e3f
	[34]		50000e40
	[35]		50000e41
	[36]		50000e42
	[38]		50002090
	[40]		50002018
	[41]		50000e43
	[50]		50002072
	[53]		50000e44
	[56]		50000e46
	[58]		50000e47
	[60]		50002036
	[63]		50000e48
OBJ 500020b0 (sz=24, trace=300000, class=java.lang.String@5000016e)
	value		500020b1
ARR 500020b1 (sz=108, trace=300000, nelems=54, elem type=char[])
ARR 500020b2 (sz=120, trace=300000, nelems=60, elem type=char[])
OBJ 500020b3 (sz=24, trace=300000, class=java.lang.String@5000016e)
	value		500020b6
OBJ 500020b4 (sz=24, trace=300000, class=java.lang.String@5000016e)
	value		500020b5
ARR 500020b5 (sz=60, trace=300000, nelems=30, elem type=char[])
ARR 500020b6 (sz=52, trace=300000, nelems=26, elem type=char[])
OBJ 500020b7 (sz=24, trace=300000, class=java.lang.String@5000016e)
	value		500020bd
OBJ 500020b8 (sz=24, trace=300925, class=java.lang.String@5000016e)
	value		500020b9
ARR 500020b9 (sz=106, trace=300926, nelems=53, elem type=char[])
OBJ 500020ba (sz=64, trace=300927, class=java.net.URL@50000119)
	protocol	50000d74
	host		5000059a
	file		500020b8
	authority	5000059a
	path		500020b8
	handler		50000d94
OBJ 500020bb (sz=24, trace=300000, class=java.lang.String@5000016e)
	value		500020bc
ARR 500020bc (sz=94, trace=300000, nelems=47, elem type=char[])
ARR 500020bd (sz=116, trace=300000, nelems=58, elem type=char[])
OBJ 500020be (sz=24, trace=300083, class=java.io.ExpiringCache$Entry@50000061)
	val		50000e6a
OBJ 500020bf (sz=40, trace=300726, class=java.util.LinkedHashMap$Entry@50000060)
	key		50001e90
	value		500020be
	before		500020ae
OBJ 500020c0 (sz=24, trace=300000, class=java.lang.String@5000016e)
	value		500020c3
OBJ 500020c1 (sz=24, trace=300000, class=java.lang.String@5000016e)
	value		500020c2
ARR 500020c2 (sz=92, trace=300000, nelems=46, elem type=char[])
ARR 500020c3 (sz=164, trace=300000, nelems=82, elem type=char[])
OBJ 500020c4 (sz=24, trace=300000, class=java.lang.String@5000016e)
	value		500020c7
OBJ 500020c5 (sz=24, trace=300000, class=java.lang.String@5000016e)
	value		500020c6
ARR 500020c6 (sz=42, trace=300000, nelems=21, elem type=char[])
ARR 500020c7 (sz=24, trace=300000, nelems=12, elem type=char[])
OBJ 500020c8 (sz=32, trace=300999, class=java.util.ResourceBundle$LoaderReference@5000226c)
	referent	500003b3
	queue		50001e60
	cacheKey	50001b64
OBJ 500020c9 (sz=48, trace=301005, class=java.util.ResourceBundle$BundleReference@500001c2)
	referent	50001e5e
	queue		50001e60
	cacheKey	50001b64
OBJ 500020ca (sz=32, trace=301007, class=java.util.concurrent.ConcurrentHashMap$Node@50000024)
	key		50001b64
	val		500020c9
OBJ 500020cb (sz=24, trace=300925, class=java.lang.String@5000016e)
	value		500020cc
ARR 500020cc (sz=98, trace=300926, nelems=49, elem type=char[])
OBJ 500020cd (sz=64, trace=300927, class=java.net.URL@50000119)
	protocol	50000d74
	host		5000059a
	file		500020cb
	authority	5000059a
	path		500020cb
	handler		50000d94
OBJ 500020ce (sz=24, trace=301023, class=com.sun.tools.javac.util.List@50001abb)
OBJ 500020cf (sz=48, trace=300941, class=sun.misc.URLClassPath@50000004)
	path		500020d0
	urls		500020d1
	loaders		500020d3
	lmap		500020d4
	jarHandler	500020db
OBJ 500020d0 (sz=24, trace=300942, class=java.util.ArrayList@500000dd)
	elementData	500020d5
OBJ 500020d1 (sz=32, trace=300943, class=java.util.Stack@500000e2)
	elementData	500020d2
ARR 500020d2 (sz=56, trace=300944, nelems=0, elem type=java.lang.Object[]@50000108)
OBJ 500020d3 (sz=24, trace=300945, class=java.util.ArrayList@500000dd)
	elementData	5000210d
OBJ 500020d4 (sz=48, trace=300946, class=java.util.HashMap@500000c6)
	table		5000210e
ARR 500020d5 (sz=56, trace=300219, nelems=8, elem type=java.lang.Object[]@50000108)
	[0]		50002005
	[1]		50002023
	[2]		50002041
	[3]		5000205f
	[4]		5000207d
	[5]		5000209b
	[6]		500020ba
	[7]		500020cd
OBJ 500020d6 (sz=24, trace=300000, class=java.lang.String@5000016e)
	value		500020d9
OBJ 500020d7 (sz=24, trace=300000, class=java.lang.String@5000016e)
	value		500020d8
ARR 500020d8 (sz=66, trace=300000, nelems=33, elem type=char[])
ARR 500020d9 (sz=20, trace=300000, nelems=10, elem type=char[])
OBJ 500020da (sz=24, trace=301023, class=com.sun.tools.javac.util.List@50001abb)
OBJ 500020db (sz=16, trace=300951, class=sun.net.www.protocol.jar.Handler@50000003)
OBJ 500020dd (sz=40, trace=301024, class=java.lang.ref.SoftReference@50000152)
OBJ 500020df (sz=32, trace=300221, class=java.util.HashMap$Node@500000c4)
OBJ 500020e1 (sz=24, trace=300000, class=java.lang.String@5000016e)
	value		500020e6
OBJ 500020e3 (sz=24, trace=300000, class=java.lang.String@5000016e)
	value		500020e5
ARR 500020e5 (sz=54, trace=300000, nelems=27, elem type=char[])
ARR 500020e6 (sz=8, trace=300000, nelems=4, elem type=char[])
OBJ 500020e7 (sz=24, trace=300000, class=java.lang.String@5000016e)
	value		500020ec
OBJ 500020e8 (sz=24, trace=300000, class=java.lang.String@5000016e)
	value		500020eb
OBJ 500020e9 (sz=24, trace=300170, class=java.lang.String@5000016e)
	value		500020ea
ARR 500020ea (sz=132, trace=300171, nelems=66, elem type=char[])
ARR 500020eb (sz=94, trace=300000, nelems=47, elem type=char[])
ARR 500020ec (sz=154, trace=300000, nelems=77, elem type=char[])
OBJ 500020ed (sz=24, trace=300000, class=java.lang.String@5000016e)
	value		500020f0
OBJ 500020ee (sz=24, trace=300000, class=java.lang.String@5000016e)
	value		500020ef
ARR 500020ef (sz=48, trace=300000, nelems=24, elem type=char[])
ARR 500020f0 (sz=26, trace=300000, nelems=13, elem type=char[])
OBJ 500020f1 (sz=24, trace=300000, class=java.lang.String@5000016e)
	value		500020f7
OBJ 500020f2 (sz=24, trace=300000, class=java.lang.String@5000016e)
	value		500020f3
ARR 500020f3 (sz=66, trace=300000, nelems=33, elem type=char[])
OBJ 500020f4 (sz=24, trace=300184, class=java.lang.String@5000016e)
	value		500020f5
ARR 500020f5 (sz=132, trace=300185, nelems=66, elem type=char[])
OBJ 500020f6 (sz=64, trace=300186, class=java.net.URL@50000119)
	protocol	50000de1
	host		5000059a
	file		500020f4
	authority	5000059a
	path		500020f4
	handler		500020db
ARR 500020f7 (sz=184, trace=300000, nelems=92, elem type=char[])
OBJ 500020f8 (sz=56, trace=300188, class=sun.misc.URLClassPath$JarLoader@5000025a)
	base		500020f6
	csu		50002005
	metaIndex	50001f61
	handler		500020db
	lmap		500020d4
OBJ 500020f9 (sz=24, trace=300000, class=java.lang.String@5000016e)
	value		500020fc
OBJ 500020fa (sz=24, trace=300000, class=java.lang.String@5000016e)
	value		500020fb
ARR 500020fb (sz=54, trace=300000, nelems=27, elem type=char[])
ARR 500020fc (sz=70, trace=300000, nelems=35, elem type=char[])
OBJ 500020fd (sz=24, trace=300000, class=java.lang.String@5000016e)
	value		50002100
OBJ 500020fe (sz=24, trace=300000, class=java.lang.String@5000016e)
	value		500020ff
ARR 500020ff (sz=64, trace=300000, nelems=32, elem type=char[])
ARR 50002100 (sz=80, trace=300000, nelems=40, elem type=char[])
OBJ 50002101 (sz=24, trace=300000, class=java.lang.String@5000016e)
	value		50002104
OBJ 50002102 (sz=24, trace=300000, class=java.lang.String@5000016e)
	value		50002103
ARR 50002103 (sz=82, trace=300000, nelems=41, elem type=char[])
ARR 50002104 (sz=54, trace=300000, nelems=27, elem type=char[])
OBJ 50002105 (sz=24, trace=300000, class=java.lang.String@5000016e)
	value		50002108
OBJ 50002106 (sz=24, trace=300000, class=java.lang.String@5000016e)
	value		50002107
ARR 50002107 (sz=72, trace=300000, nelems=36, elem type=char[])
ARR 50002108 (sz=72, trace=300000, nelems=36, elem type=char[])
OBJ 50002109 (sz=24, trace=300000, class=java.lang.String@5000016e)
	value		5000210c
OBJ 5000210a (sz=24, trace=300000, class=java.lang.String@5000016e)
	value		5000210b
ARR 5000210b (sz=80, trace=300000, nelems=40, elem type=char[])
ARR 5000210c (sz=54, trace=300000, nelems=27, elem type=char[])
ARR 5000210d (sz=56, trace=300219, nelems=6, elem type=java.lang.Object[]@50000108)
	[0]		500020f8
	[1]		50002122
	[2]		5000218a
	[3]		500021b2
	[4]		500021da
	[5]		50002202
ARR 5000210e (sz=80, trace=300220, nelems=12, elem type=java.util.HashMap$Node[]@500000c2)
	[0]		5000219f
	[5]		500021c7
	[6]		5000210f
	[9]		50002217
	[10]		50002137
	[11]		500021ef
OBJ 5000210f (sz=32, trace=300221, class=java.util.HashMap$Node@500000c4)
	key		500020e9
	value		500020f8
OBJ 50002110 (sz=24, trace=300000, class=java.lang.String@5000016e)
	value		50002115
OBJ 50002111 (sz=24, trace=300000, class=java.lang.String@5000016e)
	value		50002112
ARR 50002112 (sz=54, trace=300000, nelems=27, elem type=char[])
OBJ 50002113 (sz=24, trace=300170, class=java.lang.String@5000016e)
	value		50002114
ARR 50002114 (sz=118, trace=300171, nelems=59, elem type=char[])
ARR 50002115 (sz=50, trace=300000, nelems=25, elem type=char[])
OBJ 50002116 (sz=24, trace=300000, class=java.lang.String@5000016e)
	value		50002119
OBJ 50002117 (sz=24, trace=300000, class=java.lang.String@5000016e)
	value		50002118
ARR 50002118 (sz=70, trace=300000, nelems=35, elem type=char[])
ARR 50002119 (sz=88, trace=300000, nelems=44, elem type=char[])
OBJ 5000211a (sz=24, trace=300000, class=java.lang.String@5000016e)
	value		5000211d
OBJ 5000211b (sz=24, trace=300000, class=java.lang.String@5000016e)
	value		5000211c
ARR 5000211c (sz=122, trace=300000, nelems=61, elem type=char[])
ARR 5000211d (sz=176, trace=300000, nelems=88, elem type=char[])
OBJ 5000211e (sz=24, trace=300184, class=java.lang.String@5000016e)
	value		5000211f
ARR 5000211f (sz=118, trace=300185, nelems=59, elem type=char[])
OBJ 50002120 (sz=64, trace=300186, class=java.net.URL@50000119)
	protocol	50000de1
	host		5000059a
	file		5000211e
	authority	5000059a
	path		5000211e
	handler		500020db
OBJ 50002121 (sz=24, trace=300000, class=java.lang.String@5000016e)
	value		50002125
OBJ 50002122 (sz=56, trace=300188, class=sun.misc.URLClassPath$JarLoader@5000025a)
	base		50002120
	csu		50002023
	metaIndex	50001fbb
	handler		500020db
	lmap		500020d4
OBJ 50002123 (sz=24, trace=300000, class=java.lang.String@5000016e)
	value		50002124
ARR 50002124 (sz=58, trace=300000, nelems=29, elem type=char[])
ARR 50002125 (sz=30, trace=300000, nelems=15, elem type=char[])
OBJ 50002126 (sz=24, trace=300000, class=java.lang.String@5000016e)
	value		50002129
OBJ 50002127 (sz=24, trace=300000, class=java.lang.String@5000016e)
	value		50002128
ARR 50002128 (sz=76, trace=300000, nelems=38, elem type=char[])
ARR 50002129 (sz=204, trace=300000, nelems=102, elem type=char[])
OBJ 5000212a (sz=24, trace=300000, class=java.lang.String@5000016e)
	value		5000212d
OBJ 5000212b (sz=24, trace=300000, class=java.lang.String@5000016e)
	value		5000212c
ARR 5000212c (sz=78, trace=300000, nelems=39, elem type=char[])
ARR 5000212d (sz=136, trace=300000, nelems=68, elem type=char[])
OBJ 5000212e (sz=24, trace=300000, class=java.lang.String@5000016e)
	value		50002131
OBJ 5000212f (sz=24, trace=300000, class=java.lang.String@5000016e)
	value		50002130
ARR 50002130 (sz=64, trace=300000, nelems=32, elem type=char[])
ARR 50002131 (sz=30, trace=300000, nelems=15, elem type=char[])
OBJ 50002132 (sz=24, trace=300000, class=java.lang.String@5000016e)
	value		50002135
OBJ 50002133 (sz=24, trace=300000, class=java.lang.String@5000016e)
	value		50002134
ARR 50002134 (sz=60, trace=300000, nelems=30, elem type=char[])
ARR 50002135 (sz=68, trace=300000, nelems=34, elem type=char[])
OBJ 50002136 (sz=24, trace=300000, class=java.lang.String@5000016e)
	value		5000213a
OBJ 50002137 (sz=32, trace=300221, class=java.util.HashMap$Node@500000c4)
	key		50002113
	value		50002122
OBJ 50002138 (sz=24, trace=300000, class=java.lang.String@5000016e)
	value		50002139
ARR 50002139 (sz=70, trace=300000, nelems=35, elem type=char[])
ARR 5000213a (sz=56, trace=300000, nelems=28, elem type=char[])
OBJ 5000213b (sz=24, trace=300000, class=java.lang.String@5000016e)
	value		5000213e
OBJ 5000213c (sz=24, trace=300000, class=java.lang.String@5000016e)
	value		5000213d
ARR 5000213d (sz=84, trace=300000, nelems=42, elem type=char[])
ARR 5000213e (sz=154, trace=300000, nelems=77, elem type=char[])
OBJ 5000213f (sz=24, trace=300000, class=java.lang.String@5000016e)
	value		50002142
OBJ 50002140 (sz=24, trace=300000, class=java.lang.String@5000016e)
	value		50002141
ARR 50002141 (sz=64, trace=300000, nelems=32, elem type=char[])
ARR 50002142 (sz=62, trace=300000, nelems=31, elem type=char[])
OBJ 50002143 (sz=24, trace=300000, class=java.lang.String@5000016e)
	value		50002146
OBJ 50002144 (sz=24, trace=300000, class=java.lang.String@5000016e)
	value		50002145
ARR 50002145 (sz=90, trace=300000, nelems=45, elem type=char[])
ARR 50002146 (sz=128, trace=300000, nelems=64, elem type=char[])
OBJ 50002147 (sz=24, trace=300000, class=java.lang.String@5000016e)
	value		5000214a
OBJ 50002148 (sz=24, trace=300000, class=java.lang.String@5000016e)
	value		50002149
ARR 50002149 (sz=100, trace=300000, nelems=50, elem type=char[])
ARR 5000214a (sz=94, trace=300000, nelems=47, elem type=char[])
OBJ 5000214b (sz=24, trace=300000, class=java.lang.String@5000016e)
	value		5000214c
ARR 5000214c (sz=56, trace=300000, nelems=28, elem type=char[])
OBJ 5000214d (sz=24, trace=300000, class=java.lang.String@5000016e)
	value		50002150
OBJ 5000214e (sz=24, trace=300000, class=java.lang.String@5000016e)
	value		5000214f
ARR 5000214f (sz=82, trace=300000, nelems=41, elem type=char[])
ARR 50002150 (sz=186, trace=300000, nelems=93, elem type=char[])
OBJ 50002151 (sz=24, trace=300000, class=java.lang.String@5000016e)
	value		50002154
OBJ 50002152 (sz=24, trace=300000, class=java.lang.String@5000016e)
	value		50002153
ARR 50002153 (sz=60, trace=300000, nelems=30, elem type=char[])
ARR 50002154 (sz=118, trace=300000, nelems=59, elem type=char[])
OBJ 50002155 (sz=24, trace=300000, class=java.lang.String@5000016e)
	value		50002158
OBJ 50002156 (sz=24, trace=300000, class=java.lang.String@5000016e)
	value		50002157
ARR 50002157 (sz=62, trace=300000, nelems=31, elem type=char[])
ARR 50002158 (sz=70, trace=300000, nelems=35, elem type=char[])
OBJ 50002159 (sz=24, trace=300000, class=java.lang.String@5000016e)
	value		5000215c
OBJ 5000215a (sz=24, trace=300000, class=java.lang.String@5000016e)
	value		5000215b
ARR 5000215b (sz=78, trace=300000, nelems=39, elem type=char[])
ARR 5000215c (sz=158, trace=300000, nelems=79, elem type=char[])
OBJ 5000215d (sz=24, trace=300000, class=java.lang.String@5000016e)
	value		50002160
OBJ 5000215e (sz=24, trace=300000, class=java.lang.String@5000016e)
	value		5000215f
ARR 5000215f (sz=66, trace=300000, nelems=33, elem type=char[])
ARR 50002160 (sz=64, trace=300000, nelems=32, elem type=char[])
OBJ 50002161 (sz=24, trace=300000, class=java.lang.String@5000016e)
	value		50002164
OBJ 50002162 (sz=24, trace=300000, class=java.lang.String@5000016e)
	value		50002163
ARR 50002163 (sz=88, trace=300000, nelems=44, elem type=char[])
ARR 50002164 (sz=176, trace=300000, nelems=88, elem type=char[])
OBJ 50002165 (sz=24, trace=300000, class=java.lang.String@5000016e)
	value		50002168
OBJ 50002166 (sz=24, trace=300000, class=java.lang.String@5000016e)
	value		50002167
ARR 50002167 (sz=60, trace=300000, nelems=30, elem type=char[])
ARR 50002168 (sz=54, trace=300000, nelems=27, elem type=char[])
OBJ 50002169 (sz=24, trace=300000, class=java.lang.String@5000016e)
	value		5000216c
OBJ 5000216a (sz=24, trace=300000, class=java.lang.String@5000016e)
	value		5000216b
ARR 5000216b (sz=56, trace=300000, nelems=28, elem type=char[])
ARR 5000216c (sz=62, trace=300000, nelems=31, elem type=char[])
OBJ 5000216d (sz=24, trace=300000, class=java.lang.String@5000016e)
	value		50002170
OBJ 5000216e (sz=24, trace=300000, class=java.lang.String@5000016e)
	value		5000216f
ARR 5000216f (sz=100, trace=300000, nelems=50, elem type=char[])
ARR 50002170 (sz=74, trace=300000, nelems=37, elem type=char[])
OBJ 50002171 (sz=24, trace=300000, class=java.lang.String@5000016e)
	value		50002174
OBJ 50002172 (sz=24, trace=300000, class=java.lang.String@5000016e)
	value		50002173
ARR 50002173 (sz=58, trace=300000, nelems=29, elem type=char[])
ARR 50002174 (sz=70, trace=300000, nelems=35, elem type=char[])
OBJ 50002176 (sz=24, trace=300000, class=java.lang.String@5000016e)
	value		50002177
ARR 50002177 (sz=64, trace=300000, nelems=32, elem type=char[])
OBJ 50002178 (sz=24, trace=300000, class=java.lang.String@5000016e)
	value		5000217d
OBJ 50002179 (sz=24, trace=300000, class=java.lang.String@5000016e)
	value		5000217a
ARR 5000217a (sz=76, trace=300000, nelems=38, elem type=char[])
OBJ 5000217b (sz=24, trace=300170, class=java.lang.String@5000016e)
	value		5000217c
ARR 5000217c (sz=122, trace=300171, nelems=61, elem type=char[])
ARR 5000217d (sz=56, trace=300000, nelems=28, elem type=char[])
OBJ 5000217e (sz=24, trace=300000, class=java.lang.String@5000016e)
	value		50002181
OBJ 5000217f (sz=24, trace=300000, class=java.lang.String@5000016e)
	value		50002180
ARR 50002180 (sz=76, trace=300000, nelems=38, elem type=char[])
ARR 50002181 (sz=170, trace=300000, nelems=85, elem type=char[])
OBJ 50002182 (sz=24, trace=300000, class=java.lang.String@5000016e)
	value		50002185
OBJ 50002183 (sz=24, trace=300000, class=java.lang.String@5000016e)
	value		50002184
ARR 50002184 (sz=74, trace=300000, nelems=37, elem type=char[])
ARR 50002185 (sz=74, trace=300000, nelems=37, elem type=char[])
OBJ 50002186 (sz=24, trace=300184, class=java.lang.String@5000016e)
	value		50002187
ARR 50002187 (sz=122, trace=300185, nelems=61, elem type=char[])
OBJ 50002188 (sz=64, trace=300186, class=java.net.URL@50000119)
	protocol	50000de1
	host		5000059a
	file		50002186
	authority	5000059a
	path		50002186
	handler		500020db
OBJ 50002189 (sz=24, trace=300000, class=java.lang.String@5000016e)
	value		5000218d
OBJ 5000218a (sz=56, trace=300188, class=sun.misc.URLClassPath$JarLoader@5000025a)
	base		50002188
	csu		5000205f
	metaIndex	50001f0a
	handler		500020db
	lmap		500020d4
OBJ 5000218b (sz=24, trace=300000, class=java.lang.String@5000016e)
	value		5000218c
ARR 5000218c (sz=64, trace=300000, nelems=32, elem type=char[])
ARR 5000218d (sz=50, trace=300000, nelems=25, elem type=char[])
OBJ 5000218e (sz=24, trace=300000, class=java.lang.String@5000016e)
	value		50002191
OBJ 5000218f (sz=24, trace=300000, class=java.lang.String@5000016e)
	value		50002190
ARR 50002190 (sz=78, trace=300000, nelems=39, elem type=char[])
ARR 50002191 (sz=350, trace=300000, nelems=175, elem type=char[])
OBJ 50002192 (sz=24, trace=300000, class=java.lang.String@5000016e)
	value		50002195
OBJ 50002193 (sz=24, trace=300000, class=java.lang.String@5000016e)
	value		50002194
ARR 50002194 (sz=60, trace=300000, nelems=30, elem type=char[])
ARR 50002195 (sz=60, trace=300000, nelems=30, elem type=char[])
OBJ 50002196 (sz=24, trace=300000, class=java.lang.String@5000016e)
	value		50002199
OBJ 50002197 (sz=24, trace=300000, class=java.lang.String@5000016e)
	value		50002198
ARR 50002198 (sz=68, trace=300000, nelems=34, elem type=char[])
ARR 50002199 (sz=50, trace=300000, nelems=25, elem type=char[])
OBJ 5000219a (sz=24, trace=300000, class=java.lang.String@5000016e)
	value		5000219d
OBJ 5000219b (sz=24, trace=300000, class=java.lang.String@5000016e)
	value		5000219c
ARR 5000219c (sz=64, trace=300000, nelems=32, elem type=char[])
ARR 5000219d (sz=50, trace=300000, nelems=25, elem type=char[])
OBJ 5000219e (sz=24, trace=300000, class=java.lang.String@5000016e)
	value		500021a2
OBJ 5000219f (sz=32, trace=300221, class=java.util.HashMap$Node@500000c4)
	key		5000217b
	value		5000218a
OBJ 500021a0 (sz=24, trace=300000, class=java.lang.String@5000016e)
	value		500021a1
ARR 500021a1 (sz=84, trace=300000, nelems=42, elem type=char[])
ARR 500021a2 (sz=180, trace=300000, nelems=90, elem type=char[])
OBJ 500021a3 (sz=24, trace=300170, class=java.lang.String@5000016e)
	value		500021a4
ARR 500021a4 (sz=120, trace=300171, nelems=60, elem type=char[])
OBJ 500021a5 (sz=24, trace=300000, class=java.lang.String@5000016e)
	value		500021a8
OBJ 500021a6 (sz=24, trace=300000, class=java.lang.String@5000016e)
	value		500021a7
ARR 500021a7 (sz=86, trace=300000, nelems=43, elem type=char[])
ARR 500021a8 (sz=116, trace=300000, nelems=58, elem type=char[])
OBJ 500021a9 (sz=24, trace=300000, class=java.lang.String@5000016e)
	value		500021ac
OBJ 500021aa (sz=24, trace=300000, class=java.lang.String@5000016e)
	value		500021ab
ARR 500021ab (sz=112, trace=300000, nelems=56, elem type=char[])
ARR 500021ac (sz=184, trace=300000, nelems=92, elem type=char[])
OBJ 500021ad (sz=24, trace=300000, class=java.lang.String@5000016e)
	value		500021b4
OBJ 500021ae (sz=24, trace=300184, class=java.lang.String@5000016e)
	value		500021af
ARR 500021af (sz=120, trace=300185, nelems=60, elem type=char[])
OBJ 500021b0 (sz=64, trace=300186, class=java.net.URL@50000119)
	protocol	50000de1
	host		5000059a
	file		500021ae
	authority	5000059a
	path		500021ae
	handler		500020db
OBJ 500021b1 (sz=24, trace=300000, class=java.lang.String@5000016e)
	value		500021b3
OBJ 500021b2 (sz=56, trace=300188, class=sun.misc.URLClassPath$JarLoader@5000025a)
	base		500021b0
	csu		5000207d
	metaIndex	50001ee4
	handler		500020db
	lmap		500020d4
ARR 500021b3 (sz=60, trace=300000, nelems=30, elem type=char[])
ARR 500021b4 (sz=22, trace=300000, nelems=11, elem type=char[])
OBJ 500021b5 (sz=24, trace=300000, class=java.lang.String@5000016e)
	value		500021b8
OBJ 500021b6 (sz=24, trace=300000, class=java.lang.String@5000016e)
	value		500021b7
ARR 500021b7 (sz=88, trace=300000, nelems=44, elem type=char[])
ARR 500021b8 (sz=96, trace=300000, nelems=48, elem type=char[])
OBJ 500021b9 (sz=24, trace=300000, class=java.lang.String@5000016e)
	value		500021bc
OBJ 500021ba (sz=24, trace=300000, class=java.lang.String@5000016e)
	value		500021bb
ARR 500021bb (sz=92, trace=300000, nelems=46, elem type=char[])
ARR 500021bc (sz=242, trace=300000, nelems=121, elem type=char[])
OBJ 500021bd (sz=24, trace=300000, class=java.lang.String@5000016e)
	value		500021c0
OBJ 500021be (sz=24, trace=300000, class=java.lang.String@5000016e)
	value		500021bf
ARR 500021bf (sz=76, trace=300000, nelems=38, elem type=char[])
ARR 500021c0 (sz=74, trace=300000, nelems=37, elem type=char[])
OBJ 500021c1 (sz=24, trace=300000, class=java.lang.String@5000016e)
	value		500021c4
OBJ 500021c2 (sz=24, trace=300000, class=java.lang.String@5000016e)
	value		500021c3
ARR 500021c3 (sz=96, trace=300000, nelems=48, elem type=char[])
ARR 500021c4 (sz=176, trace=300000, nelems=88, elem type=char[])
OBJ 500021c5 (sz=24, trace=300000, class=java.lang.String@5000016e)
	value		500021c9
OBJ 500021c6 (sz=24, trace=300000, class=java.lang.String@5000016e)
	value		500021c8
OBJ 500021c7 (sz=32, trace=300221, class=java.util.HashMap$Node@500000c4)
	key		500021a3
	value		500021b2
ARR 500021c8 (sz=60, trace=300000, nelems=30, elem type=char[])
ARR 500021c9 (sz=50, trace=300000, nelems=25, elem type=char[])
OBJ 500021ca (sz=24, trace=300000, class=java.lang.String@5000016e)
	value		500021cf
OBJ 500021cb (sz=24, trace=300170, class=java.lang.String@5000016e)
	value		500021cc
ARR 500021cc (sz=130, trace=300171, nelems=65, elem type=char[])
OBJ 500021cd (sz=24, trace=300000, class=java.lang.String@5000016e)
	value		500021ce
ARR 500021ce (sz=72, trace=300000, nelems=36, elem type=char[])
ARR 500021cf (sz=98, trace=300000, nelems=49, elem type=char[])
OBJ 500021d0 (sz=24, trace=300000, class=java.lang.String@5000016e)
	value		500021d3
OBJ 500021d1 (sz=24, trace=300000, class=java.lang.String@5000016e)
	value		500021d2
ARR 500021d2 (sz=106, trace=300000, nelems=53, elem type=char[])
ARR 500021d3 (sz=108, trace=300000, nelems=54, elem type=char[])
OBJ 500021d4 (sz=24, trace=300000, class=java.lang.String@5000016e)
	value		500021db
OBJ 500021d5 (sz=24, trace=300000, class=java.lang.String@5000016e)
	value		500021d9
OBJ 500021d6 (sz=24, trace=300184, class=java.lang.String@5000016e)
	value		500021d7
ARR 500021d7 (sz=130, trace=300185, nelems=65, elem type=char[])
OBJ 500021d8 (sz=64, trace=300186, class=java.net.URL@50000119)
	protocol	50000de1
	host		5000059a
	file		500021d6
	authority	5000059a
	path		500021d6
	handler		500020db
ARR 500021d9 (sz=112, trace=300000, nelems=56, elem type=char[])
OBJ 500021da (sz=56, trace=300188, class=sun.misc.URLClassPath$JarLoader@5000025a)
	base		500021d8
	csu		5000209b
	metaIndex	50001ecd
	handler		500020db
	lmap		500020d4
ARR 500021db (sz=106, trace=300000, nelems=53, elem type=char[])
OBJ 500021dc (sz=24, trace=300000, class=java.lang.String@5000016e)
	value		500021df
OBJ 500021dd (sz=24, trace=300000, class=java.lang.String@5000016e)
	value		500021de
ARR 500021de (sz=64, trace=300000, nelems=32, elem type=char[])
ARR 500021df (sz=40, trace=300000, nelems=20, elem type=char[])
OBJ 500021e0 (sz=24, trace=300000, class=java.lang.String@5000016e)
	value		500021e3
OBJ 500021e1 (sz=24, trace=300000, class=java.lang.String@5000016e)
	value		500021e2
ARR 500021e2 (sz=64, trace=300000, nelems=32, elem type=char[])
ARR 500021e3 (sz=70, trace=300000, nelems=35, elem type=char[])
OBJ 500021e4 (sz=24, trace=300000, class=java.lang.String@5000016e)
	value		500021e7
OBJ 500021e5 (sz=24, trace=300000, class=java.lang.String@5000016e)
	value		500021e6
ARR 500021e6 (sz=90, trace=300000, nelems=45, elem type=char[])
ARR 500021e7 (sz=80, trace=300000, nelems=40, elem type=char[])
OBJ 500021e8 (sz=24, trace=300000, class=java.lang.String@5000016e)
	value		500021eb
OBJ 500021e9 (sz=24, trace=300000, class=java.lang.String@5000016e)
	value		500021ea
ARR 500021ea (sz=50, trace=300000, nelems=25, elem type=char[])
ARR 500021eb (sz=18, trace=300000, nelems=9, elem type=char[])
OBJ 500021ec (sz=24, trace=300000, class=java.lang.String@5000016e)
	value		500021f0
OBJ 500021ed (sz=24, trace=300000, class=java.lang.String@5000016e)
	value		500021ee
ARR 500021ee (sz=76, trace=300000, nelems=38, elem type=char[])
OBJ 500021ef (sz=32, trace=300221, class=java.util.HashMap$Node@500000c4)
	key		500021cb
	value		500021da
ARR 500021f0 (sz=58, trace=300000, nelems=29, elem type=char[])
OBJ 500021f1 (sz=24, trace=300000, class=java.lang.String@5000016e)
	value		500021f6
OBJ 500021f2 (sz=24, trace=300000, class=java.lang.String@5000016e)
	value		500021f5
OBJ 500021f3 (sz=24, trace=300170, class=java.lang.String@5000016e)
	value		500021f4
ARR 500021f4 (sz=120, trace=300171, nelems=60, elem type=char[])
ARR 500021f5 (sz=116, trace=300000, nelems=58, elem type=char[])
ARR 500021f6 (sz=96, trace=300000, nelems=48, elem type=char[])
OBJ 500021f7 (sz=24, trace=300000, class=java.lang.String@5000016e)
	value		500021fa
OBJ 500021f8 (sz=24, trace=300000, class=java.lang.String@5000016e)
	value		500021f9
ARR 500021f9 (sz=102, trace=300000, nelems=51, elem type=char[])
ARR 500021fa (sz=118, trace=300000, nelems=59, elem type=char[])
OBJ 500021fb (sz=24, trace=300000, class=java.lang.String@5000016e)
	value		50002201
OBJ 500021fc (sz=24, trace=300000, class=java.lang.String@5000016e)
	value		500021fd
ARR 500021fd (sz=64, trace=300000, nelems=32, elem type=char[])
OBJ 500021fe (sz=24, trace=300184, class=java.lang.String@5000016e)
	value		500021ff
ARR 500021ff (sz=120, trace=300185, nelems=60, elem type=char[])
OBJ 50002200 (sz=64, trace=300186, class=java.net.URL@50000119)
	protocol	50000de1
	host		5000059a
	file		500021fe
	authority	5000059a
	path		500021fe
	handler		500020db
ARR 50002201 (sz=22, trace=300000, nelems=11, elem type=char[])
OBJ 50002202 (sz=56, trace=300188, class=sun.misc.URLClassPath$JarLoader@5000025a)
	base		50002200
	csu		500020ba
	metaIndex	50001ef8
	handler		500020db
	lmap		500020d4
OBJ 50002203 (sz=24, trace=300000, class=java.lang.String@5000016e)
	value		50002206
OBJ 50002204 (sz=24, trace=300000, class=java.lang.String@5000016e)
	value		50002205
ARR 50002205 (sz=78, trace=300000, nelems=39, elem type=char[])
ARR 50002206 (sz=230, trace=300000, nelems=115, elem type=char[])
OBJ 50002207 (sz=24, trace=300000, class=java.lang.String@5000016e)
	value		5000220a
OBJ 50002208 (sz=24, trace=300000, class=java.lang.String@5000016e)
	value		50002209
ARR 50002209 (sz=110, trace=300000, nelems=55, elem type=char[])
ARR 5000220a (sz=168, trace=300000, nelems=84, elem type=char[])
OBJ 5000220b (sz=24, trace=300000, class=java.lang.String@5000016e)
	value		5000220e
OBJ 5000220c (sz=24, trace=300000, class=java.lang.String@5000016e)
	value		5000220d
ARR 5000220d (sz=56, trace=300000, nelems=28, elem type=char[])
ARR 5000220e (sz=92, trace=300000, nelems=46, elem type=char[])
OBJ 5000220f (sz=24, trace=300000, class=java.lang.String@5000016e)
	value		50002212
OBJ 50002210 (sz=24, trace=300000, class=java.lang.String@5000016e)
	value		50002211
ARR 50002211 (sz=70, trace=300000, nelems=35, elem type=char[])
ARR 50002212 (sz=122, trace=300000, nelems=61, elem type=char[])
OBJ 50002213 (sz=24, trace=300000, class=java.lang.String@5000016e)
	value		50002216
OBJ 50002214 (sz=24, trace=300000, class=java.lang.String@5000016e)
	value		50002215
ARR 50002215 (sz=72, trace=300000, nelems=36, elem type=char[])
ARR 50002216 (sz=88, trace=300000, nelems=44, elem type=char[])
OBJ 50002217 (sz=32, trace=300221, class=java.util.HashMap$Node@500000c4)
	key		500021f3
	value		50002202
OBJ 50002218 (sz=24, trace=300000, class=java.lang.String@5000016e)
	value		5000221b
OBJ 50002219 (sz=24, trace=300000, class=java.lang.String@5000016e)
	value		5000221a
ARR 5000221a (sz=72, trace=300000, nelems=36, elem type=char[])
ARR 5000221b (sz=58, trace=300000, nelems=29, elem type=char[])
OBJ 5000221c (sz=24, trace=300000, class=java.lang.String@5000016e)
	value		5000221f
OBJ 5000221d (sz=24, trace=300000, class=java.lang.String@5000016e)
	value		5000221e
ARR 5000221e (sz=92, trace=300000, nelems=46, elem type=char[])
ARR 5000221f (sz=90, trace=300000, nelems=45, elem type=char[])
OBJ 50002220 (sz=24, trace=300000, class=java.lang.String@5000016e)
	value		50002223
OBJ 50002221 (sz=24, trace=300000, class=java.lang.String@5000016e)
	value		50002222
ARR 50002222 (sz=124, trace=300000, nelems=62, elem type=char[])
ARR 50002223 (sz=200, trace=300000, nelems=100, elem type=char[])
OBJ 50002224 (sz=24, trace=300000, class=java.lang.String@5000016e)
	value		50002227
OBJ 50002225 (sz=24, trace=300000, class=java.lang.String@5000016e)
	value		50002226
ARR 50002226 (sz=92, trace=300000, nelems=46, elem type=char[])
ARR 50002227 (sz=174, trace=300000, nelems=87, elem type=char[])
OBJ 50002228 (sz=24, trace=300000, class=java.lang.String@5000016e)
	value		5000222b
OBJ 50002229 (sz=24, trace=300000, class=java.lang.String@5000016e)
	value		5000222a
ARR 5000222a (sz=72, trace=300000, nelems=36, elem type=char[])
ARR 5000222b (sz=52, trace=300000, nelems=26, elem type=char[])
OBJ 5000222c (sz=24, trace=300000, class=java.lang.String@5000016e)
	value		5000222f
OBJ 5000222d (sz=24, trace=300000, class=java.lang.String@5000016e)
	value		5000222e
ARR 5000222e (sz=36, trace=300000, nelems=18, elem type=char[])
ARR 5000222f (sz=12, trace=300000, nelems=6, elem type=char[])
OBJ 50002230 (sz=24, trace=300000, class=java.lang.String@5000016e)
	value		50002233
OBJ 50002231 (sz=24, trace=300000, class=java.lang.String@5000016e)
	value		50002232
ARR 50002232 (sz=86, trace=300000, nelems=43, elem type=char[])
ARR 50002233 (sz=100, trace=300000, nelems=50, elem type=char[])
OBJ 50002234 (sz=24, trace=300000, class=java.lang.String@5000016e)
	value		50002237
OBJ 50002235 (sz=24, trace=300000, class=java.lang.String@5000016e)
	value		50002236
ARR 50002236 (sz=58, trace=300000, nelems=29, elem type=char[])
ARR 50002237 (sz=30, trace=300000, nelems=15, elem type=char[])
OBJ 50002238 (sz=24, trace=300000, class=java.lang.String@5000016e)
	value		5000223b
OBJ 50002239 (sz=24, trace=300000, class=java.lang.String@5000016e)
	value		5000223a
ARR 5000223a (sz=70, trace=300000, nelems=35, elem type=char[])
ARR 5000223b (sz=52, trace=300000, nelems=26, elem type=char[])
OBJ 5000223c (sz=24, trace=300000, class=java.lang.String@5000016e)
	value		5000223d
ARR 5000223d (sz=100, trace=300000, nelems=50, elem type=char[])
OBJ 5000223e (sz=24, trace=300000, class=java.lang.String@5000016e)
	value		50002241
OBJ 5000223f (sz=24, trace=300000, class=java.lang.String@5000016e)
	value		50002240
ARR 50002240 (sz=62, trace=300000, nelems=31, elem type=char[])
ARR 50002241 (sz=244, trace=300000, nelems=122, elem type=char[])
OBJ 50002242 (sz=24, trace=300000, class=java.lang.String@5000016e)
	value		50002245
OBJ 50002243 (sz=24, trace=300000, class=java.lang.String@5000016e)
	value		50002244
ARR 50002244 (sz=86, trace=300000, nelems=43, elem type=char[])
ARR 50002245 (sz=212, trace=300000, nelems=106, elem type=char[])
OBJ 50002246 (sz=24, trace=300000, class=java.lang.String@5000016e)
	value		50002247
ARR 50002247 (sz=66, trace=300000, nelems=33, elem type=char[])
OBJ 50002248 (sz=24, trace=300000, class=java.lang.String@5000016e)
	value		5000224b
OBJ 50002249 (sz=24, trace=300000, class=java.lang.String@5000016e)
	value		5000224a
ARR 5000224a (sz=50, trace=300000, nelems=25, elem type=char[])
ARR 5000224b (sz=60, trace=300000, nelems=30, elem type=char[])
OBJ 5000224c (sz=24, trace=300000, class=java.lang.String@5000016e)
	value		5000224f
OBJ 5000224d (sz=24, trace=300000, class=java.lang.String@5000016e)
	value		5000224e
ARR 5000224e (sz=58, trace=300000, nelems=29, elem type=char[])
ARR 5000224f (sz=140, trace=300000, nelems=70, elem type=char[])
OBJ 50002250 (sz=24, trace=300000, class=java.lang.String@5000016e)
	value		50002253
OBJ 50002251 (sz=24, trace=300000, class=java.lang.String@5000016e)
	value		50002252
ARR 50002252 (sz=68, trace=300000, nelems=34, elem type=char[])
ARR 50002253 (sz=146, trace=300000, nelems=73, elem type=char[])
OBJ 50002254 (sz=24, trace=300000, class=java.lang.String@5000016e)
	value		50002258
OBJ 50002255 (sz=24, trace=300000, class=java.lang.String@5000016e)
	value		50002256
ARR 50002256 (sz=68, trace=300000, nelems=34, elem type=char[])
ARR 50002258 (sz=42, trace=300000, nelems=21, elem type=char[])
ARR 5000225a (sz=24, trace=300968, nelems=2, elem type=java.lang.String[]@500000c8)
	[0]		50001b65
	[1]		50002b06
OBJ 5000225b (sz=24, trace=300548, class=java.util.Arrays$ArrayList@50000715)
	a		5000225a
OBJ 5000225c (sz=24, trace=300969, class=java.util.Collections$UnmodifiableRandomAccessList@500000d3)
	c		5000225b
	list		5000225b
ARR 5000225d (sz=24, trace=300970, nelems=1, elem type=java.lang.String[]@500000c8)
	[0]		50001b65
OBJ 5000225e (sz=24, trace=300548, class=java.util.Arrays$ArrayList@50000715)
	a		5000225d
OBJ 5000225f (sz=24, trace=300969, class=java.util.Collections$UnmodifiableRandomAccessList@500000d3)
	c		5000225e
	list		5000225e
ARR 50002260 (sz=24, trace=300971, nelems=1, elem type=java.lang.String[]@500000c8)
	[0]		50002b06
OBJ 50002261 (sz=24, trace=300548, class=java.util.Arrays$ArrayList@50000715)
	a		50002260
OBJ 50002262 (sz=24, trace=300969, class=java.util.Collections$UnmodifiableRandomAccessList@500000d3)
	c		50002261
	list		50002261
OBJ 50002263 (sz=16, trace=300972, class=java.util.ResourceBundle$Control@50002259)
OBJ 50002265 (sz=24, trace=300974, class=java.util.ResourceBundle$Control$CandidateListCache@50002264)
	map		50002268
	queue		50002266
OBJ 50002266 (sz=32, trace=300975, class=java.lang.ref.ReferenceQueue@5000014c)
	lock		50002267
OBJ 50002267 (sz=16, trace=300976, class=java.lang.ref.ReferenceQueue$Lock@500000d1)
OBJ 50002268 (sz=64, trace=300977, class=java.util.concurrent.ConcurrentHashMap@5000002b)
	table		50002282
OBJ 5000226a (sz=24, trace=300000, class=java.lang.String@5000016e)
	value		50002272
OBJ 5000226d (sz=24, trace=300000, class=java.lang.String@5000016e)
	value		50002271
OBJ 50002270 (sz=32, trace=300983, class=java.util.LinkedList@5000226f)
	first		50002278
	last		50002280
ARR 50002271 (sz=96, trace=300000, nelems=48, elem type=char[])
ARR 50002272 (sz=184, trace=300000, nelems=92, elem type=char[])
OBJ 50002273 (sz=24, trace=300000, class=java.lang.String@5000016e)
	value		50002276
OBJ 50002274 (sz=24, trace=300000, class=java.lang.String@5000016e)
	value		50002275
ARR 50002275 (sz=86, trace=300000, nelems=43, elem type=char[])
ARR 50002276 (sz=98, trace=300000, nelems=49, elem type=char[])
OBJ 50002278 (sz=24, trace=300991, class=java.util.LinkedList$Node@50002277)
	item		50000f06
	next		5000227f
OBJ 50002279 (sz=24, trace=300000, class=java.lang.String@5000016e)
	value		5000227c
OBJ 5000227a (sz=24, trace=300000, class=java.lang.String@5000016e)
	value		5000227b
ARR 5000227b (sz=46, trace=300000, nelems=23, elem type=char[])
ARR 5000227c (sz=56, trace=300000, nelems=28, elem type=char[])
OBJ 5000227d (sz=24, trace=300000, class=java.lang.String@5000016e)
	value		50002285
OBJ 5000227e (sz=24, trace=300000, class=java.lang.String@5000016e)
	value		50002284
OBJ 5000227f (sz=24, trace=300992, class=java.util.LinkedList$Node@50002277)
	item		5000059b
	next		50002280
	prev		50002278
OBJ 50002280 (sz=24, trace=300993, class=java.util.LinkedList$Node@50002277)
	item		50000f07
	prev		5000227f
OBJ 50002281 (sz=48, trace=300994, class=sun.util.locale.LocaleObjectCache$CacheEntry@50000019)
	referent	50002270
	queue		50002266
	key		5000100d
ARR 50002282 (sz=144, trace=300995, nelems=28, elem type=java.util.concurrent.ConcurrentHashMap$Node[]@50000023)
	[27]		50002283
OBJ 50002283 (sz=32, trace=300996, class=java.util.concurrent.ConcurrentHashMap$Node@50000024)
	key		5000100d
	val		50002281
ARR 50002284 (sz=70, trace=300000, nelems=35, elem type=char[])
ARR 50002285 (sz=58, trace=300000, nelems=29, elem type=char[])
OBJ 50002286 (sz=24, trace=300000, class=java.lang.String@5000016e)
	value		5000228d
OBJ 50002287 (sz=16, trace=300157, class=java.lang.Object@50000172)
OBJ 50002288 (sz=32, trace=300159, class=java.util.concurrent.ConcurrentHashMap$Node@50000024)
	key		50000c3f
	val		50002287
OBJ 50002289 (sz=16, trace=300160, class=java.lang.Object@50000172)
OBJ 5000228a (sz=32, trace=300159, class=java.util.concurrent.ConcurrentHashMap$Node@50000024)
	key		50000c3f
	val		50002289
OBJ 5000228b (sz=24, trace=300000, class=java.lang.String@5000016e)
	value		5000228c
ARR 5000228c (sz=78, trace=300000, nelems=39, elem type=char[])
ARR 5000228d (sz=98, trace=300000, nelems=49, elem type=char[])
OBJ 5000228e (sz=24, trace=300000, class=java.lang.String@5000016e)
	value		50002291
OBJ 5000228f (sz=24, trace=300000, class=java.lang.String@5000016e)
	value		50002290
ARR 50002290 (sz=58, trace=300000, nelems=29, elem type=char[])
ARR 50002291 (sz=46, trace=300000, nelems=23, elem type=char[])
OBJ 50002292 (sz=24, trace=300000, class=java.lang.String@5000016e)
	value		50002295
OBJ 50002293 (sz=24, trace=300000, class=java.lang.String@5000016e)
	value		50002294
ARR 50002294 (sz=76, trace=300000, nelems=38, elem type=char[])
ARR 50002295 (sz=64, trace=300000, nelems=32, elem type=char[])
OBJ 50002296 (sz=24, trace=300000, class=java.lang.String@5000016e)
	value		50002299
OBJ 50002297 (sz=24, trace=300000, class=java.lang.String@5000016e)
	value		50002298
ARR 50002298 (sz=68, trace=300000, nelems=34, elem type=char[])
ARR 50002299 (sz=60, trace=300000, nelems=30, elem type=char[])
OBJ 5000229a (sz=24, trace=300000, class=java.lang.String@5000016e)
	value		5000229d
OBJ 5000229b (sz=24, trace=300000, class=java.lang.String@5000016e)
	value		5000229c
ARR 5000229c (sz=58, trace=300000, nelems=29, elem type=char[])
ARR 5000229d (sz=12, trace=300000, nelems=6, elem type=char[])
OBJ 5000229e (sz=24, trace=300000, class=java.lang.String@5000016e)
	value		500022a1
OBJ 5000229f (sz=24, trace=300000, class=java.lang.String@5000016e)
	value		500022a0
ARR 500022a0 (sz=74, trace=300000, nelems=37, elem type=char[])
ARR 500022a1 (sz=94, trace=300000, nelems=47, elem type=char[])
OBJ 500022a2 (sz=24, trace=300000, class=java.lang.String@5000016e)
	value		500022a5
OBJ 500022a3 (sz=24, trace=300000, class=java.lang.String@5000016e)
	value		500022a4
ARR 500022a4 (sz=56, trace=300000, nelems=28, elem type=char[])
ARR 500022a5 (sz=36, trace=300000, nelems=18, elem type=char[])
OBJ 500022a6 (sz=24, trace=300000, class=java.lang.String@5000016e)
	value		500022a9
OBJ 500022a7 (sz=24, trace=300000, class=java.lang.String@5000016e)
	value		500022a8
ARR 500022a8 (sz=60, trace=300000, nelems=30, elem type=char[])
ARR 500022a9 (sz=14, trace=300000, nelems=7, elem type=char[])
OBJ 500022aa (sz=24, trace=300000, class=java.lang.String@5000016e)
	value		500022ad
OBJ 500022ab (sz=24, trace=300000, class=java.lang.String@5000016e)
	value		500022ac
ARR 500022ac (sz=96, trace=300000, nelems=48, elem type=char[])
ARR 500022ad (sz=120, trace=300000, nelems=60, elem type=char[])
OBJ 500022ae (sz=24, trace=300000, class=java.lang.String@5000016e)
	value		500022b1
OBJ 500022af (sz=24, trace=300000, class=java.lang.String@5000016e)
	value		500022b0
ARR 500022b0 (sz=64, trace=300000, nelems=32, elem type=char[])
ARR 500022b1 (sz=54, trace=300000, nelems=27, elem type=char[])
OBJ 500022b2 (sz=24, trace=300000, class=java.lang.String@5000016e)
	value		500022b5
OBJ 500022b3 (sz=24, trace=300000, class=java.lang.String@5000016e)
	value		500022b4
ARR 500022b4 (sz=92, trace=300000, nelems=46, elem type=char[])
ARR 500022b5 (sz=170, trace=300000, nelems=85, elem type=char[])
OBJ 500022b6 (sz=24, trace=300000, class=java.lang.String@5000016e)
	value		500022bb
OBJ 500022b7 (sz=24, trace=300369, class=java.lang.String@5000016e)
	value		500022b8
ARR 500022b8 (sz=58, trace=300370, nelems=29, elem type=char[])
OBJ 500022b9 (sz=24, trace=300000, class=java.lang.String@5000016e)
	value		500022ba
ARR 500022ba (sz=68, trace=300000, nelems=34, elem type=char[])
ARR 500022bb (sz=36, trace=300000, nelems=18, elem type=char[])
OBJ 500022bc (sz=24, trace=300000, class=java.lang.String@5000016e)
	value		500022bf
OBJ 500022bd (sz=24, trace=300000, class=java.lang.String@5000016e)
	value		500022be
ARR 500022be (sz=84, trace=300000, nelems=42, elem type=char[])
ARR 500022bf (sz=58, trace=300000, nelems=29, elem type=char[])
OBJ 500022c0 (sz=24, trace=300000, class=java.lang.String@5000016e)
	value		500022c3
OBJ 500022c1 (sz=24, trace=300000, class=java.lang.String@5000016e)
	value		500022c2
ARR 500022c2 (sz=58, trace=300000, nelems=29, elem type=char[])
ARR 500022c3 (sz=32, trace=300000, nelems=16, elem type=char[])
OBJ 500022c4 (sz=24, trace=300000, class=java.lang.String@5000016e)
	value		500022c9
OBJ 500022c5 (sz=56, trace=300443, class=java.lang.Package@500005db)
	pkgName		500022b7
	loader		500003b3
OBJ 500022c6 (sz=32, trace=300222, class=java.util.HashMap$Node@500000c4)
	key		500022b7
	value		500022c5
OBJ 500022c7 (sz=24, trace=300000, class=java.lang.String@5000016e)
	value		500022c8
ARR 500022c8 (sz=88, trace=300000, nelems=44, elem type=char[])
ARR 500022c9 (sz=136, trace=300000, nelems=68, elem type=char[])
OBJ 500022ca (sz=56, trace=300687, class=java.util.zip.ZipFile$ZipFileInputStream@5000055c)
	this$0		500004ec
OBJ 500022cb (sz=40, trace=300106, class=java.lang.ref.Finalizer@5000014d)
	referent	500022ca
	queue		500003a9
	next		500004ed
	prev		50000304
OBJ 500022cc (sz=24, trace=300000, class=java.lang.String@5000016e)
	value		500022cf
OBJ 500022cd (sz=24, trace=300000, class=java.lang.String@5000016e)
	value		500022ce
ARR 500022ce (sz=66, trace=300000, nelems=33, elem type=char[])
ARR 500022cf (sz=60, trace=300000, nelems=30, elem type=char[])
OBJ 500022d0 (sz=24, trace=300000, class=java.lang.String@5000016e)
	value		500022d3
OBJ 500022d1 (sz=24, trace=300000, class=java.lang.String@5000016e)
	value		500022d2
ARR 500022d2 (sz=86, trace=300000, nelems=43, elem type=char[])
ARR 500022d3 (sz=128, trace=300000, nelems=64, elem type=char[])
OBJ 500022d4 (sz=24, trace=300000, class=java.lang.String@5000016e)
	value		500022d7
OBJ 500022d5 (sz=24, trace=300000, class=java.lang.String@5000016e)
	value		500022d6
ARR 500022d6 (sz=140, trace=300000, nelems=70, elem type=char[])
ARR 500022d7 (sz=164, trace=300000, nelems=82, elem type=char[])
OBJ 500022d8 (sz=24, trace=300000, class=java.lang.String@5000016e)
	value		500022db
OBJ 500022d9 (sz=24, trace=300000, class=java.lang.String@5000016e)
	value		500022da
ARR 500022da (sz=58, trace=300000, nelems=29, elem type=char[])
ARR 500022db (sz=22, trace=300000, nelems=11, elem type=char[])
OBJ 500022dc (sz=24, trace=300000, class=java.lang.String@5000016e)
	value		500022df
OBJ 500022dd (sz=24, trace=300000, class=java.lang.String@5000016e)
	value		500022de
ARR 500022de (sz=88, trace=300000, nelems=44, elem type=char[])
ARR 500022df (sz=114, trace=300000, nelems=57, elem type=char[])
OBJ 500022e0 (sz=24, trace=300000, class=java.lang.String@5000016e)
	value		500022e3
OBJ 500022e1 (sz=24, trace=300000, class=java.lang.String@5000016e)
	value		500022e2
ARR 500022e2 (sz=84, trace=300000, nelems=42, elem type=char[])
ARR 500022e3 (sz=180, trace=300000, nelems=90, elem type=char[])
OBJ 500022e4 (sz=24, trace=300000, class=java.lang.String@5000016e)
	value		500022e7
OBJ 500022e5 (sz=24, trace=300000, class=java.lang.String@5000016e)
	value		500022e6
ARR 500022e6 (sz=52, trace=300000, nelems=26, elem type=char[])
ARR 500022e7 (sz=148, trace=300000, nelems=74, elem type=char[])
OBJ 500022e8 (sz=24, trace=300000, class=java.lang.String@5000016e)
	value		500022eb
OBJ 500022e9 (sz=24, trace=300000, class=java.lang.String@5000016e)
	value		500022ea
ARR 500022ea (sz=50, trace=300000, nelems=25, elem type=char[])
ARR 500022eb (sz=152, trace=300000, nelems=76, elem type=char[])
OBJ 500022ec (sz=24, trace=300000, class=java.lang.String@5000016e)
	value		500022ef
OBJ 500022ed (sz=24, trace=300000, class=java.lang.String@5000016e)
	value		500022ee
ARR 500022ee (sz=88, trace=300000, nelems=44, elem type=char[])
ARR 500022ef (sz=100, trace=300000, nelems=50, elem type=char[])
OBJ 500022f0 (sz=24, trace=300000, class=java.lang.String@5000016e)
	value		500022f3
OBJ 500022f1 (sz=24, trace=300000, class=java.lang.String@5000016e)
	value		500022f2
ARR 500022f2 (sz=98, trace=300000, nelems=49, elem type=char[])
ARR 500022f3 (sz=144, trace=300000, nelems=72, elem type=char[])
OBJ 500022f4 (sz=24, trace=300000, class=java.lang.String@5000016e)
	value		500022f7
OBJ 500022f5 (sz=24, trace=300000, class=java.lang.String@5000016e)
	value		500022f6
ARR 500022f6 (sz=78, trace=300000, nelems=39, elem type=char[])
ARR 500022f7 (sz=78, trace=300000, nelems=39, elem type=char[])
OBJ 500022f8 (sz=24, trace=300000, class=java.lang.String@5000016e)
	value		500022fb
OBJ 500022f9 (sz=24, trace=300000, class=java.lang.String@5000016e)
	value		500022fa
ARR 500022fa (sz=64, trace=300000, nelems=32, elem type=char[])
ARR 500022fb (sz=52, trace=300000, nelems=26, elem type=char[])
OBJ 500022fc (sz=24, trace=300000, class=java.lang.String@5000016e)
	value		500022ff
OBJ 500022fd (sz=24, trace=300000, class=java.lang.String@5000016e)
	value		500022fe
ARR 500022fe (sz=86, trace=300000, nelems=43, elem type=char[])
ARR 500022ff (sz=168, trace=300000, nelems=84, elem type=char[])
OBJ 50002300 (sz=24, trace=300000, class=java.lang.String@5000016e)
	value		50002303
OBJ 50002301 (sz=24, trace=300000, class=java.lang.String@5000016e)
	value		50002302
ARR 50002302 (sz=98, trace=300000, nelems=49, elem type=char[])
ARR 50002303 (sz=102, trace=300000, nelems=51, elem type=char[])
OBJ 50002304 (sz=24, trace=300000, class=java.lang.String@5000016e)
	value		50002307
OBJ 50002305 (sz=24, trace=300000, class=java.lang.String@5000016e)
	value		50002306
ARR 50002306 (sz=90, trace=300000, nelems=45, elem type=char[])
ARR 50002307 (sz=106, trace=300000, nelems=53, elem type=char[])
OBJ 50002308 (sz=24, trace=300000, class=java.lang.String@5000016e)
	value		5000230b
OBJ 50002309 (sz=24, trace=300000, class=java.lang.String@5000016e)
	value		5000230a
ARR 5000230a (sz=54, trace=300000, nelems=27, elem type=char[])
ARR 5000230b (sz=86, trace=300000, nelems=43, elem type=char[])
OBJ 5000230c (sz=24, trace=300000, class=java.lang.String@5000016e)
	value		5000230f
OBJ 5000230d (sz=24, trace=300000, class=java.lang.String@5000016e)
	value		5000230e
ARR 5000230e (sz=92, trace=300000, nelems=46, elem type=char[])
ARR 5000230f (sz=134, trace=300000, nelems=67, elem type=char[])
OBJ 50002310 (sz=24, trace=300000, class=java.lang.String@5000016e)
	value		50002313
OBJ 50002311 (sz=24, trace=300000, class=java.lang.String@5000016e)
	value		50002312
ARR 50002312 (sz=60, trace=300000, nelems=30, elem type=char[])
ARR 50002313 (sz=48, trace=300000, nelems=24, elem type=char[])
OBJ 50002314 (sz=24, trace=300000, class=java.lang.String@5000016e)
	value		50002317
OBJ 50002315 (sz=24, trace=300000, class=java.lang.String@5000016e)
	value		50002316
ARR 50002316 (sz=98, trace=300000, nelems=49, elem type=char[])
ARR 50002317 (sz=70, trace=300000, nelems=35, elem type=char[])
OBJ 50002318 (sz=24, trace=300000, class=java.lang.String@5000016e)
	value		5000231b
OBJ 50002319 (sz=24, trace=300000, class=java.lang.String@5000016e)
	value		5000231a
ARR 5000231a (sz=62, trace=300000, nelems=31, elem type=char[])
ARR 5000231b (sz=64, trace=300000, nelems=32, elem type=char[])
OBJ 5000231c (sz=24, trace=300000, class=java.lang.String@5000016e)
	value		5000231f
OBJ 5000231d (sz=24, trace=300000, class=java.lang.String@5000016e)
	value		5000231e
ARR 5000231e (sz=90, trace=300000, nelems=45, elem type=char[])
ARR 5000231f (sz=62, trace=300000, nelems=31, elem type=char[])
OBJ 50002320 (sz=24, trace=300000, class=java.lang.String@5000016e)
	value		50002323
OBJ 50002321 (sz=24, trace=300000, class=java.lang.String@5000016e)
	value		50002322
ARR 50002322 (sz=82, trace=300000, nelems=41, elem type=char[])
ARR 50002323 (sz=134, trace=300000, nelems=67, elem type=char[])
OBJ 50002324 (sz=24, trace=300000, class=java.lang.String@5000016e)
	value		50002327
OBJ 50002325 (sz=24, trace=300000, class=java.lang.String@5000016e)
	value		50002326
ARR 50002326 (sz=68, trace=300000, nelems=34, elem type=char[])
ARR 50002327 (sz=106, trace=300000, nelems=53, elem type=char[])
OBJ 50002328 (sz=24, trace=300000, class=java.lang.String@5000016e)
	value		5000232b
OBJ 50002329 (sz=24, trace=300000, class=java.lang.String@5000016e)
	value		5000232a
ARR 5000232a (sz=52, trace=300000, nelems=26, elem type=char[])
ARR 5000232b (sz=16, trace=300000, nelems=8, elem type=char[])
OBJ 5000232c (sz=24, trace=300000, class=java.lang.String@5000016e)
	value		5000232f
OBJ 5000232d (sz=24, trace=300000, class=java.lang.String@5000016e)
	value		5000232e
ARR 5000232e (sz=88, trace=300000, nelems=44, elem type=char[])
ARR 5000232f (sz=106, trace=300000, nelems=53, elem type=char[])
OBJ 50002330 (sz=24, trace=300000, class=java.lang.String@5000016e)
	value		50002333
OBJ 50002331 (sz=24, trace=300000, class=java.lang.String@5000016e)
	value		50002332
ARR 50002332 (sz=72, trace=300000, nelems=36, elem type=char[])
ARR 50002333 (sz=150, trace=300000, nelems=75, elem type=char[])
OBJ 50002334 (sz=24, trace=300000, class=java.lang.String@5000016e)
	value		50002337
OBJ 50002335 (sz=24, trace=300000, class=java.lang.String@5000016e)
	value		50002336
ARR 50002336 (sz=68, trace=300000, nelems=34, elem type=char[])
ARR 50002337 (sz=74, trace=300000, nelems=37, elem type=char[])
OBJ 50002338 (sz=24, trace=300000, class=java.lang.String@5000016e)
	value		5000233b
OBJ 50002339 (sz=24, trace=300000, class=java.lang.String@5000016e)
	value		5000233a
ARR 5000233a (sz=102, trace=300000, nelems=51, elem type=char[])
ARR 5000233b (sz=92, trace=300000, nelems=46, elem type=char[])
OBJ 5000233c (sz=24, trace=300000, class=java.lang.String@5000016e)
	value		5000233f
OBJ 5000233d (sz=24, trace=300000, class=java.lang.String@5000016e)
	value		5000233e
ARR 5000233e (sz=72, trace=300000, nelems=36, elem type=char[])
ARR 5000233f (sz=164, trace=300000, nelems=82, elem type=char[])
OBJ 50002340 (sz=24, trace=300000, class=java.lang.String@5000016e)
	value		50002343
OBJ 50002341 (sz=24, trace=300000, class=java.lang.String@5000016e)
	value		50002342
ARR 50002342 (sz=80, trace=300000, nelems=40, elem type=char[])
ARR 50002343 (sz=70, trace=300000, nelems=35, elem type=char[])
OBJ 50002344 (sz=24, trace=300000, class=java.lang.String@5000016e)
	value		50002347
OBJ 50002345 (sz=24, trace=300000, class=java.lang.String@5000016e)
	value		50002346
ARR 50002346 (sz=58, trace=300000, nelems=29, elem type=char[])
ARR 50002347 (sz=42, trace=300000, nelems=21, elem type=char[])
OBJ 50002348 (sz=24, trace=300000, class=java.lang.String@5000016e)
	value		5000234b
OBJ 50002349 (sz=24, trace=300000, class=java.lang.String@5000016e)
	value		5000234a
ARR 5000234a (sz=80, trace=300000, nelems=40, elem type=char[])
ARR 5000234b (sz=78, trace=300000, nelems=39, elem type=char[])
OBJ 5000234c (sz=24, trace=300000, class=java.lang.String@5000016e)
	value		5000234f
OBJ 5000234d (sz=24, trace=300000, class=java.lang.String@5000016e)
	value		5000234e
ARR 5000234e (sz=70, trace=300000, nelems=35, elem type=char[])
ARR 5000234f (sz=66, trace=300000, nelems=33, elem type=char[])
OBJ 50002350 (sz=24, trace=300000, class=java.lang.String@5000016e)
	value		50002353
OBJ 50002351 (sz=24, trace=300000, class=java.lang.String@5000016e)
	value		50002352
ARR 50002352 (sz=76, trace=300000, nelems=38, elem type=char[])
ARR 50002353 (sz=74, trace=300000, nelems=37, elem type=char[])
OBJ 50002354 (sz=24, trace=300000, class=java.lang.String@5000016e)
	value		50002357
OBJ 50002355 (sz=24, trace=300000, class=java.lang.String@5000016e)
	value		50002356
ARR 50002356 (sz=72, trace=300000, nelems=36, elem type=char[])
ARR 50002357 (sz=28, trace=300000, nelems=14, elem type=char[])
OBJ 50002358 (sz=24, trace=300000, class=java.lang.String@5000016e)
	value		5000235b
OBJ 50002359 (sz=24, trace=300000, class=java.lang.String@5000016e)
	value		5000235a
ARR 5000235a (sz=108, trace=300000, nelems=54, elem type=char[])
ARR 5000235b (sz=208, trace=300000, nelems=104, elem type=char[])
OBJ 5000235c (sz=24, trace=300000, class=java.lang.String@5000016e)
	value		5000235f
OBJ 5000235d (sz=24, trace=300000, class=java.lang.String@5000016e)
	value		5000235e
ARR 5000235e (sz=78, trace=300000, nelems=39, elem type=char[])
ARR 5000235f (sz=84, trace=300000, nelems=42, elem type=char[])
OBJ 50002360 (sz=24, trace=300000, class=java.lang.String@5000016e)
	value		50002363
OBJ 50002361 (sz=24, trace=300000, class=java.lang.String@5000016e)
	value		50002362
ARR 50002362 (sz=72, trace=300000, nelems=36, elem type=char[])
ARR 50002363 (sz=136, trace=300000, nelems=68, elem type=char[])
OBJ 50002364 (sz=24, trace=300000, class=java.lang.String@5000016e)
	value		50002367
OBJ 50002365 (sz=24, trace=300000, class=java.lang.String@5000016e)
	value		50002366
ARR 50002366 (sz=74, trace=300000, nelems=37, elem type=char[])
ARR 50002367 (sz=76, trace=300000, nelems=38, elem type=char[])
OBJ 50002368 (sz=24, trace=300000, class=java.lang.String@5000016e)
	value		5000236b
OBJ 50002369 (sz=24, trace=300000, class=java.lang.String@5000016e)
	value		5000236a
ARR 5000236a (sz=88, trace=300000, nelems=44, elem type=char[])
ARR 5000236b (sz=102, trace=300000, nelems=51, elem type=char[])
OBJ 5000236c (sz=24, trace=300000, class=java.lang.String@5000016e)
	value		5000236f
OBJ 5000236d (sz=24, trace=300000, class=java.lang.String@5000016e)
	value		5000236e
ARR 5000236e (sz=82, trace=300000, nelems=41, elem type=char[])
ARR 5000236f (sz=172, trace=300000, nelems=86, elem type=char[])
OBJ 50002370 (sz=24, trace=300000, class=java.lang.String@5000016e)
	value		50002373
OBJ 50002371 (sz=24, trace=300000, class=java.lang.String@5000016e)
	value		50002372
ARR 50002372 (sz=62, trace=300000, nelems=31, elem type=char[])
ARR 50002373 (sz=36, trace=300000, nelems=18, elem type=char[])
OBJ 50002374 (sz=24, trace=300000, class=java.lang.String@5000016e)
	value		50002377
OBJ 50002375 (sz=24, trace=300000, class=java.lang.String@5000016e)
	value		50002376
ARR 50002376 (sz=112, trace=300000, nelems=56, elem type=char[])
ARR 50002377 (sz=236, trace=300000, nelems=118, elem type=char[])
OBJ 50002378 (sz=24, trace=300000, class=java.lang.String@5000016e)
	value		5000237b
OBJ 50002379 (sz=24, trace=300000, class=java.lang.String@5000016e)
	value		5000237a
ARR 5000237a (sz=48, trace=300000, nelems=24, elem type=char[])
ARR 5000237b (sz=38, trace=300000, nelems=19, elem type=char[])
OBJ 5000237c (sz=24, trace=300000, class=java.lang.String@5000016e)
	value		5000237f
OBJ 5000237d (sz=24, trace=300000, class=java.lang.String@5000016e)
	value		5000237e
ARR 5000237e (sz=42, trace=300000, nelems=21, elem type=char[])
ARR 5000237f (sz=18, trace=300000, nelems=9, elem type=char[])
OBJ 50002380 (sz=24, trace=300000, class=java.lang.String@5000016e)
	value		50002383
OBJ 50002381 (sz=24, trace=300000, class=java.lang.String@5000016e)
	value		50002382
ARR 50002382 (sz=44, trace=300000, nelems=22, elem type=char[])
ARR 50002383 (sz=98, trace=300000, nelems=49, elem type=char[])
OBJ 50002384 (sz=24, trace=300000, class=java.lang.String@5000016e)
	value		50002387
OBJ 50002385 (sz=24, trace=300000, class=java.lang.String@5000016e)
	value		50002386
ARR 50002386 (sz=56, trace=300000, nelems=28, elem type=char[])
ARR 50002387 (sz=46, trace=300000, nelems=23, elem type=char[])
OBJ 50002388 (sz=24, trace=300000, class=java.lang.String@5000016e)
	value		5000238b
OBJ 50002389 (sz=24, trace=300000, class=java.lang.String@5000016e)
	value		5000238a
ARR 5000238a (sz=66, trace=300000, nelems=33, elem type=char[])
ARR 5000238b (sz=102, trace=300000, nelems=51, elem type=char[])
OBJ 5000238c (sz=24, trace=300000, class=java.lang.String@5000016e)
	value		5000238f
OBJ 5000238d (sz=24, trace=300000, class=java.lang.String@5000016e)
	value		5000238e
ARR 5000238e (sz=74, trace=300000, nelems=37, elem type=char[])
ARR 5000238f (sz=86, trace=300000, nelems=43, elem type=char[])
OBJ 50002390 (sz=24, trace=300000, class=java.lang.String@5000016e)
	value		50002393
OBJ 50002391 (sz=24, trace=300000, class=java.lang.String@5000016e)
	value		50002392
ARR 50002392 (sz=102, trace=300000, nelems=51, elem type=char[])
ARR 50002393 (sz=100, trace=300000, nelems=50, elem type=char[])
OBJ 50002394 (sz=24, trace=300000, class=java.lang.String@5000016e)
	value		50002397
OBJ 50002395 (sz=24, trace=300000, class=java.lang.String@5000016e)
	value		50002396
ARR 50002396 (sz=80, trace=300000, nelems=40, elem type=char[])
ARR 50002397 (sz=112, trace=300000, nelems=56, elem type=char[])
OBJ 50002398 (sz=24, trace=300000, class=java.lang.String@5000016e)
	value		5000239b
OBJ 50002399 (sz=24, trace=300000, class=java.lang.String@5000016e)
	value		5000239a
ARR 5000239a (sz=68, trace=300000, nelems=34, elem type=char[])
ARR 5000239b (sz=56, trace=300000, nelems=28, elem type=char[])
OBJ 5000239c (sz=24, trace=300000, class=java.lang.String@5000016e)
	value		5000239f
OBJ 5000239d (sz=24, trace=300000, class=java.lang.String@5000016e)
	value		5000239e
ARR 5000239e (sz=58, trace=300000, nelems=29, elem type=char[])
ARR 5000239f (sz=26, trace=300000, nelems=13, elem type=char[])
OBJ 500023a0 (sz=24, trace=300000, class=java.lang.String@5000016e)
	value		500023a3
OBJ 500023a1 (sz=24, trace=300000, class=java.lang.String@5000016e)
	value		500023a2
ARR 500023a2 (sz=68, trace=300000, nelems=34, elem type=char[])
ARR 500023a3 (sz=88, trace=300000, nelems=44, elem type=char[])
OBJ 500023a4 (sz=24, trace=300000, class=java.lang.String@5000016e)
	value		500023a7
OBJ 500023a5 (sz=24, trace=300000, class=java.lang.String@5000016e)
	value		500023a6
ARR 500023a6 (sz=64, trace=300000, nelems=32, elem type=char[])
ARR 500023a7 (sz=46, trace=300000, nelems=23, elem type=char[])
OBJ 500023a8 (sz=24, trace=300000, class=java.lang.String@5000016e)
	value		500023ab
OBJ 500023a9 (sz=24, trace=300000, class=java.lang.String@5000016e)
	value		500023aa
ARR 500023aa (sz=48, trace=300000, nelems=24, elem type=char[])
ARR 500023ab (sz=100, trace=300000, nelems=50, elem type=char[])
OBJ 500023ac (sz=24, trace=300000, class=java.lang.String@5000016e)
	value		500023af
OBJ 500023ad (sz=24, trace=300000, class=java.lang.String@5000016e)
	value		500023ae
ARR 500023ae (sz=106, trace=300000, nelems=53, elem type=char[])
ARR 500023af (sz=136, trace=300000, nelems=68, elem type=char[])
OBJ 500023b0 (sz=24, trace=300000, class=java.lang.String@5000016e)
	value		5000261c
OBJ 500023b1 (sz=48, trace=301119, class=java.util.HashMap@500000c6)
	table		500023b2
ARR 500023b2 (sz=4112, trace=301120, nelems=1021, elem type=java.util.HashMap$Node[]@500000c2)
	[2]		50002419
	[8]		50002565
	[12]		500024f9
	[13]		5000253d
	[15]		50002420
	[16]		5000247e
	[18]		50002453
	[19]		500023ba
	[20]		50002580
	[26]		500024cb
	[30]		5000252a
	[32]		5000250c
	[34]		50002466
	[37]		500024d7
	[38]		500023d9
	[45]		50002512
	[46]		50002450
	[47]		5000250d
	[48]		500023ef
	[51]		500024e8
	[56]		50002587
	[58]		5000249e
	[59]		50002412
	[62]		50002616
	[63]		50002526
	[65]		50002496
	[67]		5000240d
	[69]		5000241f
	[71]		500023ea
	[72]		500024a1
	[73]		500023f8
	[76]		50002590
	[78]		500024ad
	[81]		50002409
	[82]		500025f6
	[84]		500024e2
	[88]		500025be
	[93]		50002487
	[94]		50002471
	[97]		5000243c
	[99]		50002478
	[100]		50002528
	[104]		5000255f
	[105]		50002475
	[108]		500025c6
	[110]		500023f7
	[111]		50002451
	[112]		50002519
	[114]		50002558
	[117]		5000257f
	[120]		500023b9
	[121]		500024ab
	[124]		50002414
	[125]		500024ca
	[128]		50002416
	[132]		50002538
	[135]		50002463
	[137]		5000251b
	[138]		5000241c
	[142]		50002467
	[146]		5000241a
	[148]		5000255b
	[149]		500025ec
	[150]		50002458
	[153]		500025e4
	[154]		5000248b
	[155]		500023cf
	[156]		50002505
	[157]		50002438
	[161]		50002498
	[162]		500024f6
	[163]		500025ae
	[165]		50002539
	[168]		500023e9
	[170]		50002520
	[172]		500023be
	[174]		500023fd
	[176]		5000245b
	[177]		50002517
	[181]		500024f8
	[182]		50002486
	[184]		5000260f
	[187]		500024c3
	[189]		50002531
	[190]		50002403
	[192]		50002417
	[195]		50002472
	[198]		500024e6
	[202]		5000251d
	[204]		50002533
	[209]		500025a7
	[210]		50002612
	[214]		500024fa
	[215]		5000247a
	[218]		500025d5
	[220]		500024c2
	[222]		500025a6
	[223]		5000242f
	[225]		500023d7
	[228]		500025c3
	[232]		500024ff
	[234]		50002582
	[235]		500024e9
	[236]		50002529
	[239]		50002599
	[242]		5000241b
	[244]		50002497
	[247]		500024a5
	[249]		50002566
	[252]		5000249d
	[253]		500024ea
	[259]		50002503
	[262]		5000246a
	[264]		500023c1
	[265]		50002546
	[269]		50002557
	[270]		50002584
	[271]		50002617
	[279]		50002455
	[280]		500024d1
	[281]		500023e4
	[282]		50002607
	[283]		500024c6
	[284]		50002434
	[290]		500025e7
	[293]		500024cc
	[296]		50002593
	[297]		5000240b
	[298]		50002421
	[301]		50002440
	[304]		500025cb
	[305]		50002501
	[306]		500025a3
	[307]		5000253b
	[310]		50002489
	[313]		5000248c
	[321]		50002459
	[322]		500025d9
	[324]		50002425
	[325]		500024a7
	[327]		500024cf
	[328]		500023c3
	[331]		500023dc
	[332]		5000247b
	[335]		500023cd
	[337]		50002532
	[340]		50002443
	[341]		500024e3
	[342]		500023ce
	[343]		500023ff
	[344]		50002411
	[346]		5000244e
	[348]		500024b8
	[349]		50002449
	[350]		5000246f
	[353]		500024a2
	[356]		5000243d
	[357]		5000258b
	[363]		5000249f
	[364]		50002480
	[365]		50002479
	[367]		50002603
	[370]		500025db
	[372]		500024a3
	[373]		50002600
	[374]		500024f3
	[375]		50002521
	[377]		5000260a
	[378]		500025fc
	[379]		50002518
	[380]		50002548
	[390]		500023fc
	[391]		50002424
	[395]		5000245c
	[397]		500023b7
	[398]		5000244a
	[399]		50002474
	[401]		500025d7
	[402]		500023d0
	[403]		50002511
	[404]		5000256e
	[406]		500024bb
	[409]		5000248a
	[412]		50002502
	[415]		5000251f
	[416]		500025de
	[417]		5000243e
	[421]		50002596
	[422]		500025dc
	[424]		500025f9
	[425]		50002457
	[438]		50002415
	[439]		50002602
	[441]		50002619
	[447]		500024c4
	[449]		500024b9
	[451]		50002608
	[454]		500024b0
	[455]		5000247c
	[460]		50002585
	[461]		50002433
	[462]		500023de
	[467]		500024bc
	[470]		5000244d
	[471]		500024c1
	[473]		50002423
	[474]		500025ba
	[475]		50002576
	[477]		500023ed
	[479]		5000258f
	[482]		500023f5
	[484]		50002448
	[485]		5000253f
	[486]		500024f7
	[487]		50002537
	[489]		500023d3
	[490]		500024b6
	[493]		5000252e
	[494]		5000256f
	[495]		500025cc
	[496]		500023f2
	[498]		500025d8
	[499]		5000240a
	[500]		500024d9
	[502]		500024b3
	[509]		5000254b
	[511]		50002429
	[512]		50002549
	[514]		5000249a
	[515]		5000254a
	[516]		500024b5
	[518]		500024da
	[520]		5000253e
	[521]		50002477
	[523]		50002485
	[529]		50002442
	[530]		50002476
	[531]		50002469
	[535]		500025a8
	[537]		5000246c
	[540]		500024c8
	[541]		50002493
	[543]		50002583
	[545]		500024f5
	[547]		500025b9
	[553]		50002410
	[554]		500023e1
	[555]		500025f3
	[558]		50002491
	[560]		500025ce
	[561]		50002431
	[563]		5000259e
	[565]		5000246b
	[566]		500023f6
	[571]		50002515
	[573]		50002530
	[574]		5000259c
	[576]		50002461
	[577]		500023eb
	[579]		500025ea
	[583]		500023ee
	[584]		5000244b
	[586]		50002482
	[588]		5000252c
	[589]		50002579
	[591]		500023bf
	[593]		5000252f
	[594]		50002402
	[596]		50002597
	[598]		50002563
	[608]		500025ff
	[610]		50002439
	[612]		500023d2
	[615]		50002588
	[619]		50002452
	[621]		500024a0
	[623]		500023fa
	[631]		50002484
	[632]		500023d8
	[634]		50002499
	[639]		50002543
	[640]		500024c9
	[641]		500023c8
	[642]		50002473
	[643]		500023b6
	[644]		500025a9
	[646]		5000240c
	[647]		500025d0
	[648]		5000258c
	[649]		500024ac
	[650]		500024f4
	[651]		50002510
	[655]		50002513
	[656]		50002527
	[658]		500025aa
	[659]		50002436
	[661]		5000255a
	[663]		50002545
	[664]		50002542
	[667]		5000249c
	[668]		500023bd
	[671]		500024d8
	[673]		500023fb
	[674]		5000256b
	[677]		50002562
	[681]		500024fb
	[682]		50002536
	[684]		50002435
	[689]		500023c9
	[693]		5000256d
	[694]		50002589
	[695]		50002594
	[696]		500025fb
	[697]		50002540
	[700]		500025d2
	[701]		50002575
	[703]		50002447
	[704]		500025e2
	[709]		50002577
	[710]		500024db
	[712]		50002522
	[714]		5000245e
	[715]		50002446
	[719]		50002601
	[720]		500023c2
	[723]		50002606
	[729]		50002430
	[730]		500025c5
	[731]		50002525
	[734]		5000244f
	[735]		5000242a
	[743]		500023da
	[744]		500023b4
	[745]		500025cd
	[746]		500023d6
	[747]		50002509
	[750]		50002407
	[751]		500023e7
	[752]		50002462
	[754]		50002586
	[758]		500025fa
	[759]		500023e5
	[760]		50002556
	[761]		500025f4
	[765]		50002506
	[769]		50002456
	[770]		500023f4
	[771]		5000240f
	[773]		50002470
	[774]		500025b4
	[780]		500023ca
	[781]		50002495
	[783]		5000245d
	[787]		500023cb
	[788]		500023f1
	[789]		50002551
	[791]		500023bc
	[794]		500023c6
	[795]		50002427
	[799]		500023b5
	[800]		500024a8
	[801]		5000243b
	[803]		500023df
	[804]		5000244c
	[806]		500025c9
	[811]		500025e6
	[812]		5000251c
	[813]		500024e5
	[817]		5000250a
	[818]		500024c7
	[820]		50002508
	[825]		500025ab
	[827]		500023e3
	[831]		5000253c
	[835]		500023c0
	[838]		500023e6
	[841]		500024d5
	[843]		500025b3
	[852]		5000256c
	[853]		500023fe
	[854]		500024e4
	[856]		500023e8
	[860]		500025df
	[861]		50002444
	[862]		50002561
	[864]		500023db
	[867]		500024ec
	[868]		50002569
	[869]		500024ef
	[870]		5000246d
	[871]		50002464
	[872]		500024eb
	[875]		500024be
	[879]		500024dd
	[880]		500023f3
	[882]		500023cc
	[883]		500023c5
	[884]		500025cf
	[885]		500023f0
	[887]		5000246e
	[892]		50002492
	[895]		50002404
	[898]		50002437
	[901]		500025ef
	[904]		500025eb
	[907]		500025f5
	[909]		500025af
	[911]		500023b3
	[912]		5000242b
	[913]		50002406
	[916]		50002553
	[918]		500025ac
	[919]		500024bd
	[920]		500025da
	[923]		5000248e
	[926]		50002405
	[927]		500024dc
	[928]		50002441
	[929]		50002524
	[931]		5000259b
	[933]		500024aa
	[935]		5000240e
	[940]		500023c4
	[942]		500023d4
	[944]		500023f9
	[949]		5000243f
	[950]		500024d6
	[952]		50002465
	[953]		50002615
	[954]		500024e7
	[957]		50002570
	[958]		500023ec
	[962]		50002481
	[963]		50002573
	[964]		5000260e
	[965]		500023d1
	[966]		500023c7
	[967]		500025d4
	[972]		50002400
	[973]		500023e2
	[974]		5000241e
	[975]		5000250e
	[977]		500024f1
	[978]		50002581
	[979]		500025c0
	[980]		5000259d
	[981]		50002401
	[983]		5000242e
	[985]		5000251e
	[986]		50002422
	[990]		500024a4
	[991]		500024df
	[992]		500023b8
	[993]		50002418
	[996]		5000248f
	[1000]		500025d6
	[1003]		50002507
	[1005]		500024fd
	[1011]		500024a9
	[1013]		500024af
	[1015]		500025b6
	[1019]		500023d5
	[1020]		5000245f
OBJ 500023b3 (sz=32, trace=300221, class=java.util.HashMap$Node@500000c4)
	key		50001cea
	value		50001ce9
	next		500024ba
OBJ 500023b4 (sz=32, trace=300221, class=java.util.HashMap$Node@500000c4)
	key		50001fbe
	value		50001fbd
OBJ 500023b5 (sz=32, trace=300221, class=java.util.HashMap$Node@500000c4)
	key		50001e1f
	value		50001e1e
OBJ 500023b6 (sz=32, trace=300221, class=java.util.HashMap$Node@500000c4)
	key		50002133
	value		50002132
	next		5000259f
OBJ 500023b7 (sz=32, trace=300221, class=java.util.HashMap$Node@500000c4)
	key		500026be
	value		500026bd
OBJ 500023b8 (sz=32, trace=300221, class=java.util.HashMap$Node@500000c4)
	key		50001bac
	value		50001bab
	next		500025bf
OBJ 500023b9 (sz=32, trace=300221, class=java.util.HashMap$Node@500000c4)
	key		50002938
	value		50002937
OBJ 500023ba (sz=32, trace=300221, class=java.util.HashMap$Node@500000c4)
	key		500029fc
	value		500029fb
	next		500023bb
OBJ 500023bb (sz=32, trace=300222, class=java.util.HashMap$Node@500000c4)
	key		50002a00
	value		500029ff
	next		5000253a
OBJ 500023bc (sz=32, trace=300221, class=java.util.HashMap$Node@500000c4)
	key		50001e31
	value		50001e30
OBJ 500023bd (sz=32, trace=300221, class=java.util.HashMap$Node@500000c4)
	key		500020bb
	value		500020b7
	next		50002618
OBJ 500023be (sz=32, trace=300221, class=java.util.HashMap$Node@500000c4)
	key		500028b8
	value		500028b7
OBJ 500023bf (sz=32, trace=300221, class=java.util.HashMap$Node@500000c4)
	key		500021a6
	value		500021a5
	next		500025f8
OBJ 500023c0 (sz=32, trace=300221, class=java.util.HashMap$Node@500000c4)
	key		50001dae
	value		50001dad
	next		50002445
OBJ 500023c1 (sz=32, trace=300221, class=java.util.HashMap$Node@500000c4)
	key		500027ee
	value		500027ed
	next		500024f0
OBJ 500023c2 (sz=32, trace=300221, class=java.util.HashMap$Node@500000c4)
	key		50001ff0
	value		50001fef
	next		50002534
OBJ 500023c3 (sz=32, trace=300221, class=java.util.HashMap$Node@500000c4)
	key		50002762
	value		50002761
	next		500023e0
OBJ 500023c4 (sz=32, trace=300221, class=java.util.HashMap$Node@500000c4)
	key		50001c89
	value		50001c88
OBJ 500023c5 (sz=32, trace=300221, class=java.util.HashMap$Node@500000c4)
	key		50001d30
	value		50001d2f
	next		5000254d
OBJ 500023c6 (sz=32, trace=300221, class=java.util.HashMap$Node@500000c4)
	key		50001e27
	value		50001e26
	next		50002426
OBJ 500023c7 (sz=32, trace=300221, class=java.util.HashMap$Node@500000c4)
	key		50001c1b
	value		50001c1a
OBJ 500023c8 (sz=32, trace=300221, class=java.util.HashMap$Node@500000c4)
	key		50002144
	value		50002143
OBJ 500023c9 (sz=32, trace=300221, class=java.util.HashMap$Node@500000c4)
	key		50002078
	value		50002077
OBJ 500023ca (sz=32, trace=300221, class=java.util.HashMap$Node@500000c4)
	key		50001e71
	value		50001e70
OBJ 500023cb (sz=32, trace=300221, class=java.util.HashMap$Node@500000c4)
	key		50001e4d
	value		50001e4a
OBJ 500023cc (sz=32, trace=300221, class=java.util.HashMap$Node@500000c4)
	key		50001d38
	value		50001d37
OBJ 500023cd (sz=32, trace=300221, class=java.util.HashMap$Node@500000c4)
	key		50002756
	value		50002755
OBJ 500023ce (sz=32, trace=300221, class=java.util.HashMap$Node@500000c4)
	key		50002742
	value		50002741
OBJ 500023cf (sz=32, trace=300221, class=java.util.HashMap$Node@500000c4)
	key		500028ec
	value		500028eb
	next		5000260b
OBJ 500023d0 (sz=32, trace=300221, class=java.util.HashMap$Node@500000c4)
	key		500026aa
	value		500026a9
	next		500023dd
OBJ 500023d1 (sz=32, trace=300221, class=java.util.HashMap$Node@500000c4)
	key		50001c1f
	value		50001c1e
OBJ 500023d2 (sz=32, trace=300221, class=java.util.HashMap$Node@500000c4)
	key		50002179
	value		50002178
	next		500024b1
OBJ 500023d3 (sz=32, trace=300221, class=java.util.HashMap$Node@500000c4)
	key		500022ed
	value		500022ec
OBJ 500023d4 (sz=32, trace=300221, class=java.util.HashMap$Node@500000c4)
	key		50001c75
	value		50001c74
OBJ 500023d5 (sz=32, trace=300221, class=java.util.HashMap$Node@500000c4)
	key		50001b72
	value		50001b71
	next		50002454
OBJ 500023d6 (sz=32, trace=300221, class=java.util.HashMap$Node@500000c4)
	key		50001f63
	value		50001f2c
	next		5000242d
OBJ 500023d7 (sz=32, trace=300221, class=java.util.HashMap$Node@500000c4)
	key		50002843
	value		50001e1a
OBJ 500023d8 (sz=32, trace=300221, class=java.util.HashMap$Node@500000c4)
	key		50002156
	value		50002155
	next		5000249b
OBJ 500023d9 (sz=32, trace=300221, class=java.util.HashMap$Node@500000c4)
	key		500029e3
	value		50001b99
OBJ 500023da (sz=32, trace=300221, class=java.util.HashMap$Node@500000c4)
	key		50001fc3
	value		50001fc2
OBJ 500023db (sz=32, trace=300221, class=java.util.HashMap$Node@500000c4)
	key		50001d75
	value		50001d74
	next		500025ad
OBJ 500023dc (sz=32, trace=300221, class=java.util.HashMap$Node@500000c4)
	key		5000275e
	value		5000275d
OBJ 500023dd (sz=32, trace=300222, class=java.util.HashMap$Node@500000c4)
	key		500026ae
	value		500026ad
OBJ 500023de (sz=32, trace=300221, class=java.util.HashMap$Node@500000c4)
	key		50002349
	value		50002348
	next		5000255c
OBJ 500023df (sz=32, trace=300221, class=java.util.HashMap$Node@500000c4)
	key		50001df9
	value		50001df8
OBJ 500023e0 (sz=32, trace=300222, class=java.util.HashMap$Node@500000c4)
	key		50002766
	value		50002765
	next		5000250f
OBJ 500023e1 (sz=32, trace=300221, class=java.util.HashMap$Node@500000c4)
	key		50002219
	value		50002218
OBJ 500023e2 (sz=32, trace=300221, class=java.util.HashMap$Node@500000c4)
	key		50001bfb
	value		50001bfa
	next		50002413
OBJ 500023e3 (sz=32, trace=300221, class=java.util.HashMap$Node@500000c4)
	key		50001dc0
	value		50001dbf
OBJ 500023e4 (sz=32, trace=300221, class=java.util.HashMap$Node@500000c4)
	key		500027d2
	value		500027d1
OBJ 500023e5 (sz=32, trace=300221, class=java.util.HashMap$Node@500000c4)
	key		50001ecf
	value		50001ec0
OBJ 500023e6 (sz=32, trace=300221, class=java.util.HashMap$Node@500000c4)
	key		50001daa
	value		50001da9
OBJ 500023e7 (sz=32, trace=300221, class=java.util.HashMap$Node@500000c4)
	key		50001efa
	value		50001ef9
	next		5000247f
OBJ 500023e8 (sz=32, trace=300221, class=java.util.HashMap$Node@500000c4)
	key		50001d91
	value		50001d90
OBJ 500023e9 (sz=32, trace=300221, class=java.util.HashMap$Node@500000c4)
	key		500028c4
	value		500028c3
OBJ 500023ea (sz=32, trace=300221, class=java.util.HashMap$Node@500000c4)
	key		500029a6
	value		500029a5
OBJ 500023eb (sz=32, trace=300221, class=java.util.HashMap$Node@500000c4)
	key		500021d1
	value		500021d0
OBJ 500023ec (sz=32, trace=300221, class=java.util.HashMap$Node@500000c4)
	key		50001c32
	value		50001c31
OBJ 500023ed (sz=32, trace=300221, class=java.util.HashMap$Node@500000c4)
	key		50002321
	value		50002320
	next		5000245a
OBJ 500023ee (sz=32, trace=300221, class=java.util.HashMap$Node@500000c4)
	key		500021c6
	value		500021c5
OBJ 500023ef (sz=32, trace=300221, class=java.util.HashMap$Node@500000c4)
	key		500029d2
	value		500029d1
OBJ 500023f0 (sz=32, trace=300221, class=java.util.HashMap$Node@500000c4)
	key		50001d21
	value		50001d20
OBJ 500023f1 (sz=32, trace=300221, class=java.util.HashMap$Node@500000c4)
	key		50001e38
	value		50001e37
	next		50002544
OBJ 500023f2 (sz=32, trace=300221, class=java.util.HashMap$Node@500000c4)
	key		500022d1
	value		500022d0
OBJ 500023f3 (sz=32, trace=300221, class=java.util.HashMap$Node@500000c4)
	key		50001d42
	value		50001d41
OBJ 500023f4 (sz=32, trace=300221, class=java.util.HashMap$Node@500000c4)
	key		50001e94
	value		50001e93
OBJ 500023f5 (sz=32, trace=300221, class=java.util.HashMap$Node@500000c4)
	key		50002311
	value		50002310
	next		50002591
OBJ 500023f6 (sz=32, trace=300221, class=java.util.HashMap$Node@500000c4)
	key		500021ed
	value		500021ec
OBJ 500023f7 (sz=32, trace=300221, class=java.util.HashMap$Node@500000c4)
	key		50002950
	value		5000294f
OBJ 500023f8 (sz=32, trace=300221, class=java.util.HashMap$Node@500000c4)
	key		50002996
	value		50002995
	next		50002432
OBJ 500023f9 (sz=32, trace=300221, class=java.util.HashMap$Node@500000c4)
	key		50001c71
	value		50001c70
OBJ 500023fa (sz=32, trace=300221, class=java.util.HashMap$Node@500000c4)
	key		50002166
	value		50002165
OBJ 500023fb (sz=32, trace=300221, class=java.util.HashMap$Node@500000c4)
	key		500020a7
	value		500020a6
	next		50002408
OBJ 500023fc (sz=32, trace=300221, class=java.util.HashMap$Node@500000c4)
	key		500026ce
	value		500026cd
OBJ 500023fd (sz=32, trace=300221, class=java.util.HashMap$Node@500000c4)
	key		500028ae
	value		500028ad
	next		50002550
OBJ 500023fe (sz=32, trace=300221, class=java.util.HashMap$Node@500000c4)
	key		50001d99
	value		50001d98
OBJ 500023ff (sz=32, trace=300221, class=java.util.HashMap$Node@500000c4)
	key		5000273a
	value		50002739
	next		500024de
OBJ 50002400 (sz=32, trace=300221, class=java.util.HashMap$Node@500000c4)
	key		50001c03
	value		50001c02
	next		50002428
OBJ 50002401 (sz=32, trace=300221, class=java.util.HashMap$Node@500000c4)
	key		50001bc8
	value		50001bc7
OBJ 50002402 (sz=32, trace=300221, class=java.util.HashMap$Node@500000c4)
	key		5000219b
	value		5000219a
OBJ 50002403 (sz=32, trace=300221, class=java.util.HashMap$Node@500000c4)
	key		50002882
	value		50002881
OBJ 50002404 (sz=32, trace=300221, class=java.util.HashMap$Node@500000c4)
	key		50001d0e
	value		50001d0d
	next		5000254e
OBJ 50002405 (sz=32, trace=300221, class=java.util.HashMap$Node@500000c4)
	key		50001cb1
	value		50001cb0
OBJ 50002406 (sz=32, trace=300221, class=java.util.HashMap$Node@500000c4)
	key		50001cd1
	value		50001ccd
OBJ 50002407 (sz=32, trace=300221, class=java.util.HashMap$Node@500000c4)
	key		50001f0b
	value		50001f07
	next		50002494
OBJ 50002408 (sz=32, trace=300222, class=java.util.HashMap$Node@500000c4)
	key		500020b0
	value		500020aa
OBJ 50002409 (sz=32, trace=300221, class=java.util.HashMap$Node@500000c4)
	key		50002988
	value		50002987
OBJ 5000240a (sz=32, trace=300221, class=java.util.HashMap$Node@500000c4)
	key		500022c7
	value		500022c4
OBJ 5000240b (sz=32, trace=300221, class=java.util.HashMap$Node@500000c4)
	key		500027b4
	value		500027b3
	next		5000243a
OBJ 5000240c (sz=32, trace=300221, class=java.util.HashMap$Node@500000c4)
	key		5000212b
	value		5000212a
OBJ 5000240d (sz=32, trace=300221, class=java.util.HashMap$Node@500000c4)
	key		500029ad
	value		50002983
OBJ 5000240e (sz=32, trace=300221, class=java.util.HashMap$Node@500000c4)
	key		50001c8d
	value		50001c8c
OBJ 5000240f (sz=32, trace=300221, class=java.util.HashMap$Node@500000c4)
	key		50001e86
	value		50001e85
	next		500025a4
OBJ 50002410 (sz=32, trace=300221, class=java.util.HashMap$Node@500000c4)
	key		5000221d
	value		5000221c
	next		50002460
OBJ 50002411 (sz=32, trace=300221, class=java.util.HashMap$Node@500000c4)
	key		50002736
	value		50002735
OBJ 50002412 (sz=32, trace=300221, class=java.util.HashMap$Node@500000c4)
	key		500029bc
	value		500029bb
OBJ 50002413 (sz=32, trace=300222, class=java.util.HashMap$Node@500000c4)
	key		50001bff
	value		50001bfe
OBJ 50002414 (sz=32, trace=300221, class=java.util.HashMap$Node@500000c4)
	key		5000292e
	value		5000292d
	next		5000248d
OBJ 50002415 (sz=32, trace=300221, class=java.util.HashMap$Node@500000c4)
	key		50002385
	value		50002384
	next		500025f2
OBJ 50002416 (sz=32, trace=300221, class=java.util.HashMap$Node@500000c4)
	key		50002922
	value		50002921
	next		50002555
OBJ 50002417 (sz=32, trace=300221, class=java.util.HashMap$Node@500000c4)
	key		5000287e
	value		5000287d
OBJ 50002418 (sz=32, trace=300221, class=java.util.HashMap$Node@500000c4)
	key		50001ba8
	value		50001ba6
OBJ 50002419 (sz=32, trace=300221, class=java.util.HashMap$Node@500000c4)
	key		50002a26
	value		50002a25
	next		5000258d
OBJ 5000241a (sz=32, trace=300221, class=java.util.HashMap$Node@500000c4)
	key		50002906
	value		50002905
OBJ 5000241b (sz=32, trace=300221, class=java.util.HashMap$Node@500000c4)
	key		50002820
	value		5000281f
OBJ 5000241c (sz=32, trace=300221, class=java.util.HashMap$Node@500000c4)
	key		5000290e
	value		5000290d
	next		5000241d
OBJ 5000241d (sz=32, trace=300222, class=java.util.HashMap$Node@500000c4)
	key		50002912
	value		50002911
OBJ 5000241e (sz=32, trace=300221, class=java.util.HashMap$Node@500000c4)
	key		50001bf7
	value		50001bf6
OBJ 5000241f (sz=32, trace=300221, class=java.util.HashMap$Node@500000c4)
	key		500029aa
	value		500029a9
OBJ 50002420 (sz=32, trace=300221, class=java.util.HashMap$Node@500000c4)
	key		50002a14
	value		50002a13
	next		50002571
OBJ 50002421 (sz=32, trace=300221, class=java.util.HashMap$Node@500000c4)
	key		500027ac
	value		500027ab
	next		500025c4
OBJ 50002422 (sz=32, trace=300221, class=java.util.HashMap$Node@500000c4)
	key		50001bbc
	value		50001bbb
OBJ 50002423 (sz=32, trace=300221, class=java.util.HashMap$Node@500000c4)
	key		50002335
	value		50002334
OBJ 50002424 (sz=32, trace=300221, class=java.util.HashMap$Node@500000c4)
	key		500026ca
	value		500026c9
OBJ 50002425 (sz=32, trace=300221, class=java.util.HashMap$Node@500000c4)
	key		5000277a
	value		50002779
OBJ 50002426 (sz=32, trace=300222, class=java.util.HashMap$Node@500000c4)
	key		50001e2b
	value		50001e2a
OBJ 50002427 (sz=32, trace=300221, class=java.util.HashMap$Node@500000c4)
	key		50001e23
	value		50001e22
OBJ 50002428 (sz=32, trace=300222, class=java.util.HashMap$Node@500000c4)
	key		50001c07
	value		50001c06
	next		50002483
OBJ 50002429 (sz=32, trace=300221, class=java.util.HashMap$Node@500000c4)
	key		500022af
	value		500022ae
	next		500024d4
OBJ 5000242a (sz=32, trace=300221, class=java.util.HashMap$Node@500000c4)
	key		50001fc7
	value		50001fc6
	next		5000242c
OBJ 5000242b (sz=32, trace=300221, class=java.util.HashMap$Node@500000c4)
	key		50001cd9
	value		50001cd7
	next		500025b7
OBJ 5000242c (sz=32, trace=300222, class=java.util.HashMap$Node@500000c4)
	key		50001fcb
	value		50001fca
OBJ 5000242d (sz=32, trace=300222, class=java.util.HashMap$Node@500000c4)
	key		50001f68
	value		50001f67
OBJ 5000242e (sz=32, trace=300221, class=java.util.HashMap$Node@500000c4)
	key		50001bc4
	value		50001bc3
OBJ 5000242f (sz=32, trace=300221, class=java.util.HashMap$Node@500000c4)
	key		50002846
	value		50002845
OBJ 50002430 (sz=32, trace=300221, class=java.util.HashMap$Node@500000c4)
	key		50001fe6
	value		50001fe5
OBJ 50002431 (sz=32, trace=300221, class=java.util.HashMap$Node@500000c4)
	key		50002204
	value		50002203
	next		50002468
OBJ 50002432 (sz=32, trace=300222, class=java.util.HashMap$Node@500000c4)
	key		5000299a
	value		50002999
OBJ 50002433 (sz=32, trace=300221, class=java.util.HashMap$Node@500000c4)
	key		50002351
	value		50002350
OBJ 50002434 (sz=32, trace=300221, class=java.util.HashMap$Node@500000c4)
	key		500027c6
	value		500027c5
OBJ 50002435 (sz=32, trace=300221, class=java.util.HashMap$Node@500000c4)
	key		5000207f
	value		5000207e
OBJ 50002436 (sz=32, trace=300221, class=java.util.HashMap$Node@500000c4)
	key		500020ee
	value		500020ed
	next		500024a6
OBJ 50002437 (sz=32, trace=300221, class=java.util.HashMap$Node@500000c4)
	key		50001d0a
	value		50001d09
OBJ 50002438 (sz=32, trace=300221, class=java.util.HashMap$Node@500000c4)
	key		500028e4
	value		500028e3
OBJ 50002439 (sz=32, trace=300221, class=java.util.HashMap$Node@500000c4)
	key		5000218b
	value		50002189
OBJ 5000243a (sz=32, trace=300222, class=java.util.HashMap$Node@500000c4)
	key		500027b8
	value		500027b7
OBJ 5000243b (sz=32, trace=300221, class=java.util.HashMap$Node@500000c4)
	key		50001e17
	value		50001e16
OBJ 5000243c (sz=32, trace=300221, class=java.util.HashMap$Node@500000c4)
	key		5000296c
	value		5000296b
OBJ 5000243d (sz=32, trace=300221, class=java.util.HashMap$Node@500000c4)
	key		50002716
	value		50002715
	next		5000247d
OBJ 5000243e (sz=32, trace=300221, class=java.util.HashMap$Node@500000c4)
	key		500023a1
	value		500023a0
	next		5000258a
OBJ 5000243f (sz=32, trace=300221, class=java.util.HashMap$Node@500000c4)
	key		50001c64
	value		50001c63
	next		500024ae
OBJ 50002440 (sz=32, trace=300221, class=java.util.HashMap$Node@500000c4)
	key		500027a4
	value		500027a3
	next		50002516
OBJ 50002441 (sz=32, trace=300221, class=java.util.HashMap$Node@500000c4)
	key		50001ca9
	value		50001ca8
OBJ 50002442 (sz=32, trace=300221, class=java.util.HashMap$Node@500000c4)
	key		50002255
	value		50002254
OBJ 50002443 (sz=32, trace=300221, class=java.util.HashMap$Node@500000c4)
	key		5000274e
	value		5000274d
OBJ 50002444 (sz=32, trace=300221, class=java.util.HashMap$Node@500000c4)
	key		50001d83
	value		50001d82
OBJ 50002445 (sz=32, trace=300222, class=java.util.HashMap$Node@500000c4)
	key		50001db2
	value		50001db1
	next		500025e1
OBJ 50002446 (sz=32, trace=300221, class=java.util.HashMap$Node@500000c4)
	key		5000200b
	value		5000200a
	next		50002559
OBJ 50002447 (sz=32, trace=300221, class=java.util.HashMap$Node@500000c4)
	key		5000202e
	value		5000202d
	next		5000257e
OBJ 50002448 (sz=32, trace=300221, class=java.util.HashMap$Node@500000c4)
	key		50002301
	value		50002300
	next		500024bf
OBJ 50002449 (sz=32, trace=300221, class=java.util.HashMap$Node@500000c4)
	key		50002726
	value		50002725
	next		50002574
OBJ 5000244a (sz=32, trace=300221, class=java.util.HashMap$Node@500000c4)
	key		500026ba
	value		500026b9
OBJ 5000244b (sz=32, trace=300221, class=java.util.HashMap$Node@500000c4)
	key		500021c2
	value		500021c1
OBJ 5000244c (sz=32, trace=300221, class=java.util.HashMap$Node@500000c4)
	key		50001df5
	value		50001df4
OBJ 5000244d (sz=32, trace=300221, class=java.util.HashMap$Node@500000c4)
	key		5000233d
	value		5000233c
	next		500025a2
OBJ 5000244e (sz=32, trace=300221, class=java.util.HashMap$Node@500000c4)
	key		50002732
	value		50002731
OBJ 5000244f (sz=32, trace=300221, class=java.util.HashMap$Node@500000c4)
	key		50001fcf
	value		50001fce
OBJ 50002450 (sz=32, trace=300221, class=java.util.HashMap$Node@500000c4)
	key		500029d8
	value		500029d7
	next		500025d3
OBJ 50002451 (sz=32, trace=300221, class=java.util.HashMap$Node@500000c4)
	key		5000294c
	value		5000294b
OBJ 50002452 (sz=32, trace=300221, class=java.util.HashMap$Node@500000c4)
	key		5000216e
	value		5000216d
	next		500024c5
OBJ 50002453 (sz=32, trace=300221, class=java.util.HashMap$Node@500000c4)
	key		50002a08
	value		50002a07
	next		50002488
OBJ 50002454 (sz=32, trace=300222, class=java.util.HashMap$Node@500000c4)
	key		50001b76
	value		50001b75
OBJ 50002455 (sz=32, trace=300221, class=java.util.HashMap$Node@500000c4)
	key		500027da
	value		500027d9
OBJ 50002456 (sz=32, trace=300221, class=java.util.HashMap$Node@500000c4)
	key		50001e9a
	value		50001e99
OBJ 50002457 (sz=32, trace=300221, class=java.util.HashMap$Node@500000c4)
	key		5000238d
	value		5000238c
	next		5000252d
OBJ 50002458 (sz=32, trace=300221, class=java.util.HashMap$Node@500000c4)
	key		500028fc
	value		500028fb
OBJ 50002459 (sz=32, trace=300221, class=java.util.HashMap$Node@500000c4)
	key		50002780
	value		5000277f
OBJ 5000245a (sz=32, trace=300222, class=java.util.HashMap$Node@500000c4)
	key		50002325
	value		50002324
OBJ 5000245b (sz=32, trace=300221, class=java.util.HashMap$Node@500000c4)
	key		500028a2
	value		500028a1
	next		500025bc
OBJ 5000245c (sz=32, trace=300221, class=java.util.HashMap$Node@500000c4)
	key		500026c2
	value		500026c1
	next		50002514
OBJ 5000245d (sz=32, trace=300221, class=java.util.HashMap$Node@500000c4)
	key		50001e51
	value		50001e50
	next		500024d2
OBJ 5000245e (sz=32, trace=300221, class=java.util.HashMap$Node@500000c4)
	key		50002013
	value		50002012
OBJ 5000245f (sz=32, trace=300221, class=java.util.HashMap$Node@500000c4)
	key		50001b6a
	value		50001b69
	next		50002500
OBJ 50002460 (sz=32, trace=300222, class=java.util.HashMap$Node@500000c4)
	key		50002221
	value		50002220
	next		500025e5
OBJ 50002461 (sz=32, trace=300221, class=java.util.HashMap$Node@500000c4)
	key		500021d5
	value		500021d4
	next		5000256a
OBJ 50002462 (sz=32, trace=300221, class=java.util.HashMap$Node@500000c4)
	key		50001ef2
	value		50001eeb
OBJ 50002463 (sz=32, trace=300221, class=java.util.HashMap$Node@500000c4)
	key		5000291a
	value		50002919
OBJ 50002464 (sz=32, trace=300221, class=java.util.HashMap$Node@500000c4)
	key		50001d52
	value		50001d51
OBJ 50002465 (sz=32, trace=300221, class=java.util.HashMap$Node@500000c4)
	key		50001c4c
	value		50001c4b
	next		50002490
OBJ 50002466 (sz=32, trace=300221, class=java.util.HashMap$Node@500000c4)
	key		500029ea
	value		500029e9
OBJ 50002467 (sz=32, trace=300221, class=java.util.HashMap$Node@500000c4)
	key		5000290a
	value		50002909
OBJ 50002468 (sz=32, trace=300222, class=java.util.HashMap$Node@500000c4)
	key		50002208
	value		50002207
OBJ 50002469 (sz=32, trace=300221, class=java.util.HashMap$Node@500000c4)
	key		50002249
	value		50002248
	next		50002605
OBJ 5000246a (sz=32, trace=300221, class=java.util.HashMap$Node@500000c4)
	key		500027fe
	value		500027fd
OBJ 5000246b (sz=32, trace=300221, class=java.util.HashMap$Node@500000c4)
	key		500021f2
	value		500021f1
	next		50002560
OBJ 5000246c (sz=32, trace=300221, class=java.util.HashMap$Node@500000c4)
	key		50002243
	value		50002242
OBJ 5000246d (sz=32, trace=300221, class=java.util.HashMap$Node@500000c4)
	key		50001d56
	value		50001d55
	next		500025a1
OBJ 5000246e (sz=32, trace=300221, class=java.util.HashMap$Node@500000c4)
	key		50001d1d
	value		50001d1c
OBJ 5000246f (sz=32, trace=300221, class=java.util.HashMap$Node@500000c4)
	key		50002722
	value		50002721
OBJ 50002470 (sz=32, trace=300221, class=java.util.HashMap$Node@500000c4)
	key		50001e82
	value		50001e81
OBJ 50002471 (sz=32, trace=300221, class=java.util.HashMap$Node@500000c4)
	key		50002970
	value		5000296f
OBJ 50002472 (sz=32, trace=300221, class=java.util.HashMap$Node@500000c4)
	key		50002876
	value		50002875
	next		500024b7
OBJ 50002473 (sz=32, trace=300221, class=java.util.HashMap$Node@500000c4)
	key		50002140
	value		5000213f
OBJ 50002474 (sz=32, trace=300221, class=java.util.HashMap$Node@500000c4)
	key		500026b6
	value		500026b5
OBJ 50002475 (sz=32, trace=300221, class=java.util.HashMap$Node@500000c4)
	key		50002958
	value		50002957
OBJ 50002476 (sz=32, trace=300221, class=java.util.HashMap$Node@500000c4)
	key		50002251
	value		50002250
OBJ 50002477 (sz=32, trace=300221, class=java.util.HashMap$Node@500000c4)
	key		5000227a
	value		50002279
	next		50002613
OBJ 50002478 (sz=32, trace=300221, class=java.util.HashMap$Node@500000c4)
	key		50002964
	value		50002963
	next		5000255e
OBJ 50002479 (sz=32, trace=300221, class=java.util.HashMap$Node@500000c4)
	key		50002706
	value		50002705
OBJ 5000247a (sz=32, trace=300221, class=java.util.HashMap$Node@500000c4)
	key		5000285a
	value		50002859
OBJ 5000247b (sz=32, trace=300221, class=java.util.HashMap$Node@500000c4)
	key		5000275a
	value		50002759
OBJ 5000247c (sz=32, trace=300221, class=java.util.HashMap$Node@500000c4)
	key		50002359
	value		50002358
	next		50002504
OBJ 5000247d (sz=32, trace=300222, class=java.util.HashMap$Node@500000c4)
	key		5000271a
	value		50002719
OBJ 5000247e (sz=32, trace=300221, class=java.util.HashMap$Node@500000c4)
	key		50002a10
	value		50002a0f
OBJ 5000247f (sz=32, trace=300222, class=java.util.HashMap$Node@500000c4)
	key		50001eff
	value		50001efe
OBJ 50002480 (sz=32, trace=300221, class=java.util.HashMap$Node@500000c4)
	key		5000270a
	value		50002709
OBJ 50002481 (sz=32, trace=300221, class=java.util.HashMap$Node@500000c4)
	key		50001c2e
	value		50001c2d
OBJ 50002482 (sz=32, trace=300221, class=java.util.HashMap$Node@500000c4)
	key		500021ba
	value		500021b9
	next		500025e9
OBJ 50002483 (sz=32, trace=300222, class=java.util.HashMap$Node@500000c4)
	key		50001c0b
	value		50001c0a
	next		500024ee
OBJ 50002484 (sz=32, trace=300221, class=java.util.HashMap$Node@500000c4)
	key		50002162
	value		50002161
OBJ 50002485 (sz=32, trace=300221, class=java.util.HashMap$Node@500000c4)
	key		5000226d
	value		5000226a
	next		500025e0
OBJ 50002486 (sz=32, trace=300221, class=java.util.HashMap$Node@500000c4)
	key		50002896
	value		50002895
OBJ 50002487 (sz=32, trace=300221, class=java.util.HashMap$Node@500000c4)
	key		50002974
	value		50002973
	next		500024b2
OBJ 50002488 (sz=32, trace=300222, class=java.util.HashMap$Node@500000c4)
	key		50002a0c
	value		50002a0b
OBJ 50002489 (sz=32, trace=300221, class=java.util.HashMap$Node@500000c4)
	key		5000278c
	value		5000278b
OBJ 5000248a (sz=32, trace=300221, class=java.util.HashMap$Node@500000c4)
	key		5000261e
	value		5000261d
OBJ 5000248b (sz=32, trace=300221, class=java.util.HashMap$Node@500000c4)
	key		500028f4
	value		500028f3
OBJ 5000248c (sz=32, trace=300221, class=java.util.HashMap$Node@500000c4)
	key		50002784
	value		50002783
	next		500024c0
OBJ 5000248d (sz=32, trace=300222, class=java.util.HashMap$Node@500000c4)
	key		50002932
	value		50002931
OBJ 5000248e (sz=32, trace=300221, class=java.util.HashMap$Node@500000c4)
	key		50001cb7
	value		50001cb6
OBJ 5000248f (sz=32, trace=300221, class=java.util.HashMap$Node@500000c4)
	key		50001ba2
	value		50001ba1
OBJ 50002490 (sz=32, trace=300222, class=java.util.HashMap$Node@500000c4)
	key		50001c50
	value		50001c4f
	next		500024ce
OBJ 50002491 (sz=32, trace=300221, class=java.util.HashMap$Node@500000c4)
	key		50002210
	value		5000220f
OBJ 50002492 (sz=32, trace=300221, class=java.util.HashMap$Node@500000c4)
	key		50001d14
	value		50001d13
	next		50002611
OBJ 50002493 (sz=32, trace=300221, class=java.util.HashMap$Node@500000c4)
	key		5000223c
	value		500021f7
OBJ 50002494 (sz=32, trace=300222, class=java.util.HashMap$Node@500000c4)
	key		50001f0e
	value		50001d7e
OBJ 50002495 (sz=32, trace=300221, class=java.util.HashMap$Node@500000c4)
	key		50001e6b
	value		50001e69
OBJ 50002496 (sz=32, trace=300221, class=java.util.HashMap$Node@500000c4)
	key		500029b0
	value		500029af
OBJ 50002497 (sz=32, trace=300221, class=java.util.HashMap$Node@500000c4)
	key		5000281c
	value		5000281b
OBJ 50002498 (sz=32, trace=300221, class=java.util.HashMap$Node@500000c4)
	key		500028d4
	value		500028d3
	next		5000257b
OBJ 50002499 (sz=32, trace=300221, class=java.util.HashMap$Node@500000c4)
	key		50002152
	value		50002151
OBJ 5000249a (sz=32, trace=300221, class=java.util.HashMap$Node@500000c4)
	key		5000229f
	value		5000229e
	next		50002578
OBJ 5000249b (sz=32, trace=300222, class=java.util.HashMap$Node@500000c4)
	key		5000215a
	value		50002159
	next		500024fe
OBJ 5000249c (sz=32, trace=300221, class=java.util.HashMap$Node@500000c4)
	key		500020c5
	value		500020c4
OBJ 5000249d (sz=32, trace=300221, class=java.util.HashMap$Node@500000c4)
	key		5000280c
	value		5000280b
	next		500024d3
OBJ 5000249e (sz=32, trace=300221, class=java.util.HashMap$Node@500000c4)
	key		500029c0
	value		500029bf
	next		500024e0
OBJ 5000249f (sz=32, trace=300221, class=java.util.HashMap$Node@500000c4)
	key		5000270e
	value		5000270d
OBJ 500024a0 (sz=32, trace=300221, class=java.util.HashMap$Node@500000c4)
	key		5000216a
	value		50002169
OBJ 500024a1 (sz=32, trace=300221, class=java.util.HashMap$Node@500000c4)
	key		5000299e
	value		5000299d
	next		50002554
OBJ 500024a2 (sz=32, trace=300221, class=java.util.HashMap$Node@500000c4)
	key		5000271e
	value		5000271d
OBJ 500024a3 (sz=32, trace=300221, class=java.util.HashMap$Node@500000c4)
	key		500026f2
	value		500026f1
	next		50002547
OBJ 500024a4 (sz=32, trace=300221, class=java.util.HashMap$Node@500000c4)
	key		50001bb8
	value		50001bb7
OBJ 500024a5 (sz=32, trace=300221, class=java.util.HashMap$Node@500000c4)
	key		50002818
	value		50002817
OBJ 500024a6 (sz=32, trace=300222, class=java.util.HashMap$Node@500000c4)
	key		500020f2
	value		500020f1
OBJ 500024a7 (sz=32, trace=300221, class=java.util.HashMap$Node@500000c4)
	key		50002772
	value		50002771
	next		50002564
OBJ 500024a8 (sz=32, trace=300221, class=java.util.HashMap$Node@500000c4)
	key		50001e1b
	value		50001e1a
OBJ 500024a9 (sz=32, trace=300221, class=java.util.HashMap$Node@500000c4)
	key		50001b82
	value		50001b81
	next		500024cd
OBJ 500024aa (sz=32, trace=300221, class=java.util.HashMap$Node@500000c4)
	key		50001c91
	value		50001c90
	next		500024b4
OBJ 500024ab (sz=32, trace=300221, class=java.util.HashMap$Node@500000c4)
	key		50002935
	value		50001cfd
OBJ 500024ac (sz=32, trace=300221, class=java.util.HashMap$Node@500000c4)
	key		5000211b
	value		5000211a
OBJ 500024ad (sz=32, trace=300221, class=java.util.HashMap$Node@500000c4)
	key		5000298c
	value		5000298b
	next		500024e1
OBJ 500024ae (sz=32, trace=300222, class=java.util.HashMap$Node@500000c4)
	key		50001c68
	value		50001c67
	next		500025b1
OBJ 500024af (sz=32, trace=300221, class=java.util.HashMap$Node@500000c4)
	key		50001b7e
	value		50001b7d
OBJ 500024b0 (sz=32, trace=300221, class=java.util.HashMap$Node@500000c4)
	key		50002365
	value		50002364
	next		500025ee
OBJ 500024b1 (sz=32, trace=300222, class=java.util.HashMap$Node@500000c4)
	key		5000217f
	value		5000217e
	next		5000255d
OBJ 500024b2 (sz=32, trace=300222, class=java.util.HashMap$Node@500000c4)
	key		50002978
	value		50002977
OBJ 500024b3 (sz=32, trace=300221, class=java.util.HashMap$Node@500000c4)
	key		500022bd
	value		500022bc
OBJ 500024b4 (sz=32, trace=300222, class=java.util.HashMap$Node@500000c4)
	key		50001c99
	value		50001c98
	next		50002541
OBJ 500024b5 (sz=32, trace=300221, class=java.util.HashMap$Node@500000c4)
	key		50002293
	value		50002292
	next		500024f2
OBJ 500024b6 (sz=32, trace=300221, class=java.util.HashMap$Node@500000c4)
	key		500022e5
	value		500022e4
	next		500025b8
OBJ 500024b7 (sz=32, trace=300222, class=java.util.HashMap$Node@500000c4)
	key		5000287a
	value		50002879
OBJ 500024b8 (sz=32, trace=300221, class=java.util.HashMap$Node@500000c4)
	key		5000272e
	value		5000272d
OBJ 500024b9 (sz=32, trace=300221, class=java.util.HashMap$Node@500000c4)
	key		50002371
	value		50002370
OBJ 500024ba (sz=32, trace=300222, class=java.util.HashMap$Node@500000c4)
	key		50001cf2
	value		50001cf1
	next		50002609
OBJ 500024bb (sz=32, trace=300221, class=java.util.HashMap$Node@500000c4)
	key		50002621
	value		50002110
OBJ 500024bc (sz=32, trace=300221, class=java.util.HashMap$Node@500000c4)
	key		50002345
	value		50002344
OBJ 500024bd (sz=32, trace=300221, class=java.util.HashMap$Node@500000c4)
	key		50001cbf
	value		50001cbe
OBJ 500024be (sz=32, trace=300221, class=java.util.HashMap$Node@500000c4)
	key		50001d4a
	value		50001d49
OBJ 500024bf (sz=32, trace=300222, class=java.util.HashMap$Node@500000c4)
	key		50002305
	value		50002304
	next		500024d0
OBJ 500024c0 (sz=32, trace=300222, class=java.util.HashMap$Node@500000c4)
	key		50002788
	value		50002787
OBJ 500024c1 (sz=32, trace=300221, class=java.util.HashMap$Node@500000c4)
	key		50002339
	value		50002338
OBJ 500024c2 (sz=32, trace=300221, class=java.util.HashMap$Node@500000c4)
	key		5000284e
	value		5000284d
	next		500025b5
OBJ 500024c3 (sz=32, trace=300221, class=java.util.HashMap$Node@500000c4)
	key		5000288a
	value		50002889
	next		500025a5
OBJ 500024c4 (sz=32, trace=300221, class=java.util.HashMap$Node@500000c4)
	key		50002375
	value		50002374
	next		50002552
OBJ 500024c5 (sz=32, trace=300222, class=java.util.HashMap$Node@500000c4)
	key		50002172
	value		50002171
OBJ 500024c6 (sz=32, trace=300221, class=java.util.HashMap$Node@500000c4)
	key		500027ca
	value		500027c9
OBJ 500024c7 (sz=32, trace=300221, class=java.util.HashMap$Node@500000c4)
	key		50001dce
	value		50001dcd
OBJ 500024c8 (sz=32, trace=300221, class=java.util.HashMap$Node@500000c4)
	key		5000223f
	value		5000223e
OBJ 500024c9 (sz=32, trace=300221, class=java.util.HashMap$Node@500000c4)
	key		50002148
	value		50002147
OBJ 500024ca (sz=32, trace=300221, class=java.util.HashMap$Node@500000c4)
	key		5000292a
	value		50002929
OBJ 500024cb (sz=32, trace=300221, class=java.util.HashMap$Node@500000c4)
	key		500029f4
	value		500029f3
OBJ 500024cc (sz=32, trace=300221, class=java.util.HashMap$Node@500000c4)
	key		500027c0
	value		500027bf
OBJ 500024cd (sz=32, trace=300222, class=java.util.HashMap$Node@500000c4)
	key		50001b88
	value		50001b87
OBJ 500024ce (sz=32, trace=300222, class=java.util.HashMap$Node@500000c4)
	key		50001c54
	value		50001c53
	next		50002572
OBJ 500024cf (sz=32, trace=300221, class=java.util.HashMap$Node@500000c4)
	key		5000276e
	value		5000276d
OBJ 500024d0 (sz=32, trace=300222, class=java.util.HashMap$Node@500000c4)
	key		50002309
	value		50002308
	next		500025fd
OBJ 500024d1 (sz=32, trace=300221, class=java.util.HashMap$Node@500000c4)
	key		500027d6
	value		500027d5
OBJ 500024d2 (sz=32, trace=300222, class=java.util.HashMap$Node@500000c4)
	key		50001e55
	value		50001e54
	next		5000250b
OBJ 500024d3 (sz=32, trace=300222, class=java.util.HashMap$Node@500000c4)
	key		50002810
	value		5000280f
OBJ 500024d4 (sz=32, trace=300222, class=java.util.HashMap$Node@500000c4)
	key		500022b3
	value		500022b2
OBJ 500024d5 (sz=32, trace=300221, class=java.util.HashMap$Node@500000c4)
	key		50001da5
	value		50001da4
OBJ 500024d6 (sz=32, trace=300221, class=java.util.HashMap$Node@500000c4)
	key		50001c60
	value		50001c5f
OBJ 500024d7 (sz=32, trace=300221, class=java.util.HashMap$Node@500000c4)
	key		500029e6
	value		500029e5
OBJ 500024d8 (sz=32, trace=300221, class=java.util.HashMap$Node@500000c4)
	key		500020b4
	value		500020b3
OBJ 500024d9 (sz=32, trace=300221, class=java.util.HashMap$Node@500000c4)
	key		500022c1
	value		500022c0
OBJ 500024da (sz=32, trace=300221, class=java.util.HashMap$Node@500000c4)
	key		5000228f
	value		5000228e
OBJ 500024db (sz=32, trace=300221, class=java.util.HashMap$Node@500000c4)
	key		5000201f
	value		5000201e
OBJ 500024dc (sz=32, trace=300221, class=java.util.HashMap$Node@500000c4)
	key		50001cad
	value		50001cac
OBJ 500024dd (sz=32, trace=300221, class=java.util.HashMap$Node@500000c4)
	key		50001d46
	value		50001d45
OBJ 500024de (sz=32, trace=300222, class=java.util.HashMap$Node@500000c4)
	key		5000273e
	value		5000273d
OBJ 500024df (sz=32, trace=300221, class=java.util.HashMap$Node@500000c4)
	key		50001bb4
	value		50001bb3
OBJ 500024e0 (sz=32, trace=300222, class=java.util.HashMap$Node@500000c4)
	key		500029c4
	value		500029c3
OBJ 500024e1 (sz=32, trace=300222, class=java.util.HashMap$Node@500000c4)
	key		50002990
	value		5000298f
OBJ 500024e2 (sz=32, trace=300221, class=java.util.HashMap$Node@500000c4)
	key		50002980
	value		5000297f
OBJ 500024e3 (sz=32, trace=300221, class=java.util.HashMap$Node@500000c4)
	key		50002746
	value		50002745
	next		500024ed
OBJ 500024e4 (sz=32, trace=300221, class=java.util.HashMap$Node@500000c4)
	key		50001d95
	value		50001d94
OBJ 500024e5 (sz=32, trace=300221, class=java.util.HashMap$Node@500000c4)
	key		50001de0
	value		50001ddf
OBJ 500024e6 (sz=32, trace=300221, class=java.util.HashMap$Node@500000c4)
	key		50002872
	value		50002871
OBJ 500024e7 (sz=32, trace=300221, class=java.util.HashMap$Node@500000c4)
	key		50001c44
	value		50001c43
OBJ 500024e8 (sz=32, trace=300221, class=java.util.HashMap$Node@500000c4)
	key		500029ce
	value		500029cd
OBJ 500024e9 (sz=32, trace=300221, class=java.util.HashMap$Node@500000c4)
	key		5000282c
	value		5000282b
	next		5000254f
OBJ 500024ea (sz=32, trace=300221, class=java.util.HashMap$Node@500000c4)
	key		50002806
	value		50002805
	next		50002567
OBJ 500024eb (sz=32, trace=300221, class=java.util.HashMap$Node@500000c4)
	key		50001d4e
	value		50001d4d
OBJ 500024ec (sz=32, trace=300221, class=java.util.HashMap$Node@500000c4)
	key		50001d6b
	value		50001d6a
OBJ 500024ed (sz=32, trace=300222, class=java.util.HashMap$Node@500000c4)
	key		5000274a
	value		50002749
OBJ 500024ee (sz=32, trace=300222, class=java.util.HashMap$Node@500000c4)
	key		50001c0f
	value		50001c0e
OBJ 500024ef (sz=32, trace=300221, class=java.util.HashMap$Node@500000c4)
	key		50001d5e
	value		50001d5d
	next		5000254c
OBJ 500024f0 (sz=32, trace=300222, class=java.util.HashMap$Node@500000c4)
	key		500027f2
	value		500027f1
	next		5000257d
OBJ 500024f1 (sz=32, trace=300221, class=java.util.HashMap$Node@500000c4)
	key		50001bda
	value		50001bd9
OBJ 500024f2 (sz=32, trace=300222, class=java.util.HashMap$Node@500000c4)
	key		50002297
	value		50002296
OBJ 500024f3 (sz=32, trace=300221, class=java.util.HashMap$Node@500000c4)
	key		500026ea
	value		500026e9
OBJ 500024f4 (sz=32, trace=300221, class=java.util.HashMap$Node@500000c4)
	key		50002117
	value		50002116
OBJ 500024f5 (sz=32, trace=300221, class=java.util.HashMap$Node@500000c4)
	key		50002235
	value		50002234
OBJ 500024f6 (sz=32, trace=300221, class=java.util.HashMap$Node@500000c4)
	key		500028d0
	value		500028cf
OBJ 500024f7 (sz=32, trace=300221, class=java.util.HashMap$Node@500000c4)
	key		500022f5
	value		500022f4
	next		500024fc
OBJ 500024f8 (sz=32, trace=300221, class=java.util.HashMap$Node@500000c4)
	key		5000289a
	value		50002899
OBJ 500024f9 (sz=32, trace=300221, class=java.util.HashMap$Node@500000c4)
	key		50002a20
	value		50002a1f
OBJ 500024fa (sz=32, trace=300221, class=java.util.HashMap$Node@500000c4)
	key		5000285e
	value		5000285d
OBJ 500024fb (sz=32, trace=300221, class=java.util.HashMap$Node@500000c4)
	key		5000208b
	value		5000208a
OBJ 500024fc (sz=32, trace=300222, class=java.util.HashMap$Node@500000c4)
	key		500022f9
	value		500022f8
OBJ 500024fd (sz=32, trace=300221, class=java.util.HashMap$Node@500000c4)
	key		50001b8c
	value		50001b8b
	next		500025f0
OBJ 500024fe (sz=32, trace=300222, class=java.util.HashMap$Node@500000c4)
	key		5000215e
	value		5000215d
OBJ 500024ff (sz=32, trace=300221, class=java.util.HashMap$Node@500000c4)
	key		5000283c
	value		5000283b
OBJ 50002500 (sz=32, trace=300222, class=java.util.HashMap$Node@500000c4)
	key		50001b6e
	value		50001b6d
OBJ 50002501 (sz=32, trace=300221, class=java.util.HashMap$Node@500000c4)
	key		5000279c
	value		5000279b
OBJ 50002502 (sz=32, trace=300221, class=java.util.HashMap$Node@500000c4)
	key		5000261a
	value		500023b0
OBJ 50002503 (sz=32, trace=300221, class=java.util.HashMap$Node@500000c4)
	key		50002802
	value		50002801
OBJ 50002504 (sz=32, trace=300222, class=java.util.HashMap$Node@500000c4)
	key		5000235d
	value		5000235c
	next		500025e3
OBJ 50002505 (sz=32, trace=300221, class=java.util.HashMap$Node@500000c4)
	key		500028e8
	value		500028e7
OBJ 50002506 (sz=32, trace=300221, class=java.util.HashMap$Node@500000c4)
	key		50001ea2
	value		50001e9d
	next		5000258e
OBJ 50002507 (sz=32, trace=300221, class=java.util.HashMap$Node@500000c4)
	key		50001b9a
	value		50001b99
OBJ 50002508 (sz=32, trace=300221, class=java.util.HashMap$Node@500000c4)
	key		50001dc8
	value		50001dc7
OBJ 50002509 (sz=32, trace=300221, class=java.util.HashMap$Node@500000c4)
	key		50001f14
	value		50001d74
OBJ 5000250a (sz=32, trace=300221, class=java.util.HashMap$Node@500000c4)
	key		50001dd2
	value		50001dd1
	next		5000251a
OBJ 5000250b (sz=32, trace=300222, class=java.util.HashMap$Node@500000c4)
	key		50001e64
	value		50001e5b
OBJ 5000250c (sz=32, trace=300221, class=java.util.HashMap$Node@500000c4)
	key		500029ed
	value		500028c3
OBJ 5000250d (sz=32, trace=300221, class=java.util.HashMap$Node@500000c4)
	key		500029d5
	value		500029a5
OBJ 5000250e (sz=32, trace=300221, class=java.util.HashMap$Node@500000c4)
	key		50001bdf
	value		50001bdd
	next		50002598
OBJ 5000250f (sz=32, trace=300222, class=java.util.HashMap$Node@500000c4)
	key		5000276a
	value		50002769
OBJ 50002510 (sz=32, trace=300221, class=java.util.HashMap$Node@500000c4)
	key		5000210a
	value		50002109
	next		50002568
OBJ 50002511 (sz=32, trace=300221, class=java.util.HashMap$Node@500000c4)
	key		500026a6
	value		500026a5
OBJ 50002512 (sz=32, trace=300221, class=java.util.HashMap$Node@500000c4)
	key		500029e0
	value		500029df
OBJ 50002513 (sz=32, trace=300221, class=java.util.HashMap$Node@500000c4)
	key		50002106
	value		50002105
OBJ 50002514 (sz=32, trace=300222, class=java.util.HashMap$Node@500000c4)
	key		500026c6
	value		500026c5
OBJ 50002515 (sz=32, trace=300221, class=java.util.HashMap$Node@500000c4)
	key		500021e9
	value		500021e8
OBJ 50002516 (sz=32, trace=300222, class=java.util.HashMap$Node@500000c4)
	key		500027a8
	value		500027a7
OBJ 50002517 (sz=32, trace=300221, class=java.util.HashMap$Node@500000c4)
	key		5000289e
	value		5000289d
OBJ 50002518 (sz=32, trace=300221, class=java.util.HashMap$Node@500000c4)
	key		500026d6
	value		500026d5
	next		50002523
OBJ 50002519 (sz=32, trace=300221, class=java.util.HashMap$Node@500000c4)
	key		50002944
	value		50002943
	next		50002535
OBJ 5000251a (sz=32, trace=300222, class=java.util.HashMap$Node@500000c4)
	key		50001ddc
	value		50001dd5
OBJ 5000251b (sz=32, trace=300221, class=java.util.HashMap$Node@500000c4)
	key		50002916
	value		50002915
OBJ 5000251c (sz=32, trace=300221, class=java.util.HashMap$Node@500000c4)
	key		50001de4
	value		50001de3
	next		50002614
OBJ 5000251d (sz=32, trace=300221, class=java.util.HashMap$Node@500000c4)
	key		5000286e
	value		5000286d
OBJ 5000251e (sz=32, trace=300221, class=java.util.HashMap$Node@500000c4)
	key		50001bc0
	value		50001bbf
OBJ 5000251f (sz=32, trace=300221, class=java.util.HashMap$Node@500000c4)
	key		500023ad
	value		500023ac
OBJ 50002520 (sz=32, trace=300221, class=java.util.HashMap$Node@500000c4)
	key		500028bc
	value		500028bb
	next		5000252b
OBJ 50002521 (sz=32, trace=300221, class=java.util.HashMap$Node@500000c4)
	key		500026e6
	value		500026e5
OBJ 50002522 (sz=32, trace=300221, class=java.util.HashMap$Node@500000c4)
	key		5000201b
	value		5000201a
OBJ 50002523 (sz=32, trace=300222, class=java.util.HashMap$Node@500000c4)
	key		500026da
	value		500026d9
OBJ 50002524 (sz=32, trace=300221, class=java.util.HashMap$Node@500000c4)
	key		50001ca5
	value		50001ca4
OBJ 50002525 (sz=32, trace=300221, class=java.util.HashMap$Node@500000c4)
	key		50001fd7
	value		50001fd6
OBJ 50002526 (sz=32, trace=300221, class=java.util.HashMap$Node@500000c4)
	key		500029b4
	value		500029b3
OBJ 50002527 (sz=32, trace=300221, class=java.util.HashMap$Node@500000c4)
	key		50002102
	value		50002101
OBJ 50002528 (sz=32, trace=300221, class=java.util.HashMap$Node@500000c4)
	key		50002960
	value		5000295f
OBJ 50002529 (sz=32, trace=300221, class=java.util.HashMap$Node@500000c4)
	key		50002828
	value		50002827
OBJ 5000252a (sz=32, trace=300221, class=java.util.HashMap$Node@500000c4)
	key		500029f0
	value		500029ef
OBJ 5000252b (sz=32, trace=300222, class=java.util.HashMap$Node@500000c4)
	key		500028c0
	value		500028bf
OBJ 5000252c (sz=32, trace=300221, class=java.util.HashMap$Node@500000c4)
	key		500021b6
	value		500021b5
OBJ 5000252d (sz=32, trace=300222, class=java.util.HashMap$Node@500000c4)
	key		50002391
	value		50002390
OBJ 5000252e (sz=32, trace=300221, class=java.util.HashMap$Node@500000c4)
	key		500022e1
	value		500022e0
OBJ 5000252f (sz=32, trace=300221, class=java.util.HashMap$Node@500000c4)
	key		500021a0
	value		5000219e
OBJ 50002530 (sz=32, trace=300221, class=java.util.HashMap$Node@500000c4)
	key		500021e5
	value		500021e4
OBJ 50002531 (sz=32, trace=300221, class=java.util.HashMap$Node@500000c4)
	key		50002886
	value		50002885
OBJ 50002532 (sz=32, trace=300221, class=java.util.HashMap$Node@500000c4)
	key		50002752
	value		50002751
OBJ 50002533 (sz=32, trace=300221, class=java.util.HashMap$Node@500000c4)
	key		5000286a
	value		50002869
OBJ 50002534 (sz=32, trace=300222, class=java.util.HashMap$Node@500000c4)
	key		50001ffc
	value		50001ffb
	next		5000257a
OBJ 50002535 (sz=32, trace=300222, class=java.util.HashMap$Node@500000c4)
	key		50002948
	value		50002947
OBJ 50002536 (sz=32, trace=300221, class=java.util.HashMap$Node@500000c4)
	key		50002083
	value		50002082
	next		5000257c
OBJ 50002537 (sz=32, trace=300221, class=java.util.HashMap$Node@500000c4)
	key		500022f1
	value		500022f0
OBJ 50002538 (sz=32, trace=300221, class=java.util.HashMap$Node@500000c4)
	key		5000291e
	value		5000291d
OBJ 50002539 (sz=32, trace=300221, class=java.util.HashMap$Node@500000c4)
	key		500028c8
	value		500028c7
OBJ 5000253a (sz=32, trace=300222, class=java.util.HashMap$Node@500000c4)
	key		50002a04
	value		50002a03
OBJ 5000253b (sz=32, trace=300221, class=java.util.HashMap$Node@500000c4)
	key		50002790
	value		5000278f
OBJ 5000253c (sz=32, trace=300221, class=java.util.HashMap$Node@500000c4)
	key		50001dbc
	value		50001dbb
OBJ 5000253d (sz=32, trace=300221, class=java.util.HashMap$Node@500000c4)
	key		50002a1c
	value		50002a1b
OBJ 5000253e (sz=32, trace=300221, class=java.util.HashMap$Node@500000c4)
	key		5000228b
	value		50002286
OBJ 5000253f (sz=32, trace=300221, class=java.util.HashMap$Node@500000c4)
	key		500022fd
	value		500022fc
OBJ 50002540 (sz=32, trace=300221, class=java.util.HashMap$Node@500000c4)
	key		50002046
	value		50001e50
OBJ 50002541 (sz=32, trace=300222, class=java.util.HashMap$Node@500000c4)
	key		50001c9d
	value		50001c9c
OBJ 50002542 (sz=32, trace=300221, class=java.util.HashMap$Node@500000c4)
	key		500020d7
	value		500020d6
OBJ 50002543 (sz=32, trace=300221, class=java.util.HashMap$Node@500000c4)
	key		5000214b
	value		50002031
	next		500025f1
OBJ 50002544 (sz=32, trace=300222, class=java.util.HashMap$Node@500000c4)
	key		50001e44
	value		50001e43
OBJ 50002545 (sz=32, trace=300221, class=java.util.HashMap$Node@500000c4)
	key		500020e3
	value		500020e1
OBJ 50002546 (sz=32, trace=300221, class=java.util.HashMap$Node@500000c4)
	key		500027ea
	value		500027e9
OBJ 50002547 (sz=32, trace=300222, class=java.util.HashMap$Node@500000c4)
	key		500026f6
	value		500026f5
	next		50002592
OBJ 50002548 (sz=32, trace=300221, class=java.util.HashMap$Node@500000c4)
	key		500026d2
	value		500026d1
OBJ 50002549 (sz=32, trace=300221, class=java.util.HashMap$Node@500000c4)
	key		500022a7
	value		500022a6
	next		500025ca
OBJ 5000254a (sz=32, trace=300221, class=java.util.HashMap$Node@500000c4)
	key		5000229b
	value		5000229a
OBJ 5000254b (sz=32, trace=300221, class=java.util.HashMap$Node@500000c4)
	key		500022b9
	value		500022b6
OBJ 5000254c (sz=32, trace=300222, class=java.util.HashMap$Node@500000c4)
	key		50001d63
	value		50001d62
OBJ 5000254d (sz=32, trace=300222, class=java.util.HashMap$Node@500000c4)
	key		50001d34
	value		50001d33
OBJ 5000254e (sz=32, trace=300222, class=java.util.HashMap$Node@500000c4)
	key		50001d11
	value		50000d2f
OBJ 5000254f (sz=32, trace=300222, class=java.util.HashMap$Node@500000c4)
	key		50002830
	value		5000282f
	next		500025fe
OBJ 50002550 (sz=32, trace=300222, class=java.util.HashMap$Node@500000c4)
	key		500028b2
	value		500028b1
	next		500025bb
OBJ 50002551 (sz=32, trace=300221, class=java.util.HashMap$Node@500000c4)
	key		50001e34
	value		50001b61
OBJ 50002552 (sz=32, trace=300222, class=java.util.HashMap$Node@500000c4)
	key		50002379
	value		50002378
OBJ 50002553 (sz=32, trace=300221, class=java.util.HashMap$Node@500000c4)
	key		50001cca
	value		50001cc9
OBJ 50002554 (sz=32, trace=300222, class=java.util.HashMap$Node@500000c4)
	key		500029a2
	value		500029a1
OBJ 50002555 (sz=32, trace=300222, class=java.util.HashMap$Node@500000c4)
	key		50002926
	value		50002925
OBJ 50002556 (sz=32, trace=300221, class=java.util.HashMap$Node@500000c4)
	key		50001eb7
	value		50001eb3
OBJ 50002557 (sz=32, trace=300221, class=java.util.HashMap$Node@500000c4)
	key		500027e6
	value		500027e5
OBJ 50002558 (sz=32, trace=300221, class=java.util.HashMap$Node@500000c4)
	key		50002940
	value		5000293f
OBJ 50002559 (sz=32, trace=300222, class=java.util.HashMap$Node@500000c4)
	key		5000200f
	value		5000200e
OBJ 5000255a (sz=32, trace=300221, class=java.util.HashMap$Node@500000c4)
	key		500020e8
	value		500020e7
OBJ 5000255b (sz=32, trace=300221, class=java.util.HashMap$Node@500000c4)
	key		50002903
	value		5000220f
OBJ 5000255c (sz=32, trace=300222, class=java.util.HashMap$Node@500000c4)
	key		5000234d
	value		5000234c
OBJ 5000255d (sz=32, trace=300222, class=java.util.HashMap$Node@500000c4)
	key		50002183
	value		50002182
OBJ 5000255e (sz=32, trace=300222, class=java.util.HashMap$Node@500000c4)
	key		50002968
	value		50002967
OBJ 5000255f (sz=32, trace=300221, class=java.util.HashMap$Node@500000c4)
	key		5000295c
	value		5000295b
OBJ 50002560 (sz=32, trace=300222, class=java.util.HashMap$Node@500000c4)
	key		500021f8
	value		500021f7
OBJ 50002561 (sz=32, trace=300221, class=java.util.HashMap$Node@500000c4)
	key		50001d7f
	value		50001d7e
OBJ 50002562 (sz=32, trace=300221, class=java.util.HashMap$Node@500000c4)
	key		5000209f
	value		50002095
OBJ 50002563 (sz=32, trace=300221, class=java.util.HashMap$Node@500000c4)
	key		50002193
	value		50002192
OBJ 50002564 (sz=32, trace=300222, class=java.util.HashMap$Node@500000c4)
	key		50002776
	value		50002775
OBJ 50002565 (sz=32, trace=300221, class=java.util.HashMap$Node@500000c4)
	key		50002a23
	value		50002817
OBJ 50002566 (sz=32, trace=300221, class=java.util.HashMap$Node@500000c4)
	key		50002814
	value		50002813
OBJ 50002567 (sz=32, trace=300222, class=java.util.HashMap$Node@500000c4)
	key		50002809
	value		500022e4
OBJ 50002568 (sz=32, trace=300222, class=java.util.HashMap$Node@500000c4)
	key		50002111
	value		50002110
OBJ 50002569 (sz=32, trace=300221, class=java.util.HashMap$Node@500000c4)
	key		50001d67
	value		50001d66
OBJ 5000256a (sz=32, trace=300222, class=java.util.HashMap$Node@500000c4)
	key		500021dd
	value		500021dc
OBJ 5000256b (sz=32, trace=300221, class=java.util.HashMap$Node@500000c4)
	key		500020a3
	value		500020a2
OBJ 5000256c (sz=32, trace=300221, class=java.util.HashMap$Node@500000c4)
	key		50001d9d
	value		50001d9c
OBJ 5000256d (sz=32, trace=300221, class=java.util.HashMap$Node@500000c4)
	key		5000206c
	value		5000206b
	next		5000259a
OBJ 5000256e (sz=32, trace=300221, class=java.util.HashMap$Node@500000c4)
	key		500026a2
	value		500026a1
OBJ 5000256f (sz=32, trace=300221, class=java.util.HashMap$Node@500000c4)
	key		500022d9
	value		500022d8
	next		500025b2
OBJ 50002570 (sz=32, trace=300221, class=java.util.HashMap$Node@500000c4)
	key		50001c40
	value		50001c3f
OBJ 50002571 (sz=32, trace=300222, class=java.util.HashMap$Node@500000c4)
	key		50002a18
	value		50002a17
OBJ 50002572 (sz=32, trace=300222, class=java.util.HashMap$Node@500000c4)
	key		50001c58
	value		50001c57
	next		50002595
OBJ 50002573 (sz=32, trace=300221, class=java.util.HashMap$Node@500000c4)
	key		50001c2a
	value		50001c28
OBJ 50002574 (sz=32, trace=300222, class=java.util.HashMap$Node@500000c4)
	key		5000272a
	value		50002729
OBJ 50002575 (sz=32, trace=300221, class=java.util.HashMap$Node@500000c4)
	key		5000203c
	value		5000203b
OBJ 50002576 (sz=32, trace=300221, class=java.util.HashMap$Node@500000c4)
	key		50002329
	value		50002328
	next		5000260c
OBJ 50002577 (sz=32, trace=300221, class=java.util.HashMap$Node@500000c4)
	key		50002026
	value		50002025
OBJ 50002578 (sz=32, trace=300222, class=java.util.HashMap$Node@500000c4)
	key		500022a3
	value		500022a2
OBJ 50002579 (sz=32, trace=300221, class=java.util.HashMap$Node@500000c4)
	key		500021b1
	value		500021ad
OBJ 5000257a (sz=32, trace=300222, class=java.util.HashMap$Node@500000c4)
	key		50002000
	value		50001fff
OBJ 5000257b (sz=32, trace=300222, class=java.util.HashMap$Node@500000c4)
	key		500028d8
	value		500028d7
	next		500025c8
OBJ 5000257c (sz=32, trace=300222, class=java.util.HashMap$Node@500000c4)
	key		50002087
	value		50002086
OBJ 5000257d (sz=32, trace=300222, class=java.util.HashMap$Node@500000c4)
	key		500027f6
	value		500027f5
	next		500025bd
OBJ 5000257e (sz=32, trace=300222, class=java.util.HashMap$Node@500000c4)
	key		50002032
	value		50002031
OBJ 5000257f (sz=32, trace=300221, class=java.util.HashMap$Node@500000c4)
	key		5000293c
	value		5000293b
OBJ 50002580 (sz=32, trace=300221, class=java.util.HashMap$Node@500000c4)
	key		500029f8
	value		500029f7
OBJ 50002581 (sz=32, trace=300221, class=java.util.HashMap$Node@500000c4)
	key		50001bd6
	value		50001bd5
OBJ 50002582 (sz=32, trace=300221, class=java.util.HashMap$Node@500000c4)
	key		50002838
	value		50002837
OBJ 50002583 (sz=32, trace=300221, class=java.util.HashMap$Node@500000c4)
	key		50002239
	value		50002238
OBJ 50002584 (sz=32, trace=300221, class=java.util.HashMap$Node@500000c4)
	key		500027e2
	value		500027e1
OBJ 50002585 (sz=32, trace=300221, class=java.util.HashMap$Node@500000c4)
	key		50002355
	value		50002354
OBJ 50002586 (sz=32, trace=300221, class=java.util.HashMap$Node@500000c4)
	key		50001ee1
	value		50001ea8
	next		500025b0
OBJ 50002587 (sz=32, trace=300221, class=java.util.HashMap$Node@500000c4)
	key		500029c7
	value		50002318
	next		500025a0
OBJ 50002588 (sz=32, trace=300221, class=java.util.HashMap$Node@500000c4)
	key		50002176
	value		50001ea8
OBJ 50002589 (sz=32, trace=300221, class=java.util.HashMap$Node@500000c4)
	key		50002068
	value		50002067
OBJ 5000258a (sz=32, trace=300222, class=java.util.HashMap$Node@500000c4)
	key		500023a5
	value		500023a4
OBJ 5000258b (sz=32, trace=300221, class=java.util.HashMap$Node@500000c4)
	key		50002712
	value		50002711
OBJ 5000258c (sz=32, trace=300221, class=java.util.HashMap$Node@500000c4)
	key		50002123
	value		50002121
OBJ 5000258d (sz=32, trace=300222, class=java.util.HashMap$Node@500000c4)
	key		50002a2a
	value		50002a29
OBJ 5000258e (sz=32, trace=300222, class=java.util.HashMap$Node@500000c4)
	key		50001ea9
	value		50001ea8
OBJ 5000258f (sz=32, trace=300221, class=java.util.HashMap$Node@500000c4)
	key		50002319
	value		50002318
	next		500025ed
OBJ 50002590 (sz=32, trace=300221, class=java.util.HashMap$Node@500000c4)
	key		50002993
	value		50001ea8
OBJ 50002591 (sz=32, trace=300222, class=java.util.HashMap$Node@500000c4)
	key		50002315
	value		50002314
OBJ 50002592 (sz=32, trace=300222, class=java.util.HashMap$Node@500000c4)
	key		500026fa
	value		500026f9
OBJ 50002593 (sz=32, trace=300221, class=java.util.HashMap$Node@500000c4)
	key		500027bc
	value		500027bb
OBJ 50002594 (sz=32, trace=300221, class=java.util.HashMap$Node@500000c4)
	key		5000205b
	value		5000205a
OBJ 50002595 (sz=32, trace=300222, class=java.util.HashMap$Node@500000c4)
	key		50001c5c
	value		50001c5b
OBJ 50002596 (sz=32, trace=300221, class=java.util.HashMap$Node@500000c4)
	key		5000239d
	value		5000239c
OBJ 50002597 (sz=32, trace=300221, class=java.util.HashMap$Node@500000c4)
	key		50002197
	value		50002196
OBJ 50002598 (sz=32, trace=300222, class=java.util.HashMap$Node@500000c4)
	key		50001bf3
	value		50001bf2
OBJ 50002599 (sz=32, trace=300221, class=java.util.HashMap$Node@500000c4)
	key		50002824
	value		50002823
OBJ 5000259a (sz=32, trace=300222, class=java.util.HashMap$Node@500000c4)
	key		50002074
	value		50002073
OBJ 5000259b (sz=32, trace=300221, class=java.util.HashMap$Node@500000c4)
	key		50001ca1
	value		50001ca0
OBJ 5000259c (sz=32, trace=300221, class=java.util.HashMap$Node@500000c4)
	key		500021e1
	value		500021e0
OBJ 5000259d (sz=32, trace=300221, class=java.util.HashMap$Node@500000c4)
	key		50001bcc
	value		50001bcb
OBJ 5000259e (sz=32, trace=300221, class=java.util.HashMap$Node@500000c4)
	key		500021fc
	value		500021fb
OBJ 5000259f (sz=32, trace=300222, class=java.util.HashMap$Node@500000c4)
	key		50002138
	value		50002136
	next		50002604
OBJ 500025a0 (sz=32, trace=300222, class=java.util.HashMap$Node@500000c4)
	key		500029ca
	value		500029c9
OBJ 500025a1 (sz=32, trace=300222, class=java.util.HashMap$Node@500000c4)
	key		50001d5a
	value		50001d59
OBJ 500025a2 (sz=32, trace=300222, class=java.util.HashMap$Node@500000c4)
	key		50002341
	value		50002340
OBJ 500025a3 (sz=32, trace=300221, class=java.util.HashMap$Node@500000c4)
	key		50002794
	value		50002793
	next		500025d1
OBJ 500025a4 (sz=32, trace=300222, class=java.util.HashMap$Node@500000c4)
	key		50001e8a
	value		50001e89
	next		500025c7
OBJ 500025a5 (sz=32, trace=300222, class=java.util.HashMap$Node@500000c4)
	key		5000288e
	value		5000288d
OBJ 500025a6 (sz=32, trace=300221, class=java.util.HashMap$Node@500000c4)
	key		5000284a
	value		50002849
OBJ 500025a7 (sz=32, trace=300221, class=java.util.HashMap$Node@500000c4)
	key		50002866
	value		50002865
OBJ 500025a8 (sz=32, trace=300221, class=java.util.HashMap$Node@500000c4)
	key		50002246
	value		5000212e
OBJ 500025a9 (sz=32, trace=300221, class=java.util.HashMap$Node@500000c4)
	key		5000212f
	value		5000212e
OBJ 500025aa (sz=32, trace=300221, class=java.util.HashMap$Node@500000c4)
	key		500020fa
	value		500020f9
	next		500025c1
OBJ 500025ab (sz=32, trace=300221, class=java.util.HashMap$Node@500000c4)
	key		50001dc4
	value		50001dc3
OBJ 500025ac (sz=32, trace=300221, class=java.util.HashMap$Node@500000c4)
	key		50001cc5
	value		50001cc4
OBJ 500025ad (sz=32, trace=300222, class=java.util.HashMap$Node@500000c4)
	key		50001d79
	value		50001d78
OBJ 500025ae (sz=32, trace=300221, class=java.util.HashMap$Node@500000c4)
	key		500028cc
	value		500028cb
OBJ 500025af (sz=32, trace=300221, class=java.util.HashMap$Node@500000c4)
	key		50001cfa
	value		50001cf9
OBJ 500025b0 (sz=32, trace=300222, class=java.util.HashMap$Node@500000c4)
	key		50001ee7
	value		50001ee6
OBJ 500025b1 (sz=32, trace=300222, class=java.util.HashMap$Node@500000c4)
	key		50001c6c
	value		50001c6b
OBJ 500025b2 (sz=32, trace=300222, class=java.util.HashMap$Node@500000c4)
	key		500022dd
	value		500022dc
OBJ 500025b3 (sz=32, trace=300221, class=java.util.HashMap$Node@500000c4)
	key		50001da1
	value		50001da0
OBJ 500025b4 (sz=32, trace=300221, class=java.util.HashMap$Node@500000c4)
	key		50001e76
	value		50001e74
	next		500025e8
OBJ 500025b5 (sz=32, trace=300222, class=java.util.HashMap$Node@500000c4)
	key		50002852
	value		50002851
OBJ 500025b6 (sz=32, trace=300221, class=java.util.HashMap$Node@500000c4)
	key		50001b7a
	value		50001b79
OBJ 500025b7 (sz=32, trace=300222, class=java.util.HashMap$Node@500000c4)
	key		50001ce6
	value		50001ce5
OBJ 500025b8 (sz=32, trace=300222, class=java.util.HashMap$Node@500000c4)
	key		500022e9
	value		500022e8
OBJ 500025b9 (sz=32, trace=300221, class=java.util.HashMap$Node@500000c4)
	key		5000222d
	value		5000222c
	next		500025c2
OBJ 500025ba (sz=32, trace=300221, class=java.util.HashMap$Node@500000c4)
	key		50002331
	value		50002330
OBJ 500025bb (sz=32, trace=300222, class=java.util.HashMap$Node@500000c4)
	key		500028b5
	value		50001cfd
OBJ 500025bc (sz=32, trace=300222, class=java.util.HashMap$Node@500000c4)
	key		500028a6
	value		500028a5
	next		500025dd
OBJ 500025bd (sz=32, trace=300222, class=java.util.HashMap$Node@500000c4)
	key		500027fa
	value		500027f9
OBJ 500025be (sz=32, trace=300221, class=java.util.HashMap$Node@500000c4)
	key		5000297c
	value		5000297b
OBJ 500025bf (sz=32, trace=300222, class=java.util.HashMap$Node@500000c4)
	key		50001bb0
	value		50001baf
OBJ 500025c0 (sz=32, trace=300221, class=java.util.HashMap$Node@500000c4)
	key		50001bd0
	value		50001bcf
OBJ 500025c1 (sz=32, trace=300222, class=java.util.HashMap$Node@500000c4)
	key		500020fe
	value		500020fd
OBJ 500025c2 (sz=32, trace=300222, class=java.util.HashMap$Node@500000c4)
	key		50002231
	value		50002230
OBJ 500025c3 (sz=32, trace=300221, class=java.util.HashMap$Node@500000c4)
	key		50002840
	value		5000283f
OBJ 500025c4 (sz=32, trace=300222, class=java.util.HashMap$Node@500000c4)
	key		500027b0
	value		500027af
OBJ 500025c5 (sz=32, trace=300221, class=java.util.HashMap$Node@500000c4)
	key		50001fe0
	value		50001fdf
OBJ 500025c6 (sz=32, trace=300221, class=java.util.HashMap$Node@500000c4)
	key		50002954
	value		50002953
OBJ 500025c7 (sz=32, trace=300222, class=java.util.HashMap$Node@500000c4)
	key		50001e8e
	value		50001e8d
OBJ 500025c8 (sz=32, trace=300222, class=java.util.HashMap$Node@500000c4)
	key		500028dc
	value		500028db
	next		50002610
OBJ 500025c9 (sz=32, trace=300221, class=java.util.HashMap$Node@500000c4)
	key		50001df1
	value		50001df0
OBJ 500025ca (sz=32, trace=300222, class=java.util.HashMap$Node@500000c4)
	key		500022ab
	value		500022aa
OBJ 500025cb (sz=32, trace=300221, class=java.util.HashMap$Node@500000c4)
	key		500027a0
	value		5000279f
OBJ 500025cc (sz=32, trace=300221, class=java.util.HashMap$Node@500000c4)
	key		500022d5
	value		500022d4
OBJ 500025cd (sz=32, trace=300221, class=java.util.HashMap$Node@500000c4)
	key		50001fb6
	value		50001fb5
OBJ 500025ce (sz=32, trace=300221, class=java.util.HashMap$Node@500000c4)
	key		5000220c
	value		5000220b
OBJ 500025cf (sz=32, trace=300221, class=java.util.HashMap$Node@500000c4)
	key		50001d2a
	value		50001d24
OBJ 500025d0 (sz=32, trace=300221, class=java.util.HashMap$Node@500000c4)
	key		50002127
	value		50002126
OBJ 500025d1 (sz=32, trace=300222, class=java.util.HashMap$Node@500000c4)
	key		50002798
	value		50002797
OBJ 500025d2 (sz=32, trace=300221, class=java.util.HashMap$Node@500000c4)
	key		50002043
	value		50002042
OBJ 500025d3 (sz=32, trace=300222, class=java.util.HashMap$Node@500000c4)
	key		500029dc
	value		500029db
OBJ 500025d4 (sz=32, trace=300221, class=java.util.HashMap$Node@500000c4)
	key		50001c13
	value		50001c12
	next		500025f7
OBJ 500025d5 (sz=32, trace=300221, class=java.util.HashMap$Node@500000c4)
	key		50002856
	value		50002855
OBJ 500025d6 (sz=32, trace=300221, class=java.util.HashMap$Node@500000c4)
	key		50001b9e
	value		50001b9d
OBJ 500025d7 (sz=32, trace=300221, class=java.util.HashMap$Node@500000c4)
	key		500026b2
	value		500026b1
OBJ 500025d8 (sz=32, trace=300221, class=java.util.HashMap$Node@500000c4)
	key		500022cd
	value		500022cc
OBJ 500025d9 (sz=32, trace=300221, class=java.util.HashMap$Node@500000c4)
	key		5000277d
	value		50002350
OBJ 500025da (sz=32, trace=300221, class=java.util.HashMap$Node@500000c4)
	key		50001cbb
	value		50001cba
OBJ 500025db (sz=32, trace=300221, class=java.util.HashMap$Node@500000c4)
	key		500026fe
	value		500026fd
OBJ 500025dc (sz=32, trace=300221, class=java.util.HashMap$Node@500000c4)
	key		50002399
	value		50002398
OBJ 500025dd (sz=32, trace=300222, class=java.util.HashMap$Node@500000c4)
	key		500028aa
	value		500028a9
OBJ 500025de (sz=32, trace=300221, class=java.util.HashMap$Node@500000c4)
	key		500023a9
	value		500023a8
OBJ 500025df (sz=32, trace=300221, class=java.util.HashMap$Node@500000c4)
	key		50001d87
	value		50001d86
OBJ 500025e0 (sz=32, trace=300222, class=java.util.HashMap$Node@500000c4)
	key		50002274
	value		50002273
OBJ 500025e1 (sz=32, trace=300222, class=java.util.HashMap$Node@500000c4)
	key		50001db8
	value		50001db6
OBJ 500025e2 (sz=32, trace=300221, class=java.util.HashMap$Node@500000c4)
	key		5000202a
	value		50002029
OBJ 500025e3 (sz=32, trace=300222, class=java.util.HashMap$Node@500000c4)
	key		50002361
	value		50002360
OBJ 500025e4 (sz=32, trace=300221, class=java.util.HashMap$Node@500000c4)
	key		500028f8
	value		500028f7
OBJ 500025e5 (sz=32, trace=300222, class=java.util.HashMap$Node@500000c4)
	key		50002225
	value		50002224
	next		5000260d
OBJ 500025e6 (sz=32, trace=300221, class=java.util.HashMap$Node@500000c4)
	key		50001dec
	value		50001deb
OBJ 500025e7 (sz=32, trace=300221, class=java.util.HashMap$Node@500000c4)
	key		500027c3
	value		5000270d
OBJ 500025e8 (sz=32, trace=300222, class=java.util.HashMap$Node@500000c4)
	key		50001e7e
	value		50001e7d
OBJ 500025e9 (sz=32, trace=300222, class=java.util.HashMap$Node@500000c4)
	key		500021be
	value		500021bd
OBJ 500025ea (sz=32, trace=300221, class=java.util.HashMap$Node@500000c4)
	key		500021cd
	value		500021ca
OBJ 500025eb (sz=32, trace=300221, class=java.util.HashMap$Node@500000c4)
	key		50001d02
	value		50001d01
OBJ 500025ec (sz=32, trace=300221, class=java.util.HashMap$Node@500000c4)
	key		50002900
	value		500028ff
OBJ 500025ed (sz=32, trace=300222, class=java.util.HashMap$Node@500000c4)
	key		5000231d
	value		5000231c
OBJ 500025ee (sz=32, trace=300222, class=java.util.HashMap$Node@500000c4)
	key		50002369
	value		50002368
OBJ 500025ef (sz=32, trace=300221, class=java.util.HashMap$Node@500000c4)
	key		50001d06
	value		50001d05
OBJ 500025f0 (sz=32, trace=300222, class=java.util.HashMap$Node@500000c4)
	key		50001b90
	value		50001b8f
OBJ 500025f1 (sz=32, trace=300222, class=java.util.HashMap$Node@500000c4)
	key		5000214e
	value		5000214d
OBJ 500025f2 (sz=32, trace=300222, class=java.util.HashMap$Node@500000c4)
	key		50002389
	value		50002388
OBJ 500025f3 (sz=32, trace=300221, class=java.util.HashMap$Node@500000c4)
	key		50002214
	value		50002213
OBJ 500025f4 (sz=32, trace=300221, class=java.util.HashMap$Node@500000c4)
	key		50001ead
	value		50001eac
OBJ 500025f5 (sz=32, trace=300221, class=java.util.HashMap$Node@500000c4)
	key		50001cfe
	value		50001cfd
OBJ 500025f6 (sz=32, trace=300221, class=java.util.HashMap$Node@500000c4)
	key		50002984
	value		50002983
OBJ 500025f7 (sz=32, trace=300222, class=java.util.HashMap$Node@500000c4)
	key		50001c17
	value		50001c16
OBJ 500025f8 (sz=32, trace=300222, class=java.util.HashMap$Node@500000c4)
	key		500021aa
	value		500021a9
OBJ 500025f9 (sz=32, trace=300221, class=java.util.HashMap$Node@500000c4)
	key		50002395
	value		50002394
OBJ 500025fa (sz=32, trace=300221, class=java.util.HashMap$Node@500000c4)
	key		50001ed5
	value		50001ed4
OBJ 500025fb (sz=32, trace=300221, class=java.util.HashMap$Node@500000c4)
	key		50002049
	value		50002048
OBJ 500025fc (sz=32, trace=300221, class=java.util.HashMap$Node@500000c4)
	key		500026de
	value		500026dd
OBJ 500025fd (sz=32, trace=300222, class=java.util.HashMap$Node@500000c4)
	key		5000230d
	value		5000230c
OBJ 500025fe (sz=32, trace=300222, class=java.util.HashMap$Node@500000c4)
	key		50002834
	value		50002833
OBJ 500025ff (sz=32, trace=300221, class=java.util.HashMap$Node@500000c4)
	key		5000218f
	value		5000218e
OBJ 50002600 (sz=32, trace=300221, class=java.util.HashMap$Node@500000c4)
	key		500026ee
	value		500026ed
OBJ 50002601 (sz=32, trace=300221, class=java.util.HashMap$Node@500000c4)
	key		50002007
	value		50002006
OBJ 50002602 (sz=32, trace=300221, class=java.util.HashMap$Node@500000c4)
	key		50002381
	value		50002380
OBJ 50002603 (sz=32, trace=300221, class=java.util.HashMap$Node@500000c4)
	key		50002702
	value		50002701
OBJ 50002604 (sz=32, trace=300222, class=java.util.HashMap$Node@500000c4)
	key		5000213c
	value		5000213b
OBJ 50002605 (sz=32, trace=300222, class=java.util.HashMap$Node@500000c4)
	key		5000224d
	value		5000224c
OBJ 50002606 (sz=32, trace=300221, class=java.util.HashMap$Node@500000c4)
	key		50001fed
	value		50001dcd
OBJ 50002607 (sz=32, trace=300221, class=java.util.HashMap$Node@500000c4)
	key		500027ce
	value		500027cd
OBJ 50002608 (sz=32, trace=300221, class=java.util.HashMap$Node@500000c4)
	key		5000236d
	value		5000236c
OBJ 50002609 (sz=32, trace=300222, class=java.util.HashMap$Node@500000c4)
	key		50001cf6
	value		50001cf5
OBJ 5000260a (sz=32, trace=300221, class=java.util.HashMap$Node@500000c4)
	key		500026e2
	value		500026e1
OBJ 5000260b (sz=32, trace=300222, class=java.util.HashMap$Node@500000c4)
	key		500028f0
	value		500028ef
OBJ 5000260c (sz=32, trace=300222, class=java.util.HashMap$Node@500000c4)
	key		5000232d
	value		5000232c
OBJ 5000260d (sz=32, trace=300222, class=java.util.HashMap$Node@500000c4)
	key		50002229
	value		50002228
OBJ 5000260e (sz=32, trace=300221, class=java.util.HashMap$Node@500000c4)
	key		50001c23
	value		50001c22
OBJ 5000260f (sz=32, trace=300221, class=java.util.HashMap$Node@500000c4)
	key		50002892
	value		50002891
OBJ 50002610 (sz=32, trace=300222, class=java.util.HashMap$Node@500000c4)
	key		500028e0
	value		500028df
OBJ 50002611 (sz=32, trace=300222, class=java.util.HashMap$Node@500000c4)
	key		50001d19
	value		50001d18
OBJ 50002612 (sz=32, trace=300221, class=java.util.HashMap$Node@500000c4)
	key		50002862
	value		50002861
OBJ 50002613 (sz=32, trace=300222, class=java.util.HashMap$Node@500000c4)
	key		5000227e
	value		5000227d
OBJ 50002614 (sz=32, trace=300222, class=java.util.HashMap$Node@500000c4)
	key		50001de8
	value		50001de7
OBJ 50002615 (sz=32, trace=300221, class=java.util.HashMap$Node@500000c4)
	key		50001c48
	value		50001c47
OBJ 50002616 (sz=32, trace=300221, class=java.util.HashMap$Node@500000c4)
	key		500029b8
	value		500029b7
OBJ 50002617 (sz=32, trace=300221, class=java.util.HashMap$Node@500000c4)
	key		500027de
	value		500027dd
OBJ 50002618 (sz=32, trace=300222, class=java.util.HashMap$Node@500000c4)
	key		500020c1
	value		500020c0
OBJ 50002619 (sz=32, trace=300221, class=java.util.HashMap$Node@500000c4)
	key		5000237d
	value		5000237c
OBJ 5000261a (sz=24, trace=300000, class=java.lang.String@5000016e)
	value		5000261b
ARR 5000261b (sz=54, trace=300000, nelems=27, elem type=char[])
ARR 5000261c (sz=36, trace=300000, nelems=18, elem type=char[])
OBJ 5000261d (sz=24, trace=300000, class=java.lang.String@5000016e)
	value		50002620
OBJ 5000261e (sz=24, trace=300000, class=java.lang.String@5000016e)
	value		5000261f
ARR 5000261f (sz=84, trace=300000, nelems=42, elem type=char[])
ARR 50002620 (sz=72, trace=300000, nelems=36, elem type=char[])
OBJ 50002621 (sz=24, trace=300000, class=java.lang.String@5000016e)
	value		500026a0
ARR 50002622 (sz=416, trace=301748, nelems=0, elem type=java.lang.Object[][]@50001fd5)
ARR 50002623 (sz=24, trace=301749, nelems=0, elem type=java.lang.Object[]@50000108)
ARR 50002624 (sz=24, trace=301750, nelems=0, elem type=java.lang.Object[]@50000108)
ARR 50002625 (sz=24, trace=301751, nelems=0, elem type=java.lang.Object[]@50000108)
ARR 50002626 (sz=24, trace=301752, nelems=0, elem type=java.lang.Object[]@50000108)
ARR 50002627 (sz=24, trace=301753, nelems=0, elem type=java.lang.Object[]@50000108)
ARR 50002628 (sz=24, trace=301754, nelems=0, elem type=java.lang.Object[]@50000108)
ARR 50002629 (sz=24, trace=301755, nelems=0, elem type=java.lang.Object[]@50000108)
ARR 5000262a (sz=24, trace=301756, nelems=0, elem type=java.lang.Object[]@50000108)
ARR 5000262b (sz=24, trace=301757, nelems=0, elem type=java.lang.Object[]@50000108)
ARR 5000262c (sz=24, trace=301758, nelems=0, elem type=java.lang.Object[]@50000108)
ARR 5000262d (sz=24, trace=301759, nelems=0, elem type=java.lang.Object[]@50000108)
ARR 5000262e (sz=24, trace=301760, nelems=0, elem type=java.lang.Object[]@50000108)
ARR 5000262f (sz=24, trace=301761, nelems=0, elem type=java.lang.Object[]@50000108)
ARR 50002630 (sz=24, trace=301762, nelems=0, elem type=java.lang.Object[]@50000108)
ARR 50002631 (sz=24, trace=301763, nelems=0, elem type=java.lang.Object[]@50000108)
ARR 50002632 (sz=24, trace=301764, nelems=0, elem type=java.lang.Object[]@50000108)
ARR 50002633 (sz=24, trace=301765, nelems=0, elem type=java.lang.Object[]@50000108)
ARR 50002634 (sz=24, trace=301766, nelems=0, elem type=java.lang.Object[]@50000108)
ARR 50002635 (sz=24, trace=301767, nelems=0, elem type=java.lang.Object[]@50000108)
ARR 50002636 (sz=24, trace=301768, nelems=0, elem type=java.lang.Object[]@50000108)
ARR 50002637 (sz=24, trace=301769, nelems=0, elem type=java.lang.Object[]@50000108)
ARR 50002638 (sz=24, trace=301770, nelems=0, elem type=java.lang.Object[]@50000108)
ARR 50002639 (sz=24, trace=301771, nelems=0, elem type=java.lang.Object[]@50000108)
ARR 5000263a (sz=24, trace=301772, nelems=0, elem type=java.lang.Object[]@50000108)
ARR 5000263b (sz=24, trace=301773, nelems=0, elem type=java.lang.Object[]@50000108)
ARR 5000263c (sz=24, trace=301774, nelems=0, elem type=java.lang.Object[]@50000108)
ARR 5000263d (sz=24, trace=301775, nelems=0, elem type=java.lang.Object[]@50000108)
ARR 5000263e (sz=24, trace=301776, nelems=0, elem type=java.lang.Object[]@50000108)
ARR 5000263f (sz=24, trace=301777, nelems=0, elem type=java.lang.Object[]@50000108)
ARR 50002640 (sz=24, trace=301778, nelems=0, elem type=java.lang.Object[]@50000108)
ARR 50002641 (sz=24, trace=301779, nelems=0, elem type=java.lang.Object[]@50000108)
ARR 50002642 (sz=24, trace=301780, nelems=0, elem type=java.lang.Object[]@50000108)
ARR 50002643 (sz=24, trace=301781, nelems=0, elem type=java.lang.Object[]@50000108)
ARR 50002644 (sz=24, trace=301782, nelems=0, elem type=java.lang.Object[]@50000108)
ARR 50002645 (sz=24, trace=301783, nelems=0, elem type=java.lang.Object[]@50000108)
ARR 50002646 (sz=24, trace=301784, nelems=0, elem type=java.lang.Object[]@50000108)
ARR 50002647 (sz=24, trace=301785, nelems=0, elem type=java.lang.Object[]@50000108)
ARR 50002648 (sz=24, trace=301786, nelems=0, elem type=java.lang.Object[]@50000108)
ARR 50002649 (sz=24, trace=301787, nelems=0, elem type=java.lang.Object[]@50000108)
ARR 5000264a (sz=24, trace=301788, nelems=0, elem type=java.lang.Object[]@50000108)
ARR 5000264b (sz=24, trace=301789, nelems=0, elem type=java.lang.Object[]@50000108)
ARR 5000264c (sz=24, trace=301790, nelems=0, elem type=java.lang.Object[]@50000108)
ARR 5000264d (sz=24, trace=301791, nelems=0, elem type=java.lang.Object[]@50000108)
ARR 5000264e (sz=24, trace=301792, nelems=0, elem type=java.lang.Object[]@50000108)
ARR 5000264f (sz=24, trace=301793, nelems=0, elem type=java.lang.Object[]@50000108)
ARR 50002650 (sz=24, trace=301794, nelems=0, elem type=java.lang.Object[]@50000108)
ARR 50002651 (sz=24, trace=301795, nelems=0, elem type=java.lang.Object[]@50000108)
ARR 50002652 (sz=24, trace=301796, nelems=0, elem type=java.lang.Object[]@50000108)
ARR 50002653 (sz=24, trace=301797, nelems=0, elem type=java.lang.Object[]@50000108)
ARR 50002654 (sz=24, trace=301798, nelems=0, elem type=java.lang.Object[]@50000108)
ARR 50002655 (sz=24, trace=301799, nelems=0, elem type=java.lang.Object[]@50000108)
ARR 50002656 (sz=24, trace=301800, nelems=0, elem type=java.lang.Object[]@50000108)
ARR 50002657 (sz=24, trace=301801, nelems=0, elem type=java.lang.Object[]@50000108)
ARR 50002658 (sz=24, trace=301802, nelems=0, elem type=java.lang.Object[]@50000108)
ARR 50002659 (sz=24, trace=301803, nelems=0, elem type=java.lang.Object[]@50000108)
ARR 5000265a (sz=24, trace=301804, nelems=0, elem type=java.lang.Object[]@50000108)
ARR 5000265b (sz=24, trace=301805, nelems=0, elem type=java.lang.Object[]@50000108)
ARR 5000265c (sz=24, trace=301806, nelems=0, elem type=java.lang.Object[]@50000108)
ARR 5000265d (sz=24, trace=301807, nelems=0, elem type=java.lang.Object[]@50000108)
ARR 5000265e (sz=24, trace=301808, nelems=0, elem type=java.lang.Object[]@50000108)
ARR 5000265f (sz=24, trace=301809, nelems=0, elem type=java.lang.Object[]@50000108)
ARR 50002660 (sz=24, trace=301810, nelems=0, elem type=java.lang.Object[]@50000108)
ARR 50002661 (sz=24, trace=301811, nelems=0, elem type=java.lang.Object[]@50000108)
ARR 50002662 (sz=24, trace=301812, nelems=0, elem type=java.lang.Object[]@50000108)
ARR 50002663 (sz=24, trace=301813, nelems=0, elem type=java.lang.Object[]@50000108)
ARR 50002664 (sz=24, trace=301814, nelems=0, elem type=java.lang.Object[]@50000108)
ARR 50002665 (sz=24, trace=301815, nelems=0, elem type=java.lang.Object[]@50000108)
ARR 50002666 (sz=24, trace=301816, nelems=0, elem type=java.lang.Object[]@50000108)
ARR 50002667 (sz=24, trace=301817, nelems=0, elem type=java.lang.Object[]@50000108)
ARR 50002668 (sz=24, trace=301818, nelems=0, elem type=java.lang.Object[]@50000108)
ARR 50002669 (sz=24, trace=301819, nelems=0, elem type=java.lang.Object[]@50000108)
ARR 5000266a (sz=24, trace=301820, nelems=0, elem type=java.lang.Object[]@50000108)
ARR 5000266b (sz=24, trace=301821, nelems=0, elem type=java.lang.Object[]@50000108)
ARR 5000266c (sz=24, trace=301822, nelems=0, elem type=java.lang.Object[]@50000108)
ARR 5000266d (sz=24, trace=301823, nelems=0, elem type=java.lang.Object[]@50000108)
ARR 5000266e (sz=24, trace=301824, nelems=0, elem type=java.lang.Object[]@50000108)
ARR 5000266f (sz=24, trace=301825, nelems=0, elem type=java.lang.Object[]@50000108)
ARR 50002670 (sz=24, trace=301826, nelems=0, elem type=java.lang.Object[]@50000108)
ARR 50002671 (sz=24, trace=301827, nelems=0, elem type=java.lang.Object[]@50000108)
ARR 50002672 (sz=24, trace=301828, nelems=0, elem type=java.lang.Object[]@50000108)
ARR 50002673 (sz=24, trace=301829, nelems=0, elem type=java.lang.Object[]@50000108)
ARR 50002674 (sz=24, trace=301830, nelems=0, elem type=java.lang.Object[]@50000108)
ARR 50002675 (sz=24, trace=301831, nelems=0, elem type=java.lang.Object[]@50000108)
ARR 50002676 (sz=24, trace=301832, nelems=0, elem type=java.lang.Object[]@50000108)
ARR 50002677 (sz=24, trace=301833, nelems=0, elem type=java.lang.Object[]@50000108)
ARR 50002678 (sz=24, trace=301834, nelems=0, elem type=java.lang.Object[]@50000108)
ARR 50002679 (sz=24, trace=301835, nelems=0, elem type=java.lang.Object[]@50000108)
ARR 5000267a (sz=24, trace=301836, nelems=0, elem type=java.lang.Object[]@50000108)
ARR 5000267b (sz=24, trace=301837, nelems=0, elem type=java.lang.Object[]@50000108)
ARR 5000267c (sz=24, trace=301838, nelems=0, elem type=java.lang.Object[]@50000108)
ARR 5000267d (sz=24, trace=301839, nelems=0, elem type=java.lang.Object[]@50000108)
ARR 5000267e (sz=24, trace=301840, nelems=0, elem type=java.lang.Object[]@50000108)
ARR 5000267f (sz=24, trace=301841, nelems=0, elem type=java.lang.Object[]@50000108)
ARR 50002680 (sz=24, trace=301842, nelems=0, elem type=java.lang.Object[]@50000108)
ARR 50002681 (sz=24, trace=301843, nelems=0, elem type=java.lang.Object[]@50000108)
ARR 50002682 (sz=24, trace=301844, nelems=0, elem type=java.lang.Object[]@50000108)
ARR 50002683 (sz=24, trace=301845, nelems=0, elem type=java.lang.Object[]@50000108)
ARR 50002684 (sz=24, trace=301846, nelems=0, elem type=java.lang.Object[]@50000108)
ARR 50002685 (sz=24, trace=301847, nelems=0, elem type=java.lang.Object[]@50000108)
ARR 50002686 (sz=24, trace=301848, nelems=0, elem type=java.lang.Object[]@50000108)
OBJ 50002687 (sz=48, trace=301119, class=java.util.HashMap@500000c6)
	table		500002cd
ARR 50002688 (sz=528, trace=301120, nelems=0, elem type=java.util.HashMap$Node[]@500000c2)
OBJ 50002689 (sz=32, trace=300221, class=java.util.HashMap$Node@500000c4)
	key		50001ac0
	value		50001aab
OBJ 5000268a (sz=32, trace=300221, class=java.util.HashMap$Node@500000c4)
	key		50001ac1
	value		50001a4f
OBJ 5000268b (sz=32, trace=300221, class=java.util.HashMap$Node@500000c4)
	key		50001ac2
	value		50001aac
OBJ 5000268c (sz=32, trace=300221, class=java.util.HashMap$Node@500000c4)
	key		50001ac3
	value		50001b4d
OBJ 5000268d (sz=32, trace=300221, class=java.util.HashMap$Node@500000c4)
	key		50001ac4
	value		50001b4e
	next		50000299
OBJ 5000268e (sz=32, trace=300221, class=java.util.HashMap$Node@500000c4)
	key		50001ac5
	value		50001aad
OBJ 5000268f (sz=32, trace=300221, class=java.util.HashMap$Node@500000c4)
	key		50001ac6
	value		50001b48
OBJ 50002690 (sz=32, trace=300221, class=java.util.HashMap$Node@500000c4)
	key		50001ac7
	value		50001aae
	next		500002ad
OBJ 50002691 (sz=32, trace=300221, class=java.util.HashMap$Node@500000c4)
	key		50001ac8
	value		50001aaf
OBJ 50002692 (sz=32, trace=300221, class=java.util.HashMap$Node@500000c4)
	key		50001ac9
	value		50001ab0
OBJ 50002693 (sz=32, trace=300221, class=java.util.HashMap$Node@500000c4)
	key		50001aca
	value		50001ab1
OBJ 50002694 (sz=32, trace=300221, class=java.util.HashMap$Node@500000c4)
	key		50001acb
	value		50001ab2
	next		500002a6
OBJ 50002695 (sz=32, trace=300221, class=java.util.HashMap$Node@500000c4)
	key		50001acc
	value		50001b4b
OBJ 50002696 (sz=32, trace=300221, class=java.util.HashMap$Node@500000c4)
	key		50001acd
	value		50001b4c
OBJ 50002697 (sz=32, trace=300222, class=java.util.HashMap$Node@500000c4)
	key		50001ace
	value		50001b50
OBJ 50002698 (sz=32, trace=300221, class=java.util.HashMap$Node@500000c4)
	key		50001acf
	value		50001b55
OBJ 50002699 (sz=32, trace=300221, class=java.util.HashMap$Node@500000c4)
	key		50001ad0
	value		50001b54
	next		5000028d
OBJ 5000269a (sz=32, trace=300221, class=java.util.HashMap$Node@500000c4)
	key		50001ad1
	value		50001a5d
OBJ 5000269b (sz=32, trace=300221, class=java.util.HashMap$Node@500000c4)
	key		50001ad2
	value		50001a4a
OBJ 5000269c (sz=32, trace=300221, class=java.util.HashMap$Node@500000c4)
	key		50001ad3
	value		50001b4f
OBJ 5000269d (sz=32, trace=300221, class=java.util.HashMap$Node@500000c4)
	key		50001ad4
	value		50001a48
	next		5000026f
OBJ 5000269e (sz=32, trace=300221, class=java.util.HashMap$Node@500000c4)
	key		50001ad7
	value		50001a49
OBJ 5000269f (sz=32, trace=300221, class=java.util.HashMap$Node@500000c4)
	key		50001ad8
	value		50001a4b
	next		500003f4
ARR 500026a0 (sz=52, trace=300000, nelems=26, elem type=char[])
OBJ 500026a1 (sz=24, trace=300000, class=java.lang.String@5000016e)
	value		500026a4
OBJ 500026a2 (sz=24, trace=300000, class=java.lang.String@5000016e)
	value		500026a3
ARR 500026a3 (sz=60, trace=300000, nelems=30, elem type=char[])
ARR 500026a4 (sz=24, trace=300000, nelems=12, elem type=char[])
OBJ 500026a5 (sz=24, trace=300000, class=java.lang.String@5000016e)
	value		500026a8
OBJ 500026a6 (sz=24, trace=300000, class=java.lang.String@5000016e)
	value		500026a7
ARR 500026a7 (sz=52, trace=300000, nelems=26, elem type=char[])
ARR 500026a8 (sz=68, trace=300000, nelems=34, elem type=char[])
OBJ 500026a9 (sz=24, trace=300000, class=java.lang.String@5000016e)
	value		500026ac
OBJ 500026aa (sz=24, trace=300000, class=java.lang.String@5000016e)
	value		500026ab
ARR 500026ab (sz=78, trace=300000, nelems=39, elem type=char[])
ARR 500026ac (sz=92, trace=300000, nelems=46, elem type=char[])
OBJ 500026ad (sz=24, trace=300000, class=java.lang.String@5000016e)
	value		500026b0
OBJ 500026ae (sz=24, trace=300000, class=java.lang.String@5000016e)
	value		500026af
ARR 500026af (sz=46, trace=300000, nelems=23, elem type=char[])
ARR 500026b0 (sz=52, trace=300000, nelems=26, elem type=char[])
OBJ 500026b1 (sz=24, trace=300000, class=java.lang.String@5000016e)
	value		500026b4
OBJ 500026b2 (sz=24, trace=300000, class=java.lang.String@5000016e)
	value		500026b3
ARR 500026b3 (sz=50, trace=300000, nelems=25, elem type=char[])
ARR 500026b4 (sz=194, trace=300000, nelems=97, elem type=char[])
OBJ 500026b5 (sz=24, trace=300000, class=java.lang.String@5000016e)
	value		500026b8
OBJ 500026b6 (sz=24, trace=300000, class=java.lang.String@5000016e)
	value		500026b7
ARR 500026b7 (sz=48, trace=300000, nelems=24, elem type=char[])
ARR 500026b8 (sz=56, trace=300000, nelems=28, elem type=char[])
OBJ 500026b9 (sz=24, trace=300000, class=java.lang.String@5000016e)
	value		500026bc
OBJ 500026ba (sz=24, trace=300000, class=java.lang.String@5000016e)
	value		500026bb
ARR 500026bb (sz=92, trace=300000, nelems=46, elem type=char[])
ARR 500026bc (sz=98, trace=300000, nelems=49, elem type=char[])
OBJ 500026bd (sz=24, trace=300000, class=java.lang.String@5000016e)
	value		500026c0
OBJ 500026be (sz=24, trace=300000, class=java.lang.String@5000016e)
	value		500026bf
ARR 500026bf (sz=56, trace=300000, nelems=28, elem type=char[])
ARR 500026c0 (sz=74, trace=300000, nelems=37, elem type=char[])
OBJ 500026c1 (sz=24, trace=300000, class=java.lang.String@5000016e)
	value		500026c4
OBJ 500026c2 (sz=24, trace=300000, class=java.lang.String@5000016e)
	value		500026c3
ARR 500026c3 (sz=86, trace=300000, nelems=43, elem type=char[])
ARR 500026c4 (sz=96, trace=300000, nelems=48, elem type=char[])
OBJ 500026c5 (sz=24, trace=300000, class=java.lang.String@5000016e)
	value		500026c8
OBJ 500026c6 (sz=24, trace=300000, class=java.lang.String@5000016e)
	value		500026c7
ARR 500026c7 (sz=90, trace=300000, nelems=45, elem type=char[])
ARR 500026c8 (sz=106, trace=300000, nelems=53, elem type=char[])
OBJ 500026c9 (sz=24, trace=300000, class=java.lang.String@5000016e)
	value		500026cc
OBJ 500026ca (sz=24, trace=300000, class=java.lang.String@5000016e)
	value		500026cb
ARR 500026cb (sz=78, trace=300000, nelems=39, elem type=char[])
ARR 500026cc (sz=136, trace=300000, nelems=68, elem type=char[])
OBJ 500026cd (sz=24, trace=300000, class=java.lang.String@5000016e)
	value		500026d0
OBJ 500026ce (sz=24, trace=300000, class=java.lang.String@5000016e)
	value		500026cf
ARR 500026cf (sz=70, trace=300000, nelems=35, elem type=char[])
ARR 500026d0 (sz=38, trace=300000, nelems=19, elem type=char[])
OBJ 500026d1 (sz=24, trace=300000, class=java.lang.String@5000016e)
	value		500026d4
OBJ 500026d2 (sz=24, trace=300000, class=java.lang.String@5000016e)
	value		500026d3
ARR 500026d3 (sz=58, trace=300000, nelems=29, elem type=char[])
ARR 500026d4 (sz=12, trace=300000, nelems=6, elem type=char[])
OBJ 500026d5 (sz=24, trace=300000, class=java.lang.String@5000016e)
	value		500026d8
OBJ 500026d6 (sz=24, trace=300000, class=java.lang.String@5000016e)
	value		500026d7
ARR 500026d7 (sz=62, trace=300000, nelems=31, elem type=char[])
ARR 500026d8 (sz=24, trace=300000, nelems=12, elem type=char[])
OBJ 500026d9 (sz=24, trace=300000, class=java.lang.String@5000016e)
	value		500026dc
OBJ 500026da (sz=24, trace=300000, class=java.lang.String@5000016e)
	value		500026db
ARR 500026db (sz=80, trace=300000, nelems=40, elem type=char[])
ARR 500026dc (sz=76, trace=300000, nelems=38, elem type=char[])
OBJ 500026dd (sz=24, trace=300000, class=java.lang.String@5000016e)
	value		500026e0
OBJ 500026de (sz=24, trace=300000, class=java.lang.String@5000016e)
	value		500026df
ARR 500026df (sz=76, trace=300000, nelems=38, elem type=char[])
ARR 500026e0 (sz=176, trace=300000, nelems=88, elem type=char[])
OBJ 500026e1 (sz=24, trace=300000, class=java.lang.String@5000016e)
	value		500026e4
OBJ 500026e2 (sz=24, trace=300000, class=java.lang.String@5000016e)
	value		500026e3
ARR 500026e3 (sz=60, trace=300000, nelems=30, elem type=char[])
ARR 500026e4 (sz=64, trace=300000, nelems=32, elem type=char[])
OBJ 500026e5 (sz=24, trace=300000, class=java.lang.String@5000016e)
	value		500026e8
OBJ 500026e6 (sz=24, trace=300000, class=java.lang.String@5000016e)
	value		500026e7
ARR 500026e7 (sz=80, trace=300000, nelems=40, elem type=char[])
ARR 500026e8 (sz=94, trace=300000, nelems=47, elem type=char[])
OBJ 500026e9 (sz=24, trace=300000, class=java.lang.String@5000016e)
	value		500026ec
OBJ 500026ea (sz=24, trace=300000, class=java.lang.String@5000016e)
	value		500026eb
ARR 500026eb (sz=64, trace=300000, nelems=32, elem type=char[])
ARR 500026ec (sz=72, trace=300000, nelems=36, elem type=char[])
OBJ 500026ed (sz=24, trace=300000, class=java.lang.String@5000016e)
	value		500026f0
OBJ 500026ee (sz=24, trace=300000, class=java.lang.String@5000016e)
	value		500026ef
ARR 500026ef (sz=54, trace=300000, nelems=27, elem type=char[])
ARR 500026f0 (sz=128, trace=300000, nelems=64, elem type=char[])
OBJ 500026f1 (sz=24, trace=300000, class=java.lang.String@5000016e)
	value		500026f4
OBJ 500026f2 (sz=24, trace=300000, class=java.lang.String@5000016e)
	value		500026f3
ARR 500026f3 (sz=96, trace=300000, nelems=48, elem type=char[])
ARR 500026f4 (sz=86, trace=300000, nelems=43, elem type=char[])
OBJ 500026f5 (sz=24, trace=300000, class=java.lang.String@5000016e)
	value		500026f8
OBJ 500026f6 (sz=24, trace=300000, class=java.lang.String@5000016e)
	value		500026f7
ARR 500026f7 (sz=64, trace=300000, nelems=32, elem type=char[])
ARR 500026f8 (sz=18, trace=300000, nelems=9, elem type=char[])
OBJ 500026f9 (sz=24, trace=300000, class=java.lang.String@5000016e)
	value		500026fc
OBJ 500026fa (sz=24, trace=300000, class=java.lang.String@5000016e)
	value		500026fb
ARR 500026fb (sz=100, trace=300000, nelems=50, elem type=char[])
ARR 500026fc (sz=76, trace=300000, nelems=38, elem type=char[])
OBJ 500026fd (sz=24, trace=300000, class=java.lang.String@5000016e)
	value		50002700
OBJ 500026fe (sz=24, trace=300000, class=java.lang.String@5000016e)
	value		500026ff
ARR 500026ff (sz=76, trace=300000, nelems=38, elem type=char[])
ARR 50002700 (sz=352, trace=300000, nelems=176, elem type=char[])
OBJ 50002701 (sz=24, trace=300000, class=java.lang.String@5000016e)
	value		50002704
OBJ 50002702 (sz=24, trace=300000, class=java.lang.String@5000016e)
	value		50002703
ARR 50002703 (sz=74, trace=300000, nelems=37, elem type=char[])
ARR 50002704 (sz=120, trace=300000, nelems=60, elem type=char[])
OBJ 50002705 (sz=24, trace=300000, class=java.lang.String@5000016e)
	value		50002708
OBJ 50002706 (sz=24, trace=300000, class=java.lang.String@5000016e)
	value		50002707
ARR 50002707 (sz=58, trace=300000, nelems=29, elem type=char[])
ARR 50002708 (sz=64, trace=300000, nelems=32, elem type=char[])
OBJ 50002709 (sz=24, trace=300000, class=java.lang.String@5000016e)
	value		5000270c
OBJ 5000270a (sz=24, trace=300000, class=java.lang.String@5000016e)
	value		5000270b
ARR 5000270b (sz=94, trace=300000, nelems=47, elem type=char[])
ARR 5000270c (sz=222, trace=300000, nelems=111, elem type=char[])
OBJ 5000270d (sz=24, trace=300000, class=java.lang.String@5000016e)
	value		50002710
OBJ 5000270e (sz=24, trace=300000, class=java.lang.String@5000016e)
	value		5000270f
ARR 5000270f (sz=78, trace=300000, nelems=39, elem type=char[])
ARR 50002710 (sz=80, trace=300000, nelems=40, elem type=char[])
OBJ 50002711 (sz=24, trace=300000, class=java.lang.String@5000016e)
	value		50002714
OBJ 50002712 (sz=24, trace=300000, class=java.lang.String@5000016e)
	value		50002713
ARR 50002713 (sz=78, trace=300000, nelems=39, elem type=char[])
ARR 50002714 (sz=84, trace=300000, nelems=42, elem type=char[])
OBJ 50002715 (sz=24, trace=300000, class=java.lang.String@5000016e)
	value		50002718
OBJ 50002716 (sz=24, trace=300000, class=java.lang.String@5000016e)
	value		50002717
ARR 50002717 (sz=70, trace=300000, nelems=35, elem type=char[])
ARR 50002718 (sz=46, trace=300000, nelems=23, elem type=char[])
OBJ 50002719 (sz=24, trace=300000, class=java.lang.String@5000016e)
	value		5000271c
OBJ 5000271a (sz=24, trace=300000, class=java.lang.String@5000016e)
	value		5000271b
ARR 5000271b (sz=94, trace=300000, nelems=47, elem type=char[])
ARR 5000271c (sz=80, trace=300000, nelems=40, elem type=char[])
OBJ 5000271d (sz=24, trace=300000, class=java.lang.String@5000016e)
	value		50002720
OBJ 5000271e (sz=24, trace=300000, class=java.lang.String@5000016e)
	value		5000271f
ARR 5000271f (sz=104, trace=300000, nelems=52, elem type=char[])
ARR 50002720 (sz=110, trace=300000, nelems=55, elem type=char[])
OBJ 50002721 (sz=24, trace=300000, class=java.lang.String@5000016e)
	value		50002724
OBJ 50002722 (sz=24, trace=300000, class=java.lang.String@5000016e)
	value		50002723
ARR 50002723 (sz=58, trace=300000, nelems=29, elem type=char[])
ARR 50002724 (sz=68, trace=300000, nelems=34, elem type=char[])
OBJ 50002725 (sz=24, trace=300000, class=java.lang.String@5000016e)
	value		50002728
OBJ 50002726 (sz=24, trace=300000, class=java.lang.String@5000016e)
	value		50002727
ARR 50002727 (sz=62, trace=300000, nelems=31, elem type=char[])
ARR 50002728 (sz=62, trace=300000, nelems=31, elem type=char[])
OBJ 50002729 (sz=24, trace=300000, class=java.lang.String@5000016e)
	value		5000272c
OBJ 5000272a (sz=24, trace=300000, class=java.lang.String@5000016e)
	value		5000272b
ARR 5000272b (sz=54, trace=300000, nelems=27, elem type=char[])
ARR 5000272c (sz=18, trace=300000, nelems=9, elem type=char[])
OBJ 5000272d (sz=24, trace=300000, class=java.lang.String@5000016e)
	value		50002730
OBJ 5000272e (sz=24, trace=300000, class=java.lang.String@5000016e)
	value		5000272f
ARR 5000272f (sz=78, trace=300000, nelems=39, elem type=char[])
ARR 50002730 (sz=52, trace=300000, nelems=26, elem type=char[])
OBJ 50002731 (sz=24, trace=300000, class=java.lang.String@5000016e)
	value		50002734
OBJ 50002732 (sz=24, trace=300000, class=java.lang.String@5000016e)
	value		50002733
ARR 50002733 (sz=72, trace=300000, nelems=36, elem type=char[])
ARR 50002734 (sz=164, trace=300000, nelems=82, elem type=char[])
OBJ 50002735 (sz=24, trace=300000, class=java.lang.String@5000016e)
	value		50002738
OBJ 50002736 (sz=24, trace=300000, class=java.lang.String@5000016e)
	value		50002737
ARR 50002737 (sz=102, trace=300000, nelems=51, elem type=char[])
ARR 50002738 (sz=78, trace=300000, nelems=39, elem type=char[])
OBJ 50002739 (sz=24, trace=300000, class=java.lang.String@5000016e)
	value		5000273c
OBJ 5000273a (sz=24, trace=300000, class=java.lang.String@5000016e)
	value		5000273b
ARR 5000273b (sz=52, trace=300000, nelems=26, elem type=char[])
ARR 5000273c (sz=20, trace=300000, nelems=10, elem type=char[])
OBJ 5000273d (sz=24, trace=300000, class=java.lang.String@5000016e)
	value		50002740
OBJ 5000273e (sz=24, trace=300000, class=java.lang.String@5000016e)
	value		5000273f
ARR 5000273f (sz=56, trace=300000, nelems=28, elem type=char[])
ARR 50002740 (sz=68, trace=300000, nelems=34, elem type=char[])
OBJ 50002741 (sz=24, trace=300000, class=java.lang.String@5000016e)
	value		50002744
OBJ 50002742 (sz=24, trace=300000, class=java.lang.String@5000016e)
	value		50002743
ARR 50002743 (sz=90, trace=300000, nelems=45, elem type=char[])
ARR 50002744 (sz=86, trace=300000, nelems=43, elem type=char[])
OBJ 50002745 (sz=24, trace=300000, class=java.lang.String@5000016e)
	value		50002748
OBJ 50002746 (sz=24, trace=300000, class=java.lang.String@5000016e)
	value		50002747
ARR 50002747 (sz=112, trace=300000, nelems=56, elem type=char[])
ARR 50002748 (sz=130, trace=300000, nelems=65, elem type=char[])
OBJ 50002749 (sz=24, trace=300000, class=java.lang.String@5000016e)
	value		5000274c
OBJ 5000274a (sz=24, trace=300000, class=java.lang.String@5000016e)
	value		5000274b
ARR 5000274b (sz=82, trace=300000, nelems=41, elem type=char[])
ARR 5000274c (sz=122, trace=300000, nelems=61, elem type=char[])
OBJ 5000274d (sz=24, trace=300000, class=java.lang.String@5000016e)
	value		50002750
OBJ 5000274e (sz=24, trace=300000, class=java.lang.String@5000016e)
	value		5000274f
ARR 5000274f (sz=84, trace=300000, nelems=42, elem type=char[])
ARR 50002750 (sz=222, trace=300000, nelems=111, elem type=char[])
OBJ 50002751 (sz=24, trace=300000, class=java.lang.String@5000016e)
	value		50002754
OBJ 50002752 (sz=24, trace=300000, class=java.lang.String@5000016e)
	value		50002753
ARR 50002753 (sz=92, trace=300000, nelems=46, elem type=char[])
ARR 50002754 (sz=76, trace=300000, nelems=38, elem type=char[])
OBJ 50002755 (sz=24, trace=300000, class=java.lang.String@5000016e)
	value		50002758
OBJ 50002756 (sz=24, trace=300000, class=java.lang.String@5000016e)
	value		50002757
ARR 50002757 (sz=66, trace=300000, nelems=33, elem type=char[])
ARR 50002758 (sz=284, trace=300000, nelems=142, elem type=char[])
OBJ 50002759 (sz=24, trace=300000, class=java.lang.String@5000016e)
	value		5000275c
OBJ 5000275a (sz=24, trace=300000, class=java.lang.String@5000016e)
	value		5000275b
ARR 5000275b (sz=118, trace=300000, nelems=59, elem type=char[])
ARR 5000275c (sz=148, trace=300000, nelems=74, elem type=char[])
OBJ 5000275d (sz=24, trace=300000, class=java.lang.String@5000016e)
	value		50002760
OBJ 5000275e (sz=24, trace=300000, class=java.lang.String@5000016e)
	value		5000275f
ARR 5000275f (sz=82, trace=300000, nelems=41, elem type=char[])
ARR 50002760 (sz=86, trace=300000, nelems=43, elem type=char[])
OBJ 50002761 (sz=24, trace=300000, class=java.lang.String@5000016e)
	value		50002764
OBJ 50002762 (sz=24, trace=300000, class=java.lang.String@5000016e)
	value		50002763
ARR 50002763 (sz=96, trace=300000, nelems=48, elem type=char[])
ARR 50002764 (sz=82, trace=300000, nelems=41, elem type=char[])
OBJ 50002765 (sz=24, trace=300000, class=java.lang.String@5000016e)
	value		50002768
OBJ 50002766 (sz=24, trace=300000, class=java.lang.String@5000016e)
	value		50002767
ARR 50002767 (sz=70, trace=300000, nelems=35, elem type=char[])
ARR 50002768 (sz=70, trace=300000, nelems=35, elem type=char[])
OBJ 50002769 (sz=24, trace=300000, class=java.lang.String@5000016e)
	value		5000276c
OBJ 5000276a (sz=24, trace=300000, class=java.lang.String@5000016e)
	value		5000276b
ARR 5000276b (sz=74, trace=300000, nelems=37, elem type=char[])
ARR 5000276c (sz=94, trace=300000, nelems=47, elem type=char[])
OBJ 5000276d (sz=24, trace=300000, class=java.lang.String@5000016e)
	value		50002770
OBJ 5000276e (sz=24, trace=300000, class=java.lang.String@5000016e)
	value		5000276f
ARR 5000276f (sz=72, trace=300000, nelems=36, elem type=char[])
ARR 50002770 (sz=66, trace=300000, nelems=33, elem type=char[])
OBJ 50002771 (sz=24, trace=300000, class=java.lang.String@5000016e)
	value		50002774
OBJ 50002772 (sz=24, trace=300000, class=java.lang.String@5000016e)
	value		50002773
ARR 50002773 (sz=58, trace=300000, nelems=29, elem type=char[])
ARR 50002774 (sz=144, trace=300000, nelems=72, elem type=char[])
OBJ 50002775 (sz=24, trace=300000, class=java.lang.String@5000016e)
	value		50002778
OBJ 50002776 (sz=24, trace=300000, class=java.lang.String@5000016e)
	value		50002777
ARR 50002777 (sz=80, trace=300000, nelems=40, elem type=char[])
ARR 50002778 (sz=82, trace=300000, nelems=41, elem type=char[])
OBJ 50002779 (sz=24, trace=300000, class=java.lang.String@5000016e)
	value		5000277c
OBJ 5000277a (sz=24, trace=300000, class=java.lang.String@5000016e)
	value		5000277b
ARR 5000277b (sz=42, trace=300000, nelems=21, elem type=char[])
ARR 5000277c (sz=24, trace=300000, nelems=12, elem type=char[])
OBJ 5000277d (sz=24, trace=300000, class=java.lang.String@5000016e)
	value		5000277e
ARR 5000277e (sz=78, trace=300000, nelems=39, elem type=char[])
OBJ 5000277f (sz=24, trace=300000, class=java.lang.String@5000016e)
	value		50002782
OBJ 50002780 (sz=24, trace=300000, class=java.lang.String@5000016e)
	value		50002781
ARR 50002781 (sz=86, trace=300000, nelems=43, elem type=char[])
ARR 50002782 (sz=94, trace=300000, nelems=47, elem type=char[])
OBJ 50002783 (sz=24, trace=300000, class=java.lang.String@5000016e)
	value		50002786
OBJ 50002784 (sz=24, trace=300000, class=java.lang.String@5000016e)
	value		50002785
ARR 50002785 (sz=80, trace=300000, nelems=40, elem type=char[])
ARR 50002786 (sz=114, trace=300000, nelems=57, elem type=char[])
OBJ 50002787 (sz=24, trace=300000, class=java.lang.String@5000016e)
	value		5000278a
OBJ 50002788 (sz=24, trace=300000, class=java.lang.String@5000016e)
	value		50002789
ARR 50002789 (sz=56, trace=300000, nelems=28, elem type=char[])
ARR 5000278a (sz=76, trace=300000, nelems=38, elem type=char[])
OBJ 5000278b (sz=24, trace=300000, class=java.lang.String@5000016e)
	value		5000278e
OBJ 5000278c (sz=24, trace=300000, class=java.lang.String@5000016e)
	value		5000278d
ARR 5000278d (sz=80, trace=300000, nelems=40, elem type=char[])
ARR 5000278e (sz=198, trace=300000, nelems=99, elem type=char[])
OBJ 5000278f (sz=24, trace=300000, class=java.lang.String@5000016e)
	value		50002792
OBJ 50002790 (sz=24, trace=300000, class=java.lang.String@5000016e)
	value		50002791
ARR 50002791 (sz=106, trace=300000, nelems=53, elem type=char[])
ARR 50002792 (sz=164, trace=300000, nelems=82, elem type=char[])
OBJ 50002793 (sz=24, trace=300000, class=java.lang.String@5000016e)
	value		50002796
OBJ 50002794 (sz=24, trace=300000, class=java.lang.String@5000016e)
	value		50002795
ARR 50002795 (sz=84, trace=300000, nelems=42, elem type=char[])
ARR 50002796 (sz=70, trace=300000, nelems=35, elem type=char[])
OBJ 50002797 (sz=24, trace=300000, class=java.lang.String@5000016e)
	value		5000279a
OBJ 50002798 (sz=24, trace=300000, class=java.lang.String@5000016e)
	value		50002799
ARR 50002799 (sz=80, trace=300000, nelems=40, elem type=char[])
ARR 5000279a (sz=82, trace=300000, nelems=41, elem type=char[])
OBJ 5000279b (sz=24, trace=300000, class=java.lang.String@5000016e)
	value		5000279e
OBJ 5000279c (sz=24, trace=300000, class=java.lang.String@5000016e)
	value		5000279d
ARR 5000279d (sz=106, trace=300000, nelems=53, elem type=char[])
ARR 5000279e (sz=110, trace=300000, nelems=55, elem type=char[])
OBJ 5000279f (sz=24, trace=300000, class=java.lang.String@5000016e)
	value		500027a2
OBJ 500027a0 (sz=24, trace=300000, class=java.lang.String@5000016e)
	value		500027a1
ARR 500027a1 (sz=68, trace=300000, nelems=34, elem type=char[])
ARR 500027a2 (sz=278, trace=300000, nelems=139, elem type=char[])
OBJ 500027a3 (sz=24, trace=300000, class=java.lang.String@5000016e)
	value		500027a6
OBJ 500027a4 (sz=24, trace=300000, class=java.lang.String@5000016e)
	value		500027a5
ARR 500027a5 (sz=68, trace=300000, nelems=34, elem type=char[])
ARR 500027a6 (sz=54, trace=300000, nelems=27, elem type=char[])
OBJ 500027a7 (sz=24, trace=300000, class=java.lang.String@5000016e)
	value		500027aa
OBJ 500027a8 (sz=24, trace=300000, class=java.lang.String@5000016e)
	value		500027a9
ARR 500027a9 (sz=64, trace=300000, nelems=32, elem type=char[])
ARR 500027aa (sz=20, trace=300000, nelems=10, elem type=char[])
OBJ 500027ab (sz=24, trace=300000, class=java.lang.String@5000016e)
	value		500027ae
OBJ 500027ac (sz=24, trace=300000, class=java.lang.String@5000016e)
	value		500027ad
ARR 500027ad (sz=36, trace=300000, nelems=18, elem type=char[])
ARR 500027ae (sz=14, trace=300000, nelems=7, elem type=char[])
OBJ 500027af (sz=24, trace=300000, class=java.lang.String@5000016e)
	value		500027b2
OBJ 500027b0 (sz=24, trace=300000, class=java.lang.String@5000016e)
	value		500027b1
ARR 500027b1 (sz=82, trace=300000, nelems=41, elem type=char[])
ARR 500027b2 (sz=130, trace=300000, nelems=65, elem type=char[])
OBJ 500027b3 (sz=24, trace=300000, class=java.lang.String@5000016e)
	value		500027b6
OBJ 500027b4 (sz=24, trace=300000, class=java.lang.String@5000016e)
	value		500027b5
ARR 500027b5 (sz=88, trace=300000, nelems=44, elem type=char[])
ARR 500027b6 (sz=202, trace=300000, nelems=101, elem type=char[])
OBJ 500027b7 (sz=24, trace=300000, class=java.lang.String@5000016e)
	value		500027ba
OBJ 500027b8 (sz=24, trace=300000, class=java.lang.String@5000016e)
	value		500027b9
ARR 500027b9 (sz=88, trace=300000, nelems=44, elem type=char[])
ARR 500027ba (sz=70, trace=300000, nelems=35, elem type=char[])
OBJ 500027bb (sz=24, trace=300000, class=java.lang.String@5000016e)
	value		500027be
OBJ 500027bc (sz=24, trace=300000, class=java.lang.String@5000016e)
	value		500027bd
ARR 500027bd (sz=96, trace=300000, nelems=48, elem type=char[])
ARR 500027be (sz=66, trace=300000, nelems=33, elem type=char[])
OBJ 500027bf (sz=24, trace=300000, class=java.lang.String@5000016e)
	value		500027c2
OBJ 500027c0 (sz=24, trace=300000, class=java.lang.String@5000016e)
	value		500027c1
ARR 500027c1 (sz=112, trace=300000, nelems=56, elem type=char[])
ARR 500027c2 (sz=126, trace=300000, nelems=63, elem type=char[])
OBJ 500027c3 (sz=24, trace=300000, class=java.lang.String@5000016e)
	value		500027c4
ARR 500027c4 (sz=78, trace=300000, nelems=39, elem type=char[])
OBJ 500027c5 (sz=24, trace=300000, class=java.lang.String@5000016e)
	value		500027c8
OBJ 500027c6 (sz=24, trace=300000, class=java.lang.String@5000016e)
	value		500027c7
ARR 500027c7 (sz=90, trace=300000, nelems=45, elem type=char[])
ARR 500027c8 (sz=90, trace=300000, nelems=45, elem type=char[])
OBJ 500027c9 (sz=24, trace=300000, class=java.lang.String@5000016e)
	value		500027cc
OBJ 500027ca (sz=24, trace=300000, class=java.lang.String@5000016e)
	value		500027cb
ARR 500027cb (sz=100, trace=300000, nelems=50, elem type=char[])
ARR 500027cc (sz=208, trace=300000, nelems=104, elem type=char[])
OBJ 500027cd (sz=24, trace=300000, class=java.lang.String@5000016e)
	value		500027d0
OBJ 500027ce (sz=24, trace=300000, class=java.lang.String@5000016e)
	value		500027cf
ARR 500027cf (sz=74, trace=300000, nelems=37, elem type=char[])
ARR 500027d0 (sz=108, trace=300000, nelems=54, elem type=char[])
OBJ 500027d1 (sz=24, trace=300000, class=java.lang.String@5000016e)
	value		500027d4
OBJ 500027d2 (sz=24, trace=300000, class=java.lang.String@5000016e)
	value		500027d3
ARR 500027d3 (sz=94, trace=300000, nelems=47, elem type=char[])
ARR 500027d4 (sz=140, trace=300000, nelems=70, elem type=char[])
OBJ 500027d5 (sz=24, trace=300000, class=java.lang.String@5000016e)
	value		500027d8
OBJ 500027d6 (sz=24, trace=300000, class=java.lang.String@5000016e)
	value		500027d7
ARR 500027d7 (sz=70, trace=300000, nelems=35, elem type=char[])
ARR 500027d8 (sz=68, trace=300000, nelems=34, elem type=char[])
OBJ 500027d9 (sz=24, trace=300000, class=java.lang.String@5000016e)
	value		500027dc
OBJ 500027da (sz=24, trace=300000, class=java.lang.String@5000016e)
	value		500027db
ARR 500027db (sz=116, trace=300000, nelems=58, elem type=char[])
ARR 500027dc (sz=132, trace=300000, nelems=66, elem type=char[])
OBJ 500027dd (sz=24, trace=300000, class=java.lang.String@5000016e)
	value		500027e0
OBJ 500027de (sz=24, trace=300000, class=java.lang.String@5000016e)
	value		500027df
ARR 500027df (sz=88, trace=300000, nelems=44, elem type=char[])
ARR 500027e0 (sz=58, trace=300000, nelems=29, elem type=char[])
OBJ 500027e1 (sz=24, trace=300000, class=java.lang.String@5000016e)
	value		500027e4
OBJ 500027e2 (sz=24, trace=300000, class=java.lang.String@5000016e)
	value		500027e3
ARR 500027e3 (sz=60, trace=300000, nelems=30, elem type=char[])
ARR 500027e4 (sz=40, trace=300000, nelems=20, elem type=char[])
OBJ 500027e5 (sz=24, trace=300000, class=java.lang.String@5000016e)
	value		500027e8
OBJ 500027e6 (sz=24, trace=300000, class=java.lang.String@5000016e)
	value		500027e7
ARR 500027e7 (sz=90, trace=300000, nelems=45, elem type=char[])
ARR 500027e8 (sz=44, trace=300000, nelems=22, elem type=char[])
OBJ 500027e9 (sz=24, trace=300000, class=java.lang.String@5000016e)
	value		500027ec
OBJ 500027ea (sz=24, trace=300000, class=java.lang.String@5000016e)
	value		500027eb
ARR 500027eb (sz=72, trace=300000, nelems=36, elem type=char[])
ARR 500027ec (sz=40, trace=300000, nelems=20, elem type=char[])
OBJ 500027ed (sz=24, trace=300000, class=java.lang.String@5000016e)
	value		500027f0
OBJ 500027ee (sz=24, trace=300000, class=java.lang.String@5000016e)
	value		500027ef
ARR 500027ef (sz=102, trace=300000, nelems=51, elem type=char[])
ARR 500027f0 (sz=80, trace=300000, nelems=40, elem type=char[])
OBJ 500027f1 (sz=24, trace=300000, class=java.lang.String@5000016e)
	value		500027f4
OBJ 500027f2 (sz=24, trace=300000, class=java.lang.String@5000016e)
	value		500027f3
ARR 500027f3 (sz=88, trace=300000, nelems=44, elem type=char[])
ARR 500027f4 (sz=228, trace=300000, nelems=114, elem type=char[])
OBJ 500027f5 (sz=24, trace=300000, class=java.lang.String@5000016e)
	value		500027f8
OBJ 500027f6 (sz=24, trace=300000, class=java.lang.String@5000016e)
	value		500027f7
ARR 500027f7 (sz=80, trace=300000, nelems=40, elem type=char[])
ARR 500027f8 (sz=54, trace=300000, nelems=27, elem type=char[])
OBJ 500027f9 (sz=24, trace=300000, class=java.lang.String@5000016e)
	value		500027fc
OBJ 500027fa (sz=24, trace=300000, class=java.lang.String@5000016e)
	value		500027fb
ARR 500027fb (sz=80, trace=300000, nelems=40, elem type=char[])
ARR 500027fc (sz=170, trace=300000, nelems=85, elem type=char[])
OBJ 500027fd (sz=24, trace=300000, class=java.lang.String@5000016e)
	value		50002800
OBJ 500027fe (sz=24, trace=300000, class=java.lang.String@5000016e)
	value		500027ff
ARR 500027ff (sz=66, trace=300000, nelems=33, elem type=char[])
ARR 50002800 (sz=48, trace=300000, nelems=24, elem type=char[])
OBJ 50002801 (sz=24, trace=300000, class=java.lang.String@5000016e)
	value		50002804
OBJ 50002802 (sz=24, trace=300000, class=java.lang.String@5000016e)
	value		50002803
ARR 50002803 (sz=72, trace=300000, nelems=36, elem type=char[])
ARR 50002804 (sz=218, trace=300000, nelems=109, elem type=char[])
OBJ 50002805 (sz=24, trace=300000, class=java.lang.String@5000016e)
	value		50002808
OBJ 50002806 (sz=24, trace=300000, class=java.lang.String@5000016e)
	value		50002807
ARR 50002807 (sz=84, trace=300000, nelems=42, elem type=char[])
ARR 50002808 (sz=76, trace=300000, nelems=38, elem type=char[])
OBJ 50002809 (sz=24, trace=300000, class=java.lang.String@5000016e)
	value		5000280a
ARR 5000280a (sz=54, trace=300000, nelems=27, elem type=char[])
OBJ 5000280b (sz=24, trace=300000, class=java.lang.String@5000016e)
	value		5000280e
OBJ 5000280c (sz=24, trace=300000, class=java.lang.String@5000016e)
	value		5000280d
ARR 5000280d (sz=76, trace=300000, nelems=38, elem type=char[])
ARR 5000280e (sz=92, trace=300000, nelems=46, elem type=char[])
OBJ 5000280f (sz=24, trace=300000, class=java.lang.String@5000016e)
	value		50002812
OBJ 50002810 (sz=24, trace=300000, class=java.lang.String@5000016e)
	value		50002811
ARR 50002811 (sz=72, trace=300000, nelems=36, elem type=char[])
ARR 50002812 (sz=184, trace=300000, nelems=92, elem type=char[])
OBJ 50002813 (sz=24, trace=300000, class=java.lang.String@5000016e)
	value		50002816
OBJ 50002814 (sz=24, trace=300000, class=java.lang.String@5000016e)
	value		50002815
ARR 50002815 (sz=66, trace=300000, nelems=33, elem type=char[])
ARR 50002816 (sz=84, trace=300000, nelems=42, elem type=char[])
OBJ 50002817 (sz=24, trace=300000, class=java.lang.String@5000016e)
	value		5000281a
OBJ 50002818 (sz=24, trace=300000, class=java.lang.String@5000016e)
	value		50002819
ARR 50002819 (sz=54, trace=300000, nelems=27, elem type=char[])
ARR 5000281a (sz=46, trace=300000, nelems=23, elem type=char[])
OBJ 5000281b (sz=24, trace=300000, class=java.lang.String@5000016e)
	value		5000281e
OBJ 5000281c (sz=24, trace=300000, class=java.lang.String@5000016e)
	value		5000281d
ARR 5000281d (sz=54, trace=300000, nelems=27, elem type=char[])
ARR 5000281e (sz=42, trace=300000, nelems=21, elem type=char[])
OBJ 5000281f (sz=24, trace=300000, class=java.lang.String@5000016e)
	value		50002822
OBJ 50002820 (sz=24, trace=300000, class=java.lang.String@5000016e)
	value		50002821
ARR 50002821 (sz=96, trace=300000, nelems=48, elem type=char[])
ARR 50002822 (sz=162, trace=300000, nelems=81, elem type=char[])
OBJ 50002823 (sz=24, trace=300000, class=java.lang.String@5000016e)
	value		50002826
OBJ 50002824 (sz=24, trace=300000, class=java.lang.String@5000016e)
	value		50002825
ARR 50002825 (sz=54, trace=300000, nelems=27, elem type=char[])
ARR 50002826 (sz=36, trace=300000, nelems=18, elem type=char[])
OBJ 50002827 (sz=24, trace=300000, class=java.lang.String@5000016e)
	value		5000282a
OBJ 50002828 (sz=24, trace=300000, class=java.lang.String@5000016e)
	value		50002829
ARR 50002829 (sz=66, trace=300000, nelems=33, elem type=char[])
ARR 5000282a (sz=70, trace=300000, nelems=35, elem type=char[])
OBJ 5000282b (sz=24, trace=300000, class=java.lang.String@5000016e)
	value		5000282e
OBJ 5000282c (sz=24, trace=300000, class=java.lang.String@5000016e)
	value		5000282d
ARR 5000282d (sz=84, trace=300000, nelems=42, elem type=char[])
ARR 5000282e (sz=90, trace=300000, nelems=45, elem type=char[])
OBJ 5000282f (sz=24, trace=300000, class=java.lang.String@5000016e)
	value		50002832
OBJ 50002830 (sz=24, trace=300000, class=java.lang.String@5000016e)
	value		50002831
ARR 50002831 (sz=62, trace=300000, nelems=31, elem type=char[])
ARR 50002832 (sz=16, trace=300000, nelems=8, elem type=char[])
OBJ 50002833 (sz=24, trace=300000, class=java.lang.String@5000016e)
	value		50002836
OBJ 50002834 (sz=24, trace=300000, class=java.lang.String@5000016e)
	value		50002835
ARR 50002835 (sz=62, trace=300000, nelems=31, elem type=char[])
ARR 50002836 (sz=256, trace=300000, nelems=128, elem type=char[])
OBJ 50002837 (sz=24, trace=300000, class=java.lang.String@5000016e)
	value		5000283a
OBJ 50002838 (sz=24, trace=300000, class=java.lang.String@5000016e)
	value		50002839
ARR 50002839 (sz=44, trace=300000, nelems=22, elem type=char[])
ARR 5000283a (sz=14, trace=300000, nelems=7, elem type=char[])
OBJ 5000283b (sz=24, trace=300000, class=java.lang.String@5000016e)
	value		5000283e
OBJ 5000283c (sz=24, trace=300000, class=java.lang.String@5000016e)
	value		5000283d
ARR 5000283d (sz=68, trace=300000, nelems=34, elem type=char[])
ARR 5000283e (sz=88, trace=300000, nelems=44, elem type=char[])
OBJ 5000283f (sz=24, trace=300000, class=java.lang.String@5000016e)
	value		50002842
OBJ 50002840 (sz=24, trace=300000, class=java.lang.String@5000016e)
	value		50002841
ARR 50002841 (sz=60, trace=300000, nelems=30, elem type=char[])
ARR 50002842 (sz=104, trace=300000, nelems=52, elem type=char[])
OBJ 50002843 (sz=24, trace=300000, class=java.lang.String@5000016e)
	value		50002844
ARR 50002844 (sz=48, trace=300000, nelems=24, elem type=char[])
OBJ 50002845 (sz=24, trace=300000, class=java.lang.String@5000016e)
	value		50002848
OBJ 50002846 (sz=24, trace=300000, class=java.lang.String@5000016e)
	value		50002847
ARR 50002847 (sz=60, trace=300000, nelems=30, elem type=char[])
ARR 50002848 (sz=100, trace=300000, nelems=50, elem type=char[])
OBJ 50002849 (sz=24, trace=300000, class=java.lang.String@5000016e)
	value		5000284c
OBJ 5000284a (sz=24, trace=300000, class=java.lang.String@5000016e)
	value		5000284b
ARR 5000284b (sz=78, trace=300000, nelems=39, elem type=char[])
ARR 5000284c (sz=58, trace=300000, nelems=29, elem type=char[])
OBJ 5000284d (sz=24, trace=300000, class=java.lang.String@5000016e)
	value		50002850
OBJ 5000284e (sz=24, trace=300000, class=java.lang.String@5000016e)
	value		5000284f
ARR 5000284f (sz=100, trace=300000, nelems=50, elem type=char[])
ARR 50002850 (sz=244, trace=300000, nelems=122, elem type=char[])
OBJ 50002851 (sz=24, trace=300000, class=java.lang.String@5000016e)
	value		50002854
OBJ 50002852 (sz=24, trace=300000, class=java.lang.String@5000016e)
	value		50002853
ARR 50002853 (sz=68, trace=300000, nelems=34, elem type=char[])
ARR 50002854 (sz=92, trace=300000, nelems=46, elem type=char[])
OBJ 50002855 (sz=24, trace=300000, class=java.lang.String@5000016e)
	value		50002858
OBJ 50002856 (sz=24, trace=300000, class=java.lang.String@5000016e)
	value		50002857
ARR 50002857 (sz=74, trace=300000, nelems=37, elem type=char[])
ARR 50002858 (sz=78, trace=300000, nelems=39, elem type=char[])
OBJ 50002859 (sz=24, trace=300000, class=java.lang.String@5000016e)
	value		5000285c
OBJ 5000285a (sz=24, trace=300000, class=java.lang.String@5000016e)
	value		5000285b
ARR 5000285b (sz=96, trace=300000, nelems=48, elem type=char[])
ARR 5000285c (sz=126, trace=300000, nelems=63, elem type=char[])
OBJ 5000285d (sz=24, trace=300000, class=java.lang.String@5000016e)
	value		50002860
OBJ 5000285e (sz=24, trace=300000, class=java.lang.String@5000016e)
	value		5000285f
ARR 5000285f (sz=66, trace=300000, nelems=33, elem type=char[])
ARR 50002860 (sz=48, trace=300000, nelems=24, elem type=char[])
OBJ 50002861 (sz=24, trace=300000, class=java.lang.String@5000016e)
	value		50002864
OBJ 50002862 (sz=24, trace=300000, class=java.lang.String@5000016e)
	value		50002863
ARR 50002863 (sz=74, trace=300000, nelems=37, elem type=char[])
ARR 50002864 (sz=84, trace=300000, nelems=42, elem type=char[])
OBJ 50002865 (sz=24, trace=300000, class=java.lang.String@5000016e)
	value		50002868
OBJ 50002866 (sz=24, trace=300000, class=java.lang.String@5000016e)
	value		50002867
ARR 50002867 (sz=82, trace=300000, nelems=41, elem type=char[])
ARR 50002868 (sz=58, trace=300000, nelems=29, elem type=char[])
OBJ 50002869 (sz=24, trace=300000, class=java.lang.String@5000016e)
	value		5000286c
OBJ 5000286a (sz=24, trace=300000, class=java.lang.String@5000016e)
	value		5000286b
ARR 5000286b (sz=78, trace=300000, nelems=39, elem type=char[])
ARR 5000286c (sz=112, trace=300000, nelems=56, elem type=char[])
OBJ 5000286d (sz=24, trace=300000, class=java.lang.String@5000016e)
	value		50002870
OBJ 5000286e (sz=24, trace=300000, class=java.lang.String@5000016e)
	value		5000286f
ARR 5000286f (sz=82, trace=300000, nelems=41, elem type=char[])
ARR 50002870 (sz=126, trace=300000, nelems=63, elem type=char[])
OBJ 50002871 (sz=24, trace=300000, class=java.lang.String@5000016e)
	value		50002874
OBJ 50002872 (sz=24, trace=300000, class=java.lang.String@5000016e)
	value		50002873
ARR 50002873 (sz=66, trace=300000, nelems=33, elem type=char[])
ARR 50002874 (sz=50, trace=300000, nelems=25, elem type=char[])
OBJ 50002875 (sz=24, trace=300000, class=java.lang.String@5000016e)
	value		50002878
OBJ 50002876 (sz=24, trace=300000, class=java.lang.String@5000016e)
	value		50002877
ARR 50002877 (sz=46, trace=300000, nelems=23, elem type=char[])
ARR 50002878 (sz=36, trace=300000, nelems=18, elem type=char[])
OBJ 50002879 (sz=24, trace=300000, class=java.lang.String@5000016e)
	value		5000287c
OBJ 5000287a (sz=24, trace=300000, class=java.lang.String@5000016e)
	value		5000287b
ARR 5000287b (sz=118, trace=300000, nelems=59, elem type=char[])
ARR 5000287c (sz=220, trace=300000, nelems=110, elem type=char[])
OBJ 5000287d (sz=24, trace=300000, class=java.lang.String@5000016e)
	value		50002880
OBJ 5000287e (sz=24, trace=300000, class=java.lang.String@5000016e)
	value		5000287f
ARR 5000287f (sz=64, trace=300000, nelems=32, elem type=char[])
ARR 50002880 (sz=102, trace=300000, nelems=51, elem type=char[])
OBJ 50002881 (sz=24, trace=300000, class=java.lang.String@5000016e)
	value		50002884
OBJ 50002882 (sz=24, trace=300000, class=java.lang.String@5000016e)
	value		50002883
ARR 50002883 (sz=72, trace=300000, nelems=36, elem type=char[])
ARR 50002884 (sz=30, trace=300000, nelems=15, elem type=char[])
OBJ 50002885 (sz=24, trace=300000, class=java.lang.String@5000016e)
	value		50002888
OBJ 50002886 (sz=24, trace=300000, class=java.lang.String@5000016e)
	value		50002887
ARR 50002887 (sz=86, trace=300000, nelems=43, elem type=char[])
ARR 50002888 (sz=78, trace=300000, nelems=39, elem type=char[])
OBJ 50002889 (sz=24, trace=300000, class=java.lang.String@5000016e)
	value		5000288c
OBJ 5000288a (sz=24, trace=300000, class=java.lang.String@5000016e)
	value		5000288b
ARR 5000288b (sz=124, trace=300000, nelems=62, elem type=char[])
ARR 5000288c (sz=280, trace=300000, nelems=140, elem type=char[])
OBJ 5000288d (sz=24, trace=300000, class=java.lang.String@5000016e)
	value		50002890
OBJ 5000288e (sz=24, trace=300000, class=java.lang.String@5000016e)
	value		5000288f
ARR 5000288f (sz=92, trace=300000, nelems=46, elem type=char[])
ARR 50002890 (sz=66, trace=300000, nelems=33, elem type=char[])
OBJ 50002891 (sz=24, trace=300000, class=java.lang.String@5000016e)
	value		50002894
OBJ 50002892 (sz=24, trace=300000, class=java.lang.String@5000016e)
	value		50002893
ARR 50002893 (sz=94, trace=300000, nelems=47, elem type=char[])
ARR 50002894 (sz=196, trace=300000, nelems=98, elem type=char[])
OBJ 50002895 (sz=24, trace=300000, class=java.lang.String@5000016e)
	value		50002898
OBJ 50002896 (sz=24, trace=300000, class=java.lang.String@5000016e)
	value		50002897
ARR 50002897 (sz=100, trace=300000, nelems=50, elem type=char[])
ARR 50002898 (sz=340, trace=300000, nelems=170, elem type=char[])
OBJ 50002899 (sz=24, trace=300000, class=java.lang.String@5000016e)
	value		5000289c
OBJ 5000289a (sz=24, trace=300000, class=java.lang.String@5000016e)
	value		5000289b
ARR 5000289b (sz=66, trace=300000, nelems=33, elem type=char[])
ARR 5000289c (sz=98, trace=300000, nelems=49, elem type=char[])
OBJ 5000289d (sz=24, trace=300000, class=java.lang.String@5000016e)
	value		500028a0
OBJ 5000289e (sz=24, trace=300000, class=java.lang.String@5000016e)
	value		5000289f
ARR 5000289f (sz=48, trace=300000, nelems=24, elem type=char[])
ARR 500028a0 (sz=22, trace=300000, nelems=11, elem type=char[])
OBJ 500028a1 (sz=24, trace=300000, class=java.lang.String@5000016e)
	value		500028a4
OBJ 500028a2 (sz=24, trace=300000, class=java.lang.String@5000016e)
	value		500028a3
ARR 500028a3 (sz=62, trace=300000, nelems=31, elem type=char[])
ARR 500028a4 (sz=126, trace=300000, nelems=63, elem type=char[])
OBJ 500028a5 (sz=24, trace=300000, class=java.lang.String@5000016e)
	value		500028a8
OBJ 500028a6 (sz=24, trace=300000, class=java.lang.String@5000016e)
	value		500028a7
ARR 500028a7 (sz=58, trace=300000, nelems=29, elem type=char[])
ARR 500028a8 (sz=148, trace=300000, nelems=74, elem type=char[])
OBJ 500028a9 (sz=24, trace=300000, class=java.lang.String@5000016e)
	value		500028ac
OBJ 500028aa (sz=24, trace=300000, class=java.lang.String@5000016e)
	value		500028ab
ARR 500028ab (sz=48, trace=300000, nelems=24, elem type=char[])
ARR 500028ac (sz=12, trace=300000, nelems=6, elem type=char[])
OBJ 500028ad (sz=24, trace=300000, class=java.lang.String@5000016e)
	value		500028b0
OBJ 500028ae (sz=24, trace=300000, class=java.lang.String@5000016e)
	value		500028af
ARR 500028af (sz=60, trace=300000, nelems=30, elem type=char[])
ARR 500028b0 (sz=28, trace=300000, nelems=14, elem type=char[])
OBJ 500028b1 (sz=24, trace=300000, class=java.lang.String@5000016e)
	value		500028b4
OBJ 500028b2 (sz=24, trace=300000, class=java.lang.String@5000016e)
	value		500028b3
ARR 500028b3 (sz=40, trace=300000, nelems=20, elem type=char[])
ARR 500028b4 (sz=38, trace=300000, nelems=19, elem type=char[])
OBJ 500028b5 (sz=24, trace=300000, class=java.lang.String@5000016e)
	value		500028b6
ARR 500028b6 (sz=54, trace=300000, nelems=27, elem type=char[])
OBJ 500028b7 (sz=24, trace=300000, class=java.lang.String@5000016e)
	value		500028ba
OBJ 500028b8 (sz=24, trace=300000, class=java.lang.String@5000016e)
	value		500028b9
ARR 500028b9 (sz=84, trace=300000, nelems=42, elem type=char[])
ARR 500028ba (sz=94, trace=300000, nelems=47, elem type=char[])
OBJ 500028bb (sz=24, trace=300000, class=java.lang.String@5000016e)
	value		500028be
OBJ 500028bc (sz=24, trace=300000, class=java.lang.String@5000016e)
	value		500028bd
ARR 500028bd (sz=68, trace=300000, nelems=34, elem type=char[])
ARR 500028be (sz=88, trace=300000, nelems=44, elem type=char[])
OBJ 500028bf (sz=24, trace=300000, class=java.lang.String@5000016e)
	value		500028c2
OBJ 500028c0 (sz=24, trace=300000, class=java.lang.String@5000016e)
	value		500028c1
ARR 500028c1 (sz=92, trace=300000, nelems=46, elem type=char[])
ARR 500028c2 (sz=98, trace=300000, nelems=49, elem type=char[])
OBJ 500028c3 (sz=24, trace=300000, class=java.lang.String@5000016e)
	value		500028c6
OBJ 500028c4 (sz=24, trace=300000, class=java.lang.String@5000016e)
	value		500028c5
ARR 500028c5 (sz=78, trace=300000, nelems=39, elem type=char[])
ARR 500028c6 (sz=110, trace=300000, nelems=55, elem type=char[])
OBJ 500028c7 (sz=24, trace=300000, class=java.lang.String@5000016e)
	value		500028ca
OBJ 500028c8 (sz=24, trace=300000, class=java.lang.String@5000016e)
	value		500028c9
ARR 500028c9 (sz=100, trace=300000, nelems=50, elem type=char[])
ARR 500028ca (sz=198, trace=300000, nelems=99, elem type=char[])
OBJ 500028cb (sz=24, trace=300000, class=java.lang.String@5000016e)
	value		500028ce
OBJ 500028cc (sz=24, trace=300000, class=java.lang.String@5000016e)
	value		500028cd
ARR 500028cd (sz=56, trace=300000, nelems=28, elem type=char[])
ARR 500028ce (sz=126, trace=300000, nelems=63, elem type=char[])
OBJ 500028cf (sz=24, trace=300000, class=java.lang.String@5000016e)
	value		500028d2
OBJ 500028d0 (sz=24, trace=300000, class=java.lang.String@5000016e)
	value		500028d1
ARR 500028d1 (sz=74, trace=300000, nelems=37, elem type=char[])
ARR 500028d2 (sz=66, trace=300000, nelems=33, elem type=char[])
OBJ 500028d3 (sz=24, trace=300000, class=java.lang.String@5000016e)
	value		500028d6
OBJ 500028d4 (sz=24, trace=300000, class=java.lang.String@5000016e)
	value		500028d5
ARR 500028d5 (sz=42, trace=300000, nelems=21, elem type=char[])
ARR 500028d6 (sz=30, trace=300000, nelems=15, elem type=char[])
OBJ 500028d7 (sz=24, trace=300000, class=java.lang.String@5000016e)
	value		500028da
OBJ 500028d8 (sz=24, trace=300000, class=java.lang.String@5000016e)
	value		500028d9
ARR 500028d9 (sz=46, trace=300000, nelems=23, elem type=char[])
ARR 500028da (sz=12, trace=300000, nelems=6, elem type=char[])
OBJ 500028db (sz=24, trace=300000, class=java.lang.String@5000016e)
	value		500028de
OBJ 500028dc (sz=24, trace=300000, class=java.lang.String@5000016e)
	value		500028dd
ARR 500028dd (sz=132, trace=300000, nelems=66, elem type=char[])
ARR 500028de (sz=202, trace=300000, nelems=101, elem type=char[])
OBJ 500028df (sz=24, trace=300000, class=java.lang.String@5000016e)
	value		500028e2
OBJ 500028e0 (sz=24, trace=300000, class=java.lang.String@5000016e)
	value		500028e1
ARR 500028e1 (sz=100, trace=300000, nelems=50, elem type=char[])
ARR 500028e2 (sz=116, trace=300000, nelems=58, elem type=char[])
OBJ 500028e3 (sz=24, trace=300000, class=java.lang.String@5000016e)
	value		500028e6
OBJ 500028e4 (sz=24, trace=300000, class=java.lang.String@5000016e)
	value		500028e5
ARR 500028e5 (sz=58, trace=300000, nelems=29, elem type=char[])
ARR 500028e6 (sz=48, trace=300000, nelems=24, elem type=char[])
OBJ 500028e7 (sz=24, trace=300000, class=java.lang.String@5000016e)
	value		500028ea
OBJ 500028e8 (sz=24, trace=300000, class=java.lang.String@5000016e)
	value		500028e9
ARR 500028e9 (sz=58, trace=300000, nelems=29, elem type=char[])
ARR 500028ea (sz=72, trace=300000, nelems=36, elem type=char[])
OBJ 500028eb (sz=24, trace=300000, class=java.lang.String@5000016e)
	value		500028ee
OBJ 500028ec (sz=24, trace=300000, class=java.lang.String@5000016e)
	value		500028ed
ARR 500028ed (sz=74, trace=300000, nelems=37, elem type=char[])
ARR 500028ee (sz=84, trace=300000, nelems=42, elem type=char[])
OBJ 500028ef (sz=24, trace=300000, class=java.lang.String@5000016e)
	value		500028f2
OBJ 500028f0 (sz=24, trace=300000, class=java.lang.String@5000016e)
	value		500028f1
ARR 500028f1 (sz=74, trace=300000, nelems=37, elem type=char[])
ARR 500028f2 (sz=124, trace=300000, nelems=62, elem type=char[])
OBJ 500028f3 (sz=24, trace=300000, class=java.lang.String@5000016e)
	value		500028f6
OBJ 500028f4 (sz=24, trace=300000, class=java.lang.String@5000016e)
	value		500028f5
ARR 500028f5 (sz=66, trace=300000, nelems=33, elem type=char[])
ARR 500028f6 (sz=62, trace=300000, nelems=31, elem type=char[])
OBJ 500028f7 (sz=24, trace=300000, class=java.lang.String@5000016e)
	value		500028fa
OBJ 500028f8 (sz=24, trace=300000, class=java.lang.String@5000016e)
	value		500028f9
ARR 500028f9 (sz=58, trace=300000, nelems=29, elem type=char[])
ARR 500028fa (sz=82, trace=300000, nelems=41, elem type=char[])
OBJ 500028fb (sz=24, trace=300000, class=java.lang.String@5000016e)
	value		500028fe
OBJ 500028fc (sz=24, trace=300000, class=java.lang.String@5000016e)
	value		500028fd
ARR 500028fd (sz=68, trace=300000, nelems=34, elem type=char[])
ARR 500028fe (sz=52, trace=300000, nelems=26, elem type=char[])
OBJ 500028ff (sz=24, trace=300000, class=java.lang.String@5000016e)
	value		50002902
OBJ 50002900 (sz=24, trace=300000, class=java.lang.String@5000016e)
	value		50002901
ARR 50002901 (sz=62, trace=300000, nelems=31, elem type=char[])
ARR 50002902 (sz=78, trace=300000, nelems=39, elem type=char[])
OBJ 50002903 (sz=24, trace=300000, class=java.lang.String@5000016e)
	value		50002904
ARR 50002904 (sz=72, trace=300000, nelems=36, elem type=char[])
OBJ 50002905 (sz=24, trace=300000, class=java.lang.String@5000016e)
	value		50002908
OBJ 50002906 (sz=24, trace=300000, class=java.lang.String@5000016e)
	value		50002907
ARR 50002907 (sz=76, trace=300000, nelems=38, elem type=char[])
ARR 50002908 (sz=68, trace=300000, nelems=34, elem type=char[])
OBJ 50002909 (sz=24, trace=300000, class=java.lang.String@5000016e)
	value		5000290c
OBJ 5000290a (sz=24, trace=300000, class=java.lang.String@5000016e)
	value		5000290b
ARR 5000290b (sz=104, trace=300000, nelems=52, elem type=char[])
ARR 5000290c (sz=222, trace=300000, nelems=111, elem type=char[])
OBJ 5000290d (sz=24, trace=300000, class=java.lang.String@5000016e)
	value		50002910
OBJ 5000290e (sz=24, trace=300000, class=java.lang.String@5000016e)
	value		5000290f
ARR 5000290f (sz=58, trace=300000, nelems=29, elem type=char[])
ARR 50002910 (sz=68, trace=300000, nelems=34, elem type=char[])
OBJ 50002911 (sz=24, trace=300000, class=java.lang.String@5000016e)
	value		50002914
OBJ 50002912 (sz=24, trace=300000, class=java.lang.String@5000016e)
	value		50002913
ARR 50002913 (sz=64, trace=300000, nelems=32, elem type=char[])
ARR 50002914 (sz=90, trace=300000, nelems=45, elem type=char[])
OBJ 50002915 (sz=24, trace=300000, class=java.lang.String@5000016e)
	value		50002918
OBJ 50002916 (sz=24, trace=300000, class=java.lang.String@5000016e)
	value		50002917
ARR 50002917 (sz=42, trace=300000, nelems=21, elem type=char[])
ARR 50002918 (sz=10, trace=300000, nelems=5, elem type=char[])
OBJ 50002919 (sz=24, trace=300000, class=java.lang.String@5000016e)
	value		5000291c
OBJ 5000291a (sz=24, trace=300000, class=java.lang.String@5000016e)
	value		5000291b
ARR 5000291b (sz=102, trace=300000, nelems=51, elem type=char[])
ARR 5000291c (sz=128, trace=300000, nelems=64, elem type=char[])
OBJ 5000291d (sz=24, trace=300000, class=java.lang.String@5000016e)
	value		50002920
OBJ 5000291e (sz=24, trace=300000, class=java.lang.String@5000016e)
	value		5000291f
ARR 5000291f (sz=90, trace=300000, nelems=45, elem type=char[])
ARR 50002920 (sz=114, trace=300000, nelems=57, elem type=char[])
OBJ 50002921 (sz=24, trace=300000, class=java.lang.String@5000016e)
	value		50002924
OBJ 50002922 (sz=24, trace=300000, class=java.lang.String@5000016e)
	value		50002923
ARR 50002923 (sz=54, trace=300000, nelems=27, elem type=char[])
ARR 50002924 (sz=46, trace=300000, nelems=23, elem type=char[])
OBJ 50002925 (sz=24, trace=300000, class=java.lang.String@5000016e)
	value		50002928
OBJ 50002926 (sz=24, trace=300000, class=java.lang.String@5000016e)
	value		50002927
ARR 50002927 (sz=52, trace=300000, nelems=26, elem type=char[])
ARR 50002928 (sz=70, trace=300000, nelems=35, elem type=char[])
OBJ 50002929 (sz=24, trace=300000, class=java.lang.String@5000016e)
	value		5000292c
OBJ 5000292a (sz=24, trace=300000, class=java.lang.String@5000016e)
	value		5000292b
ARR 5000292b (sz=90, trace=300000, nelems=45, elem type=char[])
ARR 5000292c (sz=94, trace=300000, nelems=47, elem type=char[])
OBJ 5000292d (sz=24, trace=300000, class=java.lang.String@5000016e)
	value		50002930
OBJ 5000292e (sz=24, trace=300000, class=java.lang.String@5000016e)
	value		5000292f
ARR 5000292f (sz=72, trace=300000, nelems=36, elem type=char[])
ARR 50002930 (sz=46, trace=300000, nelems=23, elem type=char[])
OBJ 50002931 (sz=24, trace=300000, class=java.lang.String@5000016e)
	value		50002934
OBJ 50002932 (sz=24, trace=300000, class=java.lang.String@5000016e)
	value		50002933
ARR 50002933 (sz=92, trace=300000, nelems=46, elem type=char[])
ARR 50002934 (sz=90, trace=300000, nelems=45, elem type=char[])
OBJ 50002935 (sz=24, trace=300000, class=java.lang.String@5000016e)
	value		50002936
ARR 50002936 (sz=52, trace=300000, nelems=26, elem type=char[])
OBJ 50002937 (sz=24, trace=300000, class=java.lang.String@5000016e)
	value		5000293a
OBJ 50002938 (sz=24, trace=300000, class=java.lang.String@5000016e)
	value		50002939
ARR 50002939 (sz=84, trace=300000, nelems=42, elem type=char[])
ARR 5000293a (sz=168, trace=300000, nelems=84, elem type=char[])
OBJ 5000293b (sz=24, trace=300000, class=java.lang.String@5000016e)
	value		5000293e
OBJ 5000293c (sz=24, trace=300000, class=java.lang.String@5000016e)
	value		5000293d
ARR 5000293d (sz=68, trace=300000, nelems=34, elem type=char[])
ARR 5000293e (sz=28, trace=300000, nelems=14, elem type=char[])
OBJ 5000293f (sz=24, trace=300000, class=java.lang.String@5000016e)
	value		50002942
OBJ 50002940 (sz=24, trace=300000, class=java.lang.String@5000016e)
	value		50002941
ARR 50002941 (sz=92, trace=300000, nelems=46, elem type=char[])
ARR 50002942 (sz=104, trace=300000, nelems=52, elem type=char[])
OBJ 50002943 (sz=24, trace=300000, class=java.lang.String@5000016e)
	value		50002946
OBJ 50002944 (sz=24, trace=300000, class=java.lang.String@5000016e)
	value		50002945
ARR 50002945 (sz=48, trace=300000, nelems=24, elem type=char[])
ARR 50002946 (sz=48, trace=300000, nelems=24, elem type=char[])
OBJ 50002947 (sz=24, trace=300000, class=java.lang.String@5000016e)
	value		5000294a
OBJ 50002948 (sz=24, trace=300000, class=java.lang.String@5000016e)
	value		50002949
ARR 50002949 (sz=78, trace=300000, nelems=39, elem type=char[])
ARR 5000294a (sz=170, trace=300000, nelems=85, elem type=char[])
OBJ 5000294b (sz=24, trace=300000, class=java.lang.String@5000016e)
	value		5000294e
OBJ 5000294c (sz=24, trace=300000, class=java.lang.String@5000016e)
	value		5000294d
ARR 5000294d (sz=126, trace=300000, nelems=63, elem type=char[])
ARR 5000294e (sz=222, trace=300000, nelems=111, elem type=char[])
OBJ 5000294f (sz=24, trace=300000, class=java.lang.String@5000016e)
	value		50002952
OBJ 50002950 (sz=24, trace=300000, class=java.lang.String@5000016e)
	value		50002951
ARR 50002951 (sz=62, trace=300000, nelems=31, elem type=char[])
ARR 50002952 (sz=64, trace=300000, nelems=32, elem type=char[])
OBJ 50002953 (sz=24, trace=300000, class=java.lang.String@5000016e)
	value		50002956
OBJ 50002954 (sz=24, trace=300000, class=java.lang.String@5000016e)
	value		50002955
ARR 50002955 (sz=70, trace=300000, nelems=35, elem type=char[])
ARR 50002956 (sz=220, trace=300000, nelems=110, elem type=char[])
OBJ 50002957 (sz=24, trace=300000, class=java.lang.String@5000016e)
	value		5000295a
OBJ 50002958 (sz=24, trace=300000, class=java.lang.String@5000016e)
	value		50002959
ARR 50002959 (sz=50, trace=300000, nelems=25, elem type=char[])
ARR 5000295a (sz=48, trace=300000, nelems=24, elem type=char[])
OBJ 5000295b (sz=24, trace=300000, class=java.lang.String@5000016e)
	value		5000295e
OBJ 5000295c (sz=24, trace=300000, class=java.lang.String@5000016e)
	value		5000295d
ARR 5000295d (sz=82, trace=300000, nelems=41, elem type=char[])
ARR 5000295e (sz=86, trace=300000, nelems=43, elem type=char[])
OBJ 5000295f (sz=24, trace=300000, class=java.lang.String@5000016e)
	value		50002962
OBJ 50002960 (sz=24, trace=300000, class=java.lang.String@5000016e)
	value		50002961
ARR 50002961 (sz=78, trace=300000, nelems=39, elem type=char[])
ARR 50002962 (sz=124, trace=300000, nelems=62, elem type=char[])
OBJ 50002963 (sz=24, trace=300000, class=java.lang.String@5000016e)
	value		50002966
OBJ 50002964 (sz=24, trace=300000, class=java.lang.String@5000016e)
	value		50002965
ARR 50002965 (sz=106, trace=300000, nelems=53, elem type=char[])
ARR 50002966 (sz=164, trace=300000, nelems=82, elem type=char[])
OBJ 50002967 (sz=24, trace=300000, class=java.lang.String@5000016e)
	value		5000296a
OBJ 50002968 (sz=24, trace=300000, class=java.lang.String@5000016e)
	value		50002969
ARR 50002969 (sz=70, trace=300000, nelems=35, elem type=char[])
ARR 5000296a (sz=76, trace=300000, nelems=38, elem type=char[])
OBJ 5000296b (sz=24, trace=300000, class=java.lang.String@5000016e)
	value		5000296e
OBJ 5000296c (sz=24, trace=300000, class=java.lang.String@5000016e)
	value		5000296d
ARR 5000296d (sz=82, trace=300000, nelems=41, elem type=char[])
ARR 5000296e (sz=74, trace=300000, nelems=37, elem type=char[])
OBJ 5000296f (sz=24, trace=300000, class=java.lang.String@5000016e)
	value		50002972
OBJ 50002970 (sz=24, trace=300000, class=java.lang.String@5000016e)
	value		50002971
ARR 50002971 (sz=58, trace=300000, nelems=29, elem type=char[])
ARR 50002972 (sz=38, trace=300000, nelems=19, elem type=char[])
OBJ 50002973 (sz=24, trace=300000, class=java.lang.String@5000016e)
	value		50002976
OBJ 50002974 (sz=24, trace=300000, class=java.lang.String@5000016e)
	value		50002975
ARR 50002975 (sz=86, trace=300000, nelems=43, elem type=char[])
ARR 50002976 (sz=64, trace=300000, nelems=32, elem type=char[])
OBJ 50002977 (sz=24, trace=300000, class=java.lang.String@5000016e)
	value		5000297a
OBJ 50002978 (sz=24, trace=300000, class=java.lang.String@5000016e)
	value		50002979
ARR 50002979 (sz=66, trace=300000, nelems=33, elem type=char[])
ARR 5000297a (sz=102, trace=300000, nelems=51, elem type=char[])
OBJ 5000297b (sz=24, trace=300000, class=java.lang.String@5000016e)
	value		5000297e
OBJ 5000297c (sz=24, trace=300000, class=java.lang.String@5000016e)
	value		5000297d
ARR 5000297d (sz=54, trace=300000, nelems=27, elem type=char[])
ARR 5000297e (sz=172, trace=300000, nelems=86, elem type=char[])
OBJ 5000297f (sz=24, trace=300000, class=java.lang.String@5000016e)
	value		50002982
OBJ 50002980 (sz=24, trace=300000, class=java.lang.String@5000016e)
	value		50002981
ARR 50002981 (sz=96, trace=300000, nelems=48, elem type=char[])
ARR 50002982 (sz=282, trace=300000, nelems=141, elem type=char[])
OBJ 50002983 (sz=24, trace=300000, class=java.lang.String@5000016e)
	value		50002986
OBJ 50002984 (sz=24, trace=300000, class=java.lang.String@5000016e)
	value		50002985
ARR 50002985 (sz=82, trace=300000, nelems=41, elem type=char[])
ARR 50002986 (sz=52, trace=300000, nelems=26, elem type=char[])
OBJ 50002987 (sz=24, trace=300000, class=java.lang.String@5000016e)
	value		5000298a
OBJ 50002988 (sz=24, trace=300000, class=java.lang.String@5000016e)
	value		50002989
ARR 50002989 (sz=104, trace=300000, nelems=52, elem type=char[])
ARR 5000298a (sz=200, trace=300000, nelems=100, elem type=char[])
OBJ 5000298b (sz=24, trace=300000, class=java.lang.String@5000016e)
	value		5000298e
OBJ 5000298c (sz=24, trace=300000, class=java.lang.String@5000016e)
	value		5000298d
ARR 5000298d (sz=56, trace=300000, nelems=28, elem type=char[])
ARR 5000298e (sz=146, trace=300000, nelems=73, elem type=char[])
OBJ 5000298f (sz=24, trace=300000, class=java.lang.String@5000016e)
	value		50002992
OBJ 50002990 (sz=24, trace=300000, class=java.lang.String@5000016e)
	value		50002991
ARR 50002991 (sz=106, trace=300000, nelems=53, elem type=char[])
ARR 50002992 (sz=94, trace=300000, nelems=47, elem type=char[])
OBJ 50002993 (sz=24, trace=300000, class=java.lang.String@5000016e)
	value		50002994
ARR 50002994 (sz=60, trace=300000, nelems=30, elem type=char[])
OBJ 50002995 (sz=24, trace=300000, class=java.lang.String@5000016e)
	value		50002998
OBJ 50002996 (sz=24, trace=300000, class=java.lang.String@5000016e)
	value		50002997
ARR 50002997 (sz=52, trace=300000, nelems=26, elem type=char[])
ARR 50002998 (sz=30, trace=300000, nelems=15, elem type=char[])
OBJ 50002999 (sz=24, trace=300000, class=java.lang.String@5000016e)
	value		5000299c
OBJ 5000299a (sz=24, trace=300000, class=java.lang.String@5000016e)
	value		5000299b
ARR 5000299b (sz=50, trace=300000, nelems=25, elem type=char[])
ARR 5000299c (sz=52, trace=300000, nelems=26, elem type=char[])
OBJ 5000299d (sz=24, trace=300000, class=java.lang.String@5000016e)
	value		500029a0
OBJ 5000299e (sz=24, trace=300000, class=java.lang.String@5000016e)
	value		5000299f
ARR 5000299f (sz=70, trace=300000, nelems=35, elem type=char[])
ARR 500029a0 (sz=116, trace=300000, nelems=58, elem type=char[])
OBJ 500029a1 (sz=24, trace=300000, class=java.lang.String@5000016e)
	value		500029a4
OBJ 500029a2 (sz=24, trace=300000, class=java.lang.String@5000016e)
	value		500029a3
ARR 500029a3 (sz=88, trace=300000, nelems=44, elem type=char[])
ARR 500029a4 (sz=164, trace=300000, nelems=82, elem type=char[])
OBJ 500029a5 (sz=24, trace=300000, class=java.lang.String@5000016e)
	value		500029a8
OBJ 500029a6 (sz=24, trace=300000, class=java.lang.String@5000016e)
	value		500029a7
ARR 500029a7 (sz=92, trace=300000, nelems=46, elem type=char[])
ARR 500029a8 (sz=120, trace=300000, nelems=60, elem type=char[])
OBJ 500029a9 (sz=24, trace=300000, class=java.lang.String@5000016e)
	value		500029ac
OBJ 500029aa (sz=24, trace=300000, class=java.lang.String@5000016e)
	value		500029ab
ARR 500029ab (sz=66, trace=300000, nelems=33, elem type=char[])
ARR 500029ac (sz=98, trace=300000, nelems=49, elem type=char[])
OBJ 500029ad (sz=24, trace=300000, class=java.lang.String@5000016e)
	value		500029ae
ARR 500029ae (sz=50, trace=300000, nelems=25, elem type=char[])
OBJ 500029af (sz=24, trace=300000, class=java.lang.String@5000016e)
	value		500029b2
OBJ 500029b0 (sz=24, trace=300000, class=java.lang.String@5000016e)
	value		500029b1
ARR 500029b1 (sz=54, trace=300000, nelems=27, elem type=char[])
ARR 500029b2 (sz=78, trace=300000, nelems=39, elem type=char[])
OBJ 500029b3 (sz=24, trace=300000, class=java.lang.String@5000016e)
	value		500029b6
OBJ 500029b4 (sz=24, trace=300000, class=java.lang.String@5000016e)
	value		500029b5
ARR 500029b5 (sz=78, trace=300000, nelems=39, elem type=char[])
ARR 500029b6 (sz=62, trace=300000, nelems=31, elem type=char[])
OBJ 500029b7 (sz=24, trace=300000, class=java.lang.String@5000016e)
	value		500029ba
OBJ 500029b8 (sz=24, trace=300000, class=java.lang.String@5000016e)
	value		500029b9
ARR 500029b9 (sz=66, trace=300000, nelems=33, elem type=char[])
ARR 500029ba (sz=132, trace=300000, nelems=66, elem type=char[])
OBJ 500029bb (sz=24, trace=300000, class=java.lang.String@5000016e)
	value		500029be
OBJ 500029bc (sz=24, trace=300000, class=java.lang.String@5000016e)
	value		500029bd
ARR 500029bd (sz=66, trace=300000, nelems=33, elem type=char[])
ARR 500029be (sz=40, trace=300000, nelems=20, elem type=char[])
OBJ 500029bf (sz=24, trace=300000, class=java.lang.String@5000016e)
	value		500029c2
OBJ 500029c0 (sz=24, trace=300000, class=java.lang.String@5000016e)
	value		500029c1
ARR 500029c1 (sz=52, trace=300000, nelems=26, elem type=char[])
ARR 500029c2 (sz=56, trace=300000, nelems=28, elem type=char[])
OBJ 500029c3 (sz=24, trace=300000, class=java.lang.String@5000016e)
	value		500029c6
OBJ 500029c4 (sz=24, trace=300000, class=java.lang.String@5000016e)
	value		500029c5
ARR 500029c5 (sz=58, trace=300000, nelems=29, elem type=char[])
ARR 500029c6 (sz=42, trace=300000, nelems=21, elem type=char[])
OBJ 500029c7 (sz=24, trace=300000, class=java.lang.String@5000016e)
	value		500029c8
ARR 500029c8 (sz=66, trace=300000, nelems=33, elem type=char[])
OBJ 500029c9 (sz=24, trace=300000, class=java.lang.String@5000016e)
	value		500029cc
OBJ 500029ca (sz=24, trace=300000, class=java.lang.String@5000016e)
	value		500029cb
ARR 500029cb (sz=56, trace=300000, nelems=28, elem type=char[])
ARR 500029cc (sz=92, trace=300000, nelems=46, elem type=char[])
OBJ 500029cd (sz=24, trace=300000, class=java.lang.String@5000016e)
	value		500029d0
OBJ 500029ce (sz=24, trace=300000, class=java.lang.String@5000016e)
	value		500029cf
ARR 500029cf (sz=78, trace=300000, nelems=39, elem type=char[])
ARR 500029d0 (sz=232, trace=300000, nelems=116, elem type=char[])
OBJ 500029d1 (sz=24, trace=300000, class=java.lang.String@5000016e)
	value		500029d4
OBJ 500029d2 (sz=24, trace=300000, class=java.lang.String@5000016e)
	value		500029d3
ARR 500029d3 (sz=80, trace=300000, nelems=40, elem type=char[])
ARR 500029d4 (sz=82, trace=300000, nelems=41, elem type=char[])
OBJ 500029d5 (sz=24, trace=300000, class=java.lang.String@5000016e)
	value		500029d6
ARR 500029d6 (sz=94, trace=300000, nelems=47, elem type=char[])
OBJ 500029d7 (sz=24, trace=300000, class=java.lang.String@5000016e)
	value		500029da
OBJ 500029d8 (sz=24, trace=300000, class=java.lang.String@5000016e)
	value		500029d9
ARR 500029d9 (sz=66, trace=300000, nelems=33, elem type=char[])
ARR 500029da (sz=58, trace=300000, nelems=29, elem type=char[])
OBJ 500029db (sz=24, trace=300000, class=java.lang.String@5000016e)
	value		500029de
OBJ 500029dc (sz=24, trace=300000, class=java.lang.String@5000016e)
	value		500029dd
ARR 500029dd (sz=44, trace=300000, nelems=22, elem type=char[])
ARR 500029de (sz=48, trace=300000, nelems=24, elem type=char[])
OBJ 500029df (sz=24, trace=300000, class=java.lang.String@5000016e)
	value		500029e2
OBJ 500029e0 (sz=24, trace=300000, class=java.lang.String@5000016e)
	value		500029e1
ARR 500029e1 (sz=68, trace=300000, nelems=34, elem type=char[])
ARR 500029e2 (sz=56, trace=300000, nelems=28, elem type=char[])
OBJ 500029e3 (sz=24, trace=300000, class=java.lang.String@5000016e)
	value		500029e4
ARR 500029e4 (sz=66, trace=300000, nelems=33, elem type=char[])
OBJ 500029e5 (sz=24, trace=300000, class=java.lang.String@5000016e)
	value		500029e8
OBJ 500029e6 (sz=24, trace=300000, class=java.lang.String@5000016e)
	value		500029e7
ARR 500029e7 (sz=100, trace=300000, nelems=50, elem type=char[])
ARR 500029e8 (sz=142, trace=300000, nelems=71, elem type=char[])
OBJ 500029e9 (sz=24, trace=300000, class=java.lang.String@5000016e)
	value		500029ec
OBJ 500029ea (sz=24, trace=300000, class=java.lang.String@5000016e)
	value		500029eb
ARR 500029eb (sz=146, trace=300000, nelems=73, elem type=char[])
ARR 500029ec (sz=154, trace=300000, nelems=77, elem type=char[])
OBJ 500029ed (sz=24, trace=300000, class=java.lang.String@5000016e)
	value		500029ee
ARR 500029ee (sz=80, trace=300000, nelems=40, elem type=char[])
OBJ 500029ef (sz=24, trace=300000, class=java.lang.String@5000016e)
	value		500029f2
OBJ 500029f0 (sz=24, trace=300000, class=java.lang.String@5000016e)
	value		500029f1
ARR 500029f1 (sz=72, trace=300000, nelems=36, elem type=char[])
ARR 500029f2 (sz=114, trace=300000, nelems=57, elem type=char[])
OBJ 500029f3 (sz=24, trace=300000, class=java.lang.String@5000016e)
	value		500029f6
OBJ 500029f4 (sz=24, trace=300000, class=java.lang.String@5000016e)
	value		500029f5
ARR 500029f5 (sz=110, trace=300000, nelems=55, elem type=char[])
ARR 500029f6 (sz=210, trace=300000, nelems=105, elem type=char[])
OBJ 500029f7 (sz=24, trace=300000, class=java.lang.String@5000016e)
	value		500029fa
OBJ 500029f8 (sz=24, trace=300000, class=java.lang.String@5000016e)
	value		500029f9
ARR 500029f9 (sz=56, trace=300000, nelems=28, elem type=char[])
ARR 500029fa (sz=66, trace=300000, nelems=33, elem type=char[])
OBJ 500029fb (sz=24, trace=300000, class=java.lang.String@5000016e)
	value		500029fe
OBJ 500029fc (sz=24, trace=300000, class=java.lang.String@5000016e)
	value		500029fd
ARR 500029fd (sz=98, trace=300000, nelems=49, elem type=char[])
ARR 500029fe (sz=182, trace=300000, nelems=91, elem type=char[])
OBJ 500029ff (sz=24, trace=300000, class=java.lang.String@5000016e)
	value		50002a02
OBJ 50002a00 (sz=24, trace=300000, class=java.lang.String@5000016e)
	value		50002a01
ARR 50002a01 (sz=76, trace=300000, nelems=38, elem type=char[])
ARR 50002a02 (sz=94, trace=300000, nelems=47, elem type=char[])
OBJ 50002a03 (sz=24, trace=300000, class=java.lang.String@5000016e)
	value		50002a06
OBJ 50002a04 (sz=24, trace=300000, class=java.lang.String@5000016e)
	value		50002a05
ARR 50002a05 (sz=106, trace=300000, nelems=53, elem type=char[])
ARR 50002a06 (sz=164, trace=300000, nelems=82, elem type=char[])
OBJ 50002a07 (sz=24, trace=300000, class=java.lang.String@5000016e)
	value		50002a0a
OBJ 50002a08 (sz=24, trace=300000, class=java.lang.String@5000016e)
	value		50002a09
ARR 50002a09 (sz=82, trace=300000, nelems=41, elem type=char[])
ARR 50002a0a (sz=144, trace=300000, nelems=72, elem type=char[])
OBJ 50002a0b (sz=24, trace=300000, class=java.lang.String@5000016e)
	value		50002a0e
OBJ 50002a0c (sz=24, trace=300000, class=java.lang.String@5000016e)
	value		50002a0d
ARR 50002a0d (sz=78, trace=300000, nelems=39, elem type=char[])
ARR 50002a0e (sz=66, trace=300000, nelems=33, elem type=char[])
OBJ 50002a0f (sz=24, trace=300000, class=java.lang.String@5000016e)
	value		50002a12
OBJ 50002a10 (sz=24, trace=300000, class=java.lang.String@5000016e)
	value		50002a11
ARR 50002a11 (sz=58, trace=300000, nelems=29, elem type=char[])
ARR 50002a12 (sz=48, trace=300000, nelems=24, elem type=char[])
OBJ 50002a13 (sz=24, trace=300000, class=java.lang.String@5000016e)
	value		50002a16
OBJ 50002a14 (sz=24, trace=300000, class=java.lang.String@5000016e)
	value		50002a15
ARR 50002a15 (sz=84, trace=300000, nelems=42, elem type=char[])
ARR 50002a16 (sz=160, trace=300000, nelems=80, elem type=char[])
OBJ 50002a17 (sz=24, trace=300000, class=java.lang.String@5000016e)
	value		50002a1a
OBJ 50002a18 (sz=24, trace=300000, class=java.lang.String@5000016e)
	value		50002a19
ARR 50002a19 (sz=64, trace=300000, nelems=32, elem type=char[])
ARR 50002a1a (sz=28, trace=300000, nelems=14, elem type=char[])
OBJ 50002a1b (sz=24, trace=300000, class=java.lang.String@5000016e)
	value		50002a1e
OBJ 50002a1c (sz=24, trace=300000, class=java.lang.String@5000016e)
	value		50002a1d
ARR 50002a1d (sz=62, trace=300000, nelems=31, elem type=char[])
ARR 50002a1e (sz=14, trace=300000, nelems=7, elem type=char[])
OBJ 50002a1f (sz=24, trace=300000, class=java.lang.String@5000016e)
	value		50002a22
OBJ 50002a20 (sz=24, trace=300000, class=java.lang.String@5000016e)
	value		50002a21
ARR 50002a21 (sz=70, trace=300000, nelems=35, elem type=char[])
ARR 50002a22 (sz=214, trace=300000, nelems=107, elem type=char[])
OBJ 50002a23 (sz=24, trace=300000, class=java.lang.String@5000016e)
	value		50002a24
ARR 50002a24 (sz=56, trace=300000, nelems=28, elem type=char[])
OBJ 50002a25 (sz=24, trace=300000, class=java.lang.String@5000016e)
	value		50002a28
OBJ 50002a26 (sz=24, trace=300000, class=java.lang.String@5000016e)
	value		50002a27
ARR 50002a27 (sz=62, trace=300000, nelems=31, elem type=char[])
ARR 50002a28 (sz=272, trace=300000, nelems=136, elem type=char[])
OBJ 50002a29 (sz=24, trace=300000, class=java.lang.String@5000016e)
	value		50002a2c
OBJ 50002a2a (sz=24, trace=300000, class=java.lang.String@5000016e)
	value		50002a2b
ARR 50002a2b (sz=78, trace=300000, nelems=39, elem type=char[])
ARR 50002a2c (sz=42, trace=300000, nelems=21, elem type=char[])
OBJ 50002a2d (sz=56, trace=300000, class=java.util.ResourceBundle$CacheKey@50002269)
	name		50000d0b
	locale		5000059b
	loaderRef	50001f11
	format		50001b65
OBJ 50002a2e (sz=56, trace=300000, class=java.util.ResourceBundle$CacheKey@50002269)
	name		50000c3f
	locale		50000f06
	loaderRef	500002af
	format		50001b65
OBJ 50002a2f (sz=56, trace=300000, class=java.util.ResourceBundle$CacheKey@50002269)
	name		50000d0b
	locale		50000f07
	loaderRef	50001ebb
	format		50001b65
OBJ 50002a30 (sz=24, trace=300000, class=java.lang.String@5000016e)
	value		50002a33
OBJ 50002a31 (sz=24, trace=300000, class=java.lang.String@5000016e)
	value		50002a32
ARR 50002a32 (sz=8, trace=300000, nelems=4, elem type=char[])
ARR 50002a33 (sz=26, trace=300000, nelems=13, elem type=char[])
OBJ 50002a34 (sz=24, trace=300000, class=java.lang.String@5000016e)
	value		50002a35
ARR 50002a35 (sz=14, trace=300000, nelems=7, elem type=char[])
OBJ 50002a36 (sz=24, trace=300000, class=java.lang.String@5000016e)
	value		50002a37
ARR 50002a37 (sz=6, trace=300000, nelems=3, elem type=char[])
OBJ 50002a38 (sz=56, trace=300000, class=java.util.ResourceBundle$CacheKey@50002269)
	name		50000cc1
	locale		50000f07
	loaderRef	50002057
	format		50001b65
ARR 50002a39 (sz=46, trace=300000, nelems=23, elem type=char[])
ARR 50002a3a (sz=48, trace=300000, nelems=24, elem type=char[])
ARR 50002a3b (sz=34, trace=300000, nelems=17, elem type=char[])
ARR 50002a3c (sz=48, trace=300000, nelems=24, elem type=char[])
ARR 50002a3d (sz=32, trace=300000, nelems=16, elem type=char[])
ARR 50002a3e (sz=102, trace=300000, nelems=51, elem type=char[])
ARR 50002a3f (sz=56, trace=300000, nelems=28, elem type=char[])
ARR 50002a40 (sz=146, trace=300000, nelems=73, elem type=char[])
ARR 50002a41 (sz=52, trace=300000, nelems=26, elem type=char[])
ARR 50002a42 (sz=44, trace=300000, nelems=22, elem type=char[])
ARR 50002a43 (sz=50, trace=300000, nelems=25, elem type=char[])
ARR 50002a44 (sz=30, trace=300000, nelems=15, elem type=char[])
ARR 50002a45 (sz=42, trace=300000, nelems=21, elem type=char[])
ARR 50002a46 (sz=108, trace=300000, nelems=54, elem type=char[])
ARR 50002a47 (sz=42, trace=300000, nelems=21, elem type=char[])
ARR 50002a48 (sz=94, trace=300000, nelems=47, elem type=char[])
ARR 50002a49 (sz=26, trace=300000, nelems=13, elem type=char[])
ARR 50002a4a (sz=26, trace=300000, nelems=13, elem type=char[])
ARR 50002a4b (sz=600, trace=300000, nelems=300, elem type=char[])
ARR 50002a4c (sz=46, trace=300000, nelems=23, elem type=char[])
ARR 50002a4d (sz=86, trace=300000, nelems=43, elem type=char[])
ARR 50002a4e (sz=38, trace=300000, nelems=19, elem type=char[])
ARR 50002a4f (sz=14, trace=300000, nelems=7, elem type=char[])
ARR 50002a50 (sz=28, trace=300000, nelems=14, elem type=char[])
ARR 50002a51 (sz=72, trace=300000, nelems=36, elem type=char[])
ARR 50002a52 (sz=46, trace=300000, nelems=23, elem type=char[])
ARR 50002a53 (sz=22, trace=300000, nelems=11, elem type=char[])
ARR 50002a54 (sz=36, trace=300000, nelems=18, elem type=char[])
ARR 50002a55 (sz=156, trace=300000, nelems=78, elem type=char[])
ARR 50002a56 (sz=52, trace=300000, nelems=26, elem type=char[])
ARR 50002a57 (sz=70, trace=300000, nelems=35, elem type=char[])
ARR 50002a58 (sz=46, trace=300000, nelems=23, elem type=char[])
ARR 50002a59 (sz=178, trace=300000, nelems=89, elem type=char[])
ARR 50002a5a (sz=66, trace=300000, nelems=33, elem type=char[])
ARR 50002a5b (sz=60, trace=300000, nelems=30, elem type=char[])
ARR 50002a5c (sz=32, trace=300000, nelems=16, elem type=char[])
ARR 50002a5d (sz=216, trace=300000, nelems=108, elem type=char[])
ARR 50002a5e (sz=40, trace=300000, nelems=20, elem type=char[])
ARR 50002a5f (sz=16, trace=300000, nelems=8, elem type=char[])
ARR 50002a60 (sz=48, trace=300000, nelems=24, elem type=char[])
ARR 50002a61 (sz=54, trace=300000, nelems=27, elem type=char[])
ARR 50002a62 (sz=88, trace=300000, nelems=44, elem type=char[])
ARR 50002a63 (sz=204, trace=300000, nelems=102, elem type=char[])
ARR 50002a64 (sz=32, trace=300000, nelems=16, elem type=char[])
ARR 50002a65 (sz=102, trace=300000, nelems=51, elem type=char[])
ARR 50002a66 (sz=36, trace=300000, nelems=18, elem type=char[])
ARR 50002a67 (sz=90, trace=300000, nelems=45, elem type=char[])
ARR 50002a68 (sz=34, trace=300000, nelems=17, elem type=char[])
ARR 50002a69 (sz=82, trace=300000, nelems=41, elem type=char[])
ARR 50002a6a (sz=30, trace=300000, nelems=15, elem type=char[])
ARR 50002a6b (sz=48, trace=300000, nelems=24, elem type=char[])
ARR 50002a6c (sz=36, trace=300000, nelems=18, elem type=char[])
ARR 50002a6d (sz=80, trace=300000, nelems=40, elem type=char[])
ARR 50002a6e (sz=42, trace=300000, nelems=21, elem type=char[])
ARR 50002a6f (sz=96, trace=300000, nelems=48, elem type=char[])
ARR 50002a70 (sz=32, trace=300000, nelems=16, elem type=char[])
ARR 50002a71 (sz=78, trace=300000, nelems=39, elem type=char[])
ARR 50002a72 (sz=34, trace=300000, nelems=17, elem type=char[])
ARR 50002a73 (sz=38, trace=300000, nelems=19, elem type=char[])
ARR 50002a74 (sz=82, trace=300000, nelems=41, elem type=char[])
ARR 50002a75 (sz=120, trace=300000, nelems=60, elem type=char[])
ARR 50002a76 (sz=44, trace=300000, nelems=22, elem type=char[])
ARR 50002a77 (sz=20, trace=300000, nelems=10, elem type=char[])
ARR 50002a78 (sz=44, trace=300000, nelems=22, elem type=char[])
ARR 50002a79 (sz=20, trace=300000, nelems=10, elem type=char[])
ARR 50002a7a (sz=38, trace=300000, nelems=19, elem type=char[])
ARR 50002a7b (sz=128, trace=300000, nelems=64, elem type=char[])
ARR 50002a7c (sz=34, trace=300000, nelems=17, elem type=char[])
ARR 50002a7d (sz=82, trace=300000, nelems=41, elem type=char[])
ARR 50002a7e (sz=36, trace=300000, nelems=18, elem type=char[])
ARR 50002a7f (sz=12, trace=300000, nelems=6, elem type=char[])
ARR 50002a80 (sz=30, trace=300000, nelems=15, elem type=char[])
ARR 50002a81 (sz=152, trace=300000, nelems=76, elem type=char[])
ARR 50002a82 (sz=36, trace=300000, nelems=18, elem type=char[])
ARR 50002a83 (sz=116, trace=300000, nelems=58, elem type=char[])
ARR 50002a84 (sz=80, trace=300000, nelems=40, elem type=char[])
ARR 50002a85 (sz=114, trace=300000, nelems=57, elem type=char[])
ARR 50002a86 (sz=50, trace=300000, nelems=25, elem type=char[])
ARR 50002a87 (sz=40, trace=300000, nelems=20, elem type=char[])
ARR 50002a88 (sz=32, trace=300000, nelems=16, elem type=char[])
ARR 50002a89 (sz=40, trace=300000, nelems=20, elem type=char[])
ARR 50002a8a (sz=42, trace=300000, nelems=21, elem type=char[])
ARR 50002a8b (sz=42, trace=300000, nelems=21, elem type=char[])
ARR 50002a8c (sz=36, trace=300000, nelems=18, elem type=char[])
ARR 50002a8d (sz=94, trace=300000, nelems=47, elem type=char[])
ARR 50002a8e (sz=40, trace=300000, nelems=20, elem type=char[])
ARR 50002a8f (sz=106, trace=300000, nelems=53, elem type=char[])
ARR 50002a90 (sz=66, trace=300000, nelems=33, elem type=char[])
ARR 50002a91 (sz=92, trace=300000, nelems=46, elem type=char[])
ARR 50002a92 (sz=50, trace=300000, nelems=25, elem type=char[])
ARR 50002a93 (sz=462, trace=300000, nelems=231, elem type=char[])
ARR 50002a94 (sz=42, trace=300000, nelems=21, elem type=char[])
ARR 50002a95 (sz=18, trace=300000, nelems=9, elem type=char[])
ARR 50002a96 (sz=42, trace=300000, nelems=21, elem type=char[])
ARR 50002a97 (sz=110, trace=300000, nelems=55, elem type=char[])
ARR 50002a98 (sz=30, trace=300000, nelems=15, elem type=char[])
ARR 50002a99 (sz=54, trace=300000, nelems=27, elem type=char[])
ARR 50002a9a (sz=32, trace=300000, nelems=16, elem type=char[])
ARR 50002a9b (sz=42, trace=300000, nelems=21, elem type=char[])
ARR 50002a9c (sz=36, trace=300000, nelems=18, elem type=char[])
ARR 50002a9d (sz=162, trace=300000, nelems=81, elem type=char[])
ARR 50002a9e (sz=52, trace=300000, nelems=26, elem type=char[])
ARR 50002a9f (sz=70, trace=300000, nelems=35, elem type=char[])
ARR 50002aa0 (sz=22, trace=300000, nelems=11, elem type=char[])
ARR 50002aa1 (sz=78, trace=300000, nelems=39, elem type=char[])
ARR 50002aa2 (sz=34, trace=300000, nelems=17, elem type=char[])
ARR 50002aa3 (sz=48, trace=300000, nelems=24, elem type=char[])
ARR 50002aa4 (sz=44, trace=300000, nelems=22, elem type=char[])
ARR 50002aa5 (sz=88, trace=300000, nelems=44, elem type=char[])
ARR 50002aa6 (sz=32, trace=300000, nelems=16, elem type=char[])
ARR 50002aa7 (sz=52, trace=300000, nelems=26, elem type=char[])
ARR 50002aa8 (sz=52, trace=300000, nelems=26, elem type=char[])
ARR 50002aa9 (sz=68, trace=300000, nelems=34, elem type=char[])
ARR 50002aaa (sz=24, trace=300000, nelems=12, elem type=char[])
ARR 50002aab (sz=72, trace=300000, nelems=36, elem type=char[])
ARR 50002aac (sz=36, trace=300000, nelems=18, elem type=char[])
ARR 50002aad (sz=94, trace=300000, nelems=47, elem type=char[])
ARR 50002aae (sz=48, trace=300000, nelems=24, elem type=char[])
ARR 50002aaf (sz=130, trace=300000, nelems=65, elem type=char[])
ARR 50002ab0 (sz=36, trace=300000, nelems=18, elem type=char[])
ARR 50002ab1 (sz=12, trace=300000, nelems=6, elem type=char[])
ARR 50002ab2 (sz=32, trace=300000, nelems=16, elem type=char[])
ARR 50002ab3 (sz=88, trace=300000, nelems=44, elem type=char[])
ARR 50002ab4 (sz=38, trace=300000, nelems=19, elem type=char[])
ARR 50002ab5 (sz=154, trace=300000, nelems=77, elem type=char[])
ARR 50002ab6 (sz=40, trace=300000, nelems=20, elem type=char[])
ARR 50002ab7 (sz=90, trace=300000, nelems=45, elem type=char[])
ARR 50002ab8 (sz=34, trace=300000, nelems=17, elem type=char[])
ARR 50002ab9 (sz=96, trace=300000, nelems=48, elem type=char[])
ARR 50002aba (sz=70, trace=300000, nelems=35, elem type=char[])
ARR 50002abb (sz=174, trace=300000, nelems=87, elem type=char[])
ARR 50002abc (sz=42, trace=300000, nelems=21, elem type=char[])
ARR 50002abd (sz=18, trace=300000, nelems=9, elem type=char[])
ARR 50002abe (sz=48, trace=300000, nelems=24, elem type=char[])
ARR 50002abf (sz=62, trace=300000, nelems=31, elem type=char[])
ARR 50002ac0 (sz=40, trace=300000, nelems=20, elem type=char[])
ARR 50002ac1 (sz=22, trace=300000, nelems=11, elem type=char[])
ARR 50002ac2 (sz=46, trace=300000, nelems=23, elem type=char[])
ARR 50002ac3 (sz=30, trace=300000, nelems=15, elem type=char[])
ARR 50002ac4 (sz=28, trace=300000, nelems=14, elem type=char[])
ARR 50002ac5 (sz=74, trace=300000, nelems=37, elem type=char[])
ARR 50002ac6 (sz=68, trace=300000, nelems=34, elem type=char[])
ARR 50002ac7 (sz=94, trace=300000, nelems=47, elem type=char[])
ARR 50002ac8 (sz=36, trace=300000, nelems=18, elem type=char[])
ARR 50002ac9 (sz=20, trace=300000, nelems=10, elem type=char[])
ARR 50002aca (sz=36, trace=300000, nelems=18, elem type=char[])
ARR 50002acb (sz=86, trace=300000, nelems=43, elem type=char[])
ARR 50002acc (sz=34, trace=300000, nelems=17, elem type=char[])
ARR 50002acd (sz=44, trace=300000, nelems=22, elem type=char[])
ARR 50002ace (sz=58, trace=300000, nelems=29, elem type=char[])
ARR 50002acf (sz=66, trace=300000, nelems=33, elem type=char[])
ARR 50002ad0 (sz=46, trace=300000, nelems=23, elem type=char[])
ARR 50002ad1 (sz=84, trace=300000, nelems=42, elem type=char[])
ARR 50002ad2 (sz=24, trace=300000, nelems=12, elem type=char[])
ARR 50002ad3 (sz=162, trace=300000, nelems=81, elem type=char[])
ARR 50002ad4 (sz=34, trace=300000, nelems=17, elem type=char[])
ARR 50002ad5 (sz=114, trace=300000, nelems=57, elem type=char[])
ARR 50002ad6 (sz=36, trace=300000, nelems=18, elem type=char[])
ARR 50002ad7 (sz=12, trace=300000, nelems=6, elem type=char[])
ARR 50002ad8 (sz=22, trace=300000, nelems=11, elem type=char[])
ARR 50002ad9 (sz=80, trace=300000, nelems=40, elem type=char[])
ARR 50002ada (sz=48, trace=300000, nelems=24, elem type=char[])
ARR 50002adb (sz=54, trace=300000, nelems=27, elem type=char[])
ARR 50002adc (sz=38, trace=300000, nelems=19, elem type=char[])
ARR 50002add (sz=110, trace=300000, nelems=55, elem type=char[])
ARR 50002ade (sz=34, trace=300000, nelems=17, elem type=char[])
ARR 50002adf (sz=76, trace=300000, nelems=38, elem type=char[])
ARR 50002ae0 (sz=22, trace=300000, nelems=11, elem type=char[])
ARR 50002ae1 (sz=84, trace=300000, nelems=42, elem type=char[])
ARR 50002ae2 (sz=40, trace=300000, nelems=20, elem type=char[])
ARR 50002ae3 (sz=104, trace=300000, nelems=52, elem type=char[])
ARR 50002ae4 (sz=30, trace=300000, nelems=15, elem type=char[])
ARR 50002ae5 (sz=106, trace=300000, nelems=53, elem type=char[])
ARR 50002ae6 (sz=68, trace=300000, nelems=34, elem type=char[])
ARR 50002ae7 (sz=136, trace=300000, nelems=68, elem type=char[])
ARR 50002ae8 (sz=52, trace=300000, nelems=26, elem type=char[])
ARR 50002ae9 (sz=114, trace=300000, nelems=57, elem type=char[])
ARR 50002aea (sz=48, trace=300000, nelems=24, elem type=char[])
ARR 50002aeb (sz=38, trace=300000, nelems=19, elem type=char[])
ARR 50002aec (sz=56, trace=300000, nelems=28, elem type=char[])
ARR 50002aed (sz=44, trace=300000, nelems=22, elem type=char[])
ARR 50002aee (sz=56, trace=300000, nelems=28, elem type=char[])
ARR 50002aef (sz=40, trace=300000, nelems=20, elem type=char[])
ARR 50002af0 (sz=40, trace=300000, nelems=20, elem type=char[])
ARR 50002af1 (sz=80, trace=300000, nelems=40, elem type=char[])
ARR 50002af2 (sz=22, trace=300000, nelems=11, elem type=char[])
ARR 50002af3 (sz=78, trace=300000, nelems=39, elem type=char[])
ARR 50002af4 (sz=44, trace=300000, nelems=22, elem type=char[])
ARR 50002af5 (sz=34, trace=300000, nelems=17, elem type=char[])
ARR 50002af6 (sz=44, trace=300000, nelems=22, elem type=char[])
ARR 50002af7 (sz=134, trace=300000, nelems=67, elem type=char[])
ARR 50002af8 (sz=22, trace=300000, nelems=11, elem type=char[])
ARR 50002af9 (sz=88, trace=300000, nelems=44, elem type=char[])
ARR 50002afa (sz=52, trace=300000, nelems=26, elem type=char[])
ARR 50002afb (sz=64, trace=300000, nelems=32, elem type=char[])
ARR 50002afc (sz=22, trace=300000, nelems=11, elem type=char[])
ARR 50002afd (sz=54, trace=300000, nelems=27, elem type=char[])
ARR 50002afe (sz=60, trace=300000, nelems=30, elem type=char[])
ARR 50002aff (sz=22, trace=300000, nelems=11, elem type=char[])
OBJ 50002b00 (sz=56, trace=300000, class=java.util.ResourceBundle$CacheKey@50002269)
	name		50000c3f
	locale		5000059b
	loaderRef	50000270
	format		50001b65
OBJ 50002b01 (sz=56, trace=300000, class=java.util.ResourceBundle$CacheKey@50002269)
	name		50000d0b
	locale		50000f06
	loaderRef	50001fd2
	format		50001b65
OBJ 50002b02 (sz=24, trace=300000, class=java.lang.String@5000016e)
	value		50002b05
OBJ 50002b03 (sz=24, trace=300000, class=java.lang.String@5000016e)
	value		50002b04
ARR 50002b04 (sz=36, trace=300000, nelems=18, elem type=char[])
ARR 50002b05 (sz=64, trace=300000, nelems=32, elem type=char[])
OBJ 50002b06 (sz=24, trace=300000, class=java.lang.String@5000016e)
	value		50002b07
ARR 50002b07 (sz=30, trace=300000, nelems=15, elem type=char[])
OBJ 50002b08 (sz=24, trace=300000, class=java.lang.String@5000016e)
	value		50002b0d
OBJ 50002b09 (sz=24, trace=300000, class=java.lang.String@5000016e)
	value		50002b0c
OBJ 50002b0a (sz=24, trace=300000, class=java.lang.String@5000016e)
	value		50002b0b
ARR 50002b0b (sz=4, trace=300000, nelems=2, elem type=char[])
ARR 50002b0c (sz=4, trace=300000, nelems=2, elem type=char[])
ARR 50002b0d (sz=4, trace=300000, nelems=2, elem type=char[])
ARR 50002b0e (sz=62, trace=300000, nelems=31, elem type=char[])
ARR 50002b0f (sz=12, trace=300000, nelems=6, elem type=char[])
OBJ 50002b10 (sz=24, trace=300000, class=java.lang.String@5000016e)
	value		50002b15
OBJ 50002b11 (sz=24, trace=300000, class=java.lang.String@5000016e)
	value		50002b18
OBJ 50002b12 (sz=24, trace=300000, class=java.lang.String@5000016e)
	value		50002b19
OBJ 50002b13 (sz=24, trace=300000, class=java.lang.String@5000016e)
	value		50002b16
OBJ 50002b14 (sz=24, trace=300000, class=java.lang.String@5000016e)
	value		50002b17
ARR 50002b15 (sz=18, trace=300000, nelems=9, elem type=char[])
ARR 50002b16 (sz=20, trace=300000, nelems=10, elem type=char[])
ARR 50002b17 (sz=12, trace=300000, nelems=6, elem type=char[])
ARR 50002b18 (sz=14, trace=300000, nelems=7, elem type=char[])
ARR 50002b19 (sz=14, trace=300000, nelems=7, elem type=char[])
OBJ 50002b1a (sz=24, trace=300000, class=java.lang.String@5000016e)
	value		50002b2c
OBJ 50002b1b (sz=24, trace=300000, class=java.lang.String@5000016e)
	value		50002b2e
OBJ 50002b1c (sz=24, trace=300000, class=java.lang.String@5000016e)
	value		50002b31
OBJ 50002b1d (sz=24, trace=300000, class=java.lang.String@5000016e)
	value		50002b33
OBJ 50002b1e (sz=24, trace=300000, class=java.lang.String@5000016e)
	value		50002b35
OBJ 50002b1f (sz=24, trace=300000, class=java.lang.String@5000016e)
	value		50002b37
OBJ 50002b20 (sz=24, trace=300000, class=java.lang.String@5000016e)
	value		50002b3b
OBJ 50002b21 (sz=24, trace=300000, class=java.lang.String@5000016e)
	value		50002b3a
OBJ 50002b22 (sz=24, trace=300000, class=java.lang.String@5000016e)
	value		50002b39
OBJ 50002b23 (sz=24, trace=300000, class=java.lang.String@5000016e)
	value		50002b38
OBJ 50002b24 (sz=24, trace=300000, class=java.lang.String@5000016e)
	value		50002b2b
OBJ 50002b25 (sz=24, trace=300000, class=java.lang.String@5000016e)
	value		50002b2d
OBJ 50002b26 (sz=24, trace=300000, class=java.lang.String@5000016e)
	value		50002b2f
OBJ 50002b27 (sz=24, trace=300000, class=java.lang.String@5000016e)
	value		50002b30
OBJ 50002b28 (sz=24, trace=300000, class=java.lang.String@5000016e)
	value		50002b32
OBJ 50002b29 (sz=24, trace=300000, class=java.lang.String@5000016e)
	value		50002b34
OBJ 50002b2a (sz=24, trace=300000, class=java.lang.String@5000016e)
	value		50002b36
ARR 50002b2b (sz=12, trace=300000, nelems=6, elem type=char[])
ARR 50002b2c (sz=6, trace=300000, nelems=3, elem type=char[])
ARR 50002b2d (sz=12, trace=300000, nelems=6, elem type=char[])
ARR 50002b2e (sz=6, trace=300000, nelems=3, elem type=char[])
ARR 50002b2f (sz=12, trace=300000, nelems=6, elem type=char[])
ARR 50002b30 (sz=12, trace=300000, nelems=6, elem type=char[])
ARR 50002b31 (sz=6, trace=300000, nelems=3, elem type=char[])
ARR 50002b32 (sz=12, trace=300000, nelems=6, elem type=char[])
ARR 50002b33 (sz=6, trace=300000, nelems=3, elem type=char[])
ARR 50002b34 (sz=12, trace=300000, nelems=6, elem type=char[])
ARR 50002b35 (sz=6, trace=300000, nelems=3, elem type=char[])
ARR 50002b36 (sz=12, trace=300000, nelems=6, elem type=char[])
ARR 50002b37 (sz=6, trace=300000, nelems=3, elem type=char[])
ARR 50002b38 (sz=2, trace=300000, nelems=1, elem type=char[])
ARR 50002b39 (sz=2, trace=300000, nelems=1, elem type=char[])
ARR 50002b3a (sz=2, trace=300000, nelems=1, elem type=char[])
ARR 50002b3b (sz=2, trace=300000, nelems=1, elem type=char[])
OBJ 50002b3c (sz=24, trace=300000, class=java.lang.String@5000016e)
	value		50002b3f
OBJ 50002b3d (sz=24, trace=300000, class=java.lang.String@5000016e)
	value		50002b3e
ARR 50002b3e (sz=12, trace=300000, nelems=6, elem type=char[])
ARR 50002b3f (sz=6, trace=300000, nelems=3, elem type=char[])
OBJ 50002b40 (sz=24, trace=300000, class=java.lang.String@5000016e)
	value		50002b46
OBJ 50002b41 (sz=24, trace=300000, class=java.lang.String@5000016e)
	value		50002b44
OBJ 50002b42 (sz=24, trace=300000, class=java.lang.String@5000016e)
	value		50002b47
OBJ 50002b43 (sz=24, trace=300000, class=java.lang.String@5000016e)
	value		50002b45
ARR 50002b44 (sz=10, trace=300000, nelems=5, elem type=char[])
ARR 50002b45 (sz=12, trace=300000, nelems=6, elem type=char[])
ARR 50002b46 (sz=26, trace=300000, nelems=13, elem type=char[])
ARR 50002b47 (sz=28, trace=300000, nelems=14, elem type=char[])
OBJ 50002b48 (sz=24, trace=300000, class=java.lang.String@5000016e)
	value		50002b4d
OBJ 50002b49 (sz=24, trace=300000, class=java.lang.String@5000016e)
	value		50002b4e
OBJ 50002b4a (sz=24, trace=300000, class=java.lang.String@5000016e)
	value		50002b51
OBJ 50002b4b (sz=24, trace=300000, class=java.lang.String@5000016e)
	value		50002b50
OBJ 50002b4c (sz=24, trace=300000, class=java.lang.String@5000016e)
	value		50002b4f
ARR 50002b4d (sz=12, trace=300000, nelems=6, elem type=char[])
ARR 50002b4e (sz=14, trace=300000, nelems=7, elem type=char[])
ARR 50002b4f (sz=12, trace=300000, nelems=6, elem type=char[])
ARR 50002b50 (sz=36, trace=300000, nelems=18, elem type=char[])
ARR 50002b51 (sz=26, trace=300000, nelems=13, elem type=char[])
OBJ 50002b52 (sz=24, trace=300000, class=java.lang.String@5000016e)
	value		50002d92
OBJ 50002b53 (sz=24, trace=300000, class=java.lang.String@5000016e)
	value		50002c4a
OBJ 50002b54 (sz=24, trace=300000, class=java.lang.String@5000016e)
	value		50002d91
OBJ 50002b55 (sz=24, trace=300000, class=java.lang.String@5000016e)
	value		50002d90
OBJ 50002b56 (sz=24, trace=300000, class=java.lang.String@5000016e)
	value		50002b58
ARR 50002b57 (sz=28, trace=300000, nelems=14, elem type=char[])
ARR 50002b58 (sz=36, trace=300000, nelems=18, elem type=char[])
OBJ 50002b59 (sz=24, trace=300000, class=java.lang.String@5000016e)
	value		50002c92
OBJ 50002b5a (sz=24, trace=300000, class=java.lang.String@5000016e)
	value		50002c8d
OBJ 50002b5b (sz=24, trace=300000, class=java.lang.String@5000016e)
	value		50002c84
OBJ 50002b5c (sz=24, trace=300000, class=java.lang.String@5000016e)
	value		50002c81
OBJ 50002b5d (sz=24, trace=300000, class=java.lang.String@5000016e)
	value		50002c87
OBJ 50002b5e (sz=24, trace=300000, class=java.lang.String@5000016e)
	value		50002c65
OBJ 50002b5f (sz=24, trace=300000, class=java.lang.String@5000016e)
	value		50002c68
OBJ 50002b60 (sz=24, trace=300000, class=java.lang.String@5000016e)
	value		50002c37
OBJ 50002b61 (sz=24, trace=300000, class=java.lang.String@5000016e)
	value		50002c3a
OBJ 50002b62 (sz=24, trace=300000, class=java.lang.String@5000016e)
	value		50002c7e
OBJ 50002b63 (sz=24, trace=300000, class=java.lang.String@5000016e)
	value		50002c75
OBJ 50002b64 (sz=24, trace=300000, class=java.lang.String@5000016e)
	value		50002c79
OBJ 50002b65 (sz=24, trace=300000, class=java.lang.String@5000016e)
	value		50002ca2
OBJ 50002b66 (sz=24, trace=300000, class=java.lang.String@5000016e)
	value		50002c72
OBJ 50002b67 (sz=24, trace=300000, class=java.lang.String@5000016e)
	value		50002caf
OBJ 50002b68 (sz=24, trace=300000, class=java.lang.String@5000016e)
	value		50002c8f
OBJ 50002b69 (sz=24, trace=300000, class=java.lang.String@5000016e)
	value		50002c89
OBJ 50002b6a (sz=24, trace=300000, class=java.lang.String@5000016e)
	value		50002c19
OBJ 50002b6b (sz=24, trace=300000, class=java.lang.String@5000016e)
	value		50002c2d
OBJ 50002b6c (sz=24, trace=300000, class=java.lang.String@5000016e)
	value		50002c2a
OBJ 50002b6d (sz=24, trace=300000, class=java.lang.String@5000016e)
	value		50002ca9
OBJ 50002b6e (sz=24, trace=300000, class=java.lang.String@5000016e)
	value		50002cac
OBJ 50002b6f (sz=24, trace=300000, class=java.lang.String@5000016e)
	value		50002c6c
OBJ 50002b70 (sz=24, trace=300000, class=java.lang.String@5000016e)
	value		50002c9f
OBJ 50002b71 (sz=24, trace=300000, class=java.lang.String@5000016e)
	value		50002c94
OBJ 50002b72 (sz=24, trace=300000, class=java.lang.String@5000016e)
	value		50002c98
OBJ 50002b73 (sz=24, trace=300000, class=java.lang.String@5000016e)
	value		50002c9c
OBJ 50002b74 (sz=24, trace=300000, class=java.lang.String@5000016e)
	value		50002cba
OBJ 50002b75 (sz=24, trace=300000, class=java.lang.String@5000016e)
	value		50002ca6
OBJ 50002b76 (sz=24, trace=300000, class=java.lang.String@5000016e)
	value		50002cb3
OBJ 50002b77 (sz=24, trace=300000, class=java.lang.String@5000016e)
	value		50002c7b
OBJ 50002b78 (sz=24, trace=300000, class=java.lang.String@5000016e)
	value		50002cb7
OBJ 50002b79 (sz=24, trace=300000, class=java.lang.String@5000016e)
	value		50002c6f
OBJ 50002b7a (sz=24, trace=300000, class=java.lang.String@5000016e)
	value		50002cbe
OBJ 50002b7b (sz=24, trace=300000, class=java.lang.String@5000016e)
	value		50002c7d
OBJ 50002b7c (sz=24, trace=300000, class=java.lang.String@5000016e)
	value		50002c74
OBJ 50002b7d (sz=24, trace=300000, class=java.lang.String@5000016e)
	value		50002c78
OBJ 50002b7e (sz=24, trace=300000, class=java.lang.String@5000016e)
	value		50002ca1
OBJ 50002b7f (sz=24, trace=300000, class=java.lang.String@5000016e)
	value		50002c71
OBJ 50002b80 (sz=24, trace=300000, class=java.lang.String@5000016e)
	value		50002c91
OBJ 50002b81 (sz=24, trace=300000, class=java.lang.String@5000016e)
	value		50002c8c
OBJ 50002b82 (sz=24, trace=300000, class=java.lang.String@5000016e)
	value		50002cae
OBJ 50002b83 (sz=24, trace=300000, class=java.lang.String@5000016e)
	value		50002c8e
OBJ 50002b84 (sz=24, trace=300000, class=java.lang.String@5000016e)
	value		50002c88
OBJ 50002b85 (sz=24, trace=300000, class=java.lang.String@5000016e)
	value		50002c18
OBJ 50002b86 (sz=24, trace=300000, class=java.lang.String@5000016e)
	value		50002c2c
OBJ 50002b87 (sz=24, trace=300000, class=java.lang.String@5000016e)
	value		50002c29
OBJ 50002b88 (sz=24, trace=300000, class=java.lang.String@5000016e)
	value		50002ca8
OBJ 50002b89 (sz=24, trace=300000, class=java.lang.String@5000016e)
	value		50002cab
OBJ 50002b8a (sz=24, trace=300000, class=java.lang.String@5000016e)
	value		50002c6b
OBJ 50002b8b (sz=24, trace=300000, class=java.lang.String@5000016e)
	value		50002c9e
OBJ 50002b8c (sz=24, trace=300000, class=java.lang.String@5000016e)
	value		50002c93
OBJ 50002b8d (sz=24, trace=300000, class=java.lang.String@5000016e)
	value		50002c97
OBJ 50002b8e (sz=24, trace=300000, class=java.lang.String@5000016e)
	value		50002c9b
OBJ 50002b8f (sz=24, trace=300000, class=java.lang.String@5000016e)
	value		50002cb9
OBJ 50002b90 (sz=24, trace=300000, class=java.lang.String@5000016e)
	value		50002ca5
OBJ 50002b91 (sz=24, trace=300000, class=java.lang.String@5000016e)
	value		50002cb2
OBJ 50002b92 (sz=24, trace=300000, class=java.lang.String@5000016e)
	value		50002c7a
OBJ 50002b93 (sz=24, trace=300000, class=java.lang.String@5000016e)
	value		50002cb6
OBJ 50002b94 (sz=24, trace=300000, class=java.lang.String@5000016e)
	value		50002c6e
OBJ 50002b95 (sz=24, trace=300000, class=java.lang.String@5000016e)
	value		50002cbd
OBJ 50002b96 (sz=24, trace=300000, class=java.lang.String@5000016e)
	value		50002c86
OBJ 50002b97 (sz=24, trace=300000, class=java.lang.String@5000016e)
	value		50002c83
OBJ 50002b98 (sz=24, trace=300000, class=java.lang.String@5000016e)
	value		50002c80
OBJ 50002b99 (sz=24, trace=300000, class=java.lang.String@5000016e)
	value		50002c64
OBJ 50002b9a (sz=24, trace=300000, class=java.lang.String@5000016e)
	value		50002c67
OBJ 50002b9b (sz=24, trace=300000, class=java.lang.String@5000016e)
	value		50002c36
OBJ 50002b9c (sz=24, trace=300000, class=java.lang.String@5000016e)
	value		50002c39
OBJ 50002b9d (sz=24, trace=300000, class=java.lang.String@5000016e)
	value		50002c63
OBJ 50002b9e (sz=24, trace=300000, class=java.lang.String@5000016e)
	value		50002c33
OBJ 50002b9f (sz=24, trace=300000, class=java.lang.String@5000016e)
	value		50002c96
OBJ 50002ba0 (sz=24, trace=300000, class=java.lang.String@5000016e)
	value		50002c85
OBJ 50002ba1 (sz=24, trace=300000, class=java.lang.String@5000016e)
	value		50002c82
OBJ 50002ba2 (sz=24, trace=300000, class=java.lang.String@5000016e)
	value		50002c66
OBJ 50002ba3 (sz=24, trace=300000, class=java.lang.String@5000016e)
	value		50002c6a
OBJ 50002ba4 (sz=24, trace=300000, class=java.lang.String@5000016e)
	value		50002c69
OBJ 50002ba5 (sz=24, trace=300000, class=java.lang.String@5000016e)
	value		50002c38
OBJ 50002ba6 (sz=24, trace=300000, class=java.lang.String@5000016e)
	value		50002c3b
OBJ 50002ba7 (sz=24, trace=300000, class=java.lang.String@5000016e)
	value		50002c99
OBJ 50002ba8 (sz=24, trace=300000, class=java.lang.String@5000016e)
	value		50002ca3
OBJ 50002ba9 (sz=24, trace=300000, class=java.lang.String@5000016e)
	value		50002c8a
OBJ 50002baa (sz=24, trace=300000, class=java.lang.String@5000016e)
	value		50002cb0
OBJ 50002bab (sz=24, trace=300000, class=java.lang.String@5000016e)
	value		50002c76
OBJ 50002bac (sz=24, trace=300000, class=java.lang.String@5000016e)
	value		50002cbb
OBJ 50002bad (sz=24, trace=300000, class=java.lang.String@5000016e)
	value		50002cb4
OBJ 50002bae (sz=24, trace=300000, class=java.lang.String@5000016e)
	value		50002c7f
OBJ 50002baf (sz=24, trace=300000, class=java.lang.String@5000016e)
	value		50002c77
OBJ 50002bb0 (sz=24, trace=300000, class=java.lang.String@5000016e)
	value		50002ca4
OBJ 50002bb1 (sz=24, trace=300000, class=java.lang.String@5000016e)
	value		50002c73
OBJ 50002bb2 (sz=24, trace=300000, class=java.lang.String@5000016e)
	value		50002cb1
OBJ 50002bb3 (sz=24, trace=300000, class=java.lang.String@5000016e)
	value		50002c90
OBJ 50002bb4 (sz=24, trace=300000, class=java.lang.String@5000016e)
	value		50002c8b
OBJ 50002bb5 (sz=24, trace=300000, class=java.lang.String@5000016e)
	value		50002c28
OBJ 50002bb6 (sz=24, trace=300000, class=java.lang.String@5000016e)
	value		50002c2e
OBJ 50002bb7 (sz=24, trace=300000, class=java.lang.String@5000016e)
	value		50002c2b
OBJ 50002bb8 (sz=24, trace=300000, class=java.lang.String@5000016e)
	value		50002caa
OBJ 50002bb9 (sz=24, trace=300000, class=java.lang.String@5000016e)
	value		50002cad
OBJ 50002bba (sz=24, trace=300000, class=java.lang.String@5000016e)
	value		50002c6d
OBJ 50002bbb (sz=24, trace=300000, class=java.lang.String@5000016e)
	value		50002ca0
OBJ 50002bbc (sz=24, trace=300000, class=java.lang.String@5000016e)
	value		50002c95
OBJ 50002bbd (sz=24, trace=300000, class=java.lang.String@5000016e)
	value		50002c9a
OBJ 50002bbe (sz=24, trace=300000, class=java.lang.String@5000016e)
	value		50002c9d
OBJ 50002bbf (sz=24, trace=300000, class=java.lang.String@5000016e)
	value		50002cbc
OBJ 50002bc0 (sz=24, trace=300000, class=java.lang.String@5000016e)
	value		50002cb5
OBJ 50002bc1 (sz=24, trace=300000, class=java.lang.String@5000016e)
	value		50002ca7
OBJ 50002bc2 (sz=24, trace=300000, class=java.lang.String@5000016e)
	value		50002c7c
OBJ 50002bc3 (sz=24, trace=300000, class=java.lang.String@5000016e)
	value		50002cb8
OBJ 50002bc4 (sz=24, trace=300000, class=java.lang.String@5000016e)
	value		50002c70
OBJ 50002bc5 (sz=24, trace=300000, class=java.lang.String@5000016e)
	value		50002cbf
OBJ 50002bc6 (sz=24, trace=300000, class=java.lang.String@5000016e)
	value		50002c35
OBJ 50002bc7 (sz=24, trace=300000, class=java.lang.String@5000016e)
	value		50002c34
OBJ 50002bc8 (sz=24, trace=300000, class=java.lang.String@5000016e)
	value		50002cca
OBJ 50002bc9 (sz=24, trace=300000, class=java.lang.String@5000016e)
	value		50002cd1
OBJ 50002bca (sz=24, trace=300000, class=java.lang.String@5000016e)
	value		50002d00
OBJ 50002bcb (sz=24, trace=300000, class=java.lang.String@5000016e)
	value		50002cd7
OBJ 50002bcc (sz=24, trace=300000, class=java.lang.String@5000016e)
	value		50002cce
OBJ 50002bcd (sz=24, trace=300000, class=java.lang.String@5000016e)
	value		50002d0d
OBJ 50002bce (sz=24, trace=300000, class=java.lang.String@5000016e)
	value		50002cc5
OBJ 50002bcf (sz=24, trace=300000, class=java.lang.String@5000016e)
	value		50002d08
OBJ 50002bd0 (sz=24, trace=300000, class=java.lang.String@5000016e)
	value		50002d02
OBJ 50002bd1 (sz=24, trace=300000, class=java.lang.String@5000016e)
	value		50002ce2
OBJ 50002bd2 (sz=24, trace=300000, class=java.lang.String@5000016e)
	value		50002ce6
OBJ 50002bd3 (sz=24, trace=300000, class=java.lang.String@5000016e)
	value		50002cfa
OBJ 50002bd4 (sz=24, trace=300000, class=java.lang.String@5000016e)
	value		50002d04
OBJ 50002bd5 (sz=24, trace=300000, class=java.lang.String@5000016e)
	value		50002cf6
OBJ 50002bd6 (sz=24, trace=300000, class=java.lang.String@5000016e)
	value		50002ced
OBJ 50002bd7 (sz=24, trace=300000, class=java.lang.String@5000016e)
	value		50002cf3
OBJ 50002bd8 (sz=24, trace=300000, class=java.lang.String@5000016e)
	value		50002cf0
OBJ 50002bd9 (sz=24, trace=300000, class=java.lang.String@5000016e)
	value		50002ce9
OBJ 50002bda (sz=24, trace=300000, class=java.lang.String@5000016e)
	value		50002cdc
OBJ 50002bdb (sz=24, trace=300000, class=java.lang.String@5000016e)
	value		50002cc3
OBJ 50002bdc (sz=24, trace=300000, class=java.lang.String@5000016e)
	value		50002cc7
OBJ 50002bdd (sz=24, trace=300000, class=java.lang.String@5000016e)
	value		50002cd5
OBJ 50002bde (sz=24, trace=300000, class=java.lang.String@5000016e)
	value		50002cde
OBJ 50002bdf (sz=24, trace=300000, class=java.lang.String@5000016e)
	value		50002cda
OBJ 50002be0 (sz=24, trace=300000, class=java.lang.String@5000016e)
	value		50002ce0
OBJ 50002be1 (sz=24, trace=300000, class=java.lang.String@5000016e)
	value		50002cc9
OBJ 50002be2 (sz=24, trace=300000, class=java.lang.String@5000016e)
	value		50002d0e
OBJ 50002be3 (sz=24, trace=300000, class=java.lang.String@5000016e)
	value		50002cc4
OBJ 50002be4 (sz=24, trace=300000, class=java.lang.String@5000016e)
	value		50002cdb
OBJ 50002be5 (sz=24, trace=300000, class=java.lang.String@5000016e)
	value		50002cc2
OBJ 50002be6 (sz=24, trace=300000, class=java.lang.String@5000016e)
	value		50002cc6
OBJ 50002be7 (sz=24, trace=300000, class=java.lang.String@5000016e)
	value		50002cd0
OBJ 50002be8 (sz=24, trace=300000, class=java.lang.String@5000016e)
	value		50002cd4
OBJ 50002be9 (sz=24, trace=300000, class=java.lang.String@5000016e)
	value		50002cff
OBJ 50002bea (sz=24, trace=300000, class=java.lang.String@5000016e)
	value		50002d03
OBJ 50002beb (sz=24, trace=300000, class=java.lang.String@5000016e)
	value		50002cdd
OBJ 50002bec (sz=24, trace=300000, class=java.lang.String@5000016e)
	value		50002cd9
OBJ 50002bed (sz=24, trace=300000, class=java.lang.String@5000016e)
	value		50002d11
OBJ 50002bee (sz=24, trace=300000, class=java.lang.String@5000016e)
	value		50002cdf
OBJ 50002bef (sz=24, trace=300000, class=java.lang.String@5000016e)
	value		50002cd6
OBJ 50002bf0 (sz=24, trace=300000, class=java.lang.String@5000016e)
	value		50002ccd
OBJ 50002bf1 (sz=24, trace=300000, class=java.lang.String@5000016e)
	value		50002d0c
OBJ 50002bf2 (sz=24, trace=300000, class=java.lang.String@5000016e)
	value		50002d07
OBJ 50002bf3 (sz=24, trace=300000, class=java.lang.String@5000016e)
	value		50002d01
OBJ 50002bf4 (sz=24, trace=300000, class=java.lang.String@5000016e)
	value		50002ce1
OBJ 50002bf5 (sz=24, trace=300000, class=java.lang.String@5000016e)
	value		50002ce5
OBJ 50002bf6 (sz=24, trace=300000, class=java.lang.String@5000016e)
	value		50002cf9
OBJ 50002bf7 (sz=24, trace=300000, class=java.lang.String@5000016e)
	value		50002cf5
OBJ 50002bf8 (sz=24, trace=300000, class=java.lang.String@5000016e)
	value		50002cec
OBJ 50002bf9 (sz=24, trace=300000, class=java.lang.String@5000016e)
	value		50002cf2
OBJ 50002bfa (sz=24, trace=300000, class=java.lang.String@5000016e)
	value		50002cef
OBJ 50002bfb (sz=24, trace=300000, class=java.lang.String@5000016e)
	value		50002ce8
OBJ 50002bfc (sz=24, trace=300000, class=java.lang.String@5000016e)
	value		50002cfe
OBJ 50002bfd (sz=24, trace=300000, class=java.lang.String@5000016e)
	value		50002d0b
OBJ 50002bfe (sz=24, trace=300000, class=java.lang.String@5000016e)
	value		50002cfd
OBJ 50002bff (sz=24, trace=300000, class=java.lang.String@5000016e)
	value		50002cf8
OBJ 50002c00 (sz=24, trace=300000, class=java.lang.String@5000016e)
	value		50002cfc
OBJ 50002c01 (sz=24, trace=300000, class=java.lang.String@5000016e)
	value		50002ccc
OBJ 50002c02 (sz=24, trace=300000, class=java.lang.String@5000016e)
	value		50002d10
OBJ 50002c03 (sz=24, trace=300000, class=java.lang.String@5000016e)
	value		50002cd3
OBJ 50002c04 (sz=24, trace=300000, class=java.lang.String@5000016e)
	value		50002cd8
OBJ 50002c05 (sz=24, trace=300000, class=java.lang.String@5000016e)
	value		50002ccf
OBJ 50002c06 (sz=24, trace=300000, class=java.lang.String@5000016e)
	value		50002ceb
OBJ 50002c07 (sz=24, trace=300000, class=java.lang.String@5000016e)
	value		50002cea
OBJ 50002c08 (sz=24, trace=300000, class=java.lang.String@5000016e)
	value		50002cd2
OBJ 50002c09 (sz=24, trace=300000, class=java.lang.String@5000016e)
	value		50002ccb
OBJ 50002c0a (sz=24, trace=300000, class=java.lang.String@5000016e)
	value		50002ce3
OBJ 50002c0b (sz=24, trace=300000, class=java.lang.String@5000016e)
	value		50002d05
OBJ 50002c0c (sz=24, trace=300000, class=java.lang.String@5000016e)
	value		50002d09
OBJ 50002c0d (sz=24, trace=300000, class=java.lang.String@5000016e)
	value		50002cc8
OBJ 50002c0e (sz=24, trace=300000, class=java.lang.String@5000016e)
	value		50002ce4
OBJ 50002c0f (sz=24, trace=300000, class=java.lang.String@5000016e)
	value		50002ce7
OBJ 50002c10 (sz=24, trace=300000, class=java.lang.String@5000016e)
	value		50002cfb
OBJ 50002c11 (sz=24, trace=300000, class=java.lang.String@5000016e)
	value		50002d06
OBJ 50002c12 (sz=24, trace=300000, class=java.lang.String@5000016e)
	value		50002cf7
OBJ 50002c13 (sz=24, trace=300000, class=java.lang.String@5000016e)
	value		50002cee
OBJ 50002c14 (sz=24, trace=300000, class=java.lang.String@5000016e)
	value		50002cf4
OBJ 50002c15 (sz=24, trace=300000, class=java.lang.String@5000016e)
	value		50002cf1
OBJ 50002c16 (sz=24, trace=300000, class=java.lang.String@5000016e)
	value		50002d12
OBJ 50002c17 (sz=24, trace=300000, class=java.lang.String@5000016e)
	value		50002d0a
ARR 50002c18 (sz=2, trace=300000, nelems=1, elem type=char[])
ARR 50002c19 (sz=4, trace=300000, nelems=2, elem type=char[])
OBJ 50002c1a (sz=24, trace=300000, class=java.lang.String@5000016e)
	value		50002c1b
ARR 50002c1b (sz=16, trace=300000, nelems=8, elem type=char[])
OBJ 50002c1c (sz=24, trace=300000, class=java.lang.String@5000016e)
	value		50002c1e
OBJ 50002c1d (sz=24, trace=300000, class=java.lang.String@5000016e)
	value		50002c1f
ARR 50002c1e (sz=16, trace=300000, nelems=8, elem type=char[])
ARR 50002c1f (sz=12, trace=300000, nelems=6, elem type=char[])
OBJ 50002c20 (sz=24, trace=300000, class=java.lang.String@5000016e)
	value		50002c21
ARR 50002c21 (sz=10, trace=300000, nelems=5, elem type=char[])
OBJ 50002c22 (sz=24, trace=300000, class=java.lang.String@5000016e)
	value		50002c25
OBJ 50002c23 (sz=24, trace=300000, class=java.lang.String@5000016e)
	value		50002c26
OBJ 50002c24 (sz=24, trace=300000, class=java.lang.String@5000016e)
	value		50002c27
ARR 50002c25 (sz=22, trace=300000, nelems=11, elem type=char[])
ARR 50002c26 (sz=8, trace=300000, nelems=4, elem type=char[])
ARR 50002c27 (sz=14, trace=300000, nelems=7, elem type=char[])
ARR 50002c28 (sz=10, trace=300000, nelems=5, elem type=char[])
ARR 50002c29 (sz=12, trace=300000, nelems=6, elem type=char[])
ARR 50002c2a (sz=14, trace=300000, nelems=7, elem type=char[])
ARR 50002c2b (sz=20, trace=300000, nelems=10, elem type=char[])
ARR 50002c2c (sz=16, trace=300000, nelems=8, elem type=char[])
ARR 50002c2d (sz=6, trace=300000, nelems=3, elem type=char[])
ARR 50002c2e (sz=46, trace=300000, nelems=23, elem type=char[])
OBJ 50002c2f (sz=24, trace=300000, class=java.lang.String@5000016e)
	value		50002c30
ARR 50002c30 (sz=10, trace=300000, nelems=5, elem type=char[])
OBJ 50002c31 (sz=24, trace=300000, class=java.lang.String@5000016e)
	value		50002c32
ARR 50002c32 (sz=10, trace=300000, nelems=5, elem type=char[])
ARR 50002c33 (sz=10, trace=300000, nelems=5, elem type=char[])
ARR 50002c34 (sz=8, trace=300000, nelems=4, elem type=char[])
ARR 50002c35 (sz=12, trace=300000, nelems=6, elem type=char[])
ARR 50002c36 (sz=10, trace=300000, nelems=5, elem type=char[])
ARR 50002c37 (sz=12, trace=300000, nelems=6, elem type=char[])
ARR 50002c38 (sz=18, trace=300000, nelems=9, elem type=char[])
ARR 50002c39 (sz=24, trace=300000, nelems=12, elem type=char[])
ARR 50002c3a (sz=14, trace=300000, nelems=7, elem type=char[])
ARR 50002c3b (sz=40, trace=300000, nelems=20, elem type=char[])
OBJ 50002c3c (sz=24, trace=300000, class=java.lang.String@5000016e)
	value		50002c3d
ARR 50002c3d (sz=16, trace=300000, nelems=8, elem type=char[])
OBJ 50002c3e (sz=24, trace=300000, class=java.lang.String@5000016e)
	value		50002c3f
ARR 50002c3f (sz=20, trace=300000, nelems=10, elem type=char[])
OBJ 50002c40 (sz=24, trace=300000, class=java.lang.String@5000016e)
	value		50002c41
ARR 50002c41 (sz=18, trace=300000, nelems=9, elem type=char[])
OBJ 50002c42 (sz=24, trace=300000, class=java.lang.String@5000016e)
	value		50002c43
ARR 50002c43 (sz=18, trace=300000, nelems=9, elem type=char[])
OBJ 50002c44 (sz=24, trace=300000, class=java.lang.String@5000016e)
	value		50002c45
ARR 50002c45 (sz=14, trace=300000, nelems=7, elem type=char[])
OBJ 50002c46 (sz=24, trace=300000, class=java.lang.String@5000016e)
	value		50002c47
ARR 50002c47 (sz=14, trace=300000, nelems=7, elem type=char[])
OBJ 50002c48 (sz=24, trace=300000, class=java.lang.String@5000016e)
	value		50002c49
ARR 50002c49 (sz=22, trace=300000, nelems=11, elem type=char[])
ARR 50002c4a (sz=8, trace=300000, nelems=4, elem type=char[])
OBJ 50002c4b (sz=24, trace=300000, class=java.lang.String@5000016e)
	value		50002c4c
ARR 50002c4c (sz=14, trace=300000, nelems=7, elem type=char[])
OBJ 50002c4d (sz=24, trace=300000, class=java.lang.String@5000016e)
	value		50002c4e
ARR 50002c4e (sz=18, trace=300000, nelems=9, elem type=char[])
OBJ 50002c4f (sz=24, trace=300000, class=java.lang.String@5000016e)
	value		50002c50
ARR 50002c50 (sz=6, trace=300000, nelems=3, elem type=char[])
OBJ 50002c51 (sz=24, trace=300000, class=java.lang.String@5000016e)
	value		50002c52
ARR 50002c52 (sz=12, trace=300000, nelems=6, elem type=char[])
OBJ 50002c53 (sz=24, trace=300000, class=java.lang.String@5000016e)
	value		50002c54
ARR 50002c54 (sz=12, trace=300000, nelems=6, elem type=char[])
OBJ 50002c55 (sz=24, trace=300000, class=java.lang.String@5000016e)
	value		50002c56
ARR 50002c56 (sz=10, trace=300000, nelems=5, elem type=char[])
OBJ 50002c57 (sz=24, trace=300000, class=java.lang.String@5000016e)
	value		50002c58
ARR 50002c58 (sz=14, trace=300000, nelems=7, elem type=char[])
OBJ 50002c59 (sz=24, trace=300000, class=java.lang.String@5000016e)
	value		50002c5a
ARR 50002c5a (sz=14, trace=300000, nelems=7, elem type=char[])
OBJ 50002c5b (sz=24, trace=300000, class=java.lang.String@5000016e)
	value		50002c5c
ARR 50002c5c (sz=22, trace=300000, nelems=11, elem type=char[])
OBJ 50002c5d (sz=24, trace=300000, class=java.lang.String@5000016e)
	value		50002c5e
ARR 50002c5e (sz=18, trace=300000, nelems=9, elem type=char[])
OBJ 50002c5f (sz=24, trace=300000, class=java.lang.String@5000016e)
	value		50002c60
ARR 50002c60 (sz=8, trace=300000, nelems=4, elem type=char[])
OBJ 50002c61 (sz=24, trace=300000, class=java.lang.String@5000016e)
	value		50002c62
ARR 50002c62 (sz=28, trace=300000, nelems=14, elem type=char[])
ARR 50002c63 (sz=6, trace=300000, nelems=3, elem type=char[])
ARR 50002c64 (sz=16, trace=300000, nelems=8, elem type=char[])
ARR 50002c65 (sz=18, trace=300000, nelems=9, elem type=char[])
ARR 50002c66 (sz=24, trace=300000, nelems=12, elem type=char[])
ARR 50002c67 (sz=30, trace=300000, nelems=15, elem type=char[])
ARR 50002c68 (sz=20, trace=300000, nelems=10, elem type=char[])
ARR 50002c69 (sz=40, trace=300000, nelems=20, elem type=char[])
ARR 50002c6a (sz=38, trace=300000, nelems=19, elem type=char[])
ARR 50002c6b (sz=12, trace=300000, nelems=6, elem type=char[])
ARR 50002c6c (sz=14, trace=300000, nelems=7, elem type=char[])
ARR 50002c6d (sz=20, trace=300000, nelems=10, elem type=char[])
ARR 50002c6e (sz=14, trace=300000, nelems=7, elem type=char[])
ARR 50002c6f (sz=16, trace=300000, nelems=8, elem type=char[])
ARR 50002c70 (sz=22, trace=300000, nelems=11, elem type=char[])
ARR 50002c71 (sz=22, trace=300000, nelems=11, elem type=char[])
ARR 50002c72 (sz=24, trace=300000, nelems=12, elem type=char[])
ARR 50002c73 (sz=30, trace=300000, nelems=15, elem type=char[])
ARR 50002c74 (sz=18, trace=300000, nelems=9, elem type=char[])
ARR 50002c75 (sz=20, trace=300000, nelems=10, elem type=char[])
ARR 50002c76 (sz=24, trace=300000, nelems=12, elem type=char[])
ARR 50002c77 (sz=26, trace=300000, nelems=13, elem type=char[])
ARR 50002c78 (sz=4, trace=300000, nelems=2, elem type=char[])
ARR 50002c79 (sz=6, trace=300000, nelems=3, elem type=char[])
ARR 50002c7a (sz=20, trace=300000, nelems=10, elem type=char[])
ARR 50002c7b (sz=22, trace=300000, nelems=11, elem type=char[])
ARR 50002c7c (sz=28, trace=300000, nelems=14, elem type=char[])
ARR 50002c7d (sz=26, trace=300000, nelems=13, elem type=char[])
ARR 50002c7e (sz=28, trace=300000, nelems=14, elem type=char[])
ARR 50002c7f (sz=34, trace=300000, nelems=17, elem type=char[])
ARR 50002c80 (sz=44, trace=300000, nelems=22, elem type=char[])
ARR 50002c81 (sz=36, trace=300000, nelems=18, elem type=char[])
ARR 50002c82 (sz=40, trace=300000, nelems=20, elem type=char[])
ARR 50002c83 (sz=42, trace=300000, nelems=21, elem type=char[])
ARR 50002c84 (sz=36, trace=300000, nelems=18, elem type=char[])
ARR 50002c85 (sz=40, trace=300000, nelems=20, elem type=char[])
ARR 50002c86 (sz=28, trace=300000, nelems=14, elem type=char[])
ARR 50002c87 (sz=32, trace=300000, nelems=16, elem type=char[])
ARR 50002c88 (sz=14, trace=300000, nelems=7, elem type=char[])
ARR 50002c89 (sz=16, trace=300000, nelems=8, elem type=char[])
ARR 50002c8a (sz=24, trace=300000, nelems=12, elem type=char[])
ARR 50002c8b (sz=22, trace=300000, nelems=11, elem type=char[])
ARR 50002c8c (sz=28, trace=300000, nelems=14, elem type=char[])
ARR 50002c8d (sz=32, trace=300000, nelems=16, elem type=char[])
ARR 50002c8e (sz=24, trace=300000, nelems=12, elem type=char[])
ARR 50002c8f (sz=26, trace=300000, nelems=13, elem type=char[])
ARR 50002c90 (sz=32, trace=300000, nelems=16, elem type=char[])
ARR 50002c91 (sz=38, trace=300000, nelems=19, elem type=char[])
ARR 50002c92 (sz=42, trace=300000, nelems=21, elem type=char[])
ARR 50002c93 (sz=8, trace=300000, nelems=4, elem type=char[])
ARR 50002c94 (sz=12, trace=300000, nelems=6, elem type=char[])
ARR 50002c95 (sz=36, trace=300000, nelems=18, elem type=char[])
ARR 50002c96 (sz=8, trace=300000, nelems=4, elem type=char[])
ARR 50002c97 (sz=18, trace=300000, nelems=9, elem type=char[])
ARR 50002c98 (sz=20, trace=300000, nelems=10, elem type=char[])
ARR 50002c99 (sz=36, trace=300000, nelems=18, elem type=char[])
ARR 50002c9a (sz=26, trace=300000, nelems=13, elem type=char[])
ARR 50002c9b (sz=26, trace=300000, nelems=13, elem type=char[])
ARR 50002c9c (sz=28, trace=300000, nelems=14, elem type=char[])
ARR 50002c9d (sz=34, trace=300000, nelems=17, elem type=char[])
ARR 50002c9e (sz=20, trace=300000, nelems=10, elem type=char[])
ARR 50002c9f (sz=22, trace=300000, nelems=11, elem type=char[])
ARR 50002ca0 (sz=28, trace=300000, nelems=14, elem type=char[])
ARR 50002ca1 (sz=2, trace=300000, nelems=1, elem type=char[])
ARR 50002ca2 (sz=4, trace=300000, nelems=2, elem type=char[])
ARR 50002ca3 (sz=34, trace=300000, nelems=17, elem type=char[])
ARR 50002ca4 (sz=10, trace=300000, nelems=5, elem type=char[])
ARR 50002ca5 (sz=2, trace=300000, nelems=1, elem type=char[])
ARR 50002ca6 (sz=4, trace=300000, nelems=2, elem type=char[])
ARR 50002ca7 (sz=28, trace=300000, nelems=14, elem type=char[])
ARR 50002ca8 (sz=2, trace=300000, nelems=1, elem type=char[])
ARR 50002ca9 (sz=4, trace=300000, nelems=2, elem type=char[])
ARR 50002caa (sz=28, trace=300000, nelems=14, elem type=char[])
ARR 50002cab (sz=16, trace=300000, nelems=8, elem type=char[])
ARR 50002cac (sz=20, trace=300000, nelems=10, elem type=char[])
ARR 50002cad (sz=24, trace=300000, nelems=12, elem type=char[])
ARR 50002cae (sz=16, trace=300000, nelems=8, elem type=char[])
ARR 50002caf (sz=18, trace=300000, nelems=9, elem type=char[])
ARR 50002cb0 (sz=32, trace=300000, nelems=16, elem type=char[])
ARR 50002cb1 (sz=24, trace=300000, nelems=12, elem type=char[])
ARR 50002cb2 (sz=12, trace=300000, nelems=6, elem type=char[])
ARR 50002cb3 (sz=14, trace=300000, nelems=7, elem type=char[])
ARR 50002cb4 (sz=30, trace=300000, nelems=15, elem type=char[])
ARR 50002cb5 (sz=20, trace=300000, nelems=10, elem type=char[])
ARR 50002cb6 (sz=12, trace=300000, nelems=6, elem type=char[])
ARR 50002cb7 (sz=14, trace=300000, nelems=7, elem type=char[])
ARR 50002cb8 (sz=20, trace=300000, nelems=10, elem type=char[])
ARR 50002cb9 (sz=14, trace=300000, nelems=7, elem type=char[])
ARR 50002cba (sz=16, trace=300000, nelems=8, elem type=char[])
ARR 50002cbb (sz=30, trace=300000, nelems=15, elem type=char[])
ARR 50002cbc (sz=22, trace=300000, nelems=11, elem type=char[])
ARR 50002cbd (sz=14, trace=300000, nelems=7, elem type=char[])
ARR 50002cbe (sz=16, trace=300000, nelems=8, elem type=char[])
ARR 50002cbf (sz=22, trace=300000, nelems=11, elem type=char[])
OBJ 50002cc0 (sz=24, trace=300000, class=java.lang.String@5000016e)
	value		50002cc1
ARR 50002cc1 (sz=14, trace=300000, nelems=7, elem type=char[])
ARR 50002cc2 (sz=22, trace=300000, nelems=11, elem type=char[])
ARR 50002cc3 (sz=24, trace=300000, nelems=12, elem type=char[])
ARR 50002cc4 (sz=10, trace=300000, nelems=5, elem type=char[])
ARR 50002cc5 (sz=18, trace=300000, nelems=9, elem type=char[])
ARR 50002cc6 (sz=8, trace=300000, nelems=4, elem type=char[])
ARR 50002cc7 (sz=10, trace=300000, nelems=5, elem type=char[])
ARR 50002cc8 (sz=16, trace=300000, nelems=8, elem type=char[])
ARR 50002cc9 (sz=2, trace=300000, nelems=1, elem type=char[])
ARR 50002cca (sz=4, trace=300000, nelems=2, elem type=char[])
ARR 50002ccb (sz=48, trace=300000, nelems=24, elem type=char[])
ARR 50002ccc (sz=10, trace=300000, nelems=5, elem type=char[])
ARR 50002ccd (sz=2, trace=300000, nelems=1, elem type=char[])
ARR 50002cce (sz=4, trace=300000, nelems=2, elem type=char[])
ARR 50002ccf (sz=10, trace=300000, nelems=5, elem type=char[])
ARR 50002cd0 (sz=2, trace=300000, nelems=1, elem type=char[])
ARR 50002cd1 (sz=4, trace=300000, nelems=2, elem type=char[])
ARR 50002cd2 (sz=24, trace=300000, nelems=12, elem type=char[])
ARR 50002cd3 (sz=10, trace=300000, nelems=5, elem type=char[])
ARR 50002cd4 (sz=16, trace=300000, nelems=8, elem type=char[])
ARR 50002cd5 (sz=18, trace=300000, nelems=9, elem type=char[])
ARR 50002cd6 (sz=12, trace=300000, nelems=6, elem type=char[])
ARR 50002cd7 (sz=14, trace=300000, nelems=7, elem type=char[])
ARR 50002cd8 (sz=20, trace=300000, nelems=10, elem type=char[])
ARR 50002cd9 (sz=12, trace=300000, nelems=6, elem type=char[])
ARR 50002cda (sz=14, trace=300000, nelems=7, elem type=char[])
ARR 50002cdb (sz=6, trace=300000, nelems=3, elem type=char[])
ARR 50002cdc (sz=8, trace=300000, nelems=4, elem type=char[])
ARR 50002cdd (sz=22, trace=300000, nelems=11, elem type=char[])
ARR 50002cde (sz=24, trace=300000, nelems=12, elem type=char[])
ARR 50002cdf (sz=26, trace=300000, nelems=13, elem type=char[])
ARR 50002ce0 (sz=28, trace=300000, nelems=14, elem type=char[])
ARR 50002ce1 (sz=16, trace=300000, nelems=8, elem type=char[])
ARR 50002ce2 (sz=18, trace=300000, nelems=9, elem type=char[])
ARR 50002ce3 (sz=28, trace=300000, nelems=14, elem type=char[])
ARR 50002ce4 (sz=22, trace=300000, nelems=11, elem type=char[])
ARR 50002ce5 (sz=18, trace=300000, nelems=9, elem type=char[])
ARR 50002ce6 (sz=20, trace=300000, nelems=10, elem type=char[])
ARR 50002ce7 (sz=24, trace=300000, nelems=12, elem type=char[])
ARR 50002ce8 (sz=14, trace=300000, nelems=7, elem type=char[])
ARR 50002ce9 (sz=16, trace=300000, nelems=8, elem type=char[])
ARR 50002cea (sz=24, trace=300000, nelems=12, elem type=char[])
ARR 50002ceb (sz=22, trace=300000, nelems=11, elem type=char[])
ARR 50002cec (sz=12, trace=300000, nelems=6, elem type=char[])
ARR 50002ced (sz=14, trace=300000, nelems=7, elem type=char[])
ARR 50002cee (sz=18, trace=300000, nelems=9, elem type=char[])
ARR 50002cef (sz=24, trace=300000, nelems=12, elem type=char[])
ARR 50002cf0 (sz=26, trace=300000, nelems=13, elem type=char[])
ARR 50002cf1 (sz=30, trace=300000, nelems=15, elem type=char[])
ARR 50002cf2 (sz=38, trace=300000, nelems=19, elem type=char[])
ARR 50002cf3 (sz=40, trace=300000, nelems=20, elem type=char[])
ARR 50002cf4 (sz=44, trace=300000, nelems=22, elem type=char[])
ARR 50002cf5 (sz=14, trace=300000, nelems=7, elem type=char[])
ARR 50002cf6 (sz=18, trace=300000, nelems=9, elem type=char[])
ARR 50002cf7 (sz=20, trace=300000, nelems=10, elem type=char[])
ARR 50002cf8 (sz=10, trace=300000, nelems=5, elem type=char[])
ARR 50002cf9 (sz=16, trace=300000, nelems=8, elem type=char[])
ARR 50002cfa (sz=20, trace=300000, nelems=10, elem type=char[])
ARR 50002cfb (sz=22, trace=300000, nelems=11, elem type=char[])
ARR 50002cfc (sz=16, trace=300000, nelems=8, elem type=char[])
ARR 50002cfd (sz=12, trace=300000, nelems=6, elem type=char[])
ARR 50002cfe (sz=12, trace=300000, nelems=6, elem type=char[])
ARR 50002cff (sz=2, trace=300000, nelems=1, elem type=char[])
ARR 50002d00 (sz=4, trace=300000, nelems=2, elem type=char[])
ARR 50002d01 (sz=10, trace=300000, nelems=5, elem type=char[])
ARR 50002d02 (sz=12, trace=300000, nelems=6, elem type=char[])
ARR 50002d03 (sz=12, trace=300000, nelems=6, elem type=char[])
ARR 50002d04 (sz=18, trace=300000, nelems=9, elem type=char[])
ARR 50002d05 (sz=28, trace=300000, nelems=14, elem type=char[])
ARR 50002d06 (sz=20, trace=300000, nelems=10, elem type=char[])
ARR 50002d07 (sz=12, trace=300000, nelems=6, elem type=char[])
ARR 50002d08 (sz=16, trace=300000, nelems=8, elem type=char[])
ARR 50002d09 (sz=18, trace=300000, nelems=9, elem type=char[])
ARR 50002d0a (sz=14, trace=300000, nelems=7, elem type=char[])
ARR 50002d0b (sz=14, trace=300000, nelems=7, elem type=char[])
ARR 50002d0c (sz=4, trace=300000, nelems=2, elem type=char[])
ARR 50002d0d (sz=6, trace=300000, nelems=3, elem type=char[])
ARR 50002d0e (sz=4, trace=300000, nelems=2, elem type=char[])
ARR 50002d0f (sz=2, trace=300000, nelems=1, elem type=char[])
ARR 50002d10 (sz=12, trace=300000, nelems=6, elem type=char[])
ARR 50002d11 (sz=20, trace=300000, nelems=10, elem type=char[])
ARR 50002d12 (sz=20, trace=300000, nelems=10, elem type=char[])
OBJ 50002d13 (sz=24, trace=300000, class=java.lang.String@5000016e)
	value		50002d27
OBJ 50002d14 (sz=24, trace=300000, class=java.lang.String@5000016e)
	value		50002d28
OBJ 50002d15 (sz=24, trace=300000, class=java.lang.String@5000016e)
	value		50002d29
OBJ 50002d16 (sz=24, trace=300000, class=java.lang.String@5000016e)
	value		50002d2a
OBJ 50002d17 (sz=24, trace=300000, class=java.lang.String@5000016e)
	value		50002d2b
OBJ 50002d18 (sz=24, trace=300000, class=java.lang.String@5000016e)
	value		50002d2c
OBJ 50002d19 (sz=24, trace=300000, class=java.lang.String@5000016e)
	value		50002d2d
OBJ 50002d1a (sz=24, trace=300000, class=java.lang.String@5000016e)
	value		50002d2e
OBJ 50002d1b (sz=24, trace=300000, class=java.lang.String@5000016e)
	value		50002d2f
OBJ 50002d1c (sz=24, trace=300000, class=java.lang.String@5000016e)
	value		50002d30
OBJ 50002d1d (sz=24, trace=300000, class=java.lang.String@5000016e)
	value		50002d31
OBJ 50002d1e (sz=24, trace=300000, class=java.lang.String@5000016e)
	value		50002d32
OBJ 50002d1f (sz=24, trace=300000, class=java.lang.String@5000016e)
	value		50002d33
OBJ 50002d20 (sz=24, trace=300000, class=java.lang.String@5000016e)
	value		50002d34
OBJ 50002d21 (sz=24, trace=300000, class=java.lang.String@5000016e)
	value		50002d35
OBJ 50002d22 (sz=24, trace=300000, class=java.lang.String@5000016e)
	value		50002d36
OBJ 50002d23 (sz=24, trace=300000, class=java.lang.String@5000016e)
	value		50002d37
OBJ 50002d24 (sz=24, trace=300000, class=java.lang.String@5000016e)
	value		50002d38
OBJ 50002d25 (sz=24, trace=300000, class=java.lang.String@5000016e)
	value		50002d39
OBJ 50002d26 (sz=24, trace=300000, class=java.lang.String@5000016e)
	value		50002d3a
ARR 50002d27 (sz=28, trace=300000, nelems=14, elem type=char[])
ARR 50002d28 (sz=8, trace=300000, nelems=4, elem type=char[])
ARR 50002d29 (sz=18, trace=300000, nelems=9, elem type=char[])
ARR 50002d2a (sz=14, trace=300000, nelems=7, elem type=char[])
ARR 50002d2b (sz=14, trace=300000, nelems=7, elem type=char[])
ARR 50002d2c (sz=10, trace=300000, nelems=5, elem type=char[])
ARR 50002d2d (sz=22, trace=300000, nelems=11, elem type=char[])
ARR 50002d2e (sz=14, trace=300000, nelems=7, elem type=char[])
ARR 50002d2f (sz=14, trace=300000, nelems=7, elem type=char[])
ARR 50002d30 (sz=18, trace=300000, nelems=9, elem type=char[])
ARR 50002d31 (sz=18, trace=300000, nelems=9, elem type=char[])
ARR 50002d32 (sz=8, trace=300000, nelems=4, elem type=char[])
ARR 50002d33 (sz=20, trace=300000, nelems=10, elem type=char[])
ARR 50002d34 (sz=6, trace=300000, nelems=3, elem type=char[])
ARR 50002d35 (sz=12, trace=300000, nelems=6, elem type=char[])
ARR 50002d36 (sz=12, trace=300000, nelems=6, elem type=char[])
ARR 50002d37 (sz=12, trace=300000, nelems=6, elem type=char[])
ARR 50002d38 (sz=6, trace=300000, nelems=3, elem type=char[])
ARR 50002d39 (sz=18, trace=300000, nelems=9, elem type=char[])
ARR 50002d3a (sz=14, trace=300000, nelems=7, elem type=char[])
OBJ 50002d3b (sz=24, trace=300000, class=java.lang.String@5000016e)
	value		50002d44
OBJ 50002d3c (sz=24, trace=300000, class=java.lang.String@5000016e)
	value		50002d4a
OBJ 50002d3d (sz=24, trace=300000, class=java.lang.String@5000016e)
	value		50002d46
OBJ 50002d3e (sz=24, trace=300000, class=java.lang.String@5000016e)
	value		50002d48
OBJ 50002d3f (sz=24, trace=300000, class=java.lang.String@5000016e)
	value		50002d4c
OBJ 50002d40 (sz=24, trace=300000, class=java.lang.String@5000016e)
	value		50002d47
OBJ 50002d41 (sz=24, trace=300000, class=java.lang.String@5000016e)
	value		50002d49
OBJ 50002d42 (sz=24, trace=300000, class=java.lang.String@5000016e)
	value		50002d4d
OBJ 50002d43 (sz=24, trace=300000, class=java.lang.String@5000016e)
	value		50002d45
ARR 50002d44 (sz=12, trace=300000, nelems=6, elem type=char[])
ARR 50002d45 (sz=8, trace=300000, nelems=4, elem type=char[])
ARR 50002d46 (sz=8, trace=300000, nelems=4, elem type=char[])
ARR 50002d47 (sz=12, trace=300000, nelems=6, elem type=char[])
ARR 50002d48 (sz=14, trace=300000, nelems=7, elem type=char[])
ARR 50002d49 (sz=14, trace=300000, nelems=7, elem type=char[])
ARR 50002d4a (sz=16, trace=300000, nelems=8, elem type=char[])
ARR 50002d4b (sz=8, trace=300000, nelems=4, elem type=char[])
ARR 50002d4c (sz=12, trace=300000, nelems=6, elem type=char[])
ARR 50002d4d (sz=10, trace=300000, nelems=5, elem type=char[])
OBJ 50002d4e (sz=24, trace=300000, class=java.lang.String@5000016e)
	value		50002d4f
ARR 50002d4f (sz=44, trace=300000, nelems=22, elem type=char[])
OBJ 50002d50 (sz=24, trace=300000, class=java.lang.String@5000016e)
	value		50002d52
OBJ 50002d51 (sz=24, trace=300000, class=java.lang.String@5000016e)
	value		50002d53
ARR 50002d52 (sz=40, trace=300000, nelems=20, elem type=char[])
ARR 50002d53 (sz=14, trace=300000, nelems=7, elem type=char[])
OBJ 50002d54 (sz=24, trace=300000, class=java.lang.String@5000016e)
	value		50002d8f
OBJ 50002d55 (sz=24, trace=300000, class=java.lang.String@5000016e)
	value		50002d8e
OBJ 50002d56 (sz=24, trace=300000, class=java.lang.String@5000016e)
	value		50002d81
OBJ 50002d57 (sz=24, trace=300000, class=java.lang.String@5000016e)
	value		50002d80
OBJ 50002d58 (sz=24, trace=300000, class=java.lang.String@5000016e)
	value		50002d7f
OBJ 50002d59 (sz=24, trace=300000, class=java.lang.String@5000016e)
	value		50002d7e
OBJ 50002d5a (sz=24, trace=300000, class=java.lang.String@5000016e)
	value		50002d7d
OBJ 50002d5b (sz=24, trace=300000, class=java.lang.String@5000016e)
	value		50002d7c
OBJ 50002d5c (sz=24, trace=300000, class=java.lang.String@5000016e)
	value		50002d7b
OBJ 50002d5d (sz=24, trace=300000, class=java.lang.String@5000016e)
	value		50002d60
OBJ 50002d5e (sz=24, trace=300000, class=java.lang.String@5000016e)
	value		50002d5f
ARR 50002d5f (sz=12, trace=300000, nelems=6, elem type=char[])
ARR 50002d60 (sz=26, trace=300000, nelems=13, elem type=char[])
OBJ 50002d61 (sz=24, trace=300000, class=java.lang.String@5000016e)
	value		50002d6c
OBJ 50002d62 (sz=24, trace=300000, class=java.lang.String@5000016e)
	value		50002d6b
OBJ 50002d63 (sz=24, trace=300000, class=java.lang.String@5000016e)
	value		50002d6a
OBJ 50002d64 (sz=24, trace=300000, class=java.lang.String@5000016e)
	value		50002d69
OBJ 50002d65 (sz=24, trace=300000, class=java.lang.String@5000016e)
	value		50002d67
OBJ 50002d66 (sz=24, trace=300000, class=java.lang.String@5000016e)
	value		50002d68
ARR 50002d67 (sz=10, trace=300000, nelems=5, elem type=char[])
ARR 50002d68 (sz=12, trace=300000, nelems=6, elem type=char[])
ARR 50002d69 (sz=20, trace=300000, nelems=10, elem type=char[])
ARR 50002d6a (sz=18, trace=300000, nelems=9, elem type=char[])
ARR 50002d6b (sz=30, trace=300000, nelems=15, elem type=char[])
ARR 50002d6c (sz=10, trace=300000, nelems=5, elem type=char[])
OBJ 50002d6d (sz=24, trace=300000, class=java.lang.String@5000016e)
	value		50002d72
OBJ 50002d6e (sz=24, trace=300000, class=java.lang.String@5000016e)
	value		50002d74
OBJ 50002d6f (sz=24, trace=300000, class=java.lang.String@5000016e)
	value		50002d73
OBJ 50002d70 (sz=24, trace=300000, class=java.lang.String@5000016e)
	value		50002d71
ARR 50002d71 (sz=14, trace=300000, nelems=7, elem type=char[])
ARR 50002d72 (sz=14, trace=300000, nelems=7, elem type=char[])
ARR 50002d73 (sz=28, trace=300000, nelems=14, elem type=char[])
ARR 50002d74 (sz=6, trace=300000, nelems=3, elem type=char[])
OBJ 50002d75 (sz=24, trace=300000, class=java.lang.String@5000016e)
	value		50002d7a
OBJ 50002d76 (sz=24, trace=300000, class=java.lang.String@5000016e)
	value		50002d79
OBJ 50002d77 (sz=24, trace=300000, class=java.lang.String@5000016e)
	value		50002d78
ARR 50002d78 (sz=36, trace=300000, nelems=18, elem type=char[])
ARR 50002d79 (sz=42, trace=300000, nelems=21, elem type=char[])
ARR 50002d7a (sz=40, trace=300000, nelems=20, elem type=char[])
ARR 50002d7b (sz=28, trace=300000, nelems=14, elem type=char[])
ARR 50002d7c (sz=16, trace=300000, nelems=8, elem type=char[])
ARR 50002d7d (sz=32, trace=300000, nelems=16, elem type=char[])
ARR 50002d7e (sz=22, trace=300000, nelems=11, elem type=char[])
ARR 50002d7f (sz=12, trace=300000, nelems=6, elem type=char[])
ARR 50002d80 (sz=28, trace=300000, nelems=14, elem type=char[])
ARR 50002d81 (sz=22, trace=300000, nelems=11, elem type=char[])
OBJ 50002d82 (sz=24, trace=300000, class=java.lang.String@5000016e)
	value		50002d8d
OBJ 50002d83 (sz=24, trace=300000, class=java.lang.String@5000016e)
	value		50002d88
OBJ 50002d84 (sz=24, trace=300000, class=java.lang.String@5000016e)
	value		50002d8c
OBJ 50002d85 (sz=24, trace=300000, class=java.lang.String@5000016e)
	value		50002d8b
OBJ 50002d86 (sz=24, trace=300000, class=java.lang.String@5000016e)
	value		50002d89
OBJ 50002d87 (sz=24, trace=300000, class=java.lang.String@5000016e)
	value		50002d8a
ARR 50002d88 (sz=18, trace=300000, nelems=9, elem type=char[])
ARR 50002d89 (sz=26, trace=300000, nelems=13, elem type=char[])
ARR 50002d8a (sz=12, trace=300000, nelems=6, elem type=char[])
ARR 50002d8b (sz=22, trace=300000, nelems=11, elem type=char[])
ARR 50002d8c (sz=28, trace=300000, nelems=14, elem type=char[])
ARR 50002d8d (sz=20, trace=300000, nelems=10, elem type=char[])
ARR 50002d8e (sz=58, trace=300000, nelems=29, elem type=char[])
ARR 50002d8f (sz=16, trace=300000, nelems=8, elem type=char[])
ARR 50002d90 (sz=26, trace=300000, nelems=13, elem type=char[])
ARR 50002d91 (sz=28, trace=300000, nelems=14, elem type=char[])
ARR 50002d92 (sz=20, trace=300000, nelems=10, elem type=char[])
OBJ 50002d93 (sz=24, trace=300000, class=java.lang.String@5000016e)
	value		50002d96
OBJ 50002d94 (sz=24, trace=300000, class=java.lang.String@5000016e)
	value		50002d95
ARR 50002d95 (sz=12, trace=300000, nelems=6, elem type=char[])
ARR 50002d96 (sz=40, trace=300000, nelems=20, elem type=char[])
ARR 50002d97 (sz=264, trace=300000, nelems=61, elem type=com.sun.tools.javac.main.Option[]@50001617)
	[0]		500013bd
	[1]		500013be
	[2]		50001418
	[3]		50001419
	[4]		500015b6
	[5]		500015b7
	[6]		500015b8
	[7]		500015b9
	[8]		500015ba
	[9]		500015bb
	[10]		500015bc
	[11]		500015bd
	[12]		500015be
	[13]		500015bf
	[14]		500015c0
	[15]		500015c1
	[16]		500015c2
	[17]		500015c3
	[18]		500015c4
	[19]		500015c5
	[20]		500015c6
	[21]		500015cc
	[22]		500015cd
	[23]		500015ce
	[24]		500015cf
	[25]		500015d0
	[26]		500015d1
	[27]		500015d2
	[28]		500015d8
	[29]		500015d9
	[30]		500015da
	[31]		500015db
	[32]		500015dc
	[33]		500015dd
	[34]		500015de
	[35]		500015df
	[36]		500015e0
	[37]		500015e1
	[38]		500015e2
	[39]		500015e8
	[40]		500015e9
	[41]		500015ea
	[42]		500015eb
	[43]		500015ec
	[44]		500015ed
	[45]		500015ee
	[46]		500015ef
	[47]		500015f0
	[48]		500015fa
	[49]		500015fb
	[50]		500015fc
	[51]		500015fd
	[52]		50001603
	[53]		5000160a
	[54]		5000160b
	[55]		5000160c
	[56]		5000160d
	[57]		50001613
	[58]		50001614
	[59]		50001615
	[60]		50001616
OBJ 50002d98 (sz=24, trace=300000, class=java.lang.String@5000016e)
	value		50002d99
ARR 50002d99 (sz=18, trace=300000, nelems=9, elem type=char[])
OBJ 50002d9a (sz=24, trace=300000, class=java.lang.String@5000016e)
	value		50002d9b
ARR 50002d9b (sz=10, trace=300000, nelems=5, elem type=char[])
OBJ 50002d9c (sz=16, trace=300000, class=java.security.ProtectionDomain$Key@50000008)
	this$0		50000a99
ARR 50002d9d (sz=16, trace=300000, nelems=0, elem type=java.security.Principal[]@50000006)
OBJ 50002d9e (sz=32, trace=300000, class=java.security.CodeSource@50000114)
OBJ 50002d9f (sz=16, trace=300000, class=java.util.HashSet@50000005)
	map		50002da0
OBJ 50002da0 (sz=48, trace=300000, class=java.util.HashMap@500000c6)
	table		50000850
ARR 50002da1 (sz=56, trace=300000, nelems=0, elem type=java.lang.Object[]@50000108)
OBJ 50002da2 (sz=16, trace=300000, class=sun.net.www.protocol.jar.Handler@50000003)
OBJ 50002da3 (sz=48, trace=300000, class=java.util.HashMap@500000c6)
	table		50000564
OBJ 50002da4 (sz=24, trace=300000, class=java.util.ArrayList@500000dd)
	elementData	50000563
OBJ 50002da5 (sz=32, trace=300000, class=java.util.Stack@500000e2)
	elementData	50002dab
OBJ 50002da6 (sz=24, trace=300000, class=java.util.ArrayList@500000dd)
	elementData	50002da7
ARR 50002da7 (sz=56, trace=300000, nelems=2, elem type=java.lang.Object[]@50000108)
	[0]		50001a43
	[1]		50002da8
OBJ 50002da8 (sz=64, trace=300000, class=java.net.URL@50000119)
	protocol	50000d74
	host		5000059a
	file		50002da9
	authority	5000059a
	path		50002da9
	handler		50000d94
OBJ 50002da9 (sz=24, trace=300000, class=java.lang.String@5000016e)
	value		50002daa
ARR 50002daa (sz=90, trace=300000, nelems=45, elem type=char[])
ARR 50002dab (sz=56, trace=300000, nelems=0, elem type=java.lang.Object[]@50000108)
OBJ 50002dac (sz=32, trace=300000, class=java.lang.ref.ReferenceQueue@5000014c)
	lock		50002dae
ARR 50002dad (sz=80, trace=300000, nelems=0, elem type=java.util.WeakHashMap$Entry[]@50000048)
OBJ 50002dae (sz=16, trace=300000, class=java.lang.ref.ReferenceQueue$Lock@500000d1)
ARR 50002daf (sz=56, trace=300000, nelems=1, elem type=java.lang.Object[]@50000108)
	[0]		50000e5e
ARR 50002db0 (sz=56, trace=300000, nelems=1, elem type=java.lang.Object[]@50000108)
	[0]		50002db1
OBJ 50002db1 (sz=40, trace=300000, class=java.lang.ClassLoader$NativeLibrary@5000005f)
	fromClass	50000167
	name		50000e5e
ARR 50002db2 (sz=56, trace=300000, nelems=0, elem type=java.lang.Object[]@50000108)
OBJ 50002db3 (sz=24, trace=300000, class=java.lang.String@5000016e)
	value		50002dfc
OBJ 50002db4 (sz=24, trace=300000, class=java.lang.String@5000016e)
	value		50002dfb
OBJ 50002db5 (sz=24, trace=300000, class=java.lang.String@5000016e)
	value		50002dfa
OBJ 50002db6 (sz=24, trace=300000, class=java.lang.String@5000016e)
	value		50002df9
OBJ 50002db7 (sz=24, trace=300000, class=java.lang.String@5000016e)
	value		50002df8
OBJ 50002db8 (sz=24, trace=300000, class=java.lang.String@5000016e)
	value		50002df7
OBJ 50002db9 (sz=24, trace=300000, class=java.lang.String@5000016e)
	value		50002df6
OBJ 50002dba (sz=24, trace=300000, class=java.lang.String@5000016e)
	value		50002df5
OBJ 50002dbb (sz=24, trace=300000, class=java.lang.String@5000016e)
	value		50002df4
OBJ 50002dbc (sz=24, trace=300000, class=java.lang.String@5000016e)
	value		50002df3
OBJ 50002dbd (sz=24, trace=300000, class=java.lang.String@5000016e)
	value		50002df2
OBJ 50002dbe (sz=24, trace=300000, class=java.lang.String@5000016e)
	value		50002df1
OBJ 50002dbf (sz=24, trace=300000, class=java.lang.String@5000016e)
	value		50002df0
OBJ 50002dc0 (sz=24, trace=300000, class=java.lang.String@5000016e)
	value		50002def
OBJ 50002dc1 (sz=24, trace=300000, class=java.lang.String@5000016e)
	value		50002dee
OBJ 50002dc2 (sz=24, trace=300000, class=java.lang.String@5000016e)
	value		50002ded
OBJ 50002dc3 (sz=24, trace=300000, class=java.lang.String@5000016e)
	value		50002dec
OBJ 50002dc4 (sz=24, trace=300000, class=java.lang.String@5000016e)
	value		50002deb
OBJ 50002dc5 (sz=24, trace=300000, class=java.lang.String@5000016e)
	value		50002dea
OBJ 50002dc6 (sz=24, trace=300000, class=java.lang.String@5000016e)
	value		50002de9
OBJ 50002dc7 (sz=24, trace=300000, class=java.lang.String@5000016e)
	value		50002de8
OBJ 50002dc8 (sz=24, trace=300000, class=java.lang.String@5000016e)
	value		50002de7
OBJ 50002dc9 (sz=24, trace=300000, class=java.lang.String@5000016e)
	value		50002de6
OBJ 50002dca (sz=24, trace=300000, class=java.lang.String@5000016e)
	value		50002de5
OBJ 50002dcb (sz=24, trace=300000, class=java.lang.String@5000016e)
	value		50002de4
OBJ 50002dcc (sz=24, trace=300000, class=java.lang.String@5000016e)
	value		50002de3
OBJ 50002dcd (sz=24, trace=300000, class=java.lang.String@5000016e)
	value		50002de2
OBJ 50002dce (sz=24, trace=300000, class=java.lang.String@5000016e)
	value		50002de1
OBJ 50002dcf (sz=24, trace=300000, class=java.lang.String@5000016e)
	value		50002de0
OBJ 50002dd0 (sz=24, trace=300000, class=java.lang.String@5000016e)
	value		50002ddf
OBJ 50002dd1 (sz=24, trace=300000, class=java.lang.String@5000016e)
	value		50002dde
OBJ 50002dd2 (sz=24, trace=300000, class=java.lang.String@5000016e)
	value		50002ddd
OBJ 50002dd3 (sz=24, trace=300000, class=java.lang.String@5000016e)
	value		50002ddc
OBJ 50002dd4 (sz=24, trace=300000, class=java.lang.String@5000016e)
	value		50002ddb
OBJ 50002dd5 (sz=24, trace=300000, class=java.lang.String@5000016e)
	value		50002dda
OBJ 50002dd6 (sz=24, trace=300000, class=java.lang.String@5000016e)
	value		50002dd9
OBJ 50002dd7 (sz=24, trace=300000, class=java.lang.String@5000016e)
	value		50002dd8
ARR 50002dd8 (sz=2, trace=300000, nelems=1, elem type=char[])
ARR 50002dd9 (sz=74, trace=300000, nelems=37, elem type=char[])
ARR 50002dda (sz=76, trace=300000, nelems=38, elem type=char[])
ARR 50002ddb (sz=98, trace=300000, nelems=49, elem type=char[])
ARR 50002ddc (sz=106, trace=300000, nelems=53, elem type=char[])
ARR 50002ddd (sz=24, trace=300000, nelems=12, elem type=char[])
ARR 50002dde (sz=106, trace=300000, nelems=53, elem type=char[])
ARR 50002ddf (sz=114, trace=300000, nelems=57, elem type=char[])
ARR 50002de0 (sz=130, trace=300000, nelems=65, elem type=char[])
ARR 50002de1 (sz=106, trace=300000, nelems=53, elem type=char[])
ARR 50002de2 (sz=110, trace=300000, nelems=55, elem type=char[])
ARR 50002de3 (sz=104, trace=300000, nelems=52, elem type=char[])
ARR 50002de4 (sz=124, trace=300000, nelems=62, elem type=char[])
ARR 50002de5 (sz=96, trace=300000, nelems=48, elem type=char[])
ARR 50002de6 (sz=116, trace=300000, nelems=58, elem type=char[])
ARR 50002de7 (sz=100, trace=300000, nelems=50, elem type=char[])
ARR 50002de8 (sz=76, trace=300000, nelems=38, elem type=char[])
ARR 50002de9 (sz=58, trace=300000, nelems=29, elem type=char[])
ARR 50002dea (sz=48, trace=300000, nelems=24, elem type=char[])
ARR 50002deb (sz=76, trace=300000, nelems=38, elem type=char[])
ARR 50002dec (sz=64, trace=300000, nelems=32, elem type=char[])
ARR 50002ded (sz=48, trace=300000, nelems=24, elem type=char[])
ARR 50002dee (sz=86, trace=300000, nelems=43, elem type=char[])
ARR 50002def (sz=48, trace=300000, nelems=24, elem type=char[])
ARR 50002df0 (sz=20, trace=300000, nelems=10, elem type=char[])
ARR 50002df1 (sz=38, trace=300000, nelems=19, elem type=char[])
ARR 50002df2 (sz=70, trace=300000, nelems=35, elem type=char[])
ARR 50002df3 (sz=112, trace=300000, nelems=56, elem type=char[])
ARR 50002df4 (sz=32, trace=300000, nelems=16, elem type=char[])
ARR 50002df5 (sz=106, trace=300000, nelems=53, elem type=char[])
ARR 50002df6 (sz=188, trace=300000, nelems=94, elem type=char[])
ARR 50002df7 (sz=106, trace=300000, nelems=53, elem type=char[])
ARR 50002df8 (sz=188, trace=300000, nelems=94, elem type=char[])
ARR 50002df9 (sz=20, trace=300000, nelems=10, elem type=char[])
ARR 50002dfa (sz=38, trace=300000, nelems=19, elem type=char[])
ARR 50002dfb (sz=46, trace=300000, nelems=23, elem type=char[])
ARR 50002dfc (sz=76, trace=300000, nelems=38, elem type=char[])
OBJ 50002dfd (sz=24, trace=300000, class=java.lang.String@5000016e)
	value		50002dfe
ARR 50002dfe (sz=48, trace=300000, nelems=24, elem type=char[])
OBJ 50002dff (sz=24, trace=300000, class=java.util.Collections$SetFromMap@50000047)
	m		50002e01
	s		50002e00
OBJ 50002e00 (sz=16, trace=300000, class=java.util.WeakHashMap$KeySet@50000046)
	this$0		50002e01
OBJ 50002e01 (sz=48, trace=300000, class=java.util.WeakHashMap@5000009b)
	keySet		50002e00
	table		50002e03
	queue		50002e02
OBJ 50002e02 (sz=32, trace=300000, class=java.lang.ref.ReferenceQueue@5000014c)
	lock		50002e08
ARR 50002e03 (sz=80, trace=300000, nelems=14, elem type=java.util.WeakHashMap$Entry[]@50000048)
	[4]		50002e04
	[6]		50002e05
	[13]		50002e06
OBJ 50002e04 (sz=40, trace=300000, class=java.util.WeakHashMap$Entry@5000004b)
	referent	5000011a
	queue		50002e02
	value		50000a7e
OBJ 50002e05 (sz=40, trace=300000, class=java.util.WeakHashMap$Entry@5000004b)
	referent	5000015e
	queue		50002e02
	value		50000a7e
	next		50002e09
OBJ 50002e06 (sz=40, trace=300000, class=java.util.WeakHashMap$Entry@5000004b)
	referent	50000116
	queue		50002e02
	value		50000a7e
	next		50002e07
OBJ 50002e07 (sz=40, trace=300000, class=java.util.WeakHashMap$Entry@5000004b)
	referent	50000115
	queue		50002e02
	value		50000a7e
OBJ 50002e08 (sz=16, trace=300000, class=java.lang.ref.ReferenceQueue$Lock@500000d1)
OBJ 50002e09 (sz=40, trace=300000, class=java.util.WeakHashMap$Entry@5000004b)
	referent	50000168
	queue		50002e02
	value		50000a7e
ARR 50002e0a (sz=42, trace=300000, nelems=21, elem type=char[])
ARR 50002e0b (sz=34, trace=300000, nelems=17, elem type=char[])
ARR 50002e0c (sz=10, trace=300000, nelems=5, elem type=char[])
ARR 50002e0d (sz=58, trace=300000, nelems=29, elem type=char[])
ARR 50002e0e (sz=54, trace=300000, nelems=27, elem type=char[])
ARR 50002e0f (sz=74, trace=300000, nelems=37, elem type=char[])
ARR 50002e10 (sz=44, trace=300000, nelems=22, elem type=char[])
ARR 50002e11 (sz=70, trace=300000, nelems=35, elem type=char[])
ARR 50002e12 (sz=4, trace=300000, nelems=2, elem type=char[])
ARR 50002e13 (sz=6, trace=300000, nelems=3, elem type=char[])
OBJ 50002e14 (sz=24, trace=300000, class=java.lang.String@5000016e)
	value		50002e15
ARR 50002e15 (sz=12, trace=300000, nelems=6, elem type=char[])
OBJ 50002e16 (sz=24, trace=300000, class=java.lang.String@5000016e)
	value		50002e17
ARR 50002e17 (sz=8, trace=300000, nelems=4, elem type=char[])
ARR 50002e18 (sz=22, trace=300000, nelems=11, elem type=char[])
OBJ 50002e19 (sz=24, trace=300000, class=java.lang.String@5000016e)
	value		50002e1c
OBJ 50002e1a (sz=24, trace=300000, class=java.lang.String@5000016e)
	value		50002e1b
ARR 50002e1b (sz=46, trace=300000, nelems=23, elem type=char[])
ARR 50002e1c (sz=60, trace=300000, nelems=30, elem type=char[])
OBJ 50002e1d (sz=24, trace=300000, class=java.lang.String@5000016e)
	value		50002e22
OBJ 50002e1e (sz=24, trace=300000, class=java.lang.String@5000016e)
	value		50002e21
OBJ 50002e1f (sz=24, trace=300000, class=java.lang.String@5000016e)
	value		50002e20
ARR 50002e20 (sz=28, trace=300000, nelems=14, elem type=char[])
ARR 50002e21 (sz=28, trace=300000, nelems=14, elem type=char[])
ARR 50002e22 (sz=28, trace=300000, nelems=14, elem type=char[])
OBJ 50002e23 (sz=24, trace=300000, class=java.lang.String@5000016e)
	value		50002e24
ARR 50002e24 (sz=40, trace=300000, nelems=20, elem type=char[])
ARR 50002e25 (sz=12, trace=300000, nelems=6, elem type=char[])
ARR 50002e26 (sz=10, trace=300000, nelems=5, elem type=char[])
ARR 50002e27 (sz=4, trace=300000, nelems=2, elem type=char[])
ARR 50002e28 (sz=8, trace=300000, nelems=4, elem type=char[])
ARR 50002e29 (sz=4, trace=300000, nelems=2, elem type=char[])
ARR 50002e2a (sz=10, trace=300000, nelems=5, elem type=char[])
ARR 50002e2b (sz=22, trace=300000, nelems=11, elem type=char[])
ARR 50002e2c (sz=14, trace=300000, nelems=7, elem type=char[])
ARR 50002e2d (sz=4, trace=300000, nelems=2, elem type=char[])
ARR 50002e2e (sz=24, trace=300000, nelems=12, elem type=char[])
ARR 50002e2f (sz=24, trace=300000, nelems=12, elem type=char[])
ARR 50002e30 (sz=42, trace=300000, nelems=21, elem type=char[])
ARR 50002e31 (sz=40, trace=300000, nelems=20, elem type=char[])
ARR 50002e32 (sz=50, trace=300000, nelems=25, elem type=char[])
ARR 50002e33 (sz=74, trace=300000, nelems=37, elem type=char[])
OBJ 50002e34 (sz=32, trace=300000, class=java.io.FileOutputStream@500000ad)
	fd		500005df
	closeLock	50002e35
OBJ 50002e35 (sz=16, trace=300000, class=java.lang.Object@50000172)
OBJ 50002e36 (sz=24, trace=300000, class=java.io.OutputStreamWriter@50000090)
	lock		500005d3
	se		50002e3b
OBJ 50002e37 (sz=40, trace=300000, class=java.io.BufferedWriter@5000006f)
	lock		50002e36
	out		50002e36
	cb		50002e3a
	lineSeparator	500005d0
OBJ 50002e38 (sz=24, trace=300000, class=java.io.BufferedOutputStream@50000092)
	out		500005e1
	buf		50002e39
ARR 50002e39 (sz=128, trace=300000, nelems=128, elem type=byte[])
ARR 50002e3a (sz=16384, trace=300000, nelems=8192, elem type=char[])
OBJ 50002e3b (sz=48, trace=300000, class=sun.nio.cs.StreamEncoder@5000008f)
	lock		50002e36
	cs		5000163c
	encoder		50002e3d
	bb		50002e3c
	out		500005d3
OBJ 50002e3c (sz=48, trace=300000, class=java.nio.HeapByteBuffer@50000075)
	hb		50002e3f
OBJ 50002e3d (sz=64, trace=300000, class=sun.nio.cs.SingleByte$Encoder@50000078)
	charset		5000163c
	replacement	50002e3e
	malformedInputAction	500005a3
	unmappableCharacterAction	500005a3
	c2b		500017f5
	c2bIndex	500017f4
ARR 50002e3e (sz=1, trace=300000, nelems=1, elem type=byte[])
ARR 50002e3f (sz=8192, trace=300000, nelems=8192, elem type=byte[])
OBJ 50002e40 (sz=24, trace=300000, class=java.io.OutputStreamWriter@50000090)
	lock		500005d2
	se		50002e45
OBJ 50002e41 (sz=40, trace=300000, class=java.io.BufferedWriter@5000006f)
	lock		50002e40
	out		50002e40
	cb		50002e44
	lineSeparator	500005d0
OBJ 50002e42 (sz=24, trace=300000, class=java.io.BufferedOutputStream@50000092)
	out		50002e34
	buf		50002e43
ARR 50002e43 (sz=128, trace=300000, nelems=128, elem type=byte[])
ARR 50002e44 (sz=16384, trace=300000, nelems=8192, elem type=char[])
OBJ 50002e45 (sz=48, trace=300000, class=sun.nio.cs.StreamEncoder@5000008f)
	lock		50002e40
	cs		5000163c
	encoder		50002e47
	bb		50002e46
	out		500005d2
OBJ 50002e46 (sz=48, trace=300000, class=java.nio.HeapByteBuffer@50000075)
	hb		50002e49
OBJ 50002e47 (sz=64, trace=300000, class=sun.nio.cs.SingleByte$Encoder@50000078)
	charset		5000163c
	replacement	50002e48
	malformedInputAction	500005a3
	unmappableCharacterAction	500005a3
	c2b		500017f5
	c2bIndex	500017f4
ARR 50002e48 (sz=1, trace=300000, nelems=1, elem type=byte[])
ARR 50002e49 (sz=8192, trace=300000, nelems=8192, elem type=byte[])
OBJ 50002e4a (sz=24, trace=300000, class=java.util.Collections$SynchronizedSet@500000ba)
	c		50002e8d
	mutex		500005d1
ARR 50002e4b (sz=400, trace=300000, nelems=92, elem type=java.util.Hashtable$Entry[]@500000bf)
	[0]		50002e4c
	[2]		50002e4d
	[9]		50002e4e
	[11]		50002e4f
	[13]		50002e50
	[16]		50002e51
	[17]		50002e52
	[18]		50002e53
	[19]		50002e54
	[21]		50002e55
	[22]		50002e56
	[24]		50002e57
	[26]		50002e58
	[27]		50002e59
	[33]		50002e5a
	[38]		50002e5b
	[39]		50002e5c
	[40]		50002e5d
	[41]		50002e5e
	[44]		50002e5f
	[47]		50002e60
	[49]		50002e61
	[53]		50002e62
	[54]		50002e63
	[57]		50002e64
	[62]		50002e65
	[63]		50002e66
	[64]		50002e67
	[65]		50002e68
	[67]		50002e69
	[70]		50002e6a
	[72]		50002e6b
	[74]		50002e6c
	[76]		50002e6d
	[79]		50002e6e
	[80]		50002e6f
	[81]		50002e70
	[82]		50002e71
	[86]		50002e72
	[88]		50002e73
	[91]		50002e74
OBJ 50002e4c (sz=32, trace=300000, class=java.util.Hashtable$Entry@500000c0)
	key		50000a6f
	value		50000a6e
OBJ 50002e4d (sz=32, trace=300000, class=java.util.Hashtable$Entry@500000c0)
	key		50000a6b
	value		50000a6a
OBJ 50002e4e (sz=32, trace=300000, class=java.util.Hashtable$Entry@500000c0)
	key		50000a67
	value		50000a66
	next		50002e8c
OBJ 50002e4f (sz=32, trace=300000, class=java.util.Hashtable$Entry@500000c0)
	key		50000a41
	value		50000a40
OBJ 50002e50 (sz=32, trace=300000, class=java.util.Hashtable$Entry@500000c0)
	key		50000a3d
	value		50000a3a
OBJ 50002e51 (sz=32, trace=300000, class=java.util.Hashtable$Entry@500000c0)
	key		50000a37
	value		50000a36
OBJ 50002e52 (sz=32, trace=300000, class=java.util.Hashtable$Entry@500000c0)
	key		50000a33
	value		50000a32
OBJ 50002e53 (sz=32, trace=300000, class=java.util.Hashtable$Entry@500000c0)
	key		50000a2f
	value		50000a2d
OBJ 50002e54 (sz=32, trace=300000, class=java.util.Hashtable$Entry@500000c0)
	key		50000a23
	value		5000184c
OBJ 50002e55 (sz=32, trace=300000, class=java.util.Hashtable$Entry@500000c0)
	key		50000a0d
	value		50002e8a
OBJ 50002e56 (sz=32, trace=300000, class=java.util.Hashtable$Entry@500000c0)
	key		50000a07
	value		50000a06
OBJ 50002e57 (sz=32, trace=300000, class=java.util.Hashtable$Entry@500000c0)
	key		50000a01
	value		50000a00
	next		50002e89
OBJ 50002e58 (sz=32, trace=300000, class=java.util.Hashtable$Entry@500000c0)
	key		500009f8
	value		500009f7
	next		50002e87
OBJ 50002e59 (sz=32, trace=300000, class=java.util.Hashtable$Entry@500000c0)
	key		500009e8
	value		500009e7
OBJ 50002e5a (sz=32, trace=300000, class=java.util.Hashtable$Entry@500000c0)
	key		500009cc
	value		500009cb
	next		50002e86
OBJ 50002e5b (sz=32, trace=300000, class=java.util.Hashtable$Entry@500000c0)
	key		500009b6
	value		500009b3
	next		50002e85
OBJ 50002e5c (sz=32, trace=300000, class=java.util.Hashtable$Entry@500000c0)
	key		500009ae
	value		500009ad
OBJ 50002e5d (sz=32, trace=300000, class=java.util.Hashtable$Entry@500000c0)
	key		500009aa
	value		500009a9
OBJ 50002e5e (sz=32, trace=300000, class=java.util.Hashtable$Entry@500000c0)
	key		500009a6
	value		500009a5
OBJ 50002e5f (sz=32, trace=300000, class=java.util.Hashtable$Entry@500000c0)
	key		500009a2
	value		500009a1
OBJ 50002e60 (sz=32, trace=300000, class=java.util.Hashtable$Entry@500000c0)
	key		5000099e
	value		5000099d
OBJ 50002e61 (sz=32, trace=300000, class=java.util.Hashtable$Entry@500000c0)
	key		50000996
	value		50000995
	next		50002e84
OBJ 50002e62 (sz=32, trace=300000, class=java.util.Hashtable$Entry@500000c0)
	key		50000991
	value		50000990
OBJ 50002e63 (sz=32, trace=300000, class=java.util.Hashtable$Entry@500000c0)
	key		5000098d
	value		5000098c
OBJ 50002e64 (sz=32, trace=300000, class=java.util.Hashtable$Entry@500000c0)
	key		50000989
	value		50000988
OBJ 50002e65 (sz=32, trace=300000, class=java.util.Hashtable$Entry@500000c0)
	key		50000985
	value		50000984
OBJ 50002e66 (sz=32, trace=300000, class=java.util.Hashtable$Entry@500000c0)
	key		50000981
	value		50000980
OBJ 50002e67 (sz=32, trace=300000, class=java.util.Hashtable$Entry@500000c0)
	key		5000097d
	value		50000973
OBJ 50002e68 (sz=32, trace=300000, class=java.util.Hashtable$Entry@500000c0)
	key		5000096b
	value		5000096a
OBJ 50002e69 (sz=32, trace=300000, class=java.util.Hashtable$Entry@500000c0)
	key		5000095b
	value		5000095a
	next		50002e83
OBJ 50002e6a (sz=32, trace=300000, class=java.util.Hashtable$Entry@500000c0)
	key		50000950
	value		5000094f
	next		50002e82
OBJ 50002e6b (sz=32, trace=300000, class=java.util.Hashtable$Entry@500000c0)
	key		5000094b
	value		5000094a
OBJ 50002e6c (sz=32, trace=300000, class=java.util.Hashtable$Entry@500000c0)
	key		50002e80
	value		50002a30
OBJ 50002e6d (sz=32, trace=300000, class=java.util.Hashtable$Entry@500000c0)
	key		50000943
	value		50000942
	next		50002e7f
OBJ 50002e6e (sz=32, trace=300000, class=java.util.Hashtable$Entry@500000c0)
	key		50000935
	value		50000934
	next		50002e7c
OBJ 50002e6f (sz=32, trace=300000, class=java.util.Hashtable$Entry@500000c0)
	key		5000091c
	value		5000091b
	next		50002e7b
OBJ 50002e70 (sz=32, trace=300000, class=java.util.Hashtable$Entry@500000c0)
	key		50000916
	value		50000915
OBJ 50002e71 (sz=32, trace=300000, class=java.util.Hashtable$Entry@500000c0)
	key		50000907
	value		50000906
	next		50002e7a
OBJ 50002e72 (sz=32, trace=300000, class=java.util.Hashtable$Entry@500000c0)
	key		50000900
	value		500008ff
OBJ 50002e73 (sz=32, trace=300000, class=java.util.Hashtable$Entry@500000c0)
	key		500008f6
	value		500008f5
	next		50002e79
OBJ 50002e74 (sz=32, trace=300000, class=java.util.Hashtable$Entry@500000c0)
	key		50002e76
	value		50002e75
OBJ 50002e75 (sz=24, trace=300000, class=java.lang.String@5000016e)
	value		50002e78
OBJ 50002e76 (sz=24, trace=300000, class=java.lang.String@5000016e)
	value		50002e77
ARR 50002e77 (sz=34, trace=300000, nelems=17, elem type=char[])
ARR 50002e78 (sz=62, trace=300000, nelems=31, elem type=char[])
OBJ 50002e79 (sz=32, trace=300000, class=java.util.Hashtable$Entry@500000c0)
	key		500008fc
	value		500008fb
OBJ 50002e7a (sz=32, trace=300000, class=java.util.Hashtable$Entry@500000c0)
	key		50000910
	value		5000090f
OBJ 50002e7b (sz=32, trace=300000, class=java.util.Hashtable$Entry@500000c0)
	key		50000923
	value		50000922
OBJ 50002e7c (sz=32, trace=300000, class=java.util.Hashtable$Entry@500000c0)
	key		5000092d
	value		5000092a
	next		50002e7d
OBJ 50002e7d (sz=32, trace=300000, class=java.util.Hashtable$Entry@500000c0)
	key		5000093a
	value		50000939
	next		50002e7e
OBJ 50002e7e (sz=32, trace=300000, class=java.util.Hashtable$Entry@500000c0)
	key		5000093e
	value		5000093d
OBJ 50002e7f (sz=32, trace=300000, class=java.util.Hashtable$Entry@500000c0)
	key		50000947
	value		50000946
OBJ 50002e80 (sz=24, trace=300000, class=java.lang.String@5000016e)
	value		50002e81
ARR 50002e81 (sz=40, trace=300000, nelems=20, elem type=char[])
OBJ 50002e82 (sz=32, trace=300000, class=java.util.Hashtable$Entry@500000c0)
	key		50000956
	value		50000955
OBJ 50002e83 (sz=32, trace=300000, class=java.util.Hashtable$Entry@500000c0)
	key		5000095e
	value		500005d0
OBJ 50002e84 (sz=32, trace=300000, class=java.util.Hashtable$Entry@500000c0)
	key		5000099a
	value		50000999
OBJ 50002e85 (sz=32, trace=300000, class=java.util.Hashtable$Entry@500000c0)
	key		500009ba
	value		500009b9
OBJ 50002e86 (sz=32, trace=300000, class=java.util.Hashtable$Entry@500000c0)
	key		500009c4
	value		500009c2
OBJ 50002e87 (sz=32, trace=300000, class=java.util.Hashtable$Entry@500000c0)
	key		500009f2
	value		500009f1
	next		50002e88
OBJ 50002e88 (sz=32, trace=300000, class=java.util.Hashtable$Entry@500000c0)
	key		500009ed
	value		500009ec
OBJ 50002e89 (sz=32, trace=300000, class=java.util.Hashtable$Entry@500000c0)
	key		500009fd
	value		500009fc
OBJ 50002e8a (sz=24, trace=300000, class=java.lang.String@5000016e)
	value		50002e8b
ARR 50002e8b (sz=20, trace=300000, nelems=10, elem type=char[])
OBJ 50002e8c (sz=32, trace=300000, class=java.util.Hashtable$Entry@500000c0)
	key		50000a4c
	value		50000a4b
OBJ 50002e8d (sz=16, trace=300000, class=java.util.Hashtable$EntrySet@500000bc)
	this$0		500005d1
OBJ 50002e8e (sz=24, trace=300000, class=java.lang.String@5000016e)
	value		50002e8f
ARR 50002e8f (sz=8, trace=300000, nelems=4, elem type=char[])
OBJ 50002e90 (sz=24, trace=300000, class=java.lang.String@5000016e)
	value		50002e9d
OBJ 50002e91 (sz=24, trace=300000, class=java.lang.String@5000016e)
	value		50002e9b
OBJ 50002e92 (sz=16, trace=300000, class=java.lang.Terminator$1@5000005c)
OBJ 50002e93 (sz=24, trace=300000, class=sun.misc.NativeSignalHandler@5000005a)
OBJ 50002e94 (sz=24, trace=300000, class=sun.misc.NativeSignalHandler@5000005a)
OBJ 50002e95 (sz=48, trace=300000, class=java.util.Hashtable@50000145)
	table		50002e9e
OBJ 50002e96 (sz=48, trace=300000, class=java.util.Hashtable@50000145)
	table		50002e97
ARR 50002e97 (sz=32, trace=300000, nelems=4, elem type=java.util.Hashtable$Entry[]@500000bf)
	[2]		50002e98
	[3]		50002e99
OBJ 50002e98 (sz=32, trace=300000, class=java.util.Hashtable$Entry@500000c0)
	key		50002e9c
	value		50002e92
OBJ 50002e99 (sz=32, trace=300000, class=java.util.Hashtable$Entry@500000c0)
	key		50002e9a
	value		50002e92
OBJ 50002e9a (sz=24, trace=300000, class=sun.misc.Signal@5000005b)
	name		50002e91
ARR 50002e9b (sz=8, trace=300000, nelems=4, elem type=char[])
OBJ 50002e9c (sz=24, trace=300000, class=sun.misc.Signal@5000005b)
	name		50002e90
ARR 50002e9d (sz=6, trace=300000, nelems=3, elem type=char[])
ARR 50002e9e (sz=32, trace=300000, nelems=4, elem type=java.util.Hashtable$Entry[]@500000bf)
	[2]		50002e9f
	[3]		50002ea0
OBJ 50002e9f (sz=32, trace=300000, class=java.util.Hashtable$Entry@500000c0)
	key		500007db
	value		50002e9c
OBJ 50002ea0 (sz=32, trace=300000, class=java.util.Hashtable$Entry@500000c0)
	key		500007ef
	value		50002e9a
ARR 50002ea1 (sz=6, trace=300000, nelems=3, elem type=char[])
ARR 50002ea2 (sz=38, trace=300000, nelems=19, elem type=char[])
ARR 50002ea3 (sz=38, trace=300000, nelems=19, elem type=char[])
ARR 50002ea4 (sz=32, trace=300000, nelems=1, elem type=java.lang.ThreadGroup[]@500000f5)
	[0]		50000588
ARR 50002ea5 (sz=32, trace=300000, nelems=4, elem type=java.lang.Thread[]@500000cf)
	[0]		500003ae
	[1]		500003a8
	[2]		500003a6
	[3]		500003a5
OBJ 50002ea6 (sz=16, trace=300000, class=java.lang.Object@50000172)
OBJ 50002ea7 (sz=40, trace=300000, class=java.security.AccessControlContext@5000015f)
OBJ 50002ea8 (sz=24, trace=300000, class=java.lang.String@5000016e)
	value		50002ea9
ARR 50002ea9 (sz=30, trace=300000, nelems=15, elem type=char[])
OBJ 50002eaa (sz=16, trace=300000, class=java.lang.Object@50000172)
OBJ 50002eab (sz=40, trace=300000, class=java.security.AccessControlContext@5000015f)
OBJ 50002eac (sz=24, trace=300000, class=java.lang.String@5000016e)
	value		50002ead
ARR 50002ead (sz=34, trace=300000, nelems=17, elem type=char[])
OBJ 50002eae (sz=16, trace=300000, class=java.lang.Object@50000172)
OBJ 50002eaf (sz=40, trace=300000, class=java.security.AccessControlContext@5000015f)
OBJ 50002eb0 (sz=24, trace=300000, class=java.lang.String@5000016e)
	value		50002eb1
ARR 50002eb1 (sz=18, trace=300000, nelems=9, elem type=char[])
OBJ 50002eb2 (sz=16, trace=300000, class=java.lang.Object@50000172)
OBJ 50002eb3 (sz=40, trace=300000, class=java.lang.ref.Finalizer@5000014d)
	referent	50002db1
	queue		500003a9
	next		50002eb4
	prev		500004ed
OBJ 50002eb4 (sz=40, trace=300000, class=java.lang.ref.Finalizer@5000014d)
	referent	50002e34
	queue		500003a9
	next		50002eb5
	prev		50002eb3
OBJ 50002eb5 (sz=40, trace=300000, class=java.lang.ref.Finalizer@5000014d)
	referent	500005e1
	queue		500003a9
	next		50002eb6
	prev		50002eb4
OBJ 50002eb6 (sz=40, trace=300000, class=java.lang.ref.Finalizer@5000014d)
	referent	500005d7
	queue		500003a9
	prev		50002eb5
OBJ 50002eb7 (sz=16, trace=300000, class=java.lang.Object@50000172)
OBJ 50002eb8 (sz=40, trace=300000, class=java.security.AccessControlContext@5000015f)
ARR 50002eb9 (sz=32, trace=300000, nelems=1, elem type=java.lang.Thread[]@500000cf)
	[0]		500003b0
OBJ 50002eba (sz=24, trace=300000, class=java.lang.String@5000016e)
	value		50002ebb
ARR 50002ebb (sz=8, trace=300000, nelems=4, elem type=char[])
OBJ 50002ebc (sz=16, trace=300000, class=java.lang.Object@50000172)
OBJ 50002ebd (sz=40, trace=300000, class=java.security.AccessControlContext@5000015f)
OBJ 50002ebe (sz=24, trace=300000, class=java.lang.String@5000016e)
	value		50002ebf
ARR 50002ebf (sz=8, trace=300000, nelems=4, elem type=char[])
OBJ 50002ec0 (sz=24, trace=300000, class=java.lang.String@5000016e)
	value		50002ec1
ARR 50002ec1 (sz=18, trace=300000, nelems=9, elem type=char[])
OBJ 50002ec2 (sz=32, trace=300000, class=java.lang.OutOfMemoryError@50000156)
OBJ 50002ec3 (sz=32, trace=300000, class=java.lang.OutOfMemoryError@50000156)
OBJ 50002ec4 (sz=32, trace=300000, class=java.lang.OutOfMemoryError@50000156)
OBJ 50002ec5 (sz=32, trace=300000, class=java.lang.OutOfMemoryError@50000156)
OBJ 50002ec6 (sz=24, trace=300000, class=java.lang.String@5000016e)
	value		50002ec7
ARR 50002ec7 (sz=126, trace=300000, nelems=63, elem type=char[])
OBJ 50002ec8 (sz=24, trace=300000, class=java.lang.String@5000016e)
	value		50002ec9
ARR 50002ec9 (sz=52, trace=300000, nelems=26, elem type=char[])
OBJ 50002eca (sz=24, trace=300000, class=java.lang.String@5000016e)
	value		50002ecb
ARR 50002ecb (sz=74, trace=300000, nelems=37, elem type=char[])
OBJ 50002ecc (sz=24, trace=300000, class=java.lang.String@5000016e)
	value		50002ecd
ARR 50002ecd (sz=44, trace=300000, nelems=22, elem type=char[])
OBJ 50002ece (sz=24, trace=300000, class=java.lang.String@5000016e)
	value		50002ecf
ARR 50002ecf (sz=18, trace=300000, nelems=9, elem type=char[])
OBJ 50002ed0 (sz=24, trace=300000, class=java.lang.String@5000016e)
	value		50002ed1
ARR 50002ed1 (sz=30, trace=300000, nelems=15, elem type=char[])
ARR 50002ed2 (sz=22, trace=300000, nelems=11, elem type=char[])
OBJ 50002ed3 (sz=24, trace=300000, class=java.lang.String@5000016e)
	value		50002eea
OBJ 50002ed4 (sz=24, trace=300000, class=java.lang.String@5000016e)
	value		50002ee5
OBJ 50002ed5 (sz=24, trace=300000, class=java.lang.String@5000016e)
	value		50002ee4
OBJ 50002ed6 (sz=24, trace=300000, class=java.lang.String@5000016e)
	value		50002ee3
OBJ 50002ed7 (sz=24, trace=300000, class=java.lang.String@5000016e)
	value		50002ee2
OBJ 50002ed8 (sz=24, trace=300000, class=java.lang.String@5000016e)
	value		50002ee1
OBJ 50002ed9 (sz=24, trace=300000, class=java.lang.String@5000016e)
	value		50002ee0
OBJ 50002eda (sz=24, trace=300000, class=java.lang.String@5000016e)
	value		50002edf
OBJ 50002edb (sz=24, trace=300000, class=java.lang.String@5000016e)
	value		50002ede
OBJ 50002edc (sz=24, trace=300000, class=java.lang.String@5000016e)
	value		50002edd
ARR 50002edd (sz=100, trace=300000, nelems=50, elem type=char[])
ARR 50002ede (sz=94, trace=300000, nelems=47, elem type=char[])
ARR 50002edf (sz=86, trace=300000, nelems=43, elem type=char[])
ARR 50002ee0 (sz=82, trace=300000, nelems=41, elem type=char[])
ARR 50002ee1 (sz=92, trace=300000, nelems=46, elem type=char[])
ARR 50002ee2 (sz=102, trace=300000, nelems=51, elem type=char[])
ARR 50002ee3 (sz=82, trace=300000, nelems=41, elem type=char[])
ARR 50002ee4 (sz=98, trace=300000, nelems=49, elem type=char[])
ARR 50002ee5 (sz=94, trace=300000, nelems=47, elem type=char[])
OBJ 50002ee6 (sz=24, trace=300000, class=java.lang.String@5000016e)
	value		50002ee7
ARR 50002ee7 (sz=20, trace=300000, nelems=10, elem type=char[])
OBJ 50002ee8 (sz=24, trace=300000, class=java.lang.String@5000016e)
	value		50002ee9
ARR 50002ee9 (sz=12, trace=300000, nelems=6, elem type=char[])
ARR 50002eea (sz=8, trace=300000, nelems=4, elem type=char[])
OBJ 50002eeb (sz=24, trace=300000, class=java.lang.String@5000016e)
	value		50002ef0
OBJ 50002eec (sz=24, trace=300000, class=java.lang.String@5000016e)
	value		50002eef
OBJ 50002eed (sz=24, trace=300000, class=java.lang.String@5000016e)
	value		50002eee
ARR 50002eee (sz=24, trace=300000, nelems=12, elem type=char[])
ARR 50002eef (sz=26, trace=300000, nelems=13, elem type=char[])
ARR 50002ef0 (sz=14, trace=300000, nelems=7, elem type=char[])
OBJ 50002ef1 (sz=24, trace=300000, class=java.lang.String@5000016e)
	value		50002f3a
OBJ 50002ef2 (sz=24, trace=300000, class=java.lang.String@5000016e)
	value		50002f39
OBJ 50002ef3 (sz=24, trace=300000, class=java.lang.String@5000016e)
	value		50002f38
OBJ 50002ef4 (sz=24, trace=300000, class=java.lang.String@5000016e)
	value		50002f16
OBJ 50002ef5 (sz=24, trace=300000, class=java.lang.String@5000016e)
	value		50002f37
OBJ 50002ef6 (sz=24, trace=300000, class=java.lang.String@5000016e)
	value		50002f36
OBJ 50002ef7 (sz=24, trace=300000, class=java.lang.String@5000016e)
	value		50002f35
OBJ 50002ef8 (sz=24, trace=300000, class=java.lang.String@5000016e)
	value		50002f34
OBJ 50002ef9 (sz=24, trace=300000, class=java.lang.String@5000016e)
	value		50002f33
OBJ 50002efa (sz=24, trace=300000, class=java.lang.String@5000016e)
	value		50002f32
OBJ 50002efb (sz=24, trace=300000, class=java.lang.String@5000016e)
	value		50002f19
OBJ 50002efc (sz=24, trace=300000, class=java.lang.String@5000016e)
	value		50002f27
OBJ 50002efd (sz=24, trace=300000, class=java.lang.String@5000016e)
	value		50002f31
OBJ 50002efe (sz=24, trace=300000, class=java.lang.String@5000016e)
	value		50002f30
OBJ 50002eff (sz=24, trace=300000, class=java.lang.String@5000016e)
	value		50002f2f
OBJ 50002f00 (sz=24, trace=300000, class=java.lang.String@5000016e)
	value		50002f2e
OBJ 50002f01 (sz=24, trace=300000, class=java.lang.String@5000016e)
	value		50002f15
OBJ 50002f02 (sz=24, trace=300000, class=java.lang.String@5000016e)
	value		50002f2d
OBJ 50002f03 (sz=24, trace=300000, class=java.lang.String@5000016e)
	value		50002f2a
OBJ 50002f04 (sz=24, trace=300000, class=java.lang.String@5000016e)
	value		50002f29
OBJ 50002f05 (sz=24, trace=300000, class=java.lang.String@5000016e)
	value		50002f28
OBJ 50002f06 (sz=24, trace=300000, class=java.lang.String@5000016e)
	value		50002f26
OBJ 50002f07 (sz=24, trace=300000, class=java.lang.String@5000016e)
	value		50002f25
OBJ 50002f08 (sz=24, trace=300000, class=java.lang.String@5000016e)
	value		50002f24
OBJ 50002f09 (sz=24, trace=300000, class=java.lang.String@5000016e)
	value		50002f23
OBJ 50002f0a (sz=24, trace=300000, class=java.lang.String@5000016e)
	value		50002f22
OBJ 50002f0b (sz=24, trace=300000, class=java.lang.String@5000016e)
	value		50002f21
OBJ 50002f0c (sz=24, trace=300000, class=java.lang.String@5000016e)
	value		50002f20
OBJ 50002f0d (sz=24, trace=300000, class=java.lang.String@5000016e)
	value		50002f1f
OBJ 50002f0e (sz=24, trace=300000, class=java.lang.String@5000016e)
	value		50002f1e
OBJ 50002f0f (sz=24, trace=300000, class=java.lang.String@5000016e)
	value		50002f1d
OBJ 50002f10 (sz=24, trace=300000, class=java.lang.String@5000016e)
	value		50002f1c
OBJ 50002f11 (sz=24, trace=300000, class=java.lang.String@5000016e)
	value		50002f1b
OBJ 50002f12 (sz=24, trace=300000, class=java.lang.String@5000016e)
	value		50002f1a
OBJ 50002f13 (sz=24, trace=300000, class=java.lang.String@5000016e)
	value		50002f18
OBJ 50002f14 (sz=24, trace=300000, class=java.lang.String@5000016e)
	value		50002f17
ARR 50002f15 (sz=46, trace=300000, nelems=23, elem type=char[])
ARR 50002f16 (sz=34, trace=300000, nelems=17, elem type=char[])
ARR 50002f17 (sz=48, trace=300000, nelems=24, elem type=char[])
ARR 50002f18 (sz=78, trace=300000, nelems=39, elem type=char[])
ARR 50002f19 (sz=70, trace=300000, nelems=35, elem type=char[])
ARR 50002f1a (sz=66, trace=300000, nelems=33, elem type=char[])
ARR 50002f1b (sz=76, trace=300000, nelems=38, elem type=char[])
ARR 50002f1c (sz=64, trace=300000, nelems=32, elem type=char[])
ARR 50002f1d (sz=62, trace=300000, nelems=31, elem type=char[])
ARR 50002f1e (sz=72, trace=300000, nelems=36, elem type=char[])
ARR 50002f1f (sz=88, trace=300000, nelems=44, elem type=char[])
ARR 50002f20 (sz=80, trace=300000, nelems=40, elem type=char[])
ARR 50002f21 (sz=62, trace=300000, nelems=31, elem type=char[])
ARR 50002f22 (sz=58, trace=300000, nelems=29, elem type=char[])
ARR 50002f23 (sz=88, trace=300000, nelems=44, elem type=char[])
ARR 50002f24 (sz=66, trace=300000, nelems=33, elem type=char[])
ARR 50002f25 (sz=58, trace=300000, nelems=29, elem type=char[])
ARR 50002f26 (sz=68, trace=300000, nelems=34, elem type=char[])
ARR 50002f27 (sz=56, trace=300000, nelems=28, elem type=char[])
ARR 50002f28 (sz=2, trace=300000, nelems=1, elem type=char[])
ARR 50002f29 (sz=2, trace=300000, nelems=1, elem type=char[])
ARR 50002f2a (sz=24, trace=300000, nelems=12, elem type=char[])
OBJ 50002f2b (sz=24, trace=300000, class=java.lang.String@5000016e)
	value		50002f2c
ARR 50002f2c (sz=68, trace=300000, nelems=34, elem type=char[])
ARR 50002f2d (sz=6, trace=300000, nelems=3, elem type=char[])
ARR 50002f2e (sz=10, trace=300000, nelems=5, elem type=char[])
ARR 50002f2f (sz=14, trace=300000, nelems=7, elem type=char[])
ARR 50002f30 (sz=20, trace=300000, nelems=10, elem type=char[])
ARR 50002f31 (sz=6, trace=300000, nelems=3, elem type=char[])
ARR 50002f32 (sz=26, trace=300000, nelems=13, elem type=char[])
ARR 50002f33 (sz=36, trace=300000, nelems=18, elem type=char[])
ARR 50002f34 (sz=22, trace=300000, nelems=11, elem type=char[])
ARR 50002f35 (sz=12, trace=300000, nelems=6, elem type=char[])
ARR 50002f36 (sz=8, trace=300000, nelems=4, elem type=char[])
ARR 50002f37 (sz=20, trace=300000, nelems=10, elem type=char[])
ARR 50002f38 (sz=30, trace=300000, nelems=15, elem type=char[])
ARR 50002f39 (sz=32, trace=300000, nelems=16, elem type=char[])
ARR 50002f3a (sz=16, trace=300000, nelems=8, elem type=char[])
OBJ 50002f3b (sz=24, trace=300000, class=java.lang.String@5000016e)
	value		50002f43
OBJ 50002f3c (sz=24, trace=300000, class=java.lang.String@5000016e)
	value		50002f56
OBJ 50002f3d (sz=24, trace=300000, class=java.lang.String@5000016e)
	value		50002f49
OBJ 50002f3e (sz=24, trace=300000, class=java.lang.String@5000016e)
	value		50002f48
OBJ 50002f3f (sz=24, trace=300000, class=java.lang.String@5000016e)
	value		50002f47
OBJ 50002f40 (sz=24, trace=300000, class=java.lang.String@5000016e)
	value		50002f46
OBJ 50002f41 (sz=24, trace=300000, class=java.lang.String@5000016e)
	value		50002f45
OBJ 50002f42 (sz=24, trace=300000, class=java.lang.String@5000016e)
	value		50002f44
ARR 50002f43 (sz=16, trace=300000, nelems=8, elem type=char[])
ARR 50002f44 (sz=8, trace=300000, nelems=4, elem type=char[])
ARR 50002f45 (sz=24, trace=300000, nelems=12, elem type=char[])
ARR 50002f46 (sz=36, trace=300000, nelems=18, elem type=char[])
ARR 50002f47 (sz=32, trace=300000, nelems=16, elem type=char[])
ARR 50002f48 (sz=62, trace=300000, nelems=31, elem type=char[])
ARR 50002f49 (sz=32, trace=300000, nelems=16, elem type=char[])
OBJ 50002f4a (sz=24, trace=300000, class=java.lang.String@5000016e)
	value		50002f4b
ARR 50002f4b (sz=8, trace=300000, nelems=4, elem type=char[])
OBJ 50002f4c (sz=24, trace=300000, class=java.lang.String@5000016e)
	value		50002f52
OBJ 50002f4d (sz=24, trace=300000, class=java.lang.String@5000016e)
	value		50002f55
OBJ 50002f4e (sz=24, trace=300000, class=java.lang.String@5000016e)
	value		50002f54
OBJ 50002f4f (sz=24, trace=300000, class=java.lang.String@5000016e)
	value		50002f53
OBJ 50002f50 (sz=24, trace=300000, class=java.lang.String@5000016e)
	value		50002f51
ARR 50002f51 (sz=48, trace=300000, nelems=24, elem type=char[])
ARR 50002f52 (sz=60, trace=300000, nelems=30, elem type=char[])
ARR 50002f53 (sz=78, trace=300000, nelems=39, elem type=char[])
ARR 50002f54 (sz=16, trace=300000, nelems=8, elem type=char[])
ARR 50002f55 (sz=12, trace=300000, nelems=6, elem type=char[])
ARR 50002f56 (sz=8, trace=300000, nelems=4, elem type=char[])
OBJ 50002f57 (sz=16, trace=300000, class=java.lang.Object@50000172)
OBJ 50002f58 (sz=24, trace=300000, class=java.lang.String@5000016e)
	value		50002f59
ARR 50002f59 (sz=46, trace=300000, nelems=23, elem type=char[])
CLS 50000172 (name=java.lang.Object, trace=300000)
	constant pool entry 79	500000f7
	constant pool entry 51	50000172
	constant pool entry 4	500005e5
	constant pool entry 3	500005e4
	constant pool entry 2	500005e3
CLS 50000001 (name=java.lang.SystemClassLoaderAction, trace=300000)
	super		50000172
	constant pool entry 39	50000001
	constant pool entry 38	50000167
	constant pool entry 36	50000172
	constant pool entry 1	50002dfd
CLS 50000002 (name=sun.misc.Launcher$AppClassLoader$1, trace=300000)
	super		50000172
	constant pool entry 33	50000002
	constant pool entry 32	50000116
	constant pool entry 31	50000117
	constant pool entry 28	50000172
CLS 5000000f (name=java.net.URLStreamHandler, trace=300000)
	super		50000172
	constant pool entry 114	5000000f
	constant pool entry 113	50000119
	constant pool entry 109	50000122
	constant pool entry 108	5000016e
	constant pool entry 106	50000172
	constant pool entry 10	500019a5
	constant pool entry 1	5000059a
CLS 50000003 (name=sun.net.www.protocol.jar.Handler, trace=300000)
	super		5000000f
	static separator	50001853
	constant pool entry 85	50000003
	constant pool entry 84	50000012
	constant pool entry 83	5000000f
	constant pool entry 82	50000119
	constant pool entry 80	50000121
	constant pool entry 79	5000016e
	constant pool entry 9	50001a21
	constant pool entry 8	50000de1
	constant pool entry 5	50000d72
	constant pool entry 1	5000059a
CLS 50000004 (name=sun.misc.URLClassPath, trace=300000)
	super		50000172
	static USER_AGENT_JAVA_VERSION	5000184d
	static JAVA_VERSION	5000184c
	constant pool entry 248	50000084
	constant pool entry 246	50000251
	constant pool entry 245	500000c1
	constant pool entry 244	50000259
	constant pool entry 241	50000257
	constant pool entry 240	500020dc
	constant pool entry 239	500020e0
	constant pool entry 238	50000004
	constant pool entry 236	500000e2
	constant pool entry 232	500000c6
	constant pool entry 230	500000dd
	constant pool entry 229	50002175
	constant pool entry 227	500000ef
	constant pool entry 225	5000004f
	constant pool entry 223	50000119
	constant pool entry 217	5000016e
	constant pool entry 214	50000172
	constant pool entry 211	50000a1e
	constant pool entry 23	5000060f
	constant pool entry 22	5000184b
	constant pool entry 21	5000184a
	constant pool entry 20	50001849
	constant pool entry 19	500008b4
	constant pool entry 17	50001848
	constant pool entry 16	50001847
	constant pool entry 15	50000de1
CLS 500000e5 (name=java.util.AbstractCollection, trace=300000)
	super		50000172
	constant pool entry 77	500000b7
	constant pool entry 74	500000e5
	constant pool entry 73	50000030
	constant pool entry 68	50000172
	constant pool entry 67	5000016a
	constant pool entry 66	50000108
CLS 500000da (name=java.util.AbstractSet, trace=300000)
	super		500000e5
	constant pool entry 36	500000e5
CLS 50000005 (name=java.util.HashSet, trace=300000)
	super		500000da
	static PRESENT	500019ce
	constant pool entry 129	5000006a
	constant pool entry 127	50000005
	constant pool entry 125	500000c6
	constant pool entry 123	500000da
	constant pool entry 121	50000172
CLS 50000006 (name=java.security.Principal[], trace=300000)
	super		50000172
CLS 50000007 (name=java.security.Principal, trace=300000)
CLS 50000008 (name=java.security.ProtectionDomain$Key, trace=300000)
	super		50000172
	constant pool entry 14	50000008
	constant pool entry 12	50000172
CLS 50000009 (name=java.security.ProtectionDomain$2, trace=300000)
	super		50000172
	constant pool entry 17	50000172
CLS 5000000a (name=sun.misc.JavaSecurityProtectionDomainAccess, trace=300000)
CLS 5000000b (name=java.security.ProtectionDomain$JavaSecurityAccessImpl, trace=300000)
	super		50000172
	constant pool entry 29	5000000b
	constant pool entry 24	50000172
CLS 5000000c (name=sun.misc.JavaSecurityAccess, trace=300000)
CLS 5000000d (name=java.net.URL[], trace=300000)
	super		50000172
CLS 5000000e (name=sun.net.www.protocol.file.Handler, trace=300000)
	super		5000000f
	constant pool entry 66	5000000e
	constant pool entry 65	500007e2
	constant pool entry 64	50000012
	constant pool entry 63	5000000f
	constant pool entry 61	50000119
	constant pool entry 58	5000016e
	constant pool entry 56	5000011b
	constant pool entry 6	50000d96
	constant pool entry 1	5000059a
CLS 50000010 (name=java.net.Parts, trace=300000)
	super		50000172
	constant pool entry 28	50000010
	constant pool entry 27	5000016e
	constant pool entry 26	50000172
CLS 50000011 (name=java.util.BitSet, trace=300000)
	super		50000172
	static serialPersistentFields	50000db6
	constant pool entry 394	500000f7
	constant pool entry 198	50000172
	constant pool entry 189	5000016a
	constant pool entry 186	500000fc
	constant pool entry 11	50000011
	constant pool entry 10	50000173
	constant pool entry 4	50000db5
	constant pool entry 3	50000db4
CLS 50000012 (name=sun.net.www.ParseUtil, trace=300000)
	super		50000172
	static encodedInPath	50000db2
	static hexDigits	50000db1
	constant pool entry 508	500000f7
	constant pool entry 244	50000273
	constant pool entry 243	50000011
	constant pool entry 242	50000077
	constant pool entry 241	50000034
	constant pool entry 239	50000038
	constant pool entry 237	50000036
	constant pool entry 236	50000076
	constant pool entry 235	50000119
	constant pool entry 230	50000121
	constant pool entry 228	5000016e
	constant pool entry 227	50000172
	constant pool entry 225	500000be
	constant pool entry 224	5000010a
	constant pool entry 222	5000016a
	constant pool entry 221	50000110
	constant pool entry 219	5000011b
	constant pool entry 26	50000012
	constant pool entry 25	50000d74
	constant pool entry 22	50000db0
	constant pool entry 19	50000daf
	constant pool entry 18	50000dae
	constant pool entry 17	50000dad
	constant pool entry 16	50000dac
	constant pool entry 11	50000dab
	constant pool entry 10	50000daa
	constant pool entry 9	50000da9
	constant pool entry 8	50000da8
	constant pool entry 7	50000d72
	constant pool entry 6	50000da7
	constant pool entry 5	50000da6
	constant pool entry 4	50000da5
	constant pool entry 3	50000da4
	constant pool entry 2	5000059a
CLS 50000013 (name=java.io.FileInputStream$1, trace=300000)
	super		50000172
	constant pool entry 21	50000172
	constant pool entry 19	50000013
	constant pool entry 18	500000b3
CLS 500000c4 (name=java.util.HashMap$Node, trace=300000)
	super		50000172
	constant pool entry 46	500000c4
	constant pool entry 43	50000172
CLS 50000060 (name=java.util.LinkedHashMap$Entry, trace=300000)
	super		500000c4
	constant pool entry 16	500000c4
CLS 50000014 (name=java.util.HashMap$TreeNode, trace=300000)
	super		50000060
CLS 50000016 (name=java.lang.CharacterData, trace=300000)
	super		50000172
	constant pool entry 52	50000172
	constant pool entry 49	50000015
CLS 50000015 (name=java.lang.CharacterDataLatin1, trace=300000)
	super		50000016
	static sharpsMap	50000ded
	static instance	50000dec
	static A	50000deb
	static A_DATA	50000de9
	static B	50000dea
	constant pool entry 97	500000f7
	constant pool entry 69	5000016e
	constant pool entry 68	5000016a
	constant pool entry 67	50000016
	constant pool entry 8	50000015
	constant pool entry 7	50000de9
	constant pool entry 6	50000de8
CLS 50000017 (name=sun.util.locale.LocaleUtils, trace=300000)
	super		50000172
	constant pool entry 49	50000017
	constant pool entry 45	5000016e
CLS 50000018 (name=java.util.Locale$LocaleKey, trace=300000)
	super		50000172
	constant pool entry 28	5000001c
	constant pool entry 27	50000018
	constant pool entry 24	50000172
CLS 50000153 (name=java.lang.ref.Reference, trace=300000)
	super		50000172
	static lock	500003af
	constant pool entry 69	500000cc
	constant pool entry 68	5000014e
	constant pool entry 67	5000014c
	constant pool entry 66	500000df
	constant pool entry 65	500000e0
	constant pool entry 64	500000cd
	constant pool entry 63	50000153
	constant pool entry 61	50000148
	constant pool entry 60	5000014a
	constant pool entry 58	50000172
	constant pool entry 1	50000dbe
CLS 50000152 (name=java.lang.ref.SoftReference, trace=300000)
	super		50000153
	constant pool entry 19	50000152
	constant pool entry 18	50000153
CLS 50000019 (name=sun.util.locale.LocaleObjectCache$CacheEntry, trace=300000)
	super		50000152
	constant pool entry 18	50000019
	constant pool entry 16	50000152
CLS 5000001a (name=sun.util.locale.BaseLocale$Key, trace=300000)
	super		50000172
	constant pool entry 65	50000017
	constant pool entry 64	5000001a
	constant pool entry 62	50000152
	constant pool entry 61	5000016e
	constant pool entry 60	50000172
	constant pool entry 59	5000016a
	constant pool entry 2	5000001c
	constant pool entry 1	5000059a
CLS 5000002e (name=sun.util.locale.LocaleObjectCache, trace=300000)
	super		50000172
	constant pool entry 38	50000019
	constant pool entry 37	5000002e
	constant pool entry 36	5000002c
	constant pool entry 35	5000002b
	constant pool entry 34	5000014c
	constant pool entry 33	50000172
CLS 5000001b (name=sun.util.locale.BaseLocale$Cache, trace=300000)
	super		5000002e
	constant pool entry 42	5000002e
	constant pool entry 41	5000001a
	constant pool entry 40	5000001b
	constant pool entry 38	50000152
	constant pool entry 37	5000016e
	constant pool entry 36	5000016a
	constant pool entry 1	5000001c
CLS 5000001c (name=sun.util.locale.BaseLocale, trace=300000)
	super		50000172
	static SEP	50000f50
	static CACHE	50000f4f
	constant pool entry 85	50000017
	constant pool entry 84	5000001a
	constant pool entry 83	5000001b
	constant pool entry 81	5000001c
	constant pool entry 79	5000016e
	constant pool entry 78	50000172
	constant pool entry 12	50000f4e
	constant pool entry 4	50000f4d
	constant pool entry 3	50000f4c
	constant pool entry 1	5000059a
CLS 50000020 (name=java.util.concurrent.ConcurrentHashMap$CollectionView, trace=300000)
	super		50000172
CLS 5000001d (name=java.util.concurrent.ConcurrentHashMap$EntrySetView, trace=300000)
	super		50000020
CLS 5000001e (name=java.util.concurrent.ConcurrentHashMap$ValuesView, trace=300000)
	super		50000020
CLS 5000001f (name=java.util.concurrent.ConcurrentHashMap$KeySetView, trace=300000)
	super		50000020
CLS 50000021 (name=java.util.concurrent.ConcurrentHashMap$CounterCell[], trace=300000)
	super		50000172
CLS 50000022 (name=java.util.concurrent.ConcurrentHashMap$CounterCell, trace=300000)
	super		50000172
CLS 50000023 (name=java.util.concurrent.ConcurrentHashMap$Node[], trace=300000)
	super		50000172
CLS 50000024 (name=java.util.concurrent.ConcurrentHashMap$Node, trace=300000)
	super		50000172
	constant pool entry 50	50000024
	constant pool entry 44	50000172
CLS 50000025 (name=java.util.concurrent.ConcurrentHashMap$Segment[], trace=300000)
	super		50000172
CLS 50000026 (name=java.util.concurrent.locks.ReentrantLock[], trace=300000)
	super		50000172
CLS 50000027 (name=java.util.concurrent.locks.Lock[], trace=300000)
	super		50000172
CLS 50000029 (name=java.util.concurrent.locks.ReentrantLock, trace=300000)
	super		50000172
CLS 50000028 (name=java.util.concurrent.ConcurrentHashMap$Segment, trace=300000)
	super		50000029
CLS 5000002a (name=java.util.concurrent.locks.Lock, trace=300000)
CLS 500000d7 (name=java.util.AbstractMap, trace=300000)
	super		50000172
	constant pool entry 65	50000172
CLS 5000002b (name=java.util.concurrent.ConcurrentHashMap, trace=300000)
	super		500000d7
	static serialPersistentFields	50000d40
	static U	50000d30
	constant pool entry 1013	500000f7
	constant pool entry 437	50000120
	constant pool entry 413	50000024
	constant pool entry 392	5000092e
	constant pool entry 372	500000d7
	constant pool entry 366	500000b5
	constant pool entry 365	50000172
	constant pool entry 362	5000010a
	constant pool entry 356	5000016a
	constant pool entry 353	500000fc
	constant pool entry 346	50000d2f
	constant pool entry 345	50000d2e
	constant pool entry 344	50000d2d
	constant pool entry 343	50000d2c
	constant pool entry 342	50000d2a
	constant pool entry 341	50000d29
	constant pool entry 14	50000022
	constant pool entry 13	5000002b
	constant pool entry 10	50000025
	constant pool entry 9	50000023
	constant pool entry 8	50000d28
	constant pool entry 7	50000d27
	constant pool entry 6	50000d26
	constant pool entry 5	50000d25
CLS 5000002c (name=java.util.concurrent.ConcurrentMap, trace=300000)
CLS 5000002d (name=java.util.Locale$Cache, trace=300000)
	super		5000002e
	constant pool entry 21	5000002e
	constant pool entry 20	50000018
	constant pool entry 19	5000002d
	constant pool entry 17	5000002f
CLS 5000002f (name=java.util.Locale, trace=300000)
	super		50000172
	static LOCALECACHE	50000f18
	static ENGLISH	5000059b
	static FRENCH	50000f17
	static GERMAN	50000f16
	static ITALIAN	50000f15
	static JAPANESE	50000f14
	static KOREAN	50000f13
	static CHINESE	50000f12
	static SIMPLIFIED_CHINESE	50000f0c
	static TRADITIONAL_CHINESE	50000f0b
	static FRANCE	50000f11
	static GERMANY	50000f10
	static ITALY	50000f0f
	static JAPAN	50000f0e
	static KOREA	50000f0d
	static CHINA	50000f0c
	static PRC	50000f0c
	static TAIWAN	50000f0b
	static UK	50000f0a
	static US	50000f06
	static CANADA	50000f09
	static CANADA_FRENCH	50000f08
	static ROOT	50000f07
	static defaultLocale	50000f06
	static defaultFormatLocale	500001f0
	static serialPersistentFields	50000f05
	constant pool entry 892	500000f7
	constant pool entry 445	50000017
	constant pool entry 439	5000001c
	constant pool entry 438	50000084
	constant pool entry 433	50000018
	constant pool entry 430	500001d4
	constant pool entry 429	5000002d
	constant pool entry 427	500001d9
	constant pool entry 419	500000ef
	constant pool entry 414	50000172
	constant pool entry 411	5000010a
	constant pool entry 406	5000016a
	constant pool entry 402	500000fc
	constant pool entry 393	50000f04
	constant pool entry 392	50000f03
	constant pool entry 391	50000f02
	constant pool entry 390	50000f01
	constant pool entry 58	5000002f
	constant pool entry 57	5000016e
	constant pool entry 56	50000f00
	constant pool entry 52	50000eff
	constant pool entry 51	50000efe
	constant pool entry 50	50000efd
	constant pool entry 49	50000efc
	constant pool entry 48	50000efb
	constant pool entry 47	50000efa
	constant pool entry 46	50000ef9
	constant pool entry 45	50000ef8
	constant pool entry 44	50000ef7
	constant pool entry 43	50000ef6
	constant pool entry 40	50000ef5
	constant pool entry 38	50000ef4
	constant pool entry 34	50000ef3
	constant pool entry 33	50000ef2
	constant pool entry 32	50000ef1
	constant pool entry 31	50000ef0
	constant pool entry 30	50000eef
	constant pool entry 29	50000eee
	constant pool entry 24	50000eed
	constant pool entry 18	50000eec
	constant pool entry 15	50000eeb
	constant pool entry 13	50000eea
	constant pool entry 11	50000ee9
	constant pool entry 6	50000ee8
	constant pool entry 1	5000059a
CLS 50000030 (name=java.lang.reflect.Array, trace=300000)
	super		50000172
	constant pool entry 39	50000030
CLS 50000033 (name=java.nio.charset.CoderResult$Cache, trace=300000)
	super		50000172
	constant pool entry 35	50000033
	constant pool entry 31	50000172
CLS 50000031 (name=java.nio.charset.CoderResult$2, trace=300000)
	super		50000033
	constant pool entry 16	50000033
CLS 50000032 (name=java.nio.charset.CoderResult$1, trace=300000)
	super		50000033
	constant pool entry 14	50000033
CLS 50000034 (name=java.nio.charset.CoderResult, trace=300000)
	super		50000172
	static names	500017dd
	static UNDERFLOW	500017dc
	static OVERFLOW	500017db
	static malformedCache	500017da
	static unmappableCache	500017d7
	constant pool entry 140	500000f7
	constant pool entry 84	50000031
	constant pool entry 83	50000032
	constant pool entry 77	5000016e
	constant pool entry 76	50000172
	constant pool entry 75	5000016a
	constant pool entry 7	50000034
	constant pool entry 4	500017d6
	constant pool entry 3	500017d5
	constant pool entry 2	500017d4
	constant pool entry 1	500005a2
CLS 50000112 (name=java.nio.Buffer, trace=300000)
	super		50000172
	constant pool entry 66	50000112
	constant pool entry 64	50000172
CLS 50000036 (name=java.nio.CharBuffer, trace=300000)
	super		50000112
	constant pool entry 116	50000035
	constant pool entry 114	50000036
	constant pool entry 111	50000112
CLS 50000035 (name=java.nio.HeapCharBuffer, trace=300000)
	super		50000036
	constant pool entry 139	500000f7
	constant pool entry 68	50000035
	constant pool entry 67	50000036
	constant pool entry 61	5000016e
CLS 50000038 (name=java.nio.charset.CharsetDecoder, trace=300000)
	super		50000172
	static stateNames	500017e9
	constant pool entry 276	500000f7
	constant pool entry 142	50000077
	constant pool entry 141	50000034
	constant pool entry 139	5000008e
	constant pool entry 136	50000076
	constant pool entry 131	5000016e
	constant pool entry 130	50000172
	constant pool entry 127	5000016a
	constant pool entry 16	50000038
	constant pool entry 15	500017e3
	constant pool entry 12	500017c5
	constant pool entry 7	500017c4
	constant pool entry 4	500017c3
	constant pool entry 3	500017c2
	constant pool entry 2	50001639
CLS 50000037 (name=sun.nio.cs.SingleByte$Decoder, trace=300000)
	super		50000038
	constant pool entry 58	50000037
	constant pool entry 57	50000081
	constant pool entry 55	50000034
	constant pool entry 54	50000038
	constant pool entry 53	50000036
	constant pool entry 52	50000076
	constant pool entry 50	5000016e
CLS 50000039 (name=sun.nio.cs.ArrayDecoder, trace=300000)
CLS 5000003e (name=java.io.Reader, trace=300000)
	super		50000172
	constant pool entry 59	50000172
	constant pool entry 55	5000003e
CLS 5000003a (name=sun.nio.cs.StreamDecoder, trace=300000)
	super		5000003e
	constant pool entry 138	50000077
	constant pool entry 137	50000034
	constant pool entry 136	50000038
	constant pool entry 135	5000008e
	constant pool entry 132	50000036
	constant pool entry 131	50000076
	constant pool entry 124	5000016a
	constant pool entry 121	5000003e
	constant pool entry 120	5000011d
	constant pool entry 5	5000003a
CLS 5000003c (name=java.io.InputStreamReader, trace=300000)
	super		5000003e
	constant pool entry 47	5000003a
	constant pool entry 40	5000003e
	constant pool entry 39	5000003c
CLS 5000003b (name=java.io.FileReader, trace=300000)
	super		5000003c
	constant pool entry 14	5000003c
	constant pool entry 11	500000b3
CLS 5000003d (name=java.io.BufferedReader, trace=300000)
	super		5000003e
	constant pool entry 179	500000f7
	constant pool entry 95	50000122
	constant pool entry 94	5000016e
	constant pool entry 89	5000003e
	constant pool entry 86	5000003d
	constant pool entry 4	500005c6
CLS 5000003f (name=java.lang.Readable, trace=300000)
CLS 50000040 (name=sun.misc.MetaIndex, trace=300000)
	super		50000172
	static jarMap	50001866
	constant pool entry 152	500000f7
	constant pool entry 80	50000147
	constant pool entry 79	500000e7
	constant pool entry 78	500000c6
	constant pool entry 77	500000dd
	constant pool entry 75	5000016e
	constant pool entry 74	50000172
	constant pool entry 72	5000016a
	constant pool entry 69	5000003b
	constant pool entry 68	5000011b
	constant pool entry 67	5000003d
	constant pool entry 66	500000c8
	constant pool entry 4	50000040
	constant pool entry 3	50001859
	constant pool entry 2	500005c7
	constant pool entry 1	50001858
CLS 50000041 (name=java.io.File[], trace=300000)
	super		50000172
CLS 50000042 (name=java.util.StringTokenizer, trace=300000)
	super		50000172
	constant pool entry 65	50000042
	constant pool entry 62	5000016e
	constant pool entry 61	50000172
	constant pool entry 59	50000110
	constant pool entry 3	500010fb
CLS 50000043 (name=sun.misc.Launcher$ExtClassLoader$1, trace=300000)
	super		50000172
	constant pool entry 34	50000040
	constant pool entry 33	50000043
	constant pool entry 32	50000115
	constant pool entry 29	50000172
CLS 50000044 (name=java.net.URLClassLoader$7, trace=300000)
	super		50000172
	constant pool entry 23	5000011a
	constant pool entry 20	50000172
CLS 50000045 (name=sun.misc.JavaNetAccess, trace=300000)
CLS 50000046 (name=java.util.WeakHashMap$KeySet, trace=300000)
	super		500000da
	constant pool entry 30	50000046
	constant pool entry 26	500000da
CLS 50000047 (name=java.util.Collections$SetFromMap, trace=300000)
	super		500000da
	constant pool entry 74	50000147
	constant pool entry 73	50000047
	constant pool entry 71	500000da
	constant pool entry 67	50000111
CLS 50000048 (name=java.util.WeakHashMap$Entry[], trace=300000)
	super		50000172
CLS 50000049 (name=java.lang.ref.WeakReference[], trace=300000)
	super		50000172
CLS 5000004a (name=java.lang.ref.Reference[], trace=300000)
	super		50000172
CLS 50000151 (name=java.lang.ref.WeakReference, trace=300000)
	super		50000153
	constant pool entry 9	50000153
CLS 5000004b (name=java.util.WeakHashMap$Entry, trace=300000)
	super		50000151
	constant pool entry 50	5000004b
	constant pool entry 45	50000151
CLS 5000004c (name=java.lang.ClassLoader$ParallelLoaders, trace=300000)
	super		50000172
	static loaderTypes	50002dff
	constant pool entry 34	5000009b
	constant pool entry 33	500000db
	constant pool entry 32	500000dc
	constant pool entry 29	5000004c
	constant pool entry 28	5000016a
	constant pool entry 1	50000168
CLS 5000004d (name=sun.security.util.Debug, trace=300000)
	super		50000172
	static hexDigits	50000e16
	constant pool entry 204	5000004d
	constant pool entry 203	50000084
	constant pool entry 199	500000ef
	constant pool entry 194	5000016e
	constant pool entry 50	50000e15
	constant pool entry 49	50000e14
	constant pool entry 23	50000e13
CLS 5000004e (name=sun.misc.Launcher$Factory, trace=300000)
	super		50000172
	static PREFIX	50000d7d
	constant pool entry 51	5000004e
	constant pool entry 47	5000000f
	constant pool entry 46	50000121
	constant pool entry 43	50000172
	constant pool entry 41	5000016a
	constant pool entry 4	50000d7d
	constant pool entry 2	50000d70
	constant pool entry 1	50000d6f
CLS 5000004f (name=java.net.URLStreamHandlerFactory, trace=300000)
CLS 50000050 (name=java.lang.Compiler$1, trace=300000)
	super		50000172
	constant pool entry 57	50000167
	constant pool entry 56	50000121
	constant pool entry 54	50000172
	constant pool entry 53	50000050
	constant pool entry 8	50002eed
	constant pool entry 7	50002eec
	constant pool entry 4	50002eeb
CLS 50000051 (name=java.lang.Compiler, trace=300000)
	super		50000172
	constant pool entry 27	500000ef
	constant pool entry 25	50000050
	constant pool entry 24	50000051
CLS 50000166 (name=java.lang.Throwable, trace=300000)
	super		50000172
	static UNASSIGNED_STACK	5000197a
	static SUPPRESSED_SENTINEL	50001979
	static NULL_CAUSE_MESSAGE	50001978
	static SELF_SUPPRESSION_MESSAGE	5000196c
	static CAUSE_CAPTION	5000196b
	static SUPPRESSED_CAPTION	5000196a
	static EMPTY_THROWABLE_ARRAY	50001969
	constant pool entry 328	500000f7
	constant pool entry 173	500000dc
	constant pool entry 172	500000dd
	constant pool entry 162	50000113
	constant pool entry 161	50000172
	constant pool entry 156	5000016a
	constant pool entry 18	50000166
CLS 50000163 (name=java.lang.Exception, trace=300000)
	super		50000166
	constant pool entry 16	50000166
CLS 50000162 (name=java.lang.RuntimeException, trace=300000)
	super		50000163
	constant pool entry 15	50000163
CLS 50000052 (name=java.lang.IllegalArgumentException, trace=300000)
	super		50000162
CLS 50000053 (name=java.lang.System$2, trace=300000)
	super		50000172
	constant pool entry 46	50000172
	constant pool entry 45	5000016a
	constant pool entry 44	50000063
CLS 50000054 (name=sun.misc.JavaLangAccess, trace=300000)
CLS 50000055 (name=sun.io.Win32ErrorMode, trace=300000)
	super		50000172
	constant pool entry 46	500000c1
	constant pool entry 45	50000055
	constant pool entry 44	50000167
	constant pool entry 1	50000a84
CLS 50000056 (name=sun.misc.OSEnvironment, trace=300000)
	super		50000172
	constant pool entry 11	50000055
CLS 50000057 (name=java.lang.Integer[], trace=300000)
	super		50000172
CLS 50000058 (name=java.lang.Number[], trace=300000)
	super		50000172
CLS 50000059 (name=java.lang.Integer$IntegerCache, trace=300000)
	super		50000172
	static cache	50000716
	constant pool entry 73	500000f7
	constant pool entry 48	500000c1
	constant pool entry 43	50000059
	constant pool entry 42	5000016a
	constant pool entry 3	5000010a
	constant pool entry 2	50000714
CLS 5000005a (name=sun.misc.NativeSignalHandler, trace=300000)
	super		50000172
	constant pool entry 21	5000005a
	constant pool entry 20	50000172
CLS 5000005b (name=sun.misc.Signal, trace=300000)
	super		50000172
	static handlers	50002e96
	static signals	50002e95
	constant pool entry 86	5000005d
	constant pool entry 84	5000005b
	constant pool entry 83	5000005a
	constant pool entry 82	50000145
	constant pool entry 76	50000172
	constant pool entry 75	5000010a
CLS 5000005c (name=java.lang.Terminator$1, trace=300000)
	super		50000172
	constant pool entry 20	50000172
CLS 5000005d (name=sun.misc.SignalHandler, trace=300000)
	static SIG_DFL	50002e94
	static SIG_IGN	50002e93
	constant pool entry 16	5000005d
	constant pool entry 15	5000005a
CLS 5000005e (name=java.lang.Terminator, trace=300000)
	super		50000172
	static handler	50002e92
	constant pool entry 28	5000005b
	constant pool entry 27	5000005c
	constant pool entry 26	5000005e
	constant pool entry 2	50002e91
	constant pool entry 1	50002e90
CLS 5000005f (name=java.lang.ClassLoader$NativeLibrary, trace=300000)
	super		50000172
	constant pool entry 57	500000e2
	constant pool entry 54	50000172
	constant pool entry 53	5000005f
	constant pool entry 52	50000168
CLS 50000061 (name=java.io.ExpiringCache$Entry, trace=300000)
	super		50000172
	constant pool entry 23	50000172
	constant pool entry 22	50000061
CLS 50000062 (name=java.io.File$PathStatus[], trace=300000)
	super		50000172
CLS 50000063 (name=java.lang.Enum[], trace=300000)
	super		50000172
CLS 50000064 (name=java.lang.ClassLoader$3, trace=300000)
	super		50000172
	constant pool entry 28	50000172
	constant pool entry 27	50000064
	constant pool entry 25	50000111
	constant pool entry 24	5000011b
CLS 50000065 (name=java.nio.file.Path, trace=300000)
CLS 50000066 (name=java.nio.file.Watchable, trace=300000)
CLS 50000068 (name=java.lang.Enum, trace=300000)
	super		50000172
	constant pool entry 72	50000172
	constant pool entry 65	5000016a
	constant pool entry 5	50000068
CLS 50000067 (name=java.io.File$PathStatus, trace=300000)
	super		50000068
	static INVALID	500010e9
	static CHECKED	500010e3
	static $VALUES	500010e2
	constant pool entry 48	500000f7
	constant pool entry 25	50000068
	constant pool entry 3	50000067
	constant pool entry 2	500010e1
	constant pool entry 1	500010e0
CLS 500000c6 (name=java.util.HashMap, trace=300000)
	super		500000d7
	constant pool entry 483	500000f7
	constant pool entry 235	50000147
	constant pool entry 230	50000014
	constant pool entry 229	500000c4
	constant pool entry 220	500000c6
	constant pool entry 217	500000d7
	constant pool entry 213	50000172
	constant pool entry 208	5000010e
	constant pool entry 198	500000c2
CLS 5000006a (name=java.util.LinkedHashMap, trace=300000)
	super		500000c6
	constant pool entry 100	50001e6a
	constant pool entry 98	50000060
	constant pool entry 97	5000006a
	constant pool entry 95	500000c4
	constant pool entry 94	500000c6
CLS 50000069 (name=java.io.ExpiringCache$1, trace=300000)
	super		5000006a
	constant pool entry 26	5000006a
	constant pool entry 24	50000069
	constant pool entry 23	5000006b
CLS 5000006b (name=java.io.ExpiringCache, trace=300000)
	super		50000172
	constant pool entry 64	50000147
	constant pool entry 62	50000167
	constant pool entry 60	50000172
	constant pool entry 59	50000061
	constant pool entry 58	50000069
	constant pool entry 57	5000006b
CLS 5000006d (name=java.io.FileSystem, trace=300000)
	super		50000172
	constant pool entry 77	50000167
	constant pool entry 75	50000172
	constant pool entry 73	5000006d
	constant pool entry 2	500010d9
	constant pool entry 1	500010d8
CLS 5000006c (name=java.io.WinNTFileSystem, trace=300000)
	super		5000006d
	static driveDirCache	50000ee7
	constant pool entry 313	500000f7
	constant pool entry 155	50000084
	constant pool entry 154	5000002f
	constant pool entry 153	500000ef
	constant pool entry 151	50000121
	constant pool entry 150	50000122
	constant pool entry 149	5000016e
	constant pool entry 145	5000006c
	constant pool entry 143	5000006d
	constant pool entry 142	5000011b
	constant pool entry 141	5000006b
	constant pool entry 8	50000ee6
	constant pool entry 7	50000ee5
CLS 5000006e (name=java.io.DefaultFileSystem, trace=300000)
	super		50000172
	constant pool entry 11	5000006c
CLS 50000091 (name=java.io.Writer, trace=300000)
	super		50000172
	constant pool entry 52	5000016e
	constant pool entry 51	50000172
	constant pool entry 47	50000091
CLS 5000006f (name=java.io.BufferedWriter, trace=300000)
	super		50000091
	constant pool entry 120	500000f7
	constant pool entry 66	50000084
	constant pool entry 65	500000ef
	constant pool entry 62	5000016e
	constant pool entry 58	50000091
	constant pool entry 56	5000006f
	constant pool entry 3	500005c9
CLS 50000070 (name=java.nio.Bits$1, trace=300000)
	super		50000172
	constant pool entry 20	50000172
CLS 50000071 (name=sun.misc.JavaNioAccess, trace=300000)
CLS 5000010f (name=java.lang.Number, trace=300000)
	super		50000172
	constant pool entry 28	50000172
CLS 50000072 (name=java.util.concurrent.atomic.AtomicLong, trace=300000)
	super		5000010f
	static unsafe	50000d30
	constant pool entry 81	50000120
	constant pool entry 78	5000010f
	constant pool entry 74	5000016a
	constant pool entry 2	50000072
	constant pool entry 1	50000d2f
CLS 50000073 (name=java.nio.ByteOrder, trace=300000)
	super		50000172
	static BIG_ENDIAN	50001115
	static LITTLE_ENDIAN	50001114
	constant pool entry 23	50000073
	constant pool entry 22	50000074
	constant pool entry 21	50000172
	constant pool entry 2	50001113
	constant pool entry 1	50001112
CLS 50000074 (name=java.nio.Bits, trace=300000)
	super		50000172
	static unsafe	50000d30
	static byteOrder	50001114
	static reservedMemory	5000116e
	static totalCapacity	5000116d
	static count	5000116c
	constant pool entry 275	50000084
	constant pool entry 274	500000c1
	constant pool entry 273	50000120
	constant pool entry 272	500000cc
	constant pool entry 270	50000072
	constant pool entry 269	500000ef
	constant pool entry 268	50000073
	constant pool entry 266	50000070
	constant pool entry 262	5000016e
	constant pool entry 252	5000016a
	constant pool entry 10	50000074
	constant pool entry 8	50001166
	constant pool entry 5	50001144
	constant pool entry 4	5000111f
	constant pool entry 3	5000111b
CLS 50000076 (name=java.nio.ByteBuffer, trace=300000)
	super		50000112
	constant pool entry 140	50000075
	constant pool entry 138	50000073
	constant pool entry 137	50000076
	constant pool entry 134	50000112
	constant pool entry 133	50000074
CLS 50000075 (name=java.nio.HeapByteBuffer, trace=300000)
	super		50000076
	constant pool entry 260	500000f7
	constant pool entry 122	50000075
	constant pool entry 106	50000076
	constant pool entry 102	50000167
CLS 50000077 (name=java.nio.charset.CodingErrorAction, trace=300000)
	super		50000172
	static IGNORE	500017d0
	static REPLACE	500005a3
	static REPORT	500005a1
	constant pool entry 21	50000077
	constant pool entry 20	50000172
	constant pool entry 3	500017cf
	constant pool entry 2	500017ce
	constant pool entry 1	500017cd
CLS 50000079 (name=java.nio.charset.CharsetEncoder, trace=300000)
	super		50000172
	static stateNames	500017c6
	constant pool entry 358	500000f7
	constant pool entry 166	50000095
	constant pool entry 165	50000077
	constant pool entry 164	50000034
	constant pool entry 161	5000008e
	constant pool entry 152	5000016e
	constant pool entry 151	50000172
	constant pool entry 148	5000016a
	constant pool entry 16	50000079
	constant pool entry 13	500017c5
	constant pool entry 7	500017c4
	constant pool entry 4	500017c3
	constant pool entry 3	500017c2
	constant pool entry 2	50001639
CLS 50000078 (name=sun.nio.cs.SingleByte$Encoder, trace=300000)
	super		50000079
	constant pool entry 77	50000078
	constant pool entry 76	50000081
	constant pool entry 74	50000034
	constant pool entry 73	50000079
	constant pool entry 72	50000036
	constant pool entry 71	50000076
CLS 5000007a (name=sun.nio.cs.ArrayEncoder, trace=300000)
CLS 5000013c (name=sun.reflect.MagicAccessorImpl, trace=300000)
	super		50000172
	constant pool entry 8	50000172
CLS 50000138 (name=sun.reflect.ConstructorAccessorImpl, trace=300000)
	super		5000013c
	constant pool entry 20	5000013c
CLS 5000007b (name=sun.reflect.DelegatingConstructorAccessorImpl, trace=300000)
	super		50000138
	constant pool entry 20	5000007b
	constant pool entry 19	50000138
CLS 5000007c (name=sun.reflect.NativeConstructorAccessorImpl, trace=300000)
	super		50000138
	constant pool entry 44	500000e1
	constant pool entry 43	5000007c
	constant pool entry 40	50000138
CLS 5000007d (name=sun.reflect.ReflectionFactory$1, trace=300000)
	super		50000172
	constant pool entry 51	5000007d
	constant pool entry 50	500000e1
	constant pool entry 48	50000167
	constant pool entry 45	50000172
	constant pool entry 3	50002e1a
	constant pool entry 2	50002e19
CLS 5000007e (name=java.lang.Class$1, trace=300000)
	super		50000172
	constant pool entry 25	5000013d
	constant pool entry 24	50000172
	constant pool entry 23	5000007e
CLS 5000007f (name=java.lang.reflect.Constructor[], trace=300000)
	super		50000172
CLS 50000080 (name=java.lang.reflect.Executable[], trace=300000)
	super		50000172
CLS 50000081 (name=sun.nio.cs.SingleByte, trace=300000)
	super		50000172
	constant pool entry 25	50000081
	constant pool entry 24	50000112
CLS 5000008e (name=java.nio.charset.Charset, trace=300000)
	super		50000172
	static bugLevel	5000059a
	static standardProvider	5000163e
	static cache1	50000b38
	static cache2	5000086e
	static gate	5000163d
	static defaultCharset	5000163c
	constant pool entry 319	500000f7
	constant pool entry 159	50000084
	constant pool entry 157	5000008b
	constant pool entry 156	500000c1
	constant pool entry 150	500000ef
	constant pool entry 149	5000008d
	constant pool entry 136	50000086
	constant pool entry 135	5000016e
	constant pool entry 134	50000172
	constant pool entry 9	5000008e
	constant pool entry 7	5000163b
	constant pool entry 6	5000163a
	constant pool entry 2	50001639
	constant pool entry 1	5000059a
CLS 50000082 (name=sun.nio.cs.MS1252, trace=300000)
	super		5000008e
	static b2cTable	500017f3
	static b2c	500017f6
	static c2b	500017f5
	static c2bIndex	500017f4
	constant pool entry 86	500000f7
	constant pool entry 53	5000008b
	constant pool entry 52	50000078
	constant pool entry 51	50000037
	constant pool entry 50	50000081
	constant pool entry 49	50000082
	constant pool entry 47	5000008e
	constant pool entry 46	5000016e
	constant pool entry 4	500017f3
	constant pool entry 3	5000142b
	constant pool entry 1	500017f2
CLS 50000083 (name=sun.nio.cs.HistoricallyNamedCharset, trace=300000)
CLS 50000084 (name=sun.security.action.GetPropertyAction, trace=300000)
	super		50000172
	constant pool entry 32	50000084
	constant pool entry 29	50000167
	constant pool entry 27	50000172
CLS 50000085 (name=java.util.concurrent.atomic.AtomicInteger, trace=300000)
	super		5000010f
	static unsafe	50000d30
	constant pool entry 77	50000120
	constant pool entry 74	5000010f
	constant pool entry 70	5000016a
	constant pool entry 2	50000085
	constant pool entry 1	50000d2f
CLS 50000086 (name=java.lang.ThreadLocal, trace=300000)
	super		50000172
	static nextHashCode	50000dbd
	constant pool entry 60	50000085
	constant pool entry 58	50000212
	constant pool entry 57	50000210
	constant pool entry 54	50000086
	constant pool entry 53	5000014a
	constant pool entry 52	50000172
CLS 5000008a (name=sun.util.PreHashedMap, trace=300000)
	super		500000d7
	constant pool entry 94	500000f7
	constant pool entry 49	5000008a
	constant pool entry 46	500000d7
	constant pool entry 44	5000016e
	constant pool entry 43	50000172
	constant pool entry 42	50000108
CLS 50000087 (name=sun.nio.cs.StandardCharsets$Cache, trace=300000)
	super		5000008a
	constant pool entry 118	500000f7
	constant pool entry 107	5000008a
	constant pool entry 106	50000087
	constant pool entry 103	50000172
	constant pool entry 39	50001435
	constant pool entry 38	50001432
	constant pool entry 37	50001431
	constant pool entry 36	50001430
	constant pool entry 35	5000142f
	constant pool entry 34	5000142e
	constant pool entry 33	5000142d
	constant pool entry 32	5000142c
	constant pool entry 31	5000142b
	constant pool entry 30	5000142a
	constant pool entry 29	50001429
	constant pool entry 28	50001428
	constant pool entry 27	50001427
	constant pool entry 26	50001426
	constant pool entry 25	50001425
	constant pool entry 24	50001424
	constant pool entry 23	50001423
	constant pool entry 22	50001422
	constant pool entry 21	50001421
	constant pool entry 20	50001420
	constant pool entry 19	5000141e
	constant pool entry 18	5000141b
	constant pool entry 17	5000140a
	constant pool entry 16	50001404
	constant pool entry 15	50001403
	constant pool entry 14	50001402
	constant pool entry 13	50001401
	constant pool entry 12	50001400
	constant pool entry 11	500013ff
	constant pool entry 10	50001273
	constant pool entry 9	50001272
	constant pool entry 8	50001271
	constant pool entry 7	50001270
	constant pool entry 6	5000126f
	constant pool entry 5	5000126e
	constant pool entry 4	5000126c
	constant pool entry 3	5000126a
	constant pool entry 2	500013fe
	constant pool entry 1	500013fd
CLS 50000088 (name=sun.nio.cs.StandardCharsets$Classes, trace=300000)
	super		5000008a
	constant pool entry 196	500000f7
	constant pool entry 185	5000008a
	constant pool entry 184	50000088
	constant pool entry 181	50000172
	constant pool entry 78	50001435
	constant pool entry 77	50001432
	constant pool entry 76	50001431
	constant pool entry 75	50001430
	constant pool entry 74	5000142f
	constant pool entry 73	5000142e
	constant pool entry 72	5000142d
	constant pool entry 71	5000142c
	constant pool entry 70	5000142b
	constant pool entry 69	5000142a
	constant pool entry 68	50001429
	constant pool entry 67	50001428
	constant pool entry 66	50001427
	constant pool entry 65	50001426
	constant pool entry 64	50001425
	constant pool entry 63	50001424
	constant pool entry 62	50001423
	constant pool entry 61	50001422
	constant pool entry 60	50001421
	constant pool entry 59	50001420
	constant pool entry 58	5000141e
	constant pool entry 57	5000141b
	constant pool entry 56	5000140a
	constant pool entry 55	50001404
	constant pool entry 54	50001403
	constant pool entry 53	50001402
	constant pool entry 52	50001401
	constant pool entry 51	50001400
	constant pool entry 50	500013ff
	constant pool entry 49	50001273
	constant pool entry 48	50001272
	constant pool entry 47	50001271
	constant pool entry 46	50001270
	constant pool entry 45	5000126f
	constant pool entry 44	5000126e
	constant pool entry 43	5000126c
	constant pool entry 42	5000126a
	constant pool entry 41	500013fe
	constant pool entry 40	500013fd
	constant pool entry 39	500013fc
	constant pool entry 38	50001207
	constant pool entry 37	50001206
	constant pool entry 36	50001205
	constant pool entry 35	50001204
	constant pool entry 34	50001203
	constant pool entry 33	500013fb
	constant pool entry 32	50001201
	constant pool entry 31	500011fe
	constant pool entry 30	500011fd
	constant pool entry 29	500013fa
	constant pool entry 28	500013f9
	constant pool entry 27	500013f7
	constant pool entry 26	500013f6
	constant pool entry 25	500013f5
	constant pool entry 24	500013f4
	constant pool entry 23	500013f3
	constant pool entry 22	500013f2
	constant pool entry 21	500013f1
	constant pool entry 20	500013f0
	constant pool entry 19	500013ef
	constant pool entry 18	500013ee
	constant pool entry 17	500013ed
	constant pool entry 16	500013ec
	constant pool entry 15	500013eb
	constant pool entry 14	500013ea
	constant pool entry 13	500011f4
	constant pool entry 12	500013e9
	constant pool entry 11	500013e8
	constant pool entry 10	500013e7
	constant pool entry 9	500013e6
	constant pool entry 8	500013e5
	constant pool entry 7	500013e4
	constant pool entry 6	500013e3
	constant pool entry 5	500013e2
	constant pool entry 4	500013dd
	constant pool entry 3	500013dc
	constant pool entry 2	500013db
	constant pool entry 1	500013da
CLS 50000089 (name=sun.nio.cs.StandardCharsets$Aliases, trace=300000)
	super		5000008a
	constant pool entry 522	500000f7
	constant pool entry 511	5000008a
	constant pool entry 510	50000089
	constant pool entry 507	50000172
	constant pool entry 241	50001435
	constant pool entry 240	500014e2
	constant pool entry 239	50001432
	constant pool entry 238	500014e1
	constant pool entry 237	50001431
	constant pool entry 236	500014e0
	constant pool entry 235	500014df
	constant pool entry 234	50001430
	constant pool entry 233	5000142f
	constant pool entry 232	500012ab
	constant pool entry 231	5000142e
	constant pool entry 230	5000142d
	constant pool entry 229	5000142c
	constant pool entry 228	5000142b
	constant pool entry 227	5000142a
	constant pool entry 226	50001429
	constant pool entry 225	500014dc
	constant pool entry 224	500014db
	constant pool entry 223	500014da
	constant pool entry 222	500014d9
	constant pool entry 221	500014d8
	constant pool entry 220	500014d7
	constant pool entry 219	500014d6
	constant pool entry 218	500014d5
	constant pool entry 217	500014d4
	constant pool entry 216	500014d3
	constant pool entry 215	500012aa
	constant pool entry 214	50001428
	constant pool entry 213	500014d2
	constant pool entry 212	50001427
	constant pool entry 211	500014d1
	constant pool entry 210	50001426
	constant pool entry 209	50001425
	constant pool entry 208	50001424
	constant pool entry 207	50001423
	constant pool entry 206	50001422
	constant pool entry 205	50001421
	constant pool entry 204	5000118b
	constant pool entry 203	500014d0
	constant pool entry 202	500014cf
	constant pool entry 201	500014ce
	constant pool entry 200	500014cd
	constant pool entry 199	500012a9
	constant pool entry 198	500012a8
	constant pool entry 197	500012a7
	constant pool entry 196	500014cc
	constant pool entry 195	500014cb
	constant pool entry 194	500012a5
	constant pool entry 193	500012a4
	constant pool entry 192	500012a3
	constant pool entry 191	500012a2
	constant pool entry 190	500014ca
	constant pool entry 189	500014c9
	constant pool entry 188	500012a1
	constant pool entry 187	500012a0
	constant pool entry 186	5000129f
	constant pool entry 185	5000129e
	constant pool entry 184	5000129d
	constant pool entry 183	5000129c
	constant pool entry 182	50001420
	constant pool entry 181	5000141e
	constant pool entry 180	5000129b
	constant pool entry 179	500014c8
	constant pool entry 178	500014c7
	constant pool entry 177	500014c6
	constant pool entry 176	500014c5
	constant pool entry 175	500014c4
	constant pool entry 174	500014c3
	constant pool entry 173	500014c2
	constant pool entry 172	500014c1
	constant pool entry 171	500014c0
	constant pool entry 170	500014bf
	constant pool entry 169	500014be
	constant pool entry 168	500014bd
	constant pool entry 167	500014b7
	constant pool entry 166	5000129a
	constant pool entry 165	500014b6
	constant pool entry 164	500014b5
	constant pool entry 163	50001191
	constant pool entry 162	50001299
	constant pool entry 161	50001298
	constant pool entry 160	50001297
	constant pool entry 159	50001296
	constant pool entry 158	5000128a
	constant pool entry 157	500014b4
	constant pool entry 156	500014b3
	constant pool entry 155	50001289
	constant pool entry 154	500014b2
	constant pool entry 153	500014b1
	constant pool entry 152	50001288
	constant pool entry 151	500014b0
	constant pool entry 150	50001287
	constant pool entry 149	500014af
	constant pool entry 148	500014ae
	constant pool entry 147	500014ad
	constant pool entry 146	500014ac
	constant pool entry 145	500014ab
	constant pool entry 144	50001186
	constant pool entry 143	50001283
	constant pool entry 142	50001282
	constant pool entry 141	50001281
	constant pool entry 140	5000127f
	constant pool entry 139	5000127e
	constant pool entry 138	5000127b
	constant pool entry 137	5000141b
	constant pool entry 136	5000140a
	constant pool entry 135	50001404
	constant pool entry 134	50001403
	constant pool entry 133	50001402
	constant pool entry 132	50001401
	constant pool entry 131	50001400
	constant pool entry 130	500013ff
	constant pool entry 129	500014a9
	constant pool entry 128	500014a8
	constant pool entry 127	5000127a
	constant pool entry 126	50001279
	constant pool entry 125	50001275
	constant pool entry 124	50001274
	constant pool entry 123	500012ae
	constant pool entry 122	50001273
	constant pool entry 121	50001272
	constant pool entry 120	50001271
	constant pool entry 119	50001270
	constant pool entry 118	5000126f
	constant pool entry 117	5000126e
	constant pool entry 116	500014a7
	constant pool entry 115	5000126d
	constant pool entry 114	5000126c
	constant pool entry 113	5000126b
	constant pool entry 112	5000126a
	constant pool entry 111	500014a6
	constant pool entry 110	500013fe
	constant pool entry 109	500014a5
	constant pool entry 108	50001267
	constant pool entry 107	50001266
	constant pool entry 106	50001265
	constant pool entry 105	50001264
	constant pool entry 104	500012ad
	constant pool entry 103	50001263
	constant pool entry 102	50001262
	constant pool entry 101	50001261
	constant pool entry 100	50001260
	constant pool entry 99	5000125f
	constant pool entry 98	5000125e
	constant pool entry 97	500014a4
	constant pool entry 96	5000125d
	constant pool entry 95	5000125c
	constant pool entry 94	5000125b
	constant pool entry 93	5000125a
	constant pool entry 92	50001259
	constant pool entry 91	50001258
	constant pool entry 90	500014a3
	constant pool entry 89	500014a2
	constant pool entry 88	5000118f
	constant pool entry 87	50001257
	constant pool entry 86	50001256
	constant pool entry 85	500014a1
	constant pool entry 84	50001255
	constant pool entry 83	50001254
	constant pool entry 82	50001253
	constant pool entry 81	50001252
	constant pool entry 80	5000149b
	constant pool entry 79	5000149a
	constant pool entry 78	50001499
	constant pool entry 77	50001498
	constant pool entry 76	50001497
	constant pool entry 75	50001496
	constant pool entry 74	50001495
	constant pool entry 73	50001494
	constant pool entry 72	50001493
	constant pool entry 71	50001492
	constant pool entry 70	50001491
	constant pool entry 69	5000148e
	constant pool entry 68	5000148d
	constant pool entry 67	5000123f
	constant pool entry 66	5000123e
	constant pool entry 65	5000123d
	constant pool entry 64	5000123c
	constant pool entry 63	5000123b
	constant pool entry 62	5000123a
	constant pool entry 61	50001238
	constant pool entry 60	50001237
	constant pool entry 59	50001236
	constant pool entry 58	50001235
	constant pool entry 57	50001230
	constant pool entry 56	5000122f
	constant pool entry 55	5000122e
	constant pool entry 54	5000122d
	constant pool entry 53	5000122c
	constant pool entry 52	50001227
	constant pool entry 51	50001226
	constant pool entry 50	50001225
	constant pool entry 49	50001224
	constant pool entry 48	50001223
	constant pool entry 47	50001222
	constant pool entry 46	50001221
	constant pool entry 45	5000121e
	constant pool entry 44	5000121d
	constant pool entry 43	5000118d
	constant pool entry 42	5000121c
	constant pool entry 41	50001219
	constant pool entry 40	50001218
	constant pool entry 39	50001217
	constant pool entry 38	50001216
	constant pool entry 37	50001215
	constant pool entry 36	50001214
	constant pool entry 35	5000148c
	constant pool entry 34	500013fd
	constant pool entry 33	50001213
	constant pool entry 32	50001193
	constant pool entry 31	5000148b
	constant pool entry 30	5000148a
	constant pool entry 29	50001489
	constant pool entry 28	50001212
	constant pool entry 27	500011ce
	constant pool entry 26	500011cd
	constant pool entry 25	500011cc
	constant pool entry 24	500011cb
	constant pool entry 23	500011ca
	constant pool entry 22	500011c9
	constant pool entry 21	500011c8
	constant pool entry 20	500011c6
	constant pool entry 19	500011c5
	constant pool entry 18	500011b4
	constant pool entry 17	500011b3
	constant pool entry 16	500011b2
	constant pool entry 15	500011b1
	constant pool entry 14	500012ac
	constant pool entry 13	500011b0
	constant pool entry 12	500011af
	constant pool entry 11	500011ae
	constant pool entry 10	500011ad
	constant pool entry 9	500011ab
	constant pool entry 8	500011aa
	constant pool entry 7	500011a9
	constant pool entry 6	500011a8
	constant pool entry 5	500011a5
	constant pool entry 4	500011a4
	constant pool entry 3	500011a3
	constant pool entry 2	50001190
	constant pool entry 1	500011a2
CLS 5000008d (name=java.nio.charset.spi.CharsetProvider, trace=300000)
	super		50000172
	constant pool entry 23	50000167
	constant pool entry 20	50000172
CLS 5000008c (name=sun.nio.cs.FastCharsetProvider, trace=300000)
	super		5000008d
	constant pool entry 138	500000f7
	constant pool entry 75	5000049d
	constant pool entry 73	5000008c
	constant pool entry 72	50000147
	constant pool entry 71	5000008d
	constant pool entry 70	5000008e
	constant pool entry 68	50000121
	constant pool entry 67	5000016e
	constant pool entry 65	50000172
	constant pool entry 61	5000016a
	constant pool entry 2	500013fa
	constant pool entry 1	50000d6f
CLS 5000008b (name=sun.nio.cs.StandardCharsets, trace=300000)
	super		5000008c
	static aliases_US_ASCII	50001184
	static aliases_UTF_8	500012dc
	static aliases_CESU_8	500012db
	static aliases_UTF_16	500012da
	static aliases_UTF_16BE	500012d9
	static aliases_UTF_16LE	500012d3
	static aliases_UTF_16LE_BOM	500012d2
	static aliases_UTF_32	500012d1
	static aliases_UTF_32LE	500012d0
	static aliases_UTF_32BE	500012cf
	static aliases_UTF_32LE_BOM	500012cc
	static aliases_UTF_32BE_BOM	500012cb
	static aliases_ISO_8859_1	500012ca
	static aliases_ISO_8859_2	500012c9
	static aliases_ISO_8859_4	500012c8
	static aliases_ISO_8859_5	500012c6
	static aliases_ISO_8859_7	500012c5
	static aliases_ISO_8859_9	500012c4
	static aliases_ISO_8859_13	500012c3
	static aliases_ISO_8859_15	500012c2
	static aliases_KOI8_R	500012c1
	static aliases_KOI8_U	500012c0
	static aliases_MS1250	500012bf
	static aliases_MS1251	500012be
	static aliases_MS1252	500012bd
	static aliases_MS1253	500012bc
	static aliases_MS1254	500012bb
	static aliases_MS1257	500012ba
	static aliases_IBM437	500012b9
	static aliases_IBM737	500012b8
	static aliases_IBM775	500012b7
	static aliases_IBM850	500012b6
	static aliases_IBM852	500012b5
	static aliases_IBM855	500012b4
	static aliases_IBM857	500012b3
	static aliases_IBM858	500012b2
	static aliases_IBM862	500012b1
	static aliases_IBM866	500012b0
	static aliases_IBM874	500012af
	constant pool entry 577	500000f7
	constant pool entry 485	50000088
	constant pool entry 484	50000087
	constant pool entry 483	50000089
	constant pool entry 481	5000008b
	constant pool entry 480	5000008c
	constant pool entry 479	5000016e
	constant pool entry 478	500012ae
	constant pool entry 477	500012ad
	constant pool entry 476	500012ac
	constant pool entry 209	500012ab
	constant pool entry 208	500012aa
	constant pool entry 207	5000118b
	constant pool entry 206	500012a9
	constant pool entry 205	500012a8
	constant pool entry 204	500012a7
	constant pool entry 203	500012a6
	constant pool entry 202	500012a5
	constant pool entry 201	500012a4
	constant pool entry 200	500012a3
	constant pool entry 199	500012a2
	constant pool entry 198	500012a1
	constant pool entry 197	500012a0
	constant pool entry 196	5000129f
	constant pool entry 195	5000129e
	constant pool entry 194	5000129d
	constant pool entry 193	5000129c
	constant pool entry 192	5000129b
	constant pool entry 191	5000129a
	constant pool entry 190	50001191
	constant pool entry 189	50001299
	constant pool entry 188	50001298
	constant pool entry 187	50001297
	constant pool entry 186	50001296
	constant pool entry 185	5000128a
	constant pool entry 184	50001289
	constant pool entry 183	50001288
	constant pool entry 182	50001287
	constant pool entry 181	50001186
	constant pool entry 180	50001283
	constant pool entry 179	50001282
	constant pool entry 178	50001281
	constant pool entry 177	5000127f
	constant pool entry 176	5000127e
	constant pool entry 175	5000127b
	constant pool entry 174	5000127a
	constant pool entry 173	50001279
	constant pool entry 172	50001275
	constant pool entry 171	50001274
	constant pool entry 170	50001273
	constant pool entry 169	50001272
	constant pool entry 168	50001271
	constant pool entry 167	50001270
	constant pool entry 166	5000126f
	constant pool entry 165	5000126e
	constant pool entry 164	5000126d
	constant pool entry 163	5000126c
	constant pool entry 162	5000126b
	constant pool entry 161	5000126a
	constant pool entry 160	50001267
	constant pool entry 159	50001266
	constant pool entry 158	50001265
	constant pool entry 157	50001264
	constant pool entry 156	50001263
	constant pool entry 155	50001262
	constant pool entry 154	50001261
	constant pool entry 153	50001260
	constant pool entry 152	5000125f
	constant pool entry 151	5000125e
	constant pool entry 150	5000125d
	constant pool entry 149	5000125c
	constant pool entry 148	5000125b
	constant pool entry 147	5000125a
	constant pool entry 146	50001259
	constant pool entry 145	50001258
	constant pool entry 144	5000118f
	constant pool entry 143	50001257
	constant pool entry 142	50001256
	constant pool entry 141	50001255
	constant pool entry 140	50001254
	constant pool entry 139	50001253
	constant pool entry 138	50001252
	constant pool entry 137	50001251
	constant pool entry 136	50001250
	constant pool entry 135	5000124f
	constant pool entry 134	5000124e
	constant pool entry 133	5000124d
	constant pool entry 132	5000124c
	constant pool entry 131	5000124b
	constant pool entry 130	50001245
	constant pool entry 129	50001244
	constant pool entry 128	50001243
	constant pool entry 127	50001242
	constant pool entry 126	50001241
	constant pool entry 125	50001240
	constant pool entry 124	5000118e
	constant pool entry 123	5000123f
	constant pool entry 122	5000123e
	constant pool entry 121	5000123d
	constant pool entry 120	5000123c
	constant pool entry 119	5000123b
	constant pool entry 118	5000123a
	constant pool entry 117	50001238
	constant pool entry 116	50001237
	constant pool entry 115	50001236
	constant pool entry 114	50001235
	constant pool entry 113	50001230
	constant pool entry 112	5000122f
	constant pool entry 111	5000122e
	constant pool entry 110	5000122d
	constant pool entry 109	5000122c
	constant pool entry 108	50001227
	constant pool entry 107	50001226
	constant pool entry 106	50001225
	constant pool entry 105	50001224
	constant pool entry 104	50001223
	constant pool entry 103	50001222
	constant pool entry 102	50001221
	constant pool entry 101	5000121e
	constant pool entry 100	5000121d
	constant pool entry 99	5000118d
	constant pool entry 98	5000121c
	constant pool entry 97	50001219
	constant pool entry 96	50001218
	constant pool entry 95	50001217
	constant pool entry 94	50001216
	constant pool entry 93	50001215
	constant pool entry 92	50001214
	constant pool entry 91	50001213
	constant pool entry 90	50001193
	constant pool entry 89	50001212
	constant pool entry 88	50001211
	constant pool entry 87	50001210
	constant pool entry 86	5000120f
	constant pool entry 85	5000120e
	constant pool entry 84	5000120b
	constant pool entry 83	5000120a
	constant pool entry 82	50001209
	constant pool entry 81	50001208
	constant pool entry 80	50001207
	constant pool entry 79	50001206
	constant pool entry 78	50001205
	constant pool entry 77	50001204
	constant pool entry 76	50001203
	constant pool entry 75	50001201
	constant pool entry 74	500011fe
	constant pool entry 73	500011fd
	constant pool entry 72	500011fc
	constant pool entry 71	500011fb
	constant pool entry 70	500011fa
	constant pool entry 69	500011f9
	constant pool entry 68	500011f8
	constant pool entry 67	500011f7
	constant pool entry 66	500011f6
	constant pool entry 65	500011f5
	constant pool entry 64	500011f4
	constant pool entry 63	500011f3
	constant pool entry 62	500011f1
	constant pool entry 61	500011f0
	constant pool entry 60	500011ef
	constant pool entry 59	500011ee
	constant pool entry 58	500011ed
	constant pool entry 57	500011ec
	constant pool entry 56	500011eb
	constant pool entry 55	500011ea
	constant pool entry 54	500011e9
	constant pool entry 53	500011e8
	constant pool entry 52	500011e7
	constant pool entry 51	500011e6
	constant pool entry 50	50001188
	constant pool entry 49	500011e5
	constant pool entry 48	500011e4
	constant pool entry 47	500011e3
	constant pool entry 46	500011e2
	constant pool entry 45	500011e1
	constant pool entry 44	500011e0
	constant pool entry 43	500011df
	constant pool entry 42	500011de
	constant pool entry 41	500011dd
	constant pool entry 40	5000118a
	constant pool entry 39	500011dc
	constant pool entry 38	500011db
	constant pool entry 37	500011da
	constant pool entry 36	500011d9
	constant pool entry 35	5000118c
	constant pool entry 34	500011d4
	constant pool entry 33	500011d3
	constant pool entry 32	500011d2
	constant pool entry 31	500011d1
	constant pool entry 30	500011cf
	constant pool entry 29	50001189
	constant pool entry 28	50001187
	constant pool entry 27	50001192
	constant pool entry 26	500011ce
	constant pool entry 25	500011cd
	constant pool entry 24	500011cc
	constant pool entry 23	500011cb
	constant pool entry 22	500011ca
	constant pool entry 21	500011c9
	constant pool entry 20	500011c8
	constant pool entry 19	500011c6
	constant pool entry 18	500011c5
	constant pool entry 17	500011b4
	constant pool entry 16	500011b3
	constant pool entry 15	500011b2
	constant pool entry 14	500011b1
	constant pool entry 13	500011b0
	constant pool entry 12	500011af
	constant pool entry 11	500011ae
	constant pool entry 10	500011ad
	constant pool entry 9	500011ab
	constant pool entry 8	500011aa
	constant pool entry 7	500011a9
	constant pool entry 6	500011a8
	constant pool entry 5	500011a5
	constant pool entry 4	500011a4
	constant pool entry 3	500011a3
	constant pool entry 2	50001190
	constant pool entry 1	500011a2
CLS 5000008f (name=sun.nio.cs.StreamEncoder, trace=300000)
	super		50000091
	constant pool entry 121	50000077
	constant pool entry 120	50000034
	constant pool entry 119	50000079
	constant pool entry 118	5000008e
	constant pool entry 116	50000036
	constant pool entry 115	50000076
	constant pool entry 110	5000016a
	constant pool entry 108	50000091
	constant pool entry 106	500000ae
	constant pool entry 2	5000008f
CLS 50000090 (name=java.io.OutputStreamWriter, trace=300000)
	super		50000091
	constant pool entry 47	5000008f
	constant pool entry 41	50000091
	constant pool entry 39	50000090
CLS 500000ae (name=java.io.OutputStream, trace=300000)
	super		50000172
	constant pool entry 27	50000172
CLS 50000094 (name=java.io.FilterOutputStream, trace=300000)
	super		500000ae
	constant pool entry 24	500000ae
	constant pool entry 22	50000094
CLS 50000092 (name=java.io.BufferedOutputStream, trace=300000)
	super		50000094
	constant pool entry 60	500000f7
	constant pool entry 33	50000167
	constant pool entry 31	500000ae
	constant pool entry 29	50000094
	constant pool entry 28	50000092
CLS 50000093 (name=java.io.PrintStream, trace=300000)
	super		50000094
	constant pool entry 105	50000093
	constant pool entry 104	50000090
	constant pool entry 103	500000ae
	constant pool entry 100	50000094
	constant pool entry 96	5000006f
	constant pool entry 1	50002b56
CLS 50000095 (name=java.util.Arrays, trace=300000)
	super		50000172
	constant pool entry 801	500000f7
	constant pool entry 300	50000715
	constant pool entry 294	50000030
	constant pool entry 290	50000167
	constant pool entry 287	50000172
	constant pool entry 286	500000be
	constant pool entry 281	5000016a
	constant pool entry 19	50000095
	constant pool entry 16	50000108
	constant pool entry 2	500005c8
CLS 50000096 (name=sun.reflect.misc.ReflectUtil, trace=300000)
	super		50000172
	static PROXY_PACKAGE	500010f0
	constant pool entry 117	500000c7
	constant pool entry 115	50000099
CLS 50000097 (name=java.lang.reflect.ReflectAccess, trace=300000)
	super		50000172
	constant pool entry 42	5000013e
	constant pool entry 41	50000141
	constant pool entry 39	5000013d
	constant pool entry 38	50000172
CLS 50000098 (name=sun.reflect.LangReflectAccess, trace=300000)
CLS 50000099 (name=java.lang.reflect.Modifier, trace=300000)
	super		50000172
	constant pool entry 129	500000ec
	constant pool entry 128	500000e1
	constant pool entry 127	500000ef
	constant pool entry 126	50000097
CLS 5000009b (name=java.util.WeakHashMap, trace=300000)
	super		500000d7
	static NULL_KEY	50001801
	constant pool entry 321	500000f7
	constant pool entry 147	50000046
	constant pool entry 141	5000004b
	constant pool entry 139	5000009b
	constant pool entry 130	500000d7
	constant pool entry 129	5000014c
	constant pool entry 126	50000172
	constant pool entry 123	5000010e
	constant pool entry 122	50000048
CLS 5000009a (name=java.lang.ClassValue$ClassValueMap, trace=300000)
	super		5000009b
CLS 5000009c (name=sun.reflect.annotation.AnnotationType, trace=300000)
	super		50000172
CLS 5000009d (name=java.lang.Class$AnnotationData, trace=300000)
	super		50000172
CLS 500000a0 (name=sun.reflect.generics.repository.AbstractRepository, trace=300000)
	super		50000172
CLS 5000009f (name=sun.reflect.generics.repository.GenericDeclRepository, trace=300000)
	super		500000a0
CLS 5000009e (name=sun.reflect.generics.repository.ClassRepository, trace=300000)
	super		5000009f
CLS 500000a1 (name=java.lang.reflect.Field[], trace=300000)
	super		50000172
CLS 500000a2 (name=java.lang.reflect.Member[], trace=300000)
	super		50000172
CLS 500000a3 (name=java.lang.reflect.AccessibleObject[], trace=300000)
	super		50000172
CLS 500000a4 (name=java.lang.Class$Atomic, trace=300000)
	super		50000172
	static unsafe	50000d30
	constant pool entry 54	50000120
	constant pool entry 48	500000a4
	constant pool entry 6	5000016a
	constant pool entry 5	50002e1f
	constant pool entry 4	50002e1e
	constant pool entry 3	50002e1d
CLS 500000a5 (name=java.lang.Class$ReflectionData, trace=300000)
	super		50000172
	constant pool entry 29	50000172
	constant pool entry 28	500000a5
CLS 500000a6 (name=java.lang.Class$3, trace=300000)
	super		50000172
	constant pool entry 36	50000167
	constant pool entry 34	50000172
	constant pool entry 33	500000a6
	constant pool entry 32	5000016a
	constant pool entry 1	50002e23
CLS 500000a7 (name=java.util.concurrent.atomic.AtomicReferenceFieldUpdater$AtomicReferenceFieldUpdaterImpl$1, trace=300000)
	super		50000172
	constant pool entry 33	500000a7
	constant pool entry 29	50000172
	constant pool entry 26	5000016a
CLS 500000a8 (name=java.security.PrivilegedExceptionAction, trace=300000)
CLS 500000aa (name=java.util.concurrent.atomic.AtomicReferenceFieldUpdater, trace=300000)
	super		50000172
	constant pool entry 40	500000c7
	constant pool entry 37	500000a9
	constant pool entry 35	50000172
CLS 500000a9 (name=java.util.concurrent.atomic.AtomicReferenceFieldUpdater$AtomicReferenceFieldUpdaterImpl, trace=300000)
	super		500000aa
	static U	50000d30
	constant pool entry 125	50000096
	constant pool entry 124	50000120
	constant pool entry 123	500000a7
	constant pool entry 122	500000a9
	constant pool entry 121	500000aa
	constant pool entry 120	500000b9
	constant pool entry 118	500000ef
	constant pool entry 117	50000099
	constant pool entry 116	50000141
	constant pool entry 114	5000016e
	constant pool entry 106	5000016a
CLS 5000011d (name=java.io.InputStream, trace=300000)
	super		50000172
	constant pool entry 47	50000172
CLS 500000ac (name=java.io.FilterInputStream, trace=300000)
	super		5000011d
	constant pool entry 26	5000011d
	constant pool entry 24	500000ac
CLS 500000ab (name=java.io.BufferedInputStream, trace=300000)
	super		500000ac
	static bufUpdater	500010ef
	constant pool entry 133	500000f7
	constant pool entry 71	500000aa
	constant pool entry 66	5000011d
	constant pool entry 64	500000ac
	constant pool entry 9	500000ab
	constant pool entry 8	50000176
	constant pool entry 7	500010ee
CLS 500000ad (name=java.io.FileOutputStream, trace=300000)
	super		500000ae
	constant pool entry 76	50000167
	constant pool entry 73	50000172
	constant pool entry 71	500000ae
	constant pool entry 69	50000231
	constant pool entry 68	500000ad
	constant pool entry 66	500000b2
	constant pool entry 65	5000011b
CLS 500000af (name=java.io.Flushable, trace=300000)
CLS 500000b0 (name=java.io.FileDescriptor$1, trace=300000)
	super		50000172
	constant pool entry 22	50000172
CLS 500000b1 (name=sun.misc.JavaIOFileDescriptorAccess, trace=300000)
CLS 500000b2 (name=java.io.FileDescriptor, trace=300000)
	super		50000172
	static in	500005d9
	static out	500005e0
	static err	500005df
	constant pool entry 68	500000cc
	constant pool entry 63	50000172
	constant pool entry 60	500000b0
	constant pool entry 59	500000b2
	constant pool entry 58	5000011e
CLS 500000b3 (name=java.io.FileInputStream, trace=300000)
	super		5000011d
	constant pool entry 76	50000167
	constant pool entry 73	50000172
	constant pool entry 71	5000011d
	constant pool entry 68	50000013
	constant pool entry 67	500000b3
	constant pool entry 66	500000b2
	constant pool entry 65	5000011b
CLS 500000b4 (name=sun.misc.Version, trace=300000)
	super		50000172
	static launcher_name	50002e8e
	static java_version	5000184c
	static java_runtime_name	50002e75
	static java_profile_name	5000059a
	static java_runtime_version	50002a30
	constant pool entry 145	500000b4
	constant pool entry 144	50000167
	constant pool entry 17	50001847
	constant pool entry 16	50002e80
	constant pool entry 15	50002e76
	constant pool entry 11	50002e75
	constant pool entry 9	50002a30
	constant pool entry 8	5000184c
CLS 500000b5 (name=java.lang.Runtime, trace=300000)
	super		50000172
	static currentRuntime	500003b1
	constant pool entry 107	50000167
	constant pool entry 105	5000016e
	constant pool entry 104	5000039d
	constant pool entry 100	500000b5
	constant pool entry 98	50000172
	constant pool entry 96	50000168
	constant pool entry 93	5000011b
CLS 500000b6 (name=java.util.Hashtable$Enumerator, trace=300000)
	super		50000172
	constant pool entry 61	500000b6
	constant pool entry 60	500000c0
	constant pool entry 59	50000145
	constant pool entry 54	50000172
CLS 500000b7 (name=java.util.Iterator, trace=300000)
CLS 500000b8 (name=java.util.Enumeration, trace=300000)
CLS 500000b9 (name=java.util.Objects, trace=300000)
	super		50000172
	constant pool entry 39	50000172
CLS 500000bb (name=java.util.Collections$SynchronizedCollection, trace=300000)
	super		50000172
	constant pool entry 67	500000b9
	constant pool entry 66	500000bb
	constant pool entry 64	500000e8
	constant pool entry 62	50000172
CLS 500000ba (name=java.util.Collections$SynchronizedSet, trace=300000)
	super		500000bb
	constant pool entry 31	500000bb
CLS 500000bc (name=java.util.Hashtable$EntrySet, trace=300000)
	super		500000da
	constant pool entry 49	500000bc
	constant pool entry 46	50000145
	constant pool entry 45	500000da
CLS 5000014a (name=java.lang.Thread, trace=300000)
	super		50000172
	static EMPTY_STACK_TRACE	500005ea
	static SUBCLASS_IMPLEMENTATION_PERMISSION	500005e9
	constant pool entry 540	500000f7
	constant pool entry 262	500000ef
	constant pool entry 254	50000148
	constant pool entry 247	50000167
	constant pool entry 244	50000113
	constant pool entry 242	500000f0
	constant pool entry 240	50000172
	constant pool entry 15	5000014a
	constant pool entry 9	500005e8
CLS 500000bd (name=java.lang.ref.Finalizer$FinalizerThread, trace=300000)
	super		5000014a
	constant pool entry 35	500000c1
	constant pool entry 34	500000cc
	constant pool entry 32	5000014c
	constant pool entry 31	500000bd
	constant pool entry 30	5000014d
	constant pool entry 29	5000014a
	constant pool entry 1	50002eb0
CLS 500000be (name=java.lang.Math, trace=300000)
	super		50000172
	constant pool entry 168	5000010e
	constant pool entry 167	5000010d
	constant pool entry 166	5000016a
	constant pool entry 14	500000be
CLS 500000bf (name=java.util.Hashtable$Entry[], trace=300000)
	super		50000172
CLS 500000c0 (name=java.util.Hashtable$Entry, trace=300000)
	super		50000172
	constant pool entry 48	500000c0
	constant pool entry 45	50000172
CLS 500000c1 (name=sun.misc.VM, trace=300000)
	super		50000172
	static lock	500008bc
	static savedProps	500008bb
	constant pool entry 158	500000c1
	constant pool entry 157	50000056
	constant pool entry 154	50000144
	constant pool entry 149	5000016e
	constant pool entry 148	500000b5
	constant pool entry 147	50000172
	constant pool entry 11	5000060f
	constant pool entry 10	500008ba
	constant pool entry 9	500008b9
	constant pool entry 8	500008b8
	constant pool entry 7	500008b7
	constant pool entry 6	500008b5
	constant pool entry 5	500008b4
	constant pool entry 4	50000714
	constant pool entry 1	500008ac
CLS 500000c2 (name=java.util.HashMap$Node[], trace=300000)
	super		50000172
CLS 500000c3 (name=java.util.Map$Entry[], trace=300000)
	super		50000172
CLS 500000c5 (name=java.util.Map$Entry, trace=300000)
CLS 500000c7 (name=sun.reflect.Reflection, trace=300000)
	super		50000172
	static fieldFilterMap	50000d51
	static methodFilterMap	50000d50
	constant pool entry 234	500000f7
	constant pool entry 116	50000147
	constant pool entry 115	500000c6
	constant pool entry 114	50000099
	constant pool entry 109	5000016e
	constant pool entry 103	50000857
	constant pool entry 101	500000a1
	constant pool entry 14	500000c7
	constant pool entry 12	50000167
	constant pool entry 11	5000016a
	constant pool entry 10	50000d4f
	constant pool entry 9	50000d4e
	constant pool entry 8	50000d4d
	constant pool entry 7	50000d4c
CLS 500000c8 (name=java.lang.String[], trace=300000)
	super		50000172
CLS 500000c9 (name=java.lang.CharSequence[], trace=300000)
	super		50000172
CLS 50000165 (name=java.lang.Error, trace=300000)
	super		50000166
	constant pool entry 16	50000166
CLS 5000015b (name=java.lang.LinkageError, trace=300000)
	super		50000165
	constant pool entry 14	50000165
CLS 500000cb (name=java.lang.IncompatibleClassChangeError, trace=300000)
	super		5000015b
	constant pool entry 15	5000015b
CLS 500000ca (name=java.lang.NoSuchMethodError, trace=300000)
	super		500000cb
	constant pool entry 14	500000cb
CLS 500000cc (name=sun.misc.SharedSecrets, trace=300000)
	super		50000172
	static unsafe	50000d30
	static javaUtilJarAccess	50000490
	static javaLangAccess	500003ad
	static javaLangRefAccess	50000dc4
	static javaNetAccess	50000dc3
	static javaNioAccess	50000dc2
	static javaIOFileDescriptorAccess	50000dc1
	static javaSecurityProtectionDomainAccess	50000dc0
	static javaSecurityAccess	50000dbf
	static javaUtilZipFileAccess	5000025f
	constant pool entry 80	50000120
	constant pool entry 79	500000cc
	constant pool entry 9	5000025c
CLS 500000cd (name=java.lang.ref.Reference$1, trace=300000)
	super		50000172
	constant pool entry 16	50000172
CLS 500000ce (name=sun.misc.JavaLangRefAccess, trace=300000)
CLS 500000cf (name=java.lang.Thread[], trace=300000)
	super		50000172
CLS 500000d0 (name=java.lang.Runnable[], trace=300000)
	super		50000172
CLS 500000d1 (name=java.lang.ref.ReferenceQueue$Lock, trace=300000)
	super		50000172
	constant pool entry 14	500000d1
	constant pool entry 11	50000172
CLS 5000014c (name=java.lang.ref.ReferenceQueue, trace=300000)
	super		50000172
	static NULL	50000f68
	static ENQUEUED	50000f6b
	constant pool entry 71	500000c1
	constant pool entry 69	500000d2
	constant pool entry 68	500000d1
	constant pool entry 66	50000153
	constant pool entry 65	50000150
	constant pool entry 62	50000172
	constant pool entry 59	5000016a
	constant pool entry 2	5000014c
CLS 500000d2 (name=java.lang.ref.ReferenceQueue$Null, trace=300000)
	super		5000014c
	constant pool entry 15	500000d2
	constant pool entry 13	5000014c
CLS 500000d5 (name=java.util.Collections$UnmodifiableCollection, trace=300000)
	super		50000172
	constant pool entry 52	500000d5
	constant pool entry 50	500000e8
	constant pool entry 48	50000172
CLS 500000d4 (name=java.util.Collections$UnmodifiableList, trace=300000)
	super		500000d5
	constant pool entry 51	500000e7
	constant pool entry 48	500000d4
	constant pool entry 47	500000d5
CLS 500000d3 (name=java.util.Collections$UnmodifiableRandomAccessList, trace=300000)
	super		500000d4
	constant pool entry 22	500000d4
CLS 500000d6 (name=java.util.Collections$EmptyMap, trace=300000)
	super		500000d7
	constant pool entry 60	500000d6
	constant pool entry 57	500000d7
CLS 500000e4 (name=java.util.AbstractList, trace=300000)
	super		500000e5
	constant pool entry 77	50000717
	constant pool entry 75	500000e4
	constant pool entry 74	500000e5
CLS 500000d8 (name=java.util.Collections$EmptyList, trace=300000)
	super		500000e4
	constant pool entry 69	500000d8
	constant pool entry 65	500000e4
CLS 500000d9 (name=java.util.Collections$EmptySet, trace=300000)
	super		500000da
	constant pool entry 48	500000d9
	constant pool entry 44	500000da
CLS 500000db (name=java.util.Set, trace=300000)
CLS 500000dc (name=java.util.Collections, trace=300000)
	super		50000172
	static EMPTY_SET	50000a7a
	static EMPTY_LIST	50000a79
	static EMPTY_MAP	50000a78
	constant pool entry 269	500000e6
	constant pool entry 260	50001a11
	constant pool entry 259	500000d3
	constant pool entry 250	500000ba
	constant pool entry 240	50000047
	constant pool entry 237	500000d9
	constant pool entry 236	500000d6
	constant pool entry 234	500000d8
	constant pool entry 216	500000dc
CLS 500000dd (name=java.util.ArrayList, trace=300000)
	super		500000e4
	static EMPTY_ELEMENTDATA	50000df6
	static DEFAULTCAPACITY_EMPTY_ELEMENTDATA	5000058f
	constant pool entry 357	500000f7
	constant pool entry 180	500000e8
	constant pool entry 178	50000095
	constant pool entry 177	500006f6
	constant pool entry 173	500000dd
	constant pool entry 172	500000e4
	constant pool entry 167	50000172
	constant pool entry 166	500000be
	constant pool entry 11	50000108
CLS 500000de (name=java.lang.InterruptedException, trace=300000)
	super		50000163
CLS 500000df (name=java.lang.ref.Reference$ReferenceHandler, trace=300000)
	super		5000014a
	constant pool entry 38	500000df
	constant pool entry 37	50000153
	constant pool entry 36	5000014a
	constant pool entry 32	5000016a
	constant pool entry 2	5000014e
	constant pool entry 1	500000de
CLS 500000e0 (name=java.lang.ref.Reference$Lock, trace=300000)
	super		50000172
	constant pool entry 14	500000e0
	constant pool entry 11	50000172
CLS 500000e1 (name=sun.reflect.ReflectionFactory, trace=300000)
	super		50000172
	static reflectionFactoryAccessPerm	5000062e
	static soleInstance	50000628
	static langReflectAccess	5000062b
	constant pool entry 212	5000007d
	constant pool entry 211	500000e1
	constant pool entry 210	500000c7
	constant pool entry 209	50001628
	constant pool entry 208	5000007c
	constant pool entry 206	50000098
	constant pool entry 204	5000162a
	constant pool entry 203	5000007b
	constant pool entry 200	500000ef
	constant pool entry 199	50000099
	constant pool entry 196	5000013d
	constant pool entry 192	50000167
	constant pool entry 188	500000f0
	constant pool entry 21	50000138
	constant pool entry 20	50000172
	constant pool entry 19	5000016a
	constant pool entry 9	5000062a
CLS 500000e3 (name=java.util.Vector, trace=300000)
	super		500000e4
	constant pool entry 378	500000f7
	constant pool entry 186	500000e3
	constant pool entry 177	50000095
	constant pool entry 176	500000e4
	constant pool entry 174	50000167
	constant pool entry 171	50000172
CLS 500000e2 (name=java.util.Stack, trace=300000)
	super		500000e3
	constant pool entry 35	500000e3
	constant pool entry 34	500000e2
CLS 500000e6 (name=java.util.RandomAccess, trace=300000)
CLS 500000e7 (name=java.util.List, trace=300000)
CLS 500000e8 (name=java.util.Collection, trace=300000)
CLS 500000e9 (name=java.lang.Iterable, trace=300000)
CLS 500000ea (name=java.security.cert.Certificate[], trace=300000)
	super		50000172
CLS 500000eb (name=java.security.cert.Certificate, trace=300000)
	super		50000172
CLS 500000ec (name=sun.reflect.ReflectionFactory$GetReflectionFactoryAction, trace=300000)
	super		50000172
	constant pool entry 18	500000ec
	constant pool entry 17	500000e1
	constant pool entry 15	50000172
CLS 500000ed (name=java.security.PrivilegedAction, trace=300000)
CLS 500000f2 (name=java.security.Permission, trace=300000)
	super		50000172
	constant pool entry 57	500000f2
	constant pool entry 50	50000172
CLS 500000f1 (name=java.security.BasicPermission, trace=300000)
	super		500000f2
	constant pool entry 75	500000f2
	constant pool entry 74	50000819
	constant pool entry 73	500000f1
	constant pool entry 72	5000016e
	constant pool entry 71	50000172
	constant pool entry 4	50000638
	constant pool entry 3	50000634
	constant pool entry 2	50000633
CLS 500000ee (name=java.lang.reflect.ReflectPermission, trace=300000)
	super		500000f1
	constant pool entry 15	500000f1
CLS 500000ef (name=java.security.AccessController, trace=300000)
	super		50000172
	constant pool entry 79	500000ef
	constant pool entry 77	5000015f
CLS 500000f0 (name=java.lang.RuntimePermission, trace=300000)
	super		500000f1
	constant pool entry 15	500000f1
CLS 500000f3 (name=java.security.Guard, trace=300000)
CLS 500000f4 (name=java.lang.StackTraceElement[], trace=300000)
	super		50000172
CLS 500000f5 (name=java.lang.ThreadGroup[], trace=300000)
	super		50000172
CLS 500000f6 (name=java.lang.Thread$UncaughtExceptionHandler[], trace=300000)
	super		50000172
CLS 500000f7 (name=com.sun.demo.jvmti.hprof.Tracker, trace=300000)
	super		50000172
	constant pool entry 35	5000014a
	constant pool entry 32	500000f7
	constant pool entry 3	5000058d
	constant pool entry 2	500005e7
	constant pool entry 1	500005e6
CLS 500000f8 (name=java.lang.String$CaseInsensitiveComparator, trace=300000)
	super		50000172
	constant pool entry 42	500000f8
	constant pool entry 40	5000016e
	constant pool entry 39	50000172
	constant pool entry 38	500000be
CLS 500000f9 (name=java.util.Comparator, trace=300000)
CLS 500000fa (name=java.io.ObjectStreamField[], trace=300000)
	super		50000172
CLS 500000fb (name=java.lang.Comparable[], trace=300000)
	super		50000172
CLS 500000fc (name=java.io.ObjectStreamField, trace=300000)
	super		50000172
	constant pool entry 92	50000121
	constant pool entry 91	5000016e
	constant pool entry 90	5000010b
	constant pool entry 88	50000109
	constant pool entry 86	5000010a
	constant pool entry 84	5000010e
	constant pool entry 83	5000010d
	constant pool entry 81	5000016a
	constant pool entry 80	50000110
	constant pool entry 79	5000010c
	constant pool entry 78	50000111
	constant pool entry 77	500000fc
	constant pool entry 2	50000172
CLS 500000fd (name=java.lang.OutOfMemoryError[], trace=300000)
	super		50000172
CLS 500000fe (name=java.lang.VirtualMachineError[], trace=300000)
	super		50000172
CLS 500000ff (name=java.lang.Error[], trace=300000)
	super		50000172
CLS 50000100 (name=java.lang.Throwable[], trace=300000)
	super		50000172
CLS 50000101 (name=java.lang.ArithmeticException, trace=300000)
	super		50000162
CLS 50000102 (name=java.lang.NullPointerException, trace=300000)
	super		50000162
CLS 50000103 (name=java.lang.Class[], trace=300000)
	super		50000172
CLS 50000104 (name=java.io.Serializable[], trace=300000)
	super		50000172
CLS 50000105 (name=java.lang.reflect.GenericDeclaration[], trace=300000)
	super		50000172
CLS 50000106 (name=java.lang.reflect.AnnotatedElement[], trace=300000)
	super		50000172
CLS 50000107 (name=java.lang.reflect.Type[], trace=300000)
	super		50000172
CLS 50000108 (name=java.lang.Object[], trace=300000)
	super		50000172
CLS 50000109 (name=java.lang.Long, trace=300000)
	super		5000010f
	static TYPE	50000567
	constant pool entry 357	500000f7
	constant pool entry 210	5000016e
	constant pool entry 204	500000be
	constant pool entry 202	50000109
	constant pool entry 201	5000010a
	constant pool entry 198	5000016a
	constant pool entry 17	500006f2
CLS 5000010a (name=java.lang.Integer, trace=300000)
	super		5000010f
	static TYPE	5000056a
	static digits	50000711
	static DigitTens	50000710
	static DigitOnes	500006f7
	static sizeTable	500006f4
	constant pool entry 310	500000f7
	constant pool entry 194	50000167
	constant pool entry 192	5000016e
	constant pool entry 188	5000010f
	constant pool entry 184	50000059
	constant pool entry 183	5000010a
	constant pool entry 180	5000016a
	constant pool entry 179	50000110
	constant pool entry 29	500006f3
CLS 5000010b (name=java.lang.Short, trace=300000)
	super		5000010f
	static TYPE	5000056b
	constant pool entry 95	5000010b
	constant pool entry 90	5000016a
	constant pool entry 7	50002d42
CLS 5000010c (name=java.lang.Byte, trace=300000)
	super		5000010f
	static TYPE	5000056c
	constant pool entry 88	5000016a
	constant pool entry 86	5000010c
	constant pool entry 5	50002e16
CLS 5000010d (name=java.lang.Double, trace=300000)
	super		5000010f
	static TYPE	5000056d
	constant pool entry 142	5000010d
	constant pool entry 140	5000016a
	constant pool entry 10	50002e14
CLS 5000010e (name=java.lang.Float, trace=300000)
	super		5000010f
	static TYPE	5000056e
	constant pool entry 110	5000010e
	constant pool entry 107	5000016a
	constant pool entry 8	50000625
CLS 50000110 (name=java.lang.Character, trace=300000)
	super		50000172
	static TYPE	5000056f
	constant pool entry 275	5000016a
	constant pool entry 273	50000016
	constant pool entry 11	50000110
	constant pool entry 10	50000de7
CLS 50000111 (name=java.lang.Boolean, trace=300000)
	super		50000172
	static TRUE	50000a7e
	static FALSE	50000a7c
	static TYPE	50000570
	constant pool entry 72	50000167
	constant pool entry 71	5000016e
	constant pool entry 69	50000172
	constant pool entry 65	5000016a
	constant pool entry 64	50000111
	constant pool entry 3	5000060f
	constant pool entry 1	50000a7b
CLS 50000113 (name=java.lang.StackTraceElement, trace=300000)
	super		50000172
CLS 50000114 (name=java.security.CodeSource, trace=300000)
	super		50000172
	constant pool entry 154	50000114
	constant pool entry 152	50000119
	constant pool entry 148	50000172
CLS 50000168 (name=java.lang.ClassLoader, trace=300000)
	super		50000172
	static nocerts	50000a90
	static scl	500003b3
	static loadedLibraryNames	50000a8f
	static systemNativeLibraries	50000a8e
	static nativeLibraryContext	50000a8d
	static usr_paths	50000a8c
	static sys_paths	50000a8b
	constant pool entry 843	500000f7
	constant pool entry 359	500000c7
	constant pool entry 358	500000c1
	constant pool entry 357	50000004
	constant pool entry 355	500004f9
	constant pool entry 354	50000117
	constant pool entry 353	500020e4
	constant pool entry 352	5000002b
	constant pool entry 351	500000e3
	constant pool entry 350	500000e2
	constant pool entry 349	500000db
	constant pool entry 346	50000005
	constant pool entry 345	500000c6
	constant pool entry 344	500000b8
	constant pool entry 343	500000dc
	constant pool entry 341	500000eb
	constant pool entry 340	50000160
	constant pool entry 338	50000114
	constant pool entry 337	500000ef
	constant pool entry 334	50000119
	constant pool entry 329	50000001
	constant pool entry 328	50000167
	constant pool entry 326	5000016e
	constant pool entry 323	500005db
	constant pool entry 322	50000172
	constant pool entry 317	5000015c
	constant pool entry 315	5000004c
	constant pool entry 314	5000005f
	constant pool entry 313	50000064
	constant pool entry 312	500020de
	constant pool entry 309	5000016a
	constant pool entry 304	5000011b
	constant pool entry 303	50001e75
	constant pool entry 302	500000ea
	constant pool entry 19	50000168
	constant pool entry 18	50000a8a
	constant pool entry 15	50000a88
	constant pool entry 14	50000a86
	constant pool entry 1	5000059a
CLS 5000015e (name=java.security.SecureClassLoader, trace=300000)
	super		50000168
	constant pool entry 62	5000004d
	constant pool entry 61	500000c6
	constant pool entry 60	5000015e
	constant pool entry 59	50000160
	constant pool entry 58	500007ae
	constant pool entry 56	50000167
	constant pool entry 51	50000168
	constant pool entry 4	50001987
CLS 5000011a (name=java.net.URLClassLoader, trace=300000)
	super		5000015e
	constant pool entry 246	50000004
	constant pool entry 245	500000cc
	constant pool entry 244	50000586
	constant pool entry 243	500004f9
	constant pool entry 242	50000118
	constant pool entry 240	500005a8
	constant pool entry 239	50000595
	constant pool entry 238	5000009b
	constant pool entry 234	5000015e
	constant pool entry 232	500007ad
	constant pool entry 231	500000f2
	constant pool entry 230	50000114
	constant pool entry 229	500000ef
	constant pool entry 225	500007e0
	constant pool entry 224	50000044
	constant pool entry 220	500020e2
	constant pool entry 219	50000266
	constant pool entry 218	5000024b
	constant pool entry 217	5000011a
	constant pool entry 216	50000119
	constant pool entry 212	50000167
	constant pool entry 210	5000016e
	constant pool entry 206	500005db
	constant pool entry 203	5000015c
	constant pool entry 202	50000168
	constant pool entry 201	5000016a
	constant pool entry 197	500007f7
	constant pool entry 196	5000011b
	constant pool entry 12	5000060f
	constant pool entry 3	50000d72
CLS 50000115 (name=sun.misc.Launcher$ExtClassLoader, trace=300000)
	super		5000011a
	static instance	500003b5
	constant pool entry 238	500000f7
	constant pool entry 124	50000004
	constant pool entry 123	500000cc
	constant pool entry 121	50000043
	constant pool entry 120	50000117
	constant pool entry 119	50000045
	constant pool entry 118	500000e3
	constant pool entry 117	50000042
	constant pool entry 113	500000ef
	constant pool entry 109	5000011a
	constant pool entry 108	50000119
	constant pool entry 104	50000167
	constant pool entry 103	5000016e
	constant pool entry 101	50000168
	constant pool entry 99	5000011b
	constant pool entry 4	50000115
	constant pool entry 2	50001859
	constant pool entry 1	50001a26
CLS 50000116 (name=sun.misc.Launcher$AppClassLoader, trace=300000)
	super		5000011a
	constant pool entry 106	50000004
	constant pool entry 105	500000cc
	constant pool entry 103	50000002
	constant pool entry 102	50000116
	constant pool entry 101	50000045
	constant pool entry 99	500007ad
	constant pool entry 97	500000ef
	constant pool entry 95	5000011a
	constant pool entry 92	50000167
	constant pool entry 91	5000016e
	constant pool entry 89	500000f0
	constant pool entry 87	50000168
	constant pool entry 86	5000016a
	constant pool entry 3	50000117
	constant pool entry 2	50001a2d
	constant pool entry 1	50000633
CLS 50000117 (name=sun.misc.Launcher, trace=300000)
	super		50000172
	static factory	50001a2c
	static launcher	50001a29
	static bootClassPath	50000a32
	constant pool entry 219	500000f7
	constant pool entry 122	50000012
	constant pool entry 121	5000004e
	constant pool entry 120	50000115
	constant pool entry 119	50001e77
	constant pool entry 118	50000116
	constant pool entry 116	50000117
	constant pool entry 115	50000119
	constant pool entry 113	5000014a
	constant pool entry 112	50000167
	constant pool entry 110	5000016e
	constant pool entry 108	50000172
	constant pool entry 99	5000011b
	constant pool entry 8	50001a28
	constant pool entry 7	50001a27
CLS 50000118 (name=java.util.jar.Manifest, trace=300000)
	super		50000172
	constant pool entry 231	500000f7
	constant pool entry 110	50000599
	constant pool entry 109	50000118
	constant pool entry 108	50000595
	constant pool entry 105	50000147
	constant pool entry 103	500000c6
	constant pool entry 99	50000172
CLS 50000119 (name=java.net.URL, trace=300000)
	super		50000172
	static BUILTIN_HANDLERS_PREFIX	50000d7d
	static protocolPathProp	50000d79
	static handlers	50000d85
	static streamHandlerLock	50000d84
	static serialPersistentFields	50000d83
	constant pool entry 551	500000f7
	constant pool entry 264	50000084
	constant pool entry 262	50000042
	constant pool entry 261	50000145
	constant pool entry 260	500000ef
	constant pool entry 257	5000000f
	constant pool entry 255	50000119
	constant pool entry 250	50000010
	constant pool entry 245	50000167
	constant pool entry 244	50000121
	constant pool entry 242	50000172
	constant pool entry 241	5000010a
	constant pool entry 235	5000016a
	constant pool entry 232	500000fc
	constant pool entry 26	5000016e
	constant pool entry 25	50000d82
	constant pool entry 24	50000d80
	constant pool entry 22	50000d7d
	constant pool entry 21	50000d7c
	constant pool entry 19	50000d7b
	constant pool entry 18	50000d7a
	constant pool entry 16	50000d79
	constant pool entry 15	50000d76
	constant pool entry 14	50000d75
	constant pool entry 13	50000d74
	constant pool entry 11	50000d73
	constant pool entry 4	50000d72
	constant pool entry 3	50000d70
	constant pool entry 2	50000d6f
	constant pool entry 1	5000059a
CLS 5000011b (name=java.io.File, trace=300000)
	super		50000172
	static fs	50000e26
	static separator	50000e25
	static pathSeparator	50000e24
	static UNSAFE	50000d30
	constant pool entry 279	50000120
	constant pool entry 268	50000167
	constant pool entry 267	50000121
	constant pool entry 266	5000016e
	constant pool entry 261	50000172
	constant pool entry 255	5000016a
	constant pool entry 247	5000006d
	constant pool entry 244	50000067
	constant pool entry 242	5000006e
	constant pool entry 20	5000011b
	constant pool entry 19	50000e23
	constant pool entry 18	50000e22
	constant pool entry 1	5000059a
CLS 5000011c (name=java.io.ByteArrayInputStream, trace=300000)
	super		5000011d
	constant pool entry 43	50000167
	constant pool entry 39	5000011d
	constant pool entry 37	5000011c
CLS 5000011e (name=java.io.Closeable, trace=300000)
CLS 5000011f (name=java.lang.AutoCloseable, trace=300000)
CLS 50000120 (name=sun.misc.Unsafe, trace=300000)
	super		50000172
	static theUnsafe	50000d30
	constant pool entry 390	500000f7
	constant pool entry 192	500000c7
	constant pool entry 191	500000c1
	constant pool entry 188	5000016e
	constant pool entry 186	50000172
	constant pool entry 183	5000016a
	constant pool entry 12	50000120
	constant pool entry 11	5000017a
	constant pool entry 10	50000175
	constant pool entry 9	50000108
	constant pool entry 8	50000173
	constant pool entry 7	50000174
	constant pool entry 6	50000178
	constant pool entry 5	50000177
	constant pool entry 4	50000179
	constant pool entry 3	50000176
	constant pool entry 2	50000d4b
CLS 50000123 (name=java.lang.AbstractStringBuilder, trace=300000)
	super		50000172
	constant pool entry 319	500000f7
	constant pool entry 151	50000095
	constant pool entry 150	50000167
	constant pool entry 146	5000016e
	constant pool entry 144	50000172
	constant pool entry 143	50000109
	constant pool entry 136	50000123
CLS 50000121 (name=java.lang.StringBuilder, trace=300000)
	super		50000123
	constant pool entry 81	50000121
	constant pool entry 80	5000016e
	constant pool entry 77	50000123
CLS 50000122 (name=java.lang.StringBuffer, trace=300000)
	super		50000123
	static serialPersistentFields	500010bf
	constant pool entry 372	500000f7
	constant pool entry 111	50000095
	constant pool entry 109	50000122
	constant pool entry 108	5000016e
	constant pool entry 107	5000010a
	constant pool entry 104	50000111
	constant pool entry 103	50000123
	constant pool entry 101	500000fc
	constant pool entry 4	50000179
	constant pool entry 3	50000d2f
	constant pool entry 2	500010be
	constant pool entry 1	500010bd
CLS 50000124 (name=java.lang.Appendable, trace=300000)
CLS 50000128 (name=java.lang.invoke.CallSite, trace=300000)
	super		50000172
CLS 50000125 (name=java.lang.invoke.VolatileCallSite, trace=300000)
	super		50000128
CLS 50000126 (name=java.lang.invoke.MutableCallSite, trace=300000)
	super		50000128
CLS 50000127 (name=java.lang.invoke.ConstantCallSite, trace=300000)
	super		50000128
CLS 50000129 (name=java.lang.BootstrapMethodError, trace=300000)
	super		5000015b
CLS 5000012a (name=java.lang.invoke.MethodType, trace=300000)
	super		50000172
CLS 5000012b (name=java.lang.invoke.LambdaForm, trace=300000)
	super		50000172
CLS 5000012c (name=java.lang.invoke.MethodHandleNatives, trace=300000)
	super		50000172
	constant pool entry 229	50000182
	constant pool entry 205	5000016a
	constant pool entry 32	5000012c
CLS 5000012d (name=java.lang.invoke.MemberName, trace=300000)
	super		50000172
	static CONSTRUCTOR_NAME	50002ee8
	constant pool entry 292	5000016a
	constant pool entry 45	5000012d
CLS 5000012f (name=java.lang.invoke.MethodHandle, trace=300000)
	super		50000172
	constant pool entry 196	50000120
	constant pool entry 191	500001a7
	constant pool entry 189	50000182
	constant pool entry 173	5000016a
	constant pool entry 14	5000012f
	constant pool entry 11	50002ed3
CLS 5000012e (name=java.lang.invoke.DirectMethodHandle, trace=300000)
	super		5000012f
CLS 50000130 (name=sun.reflect.CallerSensitive, trace=300000)
CLS 50000131 (name=java.lang.annotation.Annotation, trace=300000)
CLS 50000134 (name=sun.reflect.FieldAccessorImpl, trace=300000)
	super		5000013c
CLS 50000133 (name=sun.reflect.UnsafeFieldAccessorImpl, trace=300000)
	super		50000134
CLS 50000132 (name=sun.reflect.UnsafeStaticFieldAccessorImpl, trace=300000)
	super		50000133
CLS 50000135 (name=sun.reflect.FieldAccessor, trace=300000)
CLS 50000136 (name=sun.reflect.ConstantPool, trace=300000)
	super		50000172
CLS 50000137 (name=sun.reflect.DelegatingClassLoader, trace=300000)
	super		50000168
CLS 50000139 (name=sun.reflect.ConstructorAccessor, trace=300000)
CLS 5000013a (name=sun.reflect.MethodAccessorImpl, trace=300000)
	super		5000013c
	constant pool entry 16	5000013c
CLS 5000013b (name=sun.reflect.MethodAccessor, trace=300000)
CLS 50000143 (name=java.lang.reflect.AccessibleObject, trace=300000)
	super		50000172
	static ACCESS_PERMISSION	50000d62
	static reflectionFactory	50000628
	constant pool entry 79	500000ec
	constant pool entry 78	500000e1
	constant pool entry 76	500000ef
	constant pool entry 75	500000ee
	constant pool entry 73	5000013d
	constant pool entry 71	50000143
	constant pool entry 70	50000167
	constant pool entry 67	50000172
	constant pool entry 4	5000016a
	constant pool entry 3	50000d61
CLS 5000013f (name=java.lang.reflect.Executable, trace=300000)
	super		50000143
	constant pool entry 165	50000143
CLS 5000013d (name=java.lang.reflect.Constructor, trace=300000)
	super		5000013f
	constant pool entry 148	500000e1
	constant pool entry 146	50000139
	constant pool entry 140	5000013f
	constant pool entry 139	5000013d
	constant pool entry 132	5000016a
	constant pool entry 130	50000103
CLS 5000013e (name=java.lang.reflect.Method, trace=300000)
	super		5000013f
	constant pool entry 152	500000e1
	constant pool entry 150	5000013b
	constant pool entry 143	5000013e
	constant pool entry 141	5000013f
	constant pool entry 132	50000103
CLS 50000140 (name=java.lang.reflect.Parameter, trace=300000)
	super		50000172
CLS 50000141 (name=java.lang.reflect.Field, trace=300000)
	super		50000143
	constant pool entry 140	50000141
	constant pool entry 139	50000143
CLS 50000142 (name=java.lang.reflect.Member, trace=300000)
CLS 50000146 (name=java.util.Dictionary, trace=300000)
	super		50000172
	constant pool entry 20	50000172
CLS 50000145 (name=java.util.Hashtable, trace=300000)
	super		50000146
	constant pool entry 417	500000f7
	constant pool entry 206	500000db
	constant pool entry 204	500000c5
	constant pool entry 203	50000147
	constant pool entry 202	500000b7
	constant pool entry 199	500000b6
	constant pool entry 198	500000bc
	constant pool entry 197	500000c0
	constant pool entry 195	50000145
	constant pool entry 194	50000146
	constant pool entry 192	500000dc
	constant pool entry 188	50000172
	constant pool entry 186	500000be
	constant pool entry 183	5000010e
CLS 50000144 (name=java.util.Properties, trace=300000)
	super		50000145
	static hexDigit	50000a74
	constant pool entry 264	500000f7
	constant pool entry 129	50000635
	constant pool entry 128	50000144
	constant pool entry 125	50000145
	constant pool entry 119	5000016e
CLS 50000147 (name=java.util.Map, trace=300000)
CLS 50000148 (name=java.lang.ThreadGroup, trace=300000)
	super		50000172
	constant pool entry 269	500000f7
	constant pool entry 122	50000148
	constant pool entry 119	5000014a
	constant pool entry 118	50000167
	constant pool entry 115	50000172
	constant pool entry 7	50001996
CLS 50000149 (name=java.lang.Thread$UncaughtExceptionHandler, trace=300000)
CLS 5000014b (name=java.lang.Runnable, trace=300000)
CLS 50000150 (name=java.lang.ref.FinalReference, trace=300000)
	super		50000153
	constant pool entry 9	50000153
CLS 5000014d (name=java.lang.ref.Finalizer, trace=300000)
	super		50000150
	static queue	500003a9
	static unfinalized	50000385
	static lock	50002eb2
	constant pool entry 74	50000054
	constant pool entry 72	5000014c
	constant pool entry 71	500000bd
	constant pool entry 67	5000014d
	constant pool entry 66	50000150
	constant pool entry 64	50000148
	constant pool entry 63	5000014a
	constant pool entry 62	50000172
	constant pool entry 61	50000068
CLS 5000014f (name=java.lang.ref.PhantomReference, trace=300000)
	super		50000153
CLS 5000014e (name=sun.misc.Cleaner, trace=300000)
	super		5000014f
	static dummyQueue	50001994
	constant pool entry 33	5000014e
	constant pool entry 31	5000014c
CLS 50000154 (name=java.lang.IllegalMonitorStateException, trace=300000)
	super		50000162
CLS 50000157 (name=java.lang.VirtualMachineError, trace=300000)
	super		50000165
CLS 50000155 (name=java.lang.StackOverflowError, trace=300000)
	super		50000157
CLS 50000156 (name=java.lang.OutOfMemoryError, trace=300000)
	super		50000157
CLS 50000158 (name=java.lang.ArrayStoreException, trace=300000)
	super		50000162
CLS 50000159 (name=java.lang.ClassCastException, trace=300000)
	super		50000162
CLS 5000015a (name=java.lang.NoClassDefFoundError, trace=300000)
	super		5000015b
CLS 5000015d (name=java.lang.ReflectiveOperationException, trace=300000)
	super		50000163
	constant pool entry 15	50000163
CLS 5000015c (name=java.lang.ClassNotFoundException, trace=300000)
	super		5000015d
	constant pool entry 20	5000015d
CLS 5000015f (name=java.security.AccessControlContext, trace=300000)
	super		50000172
	constant pool entry 137	500000ef
	constant pool entry 134	5000015f
	constant pool entry 128	50000172
CLS 50000160 (name=java.security.ProtectionDomain, trace=300000)
	super		50000172
	constant pool entry 273	500000f7
	constant pool entry 136	5000004d
	constant pool entry 135	500000cc
	constant pool entry 131	50000008
	constant pool entry 130	5000000b
	constant pool entry 129	50000009
	constant pool entry 127	50000160
	constant pool entry 126	50000007
	constant pool entry 124	500007ae
	constant pool entry 123	500007ad
	constant pool entry 113	50000172
	constant pool entry 10	50001988
CLS 50000161 (name=java.lang.SecurityManager, trace=300000)
	super		50000172
CLS 50000164 (name=java.lang.ThreadDeath, trace=300000)
	super		50000165
CLS 50000167 (name=java.lang.System, trace=300000)
	super		50000172
	static in	500005d4
	static out	500005d3
	static err	500005d2
	static props	500005d1
	static lineSeparator	500005d0
	constant pool entry 185	500000c7
	constant pool entry 184	500000b4
	constant pool entry 183	500000c1
	constant pool entry 182	500000cc
	constant pool entry 179	50000144
	constant pool entry 175	50000148
	constant pool entry 174	5000014a
	constant pool entry 173	5000005e
	constant pool entry 172	50000053
	constant pool entry 169	5000016e
	constant pool entry 166	500000b5
	constant pool entry 158	50000093
	constant pool entry 156	500000ad
	constant pool entry 155	500000b3
	constant pool entry 154	500000b2
	constant pool entry 153	50000092
	constant pool entry 152	500000ab
	constant pool entry 14	50000167
	constant pool entry 13	500005cf
	constant pool entry 11	500005ce
	constant pool entry 10	500005cc
	constant pool entry 7	500005c9
	constant pool entry 1	5000059a
CLS 50000169 (name=java.lang.Cloneable, trace=300000)
CLS 5000016a (name=java.lang.Class, trace=300000)
	super		50000172
	static serialPersistentFields	50000629
	static reflectionFactory	50000628
	constant pool entry 1191	500000f7
	constant pool entry 506	500000ec
	constant pool entry 505	500000e1
	constant pool entry 504	500000c7
	constant pool entry 488	500000ef
	constant pool entry 483	5000013e
	constant pool entry 479	50000141
	constant pool entry 478	5000013d
	constant pool entry 475	50000152
	constant pool entry 471	50000167
	constant pool entry 469	5000016e
	constant pool entry 464	50000172
	constant pool entry 455	50000068
	constant pool entry 451	50000168
	constant pool entry 449	500000a5
	constant pool entry 448	50000855
	constant pool entry 446	500000a4
	constant pool entry 444	50001625
	constant pool entry 443	500000a6
	constant pool entry 441	5000007e
	constant pool entry 439	500000fc
	constant pool entry 433	50000108
	constant pool entry 431	50000627
	constant pool entry 19	5000016a
CLS 5000016b (name=java.lang.reflect.Type, trace=300000)
CLS 5000016c (name=java.lang.reflect.GenericDeclaration, trace=300000)
CLS 5000016d (name=java.lang.reflect.AnnotatedElement, trace=300000)
CLS 5000016e (name=java.lang.String, trace=300000)
	super		50000172
	static serialPersistentFields	50000622
	static CASE_INSENSITIVE_ORDER	5000061e
	constant pool entry 541	500000f7
	constant pool entry 259	500005f3
	constant pool entry 258	5000070e
	constant pool entry 255	5000002f
	constant pool entry 254	500000e7
	constant pool entry 251	500000f9
	constant pool entry 250	50000095
	constant pool entry 249	500000dd
	constant pool entry 246	50000167
	constant pool entry 244	5000020d
	constant pool entry 241	500000f8
	constant pool entry 239	5000016e
	constant pool entry 238	50000172
	constant pool entry 236	500000be
	constant pool entry 226	50000110
	constant pool entry 225	5000016f
	constant pool entry 221	500000fc
	constant pool entry 220	500000c8
	constant pool entry 14	5000060f
	constant pool entry 13	500005a4
	constant pool entry 12	50000573
	constant pool entry 11	500005a6
	constant pool entry 10	5000060b
	constant pool entry 9	500005ff
	constant pool entry 8	500005fc
	constant pool entry 7	500005a5
	constant pool entry 6	500005fb
	constant pool entry 5	5000059a
CLS 5000016f (name=java.lang.CharSequence, trace=300000)
CLS 50000170 (name=java.lang.Comparable, trace=300000)
CLS 50000171 (name=java.io.Serializable, trace=300000)
CLS 50000173 (name=long[], trace=300000)
	super		50000172
CLS 50000174 (name=int[], trace=300000)
	super		50000172
CLS 50000175 (name=short[], trace=300000)
	super		50000172
CLS 50000176 (name=byte[], trace=300000)
	super		50000172
CLS 50000177 (name=double[], trace=300000)
	super		50000172
CLS 50000178 (name=float[], trace=300000)
	super		50000172
CLS 50000179 (name=char[], trace=300000)
	super		50000172
CLS 5000017a (name=boolean[], trace=300000)
	super		50000172
CLS 50000182 (name=java.lang.invoke.MethodHandleImpl, trace=300003)
	super		50000172
	static PRODUCE_BLOCK_INLINING_FORM	50000190
	static PRODUCE_REINVOKER_FORM	50000192
	static FAKE_METHOD_HANDLE_INVOKE	50000194
	static NO_ARGS_ARRAY	50000195
	static FILL_ARRAY_TO_RIGHT	50000196
	static TYPED_COLLECTORS	5000019e
	constant pool entry 969	500000f7
	constant pool entry 382	500000ef
	constant pool entry 366	50000198
	constant pool entry 365	50000191
	constant pool entry 364	5000018f
	constant pool entry 363	50000185
	constant pool entry 362	500001a5
	constant pool entry 342	5000016a
	constant pool entry 27	50000182
	constant pool entry 26	5000012f
	constant pool entry 23	50000172
	constant pool entry 22	5000010a
CLS 50000183 (name=java.lang.Cloneable[], trace=300000)
	super		50000172
CLS 50000185 (name=java.lang.invoke.MethodHandleImpl$1, trace=300006)
	super		50000172
	constant pool entry 32	50000185
	constant pool entry 31	50000121
	constant pool entry 30	50000172
	constant pool entry 29	5000010a
	constant pool entry 28	5000016a
	constant pool entry 2	50000182
	constant pool entry 1	50002ee6
CLS 50000188 (name=java.text.Format, trace=300680)
	super		50000172
	constant pool entry 60	50000188
	constant pool entry 59	50000216
	constant pool entry 55	50000122
	constant pool entry 54	50000172
CLS 50000189 (name=java.text.MessageFormat, trace=300680)
	super		50000188
	static TYPE_KEYWORDS	5000018a
	static NUMBER_MODIFIER_KEYWORDS	5000018b
	static DATE_TIME_MODIFIER_KEYWORDS	500001b9
	static DATE_TIME_MODIFIERS	500001bd
	constant pool entry 511	500000f7
	constant pool entry 282	500001d4
	constant pool entry 281	5000002f
	constant pool entry 279	50000219
	constant pool entry 272	5000021c
	constant pool entry 271	50000189
	constant pool entry 269	50000188
	constant pool entry 268	50000216
	constant pool entry 259	50000121
	constant pool entry 258	50000122
	constant pool entry 257	5000016e
	constant pool entry 254	5000010f
	constant pool entry 252	5000010a
	constant pool entry 241	50000108
	constant pool entry 31	50002d43
	constant pool entry 30	50002d42
	constant pool entry 29	50002d41
	constant pool entry 28	50002d40
	constant pool entry 25	50002d3f
	constant pool entry 24	500006f2
	constant pool entry 23	50002d3e
	constant pool entry 22	50002a31
	constant pool entry 20	50002d3d
	constant pool entry 19	50002d3c
	constant pool entry 18	50002d3b
	constant pool entry 2	5000059a
CLS 5000018e (name=java.util.function.Function, trace=300014)
CLS 5000018f (name=java.lang.invoke.MethodHandleImpl$2, trace=300014)
	super		50000172
	constant pool entry 26	50000172
CLS 50000191 (name=java.lang.invoke.MethodHandleImpl$3, trace=300016)
	super		50000172
	constant pool entry 22	50000172
CLS 50000193 (name=java.lang.invoke.MethodHandle[], trace=300018)
	super		50000172
CLS 50000197 (name=java.lang.ClassValue, trace=300021)
	super		50000172
	static EMPTY_CACHE	5000019b
	static nextHashCode	5000019c
	static CRITICAL_SECTION	5000019d
	constant pool entry 174	500000f7
	constant pool entry 71	50000085
	constant pool entry 69	50000172
	constant pool entry 68	500001a1
	constant pool entry 67	5000019f
	constant pool entry 66	50000199
	constant pool entry 64	50000197
CLS 50000198 (name=java.lang.invoke.MethodHandleImpl$4, trace=300021)
	super		50000197
	constant pool entry 14	50000197
CLS 50000199 (name=java.lang.ClassValue$Entry, trace=300022)
	super		50000151
	static DEAD_ENTRY	500001a3
	constant pool entry 41	50000151
	constant pool entry 39	50000199
	constant pool entry 38	5000016a
	constant pool entry 1	50000197
CLS 5000019a (name=java.lang.ClassValue$Entry[], trace=300023)
	super		50000172
CLS 5000019f (name=java.lang.ClassValue$Identity, trace=300027)
	super		50000172
	constant pool entry 12	50000172
CLS 500001a1 (name=java.lang.ClassValue$Version, trace=300029)
	super		50000172
	constant pool entry 23	50000172
	constant pool entry 22	500001a1
	constant pool entry 21	50000199
CLS 500001a5 (name=java.lang.invoke.MemberName$Factory, trace=300033)
	super		50000172
	static INSTANCE	500001a6
	constant pool entry 102	500001a5
	constant pool entry 98	50000172
	constant pool entry 93	5000016a
	constant pool entry 10	5000012d
CLS 500001a7 (name=java.lang.invoke.MethodHandleStatics, trace=300035)
	super		50000172
	static UNSAFE	50000d30
	constant pool entry 196	500000f7
	constant pool entry 97	50000120
	constant pool entry 96	500000ef
	constant pool entry 94	500001a9
	constant pool entry 93	500001a7
	constant pool entry 87	50000172
	constant pool entry 85	5000010a
	constant pool entry 81	50000111
CLS 500001a9 (name=java.lang.invoke.MethodHandleStatics$1, trace=300037)
	super		50000172
	constant pool entry 51	500001a9
	constant pool entry 49	50000167
	constant pool entry 48	50000172
	constant pool entry 47	5000010a
	constant pool entry 46	50000111
	constant pool entry 10	5000060f
	constant pool entry 9	50002edc
	constant pool entry 8	50002edb
	constant pool entry 7	50002eda
	constant pool entry 6	50002ed9
	constant pool entry 5	50002ed8
	constant pool entry 4	50002ed7
	constant pool entry 3	50002ed6
	constant pool entry 2	50002ed5
	constant pool entry 1	50002ed4
CLS 50001e5c (name=java.util.ResourceBundle, trace=300680)
	super		50000172
	static NONEXISTENT_BUNDLE	50001e5e
	static cacheList	50001e5f
	static referenceQueue	50001e60
	constant pool entry 216	500000c7
	constant pool entry 215	5000002c
	constant pool entry 214	5000002b
	constant pool entry 212	50001e63
	constant pool entry 207	50002259
	constant pool entry 205	50002269
	constant pool entry 204	500001c2
	constant pool entry 203	50001e5d
	constant pool entry 202	50001e00
	constant pool entry 201	5000002f
	constant pool entry 200	500000e7
	constant pool entry 199	500000b7
	constant pool entry 195	5000014c
	constant pool entry 191	50000121
	constant pool entry 190	5000016e
	constant pool entry 189	50000172
	constant pool entry 182	5000016a
	constant pool entry 11	50001e62
	constant pool entry 10	50001e5c
	constant pool entry 5	50001b63
	constant pool entry 2	50001b62
CLS 500001ad (name=java.util.ListResourceBundle, trace=300680)
	super		50001e5c
	constant pool entry 40	50001e5c
	constant pool entry 39	50000147
	constant pool entry 38	500001ad
	constant pool entry 37	500000c6
	constant pool entry 35	5000016e
CLS 500001b0 (name=sun.misc.PostVMInitHook, trace=300000)
	super		50000172
	constant pool entry 22	500001b1
	constant pool entry 21	500001b0
	constant pool entry 20	50000167
	constant pool entry 2	50002ef2
	constant pool entry 1	50002ef1
CLS 500001b1 (name=sun.usagetracker.UsageTrackerClient, trace=300042)
	super		50000172
	static LOCK	500001b2
	static ORCL_UT_CONFIG_FILE_NAME	50002f01
	static ORCL_UT_USAGE_DIR	50002ef4
	static ORCL_UT_PROPERTY_NAME	50002f14
	static ORCL_UT_PROPERTY_RUN_SYNCHRONOUSLY	50002f13
	static ORCL_UT_PROPERTY_CONFIG_FILE_NAME	50002efb
	static ORCL_UT_LOGTOFILE	50002f12
	static ORCL_UT_LOGFILEMAXSIZE	50002f11
	static ORCL_UT_LOGTOUDP	50002f10
	static ORCL_UT_RECORD_MAXSIZE	50002f0f
	static ORCL_UT_RECORD_MAXFIELDSIZE	50002f0e
	static ORCL_UT_SEND_TRUNCATED	50002f0d
	static ORCL_UT_TRACK_LAST_USAGE	50002f0c
	static ORCL_UT_VERBOSE	50002f0b
	static ORCL_UT_DEBUG	50002f0a
	static ORCL_UT_ADDITIONALPROPERTIES	50002f09
	static ORCL_UT_SEPARATOR	50002f08
	static ORCL_UT_QUOTE	50002f07
	static ORCL_UT_QUOTE_INNER	50002f06
	static DISABLE_LAST_USAGE_PROP_NAME	50002efc
	static DEFAULT_SEP	50000e1a
	static DEFAULT_QUOTE	50002f05
	static DEFAULT_QUOTE_INNER	50002f04
	static isFirstRun	500001b7
	static javaHome	500009f1
	static userHomeKeyword	50002f03
	constant pool entry 534	500000f7
	constant pool entry 323	500001c3
	constant pool entry 322	500001e0
	constant pool entry 321	500001d1
	constant pool entry 320	500001b8
	constant pool entry 319	500001b1
	constant pool entry 318	500001b3
	constant pool entry 316	500000ef
	constant pool entry 314	50000167
	constant pool entry 313	50000121
	constant pool entry 312	5000016e
	constant pool entry 310	50000172
	constant pool entry 308	50000109
	constant pool entry 302	500000ad
	constant pool entry 300	5000011b
	constant pool entry 53	50002f02
	constant pool entry 51	50002f01
	constant pool entry 48	50002f00
	constant pool entry 47	50002eff
	constant pool entry 46	50002efe
	constant pool entry 45	50002efd
	constant pool entry 43	50000e1f
	constant pool entry 42	50002efc
	constant pool entry 41	50000dd0
	constant pool entry 27	50002efb
	constant pool entry 25	50002efa
	constant pool entry 18	50002ef9
	constant pool entry 17	50000db0
	constant pool entry 15	50002ef8
	constant pool entry 14	50002ef7
	constant pool entry 13	50002ef6
	constant pool entry 10	50002ef5
	constant pool entry 9	50002ef4
	constant pool entry 8	50002ef3
CLS 500001b3 (name=java.util.concurrent.atomic.AtomicBoolean, trace=300044)
	super		50000172
	static unsafe	50000d30
	constant pool entry 51	50000120
	constant pool entry 50	50000172
	constant pool entry 47	5000016a
	constant pool entry 2	500001b3
	constant pool entry 1	50000d2f
CLS 500001b6 (name=com.sun.tools.javac.resources.compiler, trace=300673)
	super		500001ad
	loader		500003b3
	domain		5000083f
	constant pool entry 2432	500000f7
	constant pool entry 2426	500001ad
	constant pool entry 2425	50000172
	constant pool entry 2423	50000108
	constant pool entry 2422	50002915
	constant pool entry 2421	50001e7d
	constant pool entry 2420	500028f7
	constant pool entry 2419	500021bd
	constant pool entry 2418	50001fb5
	constant pool entry 2417	50002837
	constant pool entry 2416	50002827
	constant pool entry 2415	50002378
	constant pool entry 2414	500029e5
	constant pool entry 2413	50001da4
	constant pool entry 2412	50001dc7
	constant pool entry 2411	50001b61
	constant pool entry 2410	500026d5
	constant pool entry 2409	5000289d
	constant pool entry 2408	500020fd
	constant pool entry 2407	50001c6b
	constant pool entry 2406	500028a5
	constant pool entry 2405	500027f9
	constant pool entry 2404	50002973
	constant pool entry 2403	50001d7e
	constant pool entry 2402	500029af
	constant pool entry 2401	50001d13
	constant pool entry 2400	500021d4
	constant pool entry 2399	50001eeb
	constant pool entry 2398	50002919
	constant pool entry 2397	50002182
	constant pool entry 2396	5000234c
	constant pool entry 2395	5000224c
	constant pool entry 2394	50001ea8
	constant pool entry 2393	50002368
	constant pool entry 2392	500021f7
	constant pool entry 2391	50002318
	constant pool entry 2390	500022cc
	constant pool entry 2389	500026a5
	constant pool entry 2388	50001e5b
	constant pool entry 2387	50001dd1
	constant pool entry 2386	50002110
	constant pool entry 2385	50001c4f
	constant pool entry 2384	50001ba1
	constant pool entry 2383	500022dc
	constant pool entry 2382	50002230
	constant pool entry 2381	500029c9
	constant pool entry 2380	50001d59
	constant pool entry 2379	500020f9
	constant pool entry 2378	5000212e
	constant pool entry 2377	500027a7
	constant pool entry 2376	500021e8
	constant pool entry 2375	50001dc3
	constant pool entry 2374	50001ffb
	constant pool entry 2373	500026b1
	constant pool entry 2372	5000280b
	constant pool entry 2371	50001deb
	constant pool entry 2370	50001d05
	constant pool entry 2369	50002169
	constant pool entry 2368	500029bf
	constant pool entry 2367	5000270d
	constant pool entry 2366	5000299d
	constant pool entry 2365	50001cfd
	constant pool entry 2364	50002116
	constant pool entry 2363	50001e89
	constant pool entry 2362	50002849
	constant pool entry 2361	50002340
	constant pool entry 2360	50002865
	constant pool entry 2359	5000288d
	constant pool entry 2358	50002793
	constant pool entry 2357	500026e9
	constant pool entry 2356	5000237c
	constant pool entry 2355	500027f1
	constant pool entry 2354	50001d6a
	constant pool entry 2353	50001d4d
	constant pool entry 2352	50002805
	constant pool entry 2351	5000282b
	constant pool entry 2350	50001bd9
	constant pool entry 2349	5000282f
	constant pool entry 2348	50001c0e
	constant pool entry 2347	50002a29
	constant pool entry 2346	50000d2f
	constant pool entry 2345	50002871
	constant pool entry 2344	5000297f
	constant pool entry 2343	50002745
	constant pool entry 2342	5000298f
	constant pool entry 2341	50002109
	constant pool entry 2340	500029c3
	constant pool entry 2339	500029b7
	constant pool entry 2338	50001c47
	constant pool entry 2337	50002121
	constant pool entry 2336	50002350
	constant pool entry 2335	50001de7
	constant pool entry 2334	5000227d
	constant pool entry 2333	50002711
	constant pool entry 2332	50002308
	constant pool entry 2331	50001bb3
	constant pool entry 2330	500023a4
	constant pool entry 2329	500029cd
	constant pool entry 2328	5000201e
	constant pool entry 2327	50002067
	constant pool entry 2326	5000228e
	constant pool entry 2325	500022c0
	constant pool entry 2324	500020b3
	constant pool entry 2323	50002891
	constant pool entry 2322	50001c22
	constant pool entry 2321	500027e1
	constant pool entry 2320	50002228
	constant pool entry 2319	50002354
	constant pool entry 2318	5000232c
	constant pool entry 2317	500026e1
	constant pool entry 2316	500028ef
	constant pool entry 2315	50002238
	constant pool entry 2314	50001c5f
	constant pool entry 2313	5000276d
	constant pool entry 2312	500022b2
	constant pool entry 2311	5000280f
	constant pool entry 2310	50001d62
	constant pool entry 2309	50002086
	constant pool entry 2308	50002151
	constant pool entry 2307	50001c53
	constant pool entry 2306	50002025
	constant pool entry 2305	500029f3
	constant pool entry 2304	5000296f
	constant pool entry 2303	50001e81
	constant pool entry 2302	5000213f
	constant pool entry 2301	50002875
	constant pool entry 2300	50002147
	constant pool entry 2299	50001dcd
	constant pool entry 2298	50001df4
	constant pool entry 2297	50002731
	constant pool entry 2296	500021c1
	constant pool entry 2295	5000233c
	constant pool entry 2294	500026c5
	constant pool entry 2293	50002360
	constant pool entry 2292	500027c9
	constant pool entry 2291	50001d9c
	constant pool entry 2290	5000213b
	constant pool entry 2289	50001c9c
	constant pool entry 2288	50002374
	constant pool entry 2287	50002889
	constant pool entry 2286	500022b6
	constant pool entry 2285	50002338
	constant pool entry 2284	5000284d
	constant pool entry 2283	500020a2
	constant pool entry 2282	5000229a
	constant pool entry 2281	50001db6
	constant pool entry 2280	50001d49
	constant pool entry 2279	50001cbe
	constant pool entry 2278	50001d86
	constant pool entry 2277	500023a8
	constant pool entry 2276	50001cba
	constant pool entry 2275	5000220b
	constant pool entry 2274	50002380
	constant pool entry 2273	50001c63
	constant pool entry 2272	50002344
	constant pool entry 2271	50002909
	constant pool entry 2270	50002953
	constant pool entry 2269	50001cf1
	constant pool entry 2268	50002370
	constant pool entry 2267	50002879
	constant pool entry 2266	5000272d
	constant pool entry 2265	50001c4b
	constant pool entry 2264	50001d51
	constant pool entry 2263	500022e4
	constant pool entry 2262	50001b9d
	constant pool entry 2261	50001bd5
	constant pool entry 2260	50002126
	constant pool entry 2259	50001d24
	constant pool entry 2258	50002813
	constant pool entry 2257	50002006
	constant pool entry 2256	50002292
	constant pool entry 2255	50001c98
	constant pool entry 2254	50001bb7
	constant pool entry 2253	500022bc
	constant pool entry 2252	50002775
	constant pool entry 2251	5000231c
	constant pool entry 2250	50002192
	constant pool entry 2249	5000206b
	constant pool entry 2248	500026f1
	constant pool entry 2247	5000271d
	constant pool entry 2246	500022a6
	constant pool entry 2245	500020c4
	constant pool entry 2244	50001e69
	constant pool entry 2243	500028d3
	constant pool entry 2242	5000281b
	constant pool entry 2241	500026fd
	constant pool entry 2240	5000220f
	constant pool entry 2239	500020e7
	constant pool entry 2238	5000200e
	constant pool entry 2237	50001cb6
	constant pool entry 2236	500022f0
	constant pool entry 2235	50002931
	constant pool entry 2234	50001eb3
	constant pool entry 2233	50002783
	constant pool entry 2232	500028f3
	constant pool entry 2231	50002925
	constant pool entry 2230	50002a0b
	constant pool entry 2229	50002895
	constant pool entry 2228	5000226a
	constant pool entry 2227	50002161
	constant pool entry 2226	50001c0a
	constant pool entry 2225	500029ef
	constant pool entry 2224	50002709
	constant pool entry 2223	50001c2d
	constant pool entry 2222	50001efe
	constant pool entry 2221	50001cc9
	constant pool entry 2220	50002a0f
	constant pool entry 2219	50002719
	constant pool entry 2218	50002095
	constant pool entry 2217	50002358
	constant pool entry 2216	5000273d
	constant pool entry 2215	50002759
	constant pool entry 2214	50002859
	constant pool entry 2213	500026d1
	constant pool entry 2212	50002705
	constant pool entry 2211	50002963
	constant pool entry 2210	50002749
	constant pool entry 2209	50002242
	constant pool entry 2208	50001d45
	constant pool entry 2207	500021f1
	constant pool entry 2206	500027fd
	constant pool entry 2205	50001e50
	constant pool entry 2204	5000277f
	constant pool entry 2203	500026c1
	constant pool entry 2202	500022fc
	constant pool entry 2201	5000294b
	constant pool entry 2200	500028fb
	constant pool entry 2199	50001e99
	constant pool entry 2198	5000238c
	constant pool entry 2197	500026f5
	constant pool entry 2196	500029d7
	constant pool entry 2195	500027e9
	constant pool entry 2194	50001fce
	constant pool entry 2193	5000278f
	constant pool entry 2192	50002a03
	constant pool entry 2191	500028c7
	constant pool entry 2190	50002869
	constant pool entry 2189	5000219e
	constant pool entry 2188	500022e0
	constant pool entry 2187	50002817
	constant pool entry 2186	5000278b
	constant pool entry 2185	500026b9
	constant pool entry 2184	500021b5
	constant pool entry 2183	500028bf
	constant pool entry 2182	50002390
	constant pool entry 2181	50002725
	constant pool entry 2180	5000202d
	constant pool entry 2179	50002300
	constant pool entry 2178	5000200a
	constant pool entry 2177	50001db1
	constant pool entry 2176	50001d82
	constant pool entry 2175	5000274d
	constant pool entry 2174	50002254
	constant pool entry 2173	50001ca8
	constant pool entry 2172	500027a3
	constant pool entry 2171	50002101
	constant pool entry 2170	50001d09
	constant pool entry 2169	500023a0
	constant pool entry 2168	50002715
	constant pool entry 2167	5000296b
	constant pool entry 2166	50001e16
	constant pool entry 2165	500027b7
	constant pool entry 2164	50002189
	constant pool entry 2163	500028e3
	constant pool entry 2162	500027c5
	constant pool entry 2161	50002999
	constant pool entry 2160	500020ed
	constant pool entry 2159	500028a1
	constant pool entry 2158	50001ddf
	constant pool entry 2157	50001c43
	constant pool entry 2156	500026ed
	constant pool entry 2155	5000295f
	constant pool entry 2154	50002855
	constant pool entry 2153	50001fd6
	constant pool entry 2152	500029b3
	constant pool entry 2151	500023ac
	constant pool entry 2150	500027cd
	constant pool entry 2149	50002304
	constant pool entry 2148	50002248
	constant pool entry 2147	50001e8d
	constant pool entry 2146	50002279
	constant pool entry 2145	500020e1
	constant pool entry 2144	500029db
	constant pool entry 2143	50001b75
	constant pool entry 2142	500027d9
	constant pool entry 2141	50002012
	constant pool entry 2140	50002042
	constant pool entry 2139	50001dd5
	constant pool entry 2138	50002943
	constant pool entry 2137	50002273
	constant pool entry 2136	50002286
	constant pool entry 2135	50002207
	constant pool entry 2134	50002220
	constant pool entry 2133	50001b69
	constant pool entry 2132	500029e9
	constant pool entry 2131	50001e43
	constant pool entry 2130	50002957
	constant pool entry 2129	50002171
	constant pool entry 2128	50002967
	constant pool entry 2127	5000237d
	constant pool entry 2126	500020c1
	constant pool entry 2125	500027de
	constant pool entry 2124	500029b8
	constant pool entry 2123	50001c48
	constant pool entry 2122	50001de8
	constant pool entry 2121	5000227e
	constant pool entry 2120	50002862
	constant pool entry 2119	50001d19
	constant pool entry 2118	500028e0
	constant pool entry 2117	50002892
	constant pool entry 2116	50001c23
	constant pool entry 2115	50002229
	constant pool entry 2114	5000232d
	constant pool entry 2113	500028f0
	constant pool entry 2112	500026e2
	constant pool entry 2111	50001cf6
	constant pool entry 2110	5000236d
	constant pool entry 2109	500027ce
	constant pool entry 2108	50001fed
	constant pool entry 2107	5000224d
	constant pool entry 2106	5000213c
	constant pool entry 2105	50002702
	constant pool entry 2104	50002381
	constant pool entry 2103	50002007
	constant pool entry 2102	500026ee
	constant pool entry 2101	5000218f
	constant pool entry 2100	50002834
	constant pool entry 2099	5000230d
	constant pool entry 2098	500026de
	constant pool entry 2097	50002049
	constant pool entry 2096	50001ed5
	constant pool entry 2095	50002395
	constant pool entry 2094	500021aa
	constant pool entry 2093	50001c17
	constant pool entry 2092	50002984
	constant pool entry 2091	50001cfe
	constant pool entry 2090	50001ead
	constant pool entry 2089	50002214
	constant pool entry 2088	50002389
	constant pool entry 2087	5000214e
	constant pool entry 2086	50001b90
	constant pool entry 2085	50001d06
	constant pool entry 2084	50002369
	constant pool entry 2083	5000231d
	constant pool entry 2082	50002900
	constant pool entry 2081	50001d02
	constant pool entry 2080	500021cd
	constant pool entry 2079	500021be
	constant pool entry 2078	50001e7e
	constant pool entry 2077	500027c3
	constant pool entry 2076	50001dec
	constant pool entry 2075	50002225
	constant pool entry 2074	500028f8
	constant pool entry 2073	50002361
	constant pool entry 2072	5000202a
	constant pool entry 2071	50001db8
	constant pool entry 2070	50002274
	constant pool entry 2069	50001d87
	constant pool entry 2068	500023a9
	constant pool entry 2067	500028aa
	constant pool entry 2066	50002399
	constant pool entry 2065	500026fe
	constant pool entry 2064	50001cbb
	constant pool entry 2063	5000277d
	constant pool entry 2062	500022cd
	constant pool entry 2061	500026b2
	constant pool entry 2060	50001b9e
	constant pool entry 2059	50002856
	constant pool entry 2058	50001c13
	constant pool entry 2057	500029dc
	constant pool entry 2056	50002043
	constant pool entry 2055	50002798
	constant pool entry 2054	50002127
	constant pool entry 2053	50001d2a
	constant pool entry 2052	5000220c
	constant pool entry 2051	50001fb6
	constant pool entry 2050	500022d5
	constant pool entry 2049	500027a0
	constant pool entry 2048	500022ab
	constant pool entry 2047	50001df1
	constant pool entry 2046	500028dc
	constant pool entry 2045	50001e8e
	constant pool entry 2044	50002954
	constant pool entry 2043	50001fe0
	constant pool entry 2042	500027b0
	constant pool entry 2041	50002840
	constant pool entry 2040	50002231
	constant pool entry 2039	500020fe
	constant pool entry 2038	50001bd0
	constant pool entry 2037	50001bb0
	constant pool entry 2036	5000297c
	constant pool entry 2035	500027fa
	constant pool entry 2034	500028a6
	constant pool entry 2033	500028b5
	constant pool entry 2032	50002331
	constant pool entry 2031	5000222d
	constant pool entry 2030	500022e9
	constant pool entry 2029	50001ce6
	constant pool entry 2028	50001b7a
	constant pool entry 2027	50002852
	constant pool entry 2026	50001e76
	constant pool entry 2025	50001da1
	constant pool entry 2024	500022dd
	constant pool entry 2023	50001c6c
	constant pool entry 2022	50001ee7
	constant pool entry 2021	50001cfa
	constant pool entry 2020	500028cc
	constant pool entry 2019	50001d79
	constant pool entry 2018	50001cc5
	constant pool entry 2017	50001dc4
	constant pool entry 2016	500020fa
	constant pool entry 2015	5000212f
	constant pool entry 2014	50002246
	constant pool entry 2013	50002866
	constant pool entry 2012	5000284a
	constant pool entry 2011	5000288e
	constant pool entry 2010	50001e8a
	constant pool entry 2009	50002794
	constant pool entry 2008	50002341
	constant pool entry 2007	50001d5a
	constant pool entry 2006	500029ca
	constant pool entry 2005	50002138
	constant pool entry 2004	500021fc
	constant pool entry 2003	50001bcc
	constant pool entry 2002	500021e1
	constant pool entry 2001	50001ca1
	constant pool entry 2000	50002074
	constant pool entry 1999	50002824
	constant pool entry 1998	50001bf3
	constant pool entry 1997	50002197
	constant pool entry 1996	5000239d
	constant pool entry 1995	50001c5c
	constant pool entry 1994	5000205b
	constant pool entry 1993	500027bc
	constant pool entry 1992	500026fa
	constant pool entry 1991	50002315
	constant pool entry 1990	50002993
	constant pool entry 1989	50002319
	constant pool entry 1988	50001ea9
	constant pool entry 1987	50002a2a
	constant pool entry 1986	50002123
	constant pool entry 1985	50002712
	constant pool entry 1984	500023a5
	constant pool entry 1983	50002068
	constant pool entry 1982	50002176
	constant pool entry 1981	500029c7
	constant pool entry 1980	50001ee1
	constant pool entry 1979	50002355
	constant pool entry 1978	500027e2
	constant pool entry 1977	50002239
	constant pool entry 1976	50002838
	constant pool entry 1975	50001bd6
	constant pool entry 1974	500029f8
	constant pool entry 1973	5000293c
	constant pool entry 1972	50002032
	constant pool entry 1971	500027f6
	constant pool entry 1970	50002087
	constant pool entry 1969	500028d8
	constant pool entry 1968	50002000
	constant pool entry 1967	500021b1
	constant pool entry 1966	500022a3
	constant pool entry 1965	50002026
	constant pool entry 1964	50002329
	constant pool entry 1963	5000203c
	constant pool entry 1962	5000272a
	constant pool entry 1961	50001c2a
	constant pool entry 1960	50001c58
	constant pool entry 1959	50002a18
	constant pool entry 1958	50001c40
	constant pool entry 1957	500022d9
	constant pool entry 1956	500026a2
	constant pool entry 1955	5000206c
	constant pool entry 1954	50001d9d
	constant pool entry 1953	500020a3
	constant pool entry 1952	500021dd
	constant pool entry 1951	50001d67
	constant pool entry 1950	50002111
	constant pool entry 1949	50002809
	constant pool entry 1948	50002814
	constant pool entry 1947	50002a23
	constant pool entry 1946	50002776
	constant pool entry 1945	50002193
	constant pool entry 1944	5000209f
	constant pool entry 1943	50001d7f
	constant pool entry 1942	500021f8
	constant pool entry 1941	5000295c
	constant pool entry 1940	50002968
	constant pool entry 1939	50002183
	constant pool entry 1938	5000234d
	constant pool entry 1937	50002903
	constant pool entry 1936	500020e8
	constant pool entry 1935	5000200f
	constant pool entry 1934	50002940
	constant pool entry 1933	500027e6
	constant pool entry 1932	50001eb7
	constant pool entry 1931	50002926
	constant pool entry 1930	500029a2
	constant pool entry 1929	50001cca
	constant pool entry 1928	50002379
	constant pool entry 1927	50001e34
	constant pool entry 1926	500028b2
	constant pool entry 1925	50002830
	constant pool entry 1924	50001d11
	constant pool entry 1923	50001d34
	constant pool entry 1922	50001d63
	constant pool entry 1921	500022b9
	constant pool entry 1920	5000229b
	constant pool entry 1919	500022a7
	constant pool entry 1918	500026d2
	constant pool entry 1917	500026f6
	constant pool entry 1916	500027ea
	constant pool entry 1915	500020e3
	constant pool entry 1914	50001e44
	constant pool entry 1913	5000214b
	constant pool entry 1912	500020d7
	constant pool entry 1911	50001c9d
	constant pool entry 1910	50002046
	constant pool entry 1909	500022fd
	constant pool entry 1908	5000228b
	constant pool entry 1907	50002a1c
	constant pool entry 1906	50001dbc
	constant pool entry 1905	50002790
	constant pool entry 1904	50002a04
	constant pool entry 1903	500028c8
	constant pool entry 1902	5000291e
	constant pool entry 1901	500022f1
	constant pool entry 1900	50002083
	constant pool entry 1899	50002948
	constant pool entry 1898	50001ffc
	constant pool entry 1897	5000286a
	constant pool entry 1896	50002752
	constant pool entry 1895	50002886
	constant pool entry 1894	500021e5
	constant pool entry 1893	500021a0
	constant pool entry 1892	500022e1
	constant pool entry 1891	50002391
	constant pool entry 1890	500021b6
	constant pool entry 1889	500028c0
	constant pool entry 1888	500029f0
	constant pool entry 1887	50002828
	constant pool entry 1886	50002960
	constant pool entry 1885	50002102
	constant pool entry 1884	500029b4
	constant pool entry 1883	50001fd7
	constant pool entry 1882	50001ca5
	constant pool entry 1881	500026da
	constant pool entry 1880	5000201b
	constant pool entry 1879	500026e6
	constant pool entry 1878	500028bc
	constant pool entry 1877	500023ad
	constant pool entry 1876	50001bc0
	constant pool entry 1875	5000286e
	constant pool entry 1874	50001de4
	constant pool entry 1873	50002916
	constant pool entry 1872	50001ddc
	constant pool entry 1871	50002944
	constant pool entry 1870	500026d6
	constant pool entry 1869	5000289e
	constant pool entry 1868	500027a8
	constant pool entry 1867	500021e9
	constant pool entry 1866	500026c6
	constant pool entry 1865	50002106
	constant pool entry 1864	500029e0
	constant pool entry 1863	500026a6
	constant pool entry 1862	5000210a
	constant pool entry 1861	5000276a
	constant pool entry 1860	50001bdf
	constant pool entry 1859	500029d5
	constant pool entry 1858	500029ed
	constant pool entry 1857	50001e64
	constant pool entry 1856	50001dd2
	constant pool entry 1855	50001f14
	constant pool entry 1854	50001dc8
	constant pool entry 1853	50001b9a
	constant pool entry 1852	50001ea2
	constant pool entry 1851	500028e8
	constant pool entry 1850	5000235d
	constant pool entry 1849	50002802
	constant pool entry 1848	5000261a
	constant pool entry 1847	5000279c
	constant pool entry 1846	50001b6e
	constant pool entry 1845	5000283c
	constant pool entry 1844	5000215e
	constant pool entry 1843	50001b8c
	constant pool entry 1842	500022f9
	constant pool entry 1841	5000208b
	constant pool entry 1840	5000285e
	constant pool entry 1839	50002a20
	constant pool entry 1838	5000289a
	constant pool entry 1837	500022f5
	constant pool entry 1836	500028d0
	constant pool entry 1835	50002235
	constant pool entry 1834	50002117
	constant pool entry 1833	500026ea
	constant pool entry 1832	50002297
	constant pool entry 1831	50001bda
	constant pool entry 1830	500027f2
	constant pool entry 1829	50001d5e
	constant pool entry 1828	50001c0f
	constant pool entry 1827	5000274a
	constant pool entry 1826	50001d6b
	constant pool entry 1825	50001d4e
	constant pool entry 1824	50002806
	constant pool entry 1823	5000282c
	constant pool entry 1822	500029ce
	constant pool entry 1821	50001c44
	constant pool entry 1820	50002872
	constant pool entry 1819	50001de0
	constant pool entry 1818	50001d95
	constant pool entry 1817	50002746
	constant pool entry 1816	50002980
	constant pool entry 1815	50002990
	constant pool entry 1814	500029c4
	constant pool entry 1813	50001bb4
	constant pool entry 1812	5000273e
	constant pool entry 1811	50001d46
	constant pool entry 1810	50001cad
	constant pool entry 1809	5000201f
	constant pool entry 1808	5000228f
	constant pool entry 1807	500022c1
	constant pool entry 1806	500020b4
	constant pool entry 1805	500029e6
	constant pool entry 1804	50001c60
	constant pool entry 1803	50001da5
	constant pool entry 1802	500022b3
	constant pool entry 1801	50002810
	constant pool entry 1800	50001e55
	constant pool entry 1799	500027d6
	constant pool entry 1798	50002309
	constant pool entry 1797	5000276e
	constant pool entry 1796	50001c54
	constant pool entry 1795	50001b88
	constant pool entry 1794	500027c0
	constant pool entry 1793	500029f4
	constant pool entry 1792	5000292a
	constant pool entry 1791	50002148
	constant pool entry 1790	5000223f
	constant pool entry 1789	50001dce
	constant pool entry 1788	500027ca
	constant pool entry 1787	50002172
	constant pool entry 1786	50002375
	constant pool entry 1785	5000288a
	constant pool entry 1784	5000284e
	constant pool entry 1783	50002339
	constant pool entry 1782	50002788
	constant pool entry 1781	50002305
	constant pool entry 1780	50001d4a
	constant pool entry 1779	50001cbf
	constant pool entry 1778	50002345
	constant pool entry 1777	50002621
	constant pool entry 1776	50001cf2
	constant pool entry 1775	50002371
	constant pool entry 1774	5000272e
	constant pool entry 1773	5000287a
	constant pool entry 1772	500022e5
	constant pool entry 1771	50002293
	constant pool entry 1770	50001c99
	constant pool entry 1769	500022bd
	constant pool entry 1768	50002978
	constant pool entry 1767	5000217f
	constant pool entry 1766	50002365
	constant pool entry 1765	50001b7e
	constant pool entry 1764	50001c68
	constant pool entry 1763	5000298c
	constant pool entry 1762	5000211b
	constant pool entry 1761	50002935
	constant pool entry 1760	50001c91
	constant pool entry 1759	50001b82
	constant pool entry 1758	50001e1b
	constant pool entry 1757	50002772
	constant pool entry 1756	500020f2
	constant pool entry 1755	50002818
	constant pool entry 1754	50001bb8
	constant pool entry 1753	500026f2
	constant pool entry 1752	5000271e
	constant pool entry 1751	5000299e
	constant pool entry 1750	5000216a
	constant pool entry 1749	5000270e
	constant pool entry 1748	500029c0
	constant pool entry 1747	5000280c
	constant pool entry 1746	500020c5
	constant pool entry 1745	5000215a
	constant pool entry 1744	5000229f
	constant pool entry 1743	50002152
	constant pool entry 1742	500028d4
	constant pool entry 1741	5000281c
	constant pool entry 1740	500029b0
	constant pool entry 1739	50001e6b
	constant pool entry 1738	50001f0e
	constant pool entry 1737	5000223c
	constant pool entry 1736	50001d14
	constant pool entry 1735	50002210
	constant pool entry 1734	50001c50
	constant pool entry 1733	50001ba2
	constant pool entry 1732	50001cb7
	constant pool entry 1731	50002932
	constant pool entry 1730	50002784
	constant pool entry 1729	500028f4
	constant pool entry 1728	5000261e
	constant pool entry 1727	5000278c
	constant pool entry 1726	50002a0c
	constant pool entry 1725	50002974
	constant pool entry 1724	50002896
	constant pool entry 1723	5000226d
	constant pool entry 1722	50002162
	constant pool entry 1721	50001c0b
	constant pool entry 1720	500021ba
	constant pool entry 1719	50001c2e
	constant pool entry 1718	5000270a
	constant pool entry 1717	50001eff
	constant pool entry 1716	50002a10
	constant pool entry 1715	5000271a
	constant pool entry 1714	50002359
	constant pool entry 1713	5000275a
	constant pool entry 1712	5000285a
	constant pool entry 1711	50002706
	constant pool entry 1710	50002964
	constant pool entry 1709	5000227a
	constant pool entry 1708	50002251
	constant pool entry 1707	50002958
	constant pool entry 1706	500026b6
	constant pool entry 1705	50002140
	constant pool entry 1704	50002876
	constant pool entry 1703	50002970
	constant pool entry 1702	50001e82
	constant pool entry 1701	50002722
	constant pool entry 1700	50001d1d
	constant pool entry 1699	50001d56
	constant pool entry 1698	50002243
	constant pool entry 1697	500021f2
	constant pool entry 1696	500027fe
	constant pool entry 1695	50002249
	constant pool entry 1694	50002208
	constant pool entry 1693	5000290a
	constant pool entry 1692	500029ea
	constant pool entry 1691	50001c4c
	constant pool entry 1690	50001d52
	constant pool entry 1689	5000291a
	constant pool entry 1688	50001ef2
	constant pool entry 1687	500021d5
	constant pool entry 1686	50002221
	constant pool entry 1685	50001b6a
	constant pool entry 1684	50002013
	constant pool entry 1683	50001e51
	constant pool entry 1682	500026c2
	constant pool entry 1681	500028a2
	constant pool entry 1680	50002325
	constant pool entry 1679	50002780
	constant pool entry 1678	500028fc
	constant pool entry 1677	5000238d
	constant pool entry 1676	50001e9a
	constant pool entry 1675	500027da
	constant pool entry 1674	50001b76
	constant pool entry 1673	50002a08
	constant pool entry 1672	5000216e
	constant pool entry 1671	5000294c
	constant pool entry 1670	500029d8
	constant pool entry 1669	50001fcf
	constant pool entry 1668	50002732
	constant pool entry 1667	5000233d
	constant pool entry 1666	50001df5
	constant pool entry 1665	500021c2
	constant pool entry 1664	500026ba
	constant pool entry 1663	50002726
	constant pool entry 1662	50002301
	constant pool entry 1661	5000202e
	constant pool entry 1660	5000200b
	constant pool entry 1659	50001db2
	constant pool entry 1658	50001d83
	constant pool entry 1657	5000274e
	constant pool entry 1656	50002255
	constant pool entry 1655	50001ca9
	constant pool entry 1654	500027a4
	constant pool entry 1653	50001c64
	constant pool entry 1652	500023a1
	constant pool entry 1651	50002716
	constant pool entry 1650	5000296c
	constant pool entry 1649	50001e17
	constant pool entry 1648	500027b8
	constant pool entry 1647	5000218b
	constant pool entry 1646	500028e4
	constant pool entry 1645	50001d0a
	constant pool entry 1644	500020ee
	constant pool entry 1643	5000207f
	constant pool entry 1642	500027c6
	constant pool entry 1641	50002351
	constant pool entry 1640	5000299a
	constant pool entry 1639	50002204
	constant pool entry 1638	50001d1c
	constant pool entry 1637	50001d55
	constant pool entry 1636	500026b5
	constant pool entry 1635	500029f7
	constant pool entry 1634	5000293b
	constant pool entry 1633	50001cc4
	constant pool entry 1632	50002769
	constant pool entry 1631	500029df
	constant pool entry 1630	50002105
	constant pool entry 1629	50002031
	constant pool entry 1628	500022a2
	constant pool entry 1627	500021ad
	constant pool entry 1626	500029a1
	constant pool entry 1625	50001bbf
	constant pool entry 1624	5000286d
	constant pool entry 1623	50001de3
	constant pool entry 1622	500027d5
	constant pool entry 1621	5000291d
	constant pool entry 1620	50002082
	constant pool entry 1619	50002947
	constant pool entry 1618	5000293f
	constant pool entry 1617	50002771
	constant pool entry 1616	50001e9d
	constant pool entry 1615	50001d33
	constant pool entry 1614	50002701
	constant pool entry 1613	50002324
	constant pool entry 1612	50001d94
	constant pool entry 1611	5000207e
	constant pool entry 1610	50002751
	constant pool entry 1609	5000235c
	constant pool entry 1608	50002801
	constant pool entry 1607	500023b0
	constant pool entry 1606	50002885
	constant pool entry 1605	500021e4
	constant pool entry 1604	500021ca
	constant pool entry 1603	50002797
	constant pool entry 1602	50002159
	constant pool entry 1601	5000229e
	constant pool entry 1600	50001b6d
	constant pool entry 1599	5000283b
	constant pool entry 1598	5000215d
	constant pool entry 1597	50001b8b
	constant pool entry 1596	500022f8
	constant pool entry 1595	5000208a
	constant pool entry 1594	5000285d
	constant pool entry 1593	50002a1f
	constant pool entry 1592	5000279b
	constant pool entry 1591	500022d4
	constant pool entry 1590	50002929
	constant pool entry 1589	5000236c
	constant pool entry 1588	50001cf5
	constant pool entry 1587	5000223e
	constant pool entry 1586	50001c12
	constant pool entry 1585	5000279f
	constant pool entry 1584	50002721
	constant pool entry 1583	500027f5
	constant pool entry 1582	500027e5
	constant pool entry 1581	50002a07
	constant pool entry 1580	5000216d
	constant pool entry 1579	50001dbb
	constant pool entry 1578	500028e7
	constant pool entry 1577	50002899
	constant pool entry 1576	500028db
	constant pool entry 1575	50001e54
	constant pool entry 1574	50001d01
	constant pool entry 1573	500028b1
	constant pool entry 1572	500028a9
	constant pool entry 1571	500021fb
	constant pool entry 1570	50001bcb
	constant pool entry 1569	500021e0
	constant pool entry 1568	50001c5b
	constant pool entry 1567	50002823
	constant pool entry 1566	50001bf2
	constant pool entry 1565	50002196
	constant pool entry 1564	5000239c
	constant pool entry 1563	5000205a
	constant pool entry 1562	500020c0
	constant pool entry 1561	500026f9
	constant pool entry 1560	50002398
	constant pool entry 1559	50002861
	constant pool entry 1558	500026dd
	constant pool entry 1557	50002250
	constant pool entry 1556	500022e8
	constant pool entry 1555	50001ce5
	constant pool entry 1554	50001b79
	constant pool entry 1553	50002029
	constant pool entry 1552	50002330
	constant pool entry 1551	5000230c
	constant pool entry 1550	500021a9
	constant pool entry 1549	50001cf9
	constant pool entry 1548	5000283f
	constant pool entry 1547	50001da0
	constant pool entry 1546	5000297b
	constant pool entry 1545	500027af
	constant pool entry 1544	50001e74
	constant pool entry 1543	50001baf
	constant pool entry 1542	500028cb
	constant pool entry 1541	500027dd
	constant pool entry 1540	50001fdf
	constant pool entry 1539	50001bcf
	constant pool entry 1538	50002851
	constant pool entry 1537	50001d66
	constant pool entry 1536	50001d78
	constant pool entry 1535	500028df
	constant pool entry 1534	500028ff
	constant pool entry 1533	5000222c
	constant pool entry 1532	50001b8f
	constant pool entry 1531	50002314
	constant pool entry 1530	50001eac
	constant pool entry 1529	50001d5d
	constant pool entry 1528	50002787
	constant pool entry 1527	500027bb
	constant pool entry 1526	5000218e
	constant pool entry 1525	50002833
	constant pool entry 1524	50002203
	constant pool entry 1523	50002a1b
	constant pool entry 1522	5000214d
	constant pool entry 1521	50001ca4
	constant pool entry 1520	500026d9
	constant pool entry 1519	5000201a
	constant pool entry 1518	500026e5
	constant pool entry 1517	500028bb
	constant pool entry 1516	50002977
	constant pool entry 1515	50001ee6
	constant pool entry 1514	50002394
	constant pool entry 1513	50001b7d
	constant pool entry 1512	50001c90
	constant pool entry 1511	50001b81
	constant pool entry 1510	50002224
	constant pool entry 1509	5000211a
	constant pool entry 1508	500022aa
	constant pool entry 1507	50001df0
	constant pool entry 1506	50002213
	constant pool entry 1505	50001bdd
	constant pool entry 1504	500020f1
	constant pool entry 1503	50001c67
	constant pool entry 1502	50002048
	constant pool entry 1501	50002388
	constant pool entry 1500	50002364
	constant pool entry 1499	5000217e
	constant pool entry 1498	50001c16
	constant pool entry 1497	500021b9
	constant pool entry 1496	50001ed4
	constant pool entry 1495	5000298b
	constant pool entry 1494	500020d6
	constant pool entry 1493	50002328
	constant pool entry 1492	500028d7
	constant pool entry 1491	50001fff
	constant pool entry 1490	5000203b
	constant pool entry 1489	50002729
	constant pool entry 1488	50001c28
	constant pool entry 1487	50001c57
	constant pool entry 1486	50002a17
	constant pool entry 1485	50001c3f
	constant pool entry 1484	500022d8
	constant pool entry 1483	500026a1
	constant pool entry 1482	50002234
	constant pool entry 1481	50002136
	constant pool entry 1480	500021dc
	constant pool entry 1479	50002296
	constant pool entry 1478	500027bf
	constant pool entry 1477	50001b87
	constant pool entry 1476	5000261d
	constant pool entry 1475	50001d18
	constant pool entry 1474	50001cac
	constant pool entry 1473	5000295b
	constant pool entry 1472	500022f4
	constant pool entry 1471	500028cf
	constant pool entry 1470	50002073
	constant pool entry 1469	50001ca0
	constant pool entry 252	50001e22
	constant pool entry 251	500026bd
	constant pool entry 250	50001bab
	constant pool entry 249	50001fc2
	constant pool entry 248	50002132
	constant pool entry 247	500029d1
	constant pool entry 246	50001e2a
	constant pool entry 245	5000212a
	constant pool entry 244	50002735
	constant pool entry 243	500029ff
	constant pool entry 242	50001fbd
	constant pool entry 241	50002779
	constant pool entry 240	50001df8
	constant pool entry 239	500026ad
	constant pool entry 238	50001f07
	constant pool entry 237	50001ccd
	constant pool entry 236	50001cb0
	constant pool entry 235	50002881
	constant pool entry 234	50001d0d
	constant pool entry 233	500021ec
	constant pool entry 232	5000219a
	constant pool entry 231	50001d98
	constant pool entry 230	50001c31
	constant pool entry 229	50002320
	constant pool entry 228	50002983
	constant pool entry 227	50001c02
	constant pool entry 226	50001d74
	constant pool entry 225	50002739
	constant pool entry 224	50001d41
	constant pool entry 223	500028ad
	constant pool entry 222	500027d1
	constant pool entry 221	50002077
	constant pool entry 220	50002165
	constant pool entry 219	500026cd
	constant pool entry 218	50001fe5
	constant pool entry 217	50001bc3
	constant pool entry 216	50001fc6
	constant pool entry 215	50001f67
	constant pool entry 214	50001fca
	constant pool entry 213	50001c06
	constant pool entry 212	500026c9
	constant pool entry 211	50002334
	constant pool entry 210	500027ab
	constant pool entry 209	50001d20
	constant pool entry 208	50001bbb
	constant pool entry 207	5000290d
	constant pool entry 206	50002a13
	constant pool entry 205	50002905
	constant pool entry 204	50001bf6
	constant pool entry 203	500029a9
	constant pool entry 202	50001cd7
	constant pool entry 201	50002921
	constant pool entry 200	50002741
	constant pool entry 199	5000221c
	constant pool entry 198	5000292d
	constant pool entry 197	50001bfe
	constant pool entry 196	500029bb
	constant pool entry 195	500027b3
	constant pool entry 194	500020aa
	constant pool entry 193	50002987
	constant pool entry 192	500022c4
	constant pool entry 191	5000294f
	constant pool entry 190	50002310
	constant pool entry 189	50001e93
	constant pool entry 188	50001fe6
	constant pool entry 187	50002846
	constant pool entry 186	50001bc4
	constant pool entry 185	50001f68
	constant pool entry 184	50001fcb
	constant pool entry 183	50001cd9
	constant pool entry 182	50001fc7
	constant pool entry 181	500022af
	constant pool entry 180	50001c07
	constant pool entry 179	50001e23
	constant pool entry 178	50001e2b
	constant pool entry 177	5000277a
	constant pool entry 176	500026ca
	constant pool entry 175	50002335
	constant pool entry 174	50001bbc
	constant pool entry 173	500027ac
	constant pool entry 172	50002a14
	constant pool entry 171	500029aa
	constant pool entry 170	50001bf7
	constant pool entry 169	50002912
	constant pool entry 168	5000290e
	constant pool entry 167	50002820
	constant pool entry 166	50002906
	constant pool entry 165	50002a26
	constant pool entry 164	50001ba8
	constant pool entry 163	5000287e
	constant pool entry 162	50002922
	constant pool entry 161	50002385
	constant pool entry 160	5000292e
	constant pool entry 159	50001bff
	constant pool entry 158	500029bc
	constant pool entry 157	50002736
	constant pool entry 156	5000221d
	constant pool entry 155	50001e86
	constant pool entry 154	50001c8d
	constant pool entry 153	500029ad
	constant pool entry 152	5000212b
	constant pool entry 151	500027b4
	constant pool entry 150	500022c7
	constant pool entry 149	50002988
	constant pool entry 148	500020b0
	constant pool entry 147	50001f0b
	constant pool entry 146	50001cd1
	constant pool entry 145	50001cb1
	constant pool entry 144	50001d0e
	constant pool entry 143	50002882
	constant pool entry 142	5000219b
	constant pool entry 141	50001bc8
	constant pool entry 140	50001c03
	constant pool entry 139	5000273a
	constant pool entry 138	50001d99
	constant pool entry 137	500028ae
	constant pool entry 136	500026ce
	constant pool entry 135	500020a7
	constant pool entry 134	50002166
	constant pool entry 133	50001c71
	constant pool entry 132	50002996
	constant pool entry 131	50002950
	constant pool entry 130	500021ed
	constant pool entry 129	50002311
	constant pool entry 128	50001e94
	constant pool entry 127	50001d42
	constant pool entry 126	500022d1
	constant pool entry 125	50001e38
	constant pool entry 124	50001d21
	constant pool entry 123	500029d2
	constant pool entry 122	500021c6
	constant pool entry 121	50002321
	constant pool entry 120	50001c32
	constant pool entry 119	500021d1
	constant pool entry 118	500029a6
	constant pool entry 117	500028c4
	constant pool entry 116	50001d91
	constant pool entry 115	50001efa
	constant pool entry 114	50001daa
	constant pool entry 113	50001ecf
	constant pool entry 112	500027d2
	constant pool entry 111	50001dc0
	constant pool entry 110	50001bfb
	constant pool entry 109	50002219
	constant pool entry 108	50002766
	constant pool entry 107	50001df9
	constant pool entry 106	50002349
	constant pool entry 105	500026ae
	constant pool entry 104	5000275e
	constant pool entry 103	50001d75
	constant pool entry 102	50001fc3
	constant pool entry 101	500029e3
	constant pool entry 100	50002156
	constant pool entry 99	50002843
	constant pool entry 98	50001f63
	constant pool entry 97	50001b72
	constant pool entry 96	50001c75
	constant pool entry 95	500022ed
	constant pool entry 94	50002179
	constant pool entry 93	50001c1f
	constant pool entry 92	500026aa
	constant pool entry 91	500028ec
	constant pool entry 90	50002742
	constant pool entry 89	50002756
	constant pool entry 88	50001d38
	constant pool entry 87	50001e4d
	constant pool entry 86	50001e71
	constant pool entry 85	50002078
	constant pool entry 84	50002144
	constant pool entry 83	50001c1b
	constant pool entry 82	50001e27
	constant pool entry 81	50001d30
	constant pool entry 80	50001c89
	constant pool entry 79	50002762
	constant pool entry 78	50001ff0
	constant pool entry 77	500027ee
	constant pool entry 76	50001dae
	constant pool entry 75	500021a6
	constant pool entry 74	500028b8
	constant pool entry 73	500020bb
	constant pool entry 72	50001e31
	constant pool entry 71	50002a00
	constant pool entry 70	500029fc
	constant pool entry 69	50002938
	constant pool entry 68	50001bac
	constant pool entry 67	500026be
	constant pool entry 66	50002133
	constant pool entry 65	50001e1f
	constant pool entry 64	50001fbe
	constant pool entry 63	50001cea
	constant pool entry 62	50002911
	constant pool entry 61	50001e37
	constant pool entry 60	500022d0
	constant pool entry 59	500021d0
	constant pool entry 58	50001dbf
	constant pool entry 57	50001bfa
	constant pool entry 56	50002218
	constant pool entry 55	50002765
	constant pool entry 54	50001b99
	constant pool entry 53	50002155
	constant pool entry 52	50001da9
	constant pool entry 51	50001ec0
	constant pool entry 50	50001ef9
	constant pool entry 49	500028c3
	constant pool entry 48	50001d90
	constant pool entry 47	500029a5
	constant pool entry 46	50001e70
	constant pool entry 45	50001f2c
	constant pool entry 44	50001b71
	constant pool entry 43	5000275d
	constant pool entry 42	50001e1a
	constant pool entry 41	500022ec
	constant pool entry 40	50001c74
	constant pool entry 39	50002178
	constant pool entry 38	50001c70
	constant pool entry 37	50001c1e
	constant pool entry 36	50002995
	constant pool entry 35	50002a25
	constant pool entry 34	50002755
	constant pool entry 33	50001d37
	constant pool entry 32	50001e4a
	constant pool entry 31	50002143
	constant pool entry 30	50001c1a
	constant pool entry 29	50001e26
	constant pool entry 28	50001d2f
	constant pool entry 27	50001c88
	constant pool entry 26	50001e85
	constant pool entry 25	50001fef
	constant pool entry 24	50002761
	constant pool entry 23	50001dad
	constant pool entry 22	500027ed
	constant pool entry 21	500021a5
	constant pool entry 20	500028b7
	constant pool entry 19	500020b7
	constant pool entry 18	50001e30
	constant pool entry 17	5000281f
	constant pool entry 16	50001ba6
	constant pool entry 15	5000287d
	constant pool entry 14	50001ce9
	constant pool entry 13	50001e1e
	constant pool entry 12	500029fb
	constant pool entry 11	50002937
	constant pool entry 10	50002845
	constant pool entry 9	500026a9
	constant pool entry 8	500028eb
	constant pool entry 7	500022ae
	constant pool entry 6	50002348
	constant pool entry 5	50002384
	constant pool entry 4	500021c5
	constant pool entry 3	500020a6
	constant pool entry 2	50001c8c
	constant pool entry 1	50001bc7
CLS 500001b8 (name=sun.usagetracker.UsageTrackerClient$1, trace=300046)
	super		50000172
	constant pool entry 27	500001b8
	constant pool entry 24	50000167
	constant pool entry 23	50000172
CLS 500001c2 (name=java.util.ResourceBundle$BundleReference, trace=301004)
	super		50000152
	constant pool entry 16	500001c2
	constant pool entry 14	50000152
CLS 500001c3 (name=sun.usagetracker.UsageTrackerClient$4, trace=300054)
	super		50000172
	constant pool entry 60	500001c3
	constant pool entry 59	500001b1
	constant pool entry 55	50000167
	constant pool entry 52	50000172
	constant pool entry 51	50000111
	constant pool entry 4	5000060f
	constant pool entry 3	50002f13
	constant pool entry 2	50002f2b
CLS 500001c8 (name=java.text.Format[], trace=301855)
	super		50000172
CLS 500001d1 (name=sun.usagetracker.UsageTrackerClient$2, trace=300066)
	super		50000172
	constant pool entry 27	500001d1
	constant pool entry 25	500001d3
	constant pool entry 23	50000172
CLS 500001d3 (name=jdk.internal.util.EnvUtils, trace=300068)
	super		50000172
CLS 500001d4 (name=java.util.Locale$Category, trace=301858)
	super		50000068
	static DISPLAY	500001d5
	static FORMAT	500001d6
	static $VALUES	500001d8
	constant pool entry 80	500000f7
	constant pool entry 45	50000068
	constant pool entry 44	500001d7
	constant pool entry 11	500001d4
	constant pool entry 10	500010aa
	constant pool entry 9	500010a9
	constant pool entry 8	500010a8
	constant pool entry 7	500010a7
	constant pool entry 6	500010a6
	constant pool entry 5	500010a5
	constant pool entry 4	500010a4
	constant pool entry 3	500010a3
	constant pool entry 2	500010a2
	constant pool entry 1	5000109c
CLS 500001d7 (name=java.util.Locale$Category[], trace=301861)
	super		50000172
CLS 500001d9 (name=java.util.Locale$1, trace=301862)
	super		50000172
	static $SwitchMap$java$util$Locale$Category	500001da
	constant pool entry 41	500000f7
	constant pool entry 25	500001d4
	constant pool entry 24	500001d9
CLS 500001e0 (name=sun.usagetracker.UsageTrackerClient$3, trace=300077)
	super		50000172
	constant pool entry 27	500001e0
	constant pool entry 24	50000172
	constant pool entry 23	5000011b
CLS 500001f3 (name=java.lang.StringBuilder[], trace=301871)
	super		50000172
CLS 5000020d (name=java.lang.StringCoding, trace=300113)
	super		50000172
	static decoder	5000020e
	static encoder	5000020f
	constant pool entry 136	50000095
	constant pool entry 129	5000008e
	constant pool entry 125	50000152
	constant pool entry 124	50000086
	constant pool entry 122	50000228
	constant pool entry 121	50000240
	constant pool entry 119	5000020d
	constant pool entry 117	5000016e
CLS 50000210 (name=java.lang.ThreadLocal$ThreadLocalMap, trace=300116)
	super		50000172
	constant pool entry 124	500000f7
	constant pool entry 56	50000212
	constant pool entry 55	50000210
	constant pool entry 53	50000086
	constant pool entry 52	50000172
CLS 50000212 (name=java.lang.ThreadLocal$ThreadLocalMap$Entry, trace=300118)
	super		50000151
	constant pool entry 17	50000151
	constant pool entry 16	50000212
CLS 50000213 (name=java.lang.ThreadLocal$ThreadLocalMap$Entry[], trace=300119)
	super		50000172
CLS 50000216 (name=java.text.FieldPosition, trace=301883)
	super		50000172
	constant pool entry 55	50000216
	constant pool entry 53	50000172
CLS 50000219 (name=java.util.Date, trace=301886)
	super		50000172
CLS 5000021a (name=java.text.AttributedCharacterIterator$Attribute, trace=301887)
	super		50000172
	static instanceMap	5000021f
	static LANGUAGE	50000223
	static READING	5000022f
	static INPUT_METHOD_SEGMENT	50000232
	constant pool entry 72	50000147
	constant pool entry 71	500000c6
	constant pool entry 67	50000172
	constant pool entry 8	5000021a
	constant pool entry 5	50002d51
	constant pool entry 4	50000ef7
	constant pool entry 3	50002d50
CLS 5000021b (name=java.text.Format$Field, trace=301887)
	super		5000021a
	constant pool entry 19	5000021a
CLS 5000021c (name=java.text.MessageFormat$Field, trace=301887)
	super		5000021b
	static ARGUMENT	5000023b
	constant pool entry 35	5000021b
	constant pool entry 3	5000021c
	constant pool entry 1	50002d4e
CLS 5000021d (name=sun.nio.cs.Unicode, trace=300128)
	super		5000008e
	constant pool entry 111	5000008e
CLS 5000021e (name=sun.nio.cs.UTF_8, trace=300128)
	super		5000021d
	constant pool entry 35	5000021d
	constant pool entry 34	5000022a
	constant pool entry 33	5000027d
	constant pool entry 31	5000021e
	constant pool entry 30	5000008b
	constant pool entry 29	50000112
	constant pool entry 2	500011fc
	constant pool entry 1	50000db0
CLS 50000228 (name=java.lang.StringCoding$StringEncoder, trace=300137)
	super		50000172
	constant pool entry 146	500000f7
	constant pool entry 73	5000007a
	constant pool entry 72	50000077
	constant pool entry 70	50000079
	constant pool entry 69	5000008e
	constant pool entry 65	50000228
	constant pool entry 63	5000020d
	constant pool entry 61	50000172
	constant pool entry 59	5000016a
CLS 5000022a (name=sun.nio.cs.UTF_8$Encoder, trace=300139)
	super		50000079
	constant pool entry 79	5000022a
	constant pool entry 71	50000079
	constant pool entry 68	500000be
CLS 50000231 (name=java.io.FileOutputStream$1, trace=300146)
	super		50000172
	constant pool entry 21	50000172
	constant pool entry 19	50000231
	constant pool entry 18	500000ad
CLS 50000234 (name=sun.launcher.LauncherHelper, trace=300000)
	super		50000068
	static INSTANCE	50000235
	static MAIN_CLASS	5000181c
	static outBuf	50000238
	static INDENT	50002f42
	static VM_SETTINGS	50002f41
	static PROP_SETTINGS	50002f40
	static LOCALE_SETTINGS	50002f3f
	static diagprop	500008b5
	static defaultBundleName	50002f3e
	static ostream	500005d2
	static scloader	500003b3
	static appClass	50000852
	static encprop	50002f3d
	static encoding	50000988
	static $VALUES	50000237
	constant pool entry 698	500000f7
	constant pool entry 402	500000c1
	constant pool entry 378	5000008e
	constant pool entry 377	50000099
	constant pool entry 376	5000013e
	constant pool entry 375	50000869
	constant pool entry 372	50000167
	constant pool entry 371	50000121
	constant pool entry 370	5000016e
	constant pool entry 368	50000172
	constant pool entry 362	50000068
	constant pool entry 360	50000168
	constant pool entry 359	5000016a
	constant pool entry 71	50000853
	constant pool entry 70	50000234
	constant pool entry 69	500000c8
	constant pool entry 67	50002f3d
	constant pool entry 66	500008b5
	constant pool entry 60	50002f3c
	constant pool entry 26	50002f3b
CLS 50000236 (name=sun.launcher.LauncherHelper[], trace=300149)
	super		50000172
CLS 50000240 (name=java.lang.StringCoding$StringDecoder, trace=300153)
	super		50000172
	constant pool entry 146	500000f7
	constant pool entry 74	50000083
	constant pool entry 73	50000039
	constant pool entry 72	50000077
	constant pool entry 70	50000038
	constant pool entry 69	5000008e
	constant pool entry 65	50000240
	constant pool entry 63	5000020d
	constant pool entry 61	50000172
	constant pool entry 59	5000016a
CLS 5000024b (name=java.net.URLClassLoader$1, trace=300161)
	super		50000172
	constant pool entry 46	50000004
	constant pool entry 43	5000024b
	constant pool entry 42	5000011a
	constant pool entry 41	5000016e
	constant pool entry 40	50000172
	constant pool entry 1	500005c7
CLS 50000251 (name=sun.net.util.URLUtil, trace=300167)
	super		50000172
	constant pool entry 59	50000119
	constant pool entry 58	50000121
	constant pool entry 57	5000016e
	constant pool entry 3	50001851
CLS 50000257 (name=sun.misc.URLClassPath$3, trace=300172)
	super		50000172
	constant pool entry 50	5000025a
	constant pool entry 48	50000257
	constant pool entry 47	50000004
	constant pool entry 45	50000119
	constant pool entry 44	5000016e
	constant pool entry 43	50000172
	constant pool entry 1	50000d72
CLS 50000259 (name=sun.misc.URLClassPath$Loader, trace=300174)
	super		50000172
	constant pool entry 66	50000259
	constant pool entry 56	50000172
CLS 5000025a (name=sun.misc.URLClassPath$JarLoader, trace=300174)
	super		50000259
	static zipAccess	5000025f
	constant pool entry 215	50000012
	constant pool entry 213	50000259
	constant pool entry 211	50000587
	constant pool entry 210	50000476
	constant pool entry 209	5000025a
	constant pool entry 207	500000cc
	constant pool entry 205	50000040
	constant pool entry 203	5000048e
	constant pool entry 200	50000478
	constant pool entry 199	5000051f
	constant pool entry 196	5000048d
	constant pool entry 186	50002175
	constant pool entry 185	500000ef
	constant pool entry 180	50000119
	constant pool entry 177	50000167
	constant pool entry 176	50000121
	constant pool entry 175	5000016e
	constant pool entry 173	50000a1e
	constant pool entry 172	50000a1f
	constant pool entry 171	5000011b
	constant pool entry 8	50000de1
	constant pool entry 7	50000d74
	constant pool entry 2	50001853
	constant pool entry 1	5000059a
CLS 5000025b (name=java.util.zip.ZipConstants, trace=300175)
CLS 5000025c (name=java.util.zip.ZipFile, trace=300175)
	super		50000172
	constant pool entry 265	500000c1
	constant pool entry 264	500000cc
	constant pool entry 263	500004f9
	constant pool entry 262	5000055c
	constant pool entry 259	5000025e
	constant pool entry 258	5000025c
	constant pool entry 256	50000550
	constant pool entry 254	500004f7
	constant pool entry 251	5000009b
	constant pool entry 247	50000147
	constant pool entry 243	500004f4
	constant pool entry 242	50000499
	constant pool entry 239	50000167
	constant pool entry 235	50000172
	constant pool entry 228	5000011b
	constant pool entry 13	50001108
	constant pool entry 11	500008ba
	constant pool entry 9	50001107
	constant pool entry 4	50001106
	constant pool entry 3	50001105
CLS 5000025d (name=sun.misc.JavaUtilZipFileAccess, trace=300176)
CLS 5000025e (name=java.util.zip.ZipFile$1, trace=300176)
	super		50000172
	constant pool entry 14	50000172
CLS 50000264 (name=java.util.ResourceBundle$Control$1, trace=301018)
	super		50000172
	constant pool entry 48	50000264
	constant pool entry 42	50000172
	constant pool entry 40	50000168
CLS 50000266 (name=java.net.URLClassLoader$2, trace=301020)
	super		50000172
	constant pool entry 26	50000004
	constant pool entry 24	50000266
	constant pool entry 23	5000011a
	constant pool entry 22	50000172
CLS 50000273 (name=sun.nio.cs.ThreadLocalCoders, trace=300195)
	super		50000172
	static decoderCache	50000276
	static encoderCache	50000279
	constant pool entry 33	50000274
	constant pool entry 32	50000278
	constant pool entry 31	50000275
	constant pool entry 30	50000273
	constant pool entry 28	50000038
CLS 50000274 (name=sun.nio.cs.ThreadLocalCoders$Cache, trace=300196)
	super		50000172
	constant pool entry 56	500000f7
	constant pool entry 30	50000274
	constant pool entry 28	50000086
	constant pool entry 27	50000172
	constant pool entry 26	50000108
CLS 50000275 (name=sun.nio.cs.ThreadLocalCoders$1, trace=300196)
	super		50000274
	constant pool entry 40	50000274
	constant pool entry 39	50000275
	constant pool entry 38	50000038
	constant pool entry 37	5000008e
	constant pool entry 36	5000016e
	constant pool entry 35	5000016a
	constant pool entry 1	50000273
CLS 50000278 (name=sun.nio.cs.ThreadLocalCoders$2, trace=300199)
	super		50000274
	constant pool entry 40	50000274
	constant pool entry 39	50000278
	constant pool entry 35	5000016a
	constant pool entry 1	50000273
CLS 5000027d (name=sun.nio.cs.UTF_8$Decoder, trace=300203)
	super		50000038
	constant pool entry 98	5000027d
	constant pool entry 94	50000034
	constant pool entry 93	50000038
	constant pool entry 92	50000036
	constant pool entry 91	50000076
	constant pool entry 88	500000be
	constant pool entry 87	5000016a
	constant pool entry 3	5000021e
CLS 500002dc (name=com.sun.tools.javac.code.Source[], trace=301905)
	super		50000172
	loader		500003b3
CLS 500002fb (name=com.sun.tools.javac.jvm.Target[], trace=301917)
	super		50000172
	loader		500003b3
CLS 50000373 (name=com.sun.tools.javac.util.AbstractDiagnosticFormatter, trace=300673)
	super		50000172
	loader		500003b3
	domain		5000083f
	constant pool entry 206	50000172
	constant pool entry 201	50001abb
	constant pool entry 193	500004e0
	constant pool entry 192	50000373
CLS 50000374 (name=com.sun.tools.javac.util.BasicDiagnosticFormatter, trace=300673)
	super		50000373
	loader		500003b3
	domain		5000083f
	constant pool entry 117	50000909
	constant pool entry 113	50000373
CLS 50000395 (name=com.sun.tools.javac.main.Main$Result, trace=300673)
	super		50000068
	loader		500003b3
	domain		5000083f
	static OK	50000396
	static ERROR	50000397
	static CMDERR	50000398
	static SYSERR	50000399
	static ABNORMAL	5000039a
	static $VALUES	5000039c
	constant pool entry 70	500000f7
	constant pool entry 38	50000068
	constant pool entry 6	50000395
	constant pool entry 5	50001a3d
	constant pool entry 4	50001a3c
	constant pool entry 3	50001a35
	constant pool entry 2	50001a34
	constant pool entry 1	50001a33
CLS 5000039b (name=com.sun.tools.javac.main.Main$Result[], trace=301928)
	super		50000172
	loader		500003b3
CLS 5000039d (name=java.lang.Shutdown, trace=301929)
	super		50000172
	static hooks	5000039e
	static lock	500003a0
	static haltLock	500003a1
	constant pool entry 115	500000f7
	constant pool entry 66	5000039f
	constant pool entry 64	5000014b
	constant pool entry 4	5000039d
CLS 5000039f (name=java.lang.Shutdown$Lock, trace=301931)
	super		50000172
	constant pool entry 14	5000039f
	constant pool entry 11	50000172
CLS 500003a2 (name=java.lang.AbstractStringBuilder[], trace=300000)
	super		50000172
CLS 500003a3 (name=java.lang.Appendable[], trace=300000)
	super		50000172
CLS 50000421 (name=com.sun.tools.javac.code.Type$Visitor, trace=300673)
	loader		500003b3
	domain		5000083f
CLS 50000475 (name=com.sun.tools.javac.code.Symbol$Visitor, trace=300673)
	loader		500003b3
	domain		5000083f
CLS 50000476 (name=sun.misc.URLClassPath$JarLoader$1, trace=300225)
	super		50000172
	constant pool entry 73	50000476
	constant pool entry 72	5000025a
	constant pool entry 71	50000004
	constant pool entry 70	50000517
	constant pool entry 62	50000172
CLS 50000477 (name=com.sun.tools.javac.code.Printer, trace=300673)
	super		50000172
	loader		500003b3
	domain		5000083f
	constant pool entry 200	50000172
	constant pool entry 195	50001abb
	constant pool entry 170	50000477
CLS 50000478 (name=sun.misc.FileURLMapper, trace=300227)
	super		50000172
	constant pool entry 45	50000012
	constant pool entry 44	50000478
	constant pool entry 43	50000119
	constant pool entry 41	5000016e
	constant pool entry 40	50000172
	constant pool entry 39	5000011b
	constant pool entry 1	5000059a
CLS 5000048d (name=java.util.jar.JarFile, trace=300241)
	super		5000025c
	static MANIFEST_NAME	50000dca
	static CLASSPATH_CHARS	50000491
	static CLASSPATH_LASTOCC	50000492
	static CLASSPATH_OPTOSFT	50000493
	static javaHome	500009f1
	static jarNames	50000521
	constant pool entry 451	500000f7
	constant pool entry 221	500005ee
	constant pool entry 220	50000786
	constant pool entry 218	50000084
	constant pool entry 217	500000cc
	constant pool entry 216	50000560
	constant pool entry 215	5000025c
	constant pool entry 214	50000550
	constant pool entry 212	50000118
	constant pool entry 211	5000048f
	constant pool entry 209	500005c5
	constant pool entry 208	50000557
	constant pool entry 203	5000048d
	constant pool entry 201	50000556
	constant pool entry 199	5000002f
	constant pool entry 195	500000ef
	constant pool entry 194	50000152
	constant pool entry 192	50000121
	constant pool entry 191	5000016e
	constant pool entry 189	500000be
	constant pool entry 188	5000011d
	constant pool entry 186	5000011b
	constant pool entry 185	5000011c
	constant pool entry 21	50000dd8
	constant pool entry 20	50000dd7
	constant pool entry 19	50000dd6
	constant pool entry 18	50000dd5
	constant pool entry 17	50000dd4
	constant pool entry 15	50000dd3
	constant pool entry 14	50000dd2
	constant pool entry 13	50000dd1
	constant pool entry 12	50000dd0
	constant pool entry 9	50000dcd
	constant pool entry 7	50000dcc
	constant pool entry 6	50000dcb
	constant pool entry 5	50000dca
	constant pool entry 4	500005a0
	constant pool entry 3	5000059d
	constant pool entry 2	5000059e
	constant pool entry 1	5000059c
CLS 5000048e (name=sun.misc.JavaUtilJarAccess, trace=300242)
CLS 5000048f (name=java.util.jar.JavaUtilJarAccessImpl, trace=300242)
	super		50000172
	constant pool entry 25	5000048d
	constant pool entry 24	50000172
CLS 50000499 (name=java.nio.charset.StandardCharsets, trace=300248)
	super		50000172
	static US_ASCII	5000049e
	static ISO_8859_1	500004b0
	static UTF_8	50000226
	static UTF_16BE	500004c6
	static UTF_16LE	500004d8
	static UTF_16	500004ea
	constant pool entry 35	50000499
	constant pool entry 34	5000008e
	constant pool entry 7	50000db0
	constant pool entry 6	50001183
	constant pool entry 5	50001182
	constant pool entry 4	50001181
	constant pool entry 3	50001180
	constant pool entry 1	5000117f
CLS 5000049d (name=sun.nio.cs.US_ASCII, trace=300249)
	super		5000008e
	constant pool entry 27	5000008b
	constant pool entry 25	5000008e
	constant pool entry 2	50001180
CLS 500004a8 (name=sun.nio.cs.ISO_8859_1, trace=300128)
	super		5000008e
	constant pool entry 33	5000008b
	constant pool entry 27	5000008e
	constant pool entry 1	5000117f
CLS 500004be (name=sun.nio.cs.UTF_16BE, trace=300128)
	super		5000021d
	constant pool entry 26	5000021d
	constant pool entry 22	5000008b
	constant pool entry 1	50001182
CLS 500004d0 (name=sun.nio.cs.UTF_16LE, trace=300128)
	super		5000021d
	constant pool entry 26	5000021d
	constant pool entry 22	5000008b
	constant pool entry 1	50001183
CLS 500004e0 (name=com.sun.tools.javac.util.AbstractDiagnosticFormatter$1, trace=300673)
	super		50000477
	loader		500003b3
	domain		5000083f
	constant pool entry 33	500004e0
	constant pool entry 29	50000477
CLS 500004e2 (name=sun.nio.cs.UTF_16, trace=300128)
	super		5000021d
	constant pool entry 24	5000021d
	constant pool entry 20	5000008b
	constant pool entry 1	50001181
CLS 500004f2 (name=java.util.Queue, trace=300261)
CLS 500004f3 (name=java.util.Deque, trace=300261)
CLS 500004f4 (name=java.util.ArrayDeque, trace=300261)
	super		500000e5
	constant pool entry 267	500000f7
	constant pool entry 137	500000e5
	constant pool entry 134	50000172
	constant pool entry 128	5000016a
	constant pool entry 3	500004f4
CLS 500004f7 (name=java.util.zip.ZipCoder, trace=300264)
	super		50000172
	constant pool entry 195	500000f7
	constant pool entry 86	5000007a
	constant pool entry 85	50000039
	constant pool entry 84	500004f7
	constant pool entry 83	50000095
	constant pool entry 82	50000499
	constant pool entry 81	50000077
	constant pool entry 79	50000079
	constant pool entry 78	50000038
	constant pool entry 77	5000008e
	constant pool entry 74	5000016e
	constant pool entry 73	50000172
	constant pool entry 1	500005a2
CLS 500004f9 (name=sun.misc.PerfCounter, trace=300266)
	super		50000172
	static perf	500004fd
	constant pool entry 80	500004fe
	constant pool entry 79	500004f9
	constant pool entry 78	500004fa
	constant pool entry 77	500004fc
	constant pool entry 76	500000ef
	constant pool entry 75	50000505
	constant pool entry 74	50000073
	constant pool entry 73	50000076
	constant pool entry 72	50000167
	constant pool entry 70	50000172
CLS 500004fa (name=sun.misc.Perf$GetPerfAction, trace=300267)
	super		50000172
	constant pool entry 18	500004fa
	constant pool entry 17	500004fc
	constant pool entry 15	50000172
CLS 500004fc (name=sun.misc.Perf, trace=300269)
	super		50000172
	static instance	500004fd
	constant pool entry 78	500004fc
	constant pool entry 75	50000167
	constant pool entry 71	50000172
CLS 500004fe (name=sun.misc.PerfCounter$CoreCounters, trace=300271)
	super		50000172
	static pdt	500004ff
	static lc	50000508
	static lct	5000050b
	static rcbt	5000050e
	static zfc	50000511
	static zfot	50000514
	constant pool entry 32	500004fe
	constant pool entry 31	500004f9
	constant pool entry 6	50001110
	constant pool entry 5	5000110f
	constant pool entry 4	5000110e
	constant pool entry 3	5000110d
	constant pool entry 2	5000110c
	constant pool entry 1	50001109
CLS 50000500 (name=sun.nio.ch.DirectBuffer, trace=300273)
CLS 50000501 (name=java.nio.MappedByteBuffer, trace=300273)
	super		50000076
	constant pool entry 44	50000501
	constant pool entry 43	50000076
CLS 50000502 (name=java.nio.DirectByteBuffer, trace=300273)
	super		50000501
	static unsafe	50000d30
	constant pool entry 241	50000120
	constant pool entry 238	50000501
	constant pool entry 231	50000506
	constant pool entry 202	50000074
	constant pool entry 196	5000016a
	constant pool entry 2	50000502
	constant pool entry 1	50000176
CLS 50000505 (name=java.nio.LongBuffer, trace=300276)
	super		50000112
	constant pool entry 94	50000505
	constant pool entry 90	50000112
CLS 50000506 (name=java.nio.DirectLongBufferU, trace=300276)
	super		50000505
	static unsafe	50000d30
	constant pool entry 90	50000500
	constant pool entry 89	50000120
	constant pool entry 88	50000505
	constant pool entry 83	50000074
	constant pool entry 81	5000016a
	constant pool entry 2	50000506
	constant pool entry 1	50000173
CLS 50000517 (name=sun.misc.JarIndex, trace=300283)
	super		50000172
	static INDEX_NAME	50001854
	constant pool entry 150	50000084
	constant pool entry 148	50000517
	constant pool entry 145	5000048d
	constant pool entry 135	500000ef
	constant pool entry 133	5000016e
	constant pool entry 10	5000060f
	constant pool entry 9	50001855
	constant pool entry 6	50001854
CLS 5000051f (name=sun.misc.ExtensionDependency, trace=300288)
	super		50000172
	constant pool entry 208	5000051f
CLS 50000550 (name=java.util.zip.ZipEntry, trace=300331)
	super		50000172
	constant pool entry 143	50000550
	constant pool entry 140	500000b9
	constant pool entry 138	5000016e
	constant pool entry 137	50000172
	constant pool entry 4	5000117d
	constant pool entry 2	50000d72
CLS 50000556 (name=java.util.jar.JarEntry, trace=300336)
	super		50000550
	constant pool entry 25	50000550
CLS 50000557 (name=java.util.jar.JarFile$JarFileEntry, trace=300336)
	super		50000556
	constant pool entry 38	50000557
	constant pool entry 37	5000048d
	constant pool entry 36	50000556
CLS 5000055c (name=java.util.zip.ZipFile$ZipFileInputStream, trace=300341)
	super		5000011d
	constant pool entry 55	5000055c
	constant pool entry 54	5000025c
	constant pool entry 53	50000147
	constant pool entry 50	5000011d
CLS 50000560 (name=sun.misc.IOUtils, trace=300344)
	super		50000172
	constant pool entry 69	500000f7
	constant pool entry 41	50000095
	constant pool entry 38	500000be
	constant pool entry 37	5000011d
CLS 50000586 (name=sun.misc.Resource, trace=300367)
	super		50000172
	constant pool entry 100	500000f7
	constant pool entry 61	500007a9
	constant pool entry 60	50000586
	constant pool entry 59	50000095
	constant pool entry 57	5000014a
	constant pool entry 56	50000172
	constant pool entry 55	500000be
	constant pool entry 53	5000011d
CLS 50000587 (name=sun.misc.URLClassPath$JarLoader$2, trace=300367)
	super		50000586
	constant pool entry 42	50000587
	constant pool entry 41	5000025a
	constant pool entry 39	50000586
	constant pool entry 38	5000048d
	constant pool entry 37	50000556
CLS 50000595 (name=java.util.jar.Attributes, trace=300376)
	super		50000172
	constant pool entry 127	50000599
	constant pool entry 125	500005a8
	constant pool entry 122	50000147
	constant pool entry 120	500000c6
	constant pool entry 116	5000016e
	constant pool entry 115	50000172
	constant pool entry 11	50000595
	constant pool entry 5	500011fc
CLS 50000599 (name=java.util.jar.Manifest$FastInputStream, trace=300380)
	super		500000ac
	constant pool entry 80	500000f7
	constant pool entry 44	50000599
	constant pool entry 42	50000167
	constant pool entry 40	5000011d
	constant pool entry 38	500000ac
CLS 500005a8 (name=java.util.jar.Attributes$Name, trace=300388)
	super		50000172
	static MANIFEST_VERSION	500005a9
	static SIGNATURE_VERSION	500005aa
	static CONTENT_TYPE	500005ab
	static CLASS_PATH	500005ac
	static MAIN_CLASS	500005ad
	static SEALED	500005ae
	static EXTENSION_LIST	500005af
	static EXTENSION_NAME	500005b0
	static EXTENSION_INSTALLATION	500005b1
	static IMPLEMENTATION_TITLE	500005b2
	static IMPLEMENTATION_VERSION	500005b3
	static IMPLEMENTATION_VENDOR	500005b4
	static IMPLEMENTATION_VENDOR_ID	500005b5
	static IMPLEMENTATION_URL	500005b6
	static SPECIFICATION_TITLE	500005b7
	static SPECIFICATION_VERSION	500005b8
	static SPECIFICATION_VENDOR	500005b9
	constant pool entry 103	500005bb
	constant pool entry 102	500005a8
	constant pool entry 99	5000016e
	constant pool entry 98	50000172
	constant pool entry 17	50001822
	constant pool entry 16	50001821
	constant pool entry 15	50001820
	constant pool entry 14	5000181f
	constant pool entry 13	5000181e
	constant pool entry 12	5000181d
	constant pool entry 11	5000181c
	constant pool entry 10	5000181b
	constant pool entry 9	5000181a
	constant pool entry 8	50001819
	constant pool entry 7	5000180e
	constant pool entry 6	5000180d
	constant pool entry 5	5000180c
	constant pool entry 4	5000180b
	constant pool entry 3	5000180a
	constant pool entry 2	50001809
	constant pool entry 1	50001808
CLS 500005bb (name=sun.misc.ASCIICaseInsensitiveComparator, trace=300407)
	super		50000172
	static CASE_INSENSITIVE_ORDER	500005bc
	constant pool entry 38	5000016e
	constant pool entry 37	50000172
	constant pool entry 36	5000016a
	constant pool entry 1	500005bb
CLS 500005c5 (name=java.util.jar.JarVerifier, trace=300410)
	super		50000172
	constant pool entry 553	500000f7
	constant pool entry 242	50000786
	constant pool entry 240	5000004d
	constant pool entry 236	500005cd
	constant pool entry 233	500005c5
	constant pool entry 231	50000556
	constant pool entry 228	5000002f
	constant pool entry 225	50000145
	constant pool entry 223	500000c6
	constant pool entry 220	500000dd
	constant pool entry 213	500005ca
	constant pool entry 210	5000016e
	constant pool entry 209	50000172
	constant pool entry 206	500005d6
	constant pool entry 11	50000de1
	constant pool entry 8	50000dca
	constant pool entry 6	50001836
CLS 500005ca (name=java.security.CodeSigner, trace=300415)
	super		50000172
CLS 500005cb (name=java.security.CodeSigner[], trace=300416)
	super		50000172
CLS 500005cd (name=java.util.jar.JarVerifier$3, trace=300417)
	super		50000172
	constant pool entry 24	500005cd
	constant pool entry 20	50000172
CLS 500005d6 (name=java.io.ByteArrayOutputStream, trace=300426)
	super		500000ae
	constant pool entry 111	500000f7
	constant pool entry 57	500000ae
	constant pool entry 55	500005d6
CLS 500005db (name=java.lang.Package, trace=300431)
	super		50000172
	static pkgs	500005dc
	static urls	500005dd
	static mans	500005de
	constant pool entry 178	50000147
	constant pool entry 177	500000c6
	constant pool entry 170	5000016e
	constant pool entry 168	500005db
	constant pool entry 167	50000172
	constant pool entry 5	50000d72
CLS 500005ee (name=sun.security.util.SignatureFileVerifier, trace=300445)
	super		50000172
	static JAR_DISABLED_CHECK	50000620
	static ATTR_DIGEST	5000077b
	static hexc	5000077d
	constant pool entry 602	500000f7
	constant pool entry 317	500005ee
	constant pool entry 314	500005f1
	constant pool entry 313	5000004d
	constant pool entry 300	5000002f
	constant pool entry 279	5000016e
	constant pool entry 47	50000de2
	constant pool entry 46	50000de1
	constant pool entry 20	500005a0
	constant pool entry 19	5000059d
	constant pool entry 18	5000059e
	constant pool entry 17	5000059c
	constant pool entry 14	50000ddb
CLS 500005ef (name=java.security.AlgorithmConstraints, trace=300446)
CLS 500005f0 (name=sun.security.util.AbstractAlgorithmConstraints, trace=300446)
	super		50000172
	constant pool entry 55	50000621
	constant pool entry 54	500005f0
	constant pool entry 50	500000ef
	constant pool entry 49	5000016e
	constant pool entry 48	50000172
	constant pool entry 1	50000e1a
CLS 500005f1 (name=sun.security.util.DisabledAlgorithmConstraints, trace=300446)
	super		500005f0
	static PROPERTY_CERTPATH_DISABLED_ALGS	50000e0a
	static PROPERTY_TLS_DISABLED_ALGS	50000e09
	static PROPERTY_JAR_DISABLED_ALGS	50000de2
	constant pool entry 88	50000701
	constant pool entry 85	500005f1
	constant pool entry 84	5000004d
	constant pool entry 82	500005f2
	constant pool entry 81	500005f0
	constant pool entry 4	50000e08
CLS 500005f2 (name=sun.security.util.AlgorithmDecomposer, trace=300447)
	super		50000172
	static transPattern	500005fa
	static pattern	5000060c
	constant pool entry 123	500000f7
	constant pool entry 77	500005f2
	constant pool entry 76	500005f3
	constant pool entry 73	50000095
	constant pool entry 72	5000016e
	constant pool entry 71	50000172
	constant pool entry 16	50000de5
	constant pool entry 5	50000de4
	constant pool entry 4	50000de3
	constant pool entry 3	50000d72
	constant pool entry 2	50000da5
	constant pool entry 1	5000059a
CLS 500005f3 (name=java.util.regex.Pattern, trace=300448)
	super		50000172
	static lookbehindEnd	500005f6
	static accept	500005f7
	static lastAccept	500005f9
	constant pool entry 1240	500000f7
	constant pool entry 597	50000608
	constant pool entry 591	50000613
	constant pool entry 590	50000605
	constant pool entry 586	50000602
	constant pool entry 579	500005f4
	constant pool entry 574	500005f8
	constant pool entry 569	500005fd
	constant pool entry 567	50000607
	constant pool entry 555	50000617
	constant pool entry 554	50000619
	constant pool entry 551	5000070a
	constant pool entry 545	50000606
	constant pool entry 539	500005f5
	constant pool entry 534	5000070e
	constant pool entry 533	50000611
	constant pool entry 517	5000016e
	constant pool entry 516	50000172
	constant pool entry 512	5000016a
	constant pool entry 509	50000110
	constant pool entry 34	500005f3
CLS 500005f4 (name=java.util.regex.Pattern$Node, trace=300449)
	super		50000172
	constant pool entry 29	5000060a
	constant pool entry 28	500005f4
	constant pool entry 27	500005f3
	constant pool entry 25	50000172
CLS 500005f5 (name=java.util.regex.Pattern$4, trace=300449)
	super		500005f4
	constant pool entry 20	500005f4
CLS 500005f8 (name=java.util.regex.Pattern$LastNode, trace=300452)
	super		500005f4
	constant pool entry 24	500005f4
CLS 500005fd (name=java.util.regex.Pattern$GroupHead, trace=300457)
	super		500005f4
CLS 500005fe (name=java.util.regex.Pattern$GroupHead[], trace=300458)
	super		50000172
CLS 50000600 (name=java.util.regex.Pattern$CharProperty, trace=300459)
	super		500005f4
	constant pool entry 39	5000060a
	constant pool entry 38	500005f4
	constant pool entry 36	50000600
CLS 50000601 (name=java.util.regex.Pattern$BmpCharProperty, trace=300459)
	super		50000600
	constant pool entry 31	50000600
	constant pool entry 30	50000601
CLS 50000602 (name=java.util.regex.Pattern$Single, trace=300459)
	super		50000601
	constant pool entry 19	50000602
	constant pool entry 18	50000601
CLS 50000604 (name=java.util.regex.Pattern$SliceNode, trace=300461)
	super		500005f4
	constant pool entry 23	5000060a
	constant pool entry 22	50000604
	constant pool entry 21	500005f4
CLS 50000605 (name=java.util.regex.Pattern$Slice, trace=300461)
	super		50000604
	constant pool entry 31	50000604
	constant pool entry 30	50000605
	constant pool entry 27	5000070e
	constant pool entry 26	5000016f
CLS 50000606 (name=java.util.regex.Pattern$Begin, trace=300462)
	super		500005f4
CLS 50000607 (name=java.util.regex.Pattern$First, trace=300463)
	super		500005f4
CLS 50000608 (name=java.util.regex.Pattern$Start, trace=300464)
	super		500005f4
	constant pool entry 33	5000060a
	constant pool entry 32	50000608
	constant pool entry 31	500005f4
	constant pool entry 29	5000070e
CLS 5000060a (name=java.util.regex.Pattern$TreeInfo, trace=300466)
	super		50000172
	constant pool entry 19	5000060a
	constant pool entry 17	50000172
CLS 50000611 (name=java.util.regex.ASCII, trace=300473)
	super		50000172
	static ctype	50000612
	constant pool entry 104	500000f7
	constant pool entry 89	50000611
CLS 50000613 (name=java.util.regex.Pattern$SliceI, trace=300475)
	super		50000604
	constant pool entry 35	50000604
CLS 50000617 (name=java.util.regex.Pattern$BranchConn, trace=300477)
	super		500005f4
	constant pool entry 20	5000060a
	constant pool entry 19	500005f4
CLS 50000619 (name=java.util.regex.Pattern$Branch, trace=300479)
	super		500005f4
	constant pool entry 81	500000f7
	constant pool entry 39	5000060a
	constant pool entry 38	500005f4
	constant pool entry 37	50000619
	constant pool entry 34	500000be
CLS 5000061b (name=java.util.regex.Pattern$Node[], trace=300481)
	super		50000172
CLS 50000621 (name=sun.security.util.AbstractAlgorithmConstraints$1, trace=300484)
	super		50000172
	constant pool entry 27	50000621
	constant pool entry 25	50000623
	constant pool entry 23	50000172
CLS 50000623 (name=java.security.Security, trace=300486)
	super		50000172
	static props	50000626
	static spiMap	500006ea
	constant pool entry 302	5000004d
	constant pool entry 297	5000002b
	constant pool entry 295	50000144
	constant pool entry 282	50000624
	constant pool entry 281	50000623
	constant pool entry 275	500000ef
	constant pool entry 272	50000167
	constant pool entry 271	50000121
	constant pool entry 270	5000016e
	constant pool entry 261	5000011d
	constant pool entry 259	500000b3
	constant pool entry 258	5000011b
	constant pool entry 257	500000ab
	constant pool entry 42	5000060f
	constant pool entry 31	50000e21
	constant pool entry 30	50000d4f
	constant pool entry 27	50000e20
	constant pool entry 23	50000e1f
	constant pool entry 22	50000e1c
	constant pool entry 20	50000e1b
	constant pool entry 19	50000dd0
CLS 50000624 (name=java.security.Security$1, trace=300487)
	super		50000172
	constant pool entry 19	50000624
	constant pool entry 18	50000623
	constant pool entry 16	50000172
CLS 50000635 (name=java.util.Properties$LineReader, trace=300501)
	super		50000172
	constant pool entry 74	500000f7
	constant pool entry 40	50000635
	constant pool entry 38	50000167
	constant pool entry 37	50000172
	constant pool entry 35	5000011d
CLS 500006f6 (name=java.util.ArrayList$SubList, trace=300522)
	super		500000e4
	constant pool entry 65	500006f9
	constant pool entry 64	500006f6
	constant pool entry 62	500000dd
	constant pool entry 61	500000e4
CLS 500006f8 (name=java.util.ListIterator, trace=300524)
CLS 500006f9 (name=java.util.ArrayList$SubList$1, trace=300524)
	super		50000172
	constant pool entry 59	500006f9
	constant pool entry 58	500006f6
	constant pool entry 57	500000dd
	constant pool entry 56	50000172
CLS 500006fa (name=com.sun.source.tree.Tree, trace=300673)
	loader		500003b3
CLS 50000701 (name=sun.security.util.DisabledAlgorithmConstraints$Constraints, trace=300528)
	super		50000172
	constant pool entry 169	5000074a
	constant pool entry 168	5000071c
	constant pool entry 165	50000701
	constant pool entry 164	5000074d
	constant pool entry 162	500005f1
	constant pool entry 159	500005f2
	constant pool entry 156	50000042
	constant pool entry 154	50000147
	constant pool entry 153	5000002f
	constant pool entry 152	500000e7
	constant pool entry 151	500000b7
	constant pool entry 149	500000c6
	constant pool entry 148	500000e8
	constant pool entry 147	500000dd
	constant pool entry 141	5000016e
	constant pool entry 140	50000172
	constant pool entry 139	5000010a
	constant pool entry 15	50000e07
	constant pool entry 3	50000e06
CLS 50000708 (name=com.sun.tools.javac.tree.JCTree, trace=300673)
	super		50000172
	loader		500003b3
CLS 5000070a (name=java.util.regex.Pattern$BnM, trace=300537)
	super		500005f4
	constant pool entry 100	500000f7
	constant pool entry 49	500011d0
	constant pool entry 48	50000605
	constant pool entry 47	500005f4
	constant pool entry 45	5000070a
	constant pool entry 43	5000070e
CLS 5000070d (name=java.util.regex.MatchResult, trace=300540)
CLS 5000070e (name=java.util.regex.Matcher, trace=300540)
	super		50000172
	constant pool entry 345	500000f7
	constant pool entry 184	500005f4
	constant pool entry 183	500005f3
	constant pool entry 182	5000070e
	constant pool entry 175	5000016e
	constant pool entry 174	50000172
	constant pool entry 172	500000be
	constant pool entry 167	5000016f
CLS 50000715 (name=java.util.Arrays$ArrayList, trace=300547)
	super		500000e4
	constant pool entry 60	500000b9
	constant pool entry 59	50000715
	constant pool entry 57	500000e4
	constant pool entry 53	50000108
CLS 50000717 (name=java.util.AbstractList$Itr, trace=300549)
	super		50000172
	constant pool entry 40	50000717
	constant pool entry 38	500000e4
	constant pool entry 37	50000172
CLS 5000071b (name=sun.security.util.DisabledAlgorithmConstraints$Constraint, trace=300553)
	super		50000172
	constant pool entry 47	5000071b
	constant pool entry 39	50000172
CLS 5000071c (name=sun.security.util.DisabledAlgorithmConstraints$DisabledConstraint, trace=300553)
	super		5000071b
	constant pool entry 35	5000071c
	constant pool entry 34	5000071b
CLS 5000074a (name=sun.security.util.DisabledAlgorithmConstraints$KeySizeConstraint, trace=300563)
	super		5000071b
	constant pool entry 86	5000074a
	constant pool entry 85	5000074d
	constant pool entry 84	5000071b
	constant pool entry 83	50000759
CLS 5000074d (name=sun.security.util.DisabledAlgorithmConstraints$Constraint$Operator, trace=300565)
	super		50000068
	static EQ	5000074e
	static NE	5000074f
	static LT	50000750
	static LE	50000751
	static GT	50000752
	static GE	50000753
	static $VALUES	50000755
	constant pool entry 112	500000f7
	constant pool entry 64	5000016e
	constant pool entry 62	50000068
	constant pool entry 61	50000754
	constant pool entry 15	5000074d
	constant pool entry 14	50000dfd
	constant pool entry 13	50000dfc
	constant pool entry 12	50000dfb
	constant pool entry 11	50000dfa
	constant pool entry 10	50000df9
	constant pool entry 8	50000df8
	constant pool entry 3	50000df7
CLS 50000754 (name=sun.security.util.DisabledAlgorithmConstraints$Constraint$Operator[], trace=300572)
	super		50000172
CLS 50000759 (name=sun.security.util.DisabledAlgorithmConstraints$1, trace=300575)
	super		50000172
	static $SwitchMap$sun$security$util$DisabledAlgorithmConstraints$Constraint$Operator	5000075a
	constant pool entry 56	500000f7
	constant pool entry 31	5000074d
	constant pool entry 29	50000759
CLS 50000786 (name=sun.security.util.ManifestEntryVerifier, trace=300581)
	super		50000172
	static hexc	50000787
	constant pool entry 286	500000f7
	constant pool entry 147	50000786
	constant pool entry 146	5000004d
	constant pool entry 135	500000c6
	constant pool entry 132	500000dd
	constant pool entry 125	50000172
	constant pool entry 10	50000de1
CLS 500007a9 (name=sun.nio.ByteBuffered, trace=300597)
CLS 500007ad (name=java.security.PermissionCollection, trace=300601)
	super		50000172
	constant pool entry 46	500007ad
	constant pool entry 43	50000172
CLS 500007ae (name=java.security.Permissions, trace=300601)
	super		500007ad
	static serialPersistentFields	500007af
	constant pool entry 214	500000f7
	constant pool entry 114	50000147
	constant pool entry 112	500000c6
	constant pool entry 105	500007ae
	constant pool entry 104	500000f2
	constant pool entry 103	50000816
	constant pool entry 100	50000172
	constant pool entry 96	500000fc
	constant pool entry 6	50000145
	constant pool entry 5	50000817
	constant pool entry 4	500007ad
	constant pool entry 3	5000198a
	constant pool entry 1	50001989
CLS 500007d1 (name=com.sun.source.tree.ExpressionTree, trace=300673)
	loader		500003b3
CLS 500007d2 (name=com.sun.tools.javac.tree.JCTree$JCExpression, trace=300673)
	super		50000708
	loader		500003b3
CLS 500007e0 (name=java.net.URLConnection, trace=300626)
	super		50000172
	static handlers	500007e3
	static contentClassPrefix	50000da1
	static contentPathProp	50000da0
	constant pool entry 303	50000145
	constant pool entry 296	500007e0
	constant pool entry 288	50000172
CLS 500007e1 (name=sun.net.www.URLConnection, trace=300626)
	super		500007e0
	static proxiedHosts	500007e5
	constant pool entry 113	500007e1
	constant pool entry 112	500007e7
	constant pool entry 111	500000c6
	constant pool entry 109	500007e0
CLS 500007e2 (name=sun.net.www.protocol.file.FileURLConnection, trace=300626)
	super		500007e1
	static CONTENT_LENGTH	50000d97
	static CONTENT_TYPE	50000d98
	static TEXT_PLAIN	50000d9b
	static LAST_MODIFIED	50000d99
	constant pool entry 159	500007e2
	constant pool entry 158	500007e1
	constant pool entry 157	50000012
	constant pool entry 143	50000119
	constant pool entry 139	5000016e
	constant pool entry 137	500007f7
	constant pool entry 134	5000011b
	constant pool entry 10	50000d9b
	constant pool entry 9	50000d9a
	constant pool entry 8	50000d99
	constant pool entry 7	50000d98
	constant pool entry 6	50000d97
CLS 500007e7 (name=sun.net.www.MessageHeader, trace=300631)
	super		50000172
	constant pool entry 250	500000f7
	constant pool entry 134	500007e7
	constant pool entry 120	5000016e
	constant pool entry 119	50000172
CLS 500007f7 (name=java.io.FilePermission, trace=300640)
	super		500000f2
	constant pool entry 133	500000f2
	constant pool entry 132	500000ef
	constant pool entry 130	5000016e
	constant pool entry 122	50000802
	constant pool entry 121	500007fb
	constant pool entry 120	500007f7
	constant pool entry 8	50000d9a
	constant pool entry 2	5000198f
CLS 500007fb (name=java.io.FilePermission$1, trace=300644)
	super		50000172
	constant pool entry 45	5000016e
	constant pool entry 44	50000172
	constant pool entry 42	500007fb
	constant pool entry 41	500007f7
	constant pool entry 40	5000011b
	constant pool entry 1	50000639
CLS 50000802 (name=java.io.FilePermissionCollection, trace=300647)
	super		500007ad
	static serialPersistentFields	50000803
	constant pool entry 176	500000f7
	constant pool entry 99	500000e7
	constant pool entry 96	500000dd
	constant pool entry 95	500007ad
	constant pool entry 86	500000fc
	constant pool entry 80	50000802
	constant pool entry 79	500007f7
	constant pool entry 4	500000e3
	constant pool entry 3	500006e9
CLS 50000816 (name=java.security.AllPermission, trace=300653)
	super		500000f2
CLS 50000817 (name=java.security.UnresolvedPermission, trace=300654)
	super		500000f2
CLS 50000819 (name=java.security.BasicPermissionCollection, trace=300656)
	super		500007ad
	static serialPersistentFields	5000081a
	constant pool entry 227	500000f7
	constant pool entry 123	50000147
	constant pool entry 122	500000c6
	constant pool entry 119	500007ad
	constant pool entry 117	50000819
	constant pool entry 116	500000f1
	constant pool entry 113	5000016e
	constant pool entry 111	50000172
	constant pool entry 108	50000111
	constant pool entry 106	500000fc
	constant pool entry 9	50000145
	constant pool entry 8	5000016a
	constant pool entry 7	500006e9
	constant pool entry 6	500006ae
	constant pool entry 3	50000666
	constant pool entry 1	50000639
CLS 50000837 (name=com.sun.tools.javac.api.DiagnosticFormatter$Configuration, trace=300673)
	loader		500003b3
	domain		5000083f
CLS 50000852 (name=com.sun.tools.javac.Main, trace=300673)
	super		50000172
	loader		500003b3
	domain		5000083f
	constant pool entry 31	50000167
	constant pool entry 29	50000163
	constant pool entry 28	50000395
	constant pool entry 27	500008c7
	constant pool entry 26	50000852
	constant pool entry 1	50002d9a
CLS 50000853 (name=sun.launcher.LauncherHelper$FXHelper, trace=300674)
	super		50000172
	static JAVAFX_APPLICATION_MARKER	50002f50
	static JAVAFX_APPLICATION_CLASS_NAME	50002f4c
	static JAVAFX_LAUNCHER_CLASS_NAME	50002f4f
	static JAVAFX_LAUNCH_MODE_CLASS	50002f4e
	static JAVAFX_LAUNCH_MODE_JAR	50002f4d
	constant pool entry 104	50000853
	constant pool entry 90	5000016a
	constant pool entry 11	5000016e
	constant pool entry 8	50002f4c
CLS 50000855 (name=java.lang.Class$MethodArray, trace=300676)
	super		50000172
	constant pool entry 128	500000f7
	constant pool entry 60	5000013e
	constant pool entry 59	50000172
	constant pool entry 57	50000855
CLS 50000857 (name=java.lang.reflect.Method[], trace=300678)
	super		50000172
CLS 50000867 (name=java.io.PrintWriter, trace=300680)
	super		50000091
	constant pool entry 126	50000084
	constant pool entry 122	500000ef
	constant pool entry 116	5000016e
	constant pool entry 112	50000091
	constant pool entry 110	50000867
	constant pool entry 109	50000093
	constant pool entry 108	50000090
	constant pool entry 101	5000006f
	constant pool entry 4	500005c9
CLS 50000869 (name=java.lang.Void, trace=300682)
	super		50000172
	static TYPE	50000571
	constant pool entry 19	50000869
	constant pool entry 17	5000016a
	constant pool entry 1	50002f4a
CLS 500008ad (name=com.sun.tools.javac.util.AbstractDiagnosticFormatter$SimpleConfiguration, trace=300673)
	super		50000172
	loader		500003b3
	domain		5000083f
	constant pool entry 105	50000147
	constant pool entry 104	500000c6
	constant pool entry 103	5000161d
	constant pool entry 99	50000172
	constant pool entry 97	5000010a
	constant pool entry 96	50000f91
	constant pool entry 95	500008ad
	constant pool entry 93	500009ce
	constant pool entry 12	50002d64
	constant pool entry 11	50002d63
	constant pool entry 9	50002d62
	constant pool entry 5	50002d61
CLS 500008c7 (name=com.sun.tools.javac.main.Main, trace=300673)
	super		50000172
	loader		500003b3
	domain		5000083f
	static javacBundleName	50000cc1
	constant pool entry 782	500000f7
	constant pool entry 353	500000db
	constant pool entry 352	500010c7
	constant pool entry 350	500000e8
	constant pool entry 344	50000167
	constant pool entry 342	5000016e
	constant pool entry 338	50000172
	constant pool entry 331	50000110
	constant pool entry 329	50000867
	constant pool entry 323	50000f91
	constant pool entry 320	50001bed
	constant pool entry 319	50001164
	constant pool entry 318	50001abb
	constant pool entry 315	50001679
	constant pool entry 311	50000b8e
	constant pool entry 310	50000395
	constant pool entry 309	500009bc
	constant pool entry 308	500008c7
	constant pool entry 306	500011b5
	constant pool entry 305	50000926
	constant pool entry 303	50001726
	constant pool entry 301	50001839
	constant pool entry 296	50001617
	constant pool entry 38	50002d98
CLS 50000909 (name=com.sun.tools.javac.util.BasicDiagnosticFormatter$BasicConfiguration, trace=300673)
	super		500008ad
	loader		500003b3
	domain		5000083f
	constant pool entry 100	50000147
	constant pool entry 99	500000c6
	constant pool entry 98	5000161d
	constant pool entry 97	500009de
	constant pool entry 94	5000010a
	constant pool entry 93	50000f91
	constant pool entry 92	5000106d
	constant pool entry 91	50000909
	constant pool entry 89	500008ad
	constant pool entry 87	5000095f
	constant pool entry 13	50000a48
	constant pool entry 12	50002d5c
	constant pool entry 11	50002d5b
	constant pool entry 10	50002d5a
	constant pool entry 9	50002d59
	constant pool entry 5	50002d58
	constant pool entry 3	50002d57
	constant pool entry 1	50002d56
CLS 50000926 (name=com.sun.tools.javac.jvm.Target, trace=300673)
	super		50000068
	loader		500003b3
	domain		5000083f
	static JDK1_1	500002f3
	static JDK1_2	500002f4
	static JDK1_3	500002f5
	static JDK1_4	500002f6
	static JDK1_5	500002f7
	static JDK1_6	500002f8
	static JDK1_7	500002f9
	static JDK1_8	500002fa
	static targetKey	500002fd
	static MIN	500002f3
	static MAX	500002fa
	static tab	500002fe
	static DEFAULT	500002fa
	static $VALUES	500002fc
	constant pool entry 212	500000f7
	constant pool entry 117	50000147
	constant pool entry 116	500000c6
	constant pool entry 114	50000068
	constant pool entry 112	500014fe
	constant pool entry 109	500002fb
	constant pool entry 21	50000926
	constant pool entry 20	50002b2a
	constant pool entry 19	50002b29
	constant pool entry 18	50002b28
	constant pool entry 17	50002b27
	constant pool entry 16	50002b26
	constant pool entry 15	50002b25
	constant pool entry 14	50002b24
	constant pool entry 13	50002b3d
	constant pool entry 12	50002b23
	constant pool entry 11	50002b22
	constant pool entry 10	50002b21
	constant pool entry 9	50002b20
	constant pool entry 8	50002b1f
	constant pool entry 7	50002b1e
	constant pool entry 6	50002b1d
	constant pool entry 5	50002b1c
	constant pool entry 4	50001639
	constant pool entry 3	50002b1b
	constant pool entry 2	50002b1a
	constant pool entry 1	50002b3c
CLS 5000092e (name=java.util.concurrent.ConcurrentHashMap$ForwardingNode, trace=300689)
	super		50000024
	constant pool entry 28	50000024
	constant pool entry 27	5000092e
CLS 5000095f (name=com.sun.tools.javac.api.DiagnosticFormatter$Configuration$DiagnosticPart, trace=300673)
	super		50000068
	loader		500003b3
	domain		5000083f
	static SUMMARY	50000960
	static DETAILS	50000961
	static SOURCE	50000962
	static SUBDIAGNOSTICS	50000963
	static JLS	50000964
	static $VALUES	50000966
	constant pool entry 63	500000f7
	constant pool entry 32	50000068
	constant pool entry 29	50000965
	constant pool entry 6	5000095f
	constant pool entry 5	50002d70
	constant pool entry 4	50002d6f
	constant pool entry 3	50002b91
	constant pool entry 2	50002d6e
	constant pool entry 1	50002d6d
CLS 50000965 (name=com.sun.tools.javac.api.DiagnosticFormatter$Configuration$DiagnosticPart[], trace=301032)
	super		50000172
	loader		500003b3
CLS 50000975 (name=com.sun.tools.javac.main.OptionHelper, trace=300673)
	super		50000172
	loader		500003b3
	domain		5000083f
	constant pool entry 20	50000172
CLS 500009bc (name=com.sun.tools.javac.main.Main$1, trace=300673)
	super		50000975
	loader		500003b3
	domain		5000083f
	constant pool entry 35	50000f91
	constant pool entry 33	50000975
	constant pool entry 32	500009bc
	constant pool entry 31	500008c7
CLS 500009ce (name=com.sun.tools.javac.api.DiagnosticFormatter$Configuration$MultilineLimit, trace=300673)
	super		50000068
	loader		500003b3
	domain		5000083f
	static DEPTH	500009cf
	static LENGTH	500009d0
	static $VALUES	500009d2
	constant pool entry 51	500000f7
	constant pool entry 26	50000068
	constant pool entry 3	500009ce
	constant pool entry 2	50002d66
	constant pool entry 1	50002d65
CLS 500009d1 (name=com.sun.tools.javac.api.DiagnosticFormatter$Configuration$MultilineLimit[], trace=301037)
	super		50000172
	loader		500003b3
CLS 500009de (name=java.util.EnumMap, trace=300680)
	super		500000d7
	static NULL	500009e0
	static ZERO_LENGTH_ENUM_ARRAY	500009e1
	constant pool entry 321	500000f7
	constant pool entry 158	500000cc
	constant pool entry 157	50000054
	constant pool entry 145	500009df
	constant pool entry 144	500009de
	constant pool entry 141	500000d7
	constant pool entry 139	50000172
	constant pool entry 137	50000068
CLS 500009df (name=java.util.EnumMap$1, trace=301039)
	super		50000172
	constant pool entry 17	50000172
CLS 50000a19 (name=com.sun.tools.javac.util.ClientCodeException, trace=300673)
	super		50000162
	loader		500003b3
CLS 50000a1e (name=java.io.IOException, trace=300680)
	super		50000163
	constant pool entry 16	50000163
CLS 50000a1f (name=java.io.FileNotFoundException, trace=300680)
	super		50000a1e
	constant pool entry 28	50000a1e
CLS 50000a48 (name=com.sun.tools.javac.util.BasicDiagnosticFormatter$BasicConfiguration$BasicFormatKind, trace=300673)
	super		50000068
	loader		500003b3
	domain		5000083f
	static DEFAULT_POS_FORMAT	50000a54
	static DEFAULT_NO_POS_FORMAT	50000a55
	static DEFAULT_CLASS_FORMAT	50000a56
	static $VALUES	50000a58
	constant pool entry 55	500000f7
	constant pool entry 28	50000068
	constant pool entry 25	50000a57
	constant pool entry 4	50000a48
	constant pool entry 3	50002d77
	constant pool entry 2	50002d76
	constant pool entry 1	50002d75
CLS 50000a57 (name=com.sun.tools.javac.util.BasicDiagnosticFormatter$BasicConfiguration$BasicFormatKind[], trace=301049)
	super		50000172
	loader		500003b3
CLS 50000a75 (name=com.sun.tools.javac.util.FatalError, trace=300673)
	super		50000165
	loader		500003b3
CLS 50000abc (name=javax.lang.model.AnnotatedConstruct, trace=300680)
CLS 50000abd (name=javax.lang.model.element.Element, trace=300680)
CLS 50000ad6 (name=com.sun.tools.javac.processing.AnnotationProcessingError, trace=300673)
	super		50000165
	loader		500003b3
CLS 50000b15 (name=com.sun.tools.javac.code.AnnoConstruct, trace=300673)
	super		50000172
	loader		500003b3
CLS 50000b16 (name=com.sun.tools.javac.code.Symbol, trace=300673)
	super		50000b15
	loader		500003b3
CLS 50000b1c (name=com.sun.tools.javac.util.PropagatedException, trace=300673)
	super		50000162
	loader		500003b3
CLS 50000b25 (name=javax.annotation.processing.ProcessingEnvironment, trace=300680)
CLS 50000b32 (name=java.lang.IllegalStateException, trace=300680)
	super		50000162
CLS 50000b88 (name=com.sun.tools.javac.code.Symbol$TypeSymbol, trace=300673)
	super		50000b16
	loader		500003b3
CLS 50000b8e (name=com.sun.tools.javac.main.Option, trace=300673)
	super		50000068
	loader		500003b3
	domain		5000083f
	static G	500013bd
	static G_NONE	500013be
	static G_CUSTOM	50001418
	static XLINT	50001419
	static XLINT_CUSTOM	500015b6
	static XDOCLINT	500015b7
	static XDOCLINT_CUSTOM	500015b8
	static NOWARN	500015b9
	static VERBOSE	500015ba
	static DEPRECATION	500015bb
	static CLASSPATH	500015bc
	static CP	500015bd
	static SOURCEPATH	500015be
	static BOOTCLASSPATH	500015bf
	static XBOOTCLASSPATH_PREPEND	500015c0
	static XBOOTCLASSPATH_APPEND	500015c1
	static XBOOTCLASSPATH	500015c2
	static EXTDIRS	500015c3
	static DJAVA_EXT_DIRS	500015c4
	static ENDORSEDDIRS	500015c5
	static DJAVA_ENDORSED_DIRS	500015c6
	static PROC	500015cc
	static PROCESSOR	500015cd
	static PROCESSORPATH	500015ce
	static PARAMETERS	500015cf
	static D	500015d0
	static S	500015d1
	static H	500015d2
	static IMPLICIT	500015d8
	static ENCODING	500015d9
	static SOURCE	500015da
	static TARGET	500015db
	static PROFILE	500015dc
	static VERSION	500015dd
	static FULLVERSION	500015de
	static DIAGS	500015df
	static HELP	500015e0
	static A	500015e1
	static X	500015e2
	static J	500015e8
	static MOREINFO	500015e9
	static WERROR	500015ea
	static PROMPT	500015eb
	static DOE	500015ec
	static PRINTSOURCE	500015ed
	static WARNUNCHECKED	500015ee
	static XMAXERRS	500015ef
	static XMAXWARNS	500015f0
	static XSTDOUT	500015fa
	static XPRINT	500015fb
	static XPRINTROUNDS	500015fc
	static XPRINTPROCESSORINFO	500015fd
	static XPREFER	50001603
	static XPKGINFO	5000160a
	static O	5000160b
	static XJCOV	5000160c
	static PLUGIN	5000160d
	static XDIAGS	50001613
	static XD	50001614
	static AT	50001615
	static SOURCEFILE	50001616
	static $VALUES	50001618
	constant pool entry 943	500000f7
	constant pool entry 585	500000db
	constant pool entry 583	50000147
	constant pool entry 582	5000006a
	constant pool entry 580	5000161d
	constant pool entry 579	500000dc
	constant pool entry 578	50000121
	constant pool entry 577	5000016e
	constant pool entry 575	50000068
	constant pool entry 574	50000111
	constant pool entry 570	50000975
	constant pool entry 568	500013ad
	constant pool entry 567	50000bd6
	constant pool entry 566	50001405
	constant pool entry 565	50000e51
	constant pool entry 564	50000e0b
	constant pool entry 563	50000dc5
	constant pool entry 562	50000d7e
	constant pool entry 561	50000d37
	constant pool entry 560	50000cf1
	constant pool entry 559	50000caa
	constant pool entry 558	50001362
	constant pool entry 557	5000131b
	constant pool entry 556	500012d4
	constant pool entry 555	5000128d
	constant pool entry 554	50001246
	constant pool entry 553	500011ff
	constant pool entry 552	500011b8
	constant pool entry 551	50001172
	constant pool entry 550	50000c63
	constant pool entry 549	5000112b
	constant pool entry 548	500010e4
	constant pool entry 547	5000109d
	constant pool entry 546	50001056
	constant pool entry 545	5000100f
	constant pool entry 544	50000fb4
	constant pool entry 543	50000f6d
	constant pool entry 542	50000f26
	constant pool entry 541	50000edf
	constant pool entry 540	50000e98
	constant pool entry 539	50000c1c
	constant pool entry 538	5000146f
	constant pool entry 535	50001617
	constant pool entry 533	50002c17
	constant pool entry 532	50002c16
	constant pool entry 531	50002c15
	constant pool entry 530	50002c14
	constant pool entry 529	50002c13
	constant pool entry 528	50002c12
	constant pool entry 527	50002c11
	constant pool entry 526	50002c10
	constant pool entry 525	50002c0f
	constant pool entry 524	50002c0e
	constant pool entry 523	50002c0d
	constant pool entry 522	50002c0c
	constant pool entry 521	50002c0b
	constant pool entry 520	50002c0a
	constant pool entry 519	50002c09
	constant pool entry 518	50002c08
	constant pool entry 517	50002c07
	constant pool entry 516	50002c06
	constant pool entry 515	50002c05
	constant pool entry 514	50002c04
	constant pool entry 513	50002c03
	constant pool entry 512	50002c02
	constant pool entry 511	50002c01
	constant pool entry 510	50002c00
	constant pool entry 509	50002bff
	constant pool entry 508	50002bfe
	constant pool entry 507	50002bfd
	constant pool entry 506	50002bfc
	constant pool entry 505	50002bfb
	constant pool entry 504	50002bfa
	constant pool entry 503	50002bf9
	constant pool entry 502	50002bf8
	constant pool entry 501	50002bf7
	constant pool entry 500	50002bf6
	constant pool entry 499	50002bf5
	constant pool entry 498	50002bf4
	constant pool entry 497	50002bf3
	constant pool entry 496	50002bf2
	constant pool entry 495	50002bf1
	constant pool entry 494	50002bf0
	constant pool entry 493	50002bef
	constant pool entry 492	50002bee
	constant pool entry 491	50002bed
	constant pool entry 490	50002bec
	constant pool entry 489	50002beb
	constant pool entry 488	50002bea
	constant pool entry 487	50002be9
	constant pool entry 486	50002be8
	constant pool entry 485	50002be7
	constant pool entry 484	50002be6
	constant pool entry 483	50002be5
	constant pool entry 482	50002be4
	constant pool entry 481	50002be3
	constant pool entry 480	50002be2
	constant pool entry 479	50002be1
	constant pool entry 478	500005e3
	constant pool entry 477	50002be0
	constant pool entry 476	50002bdf
	constant pool entry 475	50002bde
	constant pool entry 474	50002bdd
	constant pool entry 473	50002bdc
	constant pool entry 472	50002bdb
	constant pool entry 471	50002bda
	constant pool entry 470	50002bd9
	constant pool entry 469	50002bd8
	constant pool entry 468	50002bd7
	constant pool entry 467	50002bd6
	constant pool entry 466	50002bd5
	constant pool entry 465	50002bd4
	constant pool entry 464	50002bd3
	constant pool entry 463	50002bd2
	constant pool entry 462	50002bd1
	constant pool entry 461	50002bd0
	constant pool entry 460	50002bcf
	constant pool entry 459	50002bce
	constant pool entry 458	50002bcd
	constant pool entry 457	50002bcc
	constant pool entry 456	50002bcb
	constant pool entry 455	50002bca
	constant pool entry 454	50002bc9
	constant pool entry 453	50002bc8
	constant pool entry 121	50000b8e
	constant pool entry 118	50002bc7
	constant pool entry 117	50002bc6
	constant pool entry 116	50002bc5
	constant pool entry 115	50002bc4
	constant pool entry 114	50002bc3
	constant pool entry 113	50002bc2
	constant pool entry 112	50002bc1
	constant pool entry 111	50002bc0
	constant pool entry 110	50002bbf
	constant pool entry 109	50002bbe
	constant pool entry 108	50002bbd
	constant pool entry 107	50002bbc
	constant pool entry 106	50002bbb
	constant pool entry 105	50002bba
	constant pool entry 104	50002bb9
	constant pool entry 103	50002bb8
	constant pool entry 102	50002bb7
	constant pool entry 101	50002bb6
	constant pool entry 100	50002bb5
	constant pool entry 99	50002bb4
	constant pool entry 98	50002bb3
	constant pool entry 97	50002bb2
	constant pool entry 96	50002bb1
	constant pool entry 95	50002bb0
	constant pool entry 94	50002baf
	constant pool entry 93	50002bae
	constant pool entry 92	50002bad
	constant pool entry 91	50002bac
	constant pool entry 90	50002bab
	constant pool entry 89	50002baa
	constant pool entry 88	50002ba9
	constant pool entry 87	50002ba8
	constant pool entry 86	50002ba7
	constant pool entry 85	50002ba6
	constant pool entry 84	50002ba5
	constant pool entry 83	50002ba4
	constant pool entry 82	50002ba3
	constant pool entry 81	50002ba2
	constant pool entry 80	50002ba1
	constant pool entry 79	50002ba0
	constant pool entry 78	50002b9f
	constant pool entry 77	50002b53
	constant pool entry 76	50002b9e
	constant pool entry 75	50002031
	constant pool entry 74	50002b9d
	constant pool entry 73	50002b9c
	constant pool entry 72	50002b9b
	constant pool entry 71	50002b9a
	constant pool entry 70	50002b99
	constant pool entry 69	50002b98
	constant pool entry 68	50002b97
	constant pool entry 67	50002b96
	constant pool entry 66	50002b95
	constant pool entry 65	50002b94
	constant pool entry 64	50002b93
	constant pool entry 63	50002b92
	constant pool entry 62	50002b91
	constant pool entry 61	50002b90
	constant pool entry 60	50002b8f
	constant pool entry 59	50002b8e
	constant pool entry 58	50002b8d
	constant pool entry 57	50002b8c
	constant pool entry 56	50002b8b
	constant pool entry 55	50002b8a
	constant pool entry 54	50002b89
	constant pool entry 53	50002b88
	constant pool entry 52	50002b87
	constant pool entry 51	50002b86
	constant pool entry 50	50002b85
	constant pool entry 49	50002b84
	constant pool entry 48	50002b83
	constant pool entry 47	50002b82
	constant pool entry 46	50002b81
	constant pool entry 45	50002b80
	constant pool entry 44	50002b7f
	constant pool entry 43	50002b7e
	constant pool entry 42	50002b7d
	constant pool entry 41	50002b7c
	constant pool entry 40	50002b7b
	constant pool entry 39	50002b7a
	constant pool entry 38	50002b79
	constant pool entry 37	50002b78
	constant pool entry 36	50002b77
	constant pool entry 35	50002b76
	constant pool entry 34	50002b75
	constant pool entry 33	50002b74
	constant pool entry 32	50002b73
	constant pool entry 31	50002b72
	constant pool entry 30	50002b71
	constant pool entry 29	50002b70
	constant pool entry 28	50002b6f
	constant pool entry 27	50002b6e
	constant pool entry 26	50002b6d
	constant pool entry 25	50002b6c
	constant pool entry 24	50002b6b
	constant pool entry 23	50002b6a
	constant pool entry 22	50002b69
	constant pool entry 21	50002b68
	constant pool entry 20	50002b67
	constant pool entry 19	50002b66
	constant pool entry 18	50002b65
	constant pool entry 17	50002b64
	constant pool entry 16	50002b63
	constant pool entry 15	50002b62
	constant pool entry 14	50002b61
	constant pool entry 13	50002b60
	constant pool entry 12	50002b5f
	constant pool entry 11	50002b5e
	constant pool entry 10	50002b5d
	constant pool entry 9	50002b5c
	constant pool entry 8	50002b5b
	constant pool entry 7	50002b5a
	constant pool entry 6	50002b59
	constant pool entry 5	50000da5
CLS 50000bd6 (name=com.sun.tools.javac.main.Option$OptionGroup, trace=300673)
	super		50000068
	loader		500003b3
	domain		5000083f
	static BASIC	500013b7
	static FILEMANAGER	500013b8
	static INFO	500013b9
	static OPERAND	500013ba
	static $VALUES	500013bc
	constant pool entry 56	500000f7
	constant pool entry 28	50000068
	constant pool entry 26	500013bb
	constant pool entry 5	50000bd6
	constant pool entry 4	50002c24
	constant pool entry 3	50002c23
	constant pool entry 2	50002c22
	constant pool entry 1	50002c20
CLS 50000be1 (name=javax.lang.model.type.TypeMirror, trace=300680)
CLS 50000be2 (name=com.sun.tools.javac.code.Type, trace=300673)
	super		50000b15
	loader		500003b3
CLS 50000c1c (name=com.sun.tools.javac.main.Option$1, trace=300673)
	super		50000b8e
	loader		500003b3
	domain		5000083f
	constant pool entry 18	50000b8e
CLS 50000c35 (name=javax.lang.model.type.ReferenceType, trace=300680)
CLS 50000c36 (name=javax.lang.model.type.ArrayType, trace=300680)
CLS 50000c37 (name=com.sun.tools.javac.code.Type$ArrayType, trace=300673)
	super		50000be2
	loader		500003b3
CLS 50000c63 (name=com.sun.tools.javac.main.Option$2, trace=300673)
	super		50000b8e
	loader		500003b3
	domain		5000083f
	constant pool entry 39	5000016e
	constant pool entry 35	50000c63
	constant pool entry 33	50000b8e
	constant pool entry 32	5000128c
	constant pool entry 2	50002b49
CLS 50000c8a (name=javax.lang.model.type.DeclaredType, trace=300680)
CLS 50000c8b (name=javax.lang.model.type.ErrorType, trace=300680)
CLS 50000caa (name=com.sun.tools.javac.main.Option$3, trace=300673)
	super		50000b8e
	loader		500003b3
	domain		5000083f
	constant pool entry 17	50000b8e
CLS 50000cdf (name=com.sun.tools.javac.code.Type$ClassType, trace=300673)
	super		50000be2
	loader		500003b3
CLS 50000ce0 (name=com.sun.tools.javac.code.Type$ErrorType, trace=300673)
	super		50000cdf
	loader		500003b3
CLS 50000cf1 (name=com.sun.tools.javac.main.Option$4, trace=300673)
	super		50000b8e
	loader		500003b3
	domain		5000083f
	constant pool entry 17	50000b8e
CLS 50000d35 (name=javax.lang.model.element.VariableElement, trace=300680)
CLS 50000d36 (name=com.sun.tools.javac.code.Symbol$VarSymbol, trace=300673)
	super		50000b16
	loader		500003b3
CLS 50000d37 (name=com.sun.tools.javac.main.Option$5, trace=300673)
	super		50000b8e
	loader		500003b3
	domain		5000083f
	constant pool entry 15	50000b8e
CLS 50000d7e (name=com.sun.tools.javac.main.Option$6, trace=300673)
	super		50000b8e
	loader		500003b3
	domain		5000083f
	constant pool entry 19	50000b8e
CLS 50000d8c (name=javax.lang.model.type.TypeVariable, trace=300680)
CLS 50000d8d (name=com.sun.tools.javac.code.Type$TypeVar, trace=300673)
	super		50000be2
	loader		500003b3
CLS 50000dc5 (name=com.sun.tools.javac.main.Option$7, trace=300673)
	super		50000b8e
	loader		500003b3
	domain		5000083f
	constant pool entry 21	50000b8e
CLS 50000ddc (name=com.sun.tools.javac.code.Printer$1, trace=300673)
	super		50000477
	loader		500003b3
CLS 50000e0b (name=com.sun.tools.javac.main.Option$8, trace=300673)
	super		50000b8e
	loader		500003b3
	domain		5000083f
	constant pool entry 15	50000b8e
CLS 50000e2f (name=javax.lang.model.type.PrimitiveType, trace=300680)
CLS 50000e34 (name=javax.lang.model.type.WildcardType, trace=300680)
CLS 50000e35 (name=com.sun.tools.javac.code.Type$AnnotatedType, trace=300673)
	super		50000be2
	loader		500003b3
CLS 50000e51 (name=com.sun.tools.javac.main.Option$9, trace=300673)
	super		50000b8e
	loader		500003b3
	domain		5000083f
	constant pool entry 15	50000b8e
CLS 50000e82 (name=com.sun.tools.javac.code.Type$WildcardType, trace=300673)
	super		50000be2
	loader		500003b3
CLS 50000e98 (name=com.sun.tools.javac.main.Option$10, trace=300673)
	super		50000b8e
	loader		500003b3
	domain		5000083f
	constant pool entry 13	50000b8e
CLS 50000ed8 (name=javax.lang.model.element.Parameterizable, trace=300680)
CLS 50000ed9 (name=javax.lang.model.element.ExecutableElement, trace=300680)
CLS 50000eda (name=com.sun.tools.javac.code.Symbol$MethodSymbol, trace=300673)
	super		50000b16
	loader		500003b3
CLS 50000edf (name=com.sun.tools.javac.main.Option$11, trace=300673)
	super		50000b8e
	loader		500003b3
	domain		5000083f
	constant pool entry 22	50000b8e
CLS 50000f26 (name=com.sun.tools.javac.main.Option$12, trace=300673)
	super		50000b8e
	loader		500003b3
	domain		5000083f
	constant pool entry 22	50000b8e
CLS 50000f2d (name=com.sun.tools.javac.code.Symbol$OperatorSymbol, trace=300673)
	super		50000eda
	loader		500003b3
CLS 50000f35 (name=com.sun.tools.javac.util.JCDiagnostic$DiagnosticFlag[], trace=301061)
	super		50000172
	loader		500003b3
CLS 50000f6d (name=com.sun.tools.javac.main.Option$13, trace=300673)
	super		50000b8e
	loader		500003b3
	domain		5000083f
	constant pool entry 22	50000b8e
CLS 50000f91 (name=com.sun.tools.javac.util.Options, trace=300673)
	super		50000172
	loader		500003b3
	domain		5000083f
	static optionsKey	50000f92
	constant pool entry 72	5000006a
	constant pool entry 71	500000b7
	constant pool entry 70	50000121
	constant pool entry 68	5000014b
	constant pool entry 67	50000172
	constant pool entry 65	50000f91
	constant pool entry 64	50001abb
	constant pool entry 63	500014fe
	constant pool entry 62	50001679
	constant pool entry 61	50000b8e
CLS 50000fb4 (name=com.sun.tools.javac.main.Option$14, trace=300673)
	super		50000b8e
	loader		500003b3
	domain		5000083f
	constant pool entry 60	500000f7
	constant pool entry 33	50000172
	constant pool entry 32	50001686
	constant pool entry 31	50001bed
	constant pool entry 30	50000975
	constant pool entry 25	50000b8e
	constant pool entry 24	500016ea
	constant pool entry 1	50002cc0
CLS 50000ff2 (name=com.sun.tools.javac.util.JCDiagnostic$Factory$1, trace=300673)
	super		50000172
	loader		500003b3
	domain		5000083f
	constant pool entry 21	50000172
	constant pool entry 20	50000ff2
	constant pool entry 19	50001d25
CLS 50001004 (name=javax.tools.DiagnosticListener, trace=300680)
CLS 5000100f (name=com.sun.tools.javac.main.Option$15, trace=300673)
	super		50000b8e
	loader		500003b3
	domain		5000083f
	constant pool entry 25	50000b8e
CLS 50001056 (name=com.sun.tools.javac.main.Option$16, trace=300673)
	super		50000b8e
	loader		500003b3
	domain		5000083f
	constant pool entry 31	50000b8e
CLS 5000106d (name=com.sun.tools.javac.util.BasicDiagnosticFormatter$BasicConfiguration$SourcePosition, trace=300673)
	super		50000068
	loader		500003b3
	domain		5000083f
	static BOTTOM	5000106e
	static AFTER_SUMMARY	5000106f
	static $VALUES	50001071
	constant pool entry 51	500000f7
	constant pool entry 26	50000068
	constant pool entry 3	5000106d
	constant pool entry 2	50002d5e
	constant pool entry 1	50002d5d
CLS 50001070 (name=com.sun.tools.javac.util.BasicDiagnosticFormatter$BasicConfiguration$SourcePosition[], trace=301083)
	super		50000172
	loader		500003b3
CLS 5000109d (name=com.sun.tools.javac.main.Option$17, trace=300673)
	super		50000b8e
	loader		500003b3
	domain		5000083f
	constant pool entry 36	50000b8e
CLS 500010c0 (name=com.sun.tools.javac.util.Log$1, trace=300673)
	super		50000172
	loader		500003b3
	domain		5000083f
	constant pool entry 18	50000172
	constant pool entry 17	500010c0
	constant pool entry 16	50001bed
CLS 500010c7 (name=java.util.LinkedHashSet, trace=300680)
	super		50000005
	constant pool entry 34	50000005
CLS 500010e4 (name=com.sun.tools.javac.main.Option$18, trace=300673)
	super		50000b8e
	loader		500003b3
	domain		5000083f
	constant pool entry 35	50000b8e
CLS 5000112b (name=com.sun.tools.javac.main.Option$19, trace=300673)
	super		50000b8e
	loader		500003b3
	domain		5000083f
	constant pool entry 34	50000b8e
CLS 50001163 (name=java.util.AbstractQueue, trace=300680)
	super		500000e5
	constant pool entry 41	500000e5
CLS 50001164 (name=com.sun.tools.javac.util.ListBuffer, trace=300673)
	super		50001163
	loader		500003b3
	domain		5000083f
	constant pool entry 64	50001163
	constant pool entry 62	50000172
	constant pool entry 60	50001164
	constant pool entry 59	50001abb
CLS 50001172 (name=com.sun.tools.javac.main.Option$20, trace=300673)
	super		50000b8e
	loader		500003b3
	domain		5000083f
	constant pool entry 16	50000b8e
CLS 500011b5 (name=com.sun.tools.javac.main.CommandLine, trace=300673)
	super		50000172
	loader		500003b3
	domain		5000083f
	constant pool entry 102	500000f7
	constant pool entry 50	5000016e
	constant pool entry 43	50001164
	constant pool entry 42	50001abb
	constant pool entry 40	500000c8
CLS 500011b8 (name=com.sun.tools.javac.main.Option$21, trace=300673)
	super		50000b8e
	loader		500003b3
	domain		5000083f
	constant pool entry 17	50000b8e
CLS 500011d0 (name=java.util.regex.Pattern$SliceS, trace=301096)
	super		50000604
CLS 500011ff (name=com.sun.tools.javac.main.Option$22, trace=300673)
	super		50000b8e
	loader		500003b3
	domain		5000083f
	constant pool entry 17	50000b8e
CLS 50001246 (name=com.sun.tools.javac.main.Option$23, trace=300673)
	super		50000b8e
	loader		500003b3
	domain		5000083f
	constant pool entry 25	50000b8e
CLS 5000128b (name=com.sun.source.util.Plugin, trace=300673)
	loader		500003b3
	domain		5000083f
CLS 5000128c (name=com.sun.tools.doclint.DocLint, trace=300673)
	super		50000172
	loader		500003b3
	domain		5000083f
	static XMSGS_OPTION	50002b48
	static XMSGS_CUSTOM_PREFIX	50002b49
	static STATS	50002b4c
	static XIMPLICIT_HEADERS	50002b4b
	static XCUSTOM_TAGS_PREFIX	50002b4a
	static TAGS_SEPARATOR	50000e1a
	constant pool entry 210	5000016e
	constant pool entry 9	50002b49
	constant pool entry 8	50002b48
CLS 5000128d (name=com.sun.tools.javac.main.Option$24, trace=300673)
	super		50000b8e
	loader		500003b3
	domain		5000083f
	constant pool entry 28	50000b8e
CLS 500012d4 (name=com.sun.tools.javac.main.Option$25, trace=300673)
	super		50000b8e
	loader		500003b3
	domain		5000083f
	constant pool entry 25	50000b8e
CLS 500012de (name=com.sun.tools.doclint.DocLint$BadArgs, trace=300673)
	super		50000163
	loader		500003b3
CLS 5000131b (name=com.sun.tools.javac.main.Option$26, trace=300673)
	super		50000b8e
	loader		500003b3
	domain		5000083f
	constant pool entry 16	50000b8e
CLS 50001362 (name=com.sun.tools.javac.main.Option$27, trace=300673)
	super		50000b8e
	loader		500003b3
	domain		5000083f
	constant pool entry 34	50000b8e
CLS 500013ad (name=com.sun.tools.javac.main.Option$OptionKind, trace=300673)
	super		50000068
	loader		500003b3
	domain		5000083f
	static STANDARD	500013ae
	static EXTENDED	500013af
	static HIDDEN	500013b0
	static $VALUES	500013b6
	constant pool entry 52	500000f7
	constant pool entry 26	50000068
	constant pool entry 4	500013ad
	constant pool entry 3	50002c1a
	constant pool entry 2	50002c1d
	constant pool entry 1	50002c1c
CLS 500013b5 (name=com.sun.tools.javac.main.Option$OptionKind[], trace=300712)
	super		50000172
	loader		500003b3
CLS 500013bb (name=com.sun.tools.javac.main.Option$OptionGroup[], trace=300717)
	super		50000172
	loader		500003b3
CLS 50001405 (name=com.sun.tools.javac.main.Option$ChoiceKind, trace=300673)
	super		50000068
	loader		500003b3
	domain		5000083f
	static ONEOF	50001406
	static ANYOF	50001407
	static $VALUES	50001409
	constant pool entry 48	500000f7
	constant pool entry 24	50000068
	constant pool entry 3	50001405
	constant pool entry 2	50002c31
	constant pool entry 1	50002c2f
CLS 50001408 (name=com.sun.tools.javac.main.Option$ChoiceKind[], trace=300722)
	super		50000172
	loader		500003b3
CLS 50001442 (name=com.sun.source.tree.TreeVisitor, trace=300673)
	loader		500003b3
CLS 50001443 (name=com.sun.source.util.TreeScanner, trace=300673)
	super		50000172
	loader		500003b3
CLS 50001444 (name=com.sun.source.util.TreePathScanner, trace=300673)
	super		50001443
	loader		500003b3
CLS 50001445 (name=com.sun.tools.doclint.DocLint$DeclScanner, trace=300673)
	super		50001444
	loader		500003b3
CLS 5000146f (name=com.sun.tools.javac.code.Lint$LintCategory, trace=300673)
	super		50000068
	loader		500003b3
	domain		5000083f
	static AUXILIARYCLASS	50001470
	static CAST	50001507
	static CLASSFILE	50001509
	static DEPRECATION	5000150b
	static DEP_ANN	5000150d
	static DIVZERO	5000150f
	static EMPTY	50001511
	static FALLTHROUGH	50001513
	static FINALLY	50001515
	static OPTIONS	50001517
	static OVERLOADS	50001519
	static OVERRIDES	5000151b
	static PATH	5000151d
	static PROCESSING	5000151f
	static RAW	50001521
	static SERIAL	50001523
	static STATIC	50001525
	static SUNAPI	50001527
	static TRY	50001529
	static UNCHECKED	5000152b
	static VARARGS	5000152d
	static $VALUES	50001530
	constant pool entry 195	500000f7
	constant pool entry 112	50000147
	constant pool entry 111	50000068
	constant pool entry 110	500014b8
	constant pool entry 109	5000152f
	constant pool entry 43	5000146f
	constant pool entry 42	50002c4b
	constant pool entry 41	50002c4d
	constant pool entry 40	50002c4f
	constant pool entry 39	50002c51
	constant pool entry 38	5000229a
	constant pool entry 37	50002c53
	constant pool entry 36	50002c3c
	constant pool entry 35	50002c3e
	constant pool entry 34	50000e22
	constant pool entry 33	50002c40
	constant pool entry 32	50002c42
	constant pool entry 31	50002c44
	constant pool entry 30	50002c46
	constant pool entry 29	50002c48
	constant pool entry 28	50002c55
	constant pool entry 27	50002c57
	constant pool entry 26	50002c5b
	constant pool entry 25	50002c59
	constant pool entry 24	50002c5d
	constant pool entry 23	50002c5f
	constant pool entry 22	50002c61
	constant pool entry 21	50002d26
	constant pool entry 20	50002d25
	constant pool entry 19	50002d24
	constant pool entry 18	50002d23
	constant pool entry 17	50002d22
	constant pool entry 16	50002d21
	constant pool entry 15	50002d20
	constant pool entry 14	50002d1f
	constant pool entry 13	50002d1e
	constant pool entry 12	50002d1d
	constant pool entry 11	50002d1c
	constant pool entry 10	50002d1b
	constant pool entry 9	50002d1a
	constant pool entry 8	50002d19
	constant pool entry 7	50002d18
	constant pool entry 6	50002d17
	constant pool entry 5	50002d16
	constant pool entry 4	50002b7f
	constant pool entry 3	50002d15
	constant pool entry 2	50002d14
	constant pool entry 1	50002d13
CLS 5000149c (name=com.sun.tools.doclint.DocLint$1, trace=300673)
	super		50001445
	loader		500003b3
CLS 500014b8 (name=com.sun.tools.javac.code.Lint, trace=300673)
	super		50000172
	loader		500003b3
	domain		5000083f
	static lintKey	500014ff
	static map	50001504
	constant pool entry 84	5000002b
	constant pool entry 74	500014fe
	constant pool entry 70	500014b8
CLS 500014ea (name=com.sun.tools.doclint.DocLint$2, trace=300673)
	super		50001445
	loader		500003b3
CLS 500014fe (name=com.sun.tools.javac.util.Context$Key, trace=300673)
	super		50000172
	loader		500003b3
	domain		5000083f
	constant pool entry 14	50000172
CLS 5000152f (name=com.sun.tools.javac.code.Lint$LintCategory[], trace=300757)
	super		50000172
	loader		500003b3
CLS 500015e7 (name=java.lang.AssertionError, trace=300680)
	super		50000165
CLS 500015f9 (name=java.io.FileWriter, trace=300680)
	super		50000090
CLS 50001617 (name=com.sun.tools.javac.main.Option[], trace=300802)
	super		50000172
	loader		500003b3
CLS 5000161d (name=java.util.EnumSet, trace=300680)
	super		500000da
	static ZERO_LENGTH_ENUM_ARRAY	5000161e
	constant pool entry 212	500000f7
	constant pool entry 103	500000cc
	constant pool entry 102	50000054
	constant pool entry 101	5000162c
	constant pool entry 97	5000161d
	constant pool entry 95	500000da
	constant pool entry 93	50000172
	constant pool entry 91	50000068
	constant pool entry 87	5000016a
CLS 50001621 (name=com.sun.source.util.TaskListener, trace=300673)
	loader		500003b3
CLS 50001625 (name=java.lang.Class$4, trace=300807)
	super		50000172
	constant pool entry 26	5000013e
	constant pool entry 25	50000172
	constant pool entry 24	50001625
CLS 50001628 (name=sun.reflect.NativeMethodAccessorImpl, trace=300810)
	super		5000013a
	constant pool entry 45	500000e1
	constant pool entry 44	50001628
	constant pool entry 43	5000013a
CLS 5000162a (name=sun.reflect.DelegatingMethodAccessorImpl, trace=300812)
	super		5000013a
	constant pool entry 18	5000013a
	constant pool entry 17	5000162a
CLS 5000162c (name=java.util.RegularEnumSet, trace=300814)
	super		5000161d
	constant pool entry 71	5000162f
	constant pool entry 70	5000162c
	constant pool entry 69	5000161d
	constant pool entry 67	50000172
	constant pool entry 66	50000109
	constant pool entry 65	50000068
CLS 5000162f (name=java.util.RegularEnumSet$EnumSetIterator, trace=300817)
	super		50000172
	constant pool entry 40	5000162f
	constant pool entry 39	5000162c
	constant pool entry 36	50000172
	constant pool entry 35	50000109
CLS 50001679 (name=com.sun.tools.javac.util.Context, trace=300673)
	super		50000172
	loader		500003b3
	domain		5000083f
	constant pool entry 62	50000147
	constant pool entry 60	500000c6
	constant pool entry 57	50000172
	constant pool entry 53	500014fe
	constant pool entry 52	5000185a
	constant pool entry 51	50001679
CLS 50001686 (name=com.sun.tools.javac.util.Log$PrefixKind, trace=300673)
	super		50000068
	loader		500003b3
	domain		5000083f
	static JAVAC	50001687
	static COMPILER_MISC	50001688
	static $VALUES	5000168a
	constant pool entry 73	500000f7
	constant pool entry 34	50000121
	constant pool entry 33	50000068
	constant pool entry 5	50001686
	constant pool entry 4	50002b43
	constant pool entry 3	50002b42
	constant pool entry 2	50002b41
	constant pool entry 1	50002b40
CLS 50001689 (name=com.sun.tools.javac.util.Log$PrefixKind[], trace=301104)
	super		50000172
	loader		500003b3
CLS 500016da (name=javax.tools.OptionChecker, trace=300680)
CLS 500016db (name=javax.tools.JavaFileManager, trace=300680)
CLS 500016dc (name=javax.tools.StandardJavaFileManager, trace=300680)
CLS 500016ea (name=com.sun.tools.javac.main.JavaCompiler, trace=300673)
	super		50000172
	loader		500003b3
	domain		5000083f
	static compilerKey	50001dd7
	static versionRBName	50000d0b
	static versionRB	50001eba
	static DEFAULT_COMPILE_POLICY	50001e3f
	constant pool entry 642	50001e5c
	constant pool entry 606	500014fe
	constant pool entry 587	50001e3a
	constant pool entry 582	500016ea
	constant pool entry 26	50002a34
	constant pool entry 12	50000d0b
CLS 50001725 (name=com.sun.tools.javac.util.BaseFileManager, trace=300673)
	super		50000172
	loader		500003b3
	domain		5000083f
	static javacFileManagerOptions	50001a12
	constant pool entry 161	50001725
	constant pool entry 159	50000b8e
CLS 50001726 (name=com.sun.tools.javac.file.JavacFileManager, trace=300673)
	super		50001725
	loader		500003b3
	domain		5000083f
	static symbolFileLocation	50001a17
	static symbolFilePrefix	50001a18
	constant pool entry 821	500000f7
	constant pool entry 332	5000016e
	constant pool entry 321	5000011b
	constant pool entry 314	50001679
	constant pool entry 305	500019a6
	constant pool entry 298	50001a62
	constant pool entry 297	50001726
	constant pool entry 35	500016db
	constant pool entry 28	50000e1f
	constant pool entry 23	50002d94
	constant pool entry 14	50002d93
CLS 5000172f (name=java.nio.charset.IllegalCharsetNameException, trace=300680)
	super		50000052
CLS 50001734 (name=java.nio.charset.UnsupportedCharsetException, trace=300680)
	super		50000052
CLS 50001745 (name=com.sun.tools.javac.code.Symbol$CompletionFailure, trace=300673)
	super		50000162
	loader		500003b3
CLS 5000177a (name=com.sun.tools.javac.util.JCDiagnostic$DiagnosticPosition, trace=300673)
	loader		500003b3
CLS 5000179a (name=com.sun.tools.javac.jvm.ClassReader$SourceCompleter, trace=300673)
	loader		500003b3
CLS 500017e4 (name=com.sun.tools.javac.util.Abort, trace=300673)
	super		50000165
	loader		500003b3
CLS 5000180f (name=com.sun.tools.javac.main.OptionHelper$GrumpyHelper, trace=300673)
	super		50000975
	loader		500003b3
CLS 50001810 (name=com.sun.tools.javac.util.BaseFileManager$1, trace=300673)
	super		5000180f
	loader		500003b3
CLS 50001839 (name=com.sun.tools.javac.code.Source, trace=300673)
	super		50000068
	loader		500003b3
	domain		5000083f
	static JDK1_2	500002d5
	static JDK1_3	500002d6
	static JDK1_4	500002d7
	static JDK1_5	500002d8
	static JDK1_6	500002d9
	static JDK1_7	500002da
	static JDK1_8	500002db
	static sourceKey	500002de
	static tab	500002e0
	static DEFAULT	500002db
	static $VALUES	500002dd
	constant pool entry 255	500000f7
	constant pool entry 138	50000147
	constant pool entry 137	500000c6
	constant pool entry 135	50000068
	constant pool entry 133	500014fe
	constant pool entry 130	50000926
	constant pool entry 128	500002dc
	constant pool entry 19	50001839
	constant pool entry 18	50002b2a
	constant pool entry 17	50002b29
	constant pool entry 16	50002b28
	constant pool entry 15	50002b27
	constant pool entry 14	50002b26
	constant pool entry 13	50002b25
	constant pool entry 12	50002b24
	constant pool entry 11	50002b23
	constant pool entry 10	50002b22
	constant pool entry 9	50002b21
	constant pool entry 8	50002b20
	constant pool entry 7	50002b1f
	constant pool entry 6	50002b1e
	constant pool entry 5	50002b1d
	constant pool entry 4	50002b1c
	constant pool entry 3	50001639
	constant pool entry 2	50002b1b
	constant pool entry 1	50002b1a
CLS 5000185a (name=com.sun.tools.javac.util.Context$Factory, trace=300673)
	loader		500003b3
	domain		5000083f
CLS 5000185f (name=java.net.URISyntaxException, trace=300680)
	super		50000163
CLS 50001864 (name=javax.tools.JavaFileManager$Location, trace=300680)
CLS 50001869 (name=javax.tools.FileObject, trace=300680)
CLS 5000186e (name=javax.tools.JavaFileObject, trace=300680)
CLS 500018a5 (name=com.sun.tools.javac.parser.Parser, trace=300673)
	loader		500003b3
CLS 500018b4 (name=com.sun.tools.javac.file.ZipFileIndex$ZipFormatException, trace=300673)
	super		50000a1e
	loader		500003b3
CLS 5000190c (name=com.sun.source.tree.CompilationUnitTree, trace=300673)
	loader		500003b3
CLS 50001914 (name=com.sun.tools.javac.file.JavacFileManager$Archive, trace=300673)
	loader		500003b3
CLS 5000195f (name=com.sun.tools.javac.file.RelativePath, trace=300673)
	super		50000172
	loader		500003b3
	domain		5000083f
	constant pool entry 41	50000172
	constant pool entry 36	5000195f
CLS 50001971 (name=javax.lang.model.element.QualifiedNameable, trace=300680)
CLS 50001972 (name=javax.lang.model.element.TypeElement, trace=300680)
CLS 50001973 (name=com.sun.tools.javac.code.Symbol$ClassSymbol, trace=300673)
	super		50000b88
	loader		500003b3
CLS 500019a6 (name=com.sun.tools.javac.file.RelativePath$RelativeDirectory, trace=300673)
	super		5000195f
	loader		500003b3
	domain		5000083f
	constant pool entry 38	5000016e
	constant pool entry 35	5000195f
	constant pool entry 1	50000d72
CLS 500019af (name=java.io.UnsupportedEncodingException, trace=300680)
	super		50000a1e
CLS 500019f6 (name=com.sun.tools.javac.file.RelativePath$RelativeFile, trace=300673)
	super		5000195f
	loader		500003b3
CLS 500019fb (name=javax.tools.JavaFileObject$Kind, trace=300680)
	super		50000068
CLS 50001a00 (name=java.net.MalformedURLException, trace=300680)
	super		50000a1e
CLS 50001a11 (name=java.util.Collections$UnmodifiableSet, trace=300824)
	super		500000d5
	constant pool entry 27	500000d5
CLS 50001a36 (name=com.sun.source.tree.IdentifierTree, trace=300673)
	loader		500003b3
CLS 50001a37 (name=com.sun.tools.javac.tree.JCTree$JCIdent, trace=300673)
	super		500007d2
	loader		500003b3
CLS 50001a62 (name=com.sun.tools.javac.file.JavacFileManager$1, trace=300673)
	super		50000172
	loader		500003b3
	domain		5000083f
	constant pool entry 21	50000172
CLS 50001abb (name=com.sun.tools.javac.util.List, trace=300673)
	super		500000e5
	loader		500003b3
	domain		5000083f
	static EMPTY_LIST	50001b10
	static EMPTYITERATOR	50001b5c
	constant pool entry 118	500000e5
	constant pool entry 107	50001e56
	constant pool entry 106	50001b56
	constant pool entry 105	50001b01
	constant pool entry 104	50001abb
CLS 50001ae1 (name=com.sun.source.tree.MemberSelectTree, trace=300673)
	loader		500003b3
CLS 50001ae2 (name=com.sun.tools.javac.tree.JCTree$JCFieldAccess, trace=300673)
	super		500007d2
	loader		500003b3
CLS 50001b01 (name=com.sun.tools.javac.util.List$1, trace=300673)
	super		50001abb
	loader		500003b3
	domain		5000083f
	constant pool entry 15	50001abb
CLS 50001b0a (name=java.lang.UnsupportedOperationException, trace=300680)
	super		50000162
CLS 50001b0f (name=java.lang.IndexOutOfBoundsException, trace=300680)
	super		50000162
CLS 50001b3e (name=com.sun.tools.javac.jvm.ClassWriter$PoolOverflow, trace=300673)
	super		50000163
	loader		500003b3
CLS 50001b56 (name=com.sun.tools.javac.util.List$2, trace=300673)
	super		50000172
	loader		500003b3
	domain		5000083f
	constant pool entry 21	50000172
CLS 50001b5b (name=java.util.NoSuchElementException, trace=300680)
	super		50000162
CLS 50001b91 (name=com.sun.tools.javac.jvm.ClassWriter$StringOverflow, trace=300673)
	super		50000163
	loader		500003b3
CLS 50001be5 (name=javax.lang.model.element.PackageElement, trace=300680)
CLS 50001be6 (name=com.sun.tools.javac.code.Symbol$PackageSymbol, trace=300673)
	super		50000b88
	loader		500003b3
CLS 50001bec (name=com.sun.tools.javac.util.AbstractLog, trace=300673)
	super		50000172
	loader		500003b3
	domain		5000083f
	constant pool entry 53	500000c6
	constant pool entry 52	50000172
	constant pool entry 45	50001bec
CLS 50001bed (name=com.sun.tools.javac.util.Log, trace=300673)
	super		50001bec
	loader		500003b3
	domain		5000083f
	static logKey	50001cdb
	static outKey	50001cdc
	constant pool entry 251	50000005
	constant pool entry 247	5000016e
	constant pool entry 239	50000867
	constant pool entry 233	50000f91
	constant pool entry 231	50001686
	constant pool entry 227	50001c7a
	constant pool entry 225	500010c0
	constant pool entry 224	50001bed
	constant pool entry 223	50001dfb
	constant pool entry 222	50001d25
	constant pool entry 217	500014fe
	constant pool entry 216	50001679
	constant pool entry 215	50000374
	constant pool entry 213	50001bec
	constant pool entry 212	50000b8e
	constant pool entry 18	50001004
	constant pool entry 14	50002b55
	constant pool entry 12	50002b54
	constant pool entry 11	50002b53
	constant pool entry 10	50002b52
	constant pool entry 8	50000cc1
CLS 50001c33 (name=com.sun.tools.javac.util.Log$DiagnosticHandler, trace=300673)
	super		50000172
	loader		500003b3
	domain		5000083f
	constant pool entry 17	50000172
CLS 50001c3a (name=com.sun.tools.javac.jvm.ClassReader$BadClassFile, trace=300673)
	super		50001745
	loader		500003b3
CLS 50001c7a (name=com.sun.tools.javac.util.Log$DefaultDiagnosticHandler, trace=300673)
	super		50001c33
	loader		500003b3
	domain		5000083f
	constant pool entry 52	50001c33
	constant pool entry 51	50001c7a
CLS 50001c83 (name=java.lang.NumberFormatException, trace=300680)
	super		50000052
CLS 50001cd5 (name=com.sun.tools.javac.api.DiagnosticFormatter, trace=300673)
	loader		500003b3
	domain		5000083f
CLS 50001cda (name=javax.tools.Diagnostic, trace=300680)
CLS 50001d25 (name=com.sun.tools.javac.util.JCDiagnostic$Factory, trace=300673)
	super		50000172
	loader		500003b3
	domain		5000083f
	static diagnosticFactoryKey	50001d6d
	constant pool entry 80	5000161d
	constant pool entry 78	50000172
	constant pool entry 77	50000f91
	constant pool entry 76	50001dfb
	constant pool entry 75	50000ff2
	constant pool entry 74	50001d25
	constant pool entry 70	500014fe
	constant pool entry 69	50001679
	constant pool entry 68	50000374
	constant pool entry 4	50001d6c
	constant pool entry 3	50002d55
	constant pool entry 2	50002d54
CLS 50001d39 (name=com.sun.source.tree.StatementTree, trace=300673)
	loader		500003b3
CLS 50001d3a (name=com.sun.source.tree.ClassTree, trace=300673)
	loader		500003b3
CLS 50001d6c (name=com.sun.tools.javac.util.JCDiagnostic$DiagnosticFlag, trace=300673)
	super		50000068
	loader		500003b3
	domain		5000083f
	static MANDATORY	50000f2f
	static RESOLVE_ERROR	50000f30
	static SYNTAX	50000f31
	static RECOVERABLE	50000f32
	static NON_DEFERRABLE	50000f33
	static COMPRESSED	50000f34
	static $VALUES	50000f36
	constant pool entry 64	500000f7
	constant pool entry 32	50000068
	constant pool entry 30	50000f35
	constant pool entry 7	50001d6c
	constant pool entry 6	50002d87
	constant pool entry 5	50002d86
	constant pool entry 4	50002d85
	constant pool entry 3	50002d84
	constant pool entry 2	50002d83
	constant pool entry 1	50002d82
CLS 50001d88 (name=com.sun.tools.javac.tree.JCTree$JCStatement, trace=300673)
	super		50000708
	loader		500003b3
CLS 50001d89 (name=com.sun.tools.javac.tree.JCTree$JCClassDecl, trace=300673)
	super		50001d88
	loader		500003b3
CLS 50001dd6 (name=com.sun.tools.javac.util.Log$DeferredDiagnosticHandler, trace=300673)
	super		50001c33
	loader		500003b3
CLS 50001dfa (name=com.sun.tools.javac.api.Messages, trace=300673)
	loader		500003b3
	domain		5000083f
CLS 50001dfb (name=com.sun.tools.javac.util.JavacMessages, trace=300673)
	super		50000172
	loader		500003b3
	domain		5000083f
	static messagesKey	50001e06
	static defaultBundleName	50000c3f
	constant pool entry 98	50001e5c
	constant pool entry 97	50001e00
	constant pool entry 96	50000147
	constant pool entry 95	500000b7
	constant pool entry 94	500000c6
	constant pool entry 93	50000189
	constant pool entry 92	50000152
	constant pool entry 90	5000016e
	constant pool entry 89	50000172
	constant pool entry 86	50001abb
	constant pool entry 85	50001dfb
	constant pool entry 84	500014fe
	constant pool entry 83	50001679
	constant pool entry 6	5000002f
	constant pool entry 4	50000c3f
CLS 50001e00 (name=java.util.MissingResourceException, trace=300680)
	super		50000162
	constant pool entry 20	50001e00
	constant pool entry 19	50000162
CLS 50001e05 (name=java.lang.InternalError, trace=300680)
	super		50000157
CLS 50001e3a (name=com.sun.tools.javac.main.JavaCompiler$CompilePolicy, trace=300673)
	super		50000068
	loader		500003b3
	domain		5000083f
	static ATTR_ONLY	50001e3b
	static CHECK_ONLY	50001e3c
	static SIMPLE	50001e3d
	static BY_FILE	50001e3e
	static BY_TODO	50001e3f
	static $VALUES	50001e41
	constant pool entry 82	500000f7
	constant pool entry 45	50000068
	constant pool entry 11	50001e3a
	constant pool entry 5	50002b14
	constant pool entry 4	50002b13
	constant pool entry 3	50002b12
	constant pool entry 2	50002b11
	constant pool entry 1	50002b10
CLS 50001e40 (name=com.sun.tools.javac.main.JavaCompiler$CompilePolicy[], trace=301112)
	super		50000172
	loader		500003b3
CLS 50001e56 (name=com.sun.tools.javac.util.List$3, trace=300673)
	super		50000172
	loader		500003b3
	domain		5000083f
	constant pool entry 28	50000172
	constant pool entry 27	50001e56
	constant pool entry 26	50001abb
CLS 50001e5d (name=java.util.ResourceBundle$1, trace=300844)
	super		50001e5c
	constant pool entry 18	50001e5c
CLS 50001e62 (name=java.util.spi.ResourceBundleControlProvider, trace=300849)
CLS 50001e63 (name=java.util.ServiceLoader, trace=300850)
	super		50000172
	static PREFIX	50002b03
	constant pool entry 135	50001e66
	constant pool entry 134	50001e68
	constant pool entry 133	50001e63
	constant pool entry 131	500000b9
	constant pool entry 129	5000006a
	constant pool entry 122	50000167
	constant pool entry 119	50000172
	constant pool entry 117	50000168
	constant pool entry 116	5000016a
	constant pool entry 7	50002b02
CLS 50001e66 (name=java.util.ServiceLoader$LazyIterator, trace=300853)
	super		50000172
	constant pool entry 101	50001e66
	constant pool entry 99	50001e63
	constant pool entry 95	500000b8
	constant pool entry 90	50000121
	constant pool entry 88	50000172
	constant pool entry 85	50000168
	constant pool entry 84	5000016a
	constant pool entry 5	50002b03
CLS 50001e68 (name=java.util.ServiceLoader$1, trace=300855)
	super		50000172
	constant pool entry 43	500000db
	constant pool entry 42	50001e66
	constant pool entry 41	50001e68
	constant pool entry 40	50001e63
	constant pool entry 37	5000006a
	constant pool entry 36	500000b7
	constant pool entry 34	50000172
CLS 50001e6a (name=java.util.LinkedHashMap$LinkedEntrySet, trace=300857)
	super		500000da
	constant pool entry 56	50001e6a
	constant pool entry 55	50001e6d
	constant pool entry 49	500000da
CLS 50001e6c (name=java.util.LinkedHashMap$LinkedHashIterator, trace=300859)
	super		50000172
	constant pool entry 43	50001e6c
	constant pool entry 41	5000006a
	constant pool entry 37	50000172
CLS 50001e6d (name=java.util.LinkedHashMap$LinkedEntryIterator, trace=300859)
	super		50001e6c
	constant pool entry 23	50001e6c
	constant pool entry 22	50001e6d
CLS 50001e75 (name=java.util.Enumeration[], trace=300865)
	super		50000172
CLS 50001e77 (name=sun.misc.Launcher$BootClassPathHolder, trace=300866)
	super		50000172
	static bcp	500020cf
	constant pool entry 31	50000004
	constant pool entry 30	50001e78
	constant pool entry 29	50001e77
	constant pool entry 28	50000117
	constant pool entry 27	500000ef
	constant pool entry 24	5000000d
CLS 50001e78 (name=sun.misc.Launcher$BootClassPathHolder$1, trace=300867)
	super		50000172
	constant pool entry 42	50000040
	constant pool entry 41	50001e78
	constant pool entry 39	50000117
	constant pool entry 38	500000db
	constant pool entry 37	50000005
	constant pool entry 35	50000172
	constant pool entry 34	5000011b
CLS 50001eb2 (name=com.sun.tools.javac.resources.version, trace=300673)
	super		500001ad
	loader		500003b3
	domain		5000083f
	constant pool entry 30	500000f7
	constant pool entry 24	500001ad
	constant pool entry 23	50000172
	constant pool entry 21	50000108
	constant pool entry 5	50002a34
	constant pool entry 4	50002a36
	constant pool entry 3	50002a31
	constant pool entry 2	50002a30
	constant pool entry 1	5000184c
CLS 50001fd5 (name=java.lang.Object[][], trace=301115)
	super		50000172
CLS 5000204a (name=com.sun.tools.javac.resources.javac, trace=300673)
	super		500001ad
	loader		500003b3
	domain		5000083f
	constant pool entry 420	500000f7
	constant pool entry 414	500001ad
	constant pool entry 413	50000172
	constant pool entry 411	50000108
	constant pool entry 200	50001b61
	constant pool entry 199	50001b55
	constant pool entry 198	50001b54
	constant pool entry 197	50001b53
	constant pool entry 196	50001b52
	constant pool entry 195	50001b51
	constant pool entry 194	50001b50
	constant pool entry 193	50001b4f
	constant pool entry 192	50001b4e
	constant pool entry 191	50001b4d
	constant pool entry 190	50001b4c
	constant pool entry 189	50001b4b
	constant pool entry 188	50001b49
	constant pool entry 187	50001b48
	constant pool entry 186	50001b47
	constant pool entry 185	50001b46
	constant pool entry 184	50001b45
	constant pool entry 183	50001b44
	constant pool entry 182	50001b43
	constant pool entry 181	50001b3d
	constant pool entry 180	50001b3c
	constant pool entry 179	50001b3b
	constant pool entry 178	50001b3a
	constant pool entry 177	50001b39
	constant pool entry 176	50001b38
	constant pool entry 175	50001b37
	constant pool entry 174	50001b36
	constant pool entry 173	50001b35
	constant pool entry 172	50001b34
	constant pool entry 171	50001b31
	constant pool entry 170	50001b30
	constant pool entry 169	50001b2f
	constant pool entry 168	50001b2e
	constant pool entry 167	50001b2d
	constant pool entry 166	50001b2c
	constant pool entry 165	50001b2b
	constant pool entry 164	50001b2a
	constant pool entry 163	50001b29
	constant pool entry 162	50001b28
	constant pool entry 161	50001b27
	constant pool entry 160	50001b26
	constant pool entry 159	50001b25
	constant pool entry 158	50001b24
	constant pool entry 157	50001b23
	constant pool entry 156	50001b22
	constant pool entry 155	50001b21
	constant pool entry 154	50001b20
	constant pool entry 153	50001b1f
	constant pool entry 152	50001b1e
	constant pool entry 151	50001b1d
	constant pool entry 150	50001b1c
	constant pool entry 149	50001b1b
	constant pool entry 148	50001b1a
	constant pool entry 147	50001b19
	constant pool entry 146	50001b18
	constant pool entry 145	50001b17
	constant pool entry 144	50001b16
	constant pool entry 143	50001b15
	constant pool entry 142	50001b00
	constant pool entry 141	50001aff
	constant pool entry 140	50001afe
	constant pool entry 139	50001afd
	constant pool entry 138	50001afc
	constant pool entry 137	50001afb
	constant pool entry 136	50001afa
	constant pool entry 135	50001af9
	constant pool entry 134	50001af8
	constant pool entry 133	50001af7
	constant pool entry 132	50001af6
	constant pool entry 131	50001af4
	constant pool entry 130	50001af3
	constant pool entry 129	50001af2
	constant pool entry 128	50001af1
	constant pool entry 127	50001af0
	constant pool entry 126	50001aef
	constant pool entry 125	50001aee
	constant pool entry 124	50001aed
	constant pool entry 123	50001aec
	constant pool entry 122	50001aeb
	constant pool entry 121	50001aea
	constant pool entry 120	50001ae9
	constant pool entry 119	50001ae8
	constant pool entry 118	50001ae7
	constant pool entry 117	50001ae0
	constant pool entry 116	50001adf
	constant pool entry 115	50001ade
	constant pool entry 114	50001add
	constant pool entry 113	50001adc
	constant pool entry 112	50001adb
	constant pool entry 111	50001ada
	constant pool entry 110	50001ad9
	constant pool entry 109	50001ad8
	constant pool entry 108	50001ad7
	constant pool entry 107	50001ad4
	constant pool entry 106	50001ad3
	constant pool entry 105	50001ad2
	constant pool entry 104	50001ad1
	constant pool entry 103	50001ad0
	constant pool entry 102	50001acf
	constant pool entry 101	50001ace
	constant pool entry 100	50001acd
	constant pool entry 99	50001acc
	constant pool entry 98	50001acb
	constant pool entry 97	50001aca
	constant pool entry 96	50001ac9
	constant pool entry 95	50001ac8
	constant pool entry 94	50001ac7
	constant pool entry 93	50001ac6
	constant pool entry 92	50001ac5
	constant pool entry 91	50001ac4
	constant pool entry 90	50001ac3
	constant pool entry 89	50001ac2
	constant pool entry 88	50001ac1
	constant pool entry 87	50001ac0
	constant pool entry 86	50001ab2
	constant pool entry 85	50001ab1
	constant pool entry 84	50001ab0
	constant pool entry 83	50001aaf
	constant pool entry 82	50001aae
	constant pool entry 81	50001aad
	constant pool entry 80	50001aac
	constant pool entry 79	50001aab
	constant pool entry 78	50001aaa
	constant pool entry 77	50001aa9
	constant pool entry 76	50001aa8
	constant pool entry 75	50001aa7
	constant pool entry 74	50001aa6
	constant pool entry 73	50001aa5
	constant pool entry 72	50001aa3
	constant pool entry 71	50001aa2
	constant pool entry 70	50001aa1
	constant pool entry 69	50001aa0
	constant pool entry 68	50001a9f
	constant pool entry 67	50001a9e
	constant pool entry 66	50001a9d
	constant pool entry 65	50001a9c
	constant pool entry 64	50001a9b
	constant pool entry 63	50001a9a
	constant pool entry 62	50001a99
	constant pool entry 61	50001a98
	constant pool entry 60	50001a97
	constant pool entry 59	50001a96
	constant pool entry 58	50001a95
	constant pool entry 57	50001a94
	constant pool entry 56	50001a93
	constant pool entry 55	50001a92
	constant pool entry 54	50001a91
	constant pool entry 53	50001a8c
	constant pool entry 52	50001a8b
	constant pool entry 51	50001a8a
	constant pool entry 50	50001a89
	constant pool entry 49	50001a88
	constant pool entry 48	50001a87
	constant pool entry 47	50001a86
	constant pool entry 46	50001a85
	constant pool entry 45	50001a84
	constant pool entry 44	50001a83
	constant pool entry 43	50001a82
	constant pool entry 42	50001a7f
	constant pool entry 41	50001a7e
	constant pool entry 40	50001a7d
	constant pool entry 39	50001a7c
	constant pool entry 38	50001a7b
	constant pool entry 37	50001a7a
	constant pool entry 36	50001a79
	constant pool entry 35	50001a78
	constant pool entry 34	50001a77
	constant pool entry 33	50001a76
	constant pool entry 32	50001a75
	constant pool entry 31	50001a74
	constant pool entry 30	50001a73
	constant pool entry 29	50001a72
	constant pool entry 28	50001a71
	constant pool entry 27	50001a70
	constant pool entry 26	50001a6f
	constant pool entry 25	50001a61
	constant pool entry 24	50001a60
	constant pool entry 23	50001a5f
	constant pool entry 22	50001a5e
	constant pool entry 21	50001a5d
	constant pool entry 20	50001a5c
	constant pool entry 19	50001a5b
	constant pool entry 18	50001a5a
	constant pool entry 17	50001a59
	constant pool entry 16	50001a58
	constant pool entry 15	50001a57
	constant pool entry 14	50001a55
	constant pool entry 13	50001a54
	constant pool entry 12	50001a53
	constant pool entry 11	50001a52
	constant pool entry 10	50001a51
	constant pool entry 9	50001a50
	constant pool entry 8	50001a4f
	constant pool entry 7	50001a4e
	constant pool entry 6	50001a4d
	constant pool entry 5	50001a4c
	constant pool entry 4	50001a4b
	constant pool entry 3	50001a4a
	constant pool entry 2	50001a49
	constant pool entry 1	50001a48
CLS 500020dc (name=sun.misc.URLClassPath$2, trace=300952)
	super		50000172
	constant pool entry 40	50000259
	constant pool entry 39	500020dc
	constant pool entry 38	50000004
	constant pool entry 35	50000172
CLS 500020de (name=java.lang.ClassLoader$2, trace=300954)
	super		50000172
	constant pool entry 25	500000b8
	constant pool entry 24	50000172
	constant pool entry 23	500020de
CLS 500020e0 (name=sun.misc.URLClassPath$1, trace=300956)
	super		50000172
	constant pool entry 40	50000259
	constant pool entry 39	500020e0
	constant pool entry 38	50000004
	constant pool entry 35	50000172
CLS 500020e2 (name=java.net.URLClassLoader$3, trace=300958)
	super		50000172
	constant pool entry 38	500000ef
	constant pool entry 37	50002257
	constant pool entry 36	500020e2
	constant pool entry 35	5000011a
	constant pool entry 33	50000172
CLS 500020e4 (name=sun.misc.CompoundEnumeration, trace=300960)
	super		50000172
	constant pool entry 25	500020e4
	constant pool entry 23	500000b8
	constant pool entry 22	50000172
CLS 50002175 (name=java.security.PrivilegedActionException, trace=300963)
	super		50000163
	constant pool entry 36	50002175
	constant pool entry 31	50000163
CLS 50002257 (name=java.net.URLClassLoader$3$1, trace=300965)
	super		50000172
	constant pool entry 30	500000b8
	constant pool entry 28	50002257
	constant pool entry 27	500020e2
	constant pool entry 25	50000172
CLS 50002259 (name=java.util.ResourceBundle$Control, trace=300967)
	super		50000172
	static FORMAT_DEFAULT	5000225c
	static FORMAT_CLASS	5000225f
	static FORMAT_PROPERTIES	50002262
	static INSTANCE	50002263
	static CANDIDATES_CACHE	50002265
	constant pool entry 318	500000f7
	constant pool entry 164	50002264
	constant pool entry 163	50000264
	constant pool entry 162	50002259
	constant pool entry 159	5000002f
	constant pool entry 157	500000dc
	constant pool entry 156	500000e8
	constant pool entry 155	50000095
	constant pool entry 154	500000dd
	constant pool entry 152	500000ef
	constant pool entry 147	50000121
	constant pool entry 146	5000016e
	constant pool entry 145	50000172
	constant pool entry 139	5000015c
	constant pool entry 138	50000168
	constant pool entry 136	5000016a
	constant pool entry 8	50001e5c
	constant pool entry 6	50000e20
	constant pool entry 5	50002b06
	constant pool entry 4	50001b65
	constant pool entry 3	50001851
	constant pool entry 1	5000059a
CLS 50002264 (name=java.util.ResourceBundle$Control$CandidateListCache, trace=300973)
	super		5000002e
	constant pool entry 87	5000002e
	constant pool entry 86	5000001c
	constant pool entry 85	50002264
	constant pool entry 81	5000002f
	constant pool entry 80	500000e7
	constant pool entry 79	5000226f
	constant pool entry 77	5000016e
	constant pool entry 14	50000f00
	constant pool entry 13	50002b0a
	constant pool entry 12	50002b09
	constant pool entry 11	50002b08
	constant pool entry 1	5000059a
CLS 50002269 (name=java.util.ResourceBundle$CacheKey, trace=300978)
	super		50000172
	constant pool entry 94	5000226c
	constant pool entry 93	50002269
	constant pool entry 92	50001e5c
	constant pool entry 91	5000002f
	constant pool entry 89	5000016e
	constant pool entry 87	50000172
	constant pool entry 81	50000168
CLS 5000226b (name=java.util.ResourceBundle$CacheKeyReference, trace=300980)
CLS 5000226c (name=java.util.ResourceBundle$LoaderReference, trace=300980)
	super		50000151
	constant pool entry 18	5000226c
	constant pool entry 14	50000151
CLS 5000226e (name=java.util.AbstractSequentialList, trace=300982)
	super		500000e4
	constant pool entry 38	500000e4
CLS 5000226f (name=java.util.LinkedList, trace=300982)
	super		5000226e
	constant pool entry 304	500000f7
	constant pool entry 152	50002277
	constant pool entry 147	5000226f
	constant pool entry 144	5000226e
	constant pool entry 141	50000172
CLS 50002277 (name=java.util.LinkedList$Node, trace=300990)
	super		50000172
	constant pool entry 19	50002277
	constant pool entry 17	50000172
